	github.com/Black-And-White-Club/frolf-bot/app		coverage: 0.0% of statements
	github.com/Black-And-White-Club/frolf-bot/app/modules/leaderboard		coverage: 0.0% of statements
=== RUN   TestLeaderboardService_ProcessTagAssignments
=== RUN   TestLeaderboardService_ProcessTagAssignments/Successfully_assigns_tags_in_batch
=== RUN   TestLeaderboardService_ProcessTagAssignments/Single_user_creation_returns_TagAssigned_event
=== RUN   TestLeaderboardService_ProcessTagAssignments/Score_processing_returns_LeaderboardUpdated_event
=== RUN   TestLeaderboardService_ProcessTagAssignments/Single_assignment_with_swap_needed
=== RUN   TestLeaderboardService_ProcessTagAssignments/Invalid_tag_assignments_filtered_out_in_batch
=== RUN   TestLeaderboardService_ProcessTagAssignments/Database_error_on_UpdateLeaderboard
=== RUN   TestLeaderboardService_ProcessTagAssignments/No_valid_assignments_in_batch
=== RUN   TestLeaderboardService_ProcessTagAssignments/Empty_assignments_list
=== RUN   TestLeaderboardService_ProcessTagAssignments/GetActiveLeaderboard_fails
=== RUN   TestLeaderboardService_ProcessTagAssignments/String_source_type_-_user_creation
=== RUN   TestLeaderboardService_ProcessTagAssignments/String_source_type_-_defaults_to_manual
=== RUN   TestLeaderboardService_ProcessTagAssignments/Invalid_source_type
=== RUN   TestLeaderboardService_ProcessTagAssignments/Batch_operation_with_swap_needed_-_should_skip
=== RUN   TestLeaderboardService_ProcessTagAssignments/Single_assignment_with_prepare_failure_for_existing_user
=== RUN   TestLeaderboardService_ProcessTagAssignments/Single_assignment_-_user_already_has_tag_(no-op)
=== RUN   TestLeaderboardService_ProcessTagAssignments/Multiple_user_creation_uses_batch_response
=== RUN   TestLeaderboardService_ProcessTagAssignments/Unknown_source_type_uses_fallback_batch_response
=== RUN   TestLeaderboardService_ProcessTagAssignments/Validation_uses_PrepareTagUpdateForExistingUser_path
=== RUN   TestLeaderboardService_ProcessTagAssignments/Score_processing_with_UpdateLeaderboard_failure
--- PASS: TestLeaderboardService_ProcessTagAssignments (0.00s)
    --- PASS: TestLeaderboardService_ProcessTagAssignments/Successfully_assigns_tags_in_batch (0.00s)
    --- PASS: TestLeaderboardService_ProcessTagAssignments/Single_user_creation_returns_TagAssigned_event (0.00s)
    --- PASS: TestLeaderboardService_ProcessTagAssignments/Score_processing_returns_LeaderboardUpdated_event (0.00s)
    --- PASS: TestLeaderboardService_ProcessTagAssignments/Single_assignment_with_swap_needed (0.00s)
    --- PASS: TestLeaderboardService_ProcessTagAssignments/Invalid_tag_assignments_filtered_out_in_batch (0.00s)
    --- PASS: TestLeaderboardService_ProcessTagAssignments/Database_error_on_UpdateLeaderboard (0.00s)
    --- PASS: TestLeaderboardService_ProcessTagAssignments/No_valid_assignments_in_batch (0.00s)
    --- PASS: TestLeaderboardService_ProcessTagAssignments/Empty_assignments_list (0.00s)
    --- PASS: TestLeaderboardService_ProcessTagAssignments/GetActiveLeaderboard_fails (0.00s)
    --- PASS: TestLeaderboardService_ProcessTagAssignments/String_source_type_-_user_creation (0.00s)
    --- PASS: TestLeaderboardService_ProcessTagAssignments/String_source_type_-_defaults_to_manual (0.00s)
    --- PASS: TestLeaderboardService_ProcessTagAssignments/Invalid_source_type (0.00s)
    --- PASS: TestLeaderboardService_ProcessTagAssignments/Batch_operation_with_swap_needed_-_should_skip (0.00s)
    --- PASS: TestLeaderboardService_ProcessTagAssignments/Single_assignment_with_prepare_failure_for_existing_user (0.00s)
    --- PASS: TestLeaderboardService_ProcessTagAssignments/Single_assignment_-_user_already_has_tag_(no-op) (0.00s)
    --- PASS: TestLeaderboardService_ProcessTagAssignments/Multiple_user_creation_uses_batch_response (0.00s)
    --- PASS: TestLeaderboardService_ProcessTagAssignments/Unknown_source_type_uses_fallback_batch_response (0.00s)
    --- PASS: TestLeaderboardService_ProcessTagAssignments/Validation_uses_PrepareTagUpdateForExistingUser_path (0.00s)
    --- PASS: TestLeaderboardService_ProcessTagAssignments/Score_processing_with_UpdateLeaderboard_failure (0.00s)
=== RUN   TestLeaderboardService_GetLeaderboard
=== RUN   TestLeaderboardService_GetLeaderboard/Successfully_retrieves_leaderboard
=== RUN   TestLeaderboardService_GetLeaderboard/Fails_to_fetch_active_leaderboard
=== RUN   TestLeaderboardService_GetLeaderboard/Successfully_retrieves_empty_leaderboard
=== RUN   TestLeaderboardService_GetLeaderboard/Successfully_retrieves_leaderboard_with_mixed_tag_numbers
=== RUN   TestLeaderboardService_GetLeaderboard/Handles_no_active_leaderboard
--- PASS: TestLeaderboardService_GetLeaderboard (0.00s)
    --- PASS: TestLeaderboardService_GetLeaderboard/Successfully_retrieves_leaderboard (0.00s)
    --- PASS: TestLeaderboardService_GetLeaderboard/Fails_to_fetch_active_leaderboard (0.00s)
    --- PASS: TestLeaderboardService_GetLeaderboard/Successfully_retrieves_empty_leaderboard (0.00s)
    --- PASS: TestLeaderboardService_GetLeaderboard/Successfully_retrieves_leaderboard_with_mixed_tag_numbers (0.00s)
    --- PASS: TestLeaderboardService_GetLeaderboard/Handles_no_active_leaderboard (0.00s)
=== RUN   TestLeaderboardService_GetTagByUserID
=== RUN   TestLeaderboardService_GetTagByUserID/Successfully_retrieves_tag_number
=== RUN   TestLeaderboardService_GetTagByUserID/Fails_to_retrieve_tag_number_due_to_unexpected_DB_error
=== RUN   TestLeaderboardService_GetTagByUserID/User_ID_not_found_in_database_(sql.ErrNoRows)
=== RUN   TestLeaderboardService_GetTagByUserID/No_active_leaderboard_found
=== RUN   TestLeaderboardService_GetTagByUserID/Nil_tag_number_returned_(should_not_happen_with_sql.ErrNoRows_handling,_but_testing_robustness)
--- PASS: TestLeaderboardService_GetTagByUserID (0.00s)
    --- PASS: TestLeaderboardService_GetTagByUserID/Successfully_retrieves_tag_number (0.00s)
    --- PASS: TestLeaderboardService_GetTagByUserID/Fails_to_retrieve_tag_number_due_to_unexpected_DB_error (0.00s)
    --- PASS: TestLeaderboardService_GetTagByUserID/User_ID_not_found_in_database_(sql.ErrNoRows) (0.00s)
    --- PASS: TestLeaderboardService_GetTagByUserID/No_active_leaderboard_found (0.00s)
    --- PASS: TestLeaderboardService_GetTagByUserID/Nil_tag_number_returned_(should_not_happen_with_sql.ErrNoRows_handling,_but_testing_robustness) (0.00s)
=== RUN   TestLeaderboardService_RoundGetTagByUserID
=== RUN   TestLeaderboardService_RoundGetTagByUserID/Successfully_retrieves_tag_number
=== RUN   TestLeaderboardService_RoundGetTagByUserID/Fails_to_retrieve_tag_number_(operational_error)
=== RUN   TestLeaderboardService_RoundGetTagByUserID/User_ID_not_found_in_database_(sql.ErrNoRows)
=== RUN   TestLeaderboardService_RoundGetTagByUserID/User_ID_not_found_in_database_(string_match)
=== RUN   TestLeaderboardService_RoundGetTagByUserID/Nil_tag_number_returned_from_database
=== RUN   TestLeaderboardService_RoundGetTagByUserID/Handles_no_active_leaderboard_(Round)
--- PASS: TestLeaderboardService_RoundGetTagByUserID (0.00s)
    --- PASS: TestLeaderboardService_RoundGetTagByUserID/Successfully_retrieves_tag_number (0.00s)
    --- PASS: TestLeaderboardService_RoundGetTagByUserID/Fails_to_retrieve_tag_number_(operational_error) (0.00s)
    --- PASS: TestLeaderboardService_RoundGetTagByUserID/User_ID_not_found_in_database_(sql.ErrNoRows) (0.00s)
    --- PASS: TestLeaderboardService_RoundGetTagByUserID/User_ID_not_found_in_database_(string_match) (0.00s)
    --- PASS: TestLeaderboardService_RoundGetTagByUserID/Nil_tag_number_returned_from_database (0.00s)
    --- PASS: TestLeaderboardService_RoundGetTagByUserID/Handles_no_active_leaderboard_(Round) (0.00s)
=== RUN   TestNewLeaderboardService
=== RUN   TestNewLeaderboardService/Creates_service_with_all_dependencies
=== RUN   TestNewLeaderboardService/Handles_nil_dependencies
--- PASS: TestNewLeaderboardService (0.00s)
    --- PASS: TestNewLeaderboardService/Creates_service_with_all_dependencies (0.00s)
    --- PASS: TestNewLeaderboardService/Handles_nil_dependencies (0.00s)
=== RUN   Test_serviceWrapper
=== RUN   Test_serviceWrapper/successful_operation
=== RUN   Test_serviceWrapper/failed_operation
=== RUN   Test_serviceWrapper/panic_recovery
=== RUN   Test_serviceWrapper/nil_service_function
--- PASS: Test_serviceWrapper (0.00s)
    --- PASS: Test_serviceWrapper/successful_operation (0.00s)
    --- PASS: Test_serviceWrapper/failed_operation (0.00s)
    --- PASS: Test_serviceWrapper/panic_recovery (0.00s)
    --- PASS: Test_serviceWrapper/nil_service_function (0.00s)
=== RUN   TestLeaderboardService_CheckTagAvailability
=== RUN   TestLeaderboardService_CheckTagAvailability/Successfully_checks_available_tag
=== RUN   TestLeaderboardService_CheckTagAvailability/Successfully_checks_unavailable_tag
=== RUN   TestLeaderboardService_CheckTagAvailability/Database_error_when_checking_tag
--- PASS: TestLeaderboardService_CheckTagAvailability (0.00s)
    --- PASS: TestLeaderboardService_CheckTagAvailability/Successfully_checks_available_tag (0.00s)
    --- PASS: TestLeaderboardService_CheckTagAvailability/Successfully_checks_unavailable_tag (0.00s)
    --- PASS: TestLeaderboardService_CheckTagAvailability/Database_error_when_checking_tag (0.00s)
=== RUN   TestLeaderboardService_TagSwapRequested
=== RUN   TestLeaderboardService_TagSwapRequested/Successful_tag_swap
=== RUN   TestLeaderboardService_TagSwapRequested/Cannot_swap_tag_with_self
=== RUN   TestLeaderboardService_TagSwapRequested/No_active_leaderboard_found
=== RUN   TestLeaderboardService_TagSwapRequested/Database_error_while_fetching_leaderboard
=== RUN   TestLeaderboardService_TagSwapRequested/Requestor_does_not_have_a_tag
=== RUN   TestLeaderboardService_TagSwapRequested/Target_does_not_have_a_tag
=== RUN   TestLeaderboardService_TagSwapRequested/Neither_user_has_a_tag
=== RUN   TestLeaderboardService_TagSwapRequested/Database_error_while_swapping_tags
--- PASS: TestLeaderboardService_TagSwapRequested (0.00s)
    --- PASS: TestLeaderboardService_TagSwapRequested/Successful_tag_swap (0.00s)
    --- PASS: TestLeaderboardService_TagSwapRequested/Cannot_swap_tag_with_self (0.00s)
    --- PASS: TestLeaderboardService_TagSwapRequested/No_active_leaderboard_found (0.00s)
    --- PASS: TestLeaderboardService_TagSwapRequested/Database_error_while_fetching_leaderboard (0.00s)
    --- PASS: TestLeaderboardService_TagSwapRequested/Requestor_does_not_have_a_tag (0.00s)
    --- PASS: TestLeaderboardService_TagSwapRequested/Target_does_not_have_a_tag (0.00s)
    --- PASS: TestLeaderboardService_TagSwapRequested/Neither_user_has_a_tag (0.00s)
    --- PASS: TestLeaderboardService_TagSwapRequested/Database_error_while_swapping_tags (0.00s)
=== RUN   TestGenerateUpdatedLeaderboardData
=== RUN   TestGenerateUpdatedLeaderboardData/Basic_redistribution_with_existing_users
=== RUN   TestGenerateUpdatedLeaderboardData/Scenario_with_gaps_in_tag_numbers_and_non-participants
=== RUN   TestGenerateUpdatedLeaderboardData/Empty_participant_tags
=== RUN   TestGenerateUpdatedLeaderboardData/Invalid_tag_format_in_participant_tags
time=2025-05-30T09:04:42.685-05:00 level=ERROR msg="Invalid sorted participant tag format" tag_user_string=invalid-tag-user
=== RUN   TestGenerateUpdatedLeaderboardData/Invalid_tag_number_in_participant_tags
time=2025-05-30T09:04:42.685-05:00 level=ERROR msg="Failed to parse tag number from sorted participant tag" tag_string=abc error="strconv.Atoi: parsing \"abc\": invalid syntax"
--- PASS: TestGenerateUpdatedLeaderboardData (0.00s)
    --- PASS: TestGenerateUpdatedLeaderboardData/Basic_redistribution_with_existing_users (0.00s)
    --- PASS: TestGenerateUpdatedLeaderboardData/Scenario_with_gaps_in_tag_numbers_and_non-participants (0.00s)
    --- PASS: TestGenerateUpdatedLeaderboardData/Empty_participant_tags (0.00s)
    --- PASS: TestGenerateUpdatedLeaderboardData/Invalid_tag_format_in_participant_tags (0.00s)
    --- PASS: TestGenerateUpdatedLeaderboardData/Invalid_tag_number_in_participant_tags (0.00s)
=== RUN   TestGenerateUpdatedLeaderboardData_LargeNumberOfParticipants
--- PASS: TestGenerateUpdatedLeaderboardData_LargeNumberOfParticipants (0.00s)
PASS
coverage: 8.8% of statements in ./app/...
ok  	github.com/Black-And-White-Club/frolf-bot/app/modules/leaderboard/application	0.719s	coverage: 8.8% of statements in ./app/...
	github.com/Black-And-White-Club/frolf-bot/app/modules/leaderboard/application/mocks		coverage: 0.0% of statements
=== RUN   TestLeaderboardHandlers_HandleBatchTagAssignmentRequested
=== RUN   TestLeaderboardHandlers_HandleBatchTagAssignmentRequested/Successfully_handle_BatchTagAssignmentRequested
=== RUN   TestLeaderboardHandlers_HandleBatchTagAssignmentRequested/Fail_to_unmarshal_payload
=== RUN   TestLeaderboardHandlers_HandleBatchTagAssignmentRequested/Invalid_batch_ID_format
=== RUN   TestLeaderboardHandlers_HandleBatchTagAssignmentRequested/Service_failure_in_ProcessTagAssignments
=== RUN   TestLeaderboardHandlers_HandleBatchTagAssignmentRequested/Service_success_but_CreateResultMessage_fails
=== RUN   TestLeaderboardHandlers_HandleBatchTagAssignmentRequested/Service_failure_with_custom_failure_payload
=== RUN   TestLeaderboardHandlers_HandleBatchTagAssignmentRequested/Service_failure_with_error_and_CreateResultMessage_fails
=== RUN   TestLeaderboardHandlers_HandleBatchTagAssignmentRequested/Unknown_result_from_ProcessTagAssignments
=== RUN   TestLeaderboardHandlers_HandleBatchTagAssignmentRequested/Empty_assignments_batch
--- PASS: TestLeaderboardHandlers_HandleBatchTagAssignmentRequested (0.00s)
    --- PASS: TestLeaderboardHandlers_HandleBatchTagAssignmentRequested/Successfully_handle_BatchTagAssignmentRequested (0.00s)
    --- PASS: TestLeaderboardHandlers_HandleBatchTagAssignmentRequested/Fail_to_unmarshal_payload (0.00s)
    --- PASS: TestLeaderboardHandlers_HandleBatchTagAssignmentRequested/Invalid_batch_ID_format (0.00s)
    --- PASS: TestLeaderboardHandlers_HandleBatchTagAssignmentRequested/Service_failure_in_ProcessTagAssignments (0.00s)
    --- PASS: TestLeaderboardHandlers_HandleBatchTagAssignmentRequested/Service_success_but_CreateResultMessage_fails (0.00s)
    --- PASS: TestLeaderboardHandlers_HandleBatchTagAssignmentRequested/Service_failure_with_custom_failure_payload (0.00s)
    --- PASS: TestLeaderboardHandlers_HandleBatchTagAssignmentRequested/Service_failure_with_error_and_CreateResultMessage_fails (0.00s)
    --- PASS: TestLeaderboardHandlers_HandleBatchTagAssignmentRequested/Unknown_result_from_ProcessTagAssignments (0.00s)
    --- PASS: TestLeaderboardHandlers_HandleBatchTagAssignmentRequested/Empty_assignments_batch (0.00s)
=== RUN   TestNewLeaderboardHandlers
=== RUN   TestNewLeaderboardHandlers/Creates_handlers_with_all_dependencies
=== RUN   TestNewLeaderboardHandlers/Handles_nil_dependencies
--- PASS: TestNewLeaderboardHandlers (0.00s)
    --- PASS: TestNewLeaderboardHandlers/Creates_handlers_with_all_dependencies (0.00s)
    --- PASS: TestNewLeaderboardHandlers/Handles_nil_dependencies (0.00s)
=== RUN   Test_handlerWrapper
=== RUN   Test_handlerWrapper/Successful_handler_execution
=== RUN   Test_handlerWrapper/Handler_returns_error
=== RUN   Test_handlerWrapper/Unmarshal_payload_fails
=== RUN   Test_handlerWrapper/Unmarshal_payload_succeeds
--- PASS: Test_handlerWrapper (0.00s)
    --- PASS: Test_handlerWrapper/Successful_handler_execution (0.00s)
    --- PASS: Test_handlerWrapper/Handler_returns_error (0.00s)
    --- PASS: Test_handlerWrapper/Unmarshal_payload_fails (0.00s)
    --- PASS: Test_handlerWrapper/Unmarshal_payload_succeeds (0.00s)
=== RUN   TestLeaderboardHandlers_HandleLeaderboardUpdateRequested
=== RUN   TestLeaderboardHandlers_HandleLeaderboardUpdateRequested/Successfully_handle_LeaderboardUpdateRequested
=== RUN   TestLeaderboardHandlers_HandleLeaderboardUpdateRequested/Fail_to_unmarshal_payload
=== RUN   TestLeaderboardHandlers_HandleLeaderboardUpdateRequested/Invalid_tag_format_-_missing_colon
=== RUN   TestLeaderboardHandlers_HandleLeaderboardUpdateRequested/Invalid_tag_number_format
=== RUN   TestLeaderboardHandlers_HandleLeaderboardUpdateRequested/Service_failure_in_ProcessTagAssignments
=== RUN   TestLeaderboardHandlers_HandleLeaderboardUpdateRequested/Service_success_but_CreateResultMessage_fails
=== RUN   TestLeaderboardHandlers_HandleLeaderboardUpdateRequested/Service_failure_with_custom_failure_payload
=== RUN   TestLeaderboardHandlers_HandleLeaderboardUpdateRequested/Service_failure_with_error_and_CreateResultMessage_fails
=== RUN   TestLeaderboardHandlers_HandleLeaderboardUpdateRequested/Unknown_result_from_ProcessTagAssignments
--- PASS: TestLeaderboardHandlers_HandleLeaderboardUpdateRequested (0.00s)
    --- PASS: TestLeaderboardHandlers_HandleLeaderboardUpdateRequested/Successfully_handle_LeaderboardUpdateRequested (0.00s)
    --- PASS: TestLeaderboardHandlers_HandleLeaderboardUpdateRequested/Fail_to_unmarshal_payload (0.00s)
    --- PASS: TestLeaderboardHandlers_HandleLeaderboardUpdateRequested/Invalid_tag_format_-_missing_colon (0.00s)
    --- PASS: TestLeaderboardHandlers_HandleLeaderboardUpdateRequested/Invalid_tag_number_format (0.00s)
    --- PASS: TestLeaderboardHandlers_HandleLeaderboardUpdateRequested/Service_failure_in_ProcessTagAssignments (0.00s)
    --- PASS: TestLeaderboardHandlers_HandleLeaderboardUpdateRequested/Service_success_but_CreateResultMessage_fails (0.00s)
    --- PASS: TestLeaderboardHandlers_HandleLeaderboardUpdateRequested/Service_failure_with_custom_failure_payload (0.00s)
    --- PASS: TestLeaderboardHandlers_HandleLeaderboardUpdateRequested/Service_failure_with_error_and_CreateResultMessage_fails (0.00s)
    --- PASS: TestLeaderboardHandlers_HandleLeaderboardUpdateRequested/Unknown_result_from_ProcessTagAssignments (0.00s)
=== RUN   TestLeaderboardHandlers_HandleGetLeaderboardRequest
=== RUN   TestLeaderboardHandlers_HandleGetLeaderboardRequest/Successfully_handle_GetLeaderboardRequest
=== RUN   TestLeaderboardHandlers_HandleGetLeaderboardRequest/Fail_to_unmarshal_payload
=== RUN   TestLeaderboardHandlers_HandleGetLeaderboardRequest/Service_failure_in_GetLeaderboard
=== RUN   TestLeaderboardHandlers_HandleGetLeaderboardRequest/Service_success_but_CreateResultMessage_fails
=== RUN   TestLeaderboardHandlers_HandleGetLeaderboardRequest/Service_failure_with_non-error_result
=== RUN   TestLeaderboardHandlers_HandleGetLeaderboardRequest/Service_failure_with_error_result_and_CreateResultMessage_fails
=== RUN   TestLeaderboardHandlers_HandleGetLeaderboardRequest/Unknown_result_from_GetLeaderboard
--- PASS: TestLeaderboardHandlers_HandleGetLeaderboardRequest (0.00s)
    --- PASS: TestLeaderboardHandlers_HandleGetLeaderboardRequest/Successfully_handle_GetLeaderboardRequest (0.00s)
    --- PASS: TestLeaderboardHandlers_HandleGetLeaderboardRequest/Fail_to_unmarshal_payload (0.00s)
    --- PASS: TestLeaderboardHandlers_HandleGetLeaderboardRequest/Service_failure_in_GetLeaderboard (0.00s)
    --- PASS: TestLeaderboardHandlers_HandleGetLeaderboardRequest/Service_success_but_CreateResultMessage_fails (0.00s)
    --- PASS: TestLeaderboardHandlers_HandleGetLeaderboardRequest/Service_failure_with_non-error_result (0.00s)
    --- PASS: TestLeaderboardHandlers_HandleGetLeaderboardRequest/Service_failure_with_error_result_and_CreateResultMessage_fails (0.00s)
    --- PASS: TestLeaderboardHandlers_HandleGetLeaderboardRequest/Unknown_result_from_GetLeaderboard (0.00s)
=== RUN   TestLeaderboardHandlers_HandleRoundGetTagRequest
=== RUN   TestLeaderboardHandlers_HandleRoundGetTagRequest/Successfully_handle_RoundGetTagRequest_-_Tag_Found
=== RUN   TestLeaderboardHandlers_HandleRoundGetTagRequest/Successfully_handle_RoundGetTagRequest_-_Tag_Not_Found
=== RUN   TestLeaderboardHandlers_HandleRoundGetTagRequest/Fail_to_unmarshal_payload
=== RUN   TestLeaderboardHandlers_HandleRoundGetTagRequest/Service_returns_unexpected_system_error
=== RUN   TestLeaderboardHandlers_HandleRoundGetTagRequest/Service_success_but_CreateResultMessage_fails_(Tag_Found)
=== RUN   TestLeaderboardHandlers_HandleRoundGetTagRequest/Service_success_but_CreateResultMessage_fails_(Tag_Not_Found)
=== RUN   TestLeaderboardHandlers_HandleRoundGetTagRequest/Service_returns_business_failure_(Failure_field)
=== RUN   TestLeaderboardHandlers_HandleRoundGetTagRequest/Service_returns_business_failure_but_CreateResultMessage_fails
=== RUN   TestLeaderboardHandlers_HandleRoundGetTagRequest/Service_returns_system_error_within_result_(Error_field)
=== RUN   TestLeaderboardHandlers_HandleRoundGetTagRequest/Service_returns_system_error_within_result_but_CreateResultMessage_fails
=== RUN   TestLeaderboardHandlers_HandleRoundGetTagRequest/Service_returns_unexpected_nil_result_fields
=== RUN   TestLeaderboardHandlers_HandleRoundGetTagRequest/Invalid_payload_type_from_UnmarshalPayload
--- PASS: TestLeaderboardHandlers_HandleRoundGetTagRequest (0.00s)
    --- PASS: TestLeaderboardHandlers_HandleRoundGetTagRequest/Successfully_handle_RoundGetTagRequest_-_Tag_Found (0.00s)
    --- PASS: TestLeaderboardHandlers_HandleRoundGetTagRequest/Successfully_handle_RoundGetTagRequest_-_Tag_Not_Found (0.00s)
    --- PASS: TestLeaderboardHandlers_HandleRoundGetTagRequest/Fail_to_unmarshal_payload (0.00s)
    --- PASS: TestLeaderboardHandlers_HandleRoundGetTagRequest/Service_returns_unexpected_system_error (0.00s)
    --- PASS: TestLeaderboardHandlers_HandleRoundGetTagRequest/Service_success_but_CreateResultMessage_fails_(Tag_Found) (0.00s)
    --- PASS: TestLeaderboardHandlers_HandleRoundGetTagRequest/Service_success_but_CreateResultMessage_fails_(Tag_Not_Found) (0.00s)
    --- PASS: TestLeaderboardHandlers_HandleRoundGetTagRequest/Service_returns_business_failure_(Failure_field) (0.00s)
    --- PASS: TestLeaderboardHandlers_HandleRoundGetTagRequest/Service_returns_business_failure_but_CreateResultMessage_fails (0.00s)
    --- PASS: TestLeaderboardHandlers_HandleRoundGetTagRequest/Service_returns_system_error_within_result_(Error_field) (0.00s)
    --- PASS: TestLeaderboardHandlers_HandleRoundGetTagRequest/Service_returns_system_error_within_result_but_CreateResultMessage_fails (0.00s)
    --- PASS: TestLeaderboardHandlers_HandleRoundGetTagRequest/Service_returns_unexpected_nil_result_fields (0.00s)
    --- PASS: TestLeaderboardHandlers_HandleRoundGetTagRequest/Invalid_payload_type_from_UnmarshalPayload (0.00s)
=== RUN   TestLeaderboardHandlers_HandleGetTagByUserIDRequest
=== RUN   TestLeaderboardHandlers_HandleGetTagByUserIDRequest/Successfully_handle_GetTagByUserIDRequest_-_Tag_Found
=== RUN   TestLeaderboardHandlers_HandleGetTagByUserIDRequest/Successfully_handle_GetTagByUserIDRequest_-_Tag_Not_Found
=== RUN   TestLeaderboardHandlers_HandleGetTagByUserIDRequest/Fail_to_unmarshal_payload
=== RUN   TestLeaderboardHandlers_HandleGetTagByUserIDRequest/Service_returns_unexpected_system_error
=== RUN   TestLeaderboardHandlers_HandleGetTagByUserIDRequest/Service_success_but_CreateResultMessage_fails
=== RUN   TestLeaderboardHandlers_HandleGetTagByUserIDRequest/Service_returns_business_failure_(Failure_field)
=== RUN   TestLeaderboardHandlers_HandleGetTagByUserIDRequest/Service_returns_system_error_within_result_(Error_field)
=== RUN   TestLeaderboardHandlers_HandleGetTagByUserIDRequest/Service_returns_unexpected_nil_result_fields
--- PASS: TestLeaderboardHandlers_HandleGetTagByUserIDRequest (0.00s)
    --- PASS: TestLeaderboardHandlers_HandleGetTagByUserIDRequest/Successfully_handle_GetTagByUserIDRequest_-_Tag_Found (0.00s)
    --- PASS: TestLeaderboardHandlers_HandleGetTagByUserIDRequest/Successfully_handle_GetTagByUserIDRequest_-_Tag_Not_Found (0.00s)
    --- PASS: TestLeaderboardHandlers_HandleGetTagByUserIDRequest/Fail_to_unmarshal_payload (0.00s)
    --- PASS: TestLeaderboardHandlers_HandleGetTagByUserIDRequest/Service_returns_unexpected_system_error (0.00s)
    --- PASS: TestLeaderboardHandlers_HandleGetTagByUserIDRequest/Service_success_but_CreateResultMessage_fails (0.00s)
    --- PASS: TestLeaderboardHandlers_HandleGetTagByUserIDRequest/Service_returns_business_failure_(Failure_field) (0.00s)
    --- PASS: TestLeaderboardHandlers_HandleGetTagByUserIDRequest/Service_returns_system_error_within_result_(Error_field) (0.00s)
    --- PASS: TestLeaderboardHandlers_HandleGetTagByUserIDRequest/Service_returns_unexpected_nil_result_fields (0.00s)
=== RUN   TestLeaderboardHandlers_HandleTagAssignment
=== RUN   TestLeaderboardHandlers_HandleTagAssignment/Successfully_handle_TagAssignmentRequested_-_manual_source
=== RUN   TestLeaderboardHandlers_HandleTagAssignment/Successfully_handle_TagAssignmentRequested_-_user_creation_source
=== RUN   TestLeaderboardHandlers_HandleTagAssignment/Handles_tag_swap_flow
=== RUN   TestLeaderboardHandlers_HandleTagAssignment/Handles_tag_swap_flow_but_CreateResultMessage_fails
=== RUN   TestLeaderboardHandlers_HandleTagAssignment/Fail_to_unmarshal_payload
=== RUN   TestLeaderboardHandlers_HandleTagAssignment/Service_failure_in_ProcessTagAssignments
=== RUN   TestLeaderboardHandlers_HandleTagAssignment/Service_success_but_CreateResultMessage_fails
=== RUN   TestLeaderboardHandlers_HandleTagAssignment/Service_failure_with_non-error_result
=== RUN   TestLeaderboardHandlers_HandleTagAssignment/Service_failure_with_error_result_and_CreateResultMessage_fails
=== RUN   TestLeaderboardHandlers_HandleTagAssignment/Unknown_result_from_ProcessTagAssignments
--- PASS: TestLeaderboardHandlers_HandleTagAssignment (0.00s)
    --- PASS: TestLeaderboardHandlers_HandleTagAssignment/Successfully_handle_TagAssignmentRequested_-_manual_source (0.00s)
    --- PASS: TestLeaderboardHandlers_HandleTagAssignment/Successfully_handle_TagAssignmentRequested_-_user_creation_source (0.00s)
    --- PASS: TestLeaderboardHandlers_HandleTagAssignment/Handles_tag_swap_flow (0.00s)
    --- PASS: TestLeaderboardHandlers_HandleTagAssignment/Handles_tag_swap_flow_but_CreateResultMessage_fails (0.00s)
    --- PASS: TestLeaderboardHandlers_HandleTagAssignment/Fail_to_unmarshal_payload (0.00s)
    --- PASS: TestLeaderboardHandlers_HandleTagAssignment/Service_failure_in_ProcessTagAssignments (0.00s)
    --- PASS: TestLeaderboardHandlers_HandleTagAssignment/Service_success_but_CreateResultMessage_fails (0.00s)
    --- PASS: TestLeaderboardHandlers_HandleTagAssignment/Service_failure_with_non-error_result (0.00s)
    --- PASS: TestLeaderboardHandlers_HandleTagAssignment/Service_failure_with_error_result_and_CreateResultMessage_fails (0.00s)
    --- PASS: TestLeaderboardHandlers_HandleTagAssignment/Unknown_result_from_ProcessTagAssignments (0.00s)
=== RUN   TestLeaderboardHandlers_HandleTagAvailabilityCheckRequested
=== RUN   TestLeaderboardHandlers_HandleTagAvailabilityCheckRequested/Successfully_handle_TagAvailabilityCheckRequested_-_Tag_Available
=== RUN   TestLeaderboardHandlers_HandleTagAvailabilityCheckRequested/Fail_to_unmarshal_payload
=== RUN   TestLeaderboardHandlers_HandleTagAvailabilityCheckRequested/Service_failure_in_CheckTagAvailability
=== RUN   TestLeaderboardHandlers_HandleTagAvailabilityCheckRequested/Service_success_but_first_CreateResultMessage_fails
=== RUN   TestLeaderboardHandlers_HandleTagAvailabilityCheckRequested/Service_success_but_second_CreateResultMessage_fails
=== RUN   TestLeaderboardHandlers_HandleTagAvailabilityCheckRequested/Tag_is_not_available
=== RUN   TestLeaderboardHandlers_HandleTagAvailabilityCheckRequested/Service_failure_with_failure_payload
--- PASS: TestLeaderboardHandlers_HandleTagAvailabilityCheckRequested (0.00s)
    --- PASS: TestLeaderboardHandlers_HandleTagAvailabilityCheckRequested/Successfully_handle_TagAvailabilityCheckRequested_-_Tag_Available (0.00s)
    --- PASS: TestLeaderboardHandlers_HandleTagAvailabilityCheckRequested/Fail_to_unmarshal_payload (0.00s)
    --- PASS: TestLeaderboardHandlers_HandleTagAvailabilityCheckRequested/Service_failure_in_CheckTagAvailability (0.00s)
    --- PASS: TestLeaderboardHandlers_HandleTagAvailabilityCheckRequested/Service_success_but_first_CreateResultMessage_fails (0.00s)
    --- PASS: TestLeaderboardHandlers_HandleTagAvailabilityCheckRequested/Service_success_but_second_CreateResultMessage_fails (0.00s)
    --- PASS: TestLeaderboardHandlers_HandleTagAvailabilityCheckRequested/Tag_is_not_available (0.00s)
    --- PASS: TestLeaderboardHandlers_HandleTagAvailabilityCheckRequested/Service_failure_with_failure_payload (0.00s)
=== RUN   TestLeaderboardHandlers_HandleTagSwapRequested
=== RUN   TestLeaderboardHandlers_HandleTagSwapRequested/Successfully_handle_TagSwapRequested
=== RUN   TestLeaderboardHandlers_HandleTagSwapRequested/Fail_to_unmarshal_payload
=== RUN   TestLeaderboardHandlers_HandleTagSwapRequested/Service_failure_in_TagSwapRequested
=== RUN   TestLeaderboardHandlers_HandleTagSwapRequested/Service_success_but_CreateResultMessage_fails
=== RUN   TestLeaderboardHandlers_HandleTagSwapRequested/Service_failure_with_non-error_result
=== RUN   TestLeaderboardHandlers_HandleTagSwapRequested/Service_failure_with_error_result_and_CreateResultMessage_fails
=== RUN   TestLeaderboardHandlers_HandleTagSwapRequested/Unknown_result_from_TagSwapRequested
--- PASS: TestLeaderboardHandlers_HandleTagSwapRequested (0.00s)
    --- PASS: TestLeaderboardHandlers_HandleTagSwapRequested/Successfully_handle_TagSwapRequested (0.00s)
    --- PASS: TestLeaderboardHandlers_HandleTagSwapRequested/Fail_to_unmarshal_payload (0.00s)
    --- PASS: TestLeaderboardHandlers_HandleTagSwapRequested/Service_failure_in_TagSwapRequested (0.00s)
    --- PASS: TestLeaderboardHandlers_HandleTagSwapRequested/Service_success_but_CreateResultMessage_fails (0.00s)
    --- PASS: TestLeaderboardHandlers_HandleTagSwapRequested/Service_failure_with_non-error_result (0.00s)
    --- PASS: TestLeaderboardHandlers_HandleTagSwapRequested/Service_failure_with_error_result_and_CreateResultMessage_fails (0.00s)
    --- PASS: TestLeaderboardHandlers_HandleTagSwapRequested/Unknown_result_from_TagSwapRequested (0.00s)
PASS
coverage: 7.2% of statements in ./app/...
ok  	github.com/Black-And-White-Club/frolf-bot/app/modules/leaderboard/infrastructure/handlers	1.091s	coverage: 7.2% of statements in ./app/...
	github.com/Black-And-White-Club/frolf-bot/app/modules/leaderboard/infrastructure/handlers/mocks		coverage: 0.0% of statements
	github.com/Black-And-White-Club/frolf-bot/app/modules/leaderboard/infrastructure/repositories		coverage: 0.0% of statements
	github.com/Black-And-White-Club/frolf-bot/app/modules/leaderboard/infrastructure/repositories/migrations		coverage: 0.0% of statements
	github.com/Black-And-White-Club/frolf-bot/app/modules/leaderboard/infrastructure/repositories/mocks		coverage: 0.0% of statements
	github.com/Black-And-White-Club/frolf-bot/app/modules/leaderboard/infrastructure/router		coverage: 0.0% of statements
	github.com/Black-And-White-Club/frolf-bot/app/modules/leaderboard/infrastructure/router/mocks		coverage: 0.0% of statements
	github.com/Black-And-White-Club/frolf-bot/app/modules/round		coverage: 0.0% of statements
=== RUN   TestRoundService_ValidateAndProcessRound
=== RUN   TestRoundService_ValidateAndProcessRound/valid_round
=== RUN   TestRoundService_ValidateAndProcessRound/invalid_round
=== RUN   TestRoundService_ValidateAndProcessRound/invalid_timezone
=== RUN   TestRoundService_ValidateAndProcessRound/start_time_in_the_past
--- PASS: TestRoundService_ValidateAndProcessRound (0.00s)
    --- PASS: TestRoundService_ValidateAndProcessRound/valid_round (0.00s)
    --- PASS: TestRoundService_ValidateAndProcessRound/invalid_round (0.00s)
    --- PASS: TestRoundService_ValidateAndProcessRound/invalid_timezone (0.00s)
    --- PASS: TestRoundService_ValidateAndProcessRound/start_time_in_the_past (0.00s)
=== RUN   TestRoundService_StoreRound
=== RUN   TestRoundService_StoreRound/store_round_successfully
=== RUN   TestRoundService_StoreRound/store_round_fails
=== RUN   TestRoundService_StoreRound/database_error
=== RUN   TestRoundService_StoreRound/invalid_round_data
--- PASS: TestRoundService_StoreRound (0.00s)
    --- PASS: TestRoundService_StoreRound/store_round_successfully (0.00s)
    --- PASS: TestRoundService_StoreRound/store_round_fails (0.00s)
    --- PASS: TestRoundService_StoreRound/database_error (0.00s)
    --- PASS: TestRoundService_StoreRound/invalid_round_data (0.00s)
=== RUN   TestRoundService_ValidateRoundDeleteRequest
=== RUN   TestRoundService_ValidateRoundDeleteRequest/valid_round_delete_request
=== RUN   TestRoundService_ValidateRoundDeleteRequest/invalid_round_delete_request_-_zero_round_ID
=== RUN   TestRoundService_ValidateRoundDeleteRequest/invalid_round_delete_request_-_empty_requesting_user_ID
--- PASS: TestRoundService_ValidateRoundDeleteRequest (0.00s)
    --- PASS: TestRoundService_ValidateRoundDeleteRequest/valid_round_delete_request (0.00s)
    --- PASS: TestRoundService_ValidateRoundDeleteRequest/invalid_round_delete_request_-_zero_round_ID (0.00s)
    --- PASS: TestRoundService_ValidateRoundDeleteRequest/invalid_round_delete_request_-_empty_requesting_user_ID (0.00s)
=== RUN   TestRoundService_DeleteRound
=== RUN   TestRoundService_DeleteRound/delete_round_successfully
=== RUN   TestRoundService_DeleteRound/delete_round_fails_-_delete_round_error
=== RUN   TestRoundService_DeleteRound/delete_round_succeeds_despite_cancel_scheduled_message_error
=== RUN   TestRoundService_DeleteRound/delete_round_fails_-_nil_UUID_provided
--- PASS: TestRoundService_DeleteRound (0.00s)
    --- PASS: TestRoundService_DeleteRound/delete_round_successfully (0.00s)
    --- PASS: TestRoundService_DeleteRound/delete_round_fails_-_delete_round_error (0.00s)
    --- PASS: TestRoundService_DeleteRound/delete_round_succeeds_despite_cancel_scheduled_message_error (0.00s)
    --- PASS: TestRoundService_DeleteRound/delete_round_fails_-_nil_UUID_provided (0.00s)
=== RUN   TestRoundService_FinalizeRound
=== RUN   TestRoundService_FinalizeRound/success_finalizing_round
=== RUN   TestRoundService_FinalizeRound/failure_updating_round_state
=== RUN   TestRoundService_FinalizeRound/failure_fetching_round_after_update
--- PASS: TestRoundService_FinalizeRound (0.00s)
    --- PASS: TestRoundService_FinalizeRound/success_finalizing_round (0.00s)
    --- PASS: TestRoundService_FinalizeRound/failure_updating_round_state (0.00s)
    --- PASS: TestRoundService_FinalizeRound/failure_fetching_round_after_update (0.00s)
=== RUN   TestRoundService_NotifyScoreModule
=== RUN   TestRoundService_NotifyScoreModule/success_notifying_score_module_with_various_participants
=== RUN   TestRoundService_NotifyScoreModule/success_notifying_score_module_with_no_participants
=== RUN   TestRoundService_NotifyScoreModule/success_notifying_score_module_with_nil_participants
--- PASS: TestRoundService_NotifyScoreModule (0.00s)
    --- PASS: TestRoundService_NotifyScoreModule/success_notifying_score_module_with_various_participants (0.00s)
    --- PASS: TestRoundService_NotifyScoreModule/success_notifying_score_module_with_no_participants (0.00s)
    --- PASS: TestRoundService_NotifyScoreModule/success_notifying_score_module_with_nil_participants (0.00s)
=== RUN   TestRoundService_CheckParticipantStatus
=== RUN   TestRoundService_CheckParticipantStatus/new_participant_joining
=== RUN   TestRoundService_CheckParticipantStatus/participant_changing_status
=== RUN   TestRoundService_CheckParticipantStatus/toggle_participant_status_(same_status_clicked)
=== RUN   TestRoundService_CheckParticipantStatus/failure_checking_participant_status
--- PASS: TestRoundService_CheckParticipantStatus (0.00s)
    --- PASS: TestRoundService_CheckParticipantStatus/new_participant_joining (0.00s)
    --- PASS: TestRoundService_CheckParticipantStatus/participant_changing_status (0.00s)
    --- PASS: TestRoundService_CheckParticipantStatus/toggle_participant_status_(same_status_clicked) (0.00s)
    --- PASS: TestRoundService_CheckParticipantStatus/failure_checking_participant_status (0.00s)
=== RUN   TestRoundService_ValidateParticipantJoinRequest
=== RUN   TestRoundService_ValidateParticipantJoinRequest/success_validating_participant_join_request
=== RUN   TestRoundService_ValidateParticipantJoinRequest/failure_validating_participant_join_request
--- PASS: TestRoundService_ValidateParticipantJoinRequest (0.00s)
    --- PASS: TestRoundService_ValidateParticipantJoinRequest/success_validating_participant_join_request (0.00s)
    --- PASS: TestRoundService_ValidateParticipantJoinRequest/failure_validating_participant_join_request (0.00s)
=== RUN   TestRoundService_ParticipantRemoval
=== RUN   TestRoundService_ParticipantRemoval/success_removing_participant
=== RUN   TestRoundService_ParticipantRemoval/success_when_participant_not_found
=== RUN   TestRoundService_ParticipantRemoval/failure_fetching_round_details_before_removal
=== RUN   TestRoundService_ParticipantRemoval/failure_removing_participant_from_database
--- PASS: TestRoundService_ParticipantRemoval (0.00s)
    --- PASS: TestRoundService_ParticipantRemoval/success_removing_participant (0.00s)
    --- PASS: TestRoundService_ParticipantRemoval/success_when_participant_not_found (0.00s)
    --- PASS: TestRoundService_ParticipantRemoval/failure_fetching_round_details_before_removal (0.00s)
    --- PASS: TestRoundService_ParticipantRemoval/failure_removing_participant_from_database (0.00s)
=== RUN   TestRoundService_UpdateParticipantStatus
=== RUN   TestRoundService_UpdateParticipantStatus/success_updating_participant_status_(Decline)
=== RUN   TestRoundService_UpdateParticipantStatus/success_updating_participant_status_with_tag_(Accept)
=== RUN   TestRoundService_UpdateParticipantStatus/success_triggering_tag_lookup_(Accept_without_tag)
=== RUN   TestRoundService_UpdateParticipantStatus/failure_fetching_round_details_for_decline_update
=== RUN   TestRoundService_UpdateParticipantStatus/failure_updating_participant_status_in_DB_(Decline)
=== RUN   TestRoundService_UpdateParticipantStatus/failure_fetching_round_details_for_tag_update
=== RUN   TestRoundService_UpdateParticipantStatus/failure_updating_participant_with_tag_in_DB
=== RUN   TestRoundService_UpdateParticipantStatus/unknown_response_type
--- PASS: TestRoundService_UpdateParticipantStatus (0.00s)
    --- PASS: TestRoundService_UpdateParticipantStatus/success_updating_participant_status_(Decline) (0.00s)
    --- PASS: TestRoundService_UpdateParticipantStatus/success_updating_participant_status_with_tag_(Accept) (0.00s)
    --- PASS: TestRoundService_UpdateParticipantStatus/success_triggering_tag_lookup_(Accept_without_tag) (0.00s)
    --- PASS: TestRoundService_UpdateParticipantStatus/failure_fetching_round_details_for_decline_update (0.00s)
    --- PASS: TestRoundService_UpdateParticipantStatus/failure_updating_participant_status_in_DB_(Decline) (0.00s)
    --- PASS: TestRoundService_UpdateParticipantStatus/failure_fetching_round_details_for_tag_update (0.00s)
    --- PASS: TestRoundService_UpdateParticipantStatus/failure_updating_participant_with_tag_in_DB (0.00s)
    --- PASS: TestRoundService_UpdateParticipantStatus/unknown_response_type (0.00s)
=== RUN   TestRoundService_UpdateScheduledRoundsWithNewTags
=== RUN   TestRoundService_UpdateScheduledRoundsWithNewTags/successful_update_with_valid_tags
=== RUN   TestRoundService_UpdateScheduledRoundsWithNewTags/error_fetching_rounds
=== RUN   TestRoundService_UpdateScheduledRoundsWithNewTags/error_updating_rounds
=== RUN   TestRoundService_UpdateScheduledRoundsWithNewTags/no_updates_needed_-_empty_changedTags
--- PASS: TestRoundService_UpdateScheduledRoundsWithNewTags (0.00s)
    --- PASS: TestRoundService_UpdateScheduledRoundsWithNewTags/successful_update_with_valid_tags (0.00s)
    --- PASS: TestRoundService_UpdateScheduledRoundsWithNewTags/error_fetching_rounds (0.00s)
    --- PASS: TestRoundService_UpdateScheduledRoundsWithNewTags/error_updating_rounds (0.00s)
    --- PASS: TestRoundService_UpdateScheduledRoundsWithNewTags/no_updates_needed_-_empty_changedTags (0.00s)
=== RUN   TestRoundService_GetRound
=== RUN   TestRoundService_GetRound/successful_retrieval
=== RUN   TestRoundService_GetRound/error_retrieving_round
--- PASS: TestRoundService_GetRound (0.00s)
    --- PASS: TestRoundService_GetRound/successful_retrieval (0.00s)
    --- PASS: TestRoundService_GetRound/error_retrieving_round (0.00s)
=== RUN   TestRoundService_ProcessRoundReminder
=== RUN   TestRoundService_ProcessRoundReminder/successful_processing_with_participants
=== RUN   TestRoundService_ProcessRoundReminder/successful_processing_with_no_participants
=== RUN   TestRoundService_ProcessRoundReminder/error_retrieving_participants
--- PASS: TestRoundService_ProcessRoundReminder (0.00s)
    --- PASS: TestRoundService_ProcessRoundReminder/successful_processing_with_participants (0.00s)
    --- PASS: TestRoundService_ProcessRoundReminder/successful_processing_with_no_participants (0.00s)
    --- PASS: TestRoundService_ProcessRoundReminder/error_retrieving_participants (0.00s)
=== RUN   TestRoundService_ScheduleRoundEvents
=== RUN   TestRoundService_ScheduleRoundEvents/successful_scheduling
=== RUN   TestRoundService_ScheduleRoundEvents/error_creating_consumer
=== RUN   TestRoundService_ScheduleRoundEvents/error_scheduling_reminder
=== RUN   TestRoundService_ScheduleRoundEvents/error_scheduling_round_start
=== RUN   TestRoundService_ScheduleRoundEvents/past_start_time
=== RUN   TestRoundService_ScheduleRoundEvents/far_future_start_time
=== RUN   TestRoundService_ScheduleRoundEvents/zero_start_time
=== RUN   TestRoundService_ScheduleRoundEvents/empty_event_message_ID
=== RUN   TestRoundService_ScheduleRoundEvents/with_description_in_payload
=== RUN   TestRoundService_ScheduleRoundEvents/with_UserID_in_payload
=== RUN   TestRoundService_ScheduleRoundEvents/reminder_time_equals_start_time
=== RUN   TestRoundService_ScheduleRoundEvents/missing_channel_ID_in_payload
=== RUN   TestRoundService_ScheduleRoundEvents/nil_start_time_in_payload
=== RUN   TestRoundService_ScheduleRoundEvents/nil_description_in_payload
--- PASS: TestRoundService_ScheduleRoundEvents (0.00s)
    --- PASS: TestRoundService_ScheduleRoundEvents/successful_scheduling (0.00s)
    --- PASS: TestRoundService_ScheduleRoundEvents/error_creating_consumer (0.00s)
    --- PASS: TestRoundService_ScheduleRoundEvents/error_scheduling_reminder (0.00s)
    --- PASS: TestRoundService_ScheduleRoundEvents/error_scheduling_round_start (0.00s)
    --- PASS: TestRoundService_ScheduleRoundEvents/past_start_time (0.00s)
    --- PASS: TestRoundService_ScheduleRoundEvents/far_future_start_time (0.00s)
    --- PASS: TestRoundService_ScheduleRoundEvents/zero_start_time (0.00s)
    --- PASS: TestRoundService_ScheduleRoundEvents/empty_event_message_ID (0.00s)
    --- PASS: TestRoundService_ScheduleRoundEvents/with_description_in_payload (0.00s)
    --- PASS: TestRoundService_ScheduleRoundEvents/with_UserID_in_payload (0.00s)
    --- PASS: TestRoundService_ScheduleRoundEvents/reminder_time_equals_start_time (0.00s)
    --- PASS: TestRoundService_ScheduleRoundEvents/missing_channel_ID_in_payload (0.00s)
    --- PASS: TestRoundService_ScheduleRoundEvents/nil_start_time_in_payload (0.00s)
    --- PASS: TestRoundService_ScheduleRoundEvents/nil_description_in_payload (0.00s)
=== RUN   TestRoundService_ValidateScoreUpdateRequest
=== RUN   TestRoundService_ValidateScoreUpdateRequest/successful_validation
=== RUN   TestRoundService_ValidateScoreUpdateRequest/invalid_round_ID
=== RUN   TestRoundService_ValidateScoreUpdateRequest/empty_participant
=== RUN   TestRoundService_ValidateScoreUpdateRequest/nil_score
=== RUN   TestRoundService_ValidateScoreUpdateRequest/multiple_validation_errors
--- PASS: TestRoundService_ValidateScoreUpdateRequest (0.00s)
    --- PASS: TestRoundService_ValidateScoreUpdateRequest/successful_validation (0.00s)
    --- PASS: TestRoundService_ValidateScoreUpdateRequest/invalid_round_ID (0.00s)
    --- PASS: TestRoundService_ValidateScoreUpdateRequest/empty_participant (0.00s)
    --- PASS: TestRoundService_ValidateScoreUpdateRequest/nil_score (0.00s)
    --- PASS: TestRoundService_ValidateScoreUpdateRequest/multiple_validation_errors (0.00s)
=== RUN   TestRoundService_UpdateParticipantScore
=== RUN   TestRoundService_UpdateParticipantScore/successful_update
=== RUN   TestRoundService_UpdateParticipantScore/error_updating_score
=== RUN   TestRoundService_UpdateParticipantScore/error_getting_participants_after_update
=== RUN   TestRoundService_UpdateParticipantScore/error_getting_round
--- PASS: TestRoundService_UpdateParticipantScore (0.00s)
    --- PASS: TestRoundService_UpdateParticipantScore/successful_update (0.00s)
    --- PASS: TestRoundService_UpdateParticipantScore/error_updating_score (0.00s)
    --- PASS: TestRoundService_UpdateParticipantScore/error_getting_participants_after_update (0.00s)
    --- PASS: TestRoundService_UpdateParticipantScore/error_getting_round (0.00s)
=== RUN   TestRoundService_CheckAllScoresSubmitted
=== RUN   TestRoundService_CheckAllScoresSubmitted/all_scores_submitted
=== RUN   TestRoundService_CheckAllScoresSubmitted/not_all_scores_submitted
=== RUN   TestRoundService_CheckAllScoresSubmitted/error_checking_if_all_scores_submitted_(GetParticipants_fails_in_checkIfAllScoresSubmitted)
=== RUN   TestRoundService_CheckAllScoresSubmitted/error_getting_participants_for_success_payload_(GetParticipants_fails_after_checkIfAllScoresSubmitted)
--- PASS: TestRoundService_CheckAllScoresSubmitted (0.00s)
    --- PASS: TestRoundService_CheckAllScoresSubmitted/all_scores_submitted (0.00s)
    --- PASS: TestRoundService_CheckAllScoresSubmitted/not_all_scores_submitted (0.00s)
    --- PASS: TestRoundService_CheckAllScoresSubmitted/error_checking_if_all_scores_submitted_(GetParticipants_fails_in_checkIfAllScoresSubmitted) (0.00s)
    --- PASS: TestRoundService_CheckAllScoresSubmitted/error_getting_participants_for_success_payload_(GetParticipants_fails_after_checkIfAllScoresSubmitted) (0.00s)
=== RUN   Test_serviceWrapper
=== RUN   Test_serviceWrapper/successful_operation
=== RUN   Test_serviceWrapper/failed_operation
=== RUN   Test_serviceWrapper/panic_recovery
=== RUN   Test_serviceWrapper/nil_service_function
--- PASS: Test_serviceWrapper (0.00s)
    --- PASS: Test_serviceWrapper/successful_operation (0.00s)
    --- PASS: Test_serviceWrapper/failed_operation (0.00s)
    --- PASS: Test_serviceWrapper/panic_recovery (0.00s)
    --- PASS: Test_serviceWrapper/nil_service_function (0.00s)
=== RUN   TestNewRoundService
=== RUN   TestNewRoundService/Creates_service_with_all_dependencies
=== RUN   TestNewRoundService/Handles_nil_dependencies
--- PASS: TestNewRoundService (0.00s)
    --- PASS: TestNewRoundService/Creates_service_with_all_dependencies (0.00s)
    --- PASS: TestNewRoundService/Handles_nil_dependencies (0.00s)
=== RUN   TestRoundService_ProcessRoundStart
=== RUN   TestRoundService_ProcessRoundStart/successful_processing
=== RUN   TestRoundService_ProcessRoundStart/error_getting_round
=== RUN   TestRoundService_ProcessRoundStart/error_updating_round
--- PASS: TestRoundService_ProcessRoundStart (0.00s)
    --- PASS: TestRoundService_ProcessRoundStart/successful_processing (0.00s)
    --- PASS: TestRoundService_ProcessRoundStart/error_getting_round (0.00s)
    --- PASS: TestRoundService_ProcessRoundStart/error_updating_round (0.00s)
=== RUN   TestRoundService_ValidateRoundUpdateRequest
=== RUN   TestRoundService_ValidateRoundUpdateRequest/valid_request
=== RUN   TestRoundService_ValidateRoundUpdateRequest/invalid_request_-_zero_round_ID
=== RUN   TestRoundService_ValidateRoundUpdateRequest/invalid_request_-_no_fields_to_update
--- PASS: TestRoundService_ValidateRoundUpdateRequest (0.00s)
    --- PASS: TestRoundService_ValidateRoundUpdateRequest/valid_request (0.00s)
    --- PASS: TestRoundService_ValidateRoundUpdateRequest/invalid_request_-_zero_round_ID (0.00s)
    --- PASS: TestRoundService_ValidateRoundUpdateRequest/invalid_request_-_no_fields_to_update (0.00s)
=== RUN   TestRoundService_UpdateRoundEntity
=== RUN   TestRoundService_UpdateRoundEntity/valid_update
=== RUN   TestRoundService_UpdateRoundEntity/invalid_update_-_round_not_found
=== RUN   TestRoundService_UpdateRoundEntity/invalid_update_-_update_failed
--- PASS: TestRoundService_UpdateRoundEntity (0.00s)
    --- PASS: TestRoundService_UpdateRoundEntity/valid_update (0.00s)
    --- PASS: TestRoundService_UpdateRoundEntity/invalid_update_-_round_not_found (0.00s)
    --- PASS: TestRoundService_UpdateRoundEntity/invalid_update_-_update_failed (0.00s)
=== RUN   TestRoundService_UpdateScheduledRoundEvents
=== RUN   TestRoundService_UpdateScheduledRoundEvents/valid_update
=== RUN   TestRoundService_UpdateScheduledRoundEvents/invalid_update_-_round_not_found
=== RUN   TestRoundService_UpdateScheduledRoundEvents/invalid_update_-_cancel_scheduled_events_failed
--- PASS: TestRoundService_UpdateScheduledRoundEvents (0.00s)
    --- PASS: TestRoundService_UpdateScheduledRoundEvents/valid_update (0.00s)
    --- PASS: TestRoundService_UpdateScheduledRoundEvents/invalid_update_-_round_not_found (0.00s)
    --- PASS: TestRoundService_UpdateScheduledRoundEvents/invalid_update_-_cancel_scheduled_events_failed (0.00s)
PASS
coverage: 12.5% of statements in ./app/...
ok  	github.com/Black-And-White-Club/frolf-bot/app/modules/round/application	0.917s	coverage: 12.5% of statements in ./app/...
	github.com/Black-And-White-Club/frolf-bot/app/modules/round/application/mocks		coverage: 0.0% of statements
=== RUN   TestRoundHandlers_HandleCreateRoundRequest
=== RUN   TestRoundHandlers_HandleCreateRoundRequest/Successfully_handle_CreateRoundRequest
=== RUN   TestRoundHandlers_HandleCreateRoundRequest/Fail_to_unmarshal_payload
=== RUN   TestRoundHandlers_HandleCreateRoundRequest/Service_failure_in_ValidateAndProcessRound
=== RUN   TestRoundHandlers_HandleCreateRoundRequest/Service_success_but_CreateResultMessage_fails
=== RUN   TestRoundHandlers_HandleCreateRoundRequest/Service_failure_with_non-error_result
=== RUN   TestRoundHandlers_HandleCreateRoundRequest/Service_failure_with_error_result_and_CreateResultMessage_fails
=== RUN   TestRoundHandlers_HandleCreateRoundRequest/Unknown_result_from_ValidateAndProcessRound
=== RUN   TestRoundHandlers_HandleCreateRoundRequest/Invalid_payload_type
--- PASS: TestRoundHandlers_HandleCreateRoundRequest (0.00s)
    --- PASS: TestRoundHandlers_HandleCreateRoundRequest/Successfully_handle_CreateRoundRequest (0.00s)
    --- PASS: TestRoundHandlers_HandleCreateRoundRequest/Fail_to_unmarshal_payload (0.00s)
    --- PASS: TestRoundHandlers_HandleCreateRoundRequest/Service_failure_in_ValidateAndProcessRound (0.00s)
    --- PASS: TestRoundHandlers_HandleCreateRoundRequest/Service_success_but_CreateResultMessage_fails (0.00s)
    --- PASS: TestRoundHandlers_HandleCreateRoundRequest/Service_failure_with_non-error_result (0.00s)
    --- PASS: TestRoundHandlers_HandleCreateRoundRequest/Service_failure_with_error_result_and_CreateResultMessage_fails (0.00s)
    --- PASS: TestRoundHandlers_HandleCreateRoundRequest/Unknown_result_from_ValidateAndProcessRound (0.00s)
    --- PASS: TestRoundHandlers_HandleCreateRoundRequest/Invalid_payload_type (0.00s)
=== RUN   TestRoundHandlers_HandleRoundEntityCreated
=== RUN   TestRoundHandlers_HandleRoundEntityCreated/Successfully_handle_RoundEntityCreated
=== RUN   TestRoundHandlers_HandleRoundEntityCreated/Fail_to_unmarshal_payload
=== RUN   TestRoundHandlers_HandleRoundEntityCreated/Service_failure_in_StoreRound
=== RUN   TestRoundHandlers_HandleRoundEntityCreated/Service_success_but_CreateResultMessage_fails
=== RUN   TestRoundHandlers_HandleRoundEntityCreated/Service_failure_with_non-error_result
=== RUN   TestRoundHandlers_HandleRoundEntityCreated/Service_failure_with_error_result_and_CreateResultMessage_fails
=== RUN   TestRoundHandlers_HandleRoundEntityCreated/Unknown_result_from_StoreRound
=== RUN   TestRoundHandlers_HandleRoundEntityCreated/Invalid_payload_type
--- PASS: TestRoundHandlers_HandleRoundEntityCreated (0.00s)
    --- PASS: TestRoundHandlers_HandleRoundEntityCreated/Successfully_handle_RoundEntityCreated (0.00s)
    --- PASS: TestRoundHandlers_HandleRoundEntityCreated/Fail_to_unmarshal_payload (0.00s)
    --- PASS: TestRoundHandlers_HandleRoundEntityCreated/Service_failure_in_StoreRound (0.00s)
    --- PASS: TestRoundHandlers_HandleRoundEntityCreated/Service_success_but_CreateResultMessage_fails (0.00s)
    --- PASS: TestRoundHandlers_HandleRoundEntityCreated/Service_failure_with_non-error_result (0.00s)
    --- PASS: TestRoundHandlers_HandleRoundEntityCreated/Service_failure_with_error_result_and_CreateResultMessage_fails (0.00s)
    --- PASS: TestRoundHandlers_HandleRoundEntityCreated/Unknown_result_from_StoreRound (0.00s)
    --- PASS: TestRoundHandlers_HandleRoundEntityCreated/Invalid_payload_type (0.00s)
=== RUN   TestRoundHandlers_HandleRoundDeleteRequest
=== RUN   TestRoundHandlers_HandleRoundDeleteRequest/Successfully_handle_RoundDeleteRequest
=== RUN   TestRoundHandlers_HandleRoundDeleteRequest/Fail_to_unmarshal_payload
=== RUN   TestRoundHandlers_HandleRoundDeleteRequest/Service_failure_in_ValidateRoundDeleteRequest
=== RUN   TestRoundHandlers_HandleRoundDeleteRequest/Service_success_but_CreateResultMessage_fails
=== RUN   TestRoundHandlers_HandleRoundDeleteRequest/Service_failure_with_non-error_result
=== RUN   TestRoundHandlers_HandleRoundDeleteRequest/Service_failure_with_error_result_and_CreateResultMessage_fails
=== RUN   TestRoundHandlers_HandleRoundDeleteRequest/Unknown_result_from_ValidateRoundDeleteRequest
=== RUN   TestRoundHandlers_HandleRoundDeleteRequest/Invalid_payload_type
--- PASS: TestRoundHandlers_HandleRoundDeleteRequest (0.00s)
    --- PASS: TestRoundHandlers_HandleRoundDeleteRequest/Successfully_handle_RoundDeleteRequest (0.00s)
    --- PASS: TestRoundHandlers_HandleRoundDeleteRequest/Fail_to_unmarshal_payload (0.00s)
    --- PASS: TestRoundHandlers_HandleRoundDeleteRequest/Service_failure_in_ValidateRoundDeleteRequest (0.00s)
    --- PASS: TestRoundHandlers_HandleRoundDeleteRequest/Service_success_but_CreateResultMessage_fails (0.00s)
    --- PASS: TestRoundHandlers_HandleRoundDeleteRequest/Service_failure_with_non-error_result (0.00s)
    --- PASS: TestRoundHandlers_HandleRoundDeleteRequest/Service_failure_with_error_result_and_CreateResultMessage_fails (0.00s)
    --- PASS: TestRoundHandlers_HandleRoundDeleteRequest/Unknown_result_from_ValidateRoundDeleteRequest (0.00s)
    --- PASS: TestRoundHandlers_HandleRoundDeleteRequest/Invalid_payload_type (0.00s)
=== RUN   TestRoundHandlers_HandleRoundDeleteAuthorized
=== RUN   TestRoundHandlers_HandleRoundDeleteAuthorized/Successfully_handle_RoundDeleteAuthorized
=== RUN   TestRoundHandlers_HandleRoundDeleteAuthorized/Fail_to_unmarshal_payload
=== RUN   TestRoundHandlers_HandleRoundDeleteAuthorized/Service_failure_in_DeleteRound
=== RUN   TestRoundHandlers_HandleRoundDeleteAuthorized/Service_success_but_CreateResultMessage_fails
=== RUN   TestRoundHandlers_HandleRoundDeleteAuthorized/Service_failure_with_database_error
=== RUN   TestRoundHandlers_HandleRoundDeleteAuthorized/Service_failure_with_error_result_and_CreateResultMessage_fails
=== RUN   TestRoundHandlers_HandleRoundDeleteAuthorized/Unknown_result_from_DeleteRound
--- PASS: TestRoundHandlers_HandleRoundDeleteAuthorized (0.00s)
    --- PASS: TestRoundHandlers_HandleRoundDeleteAuthorized/Successfully_handle_RoundDeleteAuthorized (0.00s)
    --- PASS: TestRoundHandlers_HandleRoundDeleteAuthorized/Fail_to_unmarshal_payload (0.00s)
    --- PASS: TestRoundHandlers_HandleRoundDeleteAuthorized/Service_failure_in_DeleteRound (0.00s)
    --- PASS: TestRoundHandlers_HandleRoundDeleteAuthorized/Service_success_but_CreateResultMessage_fails (0.00s)
    --- PASS: TestRoundHandlers_HandleRoundDeleteAuthorized/Service_failure_with_database_error (0.00s)
    --- PASS: TestRoundHandlers_HandleRoundDeleteAuthorized/Service_failure_with_error_result_and_CreateResultMessage_fails (0.00s)
    --- PASS: TestRoundHandlers_HandleRoundDeleteAuthorized/Unknown_result_from_DeleteRound (0.00s)
=== RUN   TestRoundHandlers_HandleAllScoresSubmitted
=== RUN   TestRoundHandlers_HandleAllScoresSubmitted/Successfully_handle_AllScoresSubmitted
=== RUN   TestRoundHandlers_HandleAllScoresSubmitted/Fail_to_unmarshal_payload
=== RUN   TestRoundHandlers_HandleAllScoresSubmitted/Service_failure_in_FinalizeRound
=== RUN   TestRoundHandlers_HandleAllScoresSubmitted/Service_failure_with_non-error_result
=== RUN   TestRoundHandlers_HandleAllScoresSubmitted/CreateResultMessage_fails_for_Discord_finalization
=== RUN   TestRoundHandlers_HandleAllScoresSubmitted/Invalid_payload_type
--- PASS: TestRoundHandlers_HandleAllScoresSubmitted (0.00s)
    --- PASS: TestRoundHandlers_HandleAllScoresSubmitted/Successfully_handle_AllScoresSubmitted (0.00s)
    --- PASS: TestRoundHandlers_HandleAllScoresSubmitted/Fail_to_unmarshal_payload (0.00s)
    --- PASS: TestRoundHandlers_HandleAllScoresSubmitted/Service_failure_in_FinalizeRound (0.00s)
    --- PASS: TestRoundHandlers_HandleAllScoresSubmitted/Service_failure_with_non-error_result (0.00s)
    --- PASS: TestRoundHandlers_HandleAllScoresSubmitted/CreateResultMessage_fails_for_Discord_finalization (0.00s)
    --- PASS: TestRoundHandlers_HandleAllScoresSubmitted/Invalid_payload_type (0.00s)
=== RUN   TestRoundHandlers_HandleRoundFinalized
=== RUN   TestRoundHandlers_HandleRoundFinalized/Successfully_handle_RoundFinalized
=== RUN   TestRoundHandlers_HandleRoundFinalized/Fail_to_unmarshal_payload
=== RUN   TestRoundHandlers_HandleRoundFinalized/Service_failure_in_NotifyScoreModule
=== RUN   TestRoundHandlers_HandleRoundFinalized/Service_success_but_CreateResultMessage_fails
=== RUN   TestRoundHandlers_HandleRoundFinalized/Service_failure_with_non-error_result
=== RUN   TestRoundHandlers_HandleRoundFinalized/Service_failure_with_error_result_and_CreateResultMessage_fails
=== RUN   TestRoundHandlers_HandleRoundFinalized/Unknown_result_from_NotifyScoreModule
=== RUN   TestRoundHandlers_HandleRoundFinalized/Invalid_payload_type
--- PASS: TestRoundHandlers_HandleRoundFinalized (0.00s)
    --- PASS: TestRoundHandlers_HandleRoundFinalized/Successfully_handle_RoundFinalized (0.00s)
    --- PASS: TestRoundHandlers_HandleRoundFinalized/Fail_to_unmarshal_payload (0.00s)
    --- PASS: TestRoundHandlers_HandleRoundFinalized/Service_failure_in_NotifyScoreModule (0.00s)
    --- PASS: TestRoundHandlers_HandleRoundFinalized/Service_success_but_CreateResultMessage_fails (0.00s)
    --- PASS: TestRoundHandlers_HandleRoundFinalized/Service_failure_with_non-error_result (0.00s)
    --- PASS: TestRoundHandlers_HandleRoundFinalized/Service_failure_with_error_result_and_CreateResultMessage_fails (0.00s)
    --- PASS: TestRoundHandlers_HandleRoundFinalized/Unknown_result_from_NotifyScoreModule (0.00s)
    --- PASS: TestRoundHandlers_HandleRoundFinalized/Invalid_payload_type (0.00s)
=== RUN   TestNewRoundHandlers
=== RUN   TestNewRoundHandlers/Creates_handlers_with_all_dependencies
=== RUN   TestNewRoundHandlers/Handles_nil_dependencies
--- PASS: TestNewRoundHandlers (0.00s)
    --- PASS: TestNewRoundHandlers/Creates_handlers_with_all_dependencies (0.00s)
    --- PASS: TestNewRoundHandlers/Handles_nil_dependencies (0.00s)
=== RUN   TestHandlerWrapper
=== RUN   TestHandlerWrapper/Successful_handler_execution
=== RUN   TestHandlerWrapper/Handler_returns_error
=== RUN   TestHandlerWrapper/Unmarshal_payload_fails
=== RUN   TestHandlerWrapper/Unmarshal_payload_succeeds
--- PASS: TestHandlerWrapper (0.00s)
    --- PASS: TestHandlerWrapper/Successful_handler_execution (0.00s)
    --- PASS: TestHandlerWrapper/Handler_returns_error (0.00s)
    --- PASS: TestHandlerWrapper/Unmarshal_payload_fails (0.00s)
    --- PASS: TestHandlerWrapper/Unmarshal_payload_succeeds (0.00s)
=== RUN   TestRoundHandlers_HandleTagNumberFound
=== RUN   TestRoundHandlers_HandleTagNumberFound/Successfully_handle_TagNumberFound
=== RUN   TestRoundHandlers_HandleTagNumberFound/Fail_to_unmarshal_payload
=== RUN   TestRoundHandlers_HandleTagNumberFound/Service_failure_in_handleParticipantUpdate
=== RUN   TestRoundHandlers_HandleTagNumberFound/Service_success_but_CreateResultMessage_fails
=== RUN   TestRoundHandlers_HandleTagNumberFound/Unknown_result_from_UpdateParticipantStatus
=== RUN   TestRoundHandlers_HandleTagNumberFound/Invalid_payload_type
--- PASS: TestRoundHandlers_HandleTagNumberFound (0.00s)
    --- PASS: TestRoundHandlers_HandleTagNumberFound/Successfully_handle_TagNumberFound (0.00s)
    --- PASS: TestRoundHandlers_HandleTagNumberFound/Fail_to_unmarshal_payload (0.00s)
    --- PASS: TestRoundHandlers_HandleTagNumberFound/Service_failure_in_handleParticipantUpdate (0.00s)
    --- PASS: TestRoundHandlers_HandleTagNumberFound/Service_success_but_CreateResultMessage_fails (0.00s)
    --- PASS: TestRoundHandlers_HandleTagNumberFound/Unknown_result_from_UpdateParticipantStatus (0.00s)
    --- PASS: TestRoundHandlers_HandleTagNumberFound/Invalid_payload_type (0.00s)
=== RUN   TestRoundHandlers_HandleTagNumberNotFound
=== RUN   TestRoundHandlers_HandleTagNumberNotFound/Successfully_handle_TagNumberNotFound
=== RUN   TestRoundHandlers_HandleTagNumberNotFound/Fail_to_unmarshal_payload
=== RUN   TestRoundHandlers_HandleTagNumberNotFound/Service_failure_in_handleParticipantUpdate
=== RUN   TestRoundHandlers_HandleTagNumberNotFound/Service_success_but_CreateResultMessage_fails
=== RUN   TestRoundHandlers_HandleTagNumberNotFound/Unknown_result_from_UpdateParticipantStatus
=== RUN   TestRoundHandlers_HandleTagNumberNotFound/Invalid_payload_type
--- PASS: TestRoundHandlers_HandleTagNumberNotFound (0.00s)
    --- PASS: TestRoundHandlers_HandleTagNumberNotFound/Successfully_handle_TagNumberNotFound (0.00s)
    --- PASS: TestRoundHandlers_HandleTagNumberNotFound/Fail_to_unmarshal_payload (0.00s)
    --- PASS: TestRoundHandlers_HandleTagNumberNotFound/Service_failure_in_handleParticipantUpdate (0.00s)
    --- PASS: TestRoundHandlers_HandleTagNumberNotFound/Service_success_but_CreateResultMessage_fails (0.00s)
    --- PASS: TestRoundHandlers_HandleTagNumberNotFound/Unknown_result_from_UpdateParticipantStatus (0.00s)
    --- PASS: TestRoundHandlers_HandleTagNumberNotFound/Invalid_payload_type (0.00s)
=== RUN   TestRoundHandlers_HandleParticipantDeclined
=== RUN   TestRoundHandlers_HandleParticipantDeclined/Successfully_handle_ParticipantDeclined
=== RUN   TestRoundHandlers_HandleParticipantDeclined/Fail_to_unmarshal_payload
=== RUN   TestRoundHandlers_HandleParticipantDeclined/Service_failure_in_UpdateParticipantStatus
=== RUN   TestRoundHandlers_HandleParticipantDeclined/Service_success_but_CreateResultMessage_fails
=== RUN   TestRoundHandlers_HandleParticipantDeclined/Unknown_result_from_UpdateParticipantStatus
=== RUN   TestRoundHandlers_HandleParticipantDeclined/Invalid_payload_type
--- PASS: TestRoundHandlers_HandleParticipantDeclined (0.00s)
    --- PASS: TestRoundHandlers_HandleParticipantDeclined/Successfully_handle_ParticipantDeclined (0.00s)
    --- PASS: TestRoundHandlers_HandleParticipantDeclined/Fail_to_unmarshal_payload (0.00s)
    --- PASS: TestRoundHandlers_HandleParticipantDeclined/Service_failure_in_UpdateParticipantStatus (0.00s)
    --- PASS: TestRoundHandlers_HandleParticipantDeclined/Service_success_but_CreateResultMessage_fails (0.00s)
    --- PASS: TestRoundHandlers_HandleParticipantDeclined/Unknown_result_from_UpdateParticipantStatus (0.00s)
    --- PASS: TestRoundHandlers_HandleParticipantDeclined/Invalid_payload_type (0.00s)
=== RUN   TestRoundHandlers_HandleParticipantJoinRequest
=== RUN   TestRoundHandlers_HandleParticipantJoinRequest/Successfully_handle_ParticipantJoinRequest
=== RUN   TestRoundHandlers_HandleParticipantJoinRequest/Fail_to_unmarshal_payload
=== RUN   TestRoundHandlers_HandleParticipantJoinRequest/Service_failure_in_CheckParticipantStatus
=== RUN   TestRoundHandlers_HandleParticipantJoinRequest/Service_success_but_CreateResultMessage_fails
=== RUN   TestRoundHandlers_HandleParticipantJoinRequest/Service_failure_with_non-error_result
=== RUN   TestRoundHandlers_HandleParticipantJoinRequest/Service_failure_with_error_result_and_CreateResultMessage_fails
=== RUN   TestRoundHandlers_HandleParticipantJoinRequest/Unknown_result_from_CheckParticipantStatus
=== RUN   TestRoundHandlers_HandleParticipantJoinRequest/Invalid_payload_type
--- PASS: TestRoundHandlers_HandleParticipantJoinRequest (0.00s)
    --- PASS: TestRoundHandlers_HandleParticipantJoinRequest/Successfully_handle_ParticipantJoinRequest (0.00s)
    --- PASS: TestRoundHandlers_HandleParticipantJoinRequest/Fail_to_unmarshal_payload (0.00s)
    --- PASS: TestRoundHandlers_HandleParticipantJoinRequest/Service_failure_in_CheckParticipantStatus (0.00s)
    --- PASS: TestRoundHandlers_HandleParticipantJoinRequest/Service_success_but_CreateResultMessage_fails (0.00s)
    --- PASS: TestRoundHandlers_HandleParticipantJoinRequest/Service_failure_with_non-error_result (0.00s)
    --- PASS: TestRoundHandlers_HandleParticipantJoinRequest/Service_failure_with_error_result_and_CreateResultMessage_fails (0.00s)
    --- PASS: TestRoundHandlers_HandleParticipantJoinRequest/Unknown_result_from_CheckParticipantStatus (0.00s)
    --- PASS: TestRoundHandlers_HandleParticipantJoinRequest/Invalid_payload_type (0.00s)
=== RUN   TestRoundHandlers_HandleParticipantJoinValidationRequest
=== RUN   TestRoundHandlers_HandleParticipantJoinValidationRequest/Successfully_handle_ParticipantJoinValidationRequest
=== RUN   TestRoundHandlers_HandleParticipantJoinValidationRequest/Fail_to_unmarshal_payload
=== RUN   TestRoundHandlers_HandleParticipantJoinValidationRequest/Service_failure_in_ValidateParticipantJoinRequest
=== RUN   TestRoundHandlers_HandleParticipantJoinValidationRequest/Service_success_but_CreateResultMessage_fails
=== RUN   TestRoundHandlers_HandleParticipantJoinValidationRequest/Service_failure_with_non-error_result
=== RUN   TestRoundHandlers_HandleParticipantJoinValidationRequest/Service_failure_with_error_result_and_CreateResultMessage_fails
=== RUN   TestRoundHandlers_HandleParticipantJoinValidationRequest/Unknown_result_from_ValidateParticipantJoinRequest
=== RUN   TestRoundHandlers_HandleParticipantJoinValidationRequest/Invalid_payload_type
--- PASS: TestRoundHandlers_HandleParticipantJoinValidationRequest (0.00s)
    --- PASS: TestRoundHandlers_HandleParticipantJoinValidationRequest/Successfully_handle_ParticipantJoinValidationRequest (0.00s)
    --- PASS: TestRoundHandlers_HandleParticipantJoinValidationRequest/Fail_to_unmarshal_payload (0.00s)
    --- PASS: TestRoundHandlers_HandleParticipantJoinValidationRequest/Service_failure_in_ValidateParticipantJoinRequest (0.00s)
    --- PASS: TestRoundHandlers_HandleParticipantJoinValidationRequest/Service_success_but_CreateResultMessage_fails (0.00s)
    --- PASS: TestRoundHandlers_HandleParticipantJoinValidationRequest/Service_failure_with_non-error_result (0.00s)
    --- PASS: TestRoundHandlers_HandleParticipantJoinValidationRequest/Service_failure_with_error_result_and_CreateResultMessage_fails (0.00s)
    --- PASS: TestRoundHandlers_HandleParticipantJoinValidationRequest/Unknown_result_from_ValidateParticipantJoinRequest (0.00s)
    --- PASS: TestRoundHandlers_HandleParticipantJoinValidationRequest/Invalid_payload_type (0.00s)
=== RUN   TestRoundHandlers_HandleParticipantRemovalRequest
=== RUN   TestRoundHandlers_HandleParticipantRemovalRequest/Successfully_handle_ParticipantRemovalRequest
=== RUN   TestRoundHandlers_HandleParticipantRemovalRequest/Fail_to_unmarshal_payload
=== RUN   TestRoundHandlers_HandleParticipantRemovalRequest/Service_failure_in_ParticipantRemoval
=== RUN   TestRoundHandlers_HandleParticipantRemovalRequest/Service_success_but_CreateResultMessage_fails
=== RUN   TestRoundHandlers_HandleParticipantRemovalRequest/Service_failure_with_non-error_result
=== RUN   TestRoundHandlers_HandleParticipantRemovalRequest/Service_failure_with_error_result_and_CreateResultMessage_fails
=== RUN   TestRoundHandlers_HandleParticipantRemovalRequest/Unknown_result_from_ParticipantRemoval
=== RUN   TestRoundHandlers_HandleParticipantRemovalRequest/Invalid_payload_type
--- PASS: TestRoundHandlers_HandleParticipantRemovalRequest (0.00s)
    --- PASS: TestRoundHandlers_HandleParticipantRemovalRequest/Successfully_handle_ParticipantRemovalRequest (0.00s)
    --- PASS: TestRoundHandlers_HandleParticipantRemovalRequest/Fail_to_unmarshal_payload (0.00s)
    --- PASS: TestRoundHandlers_HandleParticipantRemovalRequest/Service_failure_in_ParticipantRemoval (0.00s)
    --- PASS: TestRoundHandlers_HandleParticipantRemovalRequest/Service_success_but_CreateResultMessage_fails (0.00s)
    --- PASS: TestRoundHandlers_HandleParticipantRemovalRequest/Service_failure_with_non-error_result (0.00s)
    --- PASS: TestRoundHandlers_HandleParticipantRemovalRequest/Service_failure_with_error_result_and_CreateResultMessage_fails (0.00s)
    --- PASS: TestRoundHandlers_HandleParticipantRemovalRequest/Unknown_result_from_ParticipantRemoval (0.00s)
    --- PASS: TestRoundHandlers_HandleParticipantRemovalRequest/Invalid_payload_type (0.00s)
=== RUN   TestRoundHandlers_HandleScheduledRoundTagUpdate
=== RUN   TestRoundHandlers_HandleScheduledRoundTagUpdate/Successfully_handle_ScheduledRoundTagUpdate
=== RUN   TestRoundHandlers_HandleScheduledRoundTagUpdate/Fail_to_unmarshal_payload
=== RUN   TestRoundHandlers_HandleScheduledRoundTagUpdate/Service_failure_in_UpdateScheduledRoundsWithNewTags
=== RUN   TestRoundHandlers_HandleScheduledRoundTagUpdate/Service_returns_failure_payload
=== RUN   TestRoundHandlers_HandleScheduledRoundTagUpdate/Service_success_but_CreateResultMessage_fails
=== RUN   TestRoundHandlers_HandleScheduledRoundTagUpdate/Unknown_result_from_UpdateScheduledRoundsWithNewTags
--- PASS: TestRoundHandlers_HandleScheduledRoundTagUpdate (0.00s)
    --- PASS: TestRoundHandlers_HandleScheduledRoundTagUpdate/Successfully_handle_ScheduledRoundTagUpdate (0.00s)
    --- PASS: TestRoundHandlers_HandleScheduledRoundTagUpdate/Fail_to_unmarshal_payload (0.00s)
    --- PASS: TestRoundHandlers_HandleScheduledRoundTagUpdate/Service_failure_in_UpdateScheduledRoundsWithNewTags (0.00s)
    --- PASS: TestRoundHandlers_HandleScheduledRoundTagUpdate/Service_returns_failure_payload (0.00s)
    --- PASS: TestRoundHandlers_HandleScheduledRoundTagUpdate/Service_success_but_CreateResultMessage_fails (0.00s)
    --- PASS: TestRoundHandlers_HandleScheduledRoundTagUpdate/Unknown_result_from_UpdateScheduledRoundsWithNewTags (0.00s)
=== RUN   TestRoundHandlers_HandleRoundReminder
=== RUN   TestRoundHandlers_HandleRoundReminder/Successfully_handle_RoundReminder
=== RUN   TestRoundHandlers_HandleRoundReminder/Successfully_handle_RoundReminder_with_no_participants
=== RUN   TestRoundHandlers_HandleRoundReminder/Fail_to_unmarshal_payload
=== RUN   TestRoundHandlers_HandleRoundReminder/Service_failure_in_ProcessRoundReminder
=== RUN   TestRoundHandlers_HandleRoundReminder/Service_success_but_CreateResultMessage_fails
=== RUN   TestRoundHandlers_HandleRoundReminder/Unknown_result_from_ProcessRoundReminder
=== RUN   TestRoundHandlers_HandleRoundReminder/Failure_result_from_ProcessRoundReminder
--- PASS: TestRoundHandlers_HandleRoundReminder (0.00s)
    --- PASS: TestRoundHandlers_HandleRoundReminder/Successfully_handle_RoundReminder (0.00s)
    --- PASS: TestRoundHandlers_HandleRoundReminder/Successfully_handle_RoundReminder_with_no_participants (0.00s)
    --- PASS: TestRoundHandlers_HandleRoundReminder/Fail_to_unmarshal_payload (0.00s)
    --- PASS: TestRoundHandlers_HandleRoundReminder/Service_failure_in_ProcessRoundReminder (0.00s)
    --- PASS: TestRoundHandlers_HandleRoundReminder/Service_success_but_CreateResultMessage_fails (0.00s)
    --- PASS: TestRoundHandlers_HandleRoundReminder/Unknown_result_from_ProcessRoundReminder (0.00s)
    --- PASS: TestRoundHandlers_HandleRoundReminder/Failure_result_from_ProcessRoundReminder (0.00s)
=== RUN   TestRoundHandlers_HandleGetRoundRequest
=== RUN   TestRoundHandlers_HandleGetRoundRequest/Successfully_handle_GetRoundRequest
=== RUN   TestRoundHandlers_HandleGetRoundRequest/Fail_to_unmarshal_payload
=== RUN   TestRoundHandlers_HandleGetRoundRequest/Service_failure_in_GetRound
=== RUN   TestRoundHandlers_HandleGetRoundRequest/Service_success_but_CreateResultMessage_fails
=== RUN   TestRoundHandlers_HandleGetRoundRequest/Unknown_result_from_GetRound
=== RUN   TestRoundHandlers_HandleGetRoundRequest/Failure_result_from_GetRound
--- PASS: TestRoundHandlers_HandleGetRoundRequest (0.00s)
    --- PASS: TestRoundHandlers_HandleGetRoundRequest/Successfully_handle_GetRoundRequest (0.00s)
    --- PASS: TestRoundHandlers_HandleGetRoundRequest/Fail_to_unmarshal_payload (0.00s)
    --- PASS: TestRoundHandlers_HandleGetRoundRequest/Service_failure_in_GetRound (0.00s)
    --- PASS: TestRoundHandlers_HandleGetRoundRequest/Service_success_but_CreateResultMessage_fails (0.00s)
    --- PASS: TestRoundHandlers_HandleGetRoundRequest/Unknown_result_from_GetRound (0.00s)
    --- PASS: TestRoundHandlers_HandleGetRoundRequest/Failure_result_from_GetRound (0.00s)
=== RUN   TestRoundHandlers_HandleDiscordMessageIDUpdated
=== RUN   TestRoundHandlers_HandleDiscordMessageIDUpdated/Successfully_handle_DiscordMessageIDUpdated
=== RUN   TestRoundHandlers_HandleDiscordMessageIDUpdated/Fail_to_unmarshal_payload
=== RUN   TestRoundHandlers_HandleDiscordMessageIDUpdated/Service_failure_in_ScheduleRoundEvents
=== RUN   TestRoundHandlers_HandleDiscordMessageIDUpdated/Unknown_result_from_ScheduleRoundEvents
=== RUN   TestRoundHandlers_HandleDiscordMessageIDUpdated/Failure_result_from_ScheduleRoundEvents
=== RUN   TestRoundHandlers_HandleDiscordMessageIDUpdated/Failure_result_from_ScheduleRoundEvents_and_CreateResultMessage_fails
--- PASS: TestRoundHandlers_HandleDiscordMessageIDUpdated (0.00s)
    --- PASS: TestRoundHandlers_HandleDiscordMessageIDUpdated/Successfully_handle_DiscordMessageIDUpdated (0.00s)
    --- PASS: TestRoundHandlers_HandleDiscordMessageIDUpdated/Fail_to_unmarshal_payload (0.00s)
    --- PASS: TestRoundHandlers_HandleDiscordMessageIDUpdated/Service_failure_in_ScheduleRoundEvents (0.00s)
    --- PASS: TestRoundHandlers_HandleDiscordMessageIDUpdated/Unknown_result_from_ScheduleRoundEvents (0.00s)
    --- PASS: TestRoundHandlers_HandleDiscordMessageIDUpdated/Failure_result_from_ScheduleRoundEvents (0.00s)
    --- PASS: TestRoundHandlers_HandleDiscordMessageIDUpdated/Failure_result_from_ScheduleRoundEvents_and_CreateResultMessage_fails (0.00s)
=== RUN   TestRoundHandlers_HandleScoreUpdateRequest
=== RUN   TestRoundHandlers_HandleScoreUpdateRequest/Successfully_handle_ScoreUpdateRequest
=== RUN   TestRoundHandlers_HandleScoreUpdateRequest/Fail_to_unmarshal_payload
=== RUN   TestRoundHandlers_HandleScoreUpdateRequest/Service_failure_in_ValidateScoreUpdateRequest
=== RUN   TestRoundHandlers_HandleScoreUpdateRequest/Service_success_but_CreateResultMessage_fails
=== RUN   TestRoundHandlers_HandleScoreUpdateRequest/Unknown_result_from_ValidateScoreUpdateRequest
=== RUN   TestRoundHandlers_HandleScoreUpdateRequest/Failure_result_from_ValidateScoreUpdateRequest
--- PASS: TestRoundHandlers_HandleScoreUpdateRequest (0.00s)
    --- PASS: TestRoundHandlers_HandleScoreUpdateRequest/Successfully_handle_ScoreUpdateRequest (0.00s)
    --- PASS: TestRoundHandlers_HandleScoreUpdateRequest/Fail_to_unmarshal_payload (0.00s)
    --- PASS: TestRoundHandlers_HandleScoreUpdateRequest/Service_failure_in_ValidateScoreUpdateRequest (0.00s)
    --- PASS: TestRoundHandlers_HandleScoreUpdateRequest/Service_success_but_CreateResultMessage_fails (0.00s)
    --- PASS: TestRoundHandlers_HandleScoreUpdateRequest/Unknown_result_from_ValidateScoreUpdateRequest (0.00s)
    --- PASS: TestRoundHandlers_HandleScoreUpdateRequest/Failure_result_from_ValidateScoreUpdateRequest (0.00s)
=== RUN   TestRoundHandlers_HandleScoreUpdateValidated
=== RUN   TestRoundHandlers_HandleScoreUpdateValidated/Successfully_handle_ScoreUpdateValidated
=== RUN   TestRoundHandlers_HandleScoreUpdateValidated/Fail_to_unmarshal_payload
=== RUN   TestRoundHandlers_HandleScoreUpdateValidated/Service_failure_in_UpdateParticipantScore
=== RUN   TestRoundHandlers_HandleScoreUpdateValidated/Service_success_but_CreateResultMessage_fails
=== RUN   TestRoundHandlers_HandleScoreUpdateValidated/Unknown_result_from_UpdateParticipantScore
=== RUN   TestRoundHandlers_HandleScoreUpdateValidated/Failure_result_from_UpdateParticipantScore
--- PASS: TestRoundHandlers_HandleScoreUpdateValidated (0.00s)
    --- PASS: TestRoundHandlers_HandleScoreUpdateValidated/Successfully_handle_ScoreUpdateValidated (0.00s)
    --- PASS: TestRoundHandlers_HandleScoreUpdateValidated/Fail_to_unmarshal_payload (0.00s)
    --- PASS: TestRoundHandlers_HandleScoreUpdateValidated/Service_failure_in_UpdateParticipantScore (0.00s)
    --- PASS: TestRoundHandlers_HandleScoreUpdateValidated/Service_success_but_CreateResultMessage_fails (0.00s)
    --- PASS: TestRoundHandlers_HandleScoreUpdateValidated/Unknown_result_from_UpdateParticipantScore (0.00s)
    --- PASS: TestRoundHandlers_HandleScoreUpdateValidated/Failure_result_from_UpdateParticipantScore (0.00s)
=== RUN   TestRoundHandlers_HandleParticipantScoreUpdated
=== RUN   TestRoundHandlers_HandleParticipantScoreUpdated/Successfully_handle_ParticipantScoreUpdated
=== RUN   TestRoundHandlers_HandleParticipantScoreUpdated/Fail_to_unmarshal_payload
=== RUN   TestRoundHandlers_HandleParticipantScoreUpdated/Service_failure_in_CheckAllScoresSubmitted
=== RUN   TestRoundHandlers_HandleParticipantScoreUpdated/Service_success_but_CreateResultMessage_fails
=== RUN   TestRoundHandlers_HandleParticipantScoreUpdated/Unknown_result_from_CheckAllScoresSubmitted
=== RUN   TestRoundHandlers_HandleParticipantScoreUpdated/Failure_result_from_CheckAllScoresSubmitted
--- PASS: TestRoundHandlers_HandleParticipantScoreUpdated (0.00s)
    --- PASS: TestRoundHandlers_HandleParticipantScoreUpdated/Successfully_handle_ParticipantScoreUpdated (0.00s)
    --- PASS: TestRoundHandlers_HandleParticipantScoreUpdated/Fail_to_unmarshal_payload (0.00s)
    --- PASS: TestRoundHandlers_HandleParticipantScoreUpdated/Service_failure_in_CheckAllScoresSubmitted (0.00s)
    --- PASS: TestRoundHandlers_HandleParticipantScoreUpdated/Service_success_but_CreateResultMessage_fails (0.00s)
    --- PASS: TestRoundHandlers_HandleParticipantScoreUpdated/Unknown_result_from_CheckAllScoresSubmitted (0.00s)
    --- PASS: TestRoundHandlers_HandleParticipantScoreUpdated/Failure_result_from_CheckAllScoresSubmitted (0.00s)
=== RUN   TestRoundHandlers_HandleRoundStarted
=== RUN   TestRoundHandlers_HandleRoundStarted/Successfully_handle_RoundStarted
=== RUN   TestRoundHandlers_HandleRoundStarted/Fail_to_unmarshal_payload
=== RUN   TestRoundHandlers_HandleRoundStarted/Service_failure_in_ProcessRoundStart
=== RUN   TestRoundHandlers_HandleRoundStarted/Service_success_but_CreateResultMessage_fails
=== RUN   TestRoundHandlers_HandleRoundStarted/Unknown_result_from_ProcessRoundStart
=== RUN   TestRoundHandlers_HandleRoundStarted/Failure_result_from_ProcessRoundStart
--- PASS: TestRoundHandlers_HandleRoundStarted (0.00s)
    --- PASS: TestRoundHandlers_HandleRoundStarted/Successfully_handle_RoundStarted (0.00s)
    --- PASS: TestRoundHandlers_HandleRoundStarted/Fail_to_unmarshal_payload (0.00s)
    --- PASS: TestRoundHandlers_HandleRoundStarted/Service_failure_in_ProcessRoundStart (0.00s)
    --- PASS: TestRoundHandlers_HandleRoundStarted/Service_success_but_CreateResultMessage_fails (0.00s)
    --- PASS: TestRoundHandlers_HandleRoundStarted/Unknown_result_from_ProcessRoundStart (0.00s)
    --- PASS: TestRoundHandlers_HandleRoundStarted/Failure_result_from_ProcessRoundStart (0.00s)
=== RUN   TestRoundHandlers_HandleRoundUpdateRequest
=== RUN   TestRoundHandlers_HandleRoundUpdateRequest/Successfully_handle_RoundUpdateRequest
=== RUN   TestRoundHandlers_HandleRoundUpdateRequest/Fail_to_unmarshal_payload
=== RUN   TestRoundHandlers_HandleRoundUpdateRequest/Service_failure_in_ValidateRoundUpdateRequest
=== RUN   TestRoundHandlers_HandleRoundUpdateRequest/Service_success_but_CreateResultMessage_fails
=== RUN   TestRoundHandlers_HandleRoundUpdateRequest/Unknown_result_from_ValidateRoundUpdateRequest
=== RUN   TestRoundHandlers_HandleRoundUpdateRequest/Failure_result_from_ValidateRoundUpdateRequest
--- PASS: TestRoundHandlers_HandleRoundUpdateRequest (0.00s)
    --- PASS: TestRoundHandlers_HandleRoundUpdateRequest/Successfully_handle_RoundUpdateRequest (0.00s)
    --- PASS: TestRoundHandlers_HandleRoundUpdateRequest/Fail_to_unmarshal_payload (0.00s)
    --- PASS: TestRoundHandlers_HandleRoundUpdateRequest/Service_failure_in_ValidateRoundUpdateRequest (0.00s)
    --- PASS: TestRoundHandlers_HandleRoundUpdateRequest/Service_success_but_CreateResultMessage_fails (0.00s)
    --- PASS: TestRoundHandlers_HandleRoundUpdateRequest/Unknown_result_from_ValidateRoundUpdateRequest (0.00s)
    --- PASS: TestRoundHandlers_HandleRoundUpdateRequest/Failure_result_from_ValidateRoundUpdateRequest (0.00s)
=== RUN   TestRoundHandlers_HandleRoundUpdateValidated
=== RUN   TestRoundHandlers_HandleRoundUpdateValidated/Successfully_handle_RoundUpdateValidated
=== RUN   TestRoundHandlers_HandleRoundUpdateValidated/Fail_to_unmarshal_payload
=== RUN   TestRoundHandlers_HandleRoundUpdateValidated/Service_failure_in_UpdateRoundEntity
=== RUN   TestRoundHandlers_HandleRoundUpdateValidated/Service_success_but_CreateResultMessage_fails
=== RUN   TestRoundHandlers_HandleRoundUpdateValidated/Unknown_result_from_UpdateRoundEntity
=== RUN   TestRoundHandlers_HandleRoundUpdateValidated/Failure_result_from_UpdateRoundEntity
--- PASS: TestRoundHandlers_HandleRoundUpdateValidated (0.00s)
    --- PASS: TestRoundHandlers_HandleRoundUpdateValidated/Successfully_handle_RoundUpdateValidated (0.00s)
    --- PASS: TestRoundHandlers_HandleRoundUpdateValidated/Fail_to_unmarshal_payload (0.00s)
    --- PASS: TestRoundHandlers_HandleRoundUpdateValidated/Service_failure_in_UpdateRoundEntity (0.00s)
    --- PASS: TestRoundHandlers_HandleRoundUpdateValidated/Service_success_but_CreateResultMessage_fails (0.00s)
    --- PASS: TestRoundHandlers_HandleRoundUpdateValidated/Unknown_result_from_UpdateRoundEntity (0.00s)
    --- PASS: TestRoundHandlers_HandleRoundUpdateValidated/Failure_result_from_UpdateRoundEntity (0.00s)
=== RUN   TestRoundHandlers_HandleRoundScheduleUpdate
=== RUN   TestRoundHandlers_HandleRoundScheduleUpdate/Successfully_handle_RoundScheduleUpdate
=== RUN   TestRoundHandlers_HandleRoundScheduleUpdate/Fail_to_unmarshal_payload
=== RUN   TestRoundHandlers_HandleRoundScheduleUpdate/Service_failure_in_UpdateScheduledRoundEvents
=== RUN   TestRoundHandlers_HandleRoundScheduleUpdate/Service_success_but_CreateResultMessage_fails
=== RUN   TestRoundHandlers_HandleRoundScheduleUpdate/Unknown_result_from_UpdateScheduledRoundEvents
=== RUN   TestRoundHandlers_HandleRoundScheduleUpdate/Failure_result_from_UpdateScheduledRoundEvents
--- PASS: TestRoundHandlers_HandleRoundScheduleUpdate (0.00s)
    --- PASS: TestRoundHandlers_HandleRoundScheduleUpdate/Successfully_handle_RoundScheduleUpdate (0.00s)
    --- PASS: TestRoundHandlers_HandleRoundScheduleUpdate/Fail_to_unmarshal_payload (0.00s)
    --- PASS: TestRoundHandlers_HandleRoundScheduleUpdate/Service_failure_in_UpdateScheduledRoundEvents (0.00s)
    --- PASS: TestRoundHandlers_HandleRoundScheduleUpdate/Service_success_but_CreateResultMessage_fails (0.00s)
    --- PASS: TestRoundHandlers_HandleRoundScheduleUpdate/Unknown_result_from_UpdateScheduledRoundEvents (0.00s)
    --- PASS: TestRoundHandlers_HandleRoundScheduleUpdate/Failure_result_from_UpdateScheduledRoundEvents (0.00s)
PASS
coverage: 15.3% of statements in ./app/...
ok  	github.com/Black-And-White-Club/frolf-bot/app/modules/round/infrastructure/handlers	1.259s	coverage: 15.3% of statements in ./app/...
	github.com/Black-And-White-Club/frolf-bot/app/modules/round/infrastructure/handlers/mocks		coverage: 0.0% of statements
	github.com/Black-And-White-Club/frolf-bot/app/modules/round/infrastructure/repositories		coverage: 0.0% of statements
	github.com/Black-And-White-Club/frolf-bot/app/modules/round/infrastructure/repositories/migrations		coverage: 0.0% of statements
	github.com/Black-And-White-Club/frolf-bot/app/modules/round/infrastructure/repositories/mocks		coverage: 0.0% of statements
	github.com/Black-And-White-Club/frolf-bot/app/modules/round/infrastructure/router		coverage: 0.0% of statements
	github.com/Black-And-White-Club/frolf-bot/app/modules/round/infrastructure/router/mocks		coverage: 0.0% of statements
	github.com/Black-And-White-Club/frolf-bot/app/modules/round/mocks		coverage: 0.0% of statements
=== RUN   TestNewTimeParser
=== RUN   TestNewTimeParser/Create_TimeParser
--- PASS: TestNewTimeParser (0.00s)
    --- PASS: TestNewTimeParser/Create_TimeParser (0.00s)
=== RUN   TestTimeParser_GetTimezoneFromInput
=== RUN   TestTimeParser_GetTimezoneFromInput/Valid_timezone_PST
=== RUN   TestTimeParser_GetTimezoneFromInput/Valid_timezone_EST
=== RUN   TestTimeParser_GetTimezoneFromInput/Invalid_timezone
2025/05/30 09:04:44 WARN Unknown timezone, falling back to default input="What time is it?"
=== RUN   TestTimeParser_GetTimezoneFromInput/Mixed_case_timezone
=== RUN   TestTimeParser_GetTimezoneFromInput/Valid_full_timezone_name
=== RUN   TestTimeParser_GetTimezoneFromInput/Unknown_abbreviation
2025/05/30 09:04:44 WARN Unknown timezone, falling back to default input=XYZ
--- PASS: TestTimeParser_GetTimezoneFromInput (0.00s)
    --- PASS: TestTimeParser_GetTimezoneFromInput/Valid_timezone_PST (0.00s)
    --- PASS: TestTimeParser_GetTimezoneFromInput/Valid_timezone_EST (0.00s)
    --- PASS: TestTimeParser_GetTimezoneFromInput/Invalid_timezone (0.00s)
    --- PASS: TestTimeParser_GetTimezoneFromInput/Mixed_case_timezone (0.00s)
    --- PASS: TestTimeParser_GetTimezoneFromInput/Valid_full_timezone_name (0.00s)
    --- PASS: TestTimeParser_GetTimezoneFromInput/Unknown_abbreviation (0.00s)
=== RUN   TestTimeParser_ParseUserTimeInput
=== RUN   TestTimeParser_ParseUserTimeInput/Valid_time_in_PDT
2025/05/30 09:04:44 INFO Timezone override user_timezone=America/Los_Angeles
2025/05/30 09:04:44 INFO Parsed time using when parsed_time=2027-06-06T17:00:00-07:00
=== RUN   TestTimeParser_ParseUserTimeInput/Unknown_timezone_uses_fallback
2025/05/30 09:04:44 WARN Unknown timezone, falling back to default input=XYZ
2025/05/30 09:04:44 INFO Timezone override user_timezone=America/Chicago
2025/05/30 09:04:44 INFO Parsed time using when parsed_time=2027-06-06T17:00:00-05:00
=== RUN   TestTimeParser_ParseUserTimeInput/Invalid_date_format
2025/05/30 09:04:44 INFO Timezone override user_timezone=America/Chicago
2025/05/30 09:04:44 WARN `when` failed to parse input, falling back to manual parsing input="invalid date"
=== RUN   TestTimeParser_ParseUserTimeInput/6am_(time_already_passed)
2025/05/30 09:04:44 INFO Timezone override user_timezone=America/Chicago
2025/05/30 09:04:44 INFO Parsed time using when parsed_time=2027-06-05T06:00:00-05:00
=== RUN   TestTimeParser_ParseUserTimeInput/7pm_(time_not_yet_passed)
2025/05/30 09:04:44 INFO Timezone override user_timezone=America/Chicago
2025/05/30 09:04:44 INFO Parsed time using when parsed_time=2027-06-05T19:00:00-05:00
=== RUN   TestTimeParser_ParseUserTimeInput/Empty_timezone_string_uses_fallback
2025/05/30 09:04:44 WARN Empty timezone input, falling back to default input=""
2025/05/30 09:04:44 INFO Timezone override user_timezone=America/Chicago
2025/05/30 09:04:44 INFO Parsed time using when parsed_time=2027-06-06T17:00:00-05:00
=== RUN   TestTimeParser_ParseUserTimeInput/Malformed_time_string
2025/05/30 09:04:44 INFO Timezone override user_timezone=America/Los_Angeles
2025/05/30 09:04:44 WARN `when` failed to parse input, falling back to manual parsing input="25 pm"
=== RUN   TestTimeParser_ParseUserTimeInput/DST_Transition
2025/05/30 09:04:44 INFO Timezone override user_timezone=America/Los_Angeles
2025/05/30 09:04:44 INFO Parsed time using when parsed_time=2027-11-05T01:30:00-07:00
=== RUN   TestTimeParser_ParseUserTimeInput/Empty_startTimeStr
=== RUN   TestTimeParser_ParseUserTimeInput/Whitespace_only_startTimeStr
=== RUN   TestTimeParser_ParseUserTimeInput/Valid_time_format_932am
2025/05/30 09:04:44 INFO Timezone override user_timezone=America/Chicago
2025/05/30 09:04:44 INFO Parsed time using when parsed_time=2027-06-05T09:32:00-05:00
=== RUN   TestTimeParser_ParseUserTimeInput/Today_at_format
2025/05/30 09:04:44 INFO Timezone override user_timezone=EST
2025/05/30 09:04:44 INFO Parsed time using when parsed_time=2027-06-05T15:00:00-05:00
--- PASS: TestTimeParser_ParseUserTimeInput (0.01s)
    --- PASS: TestTimeParser_ParseUserTimeInput/Valid_time_in_PDT (0.00s)
    --- PASS: TestTimeParser_ParseUserTimeInput/Unknown_timezone_uses_fallback (0.00s)
    --- PASS: TestTimeParser_ParseUserTimeInput/Invalid_date_format (0.00s)
    --- PASS: TestTimeParser_ParseUserTimeInput/6am_(time_already_passed) (0.00s)
    --- PASS: TestTimeParser_ParseUserTimeInput/7pm_(time_not_yet_passed) (0.00s)
    --- PASS: TestTimeParser_ParseUserTimeInput/Empty_timezone_string_uses_fallback (0.00s)
    --- PASS: TestTimeParser_ParseUserTimeInput/Malformed_time_string (0.00s)
    --- PASS: TestTimeParser_ParseUserTimeInput/DST_Transition (0.00s)
    --- PASS: TestTimeParser_ParseUserTimeInput/Empty_startTimeStr (0.00s)
    --- PASS: TestTimeParser_ParseUserTimeInput/Whitespace_only_startTimeStr (0.00s)
    --- PASS: TestTimeParser_ParseUserTimeInput/Valid_time_format_932am (0.00s)
    --- PASS: TestTimeParser_ParseUserTimeInput/Today_at_format (0.00s)
PASS
coverage: 1.1% of statements in ./app/...
ok  	github.com/Black-And-White-Club/frolf-bot/app/modules/round/time_utils	1.718s	coverage: 1.1% of statements in ./app/...
	github.com/Black-And-White-Club/frolf-bot/app/modules/round/utils		coverage: 0.0% of statements
	github.com/Black-And-White-Club/frolf-bot/app/modules/score		coverage: 0.0% of statements
=== RUN   TestScoreService_CorrectScore
=== RUN   TestScoreService_CorrectScore/Successfully_corrects_score
=== RUN   TestScoreService_CorrectScore/Successfully_corrects_score_with_tag_number
=== RUN   TestScoreService_CorrectScore/Fails_due_to_database_error
=== RUN   TestScoreService_CorrectScore/Fails_due_to_invalid_tag_number
--- PASS: TestScoreService_CorrectScore (0.00s)
    --- PASS: TestScoreService_CorrectScore/Successfully_corrects_score (0.00s)
    --- PASS: TestScoreService_CorrectScore/Successfully_corrects_score_with_tag_number (0.00s)
    --- PASS: TestScoreService_CorrectScore/Fails_due_to_database_error (0.00s)
    --- PASS: TestScoreService_CorrectScore/Fails_due_to_invalid_tag_number (0.00s)
=== RUN   TestScoreService_ProcessRoundScores
=== RUN   TestScoreService_ProcessRoundScores/Successfully_processes_round_scores
=== RUN   TestScoreService_ProcessRoundScores/Fails_due_to_database_error
=== RUN   TestScoreService_ProcessRoundScores/Fails_due_to_invalid_round_ID
=== RUN   TestScoreService_ProcessRoundScores/Fails_with_empty_score_list
=== RUN   TestScoreService_ProcessRoundScores/Handles_extreme_score_values_(expects_validation_error)
--- PASS: TestScoreService_ProcessRoundScores (0.00s)
    --- PASS: TestScoreService_ProcessRoundScores/Successfully_processes_round_scores (0.00s)
    --- PASS: TestScoreService_ProcessRoundScores/Fails_due_to_database_error (0.00s)
    --- PASS: TestScoreService_ProcessRoundScores/Fails_due_to_invalid_round_ID (0.00s)
    --- PASS: TestScoreService_ProcessRoundScores/Fails_with_empty_score_list (0.00s)
    --- PASS: TestScoreService_ProcessRoundScores/Handles_extreme_score_values_(expects_validation_error) (0.00s)
=== RUN   TestNewScoreService
=== RUN   TestNewScoreService/Creates_service_with_all_dependencies
=== RUN   TestNewScoreService/Handles_nil_dependencies
--- PASS: TestNewScoreService (0.00s)
    --- PASS: TestNewScoreService/Creates_service_with_all_dependencies (0.00s)
    --- PASS: TestNewScoreService/Handles_nil_dependencies (0.00s)
=== RUN   Test_serviceWrapper
=== RUN   Test_serviceWrapper/Successful_operation
=== RUN   Test_serviceWrapper/Handles_panic_in_service_function
=== RUN   Test_serviceWrapper/Handles_service_function_returning_an_error
--- PASS: Test_serviceWrapper (0.00s)
    --- PASS: Test_serviceWrapper/Successful_operation (0.00s)
    --- PASS: Test_serviceWrapper/Handles_panic_in_service_function (0.00s)
    --- PASS: Test_serviceWrapper/Handles_service_function_returning_an_error (0.00s)
PASS
coverage: 2.7% of statements in ./app/...
ok  	github.com/Black-And-White-Club/frolf-bot/app/modules/score/application	2.367s	coverage: 2.7% of statements in ./app/...
	github.com/Black-And-White-Club/frolf-bot/app/modules/score/application/mocks		coverage: 0.0% of statements
=== RUN   TestScoreHandlers_HandleCorrectScoreRequest
=== RUN   TestScoreHandlers_HandleCorrectScoreRequest/Successfully_handle_CorrectScoreRequest
=== RUN   TestScoreHandlers_HandleCorrectScoreRequest/Fail_to_unmarshal_payload
=== RUN   TestScoreHandlers_HandleCorrectScoreRequest/Service_failure_in_CorrectScore
=== RUN   TestScoreHandlers_HandleCorrectScoreRequest/Service_returns_error
=== RUN   TestScoreHandlers_HandleCorrectScoreRequest/Service_success_but_CreateResultMessage_fails
=== RUN   TestScoreHandlers_HandleCorrectScoreRequest/Service_failure_but_CreateResultMessage_fails
=== RUN   TestScoreHandlers_HandleCorrectScoreRequest/Unknown_result_from_CorrectScore
--- PASS: TestScoreHandlers_HandleCorrectScoreRequest (0.00s)
    --- PASS: TestScoreHandlers_HandleCorrectScoreRequest/Successfully_handle_CorrectScoreRequest (0.00s)
    --- PASS: TestScoreHandlers_HandleCorrectScoreRequest/Fail_to_unmarshal_payload (0.00s)
    --- PASS: TestScoreHandlers_HandleCorrectScoreRequest/Service_failure_in_CorrectScore (0.00s)
    --- PASS: TestScoreHandlers_HandleCorrectScoreRequest/Service_returns_error (0.00s)
    --- PASS: TestScoreHandlers_HandleCorrectScoreRequest/Service_success_but_CreateResultMessage_fails (0.00s)
    --- PASS: TestScoreHandlers_HandleCorrectScoreRequest/Service_failure_but_CreateResultMessage_fails (0.00s)
    --- PASS: TestScoreHandlers_HandleCorrectScoreRequest/Unknown_result_from_CorrectScore (0.00s)
=== RUN   TestNewScoreHandlers
=== RUN   TestNewScoreHandlers/Creates_handlers_with_all_dependencies
=== RUN   TestNewScoreHandlers/Handles_nil_dependencies
--- PASS: TestNewScoreHandlers (0.00s)
    --- PASS: TestNewScoreHandlers/Creates_handlers_with_all_dependencies (0.00s)
    --- PASS: TestNewScoreHandlers/Handles_nil_dependencies (0.00s)
=== RUN   TestHandlerWrapper
=== RUN   TestHandlerWrapper/Successful_handler_execution
=== RUN   TestHandlerWrapper/Handler_returns_error
=== RUN   TestHandlerWrapper/Unmarshal_payload_fails
=== RUN   TestHandlerWrapper/Unmarshal_payload_succeeds
--- PASS: TestHandlerWrapper (0.00s)
    --- PASS: TestHandlerWrapper/Successful_handler_execution (0.00s)
    --- PASS: TestHandlerWrapper/Handler_returns_error (0.00s)
    --- PASS: TestHandlerWrapper/Unmarshal_payload_fails (0.00s)
    --- PASS: TestHandlerWrapper/Unmarshal_payload_succeeds (0.00s)
=== RUN   TestScoreHandlers_HandleProcessRoundScoresRequest
=== RUN   TestScoreHandlers_HandleProcessRoundScoresRequest/Successfully_handle_ProcessRoundScoresRequest
=== RUN   TestScoreHandlers_HandleProcessRoundScoresRequest/Fail_to_unmarshal_payload
=== RUN   TestScoreHandlers_HandleProcessRoundScoresRequest/Service_failure_in_ProcessRoundScores
=== RUN   TestScoreHandlers_HandleProcessRoundScoresRequest/Service_success_but_CreateResultMessage_fails
=== RUN   TestScoreHandlers_HandleProcessRoundScoresRequest/Service_failure_and_CreateResultMessage_fails
=== RUN   TestScoreHandlers_HandleProcessRoundScoresRequest/Unknown_result_from_ProcessRoundScores
=== RUN   TestScoreHandlers_HandleProcessRoundScoresRequest/Service_returns_direct_error
=== RUN   TestScoreHandlers_HandleProcessRoundScoresRequest/Service_returns_wrong_failure_payload_type
--- PASS: TestScoreHandlers_HandleProcessRoundScoresRequest (0.00s)
    --- PASS: TestScoreHandlers_HandleProcessRoundScoresRequest/Successfully_handle_ProcessRoundScoresRequest (0.00s)
    --- PASS: TestScoreHandlers_HandleProcessRoundScoresRequest/Fail_to_unmarshal_payload (0.00s)
    --- PASS: TestScoreHandlers_HandleProcessRoundScoresRequest/Service_failure_in_ProcessRoundScores (0.00s)
    --- PASS: TestScoreHandlers_HandleProcessRoundScoresRequest/Service_success_but_CreateResultMessage_fails (0.00s)
    --- PASS: TestScoreHandlers_HandleProcessRoundScoresRequest/Service_failure_and_CreateResultMessage_fails (0.00s)
    --- PASS: TestScoreHandlers_HandleProcessRoundScoresRequest/Unknown_result_from_ProcessRoundScores (0.00s)
    --- PASS: TestScoreHandlers_HandleProcessRoundScoresRequest/Service_returns_direct_error (0.00s)
    --- PASS: TestScoreHandlers_HandleProcessRoundScoresRequest/Service_returns_wrong_failure_payload_type (0.00s)
PASS
coverage: 2.3% of statements in ./app/...
ok  	github.com/Black-And-White-Club/frolf-bot/app/modules/score/infrastructure/handlers	3.416s	coverage: 2.3% of statements in ./app/...
	github.com/Black-And-White-Club/frolf-bot/app/modules/score/infrastructure/handlers/mocks		coverage: 0.0% of statements
	github.com/Black-And-White-Club/frolf-bot/app/modules/score/infrastructure/repositories		coverage: 0.0% of statements
	github.com/Black-And-White-Club/frolf-bot/app/modules/score/infrastructure/repositories/migrations		coverage: 0.0% of statements
	github.com/Black-And-White-Club/frolf-bot/app/modules/score/infrastructure/repositories/mocks		coverage: 0.0% of statements
	github.com/Black-And-White-Club/frolf-bot/app/modules/score/infrastructure/router		coverage: 0.0% of statements
	github.com/Black-And-White-Club/frolf-bot/app/modules/score/infrastructure/router/mocks		coverage: 0.0% of statements
	github.com/Black-And-White-Club/frolf-bot/app/modules/user		coverage: 0.0% of statements
=== RUN   TestNewUserService
=== RUN   TestNewUserService/Creates_service_with_all_dependencies
=== RUN   TestNewUserService/Handles_nil_dependencies
--- PASS: TestNewUserService (0.00s)
    --- PASS: TestNewUserService/Creates_service_with_all_dependencies (0.00s)
    --- PASS: TestNewUserService/Handles_nil_dependencies (0.00s)
=== RUN   Test_serviceWrapper
=== RUN   Test_serviceWrapper/Successful_operation
=== RUN   Test_serviceWrapper/Handles_panic_in_service_function
=== RUN   Test_serviceWrapper/Handles_service_function_returning_an_error
--- PASS: Test_serviceWrapper (0.00s)
    --- PASS: Test_serviceWrapper/Successful_operation (0.00s)
    --- PASS: Test_serviceWrapper/Handles_panic_in_service_function (0.00s)
    --- PASS: Test_serviceWrapper/Handles_service_function_returning_an_error (0.00s)
=== RUN   TestUserServiceImpl_CreateUser
=== RUN   TestUserServiceImpl_CreateUser/Successfully_creates_a_user
=== RUN   TestUserServiceImpl_CreateUser/Fails_to_create_a_user_due_to_DB_error
=== RUN   TestUserServiceImpl_CreateUser/With_nil_tag_pointer
=== RUN   TestUserServiceImpl_CreateUser/Fails_due_to_unexpected_database_error
=== RUN   TestUserServiceImpl_CreateUser/Fails_due_to_empty_Discord_ID
=== RUN   TestUserServiceImpl_CreateUser/Fails_due_to_negative_tag_number
=== RUN   TestUserServiceImpl_CreateUser/Fails_due_to_nil_context
--- PASS: TestUserServiceImpl_CreateUser (0.00s)
    --- PASS: TestUserServiceImpl_CreateUser/Successfully_creates_a_user (0.00s)
    --- PASS: TestUserServiceImpl_CreateUser/Fails_to_create_a_user_due_to_DB_error (0.00s)
    --- PASS: TestUserServiceImpl_CreateUser/With_nil_tag_pointer (0.00s)
    --- PASS: TestUserServiceImpl_CreateUser/Fails_due_to_unexpected_database_error (0.00s)
    --- PASS: TestUserServiceImpl_CreateUser/Fails_due_to_empty_Discord_ID (0.00s)
    --- PASS: TestUserServiceImpl_CreateUser/Fails_due_to_negative_tag_number (0.00s)
    --- PASS: TestUserServiceImpl_CreateUser/Fails_due_to_nil_context (0.00s)
=== RUN   TestUserServiceImpl_GetUser
=== RUN   TestUserServiceImpl_GetUser/Successfully_retrieves_user
=== RUN   TestUserServiceImpl_GetUser/User_not_found
=== RUN   TestUserServiceImpl_GetUser/Database_error_retrieving_user
--- PASS: TestUserServiceImpl_GetUser (0.00s)
    --- PASS: TestUserServiceImpl_GetUser/Successfully_retrieves_user (0.00s)
    --- PASS: TestUserServiceImpl_GetUser/User_not_found (0.00s)
    --- PASS: TestUserServiceImpl_GetUser/Database_error_retrieving_user (0.00s)
=== RUN   TestUserServiceImpl_GetUserRole
=== RUN   TestUserServiceImpl_GetUserRole/Successfully_retrieves_user_role
=== RUN   TestUserServiceImpl_GetUserRole/Database_error_retrieving_user_role
=== RUN   TestUserServiceImpl_GetUserRole/Retrieved_invalid_user_role
--- PASS: TestUserServiceImpl_GetUserRole (0.00s)
    --- PASS: TestUserServiceImpl_GetUserRole/Successfully_retrieves_user_role (0.00s)
    --- PASS: TestUserServiceImpl_GetUserRole/Database_error_retrieving_user_role (0.00s)
    --- PASS: TestUserServiceImpl_GetUserRole/Retrieved_invalid_user_role (0.00s)
=== RUN   TestUserServiceImpl_UpdateUserRoleInDatabase
=== RUN   TestUserServiceImpl_UpdateUserRoleInDatabase/Successfully_updates_user_role
=== RUN   TestUserServiceImpl_UpdateUserRoleInDatabase/Fails_due_to_invalid_role
=== RUN   TestUserServiceImpl_UpdateUserRoleInDatabase/Fails_due_to_user_not_found
=== RUN   TestUserServiceImpl_UpdateUserRoleInDatabase/Fails_due_to_database_error
--- PASS: TestUserServiceImpl_UpdateUserRoleInDatabase (0.00s)
    --- PASS: TestUserServiceImpl_UpdateUserRoleInDatabase/Successfully_updates_user_role (0.00s)
    --- PASS: TestUserServiceImpl_UpdateUserRoleInDatabase/Fails_due_to_invalid_role (0.00s)
    --- PASS: TestUserServiceImpl_UpdateUserRoleInDatabase/Fails_due_to_user_not_found (0.00s)
    --- PASS: TestUserServiceImpl_UpdateUserRoleInDatabase/Fails_due_to_database_error (0.00s)
PASS
coverage: 3.5% of statements in ./app/...
ok  	github.com/Black-And-White-Club/frolf-bot/app/modules/user/application	3.492s	coverage: 3.5% of statements in ./app/...
	github.com/Black-And-White-Club/frolf-bot/app/modules/user/application/mocks		coverage: 0.0% of statements
=== RUN   TestNewUserHandlers
--- PASS: TestNewUserHandlers (0.00s)
=== RUN   TestHandlerWrapper
=== RUN   TestHandlerWrapper/Successful_execution
=== RUN   TestHandlerWrapper/Handler_returns_error
--- PASS: TestHandlerWrapper (0.00s)
    --- PASS: TestHandlerWrapper/Successful_execution (0.00s)
    --- PASS: TestHandlerWrapper/Handler_returns_error (0.00s)
=== RUN   TestUserHandlers_HandleTagAvailable
=== RUN   TestUserHandlers_HandleTagAvailable/Successfully_handle_TagAvailable_event
=== RUN   TestUserHandlers_HandleTagAvailable/Fail_to_create_user
=== RUN   TestUserHandlers_HandleTagAvailable/Fail_to_unmarshal_payload
=== RUN   TestUserHandlers_HandleTagAvailable/Service_failure_in_CreateUser
=== RUN   TestUserHandlers_HandleTagAvailable/Failure_to_create_success_message
=== RUN   TestUserHandlers_HandleTagAvailable/Unknown_result_from_CreateUser
--- PASS: TestUserHandlers_HandleTagAvailable (0.00s)
    --- PASS: TestUserHandlers_HandleTagAvailable/Successfully_handle_TagAvailable_event (0.00s)
    --- PASS: TestUserHandlers_HandleTagAvailable/Fail_to_create_user (0.00s)
    --- PASS: TestUserHandlers_HandleTagAvailable/Fail_to_unmarshal_payload (0.00s)
    --- PASS: TestUserHandlers_HandleTagAvailable/Service_failure_in_CreateUser (0.00s)
    --- PASS: TestUserHandlers_HandleTagAvailable/Failure_to_create_success_message (0.00s)
    --- PASS: TestUserHandlers_HandleTagAvailable/Unknown_result_from_CreateUser (0.00s)
=== RUN   TestUserHandlers_HandleTagUnavailable
=== RUN   TestUserHandlers_HandleTagUnavailable/Successfully_handle_TagUnavailable_event
=== RUN   TestUserHandlers_HandleTagUnavailable/Fail_to_unmarshal_payload
--- PASS: TestUserHandlers_HandleTagUnavailable (0.00s)
    --- PASS: TestUserHandlers_HandleTagUnavailable/Successfully_handle_TagUnavailable_event (0.00s)
    --- PASS: TestUserHandlers_HandleTagUnavailable/Fail_to_unmarshal_payload (0.00s)
=== RUN   TestUserHandlers_HandleUserSignupRequest
=== RUN   TestUserHandlers_HandleUserSignupRequest/Successful_signup_with_tag
=== RUN   TestUserHandlers_HandleUserSignupRequest/Successful_signup_without_tag
=== RUN   TestUserHandlers_HandleUserSignupRequest/Failed_signup
=== RUN   TestUserHandlers_HandleUserSignupRequest/Error_from_CreateUser
=== RUN   TestUserHandlers_HandleUserSignupRequest/Error_creating_result_message
--- PASS: TestUserHandlers_HandleUserSignupRequest (0.00s)
    --- PASS: TestUserHandlers_HandleUserSignupRequest/Successful_signup_with_tag (0.00s)
    --- PASS: TestUserHandlers_HandleUserSignupRequest/Successful_signup_without_tag (0.00s)
    --- PASS: TestUserHandlers_HandleUserSignupRequest/Failed_signup (0.00s)
    --- PASS: TestUserHandlers_HandleUserSignupRequest/Error_from_CreateUser (0.00s)
    --- PASS: TestUserHandlers_HandleUserSignupRequest/Error_creating_result_message (0.00s)
=== RUN   TestUserHandlers_HandleGetUserRequest
=== RUN   TestUserHandlers_HandleGetUserRequest/Successfully_handle_GetUser_Request
=== RUN   TestUserHandlers_HandleGetUserRequest/User_not_found
=== RUN   TestUserHandlers_HandleGetUserRequest/Fail_to_unmarshal_payload
=== RUN   TestUserHandlers_HandleGetUserRequest/Service_failure_in_GetUser
--- PASS: TestUserHandlers_HandleGetUserRequest (0.00s)
    --- PASS: TestUserHandlers_HandleGetUserRequest/Successfully_handle_GetUser_Request (0.00s)
    --- PASS: TestUserHandlers_HandleGetUserRequest/User_not_found (0.00s)
    --- PASS: TestUserHandlers_HandleGetUserRequest/Fail_to_unmarshal_payload (0.00s)
    --- PASS: TestUserHandlers_HandleGetUserRequest/Service_failure_in_GetUser (0.00s)
=== RUN   TestUserHandlers_HandleGetUserRoleRequest
=== RUN   TestUserHandlers_HandleGetUserRoleRequest/Successfully_handle_GetUserRoleRequest
=== RUN   TestUserHandlers_HandleGetUserRoleRequest/User_role_not_found
=== RUN   TestUserHandlers_HandleGetUserRoleRequest/Fail_to_unmarshal_payload
=== RUN   TestUserHandlers_HandleGetUserRoleRequest/Service_failure_in_GetUserRole
--- PASS: TestUserHandlers_HandleGetUserRoleRequest (0.00s)
    --- PASS: TestUserHandlers_HandleGetUserRoleRequest/Successfully_handle_GetUserRoleRequest (0.00s)
    --- PASS: TestUserHandlers_HandleGetUserRoleRequest/User_role_not_found (0.00s)
    --- PASS: TestUserHandlers_HandleGetUserRoleRequest/Fail_to_unmarshal_payload (0.00s)
    --- PASS: TestUserHandlers_HandleGetUserRoleRequest/Service_failure_in_GetUserRole (0.00s)
=== RUN   TestUserHandlers_HandleUserRoleUpdateRequest
=== RUN   TestUserHandlers_HandleUserRoleUpdateRequest/Successfully_handle_UserRoleUpdateRequest
=== RUN   TestUserHandlers_HandleUserRoleUpdateRequest/Failed_to_update_user_role
=== RUN   TestUserHandlers_HandleUserRoleUpdateRequest/Fail_to_unmarshal_payload
=== RUN   TestUserHandlers_HandleUserRoleUpdateRequest/Service_failure_in_UpdateUserRoleInDatabase
--- PASS: TestUserHandlers_HandleUserRoleUpdateRequest (0.00s)
    --- PASS: TestUserHandlers_HandleUserRoleUpdateRequest/Successfully_handle_UserRoleUpdateRequest (0.00s)
    --- PASS: TestUserHandlers_HandleUserRoleUpdateRequest/Failed_to_update_user_role (0.00s)
    --- PASS: TestUserHandlers_HandleUserRoleUpdateRequest/Fail_to_unmarshal_payload (0.00s)
    --- PASS: TestUserHandlers_HandleUserRoleUpdateRequest/Service_failure_in_UpdateUserRoleInDatabase (0.00s)
PASS
coverage: 5.0% of statements in ./app/...
ok  	github.com/Black-And-White-Club/frolf-bot/app/modules/user/infrastructure/handlers	3.731s	coverage: 5.0% of statements in ./app/...
	github.com/Black-And-White-Club/frolf-bot/app/modules/user/infrastructure/handlers/mocks		coverage: 0.0% of statements
	github.com/Black-And-White-Club/frolf-bot/app/modules/user/infrastructure/repositories		coverage: 0.0% of statements
	github.com/Black-And-White-Club/frolf-bot/app/modules/user/infrastructure/repositories/migrations		coverage: 0.0% of statements
	github.com/Black-And-White-Club/frolf-bot/app/modules/user/infrastructure/repositories/mocks		coverage: 0.0% of statements
	github.com/Black-And-White-Club/frolf-bot/app/modules/user/infrastructure/router		coverage: 0.0% of statements
	github.com/Black-And-White-Club/frolf-bot/app/modules/user/infrastructure/router/mocks		coverage: 0.0% of statements
?   	github.com/Black-And-White-Club/frolf-bot/integration_tests/containers	[no test files]
2025/05/30 09:04:48 TestMain started in package leaderboardintegrationtests
=== RUN   TestProcessTagAssignments
2025/05/30 09:04:48 Starting PostgreSQL container with resource limits...
2025/05/30 09:04:48 github.com/testcontainers/testcontainers-go - Connected to docker: 
  Server Version: 28.1.1
  API Version: 1.48
  Operating System: Ubuntu 24.04.1 LTS
  Total Memory: 5923 MB
  Testcontainers for Go Version: v0.37.0
  Resolved Docker Host: unix:///Users/jace/.colima/default/docker.sock
  Resolved Docker Socket Path: /var/run/docker.sock
  Test SessionID: c0f63d1f00c2fccb51afb8b814510550fc1c2073fca77f6d187de417aa37f283
  Test ProcessID: aa0c202b-9e50-4db4-bf1b-e7d59d440e2f
2025/05/30 09:04:48 🐳 Creating container for image postgres:16-alpine
2025/05/30 09:04:49 🐳 Creating container for image testcontainers/ryuk:0.11.0
2025/05/30 09:04:49 ✅ Container created: 0fe5cb7f1878
2025/05/30 09:04:49 🐳 Starting container: 0fe5cb7f1878
2025/05/30 09:04:49 ✅ Container started: 0fe5cb7f1878
2025/05/30 09:04:49 ⏳ Waiting for container id 0fe5cb7f1878 image: testcontainers/ryuk:0.11.0. Waiting for: &{Port:8080/tcp timeout:<nil> PollInterval:100ms skipInternalCheck:false}
2025/05/30 09:04:50 🔔 Container is ready: 0fe5cb7f1878
2025/05/30 09:04:50 ✅ Container created: f6a5728c8e95
2025/05/30 09:04:50 🐳 Starting container: f6a5728c8e95
2025/05/30 09:04:51 ✅ Container started: f6a5728c8e95
2025/05/30 09:04:51 ⏳ Waiting for container id f6a5728c8e95 image: postgres:16-alpine. Waiting for: &{timeout:<nil> deadline:0xc000436ef0 Strategies:[0xc000512cf0]}
2025/05/30 09:04:57 🔔 Container is ready: f6a5728c8e95
2025/05/30 09:04:57 PostgreSQL container started with resource limits and init script. URL: postgres://testuser:testpass@localhost:33889/testdb?sslmode=disable
2025/05/30 09:04:57 Starting NATS container with resource limits...
2025/05/30 09:04:57 🐳 Creating container for image nats:2.10-alpine
2025/05/30 09:04:57 ✅ Container created: 34279d418f1c
2025/05/30 09:04:57 🐳 Starting container: 34279d418f1c
2025/05/30 09:04:58 ✅ Container started: 34279d418f1c
2025/05/30 09:04:58 ⏳ Waiting for container id 34279d418f1c image: nats:2.10-alpine. Waiting for: &{timeout:<nil> deadline:0xc00069aaa8 Strategies:[0xc000032ea0 0xc000304270]}
2025/05/30 09:05:00 🔔 Container is ready: 34279d418f1c
2025/05/30 09:05:00 NATS container started with resource limits. URL: nats://localhost:33904
Creating score table...
Score table created successfully!
2025/05/30 09:05:00 Ran score migrations group #1
Creating leaderboard table...
Leaderboard table created successfully!
2025/05/30 09:05:00 Ran leaderboard migrations group #2
Creating user table...
User table created successfully!
2025/05/30 09:05:00 Ran user migrations group #3
Creating round table...
Round table created successfully!
2025/05/30 09:05:00 Ran round migrations group #4
2025/05/30 09:05:00 All migrations ran successfully
2025/05/30 09:05:00 newDBServiceWithDB - Registering models
2025/05/30 09:05:00 newDBServiceWithDB - Models registered successfully
2025/05/30 09:05:00 newDBServiceWithDB - DBService initialized: &{UserDB:0xc00011e090 RoundDB:0xc00011e158 ScoreDB:0xc00011e220 LeaderboardDB:0xc00011e230 db:0xc000674d80}
2025/05/30 09:05:00 Truncating tables: leaderboards
2025/05/30 09:05:00 Truncating tables: leaderboards
=== RUN   TestProcessTagAssignments/Successful_batch_assignment
=== RUN   TestProcessTagAssignments/Batch_assignment_with_some_invalid_tag_numbers_and_non-existent_users
    batch_tag_assign_test.go:551: Failed to set up test data: ERROR: duplicate key value violates unique constraint "users_pkey" (SQLSTATE 23505)
=== RUN   TestProcessTagAssignments/Empty_assignments_list
    batch_tag_assign_test.go:551: Failed to set up test data: ERROR: duplicate key value violates unique constraint "users_pkey" (SQLSTATE 23505)
=== RUN   TestProcessTagAssignments/Single_assignment_that_requires_tag_swap
    batch_tag_assign_test.go:551: Failed to set up test data: ERROR: duplicate key value violates unique constraint "users_pkey" (SQLSTATE 23505)
2025/05/30 09:05:00 Cleaning up test environment...
2025/05/30 09:05:00 Context cancelled.
2025/05/30 09:05:00 EventBus closed.
2025/05/30 09:05:00 NATS connection closed.
2025/05/30 09:05:00 DB connection closed.
2025/05/30 09:05:00 🐳 Stopping container: 34279d418f1c
2025/05/30 09:05:01 ✅ Container stopped: 34279d418f1c
2025/05/30 09:05:01 🐳 Terminating container: 34279d418f1c
2025/05/30 09:05:01 🚫 Container terminated: 34279d418f1c
2025/05/30 09:05:01 NATS container terminated.
2025/05/30 09:05:01 🐳 Stopping container: f6a5728c8e95
2025/05/30 09:05:01 ✅ Container stopped: f6a5728c8e95
2025/05/30 09:05:01 🐳 Terminating container: f6a5728c8e95
2025/05/30 09:05:01 🚫 Container terminated: f6a5728c8e95
2025/05/30 09:05:01 PostgreSQL container terminated.
2025/05/30 09:05:01 Cleanup complete.
--- FAIL: TestProcessTagAssignments (12.92s)
    --- PASS: TestProcessTagAssignments/Successful_batch_assignment (0.04s)
    --- FAIL: TestProcessTagAssignments/Batch_assignment_with_some_invalid_tag_numbers_and_non-existent_users (0.00s)
    --- FAIL: TestProcessTagAssignments/Empty_assignments_list (0.00s)
    --- FAIL: TestProcessTagAssignments/Single_assignment_that_requires_tag_swap (0.00s)
=== RUN   TestGetLeaderboard
2025/05/30 09:05:01 Starting PostgreSQL container with resource limits...
2025/05/30 09:05:01 🐳 Creating container for image postgres:16-alpine
2025/05/30 09:05:01 ✅ Container created: 525552a74c3c
2025/05/30 09:05:01 🐳 Starting container: 525552a74c3c
2025/05/30 09:05:02 ✅ Container started: 525552a74c3c
2025/05/30 09:05:02 ⏳ Waiting for container id 525552a74c3c image: postgres:16-alpine. Waiting for: &{timeout:<nil> deadline:0xc0000121e0 Strategies:[0xc000304960]}
2025/05/30 09:05:07 🔔 Container is ready: 525552a74c3c
2025/05/30 09:05:07 PostgreSQL container started with resource limits and init script. URL: postgres://testuser:testpass@localhost:33919/testdb?sslmode=disable
2025/05/30 09:05:07 Starting NATS container with resource limits...
2025/05/30 09:05:07 🐳 Creating container for image nats:2.10-alpine
2025/05/30 09:05:07 ✅ Container created: 3d35c32fd0f2
2025/05/30 09:05:07 🐳 Starting container: 3d35c32fd0f2
2025/05/30 09:05:08 ✅ Container started: 3d35c32fd0f2
2025/05/30 09:05:08 ⏳ Waiting for container id 3d35c32fd0f2 image: nats:2.10-alpine. Waiting for: &{timeout:<nil> deadline:0xc00088e7c0 Strategies:[0xc000886ba0 0xc0005d52c0]}
2025/05/30 09:05:09 🔔 Container is ready: 3d35c32fd0f2
2025/05/30 09:05:09 NATS container started with resource limits. URL: nats://localhost:33925
Creating user table...
User table created successfully!
2025/05/30 09:05:09 Ran user migrations group #1
Creating round table...
Round table created successfully!
2025/05/30 09:05:09 Ran round migrations group #2
Creating score table...
Score table created successfully!
2025/05/30 09:05:09 Ran score migrations group #3
Creating leaderboard table...
Leaderboard table created successfully!
2025/05/30 09:05:09 Ran leaderboard migrations group #4
2025/05/30 09:05:09 All migrations ran successfully
2025/05/30 09:05:09 newDBServiceWithDB - Registering models
2025/05/30 09:05:09 newDBServiceWithDB - Models registered successfully
2025/05/30 09:05:09 newDBServiceWithDB - DBService initialized: &{UserDB:0xc00011e448 RoundDB:0xc00011e450 ScoreDB:0xc00011e458 LeaderboardDB:0xc00011e460 db:0xc000217240}
2025/05/30 09:05:09 Truncating tables: leaderboards
2025/05/30 09:05:09 Truncating tables: leaderboards
=== RUN   TestGetLeaderboard/Successful_retrieval_of_active_leaderboard_with_data
=== RUN   TestGetLeaderboard/Retrieval_when_no_active_leaderboard_exists
=== RUN   TestGetLeaderboard/Successful_retrieval_of_active_leaderboard_with_empty_data
2025/05/30 09:05:09 Cleaning up test environment...
2025/05/30 09:05:09 Context cancelled.
2025/05/30 09:05:09 EventBus closed.
2025/05/30 09:05:09 NATS connection closed.
2025/05/30 09:05:09 DB connection closed.
2025/05/30 09:05:09 🐳 Stopping container: 3d35c32fd0f2
2025/05/30 09:05:10 ✅ Container stopped: 3d35c32fd0f2
2025/05/30 09:05:10 🐳 Terminating container: 3d35c32fd0f2
2025/05/30 09:05:10 🚫 Container terminated: 3d35c32fd0f2
2025/05/30 09:05:10 NATS container terminated.
2025/05/30 09:05:10 🐳 Stopping container: 525552a74c3c
2025/05/30 09:05:10 ✅ Container stopped: 525552a74c3c
2025/05/30 09:05:10 🐳 Terminating container: 525552a74c3c
2025/05/30 09:05:10 🚫 Container terminated: 525552a74c3c
2025/05/30 09:05:10 PostgreSQL container terminated.
2025/05/30 09:05:10 Cleanup complete.
--- PASS: TestGetLeaderboard (8.98s)
    --- PASS: TestGetLeaderboard/Successful_retrieval_of_active_leaderboard_with_data (0.02s)
    --- PASS: TestGetLeaderboard/Retrieval_when_no_active_leaderboard_exists (0.01s)
    --- PASS: TestGetLeaderboard/Successful_retrieval_of_active_leaderboard_with_empty_data (0.01s)
=== RUN   TestRoundGetTagByUserID
2025/05/30 09:05:10 Starting PostgreSQL container with resource limits...
2025/05/30 09:05:10 🐳 Creating container for image postgres:16-alpine
2025/05/30 09:05:10 ✅ Container created: ed52a79c5116
2025/05/30 09:05:10 🐳 Starting container: ed52a79c5116
2025/05/30 09:05:11 ✅ Container started: ed52a79c5116
2025/05/30 09:05:11 ⏳ Waiting for container id ed52a79c5116 image: postgres:16-alpine. Waiting for: &{timeout:<nil> deadline:0xc0005bcd60 Strategies:[0xc0003cb5c0]}
2025/05/30 09:05:14 🔔 Container is ready: ed52a79c5116
2025/05/30 09:05:14 PostgreSQL container started with resource limits and init script. URL: postgres://testuser:testpass@localhost:33946/testdb?sslmode=disable
2025/05/30 09:05:14 Starting NATS container with resource limits...
2025/05/30 09:05:14 🐳 Creating container for image nats:2.10-alpine
2025/05/30 09:05:14 ✅ Container created: 7dae83b883c7
2025/05/30 09:05:14 🐳 Starting container: 7dae83b883c7
2025/05/30 09:05:15 ✅ Container started: 7dae83b883c7
2025/05/30 09:05:15 ⏳ Waiting for container id 7dae83b883c7 image: nats:2.10-alpine. Waiting for: &{timeout:<nil> deadline:0xc000381280 Strategies:[0xc0005a6180 0xc000636360]}
2025/05/30 09:05:19 🔔 Container is ready: 7dae83b883c7
2025/05/30 09:05:19 NATS container started with resource limits. URL: nats://localhost:33956
Creating round table...
Round table created successfully!
2025/05/30 09:05:19 Ran round migrations group #1
Creating score table...
Score table created successfully!
2025/05/30 09:05:19 Ran score migrations group #2
Creating leaderboard table...
Leaderboard table created successfully!
2025/05/30 09:05:19 Ran leaderboard migrations group #3
Creating user table...
User table created successfully!
2025/05/30 09:05:19 Ran user migrations group #4
2025/05/30 09:05:19 All migrations ran successfully
2025/05/30 09:05:19 newDBServiceWithDB - Registering models
2025/05/30 09:05:19 newDBServiceWithDB - Models registered successfully
2025/05/30 09:05:19 newDBServiceWithDB - DBService initialized: &{UserDB:0xc000888298 RoundDB:0xc0008882a0 ScoreDB:0xc0008882a8 LeaderboardDB:0xc0008882b0 db:0xc0002c4780}
2025/05/30 09:05:19 Truncating tables: leaderboards
2025/05/30 09:05:19 Truncating tables: leaderboards
=== RUN   TestRoundGetTagByUserID/Successful_retrieval_of_tag_for_user_with_tag
=== RUN   TestRoundGetTagByUserID/User_exists_but_has_no_tag_number
2025/05/30 09:05:19 WARN No tag found for user in active leaderboard data user_id=user_no_tag
=== RUN   TestRoundGetTagByUserID/User_ID_not_found_in_database
2025/05/30 09:05:19 WARN No tag found for user in active leaderboard data user_id=non_existent_user
2025/05/30 09:05:19 Cleaning up test environment...
2025/05/30 09:05:19 Context cancelled.
2025/05/30 09:05:19 EventBus closed.
2025/05/30 09:05:19 NATS connection closed.
2025/05/30 09:05:19 DB connection closed.
2025/05/30 09:05:19 🐳 Stopping container: 7dae83b883c7
2025/05/30 09:05:20 ✅ Container stopped: 7dae83b883c7
2025/05/30 09:05:20 🐳 Terminating container: 7dae83b883c7
2025/05/30 09:05:20 🚫 Container terminated: 7dae83b883c7
2025/05/30 09:05:20 NATS container terminated.
2025/05/30 09:05:20 🐳 Stopping container: ed52a79c5116
2025/05/30 09:05:21 ✅ Container stopped: ed52a79c5116
2025/05/30 09:05:21 🐳 Terminating container: ed52a79c5116
2025/05/30 09:05:21 🚫 Container terminated: ed52a79c5116
2025/05/30 09:05:21 PostgreSQL container terminated.
2025/05/30 09:05:21 Cleanup complete.
--- PASS: TestRoundGetTagByUserID (10.84s)
    --- PASS: TestRoundGetTagByUserID/Successful_retrieval_of_tag_for_user_with_tag (0.02s)
    --- PASS: TestRoundGetTagByUserID/User_exists_but_has_no_tag_number (0.02s)
    --- PASS: TestRoundGetTagByUserID/User_ID_not_found_in_database (0.02s)
=== RUN   TestGetTagByUserID
2025/05/30 09:05:21 Starting PostgreSQL container with resource limits...
2025/05/30 09:05:21 🐳 Creating container for image postgres:16-alpine
2025/05/30 09:05:21 ✅ Container created: 5125b9165f6f
2025/05/30 09:05:21 🐳 Starting container: 5125b9165f6f
2025/05/30 09:05:22 ✅ Container started: 5125b9165f6f
2025/05/30 09:05:22 ⏳ Waiting for container id 5125b9165f6f image: postgres:16-alpine. Waiting for: &{timeout:<nil> deadline:0xc0005bc990 Strategies:[0xc0003cae10]}
2025/05/30 09:05:24 🔔 Container is ready: 5125b9165f6f
2025/05/30 09:05:24 PostgreSQL container started with resource limits and init script. URL: postgres://testuser:testpass@localhost:33977/testdb?sslmode=disable
2025/05/30 09:05:24 Starting NATS container with resource limits...
2025/05/30 09:05:24 🐳 Creating container for image nats:2.10-alpine
2025/05/30 09:05:25 ✅ Container created: 220d62c22c0e
2025/05/30 09:05:25 🐳 Starting container: 220d62c22c0e
2025/05/30 09:05:25 ✅ Container started: 220d62c22c0e
2025/05/30 09:05:25 ⏳ Waiting for container id 220d62c22c0e image: nats:2.10-alpine. Waiting for: &{timeout:<nil> deadline:0xc0003523c0 Strategies:[0xc000032300 0xc00048e720]}
2025/05/30 09:05:27 🔔 Container is ready: 220d62c22c0e
2025/05/30 09:05:27 NATS container started with resource limits. URL: nats://localhost:33985
Creating user table...
User table created successfully!
2025/05/30 09:05:27 Ran user migrations group #1
Creating round table...
Round table created successfully!
2025/05/30 09:05:27 Ran round migrations group #2
Creating score table...
Score table created successfully!
2025/05/30 09:05:27 Ran score migrations group #3
Creating leaderboard table...
Leaderboard table created successfully!
2025/05/30 09:05:27 Ran leaderboard migrations group #4
2025/05/30 09:05:27 All migrations ran successfully
2025/05/30 09:05:27 newDBServiceWithDB - Registering models
2025/05/30 09:05:27 newDBServiceWithDB - Models registered successfully
2025/05/30 09:05:27 newDBServiceWithDB - DBService initialized: &{UserDB:0xc00061a250 RoundDB:0xc00061a260 ScoreDB:0xc00061a268 LeaderboardDB:0xc00061a270 db:0xc000216640}
2025/05/30 09:05:27 Truncating tables: leaderboards
2025/05/30 09:05:27 Truncating tables: leaderboards
=== RUN   TestGetTagByUserID/Successful_retrieval_of_tag_for_user_with_tag
=== RUN   TestGetTagByUserID/User_exists_but_has_no_tag_number
2025/05/30 09:05:27 WARN No tag found for user in active leaderboard data user_id=user_C
=== RUN   TestGetTagByUserID/User_ID_not_found_in_database
2025/05/30 09:05:27 WARN No tag found for user in active leaderboard data user_id=non_existent_user_2
2025/05/30 09:05:27 Cleaning up test environment...
2025/05/30 09:05:27 Context cancelled.
2025/05/30 09:05:27 EventBus closed.
2025/05/30 09:05:27 NATS connection closed.
2025/05/30 09:05:27 DB connection closed.
2025/05/30 09:05:27 🐳 Stopping container: 220d62c22c0e
2025/05/30 09:05:28 ✅ Container stopped: 220d62c22c0e
2025/05/30 09:05:28 🐳 Terminating container: 220d62c22c0e
2025/05/30 09:05:28 🚫 Container terminated: 220d62c22c0e
2025/05/30 09:05:28 NATS container terminated.
2025/05/30 09:05:28 🐳 Stopping container: 5125b9165f6f
2025/05/30 09:05:29 ✅ Container stopped: 5125b9165f6f
2025/05/30 09:05:29 🐳 Terminating container: 5125b9165f6f
2025/05/30 09:05:29 🚫 Container terminated: 5125b9165f6f
2025/05/30 09:05:29 PostgreSQL container terminated.
2025/05/30 09:05:29 Cleanup complete.
--- PASS: TestGetTagByUserID (7.62s)
    --- PASS: TestGetTagByUserID/Successful_retrieval_of_tag_for_user_with_tag (0.02s)
    --- PASS: TestGetTagByUserID/User_exists_but_has_no_tag_number (0.01s)
    --- PASS: TestGetTagByUserID/User_ID_not_found_in_database (0.01s)
=== RUN   TestTagAssignmentRequested
2025/05/30 09:05:29 Starting PostgreSQL container with resource limits...
2025/05/30 09:05:29 🐳 Creating container for image postgres:16-alpine
2025/05/30 09:05:29 ✅ Container created: 91e7a2839799
2025/05/30 09:05:29 🐳 Starting container: 91e7a2839799
2025/05/30 09:05:30 ✅ Container started: 91e7a2839799
2025/05/30 09:05:30 ⏳ Waiting for container id 91e7a2839799 image: postgres:16-alpine. Waiting for: &{timeout:<nil> deadline:0xc000290c08 Strategies:[0xc0005a0630]}
2025/05/30 09:05:34 🔔 Container is ready: 91e7a2839799
2025/05/30 09:05:34 PostgreSQL container started with resource limits and init script. URL: postgres://testuser:testpass@localhost:33996/testdb?sslmode=disable
2025/05/30 09:05:34 Starting NATS container with resource limits...
2025/05/30 09:05:34 🐳 Creating container for image nats:2.10-alpine
2025/05/30 09:05:34 ✅ Container created: 4a0b612ad1e5
2025/05/30 09:05:34 🐳 Starting container: 4a0b612ad1e5
2025/05/30 09:05:35 ✅ Container started: 4a0b612ad1e5
2025/05/30 09:05:35 ⏳ Waiting for container id 4a0b612ad1e5 image: nats:2.10-alpine. Waiting for: &{timeout:<nil> deadline:0xc0005bc9f0 Strategies:[0xc00075d4a0 0xc000731980]}
2025/05/30 09:05:35 🔔 Container is ready: 4a0b612ad1e5
2025/05/30 09:05:35 NATS container started with resource limits. URL: nats://localhost:34011
Creating user table...
User table created successfully!
2025/05/30 09:05:35 Ran user migrations group #1
Creating round table...
Round table created successfully!
2025/05/30 09:05:35 Ran round migrations group #2
Creating score table...
Score table created successfully!
2025/05/30 09:05:35 Ran score migrations group #3
Creating leaderboard table...
Leaderboard table created successfully!
2025/05/30 09:05:35 Ran leaderboard migrations group #4
2025/05/30 09:05:35 All migrations ran successfully
2025/05/30 09:05:35 newDBServiceWithDB - Registering models
2025/05/30 09:05:35 newDBServiceWithDB - Models registered successfully
2025/05/30 09:05:35 newDBServiceWithDB - DBService initialized: &{UserDB:0xc000906080 RoundDB:0xc000906088 ScoreDB:0xc000906090 LeaderboardDB:0xc000906098 db:0xc000216000}
2025/05/30 09:05:36 Truncating tables: leaderboards
2025/05/30 09:05:36 Truncating tables: leaderboards
=== RUN   TestTagAssignmentRequested/Successful_tag_assignment_to_a_new_user
    tag_assignment_test.go:428: Expected no error, but got: invalid source type: leaderboardevents.TagAssignmentRequestedPayload
    tag_assignment_test.go:433: Expected a success result payload, but got nil
    tag_assignment_test.go:65: Expected success result, but got nil
    tag_assignment_test.go:103: Expected 2 leaderboard records (old inactive, new active), got 1
=== RUN   TestTagAssignmentRequested/Tag_swap_is_triggered_when_user_with_tag_claims_another_user's_tag
    tag_assignment_test.go:428: Expected no error, but got: invalid source type: leaderboardevents.TagAssignmentRequestedPayload
    tag_assignment_test.go:433: Expected a success result payload, but got nil
    tag_assignment_test.go:179: Expected swap result of type *TagSwapRequestedPayload, but got <nil>
    tag_assignment_test.go:199: Expected 1 leaderboard record in DB (no swap performed yet), got 2
=== RUN   TestTagAssignmentRequested/Tag_assignment_fails_if_tag_is_already_assigned
    tag_assignment_test.go:428: Expected no error, but got: invalid source type: leaderboardevents.TagAssignmentRequestedPayload
    tag_assignment_test.go:232: Expected failure result, but got nil
    tag_assignment_test.go:269: Expected 1 leaderboard record in DB, got 3
=== RUN   TestTagAssignmentRequested/Tag_assignment_fails_if_no_active_leaderboard_exists
    tag_assignment_test.go:317: Expected 0 leaderboard records in DB, got 3
=== RUN   TestTagAssignmentRequested/Tag_assignment_fails_for_invalid_tag_number_(e.g.,_negative)
    tag_assignment_test.go:428: Expected no error, but got: invalid source type: leaderboardevents.TagAssignmentRequestedPayload
    tag_assignment_test.go:347: Expected failure result, but got nil
    tag_assignment_test.go:384: Expected 1 leaderboard record in DB, got 4
2025/05/30 09:05:36 Cleaning up test environment...
2025/05/30 09:05:36 Context cancelled.
2025/05/30 09:05:36 EventBus closed.
2025/05/30 09:05:36 NATS connection closed.
2025/05/30 09:05:36 DB connection closed.
2025/05/30 09:05:36 🐳 Stopping container: 4a0b612ad1e5
2025/05/30 09:05:36 ✅ Container stopped: 4a0b612ad1e5
2025/05/30 09:05:36 🐳 Terminating container: 4a0b612ad1e5
2025/05/30 09:05:36 🚫 Container terminated: 4a0b612ad1e5
2025/05/30 09:05:36 NATS container terminated.
2025/05/30 09:05:36 🐳 Stopping container: 91e7a2839799
2025/05/30 09:05:37 ✅ Container stopped: 91e7a2839799
2025/05/30 09:05:37 🐳 Terminating container: 91e7a2839799
2025/05/30 09:05:37 🚫 Container terminated: 91e7a2839799
2025/05/30 09:05:37 PostgreSQL container terminated.
2025/05/30 09:05:37 Cleanup complete.
--- FAIL: TestTagAssignmentRequested (8.16s)
    --- FAIL: TestTagAssignmentRequested/Successful_tag_assignment_to_a_new_user (0.01s)
    --- FAIL: TestTagAssignmentRequested/Tag_swap_is_triggered_when_user_with_tag_claims_another_user's_tag (0.01s)
    --- FAIL: TestTagAssignmentRequested/Tag_assignment_fails_if_tag_is_already_assigned (0.01s)
    --- FAIL: TestTagAssignmentRequested/Tag_assignment_fails_if_no_active_leaderboard_exists (0.01s)
    --- FAIL: TestTagAssignmentRequested/Tag_assignment_fails_for_invalid_tag_number_(e.g.,_negative) (0.01s)
=== RUN   TestCheckTagAvailability
2025/05/30 09:05:37 Starting PostgreSQL container with resource limits...
2025/05/30 09:05:37 🐳 Creating container for image postgres:16-alpine
2025/05/30 09:05:37 ✅ Container created: ed31bdf3b4a3
2025/05/30 09:05:37 🐳 Starting container: ed31bdf3b4a3
2025/05/30 09:05:37 ✅ Container started: ed31bdf3b4a3
2025/05/30 09:05:37 ⏳ Waiting for container id ed31bdf3b4a3 image: postgres:16-alpine. Waiting for: &{timeout:<nil> deadline:0xc0009843b0 Strategies:[0xc000730660]}
2025/05/30 09:05:41 🔔 Container is ready: ed31bdf3b4a3
2025/05/30 09:05:41 PostgreSQL container started with resource limits and init script. URL: postgres://testuser:testpass@localhost:34021/testdb?sslmode=disable
2025/05/30 09:05:41 Starting NATS container with resource limits...
2025/05/30 09:05:42 🐳 Creating container for image nats:2.10-alpine
2025/05/30 09:05:42 ✅ Container created: 5bd955929cfe
2025/05/30 09:05:42 🐳 Starting container: 5bd955929cfe
2025/05/30 09:05:43 ✅ Container started: 5bd955929cfe
2025/05/30 09:05:43 ⏳ Waiting for container id 5bd955929cfe image: nats:2.10-alpine. Waiting for: &{timeout:<nil> deadline:0xc0005bc7b8 Strategies:[0xc000032a80 0xc000305290]}
2025/05/30 09:05:45 🔔 Container is ready: 5bd955929cfe
2025/05/30 09:05:45 NATS container started with resource limits. URL: nats://localhost:34030
Creating user table...
User table created successfully!
2025/05/30 09:05:45 Ran user migrations group #1
Creating round table...
Round table created successfully!
2025/05/30 09:05:45 Ran round migrations group #2
Creating score table...
Score table created successfully!
2025/05/30 09:05:45 Ran score migrations group #3
Creating leaderboard table...
Leaderboard table created successfully!
2025/05/30 09:05:45 Ran leaderboard migrations group #4
2025/05/30 09:05:45 All migrations ran successfully
2025/05/30 09:05:45 newDBServiceWithDB - Registering models
2025/05/30 09:05:45 newDBServiceWithDB - Models registered successfully
2025/05/30 09:05:45 newDBServiceWithDB - DBService initialized: &{UserDB:0xc0004f4190 RoundDB:0xc0004f4198 ScoreDB:0xc0004f41a8 LeaderboardDB:0xc0004f41c0 db:0xc00071f180}
2025/05/30 09:05:45 Truncating tables: leaderboards
2025/05/30 09:05:45 Truncating tables: leaderboards
=== RUN   TestCheckTagAvailability/Tag_is_available_when_no_active_leaderboard_exists
=== RUN   TestCheckTagAvailability/Tag_is_available_when_active_leaderboard_exists_but_tag_is_not_assigned
=== RUN   TestCheckTagAvailability/Tag_is_not_available_when_active_leaderboard_exists_and_tag_is_assigned
    tag_availability_test.go:190: Expected tag to be unavailable, but it was available
=== RUN   TestCheckTagAvailability/Tag_availability_check_succeeds_for_invalid_tag_number_(e.g.,_negative)
    tag_availability_test.go:270: Expected 1 leaderboard record in DB, got 3
2025/05/30 09:05:45 Cleaning up test environment...
2025/05/30 09:05:45 Context cancelled.
2025/05/30 09:05:45 EventBus closed.
2025/05/30 09:05:45 NATS connection closed.
2025/05/30 09:05:45 DB connection closed.
2025/05/30 09:05:45 🐳 Stopping container: 5bd955929cfe
2025/05/30 09:05:46 ✅ Container stopped: 5bd955929cfe
2025/05/30 09:05:46 🐳 Terminating container: 5bd955929cfe
2025/05/30 09:05:46 🚫 Container terminated: 5bd955929cfe
2025/05/30 09:05:46 NATS container terminated.
2025/05/30 09:05:46 🐳 Stopping container: ed31bdf3b4a3
2025/05/30 09:05:46 ✅ Container stopped: ed31bdf3b4a3
2025/05/30 09:05:46 🐳 Terminating container: ed31bdf3b4a3
2025/05/30 09:05:46 🚫 Container terminated: ed31bdf3b4a3
2025/05/30 09:05:46 PostgreSQL container terminated.
2025/05/30 09:05:46 Cleanup complete.
--- FAIL: TestCheckTagAvailability (9.30s)
    --- PASS: TestCheckTagAvailability/Tag_is_available_when_no_active_leaderboard_exists (0.01s)
    --- PASS: TestCheckTagAvailability/Tag_is_available_when_active_leaderboard_exists_but_tag_is_not_assigned (0.01s)
    --- FAIL: TestCheckTagAvailability/Tag_is_not_available_when_active_leaderboard_exists_and_tag_is_assigned (0.01s)
    --- FAIL: TestCheckTagAvailability/Tag_availability_check_succeeds_for_invalid_tag_number_(e.g.,_negative) (0.01s)
=== RUN   TestTagSwapRequested
2025/05/30 09:05:46 Starting PostgreSQL container with resource limits...
2025/05/30 09:05:46 🐳 Creating container for image postgres:16-alpine
2025/05/30 09:05:46 ✅ Container created: 2f0023313506
2025/05/30 09:05:46 🐳 Starting container: 2f0023313506
2025/05/30 09:05:47 ✅ Container started: 2f0023313506
2025/05/30 09:05:47 ⏳ Waiting for container id 2f0023313506 image: postgres:16-alpine. Waiting for: &{timeout:<nil> deadline:0xc000353ae0 Strategies:[0xc0005a1b00]}
2025/05/30 09:05:51 🔔 Container is ready: 2f0023313506
2025/05/30 09:05:51 PostgreSQL container started with resource limits and init script. URL: postgres://testuser:testpass@localhost:34049/testdb?sslmode=disable
2025/05/30 09:05:51 Starting NATS container with resource limits...
2025/05/30 09:05:51 🐳 Creating container for image nats:2.10-alpine
2025/05/30 09:05:51 ✅ Container created: 8510c110a146
2025/05/30 09:05:51 🐳 Starting container: 8510c110a146
2025/05/30 09:05:51 ✅ Container started: 8510c110a146
2025/05/30 09:05:51 ⏳ Waiting for container id 8510c110a146 image: nats:2.10-alpine. Waiting for: &{timeout:<nil> deadline:0xc0005bc4a0 Strategies:[0xc000880480 0xc000292120]}
2025/05/30 09:05:55 🔔 Container is ready: 8510c110a146
2025/05/30 09:05:55 NATS container started with resource limits. URL: nats://localhost:34062
Creating score table...
Score table created successfully!
2025/05/30 09:05:55 Ran score migrations group #1
Creating leaderboard table...
Leaderboard table created successfully!
2025/05/30 09:05:55 Ran leaderboard migrations group #2
Creating user table...
User table created successfully!
2025/05/30 09:05:55 Ran user migrations group #3
Creating round table...
Round table created successfully!
2025/05/30 09:05:55 Ran round migrations group #4
2025/05/30 09:05:55 All migrations ran successfully
2025/05/30 09:05:55 newDBServiceWithDB - Registering models
2025/05/30 09:05:55 newDBServiceWithDB - Models registered successfully
2025/05/30 09:05:55 newDBServiceWithDB - DBService initialized: &{UserDB:0xc00011e4a0 RoundDB:0xc00011e4a8 ScoreDB:0xc00011e4b0 LeaderboardDB:0xc00011e4b8 db:0xc000675000}
2025/05/30 09:05:55 Truncating tables: leaderboards
2025/05/30 09:05:55 Truncating tables: leaderboards
=== RUN   TestTagSwapRequested/Successful_tag_swap_between_two_users
=== RUN   TestTagSwapRequested/Tag_swap_fails_if_requestor_does_not_have_a_tag
    tag_swap_test.go:424: Expected no success result, but got: &{RequestorID:user_swap_A TargetID:user_swap_B}
    tag_swap_test.go:161: Expected failure result, but got nil
    tag_swap_test.go:191: Expected 1 leaderboard record in DB, got 4
=== RUN   TestTagSwapRequested/Tag_swap_fails_if_target_does_not_have_a_tag
    tag_swap_test.go:260: Expected 1 leaderboard record in DB, got 5
=== RUN   TestTagSwapRequested/Tag_swap_fails_if_neither_user_has_a_tag
    tag_swap_test.go:328: Expected 1 leaderboard record in DB, got 6
=== RUN   TestTagSwapRequested/Tag_swap_fails_if_no_active_leaderboard_exists
    tag_swap_test.go:392: Expected 0 leaderboard records in DB, got 6
2025/05/30 09:05:55 Cleaning up test environment...
2025/05/30 09:05:55 Context cancelled.
2025/05/30 09:05:55 EventBus closed.
2025/05/30 09:05:55 NATS connection closed.
2025/05/30 09:05:55 DB connection closed.
2025/05/30 09:05:55 🐳 Stopping container: 8510c110a146
2025/05/30 09:05:56 ✅ Container stopped: 8510c110a146
2025/05/30 09:05:56 🐳 Terminating container: 8510c110a146
2025/05/30 09:05:56 🚫 Container terminated: 8510c110a146
2025/05/30 09:05:56 NATS container terminated.
2025/05/30 09:05:56 🐳 Stopping container: 2f0023313506
2025/05/30 09:05:57 ✅ Container stopped: 2f0023313506
2025/05/30 09:05:57 🐳 Terminating container: 2f0023313506
2025/05/30 09:05:57 🚫 Container terminated: 2f0023313506
2025/05/30 09:05:57 PostgreSQL container terminated.
2025/05/30 09:05:57 Cleanup complete.
--- FAIL: TestTagSwapRequested (10.66s)
    --- PASS: TestTagSwapRequested/Successful_tag_swap_between_two_users (0.04s)
    --- FAIL: TestTagSwapRequested/Tag_swap_fails_if_requestor_does_not_have_a_tag (0.03s)
    --- FAIL: TestTagSwapRequested/Tag_swap_fails_if_target_does_not_have_a_tag (0.01s)
    --- FAIL: TestTagSwapRequested/Tag_swap_fails_if_neither_user_has_a_tag (0.02s)
    --- FAIL: TestTagSwapRequested/Tag_swap_fails_if_no_active_leaderboard_exists (0.02s)
FAIL
coverage: 7.1% of statements in ./app/...
2025/05/30 09:05:57 TestMain: finished with exit code: 1
FAIL	github.com/Black-And-White-Club/frolf-bot/integration_tests/modules/leaderboard/application_tests	70.766s
2025/05/30 09:04:49 TestMain started in package leaderboardhandler_integration_tests
=== RUN   TestHandleBatchTagAssignmentRequested
=== RUN   TestHandleBatchTagAssignmentRequested/Success_-_Process_Valid_Batch_Assignments
2025/05/30 09:04:49 Starting PostgreSQL container with resource limits...
2025/05/30 09:04:49 github.com/testcontainers/testcontainers-go - Connected to docker: 
  Server Version: 28.1.1
  API Version: 1.48
  Operating System: Ubuntu 24.04.1 LTS
  Total Memory: 5923 MB
  Testcontainers for Go Version: v0.37.0
  Resolved Docker Host: unix:///Users/jace/.colima/default/docker.sock
  Resolved Docker Socket Path: /var/run/docker.sock
  Test SessionID: c0f63d1f00c2fccb51afb8b814510550fc1c2073fca77f6d187de417aa37f283
  Test ProcessID: 97838935-33ea-4b4d-9feb-a27d48c6d580
2025/05/30 09:04:49 🐳 Creating container for image postgres:16-alpine
2025/05/30 09:04:49 ⏳ Waiting for Reaper "0fe5cb7f" to be ready
2025/05/30 09:04:50 🔥 Reaper obtained from Docker for this test session 0fe5cb7f
2025/05/30 09:04:50 ✅ Container created: 3ca5fae34b47
2025/05/30 09:04:50 🐳 Starting container: 3ca5fae34b47
2025/05/30 09:04:50 ✅ Container started: 3ca5fae34b47
2025/05/30 09:04:51 ⏳ Waiting for container id 3ca5fae34b47 image: postgres:16-alpine. Waiting for: &{timeout:<nil> deadline:0xc000610140 Strategies:[0xc0005901b0]}
2025/05/30 09:04:56 🔔 Container is ready: 3ca5fae34b47
2025/05/30 09:04:56 PostgreSQL container started with resource limits and init script. URL: postgres://testuser:testpass@localhost:33887/testdb?sslmode=disable
2025/05/30 09:04:56 Starting NATS container with resource limits...
2025/05/30 09:04:56 🐳 Creating container for image nats:2.10-alpine
2025/05/30 09:04:56 ✅ Container created: 4d40cb7c85a2
2025/05/30 09:04:56 🐳 Starting container: 4d40cb7c85a2
2025/05/30 09:04:57 ✅ Container started: 4d40cb7c85a2
2025/05/30 09:04:57 ⏳ Waiting for container id 4d40cb7c85a2 image: nats:2.10-alpine. Waiting for: &{timeout:<nil> deadline:0xc000611658 Strategies:[0xc000819440 0xc000485080]}
2025/05/30 09:05:00 🔔 Container is ready: 4d40cb7c85a2
2025/05/30 09:05:00 NATS container started with resource limits. URL: nats://localhost:33895
Creating user table...
User table created successfully!
2025/05/30 09:05:00 Ran user migrations group #1
Creating round table...
Round table created successfully!
2025/05/30 09:05:00 Ran round migrations group #2
Creating score table...
Score table created successfully!
2025/05/30 09:05:00 Ran score migrations group #3
Creating leaderboard table...
Leaderboard table created successfully!
2025/05/30 09:05:00 Ran leaderboard migrations group #4
2025/05/30 09:05:00 All migrations ran successfully
2025/05/30 09:05:00 newDBServiceWithDB - Registering models
2025/05/30 09:05:00 newDBServiceWithDB - Models registered successfully
2025/05/30 09:05:00 newDBServiceWithDB - DBService initialized: &{UserDB:0xc00007c628 RoundDB:0xc00007c630 ScoreDB:0xc00007c638 LeaderboardDB:0xc00007c640 db:0xc000634780}
2025/05/30 09:05:00 Truncating tables: leaderboards
2025/05/30 09:05:00 Truncating tables: users, scores, leaderboards, rounds
    batch_tag_assign_test.go:373: Waiting for 1 messages on topic "discord.leaderboard.batch.tag.assigned" with timeout 5s
2025/05/30 09:05:01 Test received message af7befc3-9513-4f7a-88a2-dc13404413c6 on topic "discord.leaderboard.batch.tag.assigned"
    batch_tag_assign_test.go:373: Successfully received 1 messages on topic "discord.leaderboard.batch.tag.assigned"
    batch_tag_assign_test.go:161: Actual leaderboard data: map[384401982:1 476243922:20 484487319:2 880485663:10]
2025/05/30 09:05:01 Test Case "TestHandleBatchTagAssignmentRequested/Success_-_Process_Valid_Batch_Assignments": Canceling subscription context.
2025/05/30 09:05:01 Test Case "TestHandleBatchTagAssignmentRequested/Success_-_Process_Valid_Batch_Assignments": Waiting for subscriber goroutines to finish.
2025/05/30 09:05:01 Test Case "TestHandleBatchTagAssignmentRequested/Success_-_Process_Valid_Batch_Assignments": Subscriber goroutines finished.
2025/05/30 09:05:01 Running leaderboard handler test cleanup...
2025/05/30 09:05:02 Error closing Leaderboard module: error closing LeaderboardRouter: router close timeout
2025/05/30 09:05:02 Router goroutine finished.
2025/05/30 09:05:02 Leaderboard handler test cleanup finished.
2025/05/30 09:05:02 Cleaning up test environment...
2025/05/30 09:05:02 Context cancelled.
2025/05/30 09:05:02 EventBus closed.
2025/05/30 09:05:02 NATS connection closed.
2025/05/30 09:05:02 DB connection closed.
2025/05/30 09:05:02 🐳 Stopping container: 4d40cb7c85a2
2025/05/30 09:05:03 ✅ Container stopped: 4d40cb7c85a2
2025/05/30 09:05:03 🐳 Terminating container: 4d40cb7c85a2
2025/05/30 09:05:03 🚫 Container terminated: 4d40cb7c85a2
2025/05/30 09:05:03 NATS container terminated.
2025/05/30 09:05:03 🐳 Stopping container: 3ca5fae34b47
2025/05/30 09:05:04 ✅ Container stopped: 3ca5fae34b47
2025/05/30 09:05:04 🐳 Terminating container: 3ca5fae34b47
2025/05/30 09:05:04 🚫 Container terminated: 3ca5fae34b47
2025/05/30 09:05:04 PostgreSQL container terminated.
2025/05/30 09:05:04 Cleanup complete.
=== RUN   TestHandleBatchTagAssignmentRequested/Success_-_Batch_Assignment_with_Already_Assigned_Tag_
2025/05/30 09:05:04 Starting PostgreSQL container with resource limits...
2025/05/30 09:05:04 🐳 Creating container for image postgres:16-alpine
2025/05/30 09:05:04 ✅ Container created: 338dbaed5036
2025/05/30 09:05:04 🐳 Starting container: 338dbaed5036
2025/05/30 09:05:04 ✅ Container started: 338dbaed5036
2025/05/30 09:05:04 ⏳ Waiting for container id 338dbaed5036 image: postgres:16-alpine. Waiting for: &{timeout:<nil> deadline:0xc000690f10 Strategies:[0xc0002882a0]}
2025/05/30 09:05:09 🔔 Container is ready: 338dbaed5036
2025/05/30 09:05:09 PostgreSQL container started with resource limits and init script. URL: postgres://testuser:testpass@localhost:33924/testdb?sslmode=disable
2025/05/30 09:05:09 Starting NATS container with resource limits...
2025/05/30 09:05:09 🐳 Creating container for image nats:2.10-alpine
2025/05/30 09:05:09 ✅ Container created: 1086ecc2d3f5
2025/05/30 09:05:09 🐳 Starting container: 1086ecc2d3f5
2025/05/30 09:05:09 ✅ Container started: 1086ecc2d3f5
2025/05/30 09:05:09 ⏳ Waiting for container id 1086ecc2d3f5 image: nats:2.10-alpine. Waiting for: &{timeout:<nil> deadline:0xc00079f2a8 Strategies:[0xc0007f4240 0xc0007d7500]}
2025/05/30 09:05:12 🔔 Container is ready: 1086ecc2d3f5
2025/05/30 09:05:12 NATS container started with resource limits. URL: nats://localhost:33942
Creating user table...
User table created successfully!
2025/05/30 09:05:12 Ran user migrations group #1
Creating round table...
Round table created successfully!
2025/05/30 09:05:12 Ran round migrations group #2
Creating score table...
Score table created successfully!
2025/05/30 09:05:12 Ran score migrations group #3
Creating leaderboard table...
Leaderboard table created successfully!
2025/05/30 09:05:12 Ran leaderboard migrations group #4
2025/05/30 09:05:12 All migrations ran successfully
2025/05/30 09:05:12 newDBServiceWithDB - Registering models
2025/05/30 09:05:12 newDBServiceWithDB - Models registered successfully
2025/05/30 09:05:12 newDBServiceWithDB - DBService initialized: &{UserDB:0xc00014c4b0 RoundDB:0xc00014c4b8 ScoreDB:0xc00014c4c0 LeaderboardDB:0xc00014c4c8 db:0xc000782ac0}
2025/05/30 09:05:12 Truncating tables: leaderboards
2025/05/30 09:05:12 Truncating tables: users, scores, leaderboards, rounds
    batch_tag_assign_test.go:373: Waiting for 1 messages on topic "discord.leaderboard.batch.tag.assigned" with timeout 5s
2025/05/30 09:05:13 Test received message d3973699-ec8c-4bcb-b608-b3c8a84a33d1 on topic "discord.leaderboard.batch.tag.assigned"
    batch_tag_assign_test.go:373: Successfully received 1 messages on topic "discord.leaderboard.batch.tag.assigned"
2025/05/30 09:05:13 Test Case "TestHandleBatchTagAssignmentRequested/Success_-_Batch_Assignment_with_Already_Assigned_Tag_": Canceling subscription context.
2025/05/30 09:05:13 Test Case "TestHandleBatchTagAssignmentRequested/Success_-_Batch_Assignment_with_Already_Assigned_Tag_": Waiting for subscriber goroutines to finish.
2025/05/30 09:05:13 Test Case "TestHandleBatchTagAssignmentRequested/Success_-_Batch_Assignment_with_Already_Assigned_Tag_": Subscriber goroutines finished.
2025/05/30 09:05:13 Running leaderboard handler test cleanup...
2025/05/30 09:05:14 Error closing Leaderboard module: error closing LeaderboardRouter: router close timeout
2025/05/30 09:05:14 Router goroutine finished.
2025/05/30 09:05:14 Leaderboard handler test cleanup finished.
2025/05/30 09:05:14 Cleaning up test environment...
2025/05/30 09:05:14 Context cancelled.
2025/05/30 09:05:14 EventBus closed.
2025/05/30 09:05:14 NATS connection closed.
2025/05/30 09:05:14 DB connection closed.
2025/05/30 09:05:14 🐳 Stopping container: 1086ecc2d3f5
2025/05/30 09:05:15 ✅ Container stopped: 1086ecc2d3f5
2025/05/30 09:05:15 🐳 Terminating container: 1086ecc2d3f5
2025/05/30 09:05:15 🚫 Container terminated: 1086ecc2d3f5
2025/05/30 09:05:15 NATS container terminated.
2025/05/30 09:05:15 🐳 Stopping container: 338dbaed5036
2025/05/30 09:05:15 ✅ Container stopped: 338dbaed5036
2025/05/30 09:05:15 🐳 Terminating container: 338dbaed5036
2025/05/30 09:05:15 🚫 Container terminated: 338dbaed5036
2025/05/30 09:05:15 PostgreSQL container terminated.
2025/05/30 09:05:15 Cleanup complete.
=== RUN   TestHandleBatchTagAssignmentRequested/Failure_-_Invalid_Message_Payload_(Unmarshal_Error)
2025/05/30 09:05:15 Starting PostgreSQL container with resource limits...
2025/05/30 09:05:15 🐳 Creating container for image postgres:16-alpine
2025/05/30 09:05:16 ✅ Container created: 858df18f0cf6
2025/05/30 09:05:16 🐳 Starting container: 858df18f0cf6
2025/05/30 09:05:16 ✅ Container started: 858df18f0cf6
2025/05/30 09:05:16 ⏳ Waiting for container id 858df18f0cf6 image: postgres:16-alpine. Waiting for: &{timeout:<nil> deadline:0xc0005be6a8 Strategies:[0xc00076d770]}
2025/05/30 09:05:20 🔔 Container is ready: 858df18f0cf6
2025/05/30 09:05:20 PostgreSQL container started with resource limits and init script. URL: postgres://testuser:testpass@localhost:33961/testdb?sslmode=disable
2025/05/30 09:05:20 Starting NATS container with resource limits...
2025/05/30 09:05:20 🐳 Creating container for image nats:2.10-alpine
2025/05/30 09:05:20 ✅ Container created: e510c62b7912
2025/05/30 09:05:20 🐳 Starting container: e510c62b7912
2025/05/30 09:05:22 ✅ Container started: e510c62b7912
2025/05/30 09:05:22 ⏳ Waiting for container id e510c62b7912 image: nats:2.10-alpine. Waiting for: &{timeout:<nil> deadline:0xc0005bf9b8 Strategies:[0xc0000afc80 0xc0008fec00]}
2025/05/30 09:05:25 🔔 Container is ready: e510c62b7912
2025/05/30 09:05:25 NATS container started with resource limits. URL: nats://localhost:33971
Creating user table...
User table created successfully!
2025/05/30 09:05:25 Ran user migrations group #1
Creating round table...
Round table created successfully!
2025/05/30 09:05:25 Ran round migrations group #2
Creating score table...
Score table created successfully!
2025/05/30 09:05:25 Ran score migrations group #3
Creating leaderboard table...
Leaderboard table created successfully!
2025/05/30 09:05:25 Ran leaderboard migrations group #4
2025/05/30 09:05:25 All migrations ran successfully
2025/05/30 09:05:25 newDBServiceWithDB - Registering models
2025/05/30 09:05:25 newDBServiceWithDB - Models registered successfully
2025/05/30 09:05:25 newDBServiceWithDB - DBService initialized: &{UserDB:0xc000488348 RoundDB:0xc000488350 ScoreDB:0xc000488358 LeaderboardDB:0xc000488360 db:0xc00078a380}
2025/05/30 09:05:25 Truncating tables: leaderboards
2025/05/30 09:05:25 Truncating tables: users, scores, leaderboards, rounds
2025/05/30 09:05:26 Test Case "TestHandleBatchTagAssignmentRequested/Failure_-_Invalid_Message_Payload_(Unmarshal_Error)": Canceling subscription context.
2025/05/30 09:05:26 Test Case "TestHandleBatchTagAssignmentRequested/Failure_-_Invalid_Message_Payload_(Unmarshal_Error)": Waiting for subscriber goroutines to finish.
2025/05/30 09:05:26 Test Case "TestHandleBatchTagAssignmentRequested/Failure_-_Invalid_Message_Payload_(Unmarshal_Error)": Subscriber goroutines finished.
2025/05/30 09:05:26 Running leaderboard handler test cleanup...
2025/05/30 09:05:27 Error closing Leaderboard module: error closing LeaderboardRouter: router close timeout
2025/05/30 09:05:27 Router goroutine finished.
2025/05/30 09:05:27 Leaderboard handler test cleanup finished.
2025/05/30 09:05:27 Cleaning up test environment...
2025/05/30 09:05:27 Context cancelled.
2025/05/30 09:05:27 EventBus closed.
2025/05/30 09:05:27 NATS connection closed.
2025/05/30 09:05:27 DB connection closed.
2025/05/30 09:05:27 🐳 Stopping container: e510c62b7912
2025/05/30 09:05:27 ✅ Container stopped: e510c62b7912
2025/05/30 09:05:27 🐳 Terminating container: e510c62b7912
2025/05/30 09:05:28 🚫 Container terminated: e510c62b7912
2025/05/30 09:05:28 NATS container terminated.
2025/05/30 09:05:28 🐳 Stopping container: 858df18f0cf6
2025/05/30 09:05:28 ✅ Container stopped: 858df18f0cf6
2025/05/30 09:05:28 🐳 Terminating container: 858df18f0cf6
2025/05/30 09:05:28 🚫 Container terminated: 858df18f0cf6
2025/05/30 09:05:28 PostgreSQL container terminated.
2025/05/30 09:05:28 Cleanup complete.
=== RUN   TestHandleBatchTagAssignmentRequested/Failure_-_Service_Returns_Error
2025/05/30 09:05:28 Starting PostgreSQL container with resource limits...
2025/05/30 09:05:28 🐳 Creating container for image postgres:16-alpine
2025/05/30 09:05:28 ✅ Container created: 31857a64ee1c
2025/05/30 09:05:29 🐳 Starting container: 31857a64ee1c
2025/05/30 09:05:29 ✅ Container started: 31857a64ee1c
2025/05/30 09:05:29 ⏳ Waiting for container id 31857a64ee1c image: postgres:16-alpine. Waiting for: &{timeout:<nil> deadline:0xc000611228 Strategies:[0xc0007586c0]}
2025/05/30 09:05:34 🔔 Container is ready: 31857a64ee1c
2025/05/30 09:05:34 PostgreSQL container started with resource limits and init script. URL: postgres://testuser:testpass@localhost:33994/testdb?sslmode=disable
2025/05/30 09:05:34 Starting NATS container with resource limits...
2025/05/30 09:05:34 🐳 Creating container for image nats:2.10-alpine
2025/05/30 09:05:34 ✅ Container created: 77cf6c74d3cf
2025/05/30 09:05:34 🐳 Starting container: 77cf6c74d3cf
2025/05/30 09:05:34 ✅ Container started: 77cf6c74d3cf
2025/05/30 09:05:34 ⏳ Waiting for container id 77cf6c74d3cf image: nats:2.10-alpine. Waiting for: &{timeout:<nil> deadline:0xc000911e78 Strategies:[0xc0007f5500 0xc000484f30]}
2025/05/30 09:05:36 🔔 Container is ready: 77cf6c74d3cf
2025/05/30 09:05:36 NATS container started with resource limits. URL: nats://localhost:34007
Creating round table...
Round table created successfully!
2025/05/30 09:05:36 Ran round migrations group #1
Creating score table...
Score table created successfully!
2025/05/30 09:05:36 Ran score migrations group #2
Creating leaderboard table...
Leaderboard table created successfully!
2025/05/30 09:05:36 Ran leaderboard migrations group #3
Creating user table...
User table created successfully!
2025/05/30 09:05:36 Ran user migrations group #4
2025/05/30 09:05:36 All migrations ran successfully
2025/05/30 09:05:36 newDBServiceWithDB - Registering models
2025/05/30 09:05:36 newDBServiceWithDB - Models registered successfully
2025/05/30 09:05:36 newDBServiceWithDB - DBService initialized: &{UserDB:0xc00014c070 RoundDB:0xc00014c088 ScoreDB:0xc00014c0a0 LeaderboardDB:0xc00014c0a8 db:0xc000929940}
2025/05/30 09:05:36 Truncating tables: leaderboards
2025/05/30 09:05:36 Truncating tables: users, scores, leaderboards, rounds
2025/05/30 09:05:37 Test Case "TestHandleBatchTagAssignmentRequested/Failure_-_Service_Returns_Error": Canceling subscription context.
2025/05/30 09:05:37 Test Case "TestHandleBatchTagAssignmentRequested/Failure_-_Service_Returns_Error": Waiting for subscriber goroutines to finish.
2025/05/30 09:05:37 Test Case "TestHandleBatchTagAssignmentRequested/Failure_-_Service_Returns_Error": Subscriber goroutines finished.
2025/05/30 09:05:37 Running leaderboard handler test cleanup...
2025/05/30 09:05:38 Error closing Leaderboard module: error closing LeaderboardRouter: router close timeout
2025/05/30 09:05:38 Router goroutine finished.
2025/05/30 09:05:38 Leaderboard handler test cleanup finished.
2025/05/30 09:05:38 Cleaning up test environment...
2025/05/30 09:05:38 Context cancelled.
2025/05/30 09:05:38 EventBus closed.
2025/05/30 09:05:38 NATS connection closed.
2025/05/30 09:05:38 DB connection closed.
2025/05/30 09:05:38 🐳 Stopping container: 77cf6c74d3cf
2025/05/30 09:05:39 ✅ Container stopped: 77cf6c74d3cf
2025/05/30 09:05:39 🐳 Terminating container: 77cf6c74d3cf
2025/05/30 09:05:39 🚫 Container terminated: 77cf6c74d3cf
2025/05/30 09:05:39 NATS container terminated.
2025/05/30 09:05:39 🐳 Stopping container: 31857a64ee1c
2025/05/30 09:05:39 ✅ Container stopped: 31857a64ee1c
2025/05/30 09:05:39 🐳 Terminating container: 31857a64ee1c
2025/05/30 09:05:39 🚫 Container terminated: 31857a64ee1c
2025/05/30 09:05:39 PostgreSQL container terminated.
2025/05/30 09:05:39 Cleanup complete.
--- PASS: TestHandleBatchTagAssignmentRequested (50.38s)
    --- PASS: TestHandleBatchTagAssignmentRequested/Success_-_Process_Valid_Batch_Assignments (14.64s)
    --- PASS: TestHandleBatchTagAssignmentRequested/Success_-_Batch_Assignment_with_Already_Assigned_Tag_ (11.74s)
    --- PASS: TestHandleBatchTagAssignmentRequested/Failure_-_Invalid_Message_Payload_(Unmarshal_Error) (12.83s)
    --- PASS: TestHandleBatchTagAssignmentRequested/Failure_-_Service_Returns_Error (11.17s)
=== RUN   TestHandleGetLeaderboardRequested
=== RUN   TestHandleGetLeaderboardRequested/Success_-_Get_Leaderboard_With_Data
2025/05/30 09:05:39 Starting PostgreSQL container with resource limits...
2025/05/30 09:05:39 🐳 Creating container for image postgres:16-alpine
2025/05/30 09:05:40 ✅ Container created: da32994c0fd9
2025/05/30 09:05:40 🐳 Starting container: da32994c0fd9
2025/05/30 09:05:40 ✅ Container started: da32994c0fd9
2025/05/30 09:05:40 ⏳ Waiting for container id da32994c0fd9 image: postgres:16-alpine. Waiting for: &{timeout:<nil> deadline:0xc00079f550 Strategies:[0xc0005e7ec0]}
2025/05/30 09:05:43 🔔 Container is ready: da32994c0fd9
2025/05/30 09:05:43 PostgreSQL container started with resource limits and init script. URL: postgres://testuser:testpass@localhost:34025/testdb?sslmode=disable
2025/05/30 09:05:43 Starting NATS container with resource limits...
2025/05/30 09:05:44 🐳 Creating container for image nats:2.10-alpine
2025/05/30 09:05:44 ✅ Container created: ed8ee62146df
2025/05/30 09:05:44 🐳 Starting container: ed8ee62146df
2025/05/30 09:05:44 ✅ Container started: ed8ee62146df
2025/05/30 09:05:44 ⏳ Waiting for container id ed8ee62146df image: nats:2.10-alpine. Waiting for: &{timeout:<nil> deadline:0xc0005be5a0 Strategies:[0xc0007a1f20 0xc00040a870]}
2025/05/30 09:05:49 🔔 Container is ready: ed8ee62146df
2025/05/30 09:05:49 NATS container started with resource limits. URL: nats://localhost:34044
Creating user table...
User table created successfully!
2025/05/30 09:05:49 Ran user migrations group #1
Creating round table...
Round table created successfully!
2025/05/30 09:05:49 Ran round migrations group #2
Creating score table...
Score table created successfully!
2025/05/30 09:05:49 Ran score migrations group #3
Creating leaderboard table...
Leaderboard table created successfully!
2025/05/30 09:05:49 Ran leaderboard migrations group #4
2025/05/30 09:05:49 All migrations ran successfully
2025/05/30 09:05:49 newDBServiceWithDB - Registering models
2025/05/30 09:05:49 newDBServiceWithDB - Models registered successfully
2025/05/30 09:05:49 newDBServiceWithDB - DBService initialized: &{UserDB:0xc00014c350 RoundDB:0xc00014c360 ScoreDB:0xc00014c368 LeaderboardDB:0xc00014c370 db:0xc000634480}
2025/05/30 09:05:49 Truncating tables: leaderboards
2025/05/30 09:05:49 Truncating tables: users, scores, leaderboards, rounds
    get_leaderboard_test.go:240: Waiting for 1 messages on topic "discord.get.leaderboard.success" with timeout 5s
2025/05/30 09:05:50 Test received message 9758c510-88c9-4a56-b8cc-7bd263dc7dc9 on topic "discord.get.leaderboard.success"
    get_leaderboard_test.go:240: Successfully received 1 messages on topic "discord.get.leaderboard.success"
2025/05/30 09:05:50 Test Case "TestHandleGetLeaderboardRequested/Success_-_Get_Leaderboard_With_Data": Canceling subscription context.
2025/05/30 09:05:50 Test Case "TestHandleGetLeaderboardRequested/Success_-_Get_Leaderboard_With_Data": Waiting for subscriber goroutines to finish.
2025/05/30 09:05:50 Test Case "TestHandleGetLeaderboardRequested/Success_-_Get_Leaderboard_With_Data": Subscriber goroutines finished.
2025/05/30 09:05:50 Running leaderboard handler test cleanup...
2025/05/30 09:05:51 Error closing Leaderboard module: error closing LeaderboardRouter: router close timeout
2025/05/30 09:05:51 Router goroutine finished.
2025/05/30 09:05:51 Leaderboard handler test cleanup finished.
2025/05/30 09:05:51 Cleaning up test environment...
2025/05/30 09:05:51 Context cancelled.
2025/05/30 09:05:51 EventBus closed.
2025/05/30 09:05:51 NATS connection closed.
2025/05/30 09:05:51 DB connection closed.
2025/05/30 09:05:51 🐳 Stopping container: ed8ee62146df
2025/05/30 09:05:52 ✅ Container stopped: ed8ee62146df
2025/05/30 09:05:52 🐳 Terminating container: ed8ee62146df
2025/05/30 09:05:52 🚫 Container terminated: ed8ee62146df
2025/05/30 09:05:52 NATS container terminated.
2025/05/30 09:05:52 🐳 Stopping container: da32994c0fd9
2025/05/30 09:05:52 ✅ Container stopped: da32994c0fd9
2025/05/30 09:05:52 🐳 Terminating container: da32994c0fd9
2025/05/30 09:05:52 🚫 Container terminated: da32994c0fd9
2025/05/30 09:05:52 PostgreSQL container terminated.
2025/05/30 09:05:52 Cleanup complete.
=== RUN   TestHandleGetLeaderboardRequested/Success_-_Get_Empty_Leaderboard
2025/05/30 09:05:52 Starting PostgreSQL container with resource limits...
2025/05/30 09:05:52 🐳 Creating container for image postgres:16-alpine
2025/05/30 09:05:52 ✅ Container created: 6284b21d0e48
2025/05/30 09:05:52 🐳 Starting container: 6284b21d0e48
2025/05/30 09:05:52 ✅ Container started: 6284b21d0e48
2025/05/30 09:05:52 ⏳ Waiting for container id 6284b21d0e48 image: postgres:16-alpine. Waiting for: &{timeout:<nil> deadline:0xc000910b80 Strategies:[0xc000a83020]}
2025/05/30 09:05:55 🔔 Container is ready: 6284b21d0e48
2025/05/30 09:05:55 PostgreSQL container started with resource limits and init script. URL: postgres://testuser:testpass@localhost:34068/testdb?sslmode=disable
2025/05/30 09:05:55 Starting NATS container with resource limits...
2025/05/30 09:05:55 🐳 Creating container for image nats:2.10-alpine
2025/05/30 09:05:55 ✅ Container created: 97c3c98a073d
2025/05/30 09:05:55 🐳 Starting container: 97c3c98a073d
2025/05/30 09:05:57 ✅ Container started: 97c3c98a073d
2025/05/30 09:05:57 ⏳ Waiting for container id 97c3c98a073d image: nats:2.10-alpine. Waiting for: &{timeout:<nil> deadline:0xc000611de0 Strategies:[0xc000743560 0xc00035bb90]}
2025/05/30 09:06:00 🔔 Container is ready: 97c3c98a073d
2025/05/30 09:06:00 NATS container started with resource limits. URL: nats://localhost:34074
Creating user table...
User table created successfully!
2025/05/30 09:06:00 Ran user migrations group #1
Creating round table...
Round table created successfully!
2025/05/30 09:06:00 Ran round migrations group #2
Creating score table...
Score table created successfully!
2025/05/30 09:06:00 Ran score migrations group #3
Creating leaderboard table...
Leaderboard table created successfully!
2025/05/30 09:06:00 Ran leaderboard migrations group #4
2025/05/30 09:06:00 All migrations ran successfully
2025/05/30 09:06:00 newDBServiceWithDB - Registering models
2025/05/30 09:06:00 newDBServiceWithDB - Models registered successfully
2025/05/30 09:06:00 newDBServiceWithDB - DBService initialized: &{UserDB:0xc0008167d0 RoundDB:0xc0008167d8 ScoreDB:0xc0008167e0 LeaderboardDB:0xc0008167e8 db:0xc000a061c0}
2025/05/30 09:06:00 Truncating tables: leaderboards
2025/05/30 09:06:00 Truncating tables: users, scores, leaderboards, rounds
    get_leaderboard_test.go:240: Waiting for 1 messages on topic "discord.get.leaderboard.success" with timeout 5s
2025/05/30 09:06:01 Test received message da3c9d68-2d91-40ee-90f4-a774f03a0662 on topic "discord.get.leaderboard.success"
    get_leaderboard_test.go:240: Successfully received 1 messages on topic "discord.get.leaderboard.success"
2025/05/30 09:06:01 Test Case "TestHandleGetLeaderboardRequested/Success_-_Get_Empty_Leaderboard": Canceling subscription context.
2025/05/30 09:06:01 Test Case "TestHandleGetLeaderboardRequested/Success_-_Get_Empty_Leaderboard": Waiting for subscriber goroutines to finish.
2025/05/30 09:06:01 Test Case "TestHandleGetLeaderboardRequested/Success_-_Get_Empty_Leaderboard": Subscriber goroutines finished.
2025/05/30 09:06:01 Running leaderboard handler test cleanup...
2025/05/30 09:06:02 Error closing Leaderboard module: error closing LeaderboardRouter: router close timeout
2025/05/30 09:06:02 Router goroutine finished.
2025/05/30 09:06:02 Leaderboard handler test cleanup finished.
2025/05/30 09:06:02 Cleaning up test environment...
2025/05/30 09:06:02 Context cancelled.
2025/05/30 09:06:02 EventBus closed.
2025/05/30 09:06:02 NATS connection closed.
2025/05/30 09:06:02 DB connection closed.
2025/05/30 09:06:02 🐳 Stopping container: 97c3c98a073d
2025/05/30 09:06:03 ✅ Container stopped: 97c3c98a073d
2025/05/30 09:06:03 🐳 Terminating container: 97c3c98a073d
2025/05/30 09:06:03 🚫 Container terminated: 97c3c98a073d
2025/05/30 09:06:03 NATS container terminated.
2025/05/30 09:06:03 🐳 Stopping container: 6284b21d0e48
2025/05/30 09:06:03 ✅ Container stopped: 6284b21d0e48
2025/05/30 09:06:03 🐳 Terminating container: 6284b21d0e48
2025/05/30 09:06:04 🚫 Container terminated: 6284b21d0e48
2025/05/30 09:06:04 PostgreSQL container terminated.
2025/05/30 09:06:04 Cleanup complete.
=== RUN   TestHandleGetLeaderboardRequested/Failure_-_Invalid_Message_Payload
2025/05/30 09:06:04 Starting PostgreSQL container with resource limits...
2025/05/30 09:06:04 🐳 Creating container for image postgres:16-alpine
2025/05/30 09:06:04 ✅ Container created: 838fa6cd8cd2
2025/05/30 09:06:04 🐳 Starting container: 838fa6cd8cd2
2025/05/30 09:06:04 ✅ Container started: 838fa6cd8cd2
2025/05/30 09:06:04 ⏳ Waiting for container id 838fa6cd8cd2 image: postgres:16-alpine. Waiting for: &{timeout:<nil> deadline:0xc0005beed8 Strategies:[0xc0008feed0]}
2025/05/30 09:06:07 🔔 Container is ready: 838fa6cd8cd2
2025/05/30 09:06:07 PostgreSQL container started with resource limits and init script. URL: postgres://testuser:testpass@localhost:34093/testdb?sslmode=disable
2025/05/30 09:06:07 Starting NATS container with resource limits...
2025/05/30 09:06:07 🐳 Creating container for image nats:2.10-alpine
2025/05/30 09:06:07 ✅ Container created: 3d9350100b37
2025/05/30 09:06:07 🐳 Starting container: 3d9350100b37
2025/05/30 09:06:08 ✅ Container started: 3d9350100b37
2025/05/30 09:06:08 ⏳ Waiting for container id 3d9350100b37 image: nats:2.10-alpine. Waiting for: &{timeout:<nil> deadline:0xc00079fd78 Strategies:[0xc0007f5920 0xc00040bbc0]}
2025/05/30 09:06:12 🔔 Container is ready: 3d9350100b37
2025/05/30 09:06:12 NATS container started with resource limits. URL: nats://localhost:34100
Creating user table...
User table created successfully!
2025/05/30 09:06:12 Ran user migrations group #1
Creating round table...
Round table created successfully!
2025/05/30 09:06:12 Ran round migrations group #2
Creating score table...
Score table created successfully!
2025/05/30 09:06:13 Ran score migrations group #3
Creating leaderboard table...
Leaderboard table created successfully!
2025/05/30 09:06:13 Ran leaderboard migrations group #4
2025/05/30 09:06:13 All migrations ran successfully
2025/05/30 09:06:13 newDBServiceWithDB - Registering models
2025/05/30 09:06:13 newDBServiceWithDB - Models registered successfully
2025/05/30 09:06:13 newDBServiceWithDB - DBService initialized: &{UserDB:0xc000488168 RoundDB:0xc000488170 ScoreDB:0xc000488180 LeaderboardDB:0xc000488188 db:0xc000d127c0}
2025/05/30 09:06:13 Truncating tables: leaderboards
2025/05/30 09:06:13 Truncating tables: users, scores, leaderboards, rounds
2025/05/30 09:06:13 Test Case "TestHandleGetLeaderboardRequested/Failure_-_Invalid_Message_Payload": Canceling subscription context.
2025/05/30 09:06:13 Test Case "TestHandleGetLeaderboardRequested/Failure_-_Invalid_Message_Payload": Waiting for subscriber goroutines to finish.
2025/05/30 09:06:13 Test Case "TestHandleGetLeaderboardRequested/Failure_-_Invalid_Message_Payload": Subscriber goroutines finished.
2025/05/30 09:06:13 Running leaderboard handler test cleanup...
2025/05/30 09:06:14 Error closing Leaderboard module: error closing LeaderboardRouter: router close timeout
2025/05/30 09:06:14 Router goroutine finished.
2025/05/30 09:06:14 Leaderboard handler test cleanup finished.
2025/05/30 09:06:14 Cleaning up test environment...
2025/05/30 09:06:14 Context cancelled.
2025/05/30 09:06:14 EventBus closed.
2025/05/30 09:06:14 NATS connection closed.
2025/05/30 09:06:14 DB connection closed.
2025/05/30 09:06:14 🐳 Stopping container: 3d9350100b37
2025/05/30 09:06:15 ✅ Container stopped: 3d9350100b37
2025/05/30 09:06:15 🐳 Terminating container: 3d9350100b37
2025/05/30 09:06:15 🚫 Container terminated: 3d9350100b37
2025/05/30 09:06:15 NATS container terminated.
2025/05/30 09:06:15 🐳 Stopping container: 838fa6cd8cd2
2025/05/30 09:06:15 ✅ Container stopped: 838fa6cd8cd2
2025/05/30 09:06:15 🐳 Terminating container: 838fa6cd8cd2
2025/05/30 09:06:16 🚫 Container terminated: 838fa6cd8cd2
2025/05/30 09:06:16 PostgreSQL container terminated.
2025/05/30 09:06:16 Cleanup complete.
=== RUN   TestHandleGetLeaderboardRequested/Failure_-_No_Active_Leaderboard
2025/05/30 09:06:16 Starting PostgreSQL container with resource limits...
2025/05/30 09:06:16 🐳 Creating container for image postgres:16-alpine
2025/05/30 09:06:16 ✅ Container created: ce6302247458
2025/05/30 09:06:16 🐳 Starting container: ce6302247458
2025/05/30 09:06:16 ✅ Container started: ce6302247458
2025/05/30 09:06:16 ⏳ Waiting for container id ce6302247458 image: postgres:16-alpine. Waiting for: &{timeout:<nil> deadline:0xc000b55aa8 Strategies:[0xc000982e40]}
2025/05/30 09:06:18 🔔 Container is ready: ce6302247458
2025/05/30 09:06:18 PostgreSQL container started with resource limits and init script. URL: postgres://testuser:testpass@localhost:34122/testdb?sslmode=disable
2025/05/30 09:06:18 Starting NATS container with resource limits...
2025/05/30 09:06:19 🐳 Creating container for image nats:2.10-alpine
2025/05/30 09:06:19 ✅ Container created: 0cbfb5b8d5ec
2025/05/30 09:06:19 🐳 Starting container: 0cbfb5b8d5ec
2025/05/30 09:06:19 ✅ Container started: 0cbfb5b8d5ec
2025/05/30 09:06:19 ⏳ Waiting for container id 0cbfb5b8d5ec image: nats:2.10-alpine. Waiting for: &{timeout:<nil> deadline:0xc0009ab728 Strategies:[0xc0008b3020 0xc000ace2d0]}
2025/05/30 09:06:20 🔔 Container is ready: 0cbfb5b8d5ec
2025/05/30 09:06:20 NATS container started with resource limits. URL: nats://localhost:34130
Creating score table...
Score table created successfully!
2025/05/30 09:06:20 Ran score migrations group #1
Creating leaderboard table...
Leaderboard table created successfully!
2025/05/30 09:06:20 Ran leaderboard migrations group #2
Creating user table...
User table created successfully!
2025/05/30 09:06:20 Ran user migrations group #3
Creating round table...
Round table created successfully!
2025/05/30 09:06:20 Ran round migrations group #4
2025/05/30 09:06:20 All migrations ran successfully
2025/05/30 09:06:20 newDBServiceWithDB - Registering models
2025/05/30 09:06:20 newDBServiceWithDB - Models registered successfully
2025/05/30 09:06:20 newDBServiceWithDB - DBService initialized: &{UserDB:0xc00007cbf0 RoundDB:0xc00007cbf8 ScoreDB:0xc00007cc00 LeaderboardDB:0xc00007cc08 db:0xc000929340}
2025/05/30 09:06:20 Truncating tables: leaderboards
2025/05/30 09:06:20 Truncating tables: users, scores, leaderboards, rounds
2025/05/30 09:06:21 Test Case "TestHandleGetLeaderboardRequested/Failure_-_No_Active_Leaderboard": Canceling subscription context.
2025/05/30 09:06:21 Test Case "TestHandleGetLeaderboardRequested/Failure_-_No_Active_Leaderboard": Waiting for subscriber goroutines to finish.
2025/05/30 09:06:21 Test Case "TestHandleGetLeaderboardRequested/Failure_-_No_Active_Leaderboard": Subscriber goroutines finished.
2025/05/30 09:06:21 Running leaderboard handler test cleanup...
2025/05/30 09:06:22 Error closing Leaderboard module: error closing LeaderboardRouter: router close timeout
2025/05/30 09:06:22 Router goroutine finished.
2025/05/30 09:06:22 Leaderboard handler test cleanup finished.
2025/05/30 09:06:22 Cleaning up test environment...
2025/05/30 09:06:22 Context cancelled.
2025/05/30 09:06:22 EventBus closed.
2025/05/30 09:06:22 NATS connection closed.
2025/05/30 09:06:22 DB connection closed.
2025/05/30 09:06:22 🐳 Stopping container: 0cbfb5b8d5ec
2025/05/30 09:06:23 ✅ Container stopped: 0cbfb5b8d5ec
2025/05/30 09:06:23 🐳 Terminating container: 0cbfb5b8d5ec
2025/05/30 09:06:23 🚫 Container terminated: 0cbfb5b8d5ec
2025/05/30 09:06:23 NATS container terminated.
2025/05/30 09:06:23 🐳 Stopping container: ce6302247458
2025/05/30 09:06:23 ✅ Container stopped: ce6302247458
2025/05/30 09:06:23 🐳 Terminating container: ce6302247458
2025/05/30 09:06:23 🚫 Container terminated: ce6302247458
2025/05/30 09:06:23 PostgreSQL container terminated.
2025/05/30 09:06:23 Cleanup complete.
--- PASS: TestHandleGetLeaderboardRequested (43.68s)
    --- PASS: TestHandleGetLeaderboardRequested/Success_-_Get_Leaderboard_With_Data (12.32s)
    --- PASS: TestHandleGetLeaderboardRequested/Success_-_Get_Empty_Leaderboard (11.75s)
    --- PASS: TestHandleGetLeaderboardRequested/Failure_-_Invalid_Message_Payload (12.07s)
    --- PASS: TestHandleGetLeaderboardRequested/Failure_-_No_Active_Leaderboard (7.55s)
=== RUN   TestHandleLeaderboardUpdateRequested
=== RUN   TestHandleLeaderboardUpdateRequested/Success_-_Sorted_participant_tags_apply_to_new_leaderboard
2025/05/30 09:06:23 Starting PostgreSQL container with resource limits...
2025/05/30 09:06:23 🐳 Creating container for image postgres:16-alpine
2025/05/30 09:06:23 ✅ Container created: 4807a46c431a
2025/05/30 09:06:23 🐳 Starting container: 4807a46c431a
2025/05/30 09:06:24 ✅ Container started: 4807a46c431a
2025/05/30 09:06:24 ⏳ Waiting for container id 4807a46c431a image: postgres:16-alpine. Waiting for: &{timeout:<nil> deadline:0xc000b55d78 Strategies:[0xc000afac90]}
2025/05/30 09:06:26 🔔 Container is ready: 4807a46c431a
2025/05/30 09:06:26 PostgreSQL container started with resource limits and init script. URL: postgres://testuser:testpass@localhost:34139/testdb?sslmode=disable
2025/05/30 09:06:26 Starting NATS container with resource limits...
2025/05/30 09:06:26 🐳 Creating container for image nats:2.10-alpine
2025/05/30 09:06:27 ✅ Container created: 845f0318343e
2025/05/30 09:06:27 🐳 Starting container: 845f0318343e
2025/05/30 09:06:27 ✅ Container started: 845f0318343e
2025/05/30 09:06:27 ⏳ Waiting for container id 845f0318343e image: nats:2.10-alpine. Waiting for: &{timeout:<nil> deadline:0xc0005be828 Strategies:[0xc0009ffb00 0xc000b60570]}
2025/05/30 09:06:31 🔔 Container is ready: 845f0318343e
2025/05/30 09:06:31 NATS container started with resource limits. URL: nats://localhost:34149
Creating user table...
User table created successfully!
2025/05/30 09:06:31 Ran user migrations group #1
Creating round table...
Round table created successfully!
2025/05/30 09:06:31 Ran round migrations group #2
Creating score table...
Score table created successfully!
2025/05/30 09:06:31 Ran score migrations group #3
Creating leaderboard table...
Leaderboard table created successfully!
2025/05/30 09:06:31 Ran leaderboard migrations group #4
2025/05/30 09:06:31 All migrations ran successfully
2025/05/30 09:06:31 newDBServiceWithDB - Registering models
2025/05/30 09:06:31 newDBServiceWithDB - Models registered successfully
2025/05/30 09:06:31 newDBServiceWithDB - DBService initialized: &{UserDB:0xc0008166b0 RoundDB:0xc0008166c0 ScoreDB:0xc0008166c8 LeaderboardDB:0xc0008166d0 db:0xc0009e1140}
2025/05/30 09:06:31 Truncating tables: leaderboards
2025/05/30 09:06:31 Truncating tables: users, scores, leaderboards, rounds
    leaderboard_update_test.go:72: SetupFn: Initial Leaderboard ID: 2, UpdateID: 1c8c6752-1134-402a-9e92-7d62f999dfa0, IsActive: true
    leaderboard_update_test.go:74: SetupFn: Created users with IDs: [406278698, 138442160, 376448683]
    leaderboard_update_test.go:92: PublishMsgFn: Publishing message with RoundID: 6ab840d9-82ff-4447-a02c-5720c49386f3, SortedParticipantTags: [3:376448683 1:406278698 2:138442160]
    leaderboard_update_test.go:94: PublishMsgFn: Using actual user IDs: [406278698, 138442160, 376448683]
    leaderboard_update_test.go:328: Waiting for 1 messages on topic "discord.leaderboard.updated" with timeout 5s
2025/05/30 09:06:32 Test received message d6bb5e09-de01-4ff9-9b24-1b4642aa59f8 on topic "discord.leaderboard.updated"
    leaderboard_update_test.go:328: Successfully received 1 messages on topic "discord.leaderboard.updated"
    leaderboard_update_test.go:118: ValidateFn: Retrieved 2 leaderboards from DB
    leaderboard_update_test.go:121: ValidateFn: DB Leaderboard 0: ID: 2, UpdateID: 1c8c6752-1134-402a-9e92-7d62f999dfa0, IsActive: false, Data: [{TagNumber:10 UserID:406278698} {TagNumber:11 UserID:138442160} {TagNumber:12 UserID:376448683}]
    leaderboard_update_test.go:121: ValidateFn: DB Leaderboard 1: ID: 3, UpdateID: 6ab840d9-82ff-4447-a02c-5720c49386f3, IsActive: true, Data: [{TagNumber:1 UserID:406278698} {TagNumber:2 UserID:138442160} {TagNumber:3 UserID:376448683}]
    leaderboard_update_test.go:157: ValidateFn: Identified Old Leaderboard ID: 2, UpdateID: 1c8c6752-1134-402a-9e92-7d62f999dfa0, IsActive: false
    leaderboard_update_test.go:159: ValidateFn: Identified New Leaderboard ID: 3, UpdateID: 6ab840d9-82ff-4447-a02c-5720c49386f3, IsActive: true
    leaderboard_update_test.go:162: ValidateFn: Raw New Leaderboard Data (newLB.LeaderboardData): [{TagNumber:1 UserID:406278698} {TagNumber:2 UserID:138442160} {TagNumber:3 UserID:376448683}]
    leaderboard_update_test.go:192: ValidateFn: Expected Data Map: map[138442160:2 376448683:3 406278698:1]
    leaderboard_update_test.go:195: ValidateFn: Actual Data Map (from newLB): map[138442160:2 376448683:3 406278698:1]
2025/05/30 09:06:32 Test Case "TestHandleLeaderboardUpdateRequested/Success_-_Sorted_participant_tags_apply_to_new_leaderboard": Canceling subscription context.
2025/05/30 09:06:32 Test Case "TestHandleLeaderboardUpdateRequested/Success_-_Sorted_participant_tags_apply_to_new_leaderboard": Waiting for subscriber goroutines to finish.
2025/05/30 09:06:32 Test Case "TestHandleLeaderboardUpdateRequested/Success_-_Sorted_participant_tags_apply_to_new_leaderboard": Subscriber goroutines finished.
2025/05/30 09:06:32 Running leaderboard handler test cleanup...
2025/05/30 09:06:33 Error closing Leaderboard module: error closing LeaderboardRouter: router close timeout
2025/05/30 09:06:33 Router goroutine finished.
2025/05/30 09:06:33 Leaderboard handler test cleanup finished.
2025/05/30 09:06:33 Cleaning up test environment...
2025/05/30 09:06:33 Context cancelled.
2025/05/30 09:06:33 EventBus closed.
2025/05/30 09:06:33 NATS connection closed.
2025/05/30 09:06:33 DB connection closed.
2025/05/30 09:06:33 🐳 Stopping container: 845f0318343e
2025/05/30 09:06:33 ✅ Container stopped: 845f0318343e
2025/05/30 09:06:33 🐳 Terminating container: 845f0318343e
2025/05/30 09:06:33 🚫 Container terminated: 845f0318343e
2025/05/30 09:06:33 NATS container terminated.
2025/05/30 09:06:33 🐳 Stopping container: 4807a46c431a
2025/05/30 09:06:34 ✅ Container stopped: 4807a46c431a
2025/05/30 09:06:34 🐳 Terminating container: 4807a46c431a
2025/05/30 09:06:34 🚫 Container terminated: 4807a46c431a
2025/05/30 09:06:34 PostgreSQL container terminated.
2025/05/30 09:06:34 Cleanup complete.
=== RUN   TestHandleLeaderboardUpdateRequested/Failure_-_Invalid_JSON_Payload
2025/05/30 09:06:34 Starting PostgreSQL container with resource limits...
2025/05/30 09:06:34 🐳 Creating container for image postgres:16-alpine
2025/05/30 09:06:34 ✅ Container created: 6e799476487c
2025/05/30 09:06:34 🐳 Starting container: 6e799476487c
2025/05/30 09:06:35 ✅ Container started: 6e799476487c
2025/05/30 09:06:35 ⏳ Waiting for container id 6e799476487c image: postgres:16-alpine. Waiting for: &{timeout:<nil> deadline:0xc00079e730 Strategies:[0xc0008fe690]}
2025/05/30 09:06:37 🔔 Container is ready: 6e799476487c
2025/05/30 09:06:37 PostgreSQL container started with resource limits and init script. URL: postgres://testuser:testpass@localhost:34174/testdb?sslmode=disable
2025/05/30 09:06:37 Starting NATS container with resource limits...
2025/05/30 09:06:37 🐳 Creating container for image nats:2.10-alpine
2025/05/30 09:06:38 ✅ Container created: be2d13403a51
2025/05/30 09:06:38 🐳 Starting container: be2d13403a51
2025/05/30 09:06:38 ✅ Container started: be2d13403a51
2025/05/30 09:06:38 ⏳ Waiting for container id be2d13403a51 image: nats:2.10-alpine. Waiting for: &{timeout:<nil> deadline:0xc000910ae8 Strategies:[0xc0007f5da0 0xc000a15890]}
2025/05/30 09:06:43 🔔 Container is ready: be2d13403a51
2025/05/30 09:06:43 NATS container started with resource limits. URL: nats://localhost:34182
Creating score table...
Score table created successfully!
2025/05/30 09:06:43 Ran score migrations group #1
Creating leaderboard table...
Leaderboard table created successfully!
2025/05/30 09:06:43 Ran leaderboard migrations group #2
Creating user table...
User table created successfully!
2025/05/30 09:06:43 Ran user migrations group #3
Creating round table...
Round table created successfully!
2025/05/30 09:06:43 Ran round migrations group #4
2025/05/30 09:06:43 All migrations ran successfully
2025/05/30 09:06:43 newDBServiceWithDB - Registering models
2025/05/30 09:06:43 newDBServiceWithDB - Models registered successfully
2025/05/30 09:06:43 newDBServiceWithDB - DBService initialized: &{UserDB:0xc00014c660 RoundDB:0xc00014c668 ScoreDB:0xc00014c670 LeaderboardDB:0xc00014c678 db:0xc000abfac0}
2025/05/30 09:06:43 Truncating tables: leaderboards
2025/05/30 09:06:43 Truncating tables: users, scores, leaderboards, rounds
2025/05/30 09:06:44 Test Case "TestHandleLeaderboardUpdateRequested/Failure_-_Invalid_JSON_Payload": Canceling subscription context.
2025/05/30 09:06:44 Test Case "TestHandleLeaderboardUpdateRequested/Failure_-_Invalid_JSON_Payload": Waiting for subscriber goroutines to finish.
2025/05/30 09:06:44 Test Case "TestHandleLeaderboardUpdateRequested/Failure_-_Invalid_JSON_Payload": Subscriber goroutines finished.
2025/05/30 09:06:44 Running leaderboard handler test cleanup...
2025/05/30 09:06:45 Error closing Leaderboard module: error closing LeaderboardRouter: router close timeout
2025/05/30 09:06:45 Router goroutine finished.
2025/05/30 09:06:45 Leaderboard handler test cleanup finished.
2025/05/30 09:06:45 Cleaning up test environment...
2025/05/30 09:06:45 Context cancelled.
2025/05/30 09:06:45 EventBus closed.
2025/05/30 09:06:45 NATS connection closed.
2025/05/30 09:06:45 DB connection closed.
2025/05/30 09:06:45 🐳 Stopping container: be2d13403a51
2025/05/30 09:06:45 ✅ Container stopped: be2d13403a51
2025/05/30 09:06:45 🐳 Terminating container: be2d13403a51
2025/05/30 09:06:45 🚫 Container terminated: be2d13403a51
2025/05/30 09:06:45 NATS container terminated.
2025/05/30 09:06:45 🐳 Stopping container: 6e799476487c
2025/05/30 09:06:45 ✅ Container stopped: 6e799476487c
2025/05/30 09:06:45 🐳 Terminating container: 6e799476487c
2025/05/30 09:06:46 🚫 Container terminated: 6e799476487c
2025/05/30 09:06:46 PostgreSQL container terminated.
2025/05/30 09:06:46 Cleanup complete.
=== RUN   TestHandleLeaderboardUpdateRequested/Failure_-_Empty_SortedParticipantTags
2025/05/30 09:06:46 Starting PostgreSQL container with resource limits...
2025/05/30 09:06:46 🐳 Creating container for image postgres:16-alpine
2025/05/30 09:06:46 ✅ Container created: efdb68f0779a
2025/05/30 09:06:46 🐳 Starting container: efdb68f0779a
2025/05/30 09:06:46 ✅ Container started: efdb68f0779a
2025/05/30 09:06:46 ⏳ Waiting for container id efdb68f0779a image: postgres:16-alpine. Waiting for: &{timeout:<nil> deadline:0xc000b24500 Strategies:[0xc000983b00]}
2025/05/30 09:06:49 🔔 Container is ready: efdb68f0779a
2025/05/30 09:06:49 PostgreSQL container started with resource limits and init script. URL: postgres://testuser:testpass@localhost:34201/testdb?sslmode=disable
2025/05/30 09:06:49 Starting NATS container with resource limits...
2025/05/30 09:06:49 🐳 Creating container for image nats:2.10-alpine
2025/05/30 09:06:49 ✅ Container created: d5396cc21dd6
2025/05/30 09:06:49 🐳 Starting container: d5396cc21dd6
2025/05/30 09:06:50 ✅ Container started: d5396cc21dd6
2025/05/30 09:06:50 ⏳ Waiting for container id d5396cc21dd6 image: nats:2.10-alpine. Waiting for: &{timeout:<nil> deadline:0xc0009ab9e8 Strategies:[0xc0009c92c0 0xc000c18750]}
2025/05/30 09:06:53 🔔 Container is ready: d5396cc21dd6
2025/05/30 09:06:53 NATS container started with resource limits. URL: nats://localhost:34205
Creating user table...
User table created successfully!
2025/05/30 09:06:53 Ran user migrations group #1
Creating round table...
Round table created successfully!
2025/05/30 09:06:53 Ran round migrations group #2
Creating score table...
Score table created successfully!
2025/05/30 09:06:53 Ran score migrations group #3
Creating leaderboard table...
Leaderboard table created successfully!
2025/05/30 09:06:53 Ran leaderboard migrations group #4
2025/05/30 09:06:53 All migrations ran successfully
2025/05/30 09:06:53 newDBServiceWithDB - Registering models
2025/05/30 09:06:53 newDBServiceWithDB - Models registered successfully
2025/05/30 09:06:53 newDBServiceWithDB - DBService initialized: &{UserDB:0xc0005b21f0 RoundDB:0xc0005b21f8 ScoreDB:0xc0005b2200 LeaderboardDB:0xc0005b2210 db:0xc000abfc40}
2025/05/30 09:06:53 Truncating tables: leaderboards
2025/05/30 09:06:53 Truncating tables: users, scores, leaderboards, rounds
2025/05/30 09:06:54 Test Case "TestHandleLeaderboardUpdateRequested/Failure_-_Empty_SortedParticipantTags": Canceling subscription context.
2025/05/30 09:06:54 Test Case "TestHandleLeaderboardUpdateRequested/Failure_-_Empty_SortedParticipantTags": Waiting for subscriber goroutines to finish.
2025/05/30 09:06:54 Test Case "TestHandleLeaderboardUpdateRequested/Failure_-_Empty_SortedParticipantTags": Subscriber goroutines finished.
2025/05/30 09:06:54 Running leaderboard handler test cleanup...
2025/05/30 09:06:55 Error closing Leaderboard module: error closing LeaderboardRouter: router close timeout
2025/05/30 09:06:55 Router goroutine finished.
2025/05/30 09:06:55 Leaderboard handler test cleanup finished.
2025/05/30 09:06:55 Cleaning up test environment...
2025/05/30 09:06:55 Context cancelled.
2025/05/30 09:06:55 EventBus closed.
2025/05/30 09:06:55 NATS connection closed.
2025/05/30 09:06:55 DB connection closed.
2025/05/30 09:06:55 🐳 Stopping container: d5396cc21dd6
2025/05/30 09:06:56 ✅ Container stopped: d5396cc21dd6
2025/05/30 09:06:56 🐳 Terminating container: d5396cc21dd6
2025/05/30 09:06:56 🚫 Container terminated: d5396cc21dd6
2025/05/30 09:06:56 NATS container terminated.
2025/05/30 09:06:56 🐳 Stopping container: efdb68f0779a
2025/05/30 09:06:56 ✅ Container stopped: efdb68f0779a
2025/05/30 09:06:56 🐳 Terminating container: efdb68f0779a
2025/05/30 09:06:56 🚫 Container terminated: efdb68f0779a
2025/05/30 09:06:56 PostgreSQL container terminated.
2025/05/30 09:06:56 Cleanup complete.
=== RUN   TestHandleLeaderboardUpdateRequested/Failure_-_Incorrect_Tag_Format
2025/05/30 09:06:56 Starting PostgreSQL container with resource limits...
2025/05/30 09:06:56 🐳 Creating container for image postgres:16-alpine
2025/05/30 09:06:56 ✅ Container created: 5b6aaa09eceb
2025/05/30 09:06:56 🐳 Starting container: 5b6aaa09eceb
2025/05/30 09:06:57 ✅ Container started: 5b6aaa09eceb
2025/05/30 09:06:57 ⏳ Waiting for container id 5b6aaa09eceb image: postgres:16-alpine. Waiting for: &{timeout:<nil> deadline:0xc000d02610 Strategies:[0xc00076c9c0]}
2025/05/30 09:07:00 🔔 Container is ready: 5b6aaa09eceb
2025/05/30 09:07:00 PostgreSQL container started with resource limits and init script. URL: postgres://testuser:testpass@localhost:34221/testdb?sslmode=disable
2025/05/30 09:07:00 Starting NATS container with resource limits...
2025/05/30 09:07:00 🐳 Creating container for image nats:2.10-alpine
2025/05/30 09:07:00 ✅ Container created: b4a0e436600b
2025/05/30 09:07:00 🐳 Starting container: b4a0e436600b
2025/05/30 09:07:00 ✅ Container started: b4a0e436600b
2025/05/30 09:07:00 ⏳ Waiting for container id b4a0e436600b image: nats:2.10-alpine. Waiting for: &{timeout:<nil> deadline:0xc000cda938 Strategies:[0xc000b2ce40 0xc000a14a20]}
2025/05/30 09:07:03 🔔 Container is ready: b4a0e436600b
2025/05/30 09:07:03 NATS container started with resource limits. URL: nats://localhost:34230
Creating round table...
Round table created successfully!
2025/05/30 09:07:03 Ran round migrations group #1
Creating score table...
Score table created successfully!
2025/05/30 09:07:03 Ran score migrations group #2
Creating leaderboard table...
Leaderboard table created successfully!
2025/05/30 09:07:03 Ran leaderboard migrations group #3
Creating user table...
User table created successfully!
2025/05/30 09:07:03 Ran user migrations group #4
2025/05/30 09:07:03 All migrations ran successfully
2025/05/30 09:07:03 newDBServiceWithDB - Registering models
2025/05/30 09:07:03 newDBServiceWithDB - Models registered successfully
2025/05/30 09:07:03 newDBServiceWithDB - DBService initialized: &{UserDB:0xc00014c888 RoundDB:0xc00014c890 ScoreDB:0xc00014c898 LeaderboardDB:0xc00014c8a0 db:0xc00080b6c0}
2025/05/30 09:07:03 Truncating tables: leaderboards
2025/05/30 09:07:03 Truncating tables: users, scores, leaderboards, rounds
2025/05/30 09:07:04 Test Case "TestHandleLeaderboardUpdateRequested/Failure_-_Incorrect_Tag_Format": Canceling subscription context.
2025/05/30 09:07:04 Test Case "TestHandleLeaderboardUpdateRequested/Failure_-_Incorrect_Tag_Format": Waiting for subscriber goroutines to finish.
2025/05/30 09:07:04 Test Case "TestHandleLeaderboardUpdateRequested/Failure_-_Incorrect_Tag_Format": Subscriber goroutines finished.
2025/05/30 09:07:04 Running leaderboard handler test cleanup...
2025/05/30 09:07:05 Error closing Leaderboard module: error closing LeaderboardRouter: router close timeout
2025/05/30 09:07:05 Router goroutine finished.
2025/05/30 09:07:05 Leaderboard handler test cleanup finished.
2025/05/30 09:07:05 Cleaning up test environment...
2025/05/30 09:07:05 Context cancelled.
2025/05/30 09:07:05 EventBus closed.
2025/05/30 09:07:05 NATS connection closed.
2025/05/30 09:07:05 DB connection closed.
2025/05/30 09:07:05 🐳 Stopping container: b4a0e436600b
2025/05/30 09:07:05 ✅ Container stopped: b4a0e436600b
2025/05/30 09:07:05 🐳 Terminating container: b4a0e436600b
2025/05/30 09:07:05 🚫 Container terminated: b4a0e436600b
2025/05/30 09:07:05 NATS container terminated.
2025/05/30 09:07:05 🐳 Stopping container: 5b6aaa09eceb
2025/05/30 09:07:06 ✅ Container stopped: 5b6aaa09eceb
2025/05/30 09:07:06 🐳 Terminating container: 5b6aaa09eceb
2025/05/30 09:07:06 🚫 Container terminated: 5b6aaa09eceb
2025/05/30 09:07:06 PostgreSQL container terminated.
2025/05/30 09:07:06 Cleanup complete.
--- PASS: TestHandleLeaderboardUpdateRequested (42.52s)
    --- PASS: TestHandleLeaderboardUpdateRequested/Success_-_Sorted_participant_tags_apply_to_new_leaderboard (10.91s)
    --- PASS: TestHandleLeaderboardUpdateRequested/Failure_-_Invalid_JSON_Payload (11.48s)
    --- PASS: TestHandleLeaderboardUpdateRequested/Failure_-_Empty_SortedParticipantTags (10.35s)
    --- PASS: TestHandleLeaderboardUpdateRequested/Failure_-_Incorrect_Tag_Format (9.77s)
=== RUN   TestHandleRoundGetTagRequest
=== RUN   TestHandleRoundGetTagRequest/Success_-_Tag_found_for_user_on_active_leaderboard
2025/05/30 09:07:06 Starting PostgreSQL container with resource limits...
2025/05/30 09:07:06 🐳 Creating container for image postgres:16-alpine
2025/05/30 09:07:06 ✅ Container created: 568e62a6faa3
2025/05/30 09:07:06 🐳 Starting container: 568e62a6faa3
2025/05/30 09:07:06 ✅ Container started: 568e62a6faa3
2025/05/30 09:07:06 ⏳ Waiting for container id 568e62a6faa3 image: postgres:16-alpine. Waiting for: &{timeout:<nil> deadline:0xc000911cf0 Strategies:[0xc000cbd290]}
2025/05/30 09:07:09 🔔 Container is ready: 568e62a6faa3
2025/05/30 09:07:09 PostgreSQL container started with resource limits and init script. URL: postgres://testuser:testpass@localhost:34240/testdb?sslmode=disable
2025/05/30 09:07:09 Starting NATS container with resource limits...
2025/05/30 09:07:09 🐳 Creating container for image nats:2.10-alpine
2025/05/30 09:07:09 ✅ Container created: d8ab8fed48fa
2025/05/30 09:07:09 🐳 Starting container: d8ab8fed48fa
2025/05/30 09:07:10 ✅ Container started: d8ab8fed48fa
2025/05/30 09:07:10 ⏳ Waiting for container id d8ab8fed48fa image: nats:2.10-alpine. Waiting for: &{timeout:<nil> deadline:0xc000611cf8 Strategies:[0xc000db6840 0xc000f826c0]}
2025/05/30 09:07:11 🔔 Container is ready: d8ab8fed48fa
2025/05/30 09:07:11 NATS container started with resource limits. URL: nats://localhost:34249
Creating user table...
User table created successfully!
2025/05/30 09:07:11 Ran user migrations group #1
Creating round table...
Round table created successfully!
2025/05/30 09:07:11 Ran round migrations group #2
Creating score table...
Score table created successfully!
2025/05/30 09:07:11 Ran score migrations group #3
Creating leaderboard table...
Leaderboard table created successfully!
2025/05/30 09:07:11 Ran leaderboard migrations group #4
2025/05/30 09:07:11 All migrations ran successfully
2025/05/30 09:07:11 newDBServiceWithDB - Registering models
2025/05/30 09:07:11 newDBServiceWithDB - Models registered successfully
2025/05/30 09:07:11 newDBServiceWithDB - DBService initialized: &{UserDB:0xc00014c408 RoundDB:0xc00014c410 ScoreDB:0xc00014c440 LeaderboardDB:0xc00014c450 db:0xc000a07480}
2025/05/30 09:07:11 Truncating tables: leaderboards
2025/05/30 09:07:11 Truncating tables: users, scores, leaderboards, rounds
    round_tag_by_userid_test.go:221: Waiting for 1 messages on topic "round.tag.lookup.found" with timeout 5s
2025/05/30 09:07:12 Test received message 419a4f4e-5b43-4abb-833b-4d6c99d7d896 on topic "round.tag.lookup.found"
    round_tag_by_userid_test.go:221: Successfully received 1 messages on topic "round.tag.lookup.found"
2025/05/30 09:07:12 Test Case "TestHandleRoundGetTagRequest/Success_-_Tag_found_for_user_on_active_leaderboard": Canceling subscription context.
2025/05/30 09:07:12 Test Case "TestHandleRoundGetTagRequest/Success_-_Tag_found_for_user_on_active_leaderboard": Waiting for subscriber goroutines to finish.
2025/05/30 09:07:12 Test Case "TestHandleRoundGetTagRequest/Success_-_Tag_found_for_user_on_active_leaderboard": Subscriber goroutines finished.
2025/05/30 09:07:12 Running leaderboard handler test cleanup...
2025/05/30 09:07:13 Error closing Leaderboard module: error closing LeaderboardRouter: router close timeout
2025/05/30 09:07:13 Router goroutine finished.
2025/05/30 09:07:13 Leaderboard handler test cleanup finished.
2025/05/30 09:07:13 Cleaning up test environment...
2025/05/30 09:07:13 Context cancelled.
2025/05/30 09:07:13 EventBus closed.
2025/05/30 09:07:13 NATS connection closed.
2025/05/30 09:07:13 DB connection closed.
2025/05/30 09:07:13 🐳 Stopping container: d8ab8fed48fa
2025/05/30 09:07:14 ✅ Container stopped: d8ab8fed48fa
2025/05/30 09:07:14 🐳 Terminating container: d8ab8fed48fa
2025/05/30 09:07:14 🚫 Container terminated: d8ab8fed48fa
2025/05/30 09:07:14 NATS container terminated.
2025/05/30 09:07:14 🐳 Stopping container: 568e62a6faa3
2025/05/30 09:07:14 ✅ Container stopped: 568e62a6faa3
2025/05/30 09:07:14 🐳 Terminating container: 568e62a6faa3
2025/05/30 09:07:14 🚫 Container terminated: 568e62a6faa3
2025/05/30 09:07:14 PostgreSQL container terminated.
2025/05/30 09:07:14 Cleanup complete.
=== RUN   TestHandleRoundGetTagRequest/Success_-_Tag_not_found_(user_not_on_leaderboard)
2025/05/30 09:07:14 Starting PostgreSQL container with resource limits...
2025/05/30 09:07:14 🐳 Creating container for image postgres:16-alpine
2025/05/30 09:07:14 ✅ Container created: b6ccddc8ba34
2025/05/30 09:07:14 🐳 Starting container: b6ccddc8ba34
2025/05/30 09:07:15 ✅ Container started: b6ccddc8ba34
2025/05/30 09:07:15 ⏳ Waiting for container id b6ccddc8ba34 image: postgres:16-alpine. Waiting for: &{timeout:<nil> deadline:0xc000f98e80 Strategies:[0xc000fc9740]}
2025/05/30 09:07:18 🔔 Container is ready: b6ccddc8ba34
2025/05/30 09:07:18 PostgreSQL container started with resource limits and init script. URL: postgres://testuser:testpass@localhost:34253/testdb?sslmode=disable
2025/05/30 09:07:18 Starting NATS container with resource limits...
2025/05/30 09:07:18 🐳 Creating container for image nats:2.10-alpine
2025/05/30 09:07:18 ✅ Container created: af041256b19d
2025/05/30 09:07:18 🐳 Starting container: af041256b19d
2025/05/30 09:07:18 ✅ Container started: af041256b19d
2025/05/30 09:07:18 ⏳ Waiting for container id af041256b19d image: nats:2.10-alpine. Waiting for: &{timeout:<nil> deadline:0xc0010b24c8 Strategies:[0xc000540060 0xc000a82c90]}
2025/05/30 09:07:21 🔔 Container is ready: af041256b19d
2025/05/30 09:07:21 NATS container started with resource limits. URL: nats://localhost:34261
Creating leaderboard table...
Leaderboard table created successfully!
2025/05/30 09:07:21 Ran leaderboard migrations group #1
Creating user table...
User table created successfully!
2025/05/30 09:07:21 Ran user migrations group #2
Creating round table...
Round table created successfully!
2025/05/30 09:07:21 Ran round migrations group #3
Creating score table...
Score table created successfully!
2025/05/30 09:07:21 Ran score migrations group #4
2025/05/30 09:07:21 All migrations ran successfully
2025/05/30 09:07:21 newDBServiceWithDB - Registering models
2025/05/30 09:07:21 newDBServiceWithDB - Models registered successfully
2025/05/30 09:07:21 newDBServiceWithDB - DBService initialized: &{UserDB:0xc00014c848 RoundDB:0xc00014c858 ScoreDB:0xc00014c860 LeaderboardDB:0xc00014c868 db:0xc0009e0c80}
2025/05/30 09:07:21 Truncating tables: leaderboards
2025/05/30 09:07:21 Truncating tables: users, scores, leaderboards, rounds
    round_tag_by_userid_test.go:221: Waiting for 1 messages on topic "round.tag.lookup.not.found" with timeout 5s
2025/05/30 09:07:22 WARN No tag found for user in active leaderboard data user_id=265803317
2025/05/30 09:07:22 Test received message 163d30ea-39cd-4df0-8c13-d15bf4ee125a on topic "round.tag.lookup.not.found"
    round_tag_by_userid_test.go:221: Successfully received 1 messages on topic "round.tag.lookup.not.found"
2025/05/30 09:07:22 Test Case "TestHandleRoundGetTagRequest/Success_-_Tag_not_found_(user_not_on_leaderboard)": Canceling subscription context.
2025/05/30 09:07:22 Test Case "TestHandleRoundGetTagRequest/Success_-_Tag_not_found_(user_not_on_leaderboard)": Waiting for subscriber goroutines to finish.
2025/05/30 09:07:22 Test Case "TestHandleRoundGetTagRequest/Success_-_Tag_not_found_(user_not_on_leaderboard)": Subscriber goroutines finished.
2025/05/30 09:07:22 Running leaderboard handler test cleanup...
2025/05/30 09:07:23 Error closing Leaderboard module: error closing LeaderboardRouter: router close timeout
2025/05/30 09:07:23 Router goroutine finished.
2025/05/30 09:07:23 Leaderboard handler test cleanup finished.
2025/05/30 09:07:23 Cleaning up test environment...
2025/05/30 09:07:23 Context cancelled.
2025/05/30 09:07:23 EventBus closed.
2025/05/30 09:07:23 NATS connection closed.
2025/05/30 09:07:23 DB connection closed.
2025/05/30 09:07:23 🐳 Stopping container: af041256b19d
2025/05/30 09:07:23 ✅ Container stopped: af041256b19d
2025/05/30 09:07:23 🐳 Terminating container: af041256b19d
2025/05/30 09:07:23 🚫 Container terminated: af041256b19d
2025/05/30 09:07:23 NATS container terminated.
2025/05/30 09:07:23 🐳 Stopping container: b6ccddc8ba34
2025/05/30 09:07:24 ✅ Container stopped: b6ccddc8ba34
2025/05/30 09:07:24 🐳 Terminating container: b6ccddc8ba34
2025/05/30 09:07:24 🚫 Container terminated: b6ccddc8ba34
2025/05/30 09:07:24 PostgreSQL container terminated.
2025/05/30 09:07:24 Cleanup complete.
=== RUN   TestHandleRoundGetTagRequest/Failure_-_No_active_leaderboard_present
2025/05/30 09:07:24 Starting PostgreSQL container with resource limits...
2025/05/30 09:07:24 🐳 Creating container for image postgres:16-alpine
2025/05/30 09:07:24 ✅ Container created: ac75cb1cec39
2025/05/30 09:07:24 🐳 Starting container: ac75cb1cec39
2025/05/30 09:07:24 ✅ Container started: ac75cb1cec39
2025/05/30 09:07:24 ⏳ Waiting for container id ac75cb1cec39 image: postgres:16-alpine. Waiting for: &{timeout:<nil> deadline:0xc000619468 Strategies:[0xc0008d8750]}
2025/05/30 09:07:27 🔔 Container is ready: ac75cb1cec39
2025/05/30 09:07:27 PostgreSQL container started with resource limits and init script. URL: postgres://testuser:testpass@localhost:34269/testdb?sslmode=disable
2025/05/30 09:07:27 Starting NATS container with resource limits...
2025/05/30 09:07:27 🐳 Creating container for image nats:2.10-alpine
2025/05/30 09:07:27 ✅ Container created: e49df9aca41b
2025/05/30 09:07:27 🐳 Starting container: e49df9aca41b
2025/05/30 09:07:27 ✅ Container started: e49df9aca41b
2025/05/30 09:07:27 ⏳ Waiting for container id e49df9aca41b image: nats:2.10-alpine. Waiting for: &{timeout:<nil> deadline:0xc00079f318 Strategies:[0xc0005ffe60 0xc0009304e0]}
2025/05/30 09:07:30 🔔 Container is ready: e49df9aca41b
2025/05/30 09:07:30 NATS container started with resource limits. URL: nats://localhost:34274
Creating score table...
Score table created successfully!
2025/05/30 09:07:30 Ran score migrations group #1
Creating leaderboard table...
Leaderboard table created successfully!
2025/05/30 09:07:30 Ran leaderboard migrations group #2
Creating user table...
User table created successfully!
2025/05/30 09:07:30 Ran user migrations group #3
Creating round table...
Round table created successfully!
2025/05/30 09:07:30 Ran round migrations group #4
2025/05/30 09:07:30 All migrations ran successfully
2025/05/30 09:07:30 newDBServiceWithDB - Registering models
2025/05/30 09:07:30 newDBServiceWithDB - Models registered successfully
2025/05/30 09:07:30 newDBServiceWithDB - DBService initialized: &{UserDB:0xc00007c650 RoundDB:0xc00007c690 ScoreDB:0xc00007c698 LeaderboardDB:0xc00007c6a0 db:0xc000a07b80}
2025/05/30 09:07:30 Truncating tables: leaderboards
2025/05/30 09:07:30 Truncating tables: users, scores, leaderboards, rounds
    round_tag_by_userid_test.go:221: Waiting for 1 messages on topic "discord.leaderboard.tag.get.by.user.id.failed" with timeout 5s
2025/05/30 09:07:31 WARN No active leaderboard found for tag lookup
2025/05/30 09:07:31 Test received message 1b09b3c3-418d-4d64-8f55-6eb30ad587a0 on topic "discord.leaderboard.tag.get.by.user.id.failed"
    round_tag_by_userid_test.go:221: Successfully received 1 messages on topic "discord.leaderboard.tag.get.by.user.id.failed"
2025/05/30 09:07:31 Test Case "TestHandleRoundGetTagRequest/Failure_-_No_active_leaderboard_present": Canceling subscription context.
2025/05/30 09:07:31 Test Case "TestHandleRoundGetTagRequest/Failure_-_No_active_leaderboard_present": Waiting for subscriber goroutines to finish.
2025/05/30 09:07:31 Test Case "TestHandleRoundGetTagRequest/Failure_-_No_active_leaderboard_present": Subscriber goroutines finished.
2025/05/30 09:07:31 Running leaderboard handler test cleanup...
2025/05/30 09:07:32 Error closing Leaderboard module: error closing LeaderboardRouter: router close timeout
2025/05/30 09:07:32 Router goroutine finished.
2025/05/30 09:07:32 Leaderboard handler test cleanup finished.
2025/05/30 09:07:32 Cleaning up test environment...
2025/05/30 09:07:32 Context cancelled.
2025/05/30 09:07:32 EventBus closed.
2025/05/30 09:07:32 NATS connection closed.
2025/05/30 09:07:32 DB connection closed.
2025/05/30 09:07:32 🐳 Stopping container: e49df9aca41b
2025/05/30 09:07:32 ✅ Container stopped: e49df9aca41b
2025/05/30 09:07:32 🐳 Terminating container: e49df9aca41b
2025/05/30 09:07:32 🚫 Container terminated: e49df9aca41b
2025/05/30 09:07:32 NATS container terminated.
2025/05/30 09:07:32 🐳 Stopping container: ac75cb1cec39
2025/05/30 09:07:33 ✅ Container stopped: ac75cb1cec39
2025/05/30 09:07:33 🐳 Terminating container: ac75cb1cec39
2025/05/30 09:07:33 🚫 Container terminated: ac75cb1cec39
2025/05/30 09:07:33 PostgreSQL container terminated.
2025/05/30 09:07:33 Cleanup complete.
=== RUN   TestHandleRoundGetTagRequest/Failure_-_Invalid_payload_(unmarshal_error)
2025/05/30 09:07:33 Starting PostgreSQL container with resource limits...
2025/05/30 09:07:33 🐳 Creating container for image postgres:16-alpine
2025/05/30 09:07:33 ✅ Container created: 981a352b4e08
2025/05/30 09:07:33 🐳 Starting container: 981a352b4e08
2025/05/30 09:07:33 ✅ Container started: 981a352b4e08
2025/05/30 09:07:33 ⏳ Waiting for container id 981a352b4e08 image: postgres:16-alpine. Waiting for: &{timeout:<nil> deadline:0xc000af0010 Strategies:[0xc0003ced80]}
2025/05/30 09:07:36 🔔 Container is ready: 981a352b4e08
2025/05/30 09:07:36 PostgreSQL container started with resource limits and init script. URL: postgres://testuser:testpass@localhost:34285/testdb?sslmode=disable
2025/05/30 09:07:36 Starting NATS container with resource limits...
2025/05/30 09:07:36 🐳 Creating container for image nats:2.10-alpine
2025/05/30 09:07:36 ✅ Container created: e25237051113
2025/05/30 09:07:36 🐳 Starting container: e25237051113
2025/05/30 09:07:37 ✅ Container started: e25237051113
2025/05/30 09:07:37 ⏳ Waiting for container id e25237051113 image: nats:2.10-alpine. Waiting for: &{timeout:<nil> deadline:0xc0005bf978 Strategies:[0xc000db7380 0xc00076d7a0]}
2025/05/30 09:07:39 🔔 Container is ready: e25237051113
2025/05/30 09:07:39 NATS container started with resource limits. URL: nats://localhost:34290
Creating user table...
User table created successfully!
2025/05/30 09:07:39 Ran user migrations group #1
Creating round table...
Round table created successfully!
2025/05/30 09:07:39 Ran round migrations group #2
Creating score table...
Score table created successfully!
2025/05/30 09:07:39 Ran score migrations group #3
Creating leaderboard table...
Leaderboard table created successfully!
2025/05/30 09:07:39 Ran leaderboard migrations group #4
2025/05/30 09:07:39 All migrations ran successfully
2025/05/30 09:07:39 newDBServiceWithDB - Registering models
2025/05/30 09:07:39 newDBServiceWithDB - Models registered successfully
2025/05/30 09:07:39 newDBServiceWithDB - DBService initialized: &{UserDB:0xc000816440 RoundDB:0xc000816448 ScoreDB:0xc000816450 LeaderboardDB:0xc000816468 db:0xc0004916c0}
2025/05/30 09:07:39 Truncating tables: leaderboards
2025/05/30 09:07:39 Truncating tables: users, scores, leaderboards, rounds
2025/05/30 09:07:40 Test Case "TestHandleRoundGetTagRequest/Failure_-_Invalid_payload_(unmarshal_error)": Canceling subscription context.
2025/05/30 09:07:40 Test Case "TestHandleRoundGetTagRequest/Failure_-_Invalid_payload_(unmarshal_error)": Waiting for subscriber goroutines to finish.
2025/05/30 09:07:40 Test Case "TestHandleRoundGetTagRequest/Failure_-_Invalid_payload_(unmarshal_error)": Subscriber goroutines finished.
2025/05/30 09:07:40 Running leaderboard handler test cleanup...
2025/05/30 09:07:41 Error closing Leaderboard module: error closing LeaderboardRouter: router close timeout
2025/05/30 09:07:41 Router goroutine finished.
2025/05/30 09:07:41 Leaderboard handler test cleanup finished.
2025/05/30 09:07:41 Cleaning up test environment...
2025/05/30 09:07:41 Context cancelled.
2025/05/30 09:07:41 EventBus closed.
2025/05/30 09:07:41 NATS connection closed.
2025/05/30 09:07:41 DB connection closed.
2025/05/30 09:07:41 🐳 Stopping container: e25237051113
2025/05/30 09:07:41 ✅ Container stopped: e25237051113
2025/05/30 09:07:41 🐳 Terminating container: e25237051113
2025/05/30 09:07:41 🚫 Container terminated: e25237051113
2025/05/30 09:07:41 NATS container terminated.
2025/05/30 09:07:41 🐳 Stopping container: 981a352b4e08
2025/05/30 09:07:41 ✅ Container stopped: 981a352b4e08
2025/05/30 09:07:41 🐳 Terminating container: 981a352b4e08
2025/05/30 09:07:41 🚫 Container terminated: 981a352b4e08
2025/05/30 09:07:41 PostgreSQL container terminated.
2025/05/30 09:07:41 Cleanup complete.
--- PASS: TestHandleRoundGetTagRequest (35.78s)
    --- PASS: TestHandleRoundGetTagRequest/Success_-_Tag_found_for_user_on_active_leaderboard (8.45s)
    --- PASS: TestHandleRoundGetTagRequest/Success_-_Tag_not_found_(user_not_on_leaderboard) (9.57s)
    --- PASS: TestHandleRoundGetTagRequest/Failure_-_No_active_leaderboard_present (9.10s)
    --- PASS: TestHandleRoundGetTagRequest/Failure_-_Invalid_payload_(unmarshal_error) (8.66s)
=== RUN   TestHandleTagAssignmentRequested
=== RUN   TestHandleTagAssignmentRequested/Success_-_Assign_New_Tag
2025/05/30 09:07:41 Starting PostgreSQL container with resource limits...
2025/05/30 09:07:41 🐳 Creating container for image postgres:16-alpine
2025/05/30 09:07:42 ✅ Container created: 8b7b2ed5053d
2025/05/30 09:07:42 🐳 Starting container: 8b7b2ed5053d
2025/05/30 09:07:42 ✅ Container started: 8b7b2ed5053d
2025/05/30 09:07:42 ⏳ Waiting for container id 8b7b2ed5053d image: postgres:16-alpine. Waiting for: &{timeout:<nil> deadline:0xc00073ecd0 Strategies:[0xc000d399e0]}
2025/05/30 09:07:45 🔔 Container is ready: 8b7b2ed5053d
2025/05/30 09:07:45 PostgreSQL container started with resource limits and init script. URL: postgres://testuser:testpass@localhost:34301/testdb?sslmode=disable
2025/05/30 09:07:45 Starting NATS container with resource limits...
2025/05/30 09:07:45 🐳 Creating container for image nats:2.10-alpine
2025/05/30 09:07:45 ✅ Container created: 5fda6cfb2d16
2025/05/30 09:07:45 🐳 Starting container: 5fda6cfb2d16
2025/05/30 09:07:45 ✅ Container started: 5fda6cfb2d16
2025/05/30 09:07:45 ⏳ Waiting for container id 5fda6cfb2d16 image: nats:2.10-alpine. Waiting for: &{timeout:<nil> deadline:0xc000d03158 Strategies:[0xc0011182a0 0xc000a68450]}
2025/05/30 09:07:48 🔔 Container is ready: 5fda6cfb2d16
2025/05/30 09:07:48 NATS container started with resource limits. URL: nats://localhost:34306
Creating user table...
User table created successfully!
2025/05/30 09:07:48 Ran user migrations group #1
Creating round table...
Round table created successfully!
2025/05/30 09:07:48 Ran round migrations group #2
Creating score table...
Score table created successfully!
2025/05/30 09:07:48 Ran score migrations group #3
Creating leaderboard table...
Leaderboard table created successfully!
2025/05/30 09:07:48 Ran leaderboard migrations group #4
2025/05/30 09:07:48 All migrations ran successfully
2025/05/30 09:07:48 newDBServiceWithDB - Registering models
2025/05/30 09:07:48 newDBServiceWithDB - Models registered successfully
2025/05/30 09:07:48 newDBServiceWithDB - DBService initialized: &{UserDB:0xc0008162a8 RoundDB:0xc0008162b0 ScoreDB:0xc0008162b8 LeaderboardDB:0xc0008162c0 db:0xc000abee00}
2025/05/30 09:07:48 Truncating tables: leaderboards
2025/05/30 09:07:48 Truncating tables: users, scores, leaderboards, rounds
    tag_assignment_test.go:269: Waiting for 1 messages on topic "discord.leaderboard.tag.assignment.success" with timeout 5s
2025/05/30 09:07:49 Test received message 5d1a3d34-25ab-4dd4-a45d-9d7b6228bca3 on topic "discord.leaderboard.tag.assignment.success"
    tag_assignment_test.go:269: Successfully received 1 messages on topic "discord.leaderboard.tag.assignment.success"
2025/05/30 09:07:49 Test Case "TestHandleTagAssignmentRequested/Success_-_Assign_New_Tag": Canceling subscription context.
2025/05/30 09:07:49 Test Case "TestHandleTagAssignmentRequested/Success_-_Assign_New_Tag": Waiting for subscriber goroutines to finish.
2025/05/30 09:07:49 Test Case "TestHandleTagAssignmentRequested/Success_-_Assign_New_Tag": Subscriber goroutines finished.
2025/05/30 09:07:49 Running leaderboard handler test cleanup...
2025/05/30 09:07:50 Error closing Leaderboard module: error closing LeaderboardRouter: router close timeout
2025/05/30 09:07:50 Router goroutine finished.
2025/05/30 09:07:50 Leaderboard handler test cleanup finished.
2025/05/30 09:07:50 Cleaning up test environment...
2025/05/30 09:07:50 Context cancelled.
2025/05/30 09:07:50 EventBus closed.
2025/05/30 09:07:50 NATS connection closed.
2025/05/30 09:07:50 DB connection closed.
2025/05/30 09:07:50 🐳 Stopping container: 5fda6cfb2d16
2025/05/30 09:07:50 ✅ Container stopped: 5fda6cfb2d16
2025/05/30 09:07:50 🐳 Terminating container: 5fda6cfb2d16
2025/05/30 09:07:50 🚫 Container terminated: 5fda6cfb2d16
2025/05/30 09:07:50 NATS container terminated.
2025/05/30 09:07:50 🐳 Stopping container: 8b7b2ed5053d
2025/05/30 09:07:50 ✅ Container stopped: 8b7b2ed5053d
2025/05/30 09:07:50 🐳 Terminating container: 8b7b2ed5053d
2025/05/30 09:07:51 🚫 Container terminated: 8b7b2ed5053d
2025/05/30 09:07:51 PostgreSQL container terminated.
2025/05/30 09:07:51 Cleanup complete.
=== RUN   TestHandleTagAssignmentRequested/Success_-_Update_Existing_Tag
2025/05/30 09:07:51 Starting PostgreSQL container with resource limits...
2025/05/30 09:07:51 🐳 Creating container for image postgres:16-alpine
2025/05/30 09:07:51 ✅ Container created: 7bc0738fdaa0
2025/05/30 09:07:51 🐳 Starting container: 7bc0738fdaa0
2025/05/30 09:07:51 ✅ Container started: 7bc0738fdaa0
2025/05/30 09:07:51 ⏳ Waiting for container id 7bc0738fdaa0 image: postgres:16-alpine. Waiting for: &{timeout:<nil> deadline:0xc0010b2f60 Strategies:[0xc000b433e0]}
2025/05/30 09:07:53 🔔 Container is ready: 7bc0738fdaa0
2025/05/30 09:07:53 PostgreSQL container started with resource limits and init script. URL: postgres://testuser:testpass@localhost:34314/testdb?sslmode=disable
2025/05/30 09:07:53 Starting NATS container with resource limits...
2025/05/30 09:07:53 🐳 Creating container for image nats:2.10-alpine
2025/05/30 09:07:54 ✅ Container created: 6b70cd63b567
2025/05/30 09:07:54 🐳 Starting container: 6b70cd63b567
2025/05/30 09:07:54 ✅ Container started: 6b70cd63b567
2025/05/30 09:07:54 ⏳ Waiting for container id 6b70cd63b567 image: nats:2.10-alpine. Waiting for: &{timeout:<nil> deadline:0xc0009ab508 Strategies:[0xc000ef4ba0 0xc000cbc4b0]}
2025/05/30 09:07:57 🔔 Container is ready: 6b70cd63b567
2025/05/30 09:07:57 NATS container started with resource limits. URL: nats://localhost:34321
Creating user table...
User table created successfully!
2025/05/30 09:07:57 Ran user migrations group #1
Creating round table...
Round table created successfully!
2025/05/30 09:07:57 Ran round migrations group #2
Creating score table...
Score table created successfully!
2025/05/30 09:07:57 Ran score migrations group #3
Creating leaderboard table...
Leaderboard table created successfully!
2025/05/30 09:07:57 Ran leaderboard migrations group #4
2025/05/30 09:07:57 All migrations ran successfully
2025/05/30 09:07:57 newDBServiceWithDB - Registering models
2025/05/30 09:07:57 newDBServiceWithDB - Models registered successfully
2025/05/30 09:07:57 newDBServiceWithDB - DBService initialized: &{UserDB:0xc00007cb10 RoundDB:0xc00007cb18 ScoreDB:0xc00007cb20 LeaderboardDB:0xc00007cb28 db:0xc000d1a2c0}
2025/05/30 09:07:57 Truncating tables: leaderboards
2025/05/30 09:07:57 Truncating tables: users, scores, leaderboards, rounds
    tag_assignment_test.go:269: Waiting for 1 messages on topic "discord.leaderboard.tag.assignment.success" with timeout 5s
2025/05/30 09:07:58 Test received message a74bbed3-1a86-4981-a2bc-ad5559cd52d7 on topic "discord.leaderboard.tag.assignment.success"
    tag_assignment_test.go:269: Successfully received 1 messages on topic "discord.leaderboard.tag.assignment.success"
2025/05/30 09:07:58 Test Case "TestHandleTagAssignmentRequested/Success_-_Update_Existing_Tag": Canceling subscription context.
2025/05/30 09:07:58 Test Case "TestHandleTagAssignmentRequested/Success_-_Update_Existing_Tag": Waiting for subscriber goroutines to finish.
2025/05/30 09:07:58 Test Case "TestHandleTagAssignmentRequested/Success_-_Update_Existing_Tag": Subscriber goroutines finished.
2025/05/30 09:07:58 Running leaderboard handler test cleanup...
2025/05/30 09:07:59 Error closing Leaderboard module: error closing LeaderboardRouter: router close timeout
2025/05/30 09:07:59 Router goroutine finished.
2025/05/30 09:07:59 Leaderboard handler test cleanup finished.
2025/05/30 09:07:59 Cleaning up test environment...
2025/05/30 09:07:59 Context cancelled.
2025/05/30 09:07:59 EventBus closed.
2025/05/30 09:07:59 NATS connection closed.
2025/05/30 09:07:59 DB connection closed.
2025/05/30 09:07:59 🐳 Stopping container: 6b70cd63b567
2025/05/30 09:07:59 ✅ Container stopped: 6b70cd63b567
2025/05/30 09:07:59 🐳 Terminating container: 6b70cd63b567
2025/05/30 09:07:59 🚫 Container terminated: 6b70cd63b567
2025/05/30 09:07:59 NATS container terminated.
2025/05/30 09:07:59 🐳 Stopping container: 7bc0738fdaa0
2025/05/30 09:08:00 ✅ Container stopped: 7bc0738fdaa0
2025/05/30 09:08:00 🐳 Terminating container: 7bc0738fdaa0
2025/05/30 09:08:00 🚫 Container terminated: 7bc0738fdaa0
2025/05/30 09:08:00 PostgreSQL container terminated.
2025/05/30 09:08:00 Cleanup complete.
=== RUN   TestHandleTagAssignmentRequested/Success_-_Add_Brand_New_User
2025/05/30 09:08:00 Starting PostgreSQL container with resource limits...
2025/05/30 09:08:00 🐳 Creating container for image postgres:16-alpine
2025/05/30 09:08:00 ✅ Container created: 33ec47dc677f
2025/05/30 09:08:00 🐳 Starting container: 33ec47dc677f
2025/05/30 09:08:00 ✅ Container started: 33ec47dc677f
2025/05/30 09:08:00 ⏳ Waiting for container id 33ec47dc677f image: postgres:16-alpine. Waiting for: &{timeout:<nil> deadline:0xc0006186d0 Strategies:[0xc000bc8510]}
2025/05/30 09:08:03 🔔 Container is ready: 33ec47dc677f
2025/05/30 09:08:03 PostgreSQL container started with resource limits and init script. URL: postgres://testuser:testpass@localhost:34332/testdb?sslmode=disable
2025/05/30 09:08:03 Starting NATS container with resource limits...
2025/05/30 09:08:03 🐳 Creating container for image nats:2.10-alpine
2025/05/30 09:08:03 ✅ Container created: 9885841a2b97
2025/05/30 09:08:03 🐳 Starting container: 9885841a2b97
2025/05/30 09:08:04 ✅ Container started: 9885841a2b97
2025/05/30 09:08:04 ⏳ Waiting for container id 9885841a2b97 image: nats:2.10-alpine. Waiting for: &{timeout:<nil> deadline:0xc000af1268 Strategies:[0xc00118d3e0 0xc0011966f0]}
2025/05/30 09:08:05 🔔 Container is ready: 9885841a2b97
2025/05/30 09:08:05 NATS container started with resource limits. URL: nats://localhost:34335
Creating leaderboard table...
Leaderboard table created successfully!
2025/05/30 09:08:05 Ran leaderboard migrations group #1
Creating user table...
User table created successfully!
2025/05/30 09:08:05 Ran user migrations group #2
Creating round table...
Round table created successfully!
2025/05/30 09:08:05 Ran round migrations group #3
Creating score table...
Score table created successfully!
2025/05/30 09:08:05 Ran score migrations group #4
2025/05/30 09:08:05 All migrations ran successfully
2025/05/30 09:08:05 newDBServiceWithDB - Registering models
2025/05/30 09:08:05 newDBServiceWithDB - Models registered successfully
2025/05/30 09:08:05 newDBServiceWithDB - DBService initialized: &{UserDB:0xc000816488 RoundDB:0xc000816490 ScoreDB:0xc000816498 LeaderboardDB:0xc0008164a0 db:0xc000ddf180}
2025/05/30 09:08:05 Truncating tables: leaderboards
2025/05/30 09:08:05 Truncating tables: users, scores, leaderboards, rounds
    tag_assignment_test.go:269: Waiting for 1 messages on topic "discord.leaderboard.tag.assignment.success" with timeout 5s
2025/05/30 09:08:06 Test received message 0c738564-dd8d-4d3e-83d5-0b70df8b8b6e on topic "discord.leaderboard.tag.assignment.success"
    tag_assignment_test.go:269: Successfully received 1 messages on topic "discord.leaderboard.tag.assignment.success"
2025/05/30 09:08:06 Test Case "TestHandleTagAssignmentRequested/Success_-_Add_Brand_New_User": Canceling subscription context.
2025/05/30 09:08:06 Test Case "TestHandleTagAssignmentRequested/Success_-_Add_Brand_New_User": Waiting for subscriber goroutines to finish.
2025/05/30 09:08:06 Test Case "TestHandleTagAssignmentRequested/Success_-_Add_Brand_New_User": Subscriber goroutines finished.
2025/05/30 09:08:06 Running leaderboard handler test cleanup...
2025/05/30 09:08:07 Error closing Leaderboard module: error closing LeaderboardRouter: router close timeout
2025/05/30 09:08:07 Router goroutine finished.
2025/05/30 09:08:07 Leaderboard handler test cleanup finished.
2025/05/30 09:08:07 Cleaning up test environment...
2025/05/30 09:08:07 Context cancelled.
2025/05/30 09:08:07 EventBus closed.
2025/05/30 09:08:07 NATS connection closed.
2025/05/30 09:08:07 DB connection closed.
2025/05/30 09:08:07 🐳 Stopping container: 9885841a2b97
2025/05/30 09:08:08 ✅ Container stopped: 9885841a2b97
2025/05/30 09:08:08 🐳 Terminating container: 9885841a2b97
2025/05/30 09:08:08 🚫 Container terminated: 9885841a2b97
2025/05/30 09:08:08 NATS container terminated.
2025/05/30 09:08:08 🐳 Stopping container: 33ec47dc677f
2025/05/30 09:08:08 ✅ Container stopped: 33ec47dc677f
2025/05/30 09:08:08 🐳 Terminating container: 33ec47dc677f
2025/05/30 09:08:08 🚫 Container terminated: 33ec47dc677f
2025/05/30 09:08:08 PostgreSQL container terminated.
2025/05/30 09:08:08 Cleanup complete.
=== RUN   TestHandleTagAssignmentRequested/Success_-_Tag_Swap_Triggered_and_Processed
2025/05/30 09:08:08 Starting PostgreSQL container with resource limits...
2025/05/30 09:08:08 🐳 Creating container for image postgres:16-alpine
2025/05/30 09:08:08 ✅ Container created: 2d9ec23df65b
2025/05/30 09:08:08 🐳 Starting container: 2d9ec23df65b
2025/05/30 09:08:08 ✅ Container started: 2d9ec23df65b
2025/05/30 09:08:08 ⏳ Waiting for container id 2d9ec23df65b image: postgres:16-alpine. Waiting for: &{timeout:<nil> deadline:0xc0012e7018 Strategies:[0xc00064f3b0]}
2025/05/30 09:08:11 🔔 Container is ready: 2d9ec23df65b
2025/05/30 09:08:11 PostgreSQL container started with resource limits and init script. URL: postgres://testuser:testpass@localhost:34346/testdb?sslmode=disable
2025/05/30 09:08:11 Starting NATS container with resource limits...
2025/05/30 09:08:11 🐳 Creating container for image nats:2.10-alpine
2025/05/30 09:08:11 ✅ Container created: 1a69a351f66b
2025/05/30 09:08:11 🐳 Starting container: 1a69a351f66b
2025/05/30 09:08:12 ✅ Container started: 1a69a351f66b
2025/05/30 09:08:12 ⏳ Waiting for container id 1a69a351f66b image: nats:2.10-alpine. Waiting for: &{timeout:<nil> deadline:0xc00073f578 Strategies:[0xc001088720 0xc000a69a40]}
2025/05/30 09:08:15 🔔 Container is ready: 1a69a351f66b
2025/05/30 09:08:15 NATS container started with resource limits. URL: nats://localhost:34353
Creating score table...
Score table created successfully!
2025/05/30 09:08:15 Ran score migrations group #1
Creating leaderboard table...
Leaderboard table created successfully!
2025/05/30 09:08:15 Ran leaderboard migrations group #2
Creating user table...
User table created successfully!
2025/05/30 09:08:15 Ran user migrations group #3
Creating round table...
Round table created successfully!
2025/05/30 09:08:15 Ran round migrations group #4
2025/05/30 09:08:15 All migrations ran successfully
2025/05/30 09:08:15 newDBServiceWithDB - Registering models
2025/05/30 09:08:15 newDBServiceWithDB - Models registered successfully
2025/05/30 09:08:15 newDBServiceWithDB - DBService initialized: &{UserDB:0xc00007ca70 RoundDB:0xc00007ca88 ScoreDB:0xc00007caa8 LeaderboardDB:0xc00007cac0 db:0xc001513080}
2025/05/30 09:08:15 Truncating tables: leaderboards
2025/05/30 09:08:15 Truncating tables: users, scores, leaderboards, rounds
    tag_assignment_test.go:269: Waiting for 1 messages on topic "discord.leaderboard.tag.swap.processed" with timeout 5s
2025/05/30 09:08:16 Test received message 1a6244e4-3260-47bc-b273-c0a7bb96b8b1 on topic "discord.leaderboard.tag.swap.processed"
    tag_assignment_test.go:269: Successfully received 1 messages on topic "discord.leaderboard.tag.swap.processed"
    tag_assignment_test.go:213: Received downstream swap processed event: 1a6244e4-3260-47bc-b273-c0a7bb96b8b1
2025/05/30 09:08:16 Test Case "TestHandleTagAssignmentRequested/Success_-_Tag_Swap_Triggered_and_Processed": Canceling subscription context.
2025/05/30 09:08:16 Test Case "TestHandleTagAssignmentRequested/Success_-_Tag_Swap_Triggered_and_Processed": Waiting for subscriber goroutines to finish.
2025/05/30 09:08:16 Test Case "TestHandleTagAssignmentRequested/Success_-_Tag_Swap_Triggered_and_Processed": Subscriber goroutines finished.
2025/05/30 09:08:16 Running leaderboard handler test cleanup...
2025/05/30 09:08:17 Error closing Leaderboard module: error closing LeaderboardRouter: router close timeout
2025/05/30 09:08:17 Router goroutine finished.
2025/05/30 09:08:17 Leaderboard handler test cleanup finished.
2025/05/30 09:08:17 Cleaning up test environment...
2025/05/30 09:08:17 Context cancelled.
2025/05/30 09:08:17 EventBus closed.
2025/05/30 09:08:17 NATS connection closed.
2025/05/30 09:08:17 DB connection closed.
2025/05/30 09:08:17 🐳 Stopping container: 1a69a351f66b
2025/05/30 09:08:17 ✅ Container stopped: 1a69a351f66b
2025/05/30 09:08:17 🐳 Terminating container: 1a69a351f66b
2025/05/30 09:08:17 🚫 Container terminated: 1a69a351f66b
2025/05/30 09:08:17 NATS container terminated.
2025/05/30 09:08:17 🐳 Stopping container: 2d9ec23df65b
2025/05/30 09:08:18 ✅ Container stopped: 2d9ec23df65b
2025/05/30 09:08:18 🐳 Terminating container: 2d9ec23df65b
2025/05/30 09:08:18 🚫 Container terminated: 2d9ec23df65b
2025/05/30 09:08:18 PostgreSQL container terminated.
2025/05/30 09:08:18 Cleanup complete.
=== RUN   TestHandleTagAssignmentRequested/Failure_-_Invalid_JSON_Message
2025/05/30 09:08:18 Starting PostgreSQL container with resource limits...
2025/05/30 09:08:18 🐳 Creating container for image postgres:16-alpine
2025/05/30 09:08:18 ✅ Container created: e8c4338ff536
2025/05/30 09:08:18 🐳 Starting container: e8c4338ff536
2025/05/30 09:08:18 ✅ Container started: e8c4338ff536
2025/05/30 09:08:18 ⏳ Waiting for container id e8c4338ff536 image: postgres:16-alpine. Waiting for: &{timeout:<nil> deadline:0xc0005be628 Strategies:[0xc000fc89f0]}
2025/05/30 09:08:21 🔔 Container is ready: e8c4338ff536
2025/05/30 09:08:21 PostgreSQL container started with resource limits and init script. URL: postgres://testuser:testpass@localhost:34364/testdb?sslmode=disable
2025/05/30 09:08:21 Starting NATS container with resource limits...
2025/05/30 09:08:21 🐳 Creating container for image nats:2.10-alpine
2025/05/30 09:08:21 ✅ Container created: c423058b3e50
2025/05/30 09:08:21 🐳 Starting container: c423058b3e50
2025/05/30 09:08:22 ✅ Container started: c423058b3e50
2025/05/30 09:08:22 ⏳ Waiting for container id c423058b3e50 image: nats:2.10-alpine. Waiting for: &{timeout:<nil> deadline:0xc0012e7928 Strategies:[0xc00118d440 0xc000a68b40]}
2025/05/30 09:08:23 🔔 Container is ready: c423058b3e50
2025/05/30 09:08:23 NATS container started with resource limits. URL: nats://localhost:34367
Creating user table...
User table created successfully!
2025/05/30 09:08:23 Ran user migrations group #1
Creating round table...
Round table created successfully!
2025/05/30 09:08:23 Ran round migrations group #2
Creating score table...
Score table created successfully!
2025/05/30 09:08:23 Ran score migrations group #3
Creating leaderboard table...
Leaderboard table created successfully!
2025/05/30 09:08:23 Ran leaderboard migrations group #4
2025/05/30 09:08:23 All migrations ran successfully
2025/05/30 09:08:23 newDBServiceWithDB - Registering models
2025/05/30 09:08:23 newDBServiceWithDB - Models registered successfully
2025/05/30 09:08:23 newDBServiceWithDB - DBService initialized: &{UserDB:0xc000816cc0 RoundDB:0xc000816cc8 ScoreDB:0xc000816cd0 LeaderboardDB:0xc000816cd8 db:0xc000929000}
2025/05/30 09:08:23 Truncating tables: leaderboards
2025/05/30 09:08:23 Truncating tables: users, scores, leaderboards, rounds
2025/05/30 09:08:24 Test Case "TestHandleTagAssignmentRequested/Failure_-_Invalid_JSON_Message": Canceling subscription context.
2025/05/30 09:08:24 Test Case "TestHandleTagAssignmentRequested/Failure_-_Invalid_JSON_Message": Waiting for subscriber goroutines to finish.
2025/05/30 09:08:24 Test Case "TestHandleTagAssignmentRequested/Failure_-_Invalid_JSON_Message": Subscriber goroutines finished.
2025/05/30 09:08:24 Running leaderboard handler test cleanup...
2025/05/30 09:08:25 Error closing Leaderboard module: error closing LeaderboardRouter: router close timeout
2025/05/30 09:08:25 Router goroutine finished.
2025/05/30 09:08:25 Leaderboard handler test cleanup finished.
2025/05/30 09:08:25 Cleaning up test environment...
2025/05/30 09:08:25 Context cancelled.
2025/05/30 09:08:25 EventBus closed.
2025/05/30 09:08:25 NATS connection closed.
2025/05/30 09:08:25 DB connection closed.
2025/05/30 09:08:25 🐳 Stopping container: c423058b3e50
2025/05/30 09:08:25 ✅ Container stopped: c423058b3e50
2025/05/30 09:08:25 🐳 Terminating container: c423058b3e50
2025/05/30 09:08:25 🚫 Container terminated: c423058b3e50
2025/05/30 09:08:25 NATS container terminated.
2025/05/30 09:08:25 🐳 Stopping container: e8c4338ff536
2025/05/30 09:08:26 ✅ Container stopped: e8c4338ff536
2025/05/30 09:08:26 🐳 Terminating container: e8c4338ff536
2025/05/30 09:08:26 🚫 Container terminated: e8c4338ff536
2025/05/30 09:08:26 PostgreSQL container terminated.
2025/05/30 09:08:26 Cleanup complete.
--- PASS: TestHandleTagAssignmentRequested (44.23s)
    --- PASS: TestHandleTagAssignmentRequested/Success_-_Assign_New_Tag (9.18s)
    --- PASS: TestHandleTagAssignmentRequested/Success_-_Update_Existing_Tag (9.17s)
    --- PASS: TestHandleTagAssignmentRequested/Success_-_Add_Brand_New_User (8.10s)
    --- PASS: TestHandleTagAssignmentRequested/Success_-_Tag_Swap_Triggered_and_Processed (9.91s)
    --- PASS: TestHandleTagAssignmentRequested/Failure_-_Invalid_JSON_Message (7.86s)
=== RUN   TestHandleTagAvailabilityCheckRequested
=== RUN   TestHandleTagAvailabilityCheckRequested/Success_-_Tag_Available
2025/05/30 09:08:26 Starting PostgreSQL container with resource limits...
2025/05/30 09:08:26 🐳 Creating container for image postgres:16-alpine
2025/05/30 09:08:26 ✅ Container created: 377352dcb255
2025/05/30 09:08:26 🐳 Starting container: 377352dcb255
2025/05/30 09:08:26 ✅ Container started: 377352dcb255
2025/05/30 09:08:26 ⏳ Waiting for container id 377352dcb255 image: postgres:16-alpine. Waiting for: &{timeout:<nil> deadline:0xc000012740 Strategies:[0xc0010fcae0]}
2025/05/30 09:08:29 🔔 Container is ready: 377352dcb255
2025/05/30 09:08:29 PostgreSQL container started with resource limits and init script. URL: postgres://testuser:testpass@localhost:34378/testdb?sslmode=disable
2025/05/30 09:08:29 Starting NATS container with resource limits...
2025/05/30 09:08:29 🐳 Creating container for image nats:2.10-alpine
2025/05/30 09:08:29 ✅ Container created: d365113ef7de
2025/05/30 09:08:29 🐳 Starting container: d365113ef7de
2025/05/30 09:08:30 ✅ Container started: d365113ef7de
2025/05/30 09:08:30 ⏳ Waiting for container id d365113ef7de image: nats:2.10-alpine. Waiting for: &{timeout:<nil> deadline:0xc00079e1c8 Strategies:[0xc0009ffc80 0xc00035a810]}
2025/05/30 09:08:33 🔔 Container is ready: d365113ef7de
2025/05/30 09:08:33 NATS container started with resource limits. URL: nats://localhost:34385
Creating user table...
User table created successfully!
2025/05/30 09:08:33 Ran user migrations group #1
Creating round table...
Round table created successfully!
2025/05/30 09:08:33 Ran round migrations group #2
Creating score table...
Score table created successfully!
2025/05/30 09:08:33 Ran score migrations group #3
Creating leaderboard table...
Leaderboard table created successfully!
2025/05/30 09:08:33 Ran leaderboard migrations group #4
2025/05/30 09:08:33 All migrations ran successfully
2025/05/30 09:08:33 newDBServiceWithDB - Registering models
2025/05/30 09:08:33 newDBServiceWithDB - Models registered successfully
2025/05/30 09:08:33 newDBServiceWithDB - DBService initialized: &{UserDB:0xc000488710 RoundDB:0xc000488718 ScoreDB:0xc000488720 LeaderboardDB:0xc000488728 db:0xc00155c4c0}
2025/05/30 09:08:33 Truncating tables: leaderboards
2025/05/30 09:08:33 Truncating tables: users, scores, leaderboards, rounds
    tag_availability_test.go:331: Waiting for 1 messages on topic "user.tag.available" with timeout 5s
2025/05/30 09:08:34 Test received message 7dade22e-7364-4f6e-8eb0-ad7e0c388cf0 on topic "user.tag.available"
    tag_availability_test.go:331: Successfully received 1 messages on topic "user.tag.available"
2025/05/30 09:08:34 Test Case "TestHandleTagAvailabilityCheckRequested/Success_-_Tag_Available": Canceling subscription context.
2025/05/30 09:08:34 Test Case "TestHandleTagAvailabilityCheckRequested/Success_-_Tag_Available": Waiting for subscriber goroutines to finish.
2025/05/30 09:08:34 Test Case "TestHandleTagAvailabilityCheckRequested/Success_-_Tag_Available": Subscriber goroutines finished.
2025/05/30 09:08:34 Running leaderboard handler test cleanup...
2025/05/30 09:08:35 Error closing Leaderboard module: error closing LeaderboardRouter: router close timeout
2025/05/30 09:08:35 Router goroutine finished.
2025/05/30 09:08:35 Leaderboard handler test cleanup finished.
2025/05/30 09:08:35 Cleaning up test environment...
2025/05/30 09:08:35 Context cancelled.
2025/05/30 09:08:35 EventBus closed.
2025/05/30 09:08:35 NATS connection closed.
2025/05/30 09:08:35 DB connection closed.
2025/05/30 09:08:35 🐳 Stopping container: d365113ef7de
2025/05/30 09:08:36 ✅ Container stopped: d365113ef7de
2025/05/30 09:08:36 🐳 Terminating container: d365113ef7de
2025/05/30 09:08:36 🚫 Container terminated: d365113ef7de
2025/05/30 09:08:36 NATS container terminated.
2025/05/30 09:08:36 🐳 Stopping container: 377352dcb255
2025/05/30 09:08:36 ✅ Container stopped: 377352dcb255
2025/05/30 09:08:36 🐳 Terminating container: 377352dcb255
2025/05/30 09:08:36 🚫 Container terminated: 377352dcb255
2025/05/30 09:08:36 PostgreSQL container terminated.
2025/05/30 09:08:36 Cleanup complete.
=== RUN   TestHandleTagAvailabilityCheckRequested/Success_-_Tag_Unavailable_(Already_Taken)
2025/05/30 09:08:36 Starting PostgreSQL container with resource limits...
2025/05/30 09:08:36 🐳 Creating container for image postgres:16-alpine
2025/05/30 09:08:36 ✅ Container created: a68b9e5a1223
2025/05/30 09:08:36 🐳 Starting container: a68b9e5a1223
2025/05/30 09:08:36 ✅ Container started: a68b9e5a1223
2025/05/30 09:08:36 ⏳ Waiting for container id a68b9e5a1223 image: postgres:16-alpine. Waiting for: &{timeout:<nil> deadline:0xc0014e20b0 Strategies:[0xc0014ea1e0]}
2025/05/30 09:08:39 🔔 Container is ready: a68b9e5a1223
2025/05/30 09:08:39 PostgreSQL container started with resource limits and init script. URL: postgres://testuser:testpass@localhost:34396/testdb?sslmode=disable
2025/05/30 09:08:39 Starting NATS container with resource limits...
2025/05/30 09:08:39 🐳 Creating container for image nats:2.10-alpine
2025/05/30 09:08:39 ✅ Container created: 775f1469279e
2025/05/30 09:08:39 🐳 Starting container: 775f1469279e
2025/05/30 09:08:40 ✅ Container started: 775f1469279e
2025/05/30 09:08:40 ⏳ Waiting for container id 775f1469279e image: nats:2.10-alpine. Waiting for: &{timeout:<nil> deadline:0xc00138a448 Strategies:[0xc0010a4480 0xc0011cea80]}
2025/05/30 09:08:41 🔔 Container is ready: 775f1469279e
2025/05/30 09:08:41 NATS container started with resource limits. URL: nats://localhost:34399
Creating user table...
User table created successfully!
2025/05/30 09:08:41 Ran user migrations group #1
Creating round table...
Round table created successfully!
2025/05/30 09:08:41 Ran round migrations group #2
Creating score table...
Score table created successfully!
2025/05/30 09:08:41 Ran score migrations group #3
Creating leaderboard table...
Leaderboard table created successfully!
2025/05/30 09:08:41 Ran leaderboard migrations group #4
2025/05/30 09:08:41 All migrations ran successfully
2025/05/30 09:08:41 newDBServiceWithDB - Registering models
2025/05/30 09:08:41 newDBServiceWithDB - Models registered successfully
2025/05/30 09:08:41 newDBServiceWithDB - DBService initialized: &{UserDB:0xc00007d098 RoundDB:0xc00007d0a0 ScoreDB:0xc00007d0b0 LeaderboardDB:0xc00007d0b8 db:0xc0008e71c0}
2025/05/30 09:08:41 Truncating tables: leaderboards
2025/05/30 09:08:41 Truncating tables: users, scores, leaderboards, rounds
    tag_availability_test.go:331: Waiting for 1 messages on topic "user.tag.unavailable" with timeout 5s
2025/05/30 09:08:42 Test received message 8c17a464-947c-4e85-948c-0514de7bd545 on topic "user.tag.unavailable"
    tag_availability_test.go:331: Successfully received 1 messages on topic "user.tag.unavailable"
2025/05/30 09:08:42 Test Case "TestHandleTagAvailabilityCheckRequested/Success_-_Tag_Unavailable_(Already_Taken)": Canceling subscription context.
2025/05/30 09:08:42 Test Case "TestHandleTagAvailabilityCheckRequested/Success_-_Tag_Unavailable_(Already_Taken)": Waiting for subscriber goroutines to finish.
2025/05/30 09:08:42 Test Case "TestHandleTagAvailabilityCheckRequested/Success_-_Tag_Unavailable_(Already_Taken)": Subscriber goroutines finished.
2025/05/30 09:08:42 Running leaderboard handler test cleanup...
2025/05/30 09:08:43 Error closing Leaderboard module: error closing LeaderboardRouter: router close timeout
2025/05/30 09:08:43 Router goroutine finished.
2025/05/30 09:08:43 Leaderboard handler test cleanup finished.
2025/05/30 09:08:43 Cleaning up test environment...
2025/05/30 09:08:43 Context cancelled.
2025/05/30 09:08:43 EventBus closed.
2025/05/30 09:08:43 NATS connection closed.
2025/05/30 09:08:43 DB connection closed.
2025/05/30 09:08:43 🐳 Stopping container: 775f1469279e
2025/05/30 09:08:43 ✅ Container stopped: 775f1469279e
2025/05/30 09:08:43 🐳 Terminating container: 775f1469279e
2025/05/30 09:08:43 🚫 Container terminated: 775f1469279e
2025/05/30 09:08:43 NATS container terminated.
2025/05/30 09:08:43 🐳 Stopping container: a68b9e5a1223
2025/05/30 09:08:44 ✅ Container stopped: a68b9e5a1223
2025/05/30 09:08:44 🐳 Terminating container: a68b9e5a1223
2025/05/30 09:08:44 🚫 Container terminated: a68b9e5a1223
2025/05/30 09:08:44 PostgreSQL container terminated.
2025/05/30 09:08:44 Cleanup complete.
=== RUN   TestHandleTagAvailabilityCheckRequested/Failure_-_Invalid_Message_Payload
2025/05/30 09:08:44 Starting PostgreSQL container with resource limits...
2025/05/30 09:08:44 🐳 Creating container for image postgres:16-alpine
2025/05/30 09:08:44 ✅ Container created: 86d796f15ce6
2025/05/30 09:08:44 🐳 Starting container: 86d796f15ce6
2025/05/30 09:08:44 ✅ Container started: 86d796f15ce6
2025/05/30 09:08:44 ⏳ Waiting for container id 86d796f15ce6 image: postgres:16-alpine. Waiting for: &{timeout:<nil> deadline:0xc00079f468 Strategies:[0xc000e91710]}
2025/05/30 09:08:47 🔔 Container is ready: 86d796f15ce6
2025/05/30 09:08:47 PostgreSQL container started with resource limits and init script. URL: postgres://testuser:testpass@localhost:34410/testdb?sslmode=disable
2025/05/30 09:08:47 Starting NATS container with resource limits...
2025/05/30 09:08:47 🐳 Creating container for image nats:2.10-alpine
2025/05/30 09:08:47 ✅ Container created: 19b33828d33b
2025/05/30 09:08:47 🐳 Starting container: 19b33828d33b
2025/05/30 09:08:48 ✅ Container started: 19b33828d33b
2025/05/30 09:08:48 ⏳ Waiting for container id 19b33828d33b image: nats:2.10-alpine. Waiting for: &{timeout:<nil> deadline:0xc000d02af0 Strategies:[0xc001463920 0xc0013cb680]}
2025/05/30 09:08:51 🔔 Container is ready: 19b33828d33b
2025/05/30 09:08:51 NATS container started with resource limits. URL: nats://localhost:34417
Creating user table...
User table created successfully!
2025/05/30 09:08:51 Ran user migrations group #1
Creating round table...
Round table created successfully!
2025/05/30 09:08:51 Ran round migrations group #2
Creating score table...
Score table created successfully!
2025/05/30 09:08:51 Ran score migrations group #3
Creating leaderboard table...
Leaderboard table created successfully!
2025/05/30 09:08:51 Ran leaderboard migrations group #4
2025/05/30 09:08:51 All migrations ran successfully
2025/05/30 09:08:51 newDBServiceWithDB - Registering models
2025/05/30 09:08:51 newDBServiceWithDB - Models registered successfully
2025/05/30 09:08:51 newDBServiceWithDB - DBService initialized: &{UserDB:0xc00014c928 RoundDB:0xc00014c930 ScoreDB:0xc00014c938 LeaderboardDB:0xc00014c940 db:0xc0008e6840}
2025/05/30 09:08:51 Truncating tables: leaderboards
2025/05/30 09:08:51 Truncating tables: users, scores, leaderboards, rounds
2025/05/30 09:08:52 Test Case "TestHandleTagAvailabilityCheckRequested/Failure_-_Invalid_Message_Payload": Canceling subscription context.
2025/05/30 09:08:52 Test Case "TestHandleTagAvailabilityCheckRequested/Failure_-_Invalid_Message_Payload": Waiting for subscriber goroutines to finish.
2025/05/30 09:08:52 Test Case "TestHandleTagAvailabilityCheckRequested/Failure_-_Invalid_Message_Payload": Subscriber goroutines finished.
2025/05/30 09:08:52 Running leaderboard handler test cleanup...
2025/05/30 09:08:53 Error closing Leaderboard module: error closing LeaderboardRouter: router close timeout
2025/05/30 09:08:53 Router goroutine finished.
2025/05/30 09:08:53 Leaderboard handler test cleanup finished.
2025/05/30 09:08:53 Cleaning up test environment...
2025/05/30 09:08:53 Context cancelled.
2025/05/30 09:08:53 EventBus closed.
2025/05/30 09:08:53 NATS connection closed.
2025/05/30 09:08:53 DB connection closed.
2025/05/30 09:08:53 🐳 Stopping container: 19b33828d33b
2025/05/30 09:08:53 ✅ Container stopped: 19b33828d33b
2025/05/30 09:08:53 🐳 Terminating container: 19b33828d33b
2025/05/30 09:08:54 🚫 Container terminated: 19b33828d33b
2025/05/30 09:08:54 NATS container terminated.
2025/05/30 09:08:54 🐳 Stopping container: 86d796f15ce6
2025/05/30 09:08:54 ✅ Container stopped: 86d796f15ce6
2025/05/30 09:08:54 🐳 Terminating container: 86d796f15ce6
2025/05/30 09:08:54 🚫 Container terminated: 86d796f15ce6
2025/05/30 09:08:54 PostgreSQL container terminated.
2025/05/30 09:08:54 Cleanup complete.
--- PASS: TestHandleTagAvailabilityCheckRequested (28.21s)
    --- PASS: TestHandleTagAvailabilityCheckRequested/Success_-_Tag_Available (10.17s)
    --- PASS: TestHandleTagAvailabilityCheckRequested/Success_-_Tag_Unavailable_(Already_Taken) (7.93s)
    --- PASS: TestHandleTagAvailabilityCheckRequested/Failure_-_Invalid_Message_Payload (10.10s)
=== RUN   TestHandleGetTagByUserIDRequest
=== RUN   TestHandleGetTagByUserIDRequest/Success_-_Tag_found_for_user_on_active_leaderboard
2025/05/30 09:08:54 Starting PostgreSQL container with resource limits...
2025/05/30 09:08:54 🐳 Creating container for image postgres:16-alpine
2025/05/30 09:08:54 ✅ Container created: 9d8e0cc09219
2025/05/30 09:08:54 🐳 Starting container: 9d8e0cc09219
2025/05/30 09:08:54 ✅ Container started: 9d8e0cc09219
2025/05/30 09:08:54 ⏳ Waiting for container id 9d8e0cc09219 image: postgres:16-alpine. Waiting for: &{timeout:<nil> deadline:0xc0006119c8 Strategies:[0xc000d388a0]}
2025/05/30 09:08:57 🔔 Container is ready: 9d8e0cc09219
2025/05/30 09:08:57 PostgreSQL container started with resource limits and init script. URL: postgres://testuser:testpass@localhost:34428/testdb?sslmode=disable
2025/05/30 09:08:57 Starting NATS container with resource limits...
2025/05/30 09:08:57 🐳 Creating container for image nats:2.10-alpine
2025/05/30 09:08:57 ✅ Container created: b8b2b022198c
2025/05/30 09:08:57 🐳 Starting container: b8b2b022198c
2025/05/30 09:08:58 ✅ Container started: b8b2b022198c
2025/05/30 09:08:58 ⏳ Waiting for container id b8b2b022198c image: nats:2.10-alpine. Waiting for: &{timeout:<nil> deadline:0xc000af0ca8 Strategies:[0xc000ef24e0 0xc0017a15c0]}
2025/05/30 09:08:59 🔔 Container is ready: b8b2b022198c
2025/05/30 09:08:59 NATS container started with resource limits. URL: nats://localhost:34434
Creating user table...
User table created successfully!
2025/05/30 09:08:59 Ran user migrations group #1
Creating round table...
Round table created successfully!
2025/05/30 09:08:59 Ran round migrations group #2
Creating score table...
Score table created successfully!
2025/05/30 09:08:59 Ran score migrations group #3
Creating leaderboard table...
Leaderboard table created successfully!
2025/05/30 09:08:59 Ran leaderboard migrations group #4
2025/05/30 09:08:59 All migrations ran successfully
2025/05/30 09:08:59 newDBServiceWithDB - Registering models
2025/05/30 09:08:59 newDBServiceWithDB - Models registered successfully
2025/05/30 09:08:59 newDBServiceWithDB - DBService initialized: &{UserDB:0xc00007cdc0 RoundDB:0xc00007cdd8 ScoreDB:0xc00007cde8 LeaderboardDB:0xc00007ce00 db:0xc0009287c0}
2025/05/30 09:08:59 Truncating tables: leaderboards
2025/05/30 09:09:00 Truncating tables: users, scores, leaderboards, rounds
    tag_by_id_test.go:330: Waiting for 1 messages on topic "discord.leaderboard.tag.lookup.by.user.id.success" with timeout 5s
2025/05/30 09:09:00 Test received message f01696f4-9bd1-4908-b027-d4b0956865e6 on topic "discord.leaderboard.tag.lookup.by.user.id.success"
    tag_by_id_test.go:330: Successfully received 1 messages on topic "discord.leaderboard.tag.lookup.by.user.id.success"
2025/05/30 09:09:00 Test Case "TestHandleGetTagByUserIDRequest/Success_-_Tag_found_for_user_on_active_leaderboard": Canceling subscription context.
2025/05/30 09:09:00 Test Case "TestHandleGetTagByUserIDRequest/Success_-_Tag_found_for_user_on_active_leaderboard": Waiting for subscriber goroutines to finish.
2025/05/30 09:09:00 Test Case "TestHandleGetTagByUserIDRequest/Success_-_Tag_found_for_user_on_active_leaderboard": Subscriber goroutines finished.
2025/05/30 09:09:00 Running leaderboard handler test cleanup...
2025/05/30 09:09:01 Error closing Leaderboard module: error closing LeaderboardRouter: router close timeout
2025/05/30 09:09:01 Router goroutine finished.
2025/05/30 09:09:01 Leaderboard handler test cleanup finished.
2025/05/30 09:09:01 Cleaning up test environment...
2025/05/30 09:09:01 Context cancelled.
2025/05/30 09:09:01 EventBus closed.
2025/05/30 09:09:01 NATS connection closed.
2025/05/30 09:09:01 DB connection closed.
2025/05/30 09:09:01 🐳 Stopping container: b8b2b022198c
2025/05/30 09:09:02 ✅ Container stopped: b8b2b022198c
2025/05/30 09:09:02 🐳 Terminating container: b8b2b022198c
2025/05/30 09:09:02 🚫 Container terminated: b8b2b022198c
2025/05/30 09:09:02 NATS container terminated.
2025/05/30 09:09:02 🐳 Stopping container: 9d8e0cc09219
2025/05/30 09:09:02 ✅ Container stopped: 9d8e0cc09219
2025/05/30 09:09:02 🐳 Terminating container: 9d8e0cc09219
2025/05/30 09:09:02 🚫 Container terminated: 9d8e0cc09219
2025/05/30 09:09:02 PostgreSQL container terminated.
2025/05/30 09:09:02 Cleanup complete.
=== RUN   TestHandleGetTagByUserIDRequest/Success_-_User_not_found_on_active_leaderboard
2025/05/30 09:09:02 Starting PostgreSQL container with resource limits...
2025/05/30 09:09:02 🐳 Creating container for image postgres:16-alpine
2025/05/30 09:09:02 ✅ Container created: 08c30cf13686
2025/05/30 09:09:02 🐳 Starting container: 08c30cf13686
2025/05/30 09:09:03 ✅ Container started: 08c30cf13686
2025/05/30 09:09:03 ⏳ Waiting for container id 08c30cf13686 image: postgres:16-alpine. Waiting for: &{timeout:<nil> deadline:0xc0005bff10 Strategies:[0xc00117c630]}
2025/05/30 09:09:05 🔔 Container is ready: 08c30cf13686
2025/05/30 09:09:05 PostgreSQL container started with resource limits and init script. URL: postgres://testuser:testpass@localhost:34442/testdb?sslmode=disable
2025/05/30 09:09:05 Starting NATS container with resource limits...
2025/05/30 09:09:05 🐳 Creating container for image nats:2.10-alpine
2025/05/30 09:09:06 ✅ Container created: 56c8ab30ed1b
2025/05/30 09:09:06 🐳 Starting container: 56c8ab30ed1b
2025/05/30 09:09:06 ✅ Container started: 56c8ab30ed1b
2025/05/30 09:09:06 ⏳ Waiting for container id 56c8ab30ed1b image: nats:2.10-alpine. Waiting for: &{timeout:<nil> deadline:0xc000cda378 Strategies:[0xc000b51680 0xc000a69560]}
2025/05/30 09:09:09 🔔 Container is ready: 56c8ab30ed1b
2025/05/30 09:09:09 NATS container started with resource limits. URL: nats://localhost:34449
Creating score table...
Score table created successfully!
2025/05/30 09:09:09 Ran score migrations group #1
Creating leaderboard table...
Leaderboard table created successfully!
2025/05/30 09:09:09 Ran leaderboard migrations group #2
Creating user table...
User table created successfully!
2025/05/30 09:09:09 Ran user migrations group #3
Creating round table...
Round table created successfully!
2025/05/30 09:09:09 Ran round migrations group #4
2025/05/30 09:09:09 All migrations ran successfully
2025/05/30 09:09:09 newDBServiceWithDB - Registering models
2025/05/30 09:09:09 newDBServiceWithDB - Models registered successfully
2025/05/30 09:09:09 newDBServiceWithDB - DBService initialized: &{UserDB:0xc000fa8228 RoundDB:0xc000fa8230 ScoreDB:0xc000fa8238 LeaderboardDB:0xc000fa8240 db:0xc00080af80}
2025/05/30 09:09:09 Truncating tables: leaderboards
2025/05/30 09:09:09 Truncating tables: users, scores, leaderboards, rounds
    tag_by_id_test.go:330: Waiting for 1 messages on topic "discord.leaderboard.tag.lookup.by.user.id.not.found" with timeout 5s
2025/05/30 09:09:10 WARN No tag found for user in active leaderboard data user_id=522600528
2025/05/30 09:09:10 Test received message 7d50302d-c409-44fb-9d26-92eed32242db on topic "discord.leaderboard.tag.lookup.by.user.id.not.found"
    tag_by_id_test.go:330: Successfully received 1 messages on topic "discord.leaderboard.tag.lookup.by.user.id.not.found"
2025/05/30 09:09:10 Test Case "TestHandleGetTagByUserIDRequest/Success_-_User_not_found_on_active_leaderboard": Canceling subscription context.
2025/05/30 09:09:10 Test Case "TestHandleGetTagByUserIDRequest/Success_-_User_not_found_on_active_leaderboard": Waiting for subscriber goroutines to finish.
2025/05/30 09:09:10 Test Case "TestHandleGetTagByUserIDRequest/Success_-_User_not_found_on_active_leaderboard": Subscriber goroutines finished.
2025/05/30 09:09:10 Running leaderboard handler test cleanup...
2025/05/30 09:09:11 Error closing Leaderboard module: error closing LeaderboardRouter: router close timeout
2025/05/30 09:09:11 Router goroutine finished.
2025/05/30 09:09:11 Leaderboard handler test cleanup finished.
2025/05/30 09:09:11 Cleaning up test environment...
2025/05/30 09:09:11 Context cancelled.
2025/05/30 09:09:11 EventBus closed.
2025/05/30 09:09:11 NATS connection closed.
2025/05/30 09:09:11 DB connection closed.
2025/05/30 09:09:11 🐳 Stopping container: 56c8ab30ed1b
2025/05/30 09:09:11 ✅ Container stopped: 56c8ab30ed1b
2025/05/30 09:09:11 🐳 Terminating container: 56c8ab30ed1b
2025/05/30 09:09:11 🚫 Container terminated: 56c8ab30ed1b
2025/05/30 09:09:11 NATS container terminated.
2025/05/30 09:09:11 🐳 Stopping container: 08c30cf13686
2025/05/30 09:09:12 ✅ Container stopped: 08c30cf13686
2025/05/30 09:09:12 🐳 Terminating container: 08c30cf13686
2025/05/30 09:09:12 🚫 Container terminated: 08c30cf13686
2025/05/30 09:09:12 PostgreSQL container terminated.
2025/05/30 09:09:12 Cleanup complete.
=== RUN   TestHandleGetTagByUserIDRequest/Failure_-_No_active_leaderboard_exists
2025/05/30 09:09:12 Starting PostgreSQL container with resource limits...
2025/05/30 09:09:12 🐳 Creating container for image postgres:16-alpine
2025/05/30 09:09:12 ✅ Container created: 70dd8bcf68b2
2025/05/30 09:09:12 🐳 Starting container: 70dd8bcf68b2
2025/05/30 09:09:12 ✅ Container started: 70dd8bcf68b2
2025/05/30 09:09:12 ⏳ Waiting for container id 70dd8bcf68b2 image: postgres:16-alpine. Waiting for: &{timeout:<nil> deadline:0xc0016aaa08 Strategies:[0xc000ca14a0]}
2025/05/30 09:09:15 🔔 Container is ready: 70dd8bcf68b2
2025/05/30 09:09:15 PostgreSQL container started with resource limits and init script. URL: postgres://testuser:testpass@localhost:34460/testdb?sslmode=disable
2025/05/30 09:09:15 Starting NATS container with resource limits...
2025/05/30 09:09:15 🐳 Creating container for image nats:2.10-alpine
2025/05/30 09:09:15 ✅ Container created: 5788b41e84de
2025/05/30 09:09:15 🐳 Starting container: 5788b41e84de
2025/05/30 09:09:16 ✅ Container started: 5788b41e84de
2025/05/30 09:09:16 ⏳ Waiting for container id 5788b41e84de image: nats:2.10-alpine. Waiting for: &{timeout:<nil> deadline:0xc000d02518 Strategies:[0xc000ef4300 0xc000d0e4e0]}
2025/05/30 09:09:17 🔔 Container is ready: 5788b41e84de
2025/05/30 09:09:17 NATS container started with resource limits. URL: nats://localhost:34463
Creating user table...
User table created successfully!
2025/05/30 09:09:17 Ran user migrations group #1
Creating round table...
Round table created successfully!
2025/05/30 09:09:17 Ran round migrations group #2
Creating score table...
Score table created successfully!
2025/05/30 09:09:17 Ran score migrations group #3
Creating leaderboard table...
Leaderboard table created successfully!
2025/05/30 09:09:17 Ran leaderboard migrations group #4
2025/05/30 09:09:17 All migrations ran successfully
2025/05/30 09:09:17 newDBServiceWithDB - Registering models
2025/05/30 09:09:17 newDBServiceWithDB - Models registered successfully
2025/05/30 09:09:17 newDBServiceWithDB - DBService initialized: &{UserDB:0xc000816ca8 RoundDB:0xc000816cb0 ScoreDB:0xc000816cb8 LeaderboardDB:0xc000816cc0 db:0xc0015125c0}
2025/05/30 09:09:17 Truncating tables: leaderboards
2025/05/30 09:09:17 Truncating tables: users, scores, leaderboards, rounds
    tag_by_id_test.go:330: Waiting for 1 messages on topic "discord.leaderboard.tag.lookup.by.user.id.failed" with timeout 5s
2025/05/30 09:09:18 WARN No active leaderboard found for tag lookup
2025/05/30 09:09:18 Test received message 96a84d53-037f-4741-957b-28c513efbaeb on topic "discord.leaderboard.tag.lookup.by.user.id.failed"
    tag_by_id_test.go:330: Successfully received 1 messages on topic "discord.leaderboard.tag.lookup.by.user.id.failed"
2025/05/30 09:09:18 Test Case "TestHandleGetTagByUserIDRequest/Failure_-_No_active_leaderboard_exists": Canceling subscription context.
2025/05/30 09:09:18 Test Case "TestHandleGetTagByUserIDRequest/Failure_-_No_active_leaderboard_exists": Waiting for subscriber goroutines to finish.
2025/05/30 09:09:18 Test Case "TestHandleGetTagByUserIDRequest/Failure_-_No_active_leaderboard_exists": Subscriber goroutines finished.
2025/05/30 09:09:18 Running leaderboard handler test cleanup...
2025/05/30 09:09:19 Error closing Leaderboard module: error closing LeaderboardRouter: router close timeout
2025/05/30 09:09:19 Router goroutine finished.
2025/05/30 09:09:19 Leaderboard handler test cleanup finished.
2025/05/30 09:09:19 Cleaning up test environment...
2025/05/30 09:09:19 Context cancelled.
2025/05/30 09:09:19 EventBus closed.
2025/05/30 09:09:19 NATS connection closed.
2025/05/30 09:09:19 DB connection closed.
2025/05/30 09:09:19 🐳 Stopping container: 5788b41e84de
2025/05/30 09:09:19 ✅ Container stopped: 5788b41e84de
2025/05/30 09:09:19 🐳 Terminating container: 5788b41e84de
2025/05/30 09:09:19 🚫 Container terminated: 5788b41e84de
2025/05/30 09:09:19 NATS container terminated.
2025/05/30 09:09:19 🐳 Stopping container: 70dd8bcf68b2
2025/05/30 09:09:20 ✅ Container stopped: 70dd8bcf68b2
2025/05/30 09:09:20 🐳 Terminating container: 70dd8bcf68b2
2025/05/30 09:09:20 🚫 Container terminated: 70dd8bcf68b2
2025/05/30 09:09:20 PostgreSQL container terminated.
2025/05/30 09:09:20 Cleanup complete.
=== RUN   TestHandleGetTagByUserIDRequest/Failure_-_Invalid_incoming_message_payload_(Unmarshal_error)
2025/05/30 09:09:20 Starting PostgreSQL container with resource limits...
2025/05/30 09:09:20 🐳 Creating container for image postgres:16-alpine
2025/05/30 09:09:20 ✅ Container created: 3cdee6aae1fe
2025/05/30 09:09:20 🐳 Starting container: 3cdee6aae1fe
2025/05/30 09:09:20 ✅ Container started: 3cdee6aae1fe
2025/05/30 09:09:20 ⏳ Waiting for container id 3cdee6aae1fe image: postgres:16-alpine. Waiting for: &{timeout:<nil> deadline:0xc001611d38 Strategies:[0xc0015fde90]}
2025/05/30 09:09:23 🔔 Container is ready: 3cdee6aae1fe
2025/05/30 09:09:23 PostgreSQL container started with resource limits and init script. URL: postgres://testuser:testpass@localhost:34474/testdb?sslmode=disable
2025/05/30 09:09:23 Starting NATS container with resource limits...
2025/05/30 09:09:23 🐳 Creating container for image nats:2.10-alpine
2025/05/30 09:09:24 ✅ Container created: 46fe8698e32e
2025/05/30 09:09:24 🐳 Starting container: 46fe8698e32e
2025/05/30 09:09:24 ✅ Container started: 46fe8698e32e
2025/05/30 09:09:24 ⏳ Waiting for container id 46fe8698e32e image: nats:2.10-alpine. Waiting for: &{timeout:<nil> deadline:0xc001732890 Strategies:[0xc0013401e0 0xc0016ad470]}
2025/05/30 09:09:27 🔔 Container is ready: 46fe8698e32e
2025/05/30 09:09:27 NATS container started with resource limits. URL: nats://localhost:34481
Creating leaderboard table...
Leaderboard table created successfully!
2025/05/30 09:09:27 Ran leaderboard migrations group #1
Creating user table...
User table created successfully!
2025/05/30 09:09:27 Ran user migrations group #2
Creating round table...
Round table created successfully!
2025/05/30 09:09:27 Ran round migrations group #3
Creating score table...
Score table created successfully!
2025/05/30 09:09:27 Ran score migrations group #4
2025/05/30 09:09:27 All migrations ran successfully
2025/05/30 09:09:27 newDBServiceWithDB - Registering models
2025/05/30 09:09:27 newDBServiceWithDB - Models registered successfully
2025/05/30 09:09:27 newDBServiceWithDB - DBService initialized: &{UserDB:0xc0005b22b8 RoundDB:0xc0005b22c0 ScoreDB:0xc0005b22c8 LeaderboardDB:0xc0005b22d0 db:0xc000634e80}
2025/05/30 09:09:27 Truncating tables: leaderboards
2025/05/30 09:09:27 Truncating tables: users, scores, leaderboards, rounds
2025/05/30 09:09:28 Test Case "TestHandleGetTagByUserIDRequest/Failure_-_Invalid_incoming_message_payload_(Unmarshal_error)": Canceling subscription context.
2025/05/30 09:09:28 Test Case "TestHandleGetTagByUserIDRequest/Failure_-_Invalid_incoming_message_payload_(Unmarshal_error)": Waiting for subscriber goroutines to finish.
2025/05/30 09:09:28 Test Case "TestHandleGetTagByUserIDRequest/Failure_-_Invalid_incoming_message_payload_(Unmarshal_error)": Subscriber goroutines finished.
2025/05/30 09:09:28 Running leaderboard handler test cleanup...
2025/05/30 09:09:29 Error closing Leaderboard module: error closing LeaderboardRouter: router close timeout
2025/05/30 09:09:29 Router goroutine finished.
2025/05/30 09:09:29 Leaderboard handler test cleanup finished.
2025/05/30 09:09:29 Cleaning up test environment...
2025/05/30 09:09:29 Context cancelled.
2025/05/30 09:09:29 EventBus closed.
2025/05/30 09:09:29 NATS connection closed.
2025/05/30 09:09:29 DB connection closed.
2025/05/30 09:09:29 🐳 Stopping container: 46fe8698e32e
2025/05/30 09:09:29 ✅ Container stopped: 46fe8698e32e
2025/05/30 09:09:29 🐳 Terminating container: 46fe8698e32e
2025/05/30 09:09:29 🚫 Container terminated: 46fe8698e32e
2025/05/30 09:09:29 NATS container terminated.
2025/05/30 09:09:29 🐳 Stopping container: 3cdee6aae1fe
2025/05/30 09:09:30 ✅ Container stopped: 3cdee6aae1fe
2025/05/30 09:09:30 🐳 Terminating container: 3cdee6aae1fe
2025/05/30 09:09:30 🚫 Container terminated: 3cdee6aae1fe
2025/05/30 09:09:30 PostgreSQL container terminated.
2025/05/30 09:09:30 Cleanup complete.
--- PASS: TestHandleGetTagByUserIDRequest (35.94s)
    --- PASS: TestHandleGetTagByUserIDRequest/Success_-_Tag_found_for_user_on_active_leaderboard (8.27s)
    --- PASS: TestHandleGetTagByUserIDRequest/Success_-_User_not_found_on_active_leaderboard (9.56s)
    --- PASS: TestHandleGetTagByUserIDRequest/Failure_-_No_active_leaderboard_exists (8.04s)
    --- PASS: TestHandleGetTagByUserIDRequest/Failure_-_Invalid_incoming_message_payload_(Unmarshal_error) (10.08s)
=== RUN   TestHandleTagSwapRequested
=== RUN   TestHandleTagSwapRequested/Success_-_Swap_Tags_Between_Two_Users
2025/05/30 09:09:30 Starting PostgreSQL container with resource limits...
2025/05/30 09:09:30 🐳 Creating container for image postgres:16-alpine
2025/05/30 09:09:30 ✅ Container created: 7fd80b0d00f0
2025/05/30 09:09:30 🐳 Starting container: 7fd80b0d00f0
2025/05/30 09:09:30 ✅ Container started: 7fd80b0d00f0
2025/05/30 09:09:30 ⏳ Waiting for container id 7fd80b0d00f0 image: postgres:16-alpine. Waiting for: &{timeout:<nil> deadline:0xc000b55e40 Strategies:[0xc000a69a70]}
2025/05/30 09:09:33 🔔 Container is ready: 7fd80b0d00f0
2025/05/30 09:09:33 PostgreSQL container started with resource limits and init script. URL: postgres://testuser:testpass@localhost:34492/testdb?sslmode=disable
2025/05/30 09:09:33 Starting NATS container with resource limits...
2025/05/30 09:09:33 🐳 Creating container for image nats:2.10-alpine
2025/05/30 09:09:33 ✅ Container created: c33a487bdaa0
2025/05/30 09:09:33 🐳 Starting container: c33a487bdaa0
2025/05/30 09:09:34 ✅ Container started: c33a487bdaa0
2025/05/30 09:09:34 ⏳ Waiting for container id c33a487bdaa0 image: nats:2.10-alpine. Waiting for: &{timeout:<nil> deadline:0xc0014e2420 Strategies:[0xc001b30060 0xc001d12300]}
2025/05/30 09:09:35 🔔 Container is ready: c33a487bdaa0
2025/05/30 09:09:35 NATS container started with resource limits. URL: nats://localhost:34495
Creating score table...
Score table created successfully!
2025/05/30 09:09:35 Ran score migrations group #1
Creating leaderboard table...
Leaderboard table created successfully!
2025/05/30 09:09:35 Ran leaderboard migrations group #2
Creating user table...
User table created successfully!
2025/05/30 09:09:35 Ran user migrations group #3
Creating round table...
Round table created successfully!
2025/05/30 09:09:35 Ran round migrations group #4
2025/05/30 09:09:35 All migrations ran successfully
2025/05/30 09:09:35 newDBServiceWithDB - Registering models
2025/05/30 09:09:35 newDBServiceWithDB - Models registered successfully
2025/05/30 09:09:35 newDBServiceWithDB - DBService initialized: &{UserDB:0xc00007ce88 RoundDB:0xc00007ce90 ScoreDB:0xc00007ce98 LeaderboardDB:0xc00007cea0 db:0xc001512900}
2025/05/30 09:09:35 Truncating tables: leaderboards
2025/05/30 09:09:35 Truncating tables: users, scores, leaderboards, rounds
    tag_swap_test.go:506: Waiting for 1 messages on topic "discord.leaderboard.tag.swap.processed" with timeout 5s
2025/05/30 09:09:36 Test received message 40db862b-9189-43da-b9c8-26c3e3c2e18a on topic "discord.leaderboard.tag.swap.processed"
    tag_swap_test.go:506: Successfully received 1 messages on topic "discord.leaderboard.tag.swap.processed"
    tag_swap_test.go:165: Initial leaderboard data: map[518344757:20 838349351:10]
    tag_swap_test.go:166: Actual leaderboard data: map[518344757:10 838349351:20]
2025/05/30 09:09:36 Test Case "TestHandleTagSwapRequested/Success_-_Swap_Tags_Between_Two_Users": Canceling subscription context.
2025/05/30 09:09:36 Test Case "TestHandleTagSwapRequested/Success_-_Swap_Tags_Between_Two_Users": Waiting for subscriber goroutines to finish.
2025/05/30 09:09:36 Test Case "TestHandleTagSwapRequested/Success_-_Swap_Tags_Between_Two_Users": Subscriber goroutines finished.
2025/05/30 09:09:36 Running leaderboard handler test cleanup...
2025/05/30 09:09:37 Error closing Leaderboard module: error closing LeaderboardRouter: router close timeout
2025/05/30 09:09:37 Router goroutine finished.
2025/05/30 09:09:37 Leaderboard handler test cleanup finished.
2025/05/30 09:09:37 Cleaning up test environment...
2025/05/30 09:09:37 Context cancelled.
2025/05/30 09:09:37 EventBus closed.
2025/05/30 09:09:37 NATS connection closed.
2025/05/30 09:09:37 DB connection closed.
2025/05/30 09:09:37 🐳 Stopping container: c33a487bdaa0
2025/05/30 09:09:38 ✅ Container stopped: c33a487bdaa0
2025/05/30 09:09:38 🐳 Terminating container: c33a487bdaa0
2025/05/30 09:09:38 🚫 Container terminated: c33a487bdaa0
2025/05/30 09:09:38 NATS container terminated.
2025/05/30 09:09:38 🐳 Stopping container: 7fd80b0d00f0
2025/05/30 09:09:38 ✅ Container stopped: 7fd80b0d00f0
2025/05/30 09:09:38 🐳 Terminating container: 7fd80b0d00f0
2025/05/30 09:09:38 🚫 Container terminated: 7fd80b0d00f0
2025/05/30 09:09:38 PostgreSQL container terminated.
2025/05/30 09:09:38 Cleanup complete.
=== RUN   TestHandleTagSwapRequested/Failure_-_One_User_Does_Not_Exist_on_Leaderboard
2025/05/30 09:09:38 Starting PostgreSQL container with resource limits...
2025/05/30 09:09:38 🐳 Creating container for image postgres:16-alpine
2025/05/30 09:09:38 ✅ Container created: acb7dd55b4bf
2025/05/30 09:09:38 🐳 Starting container: acb7dd55b4bf
2025/05/30 09:09:39 ✅ Container started: acb7dd55b4bf
2025/05/30 09:09:39 ⏳ Waiting for container id acb7dd55b4bf image: postgres:16-alpine. Waiting for: &{timeout:<nil> deadline:0xc000cdb4b0 Strategies:[0xc00040b920]}
2025/05/30 09:09:41 🔔 Container is ready: acb7dd55b4bf
2025/05/30 09:09:41 PostgreSQL container started with resource limits and init script. URL: postgres://testuser:testpass@localhost:34506/testdb?sslmode=disable
2025/05/30 09:09:41 Starting NATS container with resource limits...
2025/05/30 09:09:41 🐳 Creating container for image nats:2.10-alpine
2025/05/30 09:09:42 ✅ Container created: 9be4b6c2f17c
2025/05/30 09:09:42 🐳 Starting container: 9be4b6c2f17c
2025/05/30 09:09:42 ✅ Container started: 9be4b6c2f17c
2025/05/30 09:09:42 ⏳ Waiting for container id 9be4b6c2f17c image: nats:2.10-alpine. Waiting for: &{timeout:<nil> deadline:0xc00073ecf8 Strategies:[0xc0010db380 0xc00130e7b0]}
2025/05/30 09:09:45 🔔 Container is ready: 9be4b6c2f17c
2025/05/30 09:09:45 NATS container started with resource limits. URL: nats://localhost:34513
Creating user table...
User table created successfully!
2025/05/30 09:09:45 Ran user migrations group #1
Creating round table...
Round table created successfully!
2025/05/30 09:09:45 Ran round migrations group #2
Creating score table...
Score table created successfully!
2025/05/30 09:09:45 Ran score migrations group #3
Creating leaderboard table...
Leaderboard table created successfully!
2025/05/30 09:09:45 Ran leaderboard migrations group #4
2025/05/30 09:09:45 All migrations ran successfully
2025/05/30 09:09:45 newDBServiceWithDB - Registering models
2025/05/30 09:09:45 newDBServiceWithDB - Models registered successfully
2025/05/30 09:09:45 newDBServiceWithDB - DBService initialized: &{UserDB:0xc00007d708 RoundDB:0xc00007d710 ScoreDB:0xc00007d718 LeaderboardDB:0xc00007d720 db:0xc001b2f6c0}
2025/05/30 09:09:45 Truncating tables: leaderboards
2025/05/30 09:09:45 Truncating tables: users, scores, leaderboards, rounds
    tag_swap_test.go:506: Waiting for 1 messages on topic "discord.leaderboard.tag.swap.failed" with timeout 5s
2025/05/30 09:09:46 Test received message 95d07d1a-2af5-4718-bcd4-19563955e73f on topic "discord.leaderboard.tag.swap.failed"
    tag_swap_test.go:506: Successfully received 1 messages on topic "discord.leaderboard.tag.swap.failed"
2025/05/30 09:09:46 Test Case "TestHandleTagSwapRequested/Failure_-_One_User_Does_Not_Exist_on_Leaderboard": Canceling subscription context.
2025/05/30 09:09:46 Test Case "TestHandleTagSwapRequested/Failure_-_One_User_Does_Not_Exist_on_Leaderboard": Waiting for subscriber goroutines to finish.
2025/05/30 09:09:46 Test Case "TestHandleTagSwapRequested/Failure_-_One_User_Does_Not_Exist_on_Leaderboard": Subscriber goroutines finished.
2025/05/30 09:09:46 Running leaderboard handler test cleanup...
2025/05/30 09:09:47 Error closing Leaderboard module: error closing LeaderboardRouter: router close timeout
2025/05/30 09:09:47 Router goroutine finished.
2025/05/30 09:09:47 Leaderboard handler test cleanup finished.
2025/05/30 09:09:47 Cleaning up test environment...
2025/05/30 09:09:47 Context cancelled.
2025/05/30 09:09:47 EventBus closed.
2025/05/30 09:09:47 NATS connection closed.
2025/05/30 09:09:47 DB connection closed.
2025/05/30 09:09:47 🐳 Stopping container: 9be4b6c2f17c
2025/05/30 09:09:47 ✅ Container stopped: 9be4b6c2f17c
2025/05/30 09:09:47 🐳 Terminating container: 9be4b6c2f17c
2025/05/30 09:09:47 🚫 Container terminated: 9be4b6c2f17c
2025/05/30 09:09:47 NATS container terminated.
2025/05/30 09:09:47 🐳 Stopping container: acb7dd55b4bf
2025/05/30 09:09:48 ✅ Container stopped: acb7dd55b4bf
2025/05/30 09:09:48 🐳 Terminating container: acb7dd55b4bf
2025/05/30 09:09:48 🚫 Container terminated: acb7dd55b4bf
2025/05/30 09:09:48 PostgreSQL container terminated.
2025/05/30 09:09:48 Cleanup complete.
=== RUN   TestHandleTagSwapRequested/Failure_-_Invalid_Message_Payload_(Unmarshal_Error)
2025/05/30 09:09:48 Starting PostgreSQL container with resource limits...
2025/05/30 09:09:48 🐳 Creating container for image postgres:16-alpine
2025/05/30 09:09:48 ✅ Container created: 91d9ae5b9dca
2025/05/30 09:09:48 🐳 Starting container: 91d9ae5b9dca
2025/05/30 09:09:48 ✅ Container started: 91d9ae5b9dca
2025/05/30 09:09:48 ⏳ Waiting for container id 91d9ae5b9dca image: postgres:16-alpine. Waiting for: &{timeout:<nil> deadline:0xc001b8cbd8 Strategies:[0xc0005e68d0]}
coverage: 14.1% of statements in ./app/...
panic: test timed out after 5m0s
	running tests:
		TestHandleTagSwapRequested (19s)
		TestHandleTagSwapRequested/Failure_-_Invalid_Message_Payload_(Unmarshal_Error) (1s)

goroutine 27131 [running]:
testing.(*M).startAlarm.func1()
	/usr/local/Cellar/go/1.24.2/libexec/src/testing/testing.go:2484 +0x394
created by time.goFunc
	/usr/local/Cellar/go/1.24.2/libexec/src/time/sleep.go:215 +0x2d

goroutine 1 [chan receive]:
testing.(*T).Run(0xc000682540, {0x107ec5ce6?, 0xc000057a30?}, 0x1083ba638)
	/usr/local/Cellar/go/1.24.2/libexec/src/testing/testing.go:1859 +0x431
testing.runTests.func1(0xc000682540)
	/usr/local/Cellar/go/1.24.2/libexec/src/testing/testing.go:2279 +0x37
testing.tRunner(0xc000682540, 0xc000057b70)
	/usr/local/Cellar/go/1.24.2/libexec/src/testing/testing.go:1792 +0xf4
testing.runTests(0xc0000101c8, {0x108d870a0, 0x8, 0x8}, {0x108e12108?, 0xc000600008?, 0x108d9a400?})
	/usr/local/Cellar/go/1.24.2/libexec/src/testing/testing.go:2277 +0x4b4
testing.(*M).Run(0xc000167540)
	/usr/local/Cellar/go/1.24.2/libexec/src/testing/testing.go:2142 +0x64a
github.com/Black-And-White-Club/frolf-bot/integration_tests/modules/leaderboard/handler_tests.TestMain(0xc000167540)
	/Users/jace/Documents/GitHub/frolf-bot/integration_tests/modules/leaderboard/handler_tests/main_test.go:24 +0x128
main.main()
	_testmain.go:71 +0xa8

goroutine 3895 [chan receive, 3 minutes]:
github.com/ThreeDotsLabs/watermill/message.(*handler).run(0xc000824ea0, {0x1083d4720, 0xc0006ac320}, {0xc00018a9c0, 0x6, 0x0?})
	/Users/jace/go/pkg/mod/github.com/!three!dots!labs/watermill@v1.4.6/message/router.go:645 +0x2b4
github.com/ThreeDotsLabs/watermill/message.(*Router).RunHandlers.func1()
	/Users/jace/go/pkg/mod/github.com/!three!dots!labs/watermill@v1.4.6/message/router.go:460 +0x145
created by github.com/ThreeDotsLabs/watermill/message.(*Router).RunHandlers in goroutine 3834
	/Users/jace/go/pkg/mod/github.com/!three!dots!labs/watermill@v1.4.6/message/router.go:453 +0x606

goroutine 24532 [chan receive]:
testing.(*T).Run(0xc0016bc000, {0x107eef308?, 0x0?}, 0xc001768a80)
	/usr/local/Cellar/go/1.24.2/libexec/src/testing/testing.go:1859 +0x431
github.com/Black-And-White-Club/frolf-bot/integration_tests/modules/leaderboard/handler_tests.TestHandleTagSwapRequested(0xc0016bc000)
	/Users/jace/Documents/GitHub/frolf-bot/integration_tests/modules/leaderboard/handler_tests/tag_swap_test.go:487 +0x490
testing.tRunner(0xc0016bc000, 0x1083ba638)
	/usr/local/Cellar/go/1.24.2/libexec/src/testing/testing.go:1792 +0xf4
created by testing.(*T).Run in goroutine 1
	/usr/local/Cellar/go/1.24.2/libexec/src/testing/testing.go:1851 +0x413

goroutine 26958 [sleep]:
time.Sleep(0x5f5e100)
	/usr/local/Cellar/go/1.24.2/libexec/src/runtime/time.go:338 +0x165
github.com/testcontainers/testcontainers-go/wait.(*LogStrategy).WaitUntilReady(0xc0019d4420, {0x1083d4720, 0xc00183e5a0}, {0x1083dc0c0, 0xc001166000})
	/Users/jace/go/pkg/mod/github.com/testcontainers/testcontainers-go@v0.37.0/wait/log.go:184 +0x69c
github.com/testcontainers/testcontainers-go/wait.(*MultiStrategy).WaitUntilReady(0xc0005e68d0, {0x1083d4790?, 0xc0014a05b0?}, {0x1083dc0c0, 0xc001166000})
	/Users/jace/go/pkg/mod/github.com/testcontainers/testcontainers-go@v0.37.0/wait/all.go:83 +0x36d
github.com/testcontainers/testcontainers-go/wait.(*MultiStrategy).WaitUntilReady(0xc0005e6a50, {0x1083d4720?, 0xc001955310?}, {0x1083dc0c0, 0xc001166000})
	/Users/jace/go/pkg/mod/github.com/testcontainers/testcontainers-go@v0.37.0/wait/all.go:83 +0x36d
github.com/testcontainers/testcontainers-go.init.func5.2({0x1083d4720, 0xc001955310}, {0x1083f3a90, 0xc001166000})
	/Users/jace/go/pkg/mod/github.com/testcontainers/testcontainers-go@v0.37.0/lifecycle.go:291 +0x1d5
github.com/testcontainers/testcontainers-go.(*DockerContainer).applyLifecycleHooks.containerHookFn.func1(...)
	/Users/jace/go/pkg/mod/github.com/testcontainers/testcontainers-go@v0.37.0/lifecycle.go:474
github.com/testcontainers/testcontainers-go.(*DockerContainer).applyLifecycleHooks(0xc001166000, {0x1083d4720, 0xc001955310}, 0x1, 0x1083bc1a0)
	/Users/jace/go/pkg/mod/github.com/testcontainers/testcontainers-go@v0.37.0/lifecycle.go:415 +0x6a2
github.com/testcontainers/testcontainers-go.(*DockerContainer).startedHook(...)
	/Users/jace/go/pkg/mod/github.com/testcontainers/testcontainers-go@v0.37.0/lifecycle.go:353
github.com/testcontainers/testcontainers-go.(*DockerContainer).Start(0xc001166000, {0x1083d4720, 0xc001955310})
	/Users/jace/go/pkg/mod/github.com/testcontainers/testcontainers-go@v0.37.0/docker.go:238 +0x189
github.com/testcontainers/testcontainers-go.GenericContainer({_, _}, {{{{0x0, 0x0}, {0x0, 0x0}, {0x0, 0x0}, {0x0, 0x0}, ...}, ...}, ...})
	/Users/jace/go/pkg/mod/github.com/testcontainers/testcontainers-go@v0.37.0/generic.go:92 +0x388
github.com/testcontainers/testcontainers-go/modules/postgres.Run({0x1083d4720, 0xc001955310}, {0x107eb34d0?, 0xc001a35860?}, {0xc001a357e0, 0x7, 0x1083d92f8?})
	/Users/jace/go/pkg/mod/github.com/testcontainers/testcontainers-go/modules/postgres@v0.37.0/postgres.go:192 +0x3a6
github.com/Black-And-White-Club/frolf-bot/integration_tests/containers.SetupPostgresContainer({0x1083d4720, 0xc001955310})
	/Users/jace/Documents/GitHub/frolf-bot/integration_tests/containers/postgres_container.go:33 +0x58d
github.com/Black-And-White-Club/frolf-bot/integration_tests/testutils.(*TestEnvironment).setupContainers(0xc00182b1e0, {0x1083d4720, 0xc001955310})
	/Users/jace/Documents/GitHub/frolf-bot/integration_tests/testutils/testenv.go:178 +0x45
github.com/Black-And-White-Club/frolf-bot/integration_tests/testutils.NewTestEnvironment(0xc000c98000)
	/Users/jace/Documents/GitHub/frolf-bot/integration_tests/testutils/testenv.go:167 +0xa7
github.com/Black-And-White-Club/frolf-bot/integration_tests/testutils.GetOrCreateTestEnv(0xc000c98000)
	/Users/jace/Documents/GitHub/frolf-bot/integration_tests/testutils/test_env_mgr.go:30 +0x13a
github.com/Black-And-White-Club/frolf-bot/integration_tests/modules/leaderboard/handler_tests.SetupTestLeaderboardHandler(0xc000c98000)
	/Users/jace/Documents/GitHub/frolf-bot/integration_tests/modules/leaderboard/handler_tests/helper.go:44 +0x67
github.com/Black-And-White-Club/frolf-bot/integration_tests/modules/leaderboard/handler_tests.TestHandleTagSwapRequested.func16(0xc000c98000)
	/Users/jace/Documents/GitHub/frolf-bot/integration_tests/modules/leaderboard/handler_tests/tag_swap_test.go:488 +0x32
testing.tRunner(0xc000c98000, 0xc001768a80)
	/usr/local/Cellar/go/1.24.2/libexec/src/testing/testing.go:1792 +0xf4
created by testing.(*T).Run in goroutine 24532
	/usr/local/Cellar/go/1.24.2/libexec/src/testing/testing.go:1851 +0x413

goroutine 3891 [select, 3 minutes]:
github.com/nats-io/nats.go/jetstream.(*pullSubscription).pullMessages(0xc00095ed80, {0xc00051c5a0, 0x53})
	/Users/jace/go/pkg/mod/github.com/nats-io/nats.go@v1.41.1/jetstream/pull.go:955 +0x91
created by github.com/nats-io/nats.go/jetstream.(*pullConsumer).Messages in goroutine 3834
	/Users/jace/go/pkg/mod/github.com/nats-io/nats.go@v1.41.1/jetstream/pull.go:534 +0x748

goroutine 1891 [chan receive, 4 minutes]:
github.com/ThreeDotsLabs/watermill/message.(*handler).run(0xc00093dad0, {0x1083d4720, 0xc0006adc20}, {0xc000adc3c0, 0x6, 0x0?})
	/Users/jace/go/pkg/mod/github.com/!three!dots!labs/watermill@v1.4.6/message/router.go:645 +0x2b4
github.com/ThreeDotsLabs/watermill/message.(*Router).RunHandlers.func1()
	/Users/jace/go/pkg/mod/github.com/!three!dots!labs/watermill@v1.4.6/message/router.go:460 +0x145
created by github.com/ThreeDotsLabs/watermill/message.(*Router).RunHandlers in goroutine 1834
	/Users/jace/go/pkg/mod/github.com/!three!dots!labs/watermill@v1.4.6/message/router.go:453 +0x606

goroutine 666 [select]:
github.com/nats-io/nats%2ego.(*Conn).doReconnect(0xc000159508, {0x1083c48c8, 0x108d63970}, 0x0)
	/Users/jace/go/pkg/mod/github.com/nats-io/nats.go@v1.41.1/nats.go:2907 +0x41a
created by github.com/nats-io/nats%2ego.(*Conn).processOpErr in goroutine 605
	/Users/jace/go/pkg/mod/github.com/nats-io/nats.go@v1.41.1/nats.go:3043 +0x2f3

goroutine 574 [select, 4 minutes]:
github.com/nats-io/nats.go/jetstream.(*pullSubscription).pullMessages(0xc000426ea0, {0xc00004c4e0, 0x60})
	/Users/jace/go/pkg/mod/github.com/nats-io/nats.go@v1.41.1/jetstream/pull.go:955 +0x91
created by github.com/nats-io/nats.go/jetstream.(*pullConsumer).Messages in goroutine 625
	/Users/jace/go/pkg/mod/github.com/nats-io/nats.go@v1.41.1/jetstream/pull.go:534 +0x748

goroutine 3214 [select, 3 minutes]:
github.com/nats-io/nats.go/jetstream.(*pullSubscription).pullMessages(0xc000ae0c60, {0xc00051c300, 0x60})
	/Users/jace/go/pkg/mod/github.com/nats-io/nats.go@v1.41.1/jetstream/pull.go:955 +0x91
created by github.com/nats-io/nats.go/jetstream.(*pullConsumer).Messages in goroutine 3192
	/Users/jace/go/pkg/mod/github.com/nats-io/nats.go@v1.41.1/jetstream/pull.go:534 +0x748

goroutine 1900 [select]:
github.com/nats-io/nats%2ego.(*Conn).doReconnect(0xc0003a7c08, {0x1083c48c8, 0x108d63970}, 0x0)
	/Users/jace/go/pkg/mod/github.com/nats-io/nats.go@v1.41.1/nats.go:2907 +0x41a
created by github.com/nats-io/nats%2ego.(*Conn).processOpErr in goroutine 1860
	/Users/jace/go/pkg/mod/github.com/nats-io/nats.go@v1.41.1/nats.go:3043 +0x2f3

goroutine 1252 [chan receive, 4 minutes]:
github.com/ThreeDotsLabs/watermill/message.(*messageTransformSubscriberDecorator).Subscribe.func1()
	/Users/jace/go/pkg/mod/github.com/!three!dots!labs/watermill@v1.4.6/message/decorator.go:52 +0x85
created by github.com/ThreeDotsLabs/watermill/message.(*messageTransformSubscriberDecorator).Subscribe in goroutine 1184
	/Users/jace/go/pkg/mod/github.com/!three!dots!labs/watermill@v1.4.6/message/decorator.go:51 +0xc7

goroutine 647 [select, 4 minutes]:
github.com/nats-io/nats.go/jetstream.(*pullConsumer).Messages.func2()
	/Users/jace/go/pkg/mod/github.com/nats-io/nats.go@v1.41.1/jetstream/pull.go:538 +0x68
created by github.com/nats-io/nats.go/jetstream.(*pullConsumer).Messages in goroutine 625
	/Users/jace/go/pkg/mod/github.com/nats-io/nats.go@v1.41.1/jetstream/pull.go:536 +0x78a

goroutine 2491 [select]:
github.com/nats-io/nats%2ego.(*Conn).doReconnect(0xc000252e08, {0x1083c48c8, 0x108d63970}, 0x0)
	/Users/jace/go/pkg/mod/github.com/nats-io/nats.go@v1.41.1/nats.go:2907 +0x41a
created by github.com/nats-io/nats%2ego.(*Conn).processOpErr in goroutine 2428
	/Users/jace/go/pkg/mod/github.com/nats-io/nats.go@v1.41.1/nats.go:3043 +0x2f3

goroutine 4560 [chan receive, 3 minutes]:
github.com/ThreeDotsLabs/watermill/message.(*handler).run(0xc0005cb6c0, {0x1083d4720, 0xc0001554f0}, {0xc000473a40, 0x6, 0xc00047b7d0?})
	/Users/jace/go/pkg/mod/github.com/!three!dots!labs/watermill@v1.4.6/message/router.go:645 +0x2b4
github.com/ThreeDotsLabs/watermill/message.(*Router).RunHandlers.func1()
	/Users/jace/go/pkg/mod/github.com/!three!dots!labs/watermill@v1.4.6/message/router.go:460 +0x145
created by github.com/ThreeDotsLabs/watermill/message.(*Router).RunHandlers in goroutine 4702
	/Users/jace/go/pkg/mod/github.com/!three!dots!labs/watermill@v1.4.6/message/router.go:453 +0x606

goroutine 607 [sync.Cond.Wait, 4 minutes]:
sync.runtime_notifyListWait(0xc000142210, 0x0)
	/usr/local/Cellar/go/1.24.2/libexec/src/runtime/sema.go:597 +0x159
sync.(*Cond).Wait(0x0?)
	/usr/local/Cellar/go/1.24.2/libexec/src/sync/cond.go:71 +0x85
github.com/nats-io/nats%2ego.(*asyncCallbacksHandler).asyncCBDispatcher(0xc000808160)
	/Users/jace/go/pkg/mod/github.com/nats-io/nats.go@v1.41.1/nats.go:3059 +0xdd
created by github.com/nats-io/nats%2ego.Options.Connect in goroutine 11
	/Users/jace/go/pkg/mod/github.com/nats-io/nats.go@v1.41.1/nats.go:1635 +0x387

goroutine 648 [select, 4 minutes]:
github.com/nats-io/nats.go/jetstream.(*pullSubscription).Next(0xc00039f200)
	/Users/jace/go/pkg/mod/github.com/nats-io/nats.go@v1.41.1/jetstream/pull.go:589 +0x285
github.com/Black-And-White-Club/frolf-bot-shared/eventbus.(*eventBus).Subscribe.func1()
	/Users/jace/Documents/GitHub/frolf-bot-shared/eventbus/eventbus.go:326 +0x169
created by github.com/Black-And-White-Club/frolf-bot-shared/eventbus.(*eventBus).Subscribe in goroutine 625
	/Users/jace/Documents/GitHub/frolf-bot-shared/eventbus/eventbus.go:315 +0xbf1

goroutine 2554 [select, 3 minutes]:
github.com/nats-io/nats.go/jetstream.(*pullSubscription).pullMessages(0xc00061a1b0, {0xc00013a050, 0x4e})
	/Users/jace/go/pkg/mod/github.com/nats-io/nats.go@v1.41.1/jetstream/pull.go:955 +0x91
created by github.com/nats-io/nats.go/jetstream.(*pullConsumer).Messages in goroutine 3192
	/Users/jace/go/pkg/mod/github.com/nats-io/nats.go@v1.41.1/jetstream/pull.go:534 +0x748

goroutine 650 [chan receive, 4 minutes]:
github.com/ThreeDotsLabs/watermill/message.(*handler).run(0xc0004a75f0, {0x1083d4720, 0xc0002e61e0}, {0xc000018180, 0x6, 0x2f62696c2f726176?})
	/Users/jace/go/pkg/mod/github.com/!three!dots!labs/watermill@v1.4.6/message/router.go:645 +0x2b4
github.com/ThreeDotsLabs/watermill/message.(*Router).RunHandlers.func1()
	/Users/jace/go/pkg/mod/github.com/!three!dots!labs/watermill@v1.4.6/message/router.go:460 +0x145
created by github.com/ThreeDotsLabs/watermill/message.(*Router).RunHandlers in goroutine 625
	/Users/jace/go/pkg/mod/github.com/!three!dots!labs/watermill@v1.4.6/message/router.go:453 +0x606

goroutine 649 [chan receive, 4 minutes]:
github.com/ThreeDotsLabs/watermill/message.(*messageTransformSubscriberDecorator).Subscribe.func1()
	/Users/jace/go/pkg/mod/github.com/!three!dots!labs/watermill@v1.4.6/message/decorator.go:52 +0x85
created by github.com/ThreeDotsLabs/watermill/message.(*messageTransformSubscriberDecorator).Subscribe in goroutine 625
	/Users/jace/go/pkg/mod/github.com/!three!dots!labs/watermill@v1.4.6/message/decorator.go:51 +0xc7

goroutine 1250 [select, 4 minutes]:
github.com/nats-io/nats.go/jetstream.(*pullConsumer).Messages.func2()
	/Users/jace/go/pkg/mod/github.com/nats-io/nats.go@v1.41.1/jetstream/pull.go:538 +0x68
created by github.com/nats-io/nats.go/jetstream.(*pullConsumer).Messages in goroutine 1184
	/Users/jace/go/pkg/mod/github.com/nats-io/nats.go@v1.41.1/jetstream/pull.go:536 +0x78a

goroutine 1255 [select, 4 minutes]:
github.com/nats-io/nats.go/jetstream.(*pullConsumer).Messages.func2()
	/Users/jace/go/pkg/mod/github.com/nats-io/nats.go@v1.41.1/jetstream/pull.go:538 +0x68
created by github.com/nats-io/nats.go/jetstream.(*pullConsumer).Messages in goroutine 1184
	/Users/jace/go/pkg/mod/github.com/nats-io/nats.go@v1.41.1/jetstream/pull.go:536 +0x78a

goroutine 9064 [select, 2 minutes]:
github.com/nats-io/nats.go/jetstream.(*pullSubscription).pullMessages(0xc000901d40, {0xc000b770a0, 0x61})
	/Users/jace/go/pkg/mod/github.com/nats-io/nats.go@v1.41.1/jetstream/pull.go:955 +0x91
created by github.com/nats-io/nats.go/jetstream.(*pullConsumer).Messages in goroutine 9271
	/Users/jace/go/pkg/mod/github.com/nats-io/nats.go@v1.41.1/jetstream/pull.go:534 +0x748

goroutine 4003 [select]:
github.com/nats-io/nats%2ego.(*Conn).doReconnect(0xc000255808, {0x1083c48c8, 0x108d63970}, 0x0)
	/Users/jace/go/pkg/mod/github.com/nats-io/nats.go@v1.41.1/nats.go:2907 +0x41a
created by github.com/nats-io/nats%2ego.(*Conn).processOpErr in goroutine 3854
	/Users/jace/go/pkg/mod/github.com/nats-io/nats.go@v1.41.1/nats.go:3043 +0x2f3

goroutine 8546 [chan receive, 2 minutes]:
github.com/ThreeDotsLabs/watermill/message.(*handler).run(0xc000b12820, {0x1083d4720, 0xc000d0d900}, {0xc000a672c0, 0x6, 0xc000896778?})
	/Users/jace/go/pkg/mod/github.com/!three!dots!labs/watermill@v1.4.6/message/router.go:645 +0x2b4
github.com/ThreeDotsLabs/watermill/message.(*Router).RunHandlers.func1()
	/Users/jace/go/pkg/mod/github.com/!three!dots!labs/watermill@v1.4.6/message/router.go:460 +0x145
created by github.com/ThreeDotsLabs/watermill/message.(*Router).RunHandlers in goroutine 8524
	/Users/jace/go/pkg/mod/github.com/!three!dots!labs/watermill@v1.4.6/message/router.go:453 +0x606

goroutine 676 [chan receive, 4 minutes]:
github.com/ThreeDotsLabs/watermill/message.(*handler).run(0xc0004a7790, {0x1083d4720, 0xc000800230}, {0xc000018240, 0x6, 0x1000000000001?})
	/Users/jace/go/pkg/mod/github.com/!three!dots!labs/watermill@v1.4.6/message/router.go:645 +0x2b4
github.com/ThreeDotsLabs/watermill/message.(*Router).RunHandlers.func1()
	/Users/jace/go/pkg/mod/github.com/!three!dots!labs/watermill@v1.4.6/message/router.go:460 +0x145
created by github.com/ThreeDotsLabs/watermill/message.(*Router).RunHandlers in goroutine 625
	/Users/jace/go/pkg/mod/github.com/!three!dots!labs/watermill@v1.4.6/message/router.go:453 +0x606

goroutine 3901 [chan receive, 3 minutes]:
github.com/ThreeDotsLabs/watermill/message.(*handler).run(0xc0008251e0, {0x1083d4720, 0xc0001b2640}, {0xc00018aa80, 0x6, 0x0?})
	/Users/jace/go/pkg/mod/github.com/!three!dots!labs/watermill@v1.4.6/message/router.go:645 +0x2b4
github.com/ThreeDotsLabs/watermill/message.(*Router).RunHandlers.func1()
	/Users/jace/go/pkg/mod/github.com/!three!dots!labs/watermill@v1.4.6/message/router.go:460 +0x145
created by github.com/ThreeDotsLabs/watermill/message.(*Router).RunHandlers in goroutine 3834
	/Users/jace/go/pkg/mod/github.com/!three!dots!labs/watermill@v1.4.6/message/router.go:453 +0x606

goroutine 353 [select, 4 minutes]:
github.com/nats-io/nats.go/jetstream.(*pullSubscription).pullMessages(0xc00054d440, {0xc00004c5a0, 0x53})
	/Users/jace/go/pkg/mod/github.com/nats-io/nats.go@v1.41.1/jetstream/pull.go:955 +0x91
created by github.com/nats-io/nats.go/jetstream.(*pullConsumer).Messages in goroutine 1184
	/Users/jace/go/pkg/mod/github.com/nats-io/nats.go@v1.41.1/jetstream/pull.go:534 +0x748

goroutine 1206 [select, 4 minutes]:
github.com/nats-io/nats.go/jetstream.(*pullSubscription).pullMessages(0xc0007da240, {0xc00051c0c0, 0x60})
	/Users/jace/go/pkg/mod/github.com/nats-io/nats.go@v1.41.1/jetstream/pull.go:955 +0x91
created by github.com/nats-io/nats.go/jetstream.(*pullConsumer).Messages in goroutine 1184
	/Users/jace/go/pkg/mod/github.com/nats-io/nats.go@v1.41.1/jetstream/pull.go:534 +0x748

goroutine 4686 [chan receive, 3 minutes]:
github.com/ThreeDotsLabs/watermill/message.(*handler).run(0xc0005cbad0, {0x1083d4720, 0xc000b56cd0}, {0xc000473980, 0x6, 0xc0005adf78?})
	/Users/jace/go/pkg/mod/github.com/!three!dots!labs/watermill@v1.4.6/message/router.go:645 +0x2b4
github.com/ThreeDotsLabs/watermill/message.(*Router).RunHandlers.func1()
	/Users/jace/go/pkg/mod/github.com/!three!dots!labs/watermill@v1.4.6/message/router.go:460 +0x145
created by github.com/ThreeDotsLabs/watermill/message.(*Router).RunHandlers in goroutine 4702
	/Users/jace/go/pkg/mod/github.com/!three!dots!labs/watermill@v1.4.6/message/router.go:453 +0x606

goroutine 646 [select, 4 minutes]:
github.com/nats-io/nats.go/jetstream.(*pullSubscription).pullMessages(0xc00039f200, {0xc00004e5a0, 0x4e})
	/Users/jace/go/pkg/mod/github.com/nats-io/nats.go@v1.41.1/jetstream/pull.go:955 +0x91
created by github.com/nats-io/nats.go/jetstream.(*pullConsumer).Messages in goroutine 625
	/Users/jace/go/pkg/mod/github.com/nats-io/nats.go@v1.41.1/jetstream/pull.go:534 +0x748

goroutine 645 [chan receive, 4 minutes]:
github.com/ThreeDotsLabs/watermill/message.(*handler).run(0xc0004a7450, {0x1083d4720, 0xc000154a00}, {0xc000492000, 0x6, 0x0?})
	/Users/jace/go/pkg/mod/github.com/!three!dots!labs/watermill@v1.4.6/message/router.go:645 +0x2b4
github.com/ThreeDotsLabs/watermill/message.(*Router).RunHandlers.func1()
	/Users/jace/go/pkg/mod/github.com/!three!dots!labs/watermill@v1.4.6/message/router.go:460 +0x145
created by github.com/ThreeDotsLabs/watermill/message.(*Router).RunHandlers in goroutine 625
	/Users/jace/go/pkg/mod/github.com/!three!dots!labs/watermill@v1.4.6/message/router.go:453 +0x606

goroutine 643 [select, 4 minutes]:
github.com/nats-io/nats.go/jetstream.(*pullSubscription).Next(0xc00039ee10)
	/Users/jace/go/pkg/mod/github.com/nats-io/nats.go@v1.41.1/jetstream/pull.go:589 +0x285
github.com/Black-And-White-Club/frolf-bot-shared/eventbus.(*eventBus).Subscribe.func1()
	/Users/jace/Documents/GitHub/frolf-bot-shared/eventbus/eventbus.go:326 +0x169
created by github.com/Black-And-White-Club/frolf-bot-shared/eventbus.(*eventBus).Subscribe in goroutine 625
	/Users/jace/Documents/GitHub/frolf-bot-shared/eventbus/eventbus.go:315 +0xbf1

goroutine 667 [select]:
github.com/nats-io/nats%2ego.(*Conn).doReconnect(0xc000438e08, {0x1083c48c8, 0x108d63970}, 0x0)
	/Users/jace/go/pkg/mod/github.com/nats-io/nats.go@v1.41.1/nats.go:2907 +0x41a
created by github.com/nats-io/nats%2ego.(*Conn).processOpErr in goroutine 621
	/Users/jace/go/pkg/mod/github.com/nats-io/nats.go@v1.41.1/nats.go:3043 +0x2f3

goroutine 1207 [select, 4 minutes]:
github.com/nats-io/nats.go/jetstream.(*pullConsumer).Messages.func2()
	/Users/jace/go/pkg/mod/github.com/nats-io/nats.go@v1.41.1/jetstream/pull.go:538 +0x68
created by github.com/nats-io/nats.go/jetstream.(*pullConsumer).Messages in goroutine 1184
	/Users/jace/go/pkg/mod/github.com/nats-io/nats.go@v1.41.1/jetstream/pull.go:536 +0x78a

goroutine 4688 [select, 3 minutes]:
github.com/nats-io/nats.go/jetstream.(*pullSubscription).pullMessages(0xc00054d9e0, {0xc000ab4de0, 0x60})
	/Users/jace/go/pkg/mod/github.com/nats-io/nats.go@v1.41.1/jetstream/pull.go:955 +0x91
created by github.com/nats-io/nats.go/jetstream.(*pullConsumer).Messages in goroutine 4702
	/Users/jace/go/pkg/mod/github.com/nats-io/nats.go@v1.41.1/jetstream/pull.go:534 +0x748

goroutine 1852 [select, 4 minutes]:
github.com/nats-io/nats.go/jetstream.(*pullSubscription).pullMessages(0xc00054def0, {0xc00043ff80, 0x55})
	/Users/jace/go/pkg/mod/github.com/nats-io/nats.go@v1.41.1/jetstream/pull.go:955 +0x91
created by github.com/nats-io/nats.go/jetstream.(*pullConsumer).Messages in goroutine 1834
	/Users/jace/go/pkg/mod/github.com/nats-io/nats.go@v1.41.1/jetstream/pull.go:534 +0x748

goroutine 678 [select, 4 minutes]:
github.com/nats-io/nats.go/jetstream.(*pullConsumer).Messages.func2()
	/Users/jace/go/pkg/mod/github.com/nats-io/nats.go@v1.41.1/jetstream/pull.go:538 +0x68
created by github.com/nats-io/nats.go/jetstream.(*pullConsumer).Messages in goroutine 625
	/Users/jace/go/pkg/mod/github.com/nats-io/nats.go@v1.41.1/jetstream/pull.go:536 +0x78a

goroutine 1254 [select, 4 minutes]:
github.com/nats-io/nats.go/jetstream.(*pullSubscription).pullMessages(0xc00054d950, {0xc00004c6c0, 0x5b})
	/Users/jace/go/pkg/mod/github.com/nats-io/nats.go@v1.41.1/jetstream/pull.go:955 +0x91
created by github.com/nats-io/nats.go/jetstream.(*pullConsumer).Messages in goroutine 1184
	/Users/jace/go/pkg/mod/github.com/nats-io/nats.go@v1.41.1/jetstream/pull.go:534 +0x748

goroutine 1209 [chan receive, 4 minutes]:
github.com/ThreeDotsLabs/watermill/message.(*messageTransformSubscriberDecorator).Subscribe.func1()
	/Users/jace/go/pkg/mod/github.com/!three!dots!labs/watermill@v1.4.6/message/decorator.go:52 +0x85
created by github.com/ThreeDotsLabs/watermill/message.(*messageTransformSubscriberDecorator).Subscribe in goroutine 1184
	/Users/jace/go/pkg/mod/github.com/!three!dots!labs/watermill@v1.4.6/message/decorator.go:51 +0xc7

goroutine 3879 [chan receive, 3 minutes]:
github.com/ThreeDotsLabs/watermill/message.(*handler).run(0xc000825a00, {0x1083d4720, 0xc000956690}, {0xc00018a840, 0x6, 0x0?})
	/Users/jace/go/pkg/mod/github.com/!three!dots!labs/watermill@v1.4.6/message/router.go:645 +0x2b4
github.com/ThreeDotsLabs/watermill/message.(*Router).RunHandlers.func1()
	/Users/jace/go/pkg/mod/github.com/!three!dots!labs/watermill@v1.4.6/message/router.go:460 +0x145
created by github.com/ThreeDotsLabs/watermill/message.(*Router).RunHandlers in goroutine 3834
	/Users/jace/go/pkg/mod/github.com/!three!dots!labs/watermill@v1.4.6/message/router.go:453 +0x606

goroutine 1253 [chan receive, 4 minutes]:
github.com/ThreeDotsLabs/watermill/message.(*handler).run(0xc0005ca8f0, {0x1083d4720, 0xc0002e6690}, {0xc0002fc0c0, 0x6, 0x2c22223a2265646f?})
	/Users/jace/go/pkg/mod/github.com/!three!dots!labs/watermill@v1.4.6/message/router.go:645 +0x2b4
github.com/ThreeDotsLabs/watermill/message.(*Router).RunHandlers.func1()
	/Users/jace/go/pkg/mod/github.com/!three!dots!labs/watermill@v1.4.6/message/router.go:460 +0x145
created by github.com/ThreeDotsLabs/watermill/message.(*Router).RunHandlers in goroutine 1184
	/Users/jace/go/pkg/mod/github.com/!three!dots!labs/watermill@v1.4.6/message/router.go:453 +0x606

goroutine 1251 [select, 4 minutes]:
github.com/nats-io/nats.go/jetstream.(*pullSubscription).Next(0xc00054d440)
	/Users/jace/go/pkg/mod/github.com/nats-io/nats.go@v1.41.1/jetstream/pull.go:589 +0x285
github.com/Black-And-White-Club/frolf-bot-shared/eventbus.(*eventBus).Subscribe.func1()
	/Users/jace/Documents/GitHub/frolf-bot-shared/eventbus/eventbus.go:326 +0x169
created by github.com/Black-And-White-Club/frolf-bot-shared/eventbus.(*eventBus).Subscribe in goroutine 1184
	/Users/jace/Documents/GitHub/frolf-bot-shared/eventbus/eventbus.go:315 +0xbf1

goroutine 592 [select, 4 minutes]:
github.com/nats-io/nats.go/jetstream.(*pullSubscription).pullMessages(0xc00054c1b0, {0xc00081e070, 0x63})
	/Users/jace/go/pkg/mod/github.com/nats-io/nats.go@v1.41.1/jetstream/pull.go:955 +0x91
created by github.com/nats-io/nats.go/jetstream.(*pullConsumer).Messages in goroutine 625
	/Users/jace/go/pkg/mod/github.com/nats-io/nats.go@v1.41.1/jetstream/pull.go:534 +0x748

goroutine 1854 [select, 4 minutes]:
github.com/nats-io/nats.go/jetstream.(*pullSubscription).Next(0xc00054def0)
	/Users/jace/go/pkg/mod/github.com/nats-io/nats.go@v1.41.1/jetstream/pull.go:589 +0x285
github.com/Black-And-White-Club/frolf-bot-shared/eventbus.(*eventBus).Subscribe.func1()
	/Users/jace/Documents/GitHub/frolf-bot-shared/eventbus/eventbus.go:326 +0x169
created by github.com/Black-And-White-Club/frolf-bot-shared/eventbus.(*eventBus).Subscribe in goroutine 1834
	/Users/jace/Documents/GitHub/frolf-bot-shared/eventbus/eventbus.go:315 +0xbf1

goroutine 620 [sync.Cond.Wait, 4 minutes]:
sync.runtime_notifyListWait(0xc0006342d0, 0x0)
	/usr/local/Cellar/go/1.24.2/libexec/src/runtime/sema.go:597 +0x159
sync.(*Cond).Wait(0x0?)
	/usr/local/Cellar/go/1.24.2/libexec/src/sync/cond.go:71 +0x85
github.com/nats-io/nats%2ego.(*asyncCallbacksHandler).asyncCBDispatcher(0xc0003d2960)
	/Users/jace/go/pkg/mod/github.com/nats-io/nats.go@v1.41.1/nats.go:3059 +0xdd
created by github.com/nats-io/nats%2ego.Options.Connect in goroutine 11
	/Users/jace/go/pkg/mod/github.com/nats-io/nats.go@v1.41.1/nats.go:1635 +0x387

goroutine 644 [chan receive, 4 minutes]:
github.com/ThreeDotsLabs/watermill/message.(*messageTransformSubscriberDecorator).Subscribe.func1()
	/Users/jace/go/pkg/mod/github.com/!three!dots!labs/watermill@v1.4.6/message/decorator.go:52 +0x85
created by github.com/ThreeDotsLabs/watermill/message.(*messageTransformSubscriberDecorator).Subscribe in goroutine 625
	/Users/jace/go/pkg/mod/github.com/!three!dots!labs/watermill@v1.4.6/message/decorator.go:51 +0xc7

goroutine 352 [chan receive, 4 minutes]:
github.com/ThreeDotsLabs/watermill/message.(*handler).run(0xc0005ca820, {0x1083d4720, 0xc0001541e0}, {0xc0007120c0, 0x6, 0x4?})
	/Users/jace/go/pkg/mod/github.com/!three!dots!labs/watermill@v1.4.6/message/router.go:645 +0x2b4
github.com/ThreeDotsLabs/watermill/message.(*Router).RunHandlers.func1()
	/Users/jace/go/pkg/mod/github.com/!three!dots!labs/watermill@v1.4.6/message/router.go:460 +0x145
created by github.com/ThreeDotsLabs/watermill/message.(*Router).RunHandlers in goroutine 1184
	/Users/jace/go/pkg/mod/github.com/!three!dots!labs/watermill@v1.4.6/message/router.go:453 +0x606

goroutine 351 [chan receive, 4 minutes]:
github.com/ThreeDotsLabs/watermill/message.(*messageTransformSubscriberDecorator).Subscribe.func1()
	/Users/jace/go/pkg/mod/github.com/!three!dots!labs/watermill@v1.4.6/message/decorator.go:52 +0x85
created by github.com/ThreeDotsLabs/watermill/message.(*messageTransformSubscriberDecorator).Subscribe in goroutine 1184
	/Users/jace/go/pkg/mod/github.com/!three!dots!labs/watermill@v1.4.6/message/decorator.go:51 +0xc7

goroutine 642 [select, 4 minutes]:
github.com/nats-io/nats.go/jetstream.(*pullConsumer).Messages.func2()
	/Users/jace/go/pkg/mod/github.com/nats-io/nats.go@v1.41.1/jetstream/pull.go:538 +0x68
created by github.com/nats-io/nats.go/jetstream.(*pullConsumer).Messages in goroutine 625
	/Users/jace/go/pkg/mod/github.com/nats-io/nats.go@v1.41.1/jetstream/pull.go:536 +0x78a

goroutine 350 [select, 4 minutes]:
github.com/nats-io/nats.go/jetstream.(*pullSubscription).Next(0xc00054cd80)
	/Users/jace/go/pkg/mod/github.com/nats-io/nats.go@v1.41.1/jetstream/pull.go:589 +0x285
github.com/Black-And-White-Club/frolf-bot-shared/eventbus.(*eventBus).Subscribe.func1()
	/Users/jace/Documents/GitHub/frolf-bot-shared/eventbus/eventbus.go:326 +0x169
created by github.com/Black-And-White-Club/frolf-bot-shared/eventbus.(*eventBus).Subscribe in goroutine 1184
	/Users/jace/Documents/GitHub/frolf-bot-shared/eventbus/eventbus.go:315 +0xbf1

goroutine 349 [select, 4 minutes]:
github.com/nats-io/nats.go/jetstream.(*pullConsumer).Messages.func2()
	/Users/jace/go/pkg/mod/github.com/nats-io/nats.go@v1.41.1/jetstream/pull.go:538 +0x68
created by github.com/nats-io/nats.go/jetstream.(*pullConsumer).Messages in goroutine 1184
	/Users/jace/go/pkg/mod/github.com/nats-io/nats.go@v1.41.1/jetstream/pull.go:536 +0x78a

goroutine 1787 [select, 4 minutes]:
github.com/nats-io/nats.go/jetstream.(*pullConsumer).Messages.func2()
	/Users/jace/go/pkg/mod/github.com/nats-io/nats.go@v1.41.1/jetstream/pull.go:538 +0x68
created by github.com/nats-io/nats.go/jetstream.(*pullConsumer).Messages in goroutine 1834
	/Users/jace/go/pkg/mod/github.com/nats-io/nats.go@v1.41.1/jetstream/pull.go:536 +0x78a

goroutine 674 [select, 4 minutes]:
github.com/nats-io/nats.go/jetstream.(*pullSubscription).Next(0xc00054c1b0)
	/Users/jace/go/pkg/mod/github.com/nats-io/nats.go@v1.41.1/jetstream/pull.go:589 +0x285
github.com/Black-And-White-Club/frolf-bot-shared/eventbus.(*eventBus).Subscribe.func1()
	/Users/jace/Documents/GitHub/frolf-bot-shared/eventbus/eventbus.go:326 +0x169
created by github.com/Black-And-White-Club/frolf-bot-shared/eventbus.(*eventBus).Subscribe in goroutine 625
	/Users/jace/Documents/GitHub/frolf-bot-shared/eventbus/eventbus.go:315 +0xbf1

goroutine 4684 [select, 3 minutes]:
github.com/nats-io/nats.go/jetstream.(*pullSubscription).Next(0xc00054d3b0)
	/Users/jace/go/pkg/mod/github.com/nats-io/nats.go@v1.41.1/jetstream/pull.go:589 +0x285
github.com/Black-And-White-Club/frolf-bot-shared/eventbus.(*eventBus).Subscribe.func1()
	/Users/jace/Documents/GitHub/frolf-bot-shared/eventbus/eventbus.go:326 +0x169
created by github.com/Black-And-White-Club/frolf-bot-shared/eventbus.(*eventBus).Subscribe in goroutine 4702
	/Users/jace/Documents/GitHub/frolf-bot-shared/eventbus/eventbus.go:315 +0xbf1

goroutine 348 [select, 4 minutes]:
github.com/nats-io/nats.go/jetstream.(*pullSubscription).pullMessages(0xc00054cd80, {0xc0009c67e0, 0x63})
	/Users/jace/go/pkg/mod/github.com/nats-io/nats.go@v1.41.1/jetstream/pull.go:955 +0x91
created by github.com/nats-io/nats.go/jetstream.(*pullConsumer).Messages in goroutine 1184
	/Users/jace/go/pkg/mod/github.com/nats-io/nats.go@v1.41.1/jetstream/pull.go:534 +0x748

goroutine 8529 [chan receive, 2 minutes]:
github.com/ThreeDotsLabs/watermill/message.(*messageTransformSubscriberDecorator).Subscribe.func1()
	/Users/jace/go/pkg/mod/github.com/!three!dots!labs/watermill@v1.4.6/message/decorator.go:52 +0x85
created by github.com/ThreeDotsLabs/watermill/message.(*messageTransformSubscriberDecorator).Subscribe in goroutine 8524
	/Users/jace/go/pkg/mod/github.com/!three!dots!labs/watermill@v1.4.6/message/decorator.go:51 +0xc7

goroutine 346 [sync.Cond.Wait, 4 minutes]:
sync.runtime_notifyListWait(0xc000782490, 0x1c)
	/usr/local/Cellar/go/1.24.2/libexec/src/runtime/sema.go:597 +0x159
sync.(*Cond).Wait(0x1083d4720?)
	/usr/local/Cellar/go/1.24.2/libexec/src/sync/cond.go:71 +0x85
github.com/nats-io/nats%2ego.(*Conn).waitForMsgs(0xc00043aa08, 0xc0004602d0)
	/Users/jace/go/pkg/mod/github.com/nats-io/nats.go@v1.41.1/nats.go:3178 +0xc5
created by github.com/nats-io/nats%2ego.(*Conn).subscribeLocked in goroutine 739
	/Users/jace/go/pkg/mod/github.com/nats-io/nats.go@v1.41.1/nats.go:4468 +0x419

goroutine 675 [chan receive, 4 minutes]:
github.com/ThreeDotsLabs/watermill/message.(*messageTransformSubscriberDecorator).Subscribe.func1()
	/Users/jace/go/pkg/mod/github.com/!three!dots!labs/watermill@v1.4.6/message/decorator.go:52 +0x85
created by github.com/ThreeDotsLabs/watermill/message.(*messageTransformSubscriberDecorator).Subscribe in goroutine 625
	/Users/jace/go/pkg/mod/github.com/!three!dots!labs/watermill@v1.4.6/message/decorator.go:51 +0xc7

goroutine 1185 [sync.WaitGroup.Wait, 4 minutes]:
sync.runtime_SemacquireWaitGroup(0x108167a40?)
	/usr/local/Cellar/go/1.24.2/libexec/src/runtime/sema.go:110 +0x25
sync.(*WaitGroup).Wait(0x0?)
	/usr/local/Cellar/go/1.24.2/libexec/src/sync/waitgroup.go:118 +0x48
github.com/ThreeDotsLabs/watermill/message.(*Router).watchAllHandlersStopped.func1()
	/Users/jace/go/pkg/mod/github.com/!three!dots!labs/watermill@v1.4.6/message/router.go:498 +0x86
created by github.com/ThreeDotsLabs/watermill/message.(*Router).watchAllHandlersStopped in goroutine 1184
	/Users/jace/go/pkg/mod/github.com/!three!dots!labs/watermill@v1.4.6/message/router.go:484 +0xec

goroutine 2484 [select, 4 minutes]:
github.com/nats-io/nats.go/jetstream.(*pullConsumer).Messages.func2()
	/Users/jace/go/pkg/mod/github.com/nats-io/nats.go@v1.41.1/jetstream/pull.go:538 +0x68
created by github.com/nats-io/nats.go/jetstream.(*pullConsumer).Messages in goroutine 1932
	/Users/jace/go/pkg/mod/github.com/nats-io/nats.go@v1.41.1/jetstream/pull.go:536 +0x78a

goroutine 593 [select, 4 minutes]:
github.com/nats-io/nats.go/jetstream.(*pullConsumer).Messages.func2()
	/Users/jace/go/pkg/mod/github.com/nats-io/nats.go@v1.41.1/jetstream/pull.go:538 +0x68
created by github.com/nats-io/nats.go/jetstream.(*pullConsumer).Messages in goroutine 625
	/Users/jace/go/pkg/mod/github.com/nats-io/nats.go@v1.41.1/jetstream/pull.go:536 +0x78a

goroutine 609 [select, 4 minutes]:
github.com/nats-io/nats.go/jetstream.(*pullSubscription).pullMessages(0xc00039ee10, {0xc000032000, 0x55})
	/Users/jace/go/pkg/mod/github.com/nats-io/nats.go@v1.41.1/jetstream/pull.go:955 +0x91
created by github.com/nats-io/nats.go/jetstream.(*pullConsumer).Messages in goroutine 625
	/Users/jace/go/pkg/mod/github.com/nats-io/nats.go@v1.41.1/jetstream/pull.go:534 +0x748

goroutine 4639 [chan receive, 3 minutes]:
github.com/ThreeDotsLabs/watermill/message.(*messageTransformSubscriberDecorator).Subscribe.func1()
	/Users/jace/go/pkg/mod/github.com/!three!dots!labs/watermill@v1.4.6/message/decorator.go:52 +0x85
created by github.com/ThreeDotsLabs/watermill/message.(*messageTransformSubscriberDecorator).Subscribe in goroutine 4702
	/Users/jace/go/pkg/mod/github.com/!three!dots!labs/watermill@v1.4.6/message/decorator.go:51 +0xc7

goroutine 1212 [sync.Cond.Wait, 4 minutes]:
sync.runtime_notifyListWait(0xc000142490, 0x2)
	/usr/local/Cellar/go/1.24.2/libexec/src/runtime/sema.go:597 +0x159
sync.(*Cond).Wait(0x1076bc160?)
	/usr/local/Cellar/go/1.24.2/libexec/src/sync/cond.go:71 +0x85
github.com/nats-io/nats%2ego.(*Conn).waitForMsgs(0xc00043b108, 0xc0003760f0)
	/Users/jace/go/pkg/mod/github.com/nats-io/nats.go@v1.41.1/nats.go:3178 +0xc5
created by github.com/nats-io/nats%2ego.(*Conn).subscribeLocked in goroutine 739
	/Users/jace/go/pkg/mod/github.com/nats-io/nats.go@v1.41.1/nats.go:4468 +0x419

goroutine 1210 [chan receive, 4 minutes]:
github.com/ThreeDotsLabs/watermill/message.(*handler).run(0xc0005ca5b0, {0x1083d4720, 0xc000154370}, {0xc0002fc180, 0x6, 0x0?})
	/Users/jace/go/pkg/mod/github.com/!three!dots!labs/watermill@v1.4.6/message/router.go:645 +0x2b4
github.com/ThreeDotsLabs/watermill/message.(*Router).RunHandlers.func1()
	/Users/jace/go/pkg/mod/github.com/!three!dots!labs/watermill@v1.4.6/message/router.go:460 +0x145
created by github.com/ThreeDotsLabs/watermill/message.(*Router).RunHandlers in goroutine 1184
	/Users/jace/go/pkg/mod/github.com/!three!dots!labs/watermill@v1.4.6/message/router.go:453 +0x606

goroutine 1238 [chan receive, 4 minutes]:
github.com/ThreeDotsLabs/watermill/message.(*handler).run(0xc0005ca680, {0x1083d4720, 0xc0008005a0}, {0xc00018a600, 0x6, 0x0?})
	/Users/jace/go/pkg/mod/github.com/!three!dots!labs/watermill@v1.4.6/message/router.go:645 +0x2b4
github.com/ThreeDotsLabs/watermill/message.(*Router).RunHandlers.func1()
	/Users/jace/go/pkg/mod/github.com/!three!dots!labs/watermill@v1.4.6/message/router.go:460 +0x145
created by github.com/ThreeDotsLabs/watermill/message.(*Router).RunHandlers in goroutine 1184
	/Users/jace/go/pkg/mod/github.com/!three!dots!labs/watermill@v1.4.6/message/router.go:453 +0x606

goroutine 2483 [select, 4 minutes]:
github.com/nats-io/nats.go/jetstream.(*pullSubscription).pullMessages(0xc00039eea0, {0xc00043e240, 0x55})
	/Users/jace/go/pkg/mod/github.com/nats-io/nats.go@v1.41.1/jetstream/pull.go:955 +0x91
created by github.com/nats-io/nats.go/jetstream.(*pullConsumer).Messages in goroutine 1932
	/Users/jace/go/pkg/mod/github.com/nats-io/nats.go@v1.41.1/jetstream/pull.go:534 +0x748

goroutine 677 [select, 4 minutes]:
github.com/nats-io/nats.go/jetstream.(*pullSubscription).pullMessages(0xc00054c750, {0xc00043e180, 0x53})
	/Users/jace/go/pkg/mod/github.com/nats-io/nats.go@v1.41.1/jetstream/pull.go:955 +0x91
created by github.com/nats-io/nats.go/jetstream.(*pullConsumer).Messages in goroutine 625
	/Users/jace/go/pkg/mod/github.com/nats-io/nats.go@v1.41.1/jetstream/pull.go:534 +0x748

goroutine 668 [select]:
github.com/nats-io/nats%2ego.(*Conn).doReconnect(0xc000253508, {0x1083c48c8, 0x108d63970}, 0x0)
	/Users/jace/go/pkg/mod/github.com/nats-io/nats.go@v1.41.1/nats.go:2907 +0x41a
created by github.com/nats-io/nats%2ego.(*Conn).processOpErr in goroutine 618
	/Users/jace/go/pkg/mod/github.com/nats-io/nats.go@v1.41.1/nats.go:3043 +0x2f3

goroutine 623 [sync.Cond.Wait, 4 minutes]:
sync.runtime_notifyListWait(0xc000490090, 0x0)
	/usr/local/Cellar/go/1.24.2/libexec/src/runtime/sema.go:597 +0x159
sync.(*Cond).Wait(0x0?)
	/usr/local/Cellar/go/1.24.2/libexec/src/sync/cond.go:71 +0x85
github.com/nats-io/nats%2ego.(*asyncCallbacksHandler).asyncCBDispatcher(0xc000134440)
	/Users/jace/go/pkg/mod/github.com/nats-io/nats.go@v1.41.1/nats.go:3059 +0xdd
created by github.com/nats-io/nats%2ego.Options.Connect in goroutine 11
	/Users/jace/go/pkg/mod/github.com/nats-io/nats.go@v1.41.1/nats.go:1635 +0x387

goroutine 624 [sync.Cond.Wait, 4 minutes]:
sync.runtime_notifyListWait(0xc000490490, 0x1c)
	/usr/local/Cellar/go/1.24.2/libexec/src/runtime/sema.go:597 +0x159
sync.(*Cond).Wait(0xc00064edb0?)
	/usr/local/Cellar/go/1.24.2/libexec/src/sync/cond.go:71 +0x85
github.com/nats-io/nats%2ego.(*Conn).waitForMsgs(0xc000159508, 0xc0000fea50)
	/Users/jace/go/pkg/mod/github.com/nats-io/nats.go@v1.41.1/nats.go:3178 +0xc5
created by github.com/nats-io/nats%2ego.(*Conn).subscribeLocked in goroutine 11
	/Users/jace/go/pkg/mod/github.com/nats-io/nats.go@v1.41.1/nats.go:4468 +0x419

goroutine 3235 [chan receive, 3 minutes]:
github.com/ThreeDotsLabs/watermill/message.(*messageTransformSubscriberDecorator).Subscribe.func1()
	/Users/jace/go/pkg/mod/github.com/!three!dots!labs/watermill@v1.4.6/message/decorator.go:52 +0x85
created by github.com/ThreeDotsLabs/watermill/message.(*messageTransformSubscriberDecorator).Subscribe in goroutine 3192
	/Users/jace/go/pkg/mod/github.com/!three!dots!labs/watermill@v1.4.6/message/decorator.go:51 +0xc7

goroutine 626 [sync.WaitGroup.Wait, 4 minutes]:
sync.runtime_SemacquireWaitGroup(0x0?)
	/usr/local/Cellar/go/1.24.2/libexec/src/runtime/sema.go:110 +0x25
sync.(*WaitGroup).Wait(0xc0003d6570?)
	/usr/local/Cellar/go/1.24.2/libexec/src/sync/waitgroup.go:118 +0x48
github.com/ThreeDotsLabs/watermill/message.(*Router).watchAllHandlersStopped.func1()
	/Users/jace/go/pkg/mod/github.com/!three!dots!labs/watermill@v1.4.6/message/router.go:498 +0x86
created by github.com/ThreeDotsLabs/watermill/message.(*Router).watchAllHandlersStopped in goroutine 625
	/Users/jace/go/pkg/mod/github.com/!three!dots!labs/watermill@v1.4.6/message/router.go:484 +0xec

goroutine 627 [select, 4 minutes]:
github.com/nats-io/nats.go/jetstream.(*pullSubscription).pullMessages(0xc0006a6480, {0xc00051c2a0, 0x5b})
	/Users/jace/go/pkg/mod/github.com/nats-io/nats.go@v1.41.1/jetstream/pull.go:955 +0x91
created by github.com/nats-io/nats.go/jetstream.(*pullConsumer).Messages in goroutine 625
	/Users/jace/go/pkg/mod/github.com/nats-io/nats.go@v1.41.1/jetstream/pull.go:534 +0x748

goroutine 628 [select, 4 minutes]:
github.com/nats-io/nats.go/jetstream.(*pullConsumer).Messages.func2()
	/Users/jace/go/pkg/mod/github.com/nats-io/nats.go@v1.41.1/jetstream/pull.go:538 +0x68
created by github.com/nats-io/nats.go/jetstream.(*pullConsumer).Messages in goroutine 625
	/Users/jace/go/pkg/mod/github.com/nats-io/nats.go@v1.41.1/jetstream/pull.go:536 +0x78a

goroutine 629 [select, 4 minutes]:
github.com/nats-io/nats.go/jetstream.(*pullSubscription).Next(0xc0006a6480)
	/Users/jace/go/pkg/mod/github.com/nats-io/nats.go@v1.41.1/jetstream/pull.go:589 +0x285
github.com/Black-And-White-Club/frolf-bot-shared/eventbus.(*eventBus).Subscribe.func1()
	/Users/jace/Documents/GitHub/frolf-bot-shared/eventbus/eventbus.go:326 +0x169
created by github.com/Black-And-White-Club/frolf-bot-shared/eventbus.(*eventBus).Subscribe in goroutine 625
	/Users/jace/Documents/GitHub/frolf-bot-shared/eventbus/eventbus.go:315 +0xbf1

goroutine 630 [chan receive, 4 minutes]:
github.com/ThreeDotsLabs/watermill/message.(*messageTransformSubscriberDecorator).Subscribe.func1()
	/Users/jace/go/pkg/mod/github.com/!three!dots!labs/watermill@v1.4.6/message/decorator.go:52 +0x85
created by github.com/ThreeDotsLabs/watermill/message.(*messageTransformSubscriberDecorator).Subscribe in goroutine 625
	/Users/jace/go/pkg/mod/github.com/!three!dots!labs/watermill@v1.4.6/message/decorator.go:51 +0xc7

goroutine 631 [chan receive, 4 minutes]:
github.com/ThreeDotsLabs/watermill/message.(*handler).run(0xc0004a7ad0, {0x1083d4720, 0xc0001546e0}, {0xc000130180, 0x6, 0x21?})
	/Users/jace/go/pkg/mod/github.com/!three!dots!labs/watermill@v1.4.6/message/router.go:645 +0x2b4
github.com/ThreeDotsLabs/watermill/message.(*Router).RunHandlers.func1()
	/Users/jace/go/pkg/mod/github.com/!three!dots!labs/watermill@v1.4.6/message/router.go:460 +0x145
created by github.com/ThreeDotsLabs/watermill/message.(*Router).RunHandlers in goroutine 625
	/Users/jace/go/pkg/mod/github.com/!three!dots!labs/watermill@v1.4.6/message/router.go:453 +0x606

goroutine 1790 [chan receive, 4 minutes]:
github.com/ThreeDotsLabs/watermill/message.(*handler).run(0xc00093da00, {0x1083d4720, 0xc0002e73b0}, {0xc000612240, 0x6, 0x100000001?})
	/Users/jace/go/pkg/mod/github.com/!three!dots!labs/watermill@v1.4.6/message/router.go:645 +0x2b4
github.com/ThreeDotsLabs/watermill/message.(*Router).RunHandlers.func1()
	/Users/jace/go/pkg/mod/github.com/!three!dots!labs/watermill@v1.4.6/message/router.go:460 +0x145
created by github.com/ThreeDotsLabs/watermill/message.(*Router).RunHandlers in goroutine 1834
	/Users/jace/go/pkg/mod/github.com/!three!dots!labs/watermill@v1.4.6/message/router.go:453 +0x606

goroutine 575 [select, 4 minutes]:
github.com/nats-io/nats.go/jetstream.(*pullConsumer).Messages.func2()
	/Users/jace/go/pkg/mod/github.com/nats-io/nats.go@v1.41.1/jetstream/pull.go:538 +0x68
created by github.com/nats-io/nats.go/jetstream.(*pullConsumer).Messages in goroutine 625
	/Users/jace/go/pkg/mod/github.com/nats-io/nats.go@v1.41.1/jetstream/pull.go:536 +0x78a

goroutine 576 [select, 4 minutes]:
github.com/nats-io/nats.go/jetstream.(*pullSubscription).Next(0xc000426ea0)
	/Users/jace/go/pkg/mod/github.com/nats-io/nats.go@v1.41.1/jetstream/pull.go:589 +0x285
github.com/Black-And-White-Club/frolf-bot-shared/eventbus.(*eventBus).Subscribe.func1()
	/Users/jace/Documents/GitHub/frolf-bot-shared/eventbus/eventbus.go:326 +0x169
created by github.com/Black-And-White-Club/frolf-bot-shared/eventbus.(*eventBus).Subscribe in goroutine 625
	/Users/jace/Documents/GitHub/frolf-bot-shared/eventbus/eventbus.go:315 +0xbf1

goroutine 577 [chan receive, 4 minutes]:
github.com/ThreeDotsLabs/watermill/message.(*messageTransformSubscriberDecorator).Subscribe.func1()
	/Users/jace/go/pkg/mod/github.com/!three!dots!labs/watermill@v1.4.6/message/decorator.go:52 +0x85
created by github.com/ThreeDotsLabs/watermill/message.(*messageTransformSubscriberDecorator).Subscribe in goroutine 625
	/Users/jace/go/pkg/mod/github.com/!three!dots!labs/watermill@v1.4.6/message/decorator.go:51 +0xc7

goroutine 658 [chan receive, 4 minutes]:
github.com/ThreeDotsLabs/watermill/message.(*handler).run(0xc0004a76c0, {0x1083d4720, 0xc0002e6640}, {0xc000130240, 0x6, 0x0?})
	/Users/jace/go/pkg/mod/github.com/!three!dots!labs/watermill@v1.4.6/message/router.go:645 +0x2b4
github.com/ThreeDotsLabs/watermill/message.(*Router).RunHandlers.func1()
	/Users/jace/go/pkg/mod/github.com/!three!dots!labs/watermill@v1.4.6/message/router.go:460 +0x145
created by github.com/ThreeDotsLabs/watermill/message.(*Router).RunHandlers in goroutine 625
	/Users/jace/go/pkg/mod/github.com/!three!dots!labs/watermill@v1.4.6/message/router.go:453 +0x606

goroutine 1955 [select]:
github.com/nats-io/nats%2ego.(*Conn).doReconnect(0xc0003a8308, {0x1083c48c8, 0x108d63970}, 0x0)
	/Users/jace/go/pkg/mod/github.com/nats-io/nats.go@v1.41.1/nats.go:2907 +0x41a
created by github.com/nats-io/nats%2ego.(*Conn).processOpErr in goroutine 1830
	/Users/jace/go/pkg/mod/github.com/nats-io/nats.go@v1.41.1/nats.go:3043 +0x2f3

goroutine 659 [select, 4 minutes]:
github.com/nats-io/nats.go/jetstream.(*pullSubscription).pullMessages(0xc000427560, {0xc0002989a0, 0x61})
	/Users/jace/go/pkg/mod/github.com/nats-io/nats.go@v1.41.1/jetstream/pull.go:955 +0x91
created by github.com/nats-io/nats.go/jetstream.(*pullConsumer).Messages in goroutine 625
	/Users/jace/go/pkg/mod/github.com/nats-io/nats.go@v1.41.1/jetstream/pull.go:534 +0x748

goroutine 660 [select, 4 minutes]:
github.com/nats-io/nats.go/jetstream.(*pullConsumer).Messages.func2()
	/Users/jace/go/pkg/mod/github.com/nats-io/nats.go@v1.41.1/jetstream/pull.go:538 +0x68
created by github.com/nats-io/nats.go/jetstream.(*pullConsumer).Messages in goroutine 625
	/Users/jace/go/pkg/mod/github.com/nats-io/nats.go@v1.41.1/jetstream/pull.go:536 +0x78a

goroutine 661 [select, 4 minutes]:
github.com/nats-io/nats.go/jetstream.(*pullSubscription).Next(0xc000427560)
	/Users/jace/go/pkg/mod/github.com/nats-io/nats.go@v1.41.1/jetstream/pull.go:589 +0x285
github.com/Black-And-White-Club/frolf-bot-shared/eventbus.(*eventBus).Subscribe.func1()
	/Users/jace/Documents/GitHub/frolf-bot-shared/eventbus/eventbus.go:326 +0x169
created by github.com/Black-And-White-Club/frolf-bot-shared/eventbus.(*eventBus).Subscribe in goroutine 625
	/Users/jace/Documents/GitHub/frolf-bot-shared/eventbus/eventbus.go:315 +0xbf1

goroutine 662 [chan receive, 4 minutes]:
github.com/ThreeDotsLabs/watermill/message.(*messageTransformSubscriberDecorator).Subscribe.func1()
	/Users/jace/go/pkg/mod/github.com/!three!dots!labs/watermill@v1.4.6/message/decorator.go:52 +0x85
created by github.com/ThreeDotsLabs/watermill/message.(*messageTransformSubscriberDecorator).Subscribe in goroutine 625
	/Users/jace/go/pkg/mod/github.com/!three!dots!labs/watermill@v1.4.6/message/decorator.go:51 +0xc7

goroutine 663 [chan receive, 4 minutes]:
github.com/ThreeDotsLabs/watermill/message.(*handler).run(0xc0004a7860, {0x1083d4720, 0xc0001b25a0}, {0xc00018a540, 0x6, 0x10766a7ac?})
	/Users/jace/go/pkg/mod/github.com/!three!dots!labs/watermill@v1.4.6/message/router.go:645 +0x2b4
github.com/ThreeDotsLabs/watermill/message.(*Router).RunHandlers.func1()
	/Users/jace/go/pkg/mod/github.com/!three!dots!labs/watermill@v1.4.6/message/router.go:460 +0x145
created by github.com/ThreeDotsLabs/watermill/message.(*Router).RunHandlers in goroutine 625
	/Users/jace/go/pkg/mod/github.com/!three!dots!labs/watermill@v1.4.6/message/router.go:453 +0x606

goroutine 3899 [select, 3 minutes]:
github.com/nats-io/nats.go/jetstream.(*pullSubscription).Next(0xc00095f680)
	/Users/jace/go/pkg/mod/github.com/nats-io/nats.go@v1.41.1/jetstream/pull.go:589 +0x285
github.com/Black-And-White-Club/frolf-bot-shared/eventbus.(*eventBus).Subscribe.func1()
	/Users/jace/Documents/GitHub/frolf-bot-shared/eventbus/eventbus.go:326 +0x169
created by github.com/Black-And-White-Club/frolf-bot-shared/eventbus.(*eventBus).Subscribe in goroutine 3834
	/Users/jace/Documents/GitHub/frolf-bot-shared/eventbus/eventbus.go:315 +0xbf1

goroutine 653 [select, 4 minutes]:
github.com/nats-io/nats.go/jetstream.(*pullSubscription).pullMessages(0xc00039f5f0, {0xc0006b2bd0, 0x63})
	/Users/jace/go/pkg/mod/github.com/nats-io/nats.go@v1.41.1/jetstream/pull.go:955 +0x91
created by github.com/nats-io/nats.go/jetstream.(*pullConsumer).Messages in goroutine 625
	/Users/jace/go/pkg/mod/github.com/nats-io/nats.go@v1.41.1/jetstream/pull.go:534 +0x748

goroutine 654 [select, 4 minutes]:
github.com/nats-io/nats.go/jetstream.(*pullConsumer).Messages.func2()
	/Users/jace/go/pkg/mod/github.com/nats-io/nats.go@v1.41.1/jetstream/pull.go:538 +0x68
created by github.com/nats-io/nats.go/jetstream.(*pullConsumer).Messages in goroutine 625
	/Users/jace/go/pkg/mod/github.com/nats-io/nats.go@v1.41.1/jetstream/pull.go:536 +0x78a

goroutine 655 [select, 4 minutes]:
github.com/nats-io/nats.go/jetstream.(*pullSubscription).Next(0xc00039f5f0)
	/Users/jace/go/pkg/mod/github.com/nats-io/nats.go@v1.41.1/jetstream/pull.go:589 +0x285
github.com/Black-And-White-Club/frolf-bot-shared/eventbus.(*eventBus).Subscribe.func1()
	/Users/jace/Documents/GitHub/frolf-bot-shared/eventbus/eventbus.go:326 +0x169
created by github.com/Black-And-White-Club/frolf-bot-shared/eventbus.(*eventBus).Subscribe in goroutine 625
	/Users/jace/Documents/GitHub/frolf-bot-shared/eventbus/eventbus.go:315 +0xbf1

goroutine 656 [chan receive, 4 minutes]:
github.com/ThreeDotsLabs/watermill/message.(*messageTransformSubscriberDecorator).Subscribe.func1()
	/Users/jace/go/pkg/mod/github.com/!three!dots!labs/watermill@v1.4.6/message/decorator.go:52 +0x85
created by github.com/ThreeDotsLabs/watermill/message.(*messageTransformSubscriberDecorator).Subscribe in goroutine 625
	/Users/jace/go/pkg/mod/github.com/!three!dots!labs/watermill@v1.4.6/message/decorator.go:51 +0xc7

goroutine 657 [chan receive, 4 minutes]:
github.com/ThreeDotsLabs/watermill/message.(*handler).run(0xc0004a7930, {0x1083d4720, 0xc0008003c0}, {0xc00018a600, 0x6, 0x323032223a227441?})
	/Users/jace/go/pkg/mod/github.com/!three!dots!labs/watermill@v1.4.6/message/router.go:645 +0x2b4
github.com/ThreeDotsLabs/watermill/message.(*Router).RunHandlers.func1()
	/Users/jace/go/pkg/mod/github.com/!three!dots!labs/watermill@v1.4.6/message/router.go:460 +0x145
created by github.com/ThreeDotsLabs/watermill/message.(*Router).RunHandlers in goroutine 625
	/Users/jace/go/pkg/mod/github.com/!three!dots!labs/watermill@v1.4.6/message/router.go:453 +0x606

goroutine 1858 [sync.Cond.Wait, 4 minutes]:
sync.runtime_notifyListWait(0xc000143b50, 0x0)
	/usr/local/Cellar/go/1.24.2/libexec/src/runtime/sema.go:597 +0x159
sync.(*Cond).Wait(0x1000000000001?)
	/usr/local/Cellar/go/1.24.2/libexec/src/sync/cond.go:71 +0x85
github.com/nats-io/nats%2ego.(*asyncCallbacksHandler).asyncCBDispatcher(0xc0003d3320)
	/Users/jace/go/pkg/mod/github.com/nats-io/nats.go@v1.41.1/nats.go:3059 +0xdd
created by github.com/nats-io/nats%2ego.Options.Connect in goroutine 1325
	/Users/jace/go/pkg/mod/github.com/nats-io/nats.go@v1.41.1/nats.go:1635 +0x387

goroutine 679 [select, 4 minutes]:
github.com/nats-io/nats.go/jetstream.(*pullSubscription).Next(0xc00054c750)
	/Users/jace/go/pkg/mod/github.com/nats-io/nats.go@v1.41.1/jetstream/pull.go:589 +0x285
github.com/Black-And-White-Club/frolf-bot-shared/eventbus.(*eventBus).Subscribe.func1()
	/Users/jace/Documents/GitHub/frolf-bot-shared/eventbus/eventbus.go:326 +0x169
created by github.com/Black-And-White-Club/frolf-bot-shared/eventbus.(*eventBus).Subscribe in goroutine 625
	/Users/jace/Documents/GitHub/frolf-bot-shared/eventbus/eventbus.go:315 +0xbf1

goroutine 680 [chan receive, 4 minutes]:
github.com/ThreeDotsLabs/watermill/message.(*messageTransformSubscriberDecorator).Subscribe.func1()
	/Users/jace/go/pkg/mod/github.com/!three!dots!labs/watermill@v1.4.6/message/decorator.go:52 +0x85
created by github.com/ThreeDotsLabs/watermill/message.(*messageTransformSubscriberDecorator).Subscribe in goroutine 625
	/Users/jace/go/pkg/mod/github.com/!three!dots!labs/watermill@v1.4.6/message/decorator.go:51 +0xc7

goroutine 681 [chan receive, 4 minutes]:
github.com/ThreeDotsLabs/watermill/message.(*handler).run(0xc0004a7a00, {0x1083d4720, 0xc0002e67d0}, {0xc0004920c0, 0x6, 0x0?})
	/Users/jace/go/pkg/mod/github.com/!three!dots!labs/watermill@v1.4.6/message/router.go:645 +0x2b4
github.com/ThreeDotsLabs/watermill/message.(*Router).RunHandlers.func1()
	/Users/jace/go/pkg/mod/github.com/!three!dots!labs/watermill@v1.4.6/message/router.go:460 +0x145
created by github.com/ThreeDotsLabs/watermill/message.(*Router).RunHandlers in goroutine 625
	/Users/jace/go/pkg/mod/github.com/!three!dots!labs/watermill@v1.4.6/message/router.go:453 +0x606

goroutine 5992 [select, 3 minutes]:
github.com/nats-io/nats.go/jetstream.(*pullSubscription).Next(0xc000c26480)
	/Users/jace/go/pkg/mod/github.com/nats-io/nats.go@v1.41.1/jetstream/pull.go:589 +0x285
github.com/Black-And-White-Club/frolf-bot-shared/eventbus.(*eventBus).Subscribe.func1()
	/Users/jace/Documents/GitHub/frolf-bot-shared/eventbus/eventbus.go:326 +0x169
created by github.com/Black-And-White-Club/frolf-bot-shared/eventbus.(*eventBus).Subscribe in goroutine 5866
	/Users/jace/Documents/GitHub/frolf-bot-shared/eventbus/eventbus.go:315 +0xbf1

goroutine 3185 [sync.Cond.Wait, 4 minutes]:
sync.runtime_notifyListWait(0xc000783150, 0x0)
	/usr/local/Cellar/go/1.24.2/libexec/src/runtime/sema.go:597 +0x159
sync.(*Cond).Wait(0xc000aaa4d0?)
	/usr/local/Cellar/go/1.24.2/libexec/src/sync/cond.go:71 +0x85
github.com/nats-io/nats%2ego.(*asyncCallbacksHandler).asyncCBDispatcher(0xc000135a60)
	/Users/jace/go/pkg/mod/github.com/nats-io/nats.go@v1.41.1/nats.go:3059 +0xdd
created by github.com/nats-io/nats%2ego.Options.Connect in goroutine 2522
	/Users/jace/go/pkg/mod/github.com/nats-io/nats.go@v1.41.1/nats.go:1635 +0x387

goroutine 4685 [chan receive, 3 minutes]:
github.com/ThreeDotsLabs/watermill/message.(*messageTransformSubscriberDecorator).Subscribe.func1()
	/Users/jace/go/pkg/mod/github.com/!three!dots!labs/watermill@v1.4.6/message/decorator.go:52 +0x85
created by github.com/ThreeDotsLabs/watermill/message.(*messageTransformSubscriberDecorator).Subscribe in goroutine 4702
	/Users/jace/go/pkg/mod/github.com/!three!dots!labs/watermill@v1.4.6/message/decorator.go:51 +0xc7

goroutine 9376 [sync.WaitGroup.Wait, 2 minutes]:
sync.runtime_SemacquireWaitGroup(0x1083d4718?)
	/usr/local/Cellar/go/1.24.2/libexec/src/runtime/sema.go:110 +0x25
sync.(*WaitGroup).Wait(0xc0010aa7d0?)
	/usr/local/Cellar/go/1.24.2/libexec/src/sync/waitgroup.go:118 +0x48
github.com/ThreeDotsLabs/watermill/message.(*Router).waitForHandlers.func1()
	/Users/jace/go/pkg/mod/github.com/!three!dots!labs/watermill@v1.4.6/message/router.go:579 +0x4b
created by github.com/ThreeDotsLabs/watermill/message.(*Router).waitForHandlers in goroutine 8682
	/Users/jace/go/pkg/mod/github.com/!three!dots!labs/watermill@v1.4.6/message/router.go:577 +0x87

goroutine 3239 [select]:
github.com/nats-io/nats%2ego.(*Conn).doReconnect(0xc00015a308, {0x1083c48c8, 0x108d63970}, 0x0)
	/Users/jace/go/pkg/mod/github.com/nats-io/nats.go@v1.41.1/nats.go:2907 +0x41a
created by github.com/nats-io/nats%2ego.(*Conn).processOpErr in goroutine 3188
	/Users/jace/go/pkg/mod/github.com/nats-io/nats.go@v1.41.1/nats.go:3043 +0x2f3

goroutine 694 [sync.Cond.Wait, 4 minutes]:
sync.runtime_notifyListWait(0xc000634c10, 0x2)
	/usr/local/Cellar/go/1.24.2/libexec/src/runtime/sema.go:597 +0x159
sync.(*Cond).Wait(0x1076bc160?)
	/usr/local/Cellar/go/1.24.2/libexec/src/sync/cond.go:71 +0x85
github.com/nats-io/nats%2ego.(*Conn).waitForMsgs(0xc000253508, 0xc0003e64b0)
	/Users/jace/go/pkg/mod/github.com/nats-io/nats.go@v1.41.1/nats.go:3178 +0xc5
created by github.com/nats-io/nats%2ego.(*Conn).subscribeLocked in goroutine 11
	/Users/jace/go/pkg/mod/github.com/nats-io/nats.go@v1.41.1/nats.go:4468 +0x419

goroutine 641 [sync.WaitGroup.Wait, 4 minutes]:
sync.runtime_SemacquireWaitGroup(0xc000657718?)
	/usr/local/Cellar/go/1.24.2/libexec/src/runtime/sema.go:110 +0x25
sync.(*WaitGroup).Wait(0xc0006577d0?)
	/usr/local/Cellar/go/1.24.2/libexec/src/sync/waitgroup.go:118 +0x48
github.com/ThreeDotsLabs/watermill/message.(*Router).waitForHandlers.func1()
	/Users/jace/go/pkg/mod/github.com/!three!dots!labs/watermill@v1.4.6/message/router.go:579 +0x4b
created by github.com/ThreeDotsLabs/watermill/message.(*Router).waitForHandlers in goroutine 11
	/Users/jace/go/pkg/mod/github.com/!three!dots!labs/watermill@v1.4.6/message/router.go:577 +0x87

goroutine 4559 [chan receive, 3 minutes]:
github.com/ThreeDotsLabs/watermill/message.(*messageTransformSubscriberDecorator).Subscribe.func1()
	/Users/jace/go/pkg/mod/github.com/!three!dots!labs/watermill@v1.4.6/message/decorator.go:52 +0x85
created by github.com/ThreeDotsLabs/watermill/message.(*messageTransformSubscriberDecorator).Subscribe in goroutine 4702
	/Users/jace/go/pkg/mod/github.com/!three!dots!labs/watermill@v1.4.6/message/decorator.go:51 +0xc7

goroutine 7969 [select]:
github.com/nats-io/nats%2ego.(*Conn).doReconnect(0xc0003ec708, {0x1083c48c8, 0x108d63970}, 0x0)
	/Users/jace/go/pkg/mod/github.com/nats-io/nats.go@v1.41.1/nats.go:2907 +0x41a
created by github.com/nats-io/nats%2ego.(*Conn).processOpErr in goroutine 8520
	/Users/jace/go/pkg/mod/github.com/nats-io/nats.go@v1.41.1/nats.go:3043 +0x2f3

goroutine 1208 [select, 4 minutes]:
github.com/nats-io/nats.go/jetstream.(*pullSubscription).Next(0xc0007da240)
	/Users/jace/go/pkg/mod/github.com/nats-io/nats.go@v1.41.1/jetstream/pull.go:589 +0x285
github.com/Black-And-White-Club/frolf-bot-shared/eventbus.(*eventBus).Subscribe.func1()
	/Users/jace/Documents/GitHub/frolf-bot-shared/eventbus/eventbus.go:326 +0x169
created by github.com/Black-And-White-Club/frolf-bot-shared/eventbus.(*eventBus).Subscribe in goroutine 1184
	/Users/jace/Documents/GitHub/frolf-bot-shared/eventbus/eventbus.go:315 +0xbf1

goroutine 345 [sync.Cond.Wait, 4 minutes]:
sync.runtime_notifyListWait(0xc00078a790, 0x0)
	/usr/local/Cellar/go/1.24.2/libexec/src/runtime/sema.go:597 +0x159
sync.(*Cond).Wait(0x1000000000001?)
	/usr/local/Cellar/go/1.24.2/libexec/src/sync/cond.go:71 +0x85
github.com/nats-io/nats%2ego.(*asyncCallbacksHandler).asyncCBDispatcher(0xc0008087e0)
	/Users/jace/go/pkg/mod/github.com/nats-io/nats.go@v1.41.1/nats.go:3059 +0xdd
created by github.com/nats-io/nats%2ego.Options.Connect in goroutine 739
	/Users/jace/go/pkg/mod/github.com/nats-io/nats.go@v1.41.1/nats.go:1635 +0x387

goroutine 3934 [select, 3 minutes]:
github.com/nats-io/nats.go/jetstream.(*pullConsumer).Messages.func2()
	/Users/jace/go/pkg/mod/github.com/nats-io/nats.go@v1.41.1/jetstream/pull.go:538 +0x68
created by github.com/nats-io/nats.go/jetstream.(*pullConsumer).Messages in goroutine 5866
	/Users/jace/go/pkg/mod/github.com/nats-io/nats.go@v1.41.1/jetstream/pull.go:536 +0x78a

goroutine 707 [sync.WaitGroup.Wait, 4 minutes]:
sync.runtime_SemacquireWaitGroup(0xc0004c3fd0?)
	/usr/local/Cellar/go/1.24.2/libexec/src/runtime/sema.go:110 +0x25
sync.(*WaitGroup).Wait(0x10726d452?)
	/usr/local/Cellar/go/1.24.2/libexec/src/sync/waitgroup.go:118 +0x48
github.com/ThreeDotsLabs/watermill/pubsub/sync.WaitGroupTimeout.func1()
	/Users/jace/go/pkg/mod/github.com/!three!dots!labs/watermill@v1.4.6/pubsub/sync/waitgroup.go:13 +0x25
created by github.com/ThreeDotsLabs/watermill/pubsub/sync.WaitGroupTimeout in goroutine 11
	/Users/jace/go/pkg/mod/github.com/!three!dots!labs/watermill@v1.4.6/pubsub/sync/waitgroup.go:12 +0x85

goroutine 4550 [select, 3 minutes]:
github.com/nats-io/nats.go/jetstream.(*pullSubscription).pullMessages(0xc0008c41b0, {0xc000492140, 0x4e})
	/Users/jace/go/pkg/mod/github.com/nats-io/nats.go@v1.41.1/jetstream/pull.go:955 +0x91
created by github.com/nats-io/nats.go/jetstream.(*pullConsumer).Messages in goroutine 4702
	/Users/jace/go/pkg/mod/github.com/nats-io/nats.go@v1.41.1/jetstream/pull.go:534 +0x748

goroutine 1236 [select, 4 minutes]:
github.com/nats-io/nats.go/jetstream.(*pullSubscription).Next(0xc0006a6cf0)
	/Users/jace/go/pkg/mod/github.com/nats-io/nats.go@v1.41.1/jetstream/pull.go:589 +0x285
github.com/Black-And-White-Club/frolf-bot-shared/eventbus.(*eventBus).Subscribe.func1()
	/Users/jace/Documents/GitHub/frolf-bot-shared/eventbus/eventbus.go:326 +0x169
created by github.com/Black-And-White-Club/frolf-bot-shared/eventbus.(*eventBus).Subscribe in goroutine 1184
	/Users/jace/Documents/GitHub/frolf-bot-shared/eventbus/eventbus.go:315 +0xbf1

goroutine 1837 [select, 4 minutes]:
github.com/nats-io/nats.go/jetstream.(*pullConsumer).Messages.func2()
	/Users/jace/go/pkg/mod/github.com/nats-io/nats.go@v1.41.1/jetstream/pull.go:538 +0x68
created by github.com/nats-io/nats.go/jetstream.(*pullConsumer).Messages in goroutine 1834
	/Users/jace/go/pkg/mod/github.com/nats-io/nats.go@v1.41.1/jetstream/pull.go:536 +0x78a

goroutine 1194 [select, 4 minutes]:
github.com/nats-io/nats.go/jetstream.(*pullConsumer).Messages.func2()
	/Users/jace/go/pkg/mod/github.com/nats-io/nats.go@v1.41.1/jetstream/pull.go:538 +0x68
created by github.com/nats-io/nats.go/jetstream.(*pullConsumer).Messages in goroutine 1184
	/Users/jace/go/pkg/mod/github.com/nats-io/nats.go@v1.41.1/jetstream/pull.go:536 +0x78a

goroutine 3182 [sync.Cond.Wait, 4 minutes]:
sync.runtime_notifyListWait(0xc000782f90, 0x0)
	/usr/local/Cellar/go/1.24.2/libexec/src/runtime/sema.go:597 +0x159
sync.(*Cond).Wait(0xc0002b11f0?)
	/usr/local/Cellar/go/1.24.2/libexec/src/sync/cond.go:71 +0x85
github.com/nats-io/nats%2ego.(*asyncCallbacksHandler).asyncCBDispatcher(0xc0001359e0)
	/Users/jace/go/pkg/mod/github.com/nats-io/nats.go@v1.41.1/nats.go:3059 +0xdd
created by github.com/nats-io/nats%2ego.Options.Connect in goroutine 2522
	/Users/jace/go/pkg/mod/github.com/nats-io/nats.go@v1.41.1/nats.go:1635 +0x387

goroutine 3933 [select, 3 minutes]:
github.com/nats-io/nats.go/jetstream.(*pullSubscription).pullMessages(0xc0006a5440, {0xc0009ae180, 0x5b})
	/Users/jace/go/pkg/mod/github.com/nats-io/nats.go@v1.41.1/jetstream/pull.go:955 +0x91
created by github.com/nats-io/nats.go/jetstream.(*pullConsumer).Messages in goroutine 5866
	/Users/jace/go/pkg/mod/github.com/nats-io/nats.go@v1.41.1/jetstream/pull.go:534 +0x748

goroutine 1229 [sync.Cond.Wait, 4 minutes]:
sync.runtime_notifyListWait(0xc00078a650, 0x0)
	/usr/local/Cellar/go/1.24.2/libexec/src/runtime/sema.go:597 +0x159
sync.(*Cond).Wait(0xc00028aee0?)
	/usr/local/Cellar/go/1.24.2/libexec/src/sync/cond.go:71 +0x85
github.com/nats-io/nats%2ego.(*asyncCallbacksHandler).asyncCBDispatcher(0xc000808720)
	/Users/jace/go/pkg/mod/github.com/nats-io/nats.go@v1.41.1/nats.go:3059 +0xdd
created by github.com/nats-io/nats%2ego.Options.Connect in goroutine 739
	/Users/jace/go/pkg/mod/github.com/nats-io/nats.go@v1.41.1/nats.go:1635 +0x387

goroutine 9067 [chan receive, 2 minutes]:
github.com/ThreeDotsLabs/watermill/message.(*messageTransformSubscriberDecorator).Subscribe.func1()
	/Users/jace/go/pkg/mod/github.com/!three!dots!labs/watermill@v1.4.6/message/decorator.go:52 +0x85
created by github.com/ThreeDotsLabs/watermill/message.(*messageTransformSubscriberDecorator).Subscribe in goroutine 9271
	/Users/jace/go/pkg/mod/github.com/!three!dots!labs/watermill@v1.4.6/message/decorator.go:51 +0xc7

goroutine 1226 [sync.Cond.Wait, 4 minutes]:
sync.runtime_notifyListWait(0xc00078a510, 0x0)
	/usr/local/Cellar/go/1.24.2/libexec/src/runtime/sema.go:597 +0x159
sync.(*Cond).Wait(0xc0003de690?)
	/usr/local/Cellar/go/1.24.2/libexec/src/sync/cond.go:71 +0x85
github.com/nats-io/nats%2ego.(*asyncCallbacksHandler).asyncCBDispatcher(0xc0008086a0)
	/Users/jace/go/pkg/mod/github.com/nats-io/nats.go@v1.41.1/nats.go:3059 +0xdd
created by github.com/nats-io/nats%2ego.Options.Connect in goroutine 739
	/Users/jace/go/pkg/mod/github.com/nats-io/nats.go@v1.41.1/nats.go:1635 +0x387

goroutine 1237 [chan receive, 4 minutes]:
github.com/ThreeDotsLabs/watermill/message.(*messageTransformSubscriberDecorator).Subscribe.func1()
	/Users/jace/go/pkg/mod/github.com/!three!dots!labs/watermill@v1.4.6/message/decorator.go:52 +0x85
created by github.com/ThreeDotsLabs/watermill/message.(*messageTransformSubscriberDecorator).Subscribe in goroutine 1184
	/Users/jace/go/pkg/mod/github.com/!three!dots!labs/watermill@v1.4.6/message/decorator.go:51 +0xc7

goroutine 4651 [select]:
github.com/nats-io/nats%2ego.(*Conn).doReconnect(0xc0006be008, {0x1083c48c8, 0x108d63970}, 0x0)
	/Users/jace/go/pkg/mod/github.com/nats-io/nats.go@v1.41.1/nats.go:2907 +0x41a
created by github.com/nats-io/nats%2ego.(*Conn).processOpErr in goroutine 4696
	/Users/jace/go/pkg/mod/github.com/nats-io/nats.go@v1.41.1/nats.go:3043 +0x2f3

goroutine 3897 [select, 3 minutes]:
github.com/nats-io/nats.go/jetstream.(*pullSubscription).pullMessages(0xc00095f680, {0xc00051c6c0, 0x55})
	/Users/jace/go/pkg/mod/github.com/nats-io/nats.go@v1.41.1/jetstream/pull.go:955 +0x91
created by github.com/nats-io/nats.go/jetstream.(*pullConsumer).Messages in goroutine 3834
	/Users/jace/go/pkg/mod/github.com/nats-io/nats.go@v1.41.1/jetstream/pull.go:534 +0x748

goroutine 1789 [chan receive, 4 minutes]:
github.com/ThreeDotsLabs/watermill/message.(*messageTransformSubscriberDecorator).Subscribe.func1()
	/Users/jace/go/pkg/mod/github.com/!three!dots!labs/watermill@v1.4.6/message/decorator.go:52 +0x85
created by github.com/ThreeDotsLabs/watermill/message.(*messageTransformSubscriberDecorator).Subscribe in goroutine 1834
	/Users/jace/go/pkg/mod/github.com/!three!dots!labs/watermill@v1.4.6/message/decorator.go:51 +0xc7

goroutine 3957 [sync.WaitGroup.Wait, 3 minutes]:
sync.runtime_SemacquireWaitGroup(0x0?)
	/usr/local/Cellar/go/1.24.2/libexec/src/runtime/sema.go:110 +0x25
sync.(*WaitGroup).Wait(0x10726d452?)
	/usr/local/Cellar/go/1.24.2/libexec/src/sync/waitgroup.go:118 +0x48
github.com/ThreeDotsLabs/watermill/pubsub/sync.WaitGroupTimeout.func1()
	/Users/jace/go/pkg/mod/github.com/!three!dots!labs/watermill@v1.4.6/pubsub/sync/waitgroup.go:13 +0x25
created by github.com/ThreeDotsLabs/watermill/pubsub/sync.WaitGroupTimeout in goroutine 3313
	/Users/jace/go/pkg/mod/github.com/!three!dots!labs/watermill@v1.4.6/pubsub/sync/waitgroup.go:12 +0x85

goroutine 3898 [select, 3 minutes]:
github.com/nats-io/nats.go/jetstream.(*pullConsumer).Messages.func2()
	/Users/jace/go/pkg/mod/github.com/nats-io/nats.go@v1.41.1/jetstream/pull.go:538 +0x68
created by github.com/nats-io/nats.go/jetstream.(*pullConsumer).Messages in goroutine 3834
	/Users/jace/go/pkg/mod/github.com/nats-io/nats.go@v1.41.1/jetstream/pull.go:536 +0x78a

goroutine 7782 [select, 2 minutes]:
github.com/nats-io/nats.go/jetstream.(*pullConsumer).Messages.func2()
	/Users/jace/go/pkg/mod/github.com/nats-io/nats.go@v1.41.1/jetstream/pull.go:538 +0x68
created by github.com/nats-io/nats.go/jetstream.(*pullConsumer).Messages in goroutine 7709
	/Users/jace/go/pkg/mod/github.com/nats-io/nats.go@v1.41.1/jetstream/pull.go:536 +0x78a

goroutine 3932 [chan receive, 3 minutes]:
github.com/ThreeDotsLabs/watermill/message.(*handler).run(0xc000ca88f0, {0x1083d4720, 0xc000a207d0}, {0xc000014540, 0x6, 0x0?})
	/Users/jace/go/pkg/mod/github.com/!three!dots!labs/watermill@v1.4.6/message/router.go:645 +0x2b4
github.com/ThreeDotsLabs/watermill/message.(*Router).RunHandlers.func1()
	/Users/jace/go/pkg/mod/github.com/!three!dots!labs/watermill@v1.4.6/message/router.go:460 +0x145
created by github.com/ThreeDotsLabs/watermill/message.(*Router).RunHandlers in goroutine 5866
	/Users/jace/go/pkg/mod/github.com/!three!dots!labs/watermill@v1.4.6/message/router.go:453 +0x606

goroutine 1193 [select, 4 minutes]:
github.com/nats-io/nats.go/jetstream.(*pullSubscription).pullMessages(0xc0001505a0, {0xc00011c2a0, 0x61})
	/Users/jace/go/pkg/mod/github.com/nats-io/nats.go@v1.41.1/jetstream/pull.go:955 +0x91
created by github.com/nats-io/nats.go/jetstream.(*pullConsumer).Messages in goroutine 1184
	/Users/jace/go/pkg/mod/github.com/nats-io/nats.go@v1.41.1/jetstream/pull.go:534 +0x748

goroutine 3935 [select, 3 minutes]:
github.com/nats-io/nats.go/jetstream.(*pullSubscription).Next(0xc0006a5440)
	/Users/jace/go/pkg/mod/github.com/nats-io/nats.go@v1.41.1/jetstream/pull.go:589 +0x285
github.com/Black-And-White-Club/frolf-bot-shared/eventbus.(*eventBus).Subscribe.func1()
	/Users/jace/Documents/GitHub/frolf-bot-shared/eventbus/eventbus.go:326 +0x169
created by github.com/Black-And-White-Club/frolf-bot-shared/eventbus.(*eventBus).Subscribe in goroutine 5866
	/Users/jace/Documents/GitHub/frolf-bot-shared/eventbus/eventbus.go:315 +0xbf1

goroutine 1195 [select, 4 minutes]:
github.com/nats-io/nats.go/jetstream.(*pullSubscription).Next(0xc0001505a0)
	/Users/jace/go/pkg/mod/github.com/nats-io/nats.go@v1.41.1/jetstream/pull.go:589 +0x285
github.com/Black-And-White-Club/frolf-bot-shared/eventbus.(*eventBus).Subscribe.func1()
	/Users/jace/Documents/GitHub/frolf-bot-shared/eventbus/eventbus.go:326 +0x169
created by github.com/Black-And-White-Club/frolf-bot-shared/eventbus.(*eventBus).Subscribe in goroutine 1184
	/Users/jace/Documents/GitHub/frolf-bot-shared/eventbus/eventbus.go:315 +0xbf1

goroutine 1235 [select, 4 minutes]:
github.com/nats-io/nats.go/jetstream.(*pullConsumer).Messages.func2()
	/Users/jace/go/pkg/mod/github.com/nats-io/nats.go@v1.41.1/jetstream/pull.go:538 +0x68
created by github.com/nats-io/nats.go/jetstream.(*pullConsumer).Messages in goroutine 1184
	/Users/jace/go/pkg/mod/github.com/nats-io/nats.go@v1.41.1/jetstream/pull.go:536 +0x78a

goroutine 1314 [select]:
github.com/nats-io/nats%2ego.(*Conn).doReconnect(0xc00043aa08, {0x1083c48c8, 0x108d63970}, 0x0)
	/Users/jace/go/pkg/mod/github.com/nats-io/nats.go@v1.41.1/nats.go:2907 +0x41a
created by github.com/nats-io/nats%2ego.(*Conn).processOpErr in goroutine 1224
	/Users/jace/go/pkg/mod/github.com/nats-io/nats.go@v1.41.1/nats.go:3043 +0x2f3

goroutine 1234 [select, 4 minutes]:
github.com/nats-io/nats.go/jetstream.(*pullSubscription).pullMessages(0xc0006a6cf0, {0xc0005fae70, 0x63})
	/Users/jace/go/pkg/mod/github.com/nats-io/nats.go@v1.41.1/jetstream/pull.go:955 +0x91
created by github.com/nats-io/nats.go/jetstream.(*pullConsumer).Messages in goroutine 1184
	/Users/jace/go/pkg/mod/github.com/nats-io/nats.go@v1.41.1/jetstream/pull.go:534 +0x748

goroutine 1278 [select]:
github.com/nats-io/nats%2ego.(*Conn).doReconnect(0xc00043b108, {0x1083c48c8, 0x108d63970}, 0x0)
	/Users/jace/go/pkg/mod/github.com/nats-io/nats.go@v1.41.1/nats.go:2907 +0x41a
created by github.com/nats-io/nats%2ego.(*Conn).processOpErr in goroutine 1227
	/Users/jace/go/pkg/mod/github.com/nats-io/nats.go@v1.41.1/nats.go:3043 +0x2f3

goroutine 4640 [chan receive, 3 minutes]:
github.com/ThreeDotsLabs/watermill/message.(*handler).run(0xc0005cb860, {0x1083d4720, 0xc000d0c320}, {0xc000473b00, 0x6, 0x223a2265646f4d73?})
	/Users/jace/go/pkg/mod/github.com/!three!dots!labs/watermill@v1.4.6/message/router.go:645 +0x2b4
github.com/ThreeDotsLabs/watermill/message.(*Router).RunHandlers.func1()
	/Users/jace/go/pkg/mod/github.com/!three!dots!labs/watermill@v1.4.6/message/router.go:460 +0x145
created by github.com/ThreeDotsLabs/watermill/message.(*Router).RunHandlers in goroutine 4702
	/Users/jace/go/pkg/mod/github.com/!three!dots!labs/watermill@v1.4.6/message/router.go:453 +0x606

goroutine 1294 [select]:
github.com/nats-io/nats%2ego.(*Conn).doReconnect(0xc00043b808, {0x1083c48c8, 0x108d63970}, 0x0)
	/Users/jace/go/pkg/mod/github.com/nats-io/nats.go@v1.41.1/nats.go:2907 +0x41a
created by github.com/nats-io/nats%2ego.(*Conn).processOpErr in goroutine 343
	/Users/jace/go/pkg/mod/github.com/nats-io/nats.go@v1.41.1/nats.go:3043 +0x2f3

goroutine 1196 [chan receive, 4 minutes]:
github.com/ThreeDotsLabs/watermill/message.(*messageTransformSubscriberDecorator).Subscribe.func1()
	/Users/jace/go/pkg/mod/github.com/!three!dots!labs/watermill@v1.4.6/message/decorator.go:52 +0x85
created by github.com/ThreeDotsLabs/watermill/message.(*messageTransformSubscriberDecorator).Subscribe in goroutine 1184
	/Users/jace/go/pkg/mod/github.com/!three!dots!labs/watermill@v1.4.6/message/decorator.go:51 +0xc7

goroutine 1197 [chan receive, 4 minutes]:
github.com/ThreeDotsLabs/watermill/message.(*handler).run(0xc0005ca750, {0x1083d4720, 0xc0008007d0}, {0xc0002fc000, 0x6, 0x0?})
	/Users/jace/go/pkg/mod/github.com/!three!dots!labs/watermill@v1.4.6/message/router.go:645 +0x2b4
github.com/ThreeDotsLabs/watermill/message.(*Router).RunHandlers.func1()
	/Users/jace/go/pkg/mod/github.com/!three!dots!labs/watermill@v1.4.6/message/router.go:460 +0x145
created by github.com/ThreeDotsLabs/watermill/message.(*Router).RunHandlers in goroutine 1184
	/Users/jace/go/pkg/mod/github.com/!three!dots!labs/watermill@v1.4.6/message/router.go:453 +0x606

goroutine 4683 [select, 3 minutes]:
github.com/nats-io/nats.go/jetstream.(*pullConsumer).Messages.func2()
	/Users/jace/go/pkg/mod/github.com/nats-io/nats.go@v1.41.1/jetstream/pull.go:538 +0x68
created by github.com/nats-io/nats.go/jetstream.(*pullConsumer).Messages in goroutine 4702
	/Users/jace/go/pkg/mod/github.com/nats-io/nats.go@v1.41.1/jetstream/pull.go:536 +0x78a

goroutine 1256 [select, 4 minutes]:
github.com/nats-io/nats.go/jetstream.(*pullSubscription).Next(0xc00054d950)
	/Users/jace/go/pkg/mod/github.com/nats-io/nats.go@v1.41.1/jetstream/pull.go:589 +0x285
github.com/Black-And-White-Club/frolf-bot-shared/eventbus.(*eventBus).Subscribe.func1()
	/Users/jace/Documents/GitHub/frolf-bot-shared/eventbus/eventbus.go:326 +0x169
created by github.com/Black-And-White-Club/frolf-bot-shared/eventbus.(*eventBus).Subscribe in goroutine 1184
	/Users/jace/Documents/GitHub/frolf-bot-shared/eventbus/eventbus.go:315 +0xbf1

goroutine 1257 [chan receive, 4 minutes]:
github.com/ThreeDotsLabs/watermill/message.(*messageTransformSubscriberDecorator).Subscribe.func1()
	/Users/jace/go/pkg/mod/github.com/!three!dots!labs/watermill@v1.4.6/message/decorator.go:52 +0x85
created by github.com/ThreeDotsLabs/watermill/message.(*messageTransformSubscriberDecorator).Subscribe in goroutine 1184
	/Users/jace/go/pkg/mod/github.com/!three!dots!labs/watermill@v1.4.6/message/decorator.go:51 +0xc7

goroutine 1258 [chan receive, 4 minutes]:
github.com/ThreeDotsLabs/watermill/message.(*handler).run(0xc0005ca9c0, {0x1083d4720, 0xc0002e6870}, {0xc0009963c0, 0x6, 0x0?})
	/Users/jace/go/pkg/mod/github.com/!three!dots!labs/watermill@v1.4.6/message/router.go:645 +0x2b4
github.com/ThreeDotsLabs/watermill/message.(*Router).RunHandlers.func1()
	/Users/jace/go/pkg/mod/github.com/!three!dots!labs/watermill@v1.4.6/message/router.go:460 +0x145
created by github.com/ThreeDotsLabs/watermill/message.(*Router).RunHandlers in goroutine 1184
	/Users/jace/go/pkg/mod/github.com/!three!dots!labs/watermill@v1.4.6/message/router.go:453 +0x606

goroutine 4682 [select, 3 minutes]:
github.com/nats-io/nats.go/jetstream.(*pullSubscription).pullMessages(0xc00054d3b0, {0xc000ab4d20, 0x55})
	/Users/jace/go/pkg/mod/github.com/nats-io/nats.go@v1.41.1/jetstream/pull.go:955 +0x91
created by github.com/nats-io/nats.go/jetstream.(*pullConsumer).Messages in goroutine 4702
	/Users/jace/go/pkg/mod/github.com/nats-io/nats.go@v1.41.1/jetstream/pull.go:534 +0x748

goroutine 1259 [select, 4 minutes]:
github.com/nats-io/nats.go/jetstream.(*pullSubscription).pullMessages(0xc0001a63f0, {0xc00004c780, 0x55})
	/Users/jace/go/pkg/mod/github.com/nats-io/nats.go@v1.41.1/jetstream/pull.go:955 +0x91
created by github.com/nats-io/nats.go/jetstream.(*pullConsumer).Messages in goroutine 1184
	/Users/jace/go/pkg/mod/github.com/nats-io/nats.go@v1.41.1/jetstream/pull.go:534 +0x748

goroutine 1260 [select, 4 minutes]:
github.com/nats-io/nats.go/jetstream.(*pullConsumer).Messages.func2()
	/Users/jace/go/pkg/mod/github.com/nats-io/nats.go@v1.41.1/jetstream/pull.go:538 +0x68
created by github.com/nats-io/nats.go/jetstream.(*pullConsumer).Messages in goroutine 1184
	/Users/jace/go/pkg/mod/github.com/nats-io/nats.go@v1.41.1/jetstream/pull.go:536 +0x78a

goroutine 1261 [select, 4 minutes]:
github.com/nats-io/nats.go/jetstream.(*pullSubscription).Next(0xc0001a63f0)
	/Users/jace/go/pkg/mod/github.com/nats-io/nats.go@v1.41.1/jetstream/pull.go:589 +0x285
github.com/Black-And-White-Club/frolf-bot-shared/eventbus.(*eventBus).Subscribe.func1()
	/Users/jace/Documents/GitHub/frolf-bot-shared/eventbus/eventbus.go:326 +0x169
created by github.com/Black-And-White-Club/frolf-bot-shared/eventbus.(*eventBus).Subscribe in goroutine 1184
	/Users/jace/Documents/GitHub/frolf-bot-shared/eventbus/eventbus.go:315 +0xbf1

goroutine 1262 [chan receive, 4 minutes]:
github.com/ThreeDotsLabs/watermill/message.(*messageTransformSubscriberDecorator).Subscribe.func1()
	/Users/jace/go/pkg/mod/github.com/!three!dots!labs/watermill@v1.4.6/message/decorator.go:52 +0x85
created by github.com/ThreeDotsLabs/watermill/message.(*messageTransformSubscriberDecorator).Subscribe in goroutine 1184
	/Users/jace/go/pkg/mod/github.com/!three!dots!labs/watermill@v1.4.6/message/decorator.go:51 +0xc7

goroutine 1263 [chan receive, 4 minutes]:
github.com/ThreeDotsLabs/watermill/message.(*handler).run(0xc0005ca340, {0x1083d4720, 0xc0002e6a00}, {0xc00018a6c0, 0x6, 0x0?})
	/Users/jace/go/pkg/mod/github.com/!three!dots!labs/watermill@v1.4.6/message/router.go:645 +0x2b4
github.com/ThreeDotsLabs/watermill/message.(*Router).RunHandlers.func1()
	/Users/jace/go/pkg/mod/github.com/!three!dots!labs/watermill@v1.4.6/message/router.go:460 +0x145
created by github.com/ThreeDotsLabs/watermill/message.(*Router).RunHandlers in goroutine 1184
	/Users/jace/go/pkg/mod/github.com/!three!dots!labs/watermill@v1.4.6/message/router.go:453 +0x606

goroutine 3936 [chan receive, 3 minutes]:
github.com/ThreeDotsLabs/watermill/message.(*messageTransformSubscriberDecorator).Subscribe.func1()
	/Users/jace/go/pkg/mod/github.com/!three!dots!labs/watermill@v1.4.6/message/decorator.go:52 +0x85
created by github.com/ThreeDotsLabs/watermill/message.(*messageTransformSubscriberDecorator).Subscribe in goroutine 5866
	/Users/jace/go/pkg/mod/github.com/!three!dots!labs/watermill@v1.4.6/message/decorator.go:51 +0xc7

goroutine 1199 [select, 4 minutes]:
github.com/nats-io/nats.go/jetstream.(*pullSubscription).pullMessages(0xc000150b40, {0xc00004e2d0, 0x4e})
	/Users/jace/go/pkg/mod/github.com/nats-io/nats.go@v1.41.1/jetstream/pull.go:955 +0x91
created by github.com/nats-io/nats.go/jetstream.(*pullConsumer).Messages in goroutine 1184
	/Users/jace/go/pkg/mod/github.com/nats-io/nats.go@v1.41.1/jetstream/pull.go:534 +0x748

goroutine 1200 [select, 4 minutes]:
github.com/nats-io/nats.go/jetstream.(*pullConsumer).Messages.func2()
	/Users/jace/go/pkg/mod/github.com/nats-io/nats.go@v1.41.1/jetstream/pull.go:538 +0x68
created by github.com/nats-io/nats.go/jetstream.(*pullConsumer).Messages in goroutine 1184
	/Users/jace/go/pkg/mod/github.com/nats-io/nats.go@v1.41.1/jetstream/pull.go:536 +0x78a

goroutine 1201 [select, 4 minutes]:
github.com/nats-io/nats.go/jetstream.(*pullSubscription).Next(0xc000150b40)
	/Users/jace/go/pkg/mod/github.com/nats-io/nats.go@v1.41.1/jetstream/pull.go:589 +0x285
github.com/Black-And-White-Club/frolf-bot-shared/eventbus.(*eventBus).Subscribe.func1()
	/Users/jace/Documents/GitHub/frolf-bot-shared/eventbus/eventbus.go:326 +0x169
created by github.com/Black-And-White-Club/frolf-bot-shared/eventbus.(*eventBus).Subscribe in goroutine 1184
	/Users/jace/Documents/GitHub/frolf-bot-shared/eventbus/eventbus.go:315 +0xbf1

goroutine 1266 [chan receive, 4 minutes]:
github.com/ThreeDotsLabs/watermill/message.(*messageTransformSubscriberDecorator).Subscribe.func1()
	/Users/jace/go/pkg/mod/github.com/!three!dots!labs/watermill@v1.4.6/message/decorator.go:52 +0x85
created by github.com/ThreeDotsLabs/watermill/message.(*messageTransformSubscriberDecorator).Subscribe in goroutine 1184
	/Users/jace/go/pkg/mod/github.com/!three!dots!labs/watermill@v1.4.6/message/decorator.go:51 +0xc7

goroutine 1267 [chan receive, 4 minutes]:
github.com/ThreeDotsLabs/watermill/message.(*handler).run(0xc0005ca4e0, {0x1083d4720, 0xc0002e6be0}, {0xc000712180, 0x6, 0x0?})
	/Users/jace/go/pkg/mod/github.com/!three!dots!labs/watermill@v1.4.6/message/router.go:645 +0x2b4
github.com/ThreeDotsLabs/watermill/message.(*Router).RunHandlers.func1()
	/Users/jace/go/pkg/mod/github.com/!three!dots!labs/watermill@v1.4.6/message/router.go:460 +0x145
created by github.com/ThreeDotsLabs/watermill/message.(*Router).RunHandlers in goroutine 1184
	/Users/jace/go/pkg/mod/github.com/!three!dots!labs/watermill@v1.4.6/message/router.go:453 +0x606

goroutine 3937 [chan receive, 3 minutes]:
github.com/ThreeDotsLabs/watermill/message.(*handler).run(0xc000ca89c0, {0x1083d4720, 0xc0009560f0}, {0xc00018a9c0, 0x6, 0xc0009f7f78?})
	/Users/jace/go/pkg/mod/github.com/!three!dots!labs/watermill@v1.4.6/message/router.go:645 +0x2b4
github.com/ThreeDotsLabs/watermill/message.(*Router).RunHandlers.func1()
	/Users/jace/go/pkg/mod/github.com/!three!dots!labs/watermill@v1.4.6/message/router.go:460 +0x145
created by github.com/ThreeDotsLabs/watermill/message.(*Router).RunHandlers in goroutine 5866
	/Users/jace/go/pkg/mod/github.com/!three!dots!labs/watermill@v1.4.6/message/router.go:453 +0x606

goroutine 6933 [select, 3 minutes]:
github.com/nats-io/nats.go/jetstream.(*pullConsumer).Messages.func2()
	/Users/jace/go/pkg/mod/github.com/nats-io/nats.go@v1.41.1/jetstream/pull.go:538 +0x68
created by github.com/nats-io/nats.go/jetstream.(*pullConsumer).Messages in goroutine 6930
	/Users/jace/go/pkg/mod/github.com/nats-io/nats.go@v1.41.1/jetstream/pull.go:536 +0x78a

goroutine 9299 [chan receive, 2 minutes]:
github.com/ThreeDotsLabs/watermill/message.(*handler).run(0xc000d064e0, {0x1083d4720, 0xc000d0c050}, {0xc000e66b40, 0x6, 0xc000e88f78?})
	/Users/jace/go/pkg/mod/github.com/!three!dots!labs/watermill@v1.4.6/message/router.go:645 +0x2b4
github.com/ThreeDotsLabs/watermill/message.(*Router).RunHandlers.func1()
	/Users/jace/go/pkg/mod/github.com/!three!dots!labs/watermill@v1.4.6/message/router.go:460 +0x145
created by github.com/ThreeDotsLabs/watermill/message.(*Router).RunHandlers in goroutine 9271
	/Users/jace/go/pkg/mod/github.com/!three!dots!labs/watermill@v1.4.6/message/router.go:453 +0x606

goroutine 9328 [sync.Cond.Wait, 2 minutes]:
sync.runtime_notifyListWait(0xc000f9c410, 0x2)
	/usr/local/Cellar/go/1.24.2/libexec/src/runtime/sema.go:597 +0x159
sync.(*Cond).Wait(0xc000a6b720?)
	/usr/local/Cellar/go/1.24.2/libexec/src/sync/cond.go:71 +0x85
github.com/nats-io/nats%2ego.(*Conn).waitForMsgs(0xc000315108, 0xc000fbc000)
	/Users/jace/go/pkg/mod/github.com/nats-io/nats.go@v1.41.1/nats.go:3178 +0xc5
created by github.com/nats-io/nats%2ego.(*Conn).subscribeLocked in goroutine 8682
	/Users/jace/go/pkg/mod/github.com/nats-io/nats.go@v1.41.1/nats.go:4468 +0x419

goroutine 5234 [select, 3 minutes]:
github.com/nats-io/nats.go/jetstream.(*pullSubscription).pullMessages(0xc000ab3440, {0xc00076b7a0, 0x63})
	/Users/jace/go/pkg/mod/github.com/nats-io/nats.go@v1.41.1/jetstream/pull.go:955 +0x91
created by github.com/nats-io/nats.go/jetstream.(*pullConsumer).Messages in goroutine 5204
	/Users/jace/go/pkg/mod/github.com/nats-io/nats.go@v1.41.1/jetstream/pull.go:534 +0x748

goroutine 2482 [chan receive, 4 minutes]:
github.com/ThreeDotsLabs/watermill/message.(*handler).run(0xc0005149c0, {0x1083d4720, 0xc000800aa0}, {0xc00090a780, 0x6, 0x6534323230396434?})
	/Users/jace/go/pkg/mod/github.com/!three!dots!labs/watermill@v1.4.6/message/router.go:645 +0x2b4
github.com/ThreeDotsLabs/watermill/message.(*Router).RunHandlers.func1()
	/Users/jace/go/pkg/mod/github.com/!three!dots!labs/watermill@v1.4.6/message/router.go:460 +0x145
created by github.com/ThreeDotsLabs/watermill/message.(*Router).RunHandlers in goroutine 1932
	/Users/jace/go/pkg/mod/github.com/!three!dots!labs/watermill@v1.4.6/message/router.go:453 +0x606

goroutine 1233 [sync.WaitGroup.Wait, 4 minutes]:
sync.runtime_SemacquireWaitGroup(0xc0007caf18?)
	/usr/local/Cellar/go/1.24.2/libexec/src/runtime/sema.go:110 +0x25
sync.(*WaitGroup).Wait(0xc0007cafd0?)
	/usr/local/Cellar/go/1.24.2/libexec/src/sync/waitgroup.go:118 +0x48
github.com/ThreeDotsLabs/watermill/message.(*Router).waitForHandlers.func1()
	/Users/jace/go/pkg/mod/github.com/!three!dots!labs/watermill@v1.4.6/message/router.go:579 +0x4b
created by github.com/ThreeDotsLabs/watermill/message.(*Router).waitForHandlers in goroutine 739
	/Users/jace/go/pkg/mod/github.com/!three!dots!labs/watermill@v1.4.6/message/router.go:577 +0x87

goroutine 5237 [chan receive, 3 minutes]:
github.com/ThreeDotsLabs/watermill/message.(*messageTransformSubscriberDecorator).Subscribe.func1()
	/Users/jace/go/pkg/mod/github.com/!three!dots!labs/watermill@v1.4.6/message/decorator.go:52 +0x85
created by github.com/ThreeDotsLabs/watermill/message.(*messageTransformSubscriberDecorator).Subscribe in goroutine 5204
	/Users/jace/go/pkg/mod/github.com/!three!dots!labs/watermill@v1.4.6/message/decorator.go:51 +0xc7

goroutine 6951 [select, 3 minutes]:
github.com/nats-io/nats.go/jetstream.(*pullSubscription).Next(0xc000bd6c60)
	/Users/jace/go/pkg/mod/github.com/nats-io/nats.go@v1.41.1/jetstream/pull.go:589 +0x285
github.com/Black-And-White-Club/frolf-bot-shared/eventbus.(*eventBus).Subscribe.func1()
	/Users/jace/Documents/GitHub/frolf-bot-shared/eventbus/eventbus.go:326 +0x169
created by github.com/Black-And-White-Club/frolf-bot-shared/eventbus.(*eventBus).Subscribe in goroutine 6930
	/Users/jace/Documents/GitHub/frolf-bot-shared/eventbus/eventbus.go:315 +0xbf1

goroutine 2489 [select]:
github.com/nats-io/nats%2ego.(*Conn).doReconnect(0xc0003a7508, {0x1083c48c8, 0x108d63970}, 0x0)
	/Users/jace/go/pkg/mod/github.com/nats-io/nats.go@v1.41.1/nats.go:2907 +0x41a
created by github.com/nats-io/nats%2ego.(*Conn).processOpErr in goroutine 2432
	/Users/jace/go/pkg/mod/github.com/nats-io/nats.go@v1.41.1/nats.go:3043 +0x2f3

goroutine 5239 [select, 3 minutes]:
github.com/nats-io/nats.go/jetstream.(*pullSubscription).pullMessages(0xc000ab3830, {0xc00076bab0, 0x61})
	/Users/jace/go/pkg/mod/github.com/nats-io/nats.go@v1.41.1/jetstream/pull.go:955 +0x91
created by github.com/nats-io/nats.go/jetstream.(*pullConsumer).Messages in goroutine 5204
	/Users/jace/go/pkg/mod/github.com/nats-io/nats.go@v1.41.1/jetstream/pull.go:534 +0x748

goroutine 1956 [select]:
github.com/nats-io/nats%2ego.(*Conn).doReconnect(0xc00015b808, {0x1083c48c8, 0x108d63970}, 0x0)
	/Users/jace/go/pkg/mod/github.com/nats-io/nats.go@v1.41.1/nats.go:2907 +0x41a
created by github.com/nats-io/nats%2ego.(*Conn).processOpErr in goroutine 1728
	/Users/jace/go/pkg/mod/github.com/nats-io/nats.go@v1.41.1/nats.go:3043 +0x2f3

goroutine 5220 [select, 3 minutes]:
github.com/nats-io/nats.go/jetstream.(*pullSubscription).pullMessages(0xc000bb9200, {0xc0009033e0, 0x53})
	/Users/jace/go/pkg/mod/github.com/nats-io/nats.go@v1.41.1/jetstream/pull.go:955 +0x91
created by github.com/nats-io/nats.go/jetstream.(*pullConsumer).Messages in goroutine 5204
	/Users/jace/go/pkg/mod/github.com/nats-io/nats.go@v1.41.1/jetstream/pull.go:534 +0x748

goroutine 8579 [select, 2 minutes]:
github.com/nats-io/nats.go/jetstream.(*pullSubscription).Next(0xc000c9c6c0)
	/Users/jace/go/pkg/mod/github.com/nats-io/nats.go@v1.41.1/jetstream/pull.go:589 +0x285
github.com/Black-And-White-Club/frolf-bot-shared/eventbus.(*eventBus).Subscribe.func1()
	/Users/jace/Documents/GitHub/frolf-bot-shared/eventbus/eventbus.go:326 +0x169
created by github.com/Black-And-White-Club/frolf-bot-shared/eventbus.(*eventBus).Subscribe in goroutine 8524
	/Users/jace/Documents/GitHub/frolf-bot-shared/eventbus/eventbus.go:315 +0xbf1

goroutine 1299 [sync.WaitGroup.Wait, 4 minutes]:
sync.runtime_SemacquireWaitGroup(0xc0002916c0?)
	/usr/local/Cellar/go/1.24.2/libexec/src/runtime/sema.go:110 +0x25
sync.(*WaitGroup).Wait(0x1076b8d68?)
	/usr/local/Cellar/go/1.24.2/libexec/src/sync/waitgroup.go:118 +0x48
github.com/ThreeDotsLabs/watermill/pubsub/sync.WaitGroupTimeout.func1()
	/Users/jace/go/pkg/mod/github.com/!three!dots!labs/watermill@v1.4.6/pubsub/sync/waitgroup.go:13 +0x25
created by github.com/ThreeDotsLabs/watermill/pubsub/sync.WaitGroupTimeout in goroutine 739
	/Users/jace/go/pkg/mod/github.com/!three!dots!labs/watermill@v1.4.6/pubsub/sync/waitgroup.go:12 +0x85

goroutine 7713 [select, 2 minutes]:
github.com/nats-io/nats.go/jetstream.(*pullSubscription).Next(0xc000b32990)
	/Users/jace/go/pkg/mod/github.com/nats-io/nats.go@v1.41.1/jetstream/pull.go:589 +0x285
github.com/Black-And-White-Club/frolf-bot-shared/eventbus.(*eventBus).Subscribe.func1()
	/Users/jace/Documents/GitHub/frolf-bot-shared/eventbus/eventbus.go:326 +0x169
created by github.com/Black-And-White-Club/frolf-bot-shared/eventbus.(*eventBus).Subscribe in goroutine 7709
	/Users/jace/Documents/GitHub/frolf-bot-shared/eventbus/eventbus.go:315 +0xbf1

goroutine 4554 [chan receive, 3 minutes]:
github.com/ThreeDotsLabs/watermill/message.(*handler).run(0xc0005cbba0, {0x1083d4720, 0xc0001551d0}, {0xc0003f8300, 0x6, 0xc0005bf778?})
	/Users/jace/go/pkg/mod/github.com/!three!dots!labs/watermill@v1.4.6/message/router.go:645 +0x2b4
github.com/ThreeDotsLabs/watermill/message.(*Router).RunHandlers.func1()
	/Users/jace/go/pkg/mod/github.com/!three!dots!labs/watermill@v1.4.6/message/router.go:460 +0x145
created by github.com/ThreeDotsLabs/watermill/message.(*Router).RunHandlers in goroutine 4702
	/Users/jace/go/pkg/mod/github.com/!three!dots!labs/watermill@v1.4.6/message/router.go:453 +0x606

goroutine 3900 [chan receive, 3 minutes]:
github.com/ThreeDotsLabs/watermill/message.(*messageTransformSubscriberDecorator).Subscribe.func1()
	/Users/jace/go/pkg/mod/github.com/!three!dots!labs/watermill@v1.4.6/message/decorator.go:52 +0x85
created by github.com/ThreeDotsLabs/watermill/message.(*messageTransformSubscriberDecorator).Subscribe in goroutine 3834
	/Users/jace/go/pkg/mod/github.com/!three!dots!labs/watermill@v1.4.6/message/decorator.go:51 +0xc7

goroutine 9277 [select, 2 minutes]:
github.com/nats-io/nats.go/jetstream.(*pullConsumer).Messages.func2()
	/Users/jace/go/pkg/mod/github.com/nats-io/nats.go@v1.41.1/jetstream/pull.go:538 +0x68
created by github.com/nats-io/nats.go/jetstream.(*pullConsumer).Messages in goroutine 9271
	/Users/jace/go/pkg/mod/github.com/nats-io/nats.go@v1.41.1/jetstream/pull.go:536 +0x78a

goroutine 2399 [select, 4 minutes]:
github.com/nats-io/nats.go/jetstream.(*pullConsumer).Messages.func2()
	/Users/jace/go/pkg/mod/github.com/nats-io/nats.go@v1.41.1/jetstream/pull.go:538 +0x68
created by github.com/nats-io/nats.go/jetstream.(*pullConsumer).Messages in goroutine 1932
	/Users/jace/go/pkg/mod/github.com/nats-io/nats.go@v1.41.1/jetstream/pull.go:536 +0x78a

goroutine 6950 [select, 3 minutes]:
github.com/nats-io/nats.go/jetstream.(*pullConsumer).Messages.func2()
	/Users/jace/go/pkg/mod/github.com/nats-io/nats.go@v1.41.1/jetstream/pull.go:538 +0x68
created by github.com/nats-io/nats.go/jetstream.(*pullConsumer).Messages in goroutine 6930
	/Users/jace/go/pkg/mod/github.com/nats-io/nats.go@v1.41.1/jetstream/pull.go:536 +0x78a

goroutine 1792 [select, 4 minutes]:
github.com/nats-io/nats.go/jetstream.(*pullConsumer).Messages.func2()
	/Users/jace/go/pkg/mod/github.com/nats-io/nats.go@v1.41.1/jetstream/pull.go:538 +0x68
created by github.com/nats-io/nats.go/jetstream.(*pullConsumer).Messages in goroutine 1834
	/Users/jace/go/pkg/mod/github.com/nats-io/nats.go@v1.41.1/jetstream/pull.go:536 +0x78a

goroutine 1793 [select, 4 minutes]:
github.com/nats-io/nats.go/jetstream.(*pullSubscription).Next(0xc0007dbdd0)
	/Users/jace/go/pkg/mod/github.com/nats-io/nats.go@v1.41.1/jetstream/pull.go:589 +0x285
github.com/Black-And-White-Club/frolf-bot-shared/eventbus.(*eventBus).Subscribe.func1()
	/Users/jace/Documents/GitHub/frolf-bot-shared/eventbus/eventbus.go:326 +0x169
created by github.com/Black-And-White-Club/frolf-bot-shared/eventbus.(*eventBus).Subscribe in goroutine 1834
	/Users/jace/Documents/GitHub/frolf-bot-shared/eventbus/eventbus.go:315 +0xbf1

goroutine 1832 [sync.Cond.Wait, 4 minutes]:
sync.runtime_notifyListWait(0xc0002b8490, 0x0)
	/usr/local/Cellar/go/1.24.2/libexec/src/runtime/sema.go:597 +0x159
sync.(*Cond).Wait(0x1000000010000?)
	/usr/local/Cellar/go/1.24.2/libexec/src/sync/cond.go:71 +0x85
github.com/nats-io/nats%2ego.(*asyncCallbacksHandler).asyncCBDispatcher(0xc000985340)
	/Users/jace/go/pkg/mod/github.com/nats-io/nats.go@v1.41.1/nats.go:3059 +0xdd
created by github.com/nats-io/nats%2ego.Options.Connect in goroutine 1325
	/Users/jace/go/pkg/mod/github.com/nats-io/nats.go@v1.41.1/nats.go:1635 +0x387

goroutine 1788 [select, 4 minutes]:
github.com/nats-io/nats.go/jetstream.(*pullSubscription).Next(0xc0007db950)
	/Users/jace/go/pkg/mod/github.com/nats-io/nats.go@v1.41.1/jetstream/pull.go:589 +0x285
github.com/Black-And-White-Club/frolf-bot-shared/eventbus.(*eventBus).Subscribe.func1()
	/Users/jace/Documents/GitHub/frolf-bot-shared/eventbus/eventbus.go:326 +0x169
created by github.com/Black-And-White-Club/frolf-bot-shared/eventbus.(*eventBus).Subscribe in goroutine 1834
	/Users/jace/Documents/GitHub/frolf-bot-shared/eventbus/eventbus.go:315 +0xbf1

goroutine 1933 [sync.WaitGroup.Wait, 4 minutes]:
sync.runtime_SemacquireWaitGroup(0x108167a40?)
	/usr/local/Cellar/go/1.24.2/libexec/src/runtime/sema.go:110 +0x25
sync.(*WaitGroup).Wait(0x0?)
	/usr/local/Cellar/go/1.24.2/libexec/src/sync/waitgroup.go:118 +0x48
github.com/ThreeDotsLabs/watermill/message.(*Router).watchAllHandlersStopped.func1()
	/Users/jace/go/pkg/mod/github.com/!three!dots!labs/watermill@v1.4.6/message/router.go:498 +0x86
created by github.com/ThreeDotsLabs/watermill/message.(*Router).watchAllHandlersStopped in goroutine 1932
	/Users/jace/go/pkg/mod/github.com/!three!dots!labs/watermill@v1.4.6/message/router.go:484 +0xec

goroutine 1890 [chan receive, 4 minutes]:
github.com/ThreeDotsLabs/watermill/message.(*messageTransformSubscriberDecorator).Subscribe.func1()
	/Users/jace/go/pkg/mod/github.com/!three!dots!labs/watermill@v1.4.6/message/decorator.go:52 +0x85
created by github.com/ThreeDotsLabs/watermill/message.(*messageTransformSubscriberDecorator).Subscribe in goroutine 1834
	/Users/jace/go/pkg/mod/github.com/!three!dots!labs/watermill@v1.4.6/message/decorator.go:51 +0xc7

goroutine 1786 [select, 4 minutes]:
github.com/nats-io/nats.go/jetstream.(*pullSubscription).pullMessages(0xc0007db950, {0xc00051d980, 0x60})
	/Users/jace/go/pkg/mod/github.com/nats-io/nats.go@v1.41.1/jetstream/pull.go:955 +0x91
created by github.com/nats-io/nats.go/jetstream.(*pullConsumer).Messages in goroutine 1834
	/Users/jace/go/pkg/mod/github.com/nats-io/nats.go@v1.41.1/jetstream/pull.go:534 +0x748

goroutine 2416 [sync.Cond.Wait, 4 minutes]:
sync.runtime_notifyListWait(0xc000782790, 0x0)
	/usr/local/Cellar/go/1.24.2/libexec/src/runtime/sema.go:597 +0x159
sync.(*Cond).Wait(0xc0007c8fd0?)
	/usr/local/Cellar/go/1.24.2/libexec/src/sync/cond.go:71 +0x85
github.com/nats-io/nats%2ego.(*asyncCallbacksHandler).asyncCBDispatcher(0xc00090e3c0)
	/Users/jace/go/pkg/mod/github.com/nats-io/nats.go@v1.41.1/nats.go:3059 +0xdd
created by github.com/nats-io/nats%2ego.Options.Connect in goroutine 1883
	/Users/jace/go/pkg/mod/github.com/nats-io/nats.go@v1.41.1/nats.go:1635 +0x387

goroutine 8597 [chan receive, 2 minutes]:
github.com/ThreeDotsLabs/watermill/message.(*messageTransformSubscriberDecorator).Subscribe.func1()
	/Users/jace/go/pkg/mod/github.com/!three!dots!labs/watermill@v1.4.6/message/decorator.go:52 +0x85
created by github.com/ThreeDotsLabs/watermill/message.(*messageTransformSubscriberDecorator).Subscribe in goroutine 8524
	/Users/jace/go/pkg/mod/github.com/!three!dots!labs/watermill@v1.4.6/message/decorator.go:51 +0xc7

goroutine 3878 [chan receive, 3 minutes]:
github.com/ThreeDotsLabs/watermill/message.(*messageTransformSubscriberDecorator).Subscribe.func1()
	/Users/jace/go/pkg/mod/github.com/!three!dots!labs/watermill@v1.4.6/message/decorator.go:52 +0x85
created by github.com/ThreeDotsLabs/watermill/message.(*messageTransformSubscriberDecorator).Subscribe in goroutine 3834
	/Users/jace/go/pkg/mod/github.com/!three!dots!labs/watermill@v1.4.6/message/decorator.go:51 +0xc7

goroutine 1791 [select, 4 minutes]:
github.com/nats-io/nats.go/jetstream.(*pullSubscription).pullMessages(0xc0007dbdd0, {0xc0000b8f50, 0x63})
	/Users/jace/go/pkg/mod/github.com/nats-io/nats.go@v1.41.1/jetstream/pull.go:955 +0x91
created by github.com/nats-io/nats.go/jetstream.(*pullConsumer).Messages in goroutine 1834
	/Users/jace/go/pkg/mod/github.com/nats-io/nats.go@v1.41.1/jetstream/pull.go:534 +0x748

goroutine 1835 [sync.WaitGroup.Wait, 4 minutes]:
sync.runtime_SemacquireWaitGroup(0x1072326d2?)
	/usr/local/Cellar/go/1.24.2/libexec/src/runtime/sema.go:110 +0x25
sync.(*WaitGroup).Wait(0xc0001723c0?)
	/usr/local/Cellar/go/1.24.2/libexec/src/sync/waitgroup.go:118 +0x48
github.com/ThreeDotsLabs/watermill/message.(*Router).watchAllHandlersStopped.func1()
	/Users/jace/go/pkg/mod/github.com/!three!dots!labs/watermill@v1.4.6/message/router.go:498 +0x86
created by github.com/ThreeDotsLabs/watermill/message.(*Router).watchAllHandlersStopped in goroutine 1834
	/Users/jace/go/pkg/mod/github.com/!three!dots!labs/watermill@v1.4.6/message/router.go:484 +0xec

goroutine 1836 [select, 4 minutes]:
github.com/nats-io/nats.go/jetstream.(*pullSubscription).pullMessages(0xc000ae1ef0, {0xc000ab4fc0, 0x5b})
	/Users/jace/go/pkg/mod/github.com/nats-io/nats.go@v1.41.1/jetstream/pull.go:955 +0x91
created by github.com/nats-io/nats.go/jetstream.(*pullConsumer).Messages in goroutine 1834
	/Users/jace/go/pkg/mod/github.com/nats-io/nats.go@v1.41.1/jetstream/pull.go:534 +0x748

goroutine 1853 [select, 4 minutes]:
github.com/nats-io/nats.go/jetstream.(*pullConsumer).Messages.func2()
	/Users/jace/go/pkg/mod/github.com/nats-io/nats.go@v1.41.1/jetstream/pull.go:538 +0x68
created by github.com/nats-io/nats.go/jetstream.(*pullConsumer).Messages in goroutine 1834
	/Users/jace/go/pkg/mod/github.com/nats-io/nats.go@v1.41.1/jetstream/pull.go:536 +0x78a

goroutine 1833 [sync.Cond.Wait, 4 minutes]:
sync.runtime_notifyListWait(0xc000929910, 0x1c)
	/usr/local/Cellar/go/1.24.2/libexec/src/runtime/sema.go:597 +0x159
sync.(*Cond).Wait(0x1000001083d4720?)
	/usr/local/Cellar/go/1.24.2/libexec/src/sync/cond.go:71 +0x85
github.com/nats-io/nats%2ego.(*Conn).waitForMsgs(0xc00015b808, 0xc0003761e0)
	/Users/jace/go/pkg/mod/github.com/nats-io/nats.go@v1.41.1/nats.go:3178 +0xc5
created by github.com/nats-io/nats%2ego.(*Conn).subscribeLocked in goroutine 1325
	/Users/jace/go/pkg/mod/github.com/nats-io/nats.go@v1.41.1/nats.go:4468 +0x419

goroutine 4741 [chan receive, 3 minutes]:
github.com/ThreeDotsLabs/watermill/message.(*handler).run(0xc0005cb930, {0x1083d4720, 0xc000a201e0}, {0xc0007d40c0, 0x6, 0x0?})
	/Users/jace/go/pkg/mod/github.com/!three!dots!labs/watermill@v1.4.6/message/router.go:645 +0x2b4
github.com/ThreeDotsLabs/watermill/message.(*Router).RunHandlers.func1()
	/Users/jace/go/pkg/mod/github.com/!three!dots!labs/watermill@v1.4.6/message/router.go:460 +0x145
created by github.com/ThreeDotsLabs/watermill/message.(*Router).RunHandlers in goroutine 4702
	/Users/jace/go/pkg/mod/github.com/!three!dots!labs/watermill@v1.4.6/message/router.go:453 +0x606

goroutine 2398 [select, 4 minutes]:
github.com/nats-io/nats.go/jetstream.(*pullSubscription).pullMessages(0xc00039e6c0, {0xc00043e0c0, 0x5b})
	/Users/jace/go/pkg/mod/github.com/nats-io/nats.go@v1.41.1/jetstream/pull.go:955 +0x91
created by github.com/nats-io/nats.go/jetstream.(*pullConsumer).Messages in goroutine 1932
	/Users/jace/go/pkg/mod/github.com/nats-io/nats.go@v1.41.1/jetstream/pull.go:534 +0x748

goroutine 1862 [sync.Cond.Wait, 4 minutes]:
sync.runtime_notifyListWait(0xc0002b8190, 0x0)
	/usr/local/Cellar/go/1.24.2/libexec/src/runtime/sema.go:597 +0x159
sync.(*Cond).Wait(0x0?)
	/usr/local/Cellar/go/1.24.2/libexec/src/sync/cond.go:71 +0x85
github.com/nats-io/nats%2ego.(*asyncCallbacksHandler).asyncCBDispatcher(0xc0009852a0)
	/Users/jace/go/pkg/mod/github.com/nats-io/nats.go@v1.41.1/nats.go:3059 +0xdd
created by github.com/nats-io/nats%2ego.Options.Connect in goroutine 1325
	/Users/jace/go/pkg/mod/github.com/nats-io/nats.go@v1.41.1/nats.go:1635 +0x387

goroutine 5205 [sync.WaitGroup.Wait, 3 minutes]:
sync.runtime_SemacquireWaitGroup(0xc0009d27b8?)
	/usr/local/Cellar/go/1.24.2/libexec/src/runtime/sema.go:110 +0x25
sync.(*WaitGroup).Wait(0xc000049800?)
	/usr/local/Cellar/go/1.24.2/libexec/src/sync/waitgroup.go:118 +0x48
github.com/ThreeDotsLabs/watermill/message.(*Router).watchAllHandlersStopped.func1()
	/Users/jace/go/pkg/mod/github.com/!three!dots!labs/watermill@v1.4.6/message/router.go:498 +0x86
created by github.com/ThreeDotsLabs/watermill/message.(*Router).watchAllHandlersStopped in goroutine 5204
	/Users/jace/go/pkg/mod/github.com/!three!dots!labs/watermill@v1.4.6/message/router.go:484 +0xec

goroutine 1838 [select, 4 minutes]:
github.com/nats-io/nats.go/jetstream.(*pullSubscription).Next(0xc000ae1ef0)
	/Users/jace/go/pkg/mod/github.com/nats-io/nats.go@v1.41.1/jetstream/pull.go:589 +0x285
github.com/Black-And-White-Club/frolf-bot-shared/eventbus.(*eventBus).Subscribe.func1()
	/Users/jace/Documents/GitHub/frolf-bot-shared/eventbus/eventbus.go:326 +0x169
created by github.com/Black-And-White-Club/frolf-bot-shared/eventbus.(*eventBus).Subscribe in goroutine 1834
	/Users/jace/Documents/GitHub/frolf-bot-shared/eventbus/eventbus.go:315 +0xbf1

goroutine 1839 [chan receive, 4 minutes]:
github.com/ThreeDotsLabs/watermill/message.(*messageTransformSubscriberDecorator).Subscribe.func1()
	/Users/jace/go/pkg/mod/github.com/!three!dots!labs/watermill@v1.4.6/message/decorator.go:52 +0x85
created by github.com/ThreeDotsLabs/watermill/message.(*messageTransformSubscriberDecorator).Subscribe in goroutine 1834
	/Users/jace/go/pkg/mod/github.com/!three!dots!labs/watermill@v1.4.6/message/decorator.go:51 +0xc7

goroutine 1840 [chan receive, 4 minutes]:
github.com/ThreeDotsLabs/watermill/message.(*handler).run(0xc00093d790, {0x1083d4720, 0xc000957a40}, {0xc00059a6c0, 0x6, 0xc000673f70?})
	/Users/jace/go/pkg/mod/github.com/!three!dots!labs/watermill@v1.4.6/message/router.go:645 +0x2b4
github.com/ThreeDotsLabs/watermill/message.(*Router).RunHandlers.func1()
	/Users/jace/go/pkg/mod/github.com/!three!dots!labs/watermill@v1.4.6/message/router.go:460 +0x145
created by github.com/ThreeDotsLabs/watermill/message.(*Router).RunHandlers in goroutine 1834
	/Users/jace/go/pkg/mod/github.com/!three!dots!labs/watermill@v1.4.6/message/router.go:453 +0x606

goroutine 1855 [chan receive, 4 minutes]:
github.com/ThreeDotsLabs/watermill/message.(*messageTransformSubscriberDecorator).Subscribe.func1()
	/Users/jace/go/pkg/mod/github.com/!three!dots!labs/watermill@v1.4.6/message/decorator.go:52 +0x85
created by github.com/ThreeDotsLabs/watermill/message.(*messageTransformSubscriberDecorator).Subscribe in goroutine 1834
	/Users/jace/go/pkg/mod/github.com/!three!dots!labs/watermill@v1.4.6/message/decorator.go:51 +0xc7

goroutine 1856 [chan receive, 4 minutes]:
github.com/ThreeDotsLabs/watermill/message.(*handler).run(0xc00093d860, {0x1083d4720, 0xc000957bd0}, {0xc000adc240, 0x6, 0x4?})
	/Users/jace/go/pkg/mod/github.com/!three!dots!labs/watermill@v1.4.6/message/router.go:645 +0x2b4
github.com/ThreeDotsLabs/watermill/message.(*Router).RunHandlers.func1()
	/Users/jace/go/pkg/mod/github.com/!three!dots!labs/watermill@v1.4.6/message/router.go:460 +0x145
created by github.com/ThreeDotsLabs/watermill/message.(*Router).RunHandlers in goroutine 1834
	/Users/jace/go/pkg/mod/github.com/!three!dots!labs/watermill@v1.4.6/message/router.go:453 +0x606

goroutine 2556 [select, 3 minutes]:
github.com/nats-io/nats.go/jetstream.(*pullSubscription).Next(0xc00061a1b0)
	/Users/jace/go/pkg/mod/github.com/nats-io/nats.go@v1.41.1/jetstream/pull.go:589 +0x285
github.com/Black-And-White-Club/frolf-bot-shared/eventbus.(*eventBus).Subscribe.func1()
	/Users/jace/Documents/GitHub/frolf-bot-shared/eventbus/eventbus.go:326 +0x169
created by github.com/Black-And-White-Club/frolf-bot-shared/eventbus.(*eventBus).Subscribe in goroutine 3192
	/Users/jace/Documents/GitHub/frolf-bot-shared/eventbus/eventbus.go:315 +0xbf1

goroutine 1864 [select, 4 minutes]:
github.com/nats-io/nats.go/jetstream.(*pullSubscription).pullMessages(0xc0006a4b40, {0xc0003ea550, 0x4e})
	/Users/jace/go/pkg/mod/github.com/nats-io/nats.go@v1.41.1/jetstream/pull.go:955 +0x91
created by github.com/nats-io/nats.go/jetstream.(*pullConsumer).Messages in goroutine 1834
	/Users/jace/go/pkg/mod/github.com/nats-io/nats.go@v1.41.1/jetstream/pull.go:534 +0x748

goroutine 1865 [select, 4 minutes]:
github.com/nats-io/nats.go/jetstream.(*pullConsumer).Messages.func2()
	/Users/jace/go/pkg/mod/github.com/nats-io/nats.go@v1.41.1/jetstream/pull.go:538 +0x68
created by github.com/nats-io/nats.go/jetstream.(*pullConsumer).Messages in goroutine 1834
	/Users/jace/go/pkg/mod/github.com/nats-io/nats.go@v1.41.1/jetstream/pull.go:536 +0x78a

goroutine 1866 [select, 4 minutes]:
github.com/nats-io/nats.go/jetstream.(*pullSubscription).Next(0xc0006a4b40)
	/Users/jace/go/pkg/mod/github.com/nats-io/nats.go@v1.41.1/jetstream/pull.go:589 +0x285
github.com/Black-And-White-Club/frolf-bot-shared/eventbus.(*eventBus).Subscribe.func1()
	/Users/jace/Documents/GitHub/frolf-bot-shared/eventbus/eventbus.go:326 +0x169
created by github.com/Black-And-White-Club/frolf-bot-shared/eventbus.(*eventBus).Subscribe in goroutine 1834
	/Users/jace/Documents/GitHub/frolf-bot-shared/eventbus/eventbus.go:315 +0xbf1

goroutine 1867 [chan receive, 4 minutes]:
github.com/ThreeDotsLabs/watermill/message.(*messageTransformSubscriberDecorator).Subscribe.func1()
	/Users/jace/go/pkg/mod/github.com/!three!dots!labs/watermill@v1.4.6/message/decorator.go:52 +0x85
created by github.com/ThreeDotsLabs/watermill/message.(*messageTransformSubscriberDecorator).Subscribe in goroutine 1834
	/Users/jace/go/pkg/mod/github.com/!three!dots!labs/watermill@v1.4.6/message/decorator.go:51 +0xc7

goroutine 1868 [chan receive, 4 minutes]:
github.com/ThreeDotsLabs/watermill/message.(*handler).run(0xc00093d930, {0x1083d4720, 0xc0001b3e50}, {0xc000adc300, 0x6, 0x0?})
	/Users/jace/go/pkg/mod/github.com/!three!dots!labs/watermill@v1.4.6/message/router.go:645 +0x2b4
github.com/ThreeDotsLabs/watermill/message.(*Router).RunHandlers.func1()
	/Users/jace/go/pkg/mod/github.com/!three!dots!labs/watermill@v1.4.6/message/router.go:460 +0x145
created by github.com/ThreeDotsLabs/watermill/message.(*Router).RunHandlers in goroutine 1834
	/Users/jace/go/pkg/mod/github.com/!three!dots!labs/watermill@v1.4.6/message/router.go:453 +0x606

goroutine 6925 [chan receive, 3 minutes]:
github.com/ThreeDotsLabs/watermill/message.(*messageTransformSubscriberDecorator).Subscribe.func1()
	/Users/jace/go/pkg/mod/github.com/!three!dots!labs/watermill@v1.4.6/message/decorator.go:52 +0x85
created by github.com/ThreeDotsLabs/watermill/message.(*messageTransformSubscriberDecorator).Subscribe in goroutine 6930
	/Users/jace/go/pkg/mod/github.com/!three!dots!labs/watermill@v1.4.6/message/decorator.go:51 +0xc7

goroutine 3876 [select, 3 minutes]:
github.com/nats-io/nats.go/jetstream.(*pullConsumer).Messages.func2()
	/Users/jace/go/pkg/mod/github.com/nats-io/nats.go@v1.41.1/jetstream/pull.go:538 +0x68
created by github.com/nats-io/nats.go/jetstream.(*pullConsumer).Messages in goroutine 3834
	/Users/jace/go/pkg/mod/github.com/nats-io/nats.go@v1.41.1/jetstream/pull.go:536 +0x78a

goroutine 5238 [chan receive, 3 minutes]:
github.com/ThreeDotsLabs/watermill/message.(*handler).run(0xc000512f70, {0x1083d4720, 0xc000b562d0}, {0xc0007578c0, 0x6, 0x0?})
	/Users/jace/go/pkg/mod/github.com/!three!dots!labs/watermill@v1.4.6/message/router.go:645 +0x2b4
github.com/ThreeDotsLabs/watermill/message.(*Router).RunHandlers.func1()
	/Users/jace/go/pkg/mod/github.com/!three!dots!labs/watermill@v1.4.6/message/router.go:460 +0x145
created by github.com/ThreeDotsLabs/watermill/message.(*Router).RunHandlers in goroutine 5204
	/Users/jace/go/pkg/mod/github.com/!three!dots!labs/watermill@v1.4.6/message/router.go:453 +0x606

goroutine 1869 [select, 4 minutes]:
github.com/nats-io/nats.go/jetstream.(*pullSubscription).pullMessages(0xc0006a50e0, {0xc00078ee00, 0x61})
	/Users/jace/go/pkg/mod/github.com/nats-io/nats.go@v1.41.1/jetstream/pull.go:955 +0x91
created by github.com/nats-io/nats.go/jetstream.(*pullConsumer).Messages in goroutine 1834
	/Users/jace/go/pkg/mod/github.com/nats-io/nats.go@v1.41.1/jetstream/pull.go:534 +0x748

goroutine 1870 [select, 4 minutes]:
github.com/nats-io/nats.go/jetstream.(*pullConsumer).Messages.func2()
	/Users/jace/go/pkg/mod/github.com/nats-io/nats.go@v1.41.1/jetstream/pull.go:538 +0x68
created by github.com/nats-io/nats.go/jetstream.(*pullConsumer).Messages in goroutine 1834
	/Users/jace/go/pkg/mod/github.com/nats-io/nats.go@v1.41.1/jetstream/pull.go:536 +0x78a

goroutine 1871 [select, 4 minutes]:
github.com/nats-io/nats.go/jetstream.(*pullSubscription).Next(0xc0006a50e0)
	/Users/jace/go/pkg/mod/github.com/nats-io/nats.go@v1.41.1/jetstream/pull.go:589 +0x285
github.com/Black-And-White-Club/frolf-bot-shared/eventbus.(*eventBus).Subscribe.func1()
	/Users/jace/Documents/GitHub/frolf-bot-shared/eventbus/eventbus.go:326 +0x169
created by github.com/Black-And-White-Club/frolf-bot-shared/eventbus.(*eventBus).Subscribe in goroutine 1834
	/Users/jace/Documents/GitHub/frolf-bot-shared/eventbus/eventbus.go:315 +0xbf1

goroutine 1872 [chan receive, 4 minutes]:
github.com/ThreeDotsLabs/watermill/message.(*messageTransformSubscriberDecorator).Subscribe.func1()
	/Users/jace/go/pkg/mod/github.com/!three!dots!labs/watermill@v1.4.6/message/decorator.go:52 +0x85
created by github.com/ThreeDotsLabs/watermill/message.(*messageTransformSubscriberDecorator).Subscribe in goroutine 1834
	/Users/jace/go/pkg/mod/github.com/!three!dots!labs/watermill@v1.4.6/message/decorator.go:51 +0xc7

goroutine 1873 [chan receive, 4 minutes]:
github.com/ThreeDotsLabs/watermill/message.(*handler).run(0xc00093dba0, {0x1083d4720, 0xc0006addb0}, {0xc0003395c0, 0x6, 0x0?})
	/Users/jace/go/pkg/mod/github.com/!three!dots!labs/watermill@v1.4.6/message/router.go:645 +0x2b4
github.com/ThreeDotsLabs/watermill/message.(*Router).RunHandlers.func1()
	/Users/jace/go/pkg/mod/github.com/!three!dots!labs/watermill@v1.4.6/message/router.go:460 +0x145
created by github.com/ThreeDotsLabs/watermill/message.(*Router).RunHandlers in goroutine 1834
	/Users/jace/go/pkg/mod/github.com/!three!dots!labs/watermill@v1.4.6/message/router.go:453 +0x606

goroutine 2455 [chan receive, 4 minutes]:
github.com/ThreeDotsLabs/watermill/message.(*handler).run(0xc00093c000, {0x1083d4720, 0xc000800910}, {0xc00018a780, 0x6, 0xc000a74778?})
	/Users/jace/go/pkg/mod/github.com/!three!dots!labs/watermill@v1.4.6/message/router.go:645 +0x2b4
github.com/ThreeDotsLabs/watermill/message.(*Router).RunHandlers.func1()
	/Users/jace/go/pkg/mod/github.com/!three!dots!labs/watermill@v1.4.6/message/router.go:460 +0x145
created by github.com/ThreeDotsLabs/watermill/message.(*Router).RunHandlers in goroutine 1932
	/Users/jace/go/pkg/mod/github.com/!three!dots!labs/watermill@v1.4.6/message/router.go:453 +0x606

goroutine 1922 [select, 4 minutes]:
github.com/nats-io/nats.go/jetstream.(*pullSubscription).pullMessages(0xc00061a480, {0xc0002992d0, 0x63})
	/Users/jace/go/pkg/mod/github.com/nats-io/nats.go@v1.41.1/jetstream/pull.go:955 +0x91
created by github.com/nats-io/nats.go/jetstream.(*pullConsumer).Messages in goroutine 1834
	/Users/jace/go/pkg/mod/github.com/nats-io/nats.go@v1.41.1/jetstream/pull.go:534 +0x748

goroutine 1923 [select, 4 minutes]:
github.com/nats-io/nats.go/jetstream.(*pullConsumer).Messages.func2()
	/Users/jace/go/pkg/mod/github.com/nats-io/nats.go@v1.41.1/jetstream/pull.go:538 +0x68
created by github.com/nats-io/nats.go/jetstream.(*pullConsumer).Messages in goroutine 1834
	/Users/jace/go/pkg/mod/github.com/nats-io/nats.go@v1.41.1/jetstream/pull.go:536 +0x78a

goroutine 1924 [select, 4 minutes]:
github.com/nats-io/nats.go/jetstream.(*pullSubscription).Next(0xc00061a480)
	/Users/jace/go/pkg/mod/github.com/nats-io/nats.go@v1.41.1/jetstream/pull.go:589 +0x285
github.com/Black-And-White-Club/frolf-bot-shared/eventbus.(*eventBus).Subscribe.func1()
	/Users/jace/Documents/GitHub/frolf-bot-shared/eventbus/eventbus.go:326 +0x169
created by github.com/Black-And-White-Club/frolf-bot-shared/eventbus.(*eventBus).Subscribe in goroutine 1834
	/Users/jace/Documents/GitHub/frolf-bot-shared/eventbus/eventbus.go:315 +0xbf1

goroutine 1925 [chan receive, 4 minutes]:
github.com/ThreeDotsLabs/watermill/message.(*messageTransformSubscriberDecorator).Subscribe.func1()
	/Users/jace/go/pkg/mod/github.com/!three!dots!labs/watermill@v1.4.6/message/decorator.go:52 +0x85
created by github.com/ThreeDotsLabs/watermill/message.(*messageTransformSubscriberDecorator).Subscribe in goroutine 1834
	/Users/jace/go/pkg/mod/github.com/!three!dots!labs/watermill@v1.4.6/message/decorator.go:51 +0xc7

goroutine 1926 [chan receive, 4 minutes]:
github.com/ThreeDotsLabs/watermill/message.(*handler).run(0xc00093dc70, {0x1083d4720, 0xc0002e7540}, {0xc000339680, 0x6, 0x0?})
	/Users/jace/go/pkg/mod/github.com/!three!dots!labs/watermill@v1.4.6/message/router.go:645 +0x2b4
github.com/ThreeDotsLabs/watermill/message.(*Router).RunHandlers.func1()
	/Users/jace/go/pkg/mod/github.com/!three!dots!labs/watermill@v1.4.6/message/router.go:460 +0x145
created by github.com/ThreeDotsLabs/watermill/message.(*Router).RunHandlers in goroutine 1834
	/Users/jace/go/pkg/mod/github.com/!three!dots!labs/watermill@v1.4.6/message/router.go:453 +0x606

goroutine 2454 [chan receive, 4 minutes]:
github.com/ThreeDotsLabs/watermill/message.(*messageTransformSubscriberDecorator).Subscribe.func1()
	/Users/jace/go/pkg/mod/github.com/!three!dots!labs/watermill@v1.4.6/message/decorator.go:52 +0x85
created by github.com/ThreeDotsLabs/watermill/message.(*messageTransformSubscriberDecorator).Subscribe in goroutine 1932
	/Users/jace/go/pkg/mod/github.com/!three!dots!labs/watermill@v1.4.6/message/decorator.go:51 +0xc7

goroutine 1908 [select, 4 minutes]:
github.com/nats-io/nats.go/jetstream.(*pullSubscription).pullMessages(0xc0006a41b0, {0xc000ab4000, 0x53})
	/Users/jace/go/pkg/mod/github.com/nats-io/nats.go@v1.41.1/jetstream/pull.go:955 +0x91
created by github.com/nats-io/nats.go/jetstream.(*pullConsumer).Messages in goroutine 1834
	/Users/jace/go/pkg/mod/github.com/nats-io/nats.go@v1.41.1/jetstream/pull.go:534 +0x748

goroutine 1909 [select, 4 minutes]:
github.com/nats-io/nats.go/jetstream.(*pullConsumer).Messages.func2()
	/Users/jace/go/pkg/mod/github.com/nats-io/nats.go@v1.41.1/jetstream/pull.go:538 +0x68
created by github.com/nats-io/nats.go/jetstream.(*pullConsumer).Messages in goroutine 1834
	/Users/jace/go/pkg/mod/github.com/nats-io/nats.go@v1.41.1/jetstream/pull.go:536 +0x78a

goroutine 1910 [select, 4 minutes]:
github.com/nats-io/nats.go/jetstream.(*pullSubscription).Next(0xc0006a41b0)
	/Users/jace/go/pkg/mod/github.com/nats-io/nats.go@v1.41.1/jetstream/pull.go:589 +0x285
github.com/Black-And-White-Club/frolf-bot-shared/eventbus.(*eventBus).Subscribe.func1()
	/Users/jace/Documents/GitHub/frolf-bot-shared/eventbus/eventbus.go:326 +0x169
created by github.com/Black-And-White-Club/frolf-bot-shared/eventbus.(*eventBus).Subscribe in goroutine 1834
	/Users/jace/Documents/GitHub/frolf-bot-shared/eventbus/eventbus.go:315 +0xbf1

goroutine 1911 [chan receive, 4 minutes]:
github.com/ThreeDotsLabs/watermill/message.(*messageTransformSubscriberDecorator).Subscribe.func1()
	/Users/jace/go/pkg/mod/github.com/!three!dots!labs/watermill@v1.4.6/message/decorator.go:52 +0x85
created by github.com/ThreeDotsLabs/watermill/message.(*messageTransformSubscriberDecorator).Subscribe in goroutine 1834
	/Users/jace/go/pkg/mod/github.com/!three!dots!labs/watermill@v1.4.6/message/decorator.go:51 +0xc7

goroutine 1912 [chan receive, 4 minutes]:
github.com/ThreeDotsLabs/watermill/message.(*handler).run(0xc00093d5f0, {0x1083d4720, 0xc0008000f0}, {0xc000338000, 0x6, 0x0?})
	/Users/jace/go/pkg/mod/github.com/!three!dots!labs/watermill@v1.4.6/message/router.go:645 +0x2b4
github.com/ThreeDotsLabs/watermill/message.(*Router).RunHandlers.func1()
	/Users/jace/go/pkg/mod/github.com/!three!dots!labs/watermill@v1.4.6/message/router.go:460 +0x145
created by github.com/ThreeDotsLabs/watermill/message.(*Router).RunHandlers in goroutine 1834
	/Users/jace/go/pkg/mod/github.com/!three!dots!labs/watermill@v1.4.6/message/router.go:453 +0x606

goroutine 2453 [select, 4 minutes]:
github.com/nats-io/nats.go/jetstream.(*pullSubscription).Next(0xc0005986c0)
	/Users/jace/go/pkg/mod/github.com/nats-io/nats.go@v1.41.1/jetstream/pull.go:589 +0x285
github.com/Black-And-White-Club/frolf-bot-shared/eventbus.(*eventBus).Subscribe.func1()
	/Users/jace/Documents/GitHub/frolf-bot-shared/eventbus/eventbus.go:326 +0x169
created by github.com/Black-And-White-Club/frolf-bot-shared/eventbus.(*eventBus).Subscribe in goroutine 1932
	/Users/jace/Documents/GitHub/frolf-bot-shared/eventbus/eventbus.go:315 +0xbf1

goroutine 1898 [sync.WaitGroup.Wait, 4 minutes]:
sync.runtime_SemacquireWaitGroup(0xc0000b87e0?)
	/usr/local/Cellar/go/1.24.2/libexec/src/runtime/sema.go:110 +0x25
sync.(*WaitGroup).Wait(0x10726d452?)
	/usr/local/Cellar/go/1.24.2/libexec/src/sync/waitgroup.go:118 +0x48
github.com/ThreeDotsLabs/watermill/pubsub/sync.WaitGroupTimeout.func1()
	/Users/jace/go/pkg/mod/github.com/!three!dots!labs/watermill@v1.4.6/pubsub/sync/waitgroup.go:13 +0x25
created by github.com/ThreeDotsLabs/watermill/pubsub/sync.WaitGroupTimeout in goroutine 1325
	/Users/jace/go/pkg/mod/github.com/!three!dots!labs/watermill@v1.4.6/pubsub/sync/waitgroup.go:12 +0x85

goroutine 2452 [select, 4 minutes]:
github.com/nats-io/nats.go/jetstream.(*pullConsumer).Messages.func2()
	/Users/jace/go/pkg/mod/github.com/nats-io/nats.go@v1.41.1/jetstream/pull.go:538 +0x68
created by github.com/nats-io/nats.go/jetstream.(*pullConsumer).Messages in goroutine 1932
	/Users/jace/go/pkg/mod/github.com/nats-io/nats.go@v1.41.1/jetstream/pull.go:536 +0x78a

goroutine 1896 [sync.WaitGroup.Wait, 4 minutes]:
sync.runtime_SemacquireWaitGroup(0xc000742060?)
	/usr/local/Cellar/go/1.24.2/libexec/src/runtime/sema.go:110 +0x25
sync.(*WaitGroup).Wait(0xc000a727d0?)
	/usr/local/Cellar/go/1.24.2/libexec/src/sync/waitgroup.go:118 +0x48
github.com/ThreeDotsLabs/watermill/message.(*Router).waitForHandlers.func1()
	/Users/jace/go/pkg/mod/github.com/!three!dots!labs/watermill@v1.4.6/message/router.go:579 +0x4b
created by github.com/ThreeDotsLabs/watermill/message.(*Router).waitForHandlers in goroutine 1325
	/Users/jace/go/pkg/mod/github.com/!three!dots!labs/watermill@v1.4.6/message/router.go:577 +0x87

goroutine 1893 [sync.Cond.Wait, 4 minutes]:
sync.runtime_notifyListWait(0xc00078a0d0, 0x1)
	/usr/local/Cellar/go/1.24.2/libexec/src/runtime/sema.go:597 +0x159
sync.(*Cond).Wait(0xc0006b3aa0?)
	/usr/local/Cellar/go/1.24.2/libexec/src/sync/cond.go:71 +0x85
github.com/nats-io/nats%2ego.(*Conn).waitForMsgs(0xc0003a7c08, 0xc0003763c0)
	/Users/jace/go/pkg/mod/github.com/nats-io/nats.go@v1.41.1/nats.go:3178 +0xc5
created by github.com/nats-io/nats%2ego.(*Conn).subscribeLocked in goroutine 1325
	/Users/jace/go/pkg/mod/github.com/nats-io/nats.go@v1.41.1/nats.go:4468 +0x419

goroutine 2451 [select, 4 minutes]:
github.com/nats-io/nats.go/jetstream.(*pullSubscription).pullMessages(0xc0005986c0, {0xc000032780, 0x60})
	/Users/jace/go/pkg/mod/github.com/nats-io/nats.go@v1.41.1/jetstream/pull.go:955 +0x91
created by github.com/nats-io/nats.go/jetstream.(*pullConsumer).Messages in goroutine 1932
	/Users/jace/go/pkg/mod/github.com/nats-io/nats.go@v1.41.1/jetstream/pull.go:534 +0x748

goroutine 2417 [sync.Cond.Wait, 4 minutes]:
sync.runtime_notifyListWait(0xc000635850, 0x1c)
	/usr/local/Cellar/go/1.24.2/libexec/src/runtime/sema.go:597 +0x159
sync.(*Cond).Wait(0xc0006b3d40?)
	/usr/local/Cellar/go/1.24.2/libexec/src/sync/cond.go:71 +0x85
github.com/nats-io/nats%2ego.(*Conn).waitForMsgs(0xc000252e08, 0xc0003765a0)
	/Users/jace/go/pkg/mod/github.com/nats-io/nats.go@v1.41.1/nats.go:3178 +0xc5
created by github.com/nats-io/nats%2ego.(*Conn).subscribeLocked in goroutine 1883
	/Users/jace/go/pkg/mod/github.com/nats-io/nats.go@v1.41.1/nats.go:4468 +0x419

goroutine 3881 [select, 3 minutes]:
github.com/nats-io/nats.go/jetstream.(*pullConsumer).Messages.func2()
	/Users/jace/go/pkg/mod/github.com/nats-io/nats.go@v1.41.1/jetstream/pull.go:538 +0x68
created by github.com/nats-io/nats.go/jetstream.(*pullConsumer).Messages in goroutine 3834
	/Users/jace/go/pkg/mod/github.com/nats-io/nats.go@v1.41.1/jetstream/pull.go:536 +0x78a

goroutine 3201 [select, 3 minutes]:
github.com/nats-io/nats.go/jetstream.(*pullConsumer).Messages.func2()
	/Users/jace/go/pkg/mod/github.com/nats-io/nats.go@v1.41.1/jetstream/pull.go:538 +0x68
created by github.com/nats-io/nats.go/jetstream.(*pullConsumer).Messages in goroutine 3192
	/Users/jace/go/pkg/mod/github.com/nats-io/nats.go@v1.41.1/jetstream/pull.go:536 +0x78a

goroutine 2400 [select, 4 minutes]:
github.com/nats-io/nats.go/jetstream.(*pullSubscription).Next(0xc00039e6c0)
	/Users/jace/go/pkg/mod/github.com/nats-io/nats.go@v1.41.1/jetstream/pull.go:589 +0x285
github.com/Black-And-White-Club/frolf-bot-shared/eventbus.(*eventBus).Subscribe.func1()
	/Users/jace/Documents/GitHub/frolf-bot-shared/eventbus/eventbus.go:326 +0x169
created by github.com/Black-And-White-Club/frolf-bot-shared/eventbus.(*eventBus).Subscribe in goroutine 1932
	/Users/jace/Documents/GitHub/frolf-bot-shared/eventbus/eventbus.go:315 +0xbf1

goroutine 10977 [select, 2 minutes]:
github.com/nats-io/nats.go/jetstream.(*pullConsumer).Messages.func2()
	/Users/jace/go/pkg/mod/github.com/nats-io/nats.go@v1.41.1/jetstream/pull.go:538 +0x68
created by github.com/nats-io/nats.go/jetstream.(*pullConsumer).Messages in goroutine 10974
	/Users/jace/go/pkg/mod/github.com/nats-io/nats.go@v1.41.1/jetstream/pull.go:536 +0x78a

goroutine 4638 [select, 3 minutes]:
github.com/nats-io/nats.go/jetstream.(*pullSubscription).Next(0xc0001514d0)
	/Users/jace/go/pkg/mod/github.com/nats-io/nats.go@v1.41.1/jetstream/pull.go:589 +0x285
github.com/Black-And-White-Club/frolf-bot-shared/eventbus.(*eventBus).Subscribe.func1()
	/Users/jace/Documents/GitHub/frolf-bot-shared/eventbus/eventbus.go:326 +0x169
created by github.com/Black-And-White-Club/frolf-bot-shared/eventbus.(*eventBus).Subscribe in goroutine 4702
	/Users/jace/Documents/GitHub/frolf-bot-shared/eventbus/eventbus.go:315 +0xbf1

goroutine 4648 [sync.Cond.Wait, 3 minutes]:
sync.runtime_notifyListWait(0xc000490650, 0x0)
	/usr/local/Cellar/go/1.24.2/libexec/src/runtime/sema.go:597 +0x159
sync.(*Cond).Wait(0xc0003501c0?)
	/usr/local/Cellar/go/1.24.2/libexec/src/sync/cond.go:71 +0x85
github.com/nats-io/nats%2ego.(*asyncCallbacksHandler).asyncCBDispatcher(0xc000d10340)
	/Users/jace/go/pkg/mod/github.com/nats-io/nats.go@v1.41.1/nats.go:3059 +0xdd
created by github.com/nats-io/nats%2ego.Options.Connect in goroutine 4001
	/Users/jace/go/pkg/mod/github.com/nats-io/nats.go@v1.41.1/nats.go:1635 +0x387

goroutine 3988 [select]:
github.com/nats-io/nats%2ego.(*Conn).doReconnect(0xc0003ec008, {0x1083c48c8, 0x108d63970}, 0x0)
	/Users/jace/go/pkg/mod/github.com/nats-io/nats.go@v1.41.1/nats.go:2907 +0x41a
created by github.com/nats-io/nats%2ego.(*Conn).processOpErr in goroutine 3807
	/Users/jace/go/pkg/mod/github.com/nats-io/nats.go@v1.41.1/nats.go:3043 +0x2f3

goroutine 5996 [select, 3 minutes]:
github.com/nats-io/nats.go/jetstream.(*pullConsumer).Messages.func2()
	/Users/jace/go/pkg/mod/github.com/nats-io/nats.go@v1.41.1/jetstream/pull.go:538 +0x68
created by github.com/nats-io/nats.go/jetstream.(*pullConsumer).Messages in goroutine 5866
	/Users/jace/go/pkg/mod/github.com/nats-io/nats.go@v1.41.1/jetstream/pull.go:536 +0x78a

goroutine 3973 [select]:
github.com/nats-io/nats%2ego.(*Conn).doReconnect(0xc000312008, {0x1083c48c8, 0x108d63970}, 0x0)
	/Users/jace/go/pkg/mod/github.com/nats-io/nats.go@v1.41.1/nats.go:2907 +0x41a
created by github.com/nats-io/nats%2ego.(*Conn).processOpErr in goroutine 3860
	/Users/jace/go/pkg/mod/github.com/nats-io/nats.go@v1.41.1/nats.go:3043 +0x2f3

goroutine 9185 [select, 2 minutes]:
github.com/nats-io/nats.go/jetstream.(*pullSubscription).Next(0xc000784750)
	/Users/jace/go/pkg/mod/github.com/nats-io/nats.go@v1.41.1/jetstream/pull.go:589 +0x285
github.com/Black-And-White-Club/frolf-bot-shared/eventbus.(*eventBus).Subscribe.func1()
	/Users/jace/Documents/GitHub/frolf-bot-shared/eventbus/eventbus.go:326 +0x169
created by github.com/Black-And-White-Club/frolf-bot-shared/eventbus.(*eventBus).Subscribe in goroutine 9271
	/Users/jace/Documents/GitHub/frolf-bot-shared/eventbus/eventbus.go:315 +0xbf1

goroutine 3877 [select, 3 minutes]:
github.com/nats-io/nats.go/jetstream.(*pullSubscription).Next(0xc000ae0510)
	/Users/jace/go/pkg/mod/github.com/nats-io/nats.go@v1.41.1/jetstream/pull.go:589 +0x285
github.com/Black-And-White-Club/frolf-bot-shared/eventbus.(*eventBus).Subscribe.func1()
	/Users/jace/Documents/GitHub/frolf-bot-shared/eventbus/eventbus.go:326 +0x169
created by github.com/Black-And-White-Club/frolf-bot-shared/eventbus.(*eventBus).Subscribe in goroutine 3834
	/Users/jace/Documents/GitHub/frolf-bot-shared/eventbus/eventbus.go:315 +0xbf1

goroutine 5997 [select, 3 minutes]:
github.com/nats-io/nats.go/jetstream.(*pullSubscription).Next(0xc000c26990)
	/Users/jace/go/pkg/mod/github.com/nats-io/nats.go@v1.41.1/jetstream/pull.go:589 +0x285
github.com/Black-And-White-Club/frolf-bot-shared/eventbus.(*eventBus).Subscribe.func1()
	/Users/jace/Documents/GitHub/frolf-bot-shared/eventbus/eventbus.go:326 +0x169
created by github.com/Black-And-White-Club/frolf-bot-shared/eventbus.(*eventBus).Subscribe in goroutine 5866
	/Users/jace/Documents/GitHub/frolf-bot-shared/eventbus/eventbus.go:315 +0xbf1

goroutine 3234 [select, 3 minutes]:
github.com/nats-io/nats.go/jetstream.(*pullSubscription).Next(0xc0006a61b0)
	/Users/jace/go/pkg/mod/github.com/nats-io/nats.go@v1.41.1/jetstream/pull.go:589 +0x285
github.com/Black-And-White-Club/frolf-bot-shared/eventbus.(*eventBus).Subscribe.func1()
	/Users/jace/Documents/GitHub/frolf-bot-shared/eventbus/eventbus.go:326 +0x169
created by github.com/Black-And-White-Club/frolf-bot-shared/eventbus.(*eventBus).Subscribe in goroutine 3192
	/Users/jace/Documents/GitHub/frolf-bot-shared/eventbus/eventbus.go:315 +0xbf1

goroutine 2401 [chan receive, 4 minutes]:
github.com/ThreeDotsLabs/watermill/message.(*messageTransformSubscriberDecorator).Subscribe.func1()
	/Users/jace/go/pkg/mod/github.com/!three!dots!labs/watermill@v1.4.6/message/decorator.go:52 +0x85
created by github.com/ThreeDotsLabs/watermill/message.(*messageTransformSubscriberDecorator).Subscribe in goroutine 1932
	/Users/jace/go/pkg/mod/github.com/!three!dots!labs/watermill@v1.4.6/message/decorator.go:51 +0xc7

goroutine 9467 [chan receive, 2 minutes]:
github.com/ThreeDotsLabs/watermill/message.(*messageTransformSubscriberDecorator).Subscribe.func1()
	/Users/jace/go/pkg/mod/github.com/!three!dots!labs/watermill@v1.4.6/message/decorator.go:52 +0x85
created by github.com/ThreeDotsLabs/watermill/message.(*messageTransformSubscriberDecorator).Subscribe in goroutine 9951
	/Users/jace/go/pkg/mod/github.com/!three!dots!labs/watermill@v1.4.6/message/decorator.go:51 +0xc7

goroutine 1935 [select, 4 minutes]:
github.com/nats-io/nats.go/jetstream.(*pullConsumer).Messages.func2()
	/Users/jace/go/pkg/mod/github.com/nats-io/nats.go@v1.41.1/jetstream/pull.go:538 +0x68
created by github.com/nats-io/nats.go/jetstream.(*pullConsumer).Messages in goroutine 1932
	/Users/jace/go/pkg/mod/github.com/nats-io/nats.go@v1.41.1/jetstream/pull.go:536 +0x78a

goroutine 6935 [chan receive, 3 minutes]:
github.com/ThreeDotsLabs/watermill/message.(*messageTransformSubscriberDecorator).Subscribe.func1()
	/Users/jace/go/pkg/mod/github.com/!three!dots!labs/watermill@v1.4.6/message/decorator.go:52 +0x85
created by github.com/ThreeDotsLabs/watermill/message.(*messageTransformSubscriberDecorator).Subscribe in goroutine 6930
	/Users/jace/go/pkg/mod/github.com/!three!dots!labs/watermill@v1.4.6/message/decorator.go:51 +0xc7

goroutine 1934 [select, 4 minutes]:
github.com/nats-io/nats.go/jetstream.(*pullSubscription).pullMessages(0xc0007850e0, {0xc0004621e0, 0x4e})
	/Users/jace/go/pkg/mod/github.com/nats-io/nats.go@v1.41.1/jetstream/pull.go:955 +0x91
created by github.com/nats-io/nats.go/jetstream.(*pullConsumer).Messages in goroutine 1932
	/Users/jace/go/pkg/mod/github.com/nats-io/nats.go@v1.41.1/jetstream/pull.go:534 +0x748

goroutine 2430 [sync.Cond.Wait, 4 minutes]:
sync.runtime_notifyListWait(0xc000635690, 0x0)
	/usr/local/Cellar/go/1.24.2/libexec/src/runtime/sema.go:597 +0x159
sync.(*Cond).Wait(0x0?)
	/usr/local/Cellar/go/1.24.2/libexec/src/sync/cond.go:71 +0x85
github.com/nats-io/nats%2ego.(*asyncCallbacksHandler).asyncCBDispatcher(0xc000992ca0)
	/Users/jace/go/pkg/mod/github.com/nats-io/nats.go@v1.41.1/nats.go:3059 +0xdd
created by github.com/nats-io/nats%2ego.Options.Connect in goroutine 1883
	/Users/jace/go/pkg/mod/github.com/nats-io/nats.go@v1.41.1/nats.go:1635 +0x387

goroutine 2555 [select, 3 minutes]:
github.com/nats-io/nats.go/jetstream.(*pullConsumer).Messages.func2()
	/Users/jace/go/pkg/mod/github.com/nats-io/nats.go@v1.41.1/jetstream/pull.go:538 +0x68
created by github.com/nats-io/nats.go/jetstream.(*pullConsumer).Messages in goroutine 3192
	/Users/jace/go/pkg/mod/github.com/nats-io/nats.go@v1.41.1/jetstream/pull.go:536 +0x78a

goroutine 3200 [select, 3 minutes]:
github.com/nats-io/nats.go/jetstream.(*pullSubscription).pullMessages(0xc0006a61b0, {0xc00004c1e0, 0x53})
	/Users/jace/go/pkg/mod/github.com/nats-io/nats.go@v1.41.1/jetstream/pull.go:955 +0x91
created by github.com/nats-io/nats.go/jetstream.(*pullConsumer).Messages in goroutine 3192
	/Users/jace/go/pkg/mod/github.com/nats-io/nats.go@v1.41.1/jetstream/pull.go:534 +0x748

goroutine 2490 [select]:
github.com/nats-io/nats%2ego.(*Conn).doReconnect(0xc0003a8a08, {0x1083c48c8, 0x108d63970}, 0x0)
	/Users/jace/go/pkg/mod/github.com/nats-io/nats.go@v1.41.1/nats.go:2907 +0x41a
created by github.com/nats-io/nats%2ego.(*Conn).processOpErr in goroutine 2414
	/Users/jace/go/pkg/mod/github.com/nats-io/nats.go@v1.41.1/nats.go:3043 +0x2f3

goroutine 2434 [sync.Cond.Wait, 4 minutes]:
sync.runtime_notifyListWait(0xc000782650, 0x0)
	/usr/local/Cellar/go/1.24.2/libexec/src/runtime/sema.go:597 +0x159
sync.(*Cond).Wait(0x0?)
	/usr/local/Cellar/go/1.24.2/libexec/src/sync/cond.go:71 +0x85
github.com/nats-io/nats%2ego.(*asyncCallbacksHandler).asyncCBDispatcher(0xc00090e320)
	/Users/jace/go/pkg/mod/github.com/nats-io/nats.go@v1.41.1/nats.go:3059 +0xdd
created by github.com/nats-io/nats%2ego.Options.Connect in goroutine 1883
	/Users/jace/go/pkg/mod/github.com/nats-io/nats.go@v1.41.1/nats.go:1635 +0x387

goroutine 25348 [sync.Cond.Wait]:
sync.runtime_notifyListWait(0xc0011c3710, 0x0)
	/usr/local/Cellar/go/1.24.2/libexec/src/runtime/sema.go:597 +0x159
sync.(*Cond).Wait(0xc000e25490?)
	/usr/local/Cellar/go/1.24.2/libexec/src/sync/cond.go:71 +0x85
github.com/nats-io/nats%2ego.(*asyncCallbacksHandler).asyncCBDispatcher(0xc000e0d240)
	/Users/jace/go/pkg/mod/github.com/nats-io/nats.go@v1.41.1/nats.go:3059 +0xdd
created by github.com/nats-io/nats%2ego.Options.Connect in goroutine 24533
	/Users/jace/go/pkg/mod/github.com/nats-io/nats.go@v1.41.1/nats.go:1635 +0x387

goroutine 1936 [select, 4 minutes]:
github.com/nats-io/nats.go/jetstream.(*pullSubscription).Next(0xc0007850e0)
	/Users/jace/go/pkg/mod/github.com/nats-io/nats.go@v1.41.1/jetstream/pull.go:589 +0x285
github.com/Black-And-White-Club/frolf-bot-shared/eventbus.(*eventBus).Subscribe.func1()
	/Users/jace/Documents/GitHub/frolf-bot-shared/eventbus/eventbus.go:326 +0x169
created by github.com/Black-And-White-Club/frolf-bot-shared/eventbus.(*eventBus).Subscribe in goroutine 1932
	/Users/jace/Documents/GitHub/frolf-bot-shared/eventbus/eventbus.go:315 +0xbf1

goroutine 1937 [chan receive, 4 minutes]:
github.com/ThreeDotsLabs/watermill/message.(*messageTransformSubscriberDecorator).Subscribe.func1()
	/Users/jace/go/pkg/mod/github.com/!three!dots!labs/watermill@v1.4.6/message/decorator.go:52 +0x85
created by github.com/ThreeDotsLabs/watermill/message.(*messageTransformSubscriberDecorator).Subscribe in goroutine 1932
	/Users/jace/go/pkg/mod/github.com/!three!dots!labs/watermill@v1.4.6/message/decorator.go:51 +0xc7

goroutine 2466 [chan receive, 4 minutes]:
github.com/ThreeDotsLabs/watermill/message.(*handler).run(0xc000514dd0, {0x1083d4720, 0xc000800730}, {0xc0002fc000, 0x6, 0x4?})
	/Users/jace/go/pkg/mod/github.com/!three!dots!labs/watermill@v1.4.6/message/router.go:645 +0x2b4
github.com/ThreeDotsLabs/watermill/message.(*Router).RunHandlers.func1()
	/Users/jace/go/pkg/mod/github.com/!three!dots!labs/watermill@v1.4.6/message/router.go:460 +0x145
created by github.com/ThreeDotsLabs/watermill/message.(*Router).RunHandlers in goroutine 1932
	/Users/jace/go/pkg/mod/github.com/!three!dots!labs/watermill@v1.4.6/message/router.go:453 +0x606

goroutine 3408 [select, 3 minutes]:
github.com/nats-io/nats.go/jetstream.(*pullSubscription).pullMessages(0xc000150990, {0xc00004c300, 0x5b})
	/Users/jace/go/pkg/mod/github.com/nats-io/nats.go@v1.41.1/jetstream/pull.go:955 +0x91
created by github.com/nats-io/nats.go/jetstream.(*pullConsumer).Messages in goroutine 3834
	/Users/jace/go/pkg/mod/github.com/nats-io/nats.go@v1.41.1/jetstream/pull.go:534 +0x748

goroutine 2436 [select, 4 minutes]:
github.com/nats-io/nats.go/jetstream.(*pullSubscription).pullMessages(0xc0007db560, {0xc000820af0, 0x63})
	/Users/jace/go/pkg/mod/github.com/nats-io/nats.go@v1.41.1/jetstream/pull.go:955 +0x91
created by github.com/nats-io/nats.go/jetstream.(*pullConsumer).Messages in goroutine 1932
	/Users/jace/go/pkg/mod/github.com/nats-io/nats.go@v1.41.1/jetstream/pull.go:534 +0x748

goroutine 2437 [select, 4 minutes]:
github.com/nats-io/nats.go/jetstream.(*pullConsumer).Messages.func2()
	/Users/jace/go/pkg/mod/github.com/nats-io/nats.go@v1.41.1/jetstream/pull.go:538 +0x68
created by github.com/nats-io/nats.go/jetstream.(*pullConsumer).Messages in goroutine 1932
	/Users/jace/go/pkg/mod/github.com/nats-io/nats.go@v1.41.1/jetstream/pull.go:536 +0x78a

goroutine 2438 [select, 4 minutes]:
github.com/nats-io/nats.go/jetstream.(*pullSubscription).Next(0xc0007db560)
	/Users/jace/go/pkg/mod/github.com/nats-io/nats.go@v1.41.1/jetstream/pull.go:589 +0x285
github.com/Black-And-White-Club/frolf-bot-shared/eventbus.(*eventBus).Subscribe.func1()
	/Users/jace/Documents/GitHub/frolf-bot-shared/eventbus/eventbus.go:326 +0x169
created by github.com/Black-And-White-Club/frolf-bot-shared/eventbus.(*eventBus).Subscribe in goroutine 1932
	/Users/jace/Documents/GitHub/frolf-bot-shared/eventbus/eventbus.go:315 +0xbf1

goroutine 2439 [chan receive, 4 minutes]:
github.com/ThreeDotsLabs/watermill/message.(*messageTransformSubscriberDecorator).Subscribe.func1()
	/Users/jace/go/pkg/mod/github.com/!three!dots!labs/watermill@v1.4.6/message/decorator.go:52 +0x85
created by github.com/ThreeDotsLabs/watermill/message.(*messageTransformSubscriberDecorator).Subscribe in goroutine 1932
	/Users/jace/go/pkg/mod/github.com/!three!dots!labs/watermill@v1.4.6/message/decorator.go:51 +0xc7

goroutine 2440 [chan receive, 4 minutes]:
github.com/ThreeDotsLabs/watermill/message.(*handler).run(0xc00093c0d0, {0x1083d4720, 0xc0002e7720}, {0xc0002fc0c0, 0x6, 0x4?})
	/Users/jace/go/pkg/mod/github.com/!three!dots!labs/watermill@v1.4.6/message/router.go:645 +0x2b4
github.com/ThreeDotsLabs/watermill/message.(*Router).RunHandlers.func1()
	/Users/jace/go/pkg/mod/github.com/!three!dots!labs/watermill@v1.4.6/message/router.go:460 +0x145
created by github.com/ThreeDotsLabs/watermill/message.(*Router).RunHandlers in goroutine 1932
	/Users/jace/go/pkg/mod/github.com/!three!dots!labs/watermill@v1.4.6/message/router.go:453 +0x606

goroutine 7783 [select, 2 minutes]:
github.com/nats-io/nats.go/jetstream.(*pullSubscription).Next(0xc000b32fc0)
	/Users/jace/go/pkg/mod/github.com/nats-io/nats.go@v1.41.1/jetstream/pull.go:589 +0x285
github.com/Black-And-White-Club/frolf-bot-shared/eventbus.(*eventBus).Subscribe.func1()
	/Users/jace/Documents/GitHub/frolf-bot-shared/eventbus/eventbus.go:326 +0x169
created by github.com/Black-And-White-Club/frolf-bot-shared/eventbus.(*eventBus).Subscribe in goroutine 7709
	/Users/jace/Documents/GitHub/frolf-bot-shared/eventbus/eventbus.go:315 +0xbf1

goroutine 5871 [select, 3 minutes]:
github.com/nats-io/nats.go/jetstream.(*pullSubscription).Next(0xc000c9d4d0)
	/Users/jace/go/pkg/mod/github.com/nats-io/nats.go@v1.41.1/jetstream/pull.go:589 +0x285
github.com/Black-And-White-Club/frolf-bot-shared/eventbus.(*eventBus).Subscribe.func1()
	/Users/jace/Documents/GitHub/frolf-bot-shared/eventbus/eventbus.go:326 +0x169
created by github.com/Black-And-White-Club/frolf-bot-shared/eventbus.(*eventBus).Subscribe in goroutine 5866
	/Users/jace/Documents/GitHub/frolf-bot-shared/eventbus/eventbus.go:315 +0xbf1

goroutine 3856 [sync.Cond.Wait, 3 minutes]:
sync.runtime_notifyListWait(0xc0008e6b50, 0x0)
	/usr/local/Cellar/go/1.24.2/libexec/src/runtime/sema.go:597 +0x159
sync.(*Cond).Wait(0xc0003e9110?)
	/usr/local/Cellar/go/1.24.2/libexec/src/sync/cond.go:71 +0x85
github.com/nats-io/nats%2ego.(*asyncCallbacksHandler).asyncCBDispatcher(0xc0000a1220)
	/Users/jace/go/pkg/mod/github.com/nats-io/nats.go@v1.41.1/nats.go:3059 +0xdd
created by github.com/nats-io/nats%2ego.Options.Connect in goroutine 3313
	/Users/jace/go/pkg/mod/github.com/nats-io/nats.go@v1.41.1/nats.go:1635 +0x387

goroutine 2557 [chan receive, 3 minutes]:
github.com/ThreeDotsLabs/watermill/message.(*messageTransformSubscriberDecorator).Subscribe.func1()
	/Users/jace/go/pkg/mod/github.com/!three!dots!labs/watermill@v1.4.6/message/decorator.go:52 +0x85
created by github.com/ThreeDotsLabs/watermill/message.(*messageTransformSubscriberDecorator).Subscribe in goroutine 3192
	/Users/jace/go/pkg/mod/github.com/!three!dots!labs/watermill@v1.4.6/message/decorator.go:51 +0xc7

goroutine 3880 [select, 3 minutes]:
github.com/nats-io/nats.go/jetstream.(*pullSubscription).pullMessages(0xc000ae0ab0, {0xc0008c2ee0, 0x61})
	/Users/jace/go/pkg/mod/github.com/nats-io/nats.go@v1.41.1/jetstream/pull.go:955 +0x91
created by github.com/nats-io/nats.go/jetstream.(*pullConsumer).Messages in goroutine 3834
	/Users/jace/go/pkg/mod/github.com/nats-io/nats.go@v1.41.1/jetstream/pull.go:534 +0x748

goroutine 1340 [select, 4 minutes]:
github.com/nats-io/nats.go/jetstream.(*pullSubscription).pullMessages(0xc000426900, {0xc0000b8850, 0x63})
	/Users/jace/go/pkg/mod/github.com/nats-io/nats.go@v1.41.1/jetstream/pull.go:955 +0x91
created by github.com/nats-io/nats.go/jetstream.(*pullConsumer).Messages in goroutine 1932
	/Users/jace/go/pkg/mod/github.com/nats-io/nats.go@v1.41.1/jetstream/pull.go:534 +0x748

goroutine 1341 [select, 4 minutes]:
github.com/nats-io/nats.go/jetstream.(*pullConsumer).Messages.func2()
	/Users/jace/go/pkg/mod/github.com/nats-io/nats.go@v1.41.1/jetstream/pull.go:538 +0x68
created by github.com/nats-io/nats.go/jetstream.(*pullConsumer).Messages in goroutine 1932
	/Users/jace/go/pkg/mod/github.com/nats-io/nats.go@v1.41.1/jetstream/pull.go:536 +0x78a

goroutine 1342 [select, 4 minutes]:
github.com/nats-io/nats.go/jetstream.(*pullSubscription).Next(0xc000426900)
	/Users/jace/go/pkg/mod/github.com/nats-io/nats.go@v1.41.1/jetstream/pull.go:589 +0x285
github.com/Black-And-White-Club/frolf-bot-shared/eventbus.(*eventBus).Subscribe.func1()
	/Users/jace/Documents/GitHub/frolf-bot-shared/eventbus/eventbus.go:326 +0x169
created by github.com/Black-And-White-Club/frolf-bot-shared/eventbus.(*eventBus).Subscribe in goroutine 1932
	/Users/jace/Documents/GitHub/frolf-bot-shared/eventbus/eventbus.go:315 +0xbf1

goroutine 1343 [chan receive, 4 minutes]:
github.com/ThreeDotsLabs/watermill/message.(*messageTransformSubscriberDecorator).Subscribe.func1()
	/Users/jace/go/pkg/mod/github.com/!three!dots!labs/watermill@v1.4.6/message/decorator.go:52 +0x85
created by github.com/ThreeDotsLabs/watermill/message.(*messageTransformSubscriberDecorator).Subscribe in goroutine 1932
	/Users/jace/go/pkg/mod/github.com/!three!dots!labs/watermill@v1.4.6/message/decorator.go:51 +0xc7

goroutine 1344 [chan receive, 4 minutes]:
github.com/ThreeDotsLabs/watermill/message.(*handler).run(0xc000514750, {0x1083d4720, 0xc0001b25f0}, {0xc0003e0000, 0x6, 0x0?})
	/Users/jace/go/pkg/mod/github.com/!three!dots!labs/watermill@v1.4.6/message/router.go:645 +0x2b4
github.com/ThreeDotsLabs/watermill/message.(*Router).RunHandlers.func1()
	/Users/jace/go/pkg/mod/github.com/!three!dots!labs/watermill@v1.4.6/message/router.go:460 +0x145
created by github.com/ThreeDotsLabs/watermill/message.(*Router).RunHandlers in goroutine 1932
	/Users/jace/go/pkg/mod/github.com/!three!dots!labs/watermill@v1.4.6/message/router.go:453 +0x606

goroutine 5993 [chan receive, 3 minutes]:
github.com/ThreeDotsLabs/watermill/message.(*messageTransformSubscriberDecorator).Subscribe.func1()
	/Users/jace/go/pkg/mod/github.com/!three!dots!labs/watermill@v1.4.6/message/decorator.go:52 +0x85
created by github.com/ThreeDotsLabs/watermill/message.(*messageTransformSubscriberDecorator).Subscribe in goroutine 5866
	/Users/jace/go/pkg/mod/github.com/!three!dots!labs/watermill@v1.4.6/message/decorator.go:51 +0xc7

goroutine 2468 [select, 4 minutes]:
github.com/nats-io/nats.go/jetstream.(*pullSubscription).pullMessages(0xc0007855f0, {0xc00051c540, 0x53})
	/Users/jace/go/pkg/mod/github.com/nats-io/nats.go@v1.41.1/jetstream/pull.go:955 +0x91
created by github.com/nats-io/nats.go/jetstream.(*pullConsumer).Messages in goroutine 1932
	/Users/jace/go/pkg/mod/github.com/nats-io/nats.go@v1.41.1/jetstream/pull.go:534 +0x748

goroutine 2469 [select, 4 minutes]:
github.com/nats-io/nats.go/jetstream.(*pullConsumer).Messages.func2()
	/Users/jace/go/pkg/mod/github.com/nats-io/nats.go@v1.41.1/jetstream/pull.go:538 +0x68
created by github.com/nats-io/nats.go/jetstream.(*pullConsumer).Messages in goroutine 1932
	/Users/jace/go/pkg/mod/github.com/nats-io/nats.go@v1.41.1/jetstream/pull.go:536 +0x78a

goroutine 2470 [select, 4 minutes]:
github.com/nats-io/nats.go/jetstream.(*pullSubscription).Next(0xc0007855f0)
	/Users/jace/go/pkg/mod/github.com/nats-io/nats.go@v1.41.1/jetstream/pull.go:589 +0x285
github.com/Black-And-White-Club/frolf-bot-shared/eventbus.(*eventBus).Subscribe.func1()
	/Users/jace/Documents/GitHub/frolf-bot-shared/eventbus/eventbus.go:326 +0x169
created by github.com/Black-And-White-Club/frolf-bot-shared/eventbus.(*eventBus).Subscribe in goroutine 1932
	/Users/jace/Documents/GitHub/frolf-bot-shared/eventbus/eventbus.go:315 +0xbf1

goroutine 2471 [chan receive, 4 minutes]:
github.com/ThreeDotsLabs/watermill/message.(*messageTransformSubscriberDecorator).Subscribe.func1()
	/Users/jace/go/pkg/mod/github.com/!three!dots!labs/watermill@v1.4.6/message/decorator.go:52 +0x85
created by github.com/ThreeDotsLabs/watermill/message.(*messageTransformSubscriberDecorator).Subscribe in goroutine 1932
	/Users/jace/go/pkg/mod/github.com/!three!dots!labs/watermill@v1.4.6/message/decorator.go:51 +0xc7

goroutine 2472 [chan receive, 4 minutes]:
github.com/ThreeDotsLabs/watermill/message.(*handler).run(0xc0005148f0, {0x1083d4720, 0xc0001b2780}, {0xc0009966c0, 0x6, 0x65742e67726f222c?})
	/Users/jace/go/pkg/mod/github.com/!three!dots!labs/watermill@v1.4.6/message/router.go:645 +0x2b4
github.com/ThreeDotsLabs/watermill/message.(*Router).RunHandlers.func1()
	/Users/jace/go/pkg/mod/github.com/!three!dots!labs/watermill@v1.4.6/message/router.go:460 +0x145
created by github.com/ThreeDotsLabs/watermill/message.(*Router).RunHandlers in goroutine 1932
	/Users/jace/go/pkg/mod/github.com/!three!dots!labs/watermill@v1.4.6/message/router.go:453 +0x606

goroutine 3955 [sync.WaitGroup.Wait, 3 minutes]:
sync.runtime_SemacquireWaitGroup(0xc000476f18?)
	/usr/local/Cellar/go/1.24.2/libexec/src/runtime/sema.go:110 +0x25
sync.(*WaitGroup).Wait(0xc000476fd0?)
	/usr/local/Cellar/go/1.24.2/libexec/src/sync/waitgroup.go:118 +0x48
github.com/ThreeDotsLabs/watermill/message.(*Router).waitForHandlers.func1()
	/Users/jace/go/pkg/mod/github.com/!three!dots!labs/watermill@v1.4.6/message/router.go:579 +0x4b
created by github.com/ThreeDotsLabs/watermill/message.(*Router).waitForHandlers in goroutine 3313
	/Users/jace/go/pkg/mod/github.com/!three!dots!labs/watermill@v1.4.6/message/router.go:577 +0x87

goroutine 2485 [select, 4 minutes]:
github.com/nats-io/nats.go/jetstream.(*pullSubscription).Next(0xc00039eea0)
	/Users/jace/go/pkg/mod/github.com/nats-io/nats.go@v1.41.1/jetstream/pull.go:589 +0x285
github.com/Black-And-White-Club/frolf-bot-shared/eventbus.(*eventBus).Subscribe.func1()
	/Users/jace/Documents/GitHub/frolf-bot-shared/eventbus/eventbus.go:326 +0x169
created by github.com/Black-And-White-Club/frolf-bot-shared/eventbus.(*eventBus).Subscribe in goroutine 1932
	/Users/jace/Documents/GitHub/frolf-bot-shared/eventbus/eventbus.go:315 +0xbf1

goroutine 2486 [chan receive, 4 minutes]:
github.com/ThreeDotsLabs/watermill/message.(*messageTransformSubscriberDecorator).Subscribe.func1()
	/Users/jace/go/pkg/mod/github.com/!three!dots!labs/watermill@v1.4.6/message/decorator.go:52 +0x85
created by github.com/ThreeDotsLabs/watermill/message.(*messageTransformSubscriberDecorator).Subscribe in goroutine 1932
	/Users/jace/go/pkg/mod/github.com/!three!dots!labs/watermill@v1.4.6/message/decorator.go:51 +0xc7

goroutine 2487 [chan receive, 4 minutes]:
github.com/ThreeDotsLabs/watermill/message.(*handler).run(0xc000514a90, {0x1083d4720, 0xc0006ac140}, {0xc0002fc180, 0x6, 0x2c22223a2265646f?})
	/Users/jace/go/pkg/mod/github.com/!three!dots!labs/watermill@v1.4.6/message/router.go:645 +0x2b4
github.com/ThreeDotsLabs/watermill/message.(*Router).RunHandlers.func1()
	/Users/jace/go/pkg/mod/github.com/!three!dots!labs/watermill@v1.4.6/message/router.go:460 +0x145
created by github.com/ThreeDotsLabs/watermill/message.(*Router).RunHandlers in goroutine 1932
	/Users/jace/go/pkg/mod/github.com/!three!dots!labs/watermill@v1.4.6/message/router.go:453 +0x606

goroutine 3276 [sync.WaitGroup.Wait, 3 minutes]:
sync.runtime_SemacquireWaitGroup(0x0?)
	/usr/local/Cellar/go/1.24.2/libexec/src/runtime/sema.go:110 +0x25
sync.(*WaitGroup).Wait(0x10726d452?)
	/usr/local/Cellar/go/1.24.2/libexec/src/sync/waitgroup.go:118 +0x48
github.com/ThreeDotsLabs/watermill/pubsub/sync.WaitGroupTimeout.func1()
	/Users/jace/go/pkg/mod/github.com/!three!dots!labs/watermill@v1.4.6/pubsub/sync/waitgroup.go:13 +0x25
created by github.com/ThreeDotsLabs/watermill/pubsub/sync.WaitGroupTimeout in goroutine 2522
	/Users/jace/go/pkg/mod/github.com/!three!dots!labs/watermill@v1.4.6/pubsub/sync/waitgroup.go:12 +0x85

goroutine 2446 [sync.Cond.Wait, 4 minutes]:
sync.runtime_notifyListWait(0xc000783010, 0x1)
	/usr/local/Cellar/go/1.24.2/libexec/src/runtime/sema.go:597 +0x159
sync.(*Cond).Wait(0xc0006b3e20?)
	/usr/local/Cellar/go/1.24.2/libexec/src/sync/cond.go:71 +0x85
github.com/nats-io/nats%2ego.(*Conn).waitForMsgs(0xc0003a7508, 0xc000322870)
	/Users/jace/go/pkg/mod/github.com/nats-io/nats.go@v1.41.1/nats.go:3178 +0xc5
created by github.com/nats-io/nats%2ego.(*Conn).subscribeLocked in goroutine 1883
	/Users/jace/go/pkg/mod/github.com/nats-io/nats.go@v1.41.1/nats.go:4468 +0x419

goroutine 2448 [sync.WaitGroup.Wait, 4 minutes]:
sync.runtime_SemacquireWaitGroup(0x1083d4790?)
	/usr/local/Cellar/go/1.24.2/libexec/src/runtime/sema.go:110 +0x25
sync.(*WaitGroup).Wait(0xc0004127d0?)
	/usr/local/Cellar/go/1.24.2/libexec/src/sync/waitgroup.go:118 +0x48
github.com/ThreeDotsLabs/watermill/message.(*Router).waitForHandlers.func1()
	/Users/jace/go/pkg/mod/github.com/!three!dots!labs/watermill@v1.4.6/message/router.go:579 +0x4b
created by github.com/ThreeDotsLabs/watermill/message.(*Router).waitForHandlers in goroutine 1883
	/Users/jace/go/pkg/mod/github.com/!three!dots!labs/watermill@v1.4.6/message/router.go:577 +0x87

goroutine 2498 [sync.WaitGroup.Wait, 4 minutes]:
sync.runtime_SemacquireWaitGroup(0x1076093b5?)
	/usr/local/Cellar/go/1.24.2/libexec/src/runtime/sema.go:110 +0x25
sync.(*WaitGroup).Wait(0xc000320000?)
	/usr/local/Cellar/go/1.24.2/libexec/src/sync/waitgroup.go:118 +0x48
github.com/ThreeDotsLabs/watermill/pubsub/sync.WaitGroupTimeout.func1()
	/Users/jace/go/pkg/mod/github.com/!three!dots!labs/watermill@v1.4.6/pubsub/sync/waitgroup.go:13 +0x25
created by github.com/ThreeDotsLabs/watermill/pubsub/sync.WaitGroupTimeout in goroutine 1883
	/Users/jace/go/pkg/mod/github.com/!three!dots!labs/watermill@v1.4.6/pubsub/sync/waitgroup.go:12 +0x85

goroutine 2558 [chan receive, 3 minutes]:
github.com/ThreeDotsLabs/watermill/message.(*handler).run(0xc00093c340, {0x1083d4720, 0xc0001b29b0}, {0xc00018a480, 0x6, 0xc000748f78?})
	/Users/jace/go/pkg/mod/github.com/!three!dots!labs/watermill@v1.4.6/message/router.go:645 +0x2b4
github.com/ThreeDotsLabs/watermill/message.(*Router).RunHandlers.func1()
	/Users/jace/go/pkg/mod/github.com/!three!dots!labs/watermill@v1.4.6/message/router.go:460 +0x145
created by github.com/ThreeDotsLabs/watermill/message.(*Router).RunHandlers in goroutine 3192
	/Users/jace/go/pkg/mod/github.com/!three!dots!labs/watermill@v1.4.6/message/router.go:453 +0x606

goroutine 12672 [select, 2 minutes]:
github.com/nats-io/nats.go/jetstream.(*pullSubscription).Next(0xc000db98c0)
	/Users/jace/go/pkg/mod/github.com/nats-io/nats.go@v1.41.1/jetstream/pull.go:589 +0x285
github.com/Black-And-White-Club/frolf-bot-shared/eventbus.(*eventBus).Subscribe.func1()
	/Users/jace/Documents/GitHub/frolf-bot-shared/eventbus/eventbus.go:326 +0x169
created by github.com/Black-And-White-Club/frolf-bot-shared/eventbus.(*eventBus).Subscribe in goroutine 12685
	/Users/jace/Documents/GitHub/frolf-bot-shared/eventbus/eventbus.go:315 +0xbf1

goroutine 3236 [chan receive, 3 minutes]:
github.com/ThreeDotsLabs/watermill/message.(*handler).run(0xc00093c820, {0x1083d4720, 0xc0001545a0}, {0xc0006aa0c0, 0x6, 0x1000000000001?})
	/Users/jace/go/pkg/mod/github.com/!three!dots!labs/watermill@v1.4.6/message/router.go:645 +0x2b4
github.com/ThreeDotsLabs/watermill/message.(*Router).RunHandlers.func1()
	/Users/jace/go/pkg/mod/github.com/!three!dots!labs/watermill@v1.4.6/message/router.go:460 +0x145
created by github.com/ThreeDotsLabs/watermill/message.(*Router).RunHandlers in goroutine 3192
	/Users/jace/go/pkg/mod/github.com/!three!dots!labs/watermill@v1.4.6/message/router.go:453 +0x606

goroutine 5208 [select, 3 minutes]:
github.com/nats-io/nats.go/jetstream.(*pullSubscription).Next(0xc000b32ea0)
	/Users/jace/go/pkg/mod/github.com/nats-io/nats.go@v1.41.1/jetstream/pull.go:589 +0x285
github.com/Black-And-White-Club/frolf-bot-shared/eventbus.(*eventBus).Subscribe.func1()
	/Users/jace/Documents/GitHub/frolf-bot-shared/eventbus/eventbus.go:326 +0x169
created by github.com/Black-And-White-Club/frolf-bot-shared/eventbus.(*eventBus).Subscribe in goroutine 5204
	/Users/jace/Documents/GitHub/frolf-bot-shared/eventbus/eventbus.go:315 +0xbf1

goroutine 5223 [chan receive, 3 minutes]:
github.com/ThreeDotsLabs/watermill/message.(*messageTransformSubscriberDecorator).Subscribe.func1()
	/Users/jace/go/pkg/mod/github.com/!three!dots!labs/watermill@v1.4.6/message/decorator.go:52 +0x85
created by github.com/ThreeDotsLabs/watermill/message.(*messageTransformSubscriberDecorator).Subscribe in goroutine 5204
	/Users/jace/go/pkg/mod/github.com/!three!dots!labs/watermill@v1.4.6/message/decorator.go:51 +0xc7

goroutine 3198 [chan receive, 4 minutes]:
github.com/ThreeDotsLabs/watermill/message.(*handler).run(0xc00093c680, {0x1083d4720, 0xc0009562d0}, {0xc00057ad80, 0x6, 0x0?})
	/Users/jace/go/pkg/mod/github.com/!three!dots!labs/watermill@v1.4.6/message/router.go:645 +0x2b4
github.com/ThreeDotsLabs/watermill/message.(*Router).RunHandlers.func1()
	/Users/jace/go/pkg/mod/github.com/!three!dots!labs/watermill@v1.4.6/message/router.go:460 +0x145
created by github.com/ThreeDotsLabs/watermill/message.(*Router).RunHandlers in goroutine 3192
	/Users/jace/go/pkg/mod/github.com/!three!dots!labs/watermill@v1.4.6/message/router.go:453 +0x606

goroutine 3197 [chan receive, 4 minutes]:
github.com/ThreeDotsLabs/watermill/message.(*messageTransformSubscriberDecorator).Subscribe.func1()
	/Users/jace/go/pkg/mod/github.com/!three!dots!labs/watermill@v1.4.6/message/decorator.go:52 +0x85
created by github.com/ThreeDotsLabs/watermill/message.(*messageTransformSubscriberDecorator).Subscribe in goroutine 3192
	/Users/jace/go/pkg/mod/github.com/!three!dots!labs/watermill@v1.4.6/message/decorator.go:51 +0xc7

goroutine 3191 [sync.Cond.Wait, 3 minutes]:
sync.runtime_notifyListWait(0xc00080a990, 0x1c)
	/usr/local/Cellar/go/1.24.2/libexec/src/runtime/sema.go:597 +0x159
sync.(*Cond).Wait(0x1083d4720?)
	/usr/local/Cellar/go/1.24.2/libexec/src/sync/cond.go:71 +0x85
github.com/nats-io/nats%2ego.(*Conn).waitForMsgs(0xc00043a308, 0xc0000fe960)
	/Users/jace/go/pkg/mod/github.com/nats-io/nats.go@v1.41.1/nats.go:3178 +0xc5
created by github.com/nats-io/nats%2ego.(*Conn).subscribeLocked in goroutine 2522
	/Users/jace/go/pkg/mod/github.com/nats-io/nats.go@v1.41.1/nats.go:4468 +0x419

goroutine 5991 [select, 3 minutes]:
github.com/nats-io/nats.go/jetstream.(*pullConsumer).Messages.func2()
	/Users/jace/go/pkg/mod/github.com/nats-io/nats.go@v1.41.1/jetstream/pull.go:538 +0x68
created by github.com/nats-io/nats.go/jetstream.(*pullConsumer).Messages in goroutine 5866
	/Users/jace/go/pkg/mod/github.com/nats-io/nats.go@v1.41.1/jetstream/pull.go:536 +0x78a

goroutine 3194 [select, 4 minutes]:
github.com/nats-io/nats.go/jetstream.(*pullSubscription).pullMessages(0xc000ae0120, {0xc0008b6850, 0x61})
	/Users/jace/go/pkg/mod/github.com/nats-io/nats.go@v1.41.1/jetstream/pull.go:955 +0x91
created by github.com/nats-io/nats.go/jetstream.(*pullConsumer).Messages in goroutine 3192
	/Users/jace/go/pkg/mod/github.com/nats-io/nats.go@v1.41.1/jetstream/pull.go:534 +0x748

goroutine 5224 [chan receive, 3 minutes]:
github.com/ThreeDotsLabs/watermill/message.(*handler).run(0xc0005121a0, {0x1083d4720, 0xc000d0de50}, {0xc000ba6840, 0x6, 0xc000669f78?})
	/Users/jace/go/pkg/mod/github.com/!three!dots!labs/watermill@v1.4.6/message/router.go:645 +0x2b4
github.com/ThreeDotsLabs/watermill/message.(*Router).RunHandlers.func1()
	/Users/jace/go/pkg/mod/github.com/!three!dots!labs/watermill@v1.4.6/message/router.go:460 +0x145
created by github.com/ThreeDotsLabs/watermill/message.(*Router).RunHandlers in goroutine 5204
	/Users/jace/go/pkg/mod/github.com/!three!dots!labs/watermill@v1.4.6/message/router.go:453 +0x606

goroutine 3195 [select, 3 minutes]:
github.com/nats-io/nats.go/jetstream.(*pullConsumer).Messages.func2()
	/Users/jace/go/pkg/mod/github.com/nats-io/nats.go@v1.41.1/jetstream/pull.go:538 +0x68
created by github.com/nats-io/nats.go/jetstream.(*pullConsumer).Messages in goroutine 3192
	/Users/jace/go/pkg/mod/github.com/nats-io/nats.go@v1.41.1/jetstream/pull.go:536 +0x78a

goroutine 5222 [select, 3 minutes]:
github.com/nats-io/nats.go/jetstream.(*pullSubscription).Next(0xc000bb9200)
	/Users/jace/go/pkg/mod/github.com/nats-io/nats.go@v1.41.1/jetstream/pull.go:589 +0x285
github.com/Black-And-White-Club/frolf-bot-shared/eventbus.(*eventBus).Subscribe.func1()
	/Users/jace/Documents/GitHub/frolf-bot-shared/eventbus/eventbus.go:326 +0x169
created by github.com/Black-And-White-Club/frolf-bot-shared/eventbus.(*eventBus).Subscribe in goroutine 5204
	/Users/jace/Documents/GitHub/frolf-bot-shared/eventbus/eventbus.go:315 +0xbf1

goroutine 3196 [select, 3 minutes]:
github.com/nats-io/nats.go/jetstream.(*pullSubscription).Next(0xc000ae0120)
	/Users/jace/go/pkg/mod/github.com/nats-io/nats.go@v1.41.1/jetstream/pull.go:589 +0x285
github.com/Black-And-White-Club/frolf-bot-shared/eventbus.(*eventBus).Subscribe.func1()
	/Users/jace/Documents/GitHub/frolf-bot-shared/eventbus/eventbus.go:326 +0x169
created by github.com/Black-And-White-Club/frolf-bot-shared/eventbus.(*eventBus).Subscribe in goroutine 3192
	/Users/jace/Documents/GitHub/frolf-bot-shared/eventbus/eventbus.go:315 +0xbf1

goroutine 5873 [chan receive, 3 minutes]:
github.com/ThreeDotsLabs/watermill/message.(*handler).run(0xc000ca8d00, {0x1083d4720, 0xc000b26320}, {0xc0009be0c0, 0x6, 0x0?})
	/Users/jace/go/pkg/mod/github.com/!three!dots!labs/watermill@v1.4.6/message/router.go:645 +0x2b4
github.com/ThreeDotsLabs/watermill/message.(*Router).RunHandlers.func1()
	/Users/jace/go/pkg/mod/github.com/!three!dots!labs/watermill@v1.4.6/message/router.go:460 +0x145
created by github.com/ThreeDotsLabs/watermill/message.(*Router).RunHandlers in goroutine 5866
	/Users/jace/go/pkg/mod/github.com/!three!dots!labs/watermill@v1.4.6/message/router.go:453 +0x606

goroutine 25340 [select]:
github.com/nats-io/nats.go/jetstream.(*pullSubscription).Next(0xc0014fe900)
	/Users/jace/go/pkg/mod/github.com/nats-io/nats.go@v1.41.1/jetstream/pull.go:589 +0x285
github.com/Black-And-White-Club/frolf-bot-shared/eventbus.(*eventBus).Subscribe.func1()
	/Users/jace/Documents/GitHub/frolf-bot-shared/eventbus/eventbus.go:326 +0x169
created by github.com/Black-And-White-Club/frolf-bot-shared/eventbus.(*eventBus).Subscribe in goroutine 25323
	/Users/jace/Documents/GitHub/frolf-bot-shared/eventbus/eventbus.go:315 +0xbf1

goroutine 4637 [select, 3 minutes]:
github.com/nats-io/nats.go/jetstream.(*pullConsumer).Messages.func2()
	/Users/jace/go/pkg/mod/github.com/nats-io/nats.go@v1.41.1/jetstream/pull.go:538 +0x68
created by github.com/nats-io/nats.go/jetstream.(*pullConsumer).Messages in goroutine 4702
	/Users/jace/go/pkg/mod/github.com/nats-io/nats.go@v1.41.1/jetstream/pull.go:536 +0x78a

goroutine 8662 [select]:
github.com/nats-io/nats%2ego.(*Conn).doReconnect(0xc000314a08, {0x1083c48c8, 0x108d63970}, 0x0)
	/Users/jace/go/pkg/mod/github.com/nats-io/nats.go@v1.41.1/nats.go:2907 +0x41a
created by github.com/nats-io/nats%2ego.(*Conn).processOpErr in goroutine 8516
	/Users/jace/go/pkg/mod/github.com/nats-io/nats.go@v1.41.1/nats.go:3043 +0x2f3

goroutine 6036 [select, 3 minutes]:
github.com/nats-io/nats.go/jetstream.(*pullSubscription).Next(0xc000c9d950)
	/Users/jace/go/pkg/mod/github.com/nats-io/nats.go@v1.41.1/jetstream/pull.go:589 +0x285
github.com/Black-And-White-Club/frolf-bot-shared/eventbus.(*eventBus).Subscribe.func1()
	/Users/jace/Documents/GitHub/frolf-bot-shared/eventbus/eventbus.go:326 +0x169
created by github.com/Black-And-White-Club/frolf-bot-shared/eventbus.(*eventBus).Subscribe in goroutine 5866
	/Users/jace/Documents/GitHub/frolf-bot-shared/eventbus/eventbus.go:315 +0xbf1

goroutine 4557 [select, 3 minutes]:
github.com/nats-io/nats.go/jetstream.(*pullConsumer).Messages.func2()
	/Users/jace/go/pkg/mod/github.com/nats-io/nats.go@v1.41.1/jetstream/pull.go:538 +0x68
created by github.com/nats-io/nats.go/jetstream.(*pullConsumer).Messages in goroutine 4702
	/Users/jace/go/pkg/mod/github.com/nats-io/nats.go@v1.41.1/jetstream/pull.go:536 +0x78a

goroutine 6037 [chan receive, 3 minutes]:
github.com/ThreeDotsLabs/watermill/message.(*messageTransformSubscriberDecorator).Subscribe.func1()
	/Users/jace/go/pkg/mod/github.com/!three!dots!labs/watermill@v1.4.6/message/decorator.go:52 +0x85
created by github.com/ThreeDotsLabs/watermill/message.(*messageTransformSubscriberDecorator).Subscribe in goroutine 5866
	/Users/jace/go/pkg/mod/github.com/!three!dots!labs/watermill@v1.4.6/message/decorator.go:51 +0xc7

goroutine 4649 [sync.Cond.Wait, 3 minutes]:
sync.runtime_notifyListWait(0xc000abe910, 0x1c)
	/usr/local/Cellar/go/1.24.2/libexec/src/runtime/sema.go:597 +0x159
sync.(*Cond).Wait(0xc000adaa70?)
	/usr/local/Cellar/go/1.24.2/libexec/src/sync/cond.go:71 +0x85
github.com/nats-io/nats%2ego.(*Conn).waitForMsgs(0xc0006be008, 0xc0000ff770)
	/Users/jace/go/pkg/mod/github.com/nats-io/nats.go@v1.41.1/nats.go:3178 +0xc5
created by github.com/nats-io/nats%2ego.(*Conn).subscribeLocked in goroutine 4001
	/Users/jace/go/pkg/mod/github.com/nats-io/nats.go@v1.41.1/nats.go:4468 +0x419

goroutine 3875 [select, 3 minutes]:
github.com/nats-io/nats.go/jetstream.(*pullSubscription).pullMessages(0xc000ae0510, {0xc0008c2b60, 0x63})
	/Users/jace/go/pkg/mod/github.com/nats-io/nats.go@v1.41.1/jetstream/pull.go:955 +0x91
created by github.com/nats-io/nats.go/jetstream.(*pullConsumer).Messages in goroutine 3834
	/Users/jace/go/pkg/mod/github.com/nats-io/nats.go@v1.41.1/jetstream/pull.go:534 +0x748

goroutine 6038 [chan receive, 3 minutes]:
github.com/ThreeDotsLabs/watermill/message.(*handler).run(0xc000ca8a90, {0x1083d4720, 0xc000956410}, {0xc000168180, 0x6, 0x0?})
	/Users/jace/go/pkg/mod/github.com/!three!dots!labs/watermill@v1.4.6/message/router.go:645 +0x2b4
github.com/ThreeDotsLabs/watermill/message.(*Router).RunHandlers.func1()
	/Users/jace/go/pkg/mod/github.com/!three!dots!labs/watermill@v1.4.6/message/router.go:460 +0x145
created by github.com/ThreeDotsLabs/watermill/message.(*Router).RunHandlers in goroutine 5866
	/Users/jace/go/pkg/mod/github.com/!three!dots!labs/watermill@v1.4.6/message/router.go:453 +0x606

goroutine 3193 [sync.WaitGroup.Wait, 4 minutes]:
sync.runtime_SemacquireWaitGroup(0xc0007387b8?)
	/usr/local/Cellar/go/1.24.2/libexec/src/runtime/sema.go:110 +0x25
sync.(*WaitGroup).Wait(0xc0002b0310?)
	/usr/local/Cellar/go/1.24.2/libexec/src/sync/waitgroup.go:118 +0x48
github.com/ThreeDotsLabs/watermill/message.(*Router).watchAllHandlersStopped.func1()
	/Users/jace/go/pkg/mod/github.com/!three!dots!labs/watermill@v1.4.6/message/router.go:498 +0x86
created by github.com/ThreeDotsLabs/watermill/message.(*Router).watchAllHandlersStopped in goroutine 3192
	/Users/jace/go/pkg/mod/github.com/!three!dots!labs/watermill@v1.4.6/message/router.go:484 +0xec

goroutine 3151 [select, 4 minutes]:
github.com/nats-io/nats.go/jetstream.(*pullSubscription).pullMessages(0xc000150ab0, {0xc00011ce70, 0x63})
	/Users/jace/go/pkg/mod/github.com/nats-io/nats.go@v1.41.1/jetstream/pull.go:955 +0x91
created by github.com/nats-io/nats.go/jetstream.(*pullConsumer).Messages in goroutine 3192
	/Users/jace/go/pkg/mod/github.com/nats-io/nats.go@v1.41.1/jetstream/pull.go:534 +0x748

goroutine 6035 [select, 3 minutes]:
github.com/nats-io/nats.go/jetstream.(*pullConsumer).Messages.func2()
	/Users/jace/go/pkg/mod/github.com/nats-io/nats.go@v1.41.1/jetstream/pull.go:538 +0x68
created by github.com/nats-io/nats.go/jetstream.(*pullConsumer).Messages in goroutine 5866
	/Users/jace/go/pkg/mod/github.com/nats-io/nats.go@v1.41.1/jetstream/pull.go:536 +0x78a

goroutine 10172 [chan receive, 2 minutes]:
github.com/ThreeDotsLabs/watermill/message.(*messageTransformSubscriberDecorator).Subscribe.func1()
	/Users/jace/go/pkg/mod/github.com/!three!dots!labs/watermill@v1.4.6/message/decorator.go:52 +0x85
created by github.com/ThreeDotsLabs/watermill/message.(*messageTransformSubscriberDecorator).Subscribe in goroutine 9951
	/Users/jace/go/pkg/mod/github.com/!three!dots!labs/watermill@v1.4.6/message/decorator.go:51 +0xc7

goroutine 3190 [sync.Cond.Wait, 4 minutes]:
sync.runtime_notifyListWait(0xc000783290, 0x0)
	/usr/local/Cellar/go/1.24.2/libexec/src/runtime/sema.go:597 +0x159
sync.(*Cond).Wait(0xc000283570?)
	/usr/local/Cellar/go/1.24.2/libexec/src/sync/cond.go:71 +0x85
github.com/nats-io/nats%2ego.(*asyncCallbacksHandler).asyncCBDispatcher(0xc000135ae0)
	/Users/jace/go/pkg/mod/github.com/nats-io/nats.go@v1.41.1/nats.go:3059 +0xdd
created by github.com/nats-io/nats%2ego.Options.Connect in goroutine 2522
	/Users/jace/go/pkg/mod/github.com/nats-io/nats.go@v1.41.1/nats.go:1635 +0x387

goroutine 6007 [sync.Cond.Wait, 3 minutes]:
sync.runtime_notifyListWait(0xc000d1af90, 0x1c)
	/usr/local/Cellar/go/1.24.2/libexec/src/runtime/sema.go:597 +0x159
sync.(*Cond).Wait(0x1076bc160?)
	/usr/local/Cellar/go/1.24.2/libexec/src/sync/cond.go:71 +0x85
github.com/nats-io/nats%2ego.(*Conn).waitForMsgs(0xc0006c0308, 0xc0003e6870)
	/Users/jace/go/pkg/mod/github.com/nats-io/nats.go@v1.41.1/nats.go:3178 +0xc5
created by github.com/nats-io/nats%2ego.(*Conn).subscribeLocked in goroutine 5363
	/Users/jace/go/pkg/mod/github.com/nats-io/nats.go@v1.41.1/nats.go:4468 +0x419

goroutine 3285 [select]:
github.com/nats-io/nats%2ego.(*Conn).doReconnect(0xc000159c08, {0x1083c48c8, 0x108d63970}, 0x0)
	/Users/jace/go/pkg/mod/github.com/nats-io/nats.go@v1.41.1/nats.go:2907 +0x41a
created by github.com/nats-io/nats%2ego.(*Conn).processOpErr in goroutine 3183
	/Users/jace/go/pkg/mod/github.com/nats-io/nats.go@v1.41.1/nats.go:3043 +0x2f3

goroutine 5872 [chan receive, 3 minutes]:
github.com/ThreeDotsLabs/watermill/message.(*messageTransformSubscriberDecorator).Subscribe.func1()
	/Users/jace/go/pkg/mod/github.com/!three!dots!labs/watermill@v1.4.6/message/decorator.go:52 +0x85
created by github.com/ThreeDotsLabs/watermill/message.(*messageTransformSubscriberDecorator).Subscribe in goroutine 5866
	/Users/jace/go/pkg/mod/github.com/!three!dots!labs/watermill@v1.4.6/message/decorator.go:51 +0xc7

goroutine 3931 [chan receive, 3 minutes]:
github.com/ThreeDotsLabs/watermill/message.(*messageTransformSubscriberDecorator).Subscribe.func1()
	/Users/jace/go/pkg/mod/github.com/!three!dots!labs/watermill@v1.4.6/message/decorator.go:52 +0x85
created by github.com/ThreeDotsLabs/watermill/message.(*messageTransformSubscriberDecorator).Subscribe in goroutine 5866
	/Users/jace/go/pkg/mod/github.com/!three!dots!labs/watermill@v1.4.6/message/decorator.go:51 +0xc7

goroutine 3308 [select]:
github.com/nats-io/nats%2ego.(*Conn).doReconnect(0xc00043a308, {0x1083c48c8, 0x108d63970}, 0x0)
	/Users/jace/go/pkg/mod/github.com/nats-io/nats.go@v1.41.1/nats.go:2907 +0x41a
created by github.com/nats-io/nats%2ego.(*Conn).processOpErr in goroutine 3180
	/Users/jace/go/pkg/mod/github.com/nats-io/nats.go@v1.41.1/nats.go:3043 +0x2f3

goroutine 3152 [select, 3 minutes]:
github.com/nats-io/nats.go/jetstream.(*pullConsumer).Messages.func2()
	/Users/jace/go/pkg/mod/github.com/nats-io/nats.go@v1.41.1/jetstream/pull.go:538 +0x68
created by github.com/nats-io/nats.go/jetstream.(*pullConsumer).Messages in goroutine 3192
	/Users/jace/go/pkg/mod/github.com/nats-io/nats.go@v1.41.1/jetstream/pull.go:536 +0x78a

goroutine 3153 [select, 3 minutes]:
github.com/nats-io/nats.go/jetstream.(*pullSubscription).Next(0xc000150ab0)
	/Users/jace/go/pkg/mod/github.com/nats-io/nats.go@v1.41.1/jetstream/pull.go:589 +0x285
github.com/Black-And-White-Club/frolf-bot-shared/eventbus.(*eventBus).Subscribe.func1()
	/Users/jace/Documents/GitHub/frolf-bot-shared/eventbus/eventbus.go:326 +0x169
created by github.com/Black-And-White-Club/frolf-bot-shared/eventbus.(*eventBus).Subscribe in goroutine 3192
	/Users/jace/Documents/GitHub/frolf-bot-shared/eventbus/eventbus.go:315 +0xbf1

goroutine 3218 [chan receive, 3 minutes]:
github.com/ThreeDotsLabs/watermill/message.(*messageTransformSubscriberDecorator).Subscribe.func1()
	/Users/jace/go/pkg/mod/github.com/!three!dots!labs/watermill@v1.4.6/message/decorator.go:52 +0x85
created by github.com/ThreeDotsLabs/watermill/message.(*messageTransformSubscriberDecorator).Subscribe in goroutine 3192
	/Users/jace/go/pkg/mod/github.com/!three!dots!labs/watermill@v1.4.6/message/decorator.go:51 +0xc7

goroutine 3219 [chan receive, 3 minutes]:
github.com/ThreeDotsLabs/watermill/message.(*handler).run(0xc00093c750, {0x1083d4720, 0xc000956460}, {0xc000986000, 0x6, 0x0?})
	/Users/jace/go/pkg/mod/github.com/!three!dots!labs/watermill@v1.4.6/message/router.go:645 +0x2b4
github.com/ThreeDotsLabs/watermill/message.(*Router).RunHandlers.func1()
	/Users/jace/go/pkg/mod/github.com/!three!dots!labs/watermill@v1.4.6/message/router.go:460 +0x145
created by github.com/ThreeDotsLabs/watermill/message.(*Router).RunHandlers in goroutine 3192
	/Users/jace/go/pkg/mod/github.com/!three!dots!labs/watermill@v1.4.6/message/router.go:453 +0x606

goroutine 3204 [select, 3 minutes]:
github.com/nats-io/nats.go/jetstream.(*pullSubscription).pullMessages(0xc000ae0240, {0xc00051c060, 0x5b})
	/Users/jace/go/pkg/mod/github.com/nats-io/nats.go@v1.41.1/jetstream/pull.go:955 +0x91
created by github.com/nats-io/nats.go/jetstream.(*pullConsumer).Messages in goroutine 3192
	/Users/jace/go/pkg/mod/github.com/nats-io/nats.go@v1.41.1/jetstream/pull.go:534 +0x748

goroutine 3205 [select, 3 minutes]:
github.com/nats-io/nats.go/jetstream.(*pullConsumer).Messages.func2()
	/Users/jace/go/pkg/mod/github.com/nats-io/nats.go@v1.41.1/jetstream/pull.go:538 +0x68
created by github.com/nats-io/nats.go/jetstream.(*pullConsumer).Messages in goroutine 3192
	/Users/jace/go/pkg/mod/github.com/nats-io/nats.go@v1.41.1/jetstream/pull.go:536 +0x78a

goroutine 3206 [select, 3 minutes]:
github.com/nats-io/nats.go/jetstream.(*pullSubscription).Next(0xc000ae0240)
	/Users/jace/go/pkg/mod/github.com/nats-io/nats.go@v1.41.1/jetstream/pull.go:589 +0x285
github.com/Black-And-White-Club/frolf-bot-shared/eventbus.(*eventBus).Subscribe.func1()
	/Users/jace/Documents/GitHub/frolf-bot-shared/eventbus/eventbus.go:326 +0x169
created by github.com/Black-And-White-Club/frolf-bot-shared/eventbus.(*eventBus).Subscribe in goroutine 3192
	/Users/jace/Documents/GitHub/frolf-bot-shared/eventbus/eventbus.go:315 +0xbf1

goroutine 3207 [chan receive, 3 minutes]:
github.com/ThreeDotsLabs/watermill/message.(*messageTransformSubscriberDecorator).Subscribe.func1()
	/Users/jace/go/pkg/mod/github.com/!three!dots!labs/watermill@v1.4.6/message/decorator.go:52 +0x85
created by github.com/ThreeDotsLabs/watermill/message.(*messageTransformSubscriberDecorator).Subscribe in goroutine 3192
	/Users/jace/go/pkg/mod/github.com/!three!dots!labs/watermill@v1.4.6/message/decorator.go:51 +0xc7

goroutine 3208 [chan receive, 3 minutes]:
github.com/ThreeDotsLabs/watermill/message.(*handler).run(0xc00093c8f0, {0x1083d4720, 0xc000154320}, {0xc0009860c0, 0x6, 0x0?})
	/Users/jace/go/pkg/mod/github.com/!three!dots!labs/watermill@v1.4.6/message/router.go:645 +0x2b4
github.com/ThreeDotsLabs/watermill/message.(*Router).RunHandlers.func1()
	/Users/jace/go/pkg/mod/github.com/!three!dots!labs/watermill@v1.4.6/message/router.go:460 +0x145
created by github.com/ThreeDotsLabs/watermill/message.(*Router).RunHandlers in goroutine 3192
	/Users/jace/go/pkg/mod/github.com/!three!dots!labs/watermill@v1.4.6/message/router.go:453 +0x606

goroutine 3209 [select, 3 minutes]:
github.com/nats-io/nats.go/jetstream.(*pullSubscription).pullMessages(0xc000ae0750, {0xc00051c1e0, 0x55})
	/Users/jace/go/pkg/mod/github.com/nats-io/nats.go@v1.41.1/jetstream/pull.go:955 +0x91
created by github.com/nats-io/nats.go/jetstream.(*pullConsumer).Messages in goroutine 3192
	/Users/jace/go/pkg/mod/github.com/nats-io/nats.go@v1.41.1/jetstream/pull.go:534 +0x748

goroutine 3210 [select, 3 minutes]:
github.com/nats-io/nats.go/jetstream.(*pullConsumer).Messages.func2()
	/Users/jace/go/pkg/mod/github.com/nats-io/nats.go@v1.41.1/jetstream/pull.go:538 +0x68
created by github.com/nats-io/nats.go/jetstream.(*pullConsumer).Messages in goroutine 3192
	/Users/jace/go/pkg/mod/github.com/nats-io/nats.go@v1.41.1/jetstream/pull.go:536 +0x78a

goroutine 3211 [select, 3 minutes]:
github.com/nats-io/nats.go/jetstream.(*pullSubscription).Next(0xc000ae0750)
	/Users/jace/go/pkg/mod/github.com/nats-io/nats.go@v1.41.1/jetstream/pull.go:589 +0x285
github.com/Black-And-White-Club/frolf-bot-shared/eventbus.(*eventBus).Subscribe.func1()
	/Users/jace/Documents/GitHub/frolf-bot-shared/eventbus/eventbus.go:326 +0x169
created by github.com/Black-And-White-Club/frolf-bot-shared/eventbus.(*eventBus).Subscribe in goroutine 3192
	/Users/jace/Documents/GitHub/frolf-bot-shared/eventbus/eventbus.go:315 +0xbf1

goroutine 3212 [chan receive, 3 minutes]:
github.com/ThreeDotsLabs/watermill/message.(*messageTransformSubscriberDecorator).Subscribe.func1()
	/Users/jace/go/pkg/mod/github.com/!three!dots!labs/watermill@v1.4.6/message/decorator.go:52 +0x85
created by github.com/ThreeDotsLabs/watermill/message.(*messageTransformSubscriberDecorator).Subscribe in goroutine 3192
	/Users/jace/go/pkg/mod/github.com/!three!dots!labs/watermill@v1.4.6/message/decorator.go:51 +0xc7

goroutine 3213 [chan receive, 3 minutes]:
github.com/ThreeDotsLabs/watermill/message.(*handler).run(0xc00093c9c0, {0x1083d4720, 0xc0001b2820}, {0xc00018a180, 0x6, 0x2c7d5d7d22223a22?})
	/Users/jace/go/pkg/mod/github.com/!three!dots!labs/watermill@v1.4.6/message/router.go:645 +0x2b4
github.com/ThreeDotsLabs/watermill/message.(*Router).RunHandlers.func1()
	/Users/jace/go/pkg/mod/github.com/!three!dots!labs/watermill@v1.4.6/message/router.go:460 +0x145
created by github.com/ThreeDotsLabs/watermill/message.(*Router).RunHandlers in goroutine 3192
	/Users/jace/go/pkg/mod/github.com/!three!dots!labs/watermill@v1.4.6/message/router.go:453 +0x606

goroutine 3215 [select, 3 minutes]:
github.com/nats-io/nats.go/jetstream.(*pullConsumer).Messages.func2()
	/Users/jace/go/pkg/mod/github.com/nats-io/nats.go@v1.41.1/jetstream/pull.go:538 +0x68
created by github.com/nats-io/nats.go/jetstream.(*pullConsumer).Messages in goroutine 3192
	/Users/jace/go/pkg/mod/github.com/nats-io/nats.go@v1.41.1/jetstream/pull.go:536 +0x78a

goroutine 3216 [select, 3 minutes]:
github.com/nats-io/nats.go/jetstream.(*pullSubscription).Next(0xc000ae0c60)
	/Users/jace/go/pkg/mod/github.com/nats-io/nats.go@v1.41.1/jetstream/pull.go:589 +0x285
github.com/Black-And-White-Club/frolf-bot-shared/eventbus.(*eventBus).Subscribe.func1()
	/Users/jace/Documents/GitHub/frolf-bot-shared/eventbus/eventbus.go:326 +0x169
created by github.com/Black-And-White-Club/frolf-bot-shared/eventbus.(*eventBus).Subscribe in goroutine 3192
	/Users/jace/Documents/GitHub/frolf-bot-shared/eventbus/eventbus.go:315 +0xbf1

goroutine 3217 [chan receive, 3 minutes]:
github.com/ThreeDotsLabs/watermill/message.(*messageTransformSubscriberDecorator).Subscribe.func1()
	/Users/jace/go/pkg/mod/github.com/!three!dots!labs/watermill@v1.4.6/message/decorator.go:52 +0x85
created by github.com/ThreeDotsLabs/watermill/message.(*messageTransformSubscriberDecorator).Subscribe in goroutine 3192
	/Users/jace/go/pkg/mod/github.com/!three!dots!labs/watermill@v1.4.6/message/decorator.go:51 +0xc7

goroutine 3250 [chan receive, 3 minutes]:
github.com/ThreeDotsLabs/watermill/message.(*handler).run(0xc00093c4e0, {0x1083d4720, 0xc0009560a0}, {0xc00018a540, 0x6, 0x107e7fe68?})
	/Users/jace/go/pkg/mod/github.com/!three!dots!labs/watermill@v1.4.6/message/router.go:645 +0x2b4
github.com/ThreeDotsLabs/watermill/message.(*Router).RunHandlers.func1()
	/Users/jace/go/pkg/mod/github.com/!three!dots!labs/watermill@v1.4.6/message/router.go:460 +0x145
created by github.com/ThreeDotsLabs/watermill/message.(*Router).RunHandlers in goroutine 3192
	/Users/jace/go/pkg/mod/github.com/!three!dots!labs/watermill@v1.4.6/message/router.go:453 +0x606

goroutine 3220 [select, 3 minutes]:
github.com/nats-io/nats.go/jetstream.(*pullSubscription).pullMessages(0xc0001506c0, {0xc00011c850, 0x63})
	/Users/jace/go/pkg/mod/github.com/nats-io/nats.go@v1.41.1/jetstream/pull.go:955 +0x91
created by github.com/nats-io/nats.go/jetstream.(*pullConsumer).Messages in goroutine 3192
	/Users/jace/go/pkg/mod/github.com/nats-io/nats.go@v1.41.1/jetstream/pull.go:534 +0x748

goroutine 3221 [select, 3 minutes]:
github.com/nats-io/nats.go/jetstream.(*pullConsumer).Messages.func2()
	/Users/jace/go/pkg/mod/github.com/nats-io/nats.go@v1.41.1/jetstream/pull.go:538 +0x68
created by github.com/nats-io/nats.go/jetstream.(*pullConsumer).Messages in goroutine 3192
	/Users/jace/go/pkg/mod/github.com/nats-io/nats.go@v1.41.1/jetstream/pull.go:536 +0x78a

goroutine 3222 [select, 3 minutes]:
github.com/nats-io/nats.go/jetstream.(*pullSubscription).Next(0xc0001506c0)
	/Users/jace/go/pkg/mod/github.com/nats-io/nats.go@v1.41.1/jetstream/pull.go:589 +0x285
github.com/Black-And-White-Club/frolf-bot-shared/eventbus.(*eventBus).Subscribe.func1()
	/Users/jace/Documents/GitHub/frolf-bot-shared/eventbus/eventbus.go:326 +0x169
created by github.com/Black-And-White-Club/frolf-bot-shared/eventbus.(*eventBus).Subscribe in goroutine 3192
	/Users/jace/Documents/GitHub/frolf-bot-shared/eventbus/eventbus.go:315 +0xbf1

goroutine 3223 [chan receive, 3 minutes]:
github.com/ThreeDotsLabs/watermill/message.(*messageTransformSubscriberDecorator).Subscribe.func1()
	/Users/jace/go/pkg/mod/github.com/!three!dots!labs/watermill@v1.4.6/message/decorator.go:52 +0x85
created by github.com/ThreeDotsLabs/watermill/message.(*messageTransformSubscriberDecorator).Subscribe in goroutine 3192
	/Users/jace/go/pkg/mod/github.com/!three!dots!labs/watermill@v1.4.6/message/decorator.go:51 +0xc7

goroutine 3224 [chan receive, 3 minutes]:
github.com/ThreeDotsLabs/watermill/message.(*handler).run(0xc00093c5b0, {0x1083d4720, 0xc0001b2be0}, {0xc00084a000, 0x6, 0x0?})
	/Users/jace/go/pkg/mod/github.com/!three!dots!labs/watermill@v1.4.6/message/router.go:645 +0x2b4
github.com/ThreeDotsLabs/watermill/message.(*Router).RunHandlers.func1()
	/Users/jace/go/pkg/mod/github.com/!three!dots!labs/watermill@v1.4.6/message/router.go:460 +0x145
created by github.com/ThreeDotsLabs/watermill/message.(*Router).RunHandlers in goroutine 3192
	/Users/jace/go/pkg/mod/github.com/!three!dots!labs/watermill@v1.4.6/message/router.go:453 +0x606

goroutine 9065 [select, 2 minutes]:
github.com/nats-io/nats.go/jetstream.(*pullConsumer).Messages.func2()
	/Users/jace/go/pkg/mod/github.com/nats-io/nats.go@v1.41.1/jetstream/pull.go:538 +0x68
created by github.com/nats-io/nats.go/jetstream.(*pullConsumer).Messages in goroutine 9271
	/Users/jace/go/pkg/mod/github.com/nats-io/nats.go@v1.41.1/jetstream/pull.go:536 +0x78a

goroutine 6953 [chan receive, 3 minutes]:
github.com/ThreeDotsLabs/watermill/message.(*handler).run(0xc0005ca0d0, {0x1083d4720, 0xc000e00050}, {0xc0009cd5c0, 0x6, 0x4?})
	/Users/jace/go/pkg/mod/github.com/!three!dots!labs/watermill@v1.4.6/message/router.go:645 +0x2b4
github.com/ThreeDotsLabs/watermill/message.(*Router).RunHandlers.func1()
	/Users/jace/go/pkg/mod/github.com/!three!dots!labs/watermill@v1.4.6/message/router.go:460 +0x145
created by github.com/ThreeDotsLabs/watermill/message.(*Router).RunHandlers in goroutine 6930
	/Users/jace/go/pkg/mod/github.com/!three!dots!labs/watermill@v1.4.6/message/router.go:453 +0x606

goroutine 3894 [chan receive, 3 minutes]:
github.com/ThreeDotsLabs/watermill/message.(*messageTransformSubscriberDecorator).Subscribe.func1()
	/Users/jace/go/pkg/mod/github.com/!three!dots!labs/watermill@v1.4.6/message/decorator.go:52 +0x85
created by github.com/ThreeDotsLabs/watermill/message.(*messageTransformSubscriberDecorator).Subscribe in goroutine 3834
	/Users/jace/go/pkg/mod/github.com/!three!dots!labs/watermill@v1.4.6/message/decorator.go:51 +0xc7

goroutine 3271 [sync.Cond.Wait, 3 minutes]:
sync.runtime_notifyListWait(0xc0007824d0, 0x2)
	/usr/local/Cellar/go/1.24.2/libexec/src/runtime/sema.go:597 +0x159
sync.(*Cond).Wait(0xc0003e88b0?)
	/usr/local/Cellar/go/1.24.2/libexec/src/sync/cond.go:71 +0x85
github.com/nats-io/nats%2ego.(*Conn).waitForMsgs(0xc000159c08, 0xc0000ff1d0)
	/Users/jace/go/pkg/mod/github.com/nats-io/nats.go@v1.41.1/nats.go:3178 +0xc5
created by github.com/nats-io/nats%2ego.(*Conn).subscribeLocked in goroutine 2522
	/Users/jace/go/pkg/mod/github.com/nats-io/nats.go@v1.41.1/nats.go:4468 +0x419

goroutine 3274 [sync.WaitGroup.Wait, 3 minutes]:
sync.runtime_SemacquireWaitGroup(0x1083d4790?)
	/usr/local/Cellar/go/1.24.2/libexec/src/runtime/sema.go:110 +0x25
sync.(*WaitGroup).Wait(0xc0009d3fd0?)
	/usr/local/Cellar/go/1.24.2/libexec/src/sync/waitgroup.go:118 +0x48
github.com/ThreeDotsLabs/watermill/message.(*Router).waitForHandlers.func1()
	/Users/jace/go/pkg/mod/github.com/!three!dots!labs/watermill@v1.4.6/message/router.go:579 +0x4b
created by github.com/ThreeDotsLabs/watermill/message.(*Router).waitForHandlers in goroutine 2522
	/Users/jace/go/pkg/mod/github.com/!three!dots!labs/watermill@v1.4.6/message/router.go:577 +0x87

goroutine 3883 [chan receive, 3 minutes]:
github.com/ThreeDotsLabs/watermill/message.(*messageTransformSubscriberDecorator).Subscribe.func1()
	/Users/jace/go/pkg/mod/github.com/!three!dots!labs/watermill@v1.4.6/message/decorator.go:52 +0x85
created by github.com/ThreeDotsLabs/watermill/message.(*messageTransformSubscriberDecorator).Subscribe in goroutine 3834
	/Users/jace/go/pkg/mod/github.com/!three!dots!labs/watermill@v1.4.6/message/decorator.go:51 +0xc7

goroutine 4636 [select, 3 minutes]:
github.com/nats-io/nats.go/jetstream.(*pullSubscription).pullMessages(0xc0001514d0, {0xc000d14770, 0x63})
	/Users/jace/go/pkg/mod/github.com/nats-io/nats.go@v1.41.1/jetstream/pull.go:955 +0x91
created by github.com/nats-io/nats.go/jetstream.(*pullConsumer).Messages in goroutine 4702
	/Users/jace/go/pkg/mod/github.com/nats-io/nats.go@v1.41.1/jetstream/pull.go:534 +0x748

goroutine 6034 [select, 3 minutes]:
github.com/nats-io/nats.go/jetstream.(*pullSubscription).pullMessages(0xc000c9d950, {0xc000a522a0, 0x55})
	/Users/jace/go/pkg/mod/github.com/nats-io/nats.go@v1.41.1/jetstream/pull.go:955 +0x91
created by github.com/nats-io/nats.go/jetstream.(*pullConsumer).Messages in goroutine 5866
	/Users/jace/go/pkg/mod/github.com/nats-io/nats.go@v1.41.1/jetstream/pull.go:534 +0x748

goroutine 3874 [sync.Cond.Wait, 3 minutes]:
sync.runtime_notifyListWait(0xc0008e6d50, 0x1c)
	/usr/local/Cellar/go/1.24.2/libexec/src/runtime/sema.go:597 +0x159
sync.(*Cond).Wait(0x0?)
	/usr/local/Cellar/go/1.24.2/libexec/src/sync/cond.go:71 +0x85
github.com/nats-io/nats%2ego.(*Conn).waitForMsgs(0xc000255808, 0xc0000ff3b0)
	/Users/jace/go/pkg/mod/github.com/nats-io/nats.go@v1.41.1/nats.go:3178 +0xc5
created by github.com/nats-io/nats%2ego.(*Conn).subscribeLocked in goroutine 3313
	/Users/jace/go/pkg/mod/github.com/nats-io/nats.go@v1.41.1/nats.go:4468 +0x419

goroutine 5995 [select, 3 minutes]:
github.com/nats-io/nats.go/jetstream.(*pullSubscription).pullMessages(0xc000c26990, {0xc000ab41e0, 0x60})
	/Users/jace/go/pkg/mod/github.com/nats-io/nats.go@v1.41.1/jetstream/pull.go:955 +0x91
created by github.com/nats-io/nats.go/jetstream.(*pullConsumer).Messages in goroutine 5866
	/Users/jace/go/pkg/mod/github.com/nats-io/nats.go@v1.41.1/jetstream/pull.go:534 +0x748

goroutine 3835 [sync.WaitGroup.Wait, 3 minutes]:
sync.runtime_SemacquireWaitGroup(0xc000452000?)
	/usr/local/Cellar/go/1.24.2/libexec/src/runtime/sema.go:110 +0x25
sync.(*WaitGroup).Wait(0xc000255808?)
	/usr/local/Cellar/go/1.24.2/libexec/src/sync/waitgroup.go:118 +0x48
github.com/ThreeDotsLabs/watermill/message.(*Router).watchAllHandlersStopped.func1()
	/Users/jace/go/pkg/mod/github.com/!three!dots!labs/watermill@v1.4.6/message/router.go:498 +0x86
created by github.com/ThreeDotsLabs/watermill/message.(*Router).watchAllHandlersStopped in goroutine 3834
	/Users/jace/go/pkg/mod/github.com/!three!dots!labs/watermill@v1.4.6/message/router.go:484 +0xec

goroutine 3940 [sync.Cond.Wait, 3 minutes]:
sync.runtime_notifyListWait(0xc000aa2650, 0x1)
	/usr/local/Cellar/go/1.24.2/libexec/src/runtime/sema.go:597 +0x159
sync.(*Cond).Wait(0xc00011cae0?)
	/usr/local/Cellar/go/1.24.2/libexec/src/sync/cond.go:71 +0x85
github.com/nats-io/nats%2ego.(*Conn).waitForMsgs(0xc000312008, 0xc000376c30)
	/Users/jace/go/pkg/mod/github.com/nats-io/nats.go@v1.41.1/nats.go:3178 +0xc5
created by github.com/nats-io/nats%2ego.(*Conn).subscribeLocked in goroutine 3313
	/Users/jace/go/pkg/mod/github.com/nats-io/nats.go@v1.41.1/nats.go:4468 +0x419

goroutine 3884 [chan receive, 3 minutes]:
github.com/ThreeDotsLabs/watermill/message.(*handler).run(0xc000824680, {0x1083d4720, 0xc0001549b0}, {0xc000594000, 0x6, 0x4?})
	/Users/jace/go/pkg/mod/github.com/!three!dots!labs/watermill@v1.4.6/message/router.go:645 +0x2b4
github.com/ThreeDotsLabs/watermill/message.(*Router).RunHandlers.func1()
	/Users/jace/go/pkg/mod/github.com/!three!dots!labs/watermill@v1.4.6/message/router.go:460 +0x145
created by github.com/ThreeDotsLabs/watermill/message.(*Router).RunHandlers in goroutine 3834
	/Users/jace/go/pkg/mod/github.com/!three!dots!labs/watermill@v1.4.6/message/router.go:453 +0x606

goroutine 3892 [select, 3 minutes]:
github.com/nats-io/nats.go/jetstream.(*pullConsumer).Messages.func2()
	/Users/jace/go/pkg/mod/github.com/nats-io/nats.go@v1.41.1/jetstream/pull.go:538 +0x68
created by github.com/nats-io/nats.go/jetstream.(*pullConsumer).Messages in goroutine 3834
	/Users/jace/go/pkg/mod/github.com/nats-io/nats.go@v1.41.1/jetstream/pull.go:536 +0x78a

goroutine 9418 [select]:
github.com/nats-io/nats%2ego.(*Conn).doReconnect(0xc000315108, {0x1083c48c8, 0x108d63970}, 0x0)
	/Users/jace/go/pkg/mod/github.com/nats-io/nats.go@v1.41.1/nats.go:2907 +0x41a
created by github.com/nats-io/nats%2ego.(*Conn).processOpErr in goroutine 9283
	/Users/jace/go/pkg/mod/github.com/nats-io/nats.go@v1.41.1/nats.go:3043 +0x2f3

goroutine 3893 [select, 3 minutes]:
github.com/nats-io/nats.go/jetstream.(*pullSubscription).Next(0xc00095ed80)
	/Users/jace/go/pkg/mod/github.com/nats-io/nats.go@v1.41.1/jetstream/pull.go:589 +0x285
github.com/Black-And-White-Club/frolf-bot-shared/eventbus.(*eventBus).Subscribe.func1()
	/Users/jace/Documents/GitHub/frolf-bot-shared/eventbus/eventbus.go:326 +0x169
created by github.com/Black-And-White-Club/frolf-bot-shared/eventbus.(*eventBus).Subscribe in goroutine 3834
	/Users/jace/Documents/GitHub/frolf-bot-shared/eventbus/eventbus.go:315 +0xbf1

goroutine 5150 [sync.Cond.Wait, 3 minutes]:
sync.runtime_notifyListWait(0xc000d13690, 0x1c)
	/usr/local/Cellar/go/1.24.2/libexec/src/runtime/sema.go:597 +0x159
sync.(*Cond).Wait(0x0?)
	/usr/local/Cellar/go/1.24.2/libexec/src/sync/cond.go:71 +0x85
github.com/nats-io/nats%2ego.(*Conn).waitForMsgs(0xc0006bf508, 0xc000322c30)
	/Users/jace/go/pkg/mod/github.com/nats-io/nats.go@v1.41.1/nats.go:3178 +0xc5
created by github.com/nats-io/nats%2ego.(*Conn).subscribeLocked in goroutine 4824
	/Users/jace/go/pkg/mod/github.com/nats-io/nats.go@v1.41.1/nats.go:4468 +0x419

goroutine 3882 [select, 3 minutes]:
github.com/nats-io/nats.go/jetstream.(*pullSubscription).Next(0xc000ae0ab0)
	/Users/jace/go/pkg/mod/github.com/nats-io/nats.go@v1.41.1/jetstream/pull.go:589 +0x285
github.com/Black-And-White-Club/frolf-bot-shared/eventbus.(*eventBus).Subscribe.func1()
	/Users/jace/Documents/GitHub/frolf-bot-shared/eventbus/eventbus.go:326 +0x169
created by github.com/Black-And-White-Club/frolf-bot-shared/eventbus.(*eventBus).Subscribe in goroutine 3834
	/Users/jace/Documents/GitHub/frolf-bot-shared/eventbus/eventbus.go:315 +0xbf1

goroutine 4558 [select, 3 minutes]:
github.com/nats-io/nats.go/jetstream.(*pullSubscription).Next(0xc0008c46c0)
	/Users/jace/go/pkg/mod/github.com/nats-io/nats.go@v1.41.1/jetstream/pull.go:589 +0x285
github.com/Black-And-White-Club/frolf-bot-shared/eventbus.(*eventBus).Subscribe.func1()
	/Users/jace/Documents/GitHub/frolf-bot-shared/eventbus/eventbus.go:326 +0x169
created by github.com/Black-And-White-Club/frolf-bot-shared/eventbus.(*eventBus).Subscribe in goroutine 4702
	/Users/jace/Documents/GitHub/frolf-bot-shared/eventbus/eventbus.go:315 +0xbf1

goroutine 4556 [select, 3 minutes]:
github.com/nats-io/nats.go/jetstream.(*pullSubscription).pullMessages(0xc0008c46c0, {0xc000299730, 0x61})
	/Users/jace/go/pkg/mod/github.com/nats-io/nats.go@v1.41.1/jetstream/pull.go:955 +0x91
created by github.com/nats-io/nats.go/jetstream.(*pullConsumer).Messages in goroutine 4702
	/Users/jace/go/pkg/mod/github.com/nats-io/nats.go@v1.41.1/jetstream/pull.go:534 +0x748

goroutine 4552 [select, 3 minutes]:
github.com/nats-io/nats.go/jetstream.(*pullSubscription).Next(0xc0008c41b0)
	/Users/jace/go/pkg/mod/github.com/nats-io/nats.go@v1.41.1/jetstream/pull.go:589 +0x285
github.com/Black-And-White-Club/frolf-bot-shared/eventbus.(*eventBus).Subscribe.func1()
	/Users/jace/Documents/GitHub/frolf-bot-shared/eventbus/eventbus.go:326 +0x169
created by github.com/Black-And-White-Club/frolf-bot-shared/eventbus.(*eventBus).Subscribe in goroutine 4702
	/Users/jace/Documents/GitHub/frolf-bot-shared/eventbus/eventbus.go:315 +0xbf1

goroutine 5242 [chan receive, 3 minutes]:
github.com/ThreeDotsLabs/watermill/message.(*messageTransformSubscriberDecorator).Subscribe.func1()
	/Users/jace/go/pkg/mod/github.com/!three!dots!labs/watermill@v1.4.6/message/decorator.go:52 +0x85
created by github.com/ThreeDotsLabs/watermill/message.(*messageTransformSubscriberDecorator).Subscribe in goroutine 5204
	/Users/jace/go/pkg/mod/github.com/!three!dots!labs/watermill@v1.4.6/message/decorator.go:51 +0xc7

goroutine 3930 [select, 3 minutes]:
github.com/nats-io/nats.go/jetstream.(*pullSubscription).Next(0xc0006a4bd0)
	/Users/jace/go/pkg/mod/github.com/nats-io/nats.go@v1.41.1/jetstream/pull.go:589 +0x285
github.com/Black-And-White-Club/frolf-bot-shared/eventbus.(*eventBus).Subscribe.func1()
	/Users/jace/Documents/GitHub/frolf-bot-shared/eventbus/eventbus.go:326 +0x169
created by github.com/Black-And-White-Club/frolf-bot-shared/eventbus.(*eventBus).Subscribe in goroutine 5866
	/Users/jace/Documents/GitHub/frolf-bot-shared/eventbus/eventbus.go:315 +0xbf1

goroutine 4740 [chan receive, 3 minutes]:
github.com/ThreeDotsLabs/watermill/message.(*messageTransformSubscriberDecorator).Subscribe.func1()
	/Users/jace/go/pkg/mod/github.com/!three!dots!labs/watermill@v1.4.6/message/decorator.go:52 +0x85
created by github.com/ThreeDotsLabs/watermill/message.(*messageTransformSubscriberDecorator).Subscribe in goroutine 4702
	/Users/jace/go/pkg/mod/github.com/!three!dots!labs/watermill@v1.4.6/message/decorator.go:51 +0xc7

goroutine 4739 [select, 3 minutes]:
github.com/nats-io/nats.go/jetstream.(*pullSubscription).Next(0xc0008c4d80)
	/Users/jace/go/pkg/mod/github.com/nats-io/nats.go@v1.41.1/jetstream/pull.go:589 +0x285
github.com/Black-And-White-Club/frolf-bot-shared/eventbus.(*eventBus).Subscribe.func1()
	/Users/jace/Documents/GitHub/frolf-bot-shared/eventbus/eventbus.go:326 +0x169
created by github.com/Black-And-White-Club/frolf-bot-shared/eventbus.(*eventBus).Subscribe in goroutine 4702
	/Users/jace/Documents/GitHub/frolf-bot-shared/eventbus/eventbus.go:315 +0xbf1

goroutine 3809 [sync.Cond.Wait, 3 minutes]:
sync.runtime_notifyListWait(0xc000aa22d0, 0x0)
	/usr/local/Cellar/go/1.24.2/libexec/src/runtime/sema.go:597 +0x159
sync.(*Cond).Wait(0x10766a860?)
	/usr/local/Cellar/go/1.24.2/libexec/src/sync/cond.go:71 +0x85
github.com/nats-io/nats%2ego.(*asyncCallbacksHandler).asyncCBDispatcher(0xc00090e460)
	/Users/jace/go/pkg/mod/github.com/nats-io/nats.go@v1.41.1/nats.go:3059 +0xdd
created by github.com/nats-io/nats%2ego.Options.Connect in goroutine 3313
	/Users/jace/go/pkg/mod/github.com/nats-io/nats.go@v1.41.1/nats.go:1635 +0x387

goroutine 4633 [sync.Cond.Wait, 3 minutes]:
sync.runtime_notifyListWait(0xc000929410, 0x0)
	/usr/local/Cellar/go/1.24.2/libexec/src/runtime/sema.go:597 +0x159
sync.(*Cond).Wait(0xc000ace450?)
	/usr/local/Cellar/go/1.24.2/libexec/src/sync/cond.go:71 +0x85
github.com/nats-io/nats%2ego.(*asyncCallbacksHandler).asyncCBDispatcher(0xc000b28e80)
	/Users/jace/go/pkg/mod/github.com/nats-io/nats.go@v1.41.1/nats.go:3059 +0xdd
created by github.com/nats-io/nats%2ego.Options.Connect in goroutine 4001
	/Users/jace/go/pkg/mod/github.com/nats-io/nats.go@v1.41.1/nats.go:1635 +0x387

goroutine 3862 [sync.Cond.Wait, 3 minutes]:
sync.runtime_notifyListWait(0xc00078aad0, 0x0)
	/usr/local/Cellar/go/1.24.2/libexec/src/runtime/sema.go:597 +0x159
sync.(*Cond).Wait(0xc0000b9960?)
	/usr/local/Cellar/go/1.24.2/libexec/src/sync/cond.go:71 +0x85
github.com/nats-io/nats%2ego.(*asyncCallbacksHandler).asyncCBDispatcher(0xc000135280)
	/Users/jace/go/pkg/mod/github.com/nats-io/nats.go@v1.41.1/nats.go:3059 +0xdd
created by github.com/nats-io/nats%2ego.Options.Connect in goroutine 3313
	/Users/jace/go/pkg/mod/github.com/nats-io/nats.go@v1.41.1/nats.go:1635 +0x387

goroutine 4738 [select, 3 minutes]:
github.com/nats-io/nats.go/jetstream.(*pullConsumer).Messages.func2()
	/Users/jace/go/pkg/mod/github.com/nats-io/nats.go@v1.41.1/jetstream/pull.go:538 +0x68
created by github.com/nats-io/nats.go/jetstream.(*pullConsumer).Messages in goroutine 4702
	/Users/jace/go/pkg/mod/github.com/nats-io/nats.go@v1.41.1/jetstream/pull.go:536 +0x78a

goroutine 3864 [select, 3 minutes]:
github.com/nats-io/nats.go/jetstream.(*pullSubscription).pullMessages(0xc000900900, {0xc000a8ca80, 0x63})
	/Users/jace/go/pkg/mod/github.com/nats-io/nats.go@v1.41.1/jetstream/pull.go:955 +0x91
created by github.com/nats-io/nats.go/jetstream.(*pullConsumer).Messages in goroutine 3834
	/Users/jace/go/pkg/mod/github.com/nats-io/nats.go@v1.41.1/jetstream/pull.go:534 +0x748

goroutine 3865 [select, 3 minutes]:
github.com/nats-io/nats.go/jetstream.(*pullConsumer).Messages.func2()
	/Users/jace/go/pkg/mod/github.com/nats-io/nats.go@v1.41.1/jetstream/pull.go:538 +0x68
created by github.com/nats-io/nats.go/jetstream.(*pullConsumer).Messages in goroutine 3834
	/Users/jace/go/pkg/mod/github.com/nats-io/nats.go@v1.41.1/jetstream/pull.go:536 +0x78a

goroutine 3866 [select, 3 minutes]:
github.com/nats-io/nats.go/jetstream.(*pullSubscription).Next(0xc000900900)
	/Users/jace/go/pkg/mod/github.com/nats-io/nats.go@v1.41.1/jetstream/pull.go:589 +0x285
github.com/Black-And-White-Club/frolf-bot-shared/eventbus.(*eventBus).Subscribe.func1()
	/Users/jace/Documents/GitHub/frolf-bot-shared/eventbus/eventbus.go:326 +0x169
created by github.com/Black-And-White-Club/frolf-bot-shared/eventbus.(*eventBus).Subscribe in goroutine 3834
	/Users/jace/Documents/GitHub/frolf-bot-shared/eventbus/eventbus.go:315 +0xbf1

goroutine 3867 [chan receive, 3 minutes]:
github.com/ThreeDotsLabs/watermill/message.(*messageTransformSubscriberDecorator).Subscribe.func1()
	/Users/jace/go/pkg/mod/github.com/!three!dots!labs/watermill@v1.4.6/message/decorator.go:52 +0x85
created by github.com/ThreeDotsLabs/watermill/message.(*messageTransformSubscriberDecorator).Subscribe in goroutine 3834
	/Users/jace/go/pkg/mod/github.com/!three!dots!labs/watermill@v1.4.6/message/decorator.go:51 +0xc7

goroutine 3868 [chan receive, 3 minutes]:
github.com/ThreeDotsLabs/watermill/message.(*handler).run(0xc000824b60, {0x1083d4720, 0xc000154c30}, {0xc0008e8300, 0x6, 0x0?})
	/Users/jace/go/pkg/mod/github.com/!three!dots!labs/watermill@v1.4.6/message/router.go:645 +0x2b4
github.com/ThreeDotsLabs/watermill/message.(*Router).RunHandlers.func1()
	/Users/jace/go/pkg/mod/github.com/!three!dots!labs/watermill@v1.4.6/message/router.go:460 +0x145
created by github.com/ThreeDotsLabs/watermill/message.(*Router).RunHandlers in goroutine 3834
	/Users/jace/go/pkg/mod/github.com/!three!dots!labs/watermill@v1.4.6/message/router.go:453 +0x606

goroutine 3409 [select, 3 minutes]:
github.com/nats-io/nats.go/jetstream.(*pullConsumer).Messages.func2()
	/Users/jace/go/pkg/mod/github.com/nats-io/nats.go@v1.41.1/jetstream/pull.go:538 +0x68
created by github.com/nats-io/nats.go/jetstream.(*pullConsumer).Messages in goroutine 3834
	/Users/jace/go/pkg/mod/github.com/nats-io/nats.go@v1.41.1/jetstream/pull.go:536 +0x78a

goroutine 3906 [select, 3 minutes]:
github.com/nats-io/nats.go/jetstream.(*pullSubscription).Next(0xc000150990)
	/Users/jace/go/pkg/mod/github.com/nats-io/nats.go@v1.41.1/jetstream/pull.go:589 +0x285
github.com/Black-And-White-Club/frolf-bot-shared/eventbus.(*eventBus).Subscribe.func1()
	/Users/jace/Documents/GitHub/frolf-bot-shared/eventbus/eventbus.go:326 +0x169
created by github.com/Black-And-White-Club/frolf-bot-shared/eventbus.(*eventBus).Subscribe in goroutine 3834
	/Users/jace/Documents/GitHub/frolf-bot-shared/eventbus/eventbus.go:315 +0xbf1

goroutine 3907 [chan receive, 3 minutes]:
github.com/ThreeDotsLabs/watermill/message.(*messageTransformSubscriberDecorator).Subscribe.func1()
	/Users/jace/go/pkg/mod/github.com/!three!dots!labs/watermill@v1.4.6/message/decorator.go:52 +0x85
created by github.com/ThreeDotsLabs/watermill/message.(*messageTransformSubscriberDecorator).Subscribe in goroutine 3834
	/Users/jace/go/pkg/mod/github.com/!three!dots!labs/watermill@v1.4.6/message/decorator.go:51 +0xc7

goroutine 3908 [chan receive, 3 minutes]:
github.com/ThreeDotsLabs/watermill/message.(*handler).run(0xc000824f70, {0x1083d4720, 0xc000a20320}, {0xc00069e000, 0x6, 0x0?})
	/Users/jace/go/pkg/mod/github.com/!three!dots!labs/watermill@v1.4.6/message/router.go:645 +0x2b4
github.com/ThreeDotsLabs/watermill/message.(*Router).RunHandlers.func1()
	/Users/jace/go/pkg/mod/github.com/!three!dots!labs/watermill@v1.4.6/message/router.go:460 +0x145
created by github.com/ThreeDotsLabs/watermill/message.(*Router).RunHandlers in goroutine 3834
	/Users/jace/go/pkg/mod/github.com/!three!dots!labs/watermill@v1.4.6/message/router.go:453 +0x606

goroutine 3909 [select, 3 minutes]:
github.com/nats-io/nats.go/jetstream.(*pullSubscription).pullMessages(0xc000150f30, {0xc0004920f0, 0x4e})
	/Users/jace/go/pkg/mod/github.com/nats-io/nats.go@v1.41.1/jetstream/pull.go:955 +0x91
created by github.com/nats-io/nats.go/jetstream.(*pullConsumer).Messages in goroutine 3834
	/Users/jace/go/pkg/mod/github.com/nats-io/nats.go@v1.41.1/jetstream/pull.go:534 +0x748

goroutine 3910 [select, 3 minutes]:
github.com/nats-io/nats.go/jetstream.(*pullConsumer).Messages.func2()
	/Users/jace/go/pkg/mod/github.com/nats-io/nats.go@v1.41.1/jetstream/pull.go:538 +0x68
created by github.com/nats-io/nats.go/jetstream.(*pullConsumer).Messages in goroutine 3834
	/Users/jace/go/pkg/mod/github.com/nats-io/nats.go@v1.41.1/jetstream/pull.go:536 +0x78a

goroutine 3911 [select, 3 minutes]:
github.com/nats-io/nats.go/jetstream.(*pullSubscription).Next(0xc000150f30)
	/Users/jace/go/pkg/mod/github.com/nats-io/nats.go@v1.41.1/jetstream/pull.go:589 +0x285
github.com/Black-And-White-Club/frolf-bot-shared/eventbus.(*eventBus).Subscribe.func1()
	/Users/jace/Documents/GitHub/frolf-bot-shared/eventbus/eventbus.go:326 +0x169
created by github.com/Black-And-White-Club/frolf-bot-shared/eventbus.(*eventBus).Subscribe in goroutine 3834
	/Users/jace/Documents/GitHub/frolf-bot-shared/eventbus/eventbus.go:315 +0xbf1

goroutine 3912 [chan receive, 3 minutes]:
github.com/ThreeDotsLabs/watermill/message.(*messageTransformSubscriberDecorator).Subscribe.func1()
	/Users/jace/go/pkg/mod/github.com/!three!dots!labs/watermill@v1.4.6/message/decorator.go:52 +0x85
created by github.com/ThreeDotsLabs/watermill/message.(*messageTransformSubscriberDecorator).Subscribe in goroutine 3834
	/Users/jace/go/pkg/mod/github.com/!three!dots!labs/watermill@v1.4.6/message/decorator.go:51 +0xc7

goroutine 3913 [chan receive, 3 minutes]:
github.com/ThreeDotsLabs/watermill/message.(*handler).run(0xc000825860, {0x1083d4720, 0xc000a204b0}, {0xc0005940c0, 0x6, 0x4?})
	/Users/jace/go/pkg/mod/github.com/!three!dots!labs/watermill@v1.4.6/message/router.go:645 +0x2b4
github.com/ThreeDotsLabs/watermill/message.(*Router).RunHandlers.func1()
	/Users/jace/go/pkg/mod/github.com/!three!dots!labs/watermill@v1.4.6/message/router.go:460 +0x145
created by github.com/ThreeDotsLabs/watermill/message.(*Router).RunHandlers in goroutine 3834
	/Users/jace/go/pkg/mod/github.com/!three!dots!labs/watermill@v1.4.6/message/router.go:453 +0x606

goroutine 4551 [select, 3 minutes]:
github.com/nats-io/nats.go/jetstream.(*pullConsumer).Messages.func2()
	/Users/jace/go/pkg/mod/github.com/nats-io/nats.go@v1.41.1/jetstream/pull.go:538 +0x68
created by github.com/nats-io/nats.go/jetstream.(*pullConsumer).Messages in goroutine 4702
	/Users/jace/go/pkg/mod/github.com/nats-io/nats.go@v1.41.1/jetstream/pull.go:536 +0x78a

goroutine 3869 [select, 3 minutes]:
github.com/nats-io/nats.go/jetstream.(*pullSubscription).pullMessages(0xc000901050, {0xc000ab4360, 0x60})
	/Users/jace/go/pkg/mod/github.com/nats-io/nats.go@v1.41.1/jetstream/pull.go:955 +0x91
created by github.com/nats-io/nats.go/jetstream.(*pullConsumer).Messages in goroutine 3834
	/Users/jace/go/pkg/mod/github.com/nats-io/nats.go@v1.41.1/jetstream/pull.go:534 +0x748

goroutine 3870 [select, 3 minutes]:
github.com/nats-io/nats.go/jetstream.(*pullConsumer).Messages.func2()
	/Users/jace/go/pkg/mod/github.com/nats-io/nats.go@v1.41.1/jetstream/pull.go:538 +0x68
created by github.com/nats-io/nats.go/jetstream.(*pullConsumer).Messages in goroutine 3834
	/Users/jace/go/pkg/mod/github.com/nats-io/nats.go@v1.41.1/jetstream/pull.go:536 +0x78a

goroutine 3871 [select, 3 minutes]:
github.com/nats-io/nats.go/jetstream.(*pullSubscription).Next(0xc000901050)
	/Users/jace/go/pkg/mod/github.com/nats-io/nats.go@v1.41.1/jetstream/pull.go:589 +0x285
github.com/Black-And-White-Club/frolf-bot-shared/eventbus.(*eventBus).Subscribe.func1()
	/Users/jace/Documents/GitHub/frolf-bot-shared/eventbus/eventbus.go:326 +0x169
created by github.com/Black-And-White-Club/frolf-bot-shared/eventbus.(*eventBus).Subscribe in goroutine 3834
	/Users/jace/Documents/GitHub/frolf-bot-shared/eventbus/eventbus.go:315 +0xbf1

goroutine 3872 [chan receive, 3 minutes]:
github.com/ThreeDotsLabs/watermill/message.(*messageTransformSubscriberDecorator).Subscribe.func1()
	/Users/jace/go/pkg/mod/github.com/!three!dots!labs/watermill@v1.4.6/message/decorator.go:52 +0x85
created by github.com/ThreeDotsLabs/watermill/message.(*messageTransformSubscriberDecorator).Subscribe in goroutine 3834
	/Users/jace/go/pkg/mod/github.com/!three!dots!labs/watermill@v1.4.6/message/decorator.go:51 +0xc7

goroutine 3873 [chan receive, 3 minutes]:
github.com/ThreeDotsLabs/watermill/message.(*handler).run(0xc000825930, {0x1083d4720, 0xc0001b2910}, {0xc000964240, 0x6, 0x0?})
	/Users/jace/go/pkg/mod/github.com/!three!dots!labs/watermill@v1.4.6/message/router.go:645 +0x2b4
github.com/ThreeDotsLabs/watermill/message.(*Router).RunHandlers.func1()
	/Users/jace/go/pkg/mod/github.com/!three!dots!labs/watermill@v1.4.6/message/router.go:460 +0x145
created by github.com/ThreeDotsLabs/watermill/message.(*Router).RunHandlers in goroutine 3834
	/Users/jace/go/pkg/mod/github.com/!three!dots!labs/watermill@v1.4.6/message/router.go:453 +0x606

goroutine 4561 [select, 3 minutes]:
github.com/nats-io/nats.go/jetstream.(*pullSubscription).pullMessages(0xc0008c4d80, {0xc00043e360, 0x53})
	/Users/jace/go/pkg/mod/github.com/nats-io/nats.go@v1.41.1/jetstream/pull.go:955 +0x91
created by github.com/nats-io/nats.go/jetstream.(*pullConsumer).Messages in goroutine 4702
	/Users/jace/go/pkg/mod/github.com/nats-io/nats.go@v1.41.1/jetstream/pull.go:534 +0x748

goroutine 4553 [chan receive, 3 minutes]:
github.com/ThreeDotsLabs/watermill/message.(*messageTransformSubscriberDecorator).Subscribe.func1()
	/Users/jace/go/pkg/mod/github.com/!three!dots!labs/watermill@v1.4.6/message/decorator.go:52 +0x85
created by github.com/ThreeDotsLabs/watermill/message.(*messageTransformSubscriberDecorator).Subscribe in goroutine 4702
	/Users/jace/go/pkg/mod/github.com/!three!dots!labs/watermill@v1.4.6/message/decorator.go:51 +0xc7

goroutine 4766 [select]:
github.com/nats-io/nats%2ego.(*Conn).doReconnect(0xc00059a708, {0x1083c48c8, 0x108d63970}, 0x0)
	/Users/jace/go/pkg/mod/github.com/nats-io/nats.go@v1.41.1/nats.go:2907 +0x41a
created by github.com/nats-io/nats%2ego.(*Conn).processOpErr in goroutine 4631
	/Users/jace/go/pkg/mod/github.com/nats-io/nats.go@v1.41.1/nats.go:3043 +0x2f3

goroutine 5869 [select, 3 minutes]:
github.com/nats-io/nats.go/jetstream.(*pullSubscription).pullMessages(0xc000c9d4d0, {0xc000c94c40, 0x63})
	/Users/jace/go/pkg/mod/github.com/nats-io/nats.go@v1.41.1/jetstream/pull.go:955 +0x91
created by github.com/nats-io/nats.go/jetstream.(*pullConsumer).Messages in goroutine 5866
	/Users/jace/go/pkg/mod/github.com/nats-io/nats.go@v1.41.1/jetstream/pull.go:534 +0x748

goroutine 4908 [sync.WaitGroup.Wait, 3 minutes]:
sync.runtime_SemacquireWaitGroup(0x0?)
	/usr/local/Cellar/go/1.24.2/libexec/src/runtime/sema.go:110 +0x25
sync.(*WaitGroup).Wait(0xc000c1f7d0?)
	/usr/local/Cellar/go/1.24.2/libexec/src/sync/waitgroup.go:118 +0x48
github.com/ThreeDotsLabs/watermill/message.(*Router).waitForHandlers.func1()
	/Users/jace/go/pkg/mod/github.com/!three!dots!labs/watermill@v1.4.6/message/router.go:579 +0x4b
created by github.com/ThreeDotsLabs/watermill/message.(*Router).waitForHandlers in goroutine 6142
	/Users/jace/go/pkg/mod/github.com/!three!dots!labs/watermill@v1.4.6/message/router.go:577 +0x87

goroutine 8596 [select, 2 minutes]:
github.com/nats-io/nats.go/jetstream.(*pullSubscription).Next(0xc000ab2630)
	/Users/jace/go/pkg/mod/github.com/nats-io/nats.go@v1.41.1/jetstream/pull.go:589 +0x285
github.com/Black-And-White-Club/frolf-bot-shared/eventbus.(*eventBus).Subscribe.func1()
	/Users/jace/Documents/GitHub/frolf-bot-shared/eventbus/eventbus.go:326 +0x169
created by github.com/Black-And-White-Club/frolf-bot-shared/eventbus.(*eventBus).Subscribe in goroutine 8524
	/Users/jace/Documents/GitHub/frolf-bot-shared/eventbus/eventbus.go:315 +0xbf1

goroutine 5241 [select, 3 minutes]:
github.com/nats-io/nats.go/jetstream.(*pullSubscription).Next(0xc000ab3830)
	/Users/jace/go/pkg/mod/github.com/nats-io/nats.go@v1.41.1/jetstream/pull.go:589 +0x285
github.com/Black-And-White-Club/frolf-bot-shared/eventbus.(*eventBus).Subscribe.func1()
	/Users/jace/Documents/GitHub/frolf-bot-shared/eventbus/eventbus.go:326 +0x169
created by github.com/Black-And-White-Club/frolf-bot-shared/eventbus.(*eventBus).Subscribe in goroutine 5204
	/Users/jace/Documents/GitHub/frolf-bot-shared/eventbus/eventbus.go:315 +0xbf1

goroutine 5243 [chan receive, 3 minutes]:
github.com/ThreeDotsLabs/watermill/message.(*handler).run(0xc000513040, {0x1083d4720, 0xc0006ac960}, {0xc000ba6780, 0x6, 0x0?})
	/Users/jace/go/pkg/mod/github.com/!three!dots!labs/watermill@v1.4.6/message/router.go:645 +0x2b4
github.com/ThreeDotsLabs/watermill/message.(*Router).RunHandlers.func1()
	/Users/jace/go/pkg/mod/github.com/!three!dots!labs/watermill@v1.4.6/message/router.go:460 +0x145
created by github.com/ThreeDotsLabs/watermill/message.(*Router).RunHandlers in goroutine 5204
	/Users/jace/go/pkg/mod/github.com/!three!dots!labs/watermill@v1.4.6/message/router.go:453 +0x606

goroutine 3928 [select, 3 minutes]:
github.com/nats-io/nats.go/jetstream.(*pullSubscription).pullMessages(0xc0006a4bd0, {0xc0009ae060, 0x53})
	/Users/jace/go/pkg/mod/github.com/nats-io/nats.go@v1.41.1/jetstream/pull.go:955 +0x91
created by github.com/nats-io/nats.go/jetstream.(*pullConsumer).Messages in goroutine 5866
	/Users/jace/go/pkg/mod/github.com/nats-io/nats.go@v1.41.1/jetstream/pull.go:534 +0x748

goroutine 4765 [select]:
github.com/nats-io/nats%2ego.(*Conn).doReconnect(0xc0006be708, {0x1083c48c8, 0x108d63970}, 0x0)
	/Users/jace/go/pkg/mod/github.com/nats-io/nats.go@v1.41.1/nats.go:2907 +0x41a
created by github.com/nats-io/nats%2ego.(*Conn).processOpErr in goroutine 4646
	/Users/jace/go/pkg/mod/github.com/nats-io/nats.go@v1.41.1/nats.go:3043 +0x2f3

goroutine 5221 [select, 3 minutes]:
github.com/nats-io/nats.go/jetstream.(*pullConsumer).Messages.func2()
	/Users/jace/go/pkg/mod/github.com/nats-io/nats.go@v1.41.1/jetstream/pull.go:538 +0x68
created by github.com/nats-io/nats.go/jetstream.(*pullConsumer).Messages in goroutine 5204
	/Users/jace/go/pkg/mod/github.com/nats-io/nats.go@v1.41.1/jetstream/pull.go:536 +0x78a

goroutine 4698 [sync.Cond.Wait, 3 minutes]:
sync.runtime_notifyListWait(0xc0004904d0, 0x0)
	/usr/local/Cellar/go/1.24.2/libexec/src/runtime/sema.go:597 +0x159
sync.(*Cond).Wait(0xc000b081b0?)
	/usr/local/Cellar/go/1.24.2/libexec/src/sync/cond.go:71 +0x85
github.com/nats-io/nats%2ego.(*asyncCallbacksHandler).asyncCBDispatcher(0xc000d102a0)
	/Users/jace/go/pkg/mod/github.com/nats-io/nats.go@v1.41.1/nats.go:3059 +0xdd
created by github.com/nats-io/nats%2ego.Options.Connect in goroutine 4001
	/Users/jace/go/pkg/mod/github.com/nats-io/nats.go@v1.41.1/nats.go:1635 +0x387

goroutine 5198 [sync.Cond.Wait, 3 minutes]:
sync.runtime_notifyListWait(0xc00080bc10, 0x0)
	/usr/local/Cellar/go/1.24.2/libexec/src/runtime/sema.go:597 +0x159
sync.(*Cond).Wait(0xc0008b7a40?)
	/usr/local/Cellar/go/1.24.2/libexec/src/sync/cond.go:71 +0x85
github.com/nats-io/nats%2ego.(*asyncCallbacksHandler).asyncCBDispatcher(0xc000b291a0)
	/Users/jace/go/pkg/mod/github.com/nats-io/nats.go@v1.41.1/nats.go:3059 +0xdd
created by github.com/nats-io/nats%2ego.Options.Connect in goroutine 4824
	/Users/jace/go/pkg/mod/github.com/nats-io/nats.go@v1.41.1/nats.go:1635 +0x387

goroutine 5236 [select, 3 minutes]:
github.com/nats-io/nats.go/jetstream.(*pullSubscription).Next(0xc000ab3440)
	/Users/jace/go/pkg/mod/github.com/nats-io/nats.go@v1.41.1/jetstream/pull.go:589 +0x285
github.com/Black-And-White-Club/frolf-bot-shared/eventbus.(*eventBus).Subscribe.func1()
	/Users/jace/Documents/GitHub/frolf-bot-shared/eventbus/eventbus.go:326 +0x169
created by github.com/Black-And-White-Club/frolf-bot-shared/eventbus.(*eventBus).Subscribe in goroutine 5204
	/Users/jace/Documents/GitHub/frolf-bot-shared/eventbus/eventbus.go:315 +0xbf1

goroutine 5235 [select, 3 minutes]:
github.com/nats-io/nats.go/jetstream.(*pullConsumer).Messages.func2()
	/Users/jace/go/pkg/mod/github.com/nats-io/nats.go@v1.41.1/jetstream/pull.go:538 +0x68
created by github.com/nats-io/nats.go/jetstream.(*pullConsumer).Messages in goroutine 5204
	/Users/jace/go/pkg/mod/github.com/nats-io/nats.go@v1.41.1/jetstream/pull.go:536 +0x78a

goroutine 5145 [sync.Cond.Wait, 3 minutes]:
sync.runtime_notifyListWait(0xc000783450, 0x0)
	/usr/local/Cellar/go/1.24.2/libexec/src/runtime/sema.go:597 +0x159
sync.(*Cond).Wait(0x1083d4790?)
	/usr/local/Cellar/go/1.24.2/libexec/src/sync/cond.go:71 +0x85
github.com/nats-io/nats%2ego.(*asyncCallbacksHandler).asyncCBDispatcher(0xc000135780)
	/Users/jace/go/pkg/mod/github.com/nats-io/nats.go@v1.41.1/nats.go:3059 +0xdd
created by github.com/nats-io/nats%2ego.Options.Connect in goroutine 4824
	/Users/jace/go/pkg/mod/github.com/nats-io/nats.go@v1.41.1/nats.go:1635 +0x387

goroutine 5240 [select, 3 minutes]:
github.com/nats-io/nats.go/jetstream.(*pullConsumer).Messages.func2()
	/Users/jace/go/pkg/mod/github.com/nats-io/nats.go@v1.41.1/jetstream/pull.go:538 +0x68
created by github.com/nats-io/nats.go/jetstream.(*pullConsumer).Messages in goroutine 5204
	/Users/jace/go/pkg/mod/github.com/nats-io/nats.go@v1.41.1/jetstream/pull.go:536 +0x78a

goroutine 5206 [select, 3 minutes]:
github.com/nats-io/nats.go/jetstream.(*pullSubscription).pullMessages(0xc000b32ea0, {0xc0009af320, 0x60})
	/Users/jace/go/pkg/mod/github.com/nats-io/nats.go@v1.41.1/jetstream/pull.go:955 +0x91
created by github.com/nats-io/nats.go/jetstream.(*pullConsumer).Messages in goroutine 5204
	/Users/jace/go/pkg/mod/github.com/nats-io/nats.go@v1.41.1/jetstream/pull.go:534 +0x748

goroutine 4703 [sync.WaitGroup.Wait, 3 minutes]:
sync.runtime_SemacquireWaitGroup(0xc00004c1e0?)
	/usr/local/Cellar/go/1.24.2/libexec/src/runtime/sema.go:110 +0x25
sync.(*WaitGroup).Wait(0xc000352380?)
	/usr/local/Cellar/go/1.24.2/libexec/src/sync/waitgroup.go:118 +0x48
github.com/ThreeDotsLabs/watermill/message.(*Router).watchAllHandlersStopped.func1()
	/Users/jace/go/pkg/mod/github.com/!three!dots!labs/watermill@v1.4.6/message/router.go:498 +0x86
created by github.com/ThreeDotsLabs/watermill/message.(*Router).watchAllHandlersStopped in goroutine 4702
	/Users/jace/go/pkg/mod/github.com/!three!dots!labs/watermill@v1.4.6/message/router.go:484 +0xec

goroutine 4704 [select, 3 minutes]:
github.com/nats-io/nats.go/jetstream.(*pullSubscription).pullMessages(0xc000426630, {0xc00051cd80, 0x5b})
	/Users/jace/go/pkg/mod/github.com/nats-io/nats.go@v1.41.1/jetstream/pull.go:955 +0x91
created by github.com/nats-io/nats.go/jetstream.(*pullConsumer).Messages in goroutine 4702
	/Users/jace/go/pkg/mod/github.com/nats-io/nats.go@v1.41.1/jetstream/pull.go:534 +0x748

goroutine 4705 [select, 3 minutes]:
github.com/nats-io/nats.go/jetstream.(*pullConsumer).Messages.func2()
	/Users/jace/go/pkg/mod/github.com/nats-io/nats.go@v1.41.1/jetstream/pull.go:538 +0x68
created by github.com/nats-io/nats.go/jetstream.(*pullConsumer).Messages in goroutine 4702
	/Users/jace/go/pkg/mod/github.com/nats-io/nats.go@v1.41.1/jetstream/pull.go:536 +0x78a

goroutine 4706 [select, 3 minutes]:
github.com/nats-io/nats.go/jetstream.(*pullSubscription).Next(0xc000426630)
	/Users/jace/go/pkg/mod/github.com/nats-io/nats.go@v1.41.1/jetstream/pull.go:589 +0x285
github.com/Black-And-White-Club/frolf-bot-shared/eventbus.(*eventBus).Subscribe.func1()
	/Users/jace/Documents/GitHub/frolf-bot-shared/eventbus/eventbus.go:326 +0x169
created by github.com/Black-And-White-Club/frolf-bot-shared/eventbus.(*eventBus).Subscribe in goroutine 4702
	/Users/jace/Documents/GitHub/frolf-bot-shared/eventbus/eventbus.go:315 +0xbf1

goroutine 4707 [chan receive, 3 minutes]:
github.com/ThreeDotsLabs/watermill/message.(*messageTransformSubscriberDecorator).Subscribe.func1()
	/Users/jace/go/pkg/mod/github.com/!three!dots!labs/watermill@v1.4.6/message/decorator.go:52 +0x85
created by github.com/ThreeDotsLabs/watermill/message.(*messageTransformSubscriberDecorator).Subscribe in goroutine 4702
	/Users/jace/go/pkg/mod/github.com/!three!dots!labs/watermill@v1.4.6/message/decorator.go:51 +0xc7

goroutine 4708 [chan receive, 3 minutes]:
github.com/ThreeDotsLabs/watermill/message.(*handler).run(0xc0005cba00, {0x1083d4720, 0xc000b56b40}, {0xc000ab6e40, 0x6, 0x0?})
	/Users/jace/go/pkg/mod/github.com/!three!dots!labs/watermill@v1.4.6/message/router.go:645 +0x2b4
github.com/ThreeDotsLabs/watermill/message.(*Router).RunHandlers.func1()
	/Users/jace/go/pkg/mod/github.com/!three!dots!labs/watermill@v1.4.6/message/router.go:460 +0x145
created by github.com/ThreeDotsLabs/watermill/message.(*Router).RunHandlers in goroutine 4702
	/Users/jace/go/pkg/mod/github.com/!three!dots!labs/watermill@v1.4.6/message/router.go:453 +0x606

goroutine 5870 [select, 3 minutes]:
github.com/nats-io/nats.go/jetstream.(*pullConsumer).Messages.func2()
	/Users/jace/go/pkg/mod/github.com/nats-io/nats.go@v1.41.1/jetstream/pull.go:538 +0x68
created by github.com/nats-io/nats.go/jetstream.(*pullConsumer).Messages in goroutine 5866
	/Users/jace/go/pkg/mod/github.com/nats-io/nats.go@v1.41.1/jetstream/pull.go:536 +0x78a

goroutine 4689 [select, 3 minutes]:
github.com/nats-io/nats.go/jetstream.(*pullConsumer).Messages.func2()
	/Users/jace/go/pkg/mod/github.com/nats-io/nats.go@v1.41.1/jetstream/pull.go:538 +0x68
created by github.com/nats-io/nats.go/jetstream.(*pullConsumer).Messages in goroutine 4702
	/Users/jace/go/pkg/mod/github.com/nats-io/nats.go@v1.41.1/jetstream/pull.go:536 +0x78a

goroutine 4722 [select, 3 minutes]:
github.com/nats-io/nats.go/jetstream.(*pullSubscription).Next(0xc00054d9e0)
	/Users/jace/go/pkg/mod/github.com/nats-io/nats.go@v1.41.1/jetstream/pull.go:589 +0x285
github.com/Black-And-White-Club/frolf-bot-shared/eventbus.(*eventBus).Subscribe.func1()
	/Users/jace/Documents/GitHub/frolf-bot-shared/eventbus/eventbus.go:326 +0x169
created by github.com/Black-And-White-Club/frolf-bot-shared/eventbus.(*eventBus).Subscribe in goroutine 4702
	/Users/jace/Documents/GitHub/frolf-bot-shared/eventbus/eventbus.go:315 +0xbf1

goroutine 4723 [chan receive, 3 minutes]:
github.com/ThreeDotsLabs/watermill/message.(*messageTransformSubscriberDecorator).Subscribe.func1()
	/Users/jace/go/pkg/mod/github.com/!three!dots!labs/watermill@v1.4.6/message/decorator.go:52 +0x85
created by github.com/ThreeDotsLabs/watermill/message.(*messageTransformSubscriberDecorator).Subscribe in goroutine 4702
	/Users/jace/go/pkg/mod/github.com/!three!dots!labs/watermill@v1.4.6/message/decorator.go:51 +0xc7

goroutine 4724 [chan receive, 3 minutes]:
github.com/ThreeDotsLabs/watermill/message.(*handler).run(0xc0005cbc70, {0x1083d4720, 0xc000d0c190}, {0xc0007d4000, 0x6, 0x4?})
	/Users/jace/go/pkg/mod/github.com/!three!dots!labs/watermill@v1.4.6/message/router.go:645 +0x2b4
github.com/ThreeDotsLabs/watermill/message.(*Router).RunHandlers.func1()
	/Users/jace/go/pkg/mod/github.com/!three!dots!labs/watermill@v1.4.6/message/router.go:460 +0x145
created by github.com/ThreeDotsLabs/watermill/message.(*Router).RunHandlers in goroutine 4702
	/Users/jace/go/pkg/mod/github.com/!three!dots!labs/watermill@v1.4.6/message/router.go:453 +0x606

goroutine 4725 [select, 3 minutes]:
github.com/nats-io/nats.go/jetstream.(*pullSubscription).pullMessages(0xc00095e090, {0xc00078f340, 0x63})
	/Users/jace/go/pkg/mod/github.com/nats-io/nats.go@v1.41.1/jetstream/pull.go:955 +0x91
created by github.com/nats-io/nats.go/jetstream.(*pullConsumer).Messages in goroutine 4702
	/Users/jace/go/pkg/mod/github.com/nats-io/nats.go@v1.41.1/jetstream/pull.go:534 +0x748

goroutine 4726 [select, 3 minutes]:
github.com/nats-io/nats.go/jetstream.(*pullConsumer).Messages.func2()
	/Users/jace/go/pkg/mod/github.com/nats-io/nats.go@v1.41.1/jetstream/pull.go:538 +0x68
created by github.com/nats-io/nats.go/jetstream.(*pullConsumer).Messages in goroutine 4702
	/Users/jace/go/pkg/mod/github.com/nats-io/nats.go@v1.41.1/jetstream/pull.go:536 +0x78a

goroutine 4727 [select, 3 minutes]:
github.com/nats-io/nats.go/jetstream.(*pullSubscription).Next(0xc00095e090)
	/Users/jace/go/pkg/mod/github.com/nats-io/nats.go@v1.41.1/jetstream/pull.go:589 +0x285
github.com/Black-And-White-Club/frolf-bot-shared/eventbus.(*eventBus).Subscribe.func1()
	/Users/jace/Documents/GitHub/frolf-bot-shared/eventbus/eventbus.go:326 +0x169
created by github.com/Black-And-White-Club/frolf-bot-shared/eventbus.(*eventBus).Subscribe in goroutine 4702
	/Users/jace/Documents/GitHub/frolf-bot-shared/eventbus/eventbus.go:315 +0xbf1

goroutine 4728 [chan receive, 3 minutes]:
github.com/ThreeDotsLabs/watermill/message.(*messageTransformSubscriberDecorator).Subscribe.func1()
	/Users/jace/go/pkg/mod/github.com/!three!dots!labs/watermill@v1.4.6/message/decorator.go:52 +0x85
created by github.com/ThreeDotsLabs/watermill/message.(*messageTransformSubscriberDecorator).Subscribe in goroutine 4702
	/Users/jace/go/pkg/mod/github.com/!three!dots!labs/watermill@v1.4.6/message/decorator.go:51 +0xc7

goroutine 4729 [chan receive, 3 minutes]:
github.com/ThreeDotsLabs/watermill/message.(*handler).run(0xc0005cbd40, {0x1083d4720, 0xc000155360}, {0xc0003f83c0, 0x6, 0x0?})
	/Users/jace/go/pkg/mod/github.com/!three!dots!labs/watermill@v1.4.6/message/router.go:645 +0x2b4
github.com/ThreeDotsLabs/watermill/message.(*Router).RunHandlers.func1()
	/Users/jace/go/pkg/mod/github.com/!three!dots!labs/watermill@v1.4.6/message/router.go:460 +0x145
created by github.com/ThreeDotsLabs/watermill/message.(*Router).RunHandlers in goroutine 4702
	/Users/jace/go/pkg/mod/github.com/!three!dots!labs/watermill@v1.4.6/message/router.go:453 +0x606

goroutine 5207 [select, 3 minutes]:
github.com/nats-io/nats.go/jetstream.(*pullConsumer).Messages.func2()
	/Users/jace/go/pkg/mod/github.com/nats-io/nats.go@v1.41.1/jetstream/pull.go:538 +0x68
created by github.com/nats-io/nats.go/jetstream.(*pullConsumer).Messages in goroutine 5204
	/Users/jace/go/pkg/mod/github.com/nats-io/nats.go@v1.41.1/jetstream/pull.go:536 +0x78a

goroutine 6002 [sync.Cond.Wait, 3 minutes]:
sync.runtime_notifyListWait(0xc000782c10, 0x0)
	/usr/local/Cellar/go/1.24.2/libexec/src/runtime/sema.go:597 +0x159
sync.(*Cond).Wait(0xc0003e83f0?)
	/usr/local/Cellar/go/1.24.2/libexec/src/sync/cond.go:71 +0x85
github.com/nats-io/nats%2ego.(*asyncCallbacksHandler).asyncCBDispatcher(0xc000e307a0)
	/Users/jace/go/pkg/mod/github.com/nats-io/nats.go@v1.41.1/nats.go:3059 +0xdd
created by github.com/nats-io/nats%2ego.Options.Connect in goroutine 5363
	/Users/jace/go/pkg/mod/github.com/nats-io/nats.go@v1.41.1/nats.go:1635 +0x387

goroutine 4717 [sync.WaitGroup.Wait, 3 minutes]:
sync.runtime_SemacquireWaitGroup(0x1083d4790?)
	/usr/local/Cellar/go/1.24.2/libexec/src/runtime/sema.go:110 +0x25
sync.(*WaitGroup).Wait(0xc0008917d0?)
	/usr/local/Cellar/go/1.24.2/libexec/src/sync/waitgroup.go:118 +0x48
github.com/ThreeDotsLabs/watermill/message.(*Router).waitForHandlers.func1()
	/Users/jace/go/pkg/mod/github.com/!three!dots!labs/watermill@v1.4.6/message/router.go:579 +0x4b
created by github.com/ThreeDotsLabs/watermill/message.(*Router).waitForHandlers in goroutine 4001
	/Users/jace/go/pkg/mod/github.com/!three!dots!labs/watermill@v1.4.6/message/router.go:577 +0x87

goroutine 4715 [sync.Cond.Wait, 3 minutes]:
sync.runtime_notifyListWait(0xc00080a090, 0x1)
	/usr/local/Cellar/go/1.24.2/libexec/src/runtime/sema.go:597 +0x159
sync.(*Cond).Wait(0xc00078fb10?)
	/usr/local/Cellar/go/1.24.2/libexec/src/sync/cond.go:71 +0x85
github.com/nats-io/nats%2ego.(*Conn).waitForMsgs(0xc00059a708, 0xc0004611d0)
	/Users/jace/go/pkg/mod/github.com/nats-io/nats.go@v1.41.1/nats.go:3178 +0xc5
created by github.com/nats-io/nats%2ego.(*Conn).subscribeLocked in goroutine 4001
	/Users/jace/go/pkg/mod/github.com/nats-io/nats.go@v1.41.1/nats.go:4468 +0x419

goroutine 4719 [sync.WaitGroup.Wait, 3 minutes]:
sync.runtime_SemacquireWaitGroup(0xc000929480?)
	/usr/local/Cellar/go/1.24.2/libexec/src/runtime/sema.go:110 +0x25
sync.(*WaitGroup).Wait(0xc0007f87a0?)
	/usr/local/Cellar/go/1.24.2/libexec/src/sync/waitgroup.go:118 +0x48
github.com/ThreeDotsLabs/watermill/pubsub/sync.WaitGroupTimeout.func1()
	/Users/jace/go/pkg/mod/github.com/!three!dots!labs/watermill@v1.4.6/pubsub/sync/waitgroup.go:13 +0x25
created by github.com/ThreeDotsLabs/watermill/pubsub/sync.WaitGroupTimeout in goroutine 4001
	/Users/jace/go/pkg/mod/github.com/!three!dots!labs/watermill@v1.4.6/pubsub/sync/waitgroup.go:12 +0x85

goroutine 5209 [chan receive, 3 minutes]:
github.com/ThreeDotsLabs/watermill/message.(*messageTransformSubscriberDecorator).Subscribe.func1()
	/Users/jace/go/pkg/mod/github.com/!three!dots!labs/watermill@v1.4.6/message/decorator.go:52 +0x85
created by github.com/ThreeDotsLabs/watermill/message.(*messageTransformSubscriberDecorator).Subscribe in goroutine 5204
	/Users/jace/go/pkg/mod/github.com/!three!dots!labs/watermill@v1.4.6/message/decorator.go:51 +0xc7

goroutine 5302 [select]:
github.com/nats-io/nats%2ego.(*Conn).doReconnect(0xc00059a008, {0x1083c48c8, 0x108d63970}, 0x0)
	/Users/jace/go/pkg/mod/github.com/nats-io/nats.go@v1.41.1/nats.go:2907 +0x41a
created by github.com/nats-io/nats%2ego.(*Conn).processOpErr in goroutine 5147
	/Users/jace/go/pkg/mod/github.com/nats-io/nats.go@v1.41.1/nats.go:3043 +0x2f3

goroutine 5149 [sync.Cond.Wait, 3 minutes]:
sync.runtime_notifyListWait(0xc000d13510, 0x0)
	/usr/local/Cellar/go/1.24.2/libexec/src/runtime/sema.go:597 +0x159
sync.(*Cond).Wait(0x0?)
	/usr/local/Cellar/go/1.24.2/libexec/src/sync/cond.go:71 +0x85
github.com/nats-io/nats%2ego.(*asyncCallbacksHandler).asyncCBDispatcher(0xc000d112e0)
	/Users/jace/go/pkg/mod/github.com/nats-io/nats.go@v1.41.1/nats.go:3059 +0xdd
created by github.com/nats-io/nats%2ego.Options.Connect in goroutine 4824
	/Users/jace/go/pkg/mod/github.com/nats-io/nats.go@v1.41.1/nats.go:1635 +0x387

goroutine 5263 [select]:
github.com/nats-io/nats%2ego.(*Conn).doReconnect(0xc0006bf508, {0x1083c48c8, 0x108d63970}, 0x0)
	/Users/jace/go/pkg/mod/github.com/nats-io/nats.go@v1.41.1/nats.go:2907 +0x41a
created by github.com/nats-io/nats%2ego.(*Conn).processOpErr in goroutine 5196
	/Users/jace/go/pkg/mod/github.com/nats-io/nats.go@v1.41.1/nats.go:3043 +0x2f3

goroutine 5227 [select]:
github.com/nats-io/nats%2ego.(*Conn).doReconnect(0xc000313508, {0x1083c48c8, 0x108d63970}, 0x0)
	/Users/jace/go/pkg/mod/github.com/nats-io/nats.go@v1.41.1/nats.go:2907 +0x41a
created by github.com/nats-io/nats%2ego.(*Conn).processOpErr in goroutine 5143
	/Users/jace/go/pkg/mod/github.com/nats-io/nats.go@v1.41.1/nats.go:3043 +0x2f3

goroutine 5982 [select, 3 minutes]:
github.com/nats-io/nats.go/jetstream.(*pullSubscription).pullMessages(0xc000bb8480, {0xc000d0b030, 0x61})
	/Users/jace/go/pkg/mod/github.com/nats-io/nats.go@v1.41.1/jetstream/pull.go:955 +0x91
created by github.com/nats-io/nats.go/jetstream.(*pullConsumer).Messages in goroutine 5866
	/Users/jace/go/pkg/mod/github.com/nats-io/nats.go@v1.41.1/jetstream/pull.go:534 +0x748

goroutine 6928 [select, 3 minutes]:
github.com/nats-io/nats.go/jetstream.(*pullSubscription).pullMessages(0xc000bd67e0, {0xc0009afce0, 0x60})
	/Users/jace/go/pkg/mod/github.com/nats-io/nats.go@v1.41.1/jetstream/pull.go:955 +0x91
created by github.com/nats-io/nats.go/jetstream.(*pullConsumer).Messages in goroutine 6930
	/Users/jace/go/pkg/mod/github.com/nats-io/nats.go@v1.41.1/jetstream/pull.go:534 +0x748

goroutine 5153 [select, 3 minutes]:
github.com/nats-io/nats.go/jetstream.(*pullSubscription).pullMessages(0xc0006a5b00, {0xc000815e30, 0x63})
	/Users/jace/go/pkg/mod/github.com/nats-io/nats.go@v1.41.1/jetstream/pull.go:955 +0x91
created by github.com/nats-io/nats.go/jetstream.(*pullConsumer).Messages in goroutine 5204
	/Users/jace/go/pkg/mod/github.com/nats-io/nats.go@v1.41.1/jetstream/pull.go:534 +0x748

goroutine 5250 [select, 3 minutes]:
github.com/nats-io/nats.go/jetstream.(*pullConsumer).Messages.func2()
	/Users/jace/go/pkg/mod/github.com/nats-io/nats.go@v1.41.1/jetstream/pull.go:538 +0x68
created by github.com/nats-io/nats.go/jetstream.(*pullConsumer).Messages in goroutine 5204
	/Users/jace/go/pkg/mod/github.com/nats-io/nats.go@v1.41.1/jetstream/pull.go:536 +0x78a

goroutine 5210 [chan receive, 3 minutes]:
github.com/ThreeDotsLabs/watermill/message.(*handler).run(0xc000512b60, {0x1083d4720, 0xc000b56140}, {0xc00098f980, 0x6, 0x4?})
	/Users/jace/go/pkg/mod/github.com/!three!dots!labs/watermill@v1.4.6/message/router.go:645 +0x2b4
github.com/ThreeDotsLabs/watermill/message.(*Router).RunHandlers.func1()
	/Users/jace/go/pkg/mod/github.com/!three!dots!labs/watermill@v1.4.6/message/router.go:460 +0x145
created by github.com/ThreeDotsLabs/watermill/message.(*Router).RunHandlers in goroutine 5204
	/Users/jace/go/pkg/mod/github.com/!three!dots!labs/watermill@v1.4.6/message/router.go:453 +0x606

goroutine 6997 [select]:
github.com/nats-io/nats%2ego.(*Conn).doReconnect(0xc000312708, {0x1083c48c8, 0x108d63970}, 0x0)
	/Users/jace/go/pkg/mod/github.com/nats-io/nats.go@v1.41.1/nats.go:2907 +0x41a
created by github.com/nats-io/nats%2ego.(*Conn).processOpErr in goroutine 6917
	/Users/jace/go/pkg/mod/github.com/nats-io/nats.go@v1.41.1/nats.go:3043 +0x2f3

goroutine 5251 [select, 3 minutes]:
github.com/nats-io/nats.go/jetstream.(*pullSubscription).Next(0xc0006a5b00)
	/Users/jace/go/pkg/mod/github.com/nats-io/nats.go@v1.41.1/jetstream/pull.go:589 +0x285
github.com/Black-And-White-Club/frolf-bot-shared/eventbus.(*eventBus).Subscribe.func1()
	/Users/jace/Documents/GitHub/frolf-bot-shared/eventbus/eventbus.go:326 +0x169
created by github.com/Black-And-White-Club/frolf-bot-shared/eventbus.(*eventBus).Subscribe in goroutine 5204
	/Users/jace/Documents/GitHub/frolf-bot-shared/eventbus/eventbus.go:315 +0xbf1

goroutine 5252 [chan receive, 3 minutes]:
github.com/ThreeDotsLabs/watermill/message.(*messageTransformSubscriberDecorator).Subscribe.func1()
	/Users/jace/go/pkg/mod/github.com/!three!dots!labs/watermill@v1.4.6/message/decorator.go:52 +0x85
created by github.com/ThreeDotsLabs/watermill/message.(*messageTransformSubscriberDecorator).Subscribe in goroutine 5204
	/Users/jace/go/pkg/mod/github.com/!three!dots!labs/watermill@v1.4.6/message/decorator.go:51 +0xc7

goroutine 5253 [chan receive, 3 minutes]:
github.com/ThreeDotsLabs/watermill/message.(*handler).run(0xc000513450, {0x1083d4720, 0xc0006acaf0}, {0xc00098fa40, 0x6, 0x0?})
	/Users/jace/go/pkg/mod/github.com/!three!dots!labs/watermill@v1.4.6/message/router.go:645 +0x2b4
github.com/ThreeDotsLabs/watermill/message.(*Router).RunHandlers.func1()
	/Users/jace/go/pkg/mod/github.com/!three!dots!labs/watermill@v1.4.6/message/router.go:460 +0x145
created by github.com/ThreeDotsLabs/watermill/message.(*Router).RunHandlers in goroutine 5204
	/Users/jace/go/pkg/mod/github.com/!three!dots!labs/watermill@v1.4.6/message/router.go:453 +0x606

goroutine 6113 [select]:
github.com/nats-io/nats%2ego.(*Conn).doReconnect(0xc0006c0a08, {0x1083c48c8, 0x108d63970}, 0x0)
	/Users/jace/go/pkg/mod/github.com/nats-io/nats.go@v1.41.1/nats.go:2907 +0x41a
created by github.com/nats-io/nats%2ego.(*Conn).processOpErr in goroutine 6004
	/Users/jace/go/pkg/mod/github.com/nats-io/nats.go@v1.41.1/nats.go:3043 +0x2f3

goroutine 5213 [select, 3 minutes]:
github.com/nats-io/nats.go/jetstream.(*pullSubscription).pullMessages(0xc000b33440, {0xc0009af4a0, 0x5b})
	/Users/jace/go/pkg/mod/github.com/nats-io/nats.go@v1.41.1/jetstream/pull.go:955 +0x91
created by github.com/nats-io/nats.go/jetstream.(*pullConsumer).Messages in goroutine 5204
	/Users/jace/go/pkg/mod/github.com/nats-io/nats.go@v1.41.1/jetstream/pull.go:534 +0x748

goroutine 5214 [select, 3 minutes]:
github.com/nats-io/nats.go/jetstream.(*pullConsumer).Messages.func2()
	/Users/jace/go/pkg/mod/github.com/nats-io/nats.go@v1.41.1/jetstream/pull.go:538 +0x68
created by github.com/nats-io/nats.go/jetstream.(*pullConsumer).Messages in goroutine 5204
	/Users/jace/go/pkg/mod/github.com/nats-io/nats.go@v1.41.1/jetstream/pull.go:536 +0x78a

goroutine 5215 [select, 3 minutes]:
github.com/nats-io/nats.go/jetstream.(*pullSubscription).Next(0xc000b33440)
	/Users/jace/go/pkg/mod/github.com/nats-io/nats.go@v1.41.1/jetstream/pull.go:589 +0x285
github.com/Black-And-White-Club/frolf-bot-shared/eventbus.(*eventBus).Subscribe.func1()
	/Users/jace/Documents/GitHub/frolf-bot-shared/eventbus/eventbus.go:326 +0x169
created by github.com/Black-And-White-Club/frolf-bot-shared/eventbus.(*eventBus).Subscribe in goroutine 5204
	/Users/jace/Documents/GitHub/frolf-bot-shared/eventbus/eventbus.go:315 +0xbf1

goroutine 5216 [chan receive, 3 minutes]:
github.com/ThreeDotsLabs/watermill/message.(*messageTransformSubscriberDecorator).Subscribe.func1()
	/Users/jace/go/pkg/mod/github.com/!three!dots!labs/watermill@v1.4.6/message/decorator.go:52 +0x85
created by github.com/ThreeDotsLabs/watermill/message.(*messageTransformSubscriberDecorator).Subscribe in goroutine 5204
	/Users/jace/go/pkg/mod/github.com/!three!dots!labs/watermill@v1.4.6/message/decorator.go:51 +0xc7

goroutine 5217 [chan receive, 3 minutes]:
github.com/ThreeDotsLabs/watermill/message.(*handler).run(0xc000512680, {0x1083d4720, 0xc000155130}, {0xc000c16000, 0x6, 0x227063742f323232?})
	/Users/jace/go/pkg/mod/github.com/!three!dots!labs/watermill@v1.4.6/message/router.go:645 +0x2b4
github.com/ThreeDotsLabs/watermill/message.(*Router).RunHandlers.func1()
	/Users/jace/go/pkg/mod/github.com/!three!dots!labs/watermill@v1.4.6/message/router.go:460 +0x145
created by github.com/ThreeDotsLabs/watermill/message.(*Router).RunHandlers in goroutine 5204
	/Users/jace/go/pkg/mod/github.com/!three!dots!labs/watermill@v1.4.6/message/router.go:453 +0x606

goroutine 5254 [select, 3 minutes]:
github.com/nats-io/nats.go/jetstream.(*pullSubscription).pullMessages(0xc000a7a480, {0xc000a520c0, 0x55})
	/Users/jace/go/pkg/mod/github.com/nats-io/nats.go@v1.41.1/jetstream/pull.go:955 +0x91
created by github.com/nats-io/nats.go/jetstream.(*pullConsumer).Messages in goroutine 5204
	/Users/jace/go/pkg/mod/github.com/nats-io/nats.go@v1.41.1/jetstream/pull.go:534 +0x748

goroutine 5255 [select, 3 minutes]:
github.com/nats-io/nats.go/jetstream.(*pullConsumer).Messages.func2()
	/Users/jace/go/pkg/mod/github.com/nats-io/nats.go@v1.41.1/jetstream/pull.go:538 +0x68
created by github.com/nats-io/nats.go/jetstream.(*pullConsumer).Messages in goroutine 5204
	/Users/jace/go/pkg/mod/github.com/nats-io/nats.go@v1.41.1/jetstream/pull.go:536 +0x78a

goroutine 5256 [select, 3 minutes]:
github.com/nats-io/nats.go/jetstream.(*pullSubscription).Next(0xc000a7a480)
	/Users/jace/go/pkg/mod/github.com/nats-io/nats.go@v1.41.1/jetstream/pull.go:589 +0x285
github.com/Black-And-White-Club/frolf-bot-shared/eventbus.(*eventBus).Subscribe.func1()
	/Users/jace/Documents/GitHub/frolf-bot-shared/eventbus/eventbus.go:326 +0x169
created by github.com/Black-And-White-Club/frolf-bot-shared/eventbus.(*eventBus).Subscribe in goroutine 5204
	/Users/jace/Documents/GitHub/frolf-bot-shared/eventbus/eventbus.go:315 +0xbf1

goroutine 5257 [chan receive, 3 minutes]:
github.com/ThreeDotsLabs/watermill/message.(*messageTransformSubscriberDecorator).Subscribe.func1()
	/Users/jace/go/pkg/mod/github.com/!three!dots!labs/watermill@v1.4.6/message/decorator.go:52 +0x85
created by github.com/ThreeDotsLabs/watermill/message.(*messageTransformSubscriberDecorator).Subscribe in goroutine 5204
	/Users/jace/go/pkg/mod/github.com/!three!dots!labs/watermill@v1.4.6/message/decorator.go:51 +0xc7

goroutine 5258 [chan receive, 3 minutes]:
github.com/ThreeDotsLabs/watermill/message.(*handler).run(0xc000512750, {0x1083d4720, 0xc000b56460}, {0xc000757a40, 0x6, 0x0?})
	/Users/jace/go/pkg/mod/github.com/!three!dots!labs/watermill@v1.4.6/message/router.go:645 +0x2b4
github.com/ThreeDotsLabs/watermill/message.(*Router).RunHandlers.func1()
	/Users/jace/go/pkg/mod/github.com/!three!dots!labs/watermill@v1.4.6/message/router.go:460 +0x145
created by github.com/ThreeDotsLabs/watermill/message.(*Router).RunHandlers in goroutine 5204
	/Users/jace/go/pkg/mod/github.com/!three!dots!labs/watermill@v1.4.6/message/router.go:453 +0x606

goroutine 8595 [select, 2 minutes]:
github.com/nats-io/nats.go/jetstream.(*pullConsumer).Messages.func2()
	/Users/jace/go/pkg/mod/github.com/nats-io/nats.go@v1.41.1/jetstream/pull.go:538 +0x68
created by github.com/nats-io/nats.go/jetstream.(*pullConsumer).Messages in goroutine 8524
	/Users/jace/go/pkg/mod/github.com/nats-io/nats.go@v1.41.1/jetstream/pull.go:536 +0x78a

goroutine 3918 [select, 3 minutes]:
github.com/nats-io/nats.go/jetstream.(*pullSubscription).pullMessages(0xc000c26240, {0xc00013a0a0, 0x4e})
	/Users/jace/go/pkg/mod/github.com/nats-io/nats.go@v1.41.1/jetstream/pull.go:955 +0x91
created by github.com/nats-io/nats.go/jetstream.(*pullConsumer).Messages in goroutine 5204
	/Users/jace/go/pkg/mod/github.com/nats-io/nats.go@v1.41.1/jetstream/pull.go:534 +0x748

goroutine 3919 [select, 3 minutes]:
github.com/nats-io/nats.go/jetstream.(*pullConsumer).Messages.func2()
	/Users/jace/go/pkg/mod/github.com/nats-io/nats.go@v1.41.1/jetstream/pull.go:538 +0x68
created by github.com/nats-io/nats.go/jetstream.(*pullConsumer).Messages in goroutine 5204
	/Users/jace/go/pkg/mod/github.com/nats-io/nats.go@v1.41.1/jetstream/pull.go:536 +0x78a

goroutine 3920 [select, 3 minutes]:
github.com/nats-io/nats.go/jetstream.(*pullSubscription).Next(0xc000c26240)
	/Users/jace/go/pkg/mod/github.com/nats-io/nats.go@v1.41.1/jetstream/pull.go:589 +0x285
github.com/Black-And-White-Club/frolf-bot-shared/eventbus.(*eventBus).Subscribe.func1()
	/Users/jace/Documents/GitHub/frolf-bot-shared/eventbus/eventbus.go:326 +0x169
created by github.com/Black-And-White-Club/frolf-bot-shared/eventbus.(*eventBus).Subscribe in goroutine 5204
	/Users/jace/Documents/GitHub/frolf-bot-shared/eventbus/eventbus.go:315 +0xbf1

goroutine 3921 [chan receive, 3 minutes]:
github.com/ThreeDotsLabs/watermill/message.(*messageTransformSubscriberDecorator).Subscribe.func1()
	/Users/jace/go/pkg/mod/github.com/!three!dots!labs/watermill@v1.4.6/message/decorator.go:52 +0x85
created by github.com/ThreeDotsLabs/watermill/message.(*messageTransformSubscriberDecorator).Subscribe in goroutine 5204
	/Users/jace/go/pkg/mod/github.com/!three!dots!labs/watermill@v1.4.6/message/decorator.go:51 +0xc7

goroutine 5266 [chan receive, 3 minutes]:
github.com/ThreeDotsLabs/watermill/message.(*handler).run(0xc000512820, {0x1083d4720, 0xc0002e6280}, {0xc000c160c0, 0x6, 0x0?})
	/Users/jace/go/pkg/mod/github.com/!three!dots!labs/watermill@v1.4.6/message/router.go:645 +0x2b4
github.com/ThreeDotsLabs/watermill/message.(*Router).RunHandlers.func1()
	/Users/jace/go/pkg/mod/github.com/!three!dots!labs/watermill@v1.4.6/message/router.go:460 +0x145
created by github.com/ThreeDotsLabs/watermill/message.(*Router).RunHandlers in goroutine 5204
	/Users/jace/go/pkg/mod/github.com/!three!dots!labs/watermill@v1.4.6/message/router.go:453 +0x606

goroutine 7751 [select, 2 minutes]:
github.com/nats-io/nats.go/jetstream.(*pullConsumer).Messages.func2()
	/Users/jace/go/pkg/mod/github.com/nats-io/nats.go@v1.41.1/jetstream/pull.go:538 +0x68
created by github.com/nats-io/nats.go/jetstream.(*pullConsumer).Messages in goroutine 7709
	/Users/jace/go/pkg/mod/github.com/nats-io/nats.go@v1.41.1/jetstream/pull.go:536 +0x78a

goroutine 5990 [select, 3 minutes]:
github.com/nats-io/nats.go/jetstream.(*pullSubscription).pullMessages(0xc000c26480, {0xc00013a190, 0x4e})
	/Users/jace/go/pkg/mod/github.com/nats-io/nats.go@v1.41.1/jetstream/pull.go:955 +0x91
created by github.com/nats-io/nats.go/jetstream.(*pullConsumer).Messages in goroutine 5866
	/Users/jace/go/pkg/mod/github.com/nats-io/nats.go@v1.41.1/jetstream/pull.go:534 +0x748

goroutine 5276 [sync.Cond.Wait, 3 minutes]:
sync.runtime_notifyListWait(0xc000634610, 0x1)
	/usr/local/Cellar/go/1.24.2/libexec/src/runtime/sema.go:597 +0x159
sync.(*Cond).Wait(0xc000b35560?)
	/usr/local/Cellar/go/1.24.2/libexec/src/sync/cond.go:71 +0x85
github.com/nats-io/nats%2ego.(*Conn).waitForMsgs(0xc000313508, 0xc000460e10)
	/Users/jace/go/pkg/mod/github.com/nats-io/nats.go@v1.41.1/nats.go:3178 +0xc5
created by github.com/nats-io/nats%2ego.(*Conn).subscribeLocked in goroutine 4824
	/Users/jace/go/pkg/mod/github.com/nats-io/nats.go@v1.41.1/nats.go:4468 +0x419

goroutine 6395 [select]:
github.com/nats-io/nats%2ego.(*Conn).doReconnect(0xc0006c1108, {0x1083c48c8, 0x108d63970}, 0x0)
	/Users/jace/go/pkg/mod/github.com/nats-io/nats.go@v1.41.1/nats.go:2907 +0x41a
created by github.com/nats-io/nats%2ego.(*Conn).processOpErr in goroutine 11775
	/Users/jace/go/pkg/mod/github.com/nats-io/nats.go@v1.41.1/nats.go:3043 +0x2f3

goroutine 5278 [sync.WaitGroup.Wait, 3 minutes]:
sync.runtime_SemacquireWaitGroup(0x1083d4790?)
	/usr/local/Cellar/go/1.24.2/libexec/src/runtime/sema.go:110 +0x25
sync.(*WaitGroup).Wait(0xc000a42fd0?)
	/usr/local/Cellar/go/1.24.2/libexec/src/sync/waitgroup.go:118 +0x48
github.com/ThreeDotsLabs/watermill/message.(*Router).waitForHandlers.func1()
	/Users/jace/go/pkg/mod/github.com/!three!dots!labs/watermill@v1.4.6/message/router.go:579 +0x4b
created by github.com/ThreeDotsLabs/watermill/message.(*Router).waitForHandlers in goroutine 4824
	/Users/jace/go/pkg/mod/github.com/!three!dots!labs/watermill@v1.4.6/message/router.go:577 +0x87

goroutine 9068 [chan receive, 2 minutes]:
github.com/ThreeDotsLabs/watermill/message.(*handler).run(0xc000d060d0, {0x1083d4720, 0xc0006ac870}, {0xc000caa3c0, 0x6, 0x4?})
	/Users/jace/go/pkg/mod/github.com/!three!dots!labs/watermill@v1.4.6/message/router.go:645 +0x2b4
github.com/ThreeDotsLabs/watermill/message.(*Router).RunHandlers.func1()
	/Users/jace/go/pkg/mod/github.com/!three!dots!labs/watermill@v1.4.6/message/router.go:460 +0x145
created by github.com/ThreeDotsLabs/watermill/message.(*Router).RunHandlers in goroutine 9271
	/Users/jace/go/pkg/mod/github.com/!three!dots!labs/watermill@v1.4.6/message/router.go:453 +0x606

goroutine 5280 [sync.WaitGroup.Wait, 3 minutes]:
sync.runtime_SemacquireWaitGroup(0x0?)
	/usr/local/Cellar/go/1.24.2/libexec/src/runtime/sema.go:110 +0x25
sync.(*WaitGroup).Wait(0x0?)
	/usr/local/Cellar/go/1.24.2/libexec/src/sync/waitgroup.go:118 +0x48
github.com/ThreeDotsLabs/watermill/pubsub/sync.WaitGroupTimeout.func1()
	/Users/jace/go/pkg/mod/github.com/!three!dots!labs/watermill@v1.4.6/pubsub/sync/waitgroup.go:13 +0x25
created by github.com/ThreeDotsLabs/watermill/pubsub/sync.WaitGroupTimeout in goroutine 4824
	/Users/jace/go/pkg/mod/github.com/!three!dots!labs/watermill@v1.4.6/pubsub/sync/waitgroup.go:12 +0x85

goroutine 5867 [sync.WaitGroup.Wait, 3 minutes]:
sync.runtime_SemacquireWaitGroup(0xc000bf6000?)
	/usr/local/Cellar/go/1.24.2/libexec/src/runtime/sema.go:110 +0x25
sync.(*WaitGroup).Wait(0xc0006c0308?)
	/usr/local/Cellar/go/1.24.2/libexec/src/sync/waitgroup.go:118 +0x48
github.com/ThreeDotsLabs/watermill/message.(*Router).watchAllHandlersStopped.func1()
	/Users/jace/go/pkg/mod/github.com/!three!dots!labs/watermill@v1.4.6/message/router.go:498 +0x86
created by github.com/ThreeDotsLabs/watermill/message.(*Router).watchAllHandlersStopped in goroutine 5866
	/Users/jace/go/pkg/mod/github.com/!three!dots!labs/watermill@v1.4.6/message/router.go:484 +0xec

goroutine 7712 [select, 2 minutes]:
github.com/nats-io/nats.go/jetstream.(*pullConsumer).Messages.func2()
	/Users/jace/go/pkg/mod/github.com/nats-io/nats.go@v1.41.1/jetstream/pull.go:538 +0x68
created by github.com/nats-io/nats.go/jetstream.(*pullConsumer).Messages in goroutine 7709
	/Users/jace/go/pkg/mod/github.com/nats-io/nats.go@v1.41.1/jetstream/pull.go:536 +0x78a

goroutine 5994 [chan receive, 3 minutes]:
github.com/ThreeDotsLabs/watermill/message.(*handler).run(0xc000ca8b60, {0x1083d4720, 0xc000b26640}, {0xc000168240, 0x6, 0x6364613434343465?})
	/Users/jace/go/pkg/mod/github.com/!three!dots!labs/watermill@v1.4.6/message/router.go:645 +0x2b4
github.com/ThreeDotsLabs/watermill/message.(*Router).RunHandlers.func1()
	/Users/jace/go/pkg/mod/github.com/!three!dots!labs/watermill@v1.4.6/message/router.go:460 +0x145
created by github.com/ThreeDotsLabs/watermill/message.(*Router).RunHandlers in goroutine 5866
	/Users/jace/go/pkg/mod/github.com/!three!dots!labs/watermill@v1.4.6/message/router.go:453 +0x606

goroutine 6067 [select]:
github.com/nats-io/nats%2ego.(*Conn).doReconnect(0xc0003ed508, {0x1083c48c8, 0x108d63970}, 0x0)
	/Users/jace/go/pkg/mod/github.com/nats-io/nats.go@v1.41.1/nats.go:2907 +0x41a
created by github.com/nats-io/nats%2ego.(*Conn).processOpErr in goroutine 5968
	/Users/jace/go/pkg/mod/github.com/nats-io/nats.go@v1.41.1/nats.go:3043 +0x2f3

goroutine 13654 [select, 1 minutes]:
github.com/nats-io/nats.go/jetstream.(*pullSubscription).Next(0xc000db8630)
	/Users/jace/go/pkg/mod/github.com/nats-io/nats.go@v1.41.1/jetstream/pull.go:589 +0x285
github.com/Black-And-White-Club/frolf-bot-shared/eventbus.(*eventBus).Subscribe.func1()
	/Users/jace/Documents/GitHub/frolf-bot-shared/eventbus/eventbus.go:326 +0x169
created by github.com/Black-And-White-Club/frolf-bot-shared/eventbus.(*eventBus).Subscribe in goroutine 13643
	/Users/jace/Documents/GitHub/frolf-bot-shared/eventbus/eventbus.go:315 +0xbf1

goroutine 8540 [sync.Cond.Wait, 2 minutes]:
sync.runtime_notifyListWait(0xc0008e6250, 0x1c)
	/usr/local/Cellar/go/1.24.2/libexec/src/runtime/sema.go:597 +0x159
sync.(*Cond).Wait(0xc000d30f88?)
	/usr/local/Cellar/go/1.24.2/libexec/src/sync/cond.go:71 +0x85
github.com/nats-io/nats%2ego.(*Conn).waitForMsgs(0xc000314a08, 0xc000461770)
	/Users/jace/go/pkg/mod/github.com/nats-io/nats.go@v1.41.1/nats.go:3178 +0xc5
created by github.com/nats-io/nats%2ego.(*Conn).subscribeLocked in goroutine 7891
	/Users/jace/go/pkg/mod/github.com/nats-io/nats.go@v1.41.1/nats.go:4468 +0x419

goroutine 25379 [select]:
github.com/nats-io/nats.go/jetstream.(*pullConsumer).Messages.func2()
	/Users/jace/go/pkg/mod/github.com/nats-io/nats.go@v1.41.1/jetstream/pull.go:538 +0x68
created by github.com/nats-io/nats.go/jetstream.(*pullConsumer).Messages in goroutine 25323
	/Users/jace/go/pkg/mod/github.com/nats-io/nats.go@v1.41.1/jetstream/pull.go:536 +0x78a

goroutine 8509 [select, 2 minutes]:
github.com/nats-io/nats.go/jetstream.(*pullSubscription).pullMessages(0xc000ab21b0, {0xc000493130, 0x4e})
	/Users/jace/go/pkg/mod/github.com/nats-io/nats.go@v1.41.1/jetstream/pull.go:955 +0x91
created by github.com/nats-io/nats.go/jetstream.(*pullConsumer).Messages in goroutine 8524
	/Users/jace/go/pkg/mod/github.com/nats-io/nats.go@v1.41.1/jetstream/pull.go:534 +0x748

goroutine 11977 [select]:
github.com/nats-io/nats%2ego.(*Conn).doReconnect(0xc000cfa708, {0x1083c48c8, 0x108d63970}, 0x0)
	/Users/jace/go/pkg/mod/github.com/nats-io/nats.go@v1.41.1/nats.go:2907 +0x41a
created by github.com/nats-io/nats%2ego.(*Conn).processOpErr in goroutine 11815
	/Users/jace/go/pkg/mod/github.com/nats-io/nats.go@v1.41.1/nats.go:3043 +0x2f3

goroutine 9394 [sync.WaitGroup.Wait, 2 minutes]:
sync.runtime_SemacquireWaitGroup(0x0?)
	/usr/local/Cellar/go/1.24.2/libexec/src/runtime/sema.go:110 +0x25
sync.(*WaitGroup).Wait(0x10726d452?)
	/usr/local/Cellar/go/1.24.2/libexec/src/sync/waitgroup.go:118 +0x48
github.com/ThreeDotsLabs/watermill/pubsub/sync.WaitGroupTimeout.func1()
	/Users/jace/go/pkg/mod/github.com/!three!dots!labs/watermill@v1.4.6/pubsub/sync/waitgroup.go:13 +0x25
created by github.com/ThreeDotsLabs/watermill/pubsub/sync.WaitGroupTimeout in goroutine 8682
	/Users/jace/go/pkg/mod/github.com/!three!dots!labs/watermill@v1.4.6/pubsub/sync/waitgroup.go:12 +0x85

goroutine 6048 [select]:
github.com/nats-io/nats%2ego.(*Conn).doReconnect(0xc0006c0308, {0x1083c48c8, 0x108d63970}, 0x0)
	/Users/jace/go/pkg/mod/github.com/nats-io/nats.go@v1.41.1/nats.go:2907 +0x41a
created by github.com/nats-io/nats%2ego.(*Conn).processOpErr in goroutine 5978
	/Users/jace/go/pkg/mod/github.com/nats-io/nats.go@v1.41.1/nats.go:3043 +0x2f3

goroutine 9276 [select, 2 minutes]:
github.com/nats-io/nats.go/jetstream.(*pullSubscription).pullMessages(0xc000bd7560, {0xc000d765a0, 0x60})
	/Users/jace/go/pkg/mod/github.com/nats-io/nats.go@v1.41.1/jetstream/pull.go:955 +0x91
created by github.com/nats-io/nats.go/jetstream.(*pullConsumer).Messages in goroutine 9271
	/Users/jace/go/pkg/mod/github.com/nats-io/nats.go@v1.41.1/jetstream/pull.go:534 +0x748

goroutine 6006 [sync.Cond.Wait, 3 minutes]:
sync.runtime_notifyListWait(0xc000d1add0, 0x0)
	/usr/local/Cellar/go/1.24.2/libexec/src/runtime/sema.go:597 +0x159
sync.(*Cond).Wait(0x0?)
	/usr/local/Cellar/go/1.24.2/libexec/src/sync/cond.go:71 +0x85
github.com/nats-io/nats%2ego.(*asyncCallbacksHandler).asyncCBDispatcher(0xc000bda8c0)
	/Users/jace/go/pkg/mod/github.com/nats-io/nats.go@v1.41.1/nats.go:3059 +0xdd
created by github.com/nats-io/nats%2ego.Options.Connect in goroutine 5363
	/Users/jace/go/pkg/mod/github.com/nats-io/nats.go@v1.41.1/nats.go:1635 +0x387

goroutine 12689 [select, 2 minutes]:
github.com/nats-io/nats.go/jetstream.(*pullSubscription).Next(0xc0010a3830)
	/Users/jace/go/pkg/mod/github.com/nats-io/nats.go@v1.41.1/jetstream/pull.go:589 +0x285
github.com/Black-And-White-Club/frolf-bot-shared/eventbus.(*eventBus).Subscribe.func1()
	/Users/jace/Documents/GitHub/frolf-bot-shared/eventbus/eventbus.go:326 +0x169
created by github.com/Black-And-White-Club/frolf-bot-shared/eventbus.(*eventBus).Subscribe in goroutine 12685
	/Users/jace/Documents/GitHub/frolf-bot-shared/eventbus/eventbus.go:315 +0xbf1

goroutine 3929 [select, 3 minutes]:
github.com/nats-io/nats.go/jetstream.(*pullConsumer).Messages.func2()
	/Users/jace/go/pkg/mod/github.com/nats-io/nats.go@v1.41.1/jetstream/pull.go:538 +0x68
created by github.com/nats-io/nats.go/jetstream.(*pullConsumer).Messages in goroutine 5866
	/Users/jace/go/pkg/mod/github.com/nats-io/nats.go@v1.41.1/jetstream/pull.go:536 +0x78a

goroutine 18628 [select, 1 minutes]:
github.com/nats-io/nats.go/jetstream.(*pullSubscription).Next(0xc000784480)
	/Users/jace/go/pkg/mod/github.com/nats-io/nats.go@v1.41.1/jetstream/pull.go:589 +0x285
github.com/Black-And-White-Club/frolf-bot-shared/eventbus.(*eventBus).Subscribe.func1()
	/Users/jace/Documents/GitHub/frolf-bot-shared/eventbus/eventbus.go:326 +0x169
created by github.com/Black-And-White-Club/frolf-bot-shared/eventbus.(*eventBus).Subscribe in goroutine 18555
	/Users/jace/Documents/GitHub/frolf-bot-shared/eventbus/eventbus.go:315 +0xbf1

goroutine 6952 [chan receive, 3 minutes]:
github.com/ThreeDotsLabs/watermill/message.(*messageTransformSubscriberDecorator).Subscribe.func1()
	/Users/jace/go/pkg/mod/github.com/!three!dots!labs/watermill@v1.4.6/message/decorator.go:52 +0x85
created by github.com/ThreeDotsLabs/watermill/message.(*messageTransformSubscriberDecorator).Subscribe in goroutine 6930
	/Users/jace/go/pkg/mod/github.com/!three!dots!labs/watermill@v1.4.6/message/decorator.go:51 +0xc7

goroutine 5980 [sync.Cond.Wait, 3 minutes]:
sync.runtime_notifyListWait(0xc000d1ac50, 0x0)
	/usr/local/Cellar/go/1.24.2/libexec/src/runtime/sema.go:597 +0x159
sync.(*Cond).Wait(0xc000b44c40?)
	/usr/local/Cellar/go/1.24.2/libexec/src/sync/cond.go:71 +0x85
github.com/nats-io/nats%2ego.(*asyncCallbacksHandler).asyncCBDispatcher(0xc000bda820)
	/Users/jace/go/pkg/mod/github.com/nats-io/nats.go@v1.41.1/nats.go:3059 +0xdd
created by github.com/nats-io/nats%2ego.Options.Connect in goroutine 5363
	/Users/jace/go/pkg/mod/github.com/nats-io/nats.go@v1.41.1/nats.go:1635 +0x387

goroutine 6989 [select]:
github.com/nats-io/nats%2ego.(*Conn).doReconnect(0xc00015aa08, {0x1083c48c8, 0x108d63970}, 0x0)
	/Users/jace/go/pkg/mod/github.com/nats-io/nats.go@v1.41.1/nats.go:2907 +0x41a
created by github.com/nats-io/nats%2ego.(*Conn).processOpErr in goroutine 6914
	/Users/jace/go/pkg/mod/github.com/nats-io/nats.go@v1.41.1/nats.go:3043 +0x2f3

goroutine 5983 [select, 3 minutes]:
github.com/nats-io/nats.go/jetstream.(*pullConsumer).Messages.func2()
	/Users/jace/go/pkg/mod/github.com/nats-io/nats.go@v1.41.1/jetstream/pull.go:538 +0x68
created by github.com/nats-io/nats.go/jetstream.(*pullConsumer).Messages in goroutine 5866
	/Users/jace/go/pkg/mod/github.com/nats-io/nats.go@v1.41.1/jetstream/pull.go:536 +0x78a

goroutine 5984 [select, 3 minutes]:
github.com/nats-io/nats.go/jetstream.(*pullSubscription).Next(0xc000bb8480)
	/Users/jace/go/pkg/mod/github.com/nats-io/nats.go@v1.41.1/jetstream/pull.go:589 +0x285
github.com/Black-And-White-Club/frolf-bot-shared/eventbus.(*eventBus).Subscribe.func1()
	/Users/jace/Documents/GitHub/frolf-bot-shared/eventbus/eventbus.go:326 +0x169
created by github.com/Black-And-White-Club/frolf-bot-shared/eventbus.(*eventBus).Subscribe in goroutine 5866
	/Users/jace/Documents/GitHub/frolf-bot-shared/eventbus/eventbus.go:315 +0xbf1

goroutine 5985 [chan receive, 3 minutes]:
github.com/ThreeDotsLabs/watermill/message.(*messageTransformSubscriberDecorator).Subscribe.func1()
	/Users/jace/go/pkg/mod/github.com/!three!dots!labs/watermill@v1.4.6/message/decorator.go:52 +0x85
created by github.com/ThreeDotsLabs/watermill/message.(*messageTransformSubscriberDecorator).Subscribe in goroutine 5866
	/Users/jace/go/pkg/mod/github.com/!three!dots!labs/watermill@v1.4.6/message/decorator.go:51 +0xc7

goroutine 6018 [chan receive, 3 minutes]:
github.com/ThreeDotsLabs/watermill/message.(*handler).run(0xc000ca8dd0, {0x1083d4720, 0xc000b264b0}, {0xc0009be180, 0x6, 0x4?})
	/Users/jace/go/pkg/mod/github.com/!three!dots!labs/watermill@v1.4.6/message/router.go:645 +0x2b4
github.com/ThreeDotsLabs/watermill/message.(*Router).RunHandlers.func1()
	/Users/jace/go/pkg/mod/github.com/!three!dots!labs/watermill@v1.4.6/message/router.go:460 +0x145
created by github.com/ThreeDotsLabs/watermill/message.(*Router).RunHandlers in goroutine 5866
	/Users/jace/go/pkg/mod/github.com/!three!dots!labs/watermill@v1.4.6/message/router.go:453 +0x606

goroutine 6019 [select, 3 minutes]:
github.com/nats-io/nats.go/jetstream.(*pullSubscription).pullMessages(0xc000bb8900, {0xc000d0b3b0, 0x63})
	/Users/jace/go/pkg/mod/github.com/nats-io/nats.go@v1.41.1/jetstream/pull.go:955 +0x91
created by github.com/nats-io/nats.go/jetstream.(*pullConsumer).Messages in goroutine 5866
	/Users/jace/go/pkg/mod/github.com/nats-io/nats.go@v1.41.1/jetstream/pull.go:534 +0x748

goroutine 6020 [select, 3 minutes]:
github.com/nats-io/nats.go/jetstream.(*pullConsumer).Messages.func2()
	/Users/jace/go/pkg/mod/github.com/nats-io/nats.go@v1.41.1/jetstream/pull.go:538 +0x68
created by github.com/nats-io/nats.go/jetstream.(*pullConsumer).Messages in goroutine 5866
	/Users/jace/go/pkg/mod/github.com/nats-io/nats.go@v1.41.1/jetstream/pull.go:536 +0x78a

goroutine 6021 [select, 3 minutes]:
github.com/nats-io/nats.go/jetstream.(*pullSubscription).Next(0xc000bb8900)
	/Users/jace/go/pkg/mod/github.com/nats-io/nats.go@v1.41.1/jetstream/pull.go:589 +0x285
github.com/Black-And-White-Club/frolf-bot-shared/eventbus.(*eventBus).Subscribe.func1()
	/Users/jace/Documents/GitHub/frolf-bot-shared/eventbus/eventbus.go:326 +0x169
created by github.com/Black-And-White-Club/frolf-bot-shared/eventbus.(*eventBus).Subscribe in goroutine 5866
	/Users/jace/Documents/GitHub/frolf-bot-shared/eventbus/eventbus.go:315 +0xbf1

goroutine 6022 [chan receive, 3 minutes]:
github.com/ThreeDotsLabs/watermill/message.(*messageTransformSubscriberDecorator).Subscribe.func1()
	/Users/jace/go/pkg/mod/github.com/!three!dots!labs/watermill@v1.4.6/message/decorator.go:52 +0x85
created by github.com/ThreeDotsLabs/watermill/message.(*messageTransformSubscriberDecorator).Subscribe in goroutine 5866
	/Users/jace/go/pkg/mod/github.com/!three!dots!labs/watermill@v1.4.6/message/decorator.go:51 +0xc7

goroutine 6023 [chan receive, 3 minutes]:
github.com/ThreeDotsLabs/watermill/message.(*handler).run(0xc000ca8750, {0x1083d4720, 0xc000a20640}, {0xc000014480, 0x6, 0x0?})
	/Users/jace/go/pkg/mod/github.com/!three!dots!labs/watermill@v1.4.6/message/router.go:645 +0x2b4
github.com/ThreeDotsLabs/watermill/message.(*Router).RunHandlers.func1()
	/Users/jace/go/pkg/mod/github.com/!three!dots!labs/watermill@v1.4.6/message/router.go:460 +0x145
created by github.com/ThreeDotsLabs/watermill/message.(*Router).RunHandlers in goroutine 5866
	/Users/jace/go/pkg/mod/github.com/!three!dots!labs/watermill@v1.4.6/message/router.go:453 +0x606

goroutine 25380 [select]:
github.com/nats-io/nats.go/jetstream.(*pullSubscription).Next(0xc00061acf0)
	/Users/jace/go/pkg/mod/github.com/nats-io/nats.go@v1.41.1/jetstream/pull.go:589 +0x285
github.com/Black-And-White-Club/frolf-bot-shared/eventbus.(*eventBus).Subscribe.func1()
	/Users/jace/Documents/GitHub/frolf-bot-shared/eventbus/eventbus.go:326 +0x169
created by github.com/Black-And-White-Club/frolf-bot-shared/eventbus.(*eventBus).Subscribe in goroutine 25323
	/Users/jace/Documents/GitHub/frolf-bot-shared/eventbus/eventbus.go:315 +0xbf1

goroutine 22003 [chan receive]:
github.com/ThreeDotsLabs/watermill/message.(*handler).run(0xc0016032b0, {0x1083d4720, 0xc000b56730}, {0xc0009140c0, 0x6, 0xc0004c4f78?})
	/Users/jace/go/pkg/mod/github.com/!three!dots!labs/watermill@v1.4.6/message/router.go:645 +0x2b4
github.com/ThreeDotsLabs/watermill/message.(*Router).RunHandlers.func1()
	/Users/jace/go/pkg/mod/github.com/!three!dots!labs/watermill@v1.4.6/message/router.go:460 +0x145
created by github.com/ThreeDotsLabs/watermill/message.(*Router).RunHandlers in goroutine 21873
	/Users/jace/go/pkg/mod/github.com/!three!dots!labs/watermill@v1.4.6/message/router.go:453 +0x606

goroutine 5998 [chan receive, 3 minutes]:
github.com/ThreeDotsLabs/watermill/message.(*messageTransformSubscriberDecorator).Subscribe.func1()
	/Users/jace/go/pkg/mod/github.com/!three!dots!labs/watermill@v1.4.6/message/decorator.go:52 +0x85
created by github.com/ThreeDotsLabs/watermill/message.(*messageTransformSubscriberDecorator).Subscribe in goroutine 5866
	/Users/jace/go/pkg/mod/github.com/!three!dots!labs/watermill@v1.4.6/message/decorator.go:51 +0xc7

goroutine 5999 [chan receive, 3 minutes]:
github.com/ThreeDotsLabs/watermill/message.(*handler).run(0xc000ca8c30, {0x1083d4720, 0xc0006ac1e0}, {0xc0006500c0, 0x6, 0x68222c22322e3432?})
	/Users/jace/go/pkg/mod/github.com/!three!dots!labs/watermill@v1.4.6/message/router.go:645 +0x2b4
github.com/ThreeDotsLabs/watermill/message.(*Router).RunHandlers.func1()
	/Users/jace/go/pkg/mod/github.com/!three!dots!labs/watermill@v1.4.6/message/router.go:460 +0x145
created by github.com/ThreeDotsLabs/watermill/message.(*Router).RunHandlers in goroutine 5866
	/Users/jace/go/pkg/mod/github.com/!three!dots!labs/watermill@v1.4.6/message/router.go:453 +0x606

goroutine 26680 [select]:
github.com/nats-io/nats.go/jetstream.(*pullSubscription).pullMessages(0xc00184a240, {0xc00184c070, 0x63})
	/Users/jace/go/pkg/mod/github.com/nats-io/nats.go@v1.41.1/jetstream/pull.go:955 +0x91
created by github.com/nats-io/nats.go/jetstream.(*pullConsumer).Messages in goroutine 26544
	/Users/jace/go/pkg/mod/github.com/nats-io/nats.go@v1.41.1/jetstream/pull.go:534 +0x748

goroutine 8578 [select, 2 minutes]:
github.com/nats-io/nats.go/jetstream.(*pullConsumer).Messages.func2()
	/Users/jace/go/pkg/mod/github.com/nats-io/nats.go@v1.41.1/jetstream/pull.go:538 +0x68
created by github.com/nats-io/nats.go/jetstream.(*pullConsumer).Messages in goroutine 8524
	/Users/jace/go/pkg/mod/github.com/nats-io/nats.go@v1.41.1/jetstream/pull.go:536 +0x78a

goroutine 6066 [sync.Cond.Wait, 3 minutes]:
sync.runtime_notifyListWait(0xc00078a890, 0x2)
	/usr/local/Cellar/go/1.24.2/libexec/src/runtime/sema.go:597 +0x159
sync.(*Cond).Wait(0xc000b76ae0?)
	/usr/local/Cellar/go/1.24.2/libexec/src/sync/cond.go:71 +0x85
github.com/nats-io/nats%2ego.(*Conn).waitForMsgs(0xc0003ed508, 0xc000461590)
	/Users/jace/go/pkg/mod/github.com/nats-io/nats.go@v1.41.1/nats.go:3178 +0xc5
created by github.com/nats-io/nats%2ego.(*Conn).subscribeLocked in goroutine 5363
	/Users/jace/go/pkg/mod/github.com/nats-io/nats.go@v1.41.1/nats.go:4468 +0x419

goroutine 10996 [chan receive, 2 minutes]:
github.com/ThreeDotsLabs/watermill/message.(*handler).run(0xc000825d40, {0x1083d4720, 0xc0010c0910}, {0xc00118a6c0, 0x6, 0x0?})
	/Users/jace/go/pkg/mod/github.com/!three!dots!labs/watermill@v1.4.6/message/router.go:645 +0x2b4
github.com/ThreeDotsLabs/watermill/message.(*Router).RunHandlers.func1()
	/Users/jace/go/pkg/mod/github.com/!three!dots!labs/watermill@v1.4.6/message/router.go:460 +0x145
created by github.com/ThreeDotsLabs/watermill/message.(*Router).RunHandlers in goroutine 10974
	/Users/jace/go/pkg/mod/github.com/!three!dots!labs/watermill@v1.4.6/message/router.go:453 +0x606

goroutine 8033 [select, 2 minutes]:
github.com/nats-io/nats.go/jetstream.(*pullSubscription).pullMessages(0xc000c9c6c0, {0xc00004c600, 0x5b})
	/Users/jace/go/pkg/mod/github.com/nats-io/nats.go@v1.41.1/jetstream/pull.go:955 +0x91
created by github.com/nats-io/nats.go/jetstream.(*pullConsumer).Messages in goroutine 8524
	/Users/jace/go/pkg/mod/github.com/nats-io/nats.go@v1.41.1/jetstream/pull.go:534 +0x748

goroutine 6088 [sync.WaitGroup.Wait, 3 minutes]:
sync.runtime_SemacquireWaitGroup(0x1083d4718?)
	/usr/local/Cellar/go/1.24.2/libexec/src/runtime/sema.go:110 +0x25
sync.(*WaitGroup).Wait(0xc0008dffd0?)
	/usr/local/Cellar/go/1.24.2/libexec/src/sync/waitgroup.go:118 +0x48
github.com/ThreeDotsLabs/watermill/message.(*Router).waitForHandlers.func1()
	/Users/jace/go/pkg/mod/github.com/!three!dots!labs/watermill@v1.4.6/message/router.go:579 +0x4b
created by github.com/ThreeDotsLabs/watermill/message.(*Router).waitForHandlers in goroutine 5363
	/Users/jace/go/pkg/mod/github.com/!three!dots!labs/watermill@v1.4.6/message/router.go:577 +0x87

goroutine 6931 [sync.WaitGroup.Wait, 3 minutes]:
sync.runtime_SemacquireWaitGroup(0x108167a40?)
	/usr/local/Cellar/go/1.24.2/libexec/src/runtime/sema.go:110 +0x25
sync.(*WaitGroup).Wait(0x0?)
	/usr/local/Cellar/go/1.24.2/libexec/src/sync/waitgroup.go:118 +0x48
github.com/ThreeDotsLabs/watermill/message.(*Router).watchAllHandlersStopped.func1()
	/Users/jace/go/pkg/mod/github.com/!three!dots!labs/watermill@v1.4.6/message/router.go:498 +0x86
created by github.com/ThreeDotsLabs/watermill/message.(*Router).watchAllHandlersStopped in goroutine 6930
	/Users/jace/go/pkg/mod/github.com/!three!dots!labs/watermill@v1.4.6/message/router.go:484 +0xec

goroutine 6090 [sync.WaitGroup.Wait, 3 minutes]:
sync.runtime_SemacquireWaitGroup(0xc000a7c700?)
	/usr/local/Cellar/go/1.24.2/libexec/src/runtime/sema.go:110 +0x25
sync.(*WaitGroup).Wait(0x10726d452?)
	/usr/local/Cellar/go/1.24.2/libexec/src/sync/waitgroup.go:118 +0x48
github.com/ThreeDotsLabs/watermill/pubsub/sync.WaitGroupTimeout.func1()
	/Users/jace/go/pkg/mod/github.com/!three!dots!labs/watermill@v1.4.6/pubsub/sync/waitgroup.go:13 +0x25
created by github.com/ThreeDotsLabs/watermill/pubsub/sync.WaitGroupTimeout in goroutine 5363
	/Users/jace/go/pkg/mod/github.com/!three!dots!labs/watermill@v1.4.6/pubsub/sync/waitgroup.go:12 +0x85

goroutine 22002 [chan receive]:
github.com/ThreeDotsLabs/watermill/message.(*messageTransformSubscriberDecorator).Subscribe.func1()
	/Users/jace/go/pkg/mod/github.com/!three!dots!labs/watermill@v1.4.6/message/decorator.go:52 +0x85
created by github.com/ThreeDotsLabs/watermill/message.(*messageTransformSubscriberDecorator).Subscribe in goroutine 21873
	/Users/jace/go/pkg/mod/github.com/!three!dots!labs/watermill@v1.4.6/message/decorator.go:51 +0xc7

goroutine 19731 [sync.Cond.Wait, 1 minutes]:
sync.runtime_notifyListWait(0xc0008e7850, 0x0)
	/usr/local/Cellar/go/1.24.2/libexec/src/runtime/sema.go:597 +0x159
sync.(*Cond).Wait(0x1000000000001?)
	/usr/local/Cellar/go/1.24.2/libexec/src/sync/cond.go:71 +0x85
github.com/nats-io/nats%2ego.(*asyncCallbacksHandler).asyncCBDispatcher(0xc00090ec00)
	/Users/jace/go/pkg/mod/github.com/nats-io/nats.go@v1.41.1/nats.go:3059 +0xdd
created by github.com/nats-io/nats%2ego.Options.Connect in goroutine 18834
	/Users/jace/go/pkg/mod/github.com/nats-io/nats.go@v1.41.1/nats.go:1635 +0x387

goroutine 18630 [chan receive, 1 minutes]:
github.com/ThreeDotsLabs/watermill/message.(*handler).run(0xc000d441a0, {0x1083d4720, 0xc0001b31d0}, {0xc0012d20c0, 0x6, 0xc000970778?})
	/Users/jace/go/pkg/mod/github.com/!three!dots!labs/watermill@v1.4.6/message/router.go:645 +0x2b4
github.com/ThreeDotsLabs/watermill/message.(*Router).RunHandlers.func1()
	/Users/jace/go/pkg/mod/github.com/!three!dots!labs/watermill@v1.4.6/message/router.go:460 +0x145
created by github.com/ThreeDotsLabs/watermill/message.(*Router).RunHandlers in goroutine 18555
	/Users/jace/go/pkg/mod/github.com/!three!dots!labs/watermill@v1.4.6/message/router.go:453 +0x606

goroutine 18629 [chan receive, 1 minutes]:
github.com/ThreeDotsLabs/watermill/message.(*messageTransformSubscriberDecorator).Subscribe.func1()
	/Users/jace/go/pkg/mod/github.com/!three!dots!labs/watermill@v1.4.6/message/decorator.go:52 +0x85
created by github.com/ThreeDotsLabs/watermill/message.(*messageTransformSubscriberDecorator).Subscribe in goroutine 18555
	/Users/jace/go/pkg/mod/github.com/!three!dots!labs/watermill@v1.4.6/message/decorator.go:51 +0xc7

goroutine 20765 [select]:
github.com/nats-io/nats.go/jetstream.(*pullSubscription).pullMessages(0xc0010eb8c0, {0xc001122f50, 0x61})
	/Users/jace/go/pkg/mod/github.com/nats-io/nats.go@v1.41.1/jetstream/pull.go:955 +0x91
created by github.com/nats-io/nats.go/jetstream.(*pullConsumer).Messages in goroutine 20731
	/Users/jace/go/pkg/mod/github.com/nats-io/nats.go@v1.41.1/jetstream/pull.go:534 +0x748

goroutine 16494 [select, 1 minutes]:
github.com/nats-io/nats.go/jetstream.(*pullConsumer).Messages.func2()
	/Users/jace/go/pkg/mod/github.com/nats-io/nats.go@v1.41.1/jetstream/pull.go:538 +0x68
created by github.com/nats-io/nats.go/jetstream.(*pullConsumer).Messages in goroutine 16469
	/Users/jace/go/pkg/mod/github.com/nats-io/nats.go@v1.41.1/jetstream/pull.go:536 +0x78a

goroutine 13688 [chan receive, 1 minutes]:
github.com/ThreeDotsLabs/watermill/message.(*handler).run(0xc000d9ef70, {0x1083d4720, 0xc0001b2cd0}, {0xc0009223c0, 0x6, 0xc000d34f78?})
	/Users/jace/go/pkg/mod/github.com/!three!dots!labs/watermill@v1.4.6/message/router.go:645 +0x2b4
github.com/ThreeDotsLabs/watermill/message.(*Router).RunHandlers.func1()
	/Users/jace/go/pkg/mod/github.com/!three!dots!labs/watermill@v1.4.6/message/router.go:460 +0x145
created by github.com/ThreeDotsLabs/watermill/message.(*Router).RunHandlers in goroutine 13643
	/Users/jace/go/pkg/mod/github.com/!three!dots!labs/watermill@v1.4.6/message/router.go:453 +0x606

goroutine 9184 [select, 2 minutes]:
github.com/nats-io/nats.go/jetstream.(*pullConsumer).Messages.func2()
	/Users/jace/go/pkg/mod/github.com/nats-io/nats.go@v1.41.1/jetstream/pull.go:538 +0x68
created by github.com/nats-io/nats.go/jetstream.(*pullConsumer).Messages in goroutine 9271
	/Users/jace/go/pkg/mod/github.com/nats-io/nats.go@v1.41.1/jetstream/pull.go:536 +0x78a

goroutine 6922 [select, 3 minutes]:
github.com/nats-io/nats.go/jetstream.(*pullSubscription).pullMessages(0xc000bd6360, {0xc0009afc20, 0x55})
	/Users/jace/go/pkg/mod/github.com/nats-io/nats.go@v1.41.1/jetstream/pull.go:955 +0x91
created by github.com/nats-io/nats.go/jetstream.(*pullConsumer).Messages in goroutine 6930
	/Users/jace/go/pkg/mod/github.com/nats-io/nats.go@v1.41.1/jetstream/pull.go:534 +0x748

goroutine 7784 [chan receive, 2 minutes]:
github.com/ThreeDotsLabs/watermill/message.(*messageTransformSubscriberDecorator).Subscribe.func1()
	/Users/jace/go/pkg/mod/github.com/!three!dots!labs/watermill@v1.4.6/message/decorator.go:52 +0x85
created by github.com/ThreeDotsLabs/watermill/message.(*messageTransformSubscriberDecorator).Subscribe in goroutine 7709
	/Users/jace/go/pkg/mod/github.com/!three!dots!labs/watermill@v1.4.6/message/decorator.go:51 +0xc7

goroutine 6947 [chan receive, 3 minutes]:
github.com/ThreeDotsLabs/watermill/message.(*messageTransformSubscriberDecorator).Subscribe.func1()
	/Users/jace/go/pkg/mod/github.com/!three!dots!labs/watermill@v1.4.6/message/decorator.go:52 +0x85
created by github.com/ThreeDotsLabs/watermill/message.(*messageTransformSubscriberDecorator).Subscribe in goroutine 6930
	/Users/jace/go/pkg/mod/github.com/!three!dots!labs/watermill@v1.4.6/message/decorator.go:51 +0xc7

goroutine 6934 [select, 3 minutes]:
github.com/nats-io/nats.go/jetstream.(*pullSubscription).Next(0xc000cd6bd0)
	/Users/jace/go/pkg/mod/github.com/nats-io/nats.go@v1.41.1/jetstream/pull.go:589 +0x285
github.com/Black-And-White-Club/frolf-bot-shared/eventbus.(*eventBus).Subscribe.func1()
	/Users/jace/Documents/GitHub/frolf-bot-shared/eventbus/eventbus.go:326 +0x169
created by github.com/Black-And-White-Club/frolf-bot-shared/eventbus.(*eventBus).Subscribe in goroutine 6930
	/Users/jace/Documents/GitHub/frolf-bot-shared/eventbus/eventbus.go:315 +0xbf1

goroutine 6936 [chan receive, 3 minutes]:
github.com/ThreeDotsLabs/watermill/message.(*handler).run(0xc0005cac30, {0x1083d4720, 0xc0006adef0}, {0xc000ceec00, 0x6, 0x0?})
	/Users/jace/go/pkg/mod/github.com/!three!dots!labs/watermill@v1.4.6/message/router.go:645 +0x2b4
github.com/ThreeDotsLabs/watermill/message.(*Router).RunHandlers.func1()
	/Users/jace/go/pkg/mod/github.com/!three!dots!labs/watermill@v1.4.6/message/router.go:460 +0x145
created by github.com/ThreeDotsLabs/watermill/message.(*Router).RunHandlers in goroutine 6930
	/Users/jace/go/pkg/mod/github.com/!three!dots!labs/watermill@v1.4.6/message/router.go:453 +0x606

goroutine 7750 [select, 2 minutes]:
github.com/nats-io/nats.go/jetstream.(*pullSubscription).pullMessages(0xc0004267e0, {0xc000c37ab0, 0x63})
	/Users/jace/go/pkg/mod/github.com/nats-io/nats.go@v1.41.1/jetstream/pull.go:955 +0x91
created by github.com/nats-io/nats.go/jetstream.(*pullConsumer).Messages in goroutine 7709
	/Users/jace/go/pkg/mod/github.com/nats-io/nats.go@v1.41.1/jetstream/pull.go:534 +0x748

goroutine 7747 [sync.Cond.Wait, 2 minutes]:
sync.runtime_notifyListWait(0xc000d1bed0, 0x0)
	/usr/local/Cellar/go/1.24.2/libexec/src/runtime/sema.go:597 +0x159
sync.(*Cond).Wait(0x107483725?)
	/usr/local/Cellar/go/1.24.2/libexec/src/sync/cond.go:71 +0x85
github.com/nats-io/nats%2ego.(*asyncCallbacksHandler).asyncCBDispatcher(0xc0007e7900)
	/Users/jace/go/pkg/mod/github.com/nats-io/nats.go@v1.41.1/nats.go:3059 +0xdd
created by github.com/nats-io/nats%2ego.Options.Connect in goroutine 7017
	/Users/jace/go/pkg/mod/github.com/nats-io/nats.go@v1.41.1/nats.go:1635 +0x387

goroutine 7710 [sync.WaitGroup.Wait, 2 minutes]:
sync.runtime_SemacquireWaitGroup(0x1072326d2?)
	/usr/local/Cellar/go/1.24.2/libexec/src/runtime/sema.go:110 +0x25
sync.(*WaitGroup).Wait(0x10749cfbc?)
	/usr/local/Cellar/go/1.24.2/libexec/src/sync/waitgroup.go:118 +0x48
github.com/ThreeDotsLabs/watermill/message.(*Router).watchAllHandlersStopped.func1()
	/Users/jace/go/pkg/mod/github.com/!three!dots!labs/watermill@v1.4.6/message/router.go:498 +0x86
created by github.com/ThreeDotsLabs/watermill/message.(*Router).watchAllHandlersStopped in goroutine 7709
	/Users/jace/go/pkg/mod/github.com/!three!dots!labs/watermill@v1.4.6/message/router.go:484 +0xec

goroutine 10165 [select, 2 minutes]:
github.com/nats-io/nats.go/jetstream.(*pullSubscription).Next(0xc00095e750)
	/Users/jace/go/pkg/mod/github.com/nats-io/nats.go@v1.41.1/jetstream/pull.go:589 +0x285
github.com/Black-And-White-Club/frolf-bot-shared/eventbus.(*eventBus).Subscribe.func1()
	/Users/jace/Documents/GitHub/frolf-bot-shared/eventbus/eventbus.go:326 +0x169
created by github.com/Black-And-White-Club/frolf-bot-shared/eventbus.(*eventBus).Subscribe in goroutine 9951
	/Users/jace/Documents/GitHub/frolf-bot-shared/eventbus/eventbus.go:315 +0xbf1

goroutine 6932 [select, 3 minutes]:
github.com/nats-io/nats.go/jetstream.(*pullSubscription).pullMessages(0xc000cd6bd0, {0xc000cf8420, 0x5b})
	/Users/jace/go/pkg/mod/github.com/nats-io/nats.go@v1.41.1/jetstream/pull.go:955 +0x91
created by github.com/nats-io/nats.go/jetstream.(*pullConsumer).Messages in goroutine 6930
	/Users/jace/go/pkg/mod/github.com/nats-io/nats.go@v1.41.1/jetstream/pull.go:534 +0x748

goroutine 6924 [select, 3 minutes]:
github.com/nats-io/nats.go/jetstream.(*pullSubscription).Next(0xc000bd6360)
	/Users/jace/go/pkg/mod/github.com/nats-io/nats.go@v1.41.1/jetstream/pull.go:589 +0x285
github.com/Black-And-White-Club/frolf-bot-shared/eventbus.(*eventBus).Subscribe.func1()
	/Users/jace/Documents/GitHub/frolf-bot-shared/eventbus/eventbus.go:326 +0x169
created by github.com/Black-And-White-Club/frolf-bot-shared/eventbus.(*eventBus).Subscribe in goroutine 6930
	/Users/jace/Documents/GitHub/frolf-bot-shared/eventbus/eventbus.go:315 +0xbf1

goroutine 6923 [select, 3 minutes]:
github.com/nats-io/nats.go/jetstream.(*pullConsumer).Messages.func2()
	/Users/jace/go/pkg/mod/github.com/nats-io/nats.go@v1.41.1/jetstream/pull.go:538 +0x68
created by github.com/nats-io/nats.go/jetstream.(*pullConsumer).Messages in goroutine 6930
	/Users/jace/go/pkg/mod/github.com/nats-io/nats.go@v1.41.1/jetstream/pull.go:536 +0x78a

goroutine 7778 [chan receive, 2 minutes]:
github.com/ThreeDotsLabs/watermill/message.(*messageTransformSubscriberDecorator).Subscribe.func1()
	/Users/jace/go/pkg/mod/github.com/!three!dots!labs/watermill@v1.4.6/message/decorator.go:52 +0x85
created by github.com/ThreeDotsLabs/watermill/message.(*messageTransformSubscriberDecorator).Subscribe in goroutine 7709
	/Users/jace/go/pkg/mod/github.com/!three!dots!labs/watermill@v1.4.6/message/decorator.go:51 +0xc7

goroutine 12700 [select, 2 minutes]:
github.com/nats-io/nats.go/jetstream.(*pullSubscription).pullMessages(0xc000c702d0, {0xc000cf9500, 0x55})
	/Users/jace/go/pkg/mod/github.com/nats-io/nats.go@v1.41.1/jetstream/pull.go:955 +0x91
created by github.com/nats-io/nats.go/jetstream.(*pullConsumer).Messages in goroutine 12685
	/Users/jace/go/pkg/mod/github.com/nats-io/nats.go@v1.41.1/jetstream/pull.go:534 +0x748

goroutine 8719 [select]:
github.com/nats-io/nats.go/jetstream.(*pullSubscription).Next(0xc001a50480)
	/Users/jace/go/pkg/mod/github.com/nats-io/nats.go@v1.41.1/jetstream/pull.go:589 +0x285
github.com/Black-And-White-Club/frolf-bot-shared/eventbus.(*eventBus).Subscribe.func1()
	/Users/jace/Documents/GitHub/frolf-bot-shared/eventbus/eventbus.go:326 +0x169
created by github.com/Black-And-White-Club/frolf-bot-shared/eventbus.(*eventBus).Subscribe in goroutine 25642
	/Users/jace/Documents/GitHub/frolf-bot-shared/eventbus/eventbus.go:315 +0xbf1

goroutine 6946 [select, 3 minutes]:
github.com/nats-io/nats.go/jetstream.(*pullSubscription).Next(0xc000bd67e0)
	/Users/jace/go/pkg/mod/github.com/nats-io/nats.go@v1.41.1/jetstream/pull.go:589 +0x285
github.com/Black-And-White-Club/frolf-bot-shared/eventbus.(*eventBus).Subscribe.func1()
	/Users/jace/Documents/GitHub/frolf-bot-shared/eventbus/eventbus.go:326 +0x169
created by github.com/Black-And-White-Club/frolf-bot-shared/eventbus.(*eventBus).Subscribe in goroutine 6930
	/Users/jace/Documents/GitHub/frolf-bot-shared/eventbus/eventbus.go:315 +0xbf1

goroutine 6949 [select, 3 minutes]:
github.com/nats-io/nats.go/jetstream.(*pullSubscription).pullMessages(0xc000bd6c60, {0xc000ade0e0, 0x63})
	/Users/jace/go/pkg/mod/github.com/nats-io/nats.go@v1.41.1/jetstream/pull.go:955 +0x91
created by github.com/nats-io/nats.go/jetstream.(*pullConsumer).Messages in goroutine 6930
	/Users/jace/go/pkg/mod/github.com/nats-io/nats.go@v1.41.1/jetstream/pull.go:534 +0x748

goroutine 6929 [select, 3 minutes]:
github.com/nats-io/nats.go/jetstream.(*pullConsumer).Messages.func2()
	/Users/jace/go/pkg/mod/github.com/nats-io/nats.go@v1.41.1/jetstream/pull.go:538 +0x68
created by github.com/nats-io/nats.go/jetstream.(*pullConsumer).Messages in goroutine 6930
	/Users/jace/go/pkg/mod/github.com/nats-io/nats.go@v1.41.1/jetstream/pull.go:536 +0x78a

goroutine 6926 [chan receive, 3 minutes]:
github.com/ThreeDotsLabs/watermill/message.(*handler).run(0xc0005cadd0, {0x1083d4720, 0xc0002e6410}, {0xc0009cd500, 0x6, 0xc000871778?})
	/Users/jace/go/pkg/mod/github.com/!three!dots!labs/watermill@v1.4.6/message/router.go:645 +0x2b4
github.com/ThreeDotsLabs/watermill/message.(*Router).RunHandlers.func1()
	/Users/jace/go/pkg/mod/github.com/!three!dots!labs/watermill@v1.4.6/message/router.go:460 +0x145
created by github.com/ThreeDotsLabs/watermill/message.(*Router).RunHandlers in goroutine 6930
	/Users/jace/go/pkg/mod/github.com/!three!dots!labs/watermill@v1.4.6/message/router.go:453 +0x606

goroutine 6948 [chan receive, 3 minutes]:
github.com/ThreeDotsLabs/watermill/message.(*handler).run(0xc0005ca000, {0x1083d4720, 0xc0001b3770}, {0xc000ceecc0, 0x6, 0x0?})
	/Users/jace/go/pkg/mod/github.com/!three!dots!labs/watermill@v1.4.6/message/router.go:645 +0x2b4
github.com/ThreeDotsLabs/watermill/message.(*Router).RunHandlers.func1()
	/Users/jace/go/pkg/mod/github.com/!three!dots!labs/watermill@v1.4.6/message/router.go:460 +0x145
created by github.com/ThreeDotsLabs/watermill/message.(*Router).RunHandlers in goroutine 6930
	/Users/jace/go/pkg/mod/github.com/!three!dots!labs/watermill@v1.4.6/message/router.go:453 +0x606

goroutine 12670 [select, 2 minutes]:
github.com/nats-io/nats.go/jetstream.(*pullSubscription).pullMessages(0xc000db98c0, {0xc000eea620, 0x63})
	/Users/jace/go/pkg/mod/github.com/nats-io/nats.go@v1.41.1/jetstream/pull.go:955 +0x91
created by github.com/nats-io/nats.go/jetstream.(*pullConsumer).Messages in goroutine 12685
	/Users/jace/go/pkg/mod/github.com/nats-io/nats.go@v1.41.1/jetstream/pull.go:534 +0x748

goroutine 7711 [select, 2 minutes]:
github.com/nats-io/nats.go/jetstream.(*pullSubscription).pullMessages(0xc000b32990, {0xc000ab52c0, 0x5b})
	/Users/jace/go/pkg/mod/github.com/nats-io/nats.go@v1.41.1/jetstream/pull.go:955 +0x91
created by github.com/nats-io/nats.go/jetstream.(*pullConsumer).Messages in goroutine 7709
	/Users/jace/go/pkg/mod/github.com/nats-io/nats.go@v1.41.1/jetstream/pull.go:534 +0x748

goroutine 8525 [sync.WaitGroup.Wait, 2 minutes]:
sync.runtime_SemacquireWaitGroup(0x0?)
	/usr/local/Cellar/go/1.24.2/libexec/src/runtime/sema.go:110 +0x25
sync.(*WaitGroup).Wait(0x0?)
	/usr/local/Cellar/go/1.24.2/libexec/src/sync/waitgroup.go:118 +0x48
github.com/ThreeDotsLabs/watermill/message.(*Router).watchAllHandlersStopped.func1()
	/Users/jace/go/pkg/mod/github.com/!three!dots!labs/watermill@v1.4.6/message/router.go:498 +0x86
created by github.com/ThreeDotsLabs/watermill/message.(*Router).watchAllHandlersStopped in goroutine 8524
	/Users/jace/go/pkg/mod/github.com/!three!dots!labs/watermill@v1.4.6/message/router.go:484 +0xec

goroutine 7753 [chan receive, 2 minutes]:
github.com/ThreeDotsLabs/watermill/message.(*messageTransformSubscriberDecorator).Subscribe.func1()
	/Users/jace/go/pkg/mod/github.com/!three!dots!labs/watermill@v1.4.6/message/decorator.go:52 +0x85
created by github.com/ThreeDotsLabs/watermill/message.(*messageTransformSubscriberDecorator).Subscribe in goroutine 7709
	/Users/jace/go/pkg/mod/github.com/!three!dots!labs/watermill@v1.4.6/message/decorator.go:51 +0xc7

goroutine 7754 [chan receive, 2 minutes]:
github.com/ThreeDotsLabs/watermill/message.(*handler).run(0xc000d07930, {0x1083d4720, 0xc000800a50}, {0xc00018bec0, 0x6, 0x0?})
	/Users/jace/go/pkg/mod/github.com/!three!dots!labs/watermill@v1.4.6/message/router.go:645 +0x2b4
github.com/ThreeDotsLabs/watermill/message.(*Router).RunHandlers.func1()
	/Users/jace/go/pkg/mod/github.com/!three!dots!labs/watermill@v1.4.6/message/router.go:460 +0x145
created by github.com/ThreeDotsLabs/watermill/message.(*Router).RunHandlers in goroutine 7709
	/Users/jace/go/pkg/mod/github.com/!three!dots!labs/watermill@v1.4.6/message/router.go:453 +0x606

goroutine 6920 [sync.Cond.Wait, 3 minutes]:
sync.runtime_notifyListWait(0xc0009e1650, 0x1c)
	/usr/local/Cellar/go/1.24.2/libexec/src/runtime/sema.go:597 +0x159
sync.(*Cond).Wait(0xc000a6b250?)
	/usr/local/Cellar/go/1.24.2/libexec/src/sync/cond.go:71 +0x85
github.com/nats-io/nats%2ego.(*Conn).waitForMsgs(0xc0003ee308, 0xc0003e71d0)
	/Users/jace/go/pkg/mod/github.com/nats-io/nats.go@v1.41.1/nats.go:3178 +0xc5
created by github.com/nats-io/nats%2ego.(*Conn).subscribeLocked in goroutine 6142
	/Users/jace/go/pkg/mod/github.com/nats-io/nats.go@v1.41.1/nats.go:4468 +0x419

goroutine 6916 [sync.Cond.Wait, 3 minutes]:
sync.runtime_notifyListWait(0xc000aa2910, 0x0)
	/usr/local/Cellar/go/1.24.2/libexec/src/runtime/sema.go:597 +0x159
sync.(*Cond).Wait(0x1083d4790?)
	/usr/local/Cellar/go/1.24.2/libexec/src/sync/cond.go:71 +0x85
github.com/nats-io/nats%2ego.(*asyncCallbacksHandler).asyncCBDispatcher(0xc000ac9ae0)
	/Users/jace/go/pkg/mod/github.com/nats-io/nats.go@v1.41.1/nats.go:3059 +0xdd
created by github.com/nats-io/nats%2ego.Options.Connect in goroutine 6142
	/Users/jace/go/pkg/mod/github.com/nats-io/nats.go@v1.41.1/nats.go:1635 +0x387

goroutine 6998 [select]:
github.com/nats-io/nats%2ego.(*Conn).doReconnect(0xc0003ee308, {0x1083c48c8, 0x108d63970}, 0x0)
	/Users/jace/go/pkg/mod/github.com/nats-io/nats.go@v1.41.1/nats.go:2907 +0x41a
created by github.com/nats-io/nats%2ego.(*Conn).processOpErr in goroutine 6831
	/Users/jace/go/pkg/mod/github.com/nats-io/nats.go@v1.41.1/nats.go:3043 +0x2f3

goroutine 6919 [sync.Cond.Wait, 3 minutes]:
sync.runtime_notifyListWait(0xc0009e1450, 0x0)
	/usr/local/Cellar/go/1.24.2/libexec/src/runtime/sema.go:597 +0x159
sync.(*Cond).Wait(0xc000ada540?)
	/usr/local/Cellar/go/1.24.2/libexec/src/sync/cond.go:71 +0x85
github.com/nats-io/nats%2ego.(*asyncCallbacksHandler).asyncCBDispatcher(0xc000993760)
	/Users/jace/go/pkg/mod/github.com/nats-io/nats.go@v1.41.1/nats.go:3059 +0xdd
created by github.com/nats-io/nats%2ego.Options.Connect in goroutine 6142
	/Users/jace/go/pkg/mod/github.com/nats-io/nats.go@v1.41.1/nats.go:1635 +0x387

goroutine 10987 [sync.Cond.Wait, 2 minutes]:
sync.runtime_notifyListWait(0xc00078b3d0, 0x0)
	/usr/local/Cellar/go/1.24.2/libexec/src/runtime/sema.go:597 +0x159
sync.(*Cond).Wait(0x0?)
	/usr/local/Cellar/go/1.24.2/libexec/src/sync/cond.go:71 +0x85
github.com/nats-io/nats%2ego.(*asyncCallbacksHandler).asyncCBDispatcher(0xc0002f16e0)
	/Users/jace/go/pkg/mod/github.com/nats-io/nats.go@v1.41.1/nats.go:3059 +0xdd
created by github.com/nats-io/nats%2ego.Options.Connect in goroutine 10316
	/Users/jace/go/pkg/mod/github.com/nats-io/nats.go@v1.41.1/nats.go:1635 +0x387

goroutine 8541 [select, 2 minutes]:
github.com/nats-io/nats.go/jetstream.(*pullSubscription).pullMessages(0xc000bd7b90, {0xc000da3260, 0x63})
	/Users/jace/go/pkg/mod/github.com/nats-io/nats.go@v1.41.1/jetstream/pull.go:955 +0x91
created by github.com/nats-io/nats.go/jetstream.(*pullConsumer).Messages in goroutine 8524
	/Users/jace/go/pkg/mod/github.com/nats-io/nats.go@v1.41.1/jetstream/pull.go:534 +0x748

goroutine 6833 [sync.Cond.Wait, 3 minutes]:
sync.runtime_notifyListWait(0xc000634d50, 0x0)
	/usr/local/Cellar/go/1.24.2/libexec/src/runtime/sema.go:597 +0x159
sync.(*Cond).Wait(0xc0002bf2d0?)
	/usr/local/Cellar/go/1.24.2/libexec/src/sync/cond.go:71 +0x85
github.com/nats-io/nats%2ego.(*asyncCallbacksHandler).asyncCBDispatcher(0xc0002a4a20)
	/Users/jace/go/pkg/mod/github.com/nats-io/nats.go@v1.41.1/nats.go:3059 +0xdd
created by github.com/nats-io/nats%2ego.Options.Connect in goroutine 6142
	/Users/jace/go/pkg/mod/github.com/nats-io/nats.go@v1.41.1/nats.go:1635 +0x387

goroutine 9278 [select, 2 minutes]:
github.com/nats-io/nats.go/jetstream.(*pullSubscription).Next(0xc000bd7560)
	/Users/jace/go/pkg/mod/github.com/nats-io/nats.go@v1.41.1/jetstream/pull.go:589 +0x285
github.com/Black-And-White-Club/frolf-bot-shared/eventbus.(*eventBus).Subscribe.func1()
	/Users/jace/Documents/GitHub/frolf-bot-shared/eventbus/eventbus.go:326 +0x169
created by github.com/Black-And-White-Club/frolf-bot-shared/eventbus.(*eventBus).Subscribe in goroutine 9271
	/Users/jace/Documents/GitHub/frolf-bot-shared/eventbus/eventbus.go:315 +0xbf1

goroutine 7781 [select, 2 minutes]:
github.com/nats-io/nats.go/jetstream.(*pullSubscription).pullMessages(0xc000b32fc0, {0xc000ab5380, 0x55})
	/Users/jace/go/pkg/mod/github.com/nats-io/nats.go@v1.41.1/jetstream/pull.go:955 +0x91
created by github.com/nats-io/nats.go/jetstream.(*pullConsumer).Messages in goroutine 7709
	/Users/jace/go/pkg/mod/github.com/nats-io/nats.go@v1.41.1/jetstream/pull.go:534 +0x748

goroutine 7752 [select, 2 minutes]:
github.com/nats-io/nats.go/jetstream.(*pullSubscription).Next(0xc0004267e0)
	/Users/jace/go/pkg/mod/github.com/nats-io/nats.go@v1.41.1/jetstream/pull.go:589 +0x285
github.com/Black-And-White-Club/frolf-bot-shared/eventbus.(*eventBus).Subscribe.func1()
	/Users/jace/Documents/GitHub/frolf-bot-shared/eventbus/eventbus.go:326 +0x169
created by github.com/Black-And-White-Club/frolf-bot-shared/eventbus.(*eventBus).Subscribe in goroutine 7709
	/Users/jace/Documents/GitHub/frolf-bot-shared/eventbus/eventbus.go:315 +0xbf1

goroutine 12713 [chan receive, 2 minutes]:
github.com/ThreeDotsLabs/watermill/message.(*handler).run(0xc000d9fad0, {0x1083d4720, 0xc0002e7a40}, {0xc000169500, 0x6, 0xc000ed8f78?})
	/Users/jace/go/pkg/mod/github.com/!three!dots!labs/watermill@v1.4.6/message/router.go:645 +0x2b4
github.com/ThreeDotsLabs/watermill/message.(*Router).RunHandlers.func1()
	/Users/jace/go/pkg/mod/github.com/!three!dots!labs/watermill@v1.4.6/message/router.go:460 +0x145
created by github.com/ThreeDotsLabs/watermill/message.(*Router).RunHandlers in goroutine 12685
	/Users/jace/go/pkg/mod/github.com/!three!dots!labs/watermill@v1.4.6/message/router.go:453 +0x606

goroutine 6885 [select, 3 minutes]:
github.com/nats-io/nats.go/jetstream.(*pullSubscription).pullMessages(0xc0006a7170, {0xc00004ed20, 0x4e})
	/Users/jace/go/pkg/mod/github.com/nats-io/nats.go@v1.41.1/jetstream/pull.go:955 +0x91
created by github.com/nats-io/nats.go/jetstream.(*pullConsumer).Messages in goroutine 6930
	/Users/jace/go/pkg/mod/github.com/nats-io/nats.go@v1.41.1/jetstream/pull.go:534 +0x748

goroutine 6886 [select, 3 minutes]:
github.com/nats-io/nats.go/jetstream.(*pullConsumer).Messages.func2()
	/Users/jace/go/pkg/mod/github.com/nats-io/nats.go@v1.41.1/jetstream/pull.go:538 +0x68
created by github.com/nats-io/nats.go/jetstream.(*pullConsumer).Messages in goroutine 6930
	/Users/jace/go/pkg/mod/github.com/nats-io/nats.go@v1.41.1/jetstream/pull.go:536 +0x78a

goroutine 6887 [select, 3 minutes]:
github.com/nats-io/nats.go/jetstream.(*pullSubscription).Next(0xc0006a7170)
	/Users/jace/go/pkg/mod/github.com/nats-io/nats.go@v1.41.1/jetstream/pull.go:589 +0x285
github.com/Black-And-White-Club/frolf-bot-shared/eventbus.(*eventBus).Subscribe.func1()
	/Users/jace/Documents/GitHub/frolf-bot-shared/eventbus/eventbus.go:326 +0x169
created by github.com/Black-And-White-Club/frolf-bot-shared/eventbus.(*eventBus).Subscribe in goroutine 6930
	/Users/jace/Documents/GitHub/frolf-bot-shared/eventbus/eventbus.go:315 +0xbf1

goroutine 6888 [chan receive, 3 minutes]:
github.com/ThreeDotsLabs/watermill/message.(*messageTransformSubscriberDecorator).Subscribe.func1()
	/Users/jace/go/pkg/mod/github.com/!three!dots!labs/watermill@v1.4.6/message/decorator.go:52 +0x85
created by github.com/ThreeDotsLabs/watermill/message.(*messageTransformSubscriberDecorator).Subscribe in goroutine 6930
	/Users/jace/go/pkg/mod/github.com/!three!dots!labs/watermill@v1.4.6/message/decorator.go:51 +0xc7

goroutine 6889 [chan receive, 3 minutes]:
github.com/ThreeDotsLabs/watermill/message.(*handler).run(0xc000995e10, {0x1083d4720, 0xc000957e00}, {0xc000c34b40, 0x6, 0x4?})
	/Users/jace/go/pkg/mod/github.com/!three!dots!labs/watermill@v1.4.6/message/router.go:645 +0x2b4
github.com/ThreeDotsLabs/watermill/message.(*Router).RunHandlers.func1()
	/Users/jace/go/pkg/mod/github.com/!three!dots!labs/watermill@v1.4.6/message/router.go:460 +0x145
created by github.com/ThreeDotsLabs/watermill/message.(*Router).RunHandlers in goroutine 6930
	/Users/jace/go/pkg/mod/github.com/!three!dots!labs/watermill@v1.4.6/message/router.go:453 +0x606

goroutine 8528 [select, 2 minutes]:
github.com/nats-io/nats.go/jetstream.(*pullSubscription).Next(0xc000c26360)
	/Users/jace/go/pkg/mod/github.com/nats-io/nats.go@v1.41.1/jetstream/pull.go:589 +0x285
github.com/Black-And-White-Club/frolf-bot-shared/eventbus.(*eventBus).Subscribe.func1()
	/Users/jace/Documents/GitHub/frolf-bot-shared/eventbus/eventbus.go:326 +0x169
created by github.com/Black-And-White-Club/frolf-bot-shared/eventbus.(*eventBus).Subscribe in goroutine 8524
	/Users/jace/Documents/GitHub/frolf-bot-shared/eventbus/eventbus.go:315 +0xbf1

goroutine 6899 [select, 3 minutes]:
github.com/nats-io/nats.go/jetstream.(*pullSubscription).pullMessages(0xc000ae06c0, {0xc000a6bce0, 0x61})
	/Users/jace/go/pkg/mod/github.com/nats-io/nats.go@v1.41.1/jetstream/pull.go:955 +0x91
created by github.com/nats-io/nats.go/jetstream.(*pullConsumer).Messages in goroutine 6930
	/Users/jace/go/pkg/mod/github.com/nats-io/nats.go@v1.41.1/jetstream/pull.go:534 +0x748

goroutine 6900 [select, 3 minutes]:
github.com/nats-io/nats.go/jetstream.(*pullConsumer).Messages.func2()
	/Users/jace/go/pkg/mod/github.com/nats-io/nats.go@v1.41.1/jetstream/pull.go:538 +0x68
created by github.com/nats-io/nats.go/jetstream.(*pullConsumer).Messages in goroutine 6930
	/Users/jace/go/pkg/mod/github.com/nats-io/nats.go@v1.41.1/jetstream/pull.go:536 +0x78a

goroutine 6901 [select, 3 minutes]:
github.com/nats-io/nats.go/jetstream.(*pullSubscription).Next(0xc000ae06c0)
	/Users/jace/go/pkg/mod/github.com/nats-io/nats.go@v1.41.1/jetstream/pull.go:589 +0x285
github.com/Black-And-White-Club/frolf-bot-shared/eventbus.(*eventBus).Subscribe.func1()
	/Users/jace/Documents/GitHub/frolf-bot-shared/eventbus/eventbus.go:326 +0x169
created by github.com/Black-And-White-Club/frolf-bot-shared/eventbus.(*eventBus).Subscribe in goroutine 6930
	/Users/jace/Documents/GitHub/frolf-bot-shared/eventbus/eventbus.go:315 +0xbf1

goroutine 6902 [chan receive, 3 minutes]:
github.com/ThreeDotsLabs/watermill/message.(*messageTransformSubscriberDecorator).Subscribe.func1()
	/Users/jace/go/pkg/mod/github.com/!three!dots!labs/watermill@v1.4.6/message/decorator.go:52 +0x85
created by github.com/ThreeDotsLabs/watermill/message.(*messageTransformSubscriberDecorator).Subscribe in goroutine 6930
	/Users/jace/go/pkg/mod/github.com/!three!dots!labs/watermill@v1.4.6/message/decorator.go:51 +0xc7

goroutine 6903 [chan receive, 3 minutes]:
github.com/ThreeDotsLabs/watermill/message.(*handler).run(0xc0005ca1a0, {0x1083d4720, 0xc000e001e0}, {0xc0009cd680, 0x6, 0x0?})
	/Users/jace/go/pkg/mod/github.com/!three!dots!labs/watermill@v1.4.6/message/router.go:645 +0x2b4
github.com/ThreeDotsLabs/watermill/message.(*Router).RunHandlers.func1()
	/Users/jace/go/pkg/mod/github.com/!three!dots!labs/watermill@v1.4.6/message/router.go:460 +0x145
created by github.com/ThreeDotsLabs/watermill/message.(*Router).RunHandlers in goroutine 6930
	/Users/jace/go/pkg/mod/github.com/!three!dots!labs/watermill@v1.4.6/message/router.go:453 +0x606

goroutine 6904 [select, 3 minutes]:
github.com/nats-io/nats.go/jetstream.(*pullSubscription).pullMessages(0xc000ae0d80, {0xc000a000e0, 0x63})
	/Users/jace/go/pkg/mod/github.com/nats-io/nats.go@v1.41.1/jetstream/pull.go:955 +0x91
created by github.com/nats-io/nats.go/jetstream.(*pullConsumer).Messages in goroutine 6930
	/Users/jace/go/pkg/mod/github.com/nats-io/nats.go@v1.41.1/jetstream/pull.go:534 +0x748

goroutine 6905 [select, 3 minutes]:
github.com/nats-io/nats.go/jetstream.(*pullConsumer).Messages.func2()
	/Users/jace/go/pkg/mod/github.com/nats-io/nats.go@v1.41.1/jetstream/pull.go:538 +0x68
created by github.com/nats-io/nats.go/jetstream.(*pullConsumer).Messages in goroutine 6930
	/Users/jace/go/pkg/mod/github.com/nats-io/nats.go@v1.41.1/jetstream/pull.go:536 +0x78a

goroutine 6906 [select, 3 minutes]:
github.com/nats-io/nats.go/jetstream.(*pullSubscription).Next(0xc000ae0d80)
	/Users/jace/go/pkg/mod/github.com/nats-io/nats.go@v1.41.1/jetstream/pull.go:589 +0x285
github.com/Black-And-White-Club/frolf-bot-shared/eventbus.(*eventBus).Subscribe.func1()
	/Users/jace/Documents/GitHub/frolf-bot-shared/eventbus/eventbus.go:326 +0x169
created by github.com/Black-And-White-Club/frolf-bot-shared/eventbus.(*eventBus).Subscribe in goroutine 6930
	/Users/jace/Documents/GitHub/frolf-bot-shared/eventbus/eventbus.go:315 +0xbf1

goroutine 6907 [chan receive, 3 minutes]:
github.com/ThreeDotsLabs/watermill/message.(*messageTransformSubscriberDecorator).Subscribe.func1()
	/Users/jace/go/pkg/mod/github.com/!three!dots!labs/watermill@v1.4.6/message/decorator.go:52 +0x85
created by github.com/ThreeDotsLabs/watermill/message.(*messageTransformSubscriberDecorator).Subscribe in goroutine 6930
	/Users/jace/go/pkg/mod/github.com/!three!dots!labs/watermill@v1.4.6/message/decorator.go:51 +0xc7

goroutine 6908 [chan receive, 3 minutes]:
github.com/ThreeDotsLabs/watermill/message.(*handler).run(0xc0005caa90, {0x1083d4720, 0xc000800e10}, {0xc000969800, 0x6, 0x0?})
	/Users/jace/go/pkg/mod/github.com/!three!dots!labs/watermill@v1.4.6/message/router.go:645 +0x2b4
github.com/ThreeDotsLabs/watermill/message.(*Router).RunHandlers.func1()
	/Users/jace/go/pkg/mod/github.com/!three!dots!labs/watermill@v1.4.6/message/router.go:460 +0x145
created by github.com/ThreeDotsLabs/watermill/message.(*Router).RunHandlers in goroutine 6930
	/Users/jace/go/pkg/mod/github.com/!three!dots!labs/watermill@v1.4.6/message/router.go:453 +0x606

goroutine 8526 [select, 2 minutes]:
github.com/nats-io/nats.go/jetstream.(*pullSubscription).pullMessages(0xc000c26360, {0xc000e240e0, 0x61})
	/Users/jace/go/pkg/mod/github.com/nats-io/nats.go@v1.41.1/jetstream/pull.go:955 +0x91
created by github.com/nats-io/nats.go/jetstream.(*pullConsumer).Messages in goroutine 8524
	/Users/jace/go/pkg/mod/github.com/nats-io/nats.go@v1.41.1/jetstream/pull.go:534 +0x748

goroutine 7779 [chan receive, 2 minutes]:
github.com/ThreeDotsLabs/watermill/message.(*handler).run(0xc000d07380, {0x1083d4720, 0xc000800000}, {0xc00078ca80, 0x6, 0xc000e89778?})
	/Users/jace/go/pkg/mod/github.com/!three!dots!labs/watermill@v1.4.6/message/router.go:645 +0x2b4
github.com/ThreeDotsLabs/watermill/message.(*Router).RunHandlers.func1()
	/Users/jace/go/pkg/mod/github.com/!three!dots!labs/watermill@v1.4.6/message/router.go:460 +0x145
created by github.com/ThreeDotsLabs/watermill/message.(*Router).RunHandlers in goroutine 7709
	/Users/jace/go/pkg/mod/github.com/!three!dots!labs/watermill@v1.4.6/message/router.go:453 +0x606

goroutine 8598 [chan receive, 2 minutes]:
github.com/ThreeDotsLabs/watermill/message.(*handler).run(0xc000b12680, {0x1083d4720, 0xc000b56f00}, {0xc000b1f740, 0x6, 0xc000658f78?})
	/Users/jace/go/pkg/mod/github.com/!three!dots!labs/watermill@v1.4.6/message/router.go:645 +0x2b4
github.com/ThreeDotsLabs/watermill/message.(*Router).RunHandlers.func1()
	/Users/jace/go/pkg/mod/github.com/!three!dots!labs/watermill@v1.4.6/message/router.go:460 +0x145
created by github.com/ThreeDotsLabs/watermill/message.(*Router).RunHandlers in goroutine 8524
	/Users/jace/go/pkg/mod/github.com/!three!dots!labs/watermill@v1.4.6/message/router.go:453 +0x606

goroutine 8527 [select, 2 minutes]:
github.com/nats-io/nats.go/jetstream.(*pullConsumer).Messages.func2()
	/Users/jace/go/pkg/mod/github.com/nats-io/nats.go@v1.41.1/jetstream/pull.go:538 +0x68
created by github.com/nats-io/nats.go/jetstream.(*pullConsumer).Messages in goroutine 8524
	/Users/jace/go/pkg/mod/github.com/nats-io/nats.go@v1.41.1/jetstream/pull.go:536 +0x78a

goroutine 7809 [sync.WaitGroup.Wait, 2 minutes]:
sync.runtime_SemacquireWaitGroup(0x1083d4790?)
	/usr/local/Cellar/go/1.24.2/libexec/src/runtime/sema.go:110 +0x25
sync.(*WaitGroup).Wait(0xc0007fcfd0?)
	/usr/local/Cellar/go/1.24.2/libexec/src/sync/waitgroup.go:118 +0x48
github.com/ThreeDotsLabs/watermill/message.(*Router).waitForHandlers.func1()
	/Users/jace/go/pkg/mod/github.com/!three!dots!labs/watermill@v1.4.6/message/router.go:579 +0x4b
created by github.com/ThreeDotsLabs/watermill/message.(*Router).waitForHandlers in goroutine 7017
	/Users/jace/go/pkg/mod/github.com/!three!dots!labs/watermill@v1.4.6/message/router.go:577 +0x87

goroutine 10126 [select, 2 minutes]:
github.com/nats-io/nats.go/jetstream.(*pullSubscription).pullMessages(0xc00095e240, {0xc0000320c0, 0x60})
	/Users/jace/go/pkg/mod/github.com/nats-io/nats.go@v1.41.1/jetstream/pull.go:955 +0x91
created by github.com/nats-io/nats.go/jetstream.(*pullConsumer).Messages in goroutine 9951
	/Users/jace/go/pkg/mod/github.com/nats-io/nats.go@v1.41.1/jetstream/pull.go:534 +0x748

goroutine 4906 [sync.Cond.Wait, 3 minutes]:
sync.runtime_notifyListWait(0xc000490390, 0x1)
	/usr/local/Cellar/go/1.24.2/libexec/src/runtime/sema.go:597 +0x159
sync.(*Cond).Wait(0xc000a00d10?)
	/usr/local/Cellar/go/1.24.2/libexec/src/sync/cond.go:71 +0x85
github.com/nats-io/nats%2ego.(*Conn).waitForMsgs(0xc00015aa08, 0xc0004613b0)
	/Users/jace/go/pkg/mod/github.com/nats-io/nats.go@v1.41.1/nats.go:3178 +0xc5
created by github.com/nats-io/nats%2ego.(*Conn).subscribeLocked in goroutine 6142
	/Users/jace/go/pkg/mod/github.com/nats-io/nats.go@v1.41.1/nats.go:4468 +0x419

goroutine 24144 [select]:
github.com/nats-io/nats.go/jetstream.(*pullSubscription).pullMessages(0xc001411b90, {0xc0008ce0c0, 0x5b})
	/Users/jace/go/pkg/mod/github.com/nats-io/nats.go@v1.41.1/jetstream/pull.go:955 +0x91
created by github.com/nats-io/nats.go/jetstream.(*pullConsumer).Messages in goroutine 24274
	/Users/jace/go/pkg/mod/github.com/nats-io/nats.go@v1.41.1/jetstream/pull.go:534 +0x748

goroutine 8594 [select, 2 minutes]:
github.com/nats-io/nats.go/jetstream.(*pullSubscription).pullMessages(0xc000ab2630, {0xc000ab5560, 0x60})
	/Users/jace/go/pkg/mod/github.com/nats-io/nats.go@v1.41.1/jetstream/pull.go:955 +0x91
created by github.com/nats-io/nats.go/jetstream.(*pullConsumer).Messages in goroutine 8524
	/Users/jace/go/pkg/mod/github.com/nats-io/nats.go@v1.41.1/jetstream/pull.go:534 +0x748

goroutine 4910 [sync.WaitGroup.Wait, 3 minutes]:
sync.runtime_SemacquireWaitGroup(0x1076093b5?)
	/usr/local/Cellar/go/1.24.2/libexec/src/runtime/sema.go:110 +0x25
sync.(*WaitGroup).Wait(0xc0003201a0?)
	/usr/local/Cellar/go/1.24.2/libexec/src/sync/waitgroup.go:118 +0x48
github.com/ThreeDotsLabs/watermill/pubsub/sync.WaitGroupTimeout.func1()
	/Users/jace/go/pkg/mod/github.com/!three!dots!labs/watermill@v1.4.6/pubsub/sync/waitgroup.go:13 +0x25
created by github.com/ThreeDotsLabs/watermill/pubsub/sync.WaitGroupTimeout in goroutine 6142
	/Users/jace/go/pkg/mod/github.com/!three!dots!labs/watermill@v1.4.6/pubsub/sync/waitgroup.go:12 +0x85

goroutine 8518 [sync.Cond.Wait, 2 minutes]:
sync.runtime_notifyListWait(0xc000635d90, 0x0)
	/usr/local/Cellar/go/1.24.2/libexec/src/runtime/sema.go:597 +0x159
sync.(*Cond).Wait(0x10766a860?)
	/usr/local/Cellar/go/1.24.2/libexec/src/sync/cond.go:71 +0x85
github.com/nats-io/nats%2ego.(*asyncCallbacksHandler).asyncCBDispatcher(0xc000a65b60)
	/Users/jace/go/pkg/mod/github.com/nats-io/nats.go@v1.41.1/nats.go:3059 +0xdd
created by github.com/nats-io/nats%2ego.Options.Connect in goroutine 7891
	/Users/jace/go/pkg/mod/github.com/nats-io/nats.go@v1.41.1/nats.go:1635 +0x387

goroutine 8542 [select, 2 minutes]:
github.com/nats-io/nats.go/jetstream.(*pullConsumer).Messages.func2()
	/Users/jace/go/pkg/mod/github.com/nats-io/nats.go@v1.41.1/jetstream/pull.go:538 +0x68
created by github.com/nats-io/nats.go/jetstream.(*pullConsumer).Messages in goroutine 8524
	/Users/jace/go/pkg/mod/github.com/nats-io/nats.go@v1.41.1/jetstream/pull.go:536 +0x78a

goroutine 10169 [select, 2 minutes]:
github.com/nats-io/nats.go/jetstream.(*pullSubscription).pullMessages(0xc00095eea0, {0xc000032300, 0x55})
	/Users/jace/go/pkg/mod/github.com/nats-io/nats.go@v1.41.1/jetstream/pull.go:955 +0x91
created by github.com/nats-io/nats.go/jetstream.(*pullConsumer).Messages in goroutine 9951
	/Users/jace/go/pkg/mod/github.com/nats-io/nats.go@v1.41.1/jetstream/pull.go:534 +0x748

goroutine 7727 [select, 2 minutes]:
github.com/nats-io/nats.go/jetstream.(*pullSubscription).pullMessages(0xc000598630, {0xc0004925f0, 0x4e})
	/Users/jace/go/pkg/mod/github.com/nats-io/nats.go@v1.41.1/jetstream/pull.go:955 +0x91
created by github.com/nats-io/nats.go/jetstream.(*pullConsumer).Messages in goroutine 7709
	/Users/jace/go/pkg/mod/github.com/nats-io/nats.go@v1.41.1/jetstream/pull.go:534 +0x748

goroutine 9466 [select, 2 minutes]:
github.com/nats-io/nats.go/jetstream.(*pullSubscription).Next(0xc00061a900)
	/Users/jace/go/pkg/mod/github.com/nats-io/nats.go@v1.41.1/jetstream/pull.go:589 +0x285
github.com/Black-And-White-Club/frolf-bot-shared/eventbus.(*eventBus).Subscribe.func1()
	/Users/jace/Documents/GitHub/frolf-bot-shared/eventbus/eventbus.go:326 +0x169
created by github.com/Black-And-White-Club/frolf-bot-shared/eventbus.(*eventBus).Subscribe in goroutine 9951
	/Users/jace/Documents/GitHub/frolf-bot-shared/eventbus/eventbus.go:315 +0xbf1

goroutine 7785 [chan receive, 2 minutes]:
github.com/ThreeDotsLabs/watermill/message.(*handler).run(0xc000d07450, {0x1083d4720, 0xc000800280}, {0xc000517380, 0x6, 0xc000973f70?})
	/Users/jace/go/pkg/mod/github.com/!three!dots!labs/watermill@v1.4.6/message/router.go:645 +0x2b4
github.com/ThreeDotsLabs/watermill/message.(*Router).RunHandlers.func1()
	/Users/jace/go/pkg/mod/github.com/!three!dots!labs/watermill@v1.4.6/message/router.go:460 +0x145
created by github.com/ThreeDotsLabs/watermill/message.(*Router).RunHandlers in goroutine 7709
	/Users/jace/go/pkg/mod/github.com/!three!dots!labs/watermill@v1.4.6/message/router.go:453 +0x606

goroutine 7852 [select]:
github.com/nats-io/nats%2ego.(*Conn).doReconnect(0xc00059ae08, {0x1083c48c8, 0x108d63970}, 0x0)
	/Users/jace/go/pkg/mod/github.com/nats-io/nats.go@v1.41.1/nats.go:2907 +0x41a
created by github.com/nats-io/nats%2ego.(*Conn).processOpErr in goroutine 7705
	/Users/jace/go/pkg/mod/github.com/nats-io/nats.go@v1.41.1/nats.go:3043 +0x2f3

goroutine 10167 [chan receive, 2 minutes]:
github.com/ThreeDotsLabs/watermill/message.(*handler).run(0xc000d9e9c0, {0x1083d4720, 0xc000f9e0a0}, {0xc000168000, 0x6, 0x10766a837?})
	/Users/jace/go/pkg/mod/github.com/!three!dots!labs/watermill@v1.4.6/message/router.go:645 +0x2b4
github.com/ThreeDotsLabs/watermill/message.(*Router).RunHandlers.func1()
	/Users/jace/go/pkg/mod/github.com/!three!dots!labs/watermill@v1.4.6/message/router.go:460 +0x145
created by github.com/ThreeDotsLabs/watermill/message.(*Router).RunHandlers in goroutine 9951
	/Users/jace/go/pkg/mod/github.com/!three!dots!labs/watermill@v1.4.6/message/router.go:453 +0x606

goroutine 11043 [chan receive, 2 minutes]:
github.com/ThreeDotsLabs/watermill/message.(*messageTransformSubscriberDecorator).Subscribe.func1()
	/Users/jace/go/pkg/mod/github.com/!three!dots!labs/watermill@v1.4.6/message/decorator.go:52 +0x85
created by github.com/ThreeDotsLabs/watermill/message.(*messageTransformSubscriberDecorator).Subscribe in goroutine 10974
	/Users/jace/go/pkg/mod/github.com/!three!dots!labs/watermill@v1.4.6/message/decorator.go:51 +0xc7

goroutine 8513 [chan receive, 2 minutes]:
github.com/ThreeDotsLabs/watermill/message.(*handler).run(0xc000b125b0, {0x1083d4720, 0xc000a20500}, {0xc000ed0000, 0x6, 0x4?})
	/Users/jace/go/pkg/mod/github.com/!three!dots!labs/watermill@v1.4.6/message/router.go:645 +0x2b4
github.com/ThreeDotsLabs/watermill/message.(*Router).RunHandlers.func1()
	/Users/jace/go/pkg/mod/github.com/!three!dots!labs/watermill@v1.4.6/message/router.go:460 +0x145
created by github.com/ThreeDotsLabs/watermill/message.(*Router).RunHandlers in goroutine 8524
	/Users/jace/go/pkg/mod/github.com/!three!dots!labs/watermill@v1.4.6/message/router.go:453 +0x606

goroutine 7707 [sync.Cond.Wait, 2 minutes]:
sync.runtime_notifyListWait(0xc000aa2b50, 0x0)
	/usr/local/Cellar/go/1.24.2/libexec/src/runtime/sema.go:597 +0x159
sync.(*Cond).Wait(0x1000000000001?)
	/usr/local/Cellar/go/1.24.2/libexec/src/sync/cond.go:71 +0x85
github.com/nats-io/nats%2ego.(*asyncCallbacksHandler).asyncCBDispatcher(0xc0002a4bc0)
	/Users/jace/go/pkg/mod/github.com/nats-io/nats.go@v1.41.1/nats.go:3059 +0xdd
created by github.com/nats-io/nats%2ego.Options.Connect in goroutine 7017
	/Users/jace/go/pkg/mod/github.com/nats-io/nats.go@v1.41.1/nats.go:1635 +0x387

goroutine 8522 [sync.Cond.Wait, 2 minutes]:
sync.runtime_notifyListWait(0xc0009291d0, 0x0)
	/usr/local/Cellar/go/1.24.2/libexec/src/runtime/sema.go:597 +0x159
sync.(*Cond).Wait(0xc0003ae7e0?)
	/usr/local/Cellar/go/1.24.2/libexec/src/sync/cond.go:71 +0x85
github.com/nats-io/nats%2ego.(*asyncCallbacksHandler).asyncCBDispatcher(0xc0002a5180)
	/Users/jace/go/pkg/mod/github.com/nats-io/nats.go@v1.41.1/nats.go:3059 +0xdd
created by github.com/nats-io/nats%2ego.Options.Connect in goroutine 7891
	/Users/jace/go/pkg/mod/github.com/nats-io/nats.go@v1.41.1/nats.go:1635 +0x387

goroutine 7820 [select]:
github.com/nats-io/nats%2ego.(*Conn).doReconnect(0xc000253c08, {0x1083c48c8, 0x108d63970}, 0x0)
	/Users/jace/go/pkg/mod/github.com/nats-io/nats.go@v1.41.1/nats.go:2907 +0x41a
created by github.com/nats-io/nats%2ego.(*Conn).processOpErr in goroutine 7665
	/Users/jace/go/pkg/mod/github.com/nats-io/nats.go@v1.41.1/nats.go:3043 +0x2f3

goroutine 9256 [select, 2 minutes]:
github.com/nats-io/nats.go/jetstream.(*pullSubscription).pullMessages(0xc00061a870, {0xc000dcc000, 0x53})
	/Users/jace/go/pkg/mod/github.com/nats-io/nats.go@v1.41.1/jetstream/pull.go:955 +0x91
created by github.com/nats-io/nats.go/jetstream.(*pullConsumer).Messages in goroutine 9271
	/Users/jace/go/pkg/mod/github.com/nats-io/nats.go@v1.41.1/jetstream/pull.go:534 +0x748

goroutine 9468 [chan receive, 2 minutes]:
github.com/ThreeDotsLabs/watermill/message.(*handler).run(0xc000d9ea90, {0x1083d4720, 0xc000154730}, {0xc00027c000, 0x6, 0x0?})
	/Users/jace/go/pkg/mod/github.com/!three!dots!labs/watermill@v1.4.6/message/router.go:645 +0x2b4
github.com/ThreeDotsLabs/watermill/message.(*Router).RunHandlers.func1()
	/Users/jace/go/pkg/mod/github.com/!three!dots!labs/watermill@v1.4.6/message/router.go:460 +0x145
created by github.com/ThreeDotsLabs/watermill/message.(*Router).RunHandlers in goroutine 9951
	/Users/jace/go/pkg/mod/github.com/!three!dots!labs/watermill@v1.4.6/message/router.go:453 +0x606

goroutine 8510 [select, 2 minutes]:
github.com/nats-io/nats.go/jetstream.(*pullConsumer).Messages.func2()
	/Users/jace/go/pkg/mod/github.com/nats-io/nats.go@v1.41.1/jetstream/pull.go:538 +0x68
created by github.com/nats-io/nats.go/jetstream.(*pullConsumer).Messages in goroutine 8524
	/Users/jace/go/pkg/mod/github.com/nats-io/nats.go@v1.41.1/jetstream/pull.go:536 +0x78a

goroutine 13433 [select, 1 minutes]:
github.com/nats-io/nats.go/jetstream.(*pullSubscription).pullMessages(0xc0011113b0, {0xc000814d90, 0x63})
	/Users/jace/go/pkg/mod/github.com/nats-io/nats.go@v1.41.1/jetstream/pull.go:955 +0x91
created by github.com/nats-io/nats.go/jetstream.(*pullConsumer).Messages in goroutine 13643
	/Users/jace/go/pkg/mod/github.com/nats-io/nats.go@v1.41.1/jetstream/pull.go:534 +0x748

goroutine 7795 [chan receive, 2 minutes]:
github.com/ThreeDotsLabs/watermill/message.(*handler).run(0xc000d07520, {0x1083d4720, 0xc000800870}, {0xc0008d0a80, 0x6, 0x100000001?})
	/Users/jace/go/pkg/mod/github.com/!three!dots!labs/watermill@v1.4.6/message/router.go:645 +0x2b4
github.com/ThreeDotsLabs/watermill/message.(*Router).RunHandlers.func1()
	/Users/jace/go/pkg/mod/github.com/!three!dots!labs/watermill@v1.4.6/message/router.go:460 +0x145
created by github.com/ThreeDotsLabs/watermill/message.(*Router).RunHandlers in goroutine 7709
	/Users/jace/go/pkg/mod/github.com/!three!dots!labs/watermill@v1.4.6/message/router.go:453 +0x606

goroutine 7729 [select, 2 minutes]:
github.com/nats-io/nats.go/jetstream.(*pullSubscription).Next(0xc000598630)
	/Users/jace/go/pkg/mod/github.com/nats-io/nats.go@v1.41.1/jetstream/pull.go:589 +0x285
github.com/Black-And-White-Club/frolf-bot-shared/eventbus.(*eventBus).Subscribe.func1()
	/Users/jace/Documents/GitHub/frolf-bot-shared/eventbus/eventbus.go:326 +0x169
created by github.com/Black-And-White-Club/frolf-bot-shared/eventbus.(*eventBus).Subscribe in goroutine 7709
	/Users/jace/Documents/GitHub/frolf-bot-shared/eventbus/eventbus.go:315 +0xbf1

goroutine 7794 [chan receive, 2 minutes]:
github.com/ThreeDotsLabs/watermill/message.(*messageTransformSubscriberDecorator).Subscribe.func1()
	/Users/jace/go/pkg/mod/github.com/!three!dots!labs/watermill@v1.4.6/message/decorator.go:52 +0x85
created by github.com/ThreeDotsLabs/watermill/message.(*messageTransformSubscriberDecorator).Subscribe in goroutine 7709
	/Users/jace/go/pkg/mod/github.com/!three!dots!labs/watermill@v1.4.6/message/decorator.go:51 +0xc7

goroutine 24145 [select]:
github.com/nats-io/nats.go/jetstream.(*pullConsumer).Messages.func2()
	/Users/jace/go/pkg/mod/github.com/nats-io/nats.go@v1.41.1/jetstream/pull.go:538 +0x68
created by github.com/nats-io/nats.go/jetstream.(*pullConsumer).Messages in goroutine 24274
	/Users/jace/go/pkg/mod/github.com/nats-io/nats.go@v1.41.1/jetstream/pull.go:536 +0x78a

goroutine 9465 [select, 2 minutes]:
github.com/nats-io/nats.go/jetstream.(*pullConsumer).Messages.func2()
	/Users/jace/go/pkg/mod/github.com/nats-io/nats.go@v1.41.1/jetstream/pull.go:538 +0x68
created by github.com/nats-io/nats.go/jetstream.(*pullConsumer).Messages in goroutine 9951
	/Users/jace/go/pkg/mod/github.com/nats-io/nats.go@v1.41.1/jetstream/pull.go:536 +0x78a

goroutine 7744 [sync.Cond.Wait, 2 minutes]:
sync.runtime_notifyListWait(0xc0004918d0, 0x0)
	/usr/local/Cellar/go/1.24.2/libexec/src/runtime/sema.go:597 +0x159
sync.(*Cond).Wait(0x0?)
	/usr/local/Cellar/go/1.24.2/libexec/src/sync/cond.go:71 +0x85
github.com/nats-io/nats%2ego.(*asyncCallbacksHandler).asyncCBDispatcher(0xc000bdae20)
	/Users/jace/go/pkg/mod/github.com/nats-io/nats.go@v1.41.1/nats.go:3059 +0xdd
created by github.com/nats-io/nats%2ego.Options.Connect in goroutine 7017
	/Users/jace/go/pkg/mod/github.com/nats-io/nats.go@v1.41.1/nats.go:1635 +0x387

goroutine 7745 [sync.Cond.Wait, 2 minutes]:
sync.runtime_notifyListWait(0xc000aa2d10, 0x1c)
	/usr/local/Cellar/go/1.24.2/libexec/src/runtime/sema.go:597 +0x159
sync.(*Cond).Wait(0x10723a554?)
	/usr/local/Cellar/go/1.24.2/libexec/src/sync/cond.go:71 +0x85
github.com/nats-io/nats%2ego.(*Conn).waitForMsgs(0xc00059ae08, 0xc000323590)
	/Users/jace/go/pkg/mod/github.com/nats-io/nats.go@v1.41.1/nats.go:3178 +0xc5
created by github.com/nats-io/nats%2ego.(*Conn).subscribeLocked in goroutine 7017
	/Users/jace/go/pkg/mod/github.com/nats-io/nats.go@v1.41.1/nats.go:4468 +0x419

goroutine 7728 [select, 2 minutes]:
github.com/nats-io/nats.go/jetstream.(*pullConsumer).Messages.func2()
	/Users/jace/go/pkg/mod/github.com/nats-io/nats.go@v1.41.1/jetstream/pull.go:538 +0x68
created by github.com/nats-io/nats.go/jetstream.(*pullConsumer).Messages in goroutine 7709
	/Users/jace/go/pkg/mod/github.com/nats-io/nats.go@v1.41.1/jetstream/pull.go:536 +0x78a

goroutine 9298 [chan receive, 2 minutes]:
github.com/ThreeDotsLabs/watermill/message.(*messageTransformSubscriberDecorator).Subscribe.func1()
	/Users/jace/go/pkg/mod/github.com/!three!dots!labs/watermill@v1.4.6/message/decorator.go:52 +0x85
created by github.com/ThreeDotsLabs/watermill/message.(*messageTransformSubscriberDecorator).Subscribe in goroutine 9271
	/Users/jace/go/pkg/mod/github.com/!three!dots!labs/watermill@v1.4.6/message/decorator.go:51 +0xc7

goroutine 9279 [chan receive, 2 minutes]:
github.com/ThreeDotsLabs/watermill/message.(*messageTransformSubscriberDecorator).Subscribe.func1()
	/Users/jace/go/pkg/mod/github.com/!three!dots!labs/watermill@v1.4.6/message/decorator.go:52 +0x85
created by github.com/ThreeDotsLabs/watermill/message.(*messageTransformSubscriberDecorator).Subscribe in goroutine 9271
	/Users/jace/go/pkg/mod/github.com/!three!dots!labs/watermill@v1.4.6/message/decorator.go:51 +0xc7

goroutine 8539 [sync.Cond.Wait, 2 minutes]:
sync.runtime_notifyListWait(0xc000929510, 0x0)
	/usr/local/Cellar/go/1.24.2/libexec/src/runtime/sema.go:597 +0x159
sync.(*Cond).Wait(0x1000000000001?)
	/usr/local/Cellar/go/1.24.2/libexec/src/sync/cond.go:71 +0x85
github.com/nats-io/nats%2ego.(*asyncCallbacksHandler).asyncCBDispatcher(0xc0002a5240)
	/Users/jace/go/pkg/mod/github.com/nats-io/nats.go@v1.41.1/nats.go:3059 +0xdd
created by github.com/nats-io/nats%2ego.Options.Connect in goroutine 7891
	/Users/jace/go/pkg/mod/github.com/nats-io/nats.go@v1.41.1/nats.go:1635 +0x387

goroutine 7786 [select, 2 minutes]:
github.com/nats-io/nats.go/jetstream.(*pullSubscription).pullMessages(0xc000b335f0, {0xc000ab5440, 0x60})
	/Users/jace/go/pkg/mod/github.com/nats-io/nats.go@v1.41.1/jetstream/pull.go:955 +0x91
created by github.com/nats-io/nats.go/jetstream.(*pullConsumer).Messages in goroutine 7709
	/Users/jace/go/pkg/mod/github.com/nats-io/nats.go@v1.41.1/jetstream/pull.go:534 +0x748

goroutine 7787 [select, 2 minutes]:
github.com/nats-io/nats.go/jetstream.(*pullConsumer).Messages.func2()
	/Users/jace/go/pkg/mod/github.com/nats-io/nats.go@v1.41.1/jetstream/pull.go:538 +0x68
created by github.com/nats-io/nats.go/jetstream.(*pullConsumer).Messages in goroutine 7709
	/Users/jace/go/pkg/mod/github.com/nats-io/nats.go@v1.41.1/jetstream/pull.go:536 +0x78a

goroutine 7788 [select, 2 minutes]:
github.com/nats-io/nats.go/jetstream.(*pullSubscription).Next(0xc000b335f0)
	/Users/jace/go/pkg/mod/github.com/nats-io/nats.go@v1.41.1/jetstream/pull.go:589 +0x285
github.com/Black-And-White-Club/frolf-bot-shared/eventbus.(*eventBus).Subscribe.func1()
	/Users/jace/Documents/GitHub/frolf-bot-shared/eventbus/eventbus.go:326 +0x169
created by github.com/Black-And-White-Club/frolf-bot-shared/eventbus.(*eventBus).Subscribe in goroutine 7709
	/Users/jace/Documents/GitHub/frolf-bot-shared/eventbus/eventbus.go:315 +0xbf1

goroutine 7789 [chan receive, 2 minutes]:
github.com/ThreeDotsLabs/watermill/message.(*messageTransformSubscriberDecorator).Subscribe.func1()
	/Users/jace/go/pkg/mod/github.com/!three!dots!labs/watermill@v1.4.6/message/decorator.go:52 +0x85
created by github.com/ThreeDotsLabs/watermill/message.(*messageTransformSubscriberDecorator).Subscribe in goroutine 7709
	/Users/jace/go/pkg/mod/github.com/!three!dots!labs/watermill@v1.4.6/message/decorator.go:51 +0xc7

goroutine 7790 [chan receive, 2 minutes]:
github.com/ThreeDotsLabs/watermill/message.(*handler).run(0xc000d076c0, {0x1083d4720, 0xc000d0db80}, {0xc0008d0b40, 0x6, 0x100000001?})
	/Users/jace/go/pkg/mod/github.com/!three!dots!labs/watermill@v1.4.6/message/router.go:645 +0x2b4
github.com/ThreeDotsLabs/watermill/message.(*Router).RunHandlers.func1()
	/Users/jace/go/pkg/mod/github.com/!three!dots!labs/watermill@v1.4.6/message/router.go:460 +0x145
created by github.com/ThreeDotsLabs/watermill/message.(*Router).RunHandlers in goroutine 7709
	/Users/jace/go/pkg/mod/github.com/!three!dots!labs/watermill@v1.4.6/message/router.go:453 +0x606

goroutine 9280 [chan receive, 2 minutes]:
github.com/ThreeDotsLabs/watermill/message.(*handler).run(0xc000b99ba0, {0x1083d4720, 0xc000e01680}, {0xc0009b1380, 0x6, 0xc000a4a778?})
	/Users/jace/go/pkg/mod/github.com/!three!dots!labs/watermill@v1.4.6/message/router.go:645 +0x2b4
github.com/ThreeDotsLabs/watermill/message.(*Router).RunHandlers.func1()
	/Users/jace/go/pkg/mod/github.com/!three!dots!labs/watermill@v1.4.6/message/router.go:460 +0x145
created by github.com/ThreeDotsLabs/watermill/message.(*Router).RunHandlers in goroutine 9271
	/Users/jace/go/pkg/mod/github.com/!three!dots!labs/watermill@v1.4.6/message/router.go:453 +0x606

goroutine 7798 [select, 2 minutes]:
github.com/nats-io/nats.go/jetstream.(*pullSubscription).pullMessages(0xc000598e10, {0xc000d0af50, 0x61})
	/Users/jace/go/pkg/mod/github.com/nats-io/nats.go@v1.41.1/jetstream/pull.go:955 +0x91
created by github.com/nats-io/nats.go/jetstream.(*pullConsumer).Messages in goroutine 7709
	/Users/jace/go/pkg/mod/github.com/nats-io/nats.go@v1.41.1/jetstream/pull.go:534 +0x748

goroutine 7799 [select, 2 minutes]:
github.com/nats-io/nats.go/jetstream.(*pullConsumer).Messages.func2()
	/Users/jace/go/pkg/mod/github.com/nats-io/nats.go@v1.41.1/jetstream/pull.go:538 +0x68
created by github.com/nats-io/nats.go/jetstream.(*pullConsumer).Messages in goroutine 7709
	/Users/jace/go/pkg/mod/github.com/nats-io/nats.go@v1.41.1/jetstream/pull.go:536 +0x78a

goroutine 7800 [select, 2 minutes]:
github.com/nats-io/nats.go/jetstream.(*pullSubscription).Next(0xc000598e10)
	/Users/jace/go/pkg/mod/github.com/nats-io/nats.go@v1.41.1/jetstream/pull.go:589 +0x285
github.com/Black-And-White-Club/frolf-bot-shared/eventbus.(*eventBus).Subscribe.func1()
	/Users/jace/Documents/GitHub/frolf-bot-shared/eventbus/eventbus.go:326 +0x169
created by github.com/Black-And-White-Club/frolf-bot-shared/eventbus.(*eventBus).Subscribe in goroutine 7709
	/Users/jace/Documents/GitHub/frolf-bot-shared/eventbus/eventbus.go:315 +0xbf1

goroutine 7801 [chan receive, 2 minutes]:
github.com/ThreeDotsLabs/watermill/message.(*messageTransformSubscriberDecorator).Subscribe.func1()
	/Users/jace/go/pkg/mod/github.com/!three!dots!labs/watermill@v1.4.6/message/decorator.go:52 +0x85
created by github.com/ThreeDotsLabs/watermill/message.(*messageTransformSubscriberDecorator).Subscribe in goroutine 7709
	/Users/jace/go/pkg/mod/github.com/!three!dots!labs/watermill@v1.4.6/message/decorator.go:51 +0xc7

goroutine 7802 [chan receive, 2 minutes]:
github.com/ThreeDotsLabs/watermill/message.(*handler).run(0xc000d07040, {0x1083d4720, 0xc0006acc80}, {0xc0008d0c00, 0x6, 0x0?})
	/Users/jace/go/pkg/mod/github.com/!three!dots!labs/watermill@v1.4.6/message/router.go:645 +0x2b4
github.com/ThreeDotsLabs/watermill/message.(*Router).RunHandlers.func1()
	/Users/jace/go/pkg/mod/github.com/!three!dots!labs/watermill@v1.4.6/message/router.go:460 +0x145
created by github.com/ThreeDotsLabs/watermill/message.(*Router).RunHandlers in goroutine 7709
	/Users/jace/go/pkg/mod/github.com/!three!dots!labs/watermill@v1.4.6/message/router.go:453 +0x606

goroutine 8512 [chan receive, 2 minutes]:
github.com/ThreeDotsLabs/watermill/message.(*messageTransformSubscriberDecorator).Subscribe.func1()
	/Users/jace/go/pkg/mod/github.com/!three!dots!labs/watermill@v1.4.6/message/decorator.go:52 +0x85
created by github.com/ThreeDotsLabs/watermill/message.(*messageTransformSubscriberDecorator).Subscribe in goroutine 8524
	/Users/jace/go/pkg/mod/github.com/!three!dots!labs/watermill@v1.4.6/message/decorator.go:51 +0xc7

goroutine 7765 [select, 2 minutes]:
github.com/nats-io/nats.go/jetstream.(*pullSubscription).pullMessages(0xc00061a630, {0xc000b45ea0, 0x63})
	/Users/jace/go/pkg/mod/github.com/nats-io/nats.go@v1.41.1/jetstream/pull.go:955 +0x91
created by github.com/nats-io/nats.go/jetstream.(*pullConsumer).Messages in goroutine 7709
	/Users/jace/go/pkg/mod/github.com/nats-io/nats.go@v1.41.1/jetstream/pull.go:534 +0x748

goroutine 7766 [select, 2 minutes]:
github.com/nats-io/nats.go/jetstream.(*pullConsumer).Messages.func2()
	/Users/jace/go/pkg/mod/github.com/nats-io/nats.go@v1.41.1/jetstream/pull.go:538 +0x68
created by github.com/nats-io/nats.go/jetstream.(*pullConsumer).Messages in goroutine 7709
	/Users/jace/go/pkg/mod/github.com/nats-io/nats.go@v1.41.1/jetstream/pull.go:536 +0x78a

goroutine 7767 [select, 2 minutes]:
github.com/nats-io/nats.go/jetstream.(*pullSubscription).Next(0xc00061a630)
	/Users/jace/go/pkg/mod/github.com/nats-io/nats.go@v1.41.1/jetstream/pull.go:589 +0x285
github.com/Black-And-White-Club/frolf-bot-shared/eventbus.(*eventBus).Subscribe.func1()
	/Users/jace/Documents/GitHub/frolf-bot-shared/eventbus/eventbus.go:326 +0x169
created by github.com/Black-And-White-Club/frolf-bot-shared/eventbus.(*eventBus).Subscribe in goroutine 7709
	/Users/jace/Documents/GitHub/frolf-bot-shared/eventbus/eventbus.go:315 +0xbf1

goroutine 7768 [chan receive, 2 minutes]:
github.com/ThreeDotsLabs/watermill/message.(*messageTransformSubscriberDecorator).Subscribe.func1()
	/Users/jace/go/pkg/mod/github.com/!three!dots!labs/watermill@v1.4.6/message/decorator.go:52 +0x85
created by github.com/ThreeDotsLabs/watermill/message.(*messageTransformSubscriberDecorator).Subscribe in goroutine 7709
	/Users/jace/go/pkg/mod/github.com/!three!dots!labs/watermill@v1.4.6/message/decorator.go:51 +0xc7

goroutine 7769 [chan receive, 2 minutes]:
github.com/ThreeDotsLabs/watermill/message.(*handler).run(0xc000d071e0, {0x1083d4720, 0xc000d0dd10}, {0xc00078cb40, 0x6, 0x0?})
	/Users/jace/go/pkg/mod/github.com/!three!dots!labs/watermill@v1.4.6/message/router.go:645 +0x2b4
github.com/ThreeDotsLabs/watermill/message.(*Router).RunHandlers.func1()
	/Users/jace/go/pkg/mod/github.com/!three!dots!labs/watermill@v1.4.6/message/router.go:460 +0x145
created by github.com/ThreeDotsLabs/watermill/message.(*Router).RunHandlers in goroutine 7709
	/Users/jace/go/pkg/mod/github.com/!three!dots!labs/watermill@v1.4.6/message/router.go:453 +0x606

goroutine 8511 [select, 2 minutes]:
github.com/nats-io/nats.go/jetstream.(*pullSubscription).Next(0xc000ab21b0)
	/Users/jace/go/pkg/mod/github.com/nats-io/nats.go@v1.41.1/jetstream/pull.go:589 +0x285
github.com/Black-And-White-Club/frolf-bot-shared/eventbus.(*eventBus).Subscribe.func1()
	/Users/jace/Documents/GitHub/frolf-bot-shared/eventbus/eventbus.go:326 +0x169
created by github.com/Black-And-White-Club/frolf-bot-shared/eventbus.(*eventBus).Subscribe in goroutine 8524
	/Users/jace/Documents/GitHub/frolf-bot-shared/eventbus/eventbus.go:315 +0xbf1

goroutine 7811 [sync.WaitGroup.Wait, 2 minutes]:
sync.runtime_SemacquireWaitGroup(0xc000814bd0?)
	/usr/local/Cellar/go/1.24.2/libexec/src/runtime/sema.go:110 +0x25
sync.(*WaitGroup).Wait(0x10726d452?)
	/usr/local/Cellar/go/1.24.2/libexec/src/sync/waitgroup.go:118 +0x48
github.com/ThreeDotsLabs/watermill/pubsub/sync.WaitGroupTimeout.func1()
	/Users/jace/go/pkg/mod/github.com/!three!dots!labs/watermill@v1.4.6/pubsub/sync/waitgroup.go:13 +0x25
created by github.com/ThreeDotsLabs/watermill/pubsub/sync.WaitGroupTimeout in goroutine 7017
	/Users/jace/go/pkg/mod/github.com/!three!dots!labs/watermill@v1.4.6/pubsub/sync/waitgroup.go:12 +0x85

goroutine 17360 [chan receive, 1 minutes]:
github.com/ThreeDotsLabs/watermill/message.(*messageTransformSubscriberDecorator).Subscribe.func1()
	/Users/jace/go/pkg/mod/github.com/!three!dots!labs/watermill@v1.4.6/message/decorator.go:52 +0x85
created by github.com/ThreeDotsLabs/watermill/message.(*messageTransformSubscriberDecorator).Subscribe in goroutine 17354
	/Users/jace/go/pkg/mod/github.com/!three!dots!labs/watermill@v1.4.6/message/decorator.go:51 +0xc7

goroutine 7777 [sync.Cond.Wait, 2 minutes]:
sync.runtime_notifyListWait(0xc000aa33d0, 0x2)
	/usr/local/Cellar/go/1.24.2/libexec/src/runtime/sema.go:597 +0x159
sync.(*Cond).Wait(0xc000aecb40?)
	/usr/local/Cellar/go/1.24.2/libexec/src/sync/cond.go:71 +0x85
github.com/nats-io/nats%2ego.(*Conn).waitForMsgs(0xc000253c08, 0xc000323770)
	/Users/jace/go/pkg/mod/github.com/nats-io/nats.go@v1.41.1/nats.go:3178 +0xc5
created by github.com/nats-io/nats%2ego.(*Conn).subscribeLocked in goroutine 7017
	/Users/jace/go/pkg/mod/github.com/nats-io/nats.go@v1.41.1/nats.go:4468 +0x419

goroutine 7792 [select]:
github.com/nats-io/nats%2ego.(*Conn).doReconnect(0xc000313c08, {0x1083c48c8, 0x108d63970}, 0x0)
	/Users/jace/go/pkg/mod/github.com/nats-io/nats.go@v1.41.1/nats.go:2907 +0x41a
created by github.com/nats-io/nats%2ego.(*Conn).processOpErr in goroutine 7742
	/Users/jace/go/pkg/mod/github.com/nats-io/nats.go@v1.41.1/nats.go:3043 +0x2f3

goroutine 8543 [select, 2 minutes]:
github.com/nats-io/nats.go/jetstream.(*pullSubscription).Next(0xc000bd7b90)
	/Users/jace/go/pkg/mod/github.com/nats-io/nats.go@v1.41.1/jetstream/pull.go:589 +0x285
github.com/Black-And-White-Club/frolf-bot-shared/eventbus.(*eventBus).Subscribe.func1()
	/Users/jace/Documents/GitHub/frolf-bot-shared/eventbus/eventbus.go:326 +0x169
created by github.com/Black-And-White-Club/frolf-bot-shared/eventbus.(*eventBus).Subscribe in goroutine 8524
	/Users/jace/Documents/GitHub/frolf-bot-shared/eventbus/eventbus.go:315 +0xbf1

goroutine 8544 [chan receive, 2 minutes]:
github.com/ThreeDotsLabs/watermill/message.(*messageTransformSubscriberDecorator).Subscribe.func1()
	/Users/jace/go/pkg/mod/github.com/!three!dots!labs/watermill@v1.4.6/message/decorator.go:52 +0x85
created by github.com/ThreeDotsLabs/watermill/message.(*messageTransformSubscriberDecorator).Subscribe in goroutine 8524
	/Users/jace/go/pkg/mod/github.com/!three!dots!labs/watermill@v1.4.6/message/decorator.go:51 +0xc7

goroutine 8545 [chan receive, 2 minutes]:
github.com/ThreeDotsLabs/watermill/message.(*handler).run(0xc000b128f0, {0x1083d4720, 0xc000d0da90}, {0xc000a67380, 0x6, 0x4?})
	/Users/jace/go/pkg/mod/github.com/!three!dots!labs/watermill@v1.4.6/message/router.go:645 +0x2b4
github.com/ThreeDotsLabs/watermill/message.(*Router).RunHandlers.func1()
	/Users/jace/go/pkg/mod/github.com/!three!dots!labs/watermill@v1.4.6/message/router.go:460 +0x145
created by github.com/ThreeDotsLabs/watermill/message.(*Router).RunHandlers in goroutine 8524
	/Users/jace/go/pkg/mod/github.com/!three!dots!labs/watermill@v1.4.6/message/router.go:453 +0x606

goroutine 9070 [select, 2 minutes]:
github.com/nats-io/nats.go/jetstream.(*pullConsumer).Messages.func2()
	/Users/jace/go/pkg/mod/github.com/nats-io/nats.go@v1.41.1/jetstream/pull.go:538 +0x68
created by github.com/nats-io/nats.go/jetstream.(*pullConsumer).Messages in goroutine 9271
	/Users/jace/go/pkg/mod/github.com/nats-io/nats.go@v1.41.1/jetstream/pull.go:536 +0x78a

goroutine 8580 [chan receive, 2 minutes]:
github.com/ThreeDotsLabs/watermill/message.(*messageTransformSubscriberDecorator).Subscribe.func1()
	/Users/jace/go/pkg/mod/github.com/!three!dots!labs/watermill@v1.4.6/message/decorator.go:52 +0x85
created by github.com/ThreeDotsLabs/watermill/message.(*messageTransformSubscriberDecorator).Subscribe in goroutine 8524
	/Users/jace/go/pkg/mod/github.com/!three!dots!labs/watermill@v1.4.6/message/decorator.go:51 +0xc7

goroutine 8581 [chan receive, 2 minutes]:
github.com/ThreeDotsLabs/watermill/message.(*handler).run(0xc000b12a90, {0x1083d4720, 0xc000a200f0}, {0xc000a67440, 0x6, 0x0?})
	/Users/jace/go/pkg/mod/github.com/!three!dots!labs/watermill@v1.4.6/message/router.go:645 +0x2b4
github.com/ThreeDotsLabs/watermill/message.(*Router).RunHandlers.func1()
	/Users/jace/go/pkg/mod/github.com/!three!dots!labs/watermill@v1.4.6/message/router.go:460 +0x145
created by github.com/ThreeDotsLabs/watermill/message.(*Router).RunHandlers in goroutine 8524
	/Users/jace/go/pkg/mod/github.com/!three!dots!labs/watermill@v1.4.6/message/router.go:453 +0x606

goroutine 8582 [select, 2 minutes]:
github.com/nats-io/nats.go/jetstream.(*pullSubscription).pullMessages(0xc000c9ccf0, {0xc00004c720, 0x55})
	/Users/jace/go/pkg/mod/github.com/nats-io/nats.go@v1.41.1/jetstream/pull.go:955 +0x91
created by github.com/nats-io/nats.go/jetstream.(*pullConsumer).Messages in goroutine 8524
	/Users/jace/go/pkg/mod/github.com/nats-io/nats.go@v1.41.1/jetstream/pull.go:534 +0x748

goroutine 8583 [select, 2 minutes]:
github.com/nats-io/nats.go/jetstream.(*pullConsumer).Messages.func2()
	/Users/jace/go/pkg/mod/github.com/nats-io/nats.go@v1.41.1/jetstream/pull.go:538 +0x68
created by github.com/nats-io/nats.go/jetstream.(*pullConsumer).Messages in goroutine 8524
	/Users/jace/go/pkg/mod/github.com/nats-io/nats.go@v1.41.1/jetstream/pull.go:536 +0x78a

goroutine 8584 [select, 2 minutes]:
github.com/nats-io/nats.go/jetstream.(*pullSubscription).Next(0xc000c9ccf0)
	/Users/jace/go/pkg/mod/github.com/nats-io/nats.go@v1.41.1/jetstream/pull.go:589 +0x285
github.com/Black-And-White-Club/frolf-bot-shared/eventbus.(*eventBus).Subscribe.func1()
	/Users/jace/Documents/GitHub/frolf-bot-shared/eventbus/eventbus.go:326 +0x169
created by github.com/Black-And-White-Club/frolf-bot-shared/eventbus.(*eventBus).Subscribe in goroutine 8524
	/Users/jace/Documents/GitHub/frolf-bot-shared/eventbus/eventbus.go:315 +0xbf1

goroutine 8585 [chan receive, 2 minutes]:
github.com/ThreeDotsLabs/watermill/message.(*messageTransformSubscriberDecorator).Subscribe.func1()
	/Users/jace/go/pkg/mod/github.com/!three!dots!labs/watermill@v1.4.6/message/decorator.go:52 +0x85
created by github.com/ThreeDotsLabs/watermill/message.(*messageTransformSubscriberDecorator).Subscribe in goroutine 8524
	/Users/jace/go/pkg/mod/github.com/!three!dots!labs/watermill@v1.4.6/message/decorator.go:51 +0xc7

goroutine 8586 [chan receive, 2 minutes]:
github.com/ThreeDotsLabs/watermill/message.(*handler).run(0xc000b12340, {0x1083d4720, 0xc000a202d0}, {0xc00093efc0, 0x6, 0xc000910b65?})
	/Users/jace/go/pkg/mod/github.com/!three!dots!labs/watermill@v1.4.6/message/router.go:645 +0x2b4
github.com/ThreeDotsLabs/watermill/message.(*Router).RunHandlers.func1()
	/Users/jace/go/pkg/mod/github.com/!three!dots!labs/watermill@v1.4.6/message/router.go:460 +0x145
created by github.com/ThreeDotsLabs/watermill/message.(*Router).RunHandlers in goroutine 8524
	/Users/jace/go/pkg/mod/github.com/!three!dots!labs/watermill@v1.4.6/message/router.go:453 +0x606

goroutine 9305 [select, 2 minutes]:
github.com/nats-io/nats.go/jetstream.(*pullSubscription).pullMessages(0xc000785200, {0xc00013b590, 0x4e})
	/Users/jace/go/pkg/mod/github.com/nats-io/nats.go@v1.41.1/jetstream/pull.go:955 +0x91
created by github.com/nats-io/nats.go/jetstream.(*pullConsumer).Messages in goroutine 9271
	/Users/jace/go/pkg/mod/github.com/nats-io/nats.go@v1.41.1/jetstream/pull.go:534 +0x748

goroutine 9272 [sync.WaitGroup.Wait, 2 minutes]:
sync.runtime_SemacquireWaitGroup(0x0?)
	/usr/local/Cellar/go/1.24.2/libexec/src/runtime/sema.go:110 +0x25
sync.(*WaitGroup).Wait(0xc0002f4850?)
	/usr/local/Cellar/go/1.24.2/libexec/src/sync/waitgroup.go:118 +0x48
github.com/ThreeDotsLabs/watermill/message.(*Router).watchAllHandlersStopped.func1()
	/Users/jace/go/pkg/mod/github.com/!three!dots!labs/watermill@v1.4.6/message/router.go:498 +0x86
created by github.com/ThreeDotsLabs/watermill/message.(*Router).watchAllHandlersStopped in goroutine 9271
	/Users/jace/go/pkg/mod/github.com/!three!dots!labs/watermill@v1.4.6/message/router.go:484 +0xec

goroutine 8565 [select, 2 minutes]:
github.com/nats-io/nats.go/jetstream.(*pullSubscription).pullMessages(0xc000db8120, {0xc000da3730, 0x63})
	/Users/jace/go/pkg/mod/github.com/nats-io/nats.go@v1.41.1/jetstream/pull.go:955 +0x91
created by github.com/nats-io/nats.go/jetstream.(*pullConsumer).Messages in goroutine 8524
	/Users/jace/go/pkg/mod/github.com/nats-io/nats.go@v1.41.1/jetstream/pull.go:534 +0x748

goroutine 8566 [select, 2 minutes]:
github.com/nats-io/nats.go/jetstream.(*pullConsumer).Messages.func2()
	/Users/jace/go/pkg/mod/github.com/nats-io/nats.go@v1.41.1/jetstream/pull.go:538 +0x68
created by github.com/nats-io/nats.go/jetstream.(*pullConsumer).Messages in goroutine 8524
	/Users/jace/go/pkg/mod/github.com/nats-io/nats.go@v1.41.1/jetstream/pull.go:536 +0x78a

goroutine 8567 [select, 2 minutes]:
github.com/nats-io/nats.go/jetstream.(*pullSubscription).Next(0xc000db8120)
	/Users/jace/go/pkg/mod/github.com/nats-io/nats.go@v1.41.1/jetstream/pull.go:589 +0x285
github.com/Black-And-White-Club/frolf-bot-shared/eventbus.(*eventBus).Subscribe.func1()
	/Users/jace/Documents/GitHub/frolf-bot-shared/eventbus/eventbus.go:326 +0x169
created by github.com/Black-And-White-Club/frolf-bot-shared/eventbus.(*eventBus).Subscribe in goroutine 8524
	/Users/jace/Documents/GitHub/frolf-bot-shared/eventbus/eventbus.go:315 +0xbf1

goroutine 8568 [chan receive, 2 minutes]:
github.com/ThreeDotsLabs/watermill/message.(*messageTransformSubscriberDecorator).Subscribe.func1()
	/Users/jace/go/pkg/mod/github.com/!three!dots!labs/watermill@v1.4.6/message/decorator.go:52 +0x85
created by github.com/ThreeDotsLabs/watermill/message.(*messageTransformSubscriberDecorator).Subscribe in goroutine 8524
	/Users/jace/go/pkg/mod/github.com/!three!dots!labs/watermill@v1.4.6/message/decorator.go:51 +0xc7

goroutine 8569 [chan receive, 2 minutes]:
github.com/ThreeDotsLabs/watermill/message.(*handler).run(0xc000b12750, {0x1083d4720, 0xc000b57090}, {0xc00093f140, 0x6, 0x0?})
	/Users/jace/go/pkg/mod/github.com/!three!dots!labs/watermill@v1.4.6/message/router.go:645 +0x2b4
github.com/ThreeDotsLabs/watermill/message.(*Router).RunHandlers.func1()
	/Users/jace/go/pkg/mod/github.com/!three!dots!labs/watermill@v1.4.6/message/router.go:460 +0x145
created by github.com/ThreeDotsLabs/watermill/message.(*Router).RunHandlers in goroutine 8524
	/Users/jace/go/pkg/mod/github.com/!three!dots!labs/watermill@v1.4.6/message/router.go:453 +0x606

goroutine 9249 [sync.Cond.Wait, 2 minutes]:
sync.runtime_notifyListWait(0xc0002b8810, 0x0)
	/usr/local/Cellar/go/1.24.2/libexec/src/runtime/sema.go:597 +0x159
sync.(*Cond).Wait(0x100000001?)
	/usr/local/Cellar/go/1.24.2/libexec/src/sync/cond.go:71 +0x85
github.com/nats-io/nats%2ego.(*asyncCallbacksHandler).asyncCBDispatcher(0xc000d11be0)
	/Users/jace/go/pkg/mod/github.com/nats-io/nats.go@v1.41.1/nats.go:3059 +0xdd
created by github.com/nats-io/nats%2ego.Options.Connect in goroutine 8682
	/Users/jace/go/pkg/mod/github.com/nats-io/nats.go@v1.41.1/nats.go:1635 +0x387

goroutine 9072 [chan receive, 2 minutes]:
github.com/ThreeDotsLabs/watermill/message.(*messageTransformSubscriberDecorator).Subscribe.func1()
	/Users/jace/go/pkg/mod/github.com/!three!dots!labs/watermill@v1.4.6/message/decorator.go:52 +0x85
created by github.com/ThreeDotsLabs/watermill/message.(*messageTransformSubscriberDecorator).Subscribe in goroutine 9271
	/Users/jace/go/pkg/mod/github.com/!three!dots!labs/watermill@v1.4.6/message/decorator.go:51 +0xc7

goroutine 9071 [select, 2 minutes]:
github.com/nats-io/nats.go/jetstream.(*pullSubscription).Next(0xc000c9c2d0)
	/Users/jace/go/pkg/mod/github.com/nats-io/nats.go@v1.41.1/jetstream/pull.go:589 +0x285
github.com/Black-And-White-Club/frolf-bot-shared/eventbus.(*eventBus).Subscribe.func1()
	/Users/jace/Documents/GitHub/frolf-bot-shared/eventbus/eventbus.go:326 +0x169
created by github.com/Black-And-White-Club/frolf-bot-shared/eventbus.(*eventBus).Subscribe in goroutine 9271
	/Users/jace/Documents/GitHub/frolf-bot-shared/eventbus/eventbus.go:315 +0xbf1

goroutine 8628 [sync.WaitGroup.Wait, 2 minutes]:
sync.runtime_SemacquireWaitGroup(0xc000ea91f0?)
	/usr/local/Cellar/go/1.24.2/libexec/src/runtime/sema.go:110 +0x25
sync.(*WaitGroup).Wait(0x10726d452?)
	/usr/local/Cellar/go/1.24.2/libexec/src/sync/waitgroup.go:118 +0x48
github.com/ThreeDotsLabs/watermill/pubsub/sync.WaitGroupTimeout.func1()
	/Users/jace/go/pkg/mod/github.com/!three!dots!labs/watermill@v1.4.6/pubsub/sync/waitgroup.go:13 +0x25
created by github.com/ThreeDotsLabs/watermill/pubsub/sync.WaitGroupTimeout in goroutine 7891
	/Users/jace/go/pkg/mod/github.com/!three!dots!labs/watermill@v1.4.6/pubsub/sync/waitgroup.go:12 +0x85

goroutine 9334 [select]:
github.com/nats-io/nats%2ego.(*Conn).doReconnect(0xc000315808, {0x1083c48c8, 0x108d63970}, 0x0)
	/Users/jace/go/pkg/mod/github.com/nats-io/nats.go@v1.41.1/nats.go:2907 +0x41a
created by github.com/nats-io/nats%2ego.(*Conn).processOpErr in goroutine 9179
	/Users/jace/go/pkg/mod/github.com/nats-io/nats.go@v1.41.1/nats.go:3043 +0x2f3

goroutine 8626 [sync.WaitGroup.Wait, 2 minutes]:
sync.runtime_SemacquireWaitGroup(0x1083d4790?)
	/usr/local/Cellar/go/1.24.2/libexec/src/runtime/sema.go:110 +0x25
sync.(*WaitGroup).Wait(0xc000ec6fd0?)
	/usr/local/Cellar/go/1.24.2/libexec/src/sync/waitgroup.go:118 +0x48
github.com/ThreeDotsLabs/watermill/message.(*Router).waitForHandlers.func1()
	/Users/jace/go/pkg/mod/github.com/!three!dots!labs/watermill@v1.4.6/message/router.go:579 +0x4b
created by github.com/ThreeDotsLabs/watermill/message.(*Router).waitForHandlers in goroutine 7891
	/Users/jace/go/pkg/mod/github.com/!three!dots!labs/watermill@v1.4.6/message/router.go:577 +0x87

goroutine 8618 [sync.Cond.Wait, 2 minutes]:
sync.runtime_notifyListWait(0xc000d12a10, 0x1)
	/usr/local/Cellar/go/1.24.2/libexec/src/runtime/sema.go:597 +0x159
sync.(*Cond).Wait(0x0?)
	/usr/local/Cellar/go/1.24.2/libexec/src/sync/cond.go:71 +0x85
github.com/nats-io/nats%2ego.(*Conn).waitForMsgs(0xc0003ec708, 0xc000377770)
	/Users/jace/go/pkg/mod/github.com/nats-io/nats.go@v1.41.1/nats.go:3178 +0xc5
created by github.com/nats-io/nats%2ego.(*Conn).subscribeLocked in goroutine 7891
	/Users/jace/go/pkg/mod/github.com/nats-io/nats.go@v1.41.1/nats.go:4468 +0x419

goroutine 9407 [select]:
github.com/nats-io/nats%2ego.(*Conn).doReconnect(0xc0003eea08, {0x1083c48c8, 0x108d63970}, 0x0)
	/Users/jace/go/pkg/mod/github.com/nats-io/nats.go@v1.41.1/nats.go:2907 +0x41a
created by github.com/nats-io/nats%2ego.(*Conn).processOpErr in goroutine 9247
	/Users/jace/go/pkg/mod/github.com/nats-io/nats.go@v1.41.1/nats.go:3043 +0x2f3

goroutine 9301 [select, 2 minutes]:
github.com/nats-io/nats.go/jetstream.(*pullConsumer).Messages.func2()
	/Users/jace/go/pkg/mod/github.com/nats-io/nats.go@v1.41.1/jetstream/pull.go:538 +0x68
created by github.com/nats-io/nats.go/jetstream.(*pullConsumer).Messages in goroutine 9271
	/Users/jace/go/pkg/mod/github.com/nats-io/nats.go@v1.41.1/jetstream/pull.go:536 +0x78a

goroutine 9300 [select, 2 minutes]:
github.com/nats-io/nats.go/jetstream.(*pullSubscription).pullMessages(0xc000784d80, {0xc00051d620, 0x55})
	/Users/jace/go/pkg/mod/github.com/nats-io/nats.go@v1.41.1/jetstream/pull.go:955 +0x91
created by github.com/nats-io/nats.go/jetstream.(*pullConsumer).Messages in goroutine 9271
	/Users/jace/go/pkg/mod/github.com/nats-io/nats.go@v1.41.1/jetstream/pull.go:534 +0x748

goroutine 8653 [select]:
github.com/nats-io/nats%2ego.(*Conn).doReconnect(0xc0003edc08, {0x1083c48c8, 0x108d63970}, 0x0)
	/Users/jace/go/pkg/mod/github.com/nats-io/nats.go@v1.41.1/nats.go:2907 +0x41a
created by github.com/nats-io/nats%2ego.(*Conn).processOpErr in goroutine 8537
	/Users/jace/go/pkg/mod/github.com/nats-io/nats.go@v1.41.1/nats.go:3043 +0x2f3

goroutine 9069 [select, 2 minutes]:
github.com/nats-io/nats.go/jetstream.(*pullSubscription).pullMessages(0xc000c9c2d0, {0xc000b77420, 0x63})
	/Users/jace/go/pkg/mod/github.com/nats-io/nats.go@v1.41.1/jetstream/pull.go:955 +0x91
created by github.com/nats-io/nats.go/jetstream.(*pullConsumer).Messages in goroutine 9271
	/Users/jace/go/pkg/mod/github.com/nats-io/nats.go@v1.41.1/jetstream/pull.go:534 +0x748

goroutine 10149 [sync.Cond.Wait, 2 minutes]:
sync.runtime_notifyListWait(0xc0002b9cd0, 0x0)
	/usr/local/Cellar/go/1.24.2/libexec/src/runtime/sema.go:597 +0x159
sync.(*Cond).Wait(0xc000357340?)
	/usr/local/Cellar/go/1.24.2/libexec/src/sync/cond.go:71 +0x85
github.com/nats-io/nats%2ego.(*asyncCallbacksHandler).asyncCBDispatcher(0xc000d36340)
	/Users/jace/go/pkg/mod/github.com/nats-io/nats.go@v1.41.1/nats.go:3059 +0xdd
created by github.com/nats-io/nats%2ego.Options.Connect in goroutine 9460
	/Users/jace/go/pkg/mod/github.com/nats-io/nats.go@v1.41.1/nats.go:1635 +0x387

goroutine 10128 [select, 2 minutes]:
github.com/nats-io/nats.go/jetstream.(*pullSubscription).Next(0xc00095e240)
	/Users/jace/go/pkg/mod/github.com/nats-io/nats.go@v1.41.1/jetstream/pull.go:589 +0x285
github.com/Black-And-White-Club/frolf-bot-shared/eventbus.(*eventBus).Subscribe.func1()
	/Users/jace/Documents/GitHub/frolf-bot-shared/eventbus/eventbus.go:326 +0x169
created by github.com/Black-And-White-Club/frolf-bot-shared/eventbus.(*eventBus).Subscribe in goroutine 9951
	/Users/jace/Documents/GitHub/frolf-bot-shared/eventbus/eventbus.go:315 +0xbf1

goroutine 11803 [sync.WaitGroup.Wait, 2 minutes]:
sync.runtime_SemacquireWaitGroup(0xc0011a2f48?)
	/usr/local/Cellar/go/1.24.2/libexec/src/runtime/sema.go:110 +0x25
sync.(*WaitGroup).Wait(0xc000966e40?)
	/usr/local/Cellar/go/1.24.2/libexec/src/sync/waitgroup.go:118 +0x48
github.com/ThreeDotsLabs/watermill/message.(*Router).watchAllHandlersStopped.func1()
	/Users/jace/go/pkg/mod/github.com/!three!dots!labs/watermill@v1.4.6/message/router.go:498 +0x86
created by github.com/ThreeDotsLabs/watermill/message.(*Router).watchAllHandlersStopped in goroutine 11802
	/Users/jace/go/pkg/mod/github.com/!three!dots!labs/watermill@v1.4.6/message/router.go:484 +0xec

goroutine 9183 [select, 2 minutes]:
github.com/nats-io/nats.go/jetstream.(*pullSubscription).pullMessages(0xc000784750, {0xc00051d560, 0x5b})
	/Users/jace/go/pkg/mod/github.com/nats-io/nats.go@v1.41.1/jetstream/pull.go:955 +0x91
created by github.com/nats-io/nats.go/jetstream.(*pullConsumer).Messages in goroutine 9271
	/Users/jace/go/pkg/mod/github.com/nats-io/nats.go@v1.41.1/jetstream/pull.go:534 +0x748

goroutine 13666 [select, 1 minutes]:
github.com/nats-io/nats.go/jetstream.(*pullSubscription).pullMessages(0xc000c26f30, {0xc000eeb730, 0x61})
	/Users/jace/go/pkg/mod/github.com/nats-io/nats.go@v1.41.1/jetstream/pull.go:955 +0x91
created by github.com/nats-io/nats.go/jetstream.(*pullConsumer).Messages in goroutine 13643
	/Users/jace/go/pkg/mod/github.com/nats-io/nats.go@v1.41.1/jetstream/pull.go:534 +0x748

goroutine 25353 [chan receive]:
github.com/ThreeDotsLabs/watermill/message.(*messageTransformSubscriberDecorator).Subscribe.func1()
	/Users/jace/go/pkg/mod/github.com/!three!dots!labs/watermill@v1.4.6/message/decorator.go:52 +0x85
created by github.com/ThreeDotsLabs/watermill/message.(*messageTransformSubscriberDecorator).Subscribe in goroutine 25323
	/Users/jace/go/pkg/mod/github.com/!three!dots!labs/watermill@v1.4.6/message/decorator.go:51 +0xc7

goroutine 9303 [chan receive, 2 minutes]:
github.com/ThreeDotsLabs/watermill/message.(*messageTransformSubscriberDecorator).Subscribe.func1()
	/Users/jace/go/pkg/mod/github.com/!three!dots!labs/watermill@v1.4.6/message/decorator.go:52 +0x85
created by github.com/ThreeDotsLabs/watermill/message.(*messageTransformSubscriberDecorator).Subscribe in goroutine 9271
	/Users/jace/go/pkg/mod/github.com/!three!dots!labs/watermill@v1.4.6/message/decorator.go:51 +0xc7

goroutine 9182 [sync.Cond.Wait, 2 minutes]:
sync.runtime_notifyListWait(0xc0009e1e10, 0x1c)
	/usr/local/Cellar/go/1.24.2/libexec/src/runtime/sema.go:597 +0x159
sync.(*Cond).Wait(0x1000001083d4720?)
	/usr/local/Cellar/go/1.24.2/libexec/src/sync/cond.go:71 +0x85
github.com/nats-io/nats%2ego.(*Conn).waitForMsgs(0xc0003eea08, 0xc000376e10)
	/Users/jace/go/pkg/mod/github.com/nats-io/nats.go@v1.41.1/nats.go:3178 +0xc5
created by github.com/nats-io/nats%2ego.(*Conn).subscribeLocked in goroutine 8682
	/Users/jace/go/pkg/mod/github.com/nats-io/nats.go@v1.41.1/nats.go:4468 +0x419

goroutine 9066 [select, 2 minutes]:
github.com/nats-io/nats.go/jetstream.(*pullSubscription).Next(0xc000901d40)
	/Users/jace/go/pkg/mod/github.com/nats-io/nats.go@v1.41.1/jetstream/pull.go:589 +0x285
github.com/Black-And-White-Club/frolf-bot-shared/eventbus.(*eventBus).Subscribe.func1()
	/Users/jace/Documents/GitHub/frolf-bot-shared/eventbus/eventbus.go:326 +0x169
created by github.com/Black-And-White-Club/frolf-bot-shared/eventbus.(*eventBus).Subscribe in goroutine 9271
	/Users/jace/Documents/GitHub/frolf-bot-shared/eventbus/eventbus.go:315 +0xbf1

goroutine 9302 [select, 2 minutes]:
github.com/nats-io/nats.go/jetstream.(*pullSubscription).Next(0xc000784d80)
	/Users/jace/go/pkg/mod/github.com/nats-io/nats.go@v1.41.1/jetstream/pull.go:589 +0x285
github.com/Black-And-White-Club/frolf-bot-shared/eventbus.(*eventBus).Subscribe.func1()
	/Users/jace/Documents/GitHub/frolf-bot-shared/eventbus/eventbus.go:326 +0x169
created by github.com/Black-And-White-Club/frolf-bot-shared/eventbus.(*eventBus).Subscribe in goroutine 9271
	/Users/jace/Documents/GitHub/frolf-bot-shared/eventbus/eventbus.go:315 +0xbf1

goroutine 9304 [chan receive, 2 minutes]:
github.com/ThreeDotsLabs/watermill/message.(*handler).run(0xc000d065b0, {0x1083d4720, 0xc000e01360}, {0xc000e66c00, 0x6, 0x0?})
	/Users/jace/go/pkg/mod/github.com/!three!dots!labs/watermill@v1.4.6/message/router.go:645 +0x2b4
github.com/ThreeDotsLabs/watermill/message.(*Router).RunHandlers.func1()
	/Users/jace/go/pkg/mod/github.com/!three!dots!labs/watermill@v1.4.6/message/router.go:460 +0x145
created by github.com/ThreeDotsLabs/watermill/message.(*Router).RunHandlers in goroutine 9271
	/Users/jace/go/pkg/mod/github.com/!three!dots!labs/watermill@v1.4.6/message/router.go:453 +0x606

goroutine 24307 [chan receive]:
github.com/ThreeDotsLabs/watermill/message.(*messageTransformSubscriberDecorator).Subscribe.func1()
	/Users/jace/go/pkg/mod/github.com/!three!dots!labs/watermill@v1.4.6/message/decorator.go:52 +0x85
created by github.com/ThreeDotsLabs/watermill/message.(*messageTransformSubscriberDecorator).Subscribe in goroutine 24274
	/Users/jace/go/pkg/mod/github.com/!three!dots!labs/watermill@v1.4.6/message/decorator.go:51 +0xc7

goroutine 9181 [sync.Cond.Wait, 2 minutes]:
sync.runtime_notifyListWait(0xc00080a5d0, 0x0)
	/usr/local/Cellar/go/1.24.2/libexec/src/runtime/sema.go:597 +0x159
sync.(*Cond).Wait(0xc000acede0?)
	/usr/local/Cellar/go/1.24.2/libexec/src/sync/cond.go:71 +0x85
github.com/nats-io/nats%2ego.(*asyncCallbacksHandler).asyncCBDispatcher(0xc0007e7120)
	/Users/jace/go/pkg/mod/github.com/nats-io/nats.go@v1.41.1/nats.go:3059 +0xdd
created by github.com/nats-io/nats%2ego.Options.Connect in goroutine 8682
	/Users/jace/go/pkg/mod/github.com/nats-io/nats.go@v1.41.1/nats.go:1635 +0x387

goroutine 9464 [select, 2 minutes]:
github.com/nats-io/nats.go/jetstream.(*pullSubscription).pullMessages(0xc00061a900, {0xc000b34230, 0x63})
	/Users/jace/go/pkg/mod/github.com/nats-io/nats.go@v1.41.1/jetstream/pull.go:955 +0x91
created by github.com/nats-io/nats.go/jetstream.(*pullConsumer).Messages in goroutine 9951
	/Users/jace/go/pkg/mod/github.com/nats-io/nats.go@v1.41.1/jetstream/pull.go:534 +0x748

goroutine 10975 [sync.WaitGroup.Wait, 2 minutes]:
sync.runtime_SemacquireWaitGroup(0x1072326d2?)
	/usr/local/Cellar/go/1.24.2/libexec/src/runtime/sema.go:110 +0x25
sync.(*WaitGroup).Wait(0xc000297960?)
	/usr/local/Cellar/go/1.24.2/libexec/src/sync/waitgroup.go:118 +0x48
github.com/ThreeDotsLabs/watermill/message.(*Router).watchAllHandlersStopped.func1()
	/Users/jace/go/pkg/mod/github.com/!three!dots!labs/watermill@v1.4.6/message/router.go:498 +0x86
created by github.com/ThreeDotsLabs/watermill/message.(*Router).watchAllHandlersStopped in goroutine 10974
	/Users/jace/go/pkg/mod/github.com/!three!dots!labs/watermill@v1.4.6/message/router.go:484 +0xec

goroutine 10153 [select, 2 minutes]:
github.com/nats-io/nats.go/jetstream.(*pullSubscription).Next(0xc000c9c1b0)
	/Users/jace/go/pkg/mod/github.com/nats-io/nats.go@v1.41.1/jetstream/pull.go:589 +0x285
github.com/Black-And-White-Club/frolf-bot-shared/eventbus.(*eventBus).Subscribe.func1()
	/Users/jace/Documents/GitHub/frolf-bot-shared/eventbus/eventbus.go:326 +0x169
created by github.com/Black-And-White-Club/frolf-bot-shared/eventbus.(*eventBus).Subscribe in goroutine 9951
	/Users/jace/Documents/GitHub/frolf-bot-shared/eventbus/eventbus.go:315 +0xbf1

goroutine 24308 [chan receive]:
github.com/ThreeDotsLabs/watermill/message.(*handler).run(0xc000b12d00, {0x1083d4720, 0xc000d0d540}, {0xc001a7d980, 0x6, 0x0?})
	/Users/jace/go/pkg/mod/github.com/!three!dots!labs/watermill@v1.4.6/message/router.go:645 +0x2b4
github.com/ThreeDotsLabs/watermill/message.(*Router).RunHandlers.func1()
	/Users/jace/go/pkg/mod/github.com/!three!dots!labs/watermill@v1.4.6/message/router.go:460 +0x145
created by github.com/ThreeDotsLabs/watermill/message.(*Router).RunHandlers in goroutine 24274
	/Users/jace/go/pkg/mod/github.com/!three!dots!labs/watermill@v1.4.6/message/router.go:453 +0x606

goroutine 24306 [select]:
github.com/nats-io/nats.go/jetstream.(*pullSubscription).Next(0xc001411b90)
	/Users/jace/go/pkg/mod/github.com/nats-io/nats.go@v1.41.1/jetstream/pull.go:589 +0x285
github.com/Black-And-White-Club/frolf-bot-shared/eventbus.(*eventBus).Subscribe.func1()
	/Users/jace/Documents/GitHub/frolf-bot-shared/eventbus/eventbus.go:326 +0x169
created by github.com/Black-And-White-Club/frolf-bot-shared/eventbus.(*eventBus).Subscribe in goroutine 24274
	/Users/jace/Documents/GitHub/frolf-bot-shared/eventbus/eventbus.go:315 +0xbf1

goroutine 9257 [select, 2 minutes]:
github.com/nats-io/nats.go/jetstream.(*pullConsumer).Messages.func2()
	/Users/jace/go/pkg/mod/github.com/nats-io/nats.go@v1.41.1/jetstream/pull.go:538 +0x68
created by github.com/nats-io/nats.go/jetstream.(*pullConsumer).Messages in goroutine 9271
	/Users/jace/go/pkg/mod/github.com/nats-io/nats.go@v1.41.1/jetstream/pull.go:536 +0x78a

goroutine 9258 [select, 2 minutes]:
github.com/nats-io/nats.go/jetstream.(*pullSubscription).Next(0xc00061a870)
	/Users/jace/go/pkg/mod/github.com/nats-io/nats.go@v1.41.1/jetstream/pull.go:589 +0x285
github.com/Black-And-White-Club/frolf-bot-shared/eventbus.(*eventBus).Subscribe.func1()
	/Users/jace/Documents/GitHub/frolf-bot-shared/eventbus/eventbus.go:326 +0x169
created by github.com/Black-And-White-Club/frolf-bot-shared/eventbus.(*eventBus).Subscribe in goroutine 9271
	/Users/jace/Documents/GitHub/frolf-bot-shared/eventbus/eventbus.go:315 +0xbf1

goroutine 10166 [chan receive, 2 minutes]:
github.com/ThreeDotsLabs/watermill/message.(*messageTransformSubscriberDecorator).Subscribe.func1()
	/Users/jace/go/pkg/mod/github.com/!three!dots!labs/watermill@v1.4.6/message/decorator.go:52 +0x85
created by github.com/ThreeDotsLabs/watermill/message.(*messageTransformSubscriberDecorator).Subscribe in goroutine 9951
	/Users/jace/go/pkg/mod/github.com/!three!dots!labs/watermill@v1.4.6/message/decorator.go:51 +0xc7

goroutine 9285 [sync.Cond.Wait, 2 minutes]:
sync.runtime_notifyListWait(0xc00080a490, 0x0)
	/usr/local/Cellar/go/1.24.2/libexec/src/runtime/sema.go:597 +0x159
sync.(*Cond).Wait(0x0?)
	/usr/local/Cellar/go/1.24.2/libexec/src/sync/cond.go:71 +0x85
github.com/nats-io/nats%2ego.(*asyncCallbacksHandler).asyncCBDispatcher(0xc0007e70a0)
	/Users/jace/go/pkg/mod/github.com/nats-io/nats.go@v1.41.1/nats.go:3059 +0xdd
created by github.com/nats-io/nats%2ego.Options.Connect in goroutine 8682
	/Users/jace/go/pkg/mod/github.com/nats-io/nats.go@v1.41.1/nats.go:1635 +0x387

goroutine 11044 [chan receive, 2 minutes]:
github.com/ThreeDotsLabs/watermill/message.(*handler).run(0xc000593ad0, {0x1083d4720, 0xc0001b2960}, {0xc001118480, 0x6, 0xc000ccdf78?})
	/Users/jace/go/pkg/mod/github.com/!three!dots!labs/watermill@v1.4.6/message/router.go:645 +0x2b4
github.com/ThreeDotsLabs/watermill/message.(*Router).RunHandlers.func1()
	/Users/jace/go/pkg/mod/github.com/!three!dots!labs/watermill@v1.4.6/message/router.go:460 +0x145
created by github.com/ThreeDotsLabs/watermill/message.(*Router).RunHandlers in goroutine 10974
	/Users/jace/go/pkg/mod/github.com/!three!dots!labs/watermill@v1.4.6/message/router.go:453 +0x606

goroutine 9259 [chan receive, 2 minutes]:
github.com/ThreeDotsLabs/watermill/message.(*messageTransformSubscriberDecorator).Subscribe.func1()
	/Users/jace/go/pkg/mod/github.com/!three!dots!labs/watermill@v1.4.6/message/decorator.go:52 +0x85
created by github.com/ThreeDotsLabs/watermill/message.(*messageTransformSubscriberDecorator).Subscribe in goroutine 9271
	/Users/jace/go/pkg/mod/github.com/!three!dots!labs/watermill@v1.4.6/message/decorator.go:51 +0xc7

goroutine 9260 [chan receive, 2 minutes]:
github.com/ThreeDotsLabs/watermill/message.(*handler).run(0xc000d06410, {0x1083d4720, 0xc0006ac460}, {0xc000e66a80, 0x6, 0xc0003376c0?})
	/Users/jace/go/pkg/mod/github.com/!three!dots!labs/watermill@v1.4.6/message/router.go:645 +0x2b4
github.com/ThreeDotsLabs/watermill/message.(*Router).RunHandlers.func1()
	/Users/jace/go/pkg/mod/github.com/!three!dots!labs/watermill@v1.4.6/message/router.go:460 +0x145
created by github.com/ThreeDotsLabs/watermill/message.(*Router).RunHandlers in goroutine 9271
	/Users/jace/go/pkg/mod/github.com/!three!dots!labs/watermill@v1.4.6/message/router.go:453 +0x606

goroutine 10171 [select, 2 minutes]:
github.com/nats-io/nats.go/jetstream.(*pullSubscription).Next(0xc00095eea0)
	/Users/jace/go/pkg/mod/github.com/nats-io/nats.go@v1.41.1/jetstream/pull.go:589 +0x285
github.com/Black-And-White-Club/frolf-bot-shared/eventbus.(*eventBus).Subscribe.func1()
	/Users/jace/Documents/GitHub/frolf-bot-shared/eventbus/eventbus.go:326 +0x169
created by github.com/Black-And-White-Club/frolf-bot-shared/eventbus.(*eventBus).Subscribe in goroutine 9951
	/Users/jace/Documents/GitHub/frolf-bot-shared/eventbus/eventbus.go:315 +0xbf1

goroutine 9306 [select, 2 minutes]:
github.com/nats-io/nats.go/jetstream.(*pullConsumer).Messages.func2()
	/Users/jace/go/pkg/mod/github.com/nats-io/nats.go@v1.41.1/jetstream/pull.go:538 +0x68
created by github.com/nats-io/nats.go/jetstream.(*pullConsumer).Messages in goroutine 9271
	/Users/jace/go/pkg/mod/github.com/nats-io/nats.go@v1.41.1/jetstream/pull.go:536 +0x78a

goroutine 9307 [select, 2 minutes]:
github.com/nats-io/nats.go/jetstream.(*pullSubscription).Next(0xc000785200)
	/Users/jace/go/pkg/mod/github.com/nats-io/nats.go@v1.41.1/jetstream/pull.go:589 +0x285
github.com/Black-And-White-Club/frolf-bot-shared/eventbus.(*eventBus).Subscribe.func1()
	/Users/jace/Documents/GitHub/frolf-bot-shared/eventbus/eventbus.go:326 +0x169
created by github.com/Black-And-White-Club/frolf-bot-shared/eventbus.(*eventBus).Subscribe in goroutine 9271
	/Users/jace/Documents/GitHub/frolf-bot-shared/eventbus/eventbus.go:315 +0xbf1

goroutine 9308 [chan receive, 2 minutes]:
github.com/ThreeDotsLabs/watermill/message.(*messageTransformSubscriberDecorator).Subscribe.func1()
	/Users/jace/go/pkg/mod/github.com/!three!dots!labs/watermill@v1.4.6/message/decorator.go:52 +0x85
created by github.com/ThreeDotsLabs/watermill/message.(*messageTransformSubscriberDecorator).Subscribe in goroutine 9271
	/Users/jace/go/pkg/mod/github.com/!three!dots!labs/watermill@v1.4.6/message/decorator.go:51 +0xc7

goroutine 9309 [chan receive, 2 minutes]:
github.com/ThreeDotsLabs/watermill/message.(*handler).run(0xc000d06680, {0x1083d4720, 0xc000e014f0}, {0xc000f80000, 0x6, 0x0?})
	/Users/jace/go/pkg/mod/github.com/!three!dots!labs/watermill@v1.4.6/message/router.go:645 +0x2b4
github.com/ThreeDotsLabs/watermill/message.(*Router).RunHandlers.func1()
	/Users/jace/go/pkg/mod/github.com/!three!dots!labs/watermill@v1.4.6/message/router.go:460 +0x145
created by github.com/ThreeDotsLabs/watermill/message.(*Router).RunHandlers in goroutine 9271
	/Users/jace/go/pkg/mod/github.com/!three!dots!labs/watermill@v1.4.6/message/router.go:453 +0x606

goroutine 9281 [select, 2 minutes]:
github.com/nats-io/nats.go/jetstream.(*pullSubscription).pullMessages(0xc000bd7a70, {0xc000ea9f10, 0x63})
	/Users/jace/go/pkg/mod/github.com/nats-io/nats.go@v1.41.1/jetstream/pull.go:955 +0x91
created by github.com/nats-io/nats.go/jetstream.(*pullConsumer).Messages in goroutine 9271
	/Users/jace/go/pkg/mod/github.com/nats-io/nats.go@v1.41.1/jetstream/pull.go:534 +0x748

goroutine 9330 [select, 2 minutes]:
github.com/nats-io/nats.go/jetstream.(*pullConsumer).Messages.func2()
	/Users/jace/go/pkg/mod/github.com/nats-io/nats.go@v1.41.1/jetstream/pull.go:538 +0x68
created by github.com/nats-io/nats.go/jetstream.(*pullConsumer).Messages in goroutine 9271
	/Users/jace/go/pkg/mod/github.com/nats-io/nats.go@v1.41.1/jetstream/pull.go:536 +0x78a

goroutine 9331 [select, 2 minutes]:
github.com/nats-io/nats.go/jetstream.(*pullSubscription).Next(0xc000bd7a70)
	/Users/jace/go/pkg/mod/github.com/nats-io/nats.go@v1.41.1/jetstream/pull.go:589 +0x285
github.com/Black-And-White-Club/frolf-bot-shared/eventbus.(*eventBus).Subscribe.func1()
	/Users/jace/Documents/GitHub/frolf-bot-shared/eventbus/eventbus.go:326 +0x169
created by github.com/Black-And-White-Club/frolf-bot-shared/eventbus.(*eventBus).Subscribe in goroutine 9271
	/Users/jace/Documents/GitHub/frolf-bot-shared/eventbus/eventbus.go:315 +0xbf1

goroutine 9332 [chan receive, 2 minutes]:
github.com/ThreeDotsLabs/watermill/message.(*messageTransformSubscriberDecorator).Subscribe.func1()
	/Users/jace/go/pkg/mod/github.com/!three!dots!labs/watermill@v1.4.6/message/decorator.go:52 +0x85
created by github.com/ThreeDotsLabs/watermill/message.(*messageTransformSubscriberDecorator).Subscribe in goroutine 9271
	/Users/jace/go/pkg/mod/github.com/!three!dots!labs/watermill@v1.4.6/message/decorator.go:51 +0xc7

goroutine 9333 [chan receive, 2 minutes]:
github.com/ThreeDotsLabs/watermill/message.(*handler).run(0xc000d06000, {0x1083d4720, 0xc0006ac690}, {0xc000caa300, 0x6, 0x107df7e9c?})
	/Users/jace/go/pkg/mod/github.com/!three!dots!labs/watermill@v1.4.6/message/router.go:645 +0x2b4
github.com/ThreeDotsLabs/watermill/message.(*Router).RunHandlers.func1()
	/Users/jace/go/pkg/mod/github.com/!three!dots!labs/watermill@v1.4.6/message/router.go:460 +0x145
created by github.com/ThreeDotsLabs/watermill/message.(*Router).RunHandlers in goroutine 9271
	/Users/jace/go/pkg/mod/github.com/!three!dots!labs/watermill@v1.4.6/message/router.go:453 +0x606

goroutine 10129 [chan receive, 2 minutes]:
github.com/ThreeDotsLabs/watermill/message.(*messageTransformSubscriberDecorator).Subscribe.func1()
	/Users/jace/go/pkg/mod/github.com/!three!dots!labs/watermill@v1.4.6/message/decorator.go:52 +0x85
created by github.com/ThreeDotsLabs/watermill/message.(*messageTransformSubscriberDecorator).Subscribe in goroutine 9951
	/Users/jace/go/pkg/mod/github.com/!three!dots!labs/watermill@v1.4.6/message/decorator.go:51 +0xc7

goroutine 9073 [chan receive, 2 minutes]:
github.com/ThreeDotsLabs/watermill/message.(*handler).run(0xc000d06340, {0x1083d4720, 0xc0001b32c0}, {0xc0009b1440, 0x6, 0x0?})
	/Users/jace/go/pkg/mod/github.com/!three!dots!labs/watermill@v1.4.6/message/router.go:645 +0x2b4
github.com/ThreeDotsLabs/watermill/message.(*Router).RunHandlers.func1()
	/Users/jace/go/pkg/mod/github.com/!three!dots!labs/watermill@v1.4.6/message/router.go:460 +0x145
created by github.com/ThreeDotsLabs/watermill/message.(*Router).RunHandlers in goroutine 9271
	/Users/jace/go/pkg/mod/github.com/!three!dots!labs/watermill@v1.4.6/message/router.go:453 +0x606

goroutine 10170 [select, 2 minutes]:
github.com/nats-io/nats.go/jetstream.(*pullConsumer).Messages.func2()
	/Users/jace/go/pkg/mod/github.com/nats-io/nats.go@v1.41.1/jetstream/pull.go:538 +0x68
created by github.com/nats-io/nats.go/jetstream.(*pullConsumer).Messages in goroutine 9951
	/Users/jace/go/pkg/mod/github.com/nats-io/nats.go@v1.41.1/jetstream/pull.go:536 +0x78a

goroutine 18626 [select, 1 minutes]:
github.com/nats-io/nats.go/jetstream.(*pullSubscription).pullMessages(0xc000784480, {0xc00004c540, 0x60})
	/Users/jace/go/pkg/mod/github.com/nats-io/nats.go@v1.41.1/jetstream/pull.go:955 +0x91
created by github.com/nats-io/nats.go/jetstream.(*pullConsumer).Messages in goroutine 18555
	/Users/jace/go/pkg/mod/github.com/nats-io/nats.go@v1.41.1/jetstream/pull.go:534 +0x748

goroutine 12690 [chan receive, 2 minutes]:
github.com/ThreeDotsLabs/watermill/message.(*messageTransformSubscriberDecorator).Subscribe.func1()
	/Users/jace/go/pkg/mod/github.com/!three!dots!labs/watermill@v1.4.6/message/decorator.go:52 +0x85
created by github.com/ThreeDotsLabs/watermill/message.(*messageTransformSubscriberDecorator).Subscribe in goroutine 12685
	/Users/jace/go/pkg/mod/github.com/!three!dots!labs/watermill@v1.4.6/message/decorator.go:51 +0xc7

goroutine 10173 [chan receive, 2 minutes]:
github.com/ThreeDotsLabs/watermill/message.(*handler).run(0xc000d9e680, {0x1083d4720, 0xc000f9e230}, {0xc00018a540, 0x6, 0xc000d35778?})
	/Users/jace/go/pkg/mod/github.com/!three!dots!labs/watermill@v1.4.6/message/router.go:645 +0x2b4
github.com/ThreeDotsLabs/watermill/message.(*Router).RunHandlers.func1()
	/Users/jace/go/pkg/mod/github.com/!three!dots!labs/watermill@v1.4.6/message/router.go:460 +0x145
created by github.com/ThreeDotsLabs/watermill/message.(*Router).RunHandlers in goroutine 9951
	/Users/jace/go/pkg/mod/github.com/!three!dots!labs/watermill@v1.4.6/message/router.go:453 +0x606

goroutine 26684 [chan receive]:
github.com/ThreeDotsLabs/watermill/message.(*handler).run(0xc00182aa90, {0x1083d4720, 0xc0013259a0}, {0xc00181c600, 0x6, 0x0?})
	/Users/jace/go/pkg/mod/github.com/!three!dots!labs/watermill@v1.4.6/message/router.go:645 +0x2b4
github.com/ThreeDotsLabs/watermill/message.(*Router).RunHandlers.func1()
	/Users/jace/go/pkg/mod/github.com/!three!dots!labs/watermill@v1.4.6/message/router.go:460 +0x145
created by github.com/ThreeDotsLabs/watermill/message.(*Router).RunHandlers in goroutine 26544
	/Users/jace/go/pkg/mod/github.com/!three!dots!labs/watermill@v1.4.6/message/router.go:453 +0x606

goroutine 10306 [select]:
github.com/nats-io/nats%2ego.(*Conn).doReconnect(0xc000254308, {0x1083c48c8, 0x108d63970}, 0x0)
	/Users/jace/go/pkg/mod/github.com/nats-io/nats.go@v1.41.1/nats.go:2907 +0x41a
created by github.com/nats-io/nats%2ego.(*Conn).processOpErr in goroutine 10147
	/Users/jace/go/pkg/mod/github.com/nats-io/nats.go@v1.41.1/nats.go:3043 +0x2f3

goroutine 10163 [select, 2 minutes]:
github.com/nats-io/nats.go/jetstream.(*pullSubscription).pullMessages(0xc00095e750, {0xc000fc4930, 0x61})
	/Users/jace/go/pkg/mod/github.com/nats-io/nats.go@v1.41.1/jetstream/pull.go:955 +0x91
created by github.com/nats-io/nats.go/jetstream.(*pullConsumer).Messages in goroutine 9951
	/Users/jace/go/pkg/mod/github.com/nats-io/nats.go@v1.41.1/jetstream/pull.go:534 +0x748

goroutine 10164 [select, 2 minutes]:
github.com/nats-io/nats.go/jetstream.(*pullConsumer).Messages.func2()
	/Users/jace/go/pkg/mod/github.com/nats-io/nats.go@v1.41.1/jetstream/pull.go:538 +0x68
created by github.com/nats-io/nats.go/jetstream.(*pullConsumer).Messages in goroutine 9951
	/Users/jace/go/pkg/mod/github.com/nats-io/nats.go@v1.41.1/jetstream/pull.go:536 +0x78a

goroutine 13587 [select, 1 minutes]:
github.com/nats-io/nats.go/jetstream.(*pullSubscription).pullMessages(0xc00095f710, {0xc000f8a320, 0x4e})
	/Users/jace/go/pkg/mod/github.com/nats-io/nats.go@v1.41.1/jetstream/pull.go:955 +0x91
created by github.com/nats-io/nats.go/jetstream.(*pullConsumer).Messages in goroutine 13643
	/Users/jace/go/pkg/mod/github.com/nats-io/nats.go@v1.41.1/jetstream/pull.go:534 +0x748

goroutine 11837 [chan receive, 2 minutes]:
github.com/ThreeDotsLabs/watermill/message.(*handler).run(0xc000c5d520, {0x1083d4720, 0xc0001b37c0}, {0xc000e67d40, 0x6, 0x100000001?})
	/Users/jace/go/pkg/mod/github.com/!three!dots!labs/watermill@v1.4.6/message/router.go:645 +0x2b4
github.com/ThreeDotsLabs/watermill/message.(*Router).RunHandlers.func1()
	/Users/jace/go/pkg/mod/github.com/!three!dots!labs/watermill@v1.4.6/message/router.go:460 +0x145
created by github.com/ThreeDotsLabs/watermill/message.(*Router).RunHandlers in goroutine 11802
	/Users/jace/go/pkg/mod/github.com/!three!dots!labs/watermill@v1.4.6/message/router.go:453 +0x606

goroutine 10127 [select, 2 minutes]:
github.com/nats-io/nats.go/jetstream.(*pullConsumer).Messages.func2()
	/Users/jace/go/pkg/mod/github.com/nats-io/nats.go@v1.41.1/jetstream/pull.go:538 +0x68
created by github.com/nats-io/nats.go/jetstream.(*pullConsumer).Messages in goroutine 9951
	/Users/jace/go/pkg/mod/github.com/nats-io/nats.go@v1.41.1/jetstream/pull.go:536 +0x78a

goroutine 10162 [chan receive, 2 minutes]:
github.com/ThreeDotsLabs/watermill/message.(*handler).run(0xc000d9e820, {0x1083d4720, 0xc000800dc0}, {0xc00018a480, 0x6, 0x4?})
	/Users/jace/go/pkg/mod/github.com/!three!dots!labs/watermill@v1.4.6/message/router.go:645 +0x2b4
github.com/ThreeDotsLabs/watermill/message.(*Router).RunHandlers.func1()
	/Users/jace/go/pkg/mod/github.com/!three!dots!labs/watermill@v1.4.6/message/router.go:460 +0x145
created by github.com/ThreeDotsLabs/watermill/message.(*Router).RunHandlers in goroutine 9951
	/Users/jace/go/pkg/mod/github.com/!three!dots!labs/watermill@v1.4.6/message/router.go:453 +0x606

goroutine 10307 [select]:
github.com/nats-io/nats%2ego.(*Conn).doReconnect(0xc00059c308, {0x1083c48c8, 0x108d63970}, 0x0)
	/Users/jace/go/pkg/mod/github.com/nats-io/nats.go@v1.41.1/nats.go:2907 +0x41a
created by github.com/nats-io/nats%2ego.(*Conn).processOpErr in goroutine 9946
	/Users/jace/go/pkg/mod/github.com/nats-io/nats.go@v1.41.1/nats.go:3043 +0x2f3

goroutine 17624 [select, 1 minutes]:
github.com/nats-io/nats.go/jetstream.(*pullSubscription).Next(0xc00153def0)
	/Users/jace/go/pkg/mod/github.com/nats-io/nats.go@v1.41.1/jetstream/pull.go:589 +0x285
github.com/Black-And-White-Club/frolf-bot-shared/eventbus.(*eventBus).Subscribe.func1()
	/Users/jace/Documents/GitHub/frolf-bot-shared/eventbus/eventbus.go:326 +0x169
created by github.com/Black-And-White-Club/frolf-bot-shared/eventbus.(*eventBus).Subscribe in goroutine 17354
	/Users/jace/Documents/GitHub/frolf-bot-shared/eventbus/eventbus.go:315 +0xbf1

goroutine 18627 [select, 1 minutes]:
github.com/nats-io/nats.go/jetstream.(*pullConsumer).Messages.func2()
	/Users/jace/go/pkg/mod/github.com/nats-io/nats.go@v1.41.1/jetstream/pull.go:538 +0x68
created by github.com/nats-io/nats.go/jetstream.(*pullConsumer).Messages in goroutine 18555
	/Users/jace/go/pkg/mod/github.com/nats-io/nats.go@v1.41.1/jetstream/pull.go:536 +0x78a

goroutine 12706 [chan receive, 2 minutes]:
github.com/ThreeDotsLabs/watermill/message.(*handler).run(0xc0003d4c30, {0x1083d4720, 0xc000b56410}, {0xc000822180, 0x6, 0x0?})
	/Users/jace/go/pkg/mod/github.com/!three!dots!labs/watermill@v1.4.6/message/router.go:645 +0x2b4
github.com/ThreeDotsLabs/watermill/message.(*Router).RunHandlers.func1()
	/Users/jace/go/pkg/mod/github.com/!three!dots!labs/watermill@v1.4.6/message/router.go:460 +0x145
created by github.com/ThreeDotsLabs/watermill/message.(*Router).RunHandlers in goroutine 12685
	/Users/jace/go/pkg/mod/github.com/!three!dots!labs/watermill@v1.4.6/message/router.go:453 +0x606

goroutine 10151 [select, 2 minutes]:
github.com/nats-io/nats.go/jetstream.(*pullSubscription).pullMessages(0xc000c9c1b0, {0xc000ade310, 0x63})
	/Users/jace/go/pkg/mod/github.com/nats-io/nats.go@v1.41.1/jetstream/pull.go:955 +0x91
created by github.com/nats-io/nats.go/jetstream.(*pullConsumer).Messages in goroutine 9951
	/Users/jace/go/pkg/mod/github.com/nats-io/nats.go@v1.41.1/jetstream/pull.go:534 +0x748

goroutine 11876 [select, 2 minutes]:
github.com/nats-io/nats.go/jetstream.(*pullSubscription).pullMessages(0xc000c26120, {0xc00043f5c0, 0x53})
	/Users/jace/go/pkg/mod/github.com/nats-io/nats.go@v1.41.1/jetstream/pull.go:955 +0x91
created by github.com/nats-io/nats.go/jetstream.(*pullConsumer).Messages in goroutine 11802
	/Users/jace/go/pkg/mod/github.com/nats-io/nats.go@v1.41.1/jetstream/pull.go:534 +0x748

goroutine 11877 [select, 2 minutes]:
github.com/nats-io/nats.go/jetstream.(*pullConsumer).Messages.func2()
	/Users/jace/go/pkg/mod/github.com/nats-io/nats.go@v1.41.1/jetstream/pull.go:538 +0x68
created by github.com/nats-io/nats.go/jetstream.(*pullConsumer).Messages in goroutine 11802
	/Users/jace/go/pkg/mod/github.com/nats-io/nats.go@v1.41.1/jetstream/pull.go:536 +0x78a

goroutine 10154 [chan receive, 2 minutes]:
github.com/ThreeDotsLabs/watermill/message.(*messageTransformSubscriberDecorator).Subscribe.func1()
	/Users/jace/go/pkg/mod/github.com/!three!dots!labs/watermill@v1.4.6/message/decorator.go:52 +0x85
created by github.com/ThreeDotsLabs/watermill/message.(*messageTransformSubscriberDecorator).Subscribe in goroutine 9951
	/Users/jace/go/pkg/mod/github.com/!three!dots!labs/watermill@v1.4.6/message/decorator.go:51 +0xc7

goroutine 10155 [chan receive, 2 minutes]:
github.com/ThreeDotsLabs/watermill/message.(*handler).run(0xc000d9e8f0, {0x1083d4720, 0xc000154230}, {0xc0011fc000, 0x6, 0x0?})
	/Users/jace/go/pkg/mod/github.com/!three!dots!labs/watermill@v1.4.6/message/router.go:645 +0x2b4
github.com/ThreeDotsLabs/watermill/message.(*Router).RunHandlers.func1()
	/Users/jace/go/pkg/mod/github.com/!three!dots!labs/watermill@v1.4.6/message/router.go:460 +0x145
created by github.com/ThreeDotsLabs/watermill/message.(*Router).RunHandlers in goroutine 9951
	/Users/jace/go/pkg/mod/github.com/!three!dots!labs/watermill@v1.4.6/message/router.go:453 +0x606

goroutine 10152 [select, 2 minutes]:
github.com/nats-io/nats.go/jetstream.(*pullConsumer).Messages.func2()
	/Users/jace/go/pkg/mod/github.com/nats-io/nats.go@v1.41.1/jetstream/pull.go:538 +0x68
created by github.com/nats-io/nats.go/jetstream.(*pullConsumer).Messages in goroutine 9951
	/Users/jace/go/pkg/mod/github.com/nats-io/nats.go@v1.41.1/jetstream/pull.go:536 +0x78a

goroutine 10189 [select]:
github.com/nats-io/nats%2ego.(*Conn).doReconnect(0xc000254a08, {0x1083c48c8, 0x108d63970}, 0x0)
	/Users/jace/go/pkg/mod/github.com/nats-io/nats.go@v1.41.1/nats.go:2907 +0x41a
created by github.com/nats-io/nats%2ego.(*Conn).processOpErr in goroutine 10122
	/Users/jace/go/pkg/mod/github.com/nats-io/nats.go@v1.41.1/nats.go:3043 +0x2f3

goroutine 11878 [select, 2 minutes]:
github.com/nats-io/nats.go/jetstream.(*pullSubscription).Next(0xc000c26120)
	/Users/jace/go/pkg/mod/github.com/nats-io/nats.go@v1.41.1/jetstream/pull.go:589 +0x285
github.com/Black-And-White-Club/frolf-bot-shared/eventbus.(*eventBus).Subscribe.func1()
	/Users/jace/Documents/GitHub/frolf-bot-shared/eventbus/eventbus.go:326 +0x169
created by github.com/Black-And-White-Club/frolf-bot-shared/eventbus.(*eventBus).Subscribe in goroutine 11802
	/Users/jace/Documents/GitHub/frolf-bot-shared/eventbus/eventbus.go:315 +0xbf1

goroutine 8718 [select]:
github.com/nats-io/nats.go/jetstream.(*pullConsumer).Messages.func2()
	/Users/jace/go/pkg/mod/github.com/nats-io/nats.go@v1.41.1/jetstream/pull.go:538 +0x68
created by github.com/nats-io/nats.go/jetstream.(*pullConsumer).Messages in goroutine 25642
	/Users/jace/go/pkg/mod/github.com/nats-io/nats.go@v1.41.1/jetstream/pull.go:536 +0x78a

goroutine 14474 [select, 1 minutes]:
github.com/nats-io/nats.go/jetstream.(*pullSubscription).pullMessages(0xc0011105a0, {0xc000fe9490, 0x63})
	/Users/jace/go/pkg/mod/github.com/nats-io/nats.go@v1.41.1/jetstream/pull.go:955 +0x91
created by github.com/nats-io/nats.go/jetstream.(*pullConsumer).Messages in goroutine 14472
	/Users/jace/go/pkg/mod/github.com/nats-io/nats.go@v1.41.1/jetstream/pull.go:534 +0x748

goroutine 9948 [sync.Cond.Wait, 2 minutes]:
sync.runtime_notifyListWait(0xc0009e1b10, 0x0)
	/usr/local/Cellar/go/1.24.2/libexec/src/runtime/sema.go:597 +0x159
sync.(*Cond).Wait(0x0?)
	/usr/local/Cellar/go/1.24.2/libexec/src/sync/cond.go:71 +0x85
github.com/nats-io/nats%2ego.(*asyncCallbacksHandler).asyncCBDispatcher(0xc000e0c100)
	/Users/jace/go/pkg/mod/github.com/nats-io/nats.go@v1.41.1/nats.go:3059 +0xdd
created by github.com/nats-io/nats%2ego.Options.Connect in goroutine 9460
	/Users/jace/go/pkg/mod/github.com/nats-io/nats.go@v1.41.1/nats.go:1635 +0x387

goroutine 9949 [sync.Cond.Wait, 2 minutes]:
sync.runtime_notifyListWait(0xc0008e66d0, 0x1c)
	/usr/local/Cellar/go/1.24.2/libexec/src/runtime/sema.go:597 +0x159
sync.(*Cond).Wait(0x1083d4720?)
	/usr/local/Cellar/go/1.24.2/libexec/src/sync/cond.go:71 +0x85
github.com/nats-io/nats%2ego.(*Conn).waitForMsgs(0xc000254308, 0xc0003e6780)
	/Users/jace/go/pkg/mod/github.com/nats-io/nats.go@v1.41.1/nats.go:3178 +0xc5
created by github.com/nats-io/nats%2ego.(*Conn).subscribeLocked in goroutine 9460
	/Users/jace/go/pkg/mod/github.com/nats-io/nats.go@v1.41.1/nats.go:4468 +0x419

goroutine 12711 [select, 2 minutes]:
github.com/nats-io/nats.go/jetstream.(*pullSubscription).Next(0xc000c263f0)
	/Users/jace/go/pkg/mod/github.com/nats-io/nats.go@v1.41.1/jetstream/pull.go:589 +0x285
github.com/Black-And-White-Club/frolf-bot-shared/eventbus.(*eventBus).Subscribe.func1()
	/Users/jace/Documents/GitHub/frolf-bot-shared/eventbus/eventbus.go:326 +0x169
created by github.com/Black-And-White-Club/frolf-bot-shared/eventbus.(*eventBus).Subscribe in goroutine 12685
	/Users/jace/Documents/GitHub/frolf-bot-shared/eventbus/eventbus.go:315 +0xbf1

goroutine 25350 [select]:
github.com/nats-io/nats.go/jetstream.(*pullSubscription).pullMessages(0xc0015dabd0, {0xc000d77f20, 0x5b})
	/Users/jace/go/pkg/mod/github.com/nats-io/nats.go@v1.41.1/jetstream/pull.go:955 +0x91
created by github.com/nats-io/nats.go/jetstream.(*pullConsumer).Messages in goroutine 25323
	/Users/jace/go/pkg/mod/github.com/nats-io/nats.go@v1.41.1/jetstream/pull.go:534 +0x748

goroutine 16491 [chan receive, 1 minutes]:
github.com/ThreeDotsLabs/watermill/message.(*messageTransformSubscriberDecorator).Subscribe.func1()
	/Users/jace/go/pkg/mod/github.com/!three!dots!labs/watermill@v1.4.6/message/decorator.go:52 +0x85
created by github.com/ThreeDotsLabs/watermill/message.(*messageTransformSubscriberDecorator).Subscribe in goroutine 16469
	/Users/jace/go/pkg/mod/github.com/!three!dots!labs/watermill@v1.4.6/message/decorator.go:51 +0xc7

goroutine 10124 [sync.Cond.Wait, 2 minutes]:
sync.runtime_notifyListWait(0xc0002b9f50, 0x0)
	/usr/local/Cellar/go/1.24.2/libexec/src/runtime/sema.go:597 +0x159
sync.(*Cond).Wait(0x1083d4790?)
	/usr/local/Cellar/go/1.24.2/libexec/src/sync/cond.go:71 +0x85
github.com/nats-io/nats%2ego.(*asyncCallbacksHandler).asyncCBDispatcher(0xc000d363e0)
	/Users/jace/go/pkg/mod/github.com/nats-io/nats.go@v1.41.1/nats.go:3059 +0xdd
created by github.com/nats-io/nats%2ego.Options.Connect in goroutine 9460
	/Users/jace/go/pkg/mod/github.com/nats-io/nats.go@v1.41.1/nats.go:1635 +0x387

goroutine 12688 [select, 2 minutes]:
github.com/nats-io/nats.go/jetstream.(*pullConsumer).Messages.func2()
	/Users/jace/go/pkg/mod/github.com/nats-io/nats.go@v1.41.1/jetstream/pull.go:538 +0x68
created by github.com/nats-io/nats.go/jetstream.(*pullConsumer).Messages in goroutine 12685
	/Users/jace/go/pkg/mod/github.com/nats-io/nats.go@v1.41.1/jetstream/pull.go:536 +0x78a

goroutine 15560 [select, 1 minutes]:
github.com/nats-io/nats.go/jetstream.(*pullConsumer).Messages.func2()
	/Users/jace/go/pkg/mod/github.com/nats-io/nats.go@v1.41.1/jetstream/pull.go:538 +0x68
created by github.com/nats-io/nats.go/jetstream.(*pullConsumer).Messages in goroutine 15577
	/Users/jace/go/pkg/mod/github.com/nats-io/nats.go@v1.41.1/jetstream/pull.go:536 +0x78a

goroutine 9952 [sync.WaitGroup.Wait, 2 minutes]:
sync.runtime_SemacquireWaitGroup(0xc000ac7ec0?)
	/usr/local/Cellar/go/1.24.2/libexec/src/runtime/sema.go:110 +0x25
sync.(*WaitGroup).Wait(0xc000486620?)
	/usr/local/Cellar/go/1.24.2/libexec/src/sync/waitgroup.go:118 +0x48
github.com/ThreeDotsLabs/watermill/message.(*Router).watchAllHandlersStopped.func1()
	/Users/jace/go/pkg/mod/github.com/!three!dots!labs/watermill@v1.4.6/message/router.go:498 +0x86
created by github.com/ThreeDotsLabs/watermill/message.(*Router).watchAllHandlersStopped in goroutine 9951
	/Users/jace/go/pkg/mod/github.com/!three!dots!labs/watermill@v1.4.6/message/router.go:484 +0xec

goroutine 11042 [select, 2 minutes]:
github.com/nats-io/nats.go/jetstream.(*pullSubscription).Next(0xc000c9ca20)
	/Users/jace/go/pkg/mod/github.com/nats-io/nats.go@v1.41.1/jetstream/pull.go:589 +0x285
github.com/Black-And-White-Club/frolf-bot-shared/eventbus.(*eventBus).Subscribe.func1()
	/Users/jace/Documents/GitHub/frolf-bot-shared/eventbus/eventbus.go:326 +0x169
created by github.com/Black-And-White-Club/frolf-bot-shared/eventbus.(*eventBus).Subscribe in goroutine 10974
	/Users/jace/Documents/GitHub/frolf-bot-shared/eventbus/eventbus.go:315 +0xbf1

goroutine 18692 [sync.WaitGroup.Wait, 1 minutes]:
sync.runtime_SemacquireWaitGroup(0xc000bc76c0?)
	/usr/local/Cellar/go/1.24.2/libexec/src/runtime/sema.go:110 +0x25
sync.(*WaitGroup).Wait(0x10726d452?)
	/usr/local/Cellar/go/1.24.2/libexec/src/sync/waitgroup.go:118 +0x48
github.com/ThreeDotsLabs/watermill/pubsub/sync.WaitGroupTimeout.func1()
	/Users/jace/go/pkg/mod/github.com/!three!dots!labs/watermill@v1.4.6/pubsub/sync/waitgroup.go:13 +0x25
created by github.com/ThreeDotsLabs/watermill/pubsub/sync.WaitGroupTimeout in goroutine 17821
	/Users/jace/go/pkg/mod/github.com/!three!dots!labs/watermill@v1.4.6/pubsub/sync/waitgroup.go:12 +0x85

goroutine 15457 [select, 1 minutes]:
github.com/nats-io/nats.go/jetstream.(*pullSubscription).pullMessages(0xc000ae1dd0, {0xc0008ce180, 0x5b})
	/Users/jace/go/pkg/mod/github.com/nats-io/nats.go@v1.41.1/jetstream/pull.go:955 +0x91
created by github.com/nats-io/nats.go/jetstream.(*pullConsumer).Messages in goroutine 15577
	/Users/jace/go/pkg/mod/github.com/nats-io/nats.go@v1.41.1/jetstream/pull.go:534 +0x748

goroutine 10135 [select, 2 minutes]:
github.com/nats-io/nats.go/jetstream.(*pullSubscription).pullMessages(0xc000900ab0, {0xc000a52060, 0x53})
	/Users/jace/go/pkg/mod/github.com/nats-io/nats.go@v1.41.1/jetstream/pull.go:955 +0x91
created by github.com/nats-io/nats.go/jetstream.(*pullConsumer).Messages in goroutine 9951
	/Users/jace/go/pkg/mod/github.com/nats-io/nats.go@v1.41.1/jetstream/pull.go:534 +0x748

goroutine 10136 [select, 2 minutes]:
github.com/nats-io/nats.go/jetstream.(*pullConsumer).Messages.func2()
	/Users/jace/go/pkg/mod/github.com/nats-io/nats.go@v1.41.1/jetstream/pull.go:538 +0x68
created by github.com/nats-io/nats.go/jetstream.(*pullConsumer).Messages in goroutine 9951
	/Users/jace/go/pkg/mod/github.com/nats-io/nats.go@v1.41.1/jetstream/pull.go:536 +0x78a

goroutine 10137 [select, 2 minutes]:
github.com/nats-io/nats.go/jetstream.(*pullSubscription).Next(0xc000900ab0)
	/Users/jace/go/pkg/mod/github.com/nats-io/nats.go@v1.41.1/jetstream/pull.go:589 +0x285
github.com/Black-And-White-Club/frolf-bot-shared/eventbus.(*eventBus).Subscribe.func1()
	/Users/jace/Documents/GitHub/frolf-bot-shared/eventbus/eventbus.go:326 +0x169
created by github.com/Black-And-White-Club/frolf-bot-shared/eventbus.(*eventBus).Subscribe in goroutine 9951
	/Users/jace/Documents/GitHub/frolf-bot-shared/eventbus/eventbus.go:315 +0xbf1

goroutine 10138 [chan receive, 2 minutes]:
github.com/ThreeDotsLabs/watermill/message.(*messageTransformSubscriberDecorator).Subscribe.func1()
	/Users/jace/go/pkg/mod/github.com/!three!dots!labs/watermill@v1.4.6/message/decorator.go:52 +0x85
created by github.com/ThreeDotsLabs/watermill/message.(*messageTransformSubscriberDecorator).Subscribe in goroutine 9951
	/Users/jace/go/pkg/mod/github.com/!three!dots!labs/watermill@v1.4.6/message/decorator.go:51 +0xc7

goroutine 10139 [chan receive, 2 minutes]:
github.com/ThreeDotsLabs/watermill/message.(*handler).run(0xc000d9e270, {0x1083d4720, 0xc000d0c0f0}, {0xc0003ca000, 0x6, 0x0?})
	/Users/jace/go/pkg/mod/github.com/!three!dots!labs/watermill@v1.4.6/message/router.go:645 +0x2b4
github.com/ThreeDotsLabs/watermill/message.(*Router).RunHandlers.func1()
	/Users/jace/go/pkg/mod/github.com/!three!dots!labs/watermill@v1.4.6/message/router.go:460 +0x145
created by github.com/ThreeDotsLabs/watermill/message.(*Router).RunHandlers in goroutine 9951
	/Users/jace/go/pkg/mod/github.com/!three!dots!labs/watermill@v1.4.6/message/router.go:453 +0x606

goroutine 10993 [select, 2 minutes]:
github.com/nats-io/nats.go/jetstream.(*pullConsumer).Messages.func2()
	/Users/jace/go/pkg/mod/github.com/nats-io/nats.go@v1.41.1/jetstream/pull.go:538 +0x68
created by github.com/nats-io/nats.go/jetstream.(*pullConsumer).Messages in goroutine 10974
	/Users/jace/go/pkg/mod/github.com/nats-io/nats.go@v1.41.1/jetstream/pull.go:536 +0x78a

goroutine 10157 [select, 2 minutes]:
github.com/nats-io/nats.go/jetstream.(*pullSubscription).pullMessages(0xc000c9c630, {0xc00043e2a0, 0x5b})
	/Users/jace/go/pkg/mod/github.com/nats-io/nats.go@v1.41.1/jetstream/pull.go:955 +0x91
created by github.com/nats-io/nats.go/jetstream.(*pullConsumer).Messages in goroutine 9951
	/Users/jace/go/pkg/mod/github.com/nats-io/nats.go@v1.41.1/jetstream/pull.go:534 +0x748

goroutine 10158 [select, 2 minutes]:
github.com/nats-io/nats.go/jetstream.(*pullConsumer).Messages.func2()
	/Users/jace/go/pkg/mod/github.com/nats-io/nats.go@v1.41.1/jetstream/pull.go:538 +0x68
created by github.com/nats-io/nats.go/jetstream.(*pullConsumer).Messages in goroutine 9951
	/Users/jace/go/pkg/mod/github.com/nats-io/nats.go@v1.41.1/jetstream/pull.go:536 +0x78a

goroutine 10159 [select, 2 minutes]:
github.com/nats-io/nats.go/jetstream.(*pullSubscription).Next(0xc000c9c630)
	/Users/jace/go/pkg/mod/github.com/nats-io/nats.go@v1.41.1/jetstream/pull.go:589 +0x285
github.com/Black-And-White-Club/frolf-bot-shared/eventbus.(*eventBus).Subscribe.func1()
	/Users/jace/Documents/GitHub/frolf-bot-shared/eventbus/eventbus.go:326 +0x169
created by github.com/Black-And-White-Club/frolf-bot-shared/eventbus.(*eventBus).Subscribe in goroutine 9951
	/Users/jace/Documents/GitHub/frolf-bot-shared/eventbus/eventbus.go:315 +0xbf1

goroutine 10160 [chan receive, 2 minutes]:
github.com/ThreeDotsLabs/watermill/message.(*messageTransformSubscriberDecorator).Subscribe.func1()
	/Users/jace/go/pkg/mod/github.com/!three!dots!labs/watermill@v1.4.6/message/decorator.go:52 +0x85
created by github.com/ThreeDotsLabs/watermill/message.(*messageTransformSubscriberDecorator).Subscribe in goroutine 9951
	/Users/jace/go/pkg/mod/github.com/!three!dots!labs/watermill@v1.4.6/message/decorator.go:51 +0xc7

goroutine 10161 [chan receive, 2 minutes]:
github.com/ThreeDotsLabs/watermill/message.(*handler).run(0xc000d9e5b0, {0x1083d4720, 0xc0002e6460}, {0xc0011fc180, 0x6, 0x0?})
	/Users/jace/go/pkg/mod/github.com/!three!dots!labs/watermill@v1.4.6/message/router.go:645 +0x2b4
github.com/ThreeDotsLabs/watermill/message.(*Router).RunHandlers.func1()
	/Users/jace/go/pkg/mod/github.com/!three!dots!labs/watermill@v1.4.6/message/router.go:460 +0x145
created by github.com/ThreeDotsLabs/watermill/message.(*Router).RunHandlers in goroutine 9951
	/Users/jace/go/pkg/mod/github.com/!three!dots!labs/watermill@v1.4.6/message/router.go:453 +0x606

goroutine 10994 [select, 2 minutes]:
github.com/nats-io/nats.go/jetstream.(*pullSubscription).Next(0xc000900a20)
	/Users/jace/go/pkg/mod/github.com/nats-io/nats.go@v1.41.1/jetstream/pull.go:589 +0x285
github.com/Black-And-White-Club/frolf-bot-shared/eventbus.(*eventBus).Subscribe.func1()
	/Users/jace/Documents/GitHub/frolf-bot-shared/eventbus/eventbus.go:326 +0x169
created by github.com/Black-And-White-Club/frolf-bot-shared/eventbus.(*eventBus).Subscribe in goroutine 10974
	/Users/jace/Documents/GitHub/frolf-bot-shared/eventbus/eventbus.go:315 +0xbf1

goroutine 10194 [select, 2 minutes]:
github.com/nats-io/nats.go/jetstream.(*pullSubscription).pullMessages(0xc000c9cbd0, {0xc0003ea140, 0x4e})
	/Users/jace/go/pkg/mod/github.com/nats-io/nats.go@v1.41.1/jetstream/pull.go:955 +0x91
created by github.com/nats-io/nats.go/jetstream.(*pullConsumer).Messages in goroutine 9951
	/Users/jace/go/pkg/mod/github.com/nats-io/nats.go@v1.41.1/jetstream/pull.go:534 +0x748

goroutine 10195 [select, 2 minutes]:
github.com/nats-io/nats.go/jetstream.(*pullConsumer).Messages.func2()
	/Users/jace/go/pkg/mod/github.com/nats-io/nats.go@v1.41.1/jetstream/pull.go:538 +0x68
created by github.com/nats-io/nats.go/jetstream.(*pullConsumer).Messages in goroutine 9951
	/Users/jace/go/pkg/mod/github.com/nats-io/nats.go@v1.41.1/jetstream/pull.go:536 +0x78a

goroutine 10196 [select, 2 minutes]:
github.com/nats-io/nats.go/jetstream.(*pullSubscription).Next(0xc000c9cbd0)
	/Users/jace/go/pkg/mod/github.com/nats-io/nats.go@v1.41.1/jetstream/pull.go:589 +0x285
github.com/Black-And-White-Club/frolf-bot-shared/eventbus.(*eventBus).Subscribe.func1()
	/Users/jace/Documents/GitHub/frolf-bot-shared/eventbus/eventbus.go:326 +0x169
created by github.com/Black-And-White-Club/frolf-bot-shared/eventbus.(*eventBus).Subscribe in goroutine 9951
	/Users/jace/Documents/GitHub/frolf-bot-shared/eventbus/eventbus.go:315 +0xbf1

goroutine 10197 [chan receive, 2 minutes]:
github.com/ThreeDotsLabs/watermill/message.(*messageTransformSubscriberDecorator).Subscribe.func1()
	/Users/jace/go/pkg/mod/github.com/!three!dots!labs/watermill@v1.4.6/message/decorator.go:52 +0x85
created by github.com/ThreeDotsLabs/watermill/message.(*messageTransformSubscriberDecorator).Subscribe in goroutine 9951
	/Users/jace/go/pkg/mod/github.com/!three!dots!labs/watermill@v1.4.6/message/decorator.go:51 +0xc7

goroutine 10198 [chan receive, 2 minutes]:
github.com/ThreeDotsLabs/watermill/message.(*handler).run(0xc000d9e750, {0x1083d4720, 0xc000154960}, {0xc00027c0c0, 0x6, 0x0?})
	/Users/jace/go/pkg/mod/github.com/!three!dots!labs/watermill@v1.4.6/message/router.go:645 +0x2b4
github.com/ThreeDotsLabs/watermill/message.(*Router).RunHandlers.func1()
	/Users/jace/go/pkg/mod/github.com/!three!dots!labs/watermill@v1.4.6/message/router.go:460 +0x145
created by github.com/ThreeDotsLabs/watermill/message.(*Router).RunHandlers in goroutine 9951
	/Users/jace/go/pkg/mod/github.com/!three!dots!labs/watermill@v1.4.6/message/router.go:453 +0x606

goroutine 10957 [select, 2 minutes]:
github.com/nats-io/nats.go/jetstream.(*pullConsumer).Messages.func2()
	/Users/jace/go/pkg/mod/github.com/nats-io/nats.go@v1.41.1/jetstream/pull.go:538 +0x68
created by github.com/nats-io/nats.go/jetstream.(*pullConsumer).Messages in goroutine 10974
	/Users/jace/go/pkg/mod/github.com/nats-io/nats.go@v1.41.1/jetstream/pull.go:536 +0x78a

goroutine 10927 [select, 2 minutes]:
github.com/nats-io/nats.go/jetstream.(*pullSubscription).pullMessages(0xc001110630, {0xc000ab4060, 0x53})
	/Users/jace/go/pkg/mod/github.com/nats-io/nats.go@v1.41.1/jetstream/pull.go:955 +0x91
created by github.com/nats-io/nats.go/jetstream.(*pullConsumer).Messages in goroutine 10974
	/Users/jace/go/pkg/mod/github.com/nats-io/nats.go@v1.41.1/jetstream/pull.go:534 +0x748

goroutine 8717 [select]:
github.com/nats-io/nats.go/jetstream.(*pullSubscription).pullMessages(0xc001a50480, {0xc00188c000, 0x56})
	/Users/jace/go/pkg/mod/github.com/nats-io/nats.go@v1.41.1/jetstream/pull.go:955 +0x91
created by github.com/nats-io/nats.go/jetstream.(*pullConsumer).Messages in goroutine 25642
	/Users/jace/go/pkg/mod/github.com/nats-io/nats.go@v1.41.1/jetstream/pull.go:534 +0x748

goroutine 13439 [select, 1 minutes]:
github.com/nats-io/nats.go/jetstream.(*pullSubscription).pullMessages(0xc001111b00, {0xc000dcc180, 0x53})
	/Users/jace/go/pkg/mod/github.com/nats-io/nats.go@v1.41.1/jetstream/pull.go:955 +0x91
created by github.com/nats-io/nats.go/jetstream.(*pullConsumer).Messages in goroutine 13643
	/Users/jace/go/pkg/mod/github.com/nats-io/nats.go@v1.41.1/jetstream/pull.go:534 +0x748

goroutine 13684 [select, 1 minutes]:
github.com/nats-io/nats.go/jetstream.(*pullSubscription).pullMessages(0xc000c70120, {0xc000dcc2a0, 0x5b})
	/Users/jace/go/pkg/mod/github.com/nats-io/nats.go@v1.41.1/jetstream/pull.go:955 +0x91
created by github.com/nats-io/nats.go/jetstream.(*pullConsumer).Messages in goroutine 13643
	/Users/jace/go/pkg/mod/github.com/nats-io/nats.go@v1.41.1/jetstream/pull.go:534 +0x748

goroutine 13440 [select, 1 minutes]:
github.com/nats-io/nats.go/jetstream.(*pullConsumer).Messages.func2()
	/Users/jace/go/pkg/mod/github.com/nats-io/nats.go@v1.41.1/jetstream/pull.go:538 +0x68
created by github.com/nats-io/nats.go/jetstream.(*pullConsumer).Messages in goroutine 13643
	/Users/jace/go/pkg/mod/github.com/nats-io/nats.go@v1.41.1/jetstream/pull.go:536 +0x78a

goroutine 11139 [select]:
github.com/nats-io/nats%2ego.(*Conn).doReconnect(0xc0003a9108, {0x1083c48c8, 0x108d63970}, 0x0)
	/Users/jace/go/pkg/mod/github.com/nats-io/nats.go@v1.41.1/nats.go:2907 +0x41a
created by github.com/nats-io/nats%2ego.(*Conn).processOpErr in goroutine 10981
	/Users/jace/go/pkg/mod/github.com/nats-io/nats.go@v1.41.1/nats.go:3043 +0x2f3

goroutine 12691 [chan receive, 2 minutes]:
github.com/ThreeDotsLabs/watermill/message.(*handler).run(0xc000d9fd40, {0x1083d4720, 0xc000957cc0}, {0xc0008220c0, 0x6, 0x0?})
	/Users/jace/go/pkg/mod/github.com/!three!dots!labs/watermill@v1.4.6/message/router.go:645 +0x2b4
github.com/ThreeDotsLabs/watermill/message.(*Router).RunHandlers.func1()
	/Users/jace/go/pkg/mod/github.com/!three!dots!labs/watermill@v1.4.6/message/router.go:460 +0x145
created by github.com/ThreeDotsLabs/watermill/message.(*Router).RunHandlers in goroutine 12685
	/Users/jace/go/pkg/mod/github.com/!three!dots!labs/watermill@v1.4.6/message/router.go:453 +0x606

goroutine 10992 [select, 2 minutes]:
github.com/nats-io/nats.go/jetstream.(*pullSubscription).pullMessages(0xc000c9ca20, {0xc0009ae660, 0x5b})
	/Users/jace/go/pkg/mod/github.com/nats-io/nats.go@v1.41.1/jetstream/pull.go:955 +0x91
created by github.com/nats-io/nats.go/jetstream.(*pullConsumer).Messages in goroutine 10974
	/Users/jace/go/pkg/mod/github.com/nats-io/nats.go@v1.41.1/jetstream/pull.go:534 +0x748

goroutine 10242 [sync.Cond.Wait, 2 minutes]:
sync.runtime_notifyListWait(0xc0009e0ad0, 0x2)
	/usr/local/Cellar/go/1.24.2/libexec/src/runtime/sema.go:597 +0x159
sync.(*Cond).Wait(0xc000adfc60?)
	/usr/local/Cellar/go/1.24.2/libexec/src/sync/cond.go:71 +0x85
github.com/nats-io/nats%2ego.(*Conn).waitForMsgs(0xc000254a08, 0xc000f125a0)
	/Users/jace/go/pkg/mod/github.com/nats-io/nats.go@v1.41.1/nats.go:3178 +0xc5
created by github.com/nats-io/nats%2ego.(*Conn).subscribeLocked in goroutine 9460
	/Users/jace/go/pkg/mod/github.com/nats-io/nats.go@v1.41.1/nats.go:4468 +0x419

goroutine 10245 [sync.WaitGroup.Wait, 2 minutes]:
sync.runtime_SemacquireWaitGroup(0x1083d4790?)
	/usr/local/Cellar/go/1.24.2/libexec/src/runtime/sema.go:110 +0x25
sync.(*WaitGroup).Wait(0xc000ecc7d0?)
	/usr/local/Cellar/go/1.24.2/libexec/src/sync/waitgroup.go:118 +0x48
github.com/ThreeDotsLabs/watermill/message.(*Router).waitForHandlers.func1()
	/Users/jace/go/pkg/mod/github.com/!three!dots!labs/watermill@v1.4.6/message/router.go:579 +0x4b
created by github.com/ThreeDotsLabs/watermill/message.(*Router).waitForHandlers in goroutine 9460
	/Users/jace/go/pkg/mod/github.com/!three!dots!labs/watermill@v1.4.6/message/router.go:577 +0x87

goroutine 11818 [select, 2 minutes]:
github.com/nats-io/nats.go/jetstream.(*pullSubscription).pullMessages(0xc000c71560, {0xc000eeb490, 0x63})
	/Users/jace/go/pkg/mod/github.com/nats-io/nats.go@v1.41.1/jetstream/pull.go:955 +0x91
created by github.com/nats-io/nats.go/jetstream.(*pullConsumer).Messages in goroutine 11802
	/Users/jace/go/pkg/mod/github.com/nats-io/nats.go@v1.41.1/jetstream/pull.go:534 +0x748

goroutine 10247 [sync.WaitGroup.Wait, 2 minutes]:
sync.runtime_SemacquireWaitGroup(0x0?)
	/usr/local/Cellar/go/1.24.2/libexec/src/runtime/sema.go:110 +0x25
sync.(*WaitGroup).Wait(0x0?)
	/usr/local/Cellar/go/1.24.2/libexec/src/sync/waitgroup.go:118 +0x48
github.com/ThreeDotsLabs/watermill/pubsub/sync.WaitGroupTimeout.func1()
	/Users/jace/go/pkg/mod/github.com/!three!dots!labs/watermill@v1.4.6/pubsub/sync/waitgroup.go:13 +0x25
created by github.com/ThreeDotsLabs/watermill/pubsub/sync.WaitGroupTimeout in goroutine 9460
	/Users/jace/go/pkg/mod/github.com/!three!dots!labs/watermill@v1.4.6/pubsub/sync/waitgroup.go:12 +0x85

goroutine 10976 [select, 2 minutes]:
github.com/nats-io/nats.go/jetstream.(*pullSubscription).pullMessages(0xc000900a20, {0xc0008ce480, 0x60})
	/Users/jace/go/pkg/mod/github.com/nats-io/nats.go@v1.41.1/jetstream/pull.go:955 +0x91
created by github.com/nats-io/nats.go/jetstream.(*pullConsumer).Messages in goroutine 10974
	/Users/jace/go/pkg/mod/github.com/nats-io/nats.go@v1.41.1/jetstream/pull.go:534 +0x748

goroutine 11835 [select, 2 minutes]:
github.com/nats-io/nats.go/jetstream.(*pullSubscription).Next(0xc000ae0fc0)
	/Users/jace/go/pkg/mod/github.com/nats-io/nats.go@v1.41.1/jetstream/pull.go:589 +0x285
github.com/Black-And-White-Club/frolf-bot-shared/eventbus.(*eventBus).Subscribe.func1()
	/Users/jace/Documents/GitHub/frolf-bot-shared/eventbus/eventbus.go:326 +0x169
created by github.com/Black-And-White-Club/frolf-bot-shared/eventbus.(*eventBus).Subscribe in goroutine 11802
	/Users/jace/Documents/GitHub/frolf-bot-shared/eventbus/eventbus.go:315 +0xbf1

goroutine 10988 [sync.Cond.Wait, 2 minutes]:
sync.runtime_notifyListWait(0xc00078b550, 0x1c)
	/usr/local/Cellar/go/1.24.2/libexec/src/runtime/sema.go:597 +0x159
sync.(*Cond).Wait(0x0?)
	/usr/local/Cellar/go/1.24.2/libexec/src/sync/cond.go:71 +0x85
github.com/nats-io/nats%2ego.(*Conn).waitForMsgs(0xc00015b108, 0xc000f12780)
	/Users/jace/go/pkg/mod/github.com/nats-io/nats.go@v1.41.1/nats.go:3178 +0xc5
created by github.com/nats-io/nats%2ego.(*Conn).subscribeLocked in goroutine 10316
	/Users/jace/go/pkg/mod/github.com/nats-io/nats.go@v1.41.1/nats.go:4468 +0x419

goroutine 10995 [chan receive, 2 minutes]:
github.com/ThreeDotsLabs/watermill/message.(*messageTransformSubscriberDecorator).Subscribe.func1()
	/Users/jace/go/pkg/mod/github.com/!three!dots!labs/watermill@v1.4.6/message/decorator.go:52 +0x85
created by github.com/ThreeDotsLabs/watermill/message.(*messageTransformSubscriberDecorator).Subscribe in goroutine 10974
	/Users/jace/go/pkg/mod/github.com/!three!dots!labs/watermill@v1.4.6/message/decorator.go:51 +0xc7

goroutine 13653 [select, 1 minutes]:
github.com/nats-io/nats.go/jetstream.(*pullConsumer).Messages.func2()
	/Users/jace/go/pkg/mod/github.com/nats-io/nats.go@v1.41.1/jetstream/pull.go:538 +0x68
created by github.com/nats-io/nats.go/jetstream.(*pullConsumer).Messages in goroutine 13643
	/Users/jace/go/pkg/mod/github.com/nats-io/nats.go@v1.41.1/jetstream/pull.go:536 +0x78a

goroutine 13685 [select, 1 minutes]:
github.com/nats-io/nats.go/jetstream.(*pullConsumer).Messages.func2()
	/Users/jace/go/pkg/mod/github.com/nats-io/nats.go@v1.41.1/jetstream/pull.go:538 +0x68
created by github.com/nats-io/nats.go/jetstream.(*pullConsumer).Messages in goroutine 13643
	/Users/jace/go/pkg/mod/github.com/nats-io/nats.go@v1.41.1/jetstream/pull.go:536 +0x78a

goroutine 11800 [sync.Cond.Wait, 2 minutes]:
sync.runtime_notifyListWait(0xc000f9ca90, 0x0)
	/usr/local/Cellar/go/1.24.2/libexec/src/runtime/sema.go:597 +0x159
sync.(*Cond).Wait(0xc0010982a0?)
	/usr/local/Cellar/go/1.24.2/libexec/src/sync/cond.go:71 +0x85
github.com/nats-io/nats%2ego.(*asyncCallbacksHandler).asyncCBDispatcher(0xc000992a80)
	/Users/jace/go/pkg/mod/github.com/nats-io/nats.go@v1.41.1/nats.go:3059 +0xdd
created by github.com/nats-io/nats%2ego.Options.Connect in goroutine 11174
	/Users/jace/go/pkg/mod/github.com/nats-io/nats.go@v1.41.1/nats.go:1635 +0x387

goroutine 10956 [select, 2 minutes]:
github.com/nats-io/nats.go/jetstream.(*pullSubscription).pullMessages(0xc0006a7d40, {0xc0008ece00, 0x63})
	/Users/jace/go/pkg/mod/github.com/nats-io/nats.go@v1.41.1/jetstream/pull.go:955 +0x91
created by github.com/nats-io/nats.go/jetstream.(*pullConsumer).Messages in goroutine 10974
	/Users/jace/go/pkg/mod/github.com/nats-io/nats.go@v1.41.1/jetstream/pull.go:534 +0x748

goroutine 13650 [sync.Cond.Wait, 1 minutes]:
sync.runtime_notifyListWait(0xc0002b8f10, 0x1c)
	/usr/local/Cellar/go/1.24.2/libexec/src/runtime/sema.go:597 +0x159
sync.(*Cond).Wait(0xc00132aca0?)
	/usr/local/Cellar/go/1.24.2/libexec/src/sync/cond.go:71 +0x85
github.com/nats-io/nats%2ego.(*Conn).waitForMsgs(0xc0003a9808, 0xc0000ffd10)
	/Users/jace/go/pkg/mod/github.com/nats-io/nats.go@v1.41.1/nats.go:3178 +0xc5
created by github.com/nats-io/nats%2ego.(*Conn).subscribeLocked in goroutine 12900
	/Users/jace/go/pkg/mod/github.com/nats-io/nats.go@v1.41.1/nats.go:4468 +0x419

goroutine 12712 [chan receive, 2 minutes]:
github.com/ThreeDotsLabs/watermill/message.(*messageTransformSubscriberDecorator).Subscribe.func1()
	/Users/jace/go/pkg/mod/github.com/!three!dots!labs/watermill@v1.4.6/message/decorator.go:52 +0x85
created by github.com/ThreeDotsLabs/watermill/message.(*messageTransformSubscriberDecorator).Subscribe in goroutine 12685
	/Users/jace/go/pkg/mod/github.com/!three!dots!labs/watermill@v1.4.6/message/decorator.go:51 +0xc7

goroutine 10650 [select, 2 minutes]:
github.com/nats-io/nats.go/jetstream.(*pullSubscription).Next(0xc00095e3f0)
	/Users/jace/go/pkg/mod/github.com/nats-io/nats.go@v1.41.1/jetstream/pull.go:589 +0x285
github.com/Black-And-White-Club/frolf-bot-shared/eventbus.(*eventBus).Subscribe.func1()
	/Users/jace/Documents/GitHub/frolf-bot-shared/eventbus/eventbus.go:326 +0x169
created by github.com/Black-And-White-Club/frolf-bot-shared/eventbus.(*eventBus).Subscribe in goroutine 10974
	/Users/jace/Documents/GitHub/frolf-bot-shared/eventbus/eventbus.go:315 +0xbf1

goroutine 14480 [select, 1 minutes]:
github.com/nats-io/nats.go/jetstream.(*pullSubscription).pullMessages(0xc001110b40, {0xc0004626e0, 0x4e})
	/Users/jace/go/pkg/mod/github.com/nats-io/nats.go@v1.41.1/jetstream/pull.go:955 +0x91
created by github.com/nats-io/nats.go/jetstream.(*pullConsumer).Messages in goroutine 14472
	/Users/jace/go/pkg/mod/github.com/nats-io/nats.go@v1.41.1/jetstream/pull.go:534 +0x748

goroutine 12695 [select, 2 minutes]:
github.com/nats-io/nats.go/jetstream.(*pullSubscription).Next(0xc0010a3cb0)
	/Users/jace/go/pkg/mod/github.com/nats-io/nats.go@v1.41.1/jetstream/pull.go:589 +0x285
github.com/Black-And-White-Club/frolf-bot-shared/eventbus.(*eventBus).Subscribe.func1()
	/Users/jace/Documents/GitHub/frolf-bot-shared/eventbus/eventbus.go:326 +0x169
created by github.com/Black-And-White-Club/frolf-bot-shared/eventbus.(*eventBus).Subscribe in goroutine 12685
	/Users/jace/Documents/GitHub/frolf-bot-shared/eventbus/eventbus.go:315 +0xbf1

goroutine 12679 [sync.Cond.Wait, 2 minutes]:
sync.runtime_notifyListWait(0xc0006355d0, 0x0)
	/usr/local/Cellar/go/1.24.2/libexec/src/runtime/sema.go:597 +0x159
sync.(*Cond).Wait(0x0?)
	/usr/local/Cellar/go/1.24.2/libexec/src/sync/cond.go:71 +0x85
github.com/nats-io/nats%2ego.(*asyncCallbacksHandler).asyncCBDispatcher(0xc000d37280)
	/Users/jace/go/pkg/mod/github.com/nats-io/nats.go@v1.41.1/nats.go:3059 +0xdd
created by github.com/nats-io/nats%2ego.Options.Connect in goroutine 12025
	/Users/jace/go/pkg/mod/github.com/nats-io/nats.go@v1.41.1/nats.go:1635 +0x387

goroutine 10649 [select, 2 minutes]:
github.com/nats-io/nats.go/jetstream.(*pullConsumer).Messages.func2()
	/Users/jace/go/pkg/mod/github.com/nats-io/nats.go@v1.41.1/jetstream/pull.go:538 +0x68
created by github.com/nats-io/nats.go/jetstream.(*pullConsumer).Messages in goroutine 10974
	/Users/jace/go/pkg/mod/github.com/nats-io/nats.go@v1.41.1/jetstream/pull.go:536 +0x78a

goroutine 11905 [sync.WaitGroup.Wait, 2 minutes]:
sync.runtime_SemacquireWaitGroup(0xc000eebab0?)
	/usr/local/Cellar/go/1.24.2/libexec/src/runtime/sema.go:110 +0x25
sync.(*WaitGroup).Wait(0x10726d452?)
	/usr/local/Cellar/go/1.24.2/libexec/src/sync/waitgroup.go:118 +0x48
github.com/ThreeDotsLabs/watermill/pubsub/sync.WaitGroupTimeout.func1()
	/Users/jace/go/pkg/mod/github.com/!three!dots!labs/watermill@v1.4.6/pubsub/sync/waitgroup.go:13 +0x25
created by github.com/ThreeDotsLabs/watermill/pubsub/sync.WaitGroupTimeout in goroutine 11174
	/Users/jace/go/pkg/mod/github.com/!three!dots!labs/watermill@v1.4.6/pubsub/sync/waitgroup.go:12 +0x85

goroutine 10959 [chan receive, 2 minutes]:
github.com/ThreeDotsLabs/watermill/message.(*messageTransformSubscriberDecorator).Subscribe.func1()
	/Users/jace/go/pkg/mod/github.com/!three!dots!labs/watermill@v1.4.6/message/decorator.go:52 +0x85
created by github.com/ThreeDotsLabs/watermill/message.(*messageTransformSubscriberDecorator).Subscribe in goroutine 10974
	/Users/jace/go/pkg/mod/github.com/!three!dots!labs/watermill@v1.4.6/message/decorator.go:51 +0xc7

goroutine 12723 [select, 2 minutes]:
github.com/nats-io/nats.go/jetstream.(*pullSubscription).Next(0xc000ae1950)
	/Users/jace/go/pkg/mod/github.com/nats-io/nats.go@v1.41.1/jetstream/pull.go:589 +0x285
github.com/Black-And-White-Club/frolf-bot-shared/eventbus.(*eventBus).Subscribe.func1()
	/Users/jace/Documents/GitHub/frolf-bot-shared/eventbus/eventbus.go:326 +0x169
created by github.com/Black-And-White-Club/frolf-bot-shared/eventbus.(*eventBus).Subscribe in goroutine 12685
	/Users/jace/Documents/GitHub/frolf-bot-shared/eventbus/eventbus.go:315 +0xbf1

goroutine 10983 [sync.Cond.Wait, 2 minutes]:
sync.runtime_notifyListWait(0xc000aa2fd0, 0x0)
	/usr/local/Cellar/go/1.24.2/libexec/src/runtime/sema.go:597 +0x159
sync.(*Cond).Wait(0x100010000?)
	/usr/local/Cellar/go/1.24.2/libexec/src/sync/cond.go:71 +0x85
github.com/nats-io/nats%2ego.(*asyncCallbacksHandler).asyncCBDispatcher(0xc000984da0)
	/Users/jace/go/pkg/mod/github.com/nats-io/nats.go@v1.41.1/nats.go:3059 +0xdd
created by github.com/nats-io/nats%2ego.Options.Connect in goroutine 10316
	/Users/jace/go/pkg/mod/github.com/nats-io/nats.go@v1.41.1/nats.go:1635 +0x387

goroutine 13682 [chan receive, 1 minutes]:
github.com/ThreeDotsLabs/watermill/message.(*messageTransformSubscriberDecorator).Subscribe.func1()
	/Users/jace/go/pkg/mod/github.com/!three!dots!labs/watermill@v1.4.6/message/decorator.go:52 +0x85
created by github.com/ThreeDotsLabs/watermill/message.(*messageTransformSubscriberDecorator).Subscribe in goroutine 13643
	/Users/jace/go/pkg/mod/github.com/!three!dots!labs/watermill@v1.4.6/message/decorator.go:51 +0xc7

goroutine 10654 [select, 2 minutes]:
github.com/nats-io/nats.go/jetstream.(*pullSubscription).pullMessages(0xc00095ec60, {0xc00004e500, 0x4e})
	/Users/jace/go/pkg/mod/github.com/nats-io/nats.go@v1.41.1/jetstream/pull.go:955 +0x91
created by github.com/nats-io/nats.go/jetstream.(*pullConsumer).Messages in goroutine 10974
	/Users/jace/go/pkg/mod/github.com/nats-io/nats.go@v1.41.1/jetstream/pull.go:534 +0x748

goroutine 10971 [sync.Cond.Wait, 2 minutes]:
sync.runtime_notifyListWait(0xc000aa2e90, 0x0)
	/usr/local/Cellar/go/1.24.2/libexec/src/runtime/sema.go:597 +0x159
sync.(*Cond).Wait(0xc000814f50?)
	/usr/local/Cellar/go/1.24.2/libexec/src/sync/cond.go:71 +0x85
github.com/nats-io/nats%2ego.(*asyncCallbacksHandler).asyncCBDispatcher(0xc000984d20)
	/Users/jace/go/pkg/mod/github.com/nats-io/nats.go@v1.41.1/nats.go:3059 +0xdd
created by github.com/nats-io/nats%2ego.Options.Connect in goroutine 10316
	/Users/jace/go/pkg/mod/github.com/nats-io/nats.go@v1.41.1/nats.go:1635 +0x387

goroutine 10651 [chan receive, 2 minutes]:
github.com/ThreeDotsLabs/watermill/message.(*messageTransformSubscriberDecorator).Subscribe.func1()
	/Users/jace/go/pkg/mod/github.com/!three!dots!labs/watermill@v1.4.6/message/decorator.go:52 +0x85
created by github.com/ThreeDotsLabs/watermill/message.(*messageTransformSubscriberDecorator).Subscribe in goroutine 10974
	/Users/jace/go/pkg/mod/github.com/!three!dots!labs/watermill@v1.4.6/message/decorator.go:51 +0xc7

goroutine 10652 [chan receive, 2 minutes]:
github.com/ThreeDotsLabs/watermill/message.(*handler).run(0xc000593860, {0x1083d4720, 0xc000b268c0}, {0xc0005940c0, 0x6, 0x1000000000001?})
	/Users/jace/go/pkg/mod/github.com/!three!dots!labs/watermill@v1.4.6/message/router.go:645 +0x2b4
github.com/ThreeDotsLabs/watermill/message.(*Router).RunHandlers.func1()
	/Users/jace/go/pkg/mod/github.com/!three!dots!labs/watermill@v1.4.6/message/router.go:460 +0x145
created by github.com/ThreeDotsLabs/watermill/message.(*Router).RunHandlers in goroutine 10974
	/Users/jace/go/pkg/mod/github.com/!three!dots!labs/watermill@v1.4.6/message/router.go:453 +0x606

goroutine 13731 [sync.WaitGroup.Wait, 1 minutes]:
sync.runtime_SemacquireWaitGroup(0xc001088318?)
	/usr/local/Cellar/go/1.24.2/libexec/src/runtime/sema.go:110 +0x25
sync.(*WaitGroup).Wait(0xc000be07d0?)
	/usr/local/Cellar/go/1.24.2/libexec/src/sync/waitgroup.go:118 +0x48
github.com/ThreeDotsLabs/watermill/message.(*Router).waitForHandlers.func1()
	/Users/jace/go/pkg/mod/github.com/!three!dots!labs/watermill@v1.4.6/message/router.go:579 +0x4b
created by github.com/ThreeDotsLabs/watermill/message.(*Router).waitForHandlers in goroutine 12900
	/Users/jace/go/pkg/mod/github.com/!three!dots!labs/watermill@v1.4.6/message/router.go:577 +0x87

goroutine 11140 [select]:
github.com/nats-io/nats%2ego.(*Conn).doReconnect(0xc00015b108, {0x1083c48c8, 0x108d63970}, 0x0)
	/Users/jace/go/pkg/mod/github.com/nats-io/nats.go@v1.41.1/nats.go:2907 +0x41a
created by github.com/nats-io/nats%2ego.(*Conn).processOpErr in goroutine 10969
	/Users/jace/go/pkg/mod/github.com/nats-io/nats.go@v1.41.1/nats.go:3043 +0x2f3

goroutine 10928 [select, 2 minutes]:
github.com/nats-io/nats.go/jetstream.(*pullConsumer).Messages.func2()
	/Users/jace/go/pkg/mod/github.com/nats-io/nats.go@v1.41.1/jetstream/pull.go:538 +0x68
created by github.com/nats-io/nats.go/jetstream.(*pullConsumer).Messages in goroutine 10974
	/Users/jace/go/pkg/mod/github.com/nats-io/nats.go@v1.41.1/jetstream/pull.go:536 +0x78a

goroutine 10958 [select, 2 minutes]:
github.com/nats-io/nats.go/jetstream.(*pullSubscription).Next(0xc0006a7d40)
	/Users/jace/go/pkg/mod/github.com/nats-io/nats.go@v1.41.1/jetstream/pull.go:589 +0x285
github.com/Black-And-White-Club/frolf-bot-shared/eventbus.(*eventBus).Subscribe.func1()
	/Users/jace/Documents/GitHub/frolf-bot-shared/eventbus/eventbus.go:326 +0x169
created by github.com/Black-And-White-Club/frolf-bot-shared/eventbus.(*eventBus).Subscribe in goroutine 10974
	/Users/jace/Documents/GitHub/frolf-bot-shared/eventbus/eventbus.go:315 +0xbf1

goroutine 12694 [select, 2 minutes]:
github.com/nats-io/nats.go/jetstream.(*pullConsumer).Messages.func2()
	/Users/jace/go/pkg/mod/github.com/nats-io/nats.go@v1.41.1/jetstream/pull.go:538 +0x68
created by github.com/nats-io/nats.go/jetstream.(*pullConsumer).Messages in goroutine 12685
	/Users/jace/go/pkg/mod/github.com/nats-io/nats.go@v1.41.1/jetstream/pull.go:536 +0x78a

goroutine 12786 [sync.Cond.Wait, 2 minutes]:
sync.runtime_notifyListWait(0xc00080ad90, 0x2)
	/usr/local/Cellar/go/1.24.2/libexec/src/runtime/sema.go:597 +0x159
sync.(*Cond).Wait(0xc000299bf0?)
	/usr/local/Cellar/go/1.24.2/libexec/src/sync/cond.go:71 +0x85
github.com/nats-io/nats%2ego.(*Conn).waitForMsgs(0xc00072fc08, 0xc000fbca50)
	/Users/jace/go/pkg/mod/github.com/nats-io/nats.go@v1.41.1/nats.go:3178 +0xc5
created by github.com/nats-io/nats%2ego.(*Conn).subscribeLocked in goroutine 12025
	/Users/jace/go/pkg/mod/github.com/nats-io/nats.go@v1.41.1/nats.go:4468 +0x419

goroutine 11819 [select, 2 minutes]:
github.com/nats-io/nats.go/jetstream.(*pullConsumer).Messages.func2()
	/Users/jace/go/pkg/mod/github.com/nats-io/nats.go@v1.41.1/jetstream/pull.go:538 +0x68
created by github.com/nats-io/nats.go/jetstream.(*pullConsumer).Messages in goroutine 11802
	/Users/jace/go/pkg/mod/github.com/nats-io/nats.go@v1.41.1/jetstream/pull.go:536 +0x78a

goroutine 10960 [chan receive, 2 minutes]:
github.com/ThreeDotsLabs/watermill/message.(*handler).run(0xc0005935f0, {0x1083d4720, 0xc0010c0aa0}, {0xc00018b740, 0x6, 0x0?})
	/Users/jace/go/pkg/mod/github.com/!three!dots!labs/watermill@v1.4.6/message/router.go:645 +0x2b4
github.com/ThreeDotsLabs/watermill/message.(*Router).RunHandlers.func1()
	/Users/jace/go/pkg/mod/github.com/!three!dots!labs/watermill@v1.4.6/message/router.go:460 +0x145
created by github.com/ThreeDotsLabs/watermill/message.(*Router).RunHandlers in goroutine 10974
	/Users/jace/go/pkg/mod/github.com/!three!dots!labs/watermill@v1.4.6/message/router.go:453 +0x606

goroutine 10961 [select, 2 minutes]:
github.com/nats-io/nats.go/jetstream.(*pullSubscription).pullMessages(0xc000c265a0, {0xc0008ed110, 0x61})
	/Users/jace/go/pkg/mod/github.com/nats-io/nats.go@v1.41.1/jetstream/pull.go:955 +0x91
created by github.com/nats-io/nats.go/jetstream.(*pullConsumer).Messages in goroutine 10974
	/Users/jace/go/pkg/mod/github.com/nats-io/nats.go@v1.41.1/jetstream/pull.go:534 +0x748

goroutine 11010 [select, 2 minutes]:
github.com/nats-io/nats.go/jetstream.(*pullConsumer).Messages.func2()
	/Users/jace/go/pkg/mod/github.com/nats-io/nats.go@v1.41.1/jetstream/pull.go:538 +0x68
created by github.com/nats-io/nats.go/jetstream.(*pullConsumer).Messages in goroutine 10974
	/Users/jace/go/pkg/mod/github.com/nats-io/nats.go@v1.41.1/jetstream/pull.go:536 +0x78a

goroutine 11011 [select, 2 minutes]:
github.com/nats-io/nats.go/jetstream.(*pullSubscription).Next(0xc000c265a0)
	/Users/jace/go/pkg/mod/github.com/nats-io/nats.go@v1.41.1/jetstream/pull.go:589 +0x285
github.com/Black-And-White-Club/frolf-bot-shared/eventbus.(*eventBus).Subscribe.func1()
	/Users/jace/Documents/GitHub/frolf-bot-shared/eventbus/eventbus.go:326 +0x169
created by github.com/Black-And-White-Club/frolf-bot-shared/eventbus.(*eventBus).Subscribe in goroutine 10974
	/Users/jace/Documents/GitHub/frolf-bot-shared/eventbus/eventbus.go:315 +0xbf1

goroutine 11012 [chan receive, 2 minutes]:
github.com/ThreeDotsLabs/watermill/message.(*messageTransformSubscriberDecorator).Subscribe.func1()
	/Users/jace/go/pkg/mod/github.com/!three!dots!labs/watermill@v1.4.6/message/decorator.go:52 +0x85
created by github.com/ThreeDotsLabs/watermill/message.(*messageTransformSubscriberDecorator).Subscribe in goroutine 10974
	/Users/jace/go/pkg/mod/github.com/!three!dots!labs/watermill@v1.4.6/message/decorator.go:51 +0xc7

goroutine 11013 [chan receive, 2 minutes]:
github.com/ThreeDotsLabs/watermill/message.(*handler).run(0xc000593790, {0x1083d4720, 0xc000b26690}, {0xc00018b800, 0x6, 0x0?})
	/Users/jace/go/pkg/mod/github.com/!three!dots!labs/watermill@v1.4.6/message/router.go:645 +0x2b4
github.com/ThreeDotsLabs/watermill/message.(*Router).RunHandlers.func1()
	/Users/jace/go/pkg/mod/github.com/!three!dots!labs/watermill@v1.4.6/message/router.go:460 +0x145
created by github.com/ThreeDotsLabs/watermill/message.(*Router).RunHandlers in goroutine 10974
	/Users/jace/go/pkg/mod/github.com/!three!dots!labs/watermill@v1.4.6/message/router.go:453 +0x606

goroutine 10648 [select, 2 minutes]:
github.com/nats-io/nats.go/jetstream.(*pullSubscription).pullMessages(0xc00095e3f0, {0xc001200380, 0x63})
	/Users/jace/go/pkg/mod/github.com/nats-io/nats.go@v1.41.1/jetstream/pull.go:955 +0x91
created by github.com/nats-io/nats.go/jetstream.(*pullConsumer).Messages in goroutine 10974
	/Users/jace/go/pkg/mod/github.com/nats-io/nats.go@v1.41.1/jetstream/pull.go:534 +0x748

goroutine 10929 [select, 2 minutes]:
github.com/nats-io/nats.go/jetstream.(*pullSubscription).Next(0xc001110630)
	/Users/jace/go/pkg/mod/github.com/nats-io/nats.go@v1.41.1/jetstream/pull.go:589 +0x285
github.com/Black-And-White-Club/frolf-bot-shared/eventbus.(*eventBus).Subscribe.func1()
	/Users/jace/Documents/GitHub/frolf-bot-shared/eventbus/eventbus.go:326 +0x169
created by github.com/Black-And-White-Club/frolf-bot-shared/eventbus.(*eventBus).Subscribe in goroutine 10974
	/Users/jace/Documents/GitHub/frolf-bot-shared/eventbus/eventbus.go:315 +0xbf1

goroutine 11026 [chan receive, 2 minutes]:
github.com/ThreeDotsLabs/watermill/message.(*messageTransformSubscriberDecorator).Subscribe.func1()
	/Users/jace/go/pkg/mod/github.com/!three!dots!labs/watermill@v1.4.6/message/decorator.go:52 +0x85
created by github.com/ThreeDotsLabs/watermill/message.(*messageTransformSubscriberDecorator).Subscribe in goroutine 10974
	/Users/jace/go/pkg/mod/github.com/!three!dots!labs/watermill@v1.4.6/message/decorator.go:51 +0xc7

goroutine 11027 [chan receive, 2 minutes]:
github.com/ThreeDotsLabs/watermill/message.(*handler).run(0xc000593930, {0x1083d4720, 0xc000154820}, {0xc00118a780, 0x6, 0x4?})
	/Users/jace/go/pkg/mod/github.com/!three!dots!labs/watermill@v1.4.6/message/router.go:645 +0x2b4
github.com/ThreeDotsLabs/watermill/message.(*Router).RunHandlers.func1()
	/Users/jace/go/pkg/mod/github.com/!three!dots!labs/watermill@v1.4.6/message/router.go:460 +0x145
created by github.com/ThreeDotsLabs/watermill/message.(*Router).RunHandlers in goroutine 10974
	/Users/jace/go/pkg/mod/github.com/!three!dots!labs/watermill@v1.4.6/message/router.go:453 +0x606

goroutine 21903 [select]:
github.com/nats-io/nats.go/jetstream.(*pullConsumer).Messages.func2()
	/Users/jace/go/pkg/mod/github.com/nats-io/nats.go@v1.41.1/jetstream/pull.go:538 +0x68
created by github.com/nats-io/nats.go/jetstream.(*pullConsumer).Messages in goroutine 21873
	/Users/jace/go/pkg/mod/github.com/nats-io/nats.go@v1.41.1/jetstream/pull.go:536 +0x78a

goroutine 14502 [sync.Cond.Wait, 1 minutes]:
sync.runtime_notifyListWait(0xc0009e0510, 0x0)
	/usr/local/Cellar/go/1.24.2/libexec/src/runtime/sema.go:597 +0x159
sync.(*Cond).Wait(0xc00111c2a0?)
	/usr/local/Cellar/go/1.24.2/libexec/src/sync/cond.go:71 +0x85
github.com/nats-io/nats%2ego.(*asyncCallbacksHandler).asyncCBDispatcher(0xc0013903e0)
	/Users/jace/go/pkg/mod/github.com/nats-io/nats.go@v1.41.1/nats.go:3059 +0xdd
created by github.com/nats-io/nats%2ego.Options.Connect in goroutine 13837
	/Users/jace/go/pkg/mod/github.com/nats-io/nats.go@v1.41.1/nats.go:1635 +0x387

goroutine 11015 [select, 2 minutes]:
github.com/nats-io/nats.go/jetstream.(*pullSubscription).pullMessages(0xc000c26cf0, {0xc00051c720, 0x55})
	/Users/jace/go/pkg/mod/github.com/nats-io/nats.go@v1.41.1/jetstream/pull.go:955 +0x91
created by github.com/nats-io/nats.go/jetstream.(*pullConsumer).Messages in goroutine 10974
	/Users/jace/go/pkg/mod/github.com/nats-io/nats.go@v1.41.1/jetstream/pull.go:534 +0x748

goroutine 11016 [select, 2 minutes]:
github.com/nats-io/nats.go/jetstream.(*pullConsumer).Messages.func2()
	/Users/jace/go/pkg/mod/github.com/nats-io/nats.go@v1.41.1/jetstream/pull.go:538 +0x68
created by github.com/nats-io/nats.go/jetstream.(*pullConsumer).Messages in goroutine 10974
	/Users/jace/go/pkg/mod/github.com/nats-io/nats.go@v1.41.1/jetstream/pull.go:536 +0x78a

goroutine 11017 [select, 2 minutes]:
github.com/nats-io/nats.go/jetstream.(*pullSubscription).Next(0xc000c26cf0)
	/Users/jace/go/pkg/mod/github.com/nats-io/nats.go@v1.41.1/jetstream/pull.go:589 +0x285
github.com/Black-And-White-Club/frolf-bot-shared/eventbus.(*eventBus).Subscribe.func1()
	/Users/jace/Documents/GitHub/frolf-bot-shared/eventbus/eventbus.go:326 +0x169
created by github.com/Black-And-White-Club/frolf-bot-shared/eventbus.(*eventBus).Subscribe in goroutine 10974
	/Users/jace/Documents/GitHub/frolf-bot-shared/eventbus/eventbus.go:315 +0xbf1

goroutine 11018 [chan receive, 2 minutes]:
github.com/ThreeDotsLabs/watermill/message.(*messageTransformSubscriberDecorator).Subscribe.func1()
	/Users/jace/go/pkg/mod/github.com/!three!dots!labs/watermill@v1.4.6/message/decorator.go:52 +0x85
created by github.com/ThreeDotsLabs/watermill/message.(*messageTransformSubscriberDecorator).Subscribe in goroutine 10974
	/Users/jace/go/pkg/mod/github.com/!three!dots!labs/watermill@v1.4.6/message/decorator.go:51 +0xc7

goroutine 11019 [chan receive, 2 minutes]:
github.com/ThreeDotsLabs/watermill/message.(*handler).run(0xc000593ba0, {0x1083d4720, 0xc00112ae10}, {0xc00118a840, 0x6, 0x0?})
	/Users/jace/go/pkg/mod/github.com/!three!dots!labs/watermill@v1.4.6/message/router.go:645 +0x2b4
github.com/ThreeDotsLabs/watermill/message.(*Router).RunHandlers.func1()
	/Users/jace/go/pkg/mod/github.com/!three!dots!labs/watermill@v1.4.6/message/router.go:460 +0x145
created by github.com/ThreeDotsLabs/watermill/message.(*Router).RunHandlers in goroutine 10974
	/Users/jace/go/pkg/mod/github.com/!three!dots!labs/watermill@v1.4.6/message/router.go:453 +0x606

goroutine 12697 [chan receive, 2 minutes]:
github.com/ThreeDotsLabs/watermill/message.(*handler).run(0xc000d9fe10, {0x1083d4720, 0xc000b56230}, {0xc0009960c0, 0x6, 0x0?})
	/Users/jace/go/pkg/mod/github.com/!three!dots!labs/watermill@v1.4.6/message/router.go:645 +0x2b4
github.com/ThreeDotsLabs/watermill/message.(*Router).RunHandlers.func1()
	/Users/jace/go/pkg/mod/github.com/!three!dots!labs/watermill@v1.4.6/message/router.go:460 +0x145
created by github.com/ThreeDotsLabs/watermill/message.(*Router).RunHandlers in goroutine 12685
	/Users/jace/go/pkg/mod/github.com/!three!dots!labs/watermill@v1.4.6/message/router.go:453 +0x606

goroutine 10655 [select, 2 minutes]:
github.com/nats-io/nats.go/jetstream.(*pullConsumer).Messages.func2()
	/Users/jace/go/pkg/mod/github.com/nats-io/nats.go@v1.41.1/jetstream/pull.go:538 +0x68
created by github.com/nats-io/nats.go/jetstream.(*pullConsumer).Messages in goroutine 10974
	/Users/jace/go/pkg/mod/github.com/nats-io/nats.go@v1.41.1/jetstream/pull.go:536 +0x78a

goroutine 10656 [select, 2 minutes]:
github.com/nats-io/nats.go/jetstream.(*pullSubscription).Next(0xc00095ec60)
	/Users/jace/go/pkg/mod/github.com/nats-io/nats.go@v1.41.1/jetstream/pull.go:589 +0x285
github.com/Black-And-White-Club/frolf-bot-shared/eventbus.(*eventBus).Subscribe.func1()
	/Users/jace/Documents/GitHub/frolf-bot-shared/eventbus/eventbus.go:326 +0x169
created by github.com/Black-And-White-Club/frolf-bot-shared/eventbus.(*eventBus).Subscribe in goroutine 10974
	/Users/jace/Documents/GitHub/frolf-bot-shared/eventbus/eventbus.go:315 +0xbf1

goroutine 10657 [chan receive, 2 minutes]:
github.com/ThreeDotsLabs/watermill/message.(*messageTransformSubscriberDecorator).Subscribe.func1()
	/Users/jace/go/pkg/mod/github.com/!three!dots!labs/watermill@v1.4.6/message/decorator.go:52 +0x85
created by github.com/ThreeDotsLabs/watermill/message.(*messageTransformSubscriberDecorator).Subscribe in goroutine 10974
	/Users/jace/go/pkg/mod/github.com/!three!dots!labs/watermill@v1.4.6/message/decorator.go:51 +0xc7

goroutine 11058 [chan receive, 2 minutes]:
github.com/ThreeDotsLabs/watermill/message.(*handler).run(0xc000514680, {0x1083d4720, 0xc000b26a50}, {0xc000594180, 0x6, 0x0?})
	/Users/jace/go/pkg/mod/github.com/!three!dots!labs/watermill@v1.4.6/message/router.go:645 +0x2b4
github.com/ThreeDotsLabs/watermill/message.(*Router).RunHandlers.func1()
	/Users/jace/go/pkg/mod/github.com/!three!dots!labs/watermill@v1.4.6/message/router.go:460 +0x145
created by github.com/ThreeDotsLabs/watermill/message.(*Router).RunHandlers in goroutine 10974
	/Users/jace/go/pkg/mod/github.com/!three!dots!labs/watermill@v1.4.6/message/router.go:453 +0x606

goroutine 12710 [select, 2 minutes]:
github.com/nats-io/nats.go/jetstream.(*pullConsumer).Messages.func2()
	/Users/jace/go/pkg/mod/github.com/nats-io/nats.go@v1.41.1/jetstream/pull.go:538 +0x68
created by github.com/nats-io/nats.go/jetstream.(*pullConsumer).Messages in goroutine 12685
	/Users/jace/go/pkg/mod/github.com/nats-io/nats.go@v1.41.1/jetstream/pull.go:536 +0x78a

goroutine 11806 [select, 2 minutes]:
github.com/nats-io/nats.go/jetstream.(*pullSubscription).Next(0xc0006a7200)
	/Users/jace/go/pkg/mod/github.com/nats-io/nats.go@v1.41.1/jetstream/pull.go:589 +0x285
github.com/Black-And-White-Club/frolf-bot-shared/eventbus.(*eventBus).Subscribe.func1()
	/Users/jace/Documents/GitHub/frolf-bot-shared/eventbus/eventbus.go:326 +0x169
created by github.com/Black-And-White-Club/frolf-bot-shared/eventbus.(*eventBus).Subscribe in goroutine 11802
	/Users/jace/Documents/GitHub/frolf-bot-shared/eventbus/eventbus.go:315 +0xbf1

goroutine 11805 [select, 2 minutes]:
github.com/nats-io/nats.go/jetstream.(*pullConsumer).Messages.func2()
	/Users/jace/go/pkg/mod/github.com/nats-io/nats.go@v1.41.1/jetstream/pull.go:538 +0x68
created by github.com/nats-io/nats.go/jetstream.(*pullConsumer).Messages in goroutine 11802
	/Users/jace/go/pkg/mod/github.com/nats-io/nats.go@v1.41.1/jetstream/pull.go:536 +0x78a

goroutine 11804 [select, 2 minutes]:
github.com/nats-io/nats.go/jetstream.(*pullSubscription).pullMessages(0xc0006a7200, {0xc000ab4600, 0x55})
	/Users/jace/go/pkg/mod/github.com/nats-io/nats.go@v1.41.1/jetstream/pull.go:955 +0x91
created by github.com/nats-io/nats.go/jetstream.(*pullConsumer).Messages in goroutine 11802
	/Users/jace/go/pkg/mod/github.com/nats-io/nats.go@v1.41.1/jetstream/pull.go:534 +0x748

goroutine 11817 [sync.Cond.Wait, 2 minutes]:
sync.runtime_notifyListWait(0xc00078a8d0, 0x0)
	/usr/local/Cellar/go/1.24.2/libexec/src/runtime/sema.go:597 +0x159
sync.(*Cond).Wait(0xc001109570?)
	/usr/local/Cellar/go/1.24.2/libexec/src/sync/cond.go:71 +0x85
github.com/nats-io/nats%2ego.(*asyncCallbacksHandler).asyncCBDispatcher(0xc000d11980)
	/Users/jace/go/pkg/mod/github.com/nats-io/nats.go@v1.41.1/nats.go:3059 +0xdd
created by github.com/nats-io/nats%2ego.Options.Connect in goroutine 11174
	/Users/jace/go/pkg/mod/github.com/nats-io/nats.go@v1.41.1/nats.go:1635 +0x387

goroutine 11117 [select]:
github.com/nats-io/nats%2ego.(*Conn).doReconnect(0xc00059d808, {0x1083c48c8, 0x108d63970}, 0x0)
	/Users/jace/go/pkg/mod/github.com/nats-io/nats.go@v1.41.1/nats.go:2907 +0x41a
created by github.com/nats-io/nats%2ego.(*Conn).processOpErr in goroutine 10985
	/Users/jace/go/pkg/mod/github.com/nats-io/nats.go@v1.41.1/nats.go:3043 +0x2f3

goroutine 16446 [select]:
github.com/nats-io/nats%2ego.(*Conn).doReconnect(0xc000cfa008, {0x1083c48c8, 0x108d63970}, 0x0)
	/Users/jace/go/pkg/mod/github.com/nats-io/nats.go@v1.41.1/nats.go:2907 +0x41a
created by github.com/nats-io/nats%2ego.(*Conn).processOpErr in goroutine 16431
	/Users/jace/go/pkg/mod/github.com/nats-io/nats.go@v1.41.1/nats.go:3043 +0x2f3

goroutine 16488 [select, 1 minutes]:
github.com/nats-io/nats.go/jetstream.(*pullSubscription).pullMessages(0xc000cf3dd0, {0xc001396d20, 0x63})
	/Users/jace/go/pkg/mod/github.com/nats-io/nats.go@v1.41.1/jetstream/pull.go:955 +0x91
created by github.com/nats-io/nats.go/jetstream.(*pullConsumer).Messages in goroutine 16469
	/Users/jace/go/pkg/mod/github.com/nats-io/nats.go@v1.41.1/jetstream/pull.go:534 +0x748

goroutine 15565 [select, 1 minutes]:
github.com/nats-io/nats.go/jetstream.(*pullConsumer).Messages.func2()
	/Users/jace/go/pkg/mod/github.com/nats-io/nats.go@v1.41.1/jetstream/pull.go:538 +0x68
created by github.com/nats-io/nats.go/jetstream.(*pullConsumer).Messages in goroutine 15577
	/Users/jace/go/pkg/mod/github.com/nats-io/nats.go@v1.41.1/jetstream/pull.go:536 +0x78a

goroutine 11073 [sync.Cond.Wait, 2 minutes]:
sync.runtime_notifyListWait(0xc000142b10, 0x2)
	/usr/local/Cellar/go/1.24.2/libexec/src/runtime/sema.go:597 +0x159
sync.(*Cond).Wait(0xc001201870?)
	/usr/local/Cellar/go/1.24.2/libexec/src/sync/cond.go:71 +0x85
github.com/nats-io/nats%2ego.(*Conn).waitForMsgs(0xc0003a9108, 0xc000fbc2d0)
	/Users/jace/go/pkg/mod/github.com/nats-io/nats.go@v1.41.1/nats.go:3178 +0xc5
created by github.com/nats-io/nats%2ego.(*Conn).subscribeLocked in goroutine 10316
	/Users/jace/go/pkg/mod/github.com/nats-io/nats.go@v1.41.1/nats.go:4468 +0x419

goroutine 11090 [sync.WaitGroup.Wait, 2 minutes]:
sync.runtime_SemacquireWaitGroup(0x1083d4718?)
	/usr/local/Cellar/go/1.24.2/libexec/src/runtime/sema.go:110 +0x25
sync.(*WaitGroup).Wait(0xc0011a87d0?)
	/usr/local/Cellar/go/1.24.2/libexec/src/sync/waitgroup.go:118 +0x48
github.com/ThreeDotsLabs/watermill/message.(*Router).waitForHandlers.func1()
	/Users/jace/go/pkg/mod/github.com/!three!dots!labs/watermill@v1.4.6/message/router.go:579 +0x4b
created by github.com/ThreeDotsLabs/watermill/message.(*Router).waitForHandlers in goroutine 10316
	/Users/jace/go/pkg/mod/github.com/!three!dots!labs/watermill@v1.4.6/message/router.go:577 +0x87

goroutine 11836 [chan receive, 2 minutes]:
github.com/ThreeDotsLabs/watermill/message.(*messageTransformSubscriberDecorator).Subscribe.func1()
	/Users/jace/go/pkg/mod/github.com/!three!dots!labs/watermill@v1.4.6/message/decorator.go:52 +0x85
created by github.com/ThreeDotsLabs/watermill/message.(*messageTransformSubscriberDecorator).Subscribe in goroutine 11802
	/Users/jace/go/pkg/mod/github.com/!three!dots!labs/watermill@v1.4.6/message/decorator.go:51 +0xc7

goroutine 11092 [sync.WaitGroup.Wait, 2 minutes]:
sync.runtime_SemacquireWaitGroup(0x53757043222c2222?)
	/usr/local/Cellar/go/1.24.2/libexec/src/runtime/sema.go:110 +0x25
sync.(*WaitGroup).Wait(0x353a22737570436f?)
	/usr/local/Cellar/go/1.24.2/libexec/src/sync/waitgroup.go:118 +0x48
github.com/ThreeDotsLabs/watermill/pubsub/sync.WaitGroupTimeout.func1()
	/Users/jace/go/pkg/mod/github.com/!three!dots!labs/watermill@v1.4.6/pubsub/sync/waitgroup.go:13 +0x25
created by github.com/ThreeDotsLabs/watermill/pubsub/sync.WaitGroupTimeout in goroutine 10316
	/Users/jace/go/pkg/mod/github.com/!three!dots!labs/watermill@v1.4.6/pubsub/sync/waitgroup.go:12 +0x85

goroutine 11834 [select, 2 minutes]:
github.com/nats-io/nats.go/jetstream.(*pullConsumer).Messages.func2()
	/Users/jace/go/pkg/mod/github.com/nats-io/nats.go@v1.41.1/jetstream/pull.go:538 +0x68
created by github.com/nats-io/nats.go/jetstream.(*pullConsumer).Messages in goroutine 11802
	/Users/jace/go/pkg/mod/github.com/nats-io/nats.go@v1.41.1/jetstream/pull.go:536 +0x78a

goroutine 11820 [select, 2 minutes]:
github.com/nats-io/nats.go/jetstream.(*pullSubscription).Next(0xc000c71560)
	/Users/jace/go/pkg/mod/github.com/nats-io/nats.go@v1.41.1/jetstream/pull.go:589 +0x285
github.com/Black-And-White-Club/frolf-bot-shared/eventbus.(*eventBus).Subscribe.func1()
	/Users/jace/Documents/GitHub/frolf-bot-shared/eventbus/eventbus.go:326 +0x169
created by github.com/Black-And-White-Club/frolf-bot-shared/eventbus.(*eventBus).Subscribe in goroutine 11802
	/Users/jace/Documents/GitHub/frolf-bot-shared/eventbus/eventbus.go:315 +0xbf1

goroutine 12687 [select, 2 minutes]:
github.com/nats-io/nats.go/jetstream.(*pullSubscription).pullMessages(0xc0010a3830, {0xc0003ea640, 0x4e})
	/Users/jace/go/pkg/mod/github.com/nats-io/nats.go@v1.41.1/jetstream/pull.go:955 +0x91
created by github.com/nats-io/nats.go/jetstream.(*pullConsumer).Messages in goroutine 12685
	/Users/jace/go/pkg/mod/github.com/nats-io/nats.go@v1.41.1/jetstream/pull.go:534 +0x748

goroutine 14490 [chan receive, 1 minutes]:
github.com/ThreeDotsLabs/watermill/message.(*messageTransformSubscriberDecorator).Subscribe.func1()
	/Users/jace/go/pkg/mod/github.com/!three!dots!labs/watermill@v1.4.6/message/decorator.go:52 +0x85
created by github.com/ThreeDotsLabs/watermill/message.(*messageTransformSubscriberDecorator).Subscribe in goroutine 14472
	/Users/jace/go/pkg/mod/github.com/!three!dots!labs/watermill@v1.4.6/message/decorator.go:51 +0xc7

goroutine 18594 [chan receive, 1 minutes]:
github.com/ThreeDotsLabs/watermill/message.(*handler).run(0xc000d45380, {0x1083d4720, 0xc000f9ea00}, {0xc00053cfc0, 0x6, 0x10766a837?})
	/Users/jace/go/pkg/mod/github.com/!three!dots!labs/watermill@v1.4.6/message/router.go:645 +0x2b4
github.com/ThreeDotsLabs/watermill/message.(*Router).RunHandlers.func1()
	/Users/jace/go/pkg/mod/github.com/!three!dots!labs/watermill@v1.4.6/message/router.go:460 +0x145
created by github.com/ThreeDotsLabs/watermill/message.(*Router).RunHandlers in goroutine 18555
	/Users/jace/go/pkg/mod/github.com/!three!dots!labs/watermill@v1.4.6/message/router.go:453 +0x606

goroutine 18539 [select, 1 minutes]:
github.com/nats-io/nats.go/jetstream.(*pullSubscription).pullMessages(0xc000598000, {0xc0004932c0, 0x4e})
	/Users/jace/go/pkg/mod/github.com/nats-io/nats.go@v1.41.1/jetstream/pull.go:955 +0x91
created by github.com/nats-io/nats.go/jetstream.(*pullConsumer).Messages in goroutine 18555
	/Users/jace/go/pkg/mod/github.com/nats-io/nats.go@v1.41.1/jetstream/pull.go:534 +0x748

goroutine 16492 [chan receive, 1 minutes]:
github.com/ThreeDotsLabs/watermill/message.(*handler).run(0xc001356680, {0x1083d4720, 0xc00112a640}, {0xc0012e8240, 0x6, 0xc00102ef70?})
	/Users/jace/go/pkg/mod/github.com/!three!dots!labs/watermill@v1.4.6/message/router.go:645 +0x2b4
github.com/ThreeDotsLabs/watermill/message.(*Router).RunHandlers.func1()
	/Users/jace/go/pkg/mod/github.com/!three!dots!labs/watermill@v1.4.6/message/router.go:460 +0x145
created by github.com/ThreeDotsLabs/watermill/message.(*Router).RunHandlers in goroutine 16469
	/Users/jace/go/pkg/mod/github.com/!three!dots!labs/watermill@v1.4.6/message/router.go:453 +0x606

goroutine 12696 [chan receive, 2 minutes]:
github.com/ThreeDotsLabs/watermill/message.(*messageTransformSubscriberDecorator).Subscribe.func1()
	/Users/jace/go/pkg/mod/github.com/!three!dots!labs/watermill@v1.4.6/message/decorator.go:52 +0x85
created by github.com/ThreeDotsLabs/watermill/message.(*messageTransformSubscriberDecorator).Subscribe in goroutine 12685
	/Users/jace/go/pkg/mod/github.com/!three!dots!labs/watermill@v1.4.6/message/decorator.go:51 +0xc7

goroutine 12683 [sync.Cond.Wait, 2 minutes]:
sync.runtime_notifyListWait(0xc000abfdd0, 0x0)
	/usr/local/Cellar/go/1.24.2/libexec/src/runtime/sema.go:597 +0x159
sync.(*Cond).Wait(0xc001159200?)
	/usr/local/Cellar/go/1.24.2/libexec/src/sync/cond.go:71 +0x85
github.com/nats-io/nats%2ego.(*asyncCallbacksHandler).asyncCBDispatcher(0xc000bda700)
	/Users/jace/go/pkg/mod/github.com/nats-io/nats.go@v1.41.1/nats.go:3059 +0xdd
created by github.com/nats-io/nats%2ego.Options.Connect in goroutine 12025
	/Users/jace/go/pkg/mod/github.com/nats-io/nats.go@v1.41.1/nats.go:1635 +0x387

goroutine 12823 [select]:
github.com/nats-io/nats%2ego.(*Conn).doReconnect(0xc000cfae08, {0x1083c48c8, 0x108d63970}, 0x0)
	/Users/jace/go/pkg/mod/github.com/nats-io/nats.go@v1.41.1/nats.go:2907 +0x41a
created by github.com/nats-io/nats%2ego.(*Conn).processOpErr in goroutine 12650
	/Users/jace/go/pkg/mod/github.com/nats-io/nats.go@v1.41.1/nats.go:3043 +0x2f3

goroutine 17779 [select]:
github.com/nats-io/nats%2ego.(*Conn).doReconnect(0xc0014a6e08, {0x1083c48c8, 0x108d63970}, 0x0)
	/Users/jace/go/pkg/mod/github.com/nats-io/nats.go@v1.41.1/nats.go:2907 +0x41a
created by github.com/nats-io/nats%2ego.(*Conn).processOpErr in goroutine 17574
	/Users/jace/go/pkg/mod/github.com/nats-io/nats.go@v1.41.1/nats.go:3043 +0x2f3

goroutine 6396 [select]:
github.com/nats-io/nats%2ego.(*Conn).doReconnect(0xc00072e008, {0x1083c48c8, 0x108d63970}, 0x0)
	/Users/jace/go/pkg/mod/github.com/nats-io/nats.go@v1.41.1/nats.go:2907 +0x41a
created by github.com/nats-io/nats%2ego.(*Conn).processOpErr in goroutine 11798
	/Users/jace/go/pkg/mod/github.com/nats-io/nats.go@v1.41.1/nats.go:3043 +0x2f3

goroutine 11660 [chan receive, 2 minutes]:
github.com/ThreeDotsLabs/watermill/message.(*messageTransformSubscriberDecorator).Subscribe.func1()
	/Users/jace/go/pkg/mod/github.com/!three!dots!labs/watermill@v1.4.6/message/decorator.go:52 +0x85
created by github.com/ThreeDotsLabs/watermill/message.(*messageTransformSubscriberDecorator).Subscribe in goroutine 11802
	/Users/jace/go/pkg/mod/github.com/!three!dots!labs/watermill@v1.4.6/message/decorator.go:51 +0xc7

goroutine 11659 [select, 2 minutes]:
github.com/nats-io/nats.go/jetstream.(*pullSubscription).Next(0xc00095e480)
	/Users/jace/go/pkg/mod/github.com/nats-io/nats.go@v1.41.1/jetstream/pull.go:589 +0x285
github.com/Black-And-White-Club/frolf-bot-shared/eventbus.(*eventBus).Subscribe.func1()
	/Users/jace/Documents/GitHub/frolf-bot-shared/eventbus/eventbus.go:326 +0x169
created by github.com/Black-And-White-Club/frolf-bot-shared/eventbus.(*eventBus).Subscribe in goroutine 11802
	/Users/jace/Documents/GitHub/frolf-bot-shared/eventbus/eventbus.go:315 +0xbf1

goroutine 12709 [select, 2 minutes]:
github.com/nats-io/nats.go/jetstream.(*pullSubscription).pullMessages(0xc000c263f0, {0xc00004d080, 0x5b})
	/Users/jace/go/pkg/mod/github.com/nats-io/nats.go@v1.41.1/jetstream/pull.go:955 +0x91
created by github.com/nats-io/nats.go/jetstream.(*pullConsumer).Messages in goroutine 12685
	/Users/jace/go/pkg/mod/github.com/nats-io/nats.go@v1.41.1/jetstream/pull.go:534 +0x748

goroutine 12625 [select, 2 minutes]:
github.com/nats-io/nats.go/jetstream.(*pullSubscription).pullMessages(0xc000ae1950, {0xc0010d2770, 0x61})
	/Users/jace/go/pkg/mod/github.com/nats-io/nats.go@v1.41.1/jetstream/pull.go:955 +0x91
created by github.com/nats-io/nats.go/jetstream.(*pullConsumer).Messages in goroutine 12685
	/Users/jace/go/pkg/mod/github.com/nats-io/nats.go@v1.41.1/jetstream/pull.go:534 +0x748

goroutine 11661 [chan receive, 2 minutes]:
github.com/ThreeDotsLabs/watermill/message.(*handler).run(0xc000c5d6c0, {0x1083d4720, 0xc000f9e730}, {0xc00081a000, 0x6, 0xc000fda770?})
	/Users/jace/go/pkg/mod/github.com/!three!dots!labs/watermill@v1.4.6/message/router.go:645 +0x2b4
github.com/ThreeDotsLabs/watermill/message.(*Router).RunHandlers.func1()
	/Users/jace/go/pkg/mod/github.com/!three!dots!labs/watermill@v1.4.6/message/router.go:460 +0x145
created by github.com/ThreeDotsLabs/watermill/message.(*Router).RunHandlers in goroutine 11802
	/Users/jace/go/pkg/mod/github.com/!three!dots!labs/watermill@v1.4.6/message/router.go:453 +0x606

goroutine 13683 [chan receive, 1 minutes]:
github.com/ThreeDotsLabs/watermill/message.(*handler).run(0xc000d9eea0, {0x1083d4720, 0xc0001b2aa0}, {0xc001378240, 0x6, 0x4?})
	/Users/jace/go/pkg/mod/github.com/!three!dots!labs/watermill@v1.4.6/message/router.go:645 +0x2b4
github.com/ThreeDotsLabs/watermill/message.(*Router).RunHandlers.func1()
	/Users/jace/go/pkg/mod/github.com/!three!dots!labs/watermill@v1.4.6/message/router.go:460 +0x145
created by github.com/ThreeDotsLabs/watermill/message.(*Router).RunHandlers in goroutine 13643
	/Users/jace/go/pkg/mod/github.com/!three!dots!labs/watermill@v1.4.6/message/router.go:453 +0x606

goroutine 11821 [chan receive, 2 minutes]:
github.com/ThreeDotsLabs/watermill/message.(*messageTransformSubscriberDecorator).Subscribe.func1()
	/Users/jace/go/pkg/mod/github.com/!three!dots!labs/watermill@v1.4.6/message/decorator.go:52 +0x85
created by github.com/ThreeDotsLabs/watermill/message.(*messageTransformSubscriberDecorator).Subscribe in goroutine 11802
	/Users/jace/go/pkg/mod/github.com/!three!dots!labs/watermill@v1.4.6/message/decorator.go:51 +0xc7

goroutine 11657 [select, 2 minutes]:
github.com/nats-io/nats.go/jetstream.(*pullSubscription).pullMessages(0xc00095e480, {0xc0009c60e0, 0x61})
	/Users/jace/go/pkg/mod/github.com/nats-io/nats.go@v1.41.1/jetstream/pull.go:955 +0x91
created by github.com/nats-io/nats.go/jetstream.(*pullConsumer).Messages in goroutine 11802
	/Users/jace/go/pkg/mod/github.com/nats-io/nats.go@v1.41.1/jetstream/pull.go:534 +0x748

goroutine 11658 [select, 2 minutes]:
github.com/nats-io/nats.go/jetstream.(*pullConsumer).Messages.func2()
	/Users/jace/go/pkg/mod/github.com/nats-io/nats.go@v1.41.1/jetstream/pull.go:538 +0x68
created by github.com/nats-io/nats.go/jetstream.(*pullConsumer).Messages in goroutine 11802
	/Users/jace/go/pkg/mod/github.com/nats-io/nats.go@v1.41.1/jetstream/pull.go:536 +0x78a

goroutine 24143 [chan receive]:
github.com/ThreeDotsLabs/watermill/message.(*handler).run(0xc000b129c0, {0x1083d4720, 0xc0002e7b30}, {0xc0012a1c80, 0x6, 0x4?})
	/Users/jace/go/pkg/mod/github.com/!three!dots!labs/watermill@v1.4.6/message/router.go:645 +0x2b4
github.com/ThreeDotsLabs/watermill/message.(*Router).RunHandlers.func1()
	/Users/jace/go/pkg/mod/github.com/!three!dots!labs/watermill@v1.4.6/message/router.go:460 +0x145
created by github.com/ThreeDotsLabs/watermill/message.(*Router).RunHandlers in goroutine 24274
	/Users/jace/go/pkg/mod/github.com/!three!dots!labs/watermill@v1.4.6/message/router.go:453 +0x606

goroutine 24221 [select]:
github.com/nats-io/nats.go/jetstream.(*pullSubscription).pullMessages(0xc000db8b40, {0xc000cc8e40, 0x53})
	/Users/jace/go/pkg/mod/github.com/nats-io/nats.go@v1.41.1/jetstream/pull.go:955 +0x91
created by github.com/nats-io/nats.go/jetstream.(*pullConsumer).Messages in goroutine 24274
	/Users/jace/go/pkg/mod/github.com/nats-io/nats.go@v1.41.1/jetstream/pull.go:534 +0x748

goroutine 11833 [select, 2 minutes]:
github.com/nats-io/nats.go/jetstream.(*pullSubscription).pullMessages(0xc000ae0fc0, {0xc00043f440, 0x60})
	/Users/jace/go/pkg/mod/github.com/nats-io/nats.go@v1.41.1/jetstream/pull.go:955 +0x91
created by github.com/nats-io/nats.go/jetstream.(*pullConsumer).Messages in goroutine 11802
	/Users/jace/go/pkg/mod/github.com/nats-io/nats.go@v1.41.1/jetstream/pull.go:534 +0x748

goroutine 11777 [sync.Cond.Wait, 2 minutes]:
sync.runtime_notifyListWait(0xc000a06890, 0x0)
	/usr/local/Cellar/go/1.24.2/libexec/src/runtime/sema.go:597 +0x159
sync.(*Cond).Wait(0x0?)
	/usr/local/Cellar/go/1.24.2/libexec/src/sync/cond.go:71 +0x85
github.com/nats-io/nats%2ego.(*asyncCallbacksHandler).asyncCBDispatcher(0xc0010a86a0)
	/Users/jace/go/pkg/mod/github.com/nats-io/nats.go@v1.41.1/nats.go:3059 +0xdd
created by github.com/nats-io/nats%2ego.Options.Connect in goroutine 11174
	/Users/jace/go/pkg/mod/github.com/nats-io/nats.go@v1.41.1/nats.go:1635 +0x387

goroutine 11842 [sync.Cond.Wait, 2 minutes]:
sync.runtime_notifyListWait(0xc00078ae90, 0x1c)
	/usr/local/Cellar/go/1.24.2/libexec/src/runtime/sema.go:597 +0x159
sync.(*Cond).Wait(0x0?)
	/usr/local/Cellar/go/1.24.2/libexec/src/sync/cond.go:71 +0x85
github.com/nats-io/nats%2ego.(*Conn).waitForMsgs(0xc000cfa708, 0xc000fbc4b0)
	/Users/jace/go/pkg/mod/github.com/nats-io/nats.go@v1.41.1/nats.go:3178 +0xc5
created by github.com/nats-io/nats%2ego.(*Conn).subscribeLocked in goroutine 11174
	/Users/jace/go/pkg/mod/github.com/nats-io/nats.go@v1.41.1/nats.go:4468 +0x419

goroutine 11807 [chan receive, 2 minutes]:
github.com/ThreeDotsLabs/watermill/message.(*messageTransformSubscriberDecorator).Subscribe.func1()
	/Users/jace/go/pkg/mod/github.com/!three!dots!labs/watermill@v1.4.6/message/decorator.go:52 +0x85
created by github.com/ThreeDotsLabs/watermill/message.(*messageTransformSubscriberDecorator).Subscribe in goroutine 11802
	/Users/jace/go/pkg/mod/github.com/!three!dots!labs/watermill@v1.4.6/message/decorator.go:51 +0xc7

goroutine 11808 [chan receive, 2 minutes]:
github.com/ThreeDotsLabs/watermill/message.(*handler).run(0xc000c5d1e0, {0x1083d4720, 0xc0001b3400}, {0xc000e67c80, 0x6, 0x10766a7ac?})
	/Users/jace/go/pkg/mod/github.com/!three!dots!labs/watermill@v1.4.6/message/router.go:645 +0x2b4
github.com/ThreeDotsLabs/watermill/message.(*Router).RunHandlers.func1()
	/Users/jace/go/pkg/mod/github.com/!three!dots!labs/watermill@v1.4.6/message/router.go:460 +0x145
created by github.com/ThreeDotsLabs/watermill/message.(*Router).RunHandlers in goroutine 11802
	/Users/jace/go/pkg/mod/github.com/!three!dots!labs/watermill@v1.4.6/message/router.go:453 +0x606

goroutine 16556 [sync.WaitGroup.Wait, 1 minutes]:
sync.runtime_SemacquireWaitGroup(0xc00150e8c0?)
	/usr/local/Cellar/go/1.24.2/libexec/src/runtime/sema.go:110 +0x25
sync.(*WaitGroup).Wait(0x10726d452?)
	/usr/local/Cellar/go/1.24.2/libexec/src/sync/waitgroup.go:118 +0x48
github.com/ThreeDotsLabs/watermill/pubsub/sync.WaitGroupTimeout.func1()
	/Users/jace/go/pkg/mod/github.com/!three!dots!labs/watermill@v1.4.6/pubsub/sync/waitgroup.go:13 +0x25
created by github.com/ThreeDotsLabs/watermill/pubsub/sync.WaitGroupTimeout in goroutine 15814
	/Users/jace/go/pkg/mod/github.com/!three!dots!labs/watermill@v1.4.6/pubsub/sync/waitgroup.go:12 +0x85

goroutine 11809 [select, 2 minutes]:
github.com/nats-io/nats.go/jetstream.(*pullSubscription).pullMessages(0xc0006a7680, {0xc0003ea230, 0x4e})
	/Users/jace/go/pkg/mod/github.com/nats-io/nats.go@v1.41.1/jetstream/pull.go:955 +0x91
created by github.com/nats-io/nats.go/jetstream.(*pullConsumer).Messages in goroutine 11802
	/Users/jace/go/pkg/mod/github.com/nats-io/nats.go@v1.41.1/jetstream/pull.go:534 +0x748

goroutine 11858 [select, 2 minutes]:
github.com/nats-io/nats.go/jetstream.(*pullConsumer).Messages.func2()
	/Users/jace/go/pkg/mod/github.com/nats-io/nats.go@v1.41.1/jetstream/pull.go:538 +0x68
created by github.com/nats-io/nats.go/jetstream.(*pullConsumer).Messages in goroutine 11802
	/Users/jace/go/pkg/mod/github.com/nats-io/nats.go@v1.41.1/jetstream/pull.go:536 +0x78a

goroutine 11859 [select, 2 minutes]:
github.com/nats-io/nats.go/jetstream.(*pullSubscription).Next(0xc0006a7680)
	/Users/jace/go/pkg/mod/github.com/nats-io/nats.go@v1.41.1/jetstream/pull.go:589 +0x285
github.com/Black-And-White-Club/frolf-bot-shared/eventbus.(*eventBus).Subscribe.func1()
	/Users/jace/Documents/GitHub/frolf-bot-shared/eventbus/eventbus.go:326 +0x169
created by github.com/Black-And-White-Club/frolf-bot-shared/eventbus.(*eventBus).Subscribe in goroutine 11802
	/Users/jace/Documents/GitHub/frolf-bot-shared/eventbus/eventbus.go:315 +0xbf1

goroutine 11860 [chan receive, 2 minutes]:
github.com/ThreeDotsLabs/watermill/message.(*messageTransformSubscriberDecorator).Subscribe.func1()
	/Users/jace/go/pkg/mod/github.com/!three!dots!labs/watermill@v1.4.6/message/decorator.go:52 +0x85
created by github.com/ThreeDotsLabs/watermill/message.(*messageTransformSubscriberDecorator).Subscribe in goroutine 11802
	/Users/jace/go/pkg/mod/github.com/!three!dots!labs/watermill@v1.4.6/message/decorator.go:51 +0xc7

goroutine 11861 [chan receive, 2 minutes]:
github.com/ThreeDotsLabs/watermill/message.(*handler).run(0xc000c5d380, {0x1083d4720, 0xc0001b3590}, {0xc00111c900, 0x6, 0x0?})
	/Users/jace/go/pkg/mod/github.com/!three!dots!labs/watermill@v1.4.6/message/router.go:645 +0x2b4
github.com/ThreeDotsLabs/watermill/message.(*Router).RunHandlers.func1()
	/Users/jace/go/pkg/mod/github.com/!three!dots!labs/watermill@v1.4.6/message/router.go:460 +0x145
created by github.com/ThreeDotsLabs/watermill/message.(*Router).RunHandlers in goroutine 11802
	/Users/jace/go/pkg/mod/github.com/!three!dots!labs/watermill@v1.4.6/message/router.go:453 +0x606

goroutine 12673 [chan receive, 2 minutes]:
github.com/ThreeDotsLabs/watermill/message.(*messageTransformSubscriberDecorator).Subscribe.func1()
	/Users/jace/go/pkg/mod/github.com/!three!dots!labs/watermill@v1.4.6/message/decorator.go:52 +0x85
created by github.com/ThreeDotsLabs/watermill/message.(*messageTransformSubscriberDecorator).Subscribe in goroutine 12685
	/Users/jace/go/pkg/mod/github.com/!three!dots!labs/watermill@v1.4.6/message/decorator.go:51 +0xc7

goroutine 14491 [chan receive, 1 minutes]:
github.com/ThreeDotsLabs/watermill/message.(*handler).run(0xc001115ad0, {0x1083d4720, 0xc0010c11d0}, {0xc000169440, 0x6, 0xc000d8f778?})
	/Users/jace/go/pkg/mod/github.com/!three!dots!labs/watermill@v1.4.6/message/router.go:645 +0x2b4
github.com/ThreeDotsLabs/watermill/message.(*Router).RunHandlers.func1()
	/Users/jace/go/pkg/mod/github.com/!three!dots!labs/watermill@v1.4.6/message/router.go:460 +0x145
created by github.com/ThreeDotsLabs/watermill/message.(*Router).RunHandlers in goroutine 14472
	/Users/jace/go/pkg/mod/github.com/!three!dots!labs/watermill@v1.4.6/message/router.go:453 +0x606

goroutine 11822 [chan receive, 2 minutes]:
github.com/ThreeDotsLabs/watermill/message.(*handler).run(0xc000c5d5f0, {0x1083d4720, 0xc000b57b30}, {0xc000168a80, 0x6, 0xc000cd2778?})
	/Users/jace/go/pkg/mod/github.com/!three!dots!labs/watermill@v1.4.6/message/router.go:645 +0x2b4
github.com/ThreeDotsLabs/watermill/message.(*Router).RunHandlers.func1()
	/Users/jace/go/pkg/mod/github.com/!three!dots!labs/watermill@v1.4.6/message/router.go:460 +0x145
created by github.com/ThreeDotsLabs/watermill/message.(*Router).RunHandlers in goroutine 11802
	/Users/jace/go/pkg/mod/github.com/!three!dots!labs/watermill@v1.4.6/message/router.go:453 +0x606

goroutine 16554 [sync.WaitGroup.Wait, 1 minutes]:
sync.runtime_SemacquireWaitGroup(0x1083d4790?)
	/usr/local/Cellar/go/1.24.2/libexec/src/runtime/sema.go:110 +0x25
sync.(*WaitGroup).Wait(0xc000fddfd0?)
	/usr/local/Cellar/go/1.24.2/libexec/src/sync/waitgroup.go:118 +0x48
github.com/ThreeDotsLabs/watermill/message.(*Router).waitForHandlers.func1()
	/Users/jace/go/pkg/mod/github.com/!three!dots!labs/watermill@v1.4.6/message/router.go:579 +0x4b
created by github.com/ThreeDotsLabs/watermill/message.(*Router).waitForHandlers in goroutine 15814
	/Users/jace/go/pkg/mod/github.com/!three!dots!labs/watermill@v1.4.6/message/router.go:577 +0x87

goroutine 11879 [chan receive, 2 minutes]:
github.com/ThreeDotsLabs/watermill/message.(*messageTransformSubscriberDecorator).Subscribe.func1()
	/Users/jace/go/pkg/mod/github.com/!three!dots!labs/watermill@v1.4.6/message/decorator.go:52 +0x85
created by github.com/ThreeDotsLabs/watermill/message.(*messageTransformSubscriberDecorator).Subscribe in goroutine 11802
	/Users/jace/go/pkg/mod/github.com/!three!dots!labs/watermill@v1.4.6/message/decorator.go:51 +0xc7

goroutine 11880 [chan receive, 2 minutes]:
github.com/ThreeDotsLabs/watermill/message.(*handler).run(0xc000c5d860, {0x1083d4720, 0xc000b57d60}, {0xc000168b40, 0x6, 0x100000001?})
	/Users/jace/go/pkg/mod/github.com/!three!dots!labs/watermill@v1.4.6/message/router.go:645 +0x2b4
github.com/ThreeDotsLabs/watermill/message.(*Router).RunHandlers.func1()
	/Users/jace/go/pkg/mod/github.com/!three!dots!labs/watermill@v1.4.6/message/router.go:460 +0x145
created by github.com/ThreeDotsLabs/watermill/message.(*Router).RunHandlers in goroutine 11802
	/Users/jace/go/pkg/mod/github.com/!three!dots!labs/watermill@v1.4.6/message/router.go:453 +0x606

goroutine 12671 [select, 2 minutes]:
github.com/nats-io/nats.go/jetstream.(*pullConsumer).Messages.func2()
	/Users/jace/go/pkg/mod/github.com/nats-io/nats.go@v1.41.1/jetstream/pull.go:538 +0x68
created by github.com/nats-io/nats.go/jetstream.(*pullConsumer).Messages in goroutine 12685
	/Users/jace/go/pkg/mod/github.com/nats-io/nats.go@v1.41.1/jetstream/pull.go:536 +0x78a

goroutine 11881 [select, 2 minutes]:
github.com/nats-io/nats.go/jetstream.(*pullSubscription).pullMessages(0xc000c26750, {0xc00043f6e0, 0x5b})
	/Users/jace/go/pkg/mod/github.com/nats-io/nats.go@v1.41.1/jetstream/pull.go:955 +0x91
created by github.com/nats-io/nats.go/jetstream.(*pullConsumer).Messages in goroutine 11802
	/Users/jace/go/pkg/mod/github.com/nats-io/nats.go@v1.41.1/jetstream/pull.go:534 +0x748

goroutine 11882 [select, 2 minutes]:
github.com/nats-io/nats.go/jetstream.(*pullConsumer).Messages.func2()
	/Users/jace/go/pkg/mod/github.com/nats-io/nats.go@v1.41.1/jetstream/pull.go:538 +0x68
created by github.com/nats-io/nats.go/jetstream.(*pullConsumer).Messages in goroutine 11802
	/Users/jace/go/pkg/mod/github.com/nats-io/nats.go@v1.41.1/jetstream/pull.go:536 +0x78a

goroutine 11883 [select, 2 minutes]:
github.com/nats-io/nats.go/jetstream.(*pullSubscription).Next(0xc000c26750)
	/Users/jace/go/pkg/mod/github.com/nats-io/nats.go@v1.41.1/jetstream/pull.go:589 +0x285
github.com/Black-And-White-Club/frolf-bot-shared/eventbus.(*eventBus).Subscribe.func1()
	/Users/jace/Documents/GitHub/frolf-bot-shared/eventbus/eventbus.go:326 +0x169
created by github.com/Black-And-White-Club/frolf-bot-shared/eventbus.(*eventBus).Subscribe in goroutine 11802
	/Users/jace/Documents/GitHub/frolf-bot-shared/eventbus/eventbus.go:315 +0xbf1

goroutine 11884 [chan receive, 2 minutes]:
github.com/ThreeDotsLabs/watermill/message.(*messageTransformSubscriberDecorator).Subscribe.func1()
	/Users/jace/go/pkg/mod/github.com/!three!dots!labs/watermill@v1.4.6/message/decorator.go:52 +0x85
created by github.com/ThreeDotsLabs/watermill/message.(*messageTransformSubscriberDecorator).Subscribe in goroutine 11802
	/Users/jace/go/pkg/mod/github.com/!three!dots!labs/watermill@v1.4.6/message/decorator.go:51 +0xc7

goroutine 11885 [chan receive, 2 minutes]:
github.com/ThreeDotsLabs/watermill/message.(*handler).run(0xc000c5d930, {0x1083d4720, 0xc000b57ef0}, {0xc000548a80, 0x6, 0x4?})
	/Users/jace/go/pkg/mod/github.com/!three!dots!labs/watermill@v1.4.6/message/router.go:645 +0x2b4
github.com/ThreeDotsLabs/watermill/message.(*Router).RunHandlers.func1()
	/Users/jace/go/pkg/mod/github.com/!three!dots!labs/watermill@v1.4.6/message/router.go:460 +0x145
created by github.com/ThreeDotsLabs/watermill/message.(*Router).RunHandlers in goroutine 11802
	/Users/jace/go/pkg/mod/github.com/!three!dots!labs/watermill@v1.4.6/message/router.go:453 +0x606

goroutine 13655 [chan receive, 1 minutes]:
github.com/ThreeDotsLabs/watermill/message.(*messageTransformSubscriberDecorator).Subscribe.func1()
	/Users/jace/go/pkg/mod/github.com/!three!dots!labs/watermill@v1.4.6/message/decorator.go:52 +0x85
created by github.com/ThreeDotsLabs/watermill/message.(*messageTransformSubscriberDecorator).Subscribe in goroutine 13643
	/Users/jace/go/pkg/mod/github.com/!three!dots!labs/watermill@v1.4.6/message/decorator.go:51 +0xc7

goroutine 11903 [sync.WaitGroup.Wait, 2 minutes]:
sync.runtime_SemacquireWaitGroup(0x1083d4790?)
	/usr/local/Cellar/go/1.24.2/libexec/src/runtime/sema.go:110 +0x25
sync.(*WaitGroup).Wait(0xc000d347d0?)
	/usr/local/Cellar/go/1.24.2/libexec/src/sync/waitgroup.go:118 +0x48
github.com/ThreeDotsLabs/watermill/message.(*Router).waitForHandlers.func1()
	/Users/jace/go/pkg/mod/github.com/!three!dots!labs/watermill@v1.4.6/message/router.go:579 +0x4b
created by github.com/ThreeDotsLabs/watermill/message.(*Router).waitForHandlers in goroutine 11174
	/Users/jace/go/pkg/mod/github.com/!three!dots!labs/watermill@v1.4.6/message/router.go:577 +0x87

goroutine 11856 [sync.Cond.Wait, 2 minutes]:
sync.runtime_notifyListWait(0xc00078b310, 0x1)
	/usr/local/Cellar/go/1.24.2/libexec/src/runtime/sema.go:597 +0x159
sync.(*Cond).Wait(0xc0008ed410?)
	/usr/local/Cellar/go/1.24.2/libexec/src/sync/cond.go:71 +0x85
github.com/nats-io/nats%2ego.(*Conn).waitForMsgs(0xc00072e008, 0xc000fbc5a0)
	/Users/jace/go/pkg/mod/github.com/nats-io/nats.go@v1.41.1/nats.go:3178 +0xc5
created by github.com/nats-io/nats%2ego.(*Conn).subscribeLocked in goroutine 11174
	/Users/jace/go/pkg/mod/github.com/nats-io/nats.go@v1.41.1/nats.go:4468 +0x419

goroutine 12684 [sync.Cond.Wait, 2 minutes]:
sync.runtime_notifyListWait(0xc000490150, 0x1c)
	/usr/local/Cellar/go/1.24.2/libexec/src/runtime/sema.go:597 +0x159
sync.(*Cond).Wait(0xc0011225a0?)
	/usr/local/Cellar/go/1.24.2/libexec/src/sync/cond.go:71 +0x85
github.com/nats-io/nats%2ego.(*Conn).waitForMsgs(0xc000cfae08, 0xc000f12690)
	/Users/jace/go/pkg/mod/github.com/nats-io/nats.go@v1.41.1/nats.go:3178 +0xc5
created by github.com/nats-io/nats%2ego.(*Conn).subscribeLocked in goroutine 12025
	/Users/jace/go/pkg/mod/github.com/nats-io/nats.go@v1.41.1/nats.go:4468 +0x419

goroutine 12701 [select, 2 minutes]:
github.com/nats-io/nats.go/jetstream.(*pullConsumer).Messages.func2()
	/Users/jace/go/pkg/mod/github.com/nats-io/nats.go@v1.41.1/jetstream/pull.go:538 +0x68
created by github.com/nats-io/nats.go/jetstream.(*pullConsumer).Messages in goroutine 12685
	/Users/jace/go/pkg/mod/github.com/nats-io/nats.go@v1.41.1/jetstream/pull.go:536 +0x78a

goroutine 13656 [chan receive, 1 minutes]:
github.com/ThreeDotsLabs/watermill/message.(*handler).run(0xc000d9f380, {0x1083d4720, 0xc00112bb80}, {0xc001378180, 0x6, 0xc000fd6f78?})
	/Users/jace/go/pkg/mod/github.com/!three!dots!labs/watermill@v1.4.6/message/router.go:645 +0x2b4
github.com/ThreeDotsLabs/watermill/message.(*Router).RunHandlers.func1()
	/Users/jace/go/pkg/mod/github.com/!three!dots!labs/watermill@v1.4.6/message/router.go:460 +0x145
created by github.com/ThreeDotsLabs/watermill/message.(*Router).RunHandlers in goroutine 13643
	/Users/jace/go/pkg/mod/github.com/!three!dots!labs/watermill@v1.4.6/message/router.go:453 +0x606

goroutine 12704 [chan receive, 2 minutes]:
github.com/ThreeDotsLabs/watermill/message.(*handler).run(0xc000d9fc70, {0x1083d4720, 0xc0006acd20}, {0xc000822300, 0x6, 0xc000fd7778?})
	/Users/jace/go/pkg/mod/github.com/!three!dots!labs/watermill@v1.4.6/message/router.go:645 +0x2b4
github.com/ThreeDotsLabs/watermill/message.(*Router).RunHandlers.func1()
	/Users/jace/go/pkg/mod/github.com/!three!dots!labs/watermill@v1.4.6/message/router.go:460 +0x145
created by github.com/ThreeDotsLabs/watermill/message.(*Router).RunHandlers in goroutine 12685
	/Users/jace/go/pkg/mod/github.com/!three!dots!labs/watermill@v1.4.6/message/router.go:453 +0x606

goroutine 12703 [chan receive, 2 minutes]:
github.com/ThreeDotsLabs/watermill/message.(*messageTransformSubscriberDecorator).Subscribe.func1()
	/Users/jace/go/pkg/mod/github.com/!three!dots!labs/watermill@v1.4.6/message/decorator.go:52 +0x85
created by github.com/ThreeDotsLabs/watermill/message.(*messageTransformSubscriberDecorator).Subscribe in goroutine 12685
	/Users/jace/go/pkg/mod/github.com/!three!dots!labs/watermill@v1.4.6/message/decorator.go:51 +0xc7

goroutine 12702 [select, 2 minutes]:
github.com/nats-io/nats.go/jetstream.(*pullSubscription).Next(0xc000c702d0)
	/Users/jace/go/pkg/mod/github.com/nats-io/nats.go@v1.41.1/jetstream/pull.go:589 +0x285
github.com/Black-And-White-Club/frolf-bot-shared/eventbus.(*eventBus).Subscribe.func1()
	/Users/jace/Documents/GitHub/frolf-bot-shared/eventbus/eventbus.go:326 +0x169
created by github.com/Black-And-White-Club/frolf-bot-shared/eventbus.(*eventBus).Subscribe in goroutine 12685
	/Users/jace/Documents/GitHub/frolf-bot-shared/eventbus/eventbus.go:315 +0xbf1

goroutine 13733 [sync.WaitGroup.Wait, 1 minutes]:
sync.runtime_SemacquireWaitGroup(0x0?)
	/usr/local/Cellar/go/1.24.2/libexec/src/runtime/sema.go:110 +0x25
sync.(*WaitGroup).Wait(0x10726d452?)
	/usr/local/Cellar/go/1.24.2/libexec/src/sync/waitgroup.go:118 +0x48
github.com/ThreeDotsLabs/watermill/pubsub/sync.WaitGroupTimeout.func1()
	/Users/jace/go/pkg/mod/github.com/!three!dots!labs/watermill@v1.4.6/pubsub/sync/waitgroup.go:13 +0x25
created by github.com/ThreeDotsLabs/watermill/pubsub/sync.WaitGroupTimeout in goroutine 12900
	/Users/jace/go/pkg/mod/github.com/!three!dots!labs/watermill@v1.4.6/pubsub/sync/waitgroup.go:12 +0x85

goroutine 24140 [select]:
github.com/nats-io/nats.go/jetstream.(*pullConsumer).Messages.func2()
	/Users/jace/go/pkg/mod/github.com/nats-io/nats.go@v1.41.1/jetstream/pull.go:538 +0x68
created by github.com/nats-io/nats.go/jetstream.(*pullConsumer).Messages in goroutine 24274
	/Users/jace/go/pkg/mod/github.com/nats-io/nats.go@v1.41.1/jetstream/pull.go:536 +0x78a

goroutine 12693 [select, 2 minutes]:
github.com/nats-io/nats.go/jetstream.(*pullSubscription).pullMessages(0xc0010a3cb0, {0xc000cf93e0, 0x60})
	/Users/jace/go/pkg/mod/github.com/nats-io/nats.go@v1.41.1/jetstream/pull.go:955 +0x91
created by github.com/nats-io/nats.go/jetstream.(*pullConsumer).Messages in goroutine 12685
	/Users/jace/go/pkg/mod/github.com/nats-io/nats.go@v1.41.1/jetstream/pull.go:534 +0x748

goroutine 12686 [sync.WaitGroup.Wait, 2 minutes]:
sync.runtime_SemacquireWaitGroup(0xc000d317b8?)
	/usr/local/Cellar/go/1.24.2/libexec/src/runtime/sema.go:110 +0x25
sync.(*WaitGroup).Wait(0xc000353810?)
	/usr/local/Cellar/go/1.24.2/libexec/src/sync/waitgroup.go:118 +0x48
github.com/ThreeDotsLabs/watermill/message.(*Router).watchAllHandlersStopped.func1()
	/Users/jace/go/pkg/mod/github.com/!three!dots!labs/watermill@v1.4.6/message/router.go:498 +0x86
created by github.com/ThreeDotsLabs/watermill/message.(*Router).watchAllHandlersStopped in goroutine 12685
	/Users/jace/go/pkg/mod/github.com/!three!dots!labs/watermill@v1.4.6/message/router.go:484 +0xec

goroutine 12824 [select]:
github.com/nats-io/nats%2ego.(*Conn).doReconnect(0xc00072fc08, {0x1083c48c8, 0x108d63970}, 0x0)
	/Users/jace/go/pkg/mod/github.com/nats-io/nats.go@v1.41.1/nats.go:2907 +0x41a
created by github.com/nats-io/nats%2ego.(*Conn).processOpErr in goroutine 12677
	/Users/jace/go/pkg/mod/github.com/nats-io/nats.go@v1.41.1/nats.go:3043 +0x2f3

goroutine 12722 [select, 2 minutes]:
github.com/nats-io/nats.go/jetstream.(*pullConsumer).Messages.func2()
	/Users/jace/go/pkg/mod/github.com/nats-io/nats.go@v1.41.1/jetstream/pull.go:538 +0x68
created by github.com/nats-io/nats.go/jetstream.(*pullConsumer).Messages in goroutine 12685
	/Users/jace/go/pkg/mod/github.com/nats-io/nats.go@v1.41.1/jetstream/pull.go:536 +0x78a

goroutine 18614 [chan receive, 1 minutes]:
github.com/ThreeDotsLabs/watermill/message.(*handler).run(0xc000d45520, {0x1083d4720, 0xc0001b2ff0}, {0xc0017ffbc0, 0x6, 0xc001056f78?})
	/Users/jace/go/pkg/mod/github.com/!three!dots!labs/watermill@v1.4.6/message/router.go:645 +0x2b4
github.com/ThreeDotsLabs/watermill/message.(*Router).RunHandlers.func1()
	/Users/jace/go/pkg/mod/github.com/!three!dots!labs/watermill@v1.4.6/message/router.go:460 +0x145
created by github.com/ThreeDotsLabs/watermill/message.(*Router).RunHandlers in goroutine 18555
	/Users/jace/go/pkg/mod/github.com/!three!dots!labs/watermill@v1.4.6/message/router.go:453 +0x606

goroutine 14487 [select, 1 minutes]:
github.com/nats-io/nats.go/jetstream.(*pullSubscription).pullMessages(0xc000ae0cf0, {0xc000ab40c0, 0x53})
	/Users/jace/go/pkg/mod/github.com/nats-io/nats.go@v1.41.1/jetstream/pull.go:955 +0x91
created by github.com/nats-io/nats.go/jetstream.(*pullConsumer).Messages in goroutine 14472
	/Users/jace/go/pkg/mod/github.com/nats-io/nats.go@v1.41.1/jetstream/pull.go:534 +0x748

goroutine 12838 [select]:
github.com/nats-io/nats%2ego.(*Conn).doReconnect(0xc0006bfc08, {0x1083c48c8, 0x108d63970}, 0x0)
	/Users/jace/go/pkg/mod/github.com/nats-io/nats.go@v1.41.1/nats.go:2907 +0x41a
created by github.com/nats-io/nats%2ego.(*Conn).processOpErr in goroutine 12681
	/Users/jace/go/pkg/mod/github.com/nats-io/nats.go@v1.41.1/nats.go:3043 +0x2f3

goroutine 13686 [select, 1 minutes]:
github.com/nats-io/nats.go/jetstream.(*pullSubscription).Next(0xc000c70120)
	/Users/jace/go/pkg/mod/github.com/nats-io/nats.go@v1.41.1/jetstream/pull.go:589 +0x285
github.com/Black-And-White-Club/frolf-bot-shared/eventbus.(*eventBus).Subscribe.func1()
	/Users/jace/Documents/GitHub/frolf-bot-shared/eventbus/eventbus.go:326 +0x169
created by github.com/Black-And-White-Club/frolf-bot-shared/eventbus.(*eventBus).Subscribe in goroutine 13643
	/Users/jace/Documents/GitHub/frolf-bot-shared/eventbus/eventbus.go:315 +0xbf1

goroutine 13687 [chan receive, 1 minutes]:
github.com/ThreeDotsLabs/watermill/message.(*messageTransformSubscriberDecorator).Subscribe.func1()
	/Users/jace/go/pkg/mod/github.com/!three!dots!labs/watermill@v1.4.6/message/decorator.go:52 +0x85
created by github.com/ThreeDotsLabs/watermill/message.(*messageTransformSubscriberDecorator).Subscribe in goroutine 13643
	/Users/jace/go/pkg/mod/github.com/!three!dots!labs/watermill@v1.4.6/message/decorator.go:51 +0xc7

goroutine 12652 [sync.Cond.Wait, 2 minutes]:
sync.runtime_notifyListWait(0xc000928890, 0x0)
	/usr/local/Cellar/go/1.24.2/libexec/src/runtime/sema.go:597 +0x159
sync.(*Cond).Wait(0x10766a860?)
	/usr/local/Cellar/go/1.24.2/libexec/src/sync/cond.go:71 +0x85
github.com/nats-io/nats%2ego.(*asyncCallbacksHandler).asyncCBDispatcher(0xc0002f0980)
	/Users/jace/go/pkg/mod/github.com/nats-io/nats.go@v1.41.1/nats.go:3059 +0xdd
created by github.com/nats-io/nats%2ego.Options.Connect in goroutine 12025
	/Users/jace/go/pkg/mod/github.com/nats-io/nats.go@v1.41.1/nats.go:1635 +0x387

goroutine 12655 [select, 2 minutes]:
github.com/nats-io/nats.go/jetstream.(*pullSubscription).pullMessages(0xc0011119e0, {0xc000ab43c0, 0x53})
	/Users/jace/go/pkg/mod/github.com/nats-io/nats.go@v1.41.1/jetstream/pull.go:955 +0x91
created by github.com/nats-io/nats.go/jetstream.(*pullConsumer).Messages in goroutine 12685
	/Users/jace/go/pkg/mod/github.com/nats-io/nats.go@v1.41.1/jetstream/pull.go:534 +0x748

goroutine 12724 [chan receive, 2 minutes]:
github.com/ThreeDotsLabs/watermill/message.(*messageTransformSubscriberDecorator).Subscribe.func1()
	/Users/jace/go/pkg/mod/github.com/!three!dots!labs/watermill@v1.4.6/message/decorator.go:52 +0x85
created by github.com/ThreeDotsLabs/watermill/message.(*messageTransformSubscriberDecorator).Subscribe in goroutine 12685
	/Users/jace/go/pkg/mod/github.com/!three!dots!labs/watermill@v1.4.6/message/decorator.go:51 +0xc7

goroutine 12725 [chan receive, 2 minutes]:
github.com/ThreeDotsLabs/watermill/message.(*handler).run(0xc0003d4f70, {0x1083d4720, 0xc0006acaa0}, {0xc000822240, 0x6, 0xc000ff9f78?})
	/Users/jace/go/pkg/mod/github.com/!three!dots!labs/watermill@v1.4.6/message/router.go:645 +0x2b4
github.com/ThreeDotsLabs/watermill/message.(*Router).RunHandlers.func1()
	/Users/jace/go/pkg/mod/github.com/!three!dots!labs/watermill@v1.4.6/message/router.go:460 +0x145
created by github.com/ThreeDotsLabs/watermill/message.(*Router).RunHandlers in goroutine 12685
	/Users/jace/go/pkg/mod/github.com/!three!dots!labs/watermill@v1.4.6/message/router.go:453 +0x606

goroutine 12726 [select, 2 minutes]:
github.com/nats-io/nats.go/jetstream.(*pullSubscription).pullMessages(0xc000ae1e60, {0xc0010d2af0, 0x63})
	/Users/jace/go/pkg/mod/github.com/nats-io/nats.go@v1.41.1/jetstream/pull.go:955 +0x91
created by github.com/nats-io/nats.go/jetstream.(*pullConsumer).Messages in goroutine 12685
	/Users/jace/go/pkg/mod/github.com/nats-io/nats.go@v1.41.1/jetstream/pull.go:534 +0x748

goroutine 12727 [select, 2 minutes]:
github.com/nats-io/nats.go/jetstream.(*pullConsumer).Messages.func2()
	/Users/jace/go/pkg/mod/github.com/nats-io/nats.go@v1.41.1/jetstream/pull.go:538 +0x68
created by github.com/nats-io/nats.go/jetstream.(*pullConsumer).Messages in goroutine 12685
	/Users/jace/go/pkg/mod/github.com/nats-io/nats.go@v1.41.1/jetstream/pull.go:536 +0x78a

goroutine 12728 [select, 2 minutes]:
github.com/nats-io/nats.go/jetstream.(*pullSubscription).Next(0xc000ae1e60)
	/Users/jace/go/pkg/mod/github.com/nats-io/nats.go@v1.41.1/jetstream/pull.go:589 +0x285
github.com/Black-And-White-Club/frolf-bot-shared/eventbus.(*eventBus).Subscribe.func1()
	/Users/jace/Documents/GitHub/frolf-bot-shared/eventbus/eventbus.go:326 +0x169
created by github.com/Black-And-White-Club/frolf-bot-shared/eventbus.(*eventBus).Subscribe in goroutine 12685
	/Users/jace/Documents/GitHub/frolf-bot-shared/eventbus/eventbus.go:315 +0xbf1

goroutine 12729 [chan receive, 2 minutes]:
github.com/ThreeDotsLabs/watermill/message.(*messageTransformSubscriberDecorator).Subscribe.func1()
	/Users/jace/go/pkg/mod/github.com/!three!dots!labs/watermill@v1.4.6/message/decorator.go:52 +0x85
created by github.com/ThreeDotsLabs/watermill/message.(*messageTransformSubscriberDecorator).Subscribe in goroutine 12685
	/Users/jace/go/pkg/mod/github.com/!three!dots!labs/watermill@v1.4.6/message/decorator.go:51 +0xc7

goroutine 12730 [chan receive, 2 minutes]:
github.com/ThreeDotsLabs/watermill/message.(*handler).run(0xc000d44000, {0x1083d4720, 0xc000e002d0}, {0xc00018bd40, 0x6, 0x4?})
	/Users/jace/go/pkg/mod/github.com/!three!dots!labs/watermill@v1.4.6/message/router.go:645 +0x2b4
github.com/ThreeDotsLabs/watermill/message.(*Router).RunHandlers.func1()
	/Users/jace/go/pkg/mod/github.com/!three!dots!labs/watermill@v1.4.6/message/router.go:460 +0x145
created by github.com/ThreeDotsLabs/watermill/message.(*Router).RunHandlers in goroutine 12685
	/Users/jace/go/pkg/mod/github.com/!three!dots!labs/watermill@v1.4.6/message/router.go:453 +0x606

goroutine 14546 [select, 1 minutes]:
github.com/nats-io/nats.go/jetstream.(*pullSubscription).Next(0xc001110b40)
	/Users/jace/go/pkg/mod/github.com/nats-io/nats.go@v1.41.1/jetstream/pull.go:589 +0x285
github.com/Black-And-White-Club/frolf-bot-shared/eventbus.(*eventBus).Subscribe.func1()
	/Users/jace/Documents/GitHub/frolf-bot-shared/eventbus/eventbus.go:326 +0x169
created by github.com/Black-And-White-Club/frolf-bot-shared/eventbus.(*eventBus).Subscribe in goroutine 14472
	/Users/jace/Documents/GitHub/frolf-bot-shared/eventbus/eventbus.go:315 +0xbf1

goroutine 12656 [select, 2 minutes]:
github.com/nats-io/nats.go/jetstream.(*pullConsumer).Messages.func2()
	/Users/jace/go/pkg/mod/github.com/nats-io/nats.go@v1.41.1/jetstream/pull.go:538 +0x68
created by github.com/nats-io/nats.go/jetstream.(*pullConsumer).Messages in goroutine 12685
	/Users/jace/go/pkg/mod/github.com/nats-io/nats.go@v1.41.1/jetstream/pull.go:536 +0x78a

goroutine 12657 [select, 2 minutes]:
github.com/nats-io/nats.go/jetstream.(*pullSubscription).Next(0xc0011119e0)
	/Users/jace/go/pkg/mod/github.com/nats-io/nats.go@v1.41.1/jetstream/pull.go:589 +0x285
github.com/Black-And-White-Club/frolf-bot-shared/eventbus.(*eventBus).Subscribe.func1()
	/Users/jace/Documents/GitHub/frolf-bot-shared/eventbus/eventbus.go:326 +0x169
created by github.com/Black-And-White-Club/frolf-bot-shared/eventbus.(*eventBus).Subscribe in goroutine 12685
	/Users/jace/Documents/GitHub/frolf-bot-shared/eventbus/eventbus.go:315 +0xbf1

goroutine 12738 [chan receive, 2 minutes]:
github.com/ThreeDotsLabs/watermill/message.(*messageTransformSubscriberDecorator).Subscribe.func1()
	/Users/jace/go/pkg/mod/github.com/!three!dots!labs/watermill@v1.4.6/message/decorator.go:52 +0x85
created by github.com/ThreeDotsLabs/watermill/message.(*messageTransformSubscriberDecorator).Subscribe in goroutine 12685
	/Users/jace/go/pkg/mod/github.com/!three!dots!labs/watermill@v1.4.6/message/decorator.go:51 +0xc7

goroutine 12739 [chan receive, 2 minutes]:
github.com/ThreeDotsLabs/watermill/message.(*handler).run(0xc000d440d0, {0x1083d4720, 0xc000e00460}, {0xc00018be00, 0x6, 0x0?})
	/Users/jace/go/pkg/mod/github.com/!three!dots!labs/watermill@v1.4.6/message/router.go:645 +0x2b4
github.com/ThreeDotsLabs/watermill/message.(*Router).RunHandlers.func1()
	/Users/jace/go/pkg/mod/github.com/!three!dots!labs/watermill@v1.4.6/message/router.go:460 +0x145
created by github.com/ThreeDotsLabs/watermill/message.(*Router).RunHandlers in goroutine 12685
	/Users/jace/go/pkg/mod/github.com/!three!dots!labs/watermill@v1.4.6/message/router.go:453 +0x606

goroutine 16552 [sync.Cond.Wait, 1 minutes]:
sync.runtime_notifyListWait(0xc0012eec50, 0x1)
	/usr/local/Cellar/go/1.24.2/libexec/src/runtime/sema.go:597 +0x159
sync.(*Cond).Wait(0xc0013b9f70?)
	/usr/local/Cellar/go/1.24.2/libexec/src/sync/cond.go:71 +0x85
github.com/nats-io/nats%2ego.(*Conn).waitForMsgs(0xc000cfa008, 0xc000960870)
	/Users/jace/go/pkg/mod/github.com/nats-io/nats.go@v1.41.1/nats.go:3178 +0xc5
created by github.com/nats-io/nats%2ego.(*Conn).subscribeLocked in goroutine 15814
	/Users/jace/go/pkg/mod/github.com/nats-io/nats.go@v1.41.1/nats.go:4468 +0x419

goroutine 16497 [chan receive, 1 minutes]:
github.com/ThreeDotsLabs/watermill/message.(*handler).run(0xc001356270, {0x1083d4720, 0xc0002e74a0}, {0xc00159e540, 0x6, 0xc001025f78?})
	/Users/jace/go/pkg/mod/github.com/!three!dots!labs/watermill@v1.4.6/message/router.go:645 +0x2b4
github.com/ThreeDotsLabs/watermill/message.(*Router).RunHandlers.func1()
	/Users/jace/go/pkg/mod/github.com/!three!dots!labs/watermill@v1.4.6/message/router.go:460 +0x145
created by github.com/ThreeDotsLabs/watermill/message.(*Router).RunHandlers in goroutine 16469
	/Users/jace/go/pkg/mod/github.com/!three!dots!labs/watermill@v1.4.6/message/router.go:453 +0x606

goroutine 20792 [select]:
github.com/nats-io/nats.go/jetstream.(*pullSubscription).pullMessages(0xc00061bd40, {0xc000a52180, 0x53})
	/Users/jace/go/pkg/mod/github.com/nats-io/nats.go@v1.41.1/jetstream/pull.go:955 +0x91
created by github.com/nats-io/nats.go/jetstream.(*pullConsumer).Messages in goroutine 20731
	/Users/jace/go/pkg/mod/github.com/nats-io/nats.go@v1.41.1/jetstream/pull.go:534 +0x748

goroutine 16475 [chan receive, 1 minutes]:
github.com/ThreeDotsLabs/watermill/message.(*handler).run(0xc0013564e0, {0x1083d4720, 0xc0002e6af0}, {0xc0012e80c0, 0x6, 0x0?})
	/Users/jace/go/pkg/mod/github.com/!three!dots!labs/watermill@v1.4.6/message/router.go:645 +0x2b4
github.com/ThreeDotsLabs/watermill/message.(*Router).RunHandlers.func1()
	/Users/jace/go/pkg/mod/github.com/!three!dots!labs/watermill@v1.4.6/message/router.go:460 +0x145
created by github.com/ThreeDotsLabs/watermill/message.(*Router).RunHandlers in goroutine 16469
	/Users/jace/go/pkg/mod/github.com/!three!dots!labs/watermill@v1.4.6/message/router.go:453 +0x606

goroutine 16629 [select]:
github.com/nats-io/nats%2ego.(*Conn).doReconnect(0xc0003ef808, {0x1083c48c8, 0x108d63970}, 0x0)
	/Users/jace/go/pkg/mod/github.com/nats-io/nats.go@v1.41.1/nats.go:2907 +0x41a
created by github.com/nats-io/nats%2ego.(*Conn).processOpErr in goroutine 16427
	/Users/jace/go/pkg/mod/github.com/nats-io/nats.go@v1.41.1/nats.go:3043 +0x2f3

goroutine 13727 [sync.Cond.Wait, 1 minutes]:
sync.runtime_notifyListWait(0xc000abf250, 0x2)
	/usr/local/Cellar/go/1.24.2/libexec/src/runtime/sema.go:597 +0x159
sync.(*Cond).Wait(0xc001200990?)
	/usr/local/Cellar/go/1.24.2/libexec/src/sync/cond.go:71 +0x85
github.com/nats-io/nats%2ego.(*Conn).waitForMsgs(0xc000cfbc08, 0xc0009602d0)
	/Users/jace/go/pkg/mod/github.com/nats-io/nats.go@v1.41.1/nats.go:3178 +0xc5
created by github.com/nats-io/nats%2ego.(*Conn).subscribeLocked in goroutine 12900
	/Users/jace/go/pkg/mod/github.com/nats-io/nats.go@v1.41.1/nats.go:4468 +0x419

goroutine 17585 [select, 1 minutes]:
github.com/nats-io/nats.go/jetstream.(*pullConsumer).Messages.func2()
	/Users/jace/go/pkg/mod/github.com/nats-io/nats.go@v1.41.1/jetstream/pull.go:538 +0x68
created by github.com/nats-io/nats.go/jetstream.(*pullConsumer).Messages in goroutine 17354
	/Users/jace/go/pkg/mod/github.com/nats-io/nats.go@v1.41.1/jetstream/pull.go:536 +0x78a

goroutine 13441 [select, 1 minutes]:
github.com/nats-io/nats.go/jetstream.(*pullSubscription).Next(0xc001111b00)
	/Users/jace/go/pkg/mod/github.com/nats-io/nats.go@v1.41.1/jetstream/pull.go:589 +0x285
github.com/Black-And-White-Club/frolf-bot-shared/eventbus.(*eventBus).Subscribe.func1()
	/Users/jace/Documents/GitHub/frolf-bot-shared/eventbus/eventbus.go:326 +0x169
created by github.com/Black-And-White-Club/frolf-bot-shared/eventbus.(*eventBus).Subscribe in goroutine 13643
	/Users/jace/Documents/GitHub/frolf-bot-shared/eventbus/eventbus.go:315 +0xbf1

goroutine 13437 [chan receive, 1 minutes]:
github.com/ThreeDotsLabs/watermill/message.(*handler).run(0xc000d9e340, {0x1083d4720, 0xc00112bd60}, {0xc000922300, 0x6, 0x0?})
	/Users/jace/go/pkg/mod/github.com/!three!dots!labs/watermill@v1.4.6/message/router.go:645 +0x2b4
github.com/ThreeDotsLabs/watermill/message.(*Router).RunHandlers.func1()
	/Users/jace/go/pkg/mod/github.com/!three!dots!labs/watermill@v1.4.6/message/router.go:460 +0x145
created by github.com/ThreeDotsLabs/watermill/message.(*Router).RunHandlers in goroutine 13643
	/Users/jace/go/pkg/mod/github.com/!three!dots!labs/watermill@v1.4.6/message/router.go:453 +0x606

goroutine 17581 [sync.Cond.Wait, 1 minutes]:
sync.runtime_notifyListWait(0xc00155cc10, 0x0)
	/usr/local/Cellar/go/1.24.2/libexec/src/runtime/sema.go:597 +0x159
sync.(*Cond).Wait(0xc0010d8de0?)
	/usr/local/Cellar/go/1.24.2/libexec/src/sync/cond.go:71 +0x85
github.com/nats-io/nats%2ego.(*asyncCallbacksHandler).asyncCBDispatcher(0xc000b28120)
	/Users/jace/go/pkg/mod/github.com/nats-io/nats.go@v1.41.1/nats.go:3059 +0xdd
created by github.com/nats-io/nats%2ego.Options.Connect in goroutine 16706
	/Users/jace/go/pkg/mod/github.com/nats-io/nats.go@v1.41.1/nats.go:1635 +0x387

goroutine 14473 [sync.WaitGroup.Wait, 1 minutes]:
sync.runtime_SemacquireWaitGroup(0x108167a40?)
	/usr/local/Cellar/go/1.24.2/libexec/src/runtime/sema.go:110 +0x25
sync.(*WaitGroup).Wait(0x0?)
	/usr/local/Cellar/go/1.24.2/libexec/src/sync/waitgroup.go:118 +0x48
github.com/ThreeDotsLabs/watermill/message.(*Router).watchAllHandlersStopped.func1()
	/Users/jace/go/pkg/mod/github.com/!three!dots!labs/watermill@v1.4.6/message/router.go:498 +0x86
created by github.com/ThreeDotsLabs/watermill/message.(*Router).watchAllHandlersStopped in goroutine 14472
	/Users/jace/go/pkg/mod/github.com/!three!dots!labs/watermill@v1.4.6/message/router.go:484 +0xec

goroutine 12782 [sync.WaitGroup.Wait, 2 minutes]:
sync.runtime_SemacquireWaitGroup(0xc00101e718?)
	/usr/local/Cellar/go/1.24.2/libexec/src/runtime/sema.go:110 +0x25
sync.(*WaitGroup).Wait(0xc00101e7d0?)
	/usr/local/Cellar/go/1.24.2/libexec/src/sync/waitgroup.go:118 +0x48
github.com/ThreeDotsLabs/watermill/message.(*Router).waitForHandlers.func1()
	/Users/jace/go/pkg/mod/github.com/!three!dots!labs/watermill@v1.4.6/message/router.go:579 +0x4b
created by github.com/ThreeDotsLabs/watermill/message.(*Router).waitForHandlers in goroutine 12025
	/Users/jace/go/pkg/mod/github.com/!three!dots!labs/watermill@v1.4.6/message/router.go:577 +0x87

goroutine 12784 [sync.WaitGroup.Wait, 2 minutes]:
sync.runtime_SemacquireWaitGroup(0x0?)
	/usr/local/Cellar/go/1.24.2/libexec/src/runtime/sema.go:110 +0x25
sync.(*WaitGroup).Wait(0x0?)
	/usr/local/Cellar/go/1.24.2/libexec/src/sync/waitgroup.go:118 +0x48
github.com/ThreeDotsLabs/watermill/pubsub/sync.WaitGroupTimeout.func1()
	/Users/jace/go/pkg/mod/github.com/!three!dots!labs/watermill@v1.4.6/pubsub/sync/waitgroup.go:13 +0x25
created by github.com/ThreeDotsLabs/watermill/pubsub/sync.WaitGroupTimeout in goroutine 12025
	/Users/jace/go/pkg/mod/github.com/!three!dots!labs/watermill@v1.4.6/pubsub/sync/waitgroup.go:12 +0x85

goroutine 14489 [select, 1 minutes]:
github.com/nats-io/nats.go/jetstream.(*pullSubscription).Next(0xc000ae0cf0)
	/Users/jace/go/pkg/mod/github.com/nats-io/nats.go@v1.41.1/jetstream/pull.go:589 +0x285
github.com/Black-And-White-Club/frolf-bot-shared/eventbus.(*eventBus).Subscribe.func1()
	/Users/jace/Documents/GitHub/frolf-bot-shared/eventbus/eventbus.go:326 +0x169
created by github.com/Black-And-White-Club/frolf-bot-shared/eventbus.(*eventBus).Subscribe in goroutine 14472
	/Users/jace/Documents/GitHub/frolf-bot-shared/eventbus/eventbus.go:315 +0xbf1

goroutine 13652 [select, 1 minutes]:
github.com/nats-io/nats.go/jetstream.(*pullSubscription).pullMessages(0xc000db8630, {0xc000f85260, 0x63})
	/Users/jace/go/pkg/mod/github.com/nats-io/nats.go@v1.41.1/jetstream/pull.go:955 +0x91
created by github.com/nats-io/nats.go/jetstream.(*pullConsumer).Messages in goroutine 13643
	/Users/jace/go/pkg/mod/github.com/nats-io/nats.go@v1.41.1/jetstream/pull.go:534 +0x748

goroutine 13435 [select, 1 minutes]:
github.com/nats-io/nats.go/jetstream.(*pullSubscription).Next(0xc0011113b0)
	/Users/jace/go/pkg/mod/github.com/nats-io/nats.go@v1.41.1/jetstream/pull.go:589 +0x285
github.com/Black-And-White-Club/frolf-bot-shared/eventbus.(*eventBus).Subscribe.func1()
	/Users/jace/Documents/GitHub/frolf-bot-shared/eventbus/eventbus.go:326 +0x169
created by github.com/Black-And-White-Club/frolf-bot-shared/eventbus.(*eventBus).Subscribe in goroutine 13643
	/Users/jace/Documents/GitHub/frolf-bot-shared/eventbus/eventbus.go:315 +0xbf1

goroutine 24449 [select]:
github.com/nats-io/nats%2ego.(*Conn).doReconnect(0xc00162b508, {0x1083c48c8, 0x108d63970}, 0x0)
	/Users/jace/go/pkg/mod/github.com/nats-io/nats.go@v1.41.1/nats.go:2907 +0x41a
created by github.com/nats-io/nats%2ego.(*Conn).processOpErr in goroutine 24259
	/Users/jace/go/pkg/mod/github.com/nats-io/nats.go@v1.41.1/nats.go:3043 +0x2f3

goroutine 24142 [chan receive]:
github.com/ThreeDotsLabs/watermill/message.(*messageTransformSubscriberDecorator).Subscribe.func1()
	/Users/jace/go/pkg/mod/github.com/!three!dots!labs/watermill@v1.4.6/message/decorator.go:52 +0x85
created by github.com/ThreeDotsLabs/watermill/message.(*messageTransformSubscriberDecorator).Subscribe in goroutine 24274
	/Users/jace/go/pkg/mod/github.com/!three!dots!labs/watermill@v1.4.6/message/decorator.go:51 +0xc7

goroutine 13617 [sync.Cond.Wait, 1 minutes]:
sync.runtime_notifyListWait(0xc0002b89d0, 0x0)
	/usr/local/Cellar/go/1.24.2/libexec/src/runtime/sema.go:597 +0x159
sync.(*Cond).Wait(0xc000fe8700?)
	/usr/local/Cellar/go/1.24.2/libexec/src/sync/cond.go:71 +0x85
github.com/nats-io/nats%2ego.(*asyncCallbacksHandler).asyncCBDispatcher(0xc000b29f00)
	/Users/jace/go/pkg/mod/github.com/nats-io/nats.go@v1.41.1/nats.go:3059 +0xdd
created by github.com/nats-io/nats%2ego.Options.Connect in goroutine 12900
	/Users/jace/go/pkg/mod/github.com/nats-io/nats.go@v1.41.1/nats.go:1635 +0x387

goroutine 15563 [chan receive, 1 minutes]:
github.com/ThreeDotsLabs/watermill/message.(*handler).run(0xc001114000, {0x1083d4720, 0xc0008002d0}, {0xc0008b4000, 0x6, 0xc00107d778?})
	/Users/jace/go/pkg/mod/github.com/!three!dots!labs/watermill@v1.4.6/message/router.go:645 +0x2b4
github.com/ThreeDotsLabs/watermill/message.(*Router).RunHandlers.func1()
	/Users/jace/go/pkg/mod/github.com/!three!dots!labs/watermill@v1.4.6/message/router.go:460 +0x145
created by github.com/ThreeDotsLabs/watermill/message.(*Router).RunHandlers in goroutine 15577
	/Users/jace/go/pkg/mod/github.com/!three!dots!labs/watermill@v1.4.6/message/router.go:453 +0x606

goroutine 14475 [select, 1 minutes]:
github.com/nats-io/nats.go/jetstream.(*pullConsumer).Messages.func2()
	/Users/jace/go/pkg/mod/github.com/nats-io/nats.go@v1.41.1/jetstream/pull.go:538 +0x68
created by github.com/nats-io/nats.go/jetstream.(*pullConsumer).Messages in goroutine 14472
	/Users/jace/go/pkg/mod/github.com/nats-io/nats.go@v1.41.1/jetstream/pull.go:536 +0x78a

goroutine 13434 [select, 1 minutes]:
github.com/nats-io/nats.go/jetstream.(*pullConsumer).Messages.func2()
	/Users/jace/go/pkg/mod/github.com/nats-io/nats.go@v1.41.1/jetstream/pull.go:538 +0x68
created by github.com/nats-io/nats.go/jetstream.(*pullConsumer).Messages in goroutine 13643
	/Users/jace/go/pkg/mod/github.com/nats-io/nats.go@v1.41.1/jetstream/pull.go:536 +0x78a

goroutine 13436 [chan receive, 1 minutes]:
github.com/ThreeDotsLabs/watermill/message.(*messageTransformSubscriberDecorator).Subscribe.func1()
	/Users/jace/go/pkg/mod/github.com/!three!dots!labs/watermill@v1.4.6/message/decorator.go:52 +0x85
created by github.com/ThreeDotsLabs/watermill/message.(*messageTransformSubscriberDecorator).Subscribe in goroutine 13643
	/Users/jace/go/pkg/mod/github.com/!three!dots!labs/watermill@v1.4.6/message/decorator.go:51 +0xc7

goroutine 14477 [chan receive, 1 minutes]:
github.com/ThreeDotsLabs/watermill/message.(*messageTransformSubscriberDecorator).Subscribe.func1()
	/Users/jace/go/pkg/mod/github.com/!three!dots!labs/watermill@v1.4.6/message/decorator.go:52 +0x85
created by github.com/ThreeDotsLabs/watermill/message.(*messageTransformSubscriberDecorator).Subscribe in goroutine 14472
	/Users/jace/go/pkg/mod/github.com/!three!dots!labs/watermill@v1.4.6/message/decorator.go:51 +0xc7

goroutine 13786 [select]:
github.com/nats-io/nats%2ego.(*Conn).doReconnect(0xc00059b508, {0x1083c48c8, 0x108d63970}, 0x0)
	/Users/jace/go/pkg/mod/github.com/nats-io/nats.go@v1.41.1/nats.go:2907 +0x41a
created by github.com/nats-io/nats%2ego.(*Conn).processOpErr in goroutine 13615
	/Users/jace/go/pkg/mod/github.com/nats-io/nats.go@v1.41.1/nats.go:3043 +0x2f3

goroutine 13638 [sync.Cond.Wait, 1 minutes]:
sync.runtime_notifyListWait(0xc0011c2f50, 0x0)
	/usr/local/Cellar/go/1.24.2/libexec/src/runtime/sema.go:597 +0x159
sync.(*Cond).Wait(0x1083d4790?)
	/usr/local/Cellar/go/1.24.2/libexec/src/sync/cond.go:71 +0x85
github.com/nats-io/nats%2ego.(*asyncCallbacksHandler).asyncCBDispatcher(0xc0007e78c0)
	/Users/jace/go/pkg/mod/github.com/nats-io/nats.go@v1.41.1/nats.go:3059 +0xdd
created by github.com/nats-io/nats%2ego.Options.Connect in goroutine 12900
	/Users/jace/go/pkg/mod/github.com/nats-io/nats.go@v1.41.1/nats.go:1635 +0x387

goroutine 14476 [select, 1 minutes]:
github.com/nats-io/nats.go/jetstream.(*pullSubscription).Next(0xc0011105a0)
	/Users/jace/go/pkg/mod/github.com/nats-io/nats.go@v1.41.1/jetstream/pull.go:589 +0x285
github.com/Black-And-White-Club/frolf-bot-shared/eventbus.(*eventBus).Subscribe.func1()
	/Users/jace/Documents/GitHub/frolf-bot-shared/eventbus/eventbus.go:326 +0x169
created by github.com/Black-And-White-Club/frolf-bot-shared/eventbus.(*eventBus).Subscribe in goroutine 14472
	/Users/jace/Documents/GitHub/frolf-bot-shared/eventbus/eventbus.go:315 +0xbf1

goroutine 14478 [chan receive, 1 minutes]:
github.com/ThreeDotsLabs/watermill/message.(*handler).run(0xc001115a00, {0x1083d4720, 0xc0010c1040}, {0xc00018a9c0, 0x6, 0x0?})
	/Users/jace/go/pkg/mod/github.com/!three!dots!labs/watermill@v1.4.6/message/router.go:645 +0x2b4
github.com/ThreeDotsLabs/watermill/message.(*Router).RunHandlers.func1()
	/Users/jace/go/pkg/mod/github.com/!three!dots!labs/watermill@v1.4.6/message/router.go:460 +0x145
created by github.com/ThreeDotsLabs/watermill/message.(*Router).RunHandlers in goroutine 14472
	/Users/jace/go/pkg/mod/github.com/!three!dots!labs/watermill@v1.4.6/message/router.go:453 +0x606

goroutine 13810 [select]:
github.com/nats-io/nats%2ego.(*Conn).doReconnect(0xc000cfbc08, {0x1083c48c8, 0x108d63970}, 0x0)
	/Users/jace/go/pkg/mod/github.com/nats-io/nats.go@v1.41.1/nats.go:2907 +0x41a
created by github.com/nats-io/nats%2ego.(*Conn).processOpErr in goroutine 13611
	/Users/jace/go/pkg/mod/github.com/nats-io/nats.go@v1.41.1/nats.go:3043 +0x2f3

goroutine 13588 [select, 1 minutes]:
github.com/nats-io/nats.go/jetstream.(*pullConsumer).Messages.func2()
	/Users/jace/go/pkg/mod/github.com/nats-io/nats.go@v1.41.1/jetstream/pull.go:538 +0x68
created by github.com/nats-io/nats.go/jetstream.(*pullConsumer).Messages in goroutine 13643
	/Users/jace/go/pkg/mod/github.com/nats-io/nats.go@v1.41.1/jetstream/pull.go:536 +0x78a

goroutine 17609 [chan receive, 1 minutes]:
github.com/ThreeDotsLabs/watermill/message.(*messageTransformSubscriberDecorator).Subscribe.func1()
	/Users/jace/go/pkg/mod/github.com/!three!dots!labs/watermill@v1.4.6/message/decorator.go:52 +0x85
created by github.com/ThreeDotsLabs/watermill/message.(*messageTransformSubscriberDecorator).Subscribe in goroutine 17354
	/Users/jace/go/pkg/mod/github.com/!three!dots!labs/watermill@v1.4.6/message/decorator.go:51 +0xc7

goroutine 13613 [sync.Cond.Wait, 1 minutes]:
sync.runtime_notifyListWait(0xc000d1b110, 0x0)
	/usr/local/Cellar/go/1.24.2/libexec/src/runtime/sema.go:597 +0x159
sync.(*Cond).Wait(0x1000000010000?)
	/usr/local/Cellar/go/1.24.2/libexec/src/sync/cond.go:71 +0x85
github.com/nats-io/nats%2ego.(*asyncCallbacksHandler).asyncCBDispatcher(0xc0010a80c0)
	/Users/jace/go/pkg/mod/github.com/nats-io/nats.go@v1.41.1/nats.go:3059 +0xdd
created by github.com/nats-io/nats%2ego.Options.Connect in goroutine 12900
	/Users/jace/go/pkg/mod/github.com/nats-io/nats.go@v1.41.1/nats.go:1635 +0x387

goroutine 16490 [select, 1 minutes]:
github.com/nats-io/nats.go/jetstream.(*pullSubscription).Next(0xc000cf3dd0)
	/Users/jace/go/pkg/mod/github.com/nats-io/nats.go@v1.41.1/jetstream/pull.go:589 +0x285
github.com/Black-And-White-Club/frolf-bot-shared/eventbus.(*eventBus).Subscribe.func1()
	/Users/jace/Documents/GitHub/frolf-bot-shared/eventbus/eventbus.go:326 +0x169
created by github.com/Black-And-White-Club/frolf-bot-shared/eventbus.(*eventBus).Subscribe in goroutine 16469
	/Users/jace/Documents/GitHub/frolf-bot-shared/eventbus/eventbus.go:315 +0xbf1

goroutine 15451 [select, 1 minutes]:
github.com/nats-io/nats.go/jetstream.(*pullSubscription).pullMessages(0xc000ae0900, {0xc0014081c0, 0x61})
	/Users/jace/go/pkg/mod/github.com/nats-io/nats.go@v1.41.1/jetstream/pull.go:955 +0x91
created by github.com/nats-io/nats.go/jetstream.(*pullConsumer).Messages in goroutine 15577
	/Users/jace/go/pkg/mod/github.com/nats-io/nats.go@v1.41.1/jetstream/pull.go:534 +0x748

goroutine 13785 [select]:
github.com/nats-io/nats%2ego.(*Conn).doReconnect(0xc0003a9808, {0x1083c48c8, 0x108d63970}, 0x0)
	/Users/jace/go/pkg/mod/github.com/nats-io/nats.go@v1.41.1/nats.go:2907 +0x41a
created by github.com/nats-io/nats%2ego.(*Conn).processOpErr in goroutine 13636
	/Users/jace/go/pkg/mod/github.com/nats-io/nats.go@v1.41.1/nats.go:3043 +0x2f3

goroutine 16501 [select, 1 minutes]:
github.com/nats-io/nats.go/jetstream.(*pullSubscription).pullMessages(0xc00054d680, {0xc000cc8240, 0x60})
	/Users/jace/go/pkg/mod/github.com/nats-io/nats.go@v1.41.1/jetstream/pull.go:955 +0x91
created by github.com/nats-io/nats.go/jetstream.(*pullConsumer).Messages in goroutine 16469
	/Users/jace/go/pkg/mod/github.com/nats-io/nats.go@v1.41.1/jetstream/pull.go:534 +0x748

goroutine 16433 [sync.Cond.Wait, 1 minutes]:
sync.runtime_notifyListWait(0xc000f9c450, 0x0)
	/usr/local/Cellar/go/1.24.2/libexec/src/runtime/sema.go:597 +0x159
sync.(*Cond).Wait(0xc00138f570?)
	/usr/local/Cellar/go/1.24.2/libexec/src/sync/cond.go:71 +0x85
github.com/nats-io/nats%2ego.(*asyncCallbacksHandler).asyncCBDispatcher(0xc0015ac3c0)
	/Users/jace/go/pkg/mod/github.com/nats-io/nats.go@v1.41.1/nats.go:3059 +0xdd
created by github.com/nats-io/nats%2ego.Options.Connect in goroutine 15814
	/Users/jace/go/pkg/mod/github.com/nats-io/nats.go@v1.41.1/nats.go:1635 +0x387

goroutine 25352 [select]:
github.com/nats-io/nats.go/jetstream.(*pullSubscription).Next(0xc0015dabd0)
	/Users/jace/go/pkg/mod/github.com/nats-io/nats.go@v1.41.1/jetstream/pull.go:589 +0x285
github.com/Black-And-White-Club/frolf-bot-shared/eventbus.(*eventBus).Subscribe.func1()
	/Users/jace/Documents/GitHub/frolf-bot-shared/eventbus/eventbus.go:326 +0x169
created by github.com/Black-And-White-Club/frolf-bot-shared/eventbus.(*eventBus).Subscribe in goroutine 25323
	/Users/jace/Documents/GitHub/frolf-bot-shared/eventbus/eventbus.go:315 +0xbf1

goroutine 14488 [select, 1 minutes]:
github.com/nats-io/nats.go/jetstream.(*pullConsumer).Messages.func2()
	/Users/jace/go/pkg/mod/github.com/nats-io/nats.go@v1.41.1/jetstream/pull.go:538 +0x68
created by github.com/nats-io/nats.go/jetstream.(*pullConsumer).Messages in goroutine 14472
	/Users/jace/go/pkg/mod/github.com/nats-io/nats.go@v1.41.1/jetstream/pull.go:536 +0x78a

goroutine 16493 [select, 1 minutes]:
github.com/nats-io/nats.go/jetstream.(*pullSubscription).pullMessages(0xc000a7a3f0, {0xc000cf8120, 0x55})
	/Users/jace/go/pkg/mod/github.com/nats-io/nats.go@v1.41.1/jetstream/pull.go:955 +0x91
created by github.com/nats-io/nats.go/jetstream.(*pullConsumer).Messages in goroutine 16469
	/Users/jace/go/pkg/mod/github.com/nats-io/nats.go@v1.41.1/jetstream/pull.go:534 +0x748

goroutine 14481 [select, 1 minutes]:
github.com/nats-io/nats.go/jetstream.(*pullConsumer).Messages.func2()
	/Users/jace/go/pkg/mod/github.com/nats-io/nats.go@v1.41.1/jetstream/pull.go:538 +0x68
created by github.com/nats-io/nats.go/jetstream.(*pullConsumer).Messages in goroutine 14472
	/Users/jace/go/pkg/mod/github.com/nats-io/nats.go@v1.41.1/jetstream/pull.go:536 +0x78a

goroutine 13644 [sync.WaitGroup.Wait, 1 minutes]:
sync.runtime_SemacquireWaitGroup(0xc000eda000?)
	/usr/local/Cellar/go/1.24.2/libexec/src/runtime/sema.go:110 +0x25
sync.(*WaitGroup).Wait(0xc0003a9808?)
	/usr/local/Cellar/go/1.24.2/libexec/src/sync/waitgroup.go:118 +0x48
github.com/ThreeDotsLabs/watermill/message.(*Router).watchAllHandlersStopped.func1()
	/Users/jace/go/pkg/mod/github.com/!three!dots!labs/watermill@v1.4.6/message/router.go:498 +0x86
created by github.com/ThreeDotsLabs/watermill/message.(*Router).watchAllHandlersStopped in goroutine 13643
	/Users/jace/go/pkg/mod/github.com/!three!dots!labs/watermill@v1.4.6/message/router.go:484 +0xec

goroutine 13645 [select, 1 minutes]:
github.com/nats-io/nats.go/jetstream.(*pullSubscription).pullMessages(0xc000c26630, {0xc0008cef00, 0x60})
	/Users/jace/go/pkg/mod/github.com/nats-io/nats.go@v1.41.1/jetstream/pull.go:955 +0x91
created by github.com/nats-io/nats.go/jetstream.(*pullConsumer).Messages in goroutine 13643
	/Users/jace/go/pkg/mod/github.com/nats-io/nats.go@v1.41.1/jetstream/pull.go:534 +0x748

goroutine 13646 [select, 1 minutes]:
github.com/nats-io/nats.go/jetstream.(*pullConsumer).Messages.func2()
	/Users/jace/go/pkg/mod/github.com/nats-io/nats.go@v1.41.1/jetstream/pull.go:538 +0x68
created by github.com/nats-io/nats.go/jetstream.(*pullConsumer).Messages in goroutine 13643
	/Users/jace/go/pkg/mod/github.com/nats-io/nats.go@v1.41.1/jetstream/pull.go:536 +0x78a

goroutine 13647 [select, 1 minutes]:
github.com/nats-io/nats.go/jetstream.(*pullSubscription).Next(0xc000c26630)
	/Users/jace/go/pkg/mod/github.com/nats-io/nats.go@v1.41.1/jetstream/pull.go:589 +0x285
github.com/Black-And-White-Club/frolf-bot-shared/eventbus.(*eventBus).Subscribe.func1()
	/Users/jace/Documents/GitHub/frolf-bot-shared/eventbus/eventbus.go:326 +0x169
created by github.com/Black-And-White-Club/frolf-bot-shared/eventbus.(*eventBus).Subscribe in goroutine 13643
	/Users/jace/Documents/GitHub/frolf-bot-shared/eventbus/eventbus.go:315 +0xbf1

goroutine 13648 [chan receive, 1 minutes]:
github.com/ThreeDotsLabs/watermill/message.(*messageTransformSubscriberDecorator).Subscribe.func1()
	/Users/jace/go/pkg/mod/github.com/!three!dots!labs/watermill@v1.4.6/message/decorator.go:52 +0x85
created by github.com/ThreeDotsLabs/watermill/message.(*messageTransformSubscriberDecorator).Subscribe in goroutine 13643
	/Users/jace/go/pkg/mod/github.com/!three!dots!labs/watermill@v1.4.6/message/decorator.go:51 +0xc7

goroutine 13649 [chan receive, 1 minutes]:
github.com/ThreeDotsLabs/watermill/message.(*handler).run(0xc000d9f1e0, {0x1083d4720, 0xc00112b9f0}, {0xc00018b8c0, 0x6, 0x0?})
	/Users/jace/go/pkg/mod/github.com/!three!dots!labs/watermill@v1.4.6/message/router.go:645 +0x2b4
github.com/ThreeDotsLabs/watermill/message.(*Router).RunHandlers.func1()
	/Users/jace/go/pkg/mod/github.com/!three!dots!labs/watermill@v1.4.6/message/router.go:460 +0x145
created by github.com/ThreeDotsLabs/watermill/message.(*Router).RunHandlers in goroutine 13643
	/Users/jace/go/pkg/mod/github.com/!three!dots!labs/watermill@v1.4.6/message/router.go:453 +0x606

goroutine 13667 [select, 1 minutes]:
github.com/nats-io/nats.go/jetstream.(*pullConsumer).Messages.func2()
	/Users/jace/go/pkg/mod/github.com/nats-io/nats.go@v1.41.1/jetstream/pull.go:538 +0x68
created by github.com/nats-io/nats.go/jetstream.(*pullConsumer).Messages in goroutine 13643
	/Users/jace/go/pkg/mod/github.com/nats-io/nats.go@v1.41.1/jetstream/pull.go:536 +0x78a

goroutine 13668 [select, 1 minutes]:
github.com/nats-io/nats.go/jetstream.(*pullSubscription).Next(0xc000c26f30)
	/Users/jace/go/pkg/mod/github.com/nats-io/nats.go@v1.41.1/jetstream/pull.go:589 +0x285
github.com/Black-And-White-Club/frolf-bot-shared/eventbus.(*eventBus).Subscribe.func1()
	/Users/jace/Documents/GitHub/frolf-bot-shared/eventbus/eventbus.go:326 +0x169
created by github.com/Black-And-White-Club/frolf-bot-shared/eventbus.(*eventBus).Subscribe in goroutine 13643
	/Users/jace/Documents/GitHub/frolf-bot-shared/eventbus/eventbus.go:315 +0xbf1

goroutine 13669 [chan receive, 1 minutes]:
github.com/ThreeDotsLabs/watermill/message.(*messageTransformSubscriberDecorator).Subscribe.func1()
	/Users/jace/go/pkg/mod/github.com/!three!dots!labs/watermill@v1.4.6/message/decorator.go:52 +0x85
created by github.com/ThreeDotsLabs/watermill/message.(*messageTransformSubscriberDecorator).Subscribe in goroutine 13643
	/Users/jace/go/pkg/mod/github.com/!three!dots!labs/watermill@v1.4.6/message/decorator.go:51 +0xc7

goroutine 13670 [chan receive, 1 minutes]:
github.com/ThreeDotsLabs/watermill/message.(*handler).run(0xc000d9f5f0, {0x1083d4720, 0xc000d0d9a0}, {0xc00078c900, 0x6, 0x0?})
	/Users/jace/go/pkg/mod/github.com/!three!dots!labs/watermill@v1.4.6/message/router.go:645 +0x2b4
github.com/ThreeDotsLabs/watermill/message.(*Router).RunHandlers.func1()
	/Users/jace/go/pkg/mod/github.com/!three!dots!labs/watermill@v1.4.6/message/router.go:460 +0x145
created by github.com/ThreeDotsLabs/watermill/message.(*Router).RunHandlers in goroutine 13643
	/Users/jace/go/pkg/mod/github.com/!three!dots!labs/watermill@v1.4.6/message/router.go:453 +0x606

goroutine 16496 [chan receive, 1 minutes]:
github.com/ThreeDotsLabs/watermill/message.(*messageTransformSubscriberDecorator).Subscribe.func1()
	/Users/jace/go/pkg/mod/github.com/!three!dots!labs/watermill@v1.4.6/message/decorator.go:52 +0x85
created by github.com/ThreeDotsLabs/watermill/message.(*messageTransformSubscriberDecorator).Subscribe in goroutine 16469
	/Users/jace/go/pkg/mod/github.com/!three!dots!labs/watermill@v1.4.6/message/decorator.go:51 +0xc7

goroutine 13672 [select, 1 minutes]:
github.com/nats-io/nats.go/jetstream.(*pullSubscription).pullMessages(0xc000c27440, {0xc0008cf140, 0x55})
	/Users/jace/go/pkg/mod/github.com/nats-io/nats.go@v1.41.1/jetstream/pull.go:955 +0x91
created by github.com/nats-io/nats.go/jetstream.(*pullConsumer).Messages in goroutine 13643
	/Users/jace/go/pkg/mod/github.com/nats-io/nats.go@v1.41.1/jetstream/pull.go:534 +0x748

goroutine 13673 [select, 1 minutes]:
github.com/nats-io/nats.go/jetstream.(*pullConsumer).Messages.func2()
	/Users/jace/go/pkg/mod/github.com/nats-io/nats.go@v1.41.1/jetstream/pull.go:538 +0x68
created by github.com/nats-io/nats.go/jetstream.(*pullConsumer).Messages in goroutine 13643
	/Users/jace/go/pkg/mod/github.com/nats-io/nats.go@v1.41.1/jetstream/pull.go:536 +0x78a

goroutine 13674 [select, 1 minutes]:
github.com/nats-io/nats.go/jetstream.(*pullSubscription).Next(0xc000c27440)
	/Users/jace/go/pkg/mod/github.com/nats-io/nats.go@v1.41.1/jetstream/pull.go:589 +0x285
github.com/Black-And-White-Club/frolf-bot-shared/eventbus.(*eventBus).Subscribe.func1()
	/Users/jace/Documents/GitHub/frolf-bot-shared/eventbus/eventbus.go:326 +0x169
created by github.com/Black-And-White-Club/frolf-bot-shared/eventbus.(*eventBus).Subscribe in goroutine 13643
	/Users/jace/Documents/GitHub/frolf-bot-shared/eventbus/eventbus.go:315 +0xbf1

goroutine 13675 [chan receive, 1 minutes]:
github.com/ThreeDotsLabs/watermill/message.(*messageTransformSubscriberDecorator).Subscribe.func1()
	/Users/jace/go/pkg/mod/github.com/!three!dots!labs/watermill@v1.4.6/message/decorator.go:52 +0x85
created by github.com/ThreeDotsLabs/watermill/message.(*messageTransformSubscriberDecorator).Subscribe in goroutine 13643
	/Users/jace/go/pkg/mod/github.com/!three!dots!labs/watermill@v1.4.6/message/decorator.go:51 +0xc7

goroutine 13676 [chan receive, 1 minutes]:
github.com/ThreeDotsLabs/watermill/message.(*handler).run(0xc000d9f040, {0x1083d4720, 0xc0001b2e60}, {0xc00018b980, 0x6, 0x0?})
	/Users/jace/go/pkg/mod/github.com/!three!dots!labs/watermill@v1.4.6/message/router.go:645 +0x2b4
github.com/ThreeDotsLabs/watermill/message.(*Router).RunHandlers.func1()
	/Users/jace/go/pkg/mod/github.com/!three!dots!labs/watermill@v1.4.6/message/router.go:460 +0x145
created by github.com/ThreeDotsLabs/watermill/message.(*Router).RunHandlers in goroutine 13643
	/Users/jace/go/pkg/mod/github.com/!three!dots!labs/watermill@v1.4.6/message/router.go:453 +0x606

goroutine 13589 [select, 1 minutes]:
github.com/nats-io/nats.go/jetstream.(*pullSubscription).Next(0xc00095f710)
	/Users/jace/go/pkg/mod/github.com/nats-io/nats.go@v1.41.1/jetstream/pull.go:589 +0x285
github.com/Black-And-White-Club/frolf-bot-shared/eventbus.(*eventBus).Subscribe.func1()
	/Users/jace/Documents/GitHub/frolf-bot-shared/eventbus/eventbus.go:326 +0x169
created by github.com/Black-And-White-Club/frolf-bot-shared/eventbus.(*eventBus).Subscribe in goroutine 13643
	/Users/jace/Documents/GitHub/frolf-bot-shared/eventbus/eventbus.go:315 +0xbf1

goroutine 13590 [chan receive, 1 minutes]:
github.com/ThreeDotsLabs/watermill/message.(*messageTransformSubscriberDecorator).Subscribe.func1()
	/Users/jace/go/pkg/mod/github.com/!three!dots!labs/watermill@v1.4.6/message/decorator.go:52 +0x85
created by github.com/ThreeDotsLabs/watermill/message.(*messageTransformSubscriberDecorator).Subscribe in goroutine 13643
	/Users/jace/go/pkg/mod/github.com/!three!dots!labs/watermill@v1.4.6/message/decorator.go:51 +0xc7

goroutine 13591 [chan receive, 1 minutes]:
github.com/ThreeDotsLabs/watermill/message.(*handler).run(0xc000d9f110, {0x1083d4720, 0xc00112bef0}, {0xc0007563c0, 0x6, 0x0?})
	/Users/jace/go/pkg/mod/github.com/!three!dots!labs/watermill@v1.4.6/message/router.go:645 +0x2b4
github.com/ThreeDotsLabs/watermill/message.(*Router).RunHandlers.func1()
	/Users/jace/go/pkg/mod/github.com/!three!dots!labs/watermill@v1.4.6/message/router.go:460 +0x145
created by github.com/ThreeDotsLabs/watermill/message.(*Router).RunHandlers in goroutine 13643
	/Users/jace/go/pkg/mod/github.com/!three!dots!labs/watermill@v1.4.6/message/router.go:453 +0x606

goroutine 21917 [sync.Cond.Wait]:
sync.runtime_notifyListWait(0xc001460c50, 0x0)
	/usr/local/Cellar/go/1.24.2/libexec/src/runtime/sema.go:597 +0x159
sync.(*Cond).Wait(0x100010000?)
	/usr/local/Cellar/go/1.24.2/libexec/src/sync/cond.go:71 +0x85
github.com/nats-io/nats%2ego.(*asyncCallbacksHandler).asyncCBDispatcher(0xc0015d4640)
	/Users/jace/go/pkg/mod/github.com/nats-io/nats.go@v1.41.1/nats.go:3059 +0xdd
created by github.com/nats-io/nats%2ego.Options.Connect in goroutine 20993
	/Users/jace/go/pkg/mod/github.com/nats-io/nats.go@v1.41.1/nats.go:1635 +0x387

goroutine 14547 [chan receive, 1 minutes]:
github.com/ThreeDotsLabs/watermill/message.(*messageTransformSubscriberDecorator).Subscribe.func1()
	/Users/jace/go/pkg/mod/github.com/!three!dots!labs/watermill@v1.4.6/message/decorator.go:52 +0x85
created by github.com/ThreeDotsLabs/watermill/message.(*messageTransformSubscriberDecorator).Subscribe in goroutine 14472
	/Users/jace/go/pkg/mod/github.com/!three!dots!labs/watermill@v1.4.6/message/decorator.go:51 +0xc7

goroutine 17634 [select, 1 minutes]:
github.com/nats-io/nats.go/jetstream.(*pullSubscription).Next(0xc0014ff440)
	/Users/jace/go/pkg/mod/github.com/nats-io/nats.go@v1.41.1/jetstream/pull.go:589 +0x285
github.com/Black-And-White-Club/frolf-bot-shared/eventbus.(*eventBus).Subscribe.func1()
	/Users/jace/Documents/GitHub/frolf-bot-shared/eventbus/eventbus.go:326 +0x169
created by github.com/Black-And-White-Club/frolf-bot-shared/eventbus.(*eventBus).Subscribe in goroutine 17354
	/Users/jace/Documents/GitHub/frolf-bot-shared/eventbus/eventbus.go:315 +0xbf1

goroutine 14519 [sync.Cond.Wait, 1 minutes]:
sync.runtime_notifyListWait(0xc0009e06d0, 0x1c)
	/usr/local/Cellar/go/1.24.2/libexec/src/runtime/sema.go:597 +0x159
sync.(*Cond).Wait(0xc00133c370?)
	/usr/local/Cellar/go/1.24.2/libexec/src/sync/cond.go:71 +0x85
github.com/nats-io/nats%2ego.(*Conn).waitForMsgs(0xc0006bee08, 0xc0003232c0)
	/Users/jace/go/pkg/mod/github.com/nats-io/nats.go@v1.41.1/nats.go:3178 +0xc5
created by github.com/nats-io/nats%2ego.(*Conn).subscribeLocked in goroutine 13837
	/Users/jace/go/pkg/mod/github.com/nats-io/nats.go@v1.41.1/nats.go:4468 +0x419

goroutine 16489 [select, 1 minutes]:
github.com/nats-io/nats.go/jetstream.(*pullConsumer).Messages.func2()
	/Users/jace/go/pkg/mod/github.com/nats-io/nats.go@v1.41.1/jetstream/pull.go:538 +0x68
created by github.com/nats-io/nats.go/jetstream.(*pullConsumer).Messages in goroutine 16469
	/Users/jace/go/pkg/mod/github.com/nats-io/nats.go@v1.41.1/jetstream/pull.go:536 +0x78a

goroutine 14691 [select]:
github.com/nats-io/nats%2ego.(*Conn).doReconnect(0xc000312e08, {0x1083c48c8, 0x108d63970}, 0x0)
	/Users/jace/go/pkg/mod/github.com/nats-io/nats.go@v1.41.1/nats.go:2907 +0x41a
created by github.com/nats-io/nats%2ego.(*Conn).processOpErr in goroutine 14516
	/Users/jace/go/pkg/mod/github.com/nats-io/nats.go@v1.41.1/nats.go:3043 +0x2f3

goroutine 16495 [select, 1 minutes]:
github.com/nats-io/nats.go/jetstream.(*pullSubscription).Next(0xc000a7a3f0)
	/Users/jace/go/pkg/mod/github.com/nats-io/nats.go@v1.41.1/jetstream/pull.go:589 +0x285
github.com/Black-And-White-Club/frolf-bot-shared/eventbus.(*eventBus).Subscribe.func1()
	/Users/jace/Documents/GitHub/frolf-bot-shared/eventbus/eventbus.go:326 +0x169
created by github.com/Black-And-White-Club/frolf-bot-shared/eventbus.(*eventBus).Subscribe in goroutine 16469
	/Users/jace/Documents/GitHub/frolf-bot-shared/eventbus/eventbus.go:315 +0xbf1

goroutine 14518 [sync.Cond.Wait, 1 minutes]:
sync.runtime_notifyListWait(0xc000a075d0, 0x0)
	/usr/local/Cellar/go/1.24.2/libexec/src/runtime/sema.go:597 +0x159
sync.(*Cond).Wait(0xc001128b70?)
	/usr/local/Cellar/go/1.24.2/libexec/src/sync/cond.go:71 +0x85
github.com/nats-io/nats%2ego.(*asyncCallbacksHandler).asyncCBDispatcher(0xc00090f740)
	/Users/jace/go/pkg/mod/github.com/nats-io/nats.go@v1.41.1/nats.go:3059 +0xdd
created by github.com/nats-io/nats%2ego.Options.Connect in goroutine 13837
	/Users/jace/go/pkg/mod/github.com/nats-io/nats.go@v1.41.1/nats.go:1635 +0x387

goroutine 24224 [chan receive]:
github.com/ThreeDotsLabs/watermill/message.(*messageTransformSubscriberDecorator).Subscribe.func1()
	/Users/jace/go/pkg/mod/github.com/!three!dots!labs/watermill@v1.4.6/message/decorator.go:52 +0x85
created by github.com/ThreeDotsLabs/watermill/message.(*messageTransformSubscriberDecorator).Subscribe in goroutine 24274
	/Users/jace/go/pkg/mod/github.com/!three!dots!labs/watermill@v1.4.6/message/decorator.go:51 +0xc7

goroutine 18493 [select, 1 minutes]:
github.com/nats-io/nats.go/jetstream.(*pullSubscription).pullMessages(0xc000bd7c20, {0xc000cbb490, 0x61})
	/Users/jace/go/pkg/mod/github.com/nats-io/nats.go@v1.41.1/jetstream/pull.go:955 +0x91
created by github.com/nats-io/nats.go/jetstream.(*pullConsumer).Messages in goroutine 18555
	/Users/jace/go/pkg/mod/github.com/nats-io/nats.go@v1.41.1/jetstream/pull.go:534 +0x748

goroutine 16486 [sync.Cond.Wait, 1 minutes]:
sync.runtime_notifyListWait(0xc000f9c710, 0x1c)
	/usr/local/Cellar/go/1.24.2/libexec/src/runtime/sema.go:597 +0x159
sync.(*Cond).Wait(0x1000001083d4720?)
	/usr/local/Cellar/go/1.24.2/libexec/src/sync/cond.go:71 +0x85
github.com/nats-io/nats%2ego.(*Conn).waitForMsgs(0xc0003ef808, 0xc000f123c0)
	/Users/jace/go/pkg/mod/github.com/nats-io/nats.go@v1.41.1/nats.go:3178 +0xc5
created by github.com/nats-io/nats%2ego.(*Conn).subscribeLocked in goroutine 15814
	/Users/jace/go/pkg/mod/github.com/nats-io/nats.go@v1.41.1/nats.go:4468 +0x419

goroutine 21998 [chan receive]:
github.com/ThreeDotsLabs/watermill/message.(*handler).run(0xc0016031e0, {0x1083d4720, 0xc0001b35e0}, {0xc0015c52c0, 0x6, 0xc000eca778?})
	/Users/jace/go/pkg/mod/github.com/!three!dots!labs/watermill@v1.4.6/message/router.go:645 +0x2b4
github.com/ThreeDotsLabs/watermill/message.(*Router).RunHandlers.func1()
	/Users/jace/go/pkg/mod/github.com/!three!dots!labs/watermill@v1.4.6/message/router.go:460 +0x145
created by github.com/ThreeDotsLabs/watermill/message.(*Router).RunHandlers in goroutine 21873
	/Users/jace/go/pkg/mod/github.com/!three!dots!labs/watermill@v1.4.6/message/router.go:453 +0x606

goroutine 18496 [chan receive, 1 minutes]:
github.com/ThreeDotsLabs/watermill/message.(*messageTransformSubscriberDecorator).Subscribe.func1()
	/Users/jace/go/pkg/mod/github.com/!three!dots!labs/watermill@v1.4.6/message/decorator.go:52 +0x85
created by github.com/ThreeDotsLabs/watermill/message.(*messageTransformSubscriberDecorator).Subscribe in goroutine 18555
	/Users/jace/go/pkg/mod/github.com/!three!dots!labs/watermill@v1.4.6/message/decorator.go:51 +0xc7

goroutine 17635 [chan receive, 1 minutes]:
github.com/ThreeDotsLabs/watermill/message.(*messageTransformSubscriberDecorator).Subscribe.func1()
	/Users/jace/go/pkg/mod/github.com/!three!dots!labs/watermill@v1.4.6/message/decorator.go:52 +0x85
created by github.com/ThreeDotsLabs/watermill/message.(*messageTransformSubscriberDecorator).Subscribe in goroutine 17354
	/Users/jace/go/pkg/mod/github.com/!three!dots!labs/watermill@v1.4.6/message/decorator.go:51 +0xc7

goroutine 14515 [sync.Cond.Wait, 1 minutes]:
sync.runtime_notifyListWait(0xc0012ee1d0, 0x0)
	/usr/local/Cellar/go/1.24.2/libexec/src/runtime/sema.go:597 +0x159
sync.(*Cond).Wait(0xc00133c3f0?)
	/usr/local/Cellar/go/1.24.2/libexec/src/sync/cond.go:71 +0x85
github.com/nats-io/nats%2ego.(*asyncCallbacksHandler).asyncCBDispatcher(0xc000808280)
	/Users/jace/go/pkg/mod/github.com/nats-io/nats.go@v1.41.1/nats.go:3059 +0xdd
created by github.com/nats-io/nats%2ego.Options.Connect in goroutine 13837
	/Users/jace/go/pkg/mod/github.com/nats-io/nats.go@v1.41.1/nats.go:1635 +0x387

goroutine 14687 [select]:
github.com/nats-io/nats%2ego.(*Conn).doReconnect(0xc0006bee08, {0x1083c48c8, 0x108d63970}, 0x0)
	/Users/jace/go/pkg/mod/github.com/nats-io/nats.go@v1.41.1/nats.go:2907 +0x41a
created by github.com/nats-io/nats%2ego.(*Conn).processOpErr in goroutine 14401
	/Users/jace/go/pkg/mod/github.com/nats-io/nats.go@v1.41.1/nats.go:3043 +0x2f3

goroutine 15567 [chan receive, 1 minutes]:
github.com/ThreeDotsLabs/watermill/message.(*messageTransformSubscriberDecorator).Subscribe.func1()
	/Users/jace/go/pkg/mod/github.com/!three!dots!labs/watermill@v1.4.6/message/decorator.go:52 +0x85
created by github.com/ThreeDotsLabs/watermill/message.(*messageTransformSubscriberDecorator).Subscribe in goroutine 15577
	/Users/jace/go/pkg/mod/github.com/!three!dots!labs/watermill@v1.4.6/message/decorator.go:51 +0xc7

goroutine 16473 [select, 1 minutes]:
github.com/nats-io/nats.go/jetstream.(*pullSubscription).Next(0xc0010f53b0)
	/Users/jace/go/pkg/mod/github.com/nats-io/nats.go@v1.41.1/jetstream/pull.go:589 +0x285
github.com/Black-And-White-Club/frolf-bot-shared/eventbus.(*eventBus).Subscribe.func1()
	/Users/jace/Documents/GitHub/frolf-bot-shared/eventbus/eventbus.go:326 +0x169
created by github.com/Black-And-White-Club/frolf-bot-shared/eventbus.(*eventBus).Subscribe in goroutine 16469
	/Users/jace/Documents/GitHub/frolf-bot-shared/eventbus/eventbus.go:315 +0xbf1

goroutine 15568 [chan receive, 1 minutes]:
github.com/ThreeDotsLabs/watermill/message.(*handler).run(0xc0011140d0, {0x1083d4720, 0xc000956ff0}, {0xc00049e840, 0x6, 0x0?})
	/Users/jace/go/pkg/mod/github.com/!three!dots!labs/watermill@v1.4.6/message/router.go:645 +0x2b4
github.com/ThreeDotsLabs/watermill/message.(*Router).RunHandlers.func1()
	/Users/jace/go/pkg/mod/github.com/!three!dots!labs/watermill@v1.4.6/message/router.go:460 +0x145
created by github.com/ThreeDotsLabs/watermill/message.(*Router).RunHandlers in goroutine 15577
	/Users/jace/go/pkg/mod/github.com/!three!dots!labs/watermill@v1.4.6/message/router.go:453 +0x606

goroutine 14641 [select]:
github.com/nats-io/nats%2ego.(*Conn).doReconnect(0xc00059ca08, {0x1083c48c8, 0x108d63970}, 0x0)
	/Users/jace/go/pkg/mod/github.com/nats-io/nats.go@v1.41.1/nats.go:2907 +0x41a
created by github.com/nats-io/nats%2ego.(*Conn).processOpErr in goroutine 14500
	/Users/jace/go/pkg/mod/github.com/nats-io/nats.go@v1.41.1/nats.go:3043 +0x2f3

goroutine 16463 [select, 1 minutes]:
github.com/nats-io/nats.go/jetstream.(*pullSubscription).pullMessages(0xc00054d0e0, {0xc000ea8b60, 0x61})
	/Users/jace/go/pkg/mod/github.com/nats-io/nats.go@v1.41.1/jetstream/pull.go:955 +0x91
created by github.com/nats-io/nats.go/jetstream.(*pullConsumer).Messages in goroutine 16469
	/Users/jace/go/pkg/mod/github.com/nats-io/nats.go@v1.41.1/jetstream/pull.go:534 +0x748

goroutine 16478 [select, 1 minutes]:
github.com/nats-io/nats.go/jetstream.(*pullSubscription).Next(0xc0010f58c0)
	/Users/jace/go/pkg/mod/github.com/nats-io/nats.go@v1.41.1/jetstream/pull.go:589 +0x285
github.com/Black-And-White-Club/frolf-bot-shared/eventbus.(*eventBus).Subscribe.func1()
	/Users/jace/Documents/GitHub/frolf-bot-shared/eventbus/eventbus.go:326 +0x169
created by github.com/Black-And-White-Club/frolf-bot-shared/eventbus.(*eventBus).Subscribe in goroutine 16469
	/Users/jace/Documents/GitHub/frolf-bot-shared/eventbus/eventbus.go:315 +0xbf1

goroutine 14460 [select, 1 minutes]:
github.com/nats-io/nats.go/jetstream.(*pullSubscription).pullMessages(0xc000cd7680, {0xc0000329c0, 0x5b})
	/Users/jace/go/pkg/mod/github.com/nats-io/nats.go@v1.41.1/jetstream/pull.go:955 +0x91
created by github.com/nats-io/nats.go/jetstream.(*pullConsumer).Messages in goroutine 14472
	/Users/jace/go/pkg/mod/github.com/nats-io/nats.go@v1.41.1/jetstream/pull.go:534 +0x748

goroutine 14461 [select, 1 minutes]:
github.com/nats-io/nats.go/jetstream.(*pullConsumer).Messages.func2()
	/Users/jace/go/pkg/mod/github.com/nats-io/nats.go@v1.41.1/jetstream/pull.go:538 +0x68
created by github.com/nats-io/nats.go/jetstream.(*pullConsumer).Messages in goroutine 14472
	/Users/jace/go/pkg/mod/github.com/nats-io/nats.go@v1.41.1/jetstream/pull.go:536 +0x78a

goroutine 14462 [select, 1 minutes]:
github.com/nats-io/nats.go/jetstream.(*pullSubscription).Next(0xc000cd7680)
	/Users/jace/go/pkg/mod/github.com/nats-io/nats.go@v1.41.1/jetstream/pull.go:589 +0x285
github.com/Black-And-White-Club/frolf-bot-shared/eventbus.(*eventBus).Subscribe.func1()
	/Users/jace/Documents/GitHub/frolf-bot-shared/eventbus/eventbus.go:326 +0x169
created by github.com/Black-And-White-Club/frolf-bot-shared/eventbus.(*eventBus).Subscribe in goroutine 14472
	/Users/jace/Documents/GitHub/frolf-bot-shared/eventbus/eventbus.go:315 +0xbf1

goroutine 14463 [chan receive, 1 minutes]:
github.com/ThreeDotsLabs/watermill/message.(*messageTransformSubscriberDecorator).Subscribe.func1()
	/Users/jace/go/pkg/mod/github.com/!three!dots!labs/watermill@v1.4.6/message/decorator.go:52 +0x85
created by github.com/ThreeDotsLabs/watermill/message.(*messageTransformSubscriberDecorator).Subscribe in goroutine 14472
	/Users/jace/go/pkg/mod/github.com/!three!dots!labs/watermill@v1.4.6/message/decorator.go:51 +0xc7

goroutine 14464 [chan receive, 1 minutes]:
github.com/ThreeDotsLabs/watermill/message.(*handler).run(0xc001115ba0, {0x1083d4720, 0xc001502280}, {0xc00140d200, 0x6, 0x4?})
	/Users/jace/go/pkg/mod/github.com/!three!dots!labs/watermill@v1.4.6/message/router.go:645 +0x2b4
github.com/ThreeDotsLabs/watermill/message.(*Router).RunHandlers.func1()
	/Users/jace/go/pkg/mod/github.com/!three!dots!labs/watermill@v1.4.6/message/router.go:460 +0x145
created by github.com/ThreeDotsLabs/watermill/message.(*Router).RunHandlers in goroutine 14472
	/Users/jace/go/pkg/mod/github.com/!three!dots!labs/watermill@v1.4.6/message/router.go:453 +0x606

goroutine 14465 [select, 1 minutes]:
github.com/nats-io/nats.go/jetstream.(*pullSubscription).pullMessages(0xc000cd7a70, {0xc000032a80, 0x55})
	/Users/jace/go/pkg/mod/github.com/nats-io/nats.go@v1.41.1/jetstream/pull.go:955 +0x91
created by github.com/nats-io/nats.go/jetstream.(*pullConsumer).Messages in goroutine 14472
	/Users/jace/go/pkg/mod/github.com/nats-io/nats.go@v1.41.1/jetstream/pull.go:534 +0x748

goroutine 14530 [select, 1 minutes]:
github.com/nats-io/nats.go/jetstream.(*pullConsumer).Messages.func2()
	/Users/jace/go/pkg/mod/github.com/nats-io/nats.go@v1.41.1/jetstream/pull.go:538 +0x68
created by github.com/nats-io/nats.go/jetstream.(*pullConsumer).Messages in goroutine 14472
	/Users/jace/go/pkg/mod/github.com/nats-io/nats.go@v1.41.1/jetstream/pull.go:536 +0x78a

goroutine 14531 [select, 1 minutes]:
github.com/nats-io/nats.go/jetstream.(*pullSubscription).Next(0xc000cd7a70)
	/Users/jace/go/pkg/mod/github.com/nats-io/nats.go@v1.41.1/jetstream/pull.go:589 +0x285
github.com/Black-And-White-Club/frolf-bot-shared/eventbus.(*eventBus).Subscribe.func1()
	/Users/jace/Documents/GitHub/frolf-bot-shared/eventbus/eventbus.go:326 +0x169
created by github.com/Black-And-White-Club/frolf-bot-shared/eventbus.(*eventBus).Subscribe in goroutine 14472
	/Users/jace/Documents/GitHub/frolf-bot-shared/eventbus/eventbus.go:315 +0xbf1

goroutine 14532 [chan receive, 1 minutes]:
github.com/ThreeDotsLabs/watermill/message.(*messageTransformSubscriberDecorator).Subscribe.func1()
	/Users/jace/go/pkg/mod/github.com/!three!dots!labs/watermill@v1.4.6/message/decorator.go:52 +0x85
created by github.com/ThreeDotsLabs/watermill/message.(*messageTransformSubscriberDecorator).Subscribe in goroutine 14472
	/Users/jace/go/pkg/mod/github.com/!three!dots!labs/watermill@v1.4.6/message/decorator.go:51 +0xc7

goroutine 14533 [chan receive, 1 minutes]:
github.com/ThreeDotsLabs/watermill/message.(*handler).run(0xc001115450, {0x1083d4720, 0xc000801810}, {0xc00140d2c0, 0x6, 0x0?})
	/Users/jace/go/pkg/mod/github.com/!three!dots!labs/watermill@v1.4.6/message/router.go:645 +0x2b4
github.com/ThreeDotsLabs/watermill/message.(*Router).RunHandlers.func1()
	/Users/jace/go/pkg/mod/github.com/!three!dots!labs/watermill@v1.4.6/message/router.go:460 +0x145
created by github.com/ThreeDotsLabs/watermill/message.(*Router).RunHandlers in goroutine 14472
	/Users/jace/go/pkg/mod/github.com/!three!dots!labs/watermill@v1.4.6/message/router.go:453 +0x606

goroutine 14548 [chan receive, 1 minutes]:
github.com/ThreeDotsLabs/watermill/message.(*handler).run(0xc0011156c0, {0x1083d4720, 0xc0008019a0}, {0xc000812240, 0x6, 0x4?})
	/Users/jace/go/pkg/mod/github.com/!three!dots!labs/watermill@v1.4.6/message/router.go:645 +0x2b4
github.com/ThreeDotsLabs/watermill/message.(*Router).RunHandlers.func1()
	/Users/jace/go/pkg/mod/github.com/!three!dots!labs/watermill@v1.4.6/message/router.go:460 +0x145
created by github.com/ThreeDotsLabs/watermill/message.(*Router).RunHandlers in goroutine 14472
	/Users/jace/go/pkg/mod/github.com/!three!dots!labs/watermill@v1.4.6/message/router.go:453 +0x606

goroutine 14534 [select, 1 minutes]:
github.com/nats-io/nats.go/jetstream.(*pullSubscription).pullMessages(0xc00130a120, {0xc000032ba0, 0x60})
	/Users/jace/go/pkg/mod/github.com/nats-io/nats.go@v1.41.1/jetstream/pull.go:955 +0x91
created by github.com/nats-io/nats.go/jetstream.(*pullConsumer).Messages in goroutine 14472
	/Users/jace/go/pkg/mod/github.com/nats-io/nats.go@v1.41.1/jetstream/pull.go:534 +0x748

goroutine 14535 [select, 1 minutes]:
github.com/nats-io/nats.go/jetstream.(*pullConsumer).Messages.func2()
	/Users/jace/go/pkg/mod/github.com/nats-io/nats.go@v1.41.1/jetstream/pull.go:538 +0x68
created by github.com/nats-io/nats.go/jetstream.(*pullConsumer).Messages in goroutine 14472
	/Users/jace/go/pkg/mod/github.com/nats-io/nats.go@v1.41.1/jetstream/pull.go:536 +0x78a

goroutine 14536 [select, 1 minutes]:
github.com/nats-io/nats.go/jetstream.(*pullSubscription).Next(0xc00130a120)
	/Users/jace/go/pkg/mod/github.com/nats-io/nats.go@v1.41.1/jetstream/pull.go:589 +0x285
github.com/Black-And-White-Club/frolf-bot-shared/eventbus.(*eventBus).Subscribe.func1()
	/Users/jace/Documents/GitHub/frolf-bot-shared/eventbus/eventbus.go:326 +0x169
created by github.com/Black-And-White-Club/frolf-bot-shared/eventbus.(*eventBus).Subscribe in goroutine 14472
	/Users/jace/Documents/GitHub/frolf-bot-shared/eventbus/eventbus.go:315 +0xbf1

goroutine 14537 [chan receive, 1 minutes]:
github.com/ThreeDotsLabs/watermill/message.(*messageTransformSubscriberDecorator).Subscribe.func1()
	/Users/jace/go/pkg/mod/github.com/!three!dots!labs/watermill@v1.4.6/message/decorator.go:52 +0x85
created by github.com/ThreeDotsLabs/watermill/message.(*messageTransformSubscriberDecorator).Subscribe in goroutine 14472
	/Users/jace/go/pkg/mod/github.com/!three!dots!labs/watermill@v1.4.6/message/decorator.go:51 +0xc7

goroutine 14538 [chan receive, 1 minutes]:
github.com/ThreeDotsLabs/watermill/message.(*handler).run(0xc001115790, {0x1083d4720, 0xc0010c1400}, {0xc00018aa80, 0x6, 0x0?})
	/Users/jace/go/pkg/mod/github.com/!three!dots!labs/watermill@v1.4.6/message/router.go:645 +0x2b4
github.com/ThreeDotsLabs/watermill/message.(*Router).RunHandlers.func1()
	/Users/jace/go/pkg/mod/github.com/!three!dots!labs/watermill@v1.4.6/message/router.go:460 +0x145
created by github.com/ThreeDotsLabs/watermill/message.(*Router).RunHandlers in goroutine 14472
	/Users/jace/go/pkg/mod/github.com/!three!dots!labs/watermill@v1.4.6/message/router.go:453 +0x606

goroutine 17620 [chan receive, 1 minutes]:
github.com/ThreeDotsLabs/watermill/message.(*handler).run(0xc001406410, {0x1083d4720, 0xc0013256d0}, {0xc00171e000, 0x6, 0xc000e42778?})
	/Users/jace/go/pkg/mod/github.com/!three!dots!labs/watermill@v1.4.6/message/router.go:645 +0x2b4
github.com/ThreeDotsLabs/watermill/message.(*Router).RunHandlers.func1()
	/Users/jace/go/pkg/mod/github.com/!three!dots!labs/watermill@v1.4.6/message/router.go:460 +0x145
created by github.com/ThreeDotsLabs/watermill/message.(*Router).RunHandlers in goroutine 17354
	/Users/jace/go/pkg/mod/github.com/!three!dots!labs/watermill@v1.4.6/message/router.go:453 +0x606

goroutine 14495 [select, 1 minutes]:
github.com/nats-io/nats.go/jetstream.(*pullSubscription).pullMessages(0xc000c26510, {0xc000dc4af0, 0x63})
	/Users/jace/go/pkg/mod/github.com/nats-io/nats.go@v1.41.1/jetstream/pull.go:955 +0x91
created by github.com/nats-io/nats.go/jetstream.(*pullConsumer).Messages in goroutine 14472
	/Users/jace/go/pkg/mod/github.com/nats-io/nats.go@v1.41.1/jetstream/pull.go:534 +0x748

goroutine 14496 [select, 1 minutes]:
github.com/nats-io/nats.go/jetstream.(*pullConsumer).Messages.func2()
	/Users/jace/go/pkg/mod/github.com/nats-io/nats.go@v1.41.1/jetstream/pull.go:538 +0x68
created by github.com/nats-io/nats.go/jetstream.(*pullConsumer).Messages in goroutine 14472
	/Users/jace/go/pkg/mod/github.com/nats-io/nats.go@v1.41.1/jetstream/pull.go:536 +0x78a

goroutine 14497 [select, 1 minutes]:
github.com/nats-io/nats.go/jetstream.(*pullSubscription).Next(0xc000c26510)
	/Users/jace/go/pkg/mod/github.com/nats-io/nats.go@v1.41.1/jetstream/pull.go:589 +0x285
github.com/Black-And-White-Club/frolf-bot-shared/eventbus.(*eventBus).Subscribe.func1()
	/Users/jace/Documents/GitHub/frolf-bot-shared/eventbus/eventbus.go:326 +0x169
created by github.com/Black-And-White-Club/frolf-bot-shared/eventbus.(*eventBus).Subscribe in goroutine 14472
	/Users/jace/Documents/GitHub/frolf-bot-shared/eventbus/eventbus.go:315 +0xbf1

goroutine 14562 [chan receive, 1 minutes]:
github.com/ThreeDotsLabs/watermill/message.(*messageTransformSubscriberDecorator).Subscribe.func1()
	/Users/jace/go/pkg/mod/github.com/!three!dots!labs/watermill@v1.4.6/message/decorator.go:52 +0x85
created by github.com/ThreeDotsLabs/watermill/message.(*messageTransformSubscriberDecorator).Subscribe in goroutine 14472
	/Users/jace/go/pkg/mod/github.com/!three!dots!labs/watermill@v1.4.6/message/decorator.go:51 +0xc7

goroutine 14563 [chan receive, 1 minutes]:
github.com/ThreeDotsLabs/watermill/message.(*handler).run(0xc001115860, {0x1083d4720, 0xc000801b30}, {0xc000812300, 0x6, 0x1000000000001?})
	/Users/jace/go/pkg/mod/github.com/!three!dots!labs/watermill@v1.4.6/message/router.go:645 +0x2b4
github.com/ThreeDotsLabs/watermill/message.(*Router).RunHandlers.func1()
	/Users/jace/go/pkg/mod/github.com/!three!dots!labs/watermill@v1.4.6/message/router.go:460 +0x145
created by github.com/ThreeDotsLabs/watermill/message.(*Router).RunHandlers in goroutine 14472
	/Users/jace/go/pkg/mod/github.com/!three!dots!labs/watermill@v1.4.6/message/router.go:453 +0x606

goroutine 15717 [select]:
github.com/nats-io/nats%2ego.(*Conn).doReconnect(0xc000731808, {0x1083c48c8, 0x108d63970}, 0x0)
	/Users/jace/go/pkg/mod/github.com/nats-io/nats.go@v1.41.1/nats.go:2907 +0x41a
created by github.com/nats-io/nats%2ego.(*Conn).processOpErr in goroutine 15534
	/Users/jace/go/pkg/mod/github.com/nats-io/nats.go@v1.41.1/nats.go:3043 +0x2f3

goroutine 14539 [select, 1 minutes]:
github.com/nats-io/nats.go/jetstream.(*pullSubscription).pullMessages(0xc00130a5a0, {0xc0003e8fc0, 0x61})
	/Users/jace/go/pkg/mod/github.com/nats-io/nats.go@v1.41.1/jetstream/pull.go:955 +0x91
created by github.com/nats-io/nats.go/jetstream.(*pullConsumer).Messages in goroutine 14472
	/Users/jace/go/pkg/mod/github.com/nats-io/nats.go@v1.41.1/jetstream/pull.go:534 +0x748

goroutine 14540 [select, 1 minutes]:
github.com/nats-io/nats.go/jetstream.(*pullConsumer).Messages.func2()
	/Users/jace/go/pkg/mod/github.com/nats-io/nats.go@v1.41.1/jetstream/pull.go:538 +0x68
created by github.com/nats-io/nats.go/jetstream.(*pullConsumer).Messages in goroutine 14472
	/Users/jace/go/pkg/mod/github.com/nats-io/nats.go@v1.41.1/jetstream/pull.go:536 +0x78a

goroutine 14541 [select, 1 minutes]:
github.com/nats-io/nats.go/jetstream.(*pullSubscription).Next(0xc00130a5a0)
	/Users/jace/go/pkg/mod/github.com/nats-io/nats.go@v1.41.1/jetstream/pull.go:589 +0x285
github.com/Black-And-White-Club/frolf-bot-shared/eventbus.(*eventBus).Subscribe.func1()
	/Users/jace/Documents/GitHub/frolf-bot-shared/eventbus/eventbus.go:326 +0x169
created by github.com/Black-And-White-Club/frolf-bot-shared/eventbus.(*eventBus).Subscribe in goroutine 14472
	/Users/jace/Documents/GitHub/frolf-bot-shared/eventbus/eventbus.go:315 +0xbf1

goroutine 14542 [chan receive, 1 minutes]:
github.com/ThreeDotsLabs/watermill/message.(*messageTransformSubscriberDecorator).Subscribe.func1()
	/Users/jace/go/pkg/mod/github.com/!three!dots!labs/watermill@v1.4.6/message/decorator.go:52 +0x85
created by github.com/ThreeDotsLabs/watermill/message.(*messageTransformSubscriberDecorator).Subscribe in goroutine 14472
	/Users/jace/go/pkg/mod/github.com/!three!dots!labs/watermill@v1.4.6/message/decorator.go:51 +0xc7

goroutine 14543 [chan receive, 1 minutes]:
github.com/ThreeDotsLabs/watermill/message.(*handler).run(0xc001115930, {0x1083d4720, 0xc001502410}, {0xc000169500, 0x6, 0x0?})
	/Users/jace/go/pkg/mod/github.com/!three!dots!labs/watermill@v1.4.6/message/router.go:645 +0x2b4
github.com/ThreeDotsLabs/watermill/message.(*Router).RunHandlers.func1()
	/Users/jace/go/pkg/mod/github.com/!three!dots!labs/watermill@v1.4.6/message/router.go:460 +0x145
created by github.com/ThreeDotsLabs/watermill/message.(*Router).RunHandlers in goroutine 14472
	/Users/jace/go/pkg/mod/github.com/!three!dots!labs/watermill@v1.4.6/message/router.go:453 +0x606

goroutine 15452 [select, 1 minutes]:
github.com/nats-io/nats.go/jetstream.(*pullConsumer).Messages.func2()
	/Users/jace/go/pkg/mod/github.com/nats-io/nats.go@v1.41.1/jetstream/pull.go:538 +0x68
created by github.com/nats-io/nats.go/jetstream.(*pullConsumer).Messages in goroutine 15577
	/Users/jace/go/pkg/mod/github.com/nats-io/nats.go@v1.41.1/jetstream/pull.go:536 +0x78a

goroutine 16485 [sync.Cond.Wait, 1 minutes]:
sync.runtime_notifyListWait(0xc000f9c590, 0x0)
	/usr/local/Cellar/go/1.24.2/libexec/src/runtime/sema.go:597 +0x159
sync.(*Cond).Wait(0xc0010d30a0?)
	/usr/local/Cellar/go/1.24.2/libexec/src/sync/cond.go:71 +0x85
github.com/nats-io/nats%2ego.(*asyncCallbacksHandler).asyncCBDispatcher(0xc0015ac440)
	/Users/jace/go/pkg/mod/github.com/nats-io/nats.go@v1.41.1/nats.go:3059 +0xdd
created by github.com/nats-io/nats%2ego.Options.Connect in goroutine 15814
	/Users/jace/go/pkg/mod/github.com/nats-io/nats.go@v1.41.1/nats.go:1635 +0x387

goroutine 18495 [select, 1 minutes]:
github.com/nats-io/nats.go/jetstream.(*pullSubscription).Next(0xc000bd7c20)
	/Users/jace/go/pkg/mod/github.com/nats-io/nats.go@v1.41.1/jetstream/pull.go:589 +0x285
github.com/Black-And-White-Club/frolf-bot-shared/eventbus.(*eventBus).Subscribe.func1()
	/Users/jace/Documents/GitHub/frolf-bot-shared/eventbus/eventbus.go:326 +0x169
created by github.com/Black-And-White-Club/frolf-bot-shared/eventbus.(*eventBus).Subscribe in goroutine 18555
	/Users/jace/Documents/GitHub/frolf-bot-shared/eventbus/eventbus.go:315 +0xbf1

goroutine 24250 [sync.Cond.Wait]:
sync.runtime_notifyListWait(0xc0008e6fd0, 0x0)
	/usr/local/Cellar/go/1.24.2/libexec/src/runtime/sema.go:597 +0x159
sync.(*Cond).Wait(0x1083d4790?)
	/usr/local/Cellar/go/1.24.2/libexec/src/sync/cond.go:71 +0x85
github.com/nats-io/nats%2ego.(*asyncCallbacksHandler).asyncCBDispatcher(0xc0008092e0)
	/Users/jace/go/pkg/mod/github.com/nats-io/nats.go@v1.41.1/nats.go:3059 +0xdd
created by github.com/nats-io/nats%2ego.Options.Connect in goroutine 23247
	/Users/jace/go/pkg/mod/github.com/nats-io/nats.go@v1.41.1/nats.go:1635 +0x387

goroutine 18610 [select, 1 minutes]:
github.com/nats-io/nats.go/jetstream.(*pullSubscription).pullMessages(0xc000cfe2d0, {0xc000032cc0, 0x55})
	/Users/jace/go/pkg/mod/github.com/nats-io/nats.go@v1.41.1/jetstream/pull.go:955 +0x91
created by github.com/nats-io/nats.go/jetstream.(*pullConsumer).Messages in goroutine 18555
	/Users/jace/go/pkg/mod/github.com/nats-io/nats.go@v1.41.1/jetstream/pull.go:534 +0x748

goroutine 21927 [select]:
github.com/nats-io/nats.go/jetstream.(*pullConsumer).Messages.func2()
	/Users/jace/go/pkg/mod/github.com/nats-io/nats.go@v1.41.1/jetstream/pull.go:538 +0x68
created by github.com/nats-io/nats.go/jetstream.(*pullConsumer).Messages in goroutine 21873
	/Users/jace/go/pkg/mod/github.com/nats-io/nats.go@v1.41.1/jetstream/pull.go:536 +0x78a

goroutine 18463 [select, 1 minutes]:
github.com/nats-io/nats.go/jetstream.(*pullConsumer).Messages.func2()
	/Users/jace/go/pkg/mod/github.com/nats-io/nats.go@v1.41.1/jetstream/pull.go:538 +0x68
created by github.com/nats-io/nats.go/jetstream.(*pullConsumer).Messages in goroutine 18555
	/Users/jace/go/pkg/mod/github.com/nats-io/nats.go@v1.41.1/jetstream/pull.go:536 +0x78a

goroutine 21995 [select]:
github.com/nats-io/nats.go/jetstream.(*pullConsumer).Messages.func2()
	/Users/jace/go/pkg/mod/github.com/nats-io/nats.go@v1.41.1/jetstream/pull.go:538 +0x68
created by github.com/nats-io/nats.go/jetstream.(*pullConsumer).Messages in goroutine 21873
	/Users/jace/go/pkg/mod/github.com/nats-io/nats.go@v1.41.1/jetstream/pull.go:536 +0x78a

goroutine 16440 [select, 1 minutes]:
github.com/nats-io/nats.go/jetstream.(*pullSubscription).pullMessages(0xc0006a6240, {0xc0004920a0, 0x4e})
	/Users/jace/go/pkg/mod/github.com/nats-io/nats.go@v1.41.1/jetstream/pull.go:955 +0x91
created by github.com/nats-io/nats.go/jetstream.(*pullConsumer).Messages in goroutine 16469
	/Users/jace/go/pkg/mod/github.com/nats-io/nats.go@v1.41.1/jetstream/pull.go:534 +0x748

goroutine 14630 [sync.WaitGroup.Wait, 1 minutes]:
sync.runtime_SemacquireWaitGroup(0x1083d4718?)
	/usr/local/Cellar/go/1.24.2/libexec/src/runtime/sema.go:110 +0x25
sync.(*WaitGroup).Wait(0xc0011a3fd0?)
	/usr/local/Cellar/go/1.24.2/libexec/src/sync/waitgroup.go:118 +0x48
github.com/ThreeDotsLabs/watermill/message.(*Router).waitForHandlers.func1()
	/Users/jace/go/pkg/mod/github.com/!three!dots!labs/watermill@v1.4.6/message/router.go:579 +0x4b
created by github.com/ThreeDotsLabs/watermill/message.(*Router).waitForHandlers in goroutine 13837
	/Users/jace/go/pkg/mod/github.com/!three!dots!labs/watermill@v1.4.6/message/router.go:577 +0x87

goroutine 14613 [sync.Cond.Wait, 1 minutes]:
sync.runtime_notifyListWait(0xc000d4dad0, 0x2)
	/usr/local/Cellar/go/1.24.2/libexec/src/runtime/sema.go:597 +0x159
sync.(*Cond).Wait(0xc00138f3a0?)
	/usr/local/Cellar/go/1.24.2/libexec/src/sync/cond.go:71 +0x85
github.com/nats-io/nats%2ego.(*Conn).waitForMsgs(0xc00059ca08, 0xc000f13950)
	/Users/jace/go/pkg/mod/github.com/nats-io/nats.go@v1.41.1/nats.go:3178 +0xc5
created by github.com/nats-io/nats%2ego.(*Conn).subscribeLocked in goroutine 13837
	/Users/jace/go/pkg/mod/github.com/nats-io/nats.go@v1.41.1/nats.go:4468 +0x419

goroutine 17780 [select]:
github.com/nats-io/nats%2ego.(*Conn).doReconnect(0xc0014a7508, {0x1083c48c8, 0x108d63970}, 0x0)
	/Users/jace/go/pkg/mod/github.com/nats-io/nats.go@v1.41.1/nats.go:2907 +0x41a
created by github.com/nats-io/nats%2ego.(*Conn).processOpErr in goroutine 17579
	/Users/jace/go/pkg/mod/github.com/nats-io/nats.go@v1.41.1/nats.go:3043 +0x2f3

goroutine 16474 [chan receive, 1 minutes]:
github.com/ThreeDotsLabs/watermill/message.(*messageTransformSubscriberDecorator).Subscribe.func1()
	/Users/jace/go/pkg/mod/github.com/!three!dots!labs/watermill@v1.4.6/message/decorator.go:52 +0x85
created by github.com/ThreeDotsLabs/watermill/message.(*messageTransformSubscriberDecorator).Subscribe in goroutine 16469
	/Users/jace/go/pkg/mod/github.com/!three!dots!labs/watermill@v1.4.6/message/decorator.go:51 +0xc7

goroutine 14632 [sync.WaitGroup.Wait, 1 minutes]:
sync.runtime_SemacquireWaitGroup(0x0?)
	/usr/local/Cellar/go/1.24.2/libexec/src/runtime/sema.go:110 +0x25
sync.(*WaitGroup).Wait(0x10726d452?)
	/usr/local/Cellar/go/1.24.2/libexec/src/sync/waitgroup.go:118 +0x48
github.com/ThreeDotsLabs/watermill/pubsub/sync.WaitGroupTimeout.func1()
	/Users/jace/go/pkg/mod/github.com/!three!dots!labs/watermill@v1.4.6/pubsub/sync/waitgroup.go:13 +0x25
created by github.com/ThreeDotsLabs/watermill/pubsub/sync.WaitGroupTimeout in goroutine 13837
	/Users/jace/go/pkg/mod/github.com/!three!dots!labs/watermill@v1.4.6/pubsub/sync/waitgroup.go:12 +0x85

goroutine 15566 [select, 1 minutes]:
github.com/nats-io/nats.go/jetstream.(*pullSubscription).Next(0xc000cd6ab0)
	/Users/jace/go/pkg/mod/github.com/nats-io/nats.go@v1.41.1/jetstream/pull.go:589 +0x285
github.com/Black-And-White-Club/frolf-bot-shared/eventbus.(*eventBus).Subscribe.func1()
	/Users/jace/Documents/GitHub/frolf-bot-shared/eventbus/eventbus.go:326 +0x169
created by github.com/Black-And-White-Club/frolf-bot-shared/eventbus.(*eventBus).Subscribe in goroutine 15577
	/Users/jace/Documents/GitHub/frolf-bot-shared/eventbus/eventbus.go:315 +0xbf1

goroutine 18433 [chan receive, 1 minutes]:
github.com/ThreeDotsLabs/watermill/message.(*handler).run(0xc000d44dd0, {0x1083d4720, 0xc000a20190}, {0xc000ee3440, 0x6, 0x4?})
	/Users/jace/go/pkg/mod/github.com/!three!dots!labs/watermill@v1.4.6/message/router.go:645 +0x2b4
github.com/ThreeDotsLabs/watermill/message.(*Router).RunHandlers.func1()
	/Users/jace/go/pkg/mod/github.com/!three!dots!labs/watermill@v1.4.6/message/router.go:460 +0x145
created by github.com/ThreeDotsLabs/watermill/message.(*Router).RunHandlers in goroutine 18555
	/Users/jace/go/pkg/mod/github.com/!three!dots!labs/watermill@v1.4.6/message/router.go:453 +0x606

goroutine 17353 [sync.Cond.Wait, 1 minutes]:
sync.runtime_notifyListWait(0xc001345390, 0x1c)
	/usr/local/Cellar/go/1.24.2/libexec/src/runtime/sema.go:597 +0x159
sync.(*Cond).Wait(0xc000c25c20?)
	/usr/local/Cellar/go/1.24.2/libexec/src/sync/cond.go:71 +0x85
github.com/nats-io/nats%2ego.(*Conn).waitForMsgs(0xc0014a6e08, 0xc000f13b30)
	/Users/jace/go/pkg/mod/github.com/nats-io/nats.go@v1.41.1/nats.go:3178 +0xc5
created by github.com/nats-io/nats%2ego.(*Conn).subscribeLocked in goroutine 16706
	/Users/jace/go/pkg/mod/github.com/nats-io/nats.go@v1.41.1/nats.go:4468 +0x419

goroutine 17355 [sync.WaitGroup.Wait, 1 minutes]:
sync.runtime_SemacquireWaitGroup(0x1072326d2?)
	/usr/local/Cellar/go/1.24.2/libexec/src/runtime/sema.go:110 +0x25
sync.(*WaitGroup).Wait(0x10749cfbc?)
	/usr/local/Cellar/go/1.24.2/libexec/src/sync/waitgroup.go:118 +0x48
github.com/ThreeDotsLabs/watermill/message.(*Router).watchAllHandlersStopped.func1()
	/Users/jace/go/pkg/mod/github.com/!three!dots!labs/watermill@v1.4.6/message/router.go:498 +0x86
created by github.com/ThreeDotsLabs/watermill/message.(*Router).watchAllHandlersStopped in goroutine 17354
	/Users/jace/go/pkg/mod/github.com/!three!dots!labs/watermill@v1.4.6/message/router.go:484 +0xec

goroutine 15561 [select, 1 minutes]:
github.com/nats-io/nats.go/jetstream.(*pullSubscription).Next(0xc000cd6630)
	/Users/jace/go/pkg/mod/github.com/nats-io/nats.go@v1.41.1/jetstream/pull.go:589 +0x285
github.com/Black-And-White-Club/frolf-bot-shared/eventbus.(*eventBus).Subscribe.func1()
	/Users/jace/Documents/GitHub/frolf-bot-shared/eventbus/eventbus.go:326 +0x169
created by github.com/Black-And-White-Club/frolf-bot-shared/eventbus.(*eventBus).Subscribe in goroutine 15577
	/Users/jace/Documents/GitHub/frolf-bot-shared/eventbus/eventbus.go:315 +0xbf1

goroutine 17568 [select, 1 minutes]:
github.com/nats-io/nats.go/jetstream.(*pullSubscription).pullMessages(0xc0014ff440, {0xc0014ddb20, 0x61})
	/Users/jace/go/pkg/mod/github.com/nats-io/nats.go@v1.41.1/jetstream/pull.go:955 +0x91
created by github.com/nats-io/nats.go/jetstream.(*pullConsumer).Messages in goroutine 17354
	/Users/jace/go/pkg/mod/github.com/nats-io/nats.go@v1.41.1/jetstream/pull.go:534 +0x748

goroutine 17569 [select, 1 minutes]:
github.com/nats-io/nats.go/jetstream.(*pullConsumer).Messages.func2()
	/Users/jace/go/pkg/mod/github.com/nats-io/nats.go@v1.41.1/jetstream/pull.go:538 +0x68
created by github.com/nats-io/nats.go/jetstream.(*pullConsumer).Messages in goroutine 17354
	/Users/jace/go/pkg/mod/github.com/nats-io/nats.go@v1.41.1/jetstream/pull.go:536 +0x78a

goroutine 16479 [chan receive, 1 minutes]:
github.com/ThreeDotsLabs/watermill/message.(*messageTransformSubscriberDecorator).Subscribe.func1()
	/Users/jace/go/pkg/mod/github.com/!three!dots!labs/watermill@v1.4.6/message/decorator.go:52 +0x85
created by github.com/ThreeDotsLabs/watermill/message.(*messageTransformSubscriberDecorator).Subscribe in goroutine 16469
	/Users/jace/go/pkg/mod/github.com/!three!dots!labs/watermill@v1.4.6/message/decorator.go:51 +0xc7

goroutine 18613 [chan receive, 1 minutes]:
github.com/ThreeDotsLabs/watermill/message.(*messageTransformSubscriberDecorator).Subscribe.func1()
	/Users/jace/go/pkg/mod/github.com/!three!dots!labs/watermill@v1.4.6/message/decorator.go:52 +0x85
created by github.com/ThreeDotsLabs/watermill/message.(*messageTransformSubscriberDecorator).Subscribe in goroutine 18555
	/Users/jace/go/pkg/mod/github.com/!three!dots!labs/watermill@v1.4.6/message/decorator.go:51 +0xc7

goroutine 16470 [sync.WaitGroup.Wait, 1 minutes]:
sync.runtime_SemacquireWaitGroup(0x0?)
	/usr/local/Cellar/go/1.24.2/libexec/src/runtime/sema.go:110 +0x25
sync.(*WaitGroup).Wait(0xc00037dce0?)
	/usr/local/Cellar/go/1.24.2/libexec/src/sync/waitgroup.go:118 +0x48
github.com/ThreeDotsLabs/watermill/message.(*Router).watchAllHandlersStopped.func1()
	/Users/jace/go/pkg/mod/github.com/!three!dots!labs/watermill@v1.4.6/message/router.go:498 +0x86
created by github.com/ThreeDotsLabs/watermill/message.(*Router).watchAllHandlersStopped in goroutine 16469
	/Users/jace/go/pkg/mod/github.com/!three!dots!labs/watermill@v1.4.6/message/router.go:484 +0xec

goroutine 16429 [sync.Cond.Wait, 1 minutes]:
sync.runtime_notifyListWait(0xc00080a050, 0x0)
	/usr/local/Cellar/go/1.24.2/libexec/src/runtime/sema.go:597 +0x159
sync.(*Cond).Wait(0x100c000fd5c00?)
	/usr/local/Cellar/go/1.24.2/libexec/src/sync/cond.go:71 +0x85
github.com/nats-io/nats%2ego.(*asyncCallbacksHandler).asyncCBDispatcher(0xc000a64080)
	/Users/jace/go/pkg/mod/github.com/nats-io/nats.go@v1.41.1/nats.go:3059 +0xdd
created by github.com/nats-io/nats%2ego.Options.Connect in goroutine 15814
	/Users/jace/go/pkg/mod/github.com/nats-io/nats.go@v1.41.1/nats.go:1635 +0x387

goroutine 21996 [select]:
github.com/nats-io/nats.go/jetstream.(*pullSubscription).Next(0xc0015dac60)
	/Users/jace/go/pkg/mod/github.com/nats-io/nats.go@v1.41.1/jetstream/pull.go:589 +0x285
github.com/Black-And-White-Club/frolf-bot-shared/eventbus.(*eventBus).Subscribe.func1()
	/Users/jace/Documents/GitHub/frolf-bot-shared/eventbus/eventbus.go:326 +0x169
created by github.com/Black-And-White-Club/frolf-bot-shared/eventbus.(*eventBus).Subscribe in goroutine 21873
	/Users/jace/Documents/GitHub/frolf-bot-shared/eventbus/eventbus.go:315 +0xbf1

goroutine 15536 [sync.Cond.Wait, 1 minutes]:
sync.runtime_notifyListWait(0xc000aa2850, 0x0)
	/usr/local/Cellar/go/1.24.2/libexec/src/runtime/sema.go:597 +0x159
sync.(*Cond).Wait(0x100000001?)
	/usr/local/Cellar/go/1.24.2/libexec/src/sync/cond.go:71 +0x85
github.com/nats-io/nats%2ego.(*asyncCallbacksHandler).asyncCBDispatcher(0xc000d10ae0)
	/Users/jace/go/pkg/mod/github.com/nats-io/nats.go@v1.41.1/nats.go:3059 +0xdd
created by github.com/nats-io/nats%2ego.Options.Connect in goroutine 14688
	/Users/jace/go/pkg/mod/github.com/nats-io/nats.go@v1.41.1/nats.go:1635 +0x387

goroutine 17359 [select, 1 minutes]:
github.com/nats-io/nats.go/jetstream.(*pullSubscription).Next(0xc00140a3f0)
	/Users/jace/go/pkg/mod/github.com/nats-io/nats.go@v1.41.1/jetstream/pull.go:589 +0x285
github.com/Black-And-White-Club/frolf-bot-shared/eventbus.(*eventBus).Subscribe.func1()
	/Users/jace/Documents/GitHub/frolf-bot-shared/eventbus/eventbus.go:326 +0x169
created by github.com/Black-And-White-Club/frolf-bot-shared/eventbus.(*eventBus).Subscribe in goroutine 17354
	/Users/jace/Documents/GitHub/frolf-bot-shared/eventbus/eventbus.go:315 +0xbf1

goroutine 20806 [chan receive]:
github.com/ThreeDotsLabs/watermill/message.(*handler).run(0xc001889c70, {0x1083d4720, 0xc00112b270}, {0xc0018f6840, 0x6, 0x0?})
	/Users/jace/go/pkg/mod/github.com/!three!dots!labs/watermill@v1.4.6/message/router.go:645 +0x2b4
github.com/ThreeDotsLabs/watermill/message.(*Router).RunHandlers.func1()
	/Users/jace/go/pkg/mod/github.com/!three!dots!labs/watermill@v1.4.6/message/router.go:460 +0x145
created by github.com/ThreeDotsLabs/watermill/message.(*Router).RunHandlers in goroutine 20731
	/Users/jace/go/pkg/mod/github.com/!three!dots!labs/watermill@v1.4.6/message/router.go:453 +0x606

goroutine 20874 [sync.WaitGroup.Wait]:
sync.runtime_SemacquireWaitGroup(0x1083d4718?)
	/usr/local/Cellar/go/1.24.2/libexec/src/runtime/sema.go:110 +0x25
sync.(*WaitGroup).Wait(0xc001036fd0?)
	/usr/local/Cellar/go/1.24.2/libexec/src/sync/waitgroup.go:118 +0x48
github.com/ThreeDotsLabs/watermill/message.(*Router).waitForHandlers.func1()
	/Users/jace/go/pkg/mod/github.com/!three!dots!labs/watermill@v1.4.6/message/router.go:579 +0x4b
created by github.com/ThreeDotsLabs/watermill/message.(*Router).waitForHandlers in goroutine 19986
	/Users/jace/go/pkg/mod/github.com/!three!dots!labs/watermill@v1.4.6/message/router.go:577 +0x87

goroutine 21928 [select]:
github.com/nats-io/nats.go/jetstream.(*pullSubscription).Next(0xc000bb9dd0)
	/Users/jace/go/pkg/mod/github.com/nats-io/nats.go@v1.41.1/jetstream/pull.go:589 +0x285
github.com/Black-And-White-Club/frolf-bot-shared/eventbus.(*eventBus).Subscribe.func1()
	/Users/jace/Documents/GitHub/frolf-bot-shared/eventbus/eventbus.go:326 +0x169
created by github.com/Black-And-White-Club/frolf-bot-shared/eventbus.(*eventBus).Subscribe in goroutine 21873
	/Users/jace/Documents/GitHub/frolf-bot-shared/eventbus/eventbus.go:315 +0xbf1

goroutine 18430 [select, 1 minutes]:
github.com/nats-io/nats.go/jetstream.(*pullConsumer).Messages.func2()
	/Users/jace/go/pkg/mod/github.com/nats-io/nats.go@v1.41.1/jetstream/pull.go:538 +0x68
created by github.com/nats-io/nats.go/jetstream.(*pullConsumer).Messages in goroutine 18555
	/Users/jace/go/pkg/mod/github.com/nats-io/nats.go@v1.41.1/jetstream/pull.go:536 +0x78a

goroutine 16649 [select]:
github.com/nats-io/nats%2ego.(*Conn).doReconnect(0xc000cfd808, {0x1083c48c8, 0x108d63970}, 0x0)
	/Users/jace/go/pkg/mod/github.com/nats-io/nats.go@v1.41.1/nats.go:2907 +0x41a
created by github.com/nats-io/nats%2ego.(*Conn).processOpErr in goroutine 16483
	/Users/jace/go/pkg/mod/github.com/nats-io/nats.go@v1.41.1/nats.go:3043 +0x2f3

goroutine 17622 [select, 1 minutes]:
github.com/nats-io/nats.go/jetstream.(*pullSubscription).pullMessages(0xc00153def0, {0xc0004939f0, 0x4e})
	/Users/jace/go/pkg/mod/github.com/nats-io/nats.go@v1.41.1/jetstream/pull.go:955 +0x91
created by github.com/nats-io/nats.go/jetstream.(*pullConsumer).Messages in goroutine 17354
	/Users/jace/go/pkg/mod/github.com/nats-io/nats.go@v1.41.1/jetstream/pull.go:534 +0x748

goroutine 16472 [select, 1 minutes]:
github.com/nats-io/nats.go/jetstream.(*pullConsumer).Messages.func2()
	/Users/jace/go/pkg/mod/github.com/nats-io/nats.go@v1.41.1/jetstream/pull.go:538 +0x68
created by github.com/nats-io/nats.go/jetstream.(*pullConsumer).Messages in goroutine 16469
	/Users/jace/go/pkg/mod/github.com/nats-io/nats.go@v1.41.1/jetstream/pull.go:536 +0x78a

goroutine 15562 [chan receive, 1 minutes]:
github.com/ThreeDotsLabs/watermill/message.(*messageTransformSubscriberDecorator).Subscribe.func1()
	/Users/jace/go/pkg/mod/github.com/!three!dots!labs/watermill@v1.4.6/message/decorator.go:52 +0x85
created by github.com/ThreeDotsLabs/watermill/message.(*messageTransformSubscriberDecorator).Subscribe in goroutine 15577
	/Users/jace/go/pkg/mod/github.com/!three!dots!labs/watermill@v1.4.6/message/decorator.go:51 +0xc7

goroutine 16444 [chan receive, 1 minutes]:
github.com/ThreeDotsLabs/watermill/message.(*handler).run(0xc001356340, {0x1083d4720, 0xc000d0c5a0}, {0xc00057a000, 0x6, 0x8?})
	/Users/jace/go/pkg/mod/github.com/!three!dots!labs/watermill@v1.4.6/message/router.go:645 +0x2b4
github.com/ThreeDotsLabs/watermill/message.(*Router).RunHandlers.func1()
	/Users/jace/go/pkg/mod/github.com/!three!dots!labs/watermill@v1.4.6/message/router.go:460 +0x145
created by github.com/ThreeDotsLabs/watermill/message.(*Router).RunHandlers in goroutine 16469
	/Users/jace/go/pkg/mod/github.com/!three!dots!labs/watermill@v1.4.6/message/router.go:453 +0x606

goroutine 22975 [select]:
github.com/nats-io/nats.go/jetstream.(*pullSubscription).Next(0xc0013e4a20)
	/Users/jace/go/pkg/mod/github.com/nats-io/nats.go@v1.41.1/jetstream/pull.go:589 +0x285
github.com/Black-And-White-Club/frolf-bot-shared/eventbus.(*eventBus).Subscribe.func1()
	/Users/jace/Documents/GitHub/frolf-bot-shared/eventbus/eventbus.go:326 +0x169
created by github.com/Black-And-White-Club/frolf-bot-shared/eventbus.(*eventBus).Subscribe in goroutine 22982
	/Users/jace/Documents/GitHub/frolf-bot-shared/eventbus/eventbus.go:315 +0xbf1

goroutine 15454 [chan receive, 1 minutes]:
github.com/ThreeDotsLabs/watermill/message.(*messageTransformSubscriberDecorator).Subscribe.func1()
	/Users/jace/go/pkg/mod/github.com/!three!dots!labs/watermill@v1.4.6/message/decorator.go:52 +0x85
created by github.com/ThreeDotsLabs/watermill/message.(*messageTransformSubscriberDecorator).Subscribe in goroutine 15577
	/Users/jace/go/pkg/mod/github.com/!three!dots!labs/watermill@v1.4.6/message/decorator.go:51 +0xc7

goroutine 20766 [select]:
github.com/nats-io/nats.go/jetstream.(*pullConsumer).Messages.func2()
	/Users/jace/go/pkg/mod/github.com/nats-io/nats.go@v1.41.1/jetstream/pull.go:538 +0x68
created by github.com/nats-io/nats.go/jetstream.(*pullConsumer).Messages in goroutine 20731
	/Users/jace/go/pkg/mod/github.com/nats-io/nats.go@v1.41.1/jetstream/pull.go:536 +0x78a

goroutine 16471 [select, 1 minutes]:
github.com/nats-io/nats.go/jetstream.(*pullSubscription).pullMessages(0xc0010f53b0, {0xc001412bd0, 0x63})
	/Users/jace/go/pkg/mod/github.com/nats-io/nats.go@v1.41.1/jetstream/pull.go:955 +0x91
created by github.com/nats-io/nats.go/jetstream.(*pullConsumer).Messages in goroutine 16469
	/Users/jace/go/pkg/mod/github.com/nats-io/nats.go@v1.41.1/jetstream/pull.go:534 +0x748

goroutine 18612 [select, 1 minutes]:
github.com/nats-io/nats.go/jetstream.(*pullSubscription).Next(0xc000cfe2d0)
	/Users/jace/go/pkg/mod/github.com/nats-io/nats.go@v1.41.1/jetstream/pull.go:589 +0x285
github.com/Black-And-White-Club/frolf-bot-shared/eventbus.(*eventBus).Subscribe.func1()
	/Users/jace/Documents/GitHub/frolf-bot-shared/eventbus/eventbus.go:326 +0x169
created by github.com/Black-And-White-Club/frolf-bot-shared/eventbus.(*eventBus).Subscribe in goroutine 18555
	/Users/jace/Documents/GitHub/frolf-bot-shared/eventbus/eventbus.go:315 +0xbf1

goroutine 15453 [select, 1 minutes]:
github.com/nats-io/nats.go/jetstream.(*pullSubscription).Next(0xc000ae0900)
	/Users/jace/go/pkg/mod/github.com/nats-io/nats.go@v1.41.1/jetstream/pull.go:589 +0x285
github.com/Black-And-White-Club/frolf-bot-shared/eventbus.(*eventBus).Subscribe.func1()
	/Users/jace/Documents/GitHub/frolf-bot-shared/eventbus/eventbus.go:326 +0x169
created by github.com/Black-And-White-Club/frolf-bot-shared/eventbus.(*eventBus).Subscribe in goroutine 15577
	/Users/jace/Documents/GitHub/frolf-bot-shared/eventbus/eventbus.go:315 +0xbf1

goroutine 15564 [select, 1 minutes]:
github.com/nats-io/nats.go/jetstream.(*pullSubscription).pullMessages(0xc000cd6ab0, {0xc00051d3e0, 0x53})
	/Users/jace/go/pkg/mod/github.com/nats-io/nats.go@v1.41.1/jetstream/pull.go:955 +0x91
created by github.com/nats-io/nats.go/jetstream.(*pullConsumer).Messages in goroutine 15577
	/Users/jace/go/pkg/mod/github.com/nats-io/nats.go@v1.41.1/jetstream/pull.go:534 +0x748

goroutine 17636 [chan receive, 1 minutes]:
github.com/ThreeDotsLabs/watermill/message.(*handler).run(0xc0014065b0, {0x1083d4720, 0xc0013ea820}, {0xc0010d5b00, 0x6, 0x1000000000001?})
	/Users/jace/go/pkg/mod/github.com/!three!dots!labs/watermill@v1.4.6/message/router.go:645 +0x2b4
github.com/ThreeDotsLabs/watermill/message.(*Router).RunHandlers.func1()
	/Users/jace/go/pkg/mod/github.com/!three!dots!labs/watermill@v1.4.6/message/router.go:460 +0x145
created by github.com/ThreeDotsLabs/watermill/message.(*Router).RunHandlers in goroutine 17354
	/Users/jace/go/pkg/mod/github.com/!three!dots!labs/watermill@v1.4.6/message/router.go:453 +0x606

goroutine 16442 [select, 1 minutes]:
github.com/nats-io/nats.go/jetstream.(*pullSubscription).Next(0xc0006a6240)
	/Users/jace/go/pkg/mod/github.com/nats-io/nats.go@v1.41.1/jetstream/pull.go:589 +0x285
github.com/Black-And-White-Club/frolf-bot-shared/eventbus.(*eventBus).Subscribe.func1()
	/Users/jace/Documents/GitHub/frolf-bot-shared/eventbus/eventbus.go:326 +0x169
created by github.com/Black-And-White-Club/frolf-bot-shared/eventbus.(*eventBus).Subscribe in goroutine 16469
	/Users/jace/Documents/GitHub/frolf-bot-shared/eventbus/eventbus.go:315 +0xbf1

goroutine 15768 [select]:
github.com/nats-io/nats%2ego.(*Conn).doReconnect(0xc0003ef108, {0x1083c48c8, 0x108d63970}, 0x0)
	/Users/jace/go/pkg/mod/github.com/nats-io/nats.go@v1.41.1/nats.go:2907 +0x41a
created by github.com/nats-io/nats%2ego.(*Conn).processOpErr in goroutine 15516
	/Users/jace/go/pkg/mod/github.com/nats-io/nats.go@v1.41.1/nats.go:3043 +0x2f3

goroutine 15573 [sync.Cond.Wait, 1 minutes]:
sync.runtime_notifyListWait(0xc000142750, 0x0)
	/usr/local/Cellar/go/1.24.2/libexec/src/runtime/sema.go:597 +0x159
sync.(*Cond).Wait(0x0?)
	/usr/local/Cellar/go/1.24.2/libexec/src/sync/cond.go:71 +0x85
github.com/nats-io/nats%2ego.(*asyncCallbacksHandler).asyncCBDispatcher(0xc000e0c2a0)
	/Users/jace/go/pkg/mod/github.com/nats-io/nats.go@v1.41.1/nats.go:3059 +0xdd
created by github.com/nats-io/nats%2ego.Options.Connect in goroutine 14688
	/Users/jace/go/pkg/mod/github.com/nats-io/nats.go@v1.41.1/nats.go:1635 +0x387

goroutine 16477 [select, 1 minutes]:
github.com/nats-io/nats.go/jetstream.(*pullConsumer).Messages.func2()
	/Users/jace/go/pkg/mod/github.com/nats-io/nats.go@v1.41.1/jetstream/pull.go:538 +0x68
created by github.com/nats-io/nats.go/jetstream.(*pullConsumer).Messages in goroutine 16469
	/Users/jace/go/pkg/mod/github.com/nats-io/nats.go@v1.41.1/jetstream/pull.go:536 +0x78a

goroutine 18494 [select, 1 minutes]:
github.com/nats-io/nats.go/jetstream.(*pullConsumer).Messages.func2()
	/Users/jace/go/pkg/mod/github.com/nats-io/nats.go@v1.41.1/jetstream/pull.go:538 +0x68
created by github.com/nats-io/nats.go/jetstream.(*pullConsumer).Messages in goroutine 18555
	/Users/jace/go/pkg/mod/github.com/nats-io/nats.go@v1.41.1/jetstream/pull.go:536 +0x78a

goroutine 15518 [sync.Cond.Wait, 1 minutes]:
sync.runtime_notifyListWait(0xc0001428d0, 0x0)
	/usr/local/Cellar/go/1.24.2/libexec/src/runtime/sema.go:597 +0x159
sync.(*Cond).Wait(0xc0000b82a0?)
	/usr/local/Cellar/go/1.24.2/libexec/src/sync/cond.go:71 +0x85
github.com/nats-io/nats%2ego.(*asyncCallbacksHandler).asyncCBDispatcher(0xc000e0c360)
	/Users/jace/go/pkg/mod/github.com/nats-io/nats.go@v1.41.1/nats.go:3059 +0xdd
created by github.com/nats-io/nats%2ego.Options.Connect in goroutine 14688
	/Users/jace/go/pkg/mod/github.com/nats-io/nats.go@v1.41.1/nats.go:1635 +0x387

goroutine 15519 [sync.Cond.Wait, 1 minutes]:
sync.runtime_notifyListWait(0xc0008e6790, 0x1c)
	/usr/local/Cellar/go/1.24.2/libexec/src/runtime/sema.go:597 +0x159
sync.(*Cond).Wait(0x1083d4720?)
	/usr/local/Cellar/go/1.24.2/libexec/src/sync/cond.go:71 +0x85
github.com/nats-io/nats%2ego.(*Conn).waitForMsgs(0xc000731808, 0xc000fbcb40)
	/Users/jace/go/pkg/mod/github.com/nats-io/nats.go@v1.41.1/nats.go:3178 +0xc5
created by github.com/nats-io/nats%2ego.(*Conn).subscribeLocked in goroutine 14688
	/Users/jace/go/pkg/mod/github.com/nats-io/nats.go@v1.41.1/nats.go:4468 +0x419

goroutine 17361 [chan receive, 1 minutes]:
github.com/ThreeDotsLabs/watermill/message.(*handler).run(0xc000b99790, {0x1083d4720, 0xc00169a190}, {0xc0010d5bc0, 0x6, 0xc000052200?})
	/Users/jace/go/pkg/mod/github.com/!three!dots!labs/watermill@v1.4.6/message/router.go:645 +0x2b4
github.com/ThreeDotsLabs/watermill/message.(*Router).RunHandlers.func1()
	/Users/jace/go/pkg/mod/github.com/!three!dots!labs/watermill@v1.4.6/message/router.go:460 +0x145
created by github.com/ThreeDotsLabs/watermill/message.(*Router).RunHandlers in goroutine 17354
	/Users/jace/go/pkg/mod/github.com/!three!dots!labs/watermill@v1.4.6/message/router.go:453 +0x606

goroutine 15578 [sync.WaitGroup.Wait, 1 minutes]:
sync.runtime_SemacquireWaitGroup(0x0?)
	/usr/local/Cellar/go/1.24.2/libexec/src/runtime/sema.go:110 +0x25
sync.(*WaitGroup).Wait(0x0?)
	/usr/local/Cellar/go/1.24.2/libexec/src/sync/waitgroup.go:118 +0x48
github.com/ThreeDotsLabs/watermill/message.(*Router).watchAllHandlersStopped.func1()
	/Users/jace/go/pkg/mod/github.com/!three!dots!labs/watermill@v1.4.6/message/router.go:498 +0x86
created by github.com/ThreeDotsLabs/watermill/message.(*Router).watchAllHandlersStopped in goroutine 15577
	/Users/jace/go/pkg/mod/github.com/!three!dots!labs/watermill@v1.4.6/message/router.go:484 +0xec

goroutine 15579 [select, 1 minutes]:
github.com/nats-io/nats.go/jetstream.(*pullSubscription).pullMessages(0xc0010a2fc0, {0xc0010cef00, 0x60})
	/Users/jace/go/pkg/mod/github.com/nats-io/nats.go@v1.41.1/jetstream/pull.go:955 +0x91
created by github.com/nats-io/nats.go/jetstream.(*pullConsumer).Messages in goroutine 15577
	/Users/jace/go/pkg/mod/github.com/nats-io/nats.go@v1.41.1/jetstream/pull.go:534 +0x748

goroutine 15580 [select, 1 minutes]:
github.com/nats-io/nats.go/jetstream.(*pullConsumer).Messages.func2()
	/Users/jace/go/pkg/mod/github.com/nats-io/nats.go@v1.41.1/jetstream/pull.go:538 +0x68
created by github.com/nats-io/nats.go/jetstream.(*pullConsumer).Messages in goroutine 15577
	/Users/jace/go/pkg/mod/github.com/nats-io/nats.go@v1.41.1/jetstream/pull.go:536 +0x78a

goroutine 15581 [select, 1 minutes]:
github.com/nats-io/nats.go/jetstream.(*pullSubscription).Next(0xc0010a2fc0)
	/Users/jace/go/pkg/mod/github.com/nats-io/nats.go@v1.41.1/jetstream/pull.go:589 +0x285
github.com/Black-And-White-Club/frolf-bot-shared/eventbus.(*eventBus).Subscribe.func1()
	/Users/jace/Documents/GitHub/frolf-bot-shared/eventbus/eventbus.go:326 +0x169
created by github.com/Black-And-White-Club/frolf-bot-shared/eventbus.(*eventBus).Subscribe in goroutine 15577
	/Users/jace/Documents/GitHub/frolf-bot-shared/eventbus/eventbus.go:315 +0xbf1

goroutine 15582 [chan receive, 1 minutes]:
github.com/ThreeDotsLabs/watermill/message.(*messageTransformSubscriberDecorator).Subscribe.func1()
	/Users/jace/go/pkg/mod/github.com/!three!dots!labs/watermill@v1.4.6/message/decorator.go:52 +0x85
created by github.com/ThreeDotsLabs/watermill/message.(*messageTransformSubscriberDecorator).Subscribe in goroutine 15577
	/Users/jace/go/pkg/mod/github.com/!three!dots!labs/watermill@v1.4.6/message/decorator.go:51 +0xc7

goroutine 15583 [chan receive, 1 minutes]:
github.com/ThreeDotsLabs/watermill/message.(*handler).run(0xc001114410, {0x1083d4720, 0xc00112a0f0}, {0xc00018af00, 0x6, 0x0?})
	/Users/jace/go/pkg/mod/github.com/!three!dots!labs/watermill@v1.4.6/message/router.go:645 +0x2b4
github.com/ThreeDotsLabs/watermill/message.(*Router).RunHandlers.func1()
	/Users/jace/go/pkg/mod/github.com/!three!dots!labs/watermill@v1.4.6/message/router.go:460 +0x145
created by github.com/ThreeDotsLabs/watermill/message.(*Router).RunHandlers in goroutine 15577
	/Users/jace/go/pkg/mod/github.com/!three!dots!labs/watermill@v1.4.6/message/router.go:453 +0x606

goroutine 15584 [select, 1 minutes]:
github.com/nats-io/nats.go/jetstream.(*pullSubscription).pullMessages(0xc0010a34d0, {0xc0013809a0, 0x63})
	/Users/jace/go/pkg/mod/github.com/nats-io/nats.go@v1.41.1/jetstream/pull.go:955 +0x91
created by github.com/nats-io/nats.go/jetstream.(*pullConsumer).Messages in goroutine 15577
	/Users/jace/go/pkg/mod/github.com/nats-io/nats.go@v1.41.1/jetstream/pull.go:534 +0x748

goroutine 16480 [chan receive, 1 minutes]:
github.com/ThreeDotsLabs/watermill/message.(*handler).run(0xc001356750, {0x1083d4720, 0xc000d0c3c0}, {0xc00018a540, 0x6, 0x4?})
	/Users/jace/go/pkg/mod/github.com/!three!dots!labs/watermill@v1.4.6/message/router.go:645 +0x2b4
github.com/ThreeDotsLabs/watermill/message.(*Router).RunHandlers.func1()
	/Users/jace/go/pkg/mod/github.com/!three!dots!labs/watermill@v1.4.6/message/router.go:460 +0x145
created by github.com/ThreeDotsLabs/watermill/message.(*Router).RunHandlers in goroutine 16469
	/Users/jace/go/pkg/mod/github.com/!three!dots!labs/watermill@v1.4.6/message/router.go:453 +0x606

goroutine 15585 [select, 1 minutes]:
github.com/nats-io/nats.go/jetstream.(*pullConsumer).Messages.func2()
	/Users/jace/go/pkg/mod/github.com/nats-io/nats.go@v1.41.1/jetstream/pull.go:538 +0x68
created by github.com/nats-io/nats.go/jetstream.(*pullConsumer).Messages in goroutine 15577
	/Users/jace/go/pkg/mod/github.com/nats-io/nats.go@v1.41.1/jetstream/pull.go:536 +0x78a

goroutine 15586 [select, 1 minutes]:
github.com/nats-io/nats.go/jetstream.(*pullSubscription).Next(0xc0010a34d0)
	/Users/jace/go/pkg/mod/github.com/nats-io/nats.go@v1.41.1/jetstream/pull.go:589 +0x285
github.com/Black-And-White-Club/frolf-bot-shared/eventbus.(*eventBus).Subscribe.func1()
	/Users/jace/Documents/GitHub/frolf-bot-shared/eventbus/eventbus.go:326 +0x169
created by github.com/Black-And-White-Club/frolf-bot-shared/eventbus.(*eventBus).Subscribe in goroutine 15577
	/Users/jace/Documents/GitHub/frolf-bot-shared/eventbus/eventbus.go:315 +0xbf1

goroutine 15587 [chan receive, 1 minutes]:
github.com/ThreeDotsLabs/watermill/message.(*messageTransformSubscriberDecorator).Subscribe.func1()
	/Users/jace/go/pkg/mod/github.com/!three!dots!labs/watermill@v1.4.6/message/decorator.go:52 +0x85
created by github.com/ThreeDotsLabs/watermill/message.(*messageTransformSubscriberDecorator).Subscribe in goroutine 15577
	/Users/jace/go/pkg/mod/github.com/!three!dots!labs/watermill@v1.4.6/message/decorator.go:51 +0xc7

goroutine 15588 [chan receive, 1 minutes]:
github.com/ThreeDotsLabs/watermill/message.(*handler).run(0xc001331c70, {0x1083d4720, 0xc00112a2d0}, {0xc00018afc0, 0x6, 0x0?})
	/Users/jace/go/pkg/mod/github.com/!three!dots!labs/watermill@v1.4.6/message/router.go:645 +0x2b4
github.com/ThreeDotsLabs/watermill/message.(*Router).RunHandlers.func1()
	/Users/jace/go/pkg/mod/github.com/!three!dots!labs/watermill@v1.4.6/message/router.go:460 +0x145
created by github.com/ThreeDotsLabs/watermill/message.(*Router).RunHandlers in goroutine 15577
	/Users/jace/go/pkg/mod/github.com/!three!dots!labs/watermill@v1.4.6/message/router.go:453 +0x606

goroutine 15455 [chan receive, 1 minutes]:
github.com/ThreeDotsLabs/watermill/message.(*handler).run(0xc001331e10, {0x1083d4720, 0xc00112a460}, {0xc0008120c0, 0x6, 0x0?})
	/Users/jace/go/pkg/mod/github.com/!three!dots!labs/watermill@v1.4.6/message/router.go:645 +0x2b4
github.com/ThreeDotsLabs/watermill/message.(*Router).RunHandlers.func1()
	/Users/jace/go/pkg/mod/github.com/!three!dots!labs/watermill@v1.4.6/message/router.go:460 +0x145
created by github.com/ThreeDotsLabs/watermill/message.(*Router).RunHandlers in goroutine 15577
	/Users/jace/go/pkg/mod/github.com/!three!dots!labs/watermill@v1.4.6/message/router.go:453 +0x606

goroutine 16476 [select, 1 minutes]:
github.com/nats-io/nats.go/jetstream.(*pullSubscription).pullMessages(0xc0010f58c0, {0xc000a52360, 0x53})
	/Users/jace/go/pkg/mod/github.com/nats-io/nats.go@v1.41.1/jetstream/pull.go:955 +0x91
created by github.com/nats-io/nats.go/jetstream.(*pullConsumer).Messages in goroutine 16469
	/Users/jace/go/pkg/mod/github.com/nats-io/nats.go@v1.41.1/jetstream/pull.go:534 +0x748

goroutine 15559 [select, 1 minutes]:
github.com/nats-io/nats.go/jetstream.(*pullSubscription).pullMessages(0xc000cd6630, {0xc000bb7180, 0x63})
	/Users/jace/go/pkg/mod/github.com/nats-io/nats.go@v1.41.1/jetstream/pull.go:955 +0x91
created by github.com/nats-io/nats.go/jetstream.(*pullConsumer).Messages in goroutine 15577
	/Users/jace/go/pkg/mod/github.com/nats-io/nats.go@v1.41.1/jetstream/pull.go:534 +0x748

goroutine 20805 [chan receive]:
github.com/ThreeDotsLabs/watermill/message.(*messageTransformSubscriberDecorator).Subscribe.func1()
	/Users/jace/go/pkg/mod/github.com/!three!dots!labs/watermill@v1.4.6/message/decorator.go:52 +0x85
created by github.com/ThreeDotsLabs/watermill/message.(*messageTransformSubscriberDecorator).Subscribe in goroutine 20731
	/Users/jace/go/pkg/mod/github.com/!three!dots!labs/watermill@v1.4.6/message/decorator.go:51 +0xc7

goroutine 15602 [select, 1 minutes]:
github.com/nats-io/nats.go/jetstream.(*pullConsumer).Messages.func2()
	/Users/jace/go/pkg/mod/github.com/nats-io/nats.go@v1.41.1/jetstream/pull.go:538 +0x68
created by github.com/nats-io/nats.go/jetstream.(*pullConsumer).Messages in goroutine 15577
	/Users/jace/go/pkg/mod/github.com/nats-io/nats.go@v1.41.1/jetstream/pull.go:536 +0x78a

goroutine 15603 [select, 1 minutes]:
github.com/nats-io/nats.go/jetstream.(*pullSubscription).Next(0xc000ae1dd0)
	/Users/jace/go/pkg/mod/github.com/nats-io/nats.go@v1.41.1/jetstream/pull.go:589 +0x285
github.com/Black-And-White-Club/frolf-bot-shared/eventbus.(*eventBus).Subscribe.func1()
	/Users/jace/Documents/GitHub/frolf-bot-shared/eventbus/eventbus.go:326 +0x169
created by github.com/Black-And-White-Club/frolf-bot-shared/eventbus.(*eventBus).Subscribe in goroutine 15577
	/Users/jace/Documents/GitHub/frolf-bot-shared/eventbus/eventbus.go:315 +0xbf1

goroutine 15604 [chan receive, 1 minutes]:
github.com/ThreeDotsLabs/watermill/message.(*messageTransformSubscriberDecorator).Subscribe.func1()
	/Users/jace/go/pkg/mod/github.com/!three!dots!labs/watermill@v1.4.6/message/decorator.go:52 +0x85
created by github.com/ThreeDotsLabs/watermill/message.(*messageTransformSubscriberDecorator).Subscribe in goroutine 15577
	/Users/jace/go/pkg/mod/github.com/!three!dots!labs/watermill@v1.4.6/message/decorator.go:51 +0xc7

goroutine 15605 [chan receive, 1 minutes]:
github.com/ThreeDotsLabs/watermill/message.(*handler).run(0xc0011141a0, {0x1083d4720, 0xc000957180}, {0xc00018b140, 0x6, 0x8?})
	/Users/jace/go/pkg/mod/github.com/!three!dots!labs/watermill@v1.4.6/message/router.go:645 +0x2b4
github.com/ThreeDotsLabs/watermill/message.(*Router).RunHandlers.func1()
	/Users/jace/go/pkg/mod/github.com/!three!dots!labs/watermill@v1.4.6/message/router.go:460 +0x145
created by github.com/ThreeDotsLabs/watermill/message.(*Router).RunHandlers in goroutine 15577
	/Users/jace/go/pkg/mod/github.com/!three!dots!labs/watermill@v1.4.6/message/router.go:453 +0x606

goroutine 15606 [select, 1 minutes]:
github.com/nats-io/nats.go/jetstream.(*pullSubscription).pullMessages(0xc001110510, {0xc0008ce240, 0x55})
	/Users/jace/go/pkg/mod/github.com/nats-io/nats.go@v1.41.1/jetstream/pull.go:955 +0x91
created by github.com/nats-io/nats.go/jetstream.(*pullConsumer).Messages in goroutine 15577
	/Users/jace/go/pkg/mod/github.com/nats-io/nats.go@v1.41.1/jetstream/pull.go:534 +0x748

goroutine 15607 [select, 1 minutes]:
github.com/nats-io/nats.go/jetstream.(*pullConsumer).Messages.func2()
	/Users/jace/go/pkg/mod/github.com/nats-io/nats.go@v1.41.1/jetstream/pull.go:538 +0x68
created by github.com/nats-io/nats.go/jetstream.(*pullConsumer).Messages in goroutine 15577
	/Users/jace/go/pkg/mod/github.com/nats-io/nats.go@v1.41.1/jetstream/pull.go:536 +0x78a

goroutine 15608 [select, 1 minutes]:
github.com/nats-io/nats.go/jetstream.(*pullSubscription).Next(0xc001110510)
	/Users/jace/go/pkg/mod/github.com/nats-io/nats.go@v1.41.1/jetstream/pull.go:589 +0x285
github.com/Black-And-White-Club/frolf-bot-shared/eventbus.(*eventBus).Subscribe.func1()
	/Users/jace/Documents/GitHub/frolf-bot-shared/eventbus/eventbus.go:326 +0x169
created by github.com/Black-And-White-Club/frolf-bot-shared/eventbus.(*eventBus).Subscribe in goroutine 15577
	/Users/jace/Documents/GitHub/frolf-bot-shared/eventbus/eventbus.go:315 +0xbf1

goroutine 15609 [chan receive, 1 minutes]:
github.com/ThreeDotsLabs/watermill/message.(*messageTransformSubscriberDecorator).Subscribe.func1()
	/Users/jace/go/pkg/mod/github.com/!three!dots!labs/watermill@v1.4.6/message/decorator.go:52 +0x85
created by github.com/ThreeDotsLabs/watermill/message.(*messageTransformSubscriberDecorator).Subscribe in goroutine 15577
	/Users/jace/go/pkg/mod/github.com/!three!dots!labs/watermill@v1.4.6/message/decorator.go:51 +0xc7

goroutine 15610 [chan receive, 1 minutes]:
github.com/ThreeDotsLabs/watermill/message.(*handler).run(0xc001114270, {0x1083d4720, 0xc0008009b0}, {0xc001447200, 0x6, 0x0?})
	/Users/jace/go/pkg/mod/github.com/!three!dots!labs/watermill@v1.4.6/message/router.go:645 +0x2b4
github.com/ThreeDotsLabs/watermill/message.(*Router).RunHandlers.func1()
	/Users/jace/go/pkg/mod/github.com/!three!dots!labs/watermill@v1.4.6/message/router.go:460 +0x145
created by github.com/ThreeDotsLabs/watermill/message.(*Router).RunHandlers in goroutine 15577
	/Users/jace/go/pkg/mod/github.com/!three!dots!labs/watermill@v1.4.6/message/router.go:453 +0x606

goroutine 15618 [select, 1 minutes]:
github.com/nats-io/nats.go/jetstream.(*pullSubscription).pullMessages(0xc000b32630, {0xc000f8a0a0, 0x4e})
	/Users/jace/go/pkg/mod/github.com/nats-io/nats.go@v1.41.1/jetstream/pull.go:955 +0x91
created by github.com/nats-io/nats.go/jetstream.(*pullConsumer).Messages in goroutine 15577
	/Users/jace/go/pkg/mod/github.com/nats-io/nats.go@v1.41.1/jetstream/pull.go:534 +0x748

goroutine 15619 [select, 1 minutes]:
github.com/nats-io/nats.go/jetstream.(*pullConsumer).Messages.func2()
	/Users/jace/go/pkg/mod/github.com/nats-io/nats.go@v1.41.1/jetstream/pull.go:538 +0x68
created by github.com/nats-io/nats.go/jetstream.(*pullConsumer).Messages in goroutine 15577
	/Users/jace/go/pkg/mod/github.com/nats-io/nats.go@v1.41.1/jetstream/pull.go:536 +0x78a

goroutine 15620 [select, 1 minutes]:
github.com/nats-io/nats.go/jetstream.(*pullSubscription).Next(0xc000b32630)
	/Users/jace/go/pkg/mod/github.com/nats-io/nats.go@v1.41.1/jetstream/pull.go:589 +0x285
github.com/Black-And-White-Club/frolf-bot-shared/eventbus.(*eventBus).Subscribe.func1()
	/Users/jace/Documents/GitHub/frolf-bot-shared/eventbus/eventbus.go:326 +0x169
created by github.com/Black-And-White-Club/frolf-bot-shared/eventbus.(*eventBus).Subscribe in goroutine 15577
	/Users/jace/Documents/GitHub/frolf-bot-shared/eventbus/eventbus.go:315 +0xbf1

goroutine 15621 [chan receive, 1 minutes]:
github.com/ThreeDotsLabs/watermill/message.(*messageTransformSubscriberDecorator).Subscribe.func1()
	/Users/jace/go/pkg/mod/github.com/!three!dots!labs/watermill@v1.4.6/message/decorator.go:52 +0x85
created by github.com/ThreeDotsLabs/watermill/message.(*messageTransformSubscriberDecorator).Subscribe in goroutine 15577
	/Users/jace/go/pkg/mod/github.com/!three!dots!labs/watermill@v1.4.6/message/decorator.go:51 +0xc7

goroutine 15622 [chan receive, 1 minutes]:
github.com/ThreeDotsLabs/watermill/message.(*handler).run(0xc001114340, {0x1083d4720, 0xc000800be0}, {0xc00049e900, 0x6, 0x0?})
	/Users/jace/go/pkg/mod/github.com/!three!dots!labs/watermill@v1.4.6/message/router.go:645 +0x2b4
github.com/ThreeDotsLabs/watermill/message.(*Router).RunHandlers.func1()
	/Users/jace/go/pkg/mod/github.com/!three!dots!labs/watermill@v1.4.6/message/router.go:460 +0x145
created by github.com/ThreeDotsLabs/watermill/message.(*Router).RunHandlers in goroutine 15577
	/Users/jace/go/pkg/mod/github.com/!three!dots!labs/watermill@v1.4.6/message/router.go:453 +0x606

goroutine 15767 [select]:
github.com/nats-io/nats%2ego.(*Conn).doReconnect(0xc0003ece08, {0x1083c48c8, 0x108d63970}, 0x0)
	/Users/jace/go/pkg/mod/github.com/nats-io/nats.go@v1.41.1/nats.go:2907 +0x41a
created by github.com/nats-io/nats%2ego.(*Conn).processOpErr in goroutine 15571
	/Users/jace/go/pkg/mod/github.com/nats-io/nats.go@v1.41.1/nats.go:3043 +0x2f3

goroutine 20764 [chan receive]:
github.com/ThreeDotsLabs/watermill/message.(*handler).run(0xc001889860, {0x1083d4720, 0xc00112af00}, {0xc000908f00, 0x6, 0x0?})
	/Users/jace/go/pkg/mod/github.com/!three!dots!labs/watermill@v1.4.6/message/router.go:645 +0x2b4
github.com/ThreeDotsLabs/watermill/message.(*Router).RunHandlers.func1()
	/Users/jace/go/pkg/mod/github.com/!three!dots!labs/watermill@v1.4.6/message/router.go:460 +0x145
created by github.com/ThreeDotsLabs/watermill/message.(*Router).RunHandlers in goroutine 20731
	/Users/jace/go/pkg/mod/github.com/!three!dots!labs/watermill@v1.4.6/message/router.go:453 +0x606

goroutine 15673 [sync.Cond.Wait, 1 minutes]:
sync.runtime_notifyListWait(0xc000dde7d0, 0x3)
	/usr/local/Cellar/go/1.24.2/libexec/src/runtime/sema.go:597 +0x159
sync.(*Cond).Wait(0xc0009c79c0?)
	/usr/local/Cellar/go/1.24.2/libexec/src/sync/cond.go:71 +0x85
github.com/nats-io/nats%2ego.(*Conn).waitForMsgs(0xc0003ece08, 0xc000377e00)
	/Users/jace/go/pkg/mod/github.com/nats-io/nats.go@v1.41.1/nats.go:3178 +0xc5
created by github.com/nats-io/nats%2ego.(*Conn).subscribeLocked in goroutine 14688
	/Users/jace/go/pkg/mod/github.com/nats-io/nats.go@v1.41.1/nats.go:4468 +0x419

goroutine 19812 [select, 1 minutes]:
github.com/nats-io/nats.go/jetstream.(*pullSubscription).Next(0xc000c26c60)
	/Users/jace/go/pkg/mod/github.com/nats-io/nats.go@v1.41.1/jetstream/pull.go:589 +0x285
github.com/Black-And-White-Club/frolf-bot-shared/eventbus.(*eventBus).Subscribe.func1()
	/Users/jace/Documents/GitHub/frolf-bot-shared/eventbus/eventbus.go:326 +0x169
created by github.com/Black-And-White-Club/frolf-bot-shared/eventbus.(*eventBus).Subscribe in goroutine 19728
	/Users/jace/Documents/GitHub/frolf-bot-shared/eventbus/eventbus.go:315 +0xbf1

goroutine 20763 [chan receive]:
github.com/ThreeDotsLabs/watermill/message.(*messageTransformSubscriberDecorator).Subscribe.func1()
	/Users/jace/go/pkg/mod/github.com/!three!dots!labs/watermill@v1.4.6/message/decorator.go:52 +0x85
created by github.com/ThreeDotsLabs/watermill/message.(*messageTransformSubscriberDecorator).Subscribe in goroutine 20731
	/Users/jace/go/pkg/mod/github.com/!three!dots!labs/watermill@v1.4.6/message/decorator.go:51 +0xc7

goroutine 17576 [sync.Cond.Wait, 1 minutes]:
sync.runtime_notifyListWait(0xc00155cad0, 0x0)
	/usr/local/Cellar/go/1.24.2/libexec/src/runtime/sema.go:597 +0x159
sync.(*Cond).Wait(0xc001098a10?)
	/usr/local/Cellar/go/1.24.2/libexec/src/sync/cond.go:71 +0x85
github.com/nats-io/nats%2ego.(*asyncCallbacksHandler).asyncCBDispatcher(0xc000b280a0)
	/Users/jace/go/pkg/mod/github.com/nats-io/nats.go@v1.41.1/nats.go:3059 +0xdd
created by github.com/nats-io/nats%2ego.Options.Connect in goroutine 16706
	/Users/jace/go/pkg/mod/github.com/nats-io/nats.go@v1.41.1/nats.go:1635 +0x387

goroutine 17584 [select, 1 minutes]:
github.com/nats-io/nats.go/jetstream.(*pullSubscription).pullMessages(0xc00153da70, {0xc000ab4c00, 0x60})
	/Users/jace/go/pkg/mod/github.com/nats-io/nats.go@v1.41.1/jetstream/pull.go:955 +0x91
created by github.com/nats-io/nats.go/jetstream.(*pullConsumer).Messages in goroutine 17354
	/Users/jace/go/pkg/mod/github.com/nats-io/nats.go@v1.41.1/jetstream/pull.go:534 +0x748

goroutine 15629 [sync.WaitGroup.Wait, 1 minutes]:
sync.runtime_SemacquireWaitGroup(0x1074d9dc0?)
	/usr/local/Cellar/go/1.24.2/libexec/src/runtime/sema.go:110 +0x25
sync.(*WaitGroup).Wait(0x1074d8e88?)
	/usr/local/Cellar/go/1.24.2/libexec/src/sync/waitgroup.go:118 +0x48
github.com/ThreeDotsLabs/watermill/pubsub/sync.WaitGroupTimeout.func1()
	/Users/jace/go/pkg/mod/github.com/!three!dots!labs/watermill@v1.4.6/pubsub/sync/waitgroup.go:13 +0x25
created by github.com/ThreeDotsLabs/watermill/pubsub/sync.WaitGroupTimeout in goroutine 14688
	/Users/jace/go/pkg/mod/github.com/!three!dots!labs/watermill@v1.4.6/pubsub/sync/waitgroup.go:12 +0x85

goroutine 16443 [chan receive, 1 minutes]:
github.com/ThreeDotsLabs/watermill/message.(*messageTransformSubscriberDecorator).Subscribe.func1()
	/Users/jace/go/pkg/mod/github.com/!three!dots!labs/watermill@v1.4.6/message/decorator.go:52 +0x85
created by github.com/ThreeDotsLabs/watermill/message.(*messageTransformSubscriberDecorator).Subscribe in goroutine 16469
	/Users/jace/go/pkg/mod/github.com/!three!dots!labs/watermill@v1.4.6/message/decorator.go:51 +0xc7

goroutine 18681 [sync.Cond.Wait, 1 minutes]:
sync.runtime_notifyListWait(0xc0011c2110, 0x2)
	/usr/local/Cellar/go/1.24.2/libexec/src/runtime/sema.go:597 +0x159
sync.(*Cond).Wait(0xc000a00990?)
	/usr/local/Cellar/go/1.24.2/libexec/src/sync/cond.go:71 +0x85
github.com/nats-io/nats%2ego.(*Conn).waitForMsgs(0xc0013d2308, 0xc000961590)
	/Users/jace/go/pkg/mod/github.com/nats-io/nats.go@v1.41.1/nats.go:3178 +0xc5
created by github.com/nats-io/nats%2ego.(*Conn).subscribeLocked in goroutine 17821
	/Users/jace/go/pkg/mod/github.com/nats-io/nats.go@v1.41.1/nats.go:4468 +0x419

goroutine 21902 [select]:
github.com/nats-io/nats.go/jetstream.(*pullSubscription).pullMessages(0xc000ae0000, {0xc00013a230, 0x4e})
	/Users/jace/go/pkg/mod/github.com/nats-io/nats.go@v1.41.1/jetstream/pull.go:955 +0x91
created by github.com/nats-io/nats.go/jetstream.(*pullConsumer).Messages in goroutine 21873
	/Users/jace/go/pkg/mod/github.com/nats-io/nats.go@v1.41.1/jetstream/pull.go:534 +0x748

goroutine 21791 [select]:
github.com/nats-io/nats.go/jetstream.(*pullSubscription).pullMessages(0xc0015da2d0, {0xc000ea80e0, 0x63})
	/Users/jace/go/pkg/mod/github.com/nats-io/nats.go@v1.41.1/jetstream/pull.go:955 +0x91
created by github.com/nats-io/nats.go/jetstream.(*pullConsumer).Messages in goroutine 21873
	/Users/jace/go/pkg/mod/github.com/nats-io/nats.go@v1.41.1/jetstream/pull.go:534 +0x748

goroutine 18497 [chan receive, 1 minutes]:
github.com/ThreeDotsLabs/watermill/message.(*handler).run(0xc000d44d00, {0x1083d4720, 0xc0010c03c0}, {0xc000ee3380, 0x6, 0xc000cd0f78?})
	/Users/jace/go/pkg/mod/github.com/!three!dots!labs/watermill@v1.4.6/message/router.go:645 +0x2b4
github.com/ThreeDotsLabs/watermill/message.(*Router).RunHandlers.func1()
	/Users/jace/go/pkg/mod/github.com/!three!dots!labs/watermill@v1.4.6/message/router.go:460 +0x145
created by github.com/ThreeDotsLabs/watermill/message.(*Router).RunHandlers in goroutine 18555
	/Users/jace/go/pkg/mod/github.com/!three!dots!labs/watermill@v1.4.6/message/router.go:453 +0x606

goroutine 18464 [select, 1 minutes]:
github.com/nats-io/nats.go/jetstream.(*pullSubscription).Next(0xc0010f5560)
	/Users/jace/go/pkg/mod/github.com/nats-io/nats.go@v1.41.1/jetstream/pull.go:589 +0x285
github.com/Black-And-White-Club/frolf-bot-shared/eventbus.(*eventBus).Subscribe.func1()
	/Users/jace/Documents/GitHub/frolf-bot-shared/eventbus/eventbus.go:326 +0x169
created by github.com/Black-And-White-Club/frolf-bot-shared/eventbus.(*eventBus).Subscribe in goroutine 18555
	/Users/jace/Documents/GitHub/frolf-bot-shared/eventbus/eventbus.go:315 +0xbf1

goroutine 15627 [sync.WaitGroup.Wait, 1 minutes]:
sync.runtime_SemacquireWaitGroup(0x1083d4718?)
	/usr/local/Cellar/go/1.24.2/libexec/src/runtime/sema.go:110 +0x25
sync.(*WaitGroup).Wait(0xc0011777d0?)
	/usr/local/Cellar/go/1.24.2/libexec/src/sync/waitgroup.go:118 +0x48
github.com/ThreeDotsLabs/watermill/message.(*Router).waitForHandlers.func1()
	/Users/jace/go/pkg/mod/github.com/!three!dots!labs/watermill@v1.4.6/message/router.go:579 +0x4b
created by github.com/ThreeDotsLabs/watermill/message.(*Router).waitForHandlers in goroutine 14688
	/Users/jace/go/pkg/mod/github.com/!three!dots!labs/watermill@v1.4.6/message/router.go:577 +0x87

goroutine 18462 [select, 1 minutes]:
github.com/nats-io/nats.go/jetstream.(*pullSubscription).pullMessages(0xc0010f5560, {0xc000d76960, 0x53})
	/Users/jace/go/pkg/mod/github.com/nats-io/nats.go@v1.41.1/jetstream/pull.go:955 +0x91
created by github.com/nats-io/nats.go/jetstream.(*pullConsumer).Messages in goroutine 18555
	/Users/jace/go/pkg/mod/github.com/nats-io/nats.go@v1.41.1/jetstream/pull.go:534 +0x748

goroutine 18750 [select]:
github.com/nats-io/nats%2ego.(*Conn).doReconnect(0xc0013d2a08, {0x1083c48c8, 0x108d63970}, 0x0)
	/Users/jace/go/pkg/mod/github.com/nats-io/nats.go@v1.41.1/nats.go:2907 +0x41a
created by github.com/nats-io/nats%2ego.(*Conn).processOpErr in goroutine 18551
	/Users/jace/go/pkg/mod/github.com/nats-io/nats.go@v1.41.1/nats.go:3043 +0x2f3

goroutine 16441 [select, 1 minutes]:
github.com/nats-io/nats.go/jetstream.(*pullConsumer).Messages.func2()
	/Users/jace/go/pkg/mod/github.com/nats-io/nats.go@v1.41.1/jetstream/pull.go:538 +0x68
created by github.com/nats-io/nats.go/jetstream.(*pullConsumer).Messages in goroutine 16469
	/Users/jace/go/pkg/mod/github.com/nats-io/nats.go@v1.41.1/jetstream/pull.go:536 +0x78a

goroutine 21988 [select]:
github.com/nats-io/nats.go/jetstream.(*pullSubscription).pullMessages(0xc0015da750, {0xc000ea8700, 0x61})
	/Users/jace/go/pkg/mod/github.com/nats-io/nats.go@v1.41.1/jetstream/pull.go:955 +0x91
created by github.com/nats-io/nats.go/jetstream.(*pullConsumer).Messages in goroutine 21873
	/Users/jace/go/pkg/mod/github.com/nats-io/nats.go@v1.41.1/jetstream/pull.go:534 +0x748

goroutine 17610 [chan receive, 1 minutes]:
github.com/ThreeDotsLabs/watermill/message.(*handler).run(0xc0014064e0, {0x1083d4720, 0xc00152ac80}, {0xc0013ec9c0, 0x6, 0xc001023f78?})
	/Users/jace/go/pkg/mod/github.com/!three!dots!labs/watermill@v1.4.6/message/router.go:645 +0x2b4
github.com/ThreeDotsLabs/watermill/message.(*Router).RunHandlers.func1()
	/Users/jace/go/pkg/mod/github.com/!three!dots!labs/watermill@v1.4.6/message/router.go:460 +0x145
created by github.com/ThreeDotsLabs/watermill/message.(*Router).RunHandlers in goroutine 17354
	/Users/jace/go/pkg/mod/github.com/!three!dots!labs/watermill@v1.4.6/message/router.go:453 +0x606

goroutine 17358 [select, 1 minutes]:
github.com/nats-io/nats.go/jetstream.(*pullConsumer).Messages.func2()
	/Users/jace/go/pkg/mod/github.com/nats-io/nats.go@v1.41.1/jetstream/pull.go:538 +0x68
created by github.com/nats-io/nats.go/jetstream.(*pullConsumer).Messages in goroutine 17354
	/Users/jace/go/pkg/mod/github.com/nats-io/nats.go@v1.41.1/jetstream/pull.go:536 +0x78a

goroutine 20803 [select]:
github.com/nats-io/nats.go/jetstream.(*pullConsumer).Messages.func2()
	/Users/jace/go/pkg/mod/github.com/nats-io/nats.go@v1.41.1/jetstream/pull.go:538 +0x68
created by github.com/nats-io/nats.go/jetstream.(*pullConsumer).Messages in goroutine 20731
	/Users/jace/go/pkg/mod/github.com/nats-io/nats.go@v1.41.1/jetstream/pull.go:536 +0x78a

goroutine 17357 [select, 1 minutes]:
github.com/nats-io/nats.go/jetstream.(*pullSubscription).pullMessages(0xc00140a3f0, {0xc00140c230, 0x63})
	/Users/jace/go/pkg/mod/github.com/nats-io/nats.go@v1.41.1/jetstream/pull.go:955 +0x91
created by github.com/nats-io/nats.go/jetstream.(*pullConsumer).Messages in goroutine 17354
	/Users/jace/go/pkg/mod/github.com/nats-io/nats.go@v1.41.1/jetstream/pull.go:534 +0x748

goroutine 16464 [select, 1 minutes]:
github.com/nats-io/nats.go/jetstream.(*pullConsumer).Messages.func2()
	/Users/jace/go/pkg/mod/github.com/nats-io/nats.go@v1.41.1/jetstream/pull.go:538 +0x68
created by github.com/nats-io/nats.go/jetstream.(*pullConsumer).Messages in goroutine 16469
	/Users/jace/go/pkg/mod/github.com/nats-io/nats.go@v1.41.1/jetstream/pull.go:536 +0x78a

goroutine 16465 [select, 1 minutes]:
github.com/nats-io/nats.go/jetstream.(*pullSubscription).Next(0xc00054d0e0)
	/Users/jace/go/pkg/mod/github.com/nats-io/nats.go@v1.41.1/jetstream/pull.go:589 +0x285
github.com/Black-And-White-Club/frolf-bot-shared/eventbus.(*eventBus).Subscribe.func1()
	/Users/jace/Documents/GitHub/frolf-bot-shared/eventbus/eventbus.go:326 +0x169
created by github.com/Black-And-White-Club/frolf-bot-shared/eventbus.(*eventBus).Subscribe in goroutine 16469
	/Users/jace/Documents/GitHub/frolf-bot-shared/eventbus/eventbus.go:315 +0xbf1

goroutine 16498 [chan receive, 1 minutes]:
github.com/ThreeDotsLabs/watermill/message.(*messageTransformSubscriberDecorator).Subscribe.func1()
	/Users/jace/go/pkg/mod/github.com/!three!dots!labs/watermill@v1.4.6/message/decorator.go:52 +0x85
created by github.com/ThreeDotsLabs/watermill/message.(*messageTransformSubscriberDecorator).Subscribe in goroutine 16469
	/Users/jace/go/pkg/mod/github.com/!three!dots!labs/watermill@v1.4.6/message/decorator.go:51 +0xc7

goroutine 16499 [chan receive, 1 minutes]:
github.com/ThreeDotsLabs/watermill/message.(*handler).run(0xc0013565b0, {0x1083d4720, 0xc0002e6e10}, {0xc0012e8180, 0x6, 0x0?})
	/Users/jace/go/pkg/mod/github.com/!three!dots!labs/watermill@v1.4.6/message/router.go:645 +0x2b4
github.com/ThreeDotsLabs/watermill/message.(*Router).RunHandlers.func1()
	/Users/jace/go/pkg/mod/github.com/!three!dots!labs/watermill@v1.4.6/message/router.go:460 +0x145
created by github.com/ThreeDotsLabs/watermill/message.(*Router).RunHandlers in goroutine 16469
	/Users/jace/go/pkg/mod/github.com/!three!dots!labs/watermill@v1.4.6/message/router.go:453 +0x606

goroutine 20769 [chan receive]:
github.com/ThreeDotsLabs/watermill/message.(*handler).run(0xc001889a00, {0x1083d4720, 0xc0010c0640}, {0xc0018f66c0, 0x6, 0x0?})
	/Users/jace/go/pkg/mod/github.com/!three!dots!labs/watermill@v1.4.6/message/router.go:645 +0x2b4
github.com/ThreeDotsLabs/watermill/message.(*Router).RunHandlers.func1()
	/Users/jace/go/pkg/mod/github.com/!three!dots!labs/watermill@v1.4.6/message/router.go:460 +0x145
created by github.com/ThreeDotsLabs/watermill/message.(*Router).RunHandlers in goroutine 20731
	/Users/jace/go/pkg/mod/github.com/!three!dots!labs/watermill@v1.4.6/message/router.go:453 +0x606

goroutine 16502 [select, 1 minutes]:
github.com/nats-io/nats.go/jetstream.(*pullConsumer).Messages.func2()
	/Users/jace/go/pkg/mod/github.com/nats-io/nats.go@v1.41.1/jetstream/pull.go:538 +0x68
created by github.com/nats-io/nats.go/jetstream.(*pullConsumer).Messages in goroutine 16469
	/Users/jace/go/pkg/mod/github.com/nats-io/nats.go@v1.41.1/jetstream/pull.go:536 +0x78a

goroutine 16503 [select, 1 minutes]:
github.com/nats-io/nats.go/jetstream.(*pullSubscription).Next(0xc00054d680)
	/Users/jace/go/pkg/mod/github.com/nats-io/nats.go@v1.41.1/jetstream/pull.go:589 +0x285
github.com/Black-And-White-Club/frolf-bot-shared/eventbus.(*eventBus).Subscribe.func1()
	/Users/jace/Documents/GitHub/frolf-bot-shared/eventbus/eventbus.go:326 +0x169
created by github.com/Black-And-White-Club/frolf-bot-shared/eventbus.(*eventBus).Subscribe in goroutine 16469
	/Users/jace/Documents/GitHub/frolf-bot-shared/eventbus/eventbus.go:315 +0xbf1

goroutine 16504 [chan receive, 1 minutes]:
github.com/ThreeDotsLabs/watermill/message.(*messageTransformSubscriberDecorator).Subscribe.func1()
	/Users/jace/go/pkg/mod/github.com/!three!dots!labs/watermill@v1.4.6/message/decorator.go:52 +0x85
created by github.com/ThreeDotsLabs/watermill/message.(*messageTransformSubscriberDecorator).Subscribe in goroutine 16469
	/Users/jace/go/pkg/mod/github.com/!three!dots!labs/watermill@v1.4.6/message/decorator.go:51 +0xc7

goroutine 16505 [chan receive, 1 minutes]:
github.com/ThreeDotsLabs/watermill/message.(*handler).run(0xc001356410, {0x1083d4720, 0xc000e000f0}, {0xc00018a600, 0x6, 0x0?})
	/Users/jace/go/pkg/mod/github.com/!three!dots!labs/watermill@v1.4.6/message/router.go:645 +0x2b4
github.com/ThreeDotsLabs/watermill/message.(*Router).RunHandlers.func1()
	/Users/jace/go/pkg/mod/github.com/!three!dots!labs/watermill@v1.4.6/message/router.go:460 +0x145
created by github.com/ThreeDotsLabs/watermill/message.(*Router).RunHandlers in goroutine 16469
	/Users/jace/go/pkg/mod/github.com/!three!dots!labs/watermill@v1.4.6/message/router.go:453 +0x606

goroutine 22126 [select]:
github.com/nats-io/nats%2ego.(*Conn).doReconnect(0xc0013d1508, {0x1083c48c8, 0x108d63970}, 0x0)
	/Users/jace/go/pkg/mod/github.com/nats-io/nats.go@v1.41.1/nats.go:2907 +0x41a
created by github.com/nats-io/nats%2ego.(*Conn).processOpErr in goroutine 21915
	/Users/jace/go/pkg/mod/github.com/nats-io/nats.go@v1.41.1/nats.go:3043 +0x2f3

goroutine 21992 [chan receive]:
github.com/ThreeDotsLabs/watermill/message.(*handler).run(0xc0016036c0, {0x1083d4720, 0xc000b56280}, {0xc000548780, 0x6, 0xc00114d778?})
	/Users/jace/go/pkg/mod/github.com/!three!dots!labs/watermill@v1.4.6/message/router.go:645 +0x2b4
github.com/ThreeDotsLabs/watermill/message.(*Router).RunHandlers.func1()
	/Users/jace/go/pkg/mod/github.com/!three!dots!labs/watermill@v1.4.6/message/router.go:460 +0x145
created by github.com/ThreeDotsLabs/watermill/message.(*Router).RunHandlers in goroutine 21873
	/Users/jace/go/pkg/mod/github.com/!three!dots!labs/watermill@v1.4.6/message/router.go:453 +0x606

goroutine 17625 [chan receive, 1 minutes]:
github.com/ThreeDotsLabs/watermill/message.(*messageTransformSubscriberDecorator).Subscribe.func1()
	/Users/jace/go/pkg/mod/github.com/!three!dots!labs/watermill@v1.4.6/message/decorator.go:52 +0x85
created by github.com/ThreeDotsLabs/watermill/message.(*messageTransformSubscriberDecorator).Subscribe in goroutine 17354
	/Users/jace/go/pkg/mod/github.com/!three!dots!labs/watermill@v1.4.6/message/decorator.go:51 +0xc7

goroutine 17623 [select, 1 minutes]:
github.com/nats-io/nats.go/jetstream.(*pullConsumer).Messages.func2()
	/Users/jace/go/pkg/mod/github.com/nats-io/nats.go@v1.41.1/jetstream/pull.go:538 +0x68
created by github.com/nats-io/nats.go/jetstream.(*pullConsumer).Messages in goroutine 17354
	/Users/jace/go/pkg/mod/github.com/nats-io/nats.go@v1.41.1/jetstream/pull.go:536 +0x78a

goroutine 17626 [chan receive, 1 minutes]:
github.com/ThreeDotsLabs/watermill/message.(*handler).run(0xc001406340, {0x1083d4720, 0xc000b57220}, {0xc00171e0c0, 0x6, 0x0?})
	/Users/jace/go/pkg/mod/github.com/!three!dots!labs/watermill@v1.4.6/message/router.go:645 +0x2b4
github.com/ThreeDotsLabs/watermill/message.(*Router).RunHandlers.func1()
	/Users/jace/go/pkg/mod/github.com/!three!dots!labs/watermill@v1.4.6/message/router.go:460 +0x145
created by github.com/ThreeDotsLabs/watermill/message.(*Router).RunHandlers in goroutine 17354
	/Users/jace/go/pkg/mod/github.com/!three!dots!labs/watermill@v1.4.6/message/router.go:453 +0x606

goroutine 21940 [select]:
github.com/nats-io/nats.go/jetstream.(*pullConsumer).Messages.func2()
	/Users/jace/go/pkg/mod/github.com/nats-io/nats.go@v1.41.1/jetstream/pull.go:538 +0x68
created by github.com/nats-io/nats.go/jetstream.(*pullConsumer).Messages in goroutine 21873
	/Users/jace/go/pkg/mod/github.com/nats-io/nats.go@v1.41.1/jetstream/pull.go:536 +0x78a

goroutine 17781 [select]:
github.com/nats-io/nats%2ego.(*Conn).doReconnect(0xc0014a7c08, {0x1083c48c8, 0x108d63970}, 0x0)
	/Users/jace/go/pkg/mod/github.com/nats-io/nats.go@v1.41.1/nats.go:2907 +0x41a
created by github.com/nats-io/nats%2ego.(*Conn).processOpErr in goroutine 17350
	/Users/jace/go/pkg/mod/github.com/nats-io/nats.go@v1.41.1/nats.go:3043 +0x2f3

goroutine 17619 [chan receive, 1 minutes]:
github.com/ThreeDotsLabs/watermill/message.(*messageTransformSubscriberDecorator).Subscribe.func1()
	/Users/jace/go/pkg/mod/github.com/!three!dots!labs/watermill@v1.4.6/message/decorator.go:52 +0x85
created by github.com/ThreeDotsLabs/watermill/message.(*messageTransformSubscriberDecorator).Subscribe in goroutine 17354
	/Users/jace/go/pkg/mod/github.com/!three!dots!labs/watermill@v1.4.6/message/decorator.go:51 +0xc7

goroutine 17352 [sync.Cond.Wait, 1 minutes]:
sync.runtime_notifyListWait(0xc00155cd90, 0x0)
	/usr/local/Cellar/go/1.24.2/libexec/src/runtime/sema.go:597 +0x159
sync.(*Cond).Wait(0x100010000?)
	/usr/local/Cellar/go/1.24.2/libexec/src/sync/cond.go:71 +0x85
github.com/nats-io/nats%2ego.(*asyncCallbacksHandler).asyncCBDispatcher(0xc000b28200)
	/Users/jace/go/pkg/mod/github.com/nats-io/nats.go@v1.41.1/nats.go:3059 +0xdd
created by github.com/nats-io/nats%2ego.Options.Connect in goroutine 16706
	/Users/jace/go/pkg/mod/github.com/nats-io/nats.go@v1.41.1/nats.go:1635 +0x387

goroutine 26675 [select]:
github.com/nats-io/nats.go/jetstream.(*pullConsumer).Messages.func2()
	/Users/jace/go/pkg/mod/github.com/nats-io/nats.go@v1.41.1/jetstream/pull.go:538 +0x68
created by github.com/nats-io/nats.go/jetstream.(*pullConsumer).Messages in goroutine 26544
	/Users/jace/go/pkg/mod/github.com/nats-io/nats.go@v1.41.1/jetstream/pull.go:536 +0x78a

goroutine 18611 [select, 1 minutes]:
github.com/nats-io/nats.go/jetstream.(*pullConsumer).Messages.func2()
	/Users/jace/go/pkg/mod/github.com/nats-io/nats.go@v1.41.1/jetstream/pull.go:538 +0x68
created by github.com/nats-io/nats.go/jetstream.(*pullConsumer).Messages in goroutine 18555
	/Users/jace/go/pkg/mod/github.com/nats-io/nats.go@v1.41.1/jetstream/pull.go:536 +0x78a

goroutine 19941 [select]:
github.com/nats-io/nats%2ego.(*Conn).doReconnect(0xc0013d3808, {0x1083c48c8, 0x108d63970}, 0x0)
	/Users/jace/go/pkg/mod/github.com/nats-io/nats.go@v1.41.1/nats.go:2907 +0x41a
created by github.com/nats-io/nats%2ego.(*Conn).processOpErr in goroutine 19009
	/Users/jace/go/pkg/mod/github.com/nats-io/nats.go@v1.41.1/nats.go:3043 +0x2f3

goroutine 17618 [select, 1 minutes]:
github.com/nats-io/nats.go/jetstream.(*pullSubscription).Next(0xc00153da70)
	/Users/jace/go/pkg/mod/github.com/nats-io/nats.go@v1.41.1/jetstream/pull.go:589 +0x285
github.com/Black-And-White-Club/frolf-bot-shared/eventbus.(*eventBus).Subscribe.func1()
	/Users/jace/Documents/GitHub/frolf-bot-shared/eventbus/eventbus.go:326 +0x169
created by github.com/Black-And-White-Club/frolf-bot-shared/eventbus.(*eventBus).Subscribe in goroutine 17354
	/Users/jace/Documents/GitHub/frolf-bot-shared/eventbus/eventbus.go:315 +0xbf1

goroutine 17608 [select, 1 minutes]:
github.com/nats-io/nats.go/jetstream.(*pullSubscription).Next(0xc00161a2d0)
	/Users/jace/go/pkg/mod/github.com/nats-io/nats.go@v1.41.1/jetstream/pull.go:589 +0x285
github.com/Black-And-White-Club/frolf-bot-shared/eventbus.(*eventBus).Subscribe.func1()
	/Users/jace/Documents/GitHub/frolf-bot-shared/eventbus/eventbus.go:326 +0x169
created by github.com/Black-And-White-Club/frolf-bot-shared/eventbus.(*eventBus).Subscribe in goroutine 17354
	/Users/jace/Documents/GitHub/frolf-bot-shared/eventbus/eventbus.go:315 +0xbf1

goroutine 23192 [select]:
github.com/nats-io/nats%2ego.(*Conn).doReconnect(0xc001692708, {0x1083c48c8, 0x108d63970}, 0x0)
	/Users/jace/go/pkg/mod/github.com/nats-io/nats.go@v1.41.1/nats.go:2907 +0x41a
created by github.com/nats-io/nats%2ego.(*Conn).processOpErr in goroutine 23003
	/Users/jace/go/pkg/mod/github.com/nats-io/nats.go@v1.41.1/nats.go:3043 +0x2f3

goroutine 19888 [select]:
github.com/nats-io/nats%2ego.(*Conn).doReconnect(0xc000cfca08, {0x1083c48c8, 0x108d63970}, 0x0)
	/Users/jace/go/pkg/mod/github.com/nats-io/nats.go@v1.41.1/nats.go:2907 +0x41a
created by github.com/nats-io/nats%2ego.(*Conn).processOpErr in goroutine 19723
	/Users/jace/go/pkg/mod/github.com/nats-io/nats.go@v1.41.1/nats.go:3043 +0x2f3

goroutine 17607 [select, 1 minutes]:
github.com/nats-io/nats.go/jetstream.(*pullConsumer).Messages.func2()
	/Users/jace/go/pkg/mod/github.com/nats-io/nats.go@v1.41.1/jetstream/pull.go:538 +0x68
created by github.com/nats-io/nats.go/jetstream.(*pullConsumer).Messages in goroutine 17354
	/Users/jace/go/pkg/mod/github.com/nats-io/nats.go@v1.41.1/jetstream/pull.go:536 +0x78a

goroutine 18533 [select, 1 minutes]:
github.com/nats-io/nats.go/jetstream.(*pullSubscription).pullMessages(0xc000427b00, {0xc0008cede0, 0x5b})
	/Users/jace/go/pkg/mod/github.com/nats-io/nats.go@v1.41.1/jetstream/pull.go:955 +0x91
created by github.com/nats-io/nats.go/jetstream.(*pullConsumer).Messages in goroutine 18555
	/Users/jace/go/pkg/mod/github.com/nats-io/nats.go@v1.41.1/jetstream/pull.go:534 +0x748

goroutine 18465 [chan receive, 1 minutes]:
github.com/ThreeDotsLabs/watermill/message.(*messageTransformSubscriberDecorator).Subscribe.func1()
	/Users/jace/go/pkg/mod/github.com/!three!dots!labs/watermill@v1.4.6/message/decorator.go:52 +0x85
created by github.com/ThreeDotsLabs/watermill/message.(*messageTransformSubscriberDecorator).Subscribe in goroutine 18555
	/Users/jace/go/pkg/mod/github.com/!three!dots!labs/watermill@v1.4.6/message/decorator.go:51 +0xc7

goroutine 21999 [select]:
github.com/nats-io/nats.go/jetstream.(*pullSubscription).pullMessages(0xc0015db0e0, {0xc000dcc480, 0x5b})
	/Users/jace/go/pkg/mod/github.com/nats-io/nats.go@v1.41.1/jetstream/pull.go:955 +0x91
created by github.com/nats-io/nats.go/jetstream.(*pullConsumer).Messages in goroutine 21873
	/Users/jace/go/pkg/mod/github.com/nats-io/nats.go@v1.41.1/jetstream/pull.go:534 +0x748

goroutine 19735 [select, 1 minutes]:
github.com/nats-io/nats.go/jetstream.(*pullConsumer).Messages.func2()
	/Users/jace/go/pkg/mod/github.com/nats-io/nats.go@v1.41.1/jetstream/pull.go:538 +0x68
created by github.com/nats-io/nats.go/jetstream.(*pullConsumer).Messages in goroutine 19728
	/Users/jace/go/pkg/mod/github.com/nats-io/nats.go@v1.41.1/jetstream/pull.go:536 +0x78a

goroutine 17606 [select, 1 minutes]:
github.com/nats-io/nats.go/jetstream.(*pullSubscription).pullMessages(0xc00161a2d0, {0xc0013e3b20, 0x63})
	/Users/jace/go/pkg/mod/github.com/nats-io/nats.go@v1.41.1/jetstream/pull.go:955 +0x91
created by github.com/nats-io/nats.go/jetstream.(*pullConsumer).Messages in goroutine 17354
	/Users/jace/go/pkg/mod/github.com/nats-io/nats.go@v1.41.1/jetstream/pull.go:534 +0x748

goroutine 26681 [select]:
github.com/nats-io/nats.go/jetstream.(*pullConsumer).Messages.func2()
	/Users/jace/go/pkg/mod/github.com/nats-io/nats.go@v1.41.1/jetstream/pull.go:538 +0x68
created by github.com/nats-io/nats.go/jetstream.(*pullConsumer).Messages in goroutine 26544
	/Users/jace/go/pkg/mod/github.com/nats-io/nats.go@v1.41.1/jetstream/pull.go:536 +0x78a

goroutine 19847 [select]:
github.com/nats-io/nats%2ego.(*Conn).doReconnect(0xc000cfc308, {0x1083c48c8, 0x108d63970}, 0x0)
	/Users/jace/go/pkg/mod/github.com/nats-io/nats.go@v1.41.1/nats.go:2907 +0x41a
created by github.com/nats-io/nats%2ego.(*Conn).processOpErr in goroutine 19672
	/Users/jace/go/pkg/mod/github.com/nats-io/nats.go@v1.41.1/nats.go:3043 +0x2f3

goroutine 17595 [select, 1 minutes]:
github.com/nats-io/nats.go/jetstream.(*pullSubscription).pullMessages(0xc0015b53b0, {0xc000902c60, 0x53})
	/Users/jace/go/pkg/mod/github.com/nats-io/nats.go@v1.41.1/jetstream/pull.go:955 +0x91
created by github.com/nats-io/nats.go/jetstream.(*pullConsumer).Messages in goroutine 17354
	/Users/jace/go/pkg/mod/github.com/nats-io/nats.go@v1.41.1/jetstream/pull.go:534 +0x748

goroutine 17596 [select, 1 minutes]:
github.com/nats-io/nats.go/jetstream.(*pullConsumer).Messages.func2()
	/Users/jace/go/pkg/mod/github.com/nats-io/nats.go@v1.41.1/jetstream/pull.go:538 +0x68
created by github.com/nats-io/nats.go/jetstream.(*pullConsumer).Messages in goroutine 17354
	/Users/jace/go/pkg/mod/github.com/nats-io/nats.go@v1.41.1/jetstream/pull.go:536 +0x78a

goroutine 17597 [select, 1 minutes]:
github.com/nats-io/nats.go/jetstream.(*pullSubscription).Next(0xc0015b53b0)
	/Users/jace/go/pkg/mod/github.com/nats-io/nats.go@v1.41.1/jetstream/pull.go:589 +0x285
github.com/Black-And-White-Club/frolf-bot-shared/eventbus.(*eventBus).Subscribe.func1()
	/Users/jace/Documents/GitHub/frolf-bot-shared/eventbus/eventbus.go:326 +0x169
created by github.com/Black-And-White-Club/frolf-bot-shared/eventbus.(*eventBus).Subscribe in goroutine 17354
	/Users/jace/Documents/GitHub/frolf-bot-shared/eventbus/eventbus.go:315 +0xbf1

goroutine 17598 [chan receive, 1 minutes]:
github.com/ThreeDotsLabs/watermill/message.(*messageTransformSubscriberDecorator).Subscribe.func1()
	/Users/jace/go/pkg/mod/github.com/!three!dots!labs/watermill@v1.4.6/message/decorator.go:52 +0x85
created by github.com/ThreeDotsLabs/watermill/message.(*messageTransformSubscriberDecorator).Subscribe in goroutine 17354
	/Users/jace/go/pkg/mod/github.com/!three!dots!labs/watermill@v1.4.6/message/decorator.go:51 +0xc7

goroutine 17599 [chan receive, 1 minutes]:
github.com/ThreeDotsLabs/watermill/message.(*handler).run(0xc0014060d0, {0x1083d4720, 0xc0013258b0}, {0xc0015a3140, 0x6, 0x0?})
	/Users/jace/go/pkg/mod/github.com/!three!dots!labs/watermill@v1.4.6/message/router.go:645 +0x2b4
github.com/ThreeDotsLabs/watermill/message.(*Router).RunHandlers.func1()
	/Users/jace/go/pkg/mod/github.com/!three!dots!labs/watermill@v1.4.6/message/router.go:460 +0x145
created by github.com/ThreeDotsLabs/watermill/message.(*Router).RunHandlers in goroutine 17354
	/Users/jace/go/pkg/mod/github.com/!three!dots!labs/watermill@v1.4.6/message/router.go:453 +0x606

goroutine 19814 [chan receive, 1 minutes]:
github.com/ThreeDotsLabs/watermill/message.(*handler).run(0xc000528c30, {0x1083d4720, 0xc001324c80}, {0xc000014d80, 0x6, 0x100010000?})
	/Users/jace/go/pkg/mod/github.com/!three!dots!labs/watermill@v1.4.6/message/router.go:645 +0x2b4
github.com/ThreeDotsLabs/watermill/message.(*Router).RunHandlers.func1()
	/Users/jace/go/pkg/mod/github.com/!three!dots!labs/watermill@v1.4.6/message/router.go:460 +0x145
created by github.com/ThreeDotsLabs/watermill/message.(*Router).RunHandlers in goroutine 19728
	/Users/jace/go/pkg/mod/github.com/!three!dots!labs/watermill@v1.4.6/message/router.go:453 +0x606

goroutine 17601 [select, 1 minutes]:
github.com/nats-io/nats.go/jetstream.(*pullSubscription).pullMessages(0xc0015b58c0, {0xc000902d80, 0x5b})
	/Users/jace/go/pkg/mod/github.com/nats-io/nats.go@v1.41.1/jetstream/pull.go:955 +0x91
created by github.com/nats-io/nats.go/jetstream.(*pullConsumer).Messages in goroutine 17354
	/Users/jace/go/pkg/mod/github.com/nats-io/nats.go@v1.41.1/jetstream/pull.go:534 +0x748

goroutine 17666 [select, 1 minutes]:
github.com/nats-io/nats.go/jetstream.(*pullConsumer).Messages.func2()
	/Users/jace/go/pkg/mod/github.com/nats-io/nats.go@v1.41.1/jetstream/pull.go:538 +0x68
created by github.com/nats-io/nats.go/jetstream.(*pullConsumer).Messages in goroutine 17354
	/Users/jace/go/pkg/mod/github.com/nats-io/nats.go@v1.41.1/jetstream/pull.go:536 +0x78a

goroutine 17667 [select, 1 minutes]:
github.com/nats-io/nats.go/jetstream.(*pullSubscription).Next(0xc0015b58c0)
	/Users/jace/go/pkg/mod/github.com/nats-io/nats.go@v1.41.1/jetstream/pull.go:589 +0x285
github.com/Black-And-White-Club/frolf-bot-shared/eventbus.(*eventBus).Subscribe.func1()
	/Users/jace/Documents/GitHub/frolf-bot-shared/eventbus/eventbus.go:326 +0x169
created by github.com/Black-And-White-Club/frolf-bot-shared/eventbus.(*eventBus).Subscribe in goroutine 17354
	/Users/jace/Documents/GitHub/frolf-bot-shared/eventbus/eventbus.go:315 +0xbf1

goroutine 17668 [chan receive, 1 minutes]:
github.com/ThreeDotsLabs/watermill/message.(*messageTransformSubscriberDecorator).Subscribe.func1()
	/Users/jace/go/pkg/mod/github.com/!three!dots!labs/watermill@v1.4.6/message/decorator.go:52 +0x85
created by github.com/ThreeDotsLabs/watermill/message.(*messageTransformSubscriberDecorator).Subscribe in goroutine 17354
	/Users/jace/go/pkg/mod/github.com/!three!dots!labs/watermill@v1.4.6/message/decorator.go:51 +0xc7

goroutine 17669 [chan receive, 1 minutes]:
github.com/ThreeDotsLabs/watermill/message.(*handler).run(0xc0014061a0, {0x1083d4720, 0xc000b56e60}, {0xc0010d5d40, 0x6, 0x0?})
	/Users/jace/go/pkg/mod/github.com/!three!dots!labs/watermill@v1.4.6/message/router.go:645 +0x2b4
github.com/ThreeDotsLabs/watermill/message.(*Router).RunHandlers.func1()
	/Users/jace/go/pkg/mod/github.com/!three!dots!labs/watermill@v1.4.6/message/router.go:460 +0x145
created by github.com/ThreeDotsLabs/watermill/message.(*Router).RunHandlers in goroutine 17354
	/Users/jace/go/pkg/mod/github.com/!three!dots!labs/watermill@v1.4.6/message/router.go:453 +0x606

goroutine 17670 [select, 1 minutes]:
github.com/nats-io/nats.go/jetstream.(*pullSubscription).pullMessages(0xc0015b5d40, {0xc000902e40, 0x55})
	/Users/jace/go/pkg/mod/github.com/nats-io/nats.go@v1.41.1/jetstream/pull.go:955 +0x91
created by github.com/nats-io/nats.go/jetstream.(*pullConsumer).Messages in goroutine 17354
	/Users/jace/go/pkg/mod/github.com/nats-io/nats.go@v1.41.1/jetstream/pull.go:534 +0x748

goroutine 17671 [select, 1 minutes]:
github.com/nats-io/nats.go/jetstream.(*pullConsumer).Messages.func2()
	/Users/jace/go/pkg/mod/github.com/nats-io/nats.go@v1.41.1/jetstream/pull.go:538 +0x68
created by github.com/nats-io/nats.go/jetstream.(*pullConsumer).Messages in goroutine 17354
	/Users/jace/go/pkg/mod/github.com/nats-io/nats.go@v1.41.1/jetstream/pull.go:536 +0x78a

goroutine 17672 [select, 1 minutes]:
github.com/nats-io/nats.go/jetstream.(*pullSubscription).Next(0xc0015b5d40)
	/Users/jace/go/pkg/mod/github.com/nats-io/nats.go@v1.41.1/jetstream/pull.go:589 +0x285
github.com/Black-And-White-Club/frolf-bot-shared/eventbus.(*eventBus).Subscribe.func1()
	/Users/jace/Documents/GitHub/frolf-bot-shared/eventbus/eventbus.go:326 +0x169
created by github.com/Black-And-White-Club/frolf-bot-shared/eventbus.(*eventBus).Subscribe in goroutine 17354
	/Users/jace/Documents/GitHub/frolf-bot-shared/eventbus/eventbus.go:315 +0xbf1

goroutine 17673 [chan receive, 1 minutes]:
github.com/ThreeDotsLabs/watermill/message.(*messageTransformSubscriberDecorator).Subscribe.func1()
	/Users/jace/go/pkg/mod/github.com/!three!dots!labs/watermill@v1.4.6/message/decorator.go:52 +0x85
created by github.com/ThreeDotsLabs/watermill/message.(*messageTransformSubscriberDecorator).Subscribe in goroutine 17354
	/Users/jace/go/pkg/mod/github.com/!three!dots!labs/watermill@v1.4.6/message/decorator.go:51 +0xc7

goroutine 17674 [chan receive, 1 minutes]:
github.com/ThreeDotsLabs/watermill/message.(*handler).run(0xc001406270, {0x1083d4720, 0xc000b57040}, {0xc0015a3200, 0x6, 0xc00054d3b0?})
	/Users/jace/go/pkg/mod/github.com/!three!dots!labs/watermill@v1.4.6/message/router.go:645 +0x2b4
github.com/ThreeDotsLabs/watermill/message.(*Router).RunHandlers.func1()
	/Users/jace/go/pkg/mod/github.com/!three!dots!labs/watermill@v1.4.6/message/router.go:460 +0x145
created by github.com/ThreeDotsLabs/watermill/message.(*Router).RunHandlers in goroutine 17354
	/Users/jace/go/pkg/mod/github.com/!three!dots!labs/watermill@v1.4.6/message/router.go:453 +0x606

goroutine 21926 [select]:
github.com/nats-io/nats.go/jetstream.(*pullSubscription).pullMessages(0xc000bb9dd0, {0xc0010ce300, 0x60})
	/Users/jace/go/pkg/mod/github.com/nats-io/nats.go@v1.41.1/jetstream/pull.go:955 +0x91
created by github.com/nats-io/nats.go/jetstream.(*pullConsumer).Messages in goroutine 21873
	/Users/jace/go/pkg/mod/github.com/nats-io/nats.go@v1.41.1/jetstream/pull.go:534 +0x748

goroutine 19810 [select, 1 minutes]:
github.com/nats-io/nats.go/jetstream.(*pullSubscription).pullMessages(0xc000c26c60, {0xc000903e00, 0x55})
	/Users/jace/go/pkg/mod/github.com/nats-io/nats.go@v1.41.1/jetstream/pull.go:955 +0x91
created by github.com/nats-io/nats.go/jetstream.(*pullConsumer).Messages in goroutine 19728
	/Users/jace/go/pkg/mod/github.com/nats-io/nats.go@v1.41.1/jetstream/pull.go:534 +0x748

goroutine 17703 [sync.Cond.Wait, 1 minutes]:
sync.runtime_notifyListWait(0xc00155d3d0, 0x4)
	/usr/local/Cellar/go/1.24.2/libexec/src/runtime/sema.go:597 +0x159
sync.(*Cond).Wait(0xc0015d6fb0?)
	/usr/local/Cellar/go/1.24.2/libexec/src/sync/cond.go:71 +0x85
github.com/nats-io/nats%2ego.(*Conn).waitForMsgs(0xc0014a7508, 0xc0005563c0)
	/Users/jace/go/pkg/mod/github.com/nats-io/nats.go@v1.41.1/nats.go:3178 +0xc5
created by github.com/nats-io/nats%2ego.(*Conn).subscribeLocked in goroutine 16706
	/Users/jace/go/pkg/mod/github.com/nats-io/nats.go@v1.41.1/nats.go:4468 +0x419

goroutine 21986 [chan receive]:
github.com/ThreeDotsLabs/watermill/message.(*messageTransformSubscriberDecorator).Subscribe.func1()
	/Users/jace/go/pkg/mod/github.com/!three!dots!labs/watermill@v1.4.6/message/decorator.go:52 +0x85
created by github.com/ThreeDotsLabs/watermill/message.(*messageTransformSubscriberDecorator).Subscribe in goroutine 21873
	/Users/jace/go/pkg/mod/github.com/!three!dots!labs/watermill@v1.4.6/message/decorator.go:51 +0xc7

goroutine 21793 [select]:
github.com/nats-io/nats.go/jetstream.(*pullSubscription).Next(0xc0015da2d0)
	/Users/jace/go/pkg/mod/github.com/nats-io/nats.go@v1.41.1/jetstream/pull.go:589 +0x285
github.com/Black-And-White-Club/frolf-bot-shared/eventbus.(*eventBus).Subscribe.func1()
	/Users/jace/Documents/GitHub/frolf-bot-shared/eventbus/eventbus.go:326 +0x169
created by github.com/Black-And-White-Club/frolf-bot-shared/eventbus.(*eventBus).Subscribe in goroutine 21873
	/Users/jace/Documents/GitHub/frolf-bot-shared/eventbus/eventbus.go:315 +0xbf1

goroutine 19813 [chan receive, 1 minutes]:
github.com/ThreeDotsLabs/watermill/message.(*messageTransformSubscriberDecorator).Subscribe.func1()
	/Users/jace/go/pkg/mod/github.com/!three!dots!labs/watermill@v1.4.6/message/decorator.go:52 +0x85
created by github.com/ThreeDotsLabs/watermill/message.(*messageTransformSubscriberDecorator).Subscribe in goroutine 19728
	/Users/jace/go/pkg/mod/github.com/!three!dots!labs/watermill@v1.4.6/message/decorator.go:51 +0xc7

goroutine 19811 [select, 1 minutes]:
github.com/nats-io/nats.go/jetstream.(*pullConsumer).Messages.func2()
	/Users/jace/go/pkg/mod/github.com/nats-io/nats.go@v1.41.1/jetstream/pull.go:538 +0x68
created by github.com/nats-io/nats.go/jetstream.(*pullConsumer).Messages in goroutine 19728
	/Users/jace/go/pkg/mod/github.com/nats-io/nats.go@v1.41.1/jetstream/pull.go:536 +0x78a

goroutine 17615 [sync.WaitGroup.Wait, 1 minutes]:
sync.runtime_SemacquireWaitGroup(0x1083d4718?)
	/usr/local/Cellar/go/1.24.2/libexec/src/runtime/sema.go:110 +0x25
sync.(*WaitGroup).Wait(0xc0014457d0?)
	/usr/local/Cellar/go/1.24.2/libexec/src/sync/waitgroup.go:118 +0x48
github.com/ThreeDotsLabs/watermill/message.(*Router).waitForHandlers.func1()
	/Users/jace/go/pkg/mod/github.com/!three!dots!labs/watermill@v1.4.6/message/router.go:579 +0x4b
created by github.com/ThreeDotsLabs/watermill/message.(*Router).waitForHandlers in goroutine 16706
	/Users/jace/go/pkg/mod/github.com/!three!dots!labs/watermill@v1.4.6/message/router.go:577 +0x87

goroutine 17617 [sync.WaitGroup.Wait, 1 minutes]:
sync.runtime_SemacquireWaitGroup(0x0?)
	/usr/local/Cellar/go/1.24.2/libexec/src/runtime/sema.go:110 +0x25
sync.(*WaitGroup).Wait(0x10726d452?)
	/usr/local/Cellar/go/1.24.2/libexec/src/sync/waitgroup.go:118 +0x48
github.com/ThreeDotsLabs/watermill/pubsub/sync.WaitGroupTimeout.func1()
	/Users/jace/go/pkg/mod/github.com/!three!dots!labs/watermill@v1.4.6/pubsub/sync/waitgroup.go:13 +0x25
created by github.com/ThreeDotsLabs/watermill/pubsub/sync.WaitGroupTimeout in goroutine 16706
	/Users/jace/go/pkg/mod/github.com/!three!dots!labs/watermill@v1.4.6/pubsub/sync/waitgroup.go:12 +0x85

goroutine 21939 [select]:
github.com/nats-io/nats.go/jetstream.(*pullSubscription).pullMessages(0xc0010f5cb0, {0xc000ab5020, 0x55})
	/Users/jace/go/pkg/mod/github.com/nats-io/nats.go@v1.41.1/jetstream/pull.go:955 +0x91
created by github.com/nats-io/nats.go/jetstream.(*pullConsumer).Messages in goroutine 21873
	/Users/jace/go/pkg/mod/github.com/nats-io/nats.go@v1.41.1/jetstream/pull.go:534 +0x748

goroutine 26678 [chan receive]:
github.com/ThreeDotsLabs/watermill/message.(*handler).run(0xc00182a8f0, {0x1083d4720, 0xc00183e460}, {0xc0017de300, 0x6, 0x4?})
	/Users/jace/go/pkg/mod/github.com/!three!dots!labs/watermill@v1.4.6/message/router.go:645 +0x2b4
github.com/ThreeDotsLabs/watermill/message.(*Router).RunHandlers.func1()
	/Users/jace/go/pkg/mod/github.com/!three!dots!labs/watermill@v1.4.6/message/router.go:460 +0x145
created by github.com/ThreeDotsLabs/watermill/message.(*Router).RunHandlers in goroutine 26544
	/Users/jace/go/pkg/mod/github.com/!three!dots!labs/watermill@v1.4.6/message/router.go:453 +0x606

goroutine 21997 [chan receive]:
github.com/ThreeDotsLabs/watermill/message.(*messageTransformSubscriberDecorator).Subscribe.func1()
	/Users/jace/go/pkg/mod/github.com/!three!dots!labs/watermill@v1.4.6/message/decorator.go:52 +0x85
created by github.com/ThreeDotsLabs/watermill/message.(*messageTransformSubscriberDecorator).Subscribe in goroutine 21873
	/Users/jace/go/pkg/mod/github.com/!three!dots!labs/watermill@v1.4.6/message/decorator.go:51 +0xc7

goroutine 25577 [select]:
github.com/nats-io/nats%2ego.(*Conn).doReconnect(0xc0014a9108, {0x1083c48c8, 0x108d63970}, 0x0)
	/Users/jace/go/pkg/mod/github.com/nats-io/nats.go@v1.41.1/nats.go:2907 +0x41a
created by github.com/nats-io/nats%2ego.(*Conn).processOpErr in goroutine 25332
	/Users/jace/go/pkg/mod/github.com/nats-io/nats.go@v1.41.1/nats.go:3043 +0x2f3

goroutine 20775 [select]:
github.com/nats-io/nats.go/jetstream.(*pullSubscription).Next(0xc000cd61b0)
	/Users/jace/go/pkg/mod/github.com/nats-io/nats.go@v1.41.1/jetstream/pull.go:589 +0x285
github.com/Black-And-White-Club/frolf-bot-shared/eventbus.(*eventBus).Subscribe.func1()
	/Users/jace/Documents/GitHub/frolf-bot-shared/eventbus/eventbus.go:326 +0x169
created by github.com/Black-And-White-Club/frolf-bot-shared/eventbus.(*eventBus).Subscribe in goroutine 20731
	/Users/jace/Documents/GitHub/frolf-bot-shared/eventbus/eventbus.go:315 +0xbf1

goroutine 21991 [chan receive]:
github.com/ThreeDotsLabs/watermill/message.(*messageTransformSubscriberDecorator).Subscribe.func1()
	/Users/jace/go/pkg/mod/github.com/!three!dots!labs/watermill@v1.4.6/message/decorator.go:52 +0x85
created by github.com/ThreeDotsLabs/watermill/message.(*messageTransformSubscriberDecorator).Subscribe in goroutine 21873
	/Users/jace/go/pkg/mod/github.com/!three!dots!labs/watermill@v1.4.6/message/decorator.go:51 +0xc7

goroutine 22001 [select]:
github.com/nats-io/nats.go/jetstream.(*pullSubscription).Next(0xc0015db0e0)
	/Users/jace/go/pkg/mod/github.com/nats-io/nats.go@v1.41.1/jetstream/pull.go:589 +0x285
github.com/Black-And-White-Club/frolf-bot-shared/eventbus.(*eventBus).Subscribe.func1()
	/Users/jace/Documents/GitHub/frolf-bot-shared/eventbus/eventbus.go:326 +0x169
created by github.com/Black-And-White-Club/frolf-bot-shared/eventbus.(*eventBus).Subscribe in goroutine 21873
	/Users/jace/Documents/GitHub/frolf-bot-shared/eventbus/eventbus.go:315 +0xbf1

goroutine 18432 [chan receive, 1 minutes]:
github.com/ThreeDotsLabs/watermill/message.(*messageTransformSubscriberDecorator).Subscribe.func1()
	/Users/jace/go/pkg/mod/github.com/!three!dots!labs/watermill@v1.4.6/message/decorator.go:52 +0x85
created by github.com/ThreeDotsLabs/watermill/message.(*messageTransformSubscriberDecorator).Subscribe in goroutine 18555
	/Users/jace/go/pkg/mod/github.com/!three!dots!labs/watermill@v1.4.6/message/decorator.go:51 +0xc7

goroutine 18431 [select, 1 minutes]:
github.com/nats-io/nats.go/jetstream.(*pullSubscription).Next(0xc000c70cf0)
	/Users/jace/go/pkg/mod/github.com/nats-io/nats.go@v1.41.1/jetstream/pull.go:589 +0x285
github.com/Black-And-White-Club/frolf-bot-shared/eventbus.(*eventBus).Subscribe.func1()
	/Users/jace/Documents/GitHub/frolf-bot-shared/eventbus/eventbus.go:326 +0x169
created by github.com/Black-And-White-Club/frolf-bot-shared/eventbus.(*eventBus).Subscribe in goroutine 18555
	/Users/jace/Documents/GitHub/frolf-bot-shared/eventbus/eventbus.go:315 +0xbf1

goroutine 20767 [select]:
github.com/nats-io/nats.go/jetstream.(*pullSubscription).Next(0xc0010eb8c0)
	/Users/jace/go/pkg/mod/github.com/nats-io/nats.go@v1.41.1/jetstream/pull.go:589 +0x285
github.com/Black-And-White-Club/frolf-bot-shared/eventbus.(*eventBus).Subscribe.func1()
	/Users/jace/Documents/GitHub/frolf-bot-shared/eventbus/eventbus.go:326 +0x169
created by github.com/Black-And-White-Club/frolf-bot-shared/eventbus.(*eventBus).Subscribe in goroutine 20731
	/Users/jace/Documents/GitHub/frolf-bot-shared/eventbus/eventbus.go:315 +0xbf1

goroutine 19747 [select, 1 minutes]:
github.com/nats-io/nats.go/jetstream.(*pullSubscription).pullMessages(0xc000aeeea0, {0xc000a8d340, 0x63})
	/Users/jace/go/pkg/mod/github.com/nats-io/nats.go@v1.41.1/jetstream/pull.go:955 +0x91
created by github.com/nats-io/nats.go/jetstream.(*pullConsumer).Messages in goroutine 19728
	/Users/jace/go/pkg/mod/github.com/nats-io/nats.go@v1.41.1/jetstream/pull.go:534 +0x748

goroutine 18429 [select, 1 minutes]:
github.com/nats-io/nats.go/jetstream.(*pullSubscription).pullMessages(0xc000c70cf0, {0xc00078e2a0, 0x63})
	/Users/jace/go/pkg/mod/github.com/nats-io/nats.go@v1.41.1/jetstream/pull.go:955 +0x91
created by github.com/nats-io/nats.go/jetstream.(*pullConsumer).Messages in goroutine 18555
	/Users/jace/go/pkg/mod/github.com/nats-io/nats.go@v1.41.1/jetstream/pull.go:534 +0x748

goroutine 19734 [select, 1 minutes]:
github.com/nats-io/nats.go/jetstream.(*pullSubscription).pullMessages(0xc000bd6240, {0xc000bc6150, 0x61})
	/Users/jace/go/pkg/mod/github.com/nats-io/nats.go@v1.41.1/jetstream/pull.go:955 +0x91
created by github.com/nats-io/nats.go/jetstream.(*pullConsumer).Messages in goroutine 19728
	/Users/jace/go/pkg/mod/github.com/nats-io/nats.go@v1.41.1/jetstream/pull.go:534 +0x748

goroutine 22950 [select]:
github.com/nats-io/nats.go/jetstream.(*pullSubscription).pullMessages(0xc000427e60, {0xc0012c79d0, 0x63})
	/Users/jace/go/pkg/mod/github.com/nats-io/nats.go@v1.41.1/jetstream/pull.go:955 +0x91
created by github.com/nats-io/nats.go/jetstream.(*pullConsumer).Messages in goroutine 22982
	/Users/jace/go/pkg/mod/github.com/nats-io/nats.go@v1.41.1/jetstream/pull.go:534 +0x748

goroutine 18771 [select]:
github.com/nats-io/nats%2ego.(*Conn).doReconnect(0xc0013d2308, {0x1083c48c8, 0x108d63970}, 0x0)
	/Users/jace/go/pkg/mod/github.com/nats-io/nats.go@v1.41.1/nats.go:2907 +0x41a
created by github.com/nats-io/nats%2ego.(*Conn).processOpErr in goroutine 18547
	/Users/jace/go/pkg/mod/github.com/nats-io/nats.go@v1.41.1/nats.go:3043 +0x2f3

goroutine 24225 [chan receive]:
github.com/ThreeDotsLabs/watermill/message.(*handler).run(0xc000b12b60, {0x1083d4720, 0xc000b26370}, {0xc00142c780, 0x6, 0xc001743778?})
	/Users/jace/go/pkg/mod/github.com/!three!dots!labs/watermill@v1.4.6/message/router.go:645 +0x2b4
github.com/ThreeDotsLabs/watermill/message.(*Router).RunHandlers.func1()
	/Users/jace/go/pkg/mod/github.com/!three!dots!labs/watermill@v1.4.6/message/router.go:460 +0x145
created by github.com/ThreeDotsLabs/watermill/message.(*Router).RunHandlers in goroutine 24274
	/Users/jace/go/pkg/mod/github.com/!three!dots!labs/watermill@v1.4.6/message/router.go:453 +0x606

goroutine 18534 [select, 1 minutes]:
github.com/nats-io/nats.go/jetstream.(*pullConsumer).Messages.func2()
	/Users/jace/go/pkg/mod/github.com/nats-io/nats.go@v1.41.1/jetstream/pull.go:538 +0x68
created by github.com/nats-io/nats.go/jetstream.(*pullConsumer).Messages in goroutine 18555
	/Users/jace/go/pkg/mod/github.com/nats-io/nats.go@v1.41.1/jetstream/pull.go:536 +0x78a

goroutine 25359 [chan receive]:
github.com/ThreeDotsLabs/watermill/message.(*handler).run(0xc0010f8750, {0x1083d4720, 0xc001882c80}, {0xc000b1c000, 0x6, 0x0?})
	/Users/jace/go/pkg/mod/github.com/!three!dots!labs/watermill@v1.4.6/message/router.go:645 +0x2b4
github.com/ThreeDotsLabs/watermill/message.(*Router).RunHandlers.func1()
	/Users/jace/go/pkg/mod/github.com/!three!dots!labs/watermill@v1.4.6/message/router.go:460 +0x145
created by github.com/ThreeDotsLabs/watermill/message.(*Router).RunHandlers in goroutine 25323
	/Users/jace/go/pkg/mod/github.com/!three!dots!labs/watermill@v1.4.6/message/router.go:453 +0x606

goroutine 24268 [chan receive]:
github.com/ThreeDotsLabs/watermill/message.(*handler).run(0xc000b13380, {0x1083d4720, 0xc0002e7450}, {0xc001492300, 0x6, 0xc000a9c000?})
	/Users/jace/go/pkg/mod/github.com/!three!dots!labs/watermill@v1.4.6/message/router.go:645 +0x2b4
github.com/ThreeDotsLabs/watermill/message.(*Router).RunHandlers.func1()
	/Users/jace/go/pkg/mod/github.com/!three!dots!labs/watermill@v1.4.6/message/router.go:460 +0x145
created by github.com/ThreeDotsLabs/watermill/message.(*Router).RunHandlers in goroutine 24274
	/Users/jace/go/pkg/mod/github.com/!three!dots!labs/watermill@v1.4.6/message/router.go:453 +0x606

goroutine 21938 [sync.WaitGroup.Wait]:
sync.runtime_SemacquireWaitGroup(0xc000e6dce0?)
	/usr/local/Cellar/go/1.24.2/libexec/src/runtime/sema.go:110 +0x25
sync.(*WaitGroup).Wait(0xc0003d0fc0?)
	/usr/local/Cellar/go/1.24.2/libexec/src/sync/waitgroup.go:118 +0x48
github.com/ThreeDotsLabs/watermill/message.(*Router).watchAllHandlersStopped.func1()
	/Users/jace/go/pkg/mod/github.com/!three!dots!labs/watermill@v1.4.6/message/router.go:498 +0x86
created by github.com/ThreeDotsLabs/watermill/message.(*Router).watchAllHandlersStopped in goroutine 21873
	/Users/jace/go/pkg/mod/github.com/!three!dots!labs/watermill@v1.4.6/message/router.go:484 +0xec

goroutine 20768 [chan receive]:
github.com/ThreeDotsLabs/watermill/message.(*messageTransformSubscriberDecorator).Subscribe.func1()
	/Users/jace/go/pkg/mod/github.com/!three!dots!labs/watermill@v1.4.6/message/decorator.go:52 +0x85
created by github.com/ThreeDotsLabs/watermill/message.(*messageTransformSubscriberDecorator).Subscribe in goroutine 20731
	/Users/jace/go/pkg/mod/github.com/!three!dots!labs/watermill@v1.4.6/message/decorator.go:51 +0xc7

goroutine 18529 [sync.Cond.Wait, 1 minutes]:
sync.runtime_notifyListWait(0xc000abf190, 0x0)
	/usr/local/Cellar/go/1.24.2/libexec/src/runtime/sema.go:597 +0x159
sync.(*Cond).Wait(0xc0017815e0?)
	/usr/local/Cellar/go/1.24.2/libexec/src/sync/cond.go:71 +0x85
github.com/nats-io/nats%2ego.(*asyncCallbacksHandler).asyncCBDispatcher(0xc000d10d00)
	/Users/jace/go/pkg/mod/github.com/nats-io/nats.go@v1.41.1/nats.go:3059 +0xdd
created by github.com/nats-io/nats%2ego.Options.Connect in goroutine 17821
	/Users/jace/go/pkg/mod/github.com/nats-io/nats.go@v1.41.1/nats.go:1635 +0x387

goroutine 21990 [select]:
github.com/nats-io/nats.go/jetstream.(*pullSubscription).Next(0xc0015da750)
	/Users/jace/go/pkg/mod/github.com/nats-io/nats.go@v1.41.1/jetstream/pull.go:589 +0x285
github.com/Black-And-White-Club/frolf-bot-shared/eventbus.(*eventBus).Subscribe.func1()
	/Users/jace/Documents/GitHub/frolf-bot-shared/eventbus/eventbus.go:326 +0x169
created by github.com/Black-And-White-Club/frolf-bot-shared/eventbus.(*eventBus).Subscribe in goroutine 21873
	/Users/jace/Documents/GitHub/frolf-bot-shared/eventbus/eventbus.go:315 +0xbf1

goroutine 18772 [select]:
github.com/nats-io/nats%2ego.(*Conn).doReconnect(0xc0014a8a08, {0x1083c48c8, 0x108d63970}, 0x0)
	/Users/jace/go/pkg/mod/github.com/nats-io/nats.go@v1.41.1/nats.go:2907 +0x41a
created by github.com/nats-io/nats%2ego.(*Conn).processOpErr in goroutine 18527
	/Users/jace/go/pkg/mod/github.com/nats-io/nats.go@v1.41.1/nats.go:3043 +0x2f3

goroutine 18549 [sync.Cond.Wait, 1 minutes]:
sync.runtime_notifyListWait(0xc000a06150, 0x0)
	/usr/local/Cellar/go/1.24.2/libexec/src/runtime/sema.go:597 +0x159
sync.(*Cond).Wait(0xc0011497d0?)
	/usr/local/Cellar/go/1.24.2/libexec/src/sync/cond.go:71 +0x85
github.com/nats-io/nats%2ego.(*asyncCallbacksHandler).asyncCBDispatcher(0xc0010a8540)
	/Users/jace/go/pkg/mod/github.com/nats-io/nats.go@v1.41.1/nats.go:3059 +0xdd
created by github.com/nats-io/nats%2ego.Options.Connect in goroutine 17821
	/Users/jace/go/pkg/mod/github.com/nats-io/nats.go@v1.41.1/nats.go:1635 +0x387

goroutine 20802 [select]:
github.com/nats-io/nats.go/jetstream.(*pullSubscription).pullMessages(0xc0010ebd40, {0xc00004cde0, 0x5b})
	/Users/jace/go/pkg/mod/github.com/nats-io/nats.go@v1.41.1/jetstream/pull.go:955 +0x91
created by github.com/nats-io/nats.go/jetstream.(*pullConsumer).Messages in goroutine 20731
	/Users/jace/go/pkg/mod/github.com/nats-io/nats.go@v1.41.1/jetstream/pull.go:534 +0x748

goroutine 21930 [chan receive]:
github.com/ThreeDotsLabs/watermill/message.(*handler).run(0xc001603520, {0x1083d4720, 0xc000f9e9b0}, {0xc000788000, 0x6, 0x1000000000001?})
	/Users/jace/go/pkg/mod/github.com/!three!dots!labs/watermill@v1.4.6/message/router.go:645 +0x2b4
github.com/ThreeDotsLabs/watermill/message.(*Router).RunHandlers.func1()
	/Users/jace/go/pkg/mod/github.com/!three!dots!labs/watermill@v1.4.6/message/router.go:460 +0x145
created by github.com/ThreeDotsLabs/watermill/message.(*Router).RunHandlers in goroutine 21873
	/Users/jace/go/pkg/mod/github.com/!three!dots!labs/watermill@v1.4.6/message/router.go:453 +0x606

goroutine 18553 [sync.Cond.Wait, 1 minutes]:
sync.runtime_notifyListWait(0xc000a063d0, 0x0)
	/usr/local/Cellar/go/1.24.2/libexec/src/runtime/sema.go:597 +0x159
sync.(*Cond).Wait(0xc00163d0a0?)
	/usr/local/Cellar/go/1.24.2/libexec/src/sync/cond.go:71 +0x85
github.com/nats-io/nats%2ego.(*asyncCallbacksHandler).asyncCBDispatcher(0xc0010a85e0)
	/Users/jace/go/pkg/mod/github.com/nats-io/nats.go@v1.41.1/nats.go:3059 +0xdd
created by github.com/nats-io/nats%2ego.Options.Connect in goroutine 17821
	/Users/jace/go/pkg/mod/github.com/nats-io/nats.go@v1.41.1/nats.go:1635 +0x387

goroutine 18554 [sync.Cond.Wait, 1 minutes]:
sync.runtime_notifyListWait(0xc000a06610, 0x1c)
	/usr/local/Cellar/go/1.24.2/libexec/src/runtime/sema.go:597 +0x159
sync.(*Cond).Wait(0xc001321980?)
	/usr/local/Cellar/go/1.24.2/libexec/src/sync/cond.go:71 +0x85
github.com/nats-io/nats%2ego.(*Conn).waitForMsgs(0xc0014a8a08, 0xc000fbcff0)
	/Users/jace/go/pkg/mod/github.com/nats-io/nats.go@v1.41.1/nats.go:3178 +0xc5
created by github.com/nats-io/nats%2ego.(*Conn).subscribeLocked in goroutine 17821
	/Users/jace/go/pkg/mod/github.com/nats-io/nats.go@v1.41.1/nats.go:4468 +0x419

goroutine 18556 [sync.WaitGroup.Wait, 1 minutes]:
sync.runtime_SemacquireWaitGroup(0x0?)
	/usr/local/Cellar/go/1.24.2/libexec/src/runtime/sema.go:110 +0x25
sync.(*WaitGroup).Wait(0x0?)
	/usr/local/Cellar/go/1.24.2/libexec/src/sync/waitgroup.go:118 +0x48
github.com/ThreeDotsLabs/watermill/message.(*Router).watchAllHandlersStopped.func1()
	/Users/jace/go/pkg/mod/github.com/!three!dots!labs/watermill@v1.4.6/message/router.go:498 +0x86
created by github.com/ThreeDotsLabs/watermill/message.(*Router).watchAllHandlersStopped in goroutine 18555
	/Users/jace/go/pkg/mod/github.com/!three!dots!labs/watermill@v1.4.6/message/router.go:484 +0xec

goroutine 18557 [select, 1 minutes]:
github.com/nats-io/nats.go/jetstream.(*pullSubscription).pullMessages(0xc000c9c090, {0xc000a6b340, 0x63})
	/Users/jace/go/pkg/mod/github.com/nats-io/nats.go@v1.41.1/jetstream/pull.go:955 +0x91
created by github.com/nats-io/nats.go/jetstream.(*pullConsumer).Messages in goroutine 18555
	/Users/jace/go/pkg/mod/github.com/nats-io/nats.go@v1.41.1/jetstream/pull.go:534 +0x748

goroutine 18558 [select, 1 minutes]:
github.com/nats-io/nats.go/jetstream.(*pullConsumer).Messages.func2()
	/Users/jace/go/pkg/mod/github.com/nats-io/nats.go@v1.41.1/jetstream/pull.go:538 +0x68
created by github.com/nats-io/nats.go/jetstream.(*pullConsumer).Messages in goroutine 18555
	/Users/jace/go/pkg/mod/github.com/nats-io/nats.go@v1.41.1/jetstream/pull.go:536 +0x78a

goroutine 18559 [select, 1 minutes]:
github.com/nats-io/nats.go/jetstream.(*pullSubscription).Next(0xc000c9c090)
	/Users/jace/go/pkg/mod/github.com/nats-io/nats.go@v1.41.1/jetstream/pull.go:589 +0x285
github.com/Black-And-White-Club/frolf-bot-shared/eventbus.(*eventBus).Subscribe.func1()
	/Users/jace/Documents/GitHub/frolf-bot-shared/eventbus/eventbus.go:326 +0x169
created by github.com/Black-And-White-Club/frolf-bot-shared/eventbus.(*eventBus).Subscribe in goroutine 18555
	/Users/jace/Documents/GitHub/frolf-bot-shared/eventbus/eventbus.go:315 +0xbf1

goroutine 18560 [chan receive, 1 minutes]:
github.com/ThreeDotsLabs/watermill/message.(*messageTransformSubscriberDecorator).Subscribe.func1()
	/Users/jace/go/pkg/mod/github.com/!three!dots!labs/watermill@v1.4.6/message/decorator.go:52 +0x85
created by github.com/ThreeDotsLabs/watermill/message.(*messageTransformSubscriberDecorator).Subscribe in goroutine 18555
	/Users/jace/go/pkg/mod/github.com/!three!dots!labs/watermill@v1.4.6/message/decorator.go:51 +0xc7

goroutine 18561 [chan receive, 1 minutes]:
github.com/ThreeDotsLabs/watermill/message.(*handler).run(0xc000d44c30, {0x1083d4720, 0xc0010c0230}, {0xc000d978c0, 0x6, 0x0?})
	/Users/jace/go/pkg/mod/github.com/!three!dots!labs/watermill@v1.4.6/message/router.go:645 +0x2b4
github.com/ThreeDotsLabs/watermill/message.(*Router).RunHandlers.func1()
	/Users/jace/go/pkg/mod/github.com/!three!dots!labs/watermill@v1.4.6/message/router.go:460 +0x145
created by github.com/ThreeDotsLabs/watermill/message.(*Router).RunHandlers in goroutine 18555
	/Users/jace/go/pkg/mod/github.com/!three!dots!labs/watermill@v1.4.6/message/router.go:453 +0x606

goroutine 20777 [chan receive]:
github.com/ThreeDotsLabs/watermill/message.(*handler).run(0xc001889d40, {0x1083d4720, 0xc0010c0be0}, {0xc0005db440, 0x6, 0x0?})
	/Users/jace/go/pkg/mod/github.com/!three!dots!labs/watermill@v1.4.6/message/router.go:645 +0x2b4
github.com/ThreeDotsLabs/watermill/message.(*Router).RunHandlers.func1()
	/Users/jace/go/pkg/mod/github.com/!three!dots!labs/watermill@v1.4.6/message/router.go:460 +0x145
created by github.com/ThreeDotsLabs/watermill/message.(*Router).RunHandlers in goroutine 20731
	/Users/jace/go/pkg/mod/github.com/!three!dots!labs/watermill@v1.4.6/message/router.go:453 +0x606

goroutine 18535 [select, 1 minutes]:
github.com/nats-io/nats.go/jetstream.(*pullSubscription).Next(0xc000427b00)
	/Users/jace/go/pkg/mod/github.com/nats-io/nats.go@v1.41.1/jetstream/pull.go:589 +0x285
github.com/Black-And-White-Club/frolf-bot-shared/eventbus.(*eventBus).Subscribe.func1()
	/Users/jace/Documents/GitHub/frolf-bot-shared/eventbus/eventbus.go:326 +0x169
created by github.com/Black-And-White-Club/frolf-bot-shared/eventbus.(*eventBus).Subscribe in goroutine 18555
	/Users/jace/Documents/GitHub/frolf-bot-shared/eventbus/eventbus.go:315 +0xbf1

goroutine 18536 [chan receive, 1 minutes]:
github.com/ThreeDotsLabs/watermill/message.(*messageTransformSubscriberDecorator).Subscribe.func1()
	/Users/jace/go/pkg/mod/github.com/!three!dots!labs/watermill@v1.4.6/message/decorator.go:52 +0x85
created by github.com/ThreeDotsLabs/watermill/message.(*messageTransformSubscriberDecorator).Subscribe in goroutine 18555
	/Users/jace/go/pkg/mod/github.com/!three!dots!labs/watermill@v1.4.6/message/decorator.go:51 +0xc7

goroutine 18537 [chan receive, 1 minutes]:
github.com/ThreeDotsLabs/watermill/message.(*handler).run(0xc000d45450, {0x1083d4720, 0xc00112ad20}, {0xc000ee3500, 0x6, 0x100000001?})
	/Users/jace/go/pkg/mod/github.com/!three!dots!labs/watermill@v1.4.6/message/router.go:645 +0x2b4
github.com/ThreeDotsLabs/watermill/message.(*Router).RunHandlers.func1()
	/Users/jace/go/pkg/mod/github.com/!three!dots!labs/watermill@v1.4.6/message/router.go:460 +0x145
created by github.com/ThreeDotsLabs/watermill/message.(*Router).RunHandlers in goroutine 18555
	/Users/jace/go/pkg/mod/github.com/!three!dots!labs/watermill@v1.4.6/message/router.go:453 +0x606

goroutine 20758 [sync.Cond.Wait]:
sync.runtime_notifyListWait(0xc000a069d0, 0x0)
	/usr/local/Cellar/go/1.24.2/libexec/src/runtime/sema.go:597 +0x159
sync.(*Cond).Wait(0xc0015584d0?)
	/usr/local/Cellar/go/1.24.2/libexec/src/sync/cond.go:71 +0x85
github.com/nats-io/nats%2ego.(*asyncCallbacksHandler).asyncCBDispatcher(0xc0002f0620)
	/Users/jace/go/pkg/mod/github.com/nats-io/nats.go@v1.41.1/nats.go:3059 +0xdd
created by github.com/nats-io/nats%2ego.Options.Connect in goroutine 19986
	/Users/jace/go/pkg/mod/github.com/nats-io/nats.go@v1.41.1/nats.go:1635 +0x387

goroutine 18540 [select, 1 minutes]:
github.com/nats-io/nats.go/jetstream.(*pullConsumer).Messages.func2()
	/Users/jace/go/pkg/mod/github.com/nats-io/nats.go@v1.41.1/jetstream/pull.go:538 +0x68
created by github.com/nats-io/nats.go/jetstream.(*pullConsumer).Messages in goroutine 18555
	/Users/jace/go/pkg/mod/github.com/nats-io/nats.go@v1.41.1/jetstream/pull.go:536 +0x78a

goroutine 18541 [select, 1 minutes]:
github.com/nats-io/nats.go/jetstream.(*pullSubscription).Next(0xc000598000)
	/Users/jace/go/pkg/mod/github.com/nats-io/nats.go@v1.41.1/jetstream/pull.go:589 +0x285
github.com/Black-And-White-Club/frolf-bot-shared/eventbus.(*eventBus).Subscribe.func1()
	/Users/jace/Documents/GitHub/frolf-bot-shared/eventbus/eventbus.go:326 +0x169
created by github.com/Black-And-White-Club/frolf-bot-shared/eventbus.(*eventBus).Subscribe in goroutine 18555
	/Users/jace/Documents/GitHub/frolf-bot-shared/eventbus/eventbus.go:315 +0xbf1

goroutine 18542 [chan receive, 1 minutes]:
github.com/ThreeDotsLabs/watermill/message.(*messageTransformSubscriberDecorator).Subscribe.func1()
	/Users/jace/go/pkg/mod/github.com/!three!dots!labs/watermill@v1.4.6/message/decorator.go:52 +0x85
created by github.com/ThreeDotsLabs/watermill/message.(*messageTransformSubscriberDecorator).Subscribe in goroutine 18555
	/Users/jace/go/pkg/mod/github.com/!three!dots!labs/watermill@v1.4.6/message/decorator.go:51 +0xc7

goroutine 18543 [chan receive, 1 minutes]:
github.com/ThreeDotsLabs/watermill/message.(*handler).run(0xc000d455f0, {0x1083d4720, 0xc000a20460}, {0xc000e64240, 0x6, 0x0?})
	/Users/jace/go/pkg/mod/github.com/!three!dots!labs/watermill@v1.4.6/message/router.go:645 +0x2b4
github.com/ThreeDotsLabs/watermill/message.(*Router).RunHandlers.func1()
	/Users/jace/go/pkg/mod/github.com/!three!dots!labs/watermill@v1.4.6/message/router.go:460 +0x145
created by github.com/ThreeDotsLabs/watermill/message.(*Router).RunHandlers in goroutine 18555
	/Users/jace/go/pkg/mod/github.com/!three!dots!labs/watermill@v1.4.6/message/router.go:453 +0x606

goroutine 22976 [chan receive]:
github.com/ThreeDotsLabs/watermill/message.(*messageTransformSubscriberDecorator).Subscribe.func1()
	/Users/jace/go/pkg/mod/github.com/!three!dots!labs/watermill@v1.4.6/message/decorator.go:52 +0x85
created by github.com/ThreeDotsLabs/watermill/message.(*messageTransformSubscriberDecorator).Subscribe in goroutine 22982
	/Users/jace/go/pkg/mod/github.com/!three!dots!labs/watermill@v1.4.6/message/decorator.go:51 +0xc7

goroutine 22000 [select]:
github.com/nats-io/nats.go/jetstream.(*pullConsumer).Messages.func2()
	/Users/jace/go/pkg/mod/github.com/nats-io/nats.go@v1.41.1/jetstream/pull.go:538 +0x68
created by github.com/nats-io/nats.go/jetstream.(*pullConsumer).Messages in goroutine 21873
	/Users/jace/go/pkg/mod/github.com/nats-io/nats.go@v1.41.1/jetstream/pull.go:536 +0x78a

goroutine 18690 [sync.WaitGroup.Wait, 1 minutes]:
sync.runtime_SemacquireWaitGroup(0x1083d4718?)
	/usr/local/Cellar/go/1.24.2/libexec/src/runtime/sema.go:110 +0x25
sync.(*WaitGroup).Wait(0xc000f61fd0?)
	/usr/local/Cellar/go/1.24.2/libexec/src/sync/waitgroup.go:118 +0x48
github.com/ThreeDotsLabs/watermill/message.(*Router).waitForHandlers.func1()
	/Users/jace/go/pkg/mod/github.com/!three!dots!labs/watermill@v1.4.6/message/router.go:579 +0x4b
created by github.com/ThreeDotsLabs/watermill/message.(*Router).waitForHandlers in goroutine 17821
	/Users/jace/go/pkg/mod/github.com/!three!dots!labs/watermill@v1.4.6/message/router.go:577 +0x87

goroutine 20774 [select]:
github.com/nats-io/nats.go/jetstream.(*pullConsumer).Messages.func2()
	/Users/jace/go/pkg/mod/github.com/nats-io/nats.go@v1.41.1/jetstream/pull.go:538 +0x68
created by github.com/nats-io/nats.go/jetstream.(*pullConsumer).Messages in goroutine 20731
	/Users/jace/go/pkg/mod/github.com/nats-io/nats.go@v1.41.1/jetstream/pull.go:536 +0x78a

goroutine 26873 [select]:
github.com/nats-io/nats%2ego.(*Conn).doReconnect(0xc001694a08, {0x1083c48c8, 0x108d63970}, 0x0)
	/Users/jace/go/pkg/mod/github.com/nats-io/nats.go@v1.41.1/nats.go:2907 +0x41a
created by github.com/nats-io/nats%2ego.(*Conn).processOpErr in goroutine 26638
	/Users/jace/go/pkg/mod/github.com/nats-io/nats.go@v1.41.1/nats.go:3043 +0x2f3

goroutine 20776 [chan receive]:
github.com/ThreeDotsLabs/watermill/message.(*messageTransformSubscriberDecorator).Subscribe.func1()
	/Users/jace/go/pkg/mod/github.com/!three!dots!labs/watermill@v1.4.6/message/decorator.go:52 +0x85
created by github.com/ThreeDotsLabs/watermill/message.(*messageTransformSubscriberDecorator).Subscribe in goroutine 20731
	/Users/jace/go/pkg/mod/github.com/!three!dots!labs/watermill@v1.4.6/message/decorator.go:51 +0xc7

goroutine 20759 [sync.Cond.Wait]:
sync.runtime_notifyListWait(0xc000a06b90, 0x1c)
	/usr/local/Cellar/go/1.24.2/libexec/src/runtime/sema.go:597 +0x159
sync.(*Cond).Wait(0xc0009fe480?)
	/usr/local/Cellar/go/1.24.2/libexec/src/sync/cond.go:71 +0x85
github.com/nats-io/nats%2ego.(*Conn).waitForMsgs(0xc0013d0708, 0xc0013f83c0)
	/Users/jace/go/pkg/mod/github.com/nats-io/nats.go@v1.41.1/nats.go:3178 +0xc5
created by github.com/nats-io/nats%2ego.(*Conn).subscribeLocked in goroutine 19986
	/Users/jace/go/pkg/mod/github.com/nats-io/nats.go@v1.41.1/nats.go:4468 +0x419

goroutine 19732 [sync.Cond.Wait, 1 minutes]:
sync.runtime_notifyListWait(0xc0009e0fd0, 0x1c)
	/usr/local/Cellar/go/1.24.2/libexec/src/runtime/sema.go:597 +0x159
sync.(*Cond).Wait(0xc000e25870?)
	/usr/local/Cellar/go/1.24.2/libexec/src/sync/cond.go:71 +0x85
github.com/nats-io/nats%2ego.(*Conn).waitForMsgs(0xc000cfc308, 0xc000f13860)
	/Users/jace/go/pkg/mod/github.com/nats-io/nats.go@v1.41.1/nats.go:3178 +0xc5
created by github.com/nats-io/nats%2ego.(*Conn).subscribeLocked in goroutine 18834
	/Users/jace/go/pkg/mod/github.com/nats-io/nats.go@v1.41.1/nats.go:4468 +0x419

goroutine 20761 [select]:
github.com/nats-io/nats.go/jetstream.(*pullConsumer).Messages.func2()
	/Users/jace/go/pkg/mod/github.com/nats-io/nats.go@v1.41.1/jetstream/pull.go:538 +0x68
created by github.com/nats-io/nats.go/jetstream.(*pullConsumer).Messages in goroutine 20731
	/Users/jace/go/pkg/mod/github.com/nats-io/nats.go@v1.41.1/jetstream/pull.go:536 +0x78a

goroutine 20804 [select]:
github.com/nats-io/nats.go/jetstream.(*pullSubscription).Next(0xc0010ebd40)
	/Users/jace/go/pkg/mod/github.com/nats-io/nats.go@v1.41.1/jetstream/pull.go:589 +0x285
github.com/Black-And-White-Club/frolf-bot-shared/eventbus.(*eventBus).Subscribe.func1()
	/Users/jace/Documents/GitHub/frolf-bot-shared/eventbus/eventbus.go:326 +0x169
created by github.com/Black-And-White-Club/frolf-bot-shared/eventbus.(*eventBus).Subscribe in goroutine 20731
	/Users/jace/Documents/GitHub/frolf-bot-shared/eventbus/eventbus.go:315 +0xbf1

goroutine 20762 [select]:
github.com/nats-io/nats.go/jetstream.(*pullSubscription).Next(0xc0010eb440)
	/Users/jace/go/pkg/mod/github.com/nats-io/nats.go@v1.41.1/jetstream/pull.go:589 +0x285
github.com/Black-And-White-Club/frolf-bot-shared/eventbus.(*eventBus).Subscribe.func1()
	/Users/jace/Documents/GitHub/frolf-bot-shared/eventbus/eventbus.go:326 +0x169
created by github.com/Black-And-White-Club/frolf-bot-shared/eventbus.(*eventBus).Subscribe in goroutine 20731
	/Users/jace/Documents/GitHub/frolf-bot-shared/eventbus/eventbus.go:315 +0xbf1

goroutine 21943 [chan receive]:
github.com/ThreeDotsLabs/watermill/message.(*handler).run(0xc001603380, {0x1083d4720, 0xc000801b80}, {0xc001950180, 0x6, 0xc00107df78?})
	/Users/jace/go/pkg/mod/github.com/!three!dots!labs/watermill@v1.4.6/message/router.go:645 +0x2b4
github.com/ThreeDotsLabs/watermill/message.(*Router).RunHandlers.func1()
	/Users/jace/go/pkg/mod/github.com/!three!dots!labs/watermill@v1.4.6/message/router.go:460 +0x145
created by github.com/ThreeDotsLabs/watermill/message.(*Router).RunHandlers in goroutine 21873
	/Users/jace/go/pkg/mod/github.com/!three!dots!labs/watermill@v1.4.6/message/router.go:453 +0x606

goroutine 24265 [select]:
github.com/nats-io/nats.go/jetstream.(*pullConsumer).Messages.func2()
	/Users/jace/go/pkg/mod/github.com/nats-io/nats.go@v1.41.1/jetstream/pull.go:538 +0x68
created by github.com/nats-io/nats.go/jetstream.(*pullConsumer).Messages in goroutine 24274
	/Users/jace/go/pkg/mod/github.com/nats-io/nats.go@v1.41.1/jetstream/pull.go:536 +0x78a

goroutine 26706 [select]:
github.com/nats-io/nats.go/jetstream.(*pullSubscription).Next(0xc001915c20)
	/Users/jace/go/pkg/mod/github.com/nats-io/nats.go@v1.41.1/jetstream/pull.go:589 +0x285
github.com/Black-And-White-Club/frolf-bot-shared/eventbus.(*eventBus).Subscribe.func1()
	/Users/jace/Documents/GitHub/frolf-bot-shared/eventbus/eventbus.go:326 +0x169
created by github.com/Black-And-White-Club/frolf-bot-shared/eventbus.(*eventBus).Subscribe in goroutine 26544
	/Users/jace/Documents/GitHub/frolf-bot-shared/eventbus/eventbus.go:315 +0xbf1

goroutine 20817 [sync.Cond.Wait]:
sync.runtime_notifyListWait(0xc000a07350, 0x2)
	/usr/local/Cellar/go/1.24.2/libexec/src/runtime/sema.go:597 +0x159
sync.(*Cond).Wait(0xc000fe8290?)
	/usr/local/Cellar/go/1.24.2/libexec/src/sync/cond.go:71 +0x85
github.com/nats-io/nats%2ego.(*Conn).waitForMsgs(0xc000cfb508, 0xc0013f8960)
	/Users/jace/go/pkg/mod/github.com/nats-io/nats.go@v1.41.1/nats.go:3178 +0xc5
created by github.com/nats-io/nats%2ego.(*Conn).subscribeLocked in goroutine 19986
	/Users/jace/go/pkg/mod/github.com/nats-io/nats.go@v1.41.1/nats.go:4468 +0x419

goroutine 26683 [chan receive]:
github.com/ThreeDotsLabs/watermill/message.(*messageTransformSubscriberDecorator).Subscribe.func1()
	/Users/jace/go/pkg/mod/github.com/!three!dots!labs/watermill@v1.4.6/message/decorator.go:52 +0x85
created by github.com/ThreeDotsLabs/watermill/message.(*messageTransformSubscriberDecorator).Subscribe in goroutine 26544
	/Users/jace/go/pkg/mod/github.com/!three!dots!labs/watermill@v1.4.6/message/decorator.go:51 +0xc7

goroutine 20876 [sync.WaitGroup.Wait]:
sync.runtime_SemacquireWaitGroup(0xc00081ff10?)
	/usr/local/Cellar/go/1.24.2/libexec/src/runtime/sema.go:110 +0x25
sync.(*WaitGroup).Wait(0x10726d452?)
	/usr/local/Cellar/go/1.24.2/libexec/src/sync/waitgroup.go:118 +0x48
github.com/ThreeDotsLabs/watermill/pubsub/sync.WaitGroupTimeout.func1()
	/Users/jace/go/pkg/mod/github.com/!three!dots!labs/watermill@v1.4.6/pubsub/sync/waitgroup.go:13 +0x25
created by github.com/ThreeDotsLabs/watermill/pubsub/sync.WaitGroupTimeout in goroutine 19986
	/Users/jace/go/pkg/mod/github.com/!three!dots!labs/watermill@v1.4.6/pubsub/sync/waitgroup.go:12 +0x85

goroutine 22974 [select]:
github.com/nats-io/nats.go/jetstream.(*pullConsumer).Messages.func2()
	/Users/jace/go/pkg/mod/github.com/nats-io/nats.go@v1.41.1/jetstream/pull.go:538 +0x68
created by github.com/nats-io/nats.go/jetstream.(*pullConsumer).Messages in goroutine 22982
	/Users/jace/go/pkg/mod/github.com/nats-io/nats.go@v1.41.1/jetstream/pull.go:536 +0x78a

goroutine 26607 [chan receive]:
github.com/ThreeDotsLabs/watermill/message.(*messageTransformSubscriberDecorator).Subscribe.func1()
	/Users/jace/go/pkg/mod/github.com/!three!dots!labs/watermill@v1.4.6/message/decorator.go:52 +0x85
created by github.com/ThreeDotsLabs/watermill/message.(*messageTransformSubscriberDecorator).Subscribe in goroutine 26544
	/Users/jace/go/pkg/mod/github.com/!three!dots!labs/watermill@v1.4.6/message/decorator.go:51 +0xc7

goroutine 26606 [select]:
github.com/nats-io/nats.go/jetstream.(*pullSubscription).Next(0xc001111950)
	/Users/jace/go/pkg/mod/github.com/nats-io/nats.go@v1.41.1/jetstream/pull.go:589 +0x285
github.com/Black-And-White-Club/frolf-bot-shared/eventbus.(*eventBus).Subscribe.func1()
	/Users/jace/Documents/GitHub/frolf-bot-shared/eventbus/eventbus.go:326 +0x169
created by github.com/Black-And-White-Club/frolf-bot-shared/eventbus.(*eventBus).Subscribe in goroutine 26544
	/Users/jace/Documents/GitHub/frolf-bot-shared/eventbus/eventbus.go:315 +0xbf1

goroutine 21941 [select]:
github.com/nats-io/nats.go/jetstream.(*pullSubscription).Next(0xc0010f5cb0)
	/Users/jace/go/pkg/mod/github.com/nats-io/nats.go@v1.41.1/jetstream/pull.go:589 +0x285
github.com/Black-And-White-Club/frolf-bot-shared/eventbus.(*eventBus).Subscribe.func1()
	/Users/jace/Documents/GitHub/frolf-bot-shared/eventbus/eventbus.go:326 +0x169
created by github.com/Black-And-White-Club/frolf-bot-shared/eventbus.(*eventBus).Subscribe in goroutine 21873
	/Users/jace/Documents/GitHub/frolf-bot-shared/eventbus/eventbus.go:315 +0xbf1

goroutine 19674 [sync.Cond.Wait, 1 minutes]:
sync.runtime_notifyListWait(0xc000aa2d50, 0x0)
	/usr/local/Cellar/go/1.24.2/libexec/src/runtime/sema.go:597 +0x159
sync.(*Cond).Wait(0x0?)
	/usr/local/Cellar/go/1.24.2/libexec/src/sync/cond.go:71 +0x85
github.com/nats-io/nats%2ego.(*asyncCallbacksHandler).asyncCBDispatcher(0xc000bdb3a0)
	/Users/jace/go/pkg/mod/github.com/nats-io/nats.go@v1.41.1/nats.go:3059 +0xdd
created by github.com/nats-io/nats%2ego.Options.Connect in goroutine 18834
	/Users/jace/go/pkg/mod/github.com/nats-io/nats.go@v1.41.1/nats.go:1635 +0x387

goroutine 21792 [select]:
github.com/nats-io/nats.go/jetstream.(*pullConsumer).Messages.func2()
	/Users/jace/go/pkg/mod/github.com/nats-io/nats.go@v1.41.1/jetstream/pull.go:538 +0x68
created by github.com/nats-io/nats.go/jetstream.(*pullConsumer).Messages in goroutine 21873
	/Users/jace/go/pkg/mod/github.com/nats-io/nats.go@v1.41.1/jetstream/pull.go:536 +0x78a

goroutine 19725 [sync.Cond.Wait, 1 minutes]:
sync.runtime_notifyListWait(0xc000aa3090, 0x0)
	/usr/local/Cellar/go/1.24.2/libexec/src/runtime/sema.go:597 +0x159
sync.(*Cond).Wait(0xc00111d7a0?)
	/usr/local/Cellar/go/1.24.2/libexec/src/sync/cond.go:71 +0x85
github.com/nats-io/nats%2ego.(*asyncCallbacksHandler).asyncCBDispatcher(0xc000bdb420)
	/Users/jace/go/pkg/mod/github.com/nats-io/nats.go@v1.41.1/nats.go:3059 +0xdd
created by github.com/nats-io/nats%2ego.Options.Connect in goroutine 18834
	/Users/jace/go/pkg/mod/github.com/nats-io/nats.go@v1.41.1/nats.go:1635 +0x387

goroutine 21942 [chan receive]:
github.com/ThreeDotsLabs/watermill/message.(*messageTransformSubscriberDecorator).Subscribe.func1()
	/Users/jace/go/pkg/mod/github.com/!three!dots!labs/watermill@v1.4.6/message/decorator.go:52 +0x85
created by github.com/ThreeDotsLabs/watermill/message.(*messageTransformSubscriberDecorator).Subscribe in goroutine 21873
	/Users/jace/go/pkg/mod/github.com/!three!dots!labs/watermill@v1.4.6/message/decorator.go:51 +0xc7

goroutine 19729 [sync.WaitGroup.Wait, 1 minutes]:
sync.runtime_SemacquireWaitGroup(0x0?)
	/usr/local/Cellar/go/1.24.2/libexec/src/runtime/sema.go:110 +0x25
sync.(*WaitGroup).Wait(0xc00048e5d0?)
	/usr/local/Cellar/go/1.24.2/libexec/src/sync/waitgroup.go:118 +0x48
github.com/ThreeDotsLabs/watermill/message.(*Router).watchAllHandlersStopped.func1()
	/Users/jace/go/pkg/mod/github.com/!three!dots!labs/watermill@v1.4.6/message/router.go:498 +0x86
created by github.com/ThreeDotsLabs/watermill/message.(*Router).watchAllHandlersStopped in goroutine 19728
	/Users/jace/go/pkg/mod/github.com/!three!dots!labs/watermill@v1.4.6/message/router.go:484 +0xec

goroutine 19748 [select, 1 minutes]:
github.com/nats-io/nats.go/jetstream.(*pullConsumer).Messages.func2()
	/Users/jace/go/pkg/mod/github.com/nats-io/nats.go@v1.41.1/jetstream/pull.go:538 +0x68
created by github.com/nats-io/nats.go/jetstream.(*pullConsumer).Messages in goroutine 19728
	/Users/jace/go/pkg/mod/github.com/nats-io/nats.go@v1.41.1/jetstream/pull.go:536 +0x78a

goroutine 19749 [select, 1 minutes]:
github.com/nats-io/nats.go/jetstream.(*pullSubscription).Next(0xc000aeeea0)
	/Users/jace/go/pkg/mod/github.com/nats-io/nats.go@v1.41.1/jetstream/pull.go:589 +0x285
github.com/Black-And-White-Club/frolf-bot-shared/eventbus.(*eventBus).Subscribe.func1()
	/Users/jace/Documents/GitHub/frolf-bot-shared/eventbus/eventbus.go:326 +0x169
created by github.com/Black-And-White-Club/frolf-bot-shared/eventbus.(*eventBus).Subscribe in goroutine 19728
	/Users/jace/Documents/GitHub/frolf-bot-shared/eventbus/eventbus.go:315 +0xbf1

goroutine 19750 [chan receive, 1 minutes]:
github.com/ThreeDotsLabs/watermill/message.(*messageTransformSubscriberDecorator).Subscribe.func1()
	/Users/jace/go/pkg/mod/github.com/!three!dots!labs/watermill@v1.4.6/message/decorator.go:52 +0x85
created by github.com/ThreeDotsLabs/watermill/message.(*messageTransformSubscriberDecorator).Subscribe in goroutine 19728
	/Users/jace/go/pkg/mod/github.com/!three!dots!labs/watermill@v1.4.6/message/decorator.go:51 +0xc7

goroutine 19751 [chan receive, 1 minutes]:
github.com/ThreeDotsLabs/watermill/message.(*handler).run(0xc000c5d450, {0x1083d4720, 0xc001502730}, {0xc00118b440, 0x6, 0x4?})
	/Users/jace/go/pkg/mod/github.com/!three!dots!labs/watermill@v1.4.6/message/router.go:645 +0x2b4
github.com/ThreeDotsLabs/watermill/message.(*Router).RunHandlers.func1()
	/Users/jace/go/pkg/mod/github.com/!three!dots!labs/watermill@v1.4.6/message/router.go:460 +0x145
created by github.com/ThreeDotsLabs/watermill/message.(*Router).RunHandlers in goroutine 19728
	/Users/jace/go/pkg/mod/github.com/!three!dots!labs/watermill@v1.4.6/message/router.go:453 +0x606

goroutine 19736 [select, 1 minutes]:
github.com/nats-io/nats.go/jetstream.(*pullSubscription).Next(0xc000bd6240)
	/Users/jace/go/pkg/mod/github.com/nats-io/nats.go@v1.41.1/jetstream/pull.go:589 +0x285
github.com/Black-And-White-Club/frolf-bot-shared/eventbus.(*eventBus).Subscribe.func1()
	/Users/jace/Documents/GitHub/frolf-bot-shared/eventbus/eventbus.go:326 +0x169
created by github.com/Black-And-White-Club/frolf-bot-shared/eventbus.(*eventBus).Subscribe in goroutine 19728
	/Users/jace/Documents/GitHub/frolf-bot-shared/eventbus/eventbus.go:315 +0xbf1

goroutine 19737 [chan receive, 1 minutes]:
github.com/ThreeDotsLabs/watermill/message.(*messageTransformSubscriberDecorator).Subscribe.func1()
	/Users/jace/go/pkg/mod/github.com/!three!dots!labs/watermill@v1.4.6/message/decorator.go:52 +0x85
created by github.com/ThreeDotsLabs/watermill/message.(*messageTransformSubscriberDecorator).Subscribe in goroutine 19728
	/Users/jace/go/pkg/mod/github.com/!three!dots!labs/watermill@v1.4.6/message/decorator.go:51 +0xc7

goroutine 19738 [chan receive, 1 minutes]:
github.com/ThreeDotsLabs/watermill/message.(*handler).run(0xc000c5d790, {0x1083d4720, 0xc001502960}, {0xc00118b500, 0x6, 0x4?})
	/Users/jace/go/pkg/mod/github.com/!three!dots!labs/watermill@v1.4.6/message/router.go:645 +0x2b4
github.com/ThreeDotsLabs/watermill/message.(*Router).RunHandlers.func1()
	/Users/jace/go/pkg/mod/github.com/!three!dots!labs/watermill@v1.4.6/message/router.go:460 +0x145
created by github.com/ThreeDotsLabs/watermill/message.(*Router).RunHandlers in goroutine 19728
	/Users/jace/go/pkg/mod/github.com/!three!dots!labs/watermill@v1.4.6/message/router.go:453 +0x606

goroutine 19677 [select, 1 minutes]:
github.com/nats-io/nats.go/jetstream.(*pullSubscription).pullMessages(0xc0006a59e0, {0xc000febf80, 0x63})
	/Users/jace/go/pkg/mod/github.com/nats-io/nats.go@v1.41.1/jetstream/pull.go:955 +0x91
created by github.com/nats-io/nats.go/jetstream.(*pullConsumer).Messages in goroutine 19728
	/Users/jace/go/pkg/mod/github.com/nats-io/nats.go@v1.41.1/jetstream/pull.go:534 +0x748

goroutine 19678 [select, 1 minutes]:
github.com/nats-io/nats.go/jetstream.(*pullConsumer).Messages.func2()
	/Users/jace/go/pkg/mod/github.com/nats-io/nats.go@v1.41.1/jetstream/pull.go:538 +0x68
created by github.com/nats-io/nats.go/jetstream.(*pullConsumer).Messages in goroutine 19728
	/Users/jace/go/pkg/mod/github.com/nats-io/nats.go@v1.41.1/jetstream/pull.go:536 +0x78a

goroutine 19679 [select, 1 minutes]:
github.com/nats-io/nats.go/jetstream.(*pullSubscription).Next(0xc0006a59e0)
	/Users/jace/go/pkg/mod/github.com/nats-io/nats.go@v1.41.1/jetstream/pull.go:589 +0x285
github.com/Black-And-White-Club/frolf-bot-shared/eventbus.(*eventBus).Subscribe.func1()
	/Users/jace/Documents/GitHub/frolf-bot-shared/eventbus/eventbus.go:326 +0x169
created by github.com/Black-And-White-Club/frolf-bot-shared/eventbus.(*eventBus).Subscribe in goroutine 19728
	/Users/jace/Documents/GitHub/frolf-bot-shared/eventbus/eventbus.go:315 +0xbf1

goroutine 19680 [chan receive, 1 minutes]:
github.com/ThreeDotsLabs/watermill/message.(*messageTransformSubscriberDecorator).Subscribe.func1()
	/Users/jace/go/pkg/mod/github.com/!three!dots!labs/watermill@v1.4.6/message/decorator.go:52 +0x85
created by github.com/ThreeDotsLabs/watermill/message.(*messageTransformSubscriberDecorator).Subscribe in goroutine 19728
	/Users/jace/go/pkg/mod/github.com/!three!dots!labs/watermill@v1.4.6/message/decorator.go:51 +0xc7

goroutine 19681 [chan receive, 1 minutes]:
github.com/ThreeDotsLabs/watermill/message.(*handler).run(0xc000c5da00, {0x1083d4720, 0xc001324960}, {0xc00111bc80, 0x6, 0x2c303a2273657261?})
	/Users/jace/go/pkg/mod/github.com/!three!dots!labs/watermill@v1.4.6/message/router.go:645 +0x2b4
github.com/ThreeDotsLabs/watermill/message.(*Router).RunHandlers.func1()
	/Users/jace/go/pkg/mod/github.com/!three!dots!labs/watermill@v1.4.6/message/router.go:460 +0x145
created by github.com/ThreeDotsLabs/watermill/message.(*Router).RunHandlers in goroutine 19728
	/Users/jace/go/pkg/mod/github.com/!three!dots!labs/watermill@v1.4.6/message/router.go:453 +0x606

goroutine 20892 [select]:
github.com/nats-io/nats%2ego.(*Conn).doReconnect(0xc000cfd108, {0x1083c48c8, 0x108d63970}, 0x0)
	/Users/jace/go/pkg/mod/github.com/nats-io/nats.go@v1.41.1/nats.go:2907 +0x41a
created by github.com/nats-io/nats%2ego.(*Conn).processOpErr in goroutine 20756
	/Users/jace/go/pkg/mod/github.com/nats-io/nats.go@v1.41.1/nats.go:3043 +0x2f3

goroutine 19739 [select, 1 minutes]:
github.com/nats-io/nats.go/jetstream.(*pullSubscription).pullMessages(0xc000bd6990, {0xc000d76c00, 0x53})
	/Users/jace/go/pkg/mod/github.com/nats-io/nats.go@v1.41.1/jetstream/pull.go:955 +0x91
created by github.com/nats-io/nats.go/jetstream.(*pullConsumer).Messages in goroutine 19728
	/Users/jace/go/pkg/mod/github.com/nats-io/nats.go@v1.41.1/jetstream/pull.go:534 +0x748

goroutine 19740 [select, 1 minutes]:
github.com/nats-io/nats.go/jetstream.(*pullConsumer).Messages.func2()
	/Users/jace/go/pkg/mod/github.com/nats-io/nats.go@v1.41.1/jetstream/pull.go:538 +0x68
created by github.com/nats-io/nats.go/jetstream.(*pullConsumer).Messages in goroutine 19728
	/Users/jace/go/pkg/mod/github.com/nats-io/nats.go@v1.41.1/jetstream/pull.go:536 +0x78a

goroutine 19741 [select, 1 minutes]:
github.com/nats-io/nats.go/jetstream.(*pullSubscription).Next(0xc000bd6990)
	/Users/jace/go/pkg/mod/github.com/nats-io/nats.go@v1.41.1/jetstream/pull.go:589 +0x285
github.com/Black-And-White-Club/frolf-bot-shared/eventbus.(*eventBus).Subscribe.func1()
	/Users/jace/Documents/GitHub/frolf-bot-shared/eventbus/eventbus.go:326 +0x169
created by github.com/Black-And-White-Club/frolf-bot-shared/eventbus.(*eventBus).Subscribe in goroutine 19728
	/Users/jace/Documents/GitHub/frolf-bot-shared/eventbus/eventbus.go:315 +0xbf1

goroutine 19742 [chan receive, 1 minutes]:
github.com/ThreeDotsLabs/watermill/message.(*messageTransformSubscriberDecorator).Subscribe.func1()
	/Users/jace/go/pkg/mod/github.com/!three!dots!labs/watermill@v1.4.6/message/decorator.go:52 +0x85
created by github.com/ThreeDotsLabs/watermill/message.(*messageTransformSubscriberDecorator).Subscribe in goroutine 19728
	/Users/jace/go/pkg/mod/github.com/!three!dots!labs/watermill@v1.4.6/message/decorator.go:51 +0xc7

goroutine 19743 [chan receive, 1 minutes]:
github.com/ThreeDotsLabs/watermill/message.(*handler).run(0xc0005136c0, {0x1083d4720, 0xc000800b90}, {0xc001097140, 0x6, 0x0?})
	/Users/jace/go/pkg/mod/github.com/!three!dots!labs/watermill@v1.4.6/message/router.go:645 +0x2b4
github.com/ThreeDotsLabs/watermill/message.(*Router).RunHandlers.func1()
	/Users/jace/go/pkg/mod/github.com/!three!dots!labs/watermill@v1.4.6/message/router.go:460 +0x145
created by github.com/ThreeDotsLabs/watermill/message.(*Router).RunHandlers in goroutine 19728
	/Users/jace/go/pkg/mod/github.com/!three!dots!labs/watermill@v1.4.6/message/router.go:453 +0x606

goroutine 20732 [sync.WaitGroup.Wait]:
sync.runtime_SemacquireWaitGroup(0xc0010c2000?)
	/usr/local/Cellar/go/1.24.2/libexec/src/runtime/sema.go:110 +0x25
sync.(*WaitGroup).Wait(0xc0013d0708?)
	/usr/local/Cellar/go/1.24.2/libexec/src/sync/waitgroup.go:118 +0x48
github.com/ThreeDotsLabs/watermill/message.(*Router).watchAllHandlersStopped.func1()
	/Users/jace/go/pkg/mod/github.com/!three!dots!labs/watermill@v1.4.6/message/router.go:498 +0x86
created by github.com/ThreeDotsLabs/watermill/message.(*Router).watchAllHandlersStopped in goroutine 20731
	/Users/jace/go/pkg/mod/github.com/!three!dots!labs/watermill@v1.4.6/message/router.go:484 +0xec

goroutine 19744 [select, 1 minutes]:
github.com/nats-io/nats.go/jetstream.(*pullSubscription).pullMessages(0xc000bd7050, {0xc000d76d20, 0x5b})
	/Users/jace/go/pkg/mod/github.com/nats-io/nats.go@v1.41.1/jetstream/pull.go:955 +0x91
created by github.com/nats-io/nats.go/jetstream.(*pullConsumer).Messages in goroutine 19728
	/Users/jace/go/pkg/mod/github.com/nats-io/nats.go@v1.41.1/jetstream/pull.go:534 +0x748

goroutine 19745 [select, 1 minutes]:
github.com/nats-io/nats.go/jetstream.(*pullConsumer).Messages.func2()
	/Users/jace/go/pkg/mod/github.com/nats-io/nats.go@v1.41.1/jetstream/pull.go:538 +0x68
created by github.com/nats-io/nats.go/jetstream.(*pullConsumer).Messages in goroutine 19728
	/Users/jace/go/pkg/mod/github.com/nats-io/nats.go@v1.41.1/jetstream/pull.go:536 +0x78a

goroutine 19794 [select, 1 minutes]:
github.com/nats-io/nats.go/jetstream.(*pullSubscription).Next(0xc000bd7050)
	/Users/jace/go/pkg/mod/github.com/nats-io/nats.go@v1.41.1/jetstream/pull.go:589 +0x285
github.com/Black-And-White-Club/frolf-bot-shared/eventbus.(*eventBus).Subscribe.func1()
	/Users/jace/Documents/GitHub/frolf-bot-shared/eventbus/eventbus.go:326 +0x169
created by github.com/Black-And-White-Club/frolf-bot-shared/eventbus.(*eventBus).Subscribe in goroutine 19728
	/Users/jace/Documents/GitHub/frolf-bot-shared/eventbus/eventbus.go:315 +0xbf1

goroutine 19795 [chan receive, 1 minutes]:
github.com/ThreeDotsLabs/watermill/message.(*messageTransformSubscriberDecorator).Subscribe.func1()
	/Users/jace/go/pkg/mod/github.com/!three!dots!labs/watermill@v1.4.6/message/decorator.go:52 +0x85
created by github.com/ThreeDotsLabs/watermill/message.(*messageTransformSubscriberDecorator).Subscribe in goroutine 19728
	/Users/jace/go/pkg/mod/github.com/!three!dots!labs/watermill@v1.4.6/message/decorator.go:51 +0xc7

goroutine 19796 [chan receive, 1 minutes]:
github.com/ThreeDotsLabs/watermill/message.(*handler).run(0xc000513c70, {0x1083d4720, 0xc001324af0}, {0xc001097200, 0x6, 0x0?})
	/Users/jace/go/pkg/mod/github.com/!three!dots!labs/watermill@v1.4.6/message/router.go:645 +0x2b4
github.com/ThreeDotsLabs/watermill/message.(*Router).RunHandlers.func1()
	/Users/jace/go/pkg/mod/github.com/!three!dots!labs/watermill@v1.4.6/message/router.go:460 +0x145
created by github.com/ThreeDotsLabs/watermill/message.(*Router).RunHandlers in goroutine 19728
	/Users/jace/go/pkg/mod/github.com/!three!dots!labs/watermill@v1.4.6/message/router.go:453 +0x606

goroutine 22143 [select]:
github.com/nats-io/nats%2ego.(*Conn).doReconnect(0xc000314308, {0x1083c48c8, 0x108d63970}, 0x0)
	/Users/jace/go/pkg/mod/github.com/nats-io/nats.go@v1.41.1/nats.go:2907 +0x41a
created by github.com/nats-io/nats%2ego.(*Conn).processOpErr in goroutine 21868
	/Users/jace/go/pkg/mod/github.com/nats-io/nats.go@v1.41.1/nats.go:3043 +0x2f3

goroutine 20760 [select]:
github.com/nats-io/nats.go/jetstream.(*pullSubscription).pullMessages(0xc0010eb440, {0xc001122bd0, 0x63})
	/Users/jace/go/pkg/mod/github.com/nats-io/nats.go@v1.41.1/jetstream/pull.go:955 +0x91
created by github.com/nats-io/nats.go/jetstream.(*pullConsumer).Messages in goroutine 20731
	/Users/jace/go/pkg/mod/github.com/nats-io/nats.go@v1.41.1/jetstream/pull.go:534 +0x748

goroutine 19780 [select, 1 minutes]:
github.com/nats-io/nats.go/jetstream.(*pullSubscription).pullMessages(0xc000426090, {0xc000492f50, 0x4e})
	/Users/jace/go/pkg/mod/github.com/nats-io/nats.go@v1.41.1/jetstream/pull.go:955 +0x91
created by github.com/nats-io/nats.go/jetstream.(*pullConsumer).Messages in goroutine 19728
	/Users/jace/go/pkg/mod/github.com/nats-io/nats.go@v1.41.1/jetstream/pull.go:534 +0x748

goroutine 19781 [select, 1 minutes]:
github.com/nats-io/nats.go/jetstream.(*pullConsumer).Messages.func2()
	/Users/jace/go/pkg/mod/github.com/nats-io/nats.go@v1.41.1/jetstream/pull.go:538 +0x68
created by github.com/nats-io/nats.go/jetstream.(*pullConsumer).Messages in goroutine 19728
	/Users/jace/go/pkg/mod/github.com/nats-io/nats.go@v1.41.1/jetstream/pull.go:536 +0x78a

goroutine 19782 [select, 1 minutes]:
github.com/nats-io/nats.go/jetstream.(*pullSubscription).Next(0xc000426090)
	/Users/jace/go/pkg/mod/github.com/nats-io/nats.go@v1.41.1/jetstream/pull.go:589 +0x285
github.com/Black-And-White-Club/frolf-bot-shared/eventbus.(*eventBus).Subscribe.func1()
	/Users/jace/Documents/GitHub/frolf-bot-shared/eventbus/eventbus.go:326 +0x169
created by github.com/Black-And-White-Club/frolf-bot-shared/eventbus.(*eventBus).Subscribe in goroutine 19728
	/Users/jace/Documents/GitHub/frolf-bot-shared/eventbus/eventbus.go:315 +0xbf1

goroutine 19783 [chan receive, 1 minutes]:
github.com/ThreeDotsLabs/watermill/message.(*messageTransformSubscriberDecorator).Subscribe.func1()
	/Users/jace/go/pkg/mod/github.com/!three!dots!labs/watermill@v1.4.6/message/decorator.go:52 +0x85
created by github.com/ThreeDotsLabs/watermill/message.(*messageTransformSubscriberDecorator).Subscribe in goroutine 19728
	/Users/jace/go/pkg/mod/github.com/!three!dots!labs/watermill@v1.4.6/message/decorator.go:51 +0xc7

goroutine 19784 [chan receive, 1 minutes]:
github.com/ThreeDotsLabs/watermill/message.(*handler).run(0xc000c5c000, {0x1083d4720, 0xc0001b2af0}, {0xc000014e40, 0x6, 0x0?})
	/Users/jace/go/pkg/mod/github.com/!three!dots!labs/watermill@v1.4.6/message/router.go:645 +0x2b4
github.com/ThreeDotsLabs/watermill/message.(*Router).RunHandlers.func1()
	/Users/jace/go/pkg/mod/github.com/!three!dots!labs/watermill@v1.4.6/message/router.go:460 +0x145
created by github.com/ThreeDotsLabs/watermill/message.(*Router).RunHandlers in goroutine 19728
	/Users/jace/go/pkg/mod/github.com/!three!dots!labs/watermill@v1.4.6/message/router.go:453 +0x606

goroutine 26674 [select]:
github.com/nats-io/nats.go/jetstream.(*pullSubscription).pullMessages(0xc00183bcb0, {0xc000f8b9a0, 0x4e})
	/Users/jace/go/pkg/mod/github.com/nats-io/nats.go@v1.41.1/jetstream/pull.go:955 +0x91
created by github.com/nats-io/nats.go/jetstream.(*pullConsumer).Messages in goroutine 26544
	/Users/jace/go/pkg/mod/github.com/nats-io/nats.go@v1.41.1/jetstream/pull.go:534 +0x748

goroutine 19753 [select, 1 minutes]:
github.com/nats-io/nats.go/jetstream.(*pullSubscription).pullMessages(0xc000aef440, {0xc0010cec60, 0x60})
	/Users/jace/go/pkg/mod/github.com/nats-io/nats.go@v1.41.1/jetstream/pull.go:955 +0x91
created by github.com/nats-io/nats.go/jetstream.(*pullConsumer).Messages in goroutine 19728
	/Users/jace/go/pkg/mod/github.com/nats-io/nats.go@v1.41.1/jetstream/pull.go:534 +0x748

goroutine 19754 [select, 1 minutes]:
github.com/nats-io/nats.go/jetstream.(*pullConsumer).Messages.func2()
	/Users/jace/go/pkg/mod/github.com/nats-io/nats.go@v1.41.1/jetstream/pull.go:538 +0x68
created by github.com/nats-io/nats.go/jetstream.(*pullConsumer).Messages in goroutine 19728
	/Users/jace/go/pkg/mod/github.com/nats-io/nats.go@v1.41.1/jetstream/pull.go:536 +0x78a

goroutine 19755 [select, 1 minutes]:
github.com/nats-io/nats.go/jetstream.(*pullSubscription).Next(0xc000aef440)
	/Users/jace/go/pkg/mod/github.com/nats-io/nats.go@v1.41.1/jetstream/pull.go:589 +0x285
github.com/Black-And-White-Club/frolf-bot-shared/eventbus.(*eventBus).Subscribe.func1()
	/Users/jace/Documents/GitHub/frolf-bot-shared/eventbus/eventbus.go:326 +0x169
created by github.com/Black-And-White-Club/frolf-bot-shared/eventbus.(*eventBus).Subscribe in goroutine 19728
	/Users/jace/Documents/GitHub/frolf-bot-shared/eventbus/eventbus.go:315 +0xbf1

goroutine 19756 [chan receive, 1 minutes]:
github.com/ThreeDotsLabs/watermill/message.(*messageTransformSubscriberDecorator).Subscribe.func1()
	/Users/jace/go/pkg/mod/github.com/!three!dots!labs/watermill@v1.4.6/message/decorator.go:52 +0x85
created by github.com/ThreeDotsLabs/watermill/message.(*messageTransformSubscriberDecorator).Subscribe in goroutine 19728
	/Users/jace/go/pkg/mod/github.com/!three!dots!labs/watermill@v1.4.6/message/decorator.go:51 +0xc7

goroutine 19757 [chan receive, 1 minutes]:
github.com/ThreeDotsLabs/watermill/message.(*handler).run(0xc000c5c820, {0x1083d4720, 0xc000800fa0}, {0xc00111bd40, 0x6, 0x0?})
	/Users/jace/go/pkg/mod/github.com/!three!dots!labs/watermill@v1.4.6/message/router.go:645 +0x2b4
github.com/ThreeDotsLabs/watermill/message.(*Router).RunHandlers.func1()
	/Users/jace/go/pkg/mod/github.com/!three!dots!labs/watermill@v1.4.6/message/router.go:460 +0x145
created by github.com/ThreeDotsLabs/watermill/message.(*Router).RunHandlers in goroutine 19728
	/Users/jace/go/pkg/mod/github.com/!three!dots!labs/watermill@v1.4.6/message/router.go:453 +0x606

goroutine 26682 [select]:
github.com/nats-io/nats.go/jetstream.(*pullSubscription).Next(0xc00184a240)
	/Users/jace/go/pkg/mod/github.com/nats-io/nats.go@v1.41.1/jetstream/pull.go:589 +0x285
github.com/Black-And-White-Club/frolf-bot-shared/eventbus.(*eventBus).Subscribe.func1()
	/Users/jace/Documents/GitHub/frolf-bot-shared/eventbus/eventbus.go:326 +0x169
created by github.com/Black-And-White-Club/frolf-bot-shared/eventbus.(*eventBus).Subscribe in goroutine 26544
	/Users/jace/Documents/GitHub/frolf-bot-shared/eventbus/eventbus.go:315 +0xbf1

goroutine 26543 [sync.Cond.Wait]:
sync.runtime_notifyListWait(0xc001820790, 0x1c)
	/usr/local/Cellar/go/1.24.2/libexec/src/runtime/sema.go:597 +0x159
sync.(*Cond).Wait(0x1083d4720?)
	/usr/local/Cellar/go/1.24.2/libexec/src/sync/cond.go:71 +0x85
github.com/nats-io/nats%2ego.(*Conn).waitForMsgs(0xc001694308, 0xc000556ff0)
	/Users/jace/go/pkg/mod/github.com/nats-io/nats.go@v1.41.1/nats.go:3178 +0xc5
created by github.com/nats-io/nats%2ego.(*Conn).subscribeLocked in goroutine 25642
	/Users/jace/go/pkg/mod/github.com/nats-io/nats.go@v1.41.1/nats.go:4468 +0x419

goroutine 21994 [select]:
github.com/nats-io/nats.go/jetstream.(*pullSubscription).pullMessages(0xc0015dac60, {0xc000dcc360, 0x53})
	/Users/jace/go/pkg/mod/github.com/nats-io/nats.go@v1.41.1/jetstream/pull.go:955 +0x91
created by github.com/nats-io/nats.go/jetstream.(*pullConsumer).Messages in goroutine 21873
	/Users/jace/go/pkg/mod/github.com/nats-io/nats.go@v1.41.1/jetstream/pull.go:534 +0x748

goroutine 19876 [sync.WaitGroup.Wait, 1 minutes]:
sync.runtime_SemacquireWaitGroup(0x1083d4790?)
	/usr/local/Cellar/go/1.24.2/libexec/src/runtime/sema.go:110 +0x25
sync.(*WaitGroup).Wait(0xc001571fd0?)
	/usr/local/Cellar/go/1.24.2/libexec/src/sync/waitgroup.go:118 +0x48
github.com/ThreeDotsLabs/watermill/message.(*Router).waitForHandlers.func1()
	/Users/jace/go/pkg/mod/github.com/!three!dots!labs/watermill@v1.4.6/message/router.go:579 +0x4b
created by github.com/ThreeDotsLabs/watermill/message.(*Router).waitForHandlers in goroutine 18834
	/Users/jace/go/pkg/mod/github.com/!three!dots!labs/watermill@v1.4.6/message/router.go:577 +0x87

goroutine 19809 [sync.Cond.Wait, 1 minutes]:
sync.runtime_notifyListWait(0xc000abe190, 0x1)
	/usr/local/Cellar/go/1.24.2/libexec/src/runtime/sema.go:597 +0x159
sync.(*Cond).Wait(0xc000475f00?)
	/usr/local/Cellar/go/1.24.2/libexec/src/sync/cond.go:71 +0x85
github.com/nats-io/nats%2ego.(*Conn).waitForMsgs(0xc000cfca08, 0xc0012ae000)
	/Users/jace/go/pkg/mod/github.com/nats-io/nats.go@v1.41.1/nats.go:3178 +0xc5
created by github.com/nats-io/nats%2ego.(*Conn).subscribeLocked in goroutine 18834
	/Users/jace/go/pkg/mod/github.com/nats-io/nats.go@v1.41.1/nats.go:4468 +0x419

goroutine 26676 [select]:
github.com/nats-io/nats.go/jetstream.(*pullSubscription).Next(0xc00183bcb0)
	/Users/jace/go/pkg/mod/github.com/nats-io/nats.go@v1.41.1/jetstream/pull.go:589 +0x285
github.com/Black-And-White-Club/frolf-bot-shared/eventbus.(*eventBus).Subscribe.func1()
	/Users/jace/Documents/GitHub/frolf-bot-shared/eventbus/eventbus.go:326 +0x169
created by github.com/Black-And-White-Club/frolf-bot-shared/eventbus.(*eventBus).Subscribe in goroutine 26544
	/Users/jace/Documents/GitHub/frolf-bot-shared/eventbus/eventbus.go:315 +0xbf1

goroutine 21870 [sync.Cond.Wait]:
sync.runtime_notifyListWait(0xc0015fead0, 0x0)
	/usr/local/Cellar/go/1.24.2/libexec/src/runtime/sema.go:597 +0x159
sync.(*Cond).Wait(0xc0016be690?)
	/usr/local/Cellar/go/1.24.2/libexec/src/sync/cond.go:71 +0x85
github.com/nats-io/nats%2ego.(*asyncCallbacksHandler).asyncCBDispatcher(0xc000bdad80)
	/Users/jace/go/pkg/mod/github.com/nats-io/nats.go@v1.41.1/nats.go:3059 +0xdd
created by github.com/nats-io/nats%2ego.Options.Connect in goroutine 20993
	/Users/jace/go/pkg/mod/github.com/nats-io/nats.go@v1.41.1/nats.go:1635 +0x387

goroutine 19878 [sync.WaitGroup.Wait, 1 minutes]:
sync.runtime_SemacquireWaitGroup(0x0?)
	/usr/local/Cellar/go/1.24.2/libexec/src/runtime/sema.go:110 +0x25
sync.(*WaitGroup).Wait(0x0?)
	/usr/local/Cellar/go/1.24.2/libexec/src/sync/waitgroup.go:118 +0x48
github.com/ThreeDotsLabs/watermill/pubsub/sync.WaitGroupTimeout.func1()
	/Users/jace/go/pkg/mod/github.com/!three!dots!labs/watermill@v1.4.6/pubsub/sync/waitgroup.go:13 +0x25
created by github.com/ThreeDotsLabs/watermill/pubsub/sync.WaitGroupTimeout in goroutine 18834
	/Users/jace/go/pkg/mod/github.com/!three!dots!labs/watermill@v1.4.6/pubsub/sync/waitgroup.go:12 +0x85

goroutine 20773 [select]:
github.com/nats-io/nats.go/jetstream.(*pullSubscription).pullMessages(0xc000cd61b0, {0xc000cc83c0, 0x55})
	/Users/jace/go/pkg/mod/github.com/nats-io/nats.go@v1.41.1/jetstream/pull.go:955 +0x91
created by github.com/nats-io/nats.go/jetstream.(*pullConsumer).Messages in goroutine 20731
	/Users/jace/go/pkg/mod/github.com/nats-io/nats.go@v1.41.1/jetstream/pull.go:534 +0x748

goroutine 20949 [select]:
github.com/nats-io/nats%2ego.(*Conn).doReconnect(0xc000cfb508, {0x1083c48c8, 0x108d63970}, 0x0)
	/Users/jace/go/pkg/mod/github.com/nats-io/nats.go@v1.41.1/nats.go:2907 +0x41a
created by github.com/nats-io/nats%2ego.(*Conn).processOpErr in goroutine 20369
	/Users/jace/go/pkg/mod/github.com/nats-io/nats.go@v1.41.1/nats.go:3043 +0x2f3

goroutine 26542 [sync.Cond.Wait]:
sync.runtime_notifyListWait(0xc001a10150, 0x0)
	/usr/local/Cellar/go/1.24.2/libexec/src/runtime/sema.go:597 +0x159
sync.(*Cond).Wait(0x100010000?)
	/usr/local/Cellar/go/1.24.2/libexec/src/sync/cond.go:71 +0x85
github.com/nats-io/nats%2ego.(*asyncCallbacksHandler).asyncCBDispatcher(0xc000e31c40)
	/Users/jace/go/pkg/mod/github.com/nats-io/nats.go@v1.41.1/nats.go:3059 +0xdd
created by github.com/nats-io/nats%2ego.Options.Connect in goroutine 25642
	/Users/jace/go/pkg/mod/github.com/nats-io/nats.go@v1.41.1/nats.go:1635 +0x387

goroutine 22009 [sync.WaitGroup.Wait]:
sync.runtime_SemacquireWaitGroup(0xc0013e2cb0?)
	/usr/local/Cellar/go/1.24.2/libexec/src/runtime/sema.go:110 +0x25
sync.(*WaitGroup).Wait(0x10726d452?)
	/usr/local/Cellar/go/1.24.2/libexec/src/sync/waitgroup.go:118 +0x48
github.com/ThreeDotsLabs/watermill/pubsub/sync.WaitGroupTimeout.func1()
	/Users/jace/go/pkg/mod/github.com/!three!dots!labs/watermill@v1.4.6/pubsub/sync/waitgroup.go:13 +0x25
created by github.com/ThreeDotsLabs/watermill/pubsub/sync.WaitGroupTimeout in goroutine 20993
	/Users/jace/go/pkg/mod/github.com/!three!dots!labs/watermill@v1.4.6/pubsub/sync/waitgroup.go:12 +0x85

goroutine 20367 [sync.Cond.Wait]:
sync.runtime_notifyListWait(0xc0011c2b90, 0x0)
	/usr/local/Cellar/go/1.24.2/libexec/src/runtime/sema.go:597 +0x159
sync.(*Cond).Wait(0xc000bb77a0?)
	/usr/local/Cellar/go/1.24.2/libexec/src/sync/cond.go:71 +0x85
github.com/nats-io/nats%2ego.(*asyncCallbacksHandler).asyncCBDispatcher(0xc001a873e0)
	/Users/jace/go/pkg/mod/github.com/nats-io/nats.go@v1.41.1/nats.go:3059 +0xdd
created by github.com/nats-io/nats%2ego.Options.Connect in goroutine 19986
	/Users/jace/go/pkg/mod/github.com/nats-io/nats.go@v1.41.1/nats.go:1635 +0x387

goroutine 20755 [sync.Cond.Wait]:
sync.runtime_notifyListWait(0xc000a066d0, 0x0)
	/usr/local/Cellar/go/1.24.2/libexec/src/runtime/sema.go:597 +0x159
sync.(*Cond).Wait(0x0?)
	/usr/local/Cellar/go/1.24.2/libexec/src/sync/cond.go:71 +0x85
github.com/nats-io/nats%2ego.(*asyncCallbacksHandler).asyncCBDispatcher(0xc0002f0560)
	/Users/jace/go/pkg/mod/github.com/nats-io/nats.go@v1.41.1/nats.go:3059 +0xdd
created by github.com/nats-io/nats%2ego.Options.Connect in goroutine 19986
	/Users/jace/go/pkg/mod/github.com/nats-io/nats.go@v1.41.1/nats.go:1635 +0x387

goroutine 24261 [sync.Cond.Wait]:
sync.runtime_notifyListWait(0xc0012eeb50, 0x0)
	/usr/local/Cellar/go/1.24.2/libexec/src/runtime/sema.go:597 +0x159
sync.(*Cond).Wait(0xc000a6bb20?)
	/usr/local/Cellar/go/1.24.2/libexec/src/sync/cond.go:71 +0x85
github.com/nats-io/nats%2ego.(*asyncCallbacksHandler).asyncCBDispatcher(0xc000e30c40)
	/Users/jace/go/pkg/mod/github.com/nats-io/nats.go@v1.41.1/nats.go:3059 +0xdd
created by github.com/nats-io/nats%2ego.Options.Connect in goroutine 23247
	/Users/jace/go/pkg/mod/github.com/nats-io/nats.go@v1.41.1/nats.go:1635 +0x387

goroutine 20891 [select]:
github.com/nats-io/nats%2ego.(*Conn).doReconnect(0xc0013d0708, {0x1083c48c8, 0x108d63970}, 0x0)
	/Users/jace/go/pkg/mod/github.com/nats-io/nats.go@v1.41.1/nats.go:2907 +0x41a
created by github.com/nats-io/nats%2ego.(*Conn).processOpErr in goroutine 20365
	/Users/jace/go/pkg/mod/github.com/nats-io/nats.go@v1.41.1/nats.go:3043 +0x2f3

goroutine 25349 [sync.Cond.Wait]:
sync.runtime_notifyListWait(0xc0011c38d0, 0x1c)
	/usr/local/Cellar/go/1.24.2/libexec/src/runtime/sema.go:597 +0x159
sync.(*Cond).Wait(0xc000e25410?)
	/usr/local/Cellar/go/1.24.2/libexec/src/sync/cond.go:71 +0x85
github.com/nats-io/nats%2ego.(*Conn).waitForMsgs(0xc0014a9108, 0xc000fbda40)
	/Users/jace/go/pkg/mod/github.com/nats-io/nats.go@v1.41.1/nats.go:3178 +0xc5
created by github.com/nats-io/nats%2ego.(*Conn).subscribeLocked in goroutine 24533
	/Users/jace/go/pkg/mod/github.com/nats-io/nats.go@v1.41.1/nats.go:4468 +0x419

goroutine 22112 [select]:
github.com/nats-io/nats%2ego.(*Conn).doReconnect(0xc0006c1808, {0x1083c48c8, 0x108d63970}, 0x0)
	/Users/jace/go/pkg/mod/github.com/nats-io/nats.go@v1.41.1/nats.go:2907 +0x41a
created by github.com/nats-io/nats%2ego.(*Conn).processOpErr in goroutine 21898
	/Users/jace/go/pkg/mod/github.com/nats-io/nats.go@v1.41.1/nats.go:3043 +0x2f3

goroutine 25589 [select]:
github.com/nats-io/nats%2ego.(*Conn).doReconnect(0xc001693c08, {0x1083c48c8, 0x108d63970}, 0x0)
	/Users/jace/go/pkg/mod/github.com/nats-io/nats.go@v1.41.1/nats.go:2907 +0x41a
created by github.com/nats-io/nats%2ego.(*Conn).processOpErr in goroutine 25262
	/Users/jace/go/pkg/mod/github.com/nats-io/nats.go@v1.41.1/nats.go:3043 +0x2f3

goroutine 21929 [chan receive]:
github.com/ThreeDotsLabs/watermill/message.(*messageTransformSubscriberDecorator).Subscribe.func1()
	/Users/jace/go/pkg/mod/github.com/!three!dots!labs/watermill@v1.4.6/message/decorator.go:52 +0x85
created by github.com/ThreeDotsLabs/watermill/message.(*messageTransformSubscriberDecorator).Subscribe in goroutine 21873
	/Users/jace/go/pkg/mod/github.com/!three!dots!labs/watermill@v1.4.6/message/decorator.go:51 +0xc7

goroutine 20733 [select]:
github.com/nats-io/nats.go/jetstream.(*pullSubscription).pullMessages(0xc00061ae10, {0xc00173bf20, 0x60})
	/Users/jace/go/pkg/mod/github.com/nats-io/nats.go@v1.41.1/jetstream/pull.go:955 +0x91
created by github.com/nats-io/nats.go/jetstream.(*pullConsumer).Messages in goroutine 20731
	/Users/jace/go/pkg/mod/github.com/nats-io/nats.go@v1.41.1/jetstream/pull.go:534 +0x748

goroutine 20734 [select]:
github.com/nats-io/nats.go/jetstream.(*pullConsumer).Messages.func2()
	/Users/jace/go/pkg/mod/github.com/nats-io/nats.go@v1.41.1/jetstream/pull.go:538 +0x68
created by github.com/nats-io/nats.go/jetstream.(*pullConsumer).Messages in goroutine 20731
	/Users/jace/go/pkg/mod/github.com/nats-io/nats.go@v1.41.1/jetstream/pull.go:536 +0x78a

goroutine 20735 [select]:
github.com/nats-io/nats.go/jetstream.(*pullSubscription).Next(0xc00061ae10)
	/Users/jace/go/pkg/mod/github.com/nats-io/nats.go@v1.41.1/jetstream/pull.go:589 +0x285
github.com/Black-And-White-Club/frolf-bot-shared/eventbus.(*eventBus).Subscribe.func1()
	/Users/jace/Documents/GitHub/frolf-bot-shared/eventbus/eventbus.go:326 +0x169
created by github.com/Black-And-White-Club/frolf-bot-shared/eventbus.(*eventBus).Subscribe in goroutine 20731
	/Users/jace/Documents/GitHub/frolf-bot-shared/eventbus/eventbus.go:315 +0xbf1

goroutine 20736 [chan receive]:
github.com/ThreeDotsLabs/watermill/message.(*messageTransformSubscriberDecorator).Subscribe.func1()
	/Users/jace/go/pkg/mod/github.com/!three!dots!labs/watermill@v1.4.6/message/decorator.go:52 +0x85
created by github.com/ThreeDotsLabs/watermill/message.(*messageTransformSubscriberDecorator).Subscribe in goroutine 20731
	/Users/jace/go/pkg/mod/github.com/!three!dots!labs/watermill@v1.4.6/message/decorator.go:51 +0xc7

goroutine 20737 [chan receive]:
github.com/ThreeDotsLabs/watermill/message.(*handler).run(0xc001564000, {0x1083d4720, 0xc00112acd0}, {0xc0018f6600, 0x6, 0x4?})
	/Users/jace/go/pkg/mod/github.com/!three!dots!labs/watermill@v1.4.6/message/router.go:645 +0x2b4
github.com/ThreeDotsLabs/watermill/message.(*Router).RunHandlers.func1()
	/Users/jace/go/pkg/mod/github.com/!three!dots!labs/watermill@v1.4.6/message/router.go:460 +0x145
created by github.com/ThreeDotsLabs/watermill/message.(*Router).RunHandlers in goroutine 20731
	/Users/jace/go/pkg/mod/github.com/!three!dots!labs/watermill@v1.4.6/message/router.go:453 +0x606

goroutine 21871 [sync.Cond.Wait]:
sync.runtime_notifyListWait(0xc00080bcd0, 0x1c)
	/usr/local/Cellar/go/1.24.2/libexec/src/runtime/sema.go:597 +0x159
sync.(*Cond).Wait(0x1000001083d4720?)
	/usr/local/Cellar/go/1.24.2/libexec/src/sync/cond.go:71 +0x85
github.com/nats-io/nats%2ego.(*Conn).waitForMsgs(0xc0013d1508, 0xc000fbc3c0)
	/Users/jace/go/pkg/mod/github.com/nats-io/nats.go@v1.41.1/nats.go:3178 +0xc5
created by github.com/nats-io/nats%2ego.(*Conn).subscribeLocked in goroutine 20993
	/Users/jace/go/pkg/mod/github.com/nats-io/nats.go@v1.41.1/nats.go:4468 +0x419

goroutine 20787 [select]:
github.com/nats-io/nats.go/jetstream.(*pullSubscription).pullMessages(0xc00061b680, {0xc001409f10, 0x63})
	/Users/jace/go/pkg/mod/github.com/nats-io/nats.go@v1.41.1/jetstream/pull.go:955 +0x91
created by github.com/nats-io/nats.go/jetstream.(*pullConsumer).Messages in goroutine 20731
	/Users/jace/go/pkg/mod/github.com/nats-io/nats.go@v1.41.1/jetstream/pull.go:534 +0x748

goroutine 20788 [select]:
github.com/nats-io/nats.go/jetstream.(*pullConsumer).Messages.func2()
	/Users/jace/go/pkg/mod/github.com/nats-io/nats.go@v1.41.1/jetstream/pull.go:538 +0x68
created by github.com/nats-io/nats.go/jetstream.(*pullConsumer).Messages in goroutine 20731
	/Users/jace/go/pkg/mod/github.com/nats-io/nats.go@v1.41.1/jetstream/pull.go:536 +0x78a

goroutine 20789 [select]:
github.com/nats-io/nats.go/jetstream.(*pullSubscription).Next(0xc00061b680)
	/Users/jace/go/pkg/mod/github.com/nats-io/nats.go@v1.41.1/jetstream/pull.go:589 +0x285
github.com/Black-And-White-Club/frolf-bot-shared/eventbus.(*eventBus).Subscribe.func1()
	/Users/jace/Documents/GitHub/frolf-bot-shared/eventbus/eventbus.go:326 +0x169
created by github.com/Black-And-White-Club/frolf-bot-shared/eventbus.(*eventBus).Subscribe in goroutine 20731
	/Users/jace/Documents/GitHub/frolf-bot-shared/eventbus/eventbus.go:315 +0xbf1

goroutine 20790 [chan receive]:
github.com/ThreeDotsLabs/watermill/message.(*messageTransformSubscriberDecorator).Subscribe.func1()
	/Users/jace/go/pkg/mod/github.com/!three!dots!labs/watermill@v1.4.6/message/decorator.go:52 +0x85
created by github.com/ThreeDotsLabs/watermill/message.(*messageTransformSubscriberDecorator).Subscribe in goroutine 20731
	/Users/jace/go/pkg/mod/github.com/!three!dots!labs/watermill@v1.4.6/message/decorator.go:51 +0xc7

goroutine 20791 [chan receive]:
github.com/ThreeDotsLabs/watermill/message.(*handler).run(0xc001889ad0, {0x1083d4720, 0xc0010c0960}, {0xc0018f6780, 0x6, 0x0?})
	/Users/jace/go/pkg/mod/github.com/!three!dots!labs/watermill@v1.4.6/message/router.go:645 +0x2b4
github.com/ThreeDotsLabs/watermill/message.(*Router).RunHandlers.func1()
	/Users/jace/go/pkg/mod/github.com/!three!dots!labs/watermill@v1.4.6/message/router.go:460 +0x145
created by github.com/ThreeDotsLabs/watermill/message.(*Router).RunHandlers in goroutine 20731
	/Users/jace/go/pkg/mod/github.com/!three!dots!labs/watermill@v1.4.6/message/router.go:453 +0x606

goroutine 20793 [select]:
github.com/nats-io/nats.go/jetstream.(*pullConsumer).Messages.func2()
	/Users/jace/go/pkg/mod/github.com/nats-io/nats.go@v1.41.1/jetstream/pull.go:538 +0x68
created by github.com/nats-io/nats.go/jetstream.(*pullConsumer).Messages in goroutine 20731
	/Users/jace/go/pkg/mod/github.com/nats-io/nats.go@v1.41.1/jetstream/pull.go:536 +0x78a

goroutine 20794 [select]:
github.com/nats-io/nats.go/jetstream.(*pullSubscription).Next(0xc00061bd40)
	/Users/jace/go/pkg/mod/github.com/nats-io/nats.go@v1.41.1/jetstream/pull.go:589 +0x285
github.com/Black-And-White-Club/frolf-bot-shared/eventbus.(*eventBus).Subscribe.func1()
	/Users/jace/Documents/GitHub/frolf-bot-shared/eventbus/eventbus.go:326 +0x169
created by github.com/Black-And-White-Club/frolf-bot-shared/eventbus.(*eventBus).Subscribe in goroutine 20731
	/Users/jace/Documents/GitHub/frolf-bot-shared/eventbus/eventbus.go:315 +0xbf1

goroutine 20795 [chan receive]:
github.com/ThreeDotsLabs/watermill/message.(*messageTransformSubscriberDecorator).Subscribe.func1()
	/Users/jace/go/pkg/mod/github.com/!three!dots!labs/watermill@v1.4.6/message/decorator.go:52 +0x85
created by github.com/ThreeDotsLabs/watermill/message.(*messageTransformSubscriberDecorator).Subscribe in goroutine 20731
	/Users/jace/go/pkg/mod/github.com/!three!dots!labs/watermill@v1.4.6/message/decorator.go:51 +0xc7

goroutine 20796 [chan receive]:
github.com/ThreeDotsLabs/watermill/message.(*handler).run(0xc001889ba0, {0x1083d4720, 0xc00112b090}, {0xc0005db380, 0x6, 0x0?})
	/Users/jace/go/pkg/mod/github.com/!three!dots!labs/watermill@v1.4.6/message/router.go:645 +0x2b4
github.com/ThreeDotsLabs/watermill/message.(*Router).RunHandlers.func1()
	/Users/jace/go/pkg/mod/github.com/!three!dots!labs/watermill@v1.4.6/message/router.go:460 +0x145
created by github.com/ThreeDotsLabs/watermill/message.(*Router).RunHandlers in goroutine 20731
	/Users/jace/go/pkg/mod/github.com/!three!dots!labs/watermill@v1.4.6/message/router.go:453 +0x606

goroutine 20798 [select]:
github.com/nats-io/nats.go/jetstream.(*pullSubscription).pullMessages(0xc000a7a750, {0xc0003ea7d0, 0x4e})
	/Users/jace/go/pkg/mod/github.com/nats-io/nats.go@v1.41.1/jetstream/pull.go:955 +0x91
created by github.com/nats-io/nats.go/jetstream.(*pullConsumer).Messages in goroutine 20731
	/Users/jace/go/pkg/mod/github.com/nats-io/nats.go@v1.41.1/jetstream/pull.go:534 +0x748

goroutine 20799 [select]:
github.com/nats-io/nats.go/jetstream.(*pullConsumer).Messages.func2()
	/Users/jace/go/pkg/mod/github.com/nats-io/nats.go@v1.41.1/jetstream/pull.go:538 +0x68
created by github.com/nats-io/nats.go/jetstream.(*pullConsumer).Messages in goroutine 20731
	/Users/jace/go/pkg/mod/github.com/nats-io/nats.go@v1.41.1/jetstream/pull.go:536 +0x78a

goroutine 20800 [select]:
github.com/nats-io/nats.go/jetstream.(*pullSubscription).Next(0xc000a7a750)
	/Users/jace/go/pkg/mod/github.com/nats-io/nats.go@v1.41.1/jetstream/pull.go:589 +0x285
github.com/Black-And-White-Club/frolf-bot-shared/eventbus.(*eventBus).Subscribe.func1()
	/Users/jace/Documents/GitHub/frolf-bot-shared/eventbus/eventbus.go:326 +0x169
created by github.com/Black-And-White-Club/frolf-bot-shared/eventbus.(*eventBus).Subscribe in goroutine 20731
	/Users/jace/Documents/GitHub/frolf-bot-shared/eventbus/eventbus.go:315 +0xbf1

goroutine 20801 [chan receive]:
github.com/ThreeDotsLabs/watermill/message.(*messageTransformSubscriberDecorator).Subscribe.func1()
	/Users/jace/go/pkg/mod/github.com/!three!dots!labs/watermill@v1.4.6/message/decorator.go:52 +0x85
created by github.com/ThreeDotsLabs/watermill/message.(*messageTransformSubscriberDecorator).Subscribe in goroutine 20731
	/Users/jace/go/pkg/mod/github.com/!three!dots!labs/watermill@v1.4.6/message/decorator.go:51 +0xc7

goroutine 20818 [chan receive]:
github.com/ThreeDotsLabs/watermill/message.(*handler).run(0xc001889e10, {0x1083d4720, 0xc001a81310}, {0xc000909080, 0x6, 0x0?})
	/Users/jace/go/pkg/mod/github.com/!three!dots!labs/watermill@v1.4.6/message/router.go:645 +0x2b4
github.com/ThreeDotsLabs/watermill/message.(*Router).RunHandlers.func1()
	/Users/jace/go/pkg/mod/github.com/!three!dots!labs/watermill@v1.4.6/message/router.go:460 +0x145
created by github.com/ThreeDotsLabs/watermill/message.(*Router).RunHandlers in goroutine 20731
	/Users/jace/go/pkg/mod/github.com/!three!dots!labs/watermill@v1.4.6/message/router.go:453 +0x606

goroutine 26608 [chan receive]:
github.com/ThreeDotsLabs/watermill/message.(*handler).run(0xc00182a820, {0x1083d4720, 0xc001325b80}, {0xc000eb2b40, 0x6, 0x1000000010000?})
	/Users/jace/go/pkg/mod/github.com/!three!dots!labs/watermill@v1.4.6/message/router.go:645 +0x2b4
github.com/ThreeDotsLabs/watermill/message.(*Router).RunHandlers.func1()
	/Users/jace/go/pkg/mod/github.com/!three!dots!labs/watermill@v1.4.6/message/router.go:460 +0x145
created by github.com/ThreeDotsLabs/watermill/message.(*Router).RunHandlers in goroutine 26544
	/Users/jace/go/pkg/mod/github.com/!three!dots!labs/watermill@v1.4.6/message/router.go:453 +0x606

goroutine 25498 [sync.WaitGroup.Wait]:
sync.runtime_SemacquireWaitGroup(0x1076093b5?)
	/usr/local/Cellar/go/1.24.2/libexec/src/runtime/sema.go:110 +0x25
sync.(*WaitGroup).Wait(0xc00137e1a0?)
	/usr/local/Cellar/go/1.24.2/libexec/src/sync/waitgroup.go:118 +0x48
github.com/ThreeDotsLabs/watermill/pubsub/sync.WaitGroupTimeout.func1()
	/Users/jace/go/pkg/mod/github.com/!three!dots!labs/watermill@v1.4.6/pubsub/sync/waitgroup.go:13 +0x25
created by github.com/ThreeDotsLabs/watermill/pubsub/sync.WaitGroupTimeout in goroutine 24533
	/Users/jace/go/pkg/mod/github.com/!three!dots!labs/watermill@v1.4.6/pubsub/sync/waitgroup.go:12 +0x85

goroutine 22973 [select]:
github.com/nats-io/nats.go/jetstream.(*pullSubscription).pullMessages(0xc0013e4a20, {0xc000033200, 0x55})
	/Users/jace/go/pkg/mod/github.com/nats-io/nats.go@v1.41.1/jetstream/pull.go:955 +0x91
created by github.com/nats-io/nats.go/jetstream.(*pullConsumer).Messages in goroutine 22982
	/Users/jace/go/pkg/mod/github.com/nats-io/nats.go@v1.41.1/jetstream/pull.go:534 +0x748

goroutine 21987 [chan receive]:
github.com/ThreeDotsLabs/watermill/message.(*handler).run(0xc0016035f0, {0x1083d4720, 0xc0001b3220}, {0xc0007880c0, 0x6, 0x0?})
	/Users/jace/go/pkg/mod/github.com/!three!dots!labs/watermill@v1.4.6/message/router.go:645 +0x2b4
github.com/ThreeDotsLabs/watermill/message.(*Router).RunHandlers.func1()
	/Users/jace/go/pkg/mod/github.com/!three!dots!labs/watermill@v1.4.6/message/router.go:460 +0x145
created by github.com/ThreeDotsLabs/watermill/message.(*Router).RunHandlers in goroutine 21873
	/Users/jace/go/pkg/mod/github.com/!three!dots!labs/watermill@v1.4.6/message/router.go:453 +0x606

goroutine 22954 [chan receive]:
github.com/ThreeDotsLabs/watermill/message.(*handler).run(0xc00162edd0, {0x1083d4720, 0xc000e01b80}, {0xc0015052c0, 0x6, 0xc000e74f78?})
	/Users/jace/go/pkg/mod/github.com/!three!dots!labs/watermill@v1.4.6/message/router.go:645 +0x2b4
github.com/ThreeDotsLabs/watermill/message.(*Router).RunHandlers.func1()
	/Users/jace/go/pkg/mod/github.com/!three!dots!labs/watermill@v1.4.6/message/router.go:460 +0x145
created by github.com/ThreeDotsLabs/watermill/message.(*Router).RunHandlers in goroutine 22982
	/Users/jace/go/pkg/mod/github.com/!three!dots!labs/watermill@v1.4.6/message/router.go:453 +0x606

goroutine 24275 [sync.WaitGroup.Wait]:
sync.runtime_SemacquireWaitGroup(0x107479c14?)
	/usr/local/Cellar/go/1.24.2/libexec/src/runtime/sema.go:110 +0x25
sync.(*WaitGroup).Wait(0xc000175260?)
	/usr/local/Cellar/go/1.24.2/libexec/src/sync/waitgroup.go:118 +0x48
github.com/ThreeDotsLabs/watermill/message.(*Router).watchAllHandlersStopped.func1()
	/Users/jace/go/pkg/mod/github.com/!three!dots!labs/watermill@v1.4.6/message/router.go:498 +0x86
created by github.com/ThreeDotsLabs/watermill/message.(*Router).watchAllHandlersStopped in goroutine 24274
	/Users/jace/go/pkg/mod/github.com/!three!dots!labs/watermill@v1.4.6/message/router.go:484 +0xec

goroutine 21989 [select]:
github.com/nats-io/nats.go/jetstream.(*pullConsumer).Messages.func2()
	/Users/jace/go/pkg/mod/github.com/nats-io/nats.go@v1.41.1/jetstream/pull.go:538 +0x68
created by github.com/nats-io/nats.go/jetstream.(*pullConsumer).Messages in goroutine 21873
	/Users/jace/go/pkg/mod/github.com/nats-io/nats.go@v1.41.1/jetstream/pull.go:536 +0x78a

goroutine 22041 [sync.Cond.Wait]:
sync.runtime_notifyListWait(0xc000d1a250, 0x2)
	/usr/local/Cellar/go/1.24.2/libexec/src/runtime/sema.go:597 +0x159
sync.(*Cond).Wait(0xc00140d480?)
	/usr/local/Cellar/go/1.24.2/libexec/src/sync/cond.go:71 +0x85
github.com/nats-io/nats%2ego.(*Conn).waitForMsgs(0xc0006c1808, 0xc000556e10)
	/Users/jace/go/pkg/mod/github.com/nats-io/nats.go@v1.41.1/nats.go:3178 +0xc5
created by github.com/nats-io/nats%2ego.(*Conn).subscribeLocked in goroutine 20993
	/Users/jace/go/pkg/mod/github.com/nats-io/nats.go@v1.41.1/nats.go:4468 +0x419

goroutine 24312 [sync.WaitGroup.Wait]:
sync.runtime_SemacquireWaitGroup(0x1083d4790?)
	/usr/local/Cellar/go/1.24.2/libexec/src/runtime/sema.go:110 +0x25
sync.(*WaitGroup).Wait(0xc001243fd0?)
	/usr/local/Cellar/go/1.24.2/libexec/src/sync/waitgroup.go:118 +0x48
github.com/ThreeDotsLabs/watermill/message.(*Router).waitForHandlers.func1()
	/Users/jace/go/pkg/mod/github.com/!three!dots!labs/watermill@v1.4.6/message/router.go:579 +0x4b
created by github.com/ThreeDotsLabs/watermill/message.(*Router).waitForHandlers in goroutine 23247
	/Users/jace/go/pkg/mod/github.com/!three!dots!labs/watermill@v1.4.6/message/router.go:577 +0x87

goroutine 24262 [sync.Cond.Wait]:
sync.runtime_notifyListWait(0xc000d4dc50, 0x1c)
	/usr/local/Cellar/go/1.24.2/libexec/src/runtime/sema.go:597 +0x159
sync.(*Cond).Wait(0xc0010da2a0?)
	/usr/local/Cellar/go/1.24.2/libexec/src/sync/cond.go:71 +0x85
github.com/nats-io/nats%2ego.(*Conn).waitForMsgs(0xc001692e08, 0xc0012ae960)
	/Users/jace/go/pkg/mod/github.com/nats-io/nats.go@v1.41.1/nats.go:3178 +0xc5
created by github.com/nats-io/nats%2ego.(*Conn).subscribeLocked in goroutine 23247
	/Users/jace/go/pkg/mod/github.com/nats-io/nats.go@v1.41.1/nats.go:4468 +0x419

goroutine 21900 [sync.Cond.Wait]:
sync.runtime_notifyListWait(0xc001345890, 0x0)
	/usr/local/Cellar/go/1.24.2/libexec/src/runtime/sema.go:597 +0x159
sync.(*Cond).Wait(0x0?)
	/usr/local/Cellar/go/1.24.2/libexec/src/sync/cond.go:71 +0x85
github.com/nats-io/nats%2ego.(*asyncCallbacksHandler).asyncCBDispatcher(0xc0015d9ba0)
	/Users/jace/go/pkg/mod/github.com/nats-io/nats.go@v1.41.1/nats.go:3059 +0xdd
created by github.com/nats-io/nats%2ego.Options.Connect in goroutine 20993
	/Users/jace/go/pkg/mod/github.com/nats-io/nats.go@v1.41.1/nats.go:1635 +0x387

goroutine 21904 [select]:
github.com/nats-io/nats.go/jetstream.(*pullSubscription).Next(0xc000ae0000)
	/Users/jace/go/pkg/mod/github.com/nats-io/nats.go@v1.41.1/jetstream/pull.go:589 +0x285
github.com/Black-And-White-Club/frolf-bot-shared/eventbus.(*eventBus).Subscribe.func1()
	/Users/jace/Documents/GitHub/frolf-bot-shared/eventbus/eventbus.go:326 +0x169
created by github.com/Black-And-White-Club/frolf-bot-shared/eventbus.(*eventBus).Subscribe in goroutine 21873
	/Users/jace/Documents/GitHub/frolf-bot-shared/eventbus/eventbus.go:315 +0xbf1

goroutine 21905 [chan receive]:
github.com/ThreeDotsLabs/watermill/message.(*messageTransformSubscriberDecorator).Subscribe.func1()
	/Users/jace/go/pkg/mod/github.com/!three!dots!labs/watermill@v1.4.6/message/decorator.go:52 +0x85
created by github.com/ThreeDotsLabs/watermill/message.(*messageTransformSubscriberDecorator).Subscribe in goroutine 21873
	/Users/jace/go/pkg/mod/github.com/!three!dots!labs/watermill@v1.4.6/message/decorator.go:51 +0xc7

goroutine 21954 [chan receive]:
github.com/ThreeDotsLabs/watermill/message.(*handler).run(0xc001603450, {0x1083d4720, 0xc000801db0}, {0xc0015c5080, 0x6, 0x10766a7ac?})
	/Users/jace/go/pkg/mod/github.com/!three!dots!labs/watermill@v1.4.6/message/router.go:645 +0x2b4
github.com/ThreeDotsLabs/watermill/message.(*Router).RunHandlers.func1()
	/Users/jace/go/pkg/mod/github.com/!three!dots!labs/watermill@v1.4.6/message/router.go:460 +0x145
created by github.com/ThreeDotsLabs/watermill/message.(*Router).RunHandlers in goroutine 21873
	/Users/jace/go/pkg/mod/github.com/!three!dots!labs/watermill@v1.4.6/message/router.go:453 +0x606

goroutine 21932 [select]:
github.com/nats-io/nats.go/jetstream.(*pullSubscription).pullMessages(0xc000c9c7e0, {0xc0016bf3b0, 0x63})
	/Users/jace/go/pkg/mod/github.com/nats-io/nats.go@v1.41.1/jetstream/pull.go:955 +0x91
created by github.com/nats-io/nats.go/jetstream.(*pullConsumer).Messages in goroutine 21873
	/Users/jace/go/pkg/mod/github.com/nats-io/nats.go@v1.41.1/jetstream/pull.go:534 +0x748

goroutine 21933 [select]:
github.com/nats-io/nats.go/jetstream.(*pullConsumer).Messages.func2()
	/Users/jace/go/pkg/mod/github.com/nats-io/nats.go@v1.41.1/jetstream/pull.go:538 +0x68
created by github.com/nats-io/nats.go/jetstream.(*pullConsumer).Messages in goroutine 21873
	/Users/jace/go/pkg/mod/github.com/nats-io/nats.go@v1.41.1/jetstream/pull.go:536 +0x78a

goroutine 21934 [select]:
github.com/nats-io/nats.go/jetstream.(*pullSubscription).Next(0xc000c9c7e0)
	/Users/jace/go/pkg/mod/github.com/nats-io/nats.go@v1.41.1/jetstream/pull.go:589 +0x285
github.com/Black-And-White-Club/frolf-bot-shared/eventbus.(*eventBus).Subscribe.func1()
	/Users/jace/Documents/GitHub/frolf-bot-shared/eventbus/eventbus.go:326 +0x169
created by github.com/Black-And-White-Club/frolf-bot-shared/eventbus.(*eventBus).Subscribe in goroutine 21873
	/Users/jace/Documents/GitHub/frolf-bot-shared/eventbus/eventbus.go:315 +0xbf1

goroutine 21935 [chan receive]:
github.com/ThreeDotsLabs/watermill/message.(*messageTransformSubscriberDecorator).Subscribe.func1()
	/Users/jace/go/pkg/mod/github.com/!three!dots!labs/watermill@v1.4.6/message/decorator.go:52 +0x85
created by github.com/ThreeDotsLabs/watermill/message.(*messageTransformSubscriberDecorator).Subscribe in goroutine 21873
	/Users/jace/go/pkg/mod/github.com/!three!dots!labs/watermill@v1.4.6/message/decorator.go:51 +0xc7

goroutine 21936 [chan receive]:
github.com/ThreeDotsLabs/watermill/message.(*handler).run(0xc001603040, {0x1083d4720, 0xc000b56500}, {0xc0008b4000, 0x6, 0x4?})
	/Users/jace/go/pkg/mod/github.com/!three!dots!labs/watermill@v1.4.6/message/router.go:645 +0x2b4
github.com/ThreeDotsLabs/watermill/message.(*Router).RunHandlers.func1()
	/Users/jace/go/pkg/mod/github.com/!three!dots!labs/watermill@v1.4.6/message/router.go:460 +0x145
created by github.com/ThreeDotsLabs/watermill/message.(*Router).RunHandlers in goroutine 21873
	/Users/jace/go/pkg/mod/github.com/!three!dots!labs/watermill@v1.4.6/message/router.go:453 +0x606

goroutine 22007 [sync.WaitGroup.Wait]:
sync.runtime_SemacquireWaitGroup(0x1083d4718?)
	/usr/local/Cellar/go/1.24.2/libexec/src/runtime/sema.go:110 +0x25
sync.(*WaitGroup).Wait(0xc0015717d0?)
	/usr/local/Cellar/go/1.24.2/libexec/src/sync/waitgroup.go:118 +0x48
github.com/ThreeDotsLabs/watermill/message.(*Router).waitForHandlers.func1()
	/Users/jace/go/pkg/mod/github.com/!three!dots!labs/watermill@v1.4.6/message/router.go:579 +0x4b
created by github.com/ThreeDotsLabs/watermill/message.(*Router).waitForHandlers in goroutine 20993
	/Users/jace/go/pkg/mod/github.com/!three!dots!labs/watermill@v1.4.6/message/router.go:577 +0x87

goroutine 25440 [sync.Cond.Wait]:
sync.runtime_notifyListWait(0xc0015138d0, 0x2)
	/usr/local/Cellar/go/1.24.2/libexec/src/runtime/sema.go:597 +0x159
sync.(*Cond).Wait(0xc0014dc300?)
	/usr/local/Cellar/go/1.24.2/libexec/src/sync/cond.go:71 +0x85
github.com/nats-io/nats%2ego.(*Conn).waitForMsgs(0xc001693c08, 0xc0012ae870)
	/Users/jace/go/pkg/mod/github.com/nats-io/nats.go@v1.41.1/nats.go:3178 +0xc5
created by github.com/nats-io/nats%2ego.(*Conn).subscribeLocked in goroutine 24533
	/Users/jace/go/pkg/mod/github.com/nats-io/nats.go@v1.41.1/nats.go:4468 +0x419

goroutine 24222 [select]:
github.com/nats-io/nats.go/jetstream.(*pullConsumer).Messages.func2()
	/Users/jace/go/pkg/mod/github.com/nats-io/nats.go@v1.41.1/jetstream/pull.go:538 +0x68
created by github.com/nats-io/nats.go/jetstream.(*pullConsumer).Messages in goroutine 24274
	/Users/jace/go/pkg/mod/github.com/nats-io/nats.go@v1.41.1/jetstream/pull.go:536 +0x78a

goroutine 22951 [select]:
github.com/nats-io/nats.go/jetstream.(*pullConsumer).Messages.func2()
	/Users/jace/go/pkg/mod/github.com/nats-io/nats.go@v1.41.1/jetstream/pull.go:538 +0x68
created by github.com/nats-io/nats.go/jetstream.(*pullConsumer).Messages in goroutine 22982
	/Users/jace/go/pkg/mod/github.com/nats-io/nats.go@v1.41.1/jetstream/pull.go:536 +0x78a

goroutine 22952 [select]:
github.com/nats-io/nats.go/jetstream.(*pullSubscription).Next(0xc000427e60)
	/Users/jace/go/pkg/mod/github.com/nats-io/nats.go@v1.41.1/jetstream/pull.go:589 +0x285
github.com/Black-And-White-Club/frolf-bot-shared/eventbus.(*eventBus).Subscribe.func1()
	/Users/jace/Documents/GitHub/frolf-bot-shared/eventbus/eventbus.go:326 +0x169
created by github.com/Black-And-White-Club/frolf-bot-shared/eventbus.(*eventBus).Subscribe in goroutine 22982
	/Users/jace/Documents/GitHub/frolf-bot-shared/eventbus/eventbus.go:315 +0xbf1

goroutine 22953 [chan receive]:
github.com/ThreeDotsLabs/watermill/message.(*messageTransformSubscriberDecorator).Subscribe.func1()
	/Users/jace/go/pkg/mod/github.com/!three!dots!labs/watermill@v1.4.6/message/decorator.go:52 +0x85
created by github.com/ThreeDotsLabs/watermill/message.(*messageTransformSubscriberDecorator).Subscribe in goroutine 22982
	/Users/jace/go/pkg/mod/github.com/!three!dots!labs/watermill@v1.4.6/message/decorator.go:51 +0xc7

goroutine 22977 [chan receive]:
github.com/ThreeDotsLabs/watermill/message.(*handler).run(0xc00162eb60, {0x1083d4720, 0xc000e019a0}, {0xc0013e0480, 0x6, 0xc001236778?})
	/Users/jace/go/pkg/mod/github.com/!three!dots!labs/watermill@v1.4.6/message/router.go:645 +0x2b4
github.com/ThreeDotsLabs/watermill/message.(*Router).RunHandlers.func1()
	/Users/jace/go/pkg/mod/github.com/!three!dots!labs/watermill@v1.4.6/message/router.go:460 +0x145
created by github.com/ThreeDotsLabs/watermill/message.(*Router).RunHandlers in goroutine 22982
	/Users/jace/go/pkg/mod/github.com/!three!dots!labs/watermill@v1.4.6/message/router.go:453 +0x606

goroutine 22983 [sync.WaitGroup.Wait]:
sync.runtime_SemacquireWaitGroup(0x108167a40?)
	/usr/local/Cellar/go/1.24.2/libexec/src/runtime/sema.go:110 +0x25
sync.(*WaitGroup).Wait(0x0?)
	/usr/local/Cellar/go/1.24.2/libexec/src/sync/waitgroup.go:118 +0x48
github.com/ThreeDotsLabs/watermill/message.(*Router).watchAllHandlersStopped.func1()
	/Users/jace/go/pkg/mod/github.com/!three!dots!labs/watermill@v1.4.6/message/router.go:498 +0x86
created by github.com/ThreeDotsLabs/watermill/message.(*Router).watchAllHandlersStopped in goroutine 22982
	/Users/jace/go/pkg/mod/github.com/!three!dots!labs/watermill@v1.4.6/message/router.go:484 +0xec

goroutine 24238 [sync.Cond.Wait]:
sync.runtime_notifyListWait(0xc000d4da90, 0x0)
	/usr/local/Cellar/go/1.24.2/libexec/src/runtime/sema.go:597 +0x159
sync.(*Cond).Wait(0x1000000010000?)
	/usr/local/Cellar/go/1.24.2/libexec/src/sync/cond.go:71 +0x85
github.com/nats-io/nats%2ego.(*asyncCallbacksHandler).asyncCBDispatcher(0xc00090fc60)
	/Users/jace/go/pkg/mod/github.com/nats-io/nats.go@v1.41.1/nats.go:3059 +0xdd
created by github.com/nats-io/nats%2ego.Options.Connect in goroutine 23247
	/Users/jace/go/pkg/mod/github.com/nats-io/nats.go@v1.41.1/nats.go:1635 +0x387

goroutine 23131 [select]:
github.com/nats-io/nats%2ego.(*Conn).doReconnect(0xc00072ee08, {0x1083c48c8, 0x108d63970}, 0x0)
	/Users/jace/go/pkg/mod/github.com/nats-io/nats.go@v1.41.1/nats.go:2907 +0x41a
created by github.com/nats-io/nats%2ego.(*Conn).processOpErr in goroutine 22967
	/Users/jace/go/pkg/mod/github.com/nats-io/nats.go@v1.41.1/nats.go:3043 +0x2f3

goroutine 23001 [sync.Cond.Wait]:
sync.runtime_notifyListWait(0xc0009e0810, 0x0)
	/usr/local/Cellar/go/1.24.2/libexec/src/runtime/sema.go:597 +0x159
sync.(*Cond).Wait(0xc00142a380?)
	/usr/local/Cellar/go/1.24.2/libexec/src/sync/cond.go:71 +0x85
github.com/nats-io/nats%2ego.(*asyncCallbacksHandler).asyncCBDispatcher(0xc001391760)
	/Users/jace/go/pkg/mod/github.com/nats-io/nats.go@v1.41.1/nats.go:3059 +0xdd
created by github.com/nats-io/nats%2ego.Options.Connect in goroutine 22172
	/Users/jace/go/pkg/mod/github.com/nats-io/nats.go@v1.41.1/nats.go:1635 +0x387

goroutine 24267 [chan receive]:
github.com/ThreeDotsLabs/watermill/message.(*messageTransformSubscriberDecorator).Subscribe.func1()
	/Users/jace/go/pkg/mod/github.com/!three!dots!labs/watermill@v1.4.6/message/decorator.go:52 +0x85
created by github.com/ThreeDotsLabs/watermill/message.(*messageTransformSubscriberDecorator).Subscribe in goroutine 24274
	/Users/jace/go/pkg/mod/github.com/!three!dots!labs/watermill@v1.4.6/message/decorator.go:51 +0xc7

goroutine 23205 [select]:
github.com/nats-io/nats%2ego.(*Conn).doReconnect(0xc001692008, {0x1083c48c8, 0x108d63970}, 0x0)
	/Users/jace/go/pkg/mod/github.com/nats-io/nats.go@v1.41.1/nats.go:2907 +0x41a
created by github.com/nats-io/nats%2ego.(*Conn).processOpErr in goroutine 22999
	/Users/jace/go/pkg/mod/github.com/nats-io/nats.go@v1.41.1/nats.go:3043 +0x2f3

goroutine 22969 [sync.Cond.Wait]:
sync.runtime_notifyListWait(0xc000d4c390, 0x0)
	/usr/local/Cellar/go/1.24.2/libexec/src/runtime/sema.go:597 +0x159
sync.(*Cond).Wait(0xc000815110?)
	/usr/local/Cellar/go/1.24.2/libexec/src/sync/cond.go:71 +0x85
github.com/nats-io/nats%2ego.(*asyncCallbacksHandler).asyncCBDispatcher(0xc000ac96c0)
	/Users/jace/go/pkg/mod/github.com/nats-io/nats.go@v1.41.1/nats.go:3059 +0xdd
created by github.com/nats-io/nats%2ego.Options.Connect in goroutine 22172
	/Users/jace/go/pkg/mod/github.com/nats-io/nats.go@v1.41.1/nats.go:1635 +0x387

goroutine 23008 [select]:
github.com/nats-io/nats.go/jetstream.(*pullSubscription).pullMessages(0xc0014edcb0, {0xc00051c000, 0x53})
	/Users/jace/go/pkg/mod/github.com/nats-io/nats.go@v1.41.1/jetstream/pull.go:955 +0x91
created by github.com/nats-io/nats.go/jetstream.(*pullConsumer).Messages in goroutine 22982
	/Users/jace/go/pkg/mod/github.com/nats-io/nats.go@v1.41.1/jetstream/pull.go:534 +0x748

goroutine 23006 [sync.Cond.Wait]:
sync.runtime_notifyListWait(0xc000d4c550, 0x1c)
	/usr/local/Cellar/go/1.24.2/libexec/src/runtime/sema.go:597 +0x159
sync.(*Cond).Wait(0x0?)
	/usr/local/Cellar/go/1.24.2/libexec/src/sync/cond.go:71 +0x85
github.com/nats-io/nats%2ego.(*Conn).waitForMsgs(0xc001692008, 0xc0009614a0)
	/Users/jace/go/pkg/mod/github.com/nats-io/nats.go@v1.41.1/nats.go:3178 +0xc5
created by github.com/nats-io/nats%2ego.(*Conn).subscribeLocked in goroutine 22172
	/Users/jace/go/pkg/mod/github.com/nats-io/nats.go@v1.41.1/nats.go:4468 +0x419

goroutine 23005 [sync.Cond.Wait]:
sync.runtime_notifyListWait(0xc0009e0990, 0x0)
	/usr/local/Cellar/go/1.24.2/libexec/src/runtime/sema.go:597 +0x159
sync.(*Cond).Wait(0x0?)
	/usr/local/Cellar/go/1.24.2/libexec/src/sync/cond.go:71 +0x85
github.com/nats-io/nats%2ego.(*asyncCallbacksHandler).asyncCBDispatcher(0xc001391840)
	/Users/jace/go/pkg/mod/github.com/nats-io/nats.go@v1.41.1/nats.go:3059 +0xdd
created by github.com/nats-io/nats%2ego.Options.Connect in goroutine 22172
	/Users/jace/go/pkg/mod/github.com/nats-io/nats.go@v1.41.1/nats.go:1635 +0x387

goroutine 23013 [select]:
github.com/nats-io/nats.go/jetstream.(*pullSubscription).pullMessages(0xc0016961b0, {0xc00051c240, 0x5b})
	/Users/jace/go/pkg/mod/github.com/nats-io/nats.go@v1.41.1/jetstream/pull.go:955 +0x91
created by github.com/nats-io/nats.go/jetstream.(*pullConsumer).Messages in goroutine 22982
	/Users/jace/go/pkg/mod/github.com/nats-io/nats.go@v1.41.1/jetstream/pull.go:534 +0x748

goroutine 26677 [chan receive]:
github.com/ThreeDotsLabs/watermill/message.(*messageTransformSubscriberDecorator).Subscribe.func1()
	/Users/jace/go/pkg/mod/github.com/!three!dots!labs/watermill@v1.4.6/message/decorator.go:52 +0x85
created by github.com/ThreeDotsLabs/watermill/message.(*messageTransformSubscriberDecorator).Subscribe in goroutine 26544
	/Users/jace/go/pkg/mod/github.com/!three!dots!labs/watermill@v1.4.6/message/decorator.go:51 +0xc7

goroutine 24461 [select]:
github.com/nats-io/nats%2ego.(*Conn).doReconnect(0xc001692e08, {0x1083c48c8, 0x108d63970}, 0x0)
	/Users/jace/go/pkg/mod/github.com/nats-io/nats.go@v1.41.1/nats.go:2907 +0x41a
created by github.com/nats-io/nats%2ego.(*Conn).processOpErr in goroutine 24236
	/Users/jace/go/pkg/mod/github.com/nats-io/nats.go@v1.41.1/nats.go:3043 +0x2f3

goroutine 22986 [select]:
github.com/nats-io/nats.go/jetstream.(*pullSubscription).pullMessages(0xc001678120, {0xc000f8aff0, 0x4e})
	/Users/jace/go/pkg/mod/github.com/nats-io/nats.go@v1.41.1/jetstream/pull.go:955 +0x91
created by github.com/nats-io/nats.go/jetstream.(*pullConsumer).Messages in goroutine 22982
	/Users/jace/go/pkg/mod/github.com/nats-io/nats.go@v1.41.1/jetstream/pull.go:534 +0x748

goroutine 23009 [select]:
github.com/nats-io/nats.go/jetstream.(*pullConsumer).Messages.func2()
	/Users/jace/go/pkg/mod/github.com/nats-io/nats.go@v1.41.1/jetstream/pull.go:538 +0x68
created by github.com/nats-io/nats.go/jetstream.(*pullConsumer).Messages in goroutine 22982
	/Users/jace/go/pkg/mod/github.com/nats-io/nats.go@v1.41.1/jetstream/pull.go:536 +0x78a

goroutine 23010 [select]:
github.com/nats-io/nats.go/jetstream.(*pullSubscription).Next(0xc0014edcb0)
	/Users/jace/go/pkg/mod/github.com/nats-io/nats.go@v1.41.1/jetstream/pull.go:589 +0x285
github.com/Black-And-White-Club/frolf-bot-shared/eventbus.(*eventBus).Subscribe.func1()
	/Users/jace/Documents/GitHub/frolf-bot-shared/eventbus/eventbus.go:326 +0x169
created by github.com/Black-And-White-Club/frolf-bot-shared/eventbus.(*eventBus).Subscribe in goroutine 22982
	/Users/jace/Documents/GitHub/frolf-bot-shared/eventbus/eventbus.go:315 +0xbf1

goroutine 23011 [chan receive]:
github.com/ThreeDotsLabs/watermill/message.(*messageTransformSubscriberDecorator).Subscribe.func1()
	/Users/jace/go/pkg/mod/github.com/!three!dots!labs/watermill@v1.4.6/message/decorator.go:52 +0x85
created by github.com/ThreeDotsLabs/watermill/message.(*messageTransformSubscriberDecorator).Subscribe in goroutine 22982
	/Users/jace/go/pkg/mod/github.com/!three!dots!labs/watermill@v1.4.6/message/decorator.go:51 +0xc7

goroutine 23012 [chan receive]:
github.com/ThreeDotsLabs/watermill/message.(*handler).run(0xc00162e9c0, {0x1083d4720, 0xc001a81b30}, {0xc0015a2900, 0x6, 0x0?})
	/Users/jace/go/pkg/mod/github.com/!three!dots!labs/watermill@v1.4.6/message/router.go:645 +0x2b4
github.com/ThreeDotsLabs/watermill/message.(*Router).RunHandlers.func1()
	/Users/jace/go/pkg/mod/github.com/!three!dots!labs/watermill@v1.4.6/message/router.go:460 +0x145
created by github.com/ThreeDotsLabs/watermill/message.(*Router).RunHandlers in goroutine 22982
	/Users/jace/go/pkg/mod/github.com/!three!dots!labs/watermill@v1.4.6/message/router.go:453 +0x606

goroutine 25378 [select]:
github.com/nats-io/nats.go/jetstream.(*pullSubscription).pullMessages(0xc00061acf0, {0xc000bb6230, 0x63})
	/Users/jace/go/pkg/mod/github.com/nats-io/nats.go@v1.41.1/jetstream/pull.go:955 +0x91
created by github.com/nats-io/nats.go/jetstream.(*pullConsumer).Messages in goroutine 25323
	/Users/jace/go/pkg/mod/github.com/nats-io/nats.go@v1.41.1/jetstream/pull.go:534 +0x748

goroutine 23014 [select]:
github.com/nats-io/nats.go/jetstream.(*pullConsumer).Messages.func2()
	/Users/jace/go/pkg/mod/github.com/nats-io/nats.go@v1.41.1/jetstream/pull.go:538 +0x68
created by github.com/nats-io/nats.go/jetstream.(*pullConsumer).Messages in goroutine 22982
	/Users/jace/go/pkg/mod/github.com/nats-io/nats.go@v1.41.1/jetstream/pull.go:536 +0x78a

goroutine 23015 [select]:
github.com/nats-io/nats.go/jetstream.(*pullSubscription).Next(0xc0016961b0)
	/Users/jace/go/pkg/mod/github.com/nats-io/nats.go@v1.41.1/jetstream/pull.go:589 +0x285
github.com/Black-And-White-Club/frolf-bot-shared/eventbus.(*eventBus).Subscribe.func1()
	/Users/jace/Documents/GitHub/frolf-bot-shared/eventbus/eventbus.go:326 +0x169
created by github.com/Black-And-White-Club/frolf-bot-shared/eventbus.(*eventBus).Subscribe in goroutine 22982
	/Users/jace/Documents/GitHub/frolf-bot-shared/eventbus/eventbus.go:315 +0xbf1

goroutine 23016 [chan receive]:
github.com/ThreeDotsLabs/watermill/message.(*messageTransformSubscriberDecorator).Subscribe.func1()
	/Users/jace/go/pkg/mod/github.com/!three!dots!labs/watermill@v1.4.6/message/decorator.go:52 +0x85
created by github.com/ThreeDotsLabs/watermill/message.(*messageTransformSubscriberDecorator).Subscribe in goroutine 22982
	/Users/jace/go/pkg/mod/github.com/!three!dots!labs/watermill@v1.4.6/message/decorator.go:51 +0xc7

goroutine 23017 [chan receive]:
github.com/ThreeDotsLabs/watermill/message.(*handler).run(0xc00162ea90, {0x1083d4720, 0xc000e017c0}, {0xc0016426c0, 0x6, 0x0?})
	/Users/jace/go/pkg/mod/github.com/!three!dots!labs/watermill@v1.4.6/message/router.go:645 +0x2b4
github.com/ThreeDotsLabs/watermill/message.(*Router).RunHandlers.func1()
	/Users/jace/go/pkg/mod/github.com/!three!dots!labs/watermill@v1.4.6/message/router.go:460 +0x145
created by github.com/ThreeDotsLabs/watermill/message.(*Router).RunHandlers in goroutine 22982
	/Users/jace/go/pkg/mod/github.com/!three!dots!labs/watermill@v1.4.6/message/router.go:453 +0x606

goroutine 22987 [select]:
github.com/nats-io/nats.go/jetstream.(*pullConsumer).Messages.func2()
	/Users/jace/go/pkg/mod/github.com/nats-io/nats.go@v1.41.1/jetstream/pull.go:538 +0x68
created by github.com/nats-io/nats.go/jetstream.(*pullConsumer).Messages in goroutine 22982
	/Users/jace/go/pkg/mod/github.com/nats-io/nats.go@v1.41.1/jetstream/pull.go:536 +0x78a

goroutine 22988 [select]:
github.com/nats-io/nats.go/jetstream.(*pullSubscription).Next(0xc001678120)
	/Users/jace/go/pkg/mod/github.com/nats-io/nats.go@v1.41.1/jetstream/pull.go:589 +0x285
github.com/Black-And-White-Club/frolf-bot-shared/eventbus.(*eventBus).Subscribe.func1()
	/Users/jace/Documents/GitHub/frolf-bot-shared/eventbus/eventbus.go:326 +0x169
created by github.com/Black-And-White-Club/frolf-bot-shared/eventbus.(*eventBus).Subscribe in goroutine 22982
	/Users/jace/Documents/GitHub/frolf-bot-shared/eventbus/eventbus.go:315 +0xbf1

goroutine 22989 [chan receive]:
github.com/ThreeDotsLabs/watermill/message.(*messageTransformSubscriberDecorator).Subscribe.func1()
	/Users/jace/go/pkg/mod/github.com/!three!dots!labs/watermill@v1.4.6/message/decorator.go:52 +0x85
created by github.com/ThreeDotsLabs/watermill/message.(*messageTransformSubscriberDecorator).Subscribe in goroutine 22982
	/Users/jace/go/pkg/mod/github.com/!three!dots!labs/watermill@v1.4.6/message/decorator.go:51 +0xc7

goroutine 22990 [chan receive]:
github.com/ThreeDotsLabs/watermill/message.(*handler).run(0xc00162ec30, {0x1083d4720, 0xc00112bdb0}, {0xc001505200, 0x6, 0xc00114df78?})
	/Users/jace/go/pkg/mod/github.com/!three!dots!labs/watermill@v1.4.6/message/router.go:645 +0x2b4
github.com/ThreeDotsLabs/watermill/message.(*Router).RunHandlers.func1()
	/Users/jace/go/pkg/mod/github.com/!three!dots!labs/watermill@v1.4.6/message/router.go:460 +0x145
created by github.com/ThreeDotsLabs/watermill/message.(*Router).RunHandlers in goroutine 22982
	/Users/jace/go/pkg/mod/github.com/!three!dots!labs/watermill@v1.4.6/message/router.go:453 +0x606

goroutine 23018 [select]:
github.com/nats-io/nats.go/jetstream.(*pullSubscription).pullMessages(0xc0016966c0, {0xc00051c420, 0x60})
	/Users/jace/go/pkg/mod/github.com/nats-io/nats.go@v1.41.1/jetstream/pull.go:955 +0x91
created by github.com/nats-io/nats.go/jetstream.(*pullConsumer).Messages in goroutine 22982
	/Users/jace/go/pkg/mod/github.com/nats-io/nats.go@v1.41.1/jetstream/pull.go:534 +0x748

goroutine 23019 [select]:
github.com/nats-io/nats.go/jetstream.(*pullConsumer).Messages.func2()
	/Users/jace/go/pkg/mod/github.com/nats-io/nats.go@v1.41.1/jetstream/pull.go:538 +0x68
created by github.com/nats-io/nats.go/jetstream.(*pullConsumer).Messages in goroutine 22982
	/Users/jace/go/pkg/mod/github.com/nats-io/nats.go@v1.41.1/jetstream/pull.go:536 +0x78a

goroutine 23020 [select]:
github.com/nats-io/nats.go/jetstream.(*pullSubscription).Next(0xc0016966c0)
	/Users/jace/go/pkg/mod/github.com/nats-io/nats.go@v1.41.1/jetstream/pull.go:589 +0x285
github.com/Black-And-White-Club/frolf-bot-shared/eventbus.(*eventBus).Subscribe.func1()
	/Users/jace/Documents/GitHub/frolf-bot-shared/eventbus/eventbus.go:326 +0x169
created by github.com/Black-And-White-Club/frolf-bot-shared/eventbus.(*eventBus).Subscribe in goroutine 22982
	/Users/jace/Documents/GitHub/frolf-bot-shared/eventbus/eventbus.go:315 +0xbf1

goroutine 23021 [chan receive]:
github.com/ThreeDotsLabs/watermill/message.(*messageTransformSubscriberDecorator).Subscribe.func1()
	/Users/jace/go/pkg/mod/github.com/!three!dots!labs/watermill@v1.4.6/message/decorator.go:52 +0x85
created by github.com/ThreeDotsLabs/watermill/message.(*messageTransformSubscriberDecorator).Subscribe in goroutine 22982
	/Users/jace/go/pkg/mod/github.com/!three!dots!labs/watermill@v1.4.6/message/decorator.go:51 +0xc7

goroutine 23022 [chan receive]:
github.com/ThreeDotsLabs/watermill/message.(*handler).run(0xc00162ed00, {0x1083d4720, 0xc001a81cc0}, {0xc001642780, 0x6, 0x0?})
	/Users/jace/go/pkg/mod/github.com/!three!dots!labs/watermill@v1.4.6/message/router.go:645 +0x2b4
github.com/ThreeDotsLabs/watermill/message.(*Router).RunHandlers.func1()
	/Users/jace/go/pkg/mod/github.com/!three!dots!labs/watermill@v1.4.6/message/router.go:460 +0x145
created by github.com/ThreeDotsLabs/watermill/message.(*Router).RunHandlers in goroutine 22982
	/Users/jace/go/pkg/mod/github.com/!three!dots!labs/watermill@v1.4.6/message/router.go:453 +0x606

goroutine 22992 [select]:
github.com/nats-io/nats.go/jetstream.(*pullSubscription).pullMessages(0xc0016785a0, {0xc0016765b0, 0x61})
	/Users/jace/go/pkg/mod/github.com/nats-io/nats.go@v1.41.1/jetstream/pull.go:955 +0x91
created by github.com/nats-io/nats.go/jetstream.(*pullConsumer).Messages in goroutine 22982
	/Users/jace/go/pkg/mod/github.com/nats-io/nats.go@v1.41.1/jetstream/pull.go:534 +0x748

goroutine 22993 [select]:
github.com/nats-io/nats.go/jetstream.(*pullConsumer).Messages.func2()
	/Users/jace/go/pkg/mod/github.com/nats-io/nats.go@v1.41.1/jetstream/pull.go:538 +0x68
created by github.com/nats-io/nats.go/jetstream.(*pullConsumer).Messages in goroutine 22982
	/Users/jace/go/pkg/mod/github.com/nats-io/nats.go@v1.41.1/jetstream/pull.go:536 +0x78a

goroutine 23042 [select]:
github.com/nats-io/nats.go/jetstream.(*pullSubscription).Next(0xc0016785a0)
	/Users/jace/go/pkg/mod/github.com/nats-io/nats.go@v1.41.1/jetstream/pull.go:589 +0x285
github.com/Black-And-White-Club/frolf-bot-shared/eventbus.(*eventBus).Subscribe.func1()
	/Users/jace/Documents/GitHub/frolf-bot-shared/eventbus/eventbus.go:326 +0x169
created by github.com/Black-And-White-Club/frolf-bot-shared/eventbus.(*eventBus).Subscribe in goroutine 22982
	/Users/jace/Documents/GitHub/frolf-bot-shared/eventbus/eventbus.go:315 +0xbf1

goroutine 23043 [chan receive]:
github.com/ThreeDotsLabs/watermill/message.(*messageTransformSubscriberDecorator).Subscribe.func1()
	/Users/jace/go/pkg/mod/github.com/!three!dots!labs/watermill@v1.4.6/message/decorator.go:52 +0x85
created by github.com/ThreeDotsLabs/watermill/message.(*messageTransformSubscriberDecorator).Subscribe in goroutine 22982
	/Users/jace/go/pkg/mod/github.com/!three!dots!labs/watermill@v1.4.6/message/decorator.go:51 +0xc7

goroutine 23044 [chan receive]:
github.com/ThreeDotsLabs/watermill/message.(*handler).run(0xc00162eea0, {0x1083d4720, 0xc00169b270}, {0xc0015a2a80, 0x6, 0x0?})
	/Users/jace/go/pkg/mod/github.com/!three!dots!labs/watermill@v1.4.6/message/router.go:645 +0x2b4
github.com/ThreeDotsLabs/watermill/message.(*Router).RunHandlers.func1()
	/Users/jace/go/pkg/mod/github.com/!three!dots!labs/watermill@v1.4.6/message/router.go:460 +0x145
created by github.com/ThreeDotsLabs/watermill/message.(*Router).RunHandlers in goroutine 22982
	/Users/jace/go/pkg/mod/github.com/!three!dots!labs/watermill@v1.4.6/message/router.go:453 +0x606

goroutine 22944 [select]:
github.com/nats-io/nats.go/jetstream.(*pullSubscription).pullMessages(0xc000cff050, {0xc0015b0230, 0x63})
	/Users/jace/go/pkg/mod/github.com/nats-io/nats.go@v1.41.1/jetstream/pull.go:955 +0x91
created by github.com/nats-io/nats.go/jetstream.(*pullConsumer).Messages in goroutine 22982
	/Users/jace/go/pkg/mod/github.com/nats-io/nats.go@v1.41.1/jetstream/pull.go:534 +0x748

goroutine 22945 [select]:
github.com/nats-io/nats.go/jetstream.(*pullConsumer).Messages.func2()
	/Users/jace/go/pkg/mod/github.com/nats-io/nats.go@v1.41.1/jetstream/pull.go:538 +0x68
created by github.com/nats-io/nats.go/jetstream.(*pullConsumer).Messages in goroutine 22982
	/Users/jace/go/pkg/mod/github.com/nats-io/nats.go@v1.41.1/jetstream/pull.go:536 +0x78a

goroutine 23058 [select]:
github.com/nats-io/nats.go/jetstream.(*pullSubscription).Next(0xc000cff050)
	/Users/jace/go/pkg/mod/github.com/nats-io/nats.go@v1.41.1/jetstream/pull.go:589 +0x285
github.com/Black-And-White-Club/frolf-bot-shared/eventbus.(*eventBus).Subscribe.func1()
	/Users/jace/Documents/GitHub/frolf-bot-shared/eventbus/eventbus.go:326 +0x169
created by github.com/Black-And-White-Club/frolf-bot-shared/eventbus.(*eventBus).Subscribe in goroutine 22982
	/Users/jace/Documents/GitHub/frolf-bot-shared/eventbus/eventbus.go:315 +0xbf1

goroutine 23059 [chan receive]:
github.com/ThreeDotsLabs/watermill/message.(*messageTransformSubscriberDecorator).Subscribe.func1()
	/Users/jace/go/pkg/mod/github.com/!three!dots!labs/watermill@v1.4.6/message/decorator.go:52 +0x85
created by github.com/ThreeDotsLabs/watermill/message.(*messageTransformSubscriberDecorator).Subscribe in goroutine 22982
	/Users/jace/go/pkg/mod/github.com/!three!dots!labs/watermill@v1.4.6/message/decorator.go:51 +0xc7

goroutine 23060 [chan receive]:
github.com/ThreeDotsLabs/watermill/message.(*handler).run(0xc00162e820, {0x1083d4720, 0xc001a81ea0}, {0xc0015a2b40, 0x6, 0x1083d46e8?})
	/Users/jace/go/pkg/mod/github.com/!three!dots!labs/watermill@v1.4.6/message/router.go:645 +0x2b4
github.com/ThreeDotsLabs/watermill/message.(*Router).RunHandlers.func1()
	/Users/jace/go/pkg/mod/github.com/!three!dots!labs/watermill@v1.4.6/message/router.go:460 +0x145
created by github.com/ThreeDotsLabs/watermill/message.(*Router).RunHandlers in goroutine 22982
	/Users/jace/go/pkg/mod/github.com/!three!dots!labs/watermill@v1.4.6/message/router.go:453 +0x606

goroutine 25342 [chan receive]:
github.com/ThreeDotsLabs/watermill/message.(*handler).run(0xc0010f9520, {0x1083d4720, 0xc0006ad130}, {0xc001d98e40, 0x6, 0xc0012b7778?})
	/Users/jace/go/pkg/mod/github.com/!three!dots!labs/watermill@v1.4.6/message/router.go:645 +0x2b4
github.com/ThreeDotsLabs/watermill/message.(*Router).RunHandlers.func1()
	/Users/jace/go/pkg/mod/github.com/!three!dots!labs/watermill@v1.4.6/message/router.go:460 +0x145
created by github.com/ThreeDotsLabs/watermill/message.(*Router).RunHandlers in goroutine 25323
	/Users/jace/go/pkg/mod/github.com/!three!dots!labs/watermill@v1.4.6/message/router.go:453 +0x606

goroutine 23108 [sync.WaitGroup.Wait]:
sync.runtime_SemacquireWaitGroup(0x1083d4718?)
	/usr/local/Cellar/go/1.24.2/libexec/src/runtime/sema.go:110 +0x25
sync.(*WaitGroup).Wait(0xc001741fd0?)
	/usr/local/Cellar/go/1.24.2/libexec/src/sync/waitgroup.go:118 +0x48
github.com/ThreeDotsLabs/watermill/message.(*Router).waitForHandlers.func1()
	/Users/jace/go/pkg/mod/github.com/!three!dots!labs/watermill@v1.4.6/message/router.go:579 +0x4b
created by github.com/ThreeDotsLabs/watermill/message.(*Router).waitForHandlers in goroutine 22172
	/Users/jace/go/pkg/mod/github.com/!three!dots!labs/watermill@v1.4.6/message/router.go:577 +0x87

goroutine 23099 [sync.Cond.Wait]:
sync.runtime_notifyListWait(0xc000143590, 0x2)
	/usr/local/Cellar/go/1.24.2/libexec/src/runtime/sema.go:597 +0x159
sync.(*Cond).Wait(0xc0015b1b80?)
	/usr/local/Cellar/go/1.24.2/libexec/src/sync/cond.go:71 +0x85
github.com/nats-io/nats%2ego.(*Conn).waitForMsgs(0xc00072ee08, 0xc000fbd680)
	/Users/jace/go/pkg/mod/github.com/nats-io/nats.go@v1.41.1/nats.go:3178 +0xc5
created by github.com/nats-io/nats%2ego.(*Conn).subscribeLocked in goroutine 22172
	/Users/jace/go/pkg/mod/github.com/nats-io/nats.go@v1.41.1/nats.go:4468 +0x419

goroutine 25354 [chan receive]:
github.com/ThreeDotsLabs/watermill/message.(*handler).run(0xc0010f9450, {0x1083d4720, 0xc001882af0}, {0xc001d98d80, 0x6, 0xc001873778?})
	/Users/jace/go/pkg/mod/github.com/!three!dots!labs/watermill@v1.4.6/message/router.go:645 +0x2b4
github.com/ThreeDotsLabs/watermill/message.(*Router).RunHandlers.func1()
	/Users/jace/go/pkg/mod/github.com/!three!dots!labs/watermill@v1.4.6/message/router.go:460 +0x145
created by github.com/ThreeDotsLabs/watermill/message.(*Router).RunHandlers in goroutine 25323
	/Users/jace/go/pkg/mod/github.com/!three!dots!labs/watermill@v1.4.6/message/router.go:453 +0x606

goroutine 24223 [select]:
github.com/nats-io/nats.go/jetstream.(*pullSubscription).Next(0xc000db8b40)
	/Users/jace/go/pkg/mod/github.com/nats-io/nats.go@v1.41.1/jetstream/pull.go:589 +0x285
github.com/Black-And-White-Club/frolf-bot-shared/eventbus.(*eventBus).Subscribe.func1()
	/Users/jace/Documents/GitHub/frolf-bot-shared/eventbus/eventbus.go:326 +0x169
created by github.com/Black-And-White-Club/frolf-bot-shared/eventbus.(*eventBus).Subscribe in goroutine 24274
	/Users/jace/Documents/GitHub/frolf-bot-shared/eventbus/eventbus.go:315 +0xbf1

goroutine 23110 [sync.WaitGroup.Wait]:
sync.runtime_SemacquireWaitGroup(0x1076093b5?)
	/usr/local/Cellar/go/1.24.2/libexec/src/runtime/sema.go:110 +0x25
sync.(*WaitGroup).Wait(0xc00118e340?)
	/usr/local/Cellar/go/1.24.2/libexec/src/sync/waitgroup.go:118 +0x48
github.com/ThreeDotsLabs/watermill/pubsub/sync.WaitGroupTimeout.func1()
	/Users/jace/go/pkg/mod/github.com/!three!dots!labs/watermill@v1.4.6/pubsub/sync/waitgroup.go:13 +0x25
created by github.com/ThreeDotsLabs/watermill/pubsub/sync.WaitGroupTimeout in goroutine 22172
	/Users/jace/go/pkg/mod/github.com/!three!dots!labs/watermill@v1.4.6/pubsub/sync/waitgroup.go:12 +0x85

goroutine 24266 [select]:
github.com/nats-io/nats.go/jetstream.(*pullSubscription).Next(0xc0007db680)
	/Users/jace/go/pkg/mod/github.com/nats-io/nats.go@v1.41.1/jetstream/pull.go:589 +0x285
github.com/Black-And-White-Club/frolf-bot-shared/eventbus.(*eventBus).Subscribe.func1()
	/Users/jace/Documents/GitHub/frolf-bot-shared/eventbus/eventbus.go:326 +0x169
created by github.com/Black-And-White-Club/frolf-bot-shared/eventbus.(*eventBus).Subscribe in goroutine 24274
	/Users/jace/Documents/GitHub/frolf-bot-shared/eventbus/eventbus.go:315 +0xbf1

goroutine 24264 [select]:
github.com/nats-io/nats.go/jetstream.(*pullSubscription).pullMessages(0xc0007db680, {0xc00013a690, 0x4e})
	/Users/jace/go/pkg/mod/github.com/nats-io/nats.go@v1.41.1/jetstream/pull.go:955 +0x91
created by github.com/nats-io/nats.go/jetstream.(*pullConsumer).Messages in goroutine 24274
	/Users/jace/go/pkg/mod/github.com/nats-io/nats.go@v1.41.1/jetstream/pull.go:534 +0x748

goroutine 24141 [select]:
github.com/nats-io/nats.go/jetstream.(*pullSubscription).Next(0xc001411680)
	/Users/jace/go/pkg/mod/github.com/nats-io/nats.go@v1.41.1/jetstream/pull.go:589 +0x285
github.com/Black-And-White-Club/frolf-bot-shared/eventbus.(*eventBus).Subscribe.func1()
	/Users/jace/Documents/GitHub/frolf-bot-shared/eventbus/eventbus.go:326 +0x169
created by github.com/Black-And-White-Club/frolf-bot-shared/eventbus.(*eventBus).Subscribe in goroutine 24274
	/Users/jace/Documents/GitHub/frolf-bot-shared/eventbus/eventbus.go:315 +0xbf1

goroutine 24139 [select]:
github.com/nats-io/nats.go/jetstream.(*pullSubscription).pullMessages(0xc001411680, {0xc000a00d90, 0x63})
	/Users/jace/go/pkg/mod/github.com/nats-io/nats.go@v1.41.1/jetstream/pull.go:955 +0x91
created by github.com/nats-io/nats.go/jetstream.(*pullConsumer).Messages in goroutine 24274
	/Users/jace/go/pkg/mod/github.com/nats-io/nats.go@v1.41.1/jetstream/pull.go:534 +0x748

goroutine 25356 [select]:
github.com/nats-io/nats.go/jetstream.(*pullConsumer).Messages.func2()
	/Users/jace/go/pkg/mod/github.com/nats-io/nats.go@v1.41.1/jetstream/pull.go:538 +0x68
created by github.com/nats-io/nats.go/jetstream.(*pullConsumer).Messages in goroutine 25323
	/Users/jace/go/pkg/mod/github.com/nats-io/nats.go@v1.41.1/jetstream/pull.go:536 +0x78a

goroutine 25496 [sync.WaitGroup.Wait]:
sync.runtime_SemacquireWaitGroup(0x1083d4718?)
	/usr/local/Cellar/go/1.24.2/libexec/src/runtime/sema.go:110 +0x25
sync.(*WaitGroup).Wait(0xc0014c0fd0?)
	/usr/local/Cellar/go/1.24.2/libexec/src/sync/waitgroup.go:118 +0x48
github.com/ThreeDotsLabs/watermill/message.(*Router).waitForHandlers.func1()
	/Users/jace/go/pkg/mod/github.com/!three!dots!labs/watermill@v1.4.6/message/router.go:579 +0x4b
created by github.com/ThreeDotsLabs/watermill/message.(*Router).waitForHandlers in goroutine 24533
	/Users/jace/go/pkg/mod/github.com/!three!dots!labs/watermill@v1.4.6/message/router.go:577 +0x87

goroutine 26708 [chan receive]:
github.com/ThreeDotsLabs/watermill/message.(*handler).run(0xc00182a680, {0x1083d4720, 0xc00183eb40}, {0xc0017de480, 0x6, 0xc0014baf70?})
	/Users/jace/go/pkg/mod/github.com/!three!dots!labs/watermill@v1.4.6/message/router.go:645 +0x2b4
github.com/ThreeDotsLabs/watermill/message.(*Router).RunHandlers.func1()
	/Users/jace/go/pkg/mod/github.com/!three!dots!labs/watermill@v1.4.6/message/router.go:460 +0x145
created by github.com/ThreeDotsLabs/watermill/message.(*Router).RunHandlers in goroutine 26544
	/Users/jace/go/pkg/mod/github.com/!three!dots!labs/watermill@v1.4.6/message/router.go:453 +0x606

goroutine 24253 [select]:
github.com/nats-io/nats.go/jetstream.(*pullSubscription).pullMessages(0xc000aeee10, {0xc00173b380, 0x55})
	/Users/jace/go/pkg/mod/github.com/nats-io/nats.go@v1.41.1/jetstream/pull.go:955 +0x91
created by github.com/nats-io/nats.go/jetstream.(*pullConsumer).Messages in goroutine 24274
	/Users/jace/go/pkg/mod/github.com/nats-io/nats.go@v1.41.1/jetstream/pull.go:534 +0x748

goroutine 24254 [select]:
github.com/nats-io/nats.go/jetstream.(*pullConsumer).Messages.func2()
	/Users/jace/go/pkg/mod/github.com/nats-io/nats.go@v1.41.1/jetstream/pull.go:538 +0x68
created by github.com/nats-io/nats.go/jetstream.(*pullConsumer).Messages in goroutine 24274
	/Users/jace/go/pkg/mod/github.com/nats-io/nats.go@v1.41.1/jetstream/pull.go:536 +0x78a

goroutine 24255 [select]:
github.com/nats-io/nats.go/jetstream.(*pullSubscription).Next(0xc000aeee10)
	/Users/jace/go/pkg/mod/github.com/nats-io/nats.go@v1.41.1/jetstream/pull.go:589 +0x285
github.com/Black-And-White-Club/frolf-bot-shared/eventbus.(*eventBus).Subscribe.func1()
	/Users/jace/Documents/GitHub/frolf-bot-shared/eventbus/eventbus.go:326 +0x169
created by github.com/Black-And-White-Club/frolf-bot-shared/eventbus.(*eventBus).Subscribe in goroutine 24274
	/Users/jace/Documents/GitHub/frolf-bot-shared/eventbus/eventbus.go:315 +0xbf1

goroutine 24256 [chan receive]:
github.com/ThreeDotsLabs/watermill/message.(*messageTransformSubscriberDecorator).Subscribe.func1()
	/Users/jace/go/pkg/mod/github.com/!three!dots!labs/watermill@v1.4.6/message/decorator.go:52 +0x85
created by github.com/ThreeDotsLabs/watermill/message.(*messageTransformSubscriberDecorator).Subscribe in goroutine 24274
	/Users/jace/go/pkg/mod/github.com/!three!dots!labs/watermill@v1.4.6/message/decorator.go:51 +0xc7

goroutine 24257 [chan receive]:
github.com/ThreeDotsLabs/watermill/message.(*handler).run(0xc000b12dd0, {0x1083d4720, 0xc00152b3b0}, {0xc001492240, 0x6, 0xc0002a2390?})
	/Users/jace/go/pkg/mod/github.com/!three!dots!labs/watermill@v1.4.6/message/router.go:645 +0x2b4
github.com/ThreeDotsLabs/watermill/message.(*Router).RunHandlers.func1()
	/Users/jace/go/pkg/mod/github.com/!three!dots!labs/watermill@v1.4.6/message/router.go:460 +0x145
created by github.com/ThreeDotsLabs/watermill/message.(*Router).RunHandlers in goroutine 24274
	/Users/jace/go/pkg/mod/github.com/!three!dots!labs/watermill@v1.4.6/message/router.go:453 +0x606

goroutine 24290 [select]:
github.com/nats-io/nats.go/jetstream.(*pullSubscription).pullMessages(0xc000aef830, {0xc00173b440, 0x60})
	/Users/jace/go/pkg/mod/github.com/nats-io/nats.go@v1.41.1/jetstream/pull.go:955 +0x91
created by github.com/nats-io/nats.go/jetstream.(*pullConsumer).Messages in goroutine 24274
	/Users/jace/go/pkg/mod/github.com/nats-io/nats.go@v1.41.1/jetstream/pull.go:534 +0x748

goroutine 24291 [select]:
github.com/nats-io/nats.go/jetstream.(*pullConsumer).Messages.func2()
	/Users/jace/go/pkg/mod/github.com/nats-io/nats.go@v1.41.1/jetstream/pull.go:538 +0x68
created by github.com/nats-io/nats.go/jetstream.(*pullConsumer).Messages in goroutine 24274
	/Users/jace/go/pkg/mod/github.com/nats-io/nats.go@v1.41.1/jetstream/pull.go:536 +0x78a

goroutine 24292 [select]:
github.com/nats-io/nats.go/jetstream.(*pullSubscription).Next(0xc000aef830)
	/Users/jace/go/pkg/mod/github.com/nats-io/nats.go@v1.41.1/jetstream/pull.go:589 +0x285
github.com/Black-And-White-Club/frolf-bot-shared/eventbus.(*eventBus).Subscribe.func1()
	/Users/jace/Documents/GitHub/frolf-bot-shared/eventbus/eventbus.go:326 +0x169
created by github.com/Black-And-White-Club/frolf-bot-shared/eventbus.(*eventBus).Subscribe in goroutine 24274
	/Users/jace/Documents/GitHub/frolf-bot-shared/eventbus/eventbus.go:315 +0xbf1

goroutine 24293 [chan receive]:
github.com/ThreeDotsLabs/watermill/message.(*messageTransformSubscriberDecorator).Subscribe.func1()
	/Users/jace/go/pkg/mod/github.com/!three!dots!labs/watermill@v1.4.6/message/decorator.go:52 +0x85
created by github.com/ThreeDotsLabs/watermill/message.(*messageTransformSubscriberDecorator).Subscribe in goroutine 24274
	/Users/jace/go/pkg/mod/github.com/!three!dots!labs/watermill@v1.4.6/message/decorator.go:51 +0xc7

goroutine 24294 [chan receive]:
github.com/ThreeDotsLabs/watermill/message.(*handler).run(0xc000b4d450, {0x1083d4720, 0xc0019119a0}, {0xc0014923c0, 0x6, 0x0?})
	/Users/jace/go/pkg/mod/github.com/!three!dots!labs/watermill@v1.4.6/message/router.go:645 +0x2b4
github.com/ThreeDotsLabs/watermill/message.(*Router).RunHandlers.func1()
	/Users/jace/go/pkg/mod/github.com/!three!dots!labs/watermill@v1.4.6/message/router.go:460 +0x145
created by github.com/ThreeDotsLabs/watermill/message.(*Router).RunHandlers in goroutine 24274
	/Users/jace/go/pkg/mod/github.com/!three!dots!labs/watermill@v1.4.6/message/router.go:453 +0x606

goroutine 24295 [select]:
github.com/nats-io/nats.go/jetstream.(*pullSubscription).pullMessages(0xc000aefdd0, {0xc0008c32d0, 0x63})
	/Users/jace/go/pkg/mod/github.com/nats-io/nats.go@v1.41.1/jetstream/pull.go:955 +0x91
created by github.com/nats-io/nats.go/jetstream.(*pullConsumer).Messages in goroutine 24274
	/Users/jace/go/pkg/mod/github.com/nats-io/nats.go@v1.41.1/jetstream/pull.go:534 +0x748

goroutine 24296 [select]:
github.com/nats-io/nats.go/jetstream.(*pullConsumer).Messages.func2()
	/Users/jace/go/pkg/mod/github.com/nats-io/nats.go@v1.41.1/jetstream/pull.go:538 +0x68
created by github.com/nats-io/nats.go/jetstream.(*pullConsumer).Messages in goroutine 24274
	/Users/jace/go/pkg/mod/github.com/nats-io/nats.go@v1.41.1/jetstream/pull.go:536 +0x78a

goroutine 24297 [select]:
github.com/nats-io/nats.go/jetstream.(*pullSubscription).Next(0xc000aefdd0)
	/Users/jace/go/pkg/mod/github.com/nats-io/nats.go@v1.41.1/jetstream/pull.go:589 +0x285
github.com/Black-And-White-Club/frolf-bot-shared/eventbus.(*eventBus).Subscribe.func1()
	/Users/jace/Documents/GitHub/frolf-bot-shared/eventbus/eventbus.go:326 +0x169
created by github.com/Black-And-White-Club/frolf-bot-shared/eventbus.(*eventBus).Subscribe in goroutine 24274
	/Users/jace/Documents/GitHub/frolf-bot-shared/eventbus/eventbus.go:315 +0xbf1

goroutine 24298 [chan receive]:
github.com/ThreeDotsLabs/watermill/message.(*messageTransformSubscriberDecorator).Subscribe.func1()
	/Users/jace/go/pkg/mod/github.com/!three!dots!labs/watermill@v1.4.6/message/decorator.go:52 +0x85
created by github.com/ThreeDotsLabs/watermill/message.(*messageTransformSubscriberDecorator).Subscribe in goroutine 24274
	/Users/jace/go/pkg/mod/github.com/!three!dots!labs/watermill@v1.4.6/message/decorator.go:51 +0xc7

goroutine 24299 [chan receive]:
github.com/ThreeDotsLabs/watermill/message.(*handler).run(0xc000b12000, {0x1083d4720, 0xc0002e77c0}, {0xc001492480, 0x6, 0x4d222c303a227365?})
	/Users/jace/go/pkg/mod/github.com/!three!dots!labs/watermill@v1.4.6/message/router.go:645 +0x2b4
github.com/ThreeDotsLabs/watermill/message.(*Router).RunHandlers.func1()
	/Users/jace/go/pkg/mod/github.com/!three!dots!labs/watermill@v1.4.6/message/router.go:460 +0x145
created by github.com/ThreeDotsLabs/watermill/message.(*Router).RunHandlers in goroutine 24274
	/Users/jace/go/pkg/mod/github.com/!three!dots!labs/watermill@v1.4.6/message/router.go:453 +0x606

goroutine 24300 [select]:
github.com/nats-io/nats.go/jetstream.(*pullSubscription).pullMessages(0xc000cd63f0, {0xc0008c3810, 0x61})
	/Users/jace/go/pkg/mod/github.com/nats-io/nats.go@v1.41.1/jetstream/pull.go:955 +0x91
created by github.com/nats-io/nats.go/jetstream.(*pullConsumer).Messages in goroutine 24274
	/Users/jace/go/pkg/mod/github.com/nats-io/nats.go@v1.41.1/jetstream/pull.go:534 +0x748

goroutine 24301 [select]:
github.com/nats-io/nats.go/jetstream.(*pullConsumer).Messages.func2()
	/Users/jace/go/pkg/mod/github.com/nats-io/nats.go@v1.41.1/jetstream/pull.go:538 +0x68
created by github.com/nats-io/nats.go/jetstream.(*pullConsumer).Messages in goroutine 24274
	/Users/jace/go/pkg/mod/github.com/nats-io/nats.go@v1.41.1/jetstream/pull.go:536 +0x78a

goroutine 24302 [select]:
github.com/nats-io/nats.go/jetstream.(*pullSubscription).Next(0xc000cd63f0)
	/Users/jace/go/pkg/mod/github.com/nats-io/nats.go@v1.41.1/jetstream/pull.go:589 +0x285
github.com/Black-And-White-Club/frolf-bot-shared/eventbus.(*eventBus).Subscribe.func1()
	/Users/jace/Documents/GitHub/frolf-bot-shared/eventbus/eventbus.go:326 +0x169
created by github.com/Black-And-White-Club/frolf-bot-shared/eventbus.(*eventBus).Subscribe in goroutine 24274
	/Users/jace/Documents/GitHub/frolf-bot-shared/eventbus/eventbus.go:315 +0xbf1

goroutine 24303 [chan receive]:
github.com/ThreeDotsLabs/watermill/message.(*messageTransformSubscriberDecorator).Subscribe.func1()
	/Users/jace/go/pkg/mod/github.com/!three!dots!labs/watermill@v1.4.6/message/decorator.go:52 +0x85
created by github.com/ThreeDotsLabs/watermill/message.(*messageTransformSubscriberDecorator).Subscribe in goroutine 24274
	/Users/jace/go/pkg/mod/github.com/!three!dots!labs/watermill@v1.4.6/message/decorator.go:51 +0xc7

goroutine 24304 [chan receive]:
github.com/ThreeDotsLabs/watermill/message.(*handler).run(0xc000b121a0, {0x1083d4720, 0xc0002e7950}, {0xc00142c6c0, 0x6, 0x643d657079745f70?})
	/Users/jace/go/pkg/mod/github.com/!three!dots!labs/watermill@v1.4.6/message/router.go:645 +0x2b4
github.com/ThreeDotsLabs/watermill/message.(*Router).RunHandlers.func1()
	/Users/jace/go/pkg/mod/github.com/!three!dots!labs/watermill@v1.4.6/message/router.go:460 +0x145
created by github.com/ThreeDotsLabs/watermill/message.(*Router).RunHandlers in goroutine 24274
	/Users/jace/go/pkg/mod/github.com/!three!dots!labs/watermill@v1.4.6/message/router.go:453 +0x606

goroutine 25358 [chan receive]:
github.com/ThreeDotsLabs/watermill/message.(*messageTransformSubscriberDecorator).Subscribe.func1()
	/Users/jace/go/pkg/mod/github.com/!three!dots!labs/watermill@v1.4.6/message/decorator.go:52 +0x85
created by github.com/ThreeDotsLabs/watermill/message.(*messageTransformSubscriberDecorator).Subscribe in goroutine 25323
	/Users/jace/go/pkg/mod/github.com/!three!dots!labs/watermill@v1.4.6/message/decorator.go:51 +0xc7

goroutine 25357 [select]:
github.com/nats-io/nats.go/jetstream.(*pullSubscription).Next(0xc0015db200)
	/Users/jace/go/pkg/mod/github.com/nats-io/nats.go@v1.41.1/jetstream/pull.go:589 +0x285
github.com/Black-And-White-Club/frolf-bot-shared/eventbus.(*eventBus).Subscribe.func1()
	/Users/jace/Documents/GitHub/frolf-bot-shared/eventbus/eventbus.go:326 +0x169
created by github.com/Black-And-White-Club/frolf-bot-shared/eventbus.(*eventBus).Subscribe in goroutine 25323
	/Users/jace/Documents/GitHub/frolf-bot-shared/eventbus/eventbus.go:315 +0xbf1

goroutine 26982 [chan receive]:
github.com/testcontainers/testcontainers-go.(*Reaper).connect.func1()
	/Users/jace/go/pkg/mod/github.com/testcontainers/testcontainers-go@v0.37.0/reaper.go:539 +0xee
created by github.com/testcontainers/testcontainers-go.(*Reaper).connect in goroutine 26958
	/Users/jace/go/pkg/mod/github.com/testcontainers/testcontainers-go@v0.37.0/reaper.go:534 +0x1af

goroutine 24332 [sync.Cond.Wait]:
sync.runtime_notifyListWait(0xc0013fcb10, 0x1)
	/usr/local/Cellar/go/1.24.2/libexec/src/runtime/sema.go:597 +0x159
sync.(*Cond).Wait(0xc0015d78e0?)
	/usr/local/Cellar/go/1.24.2/libexec/src/sync/cond.go:71 +0x85
github.com/nats-io/nats%2ego.(*Conn).waitForMsgs(0xc000730a08, 0xc000fbd860)
	/Users/jace/go/pkg/mod/github.com/nats-io/nats.go@v1.41.1/nats.go:3178 +0xc5
created by github.com/nats-io/nats%2ego.(*Conn).subscribeLocked in goroutine 23247
	/Users/jace/go/pkg/mod/github.com/nats-io/nats.go@v1.41.1/nats.go:4468 +0x419

goroutine 24314 [sync.WaitGroup.Wait]:
sync.runtime_SemacquireWaitGroup(0xc0015d79d0?)
	/usr/local/Cellar/go/1.24.2/libexec/src/runtime/sema.go:110 +0x25
sync.(*WaitGroup).Wait(0x10726d452?)
	/usr/local/Cellar/go/1.24.2/libexec/src/sync/waitgroup.go:118 +0x48
github.com/ThreeDotsLabs/watermill/pubsub/sync.WaitGroupTimeout.func1()
	/Users/jace/go/pkg/mod/github.com/!three!dots!labs/watermill@v1.4.6/pubsub/sync/waitgroup.go:13 +0x25
created by github.com/ThreeDotsLabs/watermill/pubsub/sync.WaitGroupTimeout in goroutine 23247
	/Users/jace/go/pkg/mod/github.com/!three!dots!labs/watermill@v1.4.6/pubsub/sync/waitgroup.go:12 +0x85

goroutine 24460 [select]:
github.com/nats-io/nats%2ego.(*Conn).doReconnect(0xc000730a08, {0x1083c48c8, 0x108d63970}, 0x0)
	/Users/jace/go/pkg/mod/github.com/nats-io/nats.go@v1.41.1/nats.go:2907 +0x41a
created by github.com/nats-io/nats%2ego.(*Conn).processOpErr in goroutine 24248
	/Users/jace/go/pkg/mod/github.com/nats-io/nats.go@v1.41.1/nats.go:3043 +0x2f3

goroutine 25341 [chan receive]:
github.com/ThreeDotsLabs/watermill/message.(*messageTransformSubscriberDecorator).Subscribe.func1()
	/Users/jace/go/pkg/mod/github.com/!three!dots!labs/watermill@v1.4.6/message/decorator.go:52 +0x85
created by github.com/ThreeDotsLabs/watermill/message.(*messageTransformSubscriberDecorator).Subscribe in goroutine 25323
	/Users/jace/go/pkg/mod/github.com/!three!dots!labs/watermill@v1.4.6/message/decorator.go:51 +0xc7

goroutine 25576 [select]:
github.com/nats-io/nats%2ego.(*Conn).doReconnect(0xc00162ae08, {0x1083c48c8, 0x108d63970}, 0x0)
	/Users/jace/go/pkg/mod/github.com/nats-io/nats.go@v1.41.1/nats.go:2907 +0x41a
created by github.com/nats-io/nats%2ego.(*Conn).processOpErr in goroutine 25346
	/Users/jace/go/pkg/mod/github.com/nats-io/nats.go@v1.41.1/nats.go:3043 +0x2f3

goroutine 25339 [select]:
github.com/nats-io/nats.go/jetstream.(*pullConsumer).Messages.func2()
	/Users/jace/go/pkg/mod/github.com/nats-io/nats.go@v1.41.1/jetstream/pull.go:538 +0x68
created by github.com/nats-io/nats.go/jetstream.(*pullConsumer).Messages in goroutine 25323
	/Users/jace/go/pkg/mod/github.com/nats-io/nats.go@v1.41.1/jetstream/pull.go:536 +0x78a

goroutine 25338 [select]:
github.com/nats-io/nats.go/jetstream.(*pullSubscription).pullMessages(0xc0014fe900, {0xc00004d920, 0x55})
	/Users/jace/go/pkg/mod/github.com/nats-io/nats.go@v1.41.1/jetstream/pull.go:955 +0x91
created by github.com/nats-io/nats.go/jetstream.(*pullConsumer).Messages in goroutine 25323
	/Users/jace/go/pkg/mod/github.com/nats-io/nats.go@v1.41.1/jetstream/pull.go:534 +0x748

goroutine 25334 [sync.Cond.Wait]:
sync.runtime_notifyListWait(0xc001344090, 0x0)
	/usr/local/Cellar/go/1.24.2/libexec/src/runtime/sema.go:597 +0x159
sync.(*Cond).Wait(0xc0014b5b90?)
	/usr/local/Cellar/go/1.24.2/libexec/src/sync/cond.go:71 +0x85
github.com/nats-io/nats%2ego.(*asyncCallbacksHandler).asyncCBDispatcher(0xc0019e3e40)
	/Users/jace/go/pkg/mod/github.com/nats-io/nats.go@v1.41.1/nats.go:3059 +0xdd
created by github.com/nats-io/nats%2ego.Options.Connect in goroutine 24533
	/Users/jace/go/pkg/mod/github.com/nats-io/nats.go@v1.41.1/nats.go:1635 +0x387

goroutine 26545 [sync.WaitGroup.Wait]:
sync.runtime_SemacquireWaitGroup(0x1072326d2?)
	/usr/local/Cellar/go/1.24.2/libexec/src/runtime/sema.go:110 +0x25
sync.(*WaitGroup).Wait(0x10749cfbc?)
	/usr/local/Cellar/go/1.24.2/libexec/src/sync/waitgroup.go:118 +0x48
github.com/ThreeDotsLabs/watermill/message.(*Router).watchAllHandlersStopped.func1()
	/Users/jace/go/pkg/mod/github.com/!three!dots!labs/watermill@v1.4.6/message/router.go:498 +0x86
created by github.com/ThreeDotsLabs/watermill/message.(*Router).watchAllHandlersStopped in goroutine 26544
	/Users/jace/go/pkg/mod/github.com/!three!dots!labs/watermill@v1.4.6/message/router.go:484 +0xec

goroutine 25355 [select]:
github.com/nats-io/nats.go/jetstream.(*pullSubscription).pullMessages(0xc0015db200, {0xc000032120, 0x60})
	/Users/jace/go/pkg/mod/github.com/nats-io/nats.go@v1.41.1/jetstream/pull.go:955 +0x91
created by github.com/nats-io/nats.go/jetstream.(*pullConsumer).Messages in goroutine 25323
	/Users/jace/go/pkg/mod/github.com/nats-io/nats.go@v1.41.1/jetstream/pull.go:534 +0x748

goroutine 25351 [select]:
github.com/nats-io/nats.go/jetstream.(*pullConsumer).Messages.func2()
	/Users/jace/go/pkg/mod/github.com/nats-io/nats.go@v1.41.1/jetstream/pull.go:538 +0x68
created by github.com/nats-io/nats.go/jetstream.(*pullConsumer).Messages in goroutine 25323
	/Users/jace/go/pkg/mod/github.com/nats-io/nats.go@v1.41.1/jetstream/pull.go:536 +0x78a

goroutine 26707 [chan receive]:
github.com/ThreeDotsLabs/watermill/message.(*messageTransformSubscriberDecorator).Subscribe.func1()
	/Users/jace/go/pkg/mod/github.com/!three!dots!labs/watermill@v1.4.6/message/decorator.go:52 +0x85
created by github.com/ThreeDotsLabs/watermill/message.(*messageTransformSubscriberDecorator).Subscribe in goroutine 26544
	/Users/jace/go/pkg/mod/github.com/!three!dots!labs/watermill@v1.4.6/message/decorator.go:51 +0xc7

goroutine 26605 [select]:
github.com/nats-io/nats.go/jetstream.(*pullConsumer).Messages.func2()
	/Users/jace/go/pkg/mod/github.com/nats-io/nats.go@v1.41.1/jetstream/pull.go:538 +0x68
created by github.com/nats-io/nats.go/jetstream.(*pullConsumer).Messages in goroutine 26544
	/Users/jace/go/pkg/mod/github.com/nats-io/nats.go@v1.41.1/jetstream/pull.go:536 +0x78a

goroutine 25264 [sync.Cond.Wait]:
sync.runtime_notifyListWait(0xc0015fe4d0, 0x0)
	/usr/local/Cellar/go/1.24.2/libexec/src/runtime/sema.go:597 +0x159
sync.(*Cond).Wait(0x100000001?)
	/usr/local/Cellar/go/1.24.2/libexec/src/sync/cond.go:71 +0x85
github.com/nats-io/nats%2ego.(*asyncCallbacksHandler).asyncCBDispatcher(0xc001c61f20)
	/Users/jace/go/pkg/mod/github.com/nats-io/nats.go@v1.41.1/nats.go:3059 +0xdd
created by github.com/nats-io/nats%2ego.Options.Connect in goroutine 24533
	/Users/jace/go/pkg/mod/github.com/nats-io/nats.go@v1.41.1/nats.go:1635 +0x387

goroutine 25324 [sync.WaitGroup.Wait]:
sync.runtime_SemacquireWaitGroup(0x200007748?)
	/usr/local/Cellar/go/1.24.2/libexec/src/runtime/sema.go:110 +0x25
sync.(*WaitGroup).Wait(0xc001712770?)
	/usr/local/Cellar/go/1.24.2/libexec/src/sync/waitgroup.go:118 +0x48
github.com/ThreeDotsLabs/watermill/message.(*Router).watchAllHandlersStopped.func1()
	/Users/jace/go/pkg/mod/github.com/!three!dots!labs/watermill@v1.4.6/message/router.go:498 +0x86
created by github.com/ThreeDotsLabs/watermill/message.(*Router).watchAllHandlersStopped in goroutine 25323
	/Users/jace/go/pkg/mod/github.com/!three!dots!labs/watermill@v1.4.6/message/router.go:484 +0xec

goroutine 25325 [select]:
github.com/nats-io/nats.go/jetstream.(*pullSubscription).pullMessages(0xc000c9d0e0, {0xc0009ae960, 0x53})
	/Users/jace/go/pkg/mod/github.com/nats-io/nats.go@v1.41.1/jetstream/pull.go:955 +0x91
created by github.com/nats-io/nats.go/jetstream.(*pullConsumer).Messages in goroutine 25323
	/Users/jace/go/pkg/mod/github.com/nats-io/nats.go@v1.41.1/jetstream/pull.go:534 +0x748

goroutine 25326 [select]:
github.com/nats-io/nats.go/jetstream.(*pullConsumer).Messages.func2()
	/Users/jace/go/pkg/mod/github.com/nats-io/nats.go@v1.41.1/jetstream/pull.go:538 +0x68
created by github.com/nats-io/nats.go/jetstream.(*pullConsumer).Messages in goroutine 25323
	/Users/jace/go/pkg/mod/github.com/nats-io/nats.go@v1.41.1/jetstream/pull.go:536 +0x78a

goroutine 25327 [select]:
github.com/nats-io/nats.go/jetstream.(*pullSubscription).Next(0xc000c9d0e0)
	/Users/jace/go/pkg/mod/github.com/nats-io/nats.go@v1.41.1/jetstream/pull.go:589 +0x285
github.com/Black-And-White-Club/frolf-bot-shared/eventbus.(*eventBus).Subscribe.func1()
	/Users/jace/Documents/GitHub/frolf-bot-shared/eventbus/eventbus.go:326 +0x169
created by github.com/Black-And-White-Club/frolf-bot-shared/eventbus.(*eventBus).Subscribe in goroutine 25323
	/Users/jace/Documents/GitHub/frolf-bot-shared/eventbus/eventbus.go:315 +0xbf1

goroutine 25328 [chan receive]:
github.com/ThreeDotsLabs/watermill/message.(*messageTransformSubscriberDecorator).Subscribe.func1()
	/Users/jace/go/pkg/mod/github.com/!three!dots!labs/watermill@v1.4.6/message/decorator.go:52 +0x85
created by github.com/ThreeDotsLabs/watermill/message.(*messageTransformSubscriberDecorator).Subscribe in goroutine 25323
	/Users/jace/go/pkg/mod/github.com/!three!dots!labs/watermill@v1.4.6/message/decorator.go:51 +0xc7

goroutine 25329 [chan receive]:
github.com/ThreeDotsLabs/watermill/message.(*handler).run(0xc0010f9040, {0x1083d4720, 0xc001882960}, {0xc0008d7380, 0x6, 0x0?})
	/Users/jace/go/pkg/mod/github.com/!three!dots!labs/watermill@v1.4.6/message/router.go:645 +0x2b4
github.com/ThreeDotsLabs/watermill/message.(*Router).RunHandlers.func1()
	/Users/jace/go/pkg/mod/github.com/!three!dots!labs/watermill@v1.4.6/message/router.go:460 +0x145
created by github.com/ThreeDotsLabs/watermill/message.(*Router).RunHandlers in goroutine 25323
	/Users/jace/go/pkg/mod/github.com/!three!dots!labs/watermill@v1.4.6/message/router.go:453 +0x606

goroutine 25362 [select]:
github.com/nats-io/nats.go/jetstream.(*pullSubscription).pullMessages(0xc000c9d710, {0xc000f8a280, 0x4e})
	/Users/jace/go/pkg/mod/github.com/nats-io/nats.go@v1.41.1/jetstream/pull.go:955 +0x91
created by github.com/nats-io/nats.go/jetstream.(*pullConsumer).Messages in goroutine 25323
	/Users/jace/go/pkg/mod/github.com/nats-io/nats.go@v1.41.1/jetstream/pull.go:534 +0x748

goroutine 25363 [select]:
github.com/nats-io/nats.go/jetstream.(*pullConsumer).Messages.func2()
	/Users/jace/go/pkg/mod/github.com/nats-io/nats.go@v1.41.1/jetstream/pull.go:538 +0x68
created by github.com/nats-io/nats.go/jetstream.(*pullConsumer).Messages in goroutine 25323
	/Users/jace/go/pkg/mod/github.com/nats-io/nats.go@v1.41.1/jetstream/pull.go:536 +0x78a

goroutine 25364 [select]:
github.com/nats-io/nats.go/jetstream.(*pullSubscription).Next(0xc000c9d710)
	/Users/jace/go/pkg/mod/github.com/nats-io/nats.go@v1.41.1/jetstream/pull.go:589 +0x285
github.com/Black-And-White-Club/frolf-bot-shared/eventbus.(*eventBus).Subscribe.func1()
	/Users/jace/Documents/GitHub/frolf-bot-shared/eventbus/eventbus.go:326 +0x169
created by github.com/Black-And-White-Club/frolf-bot-shared/eventbus.(*eventBus).Subscribe in goroutine 25323
	/Users/jace/Documents/GitHub/frolf-bot-shared/eventbus/eventbus.go:315 +0xbf1

goroutine 25365 [chan receive]:
github.com/ThreeDotsLabs/watermill/message.(*messageTransformSubscriberDecorator).Subscribe.func1()
	/Users/jace/go/pkg/mod/github.com/!three!dots!labs/watermill@v1.4.6/message/decorator.go:52 +0x85
created by github.com/ThreeDotsLabs/watermill/message.(*messageTransformSubscriberDecorator).Subscribe in goroutine 25323
	/Users/jace/go/pkg/mod/github.com/!three!dots!labs/watermill@v1.4.6/message/decorator.go:51 +0xc7

goroutine 25366 [chan receive]:
github.com/ThreeDotsLabs/watermill/message.(*handler).run(0xc0010f85b0, {0x1083d4720, 0xc001970690}, {0xc000c086c0, 0x6, 0x0?})
	/Users/jace/go/pkg/mod/github.com/!three!dots!labs/watermill@v1.4.6/message/router.go:645 +0x2b4
github.com/ThreeDotsLabs/watermill/message.(*Router).RunHandlers.func1()
	/Users/jace/go/pkg/mod/github.com/!three!dots!labs/watermill@v1.4.6/message/router.go:460 +0x145
created by github.com/ThreeDotsLabs/watermill/message.(*Router).RunHandlers in goroutine 25323
	/Users/jace/go/pkg/mod/github.com/!three!dots!labs/watermill@v1.4.6/message/router.go:453 +0x606

goroutine 26872 [select]:
github.com/nats-io/nats%2ego.(*Conn).doReconnect(0xc0013d1c08, {0x1083c48c8, 0x108d63970}, 0x0)
	/Users/jace/go/pkg/mod/github.com/nats-io/nats.go@v1.41.1/nats.go:2907 +0x41a
created by github.com/nats-io/nats%2ego.(*Conn).processOpErr in goroutine 26540
	/Users/jace/go/pkg/mod/github.com/nats-io/nats.go@v1.41.1/nats.go:3043 +0x2f3

goroutine 25381 [chan receive]:
github.com/ThreeDotsLabs/watermill/message.(*messageTransformSubscriberDecorator).Subscribe.func1()
	/Users/jace/go/pkg/mod/github.com/!three!dots!labs/watermill@v1.4.6/message/decorator.go:52 +0x85
created by github.com/ThreeDotsLabs/watermill/message.(*messageTransformSubscriberDecorator).Subscribe in goroutine 25323
	/Users/jace/go/pkg/mod/github.com/!three!dots!labs/watermill@v1.4.6/message/decorator.go:51 +0xc7

goroutine 25382 [chan receive]:
github.com/ThreeDotsLabs/watermill/message.(*handler).run(0xc0010f8a90, {0x1083d4720, 0xc0006ad310}, {0xc000b1c0c0, 0x6, 0x4?})
	/Users/jace/go/pkg/mod/github.com/!three!dots!labs/watermill@v1.4.6/message/router.go:645 +0x2b4
github.com/ThreeDotsLabs/watermill/message.(*Router).RunHandlers.func1()
	/Users/jace/go/pkg/mod/github.com/!three!dots!labs/watermill@v1.4.6/message/router.go:460 +0x145
created by github.com/ThreeDotsLabs/watermill/message.(*Router).RunHandlers in goroutine 25323
	/Users/jace/go/pkg/mod/github.com/!three!dots!labs/watermill@v1.4.6/message/router.go:453 +0x606

goroutine 25368 [select]:
github.com/nats-io/nats.go/jetstream.(*pullSubscription).pullMessages(0xc000c9de60, {0xc000a7c8c0, 0x61})
	/Users/jace/go/pkg/mod/github.com/nats-io/nats.go@v1.41.1/jetstream/pull.go:955 +0x91
created by github.com/nats-io/nats.go/jetstream.(*pullConsumer).Messages in goroutine 25323
	/Users/jace/go/pkg/mod/github.com/nats-io/nats.go@v1.41.1/jetstream/pull.go:534 +0x748

goroutine 25369 [select]:
github.com/nats-io/nats.go/jetstream.(*pullConsumer).Messages.func2()
	/Users/jace/go/pkg/mod/github.com/nats-io/nats.go@v1.41.1/jetstream/pull.go:538 +0x68
created by github.com/nats-io/nats.go/jetstream.(*pullConsumer).Messages in goroutine 25323
	/Users/jace/go/pkg/mod/github.com/nats-io/nats.go@v1.41.1/jetstream/pull.go:536 +0x78a

goroutine 25370 [select]:
github.com/nats-io/nats.go/jetstream.(*pullSubscription).Next(0xc000c9de60)
	/Users/jace/go/pkg/mod/github.com/nats-io/nats.go@v1.41.1/jetstream/pull.go:589 +0x285
github.com/Black-And-White-Club/frolf-bot-shared/eventbus.(*eventBus).Subscribe.func1()
	/Users/jace/Documents/GitHub/frolf-bot-shared/eventbus/eventbus.go:326 +0x169
created by github.com/Black-And-White-Club/frolf-bot-shared/eventbus.(*eventBus).Subscribe in goroutine 25323
	/Users/jace/Documents/GitHub/frolf-bot-shared/eventbus/eventbus.go:315 +0xbf1

goroutine 25371 [chan receive]:
github.com/ThreeDotsLabs/watermill/message.(*messageTransformSubscriberDecorator).Subscribe.func1()
	/Users/jace/go/pkg/mod/github.com/!three!dots!labs/watermill@v1.4.6/message/decorator.go:52 +0x85
created by github.com/ThreeDotsLabs/watermill/message.(*messageTransformSubscriberDecorator).Subscribe in goroutine 25323
	/Users/jace/go/pkg/mod/github.com/!three!dots!labs/watermill@v1.4.6/message/decorator.go:51 +0xc7

goroutine 25372 [chan receive]:
github.com/ThreeDotsLabs/watermill/message.(*handler).run(0xc0010f8b60, {0x1083d4720, 0xc000800780}, {0xc001d98f00, 0x6, 0x0?})
	/Users/jace/go/pkg/mod/github.com/!three!dots!labs/watermill@v1.4.6/message/router.go:645 +0x2b4
github.com/ThreeDotsLabs/watermill/message.(*Router).RunHandlers.func1()
	/Users/jace/go/pkg/mod/github.com/!three!dots!labs/watermill@v1.4.6/message/router.go:460 +0x145
created by github.com/ThreeDotsLabs/watermill/message.(*Router).RunHandlers in goroutine 25323
	/Users/jace/go/pkg/mod/github.com/!three!dots!labs/watermill@v1.4.6/message/router.go:453 +0x606

goroutine 25373 [select]:
github.com/nats-io/nats.go/jetstream.(*pullSubscription).pullMessages(0xc000b325a0, {0xc000a7ce70, 0x63})
	/Users/jace/go/pkg/mod/github.com/nats-io/nats.go@v1.41.1/jetstream/pull.go:955 +0x91
created by github.com/nats-io/nats.go/jetstream.(*pullConsumer).Messages in goroutine 25323
	/Users/jace/go/pkg/mod/github.com/nats-io/nats.go@v1.41.1/jetstream/pull.go:534 +0x748

goroutine 25374 [select]:
github.com/nats-io/nats.go/jetstream.(*pullConsumer).Messages.func2()
	/Users/jace/go/pkg/mod/github.com/nats-io/nats.go@v1.41.1/jetstream/pull.go:538 +0x68
created by github.com/nats-io/nats.go/jetstream.(*pullConsumer).Messages in goroutine 25323
	/Users/jace/go/pkg/mod/github.com/nats-io/nats.go@v1.41.1/jetstream/pull.go:536 +0x78a

goroutine 25375 [select]:
github.com/nats-io/nats.go/jetstream.(*pullSubscription).Next(0xc000b325a0)
	/Users/jace/go/pkg/mod/github.com/nats-io/nats.go@v1.41.1/jetstream/pull.go:589 +0x285
github.com/Black-And-White-Club/frolf-bot-shared/eventbus.(*eventBus).Subscribe.func1()
	/Users/jace/Documents/GitHub/frolf-bot-shared/eventbus/eventbus.go:326 +0x169
created by github.com/Black-And-White-Club/frolf-bot-shared/eventbus.(*eventBus).Subscribe in goroutine 25323
	/Users/jace/Documents/GitHub/frolf-bot-shared/eventbus/eventbus.go:315 +0xbf1

goroutine 25376 [chan receive]:
github.com/ThreeDotsLabs/watermill/message.(*messageTransformSubscriberDecorator).Subscribe.func1()
	/Users/jace/go/pkg/mod/github.com/!three!dots!labs/watermill@v1.4.6/message/decorator.go:52 +0x85
created by github.com/ThreeDotsLabs/watermill/message.(*messageTransformSubscriberDecorator).Subscribe in goroutine 25323
	/Users/jace/go/pkg/mod/github.com/!three!dots!labs/watermill@v1.4.6/message/decorator.go:51 +0xc7

goroutine 25377 [chan receive]:
github.com/ThreeDotsLabs/watermill/message.(*handler).run(0xc0010f8c30, {0x1083d4720, 0xc001882e10}, {0xc000c08780, 0x6, 0x0?})
	/Users/jace/go/pkg/mod/github.com/!three!dots!labs/watermill@v1.4.6/message/router.go:645 +0x2b4
github.com/ThreeDotsLabs/watermill/message.(*Router).RunHandlers.func1()
	/Users/jace/go/pkg/mod/github.com/!three!dots!labs/watermill@v1.4.6/message/router.go:460 +0x145
created by github.com/ThreeDotsLabs/watermill/message.(*Router).RunHandlers in goroutine 25323
	/Users/jace/go/pkg/mod/github.com/!three!dots!labs/watermill@v1.4.6/message/router.go:453 +0x606

goroutine 25389 [select]:
github.com/nats-io/nats.go/jetstream.(*pullSubscription).pullMessages(0xc00061bcb0, {0xc000cf90e0, 0x59})
	/Users/jace/go/pkg/mod/github.com/nats-io/nats.go@v1.41.1/jetstream/pull.go:955 +0x91
created by github.com/nats-io/nats.go/jetstream.(*pullConsumer).Messages in goroutine 24533
	/Users/jace/go/pkg/mod/github.com/nats-io/nats.go@v1.41.1/jetstream/pull.go:534 +0x748

goroutine 25390 [select]:
github.com/nats-io/nats.go/jetstream.(*pullConsumer).Messages.func2()
	/Users/jace/go/pkg/mod/github.com/nats-io/nats.go@v1.41.1/jetstream/pull.go:538 +0x68
created by github.com/nats-io/nats.go/jetstream.(*pullConsumer).Messages in goroutine 24533
	/Users/jace/go/pkg/mod/github.com/nats-io/nats.go@v1.41.1/jetstream/pull.go:536 +0x78a

goroutine 25391 [select]:
github.com/nats-io/nats.go/jetstream.(*pullSubscription).Next(0xc00061bcb0)
	/Users/jace/go/pkg/mod/github.com/nats-io/nats.go@v1.41.1/jetstream/pull.go:589 +0x285
github.com/Black-And-White-Club/frolf-bot-shared/eventbus.(*eventBus).Subscribe.func1()
	/Users/jace/Documents/GitHub/frolf-bot-shared/eventbus/eventbus.go:326 +0x169
created by github.com/Black-And-White-Club/frolf-bot-shared/eventbus.(*eventBus).Subscribe in goroutine 24533
	/Users/jace/Documents/GitHub/frolf-bot-shared/eventbus/eventbus.go:315 +0xbf1

goroutine 26883 [select]:
github.com/nats-io/nats%2ego.(*Conn).doReconnect(0xc001694308, {0x1083c48c8, 0x108d63970}, 0x0)
	/Users/jace/go/pkg/mod/github.com/nats-io/nats.go@v1.41.1/nats.go:2907 +0x41a
created by github.com/nats-io/nats%2ego.(*Conn).processOpErr in goroutine 26650
	/Users/jace/go/pkg/mod/github.com/nats-io/nats.go@v1.41.1/nats.go:3043 +0x2f3

goroutine 26656 [select]:
github.com/nats-io/nats.go/jetstream.(*pullSubscription).pullMessages(0xc001915c20, {0xc00173b320, 0x53})
	/Users/jace/go/pkg/mod/github.com/nats-io/nats.go@v1.41.1/jetstream/pull.go:955 +0x91
created by github.com/nats-io/nats.go/jetstream.(*pullConsumer).Messages in goroutine 26544
	/Users/jace/go/pkg/mod/github.com/nats-io/nats.go@v1.41.1/jetstream/pull.go:534 +0x748

goroutine 26657 [select]:
github.com/nats-io/nats.go/jetstream.(*pullConsumer).Messages.func2()
	/Users/jace/go/pkg/mod/github.com/nats-io/nats.go@v1.41.1/jetstream/pull.go:538 +0x68
created by github.com/nats-io/nats.go/jetstream.(*pullConsumer).Messages in goroutine 26544
	/Users/jace/go/pkg/mod/github.com/nats-io/nats.go@v1.41.1/jetstream/pull.go:536 +0x78a

goroutine 26652 [sync.Cond.Wait]:
sync.runtime_notifyListWait(0xc00192e950, 0x0)
	/usr/local/Cellar/go/1.24.2/libexec/src/runtime/sema.go:597 +0x159
sync.(*Cond).Wait(0xc001b32d90?)
	/usr/local/Cellar/go/1.24.2/libexec/src/sync/cond.go:71 +0x85
github.com/nats-io/nats%2ego.(*asyncCallbacksHandler).asyncCBDispatcher(0xc0015ac620)
	/Users/jace/go/pkg/mod/github.com/nats-io/nats.go@v1.41.1/nats.go:3059 +0xdd
created by github.com/nats-io/nats%2ego.Options.Connect in goroutine 25642
	/Users/jace/go/pkg/mod/github.com/nats-io/nats.go@v1.41.1/nats.go:1635 +0x387

goroutine 26604 [select]:
github.com/nats-io/nats.go/jetstream.(*pullSubscription).pullMessages(0xc001111950, {0xc000ab4cc0, 0x55})
	/Users/jace/go/pkg/mod/github.com/nats-io/nats.go@v1.41.1/jetstream/pull.go:955 +0x91
created by github.com/nats-io/nats.go/jetstream.(*pullConsumer).Messages in goroutine 26544
	/Users/jace/go/pkg/mod/github.com/nats-io/nats.go@v1.41.1/jetstream/pull.go:534 +0x748

goroutine 26640 [sync.Cond.Wait]:
sync.runtime_notifyListWait(0xc00192ea90, 0x0)
	/usr/local/Cellar/go/1.24.2/libexec/src/runtime/sema.go:597 +0x159
sync.(*Cond).Wait(0x0?)
	/usr/local/Cellar/go/1.24.2/libexec/src/sync/cond.go:71 +0x85
github.com/nats-io/nats%2ego.(*asyncCallbacksHandler).asyncCBDispatcher(0xc0015ac6e0)
	/Users/jace/go/pkg/mod/github.com/nats-io/nats.go@v1.41.1/nats.go:3059 +0xdd
created by github.com/nats-io/nats%2ego.Options.Connect in goroutine 25642
	/Users/jace/go/pkg/mod/github.com/nats-io/nats.go@v1.41.1/nats.go:1635 +0x387

goroutine 26659 [select]:
github.com/nats-io/nats.go/jetstream.(*pullSubscription).pullMessages(0xc0018d5c20, {0xc00188d860, 0x60})
	/Users/jace/go/pkg/mod/github.com/nats-io/nats.go@v1.41.1/jetstream/pull.go:955 +0x91
created by github.com/nats-io/nats.go/jetstream.(*pullConsumer).Messages in goroutine 26544
	/Users/jace/go/pkg/mod/github.com/nats-io/nats.go@v1.41.1/jetstream/pull.go:534 +0x748

goroutine 26660 [select]:
github.com/nats-io/nats.go/jetstream.(*pullConsumer).Messages.func2()
	/Users/jace/go/pkg/mod/github.com/nats-io/nats.go@v1.41.1/jetstream/pull.go:538 +0x68
created by github.com/nats-io/nats.go/jetstream.(*pullConsumer).Messages in goroutine 26544
	/Users/jace/go/pkg/mod/github.com/nats-io/nats.go@v1.41.1/jetstream/pull.go:536 +0x78a

goroutine 26661 [select]:
github.com/nats-io/nats.go/jetstream.(*pullSubscription).Next(0xc0018d5c20)
	/Users/jace/go/pkg/mod/github.com/nats-io/nats.go@v1.41.1/jetstream/pull.go:589 +0x285
github.com/Black-And-White-Club/frolf-bot-shared/eventbus.(*eventBus).Subscribe.func1()
	/Users/jace/Documents/GitHub/frolf-bot-shared/eventbus/eventbus.go:326 +0x169
created by github.com/Black-And-White-Club/frolf-bot-shared/eventbus.(*eventBus).Subscribe in goroutine 26544
	/Users/jace/Documents/GitHub/frolf-bot-shared/eventbus/eventbus.go:315 +0xbf1

goroutine 26662 [chan receive]:
github.com/ThreeDotsLabs/watermill/message.(*messageTransformSubscriberDecorator).Subscribe.func1()
	/Users/jace/go/pkg/mod/github.com/!three!dots!labs/watermill@v1.4.6/message/decorator.go:52 +0x85
created by github.com/ThreeDotsLabs/watermill/message.(*messageTransformSubscriberDecorator).Subscribe in goroutine 26544
	/Users/jace/go/pkg/mod/github.com/!three!dots!labs/watermill@v1.4.6/message/decorator.go:51 +0xc7

goroutine 26663 [chan receive]:
github.com/ThreeDotsLabs/watermill/message.(*handler).run(0xc00182a9c0, {0x1083d4720, 0xc00183e5f0}, {0xc0019426c0, 0x6, 0x6462383162393134?})
	/Users/jace/go/pkg/mod/github.com/!three!dots!labs/watermill@v1.4.6/message/router.go:645 +0x2b4
github.com/ThreeDotsLabs/watermill/message.(*Router).RunHandlers.func1()
	/Users/jace/go/pkg/mod/github.com/!three!dots!labs/watermill@v1.4.6/message/router.go:460 +0x145
created by github.com/ThreeDotsLabs/watermill/message.(*Router).RunHandlers in goroutine 26544
	/Users/jace/go/pkg/mod/github.com/!three!dots!labs/watermill@v1.4.6/message/router.go:453 +0x606

goroutine 26686 [select]:
github.com/nats-io/nats.go/jetstream.(*pullSubscription).pullMessages(0xc00184a750, {0xc00184c380, 0x61})
	/Users/jace/go/pkg/mod/github.com/nats-io/nats.go@v1.41.1/jetstream/pull.go:955 +0x91
created by github.com/nats-io/nats.go/jetstream.(*pullConsumer).Messages in goroutine 26544
	/Users/jace/go/pkg/mod/github.com/nats-io/nats.go@v1.41.1/jetstream/pull.go:534 +0x748

goroutine 26687 [select]:
github.com/nats-io/nats.go/jetstream.(*pullConsumer).Messages.func2()
	/Users/jace/go/pkg/mod/github.com/nats-io/nats.go@v1.41.1/jetstream/pull.go:538 +0x68
created by github.com/nats-io/nats.go/jetstream.(*pullConsumer).Messages in goroutine 26544
	/Users/jace/go/pkg/mod/github.com/nats-io/nats.go@v1.41.1/jetstream/pull.go:536 +0x78a

goroutine 26688 [select]:
github.com/nats-io/nats.go/jetstream.(*pullSubscription).Next(0xc00184a750)
	/Users/jace/go/pkg/mod/github.com/nats-io/nats.go@v1.41.1/jetstream/pull.go:589 +0x285
github.com/Black-And-White-Club/frolf-bot-shared/eventbus.(*eventBus).Subscribe.func1()
	/Users/jace/Documents/GitHub/frolf-bot-shared/eventbus/eventbus.go:326 +0x169
created by github.com/Black-And-White-Club/frolf-bot-shared/eventbus.(*eventBus).Subscribe in goroutine 26544
	/Users/jace/Documents/GitHub/frolf-bot-shared/eventbus/eventbus.go:315 +0xbf1

goroutine 26689 [chan receive]:
github.com/ThreeDotsLabs/watermill/message.(*messageTransformSubscriberDecorator).Subscribe.func1()
	/Users/jace/go/pkg/mod/github.com/!three!dots!labs/watermill@v1.4.6/message/decorator.go:52 +0x85
created by github.com/ThreeDotsLabs/watermill/message.(*messageTransformSubscriberDecorator).Subscribe in goroutine 26544
	/Users/jace/go/pkg/mod/github.com/!three!dots!labs/watermill@v1.4.6/message/decorator.go:51 +0xc7

goroutine 26690 [chan receive]:
github.com/ThreeDotsLabs/watermill/message.(*handler).run(0xc00182ab60, {0x1083d4720, 0xc00183e7d0}, {0xc0018c5bc0, 0x6, 0x0?})
	/Users/jace/go/pkg/mod/github.com/!three!dots!labs/watermill@v1.4.6/message/router.go:645 +0x2b4
github.com/ThreeDotsLabs/watermill/message.(*Router).RunHandlers.func1()
	/Users/jace/go/pkg/mod/github.com/!three!dots!labs/watermill@v1.4.6/message/router.go:460 +0x145
created by github.com/ThreeDotsLabs/watermill/message.(*Router).RunHandlers in goroutine 26544
	/Users/jace/go/pkg/mod/github.com/!three!dots!labs/watermill@v1.4.6/message/router.go:453 +0x606

goroutine 26692 [select]:
github.com/nats-io/nats.go/jetstream.(*pullSubscription).pullMessages(0xc00184abd0, {0xc00184c7e0, 0x63})
	/Users/jace/go/pkg/mod/github.com/nats-io/nats.go@v1.41.1/jetstream/pull.go:955 +0x91
created by github.com/nats-io/nats.go/jetstream.(*pullConsumer).Messages in goroutine 26544
	/Users/jace/go/pkg/mod/github.com/nats-io/nats.go@v1.41.1/jetstream/pull.go:534 +0x748

goroutine 26693 [select]:
github.com/nats-io/nats.go/jetstream.(*pullConsumer).Messages.func2()
	/Users/jace/go/pkg/mod/github.com/nats-io/nats.go@v1.41.1/jetstream/pull.go:538 +0x68
created by github.com/nats-io/nats.go/jetstream.(*pullConsumer).Messages in goroutine 26544
	/Users/jace/go/pkg/mod/github.com/nats-io/nats.go@v1.41.1/jetstream/pull.go:536 +0x78a

goroutine 26694 [select]:
github.com/nats-io/nats.go/jetstream.(*pullSubscription).Next(0xc00184abd0)
	/Users/jace/go/pkg/mod/github.com/nats-io/nats.go@v1.41.1/jetstream/pull.go:589 +0x285
github.com/Black-And-White-Club/frolf-bot-shared/eventbus.(*eventBus).Subscribe.func1()
	/Users/jace/Documents/GitHub/frolf-bot-shared/eventbus/eventbus.go:326 +0x169
created by github.com/Black-And-White-Club/frolf-bot-shared/eventbus.(*eventBus).Subscribe in goroutine 26544
	/Users/jace/Documents/GitHub/frolf-bot-shared/eventbus/eventbus.go:315 +0xbf1

goroutine 26695 [chan receive]:
github.com/ThreeDotsLabs/watermill/message.(*messageTransformSubscriberDecorator).Subscribe.func1()
	/Users/jace/go/pkg/mod/github.com/!three!dots!labs/watermill@v1.4.6/message/decorator.go:52 +0x85
created by github.com/ThreeDotsLabs/watermill/message.(*messageTransformSubscriberDecorator).Subscribe in goroutine 26544
	/Users/jace/go/pkg/mod/github.com/!three!dots!labs/watermill@v1.4.6/message/decorator.go:51 +0xc7

goroutine 26696 [chan receive]:
github.com/ThreeDotsLabs/watermill/message.(*handler).run(0xc00182a4e0, {0x1083d4720, 0xc00183e960}, {0xc00181c780, 0x6, 0x0?})
	/Users/jace/go/pkg/mod/github.com/!three!dots!labs/watermill@v1.4.6/message/router.go:645 +0x2b4
github.com/ThreeDotsLabs/watermill/message.(*Router).RunHandlers.func1()
	/Users/jace/go/pkg/mod/github.com/!three!dots!labs/watermill@v1.4.6/message/router.go:460 +0x145
created by github.com/ThreeDotsLabs/watermill/message.(*Router).RunHandlers in goroutine 26544
	/Users/jace/go/pkg/mod/github.com/!three!dots!labs/watermill@v1.4.6/message/router.go:453 +0x606

goroutine 26666 [select]:
github.com/nats-io/nats.go/jetstream.(*pullSubscription).pullMessages(0xc001a50240, {0xc00188d9e0, 0x5b})
	/Users/jace/go/pkg/mod/github.com/nats-io/nats.go@v1.41.1/jetstream/pull.go:955 +0x91
created by github.com/nats-io/nats.go/jetstream.(*pullConsumer).Messages in goroutine 26544
	/Users/jace/go/pkg/mod/github.com/nats-io/nats.go@v1.41.1/jetstream/pull.go:534 +0x748

goroutine 26667 [select]:
github.com/nats-io/nats.go/jetstream.(*pullConsumer).Messages.func2()
	/Users/jace/go/pkg/mod/github.com/nats-io/nats.go@v1.41.1/jetstream/pull.go:538 +0x68
created by github.com/nats-io/nats.go/jetstream.(*pullConsumer).Messages in goroutine 26544
	/Users/jace/go/pkg/mod/github.com/nats-io/nats.go@v1.41.1/jetstream/pull.go:536 +0x78a

goroutine 26668 [select]:
github.com/nats-io/nats.go/jetstream.(*pullSubscription).Next(0xc001a50240)
	/Users/jace/go/pkg/mod/github.com/nats-io/nats.go@v1.41.1/jetstream/pull.go:589 +0x285
github.com/Black-And-White-Club/frolf-bot-shared/eventbus.(*eventBus).Subscribe.func1()
	/Users/jace/Documents/GitHub/frolf-bot-shared/eventbus/eventbus.go:326 +0x169
created by github.com/Black-And-White-Club/frolf-bot-shared/eventbus.(*eventBus).Subscribe in goroutine 26544
	/Users/jace/Documents/GitHub/frolf-bot-shared/eventbus/eventbus.go:315 +0xbf1

goroutine 26669 [chan receive]:
github.com/ThreeDotsLabs/watermill/message.(*messageTransformSubscriberDecorator).Subscribe.func1()
	/Users/jace/go/pkg/mod/github.com/!three!dots!labs/watermill@v1.4.6/message/decorator.go:52 +0x85
created by github.com/ThreeDotsLabs/watermill/message.(*messageTransformSubscriberDecorator).Subscribe in goroutine 26544
	/Users/jace/go/pkg/mod/github.com/!three!dots!labs/watermill@v1.4.6/message/decorator.go:51 +0xc7

goroutine 26670 [chan receive]:
github.com/ThreeDotsLabs/watermill/message.(*handler).run(0xc00182a750, {0x1083d4720, 0xc0019542d0}, {0xc0018c5d40, 0x6, 0x0?})
	/Users/jace/go/pkg/mod/github.com/!three!dots!labs/watermill@v1.4.6/message/router.go:645 +0x2b4
github.com/ThreeDotsLabs/watermill/message.(*Router).RunHandlers.func1()
	/Users/jace/go/pkg/mod/github.com/!three!dots!labs/watermill@v1.4.6/message/router.go:460 +0x145
created by github.com/ThreeDotsLabs/watermill/message.(*Router).RunHandlers in goroutine 26544
	/Users/jace/go/pkg/mod/github.com/!three!dots!labs/watermill@v1.4.6/message/router.go:453 +0x606

goroutine 26759 [sync.Cond.Wait]:
sync.runtime_notifyListWait(0xc0012ee290, 0x2)
	/usr/local/Cellar/go/1.24.2/libexec/src/runtime/sema.go:597 +0x159
sync.(*Cond).Wait(0xc0014f9800?)
	/usr/local/Cellar/go/1.24.2/libexec/src/sync/cond.go:71 +0x85
github.com/nats-io/nats%2ego.(*Conn).waitForMsgs(0xc001694a08, 0xc0012ae0f0)
	/Users/jace/go/pkg/mod/github.com/nats-io/nats.go@v1.41.1/nats.go:3178 +0xc5
created by github.com/nats-io/nats%2ego.(*Conn).subscribeLocked in goroutine 25642
	/Users/jace/go/pkg/mod/github.com/nats-io/nats.go@v1.41.1/nats.go:4468 +0x419

goroutine 26797 [sync.WaitGroup.Wait]:
sync.runtime_SemacquireWaitGroup(0xc001570718?)
	/usr/local/Cellar/go/1.24.2/libexec/src/runtime/sema.go:110 +0x25
sync.(*WaitGroup).Wait(0xc0015707d0?)
	/usr/local/Cellar/go/1.24.2/libexec/src/sync/waitgroup.go:118 +0x48
github.com/ThreeDotsLabs/watermill/message.(*Router).waitForHandlers.func1()
	/Users/jace/go/pkg/mod/github.com/!three!dots!labs/watermill@v1.4.6/message/router.go:579 +0x4b
created by github.com/ThreeDotsLabs/watermill/message.(*Router).waitForHandlers in goroutine 25642
	/Users/jace/go/pkg/mod/github.com/!three!dots!labs/watermill@v1.4.6/message/router.go:577 +0x87

goroutine 26799 [sync.WaitGroup.Wait]:
sync.runtime_SemacquireWaitGroup(0xc001576fd0?)
	/usr/local/Cellar/go/1.24.2/libexec/src/runtime/sema.go:110 +0x25
sync.(*WaitGroup).Wait(0x10726d452?)
	/usr/local/Cellar/go/1.24.2/libexec/src/sync/waitgroup.go:118 +0x48
github.com/ThreeDotsLabs/watermill/pubsub/sync.WaitGroupTimeout.func1()
	/Users/jace/go/pkg/mod/github.com/!three!dots!labs/watermill@v1.4.6/pubsub/sync/waitgroup.go:13 +0x25
created by github.com/ThreeDotsLabs/watermill/pubsub/sync.WaitGroupTimeout in goroutine 25642
	/Users/jace/go/pkg/mod/github.com/!three!dots!labs/watermill@v1.4.6/pubsub/sync/waitgroup.go:12 +0x85
FAIL	github.com/Black-And-White-Club/frolf-bot/integration_tests/modules/leaderboard/handler_tests	301.951s
=== RUN   TestValidateRoundDeleteRequest
=== RUN   TestValidateRoundDeleteRequest/Successful_validation_of_delete_request
2025/05/30 09:04:50 Starting PostgreSQL container with resource limits...
2025/05/30 09:04:50 github.com/testcontainers/testcontainers-go - Connected to docker: 
  Server Version: 28.1.1
  API Version: 1.48
  Operating System: Ubuntu 24.04.1 LTS
  Total Memory: 5923 MB
  Testcontainers for Go Version: v0.37.0
  Resolved Docker Host: unix:///Users/jace/.colima/default/docker.sock
  Resolved Docker Socket Path: /var/run/docker.sock
  Test SessionID: c0f63d1f00c2fccb51afb8b814510550fc1c2073fca77f6d187de417aa37f283
  Test ProcessID: cabe59f1-3f8e-4a8a-933b-62bfac6b8249
2025/05/30 09:04:50 🐳 Creating container for image postgres:16-alpine
2025/05/30 09:04:50 ⏳ Waiting for Reaper "0fe5cb7f" to be ready
2025/05/30 09:04:50 🔥 Reaper obtained from Docker for this test session 0fe5cb7f
2025/05/30 09:04:50 ✅ Container created: eef4e20f6701
2025/05/30 09:04:50 🐳 Starting container: eef4e20f6701
2025/05/30 09:04:51 ✅ Container started: eef4e20f6701
2025/05/30 09:04:51 ⏳ Waiting for container id eef4e20f6701 image: postgres:16-alpine. Waiting for: &{timeout:<nil> deadline:0xc0003ccfe0 Strategies:[0xc000472db0]}
2025/05/30 09:04:56 🔔 Container is ready: eef4e20f6701
2025/05/30 09:04:56 PostgreSQL container started with resource limits and init script. URL: postgres://testuser:testpass@localhost:33888/testdb?sslmode=disable
2025/05/30 09:04:56 Starting NATS container with resource limits...
2025/05/30 09:04:56 🐳 Creating container for image nats:2.10-alpine
2025/05/30 09:04:56 ✅ Container created: 26b2215dec95
2025/05/30 09:04:56 🐳 Starting container: 26b2215dec95
2025/05/30 09:04:57 ✅ Container started: 26b2215dec95
2025/05/30 09:04:57 ⏳ Waiting for container id 26b2215dec95 image: nats:2.10-alpine. Waiting for: &{timeout:<nil> deadline:0xc00047bdf8 Strategies:[0xc0005dac60 0xc000523110]}
2025/05/30 09:05:00 🔔 Container is ready: 26b2215dec95
2025/05/30 09:05:00 NATS container started with resource limits. URL: nats://localhost:33898
Creating user table...
User table created successfully!
2025/05/30 09:05:00 Ran user migrations group #1
Creating round table...
Round table created successfully!
2025/05/30 09:05:00 Ran round migrations group #2
Creating score table...
Score table created successfully!
2025/05/30 09:05:00 Ran score migrations group #3
Creating leaderboard table...
Leaderboard table created successfully!
2025/05/30 09:05:00 Ran leaderboard migrations group #4
2025/05/30 09:05:00 All migrations ran successfully
2025/05/30 09:05:00 newDBServiceWithDB - Registering models
2025/05/30 09:05:00 newDBServiceWithDB - Models registered successfully
2025/05/30 09:05:00 newDBServiceWithDB - DBService initialized: &{UserDB:0xc00007c2a8 RoundDB:0xc00007c2b8 ScoreDB:0xc00007c300 LeaderboardDB:0xc00007c308 db:0xc00011d1c0}
2025/05/30 09:05:00 Truncating tables: rounds
2025/05/30 09:05:00 Truncating tables: rounds
2025/05/30 09:05:00 Cleaning up test environment...
2025/05/30 09:05:00 Context cancelled.
2025/05/30 09:05:00 EventBus closed.
2025/05/30 09:05:00 NATS connection closed.
2025/05/30 09:05:00 DB connection closed.
2025/05/30 09:05:00 🐳 Stopping container: 26b2215dec95
2025/05/30 09:05:01 ✅ Container stopped: 26b2215dec95
2025/05/30 09:05:01 🐳 Terminating container: 26b2215dec95
2025/05/30 09:05:01 🚫 Container terminated: 26b2215dec95
2025/05/30 09:05:01 NATS container terminated.
2025/05/30 09:05:01 🐳 Stopping container: eef4e20f6701
2025/05/30 09:05:01 ✅ Container stopped: eef4e20f6701
2025/05/30 09:05:01 🐳 Terminating container: eef4e20f6701
2025/05/30 09:05:01 🚫 Container terminated: eef4e20f6701
2025/05/30 09:05:01 PostgreSQL container terminated.
2025/05/30 09:05:01 Cleanup complete.
=== RUN   TestValidateRoundDeleteRequest/Validation_fails_with_zero_RoundID
2025/05/30 09:05:01 Starting PostgreSQL container with resource limits...
2025/05/30 09:05:01 🐳 Creating container for image postgres:16-alpine
2025/05/30 09:05:01 ✅ Container created: 33307a59bfd3
2025/05/30 09:05:01 🐳 Starting container: 33307a59bfd3
2025/05/30 09:05:02 ✅ Container started: 33307a59bfd3
2025/05/30 09:05:02 ⏳ Waiting for container id 33307a59bfd3 image: postgres:16-alpine. Waiting for: &{timeout:<nil> deadline:0xc000354b70 Strategies:[0xc000311a10]}
2025/05/30 09:05:08 🔔 Container is ready: 33307a59bfd3
2025/05/30 09:05:08 PostgreSQL container started with resource limits and init script. URL: postgres://testuser:testpass@localhost:33921/testdb?sslmode=disable
2025/05/30 09:05:08 Starting NATS container with resource limits...
2025/05/30 09:05:08 🐳 Creating container for image nats:2.10-alpine
2025/05/30 09:05:08 ✅ Container created: 8936ef56ff8b
2025/05/30 09:05:08 🐳 Starting container: 8936ef56ff8b
2025/05/30 09:05:08 ✅ Container started: 8936ef56ff8b
2025/05/30 09:05:08 ⏳ Waiting for container id 8936ef56ff8b image: nats:2.10-alpine. Waiting for: &{timeout:<nil> deadline:0xc00092c818 Strategies:[0xc00092e420 0xc0009830e0]}
2025/05/30 09:05:12 🔔 Container is ready: 8936ef56ff8b
2025/05/30 09:05:12 NATS container started with resource limits. URL: nats://localhost:33932
Creating user table...
User table created successfully!
2025/05/30 09:05:13 Ran user migrations group #1
Creating round table...
Round table created successfully!
2025/05/30 09:05:13 Ran round migrations group #2
Creating score table...
Score table created successfully!
2025/05/30 09:05:13 Ran score migrations group #3
Creating leaderboard table...
Leaderboard table created successfully!
2025/05/30 09:05:13 Ran leaderboard migrations group #4
2025/05/30 09:05:13 All migrations ran successfully
2025/05/30 09:05:13 newDBServiceWithDB - Registering models
2025/05/30 09:05:13 newDBServiceWithDB - Models registered successfully
2025/05/30 09:05:13 newDBServiceWithDB - DBService initialized: &{UserDB:0xc0005241b0 RoundDB:0xc0005241b8 ScoreDB:0xc0005241c0 LeaderboardDB:0xc0005241c8 db:0xc0002bbb00}
2025/05/30 09:05:13 Truncating tables: rounds
2025/05/30 09:05:13 Truncating tables: rounds
2025/05/30 09:05:13 Cleaning up test environment...
2025/05/30 09:05:13 Context cancelled.
2025/05/30 09:05:13 EventBus closed.
2025/05/30 09:05:13 NATS connection closed.
2025/05/30 09:05:13 DB connection closed.
2025/05/30 09:05:13 🐳 Stopping container: 8936ef56ff8b
2025/05/30 09:05:14 ✅ Container stopped: 8936ef56ff8b
2025/05/30 09:05:14 🐳 Terminating container: 8936ef56ff8b
2025/05/30 09:05:14 🚫 Container terminated: 8936ef56ff8b
2025/05/30 09:05:14 NATS container terminated.
2025/05/30 09:05:14 🐳 Stopping container: 33307a59bfd3
2025/05/30 09:05:14 ✅ Container stopped: 33307a59bfd3
2025/05/30 09:05:14 🐳 Terminating container: 33307a59bfd3
2025/05/30 09:05:14 🚫 Container terminated: 33307a59bfd3
2025/05/30 09:05:14 PostgreSQL container terminated.
2025/05/30 09:05:14 Cleanup complete.
=== RUN   TestValidateRoundDeleteRequest/Validation_fails_with_empty_RequestingUserUserID
2025/05/30 09:05:14 Starting PostgreSQL container with resource limits...
2025/05/30 09:05:14 🐳 Creating container for image postgres:16-alpine
2025/05/30 09:05:14 ✅ Container created: 6c46a41bf9a1
2025/05/30 09:05:14 🐳 Starting container: 6c46a41bf9a1
2025/05/30 09:05:15 ✅ Container started: 6c46a41bf9a1
2025/05/30 09:05:15 ⏳ Waiting for container id 6c46a41bf9a1 image: postgres:16-alpine. Waiting for: &{timeout:<nil> deadline:0xc0005fb328 Strategies:[0xc0008015f0]}
2025/05/30 09:05:19 🔔 Container is ready: 6c46a41bf9a1
2025/05/30 09:05:19 PostgreSQL container started with resource limits and init script. URL: postgres://testuser:testpass@localhost:33959/testdb?sslmode=disable
2025/05/30 09:05:19 Starting NATS container with resource limits...
2025/05/30 09:05:19 🐳 Creating container for image nats:2.10-alpine
2025/05/30 09:05:19 ✅ Container created: af142c3dba17
2025/05/30 09:05:19 🐳 Starting container: af142c3dba17
2025/05/30 09:05:20 ✅ Container started: af142c3dba17
2025/05/30 09:05:20 ⏳ Waiting for container id af142c3dba17 image: nats:2.10-alpine. Waiting for: &{timeout:<nil> deadline:0xc0003cd028 Strategies:[0xc0000b75c0 0xc000983d10]}
2025/05/30 09:05:21 🔔 Container is ready: af142c3dba17
2025/05/30 09:05:21 NATS container started with resource limits. URL: nats://localhost:33965
Creating user table...
User table created successfully!
2025/05/30 09:05:21 Ran user migrations group #1
Creating round table...
Round table created successfully!
2025/05/30 09:05:21 Ran round migrations group #2
Creating score table...
Score table created successfully!
2025/05/30 09:05:21 Ran score migrations group #3
Creating leaderboard table...
Leaderboard table created successfully!
2025/05/30 09:05:21 Ran leaderboard migrations group #4
2025/05/30 09:05:21 All migrations ran successfully
2025/05/30 09:05:21 newDBServiceWithDB - Registering models
2025/05/30 09:05:21 newDBServiceWithDB - Models registered successfully
2025/05/30 09:05:21 newDBServiceWithDB - DBService initialized: &{UserDB:0xc000524118 RoundDB:0xc000524120 ScoreDB:0xc000524128 LeaderboardDB:0xc000524130 db:0xc000691280}
2025/05/30 09:05:21 Truncating tables: rounds
2025/05/30 09:05:21 Truncating tables: rounds
2025/05/30 09:05:21 Cleaning up test environment...
2025/05/30 09:05:21 Context cancelled.
2025/05/30 09:05:21 EventBus closed.
2025/05/30 09:05:21 NATS connection closed.
2025/05/30 09:05:21 DB connection closed.
2025/05/30 09:05:21 🐳 Stopping container: af142c3dba17
2025/05/30 09:05:22 ✅ Container stopped: af142c3dba17
2025/05/30 09:05:22 🐳 Terminating container: af142c3dba17
2025/05/30 09:05:22 🚫 Container terminated: af142c3dba17
2025/05/30 09:05:22 NATS container terminated.
2025/05/30 09:05:22 🐳 Stopping container: 6c46a41bf9a1
2025/05/30 09:05:22 ✅ Container stopped: 6c46a41bf9a1
2025/05/30 09:05:22 🐳 Terminating container: 6c46a41bf9a1
2025/05/30 09:05:22 🚫 Container terminated: 6c46a41bf9a1
2025/05/30 09:05:22 PostgreSQL container terminated.
2025/05/30 09:05:22 Cleanup complete.
=== RUN   TestValidateRoundDeleteRequest/Validation_fails_when_round_does_not_exist
2025/05/30 09:05:22 Starting PostgreSQL container with resource limits...
2025/05/30 09:05:22 🐳 Creating container for image postgres:16-alpine
2025/05/30 09:05:23 ✅ Container created: 737da586ddf5
2025/05/30 09:05:23 🐳 Starting container: 737da586ddf5
2025/05/30 09:05:23 ✅ Container started: 737da586ddf5
2025/05/30 09:05:23 ⏳ Waiting for container id 737da586ddf5 image: postgres:16-alpine. Waiting for: &{timeout:<nil> deadline:0xc000823cc8 Strategies:[0xc0004730e0]}
2025/05/30 09:05:25 🔔 Container is ready: 737da586ddf5
2025/05/30 09:05:25 PostgreSQL container started with resource limits and init script. URL: postgres://testuser:testpass@localhost:33981/testdb?sslmode=disable
2025/05/30 09:05:25 Starting NATS container with resource limits...
2025/05/30 09:05:25 🐳 Creating container for image nats:2.10-alpine
2025/05/30 09:05:26 ✅ Container created: cf583eb616f3
2025/05/30 09:05:26 🐳 Starting container: cf583eb616f3
2025/05/30 09:05:26 ✅ Container started: cf583eb616f3
2025/05/30 09:05:26 ⏳ Waiting for container id cf583eb616f3 image: nats:2.10-alpine. Waiting for: &{timeout:<nil> deadline:0xc00051acd8 Strategies:[0xc0005db8c0 0xc0005b6ba0]}
2025/05/30 09:05:27 🔔 Container is ready: cf583eb616f3
2025/05/30 09:05:27 NATS container started with resource limits. URL: nats://localhost:33988
Creating user table...
User table created successfully!
2025/05/30 09:05:27 Ran user migrations group #1
Creating round table...
Round table created successfully!
2025/05/30 09:05:27 Ran round migrations group #2
Creating score table...
Score table created successfully!
2025/05/30 09:05:27 Ran score migrations group #3
Creating leaderboard table...
Leaderboard table created successfully!
2025/05/30 09:05:27 Ran leaderboard migrations group #4
2025/05/30 09:05:27 All migrations ran successfully
2025/05/30 09:05:27 newDBServiceWithDB - Registering models
2025/05/30 09:05:27 newDBServiceWithDB - Models registered successfully
2025/05/30 09:05:27 newDBServiceWithDB - DBService initialized: &{UserDB:0xc000446180 RoundDB:0xc000446188 ScoreDB:0xc0004461a0 LeaderboardDB:0xc0004461a8 db:0xc0002bb540}
2025/05/30 09:05:27 Truncating tables: rounds
2025/05/30 09:05:27 Truncating tables: rounds
2025/05/30 09:05:27 Cleaning up test environment...
2025/05/30 09:05:27 Context cancelled.
2025/05/30 09:05:27 EventBus closed.
2025/05/30 09:05:27 NATS connection closed.
2025/05/30 09:05:27 DB connection closed.
2025/05/30 09:05:27 🐳 Stopping container: cf583eb616f3
2025/05/30 09:05:28 ✅ Container stopped: cf583eb616f3
2025/05/30 09:05:28 🐳 Terminating container: cf583eb616f3
2025/05/30 09:05:28 🚫 Container terminated: cf583eb616f3
2025/05/30 09:05:28 NATS container terminated.
2025/05/30 09:05:28 🐳 Stopping container: 737da586ddf5
2025/05/30 09:05:28 ✅ Container stopped: 737da586ddf5
2025/05/30 09:05:28 🐳 Terminating container: 737da586ddf5
2025/05/30 09:05:28 🚫 Container terminated: 737da586ddf5
2025/05/30 09:05:28 PostgreSQL container terminated.
2025/05/30 09:05:28 Cleanup complete.
=== RUN   TestValidateRoundDeleteRequest/Validation_fails_when_user_is_not_the_creator
2025/05/30 09:05:28 Starting PostgreSQL container with resource limits...
2025/05/30 09:05:28 🐳 Creating container for image postgres:16-alpine
2025/05/30 09:05:29 ✅ Container created: 7ba0c6307948
2025/05/30 09:05:29 🐳 Starting container: 7ba0c6307948
2025/05/30 09:05:30 ✅ Container started: 7ba0c6307948
2025/05/30 09:05:30 ⏳ Waiting for container id 7ba0c6307948 image: postgres:16-alpine. Waiting for: &{timeout:<nil> deadline:0xc0005fa7b8 Strategies:[0xc0005ffad0]}
2025/05/30 09:05:34 🔔 Container is ready: 7ba0c6307948
2025/05/30 09:05:34 PostgreSQL container started with resource limits and init script. URL: postgres://testuser:testpass@localhost:33995/testdb?sslmode=disable
2025/05/30 09:05:34 Starting NATS container with resource limits...
2025/05/30 09:05:34 🐳 Creating container for image nats:2.10-alpine
2025/05/30 09:05:34 ✅ Container created: 28e0dd7a429c
2025/05/30 09:05:34 🐳 Starting container: 28e0dd7a429c
2025/05/30 09:05:35 ✅ Container started: 28e0dd7a429c
2025/05/30 09:05:35 ⏳ Waiting for container id 28e0dd7a429c image: nats:2.10-alpine. Waiting for: &{timeout:<nil> deadline:0xc0003cc208 Strategies:[0xc00066bc20 0xc00089b320]}
2025/05/30 09:05:35 🔔 Container is ready: 28e0dd7a429c
2025/05/30 09:05:35 NATS container started with resource limits. URL: nats://localhost:34014
Creating user table...
User table created successfully!
2025/05/30 09:05:35 Ran user migrations group #1
Creating round table...
Round table created successfully!
2025/05/30 09:05:35 Ran round migrations group #2
Creating score table...
Score table created successfully!
2025/05/30 09:05:35 Ran score migrations group #3
Creating leaderboard table...
Leaderboard table created successfully!
2025/05/30 09:05:35 Ran leaderboard migrations group #4
2025/05/30 09:05:35 All migrations ran successfully
2025/05/30 09:05:35 newDBServiceWithDB - Registering models
2025/05/30 09:05:35 newDBServiceWithDB - Models registered successfully
2025/05/30 09:05:35 newDBServiceWithDB - DBService initialized: &{UserDB:0xc0004461b0 RoundDB:0xc0004461c8 ScoreDB:0xc0004461d8 LeaderboardDB:0xc0004461e0 db:0xc00091ef80}
2025/05/30 09:05:35 Truncating tables: rounds
2025/05/30 09:05:35 Truncating tables: rounds
2025/05/30 09:05:35 Cleaning up test environment...
2025/05/30 09:05:35 Context cancelled.
2025/05/30 09:05:35 EventBus closed.
2025/05/30 09:05:35 NATS connection closed.
2025/05/30 09:05:35 DB connection closed.
2025/05/30 09:05:35 🐳 Stopping container: 28e0dd7a429c
2025/05/30 09:05:36 ✅ Container stopped: 28e0dd7a429c
2025/05/30 09:05:36 🐳 Terminating container: 28e0dd7a429c
2025/05/30 09:05:36 🚫 Container terminated: 28e0dd7a429c
2025/05/30 09:05:36 NATS container terminated.
2025/05/30 09:05:36 🐳 Stopping container: 7ba0c6307948
2025/05/30 09:05:36 ✅ Container stopped: 7ba0c6307948
2025/05/30 09:05:36 🐳 Terminating container: 7ba0c6307948
2025/05/30 09:05:37 🚫 Container terminated: 7ba0c6307948
2025/05/30 09:05:37 PostgreSQL container terminated.
2025/05/30 09:05:37 Cleanup complete.
--- PASS: TestValidateRoundDeleteRequest (46.84s)
    --- PASS: TestValidateRoundDeleteRequest/Successful_validation_of_delete_request (11.62s)
    --- PASS: TestValidateRoundDeleteRequest/Validation_fails_with_zero_RoundID (12.70s)
    --- PASS: TestValidateRoundDeleteRequest/Validation_fails_with_empty_RequestingUserUserID (8.34s)
    --- PASS: TestValidateRoundDeleteRequest/Validation_fails_when_round_does_not_exist (5.97s)
    --- PASS: TestValidateRoundDeleteRequest/Validation_fails_when_user_is_not_the_creator (8.20s)
=== RUN   TestDeleteRound
=== RUN   TestDeleteRound/Successful_deletion_of_an_existing_round
2025/05/30 09:05:37 Starting PostgreSQL container with resource limits...
2025/05/30 09:05:37 🐳 Creating container for image postgres:16-alpine
2025/05/30 09:05:37 ✅ Container created: 22f10d64d201
2025/05/30 09:05:37 🐳 Starting container: 22f10d64d201
2025/05/30 09:05:37 ✅ Container started: 22f10d64d201
2025/05/30 09:05:37 ⏳ Waiting for container id 22f10d64d201 image: postgres:16-alpine. Waiting for: &{timeout:<nil> deadline:0xc0005fa2c0 Strategies:[0xc00068a030]}
2025/05/30 09:05:41 🔔 Container is ready: 22f10d64d201
2025/05/30 09:05:41 PostgreSQL container started with resource limits and init script. URL: postgres://testuser:testpass@localhost:34020/testdb?sslmode=disable
2025/05/30 09:05:41 Starting NATS container with resource limits...
2025/05/30 09:05:41 🐳 Creating container for image nats:2.10-alpine
2025/05/30 09:05:42 ✅ Container created: 612737e71728
2025/05/30 09:05:42 🐳 Starting container: 612737e71728
2025/05/30 09:05:42 ✅ Container started: 612737e71728
2025/05/30 09:05:42 ⏳ Waiting for container id 612737e71728 image: nats:2.10-alpine. Waiting for: &{timeout:<nil> deadline:0xc0008e8328 Strategies:[0xc00048b2c0 0xc0008d6c00]}
2025/05/30 09:05:45 🔔 Container is ready: 612737e71728
2025/05/30 09:05:45 NATS container started with resource limits. URL: nats://localhost:34027
Creating user table...
User table created successfully!
2025/05/30 09:05:45 Ran user migrations group #1
Creating round table...
Round table created successfully!
2025/05/30 09:05:45 Ran round migrations group #2
Creating score table...
Score table created successfully!
2025/05/30 09:05:45 Ran score migrations group #3
Creating leaderboard table...
Leaderboard table created successfully!
2025/05/30 09:05:45 Ran leaderboard migrations group #4
2025/05/30 09:05:45 All migrations ran successfully
2025/05/30 09:05:45 newDBServiceWithDB - Registering models
2025/05/30 09:05:45 newDBServiceWithDB - Models registered successfully
2025/05/30 09:05:45 newDBServiceWithDB - DBService initialized: &{UserDB:0xc0008b0428 RoundDB:0xc0008b0430 ScoreDB:0xc0008b0438 LeaderboardDB:0xc0008b0440 db:0xc0003899c0}
2025/05/30 09:05:45 Truncating tables: rounds
2025/05/30 09:05:45 Truncating tables: rounds
2025/05/30 09:05:45 INFO round deleted from DB
2025/05/30 09:05:45 Cleaning up test environment...
2025/05/30 09:05:45 Context cancelled.
2025/05/30 09:05:45 EventBus closed.
2025/05/30 09:05:45 NATS connection closed.
2025/05/30 09:05:45 DB connection closed.
2025/05/30 09:05:45 🐳 Stopping container: 612737e71728
2025/05/30 09:05:46 ✅ Container stopped: 612737e71728
2025/05/30 09:05:46 🐳 Terminating container: 612737e71728
2025/05/30 09:05:46 🚫 Container terminated: 612737e71728
2025/05/30 09:05:46 NATS container terminated.
2025/05/30 09:05:46 🐳 Stopping container: 22f10d64d201
2025/05/30 09:05:46 ✅ Container stopped: 22f10d64d201
2025/05/30 09:05:46 🐳 Terminating container: 22f10d64d201
2025/05/30 09:05:46 🚫 Container terminated: 22f10d64d201
2025/05/30 09:05:46 PostgreSQL container terminated.
2025/05/30 09:05:46 Cleanup complete.
=== RUN   TestDeleteRound/Attempt_to_delete_a_non-existent_round
2025/05/30 09:05:46 Starting PostgreSQL container with resource limits...
2025/05/30 09:05:46 🐳 Creating container for image postgres:16-alpine
2025/05/30 09:05:46 ✅ Container created: d477de015a23
2025/05/30 09:05:46 🐳 Starting container: d477de015a23
2025/05/30 09:05:47 ✅ Container started: d477de015a23
2025/05/30 09:05:47 ⏳ Waiting for container id d477de015a23 image: postgres:16-alpine. Waiting for: &{timeout:<nil> deadline:0xc0005fa550 Strategies:[0xc000523620]}
2025/05/30 09:05:50 🔔 Container is ready: d477de015a23
2025/05/30 09:05:51 PostgreSQL container started with resource limits and init script. URL: postgres://testuser:testpass@localhost:34050/testdb?sslmode=disable
2025/05/30 09:05:51 Starting NATS container with resource limits...
2025/05/30 09:05:51 🐳 Creating container for image nats:2.10-alpine
2025/05/30 09:05:51 ✅ Container created: 1a908f2a985b
2025/05/30 09:05:51 🐳 Starting container: 1a908f2a985b
2025/05/30 09:05:51 ✅ Container started: 1a908f2a985b
2025/05/30 09:05:51 ⏳ Waiting for container id 1a908f2a985b image: nats:2.10-alpine. Waiting for: &{timeout:<nil> deadline:0xc0003551e8 Strategies:[0xc0005db800 0xc00068af00]}
2025/05/30 09:05:55 🔔 Container is ready: 1a908f2a985b
2025/05/30 09:05:55 NATS container started with resource limits. URL: nats://localhost:34065
Creating round table...
Round table created successfully!
2025/05/30 09:05:55 Ran round migrations group #1
Creating score table...
Score table created successfully!
2025/05/30 09:05:55 Ran score migrations group #2
Creating leaderboard table...
Leaderboard table created successfully!
2025/05/30 09:05:55 Ran leaderboard migrations group #3
Creating user table...
User table created successfully!
2025/05/30 09:05:55 Ran user migrations group #4
2025/05/30 09:05:55 All migrations ran successfully
2025/05/30 09:05:55 newDBServiceWithDB - Registering models
2025/05/30 09:05:55 newDBServiceWithDB - Models registered successfully
2025/05/30 09:05:55 newDBServiceWithDB - DBService initialized: &{UserDB:0xc0005243d0 RoundDB:0xc0005243d8 ScoreDB:0xc0005243e0 LeaderboardDB:0xc0005243e8 db:0xc00011d140}
2025/05/30 09:05:55 Truncating tables: rounds
2025/05/30 09:05:55 Truncating tables: rounds
2025/05/30 09:05:55 Cleaning up test environment...
2025/05/30 09:05:55 Context cancelled.
2025/05/30 09:05:55 EventBus closed.
2025/05/30 09:05:55 NATS connection closed.
2025/05/30 09:05:55 DB connection closed.
2025/05/30 09:05:55 🐳 Stopping container: 1a908f2a985b
2025/05/30 09:05:56 ✅ Container stopped: 1a908f2a985b
2025/05/30 09:05:56 🐳 Terminating container: 1a908f2a985b
2025/05/30 09:05:56 🚫 Container terminated: 1a908f2a985b
2025/05/30 09:05:56 NATS container terminated.
2025/05/30 09:05:56 🐳 Stopping container: d477de015a23
2025/05/30 09:05:57 ✅ Container stopped: d477de015a23
2025/05/30 09:05:57 🐳 Terminating container: d477de015a23
2025/05/30 09:05:57 🚫 Container terminated: d477de015a23
2025/05/30 09:05:57 PostgreSQL container terminated.
2025/05/30 09:05:57 Cleanup complete.
=== RUN   TestDeleteRound/Deletion_with_EventBus_error_(should_still_succeed_for_round_deletion)
2025/05/30 09:05:57 Starting PostgreSQL container with resource limits...
2025/05/30 09:05:57 🐳 Creating container for image postgres:16-alpine
2025/05/30 09:05:57 ✅ Container created: c95a0482eac1
2025/05/30 09:05:57 🐳 Starting container: c95a0482eac1
2025/05/30 09:05:57 ✅ Container started: c95a0482eac1
2025/05/30 09:05:57 ⏳ Waiting for container id c95a0482eac1 image: postgres:16-alpine. Waiting for: &{timeout:<nil> deadline:0xc0006ba828 Strategies:[0xc000954ed0]}
2025/05/30 09:06:00 🔔 Container is ready: c95a0482eac1
2025/05/30 09:06:00 PostgreSQL container started with resource limits and init script. URL: postgres://testuser:testpass@localhost:34077/testdb?sslmode=disable
2025/05/30 09:06:00 Starting NATS container with resource limits...
2025/05/30 09:06:00 🐳 Creating container for image nats:2.10-alpine
2025/05/30 09:06:01 ✅ Container created: d44aafa5b45d
2025/05/30 09:06:01 🐳 Starting container: d44aafa5b45d
2025/05/30 09:06:01 ✅ Container started: d44aafa5b45d
2025/05/30 09:06:01 ⏳ Waiting for container id d44aafa5b45d image: nats:2.10-alpine. Waiting for: &{timeout:<nil> deadline:0xc000355268 Strategies:[0xc000591200 0xc000406390]}
2025/05/30 09:06:02 🔔 Container is ready: d44aafa5b45d
2025/05/30 09:06:02 NATS container started with resource limits. URL: nats://localhost:34083
Creating user table...
User table created successfully!
2025/05/30 09:06:02 Ran user migrations group #1
Creating round table...
Round table created successfully!
2025/05/30 09:06:02 Ran round migrations group #2
Creating score table...
Score table created successfully!
2025/05/30 09:06:02 Ran score migrations group #3
Creating leaderboard table...
Leaderboard table created successfully!
2025/05/30 09:06:02 Ran leaderboard migrations group #4
2025/05/30 09:06:02 All migrations ran successfully
2025/05/30 09:06:02 newDBServiceWithDB - Registering models
2025/05/30 09:06:02 newDBServiceWithDB - Models registered successfully
2025/05/30 09:06:02 newDBServiceWithDB - DBService initialized: &{UserDB:0xc00007c730 RoundDB:0xc00007c738 ScoreDB:0xc00007c740 LeaderboardDB:0xc00007c748 db:0xc000727640}
2025/05/30 09:06:03 Truncating tables: rounds
2025/05/30 09:06:03 Truncating tables: rounds
2025/05/30 09:06:03 INFO round deleted from DB
2025/05/30 09:06:03 Cleaning up test environment...
2025/05/30 09:06:03 Context cancelled.
2025/05/30 09:06:03 EventBus closed.
2025/05/30 09:06:03 NATS connection closed.
2025/05/30 09:06:03 DB connection closed.
2025/05/30 09:06:03 🐳 Stopping container: d44aafa5b45d
2025/05/30 09:06:03 ✅ Container stopped: d44aafa5b45d
2025/05/30 09:06:03 🐳 Terminating container: d44aafa5b45d
2025/05/30 09:06:03 🚫 Container terminated: d44aafa5b45d
2025/05/30 09:06:03 NATS container terminated.
2025/05/30 09:06:03 🐳 Stopping container: c95a0482eac1
2025/05/30 09:06:04 ✅ Container stopped: c95a0482eac1
2025/05/30 09:06:04 🐳 Terminating container: c95a0482eac1
2025/05/30 09:06:04 🚫 Container terminated: c95a0482eac1
2025/05/30 09:06:04 PostgreSQL container terminated.
2025/05/30 09:06:04 Cleanup complete.
=== RUN   TestDeleteRound/Attempt_to_delete_round_with_nil_UUID_payload
2025/05/30 09:06:04 Starting PostgreSQL container with resource limits...
2025/05/30 09:06:04 🐳 Creating container for image postgres:16-alpine
2025/05/30 09:06:04 ✅ Container created: 99c7437312f6
2025/05/30 09:06:04 🐳 Starting container: 99c7437312f6
2025/05/30 09:06:04 ✅ Container started: 99c7437312f6
2025/05/30 09:06:04 ⏳ Waiting for container id 99c7437312f6 image: postgres:16-alpine. Waiting for: &{timeout:<nil> deadline:0xc0005fa0f8 Strategies:[0xc00068a870]}
2025/05/30 09:06:08 🔔 Container is ready: 99c7437312f6
2025/05/30 09:06:08 PostgreSQL container started with resource limits and init script. URL: postgres://testuser:testpass@localhost:34096/testdb?sslmode=disable
2025/05/30 09:06:08 Starting NATS container with resource limits...
2025/05/30 09:06:08 🐳 Creating container for image nats:2.10-alpine
2025/05/30 09:06:08 ✅ Container created: 0a0244f33269
2025/05/30 09:06:08 🐳 Starting container: 0a0244f33269
2025/05/30 09:06:09 ✅ Container started: 0a0244f33269
2025/05/30 09:06:09 ⏳ Waiting for container id 0a0244f33269 image: nats:2.10-alpine. Waiting for: &{timeout:<nil> deadline:0xc000701240 Strategies:[0xc0000b7ce0 0xc000825a10]}
2025/05/30 09:06:12 🔔 Container is ready: 0a0244f33269
2025/05/30 09:06:12 NATS container started with resource limits. URL: nats://localhost:34109
Creating user table...
User table created successfully!
2025/05/30 09:06:12 Ran user migrations group #1
Creating round table...
Round table created successfully!
2025/05/30 09:06:12 Ran round migrations group #2
Creating score table...
Score table created successfully!
2025/05/30 09:06:12 Ran score migrations group #3
Creating leaderboard table...
Leaderboard table created successfully!
2025/05/30 09:06:12 Ran leaderboard migrations group #4
2025/05/30 09:06:12 All migrations ran successfully
2025/05/30 09:06:12 newDBServiceWithDB - Registering models
2025/05/30 09:06:12 newDBServiceWithDB - Models registered successfully
2025/05/30 09:06:12 newDBServiceWithDB - DBService initialized: &{UserDB:0xc00007c4e0 RoundDB:0xc00007c4e8 ScoreDB:0xc00007c500 LeaderboardDB:0xc00007c508 db:0xc00091f2c0}
2025/05/30 09:06:12 Truncating tables: rounds
2025/05/30 09:06:12 Truncating tables: rounds
2025/05/30 09:06:12 Cleaning up test environment...
2025/05/30 09:06:12 Context cancelled.
2025/05/30 09:06:12 EventBus closed.
2025/05/30 09:06:12 NATS connection closed.
2025/05/30 09:06:12 DB connection closed.
2025/05/30 09:06:12 🐳 Stopping container: 0a0244f33269
2025/05/30 09:06:13 ✅ Container stopped: 0a0244f33269
2025/05/30 09:06:13 🐳 Terminating container: 0a0244f33269
2025/05/30 09:06:13 🚫 Container terminated: 0a0244f33269
2025/05/30 09:06:13 NATS container terminated.
2025/05/30 09:06:13 🐳 Stopping container: 99c7437312f6
2025/05/30 09:06:13 ✅ Container stopped: 99c7437312f6
2025/05/30 09:06:13 🐳 Terminating container: 99c7437312f6
2025/05/30 09:06:13 🚫 Container terminated: 99c7437312f6
2025/05/30 09:06:13 PostgreSQL container terminated.
2025/05/30 09:06:13 Cleanup complete.
--- PASS: TestDeleteRound (36.63s)
    --- PASS: TestDeleteRound/Successful_deletion_of_an_existing_round (9.74s)
    --- PASS: TestDeleteRound/Attempt_to_delete_a_non-existent_round (10.39s)
    --- PASS: TestDeleteRound/Deletion_with_EventBus_error_(should_still_succeed_for_round_deletion) (7.05s)
    --- PASS: TestDeleteRound/Attempt_to_delete_round_with_nil_UUID_payload (9.45s)
=== RUN   TestFinalizeRound
=== RUN   TestFinalizeRound/Successful_finalization_of_an_existing_round
2025/05/30 09:06:13 Starting PostgreSQL container with resource limits...
2025/05/30 09:06:13 🐳 Creating container for image postgres:16-alpine
2025/05/30 09:06:13 ✅ Container created: a4898e056190
2025/05/30 09:06:13 🐳 Starting container: a4898e056190
2025/05/30 09:06:14 ✅ Container started: a4898e056190
2025/05/30 09:06:14 ⏳ Waiting for container id a4898e056190 image: postgres:16-alpine. Waiting for: &{timeout:<nil> deadline:0xc000354360 Strategies:[0xc000954ff0]}
2025/05/30 09:06:16 🔔 Container is ready: a4898e056190
2025/05/30 09:06:17 PostgreSQL container started with resource limits and init script. URL: postgres://testuser:testpass@localhost:34117/testdb?sslmode=disable
2025/05/30 09:06:17 Starting NATS container with resource limits...
2025/05/30 09:06:17 🐳 Creating container for image nats:2.10-alpine
2025/05/30 09:06:17 ✅ Container created: cb196bd90ff1
2025/05/30 09:06:17 🐳 Starting container: cb196bd90ff1
2025/05/30 09:06:17 ✅ Container started: cb196bd90ff1
2025/05/30 09:06:17 ⏳ Waiting for container id cb196bd90ff1 image: nats:2.10-alpine. Waiting for: &{timeout:<nil> deadline:0xc000763de8 Strategies:[0xc000375ec0 0xc0005b6810]}
2025/05/30 09:06:20 🔔 Container is ready: cb196bd90ff1
2025/05/30 09:06:20 NATS container started with resource limits. URL: nats://localhost:34126
Creating user table...
User table created successfully!
2025/05/30 09:06:20 Ran user migrations group #1
Creating round table...
Round table created successfully!
2025/05/30 09:06:20 Ran round migrations group #2
Creating score table...
Score table created successfully!
2025/05/30 09:06:20 Ran score migrations group #3
Creating leaderboard table...
Leaderboard table created successfully!
2025/05/30 09:06:20 Ran leaderboard migrations group #4
2025/05/30 09:06:20 All migrations ran successfully
2025/05/30 09:06:20 newDBServiceWithDB - Registering models
2025/05/30 09:06:20 newDBServiceWithDB - Models registered successfully
2025/05/30 09:06:20 newDBServiceWithDB - DBService initialized: &{UserDB:0xc0005380c8 RoundDB:0xc0005380d0 ScoreDB:0xc0005380d8 LeaderboardDB:0xc0005380e0 db:0xc000803ec0}
2025/05/30 09:06:20 Truncating tables: rounds
2025/05/30 09:06:21 Truncating tables: rounds
2025/05/30 09:06:21 Cleaning up test environment...
2025/05/30 09:06:21 Context cancelled.
2025/05/30 09:06:21 EventBus closed.
2025/05/30 09:06:21 NATS connection closed.
2025/05/30 09:06:21 DB connection closed.
2025/05/30 09:06:21 🐳 Stopping container: cb196bd90ff1
2025/05/30 09:06:21 ✅ Container stopped: cb196bd90ff1
2025/05/30 09:06:21 🐳 Terminating container: cb196bd90ff1
2025/05/30 09:06:21 🚫 Container terminated: cb196bd90ff1
2025/05/30 09:06:21 NATS container terminated.
2025/05/30 09:06:21 🐳 Stopping container: a4898e056190
2025/05/30 09:06:21 ✅ Container stopped: a4898e056190
2025/05/30 09:06:21 🐳 Terminating container: a4898e056190
2025/05/30 09:06:22 🚫 Container terminated: a4898e056190
2025/05/30 09:06:22 PostgreSQL container terminated.
2025/05/30 09:06:22 Cleanup complete.
=== RUN   TestFinalizeRound/Attempt_to_finalize_a_non-existent_round
2025/05/30 09:06:22 Starting PostgreSQL container with resource limits...
2025/05/30 09:06:22 🐳 Creating container for image postgres:16-alpine
2025/05/30 09:06:22 ✅ Container created: 762c6085efa9
2025/05/30 09:06:22 🐳 Starting container: 762c6085efa9
2025/05/30 09:06:22 ✅ Container started: 762c6085efa9
2025/05/30 09:06:22 ⏳ Waiting for container id 762c6085efa9 image: postgres:16-alpine. Waiting for: &{timeout:<nil> deadline:0xc000762088 Strategies:[0xc000472d80]}
2025/05/30 09:06:25 🔔 Container is ready: 762c6085efa9
2025/05/30 09:06:25 PostgreSQL container started with resource limits and init script. URL: postgres://testuser:testpass@localhost:34137/testdb?sslmode=disable
2025/05/30 09:06:25 Starting NATS container with resource limits...
2025/05/30 09:06:25 🐳 Creating container for image nats:2.10-alpine
2025/05/30 09:06:25 ✅ Container created: ebddd96b4a15
2025/05/30 09:06:25 🐳 Starting container: ebddd96b4a15
2025/05/30 09:06:26 ✅ Container started: ebddd96b4a15
2025/05/30 09:06:26 ⏳ Waiting for container id ebddd96b4a15 image: nats:2.10-alpine. Waiting for: &{timeout:<nil> deadline:0xc000355f30 Strategies:[0xc00066b020 0xc0006c50b0]}
2025/05/30 09:06:26 🔔 Container is ready: ebddd96b4a15
2025/05/30 09:06:26 NATS container started with resource limits. URL: nats://localhost:34146
Creating score table...
Score table created successfully!
2025/05/30 09:06:26 Ran score migrations group #1
Creating leaderboard table...
Leaderboard table created successfully!
2025/05/30 09:06:27 Ran leaderboard migrations group #2
Creating user table...
User table created successfully!
2025/05/30 09:06:27 Ran user migrations group #3
Creating round table...
Round table created successfully!
2025/05/30 09:06:27 Ran round migrations group #4
2025/05/30 09:06:27 All migrations ran successfully
2025/05/30 09:06:27 newDBServiceWithDB - Registering models
2025/05/30 09:06:27 newDBServiceWithDB - Models registered successfully
2025/05/30 09:06:27 newDBServiceWithDB - DBService initialized: &{UserDB:0xc00007c558 RoundDB:0xc00007c560 ScoreDB:0xc00007c578 LeaderboardDB:0xc00007c580 db:0xc000725d00}
2025/05/30 09:06:27 Truncating tables: rounds
2025/05/30 09:06:27 Truncating tables: rounds
2025/05/30 09:06:27 Cleaning up test environment...
2025/05/30 09:06:27 Context cancelled.
2025/05/30 09:06:27 EventBus closed.
2025/05/30 09:06:27 NATS connection closed.
2025/05/30 09:06:27 DB connection closed.
2025/05/30 09:06:27 🐳 Stopping container: ebddd96b4a15
2025/05/30 09:06:27 ✅ Container stopped: ebddd96b4a15
2025/05/30 09:06:27 🐳 Terminating container: ebddd96b4a15
2025/05/30 09:06:27 🚫 Container terminated: ebddd96b4a15
2025/05/30 09:06:27 NATS container terminated.
2025/05/30 09:06:27 🐳 Stopping container: 762c6085efa9
2025/05/30 09:06:27 ✅ Container stopped: 762c6085efa9
2025/05/30 09:06:27 🐳 Terminating container: 762c6085efa9
2025/05/30 09:06:27 🚫 Container terminated: 762c6085efa9
2025/05/30 09:06:27 PostgreSQL container terminated.
2025/05/30 09:06:27 Cleanup complete.
=== RUN   TestFinalizeRound/Finalization_with_nil_UUID_payload
2025/05/30 09:06:27 Starting PostgreSQL container with resource limits...
2025/05/30 09:06:28 🐳 Creating container for image postgres:16-alpine
2025/05/30 09:06:28 ✅ Container created: bd3f77c43953
2025/05/30 09:06:28 🐳 Starting container: bd3f77c43953
2025/05/30 09:06:28 ✅ Container started: bd3f77c43953
2025/05/30 09:06:28 ⏳ Waiting for container id bd3f77c43953 image: postgres:16-alpine. Waiting for: &{timeout:<nil> deadline:0xc000284ea8 Strategies:[0xc000523410]}
2025/05/30 09:06:30 🔔 Container is ready: bd3f77c43953
2025/05/30 09:06:30 PostgreSQL container started with resource limits and init script. URL: postgres://testuser:testpass@localhost:34156/testdb?sslmode=disable
2025/05/30 09:06:30 Starting NATS container with resource limits...
2025/05/30 09:06:31 🐳 Creating container for image nats:2.10-alpine
2025/05/30 09:06:31 ✅ Container created: 11e67fa7fd72
2025/05/30 09:06:31 🐳 Starting container: 11e67fa7fd72
2025/05/30 09:06:31 ✅ Container started: 11e67fa7fd72
2025/05/30 09:06:31 ⏳ Waiting for container id 11e67fa7fd72 image: nats:2.10-alpine. Waiting for: &{timeout:<nil> deadline:0xc000284038 Strategies:[0xc0008269c0 0xc00068b320]}
2025/05/30 09:06:33 🔔 Container is ready: 11e67fa7fd72
2025/05/30 09:06:33 NATS container started with resource limits. URL: nats://localhost:34158
Creating user table...
User table created successfully!
2025/05/30 09:06:33 Ran user migrations group #1
Creating round table...
Round table created successfully!
2025/05/30 09:06:33 Ran round migrations group #2
Creating score table...
Score table created successfully!
2025/05/30 09:06:33 Ran score migrations group #3
Creating leaderboard table...
Leaderboard table created successfully!
2025/05/30 09:06:33 Ran leaderboard migrations group #4
2025/05/30 09:06:33 All migrations ran successfully
2025/05/30 09:06:33 newDBServiceWithDB - Registering models
2025/05/30 09:06:33 newDBServiceWithDB - Models registered successfully
2025/05/30 09:06:33 newDBServiceWithDB - DBService initialized: &{UserDB:0xc0004461a0 RoundDB:0xc0004461a8 ScoreDB:0xc0004461b0 LeaderboardDB:0xc0004461c8 db:0xc00091e580}
2025/05/30 09:06:33 Truncating tables: rounds
2025/05/30 09:06:33 Truncating tables: rounds
2025/05/30 09:06:33 Cleaning up test environment...
2025/05/30 09:06:33 Context cancelled.
2025/05/30 09:06:33 EventBus closed.
2025/05/30 09:06:33 NATS connection closed.
2025/05/30 09:06:33 DB connection closed.
2025/05/30 09:06:33 🐳 Stopping container: 11e67fa7fd72
2025/05/30 09:06:33 ✅ Container stopped: 11e67fa7fd72
2025/05/30 09:06:33 🐳 Terminating container: 11e67fa7fd72
2025/05/30 09:06:33 🚫 Container terminated: 11e67fa7fd72
2025/05/30 09:06:33 NATS container terminated.
2025/05/30 09:06:33 🐳 Stopping container: bd3f77c43953
2025/05/30 09:06:34 ✅ Container stopped: bd3f77c43953
2025/05/30 09:06:34 🐳 Terminating container: bd3f77c43953
2025/05/30 09:06:34 🚫 Container terminated: bd3f77c43953
2025/05/30 09:06:34 PostgreSQL container terminated.
2025/05/30 09:06:34 Cleanup complete.
=== RUN   TestFinalizeRound/Round_finalization_with_database_update_success_but_fetch_failure
2025/05/30 09:06:34 Starting PostgreSQL container with resource limits...
2025/05/30 09:06:34 🐳 Creating container for image postgres:16-alpine
2025/05/30 09:06:34 ✅ Container created: dd2ce5ce1a5d
2025/05/30 09:06:34 🐳 Starting container: dd2ce5ce1a5d
2025/05/30 09:06:34 ✅ Container started: dd2ce5ce1a5d
2025/05/30 09:06:34 ⏳ Waiting for container id dd2ce5ce1a5d image: postgres:16-alpine. Waiting for: &{timeout:<nil> deadline:0xc000823388 Strategies:[0xc0006c49f0]}
2025/05/30 09:06:37 🔔 Container is ready: dd2ce5ce1a5d
2025/05/30 09:06:37 PostgreSQL container started with resource limits and init script. URL: postgres://testuser:testpass@localhost:34171/testdb?sslmode=disable
2025/05/30 09:06:37 Starting NATS container with resource limits...
2025/05/30 09:06:37 🐳 Creating container for image nats:2.10-alpine
2025/05/30 09:06:37 ✅ Container created: 16e85af51818
2025/05/30 09:06:37 🐳 Starting container: 16e85af51818
2025/05/30 09:06:38 ✅ Container started: 16e85af51818
2025/05/30 09:06:38 ⏳ Waiting for container id 16e85af51818 image: nats:2.10-alpine. Waiting for: &{timeout:<nil> deadline:0xc000148c88 Strategies:[0xc000827e60 0xc000728c60]}
2025/05/30 09:06:38 🔔 Container is ready: 16e85af51818
2025/05/30 09:06:38 NATS container started with resource limits. URL: nats://localhost:34176
Creating user table...
User table created successfully!
2025/05/30 09:06:38 Ran user migrations group #1
Creating round table...
Round table created successfully!
2025/05/30 09:06:38 Ran round migrations group #2
Creating score table...
Score table created successfully!
2025/05/30 09:06:38 Ran score migrations group #3
Creating leaderboard table...
Leaderboard table created successfully!
2025/05/30 09:06:38 Ran leaderboard migrations group #4
2025/05/30 09:06:38 All migrations ran successfully
2025/05/30 09:06:38 newDBServiceWithDB - Registering models
2025/05/30 09:06:38 newDBServiceWithDB - Models registered successfully
2025/05/30 09:06:38 newDBServiceWithDB - DBService initialized: &{UserDB:0xc00007c330 RoundDB:0xc00007c348 ScoreDB:0xc00007c3a0 LeaderboardDB:0xc00007c3a8 db:0xc00091e680}
2025/05/30 09:06:39 Truncating tables: rounds
2025/05/30 09:06:39 Truncating tables: rounds
2025/05/30 09:06:39 Cleaning up test environment...
2025/05/30 09:06:39 Context cancelled.
2025/05/30 09:06:39 EventBus closed.
2025/05/30 09:06:39 NATS connection closed.
2025/05/30 09:06:39 DB connection closed.
2025/05/30 09:06:39 🐳 Stopping container: 16e85af51818
2025/05/30 09:06:39 ✅ Container stopped: 16e85af51818
2025/05/30 09:06:39 🐳 Terminating container: 16e85af51818
2025/05/30 09:06:39 🚫 Container terminated: 16e85af51818
2025/05/30 09:06:39 NATS container terminated.
2025/05/30 09:06:39 🐳 Stopping container: dd2ce5ce1a5d
2025/05/30 09:06:39 ✅ Container stopped: dd2ce5ce1a5d
2025/05/30 09:06:39 🐳 Terminating container: dd2ce5ce1a5d
2025/05/30 09:06:39 🚫 Container terminated: dd2ce5ce1a5d
2025/05/30 09:06:39 PostgreSQL container terminated.
2025/05/30 09:06:39 Cleanup complete.
--- PASS: TestFinalizeRound (26.00s)
    --- PASS: TestFinalizeRound/Successful_finalization_of_an_existing_round (8.28s)
    --- PASS: TestFinalizeRound/Attempt_to_finalize_a_non-existent_round (5.99s)
    --- PASS: TestFinalizeRound/Finalization_with_nil_UUID_payload (6.07s)
    --- PASS: TestFinalizeRound/Round_finalization_with_database_update_success_but_fetch_failure (5.66s)
=== RUN   TestNotifyScoreModule
=== RUN   TestNotifyScoreModule/Successful_notification_with_participants_having_scores_and_tag_numbers
2025/05/30 09:06:39 Starting PostgreSQL container with resource limits...
2025/05/30 09:06:39 🐳 Creating container for image postgres:16-alpine
2025/05/30 09:06:39 ✅ Container created: 951e058b63c8
2025/05/30 09:06:39 🐳 Starting container: 951e058b63c8
2025/05/30 09:06:40 ✅ Container started: 951e058b63c8
2025/05/30 09:06:40 ⏳ Waiting for container id 951e058b63c8 image: postgres:16-alpine. Waiting for: &{timeout:<nil> deadline:0xc00051bf78 Strategies:[0xc000907260]}
2025/05/30 09:06:42 🔔 Container is ready: 951e058b63c8
2025/05/30 09:06:42 PostgreSQL container started with resource limits and init script. URL: postgres://testuser:testpass@localhost:34189/testdb?sslmode=disable
2025/05/30 09:06:42 Starting NATS container with resource limits...
2025/05/30 09:06:42 🐳 Creating container for image nats:2.10-alpine
2025/05/30 09:06:42 ✅ Container created: e27b02b0766d
2025/05/30 09:06:42 🐳 Starting container: e27b02b0766d
2025/05/30 09:06:43 ✅ Container started: e27b02b0766d
2025/05/30 09:06:43 ⏳ Waiting for container id e27b02b0766d image: nats:2.10-alpine. Waiting for: &{timeout:<nil> deadline:0xc00051bea8 Strategies:[0xc000374fc0 0xc0002894d0]}
2025/05/30 09:06:44 🔔 Container is ready: e27b02b0766d
2025/05/30 09:06:44 NATS container started with resource limits. URL: nats://localhost:34194
Creating user table...
User table created successfully!
2025/05/30 09:06:44 Ran user migrations group #1
Creating round table...
Round table created successfully!
2025/05/30 09:06:44 Ran round migrations group #2
Creating score table...
Score table created successfully!
2025/05/30 09:06:44 Ran score migrations group #3
Creating leaderboard table...
Leaderboard table created successfully!
2025/05/30 09:06:44 Ran leaderboard migrations group #4
2025/05/30 09:06:44 All migrations ran successfully
2025/05/30 09:06:44 newDBServiceWithDB - Registering models
2025/05/30 09:06:44 newDBServiceWithDB - Models registered successfully
2025/05/30 09:06:44 newDBServiceWithDB - DBService initialized: &{UserDB:0xc000446218 RoundDB:0xc000446220 ScoreDB:0xc000446228 LeaderboardDB:0xc000446230 db:0xc0002ba980}
2025/05/30 09:06:45 Truncating tables: rounds
2025/05/30 09:06:45 Truncating tables: rounds
2025/05/30 09:06:45 Cleaning up test environment...
2025/05/30 09:06:45 Context cancelled.
2025/05/30 09:06:45 EventBus closed.
2025/05/30 09:06:45 NATS connection closed.
2025/05/30 09:06:45 DB connection closed.
2025/05/30 09:06:45 🐳 Stopping container: e27b02b0766d
2025/05/30 09:06:45 ✅ Container stopped: e27b02b0766d
2025/05/30 09:06:45 🐳 Terminating container: e27b02b0766d
2025/05/30 09:06:45 🚫 Container terminated: e27b02b0766d
2025/05/30 09:06:45 NATS container terminated.
2025/05/30 09:06:45 🐳 Stopping container: 951e058b63c8
2025/05/30 09:06:45 ✅ Container stopped: 951e058b63c8
2025/05/30 09:06:45 🐳 Terminating container: 951e058b63c8
2025/05/30 09:06:45 🚫 Container terminated: 951e058b63c8
2025/05/30 09:06:45 PostgreSQL container terminated.
2025/05/30 09:06:45 Cleanup complete.
=== RUN   TestNotifyScoreModule/Successful_notification_with_participants_having_nil_scores_and_tag_numbers
2025/05/30 09:06:45 Starting PostgreSQL container with resource limits...
2025/05/30 09:06:45 🐳 Creating container for image postgres:16-alpine
2025/05/30 09:06:46 ✅ Container created: a983d2e787d6
2025/05/30 09:06:46 🐳 Starting container: a983d2e787d6
2025/05/30 09:06:46 ✅ Container started: a983d2e787d6
2025/05/30 09:06:46 ⏳ Waiting for container id a983d2e787d6 image: postgres:16-alpine. Waiting for: &{timeout:<nil> deadline:0xc000762130 Strategies:[0xc000522c30]}
2025/05/30 09:06:49 🔔 Container is ready: a983d2e787d6
2025/05/30 09:06:49 PostgreSQL container started with resource limits and init script. URL: postgres://testuser:testpass@localhost:34200/testdb?sslmode=disable
2025/05/30 09:06:49 Starting NATS container with resource limits...
2025/05/30 09:06:49 🐳 Creating container for image nats:2.10-alpine
2025/05/30 09:06:49 ✅ Container created: 3352b3483d20
2025/05/30 09:06:49 🐳 Starting container: 3352b3483d20
2025/05/30 09:06:50 ✅ Container started: 3352b3483d20
2025/05/30 09:06:50 ⏳ Waiting for container id 3352b3483d20 image: nats:2.10-alpine. Waiting for: &{timeout:<nil> deadline:0xc0004bd478 Strategies:[0xc0008bf140 0xc0008824b0]}
2025/05/30 09:06:54 🔔 Container is ready: 3352b3483d20
2025/05/30 09:06:54 NATS container started with resource limits. URL: nats://localhost:34211
Creating user table...
User table created successfully!
2025/05/30 09:06:54 Ran user migrations group #1
Creating round table...
Round table created successfully!
2025/05/30 09:06:54 Ran round migrations group #2
Creating score table...
Score table created successfully!
2025/05/30 09:06:54 Ran score migrations group #3
Creating leaderboard table...
Leaderboard table created successfully!
2025/05/30 09:06:54 Ran leaderboard migrations group #4
2025/05/30 09:06:54 All migrations ran successfully
2025/05/30 09:06:54 newDBServiceWithDB - Registering models
2025/05/30 09:06:54 newDBServiceWithDB - Models registered successfully
2025/05/30 09:06:54 newDBServiceWithDB - DBService initialized: &{UserDB:0xc000a6c2d0 RoundDB:0xc000a6c2d8 ScoreDB:0xc000a6c2e0 LeaderboardDB:0xc000a6c2e8 db:0xc0008a3b00}
2025/05/30 09:06:54 Truncating tables: rounds
2025/05/30 09:06:54 Truncating tables: rounds
2025/05/30 09:06:54 Cleaning up test environment...
2025/05/30 09:06:54 Context cancelled.
2025/05/30 09:06:54 EventBus closed.
2025/05/30 09:06:54 NATS connection closed.
2025/05/30 09:06:54 DB connection closed.
2025/05/30 09:06:54 🐳 Stopping container: 3352b3483d20
2025/05/30 09:06:54 ✅ Container stopped: 3352b3483d20
2025/05/30 09:06:54 🐳 Terminating container: 3352b3483d20
2025/05/30 09:06:54 🚫 Container terminated: 3352b3483d20
2025/05/30 09:06:54 NATS container terminated.
2025/05/30 09:06:54 🐳 Stopping container: a983d2e787d6
2025/05/30 09:06:55 ✅ Container stopped: a983d2e787d6
2025/05/30 09:06:55 🐳 Terminating container: a983d2e787d6
2025/05/30 09:06:55 🚫 Container terminated: a983d2e787d6
2025/05/30 09:06:55 PostgreSQL container terminated.
2025/05/30 09:06:55 Cleanup complete.
=== RUN   TestNotifyScoreModule/Successful_notification_with_empty_participants_list
2025/05/30 09:06:55 Starting PostgreSQL container with resource limits...
2025/05/30 09:06:55 🐳 Creating container for image postgres:16-alpine
2025/05/30 09:06:55 ✅ Container created: f74fbbd7ebd9
2025/05/30 09:06:55 🐳 Starting container: f74fbbd7ebd9
2025/05/30 09:06:55 ✅ Container started: f74fbbd7ebd9
2025/05/30 09:06:55 ⏳ Waiting for container id f74fbbd7ebd9 image: postgres:16-alpine. Waiting for: &{timeout:<nil> deadline:0xc000822b78 Strategies:[0xc000981aa0]}
2025/05/30 09:06:58 🔔 Container is ready: f74fbbd7ebd9
2025/05/30 09:06:58 PostgreSQL container started with resource limits and init script. URL: postgres://testuser:testpass@localhost:34220/testdb?sslmode=disable
2025/05/30 09:06:58 Starting NATS container with resource limits...
2025/05/30 09:06:58 🐳 Creating container for image nats:2.10-alpine
2025/05/30 09:06:58 ✅ Container created: 037865a74493
2025/05/30 09:06:58 🐳 Starting container: 037865a74493
2025/05/30 09:06:59 ✅ Container started: 037865a74493
2025/05/30 09:06:59 ⏳ Waiting for container id 037865a74493 image: nats:2.10-alpine. Waiting for: &{timeout:<nil> deadline:0xc000764f60 Strategies:[0xc00066ade0 0xc0005201e0]}
2025/05/30 09:07:00 🔔 Container is ready: 037865a74493
2025/05/30 09:07:00 NATS container started with resource limits. URL: nats://localhost:34224
Creating leaderboard table...
Leaderboard table created successfully!
2025/05/30 09:07:00 Ran leaderboard migrations group #1
Creating user table...
User table created successfully!
2025/05/30 09:07:00 Ran user migrations group #2
Creating round table...
Round table created successfully!
2025/05/30 09:07:00 Ran round migrations group #3
Creating score table...
Score table created successfully!
2025/05/30 09:07:00 Ran score migrations group #4
2025/05/30 09:07:00 All migrations ran successfully
2025/05/30 09:07:00 newDBServiceWithDB - Registering models
2025/05/30 09:07:00 newDBServiceWithDB - Models registered successfully
2025/05/30 09:07:00 newDBServiceWithDB - DBService initialized: &{UserDB:0xc000524238 RoundDB:0xc000524240 ScoreDB:0xc000524248 LeaderboardDB:0xc000524250 db:0xc00091f080}
2025/05/30 09:07:00 Truncating tables: rounds
2025/05/30 09:07:00 Truncating tables: rounds
2025/05/30 09:07:00 Cleaning up test environment...
2025/05/30 09:07:00 Context cancelled.
2025/05/30 09:07:00 EventBus closed.
2025/05/30 09:07:00 NATS connection closed.
2025/05/30 09:07:00 DB connection closed.
2025/05/30 09:07:00 🐳 Stopping container: 037865a74493
2025/05/30 09:07:00 ✅ Container stopped: 037865a74493
2025/05/30 09:07:00 🐳 Terminating container: 037865a74493
2025/05/30 09:07:00 🚫 Container terminated: 037865a74493
2025/05/30 09:07:00 NATS container terminated.
2025/05/30 09:07:00 🐳 Stopping container: f74fbbd7ebd9
2025/05/30 09:07:01 ✅ Container stopped: f74fbbd7ebd9
2025/05/30 09:07:01 🐳 Terminating container: f74fbbd7ebd9
2025/05/30 09:07:01 🚫 Container terminated: f74fbbd7ebd9
2025/05/30 09:07:01 PostgreSQL container terminated.
2025/05/30 09:07:01 Cleanup complete.
=== RUN   TestNotifyScoreModule/Notification_with_mixed_participant_data
2025/05/30 09:07:01 Starting PostgreSQL container with resource limits...
2025/05/30 09:07:01 🐳 Creating container for image postgres:16-alpine
2025/05/30 09:07:01 ✅ Container created: a20c27a9e823
2025/05/30 09:07:01 🐳 Starting container: a20c27a9e823
2025/05/30 09:07:01 ✅ Container started: a20c27a9e823
2025/05/30 09:07:01 ⏳ Waiting for container id a20c27a9e823 image: postgres:16-alpine. Waiting for: &{timeout:<nil> deadline:0xc000823c28 Strategies:[0xc00068b920]}
2025/05/30 09:07:03 🔔 Container is ready: a20c27a9e823
2025/05/30 09:07:04 PostgreSQL container started with resource limits and init script. URL: postgres://testuser:testpass@localhost:34236/testdb?sslmode=disable
2025/05/30 09:07:04 Starting NATS container with resource limits...
2025/05/30 09:07:04 🐳 Creating container for image nats:2.10-alpine
2025/05/30 09:07:04 ✅ Container created: 09d3900029eb
2025/05/30 09:07:04 🐳 Starting container: 09d3900029eb
2025/05/30 09:07:04 ✅ Container started: 09d3900029eb
2025/05/30 09:07:04 ⏳ Waiting for container id 09d3900029eb image: nats:2.10-alpine. Waiting for: &{timeout:<nil> deadline:0xc000822660 Strategies:[0xc000590d20 0xc000522fc0]}
2025/05/30 09:07:05 🔔 Container is ready: 09d3900029eb
2025/05/30 09:07:05 NATS container started with resource limits. URL: nats://localhost:34237
Creating score table...
Score table created successfully!
2025/05/30 09:07:05 Ran score migrations group #1
Creating leaderboard table...
Leaderboard table created successfully!
2025/05/30 09:07:05 Ran leaderboard migrations group #2
Creating user table...
User table created successfully!
2025/05/30 09:07:05 Ran user migrations group #3
Creating round table...
Round table created successfully!
2025/05/30 09:07:05 Ran round migrations group #4
2025/05/30 09:07:05 All migrations ran successfully
2025/05/30 09:07:05 newDBServiceWithDB - Registering models
2025/05/30 09:07:05 newDBServiceWithDB - Models registered successfully
2025/05/30 09:07:05 newDBServiceWithDB - DBService initialized: &{UserDB:0xc00007c720 RoundDB:0xc00007c728 ScoreDB:0xc00007c730 LeaderboardDB:0xc00007c738 db:0xc0006d2ec0}
2025/05/30 09:07:05 Truncating tables: rounds
2025/05/30 09:07:05 Truncating tables: rounds
2025/05/30 09:07:06 Cleaning up test environment...
2025/05/30 09:07:06 Context cancelled.
2025/05/30 09:07:06 EventBus closed.
2025/05/30 09:07:06 NATS connection closed.
2025/05/30 09:07:06 DB connection closed.
2025/05/30 09:07:06 🐳 Stopping container: 09d3900029eb
2025/05/30 09:07:06 ✅ Container stopped: 09d3900029eb
2025/05/30 09:07:06 🐳 Terminating container: 09d3900029eb
2025/05/30 09:07:06 🚫 Container terminated: 09d3900029eb
2025/05/30 09:07:06 NATS container terminated.
2025/05/30 09:07:06 🐳 Stopping container: a20c27a9e823
2025/05/30 09:07:06 ✅ Container stopped: a20c27a9e823
2025/05/30 09:07:06 🐳 Terminating container: a20c27a9e823
2025/05/30 09:07:06 🚫 Container terminated: a20c27a9e823
2025/05/30 09:07:06 PostgreSQL container terminated.
2025/05/30 09:07:06 Cleanup complete.
--- PASS: TestNotifyScoreModule (26.98s)
    --- PASS: TestNotifyScoreModule/Successful_notification_with_participants_having_scores_and_tag_numbers (6.26s)
    --- PASS: TestNotifyScoreModule/Successful_notification_with_participants_having_nil_scores_and_tag_numbers (9.33s)
    --- PASS: TestNotifyScoreModule/Successful_notification_with_empty_participants_list (5.89s)
    --- PASS: TestNotifyScoreModule/Notification_with_mixed_participant_data (5.50s)
=== RUN   TestParticipantRemoval
=== RUN   TestParticipantRemoval/Valid_removal_of_existing_participant_-_Expecting_ParticipantRemovedPayload
2025/05/30 09:07:06 Starting PostgreSQL container with resource limits...
2025/05/30 09:07:06 🐳 Creating container for image postgres:16-alpine
2025/05/30 09:07:06 ✅ Container created: 7dd28cfc0f72
2025/05/30 09:07:06 🐳 Starting container: 7dd28cfc0f72
2025/05/30 09:07:07 ✅ Container started: 7dd28cfc0f72
2025/05/30 09:07:07 ⏳ Waiting for container id 7dd28cfc0f72 image: postgres:16-alpine. Waiting for: &{timeout:<nil> deadline:0xc0002d27c0 Strategies:[0xc000980ae0]}
2025/05/30 09:07:09 🔔 Container is ready: 7dd28cfc0f72
2025/05/30 09:07:09 PostgreSQL container started with resource limits and init script. URL: postgres://testuser:testpass@localhost:34242/testdb?sslmode=disable
2025/05/30 09:07:09 Starting NATS container with resource limits...
2025/05/30 09:07:09 🐳 Creating container for image nats:2.10-alpine
2025/05/30 09:07:09 ✅ Container created: a7f87bd74493
2025/05/30 09:07:09 🐳 Starting container: a7f87bd74493
2025/05/30 09:07:10 ✅ Container started: a7f87bd74493
2025/05/30 09:07:10 ⏳ Waiting for container id a7f87bd74493 image: nats:2.10-alpine. Waiting for: &{timeout:<nil> deadline:0xc0008235c8 Strategies:[0xc0008bf860 0xc000521740]}
2025/05/30 09:07:11 🔔 Container is ready: a7f87bd74493
2025/05/30 09:07:11 NATS container started with resource limits. URL: nats://localhost:34243
Creating user table...
User table created successfully!
2025/05/30 09:07:11 Ran user migrations group #1
Creating round table...
Round table created successfully!
2025/05/30 09:07:11 Ran round migrations group #2
Creating score table...
Score table created successfully!
2025/05/30 09:07:12 Ran score migrations group #3
Creating leaderboard table...
Leaderboard table created successfully!
2025/05/30 09:07:12 Ran leaderboard migrations group #4
2025/05/30 09:07:12 All migrations ran successfully
2025/05/30 09:07:12 newDBServiceWithDB - Registering models
2025/05/30 09:07:12 newDBServiceWithDB - Models registered successfully
2025/05/30 09:07:12 newDBServiceWithDB - DBService initialized: &{UserDB:0xc00061a0b0 RoundDB:0xc00061a0b8 ScoreDB:0xc00061a0c0 LeaderboardDB:0xc00061a0c8 db:0xc00091e300}
2025/05/30 09:07:12 Truncating tables: rounds
2025/05/30 09:07:12 Truncating tables: rounds
2025/05/30 09:07:12 Cleaning up test environment...
2025/05/30 09:07:12 Context cancelled.
2025/05/30 09:07:12 EventBus closed.
2025/05/30 09:07:12 NATS connection closed.
2025/05/30 09:07:12 DB connection closed.
2025/05/30 09:07:12 🐳 Stopping container: a7f87bd74493
2025/05/30 09:07:12 ✅ Container stopped: a7f87bd74493
2025/05/30 09:07:12 🐳 Terminating container: a7f87bd74493
2025/05/30 09:07:12 🚫 Container terminated: a7f87bd74493
2025/05/30 09:07:12 NATS container terminated.
2025/05/30 09:07:12 🐳 Stopping container: 7dd28cfc0f72
2025/05/30 09:07:12 ✅ Container stopped: 7dd28cfc0f72
2025/05/30 09:07:12 🐳 Terminating container: 7dd28cfc0f72
2025/05/30 09:07:12 🚫 Container terminated: 7dd28cfc0f72
2025/05/30 09:07:12 PostgreSQL container terminated.
2025/05/30 09:07:12 Cleanup complete.
=== RUN   TestParticipantRemoval/Attempt_to_remove_non-existent_participant_-_Should_succeed_with_no_changes
2025/05/30 09:07:12 Starting PostgreSQL container with resource limits...
2025/05/30 09:07:12 🐳 Creating container for image postgres:16-alpine
2025/05/30 09:07:12 ✅ Container created: 1ba65b967275
2025/05/30 09:07:12 🐳 Starting container: 1ba65b967275
2025/05/30 09:07:13 ✅ Container started: 1ba65b967275
2025/05/30 09:07:13 ⏳ Waiting for container id 1ba65b967275 image: postgres:16-alpine. Waiting for: &{timeout:<nil> deadline:0xc000902098 Strategies:[0xc0009061b0]}
2025/05/30 09:07:15 🔔 Container is ready: 1ba65b967275
2025/05/30 09:07:15 PostgreSQL container started with resource limits and init script. URL: postgres://testuser:testpass@localhost:34252/testdb?sslmode=disable
2025/05/30 09:07:15 Starting NATS container with resource limits...
2025/05/30 09:07:15 🐳 Creating container for image nats:2.10-alpine
2025/05/30 09:07:15 ✅ Container created: e0d55998b058
2025/05/30 09:07:15 🐳 Starting container: e0d55998b058
2025/05/30 09:07:16 ✅ Container started: e0d55998b058
2025/05/30 09:07:16 ⏳ Waiting for container id e0d55998b058 image: nats:2.10-alpine. Waiting for: &{timeout:<nil> deadline:0xc000762768 Strategies:[0xc00066bce0 0xc000a56e10]}
2025/05/30 09:07:17 🔔 Container is ready: e0d55998b058
2025/05/30 09:07:17 NATS container started with resource limits. URL: nats://localhost:34255
Creating user table...
User table created successfully!
2025/05/30 09:07:18 Ran user migrations group #1
Creating round table...
Round table created successfully!
2025/05/30 09:07:18 Ran round migrations group #2
Creating score table...
Score table created successfully!
2025/05/30 09:07:18 Ran score migrations group #3
Creating leaderboard table...
Leaderboard table created successfully!
2025/05/30 09:07:18 Ran leaderboard migrations group #4
2025/05/30 09:07:18 All migrations ran successfully
2025/05/30 09:07:18 newDBServiceWithDB - Registering models
2025/05/30 09:07:18 newDBServiceWithDB - Models registered successfully
2025/05/30 09:07:18 newDBServiceWithDB - DBService initialized: &{UserDB:0xc0005241a0 RoundDB:0xc0005241a8 ScoreDB:0xc0005241b0 LeaderboardDB:0xc0005241b8 db:0xc000a48a80}
2025/05/30 09:07:18 Truncating tables: rounds
2025/05/30 09:07:18 Truncating tables: rounds
2025/05/30 09:07:18 Cleaning up test environment...
2025/05/30 09:07:18 Context cancelled.
2025/05/30 09:07:18 EventBus closed.
2025/05/30 09:07:18 NATS connection closed.
2025/05/30 09:07:18 DB connection closed.
2025/05/30 09:07:18 🐳 Stopping container: e0d55998b058
2025/05/30 09:07:18 ✅ Container stopped: e0d55998b058
2025/05/30 09:07:18 🐳 Terminating container: e0d55998b058
2025/05/30 09:07:18 🚫 Container terminated: e0d55998b058
2025/05/30 09:07:18 NATS container terminated.
2025/05/30 09:07:18 🐳 Stopping container: 1ba65b967275
2025/05/30 09:07:18 ✅ Container stopped: 1ba65b967275
2025/05/30 09:07:18 🐳 Terminating container: 1ba65b967275
2025/05/30 09:07:19 🚫 Container terminated: 1ba65b967275
2025/05/30 09:07:19 PostgreSQL container terminated.
2025/05/30 09:07:19 Cleanup complete.
=== RUN   TestParticipantRemoval/Remove_participant_from_round_with_multiple_participants_of_same_response_type
2025/05/30 09:07:19 Starting PostgreSQL container with resource limits...
2025/05/30 09:07:19 🐳 Creating container for image postgres:16-alpine
2025/05/30 09:07:19 ✅ Container created: 548e8021232e
2025/05/30 09:07:19 🐳 Starting container: 548e8021232e
2025/05/30 09:07:19 ✅ Container started: 548e8021232e
2025/05/30 09:07:19 ⏳ Waiting for container id 548e8021232e image: postgres:16-alpine. Waiting for: &{timeout:<nil> deadline:0xc0007620d8 Strategies:[0xc0004d89c0]}
2025/05/30 09:07:21 🔔 Container is ready: 548e8021232e
2025/05/30 09:07:21 PostgreSQL container started with resource limits and init script. URL: postgres://testuser:testpass@localhost:34264/testdb?sslmode=disable
2025/05/30 09:07:21 Starting NATS container with resource limits...
2025/05/30 09:07:21 🐳 Creating container for image nats:2.10-alpine
2025/05/30 09:07:21 ✅ Container created: 55b6296977d0
2025/05/30 09:07:21 🐳 Starting container: 55b6296977d0
2025/05/30 09:07:21 ✅ Container started: 55b6296977d0
2025/05/30 09:07:21 ⏳ Waiting for container id 55b6296977d0 image: nats:2.10-alpine. Waiting for: &{timeout:<nil> deadline:0xc000822878 Strategies:[0xc000a88ae0 0xc000a53bc0]}
2025/05/30 09:07:24 🔔 Container is ready: 55b6296977d0
2025/05/30 09:07:24 NATS container started with resource limits. URL: nats://localhost:34265
Creating user table...
User table created successfully!
2025/05/30 09:07:24 Ran user migrations group #1
Creating round table...
Round table created successfully!
2025/05/30 09:07:24 Ran round migrations group #2
Creating score table...
Score table created successfully!
2025/05/30 09:07:24 Ran score migrations group #3
Creating leaderboard table...
Leaderboard table created successfully!
2025/05/30 09:07:24 Ran leaderboard migrations group #4
2025/05/30 09:07:24 All migrations ran successfully
2025/05/30 09:07:24 newDBServiceWithDB - Registering models
2025/05/30 09:07:24 newDBServiceWithDB - Models registered successfully
2025/05/30 09:07:24 newDBServiceWithDB - DBService initialized: &{UserDB:0xc000708078 RoundDB:0xc000708080 ScoreDB:0xc000708088 LeaderboardDB:0xc000708090 db:0xc000389340}
2025/05/30 09:07:24 Truncating tables: rounds
2025/05/30 09:07:24 Truncating tables: rounds
2025/05/30 09:07:24 Cleaning up test environment...
2025/05/30 09:07:24 Context cancelled.
2025/05/30 09:07:24 EventBus closed.
2025/05/30 09:07:24 NATS connection closed.
2025/05/30 09:07:24 DB connection closed.
2025/05/30 09:07:24 🐳 Stopping container: 55b6296977d0
2025/05/30 09:07:24 ✅ Container stopped: 55b6296977d0
2025/05/30 09:07:24 🐳 Terminating container: 55b6296977d0
2025/05/30 09:07:24 🚫 Container terminated: 55b6296977d0
2025/05/30 09:07:24 NATS container terminated.
2025/05/30 09:07:24 🐳 Stopping container: 548e8021232e
2025/05/30 09:07:25 ✅ Container stopped: 548e8021232e
2025/05/30 09:07:25 🐳 Terminating container: 548e8021232e
2025/05/30 09:07:25 🚫 Container terminated: 548e8021232e
2025/05/30 09:07:25 PostgreSQL container terminated.
2025/05/30 09:07:25 Cleanup complete.
=== RUN   TestParticipantRemoval/Attempt_to_remove_participant_from_non-existent_round_-_Expecting_Error
2025/05/30 09:07:25 Starting PostgreSQL container with resource limits...
2025/05/30 09:07:25 🐳 Creating container for image postgres:16-alpine
2025/05/30 09:07:25 ✅ Container created: 230b0875410a
2025/05/30 09:07:25 🐳 Starting container: 230b0875410a
2025/05/30 09:07:25 ✅ Container started: 230b0875410a
2025/05/30 09:07:25 ⏳ Waiting for container id 230b0875410a image: postgres:16-alpine. Waiting for: &{timeout:<nil> deadline:0xc0005fa090 Strategies:[0xc0004061b0]}
2025/05/30 09:07:27 🔔 Container is ready: 230b0875410a
2025/05/30 09:07:27 PostgreSQL container started with resource limits and init script. URL: postgres://testuser:testpass@localhost:34273/testdb?sslmode=disable
2025/05/30 09:07:27 Starting NATS container with resource limits...
2025/05/30 09:07:27 🐳 Creating container for image nats:2.10-alpine
2025/05/30 09:07:27 ✅ Container created: 51d4d1007d70
2025/05/30 09:07:27 🐳 Starting container: 51d4d1007d70
2025/05/30 09:07:27 ✅ Container started: 51d4d1007d70
2025/05/30 09:07:27 ⏳ Waiting for container id 51d4d1007d70 image: nats:2.10-alpine. Waiting for: &{timeout:<nil> deadline:0xc000946450 Strategies:[0xc00048ac00 0xc000473200]}
2025/05/30 09:07:30 🔔 Container is ready: 51d4d1007d70
2025/05/30 09:07:30 NATS container started with resource limits. URL: nats://localhost:34277
Creating leaderboard table...
Leaderboard table created successfully!
2025/05/30 09:07:30 Ran leaderboard migrations group #1
Creating user table...
User table created successfully!
2025/05/30 09:07:30 Ran user migrations group #2
Creating round table...
Round table created successfully!
2025/05/30 09:07:30 Ran round migrations group #3
Creating score table...
Score table created successfully!
2025/05/30 09:07:30 Ran score migrations group #4
2025/05/30 09:07:30 All migrations ran successfully
2025/05/30 09:07:30 newDBServiceWithDB - Registering models
2025/05/30 09:07:30 newDBServiceWithDB - Models registered successfully
2025/05/30 09:07:30 newDBServiceWithDB - DBService initialized: &{UserDB:0xc000524310 RoundDB:0xc000524318 ScoreDB:0xc000524320 LeaderboardDB:0xc000524328 db:0xc000838f40}
2025/05/30 09:07:30 Truncating tables: rounds
2025/05/30 09:07:30 Truncating tables: rounds
2025/05/30 09:07:30 Cleaning up test environment...
2025/05/30 09:07:30 Context cancelled.
2025/05/30 09:07:30 EventBus closed.
2025/05/30 09:07:30 NATS connection closed.
2025/05/30 09:07:30 DB connection closed.
2025/05/30 09:07:30 🐳 Stopping container: 51d4d1007d70
2025/05/30 09:07:30 ✅ Container stopped: 51d4d1007d70
2025/05/30 09:07:30 🐳 Terminating container: 51d4d1007d70
2025/05/30 09:07:30 🚫 Container terminated: 51d4d1007d70
2025/05/30 09:07:30 NATS container terminated.
2025/05/30 09:07:30 🐳 Stopping container: 230b0875410a
2025/05/30 09:07:31 ✅ Container stopped: 230b0875410a
2025/05/30 09:07:31 🐳 Terminating container: 230b0875410a
2025/05/30 09:07:31 🚫 Container terminated: 230b0875410a
2025/05/30 09:07:31 PostgreSQL container terminated.
2025/05/30 09:07:31 Cleanup complete.
=== RUN   TestParticipantRemoval/Remove_last_participant_from_round_-_Should_result_in_empty_lists
2025/05/30 09:07:31 Starting PostgreSQL container with resource limits...
2025/05/30 09:07:31 🐳 Creating container for image postgres:16-alpine
2025/05/30 09:07:31 ✅ Container created: eeb59863cbc6
2025/05/30 09:07:31 🐳 Starting container: eeb59863cbc6
2025/05/30 09:07:31 ✅ Container started: eeb59863cbc6
2025/05/30 09:07:31 ⏳ Waiting for container id eeb59863cbc6 image: postgres:16-alpine. Waiting for: &{timeout:<nil> deadline:0xc000902400 Strategies:[0xc000682ab0]}
2025/05/30 09:07:33 🔔 Container is ready: eeb59863cbc6
2025/05/30 09:07:33 PostgreSQL container started with resource limits and init script. URL: postgres://testuser:testpass@localhost:34281/testdb?sslmode=disable
2025/05/30 09:07:33 Starting NATS container with resource limits...
2025/05/30 09:07:33 🐳 Creating container for image nats:2.10-alpine
2025/05/30 09:07:33 ✅ Container created: abe16a255419
2025/05/30 09:07:33 🐳 Starting container: abe16a255419
2025/05/30 09:07:34 ✅ Container started: abe16a255419
2025/05/30 09:07:34 ⏳ Waiting for container id abe16a255419 image: nats:2.10-alpine. Waiting for: &{timeout:<nil> deadline:0xc000823410 Strategies:[0xc0008be540 0xc0006823c0]}
2025/05/30 09:07:36 🔔 Container is ready: abe16a255419
2025/05/30 09:07:36 NATS container started with resource limits. URL: nats://localhost:34286
Creating round table...
Round table created successfully!
2025/05/30 09:07:36 Ran round migrations group #1
Creating score table...
Score table created successfully!
2025/05/30 09:07:36 Ran score migrations group #2
Creating leaderboard table...
Leaderboard table created successfully!
2025/05/30 09:07:36 Ran leaderboard migrations group #3
Creating user table...
User table created successfully!
2025/05/30 09:07:36 Ran user migrations group #4
2025/05/30 09:07:36 All migrations ran successfully
2025/05/30 09:07:36 newDBServiceWithDB - Registering models
2025/05/30 09:07:36 newDBServiceWithDB - Models registered successfully
2025/05/30 09:07:36 newDBServiceWithDB - DBService initialized: &{UserDB:0xc00007c498 RoundDB:0xc00007c4a0 ScoreDB:0xc00007c4a8 LeaderboardDB:0xc00007c4c0 db:0xc000838780}
2025/05/30 09:07:36 Truncating tables: rounds
2025/05/30 09:07:36 Truncating tables: rounds
2025/05/30 09:07:36 Cleaning up test environment...
2025/05/30 09:07:36 Context cancelled.
2025/05/30 09:07:36 EventBus closed.
2025/05/30 09:07:36 NATS connection closed.
2025/05/30 09:07:36 DB connection closed.
2025/05/30 09:07:36 🐳 Stopping container: abe16a255419
2025/05/30 09:07:37 ✅ Container stopped: abe16a255419
2025/05/30 09:07:37 🐳 Terminating container: abe16a255419
2025/05/30 09:07:37 🚫 Container terminated: abe16a255419
2025/05/30 09:07:37 NATS container terminated.
2025/05/30 09:07:37 🐳 Stopping container: eeb59863cbc6
2025/05/30 09:07:37 ✅ Container stopped: eeb59863cbc6
2025/05/30 09:07:37 🐳 Terminating container: eeb59863cbc6
2025/05/30 09:07:37 🚫 Container terminated: eeb59863cbc6
2025/05/30 09:07:37 PostgreSQL container terminated.
2025/05/30 09:07:37 Cleanup complete.
--- PASS: TestParticipantRemoval (30.83s)
    --- PASS: TestParticipantRemoval/Valid_removal_of_existing_participant_-_Expecting_ParticipantRemovedPayload (6.14s)
    --- PASS: TestParticipantRemoval/Attempt_to_remove_non-existent_participant_-_Should_succeed_with_no_changes (6.16s)
    --- PASS: TestParticipantRemoval/Remove_participant_from_round_with_multiple_participants_of_same_response_type (6.13s)
    --- PASS: TestParticipantRemoval/Attempt_to_remove_participant_from_non-existent_round_-_Expecting_Error (6.06s)
    --- PASS: TestParticipantRemoval/Remove_last_participant_from_round_-_Should_result_in_empty_lists (6.34s)
=== RUN   TestUpdateParticipantStatus
=== RUN   TestUpdateParticipantStatus/Internal_update:_Participant_status_and_tag_number_set_after_lookup
2025/05/30 09:07:37 Starting PostgreSQL container with resource limits...
2025/05/30 09:07:37 🐳 Creating container for image postgres:16-alpine
2025/05/30 09:07:37 ✅ Container created: e9ef544b7d83
2025/05/30 09:07:37 🐳 Starting container: e9ef544b7d83
2025/05/30 09:07:37 ✅ Container started: e9ef544b7d83
2025/05/30 09:07:37 ⏳ Waiting for container id e9ef544b7d83 image: postgres:16-alpine. Waiting for: &{timeout:<nil> deadline:0xc0005fab10 Strategies:[0xc000849c20]}
2025/05/30 09:07:39 🔔 Container is ready: e9ef544b7d83
2025/05/30 09:07:39 PostgreSQL container started with resource limits and init script. URL: postgres://testuser:testpass@localhost:34296/testdb?sslmode=disable
2025/05/30 09:07:39 Starting NATS container with resource limits...
2025/05/30 09:07:39 🐳 Creating container for image nats:2.10-alpine
2025/05/30 09:07:40 ✅ Container created: 7336de247c9b
2025/05/30 09:07:40 🐳 Starting container: 7336de247c9b
2025/05/30 09:07:40 ✅ Container started: 7336de247c9b
2025/05/30 09:07:40 ⏳ Waiting for container id 7336de247c9b image: nats:2.10-alpine. Waiting for: &{timeout:<nil> deadline:0xc0005fbf98 Strategies:[0xc0000b7200 0xc000980ea0]}
2025/05/30 09:07:42 🔔 Container is ready: 7336de247c9b
2025/05/30 09:07:42 NATS container started with resource limits. URL: nats://localhost:34297
Creating user table...
User table created successfully!
2025/05/30 09:07:42 Ran user migrations group #1
Creating round table...
Round table created successfully!
2025/05/30 09:07:42 Ran round migrations group #2
Creating score table...
Score table created successfully!
2025/05/30 09:07:42 Ran score migrations group #3
Creating leaderboard table...
Leaderboard table created successfully!
2025/05/30 09:07:42 Ran leaderboard migrations group #4
2025/05/30 09:07:42 All migrations ran successfully
2025/05/30 09:07:42 newDBServiceWithDB - Registering models
2025/05/30 09:07:42 newDBServiceWithDB - Models registered successfully
2025/05/30 09:07:42 newDBServiceWithDB - DBService initialized: &{UserDB:0xc0005242b8 RoundDB:0xc0005242c0 ScoreDB:0xc0005242c8 LeaderboardDB:0xc0005242d0 db:0xc0008394c0}
2025/05/30 09:07:42 Truncating tables: rounds
2025/05/30 09:07:42 Truncating tables: rounds
>>> Found existing participant existing_participant at index 0, updating...
>>> Updating response for user existing_participant: Old=TENTATIVE, New=ACCEPT
>>> Updating tag number for user existing_participant: Old=1, New=123
>>> After update: ParticipantsCount=1, Participants=[{existing_participant 123 ACCEPT 0xc0009467b0}]
>>> Update successful. Final participants count: 1
2025/05/30 09:07:42 Cleaning up test environment...
2025/05/30 09:07:42 Context cancelled.
2025/05/30 09:07:42 EventBus closed.
2025/05/30 09:07:42 NATS connection closed.
2025/05/30 09:07:42 DB connection closed.
2025/05/30 09:07:42 🐳 Stopping container: 7336de247c9b
2025/05/30 09:07:43 ✅ Container stopped: 7336de247c9b
2025/05/30 09:07:43 🐳 Terminating container: 7336de247c9b
2025/05/30 09:07:43 🚫 Container terminated: 7336de247c9b
2025/05/30 09:07:43 NATS container terminated.
2025/05/30 09:07:43 🐳 Stopping container: e9ef544b7d83
2025/05/30 09:07:43 ✅ Container stopped: e9ef544b7d83
2025/05/30 09:07:43 🐳 Terminating container: e9ef544b7d83
2025/05/30 09:07:43 🚫 Container terminated: e9ef544b7d83
2025/05/30 09:07:43 PostgreSQL container terminated.
2025/05/30 09:07:43 Cleanup complete.
=== RUN   TestUpdateParticipantStatus/Participant_accepts_without_TagNumber_(adds_participant_with_nil_tag)
2025/05/30 09:07:43 Starting PostgreSQL container with resource limits...
2025/05/30 09:07:43 🐳 Creating container for image postgres:16-alpine
2025/05/30 09:07:43 ✅ Container created: b0e40880279f
2025/05/30 09:07:43 🐳 Starting container: b0e40880279f
2025/05/30 09:07:43 ✅ Container started: b0e40880279f
2025/05/30 09:07:43 ⏳ Waiting for container id b0e40880279f image: postgres:16-alpine. Waiting for: &{timeout:<nil> deadline:0xc000823180 Strategies:[0xc0004d8fc0]}
2025/05/30 09:07:46 🔔 Container is ready: b0e40880279f
2025/05/30 09:07:46 PostgreSQL container started with resource limits and init script. URL: postgres://testuser:testpass@localhost:34305/testdb?sslmode=disable
2025/05/30 09:07:46 Starting NATS container with resource limits...
2025/05/30 09:07:46 🐳 Creating container for image nats:2.10-alpine
2025/05/30 09:07:47 ✅ Container created: 50d2412db4c2
2025/05/30 09:07:47 🐳 Starting container: 50d2412db4c2
2025/05/30 09:07:47 ✅ Container started: 50d2412db4c2
2025/05/30 09:07:47 ⏳ Waiting for container id 50d2412db4c2 image: nats:2.10-alpine. Waiting for: &{timeout:<nil> deadline:0xc00051a588 Strategies:[0xc0008be600 0xc0005b7b90]}
2025/05/30 09:07:48 🔔 Container is ready: 50d2412db4c2
2025/05/30 09:07:48 NATS container started with resource limits. URL: nats://localhost:34309
Creating user table...
User table created successfully!
2025/05/30 09:07:48 Ran user migrations group #1
Creating round table...
Round table created successfully!
2025/05/30 09:07:48 Ran round migrations group #2
Creating score table...
Score table created successfully!
2025/05/30 09:07:48 Ran score migrations group #3
Creating leaderboard table...
Leaderboard table created successfully!
2025/05/30 09:07:48 Ran leaderboard migrations group #4
2025/05/30 09:07:48 All migrations ran successfully
2025/05/30 09:07:48 newDBServiceWithDB - Registering models
2025/05/30 09:07:48 newDBServiceWithDB - Models registered successfully
2025/05/30 09:07:48 newDBServiceWithDB - DBService initialized: &{UserDB:0xc000446110 RoundDB:0xc000446118 ScoreDB:0xc000446120 LeaderboardDB:0xc000446128 db:0xc0007b4880}
2025/05/30 09:07:48 Truncating tables: rounds
2025/05/30 09:07:48 Truncating tables: rounds
>>> Adding new participant: UserID=participant_needs_tag, Response=ACCEPT, TagNumber=<nil>, Score=<nil>
>>> After update: ParticipantsCount=1, Participants=[{participant_needs_tag <nil> ACCEPT <nil>}]
>>> Update successful. Final participants count: 1
2025/05/30 09:07:48 Cleaning up test environment...
2025/05/30 09:07:48 Context cancelled.
2025/05/30 09:07:48 EventBus closed.
2025/05/30 09:07:48 NATS connection closed.
2025/05/30 09:07:48 DB connection closed.
2025/05/30 09:07:48 🐳 Stopping container: 50d2412db4c2
2025/05/30 09:07:48 ✅ Container stopped: 50d2412db4c2
2025/05/30 09:07:48 🐳 Terminating container: 50d2412db4c2
2025/05/30 09:07:48 🚫 Container terminated: 50d2412db4c2
2025/05/30 09:07:48 NATS container terminated.
2025/05/30 09:07:48 🐳 Stopping container: b0e40880279f
2025/05/30 09:07:49 ✅ Container stopped: b0e40880279f
2025/05/30 09:07:49 🐳 Terminating container: b0e40880279f
2025/05/30 09:07:49 🚫 Container terminated: b0e40880279f
2025/05/30 09:07:49 PostgreSQL container terminated.
2025/05/30 09:07:49 Cleanup complete.
=== RUN   TestUpdateParticipantStatus/Participant_declines_(direct_update)
2025/05/30 09:07:49 Starting PostgreSQL container with resource limits...
2025/05/30 09:07:49 🐳 Creating container for image postgres:16-alpine
2025/05/30 09:07:49 ✅ Container created: 6f32c21ec600
2025/05/30 09:07:49 🐳 Starting container: 6f32c21ec600
2025/05/30 09:07:49 ✅ Container started: 6f32c21ec600
2025/05/30 09:07:49 ⏳ Waiting for container id 6f32c21ec600 image: postgres:16-alpine. Waiting for: &{timeout:<nil> deadline:0xc0005fa768 Strategies:[0xc0007c9650]}
2025/05/30 09:07:52 🔔 Container is ready: 6f32c21ec600
2025/05/30 09:07:52 PostgreSQL container started with resource limits and init script. URL: postgres://testuser:testpass@localhost:34313/testdb?sslmode=disable
2025/05/30 09:07:52 Starting NATS container with resource limits...
2025/05/30 09:07:52 🐳 Creating container for image nats:2.10-alpine
2025/05/30 09:07:52 ✅ Container created: a2ab53edc2e5
2025/05/30 09:07:52 🐳 Starting container: a2ab53edc2e5
2025/05/30 09:07:52 ✅ Container started: a2ab53edc2e5
2025/05/30 09:07:52 ⏳ Waiting for container id a2ab53edc2e5 image: nats:2.10-alpine. Waiting for: &{timeout:<nil> deadline:0xc0007620a8 Strategies:[0xc0005919e0 0xc0005b7110]}
2025/05/30 09:07:53 🔔 Container is ready: a2ab53edc2e5
2025/05/30 09:07:53 NATS container started with resource limits. URL: nats://localhost:34318
Creating user table...
User table created successfully!
2025/05/30 09:07:53 Ran user migrations group #1
Creating round table...
Round table created successfully!
2025/05/30 09:07:53 Ran round migrations group #2
Creating score table...
Score table created successfully!
2025/05/30 09:07:53 Ran score migrations group #3
Creating leaderboard table...
Leaderboard table created successfully!
2025/05/30 09:07:53 Ran leaderboard migrations group #4
2025/05/30 09:07:53 All migrations ran successfully
2025/05/30 09:07:53 newDBServiceWithDB - Registering models
2025/05/30 09:07:53 newDBServiceWithDB - Models registered successfully
2025/05/30 09:07:53 newDBServiceWithDB - DBService initialized: &{UserDB:0xc00061a0e0 RoundDB:0xc00061a0e8 ScoreDB:0xc00061a0f0 LeaderboardDB:0xc00061a0f8 db:0xc0002bac00}
2025/05/30 09:07:53 Truncating tables: rounds
2025/05/30 09:07:53 Truncating tables: rounds
>>> Found existing participant participant_to_decline at index 0, updating...
>>> Updating response for user participant_to_decline: Old=ACCEPT, New=DECLINE
>>> Updating tag number for user participant_to_decline: Old=2, New=<nil>
>>> After update: ParticipantsCount=1, Participants=[{participant_to_decline <nil> DECLINE 0xc000aaaf28}]
>>> Update successful. Final participants count: 1
2025/05/30 09:07:54 Cleaning up test environment...
2025/05/30 09:07:54 Context cancelled.
2025/05/30 09:07:54 EventBus closed.
2025/05/30 09:07:54 NATS connection closed.
2025/05/30 09:07:54 DB connection closed.
2025/05/30 09:07:54 🐳 Stopping container: a2ab53edc2e5
2025/05/30 09:07:54 ✅ Container stopped: a2ab53edc2e5
2025/05/30 09:07:54 🐳 Terminating container: a2ab53edc2e5
2025/05/30 09:07:54 🚫 Container terminated: a2ab53edc2e5
2025/05/30 09:07:54 NATS container terminated.
2025/05/30 09:07:54 🐳 Stopping container: 6f32c21ec600
2025/05/30 09:07:54 ✅ Container stopped: 6f32c21ec600
2025/05/30 09:07:54 🐳 Terminating container: 6f32c21ec600
2025/05/30 09:07:54 🚫 Container terminated: 6f32c21ec600
2025/05/30 09:07:54 PostgreSQL container terminated.
2025/05/30 09:07:54 Cleanup complete.
=== RUN   TestUpdateParticipantStatus/Attempt_to_update_participant_in_non-existent_round_(with_tag)_-_Expecting_Error
2025/05/30 09:07:54 Starting PostgreSQL container with resource limits...
2025/05/30 09:07:54 🐳 Creating container for image postgres:16-alpine
2025/05/30 09:07:54 ✅ Container created: 2e3371d31948
2025/05/30 09:07:54 🐳 Starting container: 2e3371d31948
2025/05/30 09:07:55 ✅ Container started: 2e3371d31948
2025/05/30 09:07:55 ⏳ Waiting for container id 2e3371d31948 image: postgres:16-alpine. Waiting for: &{timeout:<nil> deadline:0xc000284b68 Strategies:[0xc0007c9410]}
2025/05/30 09:07:57 🔔 Container is ready: 2e3371d31948
2025/05/30 09:07:57 PostgreSQL container started with resource limits and init script. URL: postgres://testuser:testpass@localhost:34324/testdb?sslmode=disable
2025/05/30 09:07:57 Starting NATS container with resource limits...
2025/05/30 09:07:57 🐳 Creating container for image nats:2.10-alpine
2025/05/30 09:07:57 ✅ Container created: f2673064673b
2025/05/30 09:07:57 🐳 Starting container: f2673064673b
2025/05/30 09:07:57 ✅ Container started: f2673064673b
2025/05/30 09:07:57 ⏳ Waiting for container id f2673064673b image: nats:2.10-alpine. Waiting for: &{timeout:<nil> deadline:0xc000822208 Strategies:[0xc00048b320 0xc000521830]}
2025/05/30 09:07:59 🔔 Container is ready: f2673064673b
2025/05/30 09:07:59 NATS container started with resource limits. URL: nats://localhost:34326
Creating round table...
Round table created successfully!
2025/05/30 09:07:59 Ran round migrations group #1
Creating score table...
Score table created successfully!
2025/05/30 09:07:59 Ran score migrations group #2
Creating leaderboard table...
Leaderboard table created successfully!
2025/05/30 09:07:59 Ran leaderboard migrations group #3
Creating user table...
User table created successfully!
2025/05/30 09:07:59 Ran user migrations group #4
2025/05/30 09:07:59 All migrations ran successfully
2025/05/30 09:07:59 newDBServiceWithDB - Registering models
2025/05/30 09:07:59 newDBServiceWithDB - Models registered successfully
2025/05/30 09:07:59 newDBServiceWithDB - DBService initialized: &{UserDB:0xc000a8c140 RoundDB:0xc000a8c148 ScoreDB:0xc000a8c150 LeaderboardDB:0xc000a8c158 db:0xc000a44780}
2025/05/30 09:08:00 Truncating tables: rounds
2025/05/30 09:08:00 Truncating tables: rounds
2025/05/30 09:08:00 Cleaning up test environment...
2025/05/30 09:08:00 Context cancelled.
2025/05/30 09:08:00 EventBus closed.
2025/05/30 09:08:00 NATS connection closed.
2025/05/30 09:08:00 DB connection closed.
2025/05/30 09:08:00 🐳 Stopping container: f2673064673b
2025/05/30 09:08:00 ✅ Container stopped: f2673064673b
2025/05/30 09:08:00 🐳 Terminating container: f2673064673b
2025/05/30 09:08:00 🚫 Container terminated: f2673064673b
2025/05/30 09:08:00 NATS container terminated.
2025/05/30 09:08:00 🐳 Stopping container: 2e3371d31948
2025/05/30 09:08:00 ✅ Container stopped: 2e3371d31948
2025/05/30 09:08:00 🐳 Terminating container: 2e3371d31948
2025/05/30 09:08:00 🚫 Container terminated: 2e3371d31948
2025/05/30 09:08:00 PostgreSQL container terminated.
2025/05/30 09:08:00 Cleanup complete.
=== RUN   TestUpdateParticipantStatus/Attempt_to_update_participant_in_non-existent_round_(decline)_-_Expecting_Error
2025/05/30 09:08:00 Starting PostgreSQL container with resource limits...
2025/05/30 09:08:00 🐳 Creating container for image postgres:16-alpine
2025/05/30 09:08:00 ✅ Container created: b4128b9bbf77
2025/05/30 09:08:00 🐳 Starting container: b4128b9bbf77
2025/05/30 09:08:01 ✅ Container started: b4128b9bbf77
2025/05/30 09:08:01 ⏳ Waiting for container id b4128b9bbf77 image: postgres:16-alpine. Waiting for: &{timeout:<nil> deadline:0xc000284028 Strategies:[0xc0007b04b0]}
2025/05/30 09:08:03 🔔 Container is ready: b4128b9bbf77
2025/05/30 09:08:03 PostgreSQL container started with resource limits and init script. URL: postgres://testuser:testpass@localhost:34333/testdb?sslmode=disable
2025/05/30 09:08:03 Starting NATS container with resource limits...
2025/05/30 09:08:03 🐳 Creating container for image nats:2.10-alpine
2025/05/30 09:08:03 ✅ Container created: 4fc15ecb50d6
2025/05/30 09:08:03 🐳 Starting container: 4fc15ecb50d6
2025/05/30 09:08:04 ✅ Container started: 4fc15ecb50d6
2025/05/30 09:08:04 ⏳ Waiting for container id 4fc15ecb50d6 image: nats:2.10-alpine. Waiting for: &{timeout:<nil> deadline:0xc0002d2328 Strategies:[0xc000a88900 0xc0004fb1d0]}
2025/05/30 09:08:05 🔔 Container is ready: 4fc15ecb50d6
2025/05/30 09:08:05 NATS container started with resource limits. URL: nats://localhost:34338
Creating leaderboard table...
Leaderboard table created successfully!
2025/05/30 09:08:05 Ran leaderboard migrations group #1
Creating user table...
User table created successfully!
2025/05/30 09:08:05 Ran user migrations group #2
Creating round table...
Round table created successfully!
2025/05/30 09:08:05 Ran round migrations group #3
Creating score table...
Score table created successfully!
2025/05/30 09:08:05 Ran score migrations group #4
2025/05/30 09:08:05 All migrations ran successfully
2025/05/30 09:08:05 newDBServiceWithDB - Registering models
2025/05/30 09:08:05 newDBServiceWithDB - Models registered successfully
2025/05/30 09:08:05 newDBServiceWithDB - DBService initialized: &{UserDB:0xc000524160 RoundDB:0xc000524168 ScoreDB:0xc000524180 LeaderboardDB:0xc000524188 db:0xc00091ef00}
2025/05/30 09:08:05 Truncating tables: rounds
2025/05/30 09:08:05 Truncating tables: rounds
2025/05/30 09:08:06 Cleaning up test environment...
2025/05/30 09:08:06 Context cancelled.
2025/05/30 09:08:06 EventBus closed.
2025/05/30 09:08:06 NATS connection closed.
2025/05/30 09:08:06 DB connection closed.
2025/05/30 09:08:06 🐳 Stopping container: 4fc15ecb50d6
2025/05/30 09:08:06 ✅ Container stopped: 4fc15ecb50d6
2025/05/30 09:08:06 🐳 Terminating container: 4fc15ecb50d6
2025/05/30 09:08:06 🚫 Container terminated: 4fc15ecb50d6
2025/05/30 09:08:06 NATS container terminated.
2025/05/30 09:08:06 🐳 Stopping container: b4128b9bbf77
2025/05/30 09:08:06 ✅ Container stopped: b4128b9bbf77
2025/05/30 09:08:06 🐳 Terminating container: b4128b9bbf77
2025/05/30 09:08:06 🚫 Container terminated: b4128b9bbf77
2025/05/30 09:08:06 PostgreSQL container terminated.
2025/05/30 09:08:06 Cleanup complete.
=== RUN   TestUpdateParticipantStatus/Unknown_response_type_-_Expecting_Error
2025/05/30 09:08:06 Starting PostgreSQL container with resource limits...
2025/05/30 09:08:06 🐳 Creating container for image postgres:16-alpine
2025/05/30 09:08:06 ✅ Container created: b5a9b1bef8f4
2025/05/30 09:08:06 🐳 Starting container: b5a9b1bef8f4
2025/05/30 09:08:07 ✅ Container started: b5a9b1bef8f4
2025/05/30 09:08:07 ⏳ Waiting for container id b5a9b1bef8f4 image: postgres:16-alpine. Waiting for: &{timeout:<nil> deadline:0xc00051bff0 Strategies:[0xc0005b75f0]}
2025/05/30 09:08:09 🔔 Container is ready: b5a9b1bef8f4
2025/05/30 09:08:09 PostgreSQL container started with resource limits and init script. URL: postgres://testuser:testpass@localhost:34344/testdb?sslmode=disable
2025/05/30 09:08:09 Starting NATS container with resource limits...
2025/05/30 09:08:09 🐳 Creating container for image nats:2.10-alpine
2025/05/30 09:08:09 ✅ Container created: 9e5910bed313
2025/05/30 09:08:09 🐳 Starting container: 9e5910bed313
2025/05/30 09:08:10 ✅ Container started: 9e5910bed313
2025/05/30 09:08:10 ⏳ Waiting for container id 9e5910bed313 image: nats:2.10-alpine. Waiting for: &{timeout:<nil> deadline:0xc0002858c0 Strategies:[0xc00066b4a0 0xc000824180]}
2025/05/30 09:08:11 🔔 Container is ready: 9e5910bed313
2025/05/30 09:08:11 NATS container started with resource limits. URL: nats://localhost:34347
Creating user table...
User table created successfully!
2025/05/30 09:08:11 Ran user migrations group #1
Creating round table...
Round table created successfully!
2025/05/30 09:08:11 Ran round migrations group #2
Creating score table...
Score table created successfully!
2025/05/30 09:08:11 Ran score migrations group #3
Creating leaderboard table...
Leaderboard table created successfully!
2025/05/30 09:08:12 Ran leaderboard migrations group #4
2025/05/30 09:08:12 All migrations ran successfully
2025/05/30 09:08:12 newDBServiceWithDB - Registering models
2025/05/30 09:08:12 newDBServiceWithDB - Models registered successfully
2025/05/30 09:08:12 newDBServiceWithDB - DBService initialized: &{UserDB:0xc000b821c8 RoundDB:0xc000b821d0 ScoreDB:0xc000b821d8 LeaderboardDB:0xc000b821e0 db:0xc0006f9580}
2025/05/30 09:08:12 Truncating tables: rounds
2025/05/30 09:08:12 Truncating tables: rounds
2025/05/30 09:08:12 Cleaning up test environment...
2025/05/30 09:08:12 Context cancelled.
2025/05/30 09:08:12 EventBus closed.
2025/05/30 09:08:12 NATS connection closed.
2025/05/30 09:08:12 DB connection closed.
2025/05/30 09:08:12 🐳 Stopping container: 9e5910bed313
2025/05/30 09:08:12 ✅ Container stopped: 9e5910bed313
2025/05/30 09:08:12 🐳 Terminating container: 9e5910bed313
2025/05/30 09:08:12 🚫 Container terminated: 9e5910bed313
2025/05/30 09:08:12 NATS container terminated.
2025/05/30 09:08:12 🐳 Stopping container: b5a9b1bef8f4
2025/05/30 09:08:12 ✅ Container stopped: b5a9b1bef8f4
2025/05/30 09:08:12 🐳 Terminating container: b5a9b1bef8f4
2025/05/30 09:08:12 🚫 Container terminated: b5a9b1bef8f4
2025/05/30 09:08:12 PostgreSQL container terminated.
2025/05/30 09:08:12 Cleanup complete.
--- PASS: TestUpdateParticipantStatus (35.32s)
    --- PASS: TestUpdateParticipantStatus/Internal_update:_Participant_status_and_tag_number_set_after_lookup (6.01s)
    --- PASS: TestUpdateParticipantStatus/Participant_accepts_without_TagNumber_(adds_participant_with_nil_tag) (5.55s)
    --- PASS: TestUpdateParticipantStatus/Participant_declines_(direct_update) (5.65s)
    --- PASS: TestUpdateParticipantStatus/Attempt_to_update_participant_in_non-existent_round_(with_tag)_-_Expecting_Error (5.99s)
    --- PASS: TestUpdateParticipantStatus/Attempt_to_update_participant_in_non-existent_round_(decline)_-_Expecting_Error (5.95s)
    --- PASS: TestUpdateParticipantStatus/Unknown_response_type_-_Expecting_Error (6.17s)
=== RUN   TestCheckParticipantStatus
=== RUN   TestCheckParticipantStatus/User_not_a_participant,_requesting_Accept_-_Expecting_Validation_Request
2025/05/30 09:08:12 Starting PostgreSQL container with resource limits...
2025/05/30 09:08:12 🐳 Creating container for image postgres:16-alpine
2025/05/30 09:08:12 ✅ Container created: e4c1deeb763f
2025/05/30 09:08:12 🐳 Starting container: e4c1deeb763f
2025/05/30 09:08:13 ✅ Container started: e4c1deeb763f
2025/05/30 09:08:13 ⏳ Waiting for container id e4c1deeb763f image: postgres:16-alpine. Waiting for: &{timeout:<nil> deadline:0xc0002d2530 Strategies:[0xc0004064e0]}
2025/05/30 09:08:15 🔔 Container is ready: e4c1deeb763f
2025/05/30 09:08:15 PostgreSQL container started with resource limits and init script. URL: postgres://testuser:testpass@localhost:34356/testdb?sslmode=disable
2025/05/30 09:08:15 Starting NATS container with resource limits...
2025/05/30 09:08:15 🐳 Creating container for image nats:2.10-alpine
2025/05/30 09:08:15 ✅ Container created: 63f5c6422ae5
2025/05/30 09:08:15 🐳 Starting container: 63f5c6422ae5
2025/05/30 09:08:15 ✅ Container started: 63f5c6422ae5
2025/05/30 09:08:15 ⏳ Waiting for container id 63f5c6422ae5 image: nats:2.10-alpine. Waiting for: &{timeout:<nil> deadline:0xc000aaaca0 Strategies:[0xc0008bf6e0 0xc00068a2d0]}
2025/05/30 09:08:17 🔔 Container is ready: 63f5c6422ae5
2025/05/30 09:08:17 NATS container started with resource limits. URL: nats://localhost:34358
Creating user table...
User table created successfully!
2025/05/30 09:08:17 Ran user migrations group #1
Creating round table...
Round table created successfully!
2025/05/30 09:08:17 Ran round migrations group #2
Creating score table...
Score table created successfully!
2025/05/30 09:08:17 Ran score migrations group #3
Creating leaderboard table...
Leaderboard table created successfully!
2025/05/30 09:08:17 Ran leaderboard migrations group #4
2025/05/30 09:08:17 All migrations ran successfully
2025/05/30 09:08:17 newDBServiceWithDB - Registering models
2025/05/30 09:08:17 newDBServiceWithDB - Models registered successfully
2025/05/30 09:08:17 newDBServiceWithDB - DBService initialized: &{UserDB:0xc00007c3a8 RoundDB:0xc00007c3d8 ScoreDB:0xc00007c3e0 LeaderboardDB:0xc00007c3e8 db:0xc000388340}
2025/05/30 09:08:17 Truncating tables: rounds
2025/05/30 09:08:18 Truncating tables: rounds
2025/05/30 09:08:18 Cleaning up test environment...
2025/05/30 09:08:18 Context cancelled.
2025/05/30 09:08:18 EventBus closed.
2025/05/30 09:08:18 NATS connection closed.
2025/05/30 09:08:18 DB connection closed.
2025/05/30 09:08:18 🐳 Stopping container: 63f5c6422ae5
2025/05/30 09:08:18 ✅ Container stopped: 63f5c6422ae5
2025/05/30 09:08:18 🐳 Terminating container: 63f5c6422ae5
2025/05/30 09:08:18 🚫 Container terminated: 63f5c6422ae5
2025/05/30 09:08:18 NATS container terminated.
2025/05/30 09:08:18 🐳 Stopping container: e4c1deeb763f
2025/05/30 09:08:18 ✅ Container stopped: e4c1deeb763f
2025/05/30 09:08:18 🐳 Terminating container: e4c1deeb763f
2025/05/30 09:08:18 🚫 Container terminated: e4c1deeb763f
2025/05/30 09:08:18 PostgreSQL container terminated.
2025/05/30 09:08:18 Cleanup complete.
=== RUN   TestCheckParticipantStatus/User_is_participant_with_Accept,_requesting_Accept_(toggle_off)_-_Expecting_Removal_Request
2025/05/30 09:08:18 Starting PostgreSQL container with resource limits...
2025/05/30 09:08:18 🐳 Creating container for image postgres:16-alpine
2025/05/30 09:08:18 ✅ Container created: 460cd82d1aa1
2025/05/30 09:08:18 🐳 Starting container: 460cd82d1aa1
2025/05/30 09:08:19 ✅ Container started: 460cd82d1aa1
2025/05/30 09:08:19 ⏳ Waiting for container id 460cd82d1aa1 image: postgres:16-alpine. Waiting for: &{timeout:<nil> deadline:0xc0003541b0 Strategies:[0xc000522a50]}
2025/05/30 09:08:21 🔔 Container is ready: 460cd82d1aa1
2025/05/30 09:08:21 PostgreSQL container started with resource limits and init script. URL: postgres://testuser:testpass@localhost:34365/testdb?sslmode=disable
2025/05/30 09:08:21 Starting NATS container with resource limits...
2025/05/30 09:08:21 🐳 Creating container for image nats:2.10-alpine
2025/05/30 09:08:21 ✅ Container created: 0d6c63522598
2025/05/30 09:08:21 🐳 Starting container: 0d6c63522598
2025/05/30 09:08:22 ✅ Container started: 0d6c63522598
2025/05/30 09:08:22 ⏳ Waiting for container id 0d6c63522598 image: nats:2.10-alpine. Waiting for: &{timeout:<nil> deadline:0xc0003552c8 Strategies:[0xc000a885a0 0xc0005a4ed0]}
2025/05/30 09:08:23 🔔 Container is ready: 0d6c63522598
2025/05/30 09:08:23 NATS container started with resource limits. URL: nats://localhost:34370
Creating leaderboard table...
Leaderboard table created successfully!
2025/05/30 09:08:23 Ran leaderboard migrations group #1
Creating user table...
User table created successfully!
2025/05/30 09:08:23 Ran user migrations group #2
Creating round table...
Round table created successfully!
2025/05/30 09:08:23 Ran round migrations group #3
Creating score table...
Score table created successfully!
2025/05/30 09:08:23 Ran score migrations group #4
2025/05/30 09:08:23 All migrations ran successfully
2025/05/30 09:08:23 newDBServiceWithDB - Registering models
2025/05/30 09:08:23 newDBServiceWithDB - Models registered successfully
2025/05/30 09:08:23 newDBServiceWithDB - DBService initialized: &{UserDB:0xc000524240 RoundDB:0xc000524248 ScoreDB:0xc000524250 LeaderboardDB:0xc000524258 db:0xc000388ec0}
2025/05/30 09:08:24 Truncating tables: rounds
2025/05/30 09:08:24 Truncating tables: rounds
2025/05/30 09:08:24 Cleaning up test environment...
2025/05/30 09:08:24 Context cancelled.
2025/05/30 09:08:24 EventBus closed.
2025/05/30 09:08:24 NATS connection closed.
2025/05/30 09:08:24 DB connection closed.
2025/05/30 09:08:24 🐳 Stopping container: 0d6c63522598
2025/05/30 09:08:24 ✅ Container stopped: 0d6c63522598
2025/05/30 09:08:24 🐳 Terminating container: 0d6c63522598
2025/05/30 09:08:24 🚫 Container terminated: 0d6c63522598
2025/05/30 09:08:24 NATS container terminated.
2025/05/30 09:08:24 🐳 Stopping container: 460cd82d1aa1
2025/05/30 09:08:24 ✅ Container stopped: 460cd82d1aa1
2025/05/30 09:08:24 🐳 Terminating container: 460cd82d1aa1
2025/05/30 09:08:24 🚫 Container terminated: 460cd82d1aa1
2025/05/30 09:08:24 PostgreSQL container terminated.
2025/05/30 09:08:24 Cleanup complete.
=== RUN   TestCheckParticipantStatus/User_is_participant_with_Tentative,_requesting_Accept_(change_status)_-_Expecting_Validation_Request
2025/05/30 09:08:24 Starting PostgreSQL container with resource limits...
2025/05/30 09:08:24 🐳 Creating container for image postgres:16-alpine
2025/05/30 09:08:24 ✅ Container created: a295e7ecae3d
2025/05/30 09:08:24 🐳 Starting container: a295e7ecae3d
2025/05/30 09:08:24 ✅ Container started: a295e7ecae3d
2025/05/30 09:08:24 ⏳ Waiting for container id a295e7ecae3d image: postgres:16-alpine. Waiting for: &{timeout:<nil> deadline:0xc0002d3ca8 Strategies:[0xc00068b950]}
2025/05/30 09:08:27 🔔 Container is ready: a295e7ecae3d
2025/05/30 09:08:27 PostgreSQL container started with resource limits and init script. URL: postgres://testuser:testpass@localhost:34376/testdb?sslmode=disable
2025/05/30 09:08:27 Starting NATS container with resource limits...
2025/05/30 09:08:27 🐳 Creating container for image nats:2.10-alpine
2025/05/30 09:08:27 ✅ Container created: ea527012f5a4
2025/05/30 09:08:27 🐳 Starting container: ea527012f5a4
2025/05/30 09:08:28 ✅ Container started: ea527012f5a4
2025/05/30 09:08:28 ⏳ Waiting for container id ea527012f5a4 image: nats:2.10-alpine. Waiting for: &{timeout:<nil> deadline:0xc0008239b0 Strategies:[0xc000590c60 0xc0005b6240]}
2025/05/30 09:08:29 🔔 Container is ready: ea527012f5a4
2025/05/30 09:08:29 NATS container started with resource limits. URL: nats://localhost:34379
Creating user table...
User table created successfully!
2025/05/30 09:08:29 Ran user migrations group #1
Creating round table...
Round table created successfully!
2025/05/30 09:08:29 Ran round migrations group #2
Creating score table...
Score table created successfully!
2025/05/30 09:08:29 Ran score migrations group #3
Creating leaderboard table...
Leaderboard table created successfully!
2025/05/30 09:08:29 Ran leaderboard migrations group #4
2025/05/30 09:08:29 All migrations ran successfully
2025/05/30 09:08:29 newDBServiceWithDB - Registering models
2025/05/30 09:08:29 newDBServiceWithDB - Models registered successfully
2025/05/30 09:08:29 newDBServiceWithDB - DBService initialized: &{UserDB:0xc000800000 RoundDB:0xc000800008 ScoreDB:0xc000800010 LeaderboardDB:0xc000800018 db:0xc000691340}
2025/05/30 09:08:30 Truncating tables: rounds
2025/05/30 09:08:30 Truncating tables: rounds
2025/05/30 09:08:30 Cleaning up test environment...
2025/05/30 09:08:30 Context cancelled.
2025/05/30 09:08:30 EventBus closed.
2025/05/30 09:08:30 NATS connection closed.
2025/05/30 09:08:30 DB connection closed.
2025/05/30 09:08:30 🐳 Stopping container: ea527012f5a4
2025/05/30 09:08:30 ✅ Container stopped: ea527012f5a4
2025/05/30 09:08:30 🐳 Terminating container: ea527012f5a4
2025/05/30 09:08:30 🚫 Container terminated: ea527012f5a4
2025/05/30 09:08:30 NATS container terminated.
2025/05/30 09:08:30 🐳 Stopping container: a295e7ecae3d
2025/05/30 09:08:30 ✅ Container stopped: a295e7ecae3d
2025/05/30 09:08:30 🐳 Terminating container: a295e7ecae3d
2025/05/30 09:08:30 🚫 Container terminated: a295e7ecae3d
2025/05/30 09:08:30 PostgreSQL container terminated.
2025/05/30 09:08:30 Cleanup complete.
=== RUN   TestCheckParticipantStatus/Round_ID_is_nil_-_Expecting_Error
2025/05/30 09:08:30 Starting PostgreSQL container with resource limits...
2025/05/30 09:08:30 🐳 Creating container for image postgres:16-alpine
2025/05/30 09:08:30 ✅ Container created: 2985e07ea4a4
2025/05/30 09:08:30 🐳 Starting container: 2985e07ea4a4
2025/05/30 09:08:31 ✅ Container started: 2985e07ea4a4
2025/05/30 09:08:31 ⏳ Waiting for container id 2985e07ea4a4 image: postgres:16-alpine. Waiting for: &{timeout:<nil> deadline:0xc0008cc988 Strategies:[0xc00089f980]}
2025/05/30 09:08:33 🔔 Container is ready: 2985e07ea4a4
2025/05/30 09:08:33 PostgreSQL container started with resource limits and init script. URL: postgres://testuser:testpass@localhost:34388/testdb?sslmode=disable
2025/05/30 09:08:33 Starting NATS container with resource limits...
2025/05/30 09:08:33 🐳 Creating container for image nats:2.10-alpine
2025/05/30 09:08:33 ✅ Container created: b2b6e5fa588f
2025/05/30 09:08:33 🐳 Starting container: b2b6e5fa588f
2025/05/30 09:08:33 ✅ Container started: b2b6e5fa588f
2025/05/30 09:08:33 ⏳ Waiting for container id b2b6e5fa588f image: nats:2.10-alpine. Waiting for: &{timeout:<nil> deadline:0xc000762a88 Strategies:[0xc000827440 0xc000824360]}
2025/05/30 09:08:35 🔔 Container is ready: b2b6e5fa588f
2025/05/30 09:08:35 NATS container started with resource limits. URL: nats://localhost:34390
Creating user table...
User table created successfully!
2025/05/30 09:08:35 Ran user migrations group #1
Creating round table...
Round table created successfully!
2025/05/30 09:08:35 Ran round migrations group #2
Creating score table...
Score table created successfully!
2025/05/30 09:08:35 Ran score migrations group #3
Creating leaderboard table...
Leaderboard table created successfully!
2025/05/30 09:08:35 Ran leaderboard migrations group #4
2025/05/30 09:08:35 All migrations ran successfully
2025/05/30 09:08:35 newDBServiceWithDB - Registering models
2025/05/30 09:08:35 newDBServiceWithDB - Models registered successfully
2025/05/30 09:08:35 newDBServiceWithDB - DBService initialized: &{UserDB:0xc000524240 RoundDB:0xc000524248 ScoreDB:0xc000524250 LeaderboardDB:0xc000524258 db:0xc0002ba980}
2025/05/30 09:08:36 Truncating tables: rounds
2025/05/30 09:08:36 Truncating tables: rounds
2025/05/30 09:08:36 Cleaning up test environment...
2025/05/30 09:08:36 Context cancelled.
2025/05/30 09:08:36 EventBus closed.
2025/05/30 09:08:36 NATS connection closed.
2025/05/30 09:08:36 DB connection closed.
2025/05/30 09:08:36 🐳 Stopping container: b2b6e5fa588f
2025/05/30 09:08:36 ✅ Container stopped: b2b6e5fa588f
2025/05/30 09:08:36 🐳 Terminating container: b2b6e5fa588f
2025/05/30 09:08:36 🚫 Container terminated: b2b6e5fa588f
2025/05/30 09:08:36 NATS container terminated.
2025/05/30 09:08:36 🐳 Stopping container: 2985e07ea4a4
2025/05/30 09:08:36 ✅ Container stopped: 2985e07ea4a4
2025/05/30 09:08:36 🐳 Terminating container: 2985e07ea4a4
2025/05/30 09:08:36 🚫 Container terminated: 2985e07ea4a4
2025/05/30 09:08:36 PostgreSQL container terminated.
2025/05/30 09:08:36 Cleanup complete.
=== RUN   TestCheckParticipantStatus/Attempt_to_check_status_for_a_non-existent_round_-_Expecting_Error
2025/05/30 09:08:36 Starting PostgreSQL container with resource limits...
2025/05/30 09:08:36 🐳 Creating container for image postgres:16-alpine
2025/05/30 09:08:36 ✅ Container created: 03ea2d819666
2025/05/30 09:08:36 🐳 Starting container: 03ea2d819666
2025/05/30 09:08:37 ✅ Container started: 03ea2d819666
2025/05/30 09:08:37 ⏳ Waiting for container id 03ea2d819666 image: postgres:16-alpine. Waiting for: &{timeout:<nil> deadline:0xc000a3d180 Strategies:[0xc000289c20]}
2025/05/30 09:08:39 🔔 Container is ready: 03ea2d819666
2025/05/30 09:08:39 PostgreSQL container started with resource limits and init script. URL: postgres://testuser:testpass@localhost:34397/testdb?sslmode=disable
2025/05/30 09:08:39 Starting NATS container with resource limits...
2025/05/30 09:08:39 🐳 Creating container for image nats:2.10-alpine
2025/05/30 09:08:39 ✅ Container created: 68aa16e31891
2025/05/30 09:08:39 🐳 Starting container: 68aa16e31891
2025/05/30 09:08:40 ✅ Container started: 68aa16e31891
2025/05/30 09:08:40 ⏳ Waiting for container id 68aa16e31891 image: nats:2.10-alpine. Waiting for: &{timeout:<nil> deadline:0xc00051a0b8 Strategies:[0xc0006c9920 0xc000521ef0]}
2025/05/30 09:08:41 🔔 Container is ready: 68aa16e31891
2025/05/30 09:08:41 NATS container started with resource limits. URL: nats://localhost:34402
Creating user table...
User table created successfully!
2025/05/30 09:08:41 Ran user migrations group #1
Creating round table...
Round table created successfully!
2025/05/30 09:08:41 Ran round migrations group #2
Creating score table...
Score table created successfully!
2025/05/30 09:08:41 Ran score migrations group #3
Creating leaderboard table...
Leaderboard table created successfully!
2025/05/30 09:08:41 Ran leaderboard migrations group #4
2025/05/30 09:08:41 All migrations ran successfully
2025/05/30 09:08:41 newDBServiceWithDB - Registering models
2025/05/30 09:08:41 newDBServiceWithDB - Models registered successfully
2025/05/30 09:08:41 newDBServiceWithDB - DBService initialized: &{UserDB:0xc000446128 RoundDB:0xc000446130 ScoreDB:0xc000446138 LeaderboardDB:0xc000446140 db:0xc000802700}
2025/05/30 09:08:41 Truncating tables: rounds
2025/05/30 09:08:41 Truncating tables: rounds
2025/05/30 09:08:41 Cleaning up test environment...
2025/05/30 09:08:41 Context cancelled.
2025/05/30 09:08:41 EventBus closed.
2025/05/30 09:08:41 NATS connection closed.
2025/05/30 09:08:41 DB connection closed.
2025/05/30 09:08:41 🐳 Stopping container: 68aa16e31891
2025/05/30 09:08:42 ✅ Container stopped: 68aa16e31891
2025/05/30 09:08:42 🐳 Terminating container: 68aa16e31891
2025/05/30 09:08:42 🚫 Container terminated: 68aa16e31891
2025/05/30 09:08:42 NATS container terminated.
2025/05/30 09:08:42 🐳 Stopping container: 03ea2d819666
2025/05/30 09:08:42 ✅ Container stopped: 03ea2d819666
2025/05/30 09:08:42 🐳 Terminating container: 03ea2d819666
2025/05/30 09:08:42 🚫 Container terminated: 03ea2d819666
2025/05/30 09:08:42 PostgreSQL container terminated.
2025/05/30 09:08:42 Cleanup complete.
--- PASS: TestCheckParticipantStatus (29.72s)
    --- PASS: TestCheckParticipantStatus/User_not_a_participant,_requesting_Accept_-_Expecting_Validation_Request (5.92s)
    --- PASS: TestCheckParticipantStatus/User_is_participant_with_Accept,_requesting_Accept_(toggle_off)_-_Expecting_Removal_Request (5.96s)
    --- PASS: TestCheckParticipantStatus/User_is_participant_with_Tentative,_requesting_Accept_(change_status)_-_Expecting_Validation_Request (6.06s)
    --- PASS: TestCheckParticipantStatus/Round_ID_is_nil_-_Expecting_Error (5.90s)
    --- PASS: TestCheckParticipantStatus/Attempt_to_check_status_for_a_non-existent_round_-_Expecting_Error (5.87s)
=== RUN   TestValidateParticipantJoinRequest
=== RUN   TestValidateParticipantJoinRequest/Valid_Accept_request,_round_Created_(not_late_join)_-_Expecting_TagLookupRequestPayload
2025/05/30 09:08:42 Starting PostgreSQL container with resource limits...
2025/05/30 09:08:42 🐳 Creating container for image postgres:16-alpine
2025/05/30 09:08:42 ✅ Container created: fd4633a3b41a
2025/05/30 09:08:42 🐳 Starting container: fd4633a3b41a
2025/05/30 09:08:42 ✅ Container started: fd4633a3b41a
2025/05/30 09:08:42 ⏳ Waiting for container id fd4633a3b41a image: postgres:16-alpine. Waiting for: &{timeout:<nil> deadline:0xc000a3ca00 Strategies:[0xc00068a4e0]}
2025/05/30 09:08:45 🔔 Container is ready: fd4633a3b41a
2025/05/30 09:08:45 PostgreSQL container started with resource limits and init script. URL: postgres://testuser:testpass@localhost:34408/testdb?sslmode=disable
2025/05/30 09:08:45 Starting NATS container with resource limits...
2025/05/30 09:08:45 🐳 Creating container for image nats:2.10-alpine
2025/05/30 09:08:45 ✅ Container created: 93590f9990c9
2025/05/30 09:08:45 🐳 Starting container: 93590f9990c9
2025/05/30 09:08:46 ✅ Container started: 93590f9990c9
2025/05/30 09:08:46 ⏳ Waiting for container id 93590f9990c9 image: nats:2.10-alpine. Waiting for: &{timeout:<nil> deadline:0xc000355f58 Strategies:[0xc000591da0 0xc000824ba0]}
2025/05/30 09:08:47 🔔 Container is ready: 93590f9990c9
2025/05/30 09:08:47 NATS container started with resource limits. URL: nats://localhost:34411
Creating user table...
User table created successfully!
2025/05/30 09:08:47 Ran user migrations group #1
Creating round table...
Round table created successfully!
2025/05/30 09:08:47 Ran round migrations group #2
Creating score table...
Score table created successfully!
2025/05/30 09:08:47 Ran score migrations group #3
Creating leaderboard table...
Leaderboard table created successfully!
2025/05/30 09:08:47 Ran leaderboard migrations group #4
2025/05/30 09:08:47 All migrations ran successfully
2025/05/30 09:08:47 newDBServiceWithDB - Registering models
2025/05/30 09:08:47 newDBServiceWithDB - Models registered successfully
2025/05/30 09:08:47 newDBServiceWithDB - DBService initialized: &{UserDB:0xc00007c3a0 RoundDB:0xc00007c3a8 ScoreDB:0xc00007c3d8 LeaderboardDB:0xc00007c3e0 db:0xc000988ac0}
2025/05/30 09:08:47 Truncating tables: rounds
2025/05/30 09:08:48 Truncating tables: rounds
2025/05/30 09:08:48 Cleaning up test environment...
2025/05/30 09:08:48 Context cancelled.
2025/05/30 09:08:48 EventBus closed.
2025/05/30 09:08:48 NATS connection closed.
2025/05/30 09:08:48 DB connection closed.
2025/05/30 09:08:48 🐳 Stopping container: 93590f9990c9
2025/05/30 09:08:48 ✅ Container stopped: 93590f9990c9
2025/05/30 09:08:48 🐳 Terminating container: 93590f9990c9
2025/05/30 09:08:48 🚫 Container terminated: 93590f9990c9
2025/05/30 09:08:48 NATS container terminated.
2025/05/30 09:08:48 🐳 Stopping container: fd4633a3b41a
2025/05/30 09:08:48 ✅ Container stopped: fd4633a3b41a
2025/05/30 09:08:48 🐳 Terminating container: fd4633a3b41a
2025/05/30 09:08:48 🚫 Container terminated: fd4633a3b41a
2025/05/30 09:08:48 PostgreSQL container terminated.
2025/05/30 09:08:48 Cleanup complete.
=== RUN   TestValidateParticipantJoinRequest/Valid_Tentative_request,_round_InProgress_(late_join)_-_Expecting_TagLookupRequestPayload
2025/05/30 09:08:48 Starting PostgreSQL container with resource limits...
2025/05/30 09:08:48 🐳 Creating container for image postgres:16-alpine
2025/05/30 09:08:48 ✅ Container created: 9e3dc3b2b08a
2025/05/30 09:08:48 🐳 Starting container: 9e3dc3b2b08a
2025/05/30 09:08:49 ✅ Container started: 9e3dc3b2b08a
2025/05/30 09:08:49 ⏳ Waiting for container id 9e3dc3b2b08a image: postgres:16-alpine. Waiting for: &{timeout:<nil> deadline:0xc000762940 Strategies:[0xc000985410]}
2025/05/30 09:08:51 🔔 Container is ready: 9e3dc3b2b08a
2025/05/30 09:08:51 PostgreSQL container started with resource limits and init script. URL: postgres://testuser:testpass@localhost:34420/testdb?sslmode=disable
2025/05/30 09:08:51 Starting NATS container with resource limits...
2025/05/30 09:08:51 🐳 Creating container for image nats:2.10-alpine
2025/05/30 09:08:51 ✅ Container created: a4fc8ab72dd3
2025/05/30 09:08:51 🐳 Starting container: a4fc8ab72dd3
2025/05/30 09:08:51 ✅ Container started: a4fc8ab72dd3
2025/05/30 09:08:51 ⏳ Waiting for container id a4fc8ab72dd3 image: nats:2.10-alpine. Waiting for: &{timeout:<nil> deadline:0xc0005fbea8 Strategies:[0xc000a89da0 0xc0005206f0]}
2025/05/30 09:08:53 🔔 Container is ready: a4fc8ab72dd3
2025/05/30 09:08:53 NATS container started with resource limits. URL: nats://localhost:34425
Creating leaderboard table...
Leaderboard table created successfully!
2025/05/30 09:08:53 Ran leaderboard migrations group #1
Creating user table...
User table created successfully!
2025/05/30 09:08:53 Ran user migrations group #2
Creating round table...
Round table created successfully!
2025/05/30 09:08:53 Ran round migrations group #3
Creating score table...
Score table created successfully!
2025/05/30 09:08:53 Ran score migrations group #4
2025/05/30 09:08:53 All migrations ran successfully
2025/05/30 09:08:53 newDBServiceWithDB - Registering models
2025/05/30 09:08:53 newDBServiceWithDB - Models registered successfully
2025/05/30 09:08:53 newDBServiceWithDB - DBService initialized: &{UserDB:0xc000524058 RoundDB:0xc000524060 ScoreDB:0xc000524078 LeaderboardDB:0xc000524080 db:0xc000389440}
2025/05/30 09:08:53 Truncating tables: rounds
2025/05/30 09:08:54 Truncating tables: rounds
2025/05/30 09:08:54 Cleaning up test environment...
2025/05/30 09:08:54 Context cancelled.
2025/05/30 09:08:54 EventBus closed.
2025/05/30 09:08:54 NATS connection closed.
2025/05/30 09:08:54 DB connection closed.
2025/05/30 09:08:54 🐳 Stopping container: a4fc8ab72dd3
2025/05/30 09:08:54 ✅ Container stopped: a4fc8ab72dd3
2025/05/30 09:08:54 🐳 Terminating container: a4fc8ab72dd3
2025/05/30 09:08:54 🚫 Container terminated: a4fc8ab72dd3
2025/05/30 09:08:54 NATS container terminated.
2025/05/30 09:08:54 🐳 Stopping container: 9e3dc3b2b08a
2025/05/30 09:08:54 ✅ Container stopped: 9e3dc3b2b08a
2025/05/30 09:08:54 🐳 Terminating container: 9e3dc3b2b08a
2025/05/30 09:08:54 🚫 Container terminated: 9e3dc3b2b08a
2025/05/30 09:08:54 PostgreSQL container terminated.
2025/05/30 09:08:54 Cleanup complete.
=== RUN   TestValidateParticipantJoinRequest/Valid_Decline_request,_round_Finalized_(late_join)_-_Expecting_ParticipantJoinRequestPayload
2025/05/30 09:08:54 Starting PostgreSQL container with resource limits...
2025/05/30 09:08:54 🐳 Creating container for image postgres:16-alpine
2025/05/30 09:08:54 ✅ Container created: 4d822e5d5023
2025/05/30 09:08:54 🐳 Starting container: 4d822e5d5023
2025/05/30 09:08:55 ✅ Container started: 4d822e5d5023
2025/05/30 09:08:55 ⏳ Waiting for container id 4d822e5d5023 image: postgres:16-alpine. Waiting for: &{timeout:<nil> deadline:0xc000285908 Strategies:[0xc000985f50]}
2025/05/30 09:08:57 🔔 Container is ready: 4d822e5d5023
2025/05/30 09:08:57 PostgreSQL container started with resource limits and init script. URL: postgres://testuser:testpass@localhost:34429/testdb?sslmode=disable
2025/05/30 09:08:57 Starting NATS container with resource limits...
2025/05/30 09:08:57 🐳 Creating container for image nats:2.10-alpine
2025/05/30 09:08:57 ✅ Container created: 1b364fc2c20d
2025/05/30 09:08:57 🐳 Starting container: 1b364fc2c20d
2025/05/30 09:08:58 ✅ Container started: 1b364fc2c20d
2025/05/30 09:08:58 ⏳ Waiting for container id 1b364fc2c20d image: nats:2.10-alpine. Waiting for: &{timeout:<nil> deadline:0xc0002842d8 Strategies:[0xc000a88960 0xc000522780]}
2025/05/30 09:08:59 🔔 Container is ready: 1b364fc2c20d
2025/05/30 09:08:59 NATS container started with resource limits. URL: nats://localhost:34431
Creating leaderboard table...
Leaderboard table created successfully!
2025/05/30 09:09:00 Ran leaderboard migrations group #1
Creating user table...
User table created successfully!
2025/05/30 09:09:00 Ran user migrations group #2
Creating round table...
Round table created successfully!
2025/05/30 09:09:00 Ran round migrations group #3
Creating score table...
Score table created successfully!
2025/05/30 09:09:00 Ran score migrations group #4
2025/05/30 09:09:00 All migrations ran successfully
2025/05/30 09:09:00 newDBServiceWithDB - Registering models
2025/05/30 09:09:00 newDBServiceWithDB - Models registered successfully
2025/05/30 09:09:00 newDBServiceWithDB - DBService initialized: &{UserDB:0xc0006140d0 RoundDB:0xc0006140d8 ScoreDB:0xc0006140e0 LeaderboardDB:0xc0006140e8 db:0xc000b10680}
2025/05/30 09:09:00 Truncating tables: rounds
2025/05/30 09:09:00 Truncating tables: rounds
2025/05/30 09:09:00 Cleaning up test environment...
2025/05/30 09:09:00 Context cancelled.
2025/05/30 09:09:00 EventBus closed.
2025/05/30 09:09:00 NATS connection closed.
2025/05/30 09:09:00 DB connection closed.
2025/05/30 09:09:00 🐳 Stopping container: 1b364fc2c20d
2025/05/30 09:09:00 ✅ Container stopped: 1b364fc2c20d
2025/05/30 09:09:00 🐳 Terminating container: 1b364fc2c20d
2025/05/30 09:09:00 🚫 Container terminated: 1b364fc2c20d
2025/05/30 09:09:00 NATS container terminated.
2025/05/30 09:09:00 🐳 Stopping container: 4d822e5d5023
2025/05/30 09:09:00 ✅ Container stopped: 4d822e5d5023
2025/05/30 09:09:00 🐳 Terminating container: 4d822e5d5023
2025/05/30 09:09:00 🚫 Container terminated: 4d822e5d5023
2025/05/30 09:09:00 PostgreSQL container terminated.
2025/05/30 09:09:00 Cleanup complete.
=== RUN   TestValidateParticipantJoinRequest/Invalid:_Nil_Round_ID_-_Expecting_Error
2025/05/30 09:09:00 Starting PostgreSQL container with resource limits...
2025/05/30 09:09:00 🐳 Creating container for image postgres:16-alpine
2025/05/30 09:09:01 ✅ Container created: 7a6687db4238
2025/05/30 09:09:01 🐳 Starting container: 7a6687db4238
2025/05/30 09:09:01 ✅ Container started: 7a6687db4238
2025/05/30 09:09:01 ⏳ Waiting for container id 7a6687db4238 image: postgres:16-alpine. Waiting for: &{timeout:<nil> deadline:0xc000a44be8 Strategies:[0xc0002885a0]}
2025/05/30 09:09:03 🔔 Container is ready: 7a6687db4238
2025/05/30 09:09:03 PostgreSQL container started with resource limits and init script. URL: postgres://testuser:testpass@localhost:34440/testdb?sslmode=disable
2025/05/30 09:09:03 Starting NATS container with resource limits...
2025/05/30 09:09:03 🐳 Creating container for image nats:2.10-alpine
2025/05/30 09:09:03 ✅ Container created: 09991ba6bf41
2025/05/30 09:09:03 🐳 Starting container: 09991ba6bf41
2025/05/30 09:09:04 ✅ Container started: 09991ba6bf41
2025/05/30 09:09:04 ⏳ Waiting for container id 09991ba6bf41 image: nats:2.10-alpine. Waiting for: &{timeout:<nil> deadline:0xc00091bb98 Strategies:[0xc000827380 0xc00087d710]}
2025/05/30 09:09:05 🔔 Container is ready: 09991ba6bf41
2025/05/30 09:09:05 NATS container started with resource limits. URL: nats://localhost:34446
Creating leaderboard table...
Leaderboard table created successfully!
2025/05/30 09:09:05 Ran leaderboard migrations group #1
Creating user table...
User table created successfully!
2025/05/30 09:09:05 Ran user migrations group #2
Creating round table...
Round table created successfully!
2025/05/30 09:09:05 Ran round migrations group #3
Creating score table...
Score table created successfully!
2025/05/30 09:09:05 Ran score migrations group #4
2025/05/30 09:09:05 All migrations ran successfully
2025/05/30 09:09:05 newDBServiceWithDB - Registering models
2025/05/30 09:09:05 newDBServiceWithDB - Models registered successfully
2025/05/30 09:09:05 newDBServiceWithDB - DBService initialized: &{UserDB:0xc000446160 RoundDB:0xc000446168 ScoreDB:0xc000446170 LeaderboardDB:0xc000446178 db:0xc0002baa80}
2025/05/30 09:09:05 Truncating tables: rounds
2025/05/30 09:09:05 Truncating tables: rounds
2025/05/30 09:09:06 Cleaning up test environment...
2025/05/30 09:09:06 Context cancelled.
2025/05/30 09:09:06 EventBus closed.
2025/05/30 09:09:06 NATS connection closed.
2025/05/30 09:09:06 DB connection closed.
2025/05/30 09:09:06 🐳 Stopping container: 09991ba6bf41
2025/05/30 09:09:06 ✅ Container stopped: 09991ba6bf41
2025/05/30 09:09:06 🐳 Terminating container: 09991ba6bf41
2025/05/30 09:09:06 🚫 Container terminated: 09991ba6bf41
2025/05/30 09:09:06 NATS container terminated.
2025/05/30 09:09:06 🐳 Stopping container: 7a6687db4238
2025/05/30 09:09:06 ✅ Container stopped: 7a6687db4238
2025/05/30 09:09:06 🐳 Terminating container: 7a6687db4238
2025/05/30 09:09:06 🚫 Container terminated: 7a6687db4238
2025/05/30 09:09:06 PostgreSQL container terminated.
2025/05/30 09:09:06 Cleanup complete.
=== RUN   TestValidateParticipantJoinRequest/Invalid:_Empty_User_ID_-_Expecting_Error
2025/05/30 09:09:06 Starting PostgreSQL container with resource limits...
2025/05/30 09:09:06 🐳 Creating container for image postgres:16-alpine
2025/05/30 09:09:06 ✅ Container created: 117a4b6acc60
2025/05/30 09:09:06 🐳 Starting container: 117a4b6acc60
2025/05/30 09:09:06 ✅ Container started: 117a4b6acc60
2025/05/30 09:09:06 ⏳ Waiting for container id 117a4b6acc60 image: postgres:16-alpine. Waiting for: &{timeout:<nil> deadline:0xc00051ace8 Strategies:[0xc0007ffbc0]}
2025/05/30 09:09:09 🔔 Container is ready: 117a4b6acc60
2025/05/30 09:09:09 PostgreSQL container started with resource limits and init script. URL: postgres://testuser:testpass@localhost:34452/testdb?sslmode=disable
2025/05/30 09:09:09 Starting NATS container with resource limits...
2025/05/30 09:09:09 🐳 Creating container for image nats:2.10-alpine
2025/05/30 09:09:09 ✅ Container created: a18cc9e043e5
2025/05/30 09:09:09 🐳 Starting container: a18cc9e043e5
2025/05/30 09:09:09 ✅ Container started: a18cc9e043e5
2025/05/30 09:09:09 ⏳ Waiting for container id a18cc9e043e5 image: nats:2.10-alpine. Waiting for: &{timeout:<nil> deadline:0xc00091a710 Strategies:[0xc0008bf560 0xc000311c50]}
2025/05/30 09:09:11 🔔 Container is ready: a18cc9e043e5
2025/05/30 09:09:11 NATS container started with resource limits. URL: nats://localhost:34454
Creating leaderboard table...
Leaderboard table created successfully!
2025/05/30 09:09:11 Ran leaderboard migrations group #1
Creating user table...
User table created successfully!
2025/05/30 09:09:11 Ran user migrations group #2
Creating round table...
Round table created successfully!
2025/05/30 09:09:11 Ran round migrations group #3
Creating score table...
Score table created successfully!
2025/05/30 09:09:11 Ran score migrations group #4
2025/05/30 09:09:11 All migrations ran successfully
2025/05/30 09:09:11 newDBServiceWithDB - Registering models
2025/05/30 09:09:11 newDBServiceWithDB - Models registered successfully
2025/05/30 09:09:11 newDBServiceWithDB - DBService initialized: &{UserDB:0xc000a8a168 RoundDB:0xc000a8a170 ScoreDB:0xc000a8a178 LeaderboardDB:0xc000a8a180 db:0xc000a8e6c0}
2025/05/30 09:09:11 Truncating tables: rounds
2025/05/30 09:09:11 Truncating tables: rounds
2025/05/30 09:09:12 Cleaning up test environment...
2025/05/30 09:09:12 Context cancelled.
2025/05/30 09:09:12 EventBus closed.
2025/05/30 09:09:12 NATS connection closed.
2025/05/30 09:09:12 DB connection closed.
2025/05/30 09:09:12 🐳 Stopping container: a18cc9e043e5
2025/05/30 09:09:12 ✅ Container stopped: a18cc9e043e5
2025/05/30 09:09:12 🐳 Terminating container: a18cc9e043e5
2025/05/30 09:09:12 🚫 Container terminated: a18cc9e043e5
2025/05/30 09:09:12 NATS container terminated.
2025/05/30 09:09:12 🐳 Stopping container: 117a4b6acc60
2025/05/30 09:09:12 ✅ Container stopped: 117a4b6acc60
2025/05/30 09:09:12 🐳 Terminating container: 117a4b6acc60
2025/05/30 09:09:12 🚫 Container terminated: 117a4b6acc60
2025/05/30 09:09:12 PostgreSQL container terminated.
2025/05/30 09:09:12 Cleanup complete.
=== RUN   TestValidateParticipantJoinRequest/Attempt_to_validate_join_for_a_non-existent_round_-_Expecting_Error
2025/05/30 09:09:12 Starting PostgreSQL container with resource limits...
2025/05/30 09:09:12 🐳 Creating container for image postgres:16-alpine
2025/05/30 09:09:12 ✅ Container created: bd8168dc799e
2025/05/30 09:09:12 🐳 Starting container: bd8168dc799e
2025/05/30 09:09:13 ✅ Container started: bd8168dc799e
2025/05/30 09:09:13 ⏳ Waiting for container id bd8168dc799e image: postgres:16-alpine. Waiting for: &{timeout:<nil> deadline:0xc0008b2e88 Strategies:[0xc000521c50]}
2025/05/30 09:09:15 🔔 Container is ready: bd8168dc799e
2025/05/30 09:09:15 PostgreSQL container started with resource limits and init script. URL: postgres://testuser:testpass@localhost:34461/testdb?sslmode=disable
2025/05/30 09:09:15 Starting NATS container with resource limits...
2025/05/30 09:09:15 🐳 Creating container for image nats:2.10-alpine
2025/05/30 09:09:15 ✅ Container created: 424ddbd2f98a
2025/05/30 09:09:15 🐳 Starting container: 424ddbd2f98a
2025/05/30 09:09:16 ✅ Container started: 424ddbd2f98a
2025/05/30 09:09:16 ⏳ Waiting for container id 424ddbd2f98a image: nats:2.10-alpine. Waiting for: &{timeout:<nil> deadline:0xc000763d18 Strategies:[0xc000a89380 0xc00068b080]}
2025/05/30 09:09:17 🔔 Container is ready: 424ddbd2f98a
2025/05/30 09:09:17 NATS container started with resource limits. URL: nats://localhost:34466
Creating score table...
Score table created successfully!
2025/05/30 09:09:17 Ran score migrations group #1
Creating leaderboard table...
Leaderboard table created successfully!
2025/05/30 09:09:17 Ran leaderboard migrations group #2
Creating user table...
User table created successfully!
2025/05/30 09:09:17 Ran user migrations group #3
Creating round table...
Round table created successfully!
2025/05/30 09:09:17 Ran round migrations group #4
2025/05/30 09:09:17 All migrations ran successfully
2025/05/30 09:09:17 newDBServiceWithDB - Registering models
2025/05/30 09:09:17 newDBServiceWithDB - Models registered successfully
2025/05/30 09:09:17 newDBServiceWithDB - DBService initialized: &{UserDB:0xc000524130 RoundDB:0xc000524138 ScoreDB:0xc000524140 LeaderboardDB:0xc000524148 db:0xc0008385c0}
2025/05/30 09:09:18 Truncating tables: rounds
2025/05/30 09:09:18 Truncating tables: rounds
2025/05/30 09:09:18 Cleaning up test environment...
2025/05/30 09:09:18 Context cancelled.
2025/05/30 09:09:18 EventBus closed.
2025/05/30 09:09:18 NATS connection closed.
2025/05/30 09:09:18 DB connection closed.
2025/05/30 09:09:18 🐳 Stopping container: 424ddbd2f98a
2025/05/30 09:09:18 ✅ Container stopped: 424ddbd2f98a
2025/05/30 09:09:18 🐳 Terminating container: 424ddbd2f98a
2025/05/30 09:09:18 🚫 Container terminated: 424ddbd2f98a
2025/05/30 09:09:18 NATS container terminated.
2025/05/30 09:09:18 🐳 Stopping container: bd8168dc799e
2025/05/30 09:09:18 ✅ Container stopped: bd8168dc799e
2025/05/30 09:09:18 🐳 Terminating container: bd8168dc799e
2025/05/30 09:09:18 🚫 Container terminated: bd8168dc799e
2025/05/30 09:09:18 PostgreSQL container terminated.
2025/05/30 09:09:18 Cleanup complete.
=== RUN   TestValidateParticipantJoinRequest/Invalid:_Unexpected_response_type_-_Expecting_Error
2025/05/30 09:09:18 Starting PostgreSQL container with resource limits...
2025/05/30 09:09:18 🐳 Creating container for image postgres:16-alpine
2025/05/30 09:09:18 ✅ Container created: 6431af11a837
2025/05/30 09:09:18 🐳 Starting container: 6431af11a837
2025/05/30 09:09:18 ✅ Container started: 6431af11a837
2025/05/30 09:09:18 ⏳ Waiting for container id 6431af11a837 image: postgres:16-alpine. Waiting for: &{timeout:<nil> deadline:0xc0003559f8 Strategies:[0xc0004d8660]}
2025/05/30 09:09:21 🔔 Container is ready: 6431af11a837
2025/05/30 09:09:21 PostgreSQL container started with resource limits and init script. URL: postgres://testuser:testpass@localhost:34472/testdb?sslmode=disable
2025/05/30 09:09:21 Starting NATS container with resource limits...
2025/05/30 09:09:21 🐳 Creating container for image nats:2.10-alpine
2025/05/30 09:09:21 ✅ Container created: 3b29eb34c189
2025/05/30 09:09:21 🐳 Starting container: 3b29eb34c189
2025/05/30 09:09:22 ✅ Container started: 3b29eb34c189
2025/05/30 09:09:22 ⏳ Waiting for container id 3b29eb34c189 image: nats:2.10-alpine. Waiting for: &{timeout:<nil> deadline:0xc000ab1d98 Strategies:[0xc0006c8c00 0xc00068a7e0]}
2025/05/30 09:09:23 🔔 Container is ready: 3b29eb34c189
2025/05/30 09:09:23 NATS container started with resource limits. URL: nats://localhost:34475
Creating user table...
User table created successfully!
2025/05/30 09:09:23 Ran user migrations group #1
Creating round table...
Round table created successfully!
2025/05/30 09:09:23 Ran round migrations group #2
Creating score table...
Score table created successfully!
2025/05/30 09:09:23 Ran score migrations group #3
Creating leaderboard table...
Leaderboard table created successfully!
2025/05/30 09:09:23 Ran leaderboard migrations group #4
2025/05/30 09:09:23 All migrations ran successfully
2025/05/30 09:09:23 newDBServiceWithDB - Registering models
2025/05/30 09:09:23 newDBServiceWithDB - Models registered successfully
2025/05/30 09:09:23 newDBServiceWithDB - DBService initialized: &{UserDB:0xc000446158 RoundDB:0xc000446160 ScoreDB:0xc000446168 LeaderboardDB:0xc000446170 db:0xc0008cc400}
2025/05/30 09:09:24 Truncating tables: rounds
2025/05/30 09:09:24 Truncating tables: rounds
2025/05/30 09:09:24 Cleaning up test environment...
2025/05/30 09:09:24 Context cancelled.
2025/05/30 09:09:24 EventBus closed.
2025/05/30 09:09:24 NATS connection closed.
2025/05/30 09:09:24 DB connection closed.
2025/05/30 09:09:24 🐳 Stopping container: 3b29eb34c189
2025/05/30 09:09:24 ✅ Container stopped: 3b29eb34c189
2025/05/30 09:09:24 🐳 Terminating container: 3b29eb34c189
2025/05/30 09:09:24 🚫 Container terminated: 3b29eb34c189
2025/05/30 09:09:24 NATS container terminated.
2025/05/30 09:09:24 🐳 Stopping container: 6431af11a837
2025/05/30 09:09:24 ✅ Container stopped: 6431af11a837
2025/05/30 09:09:24 🐳 Terminating container: 6431af11a837
2025/05/30 09:09:24 🚫 Container terminated: 6431af11a837
2025/05/30 09:09:24 PostgreSQL container terminated.
2025/05/30 09:09:24 Cleanup complete.
--- PASS: TestValidateParticipantJoinRequest (42.32s)
    --- PASS: TestValidateParticipantJoinRequest/Valid_Accept_request,_round_Created_(not_late_join)_-_Expecting_TagLookupRequestPayload (6.20s)
    --- PASS: TestValidateParticipantJoinRequest/Valid_Tentative_request,_round_InProgress_(late_join)_-_Expecting_TagLookupRequestPayload (6.04s)
    --- PASS: TestValidateParticipantJoinRequest/Valid_Decline_request,_round_Finalized_(late_join)_-_Expecting_ParticipantJoinRequestPayload (6.18s)
    --- PASS: TestValidateParticipantJoinRequest/Invalid:_Nil_Round_ID_-_Expecting_Error (5.72s)
    --- PASS: TestValidateParticipantJoinRequest/Invalid:_Empty_User_ID_-_Expecting_Error (6.00s)
    --- PASS: TestValidateParticipantJoinRequest/Attempt_to_validate_join_for_a_non-existent_round_-_Expecting_Error (6.04s)
    --- PASS: TestValidateParticipantJoinRequest/Invalid:_Unexpected_response_type_-_Expecting_Error (6.15s)
=== RUN   TestUpdateScheduledRoundsWithNewTags
=== RUN   TestUpdateScheduledRoundsWithNewTags/Successful_update_of_scheduled_rounds_with_new_tags
2025/05/30 09:09:24 Starting PostgreSQL container with resource limits...
2025/05/30 09:09:24 🐳 Creating container for image postgres:16-alpine
2025/05/30 09:09:24 ✅ Container created: dbf09e986730
2025/05/30 09:09:24 🐳 Starting container: dbf09e986730
2025/05/30 09:09:25 ✅ Container started: dbf09e986730
2025/05/30 09:09:25 ⏳ Waiting for container id dbf09e986730 image: postgres:16-alpine. Waiting for: &{timeout:<nil> deadline:0xc0003549b8 Strategies:[0xc0004074d0]}
2025/05/30 09:09:27 🔔 Container is ready: dbf09e986730
2025/05/30 09:09:27 PostgreSQL container started with resource limits and init script. URL: postgres://testuser:testpass@localhost:34484/testdb?sslmode=disable
2025/05/30 09:09:27 Starting NATS container with resource limits...
2025/05/30 09:09:27 🐳 Creating container for image nats:2.10-alpine
2025/05/30 09:09:27 ✅ Container created: 142deb3268b3
2025/05/30 09:09:27 🐳 Starting container: 142deb3268b3
2025/05/30 09:09:28 ✅ Container started: 142deb3268b3
2025/05/30 09:09:28 ⏳ Waiting for container id 142deb3268b3 image: nats:2.10-alpine. Waiting for: &{timeout:<nil> deadline:0xc000763fa8 Strategies:[0xc000a89c20 0xc000824360]}
2025/05/30 09:09:29 🔔 Container is ready: 142deb3268b3
2025/05/30 09:09:29 NATS container started with resource limits. URL: nats://localhost:34489
Creating user table...
User table created successfully!
2025/05/30 09:09:29 Ran user migrations group #1
Creating round table...
Round table created successfully!
2025/05/30 09:09:29 Ran round migrations group #2
Creating score table...
Score table created successfully!
2025/05/30 09:09:29 Ran score migrations group #3
Creating leaderboard table...
Leaderboard table created successfully!
2025/05/30 09:09:29 Ran leaderboard migrations group #4
2025/05/30 09:09:29 All migrations ran successfully
2025/05/30 09:09:29 newDBServiceWithDB - Registering models
2025/05/30 09:09:29 newDBServiceWithDB - Models registered successfully
2025/05/30 09:09:29 newDBServiceWithDB - DBService initialized: &{UserDB:0xc000524140 RoundDB:0xc000524148 ScoreDB:0xc000524150 LeaderboardDB:0xc000524158 db:0xc00011c600}
2025/05/30 09:09:30 Truncating tables: rounds
2025/05/30 09:09:30 Truncating tables: rounds
    participant_tags_test.go:114: Expected DiscordRoundUpdatePayload, got *roundevents.DiscordRoundUpdatePayload
2025/05/30 09:09:30 Cleaning up test environment...
2025/05/30 09:09:30 Context cancelled.
2025/05/30 09:09:30 EventBus closed.
2025/05/30 09:09:30 NATS connection closed.
2025/05/30 09:09:30 DB connection closed.
2025/05/30 09:09:30 🐳 Stopping container: 142deb3268b3
2025/05/30 09:09:30 ✅ Container stopped: 142deb3268b3
2025/05/30 09:09:30 🐳 Terminating container: 142deb3268b3
2025/05/30 09:09:30 🚫 Container terminated: 142deb3268b3
2025/05/30 09:09:30 NATS container terminated.
2025/05/30 09:09:30 🐳 Stopping container: dbf09e986730
2025/05/30 09:09:30 ✅ Container stopped: dbf09e986730
2025/05/30 09:09:30 🐳 Terminating container: dbf09e986730
2025/05/30 09:09:30 🚫 Container terminated: dbf09e986730
2025/05/30 09:09:30 PostgreSQL container terminated.
2025/05/30 09:09:30 Cleanup complete.
=== RUN   TestUpdateScheduledRoundsWithNewTags/No_rounds_to_update_when_no_participants_match_changed_tags
2025/05/30 09:09:30 Starting PostgreSQL container with resource limits...
2025/05/30 09:09:31 🐳 Creating container for image postgres:16-alpine
2025/05/30 09:09:31 ✅ Container created: 39416e3967ac
2025/05/30 09:09:31 🐳 Starting container: 39416e3967ac
2025/05/30 09:09:31 ✅ Container started: 39416e3967ac
2025/05/30 09:09:31 ⏳ Waiting for container id 39416e3967ac image: postgres:16-alpine. Waiting for: &{timeout:<nil> deadline:0xc0008b2890 Strategies:[0xc000911bc0]}
2025/05/30 09:09:33 🔔 Container is ready: 39416e3967ac
2025/05/30 09:09:33 PostgreSQL container started with resource limits and init script. URL: postgres://testuser:testpass@localhost:34493/testdb?sslmode=disable
2025/05/30 09:09:33 Starting NATS container with resource limits...
2025/05/30 09:09:33 🐳 Creating container for image nats:2.10-alpine
2025/05/30 09:09:33 ✅ Container created: 77de30722f59
2025/05/30 09:09:33 🐳 Starting container: 77de30722f59
2025/05/30 09:09:34 ✅ Container started: 77de30722f59
2025/05/30 09:09:34 ⏳ Waiting for container id 77de30722f59 image: nats:2.10-alpine. Waiting for: &{timeout:<nil> deadline:0xc000148958 Strategies:[0xc000a880c0 0xc0004fbe90]}
2025/05/30 09:09:35 🔔 Container is ready: 77de30722f59
2025/05/30 09:09:35 NATS container started with resource limits. URL: nats://localhost:34498
Creating user table...
User table created successfully!
2025/05/30 09:09:35 Ran user migrations group #1
Creating round table...
Round table created successfully!
2025/05/30 09:09:36 Ran round migrations group #2
Creating score table...
Score table created successfully!
2025/05/30 09:09:36 Ran score migrations group #3
Creating leaderboard table...
Leaderboard table created successfully!
2025/05/30 09:09:36 Ran leaderboard migrations group #4
2025/05/30 09:09:36 All migrations ran successfully
2025/05/30 09:09:36 newDBServiceWithDB - Registering models
2025/05/30 09:09:36 newDBServiceWithDB - Models registered successfully
2025/05/30 09:09:36 newDBServiceWithDB - DBService initialized: &{UserDB:0xc000612190 RoundDB:0xc000612198 ScoreDB:0xc0006121a0 LeaderboardDB:0xc0006121a8 db:0xc0008588c0}
2025/05/30 09:09:36 Truncating tables: rounds
2025/05/30 09:09:36 Truncating tables: rounds
    participant_tags_test.go:225: Expected DiscordRoundUpdatePayload, got *roundevents.DiscordRoundUpdatePayload
2025/05/30 09:09:36 Cleaning up test environment...
2025/05/30 09:09:36 Context cancelled.
2025/05/30 09:09:36 EventBus closed.
2025/05/30 09:09:36 NATS connection closed.
2025/05/30 09:09:36 DB connection closed.
2025/05/30 09:09:36 🐳 Stopping container: 77de30722f59
2025/05/30 09:09:36 ✅ Container stopped: 77de30722f59
2025/05/30 09:09:36 🐳 Terminating container: 77de30722f59
2025/05/30 09:09:36 🚫 Container terminated: 77de30722f59
2025/05/30 09:09:36 NATS container terminated.
2025/05/30 09:09:36 🐳 Stopping container: 39416e3967ac
2025/05/30 09:09:36 ✅ Container stopped: 39416e3967ac
2025/05/30 09:09:36 🐳 Terminating container: 39416e3967ac
2025/05/30 09:09:36 🚫 Container terminated: 39416e3967ac
2025/05/30 09:09:36 PostgreSQL container terminated.
2025/05/30 09:09:36 Cleanup complete.
=== RUN   TestUpdateScheduledRoundsWithNewTags/Update_with_empty_ChangedTags_map
2025/05/30 09:09:36 Starting PostgreSQL container with resource limits...
2025/05/30 09:09:36 🐳 Creating container for image postgres:16-alpine
2025/05/30 09:09:37 ✅ Container created: 73515cb132ef
2025/05/30 09:09:37 🐳 Starting container: 73515cb132ef
2025/05/30 09:09:37 ✅ Container started: 73515cb132ef
2025/05/30 09:09:37 ⏳ Waiting for container id 73515cb132ef image: postgres:16-alpine. Waiting for: &{timeout:<nil> deadline:0xc00051a178 Strategies:[0xc0005b6630]}
2025/05/30 09:09:39 🔔 Container is ready: 73515cb132ef
2025/05/30 09:09:39 PostgreSQL container started with resource limits and init script. URL: postgres://testuser:testpass@localhost:34504/testdb?sslmode=disable
2025/05/30 09:09:39 Starting NATS container with resource limits...
2025/05/30 09:09:39 🐳 Creating container for image nats:2.10-alpine
2025/05/30 09:09:40 ✅ Container created: 13d41a718ec2
2025/05/30 09:09:40 🐳 Starting container: 13d41a718ec2
2025/05/30 09:09:40 ✅ Container started: 13d41a718ec2
2025/05/30 09:09:40 ⏳ Waiting for container id 13d41a718ec2 image: nats:2.10-alpine. Waiting for: &{timeout:<nil> deadline:0xc000148418 Strategies:[0xc000a89e00 0xc000288ed0]}
2025/05/30 09:09:41 🔔 Container is ready: 13d41a718ec2
2025/05/30 09:09:41 NATS container started with resource limits. URL: nats://localhost:34507
Creating user table...
User table created successfully!
2025/05/30 09:09:41 Ran user migrations group #1
Creating round table...
Round table created successfully!
2025/05/30 09:09:41 Ran round migrations group #2
Creating score table...
Score table created successfully!
2025/05/30 09:09:41 Ran score migrations group #3
Creating leaderboard table...
Leaderboard table created successfully!
2025/05/30 09:09:42 Ran leaderboard migrations group #4
2025/05/30 09:09:42 All migrations ran successfully
2025/05/30 09:09:42 newDBServiceWithDB - Registering models
2025/05/30 09:09:42 newDBServiceWithDB - Models registered successfully
2025/05/30 09:09:42 newDBServiceWithDB - DBService initialized: &{UserDB:0xc0005241b0 RoundDB:0xc0005241b8 ScoreDB:0xc0005241c0 LeaderboardDB:0xc0005241c8 db:0xc0002bb080}
2025/05/30 09:09:42 Truncating tables: rounds
2025/05/30 09:09:42 Truncating tables: rounds
    participant_tags_test.go:284: Expected DiscordRoundUpdatePayload, got *roundevents.DiscordRoundUpdatePayload
2025/05/30 09:09:42 Cleaning up test environment...
2025/05/30 09:09:42 Context cancelled.
2025/05/30 09:09:42 EventBus closed.
2025/05/30 09:09:42 NATS connection closed.
2025/05/30 09:09:42 DB connection closed.
2025/05/30 09:09:42 🐳 Stopping container: 13d41a718ec2
2025/05/30 09:09:42 ✅ Container stopped: 13d41a718ec2
2025/05/30 09:09:42 🐳 Terminating container: 13d41a718ec2
2025/05/30 09:09:42 🚫 Container terminated: 13d41a718ec2
2025/05/30 09:09:42 NATS container terminated.
2025/05/30 09:09:42 🐳 Stopping container: 73515cb132ef
2025/05/30 09:09:42 ✅ Container stopped: 73515cb132ef
2025/05/30 09:09:42 🐳 Terminating container: 73515cb132ef
2025/05/30 09:09:42 🚫 Container terminated: 73515cb132ef
2025/05/30 09:09:42 PostgreSQL container terminated.
2025/05/30 09:09:42 Cleanup complete.
=== RUN   TestUpdateScheduledRoundsWithNewTags/Update_with_nil_tag_values
2025/05/30 09:09:42 Starting PostgreSQL container with resource limits...
2025/05/30 09:09:42 🐳 Creating container for image postgres:16-alpine
2025/05/30 09:09:42 ✅ Container created: c5e912fb1017
2025/05/30 09:09:42 🐳 Starting container: c5e912fb1017
2025/05/30 09:09:43 ✅ Container started: c5e912fb1017
2025/05/30 09:09:43 ⏳ Waiting for container id c5e912fb1017 image: postgres:16-alpine. Waiting for: &{timeout:<nil> deadline:0xc000355d48 Strategies:[0xc000c09f50]}
2025/05/30 09:09:45 🔔 Container is ready: c5e912fb1017
2025/05/30 09:09:45 PostgreSQL container started with resource limits and init script. URL: postgres://testuser:testpass@localhost:34516/testdb?sslmode=disable
2025/05/30 09:09:45 Starting NATS container with resource limits...
2025/05/30 09:09:45 🐳 Creating container for image nats:2.10-alpine
2025/05/30 09:09:45 ✅ Container created: bed78fe077f6
2025/05/30 09:09:45 🐳 Starting container: bed78fe077f6
2025/05/30 09:09:46 ✅ Container started: bed78fe077f6
2025/05/30 09:09:46 ⏳ Waiting for container id bed78fe077f6 image: nats:2.10-alpine. Waiting for: &{timeout:<nil> deadline:0xc0002d34b0 Strategies:[0xc0006c81e0 0xc000523a70]}
2025/05/30 09:09:47 🔔 Container is ready: bed78fe077f6
2025/05/30 09:09:47 NATS container started with resource limits. URL: nats://localhost:34518
Creating user table...
User table created successfully!
2025/05/30 09:09:47 Ran user migrations group #1
Creating round table...
Round table created successfully!
2025/05/30 09:09:47 Ran round migrations group #2
Creating score table...
Score table created successfully!
2025/05/30 09:09:47 Ran score migrations group #3
Creating leaderboard table...
Leaderboard table created successfully!
2025/05/30 09:09:47 Ran leaderboard migrations group #4
2025/05/30 09:09:47 All migrations ran successfully
2025/05/30 09:09:47 newDBServiceWithDB - Registering models
2025/05/30 09:09:47 newDBServiceWithDB - Models registered successfully
2025/05/30 09:09:47 newDBServiceWithDB - DBService initialized: &{UserDB:0xc000ab8140 RoundDB:0xc000ab8148 ScoreDB:0xc000ab8150 LeaderboardDB:0xc000ab8158 db:0xc000990840}
2025/05/30 09:09:47 Truncating tables: rounds
2025/05/30 09:09:47 Truncating tables: rounds
    participant_tags_test.go:338: Expected DiscordRoundUpdatePayload, got *roundevents.DiscordRoundUpdatePayload
2025/05/30 09:09:48 Cleaning up test environment...
2025/05/30 09:09:48 Context cancelled.
2025/05/30 09:09:48 EventBus closed.
2025/05/30 09:09:48 NATS connection closed.
2025/05/30 09:09:48 DB connection closed.
2025/05/30 09:09:48 🐳 Stopping container: bed78fe077f6
2025/05/30 09:09:48 ✅ Container stopped: bed78fe077f6
2025/05/30 09:09:48 🐳 Terminating container: bed78fe077f6
2025/05/30 09:09:48 🚫 Container terminated: bed78fe077f6
2025/05/30 09:09:48 NATS container terminated.
2025/05/30 09:09:48 🐳 Stopping container: c5e912fb1017
2025/05/30 09:09:48 ✅ Container stopped: c5e912fb1017
2025/05/30 09:09:48 🐳 Terminating container: c5e912fb1017
2025/05/30 09:09:48 🚫 Container terminated: c5e912fb1017
2025/05/30 09:09:48 PostgreSQL container terminated.
2025/05/30 09:09:48 Cleanup complete.
--- FAIL: TestUpdateScheduledRoundsWithNewTags (23.83s)
    --- FAIL: TestUpdateScheduledRoundsWithNewTags/Successful_update_of_scheduled_rounds_with_new_tags (6.11s)
    --- FAIL: TestUpdateScheduledRoundsWithNewTags/No_rounds_to_update_when_no_participants_match_changed_tags (5.99s)
    --- FAIL: TestUpdateScheduledRoundsWithNewTags/Update_with_empty_ChangedTags_map (5.89s)
    --- FAIL: TestUpdateScheduledRoundsWithNewTags/Update_with_nil_tag_values (5.84s)
=== RUN   TestGetRound
=== RUN   TestGetRound/Successful_retrieval_of_an_existing_round
2025/05/30 09:09:48 Starting PostgreSQL container with resource limits...
2025/05/30 09:09:48 🐳 Creating container for image postgres:16-alpine
2025/05/30 09:09:48 ✅ Container created: 19ad5e93e148
2025/05/30 09:09:48 🐳 Starting container: 19ad5e93e148
2025/05/30 09:09:49 ✅ Container started: 19ad5e93e148
2025/05/30 09:09:49 ⏳ Waiting for container id 19ad5e93e148 image: postgres:16-alpine. Waiting for: &{timeout:<nil> deadline:0xc0007df260 Strategies:[0xc00068ad50]}
coverage: 7.7% of statements in ./app/...
panic: test timed out after 5m0s
	running tests:
		TestGetRound (2s)
		TestGetRound/Successful_retrieval_of_an_existing_round (2s)

goroutine 17220 [running]:
testing.(*M).startAlarm.func1()
	/usr/local/Cellar/go/1.24.2/libexec/src/testing/testing.go:2484 +0x394
created by time.goFunc
	/usr/local/Cellar/go/1.24.2/libexec/src/time/sleep.go:215 +0x2d

goroutine 1 [chan receive]:
testing.(*T).Run(0xc000583340, {0xedc1f6d?, 0xc000599b30?}, 0xf2c2520)
	/usr/local/Cellar/go/1.24.2/libexec/src/testing/testing.go:1859 +0x431
testing.runTests.func1(0xc000583340)
	/usr/local/Cellar/go/1.24.2/libexec/src/testing/testing.go:2279 +0x37
testing.tRunner(0xc000583340, 0xc000599c70)
	/usr/local/Cellar/go/1.24.2/libexec/src/testing/testing.go:1792 +0xf4
testing.runTests(0xc000444588, {0xfc4b320, 0x16, 0x16}, {0xfc5d440?, 0x7?, 0xfc5ac20?})
	/usr/local/Cellar/go/1.24.2/libexec/src/testing/testing.go:2277 +0x4b4
testing.(*M).Run(0xc0005274a0)
	/usr/local/Cellar/go/1.24.2/libexec/src/testing/testing.go:2142 +0x64a
main.main()
	_testmain.go:97 +0x9b

goroutine 17127 [chan receive]:
testing.(*T).Run(0xc00060ac40, {0xee0596f?, 0xfbb97e0?}, 0xc0008c6e10)
	/usr/local/Cellar/go/1.24.2/libexec/src/testing/testing.go:1859 +0x431
github.com/Black-And-White-Club/frolf-bot/integration_tests/modules/round/application_tests.TestGetRound(0xc00060ac40)
	/Users/jace/Documents/GitHub/frolf-bot/integration_tests/modules/round/application_tests/retrieve_round_test.go:234 +0x1f9
testing.tRunner(0xc00060ac40, 0xf2c2520)
	/usr/local/Cellar/go/1.24.2/libexec/src/testing/testing.go:1792 +0xf4
created by testing.(*T).Run in goroutine 1
	/usr/local/Cellar/go/1.24.2/libexec/src/testing/testing.go:1851 +0x413

goroutine 17128 [sleep]:
time.Sleep(0x5f5e100)
	/usr/local/Cellar/go/1.24.2/libexec/src/runtime/time.go:338 +0x165
github.com/testcontainers/testcontainers-go/wait.(*LogStrategy).WaitUntilReady(0xc00066b320, {0xf2db8d0, 0xc00077e050}, {0xf2e28b8, 0xc000754380})
	/Users/jace/go/pkg/mod/github.com/testcontainers/testcontainers-go@v0.37.0/wait/log.go:184 +0x69c
github.com/testcontainers/testcontainers-go/wait.(*MultiStrategy).WaitUntilReady(0xc00068ad50, {0xf2db940?, 0xc0002c4380?}, {0xf2e28b8, 0xc000754380})
	/Users/jace/go/pkg/mod/github.com/testcontainers/testcontainers-go@v0.37.0/wait/all.go:83 +0x36d
github.com/testcontainers/testcontainers-go/wait.(*MultiStrategy).WaitUntilReady(0xc00068ae10, {0xf2db8d0?, 0xc0008c6eb0?}, {0xf2e28b8, 0xc000754380})
	/Users/jace/go/pkg/mod/github.com/testcontainers/testcontainers-go@v0.37.0/wait/all.go:83 +0x36d
github.com/testcontainers/testcontainers-go.init.func5.2({0xf2db8d0, 0xc0008c6eb0}, {0xf2fb490, 0xc000754380})
	/Users/jace/go/pkg/mod/github.com/testcontainers/testcontainers-go@v0.37.0/lifecycle.go:291 +0x1d5
github.com/testcontainers/testcontainers-go.(*DockerContainer).applyLifecycleHooks.containerHookFn.func1(...)
	/Users/jace/go/pkg/mod/github.com/testcontainers/testcontainers-go@v0.37.0/lifecycle.go:474
github.com/testcontainers/testcontainers-go.(*DockerContainer).applyLifecycleHooks(0xc000754380, {0xf2db8d0, 0xc0008c6eb0}, 0x1, 0xf2c4260)
	/Users/jace/go/pkg/mod/github.com/testcontainers/testcontainers-go@v0.37.0/lifecycle.go:415 +0x6a2
github.com/testcontainers/testcontainers-go.(*DockerContainer).startedHook(...)
	/Users/jace/go/pkg/mod/github.com/testcontainers/testcontainers-go@v0.37.0/lifecycle.go:353
github.com/testcontainers/testcontainers-go.(*DockerContainer).Start(0xc000754380, {0xf2db8d0, 0xc0008c6eb0})
	/Users/jace/go/pkg/mod/github.com/testcontainers/testcontainers-go@v0.37.0/docker.go:238 +0x189
github.com/testcontainers/testcontainers-go.GenericContainer({_, _}, {{{{0x0, 0x0}, {0x0, 0x0}, {0x0, 0x0}, {0x0, 0x0}, ...}, ...}, ...})
	/Users/jace/go/pkg/mod/github.com/testcontainers/testcontainers-go@v0.37.0/generic.go:92 +0x388
github.com/testcontainers/testcontainers-go/modules/postgres.Run({0xf2db8d0, 0xc0008c6eb0}, {0xedd5f63?, 0xc0000908d0?}, {0xc00039d850, 0x7, 0x4?})
	/Users/jace/go/pkg/mod/github.com/testcontainers/testcontainers-go/modules/postgres@v0.37.0/postgres.go:192 +0x3a6
github.com/Black-And-White-Club/frolf-bot/integration_tests/containers.SetupPostgresContainer({0xf2db8d0, 0xc0008c6eb0})
	/Users/jace/Documents/GitHub/frolf-bot/integration_tests/containers/postgres_container.go:33 +0x58d
github.com/Black-And-White-Club/frolf-bot/integration_tests/testutils.(*TestEnvironment).setupContainers(0xc000aa4c30, {0xf2db8d0, 0xc0008c6eb0})
	/Users/jace/Documents/GitHub/frolf-bot/integration_tests/testutils/testenv.go:178 +0x45
github.com/Black-And-White-Club/frolf-bot/integration_tests/testutils.NewTestEnvironment(0xc00060ae00)
	/Users/jace/Documents/GitHub/frolf-bot/integration_tests/testutils/testenv.go:167 +0xa7
github.com/Black-And-White-Club/frolf-bot/integration_tests/testutils.GetOrCreateTestEnv(0xc00060ae00)
	/Users/jace/Documents/GitHub/frolf-bot/integration_tests/testutils/test_env_mgr.go:30 +0x13a
github.com/Black-And-White-Club/frolf-bot/integration_tests/modules/round/application_tests.SetupTestRoundService(0xc00060ae00)
	/Users/jace/Documents/GitHub/frolf-bot/integration_tests/modules/round/application_tests/helper.go:35 +0x67
github.com/Black-And-White-Club/frolf-bot/integration_tests/modules/round/application_tests.TestGetRound.func5(0xc00060ae00)
	/Users/jace/Documents/GitHub/frolf-bot/integration_tests/modules/round/application_tests/retrieve_round_test.go:235 +0x32
testing.tRunner(0xc00060ae00, 0xc0008c6e10)
	/usr/local/Cellar/go/1.24.2/libexec/src/testing/testing.go:1792 +0xf4
created by testing.(*T).Run in goroutine 17127
	/usr/local/Cellar/go/1.24.2/libexec/src/testing/testing.go:1851 +0x413

goroutine 17135 [chan receive]:
github.com/testcontainers/testcontainers-go.(*Reaper).connect.func1()
	/Users/jace/go/pkg/mod/github.com/testcontainers/testcontainers-go@v0.37.0/reaper.go:539 +0xee
created by github.com/testcontainers/testcontainers-go.(*Reaper).connect in goroutine 17128
	/Users/jace/go/pkg/mod/github.com/testcontainers/testcontainers-go@v0.37.0/reaper.go:534 +0x1af
FAIL	github.com/Black-And-White-Club/frolf-bot/integration_tests/modules/round/application_tests	302.501s
2025/05/30 09:04:50 TestMain started in package roundhandler_integration_tests
=== RUN   TestHandleRoundEntityCreated
=== RUN   TestHandleRoundEntityCreated/Success_-_Handler_Processes_Valid_Message_and_Publishes_Success_Event
2025/05/30 09:04:50 Starting PostgreSQL container with resource limits...
2025/05/30 09:04:51 github.com/testcontainers/testcontainers-go - Connected to docker: 
  Server Version: 28.1.1
  API Version: 1.48
  Operating System: Ubuntu 24.04.1 LTS
  Total Memory: 5923 MB
  Testcontainers for Go Version: v0.37.0
  Resolved Docker Host: unix:///Users/jace/.colima/default/docker.sock
  Resolved Docker Socket Path: /var/run/docker.sock
  Test SessionID: c0f63d1f00c2fccb51afb8b814510550fc1c2073fca77f6d187de417aa37f283
  Test ProcessID: 353ca9f6-a60f-48f2-8e49-fb4e470fd6b8
2025/05/30 09:04:51 🐳 Creating container for image postgres:16-alpine
2025/05/30 09:04:51 ⏳ Waiting for Reaper "0fe5cb7f" to be ready
2025/05/30 09:04:51 🔥 Reaper obtained from Docker for this test session 0fe5cb7f
2025/05/30 09:04:51 ✅ Container created: b45ebd675cf2
2025/05/30 09:04:51 🐳 Starting container: b45ebd675cf2
2025/05/30 09:04:51 ✅ Container started: b45ebd675cf2
2025/05/30 09:04:51 ⏳ Waiting for container id b45ebd675cf2 image: postgres:16-alpine. Waiting for: &{timeout:<nil> deadline:0xc0003061d0 Strategies:[0xc0006cc810]}
2025/05/30 09:04:56 🔔 Container is ready: b45ebd675cf2
2025/05/30 09:04:56 PostgreSQL container started with resource limits and init script. URL: postgres://testuser:testpass@localhost:33890/testdb?sslmode=disable
2025/05/30 09:04:56 Starting NATS container with resource limits...
2025/05/30 09:04:56 🐳 Creating container for image nats:2.10-alpine
2025/05/30 09:04:57 ✅ Container created: 4598a3d248a8
2025/05/30 09:04:57 🐳 Starting container: 4598a3d248a8
2025/05/30 09:04:58 ✅ Container started: 4598a3d248a8
2025/05/30 09:04:58 ⏳ Waiting for container id 4598a3d248a8 image: nats:2.10-alpine. Waiting for: &{timeout:<nil> deadline:0xc0006df3f0 Strategies:[0xc0000b99e0 0xc000308c30]}
2025/05/30 09:05:00 🔔 Container is ready: 4598a3d248a8
2025/05/30 09:05:00 NATS container started with resource limits. URL: nats://localhost:33901
Creating user table...
User table created successfully!
2025/05/30 09:05:00 Ran user migrations group #1
Creating round table...
Round table created successfully!
2025/05/30 09:05:00 Ran round migrations group #2
Creating score table...
Score table created successfully!
2025/05/30 09:05:00 Ran score migrations group #3
Creating leaderboard table...
Leaderboard table created successfully!
2025/05/30 09:05:00 Ran leaderboard migrations group #4
2025/05/30 09:05:00 All migrations ran successfully
2025/05/30 09:05:00 newDBServiceWithDB - Registering models
2025/05/30 09:05:00 newDBServiceWithDB - Models registered successfully
2025/05/30 09:05:00 newDBServiceWithDB - DBService initialized: &{UserDB:0xc00041e560 RoundDB:0xc00041e568 ScoreDB:0xc00041e570 LeaderboardDB:0xc00041e578 db:0xc00068ae40}
2025/05/30 09:05:00 Truncating tables: rounds
2025/05/30 09:05:00 Truncating tables: users, scores, leaderboards, rounds
2025/05/30 09:05:01 Cleaning up test environment...
2025/05/30 09:05:01 Context cancelled.
2025/05/30 09:05:01 EventBus closed.
2025/05/30 09:05:01 NATS connection closed.
2025/05/30 09:05:01 DB connection closed.
2025/05/30 09:05:01 🐳 Stopping container: 4598a3d248a8
2025/05/30 09:05:01 ✅ Container stopped: 4598a3d248a8
2025/05/30 09:05:01 🐳 Terminating container: 4598a3d248a8
2025/05/30 09:05:01 🚫 Container terminated: 4598a3d248a8
2025/05/30 09:05:01 NATS container terminated.
2025/05/30 09:05:01 🐳 Stopping container: b45ebd675cf2
2025/05/30 09:05:02 ✅ Container stopped: b45ebd675cf2
2025/05/30 09:05:02 🐳 Terminating container: b45ebd675cf2
2025/05/30 09:05:02 🚫 Container terminated: b45ebd675cf2
2025/05/30 09:05:02 PostgreSQL container terminated.
2025/05/30 09:05:02 Cleanup complete.
=== RUN   TestHandleRoundEntityCreated/Success_-_Handler_Processes_Minimal_Valid_Message
2025/05/30 09:05:02 Starting PostgreSQL container with resource limits...
2025/05/30 09:05:02 🐳 Creating container for image postgres:16-alpine
2025/05/30 09:05:02 ✅ Container created: f535026f062d
2025/05/30 09:05:02 🐳 Starting container: f535026f062d
2025/05/30 09:05:03 ✅ Container started: f535026f062d
2025/05/30 09:05:03 ⏳ Waiting for container id f535026f062d image: postgres:16-alpine. Waiting for: &{timeout:<nil> deadline:0xc000822130 Strategies:[0xc000834420]}
2025/05/30 09:05:08 🔔 Container is ready: f535026f062d
2025/05/30 09:05:08 PostgreSQL container started with resource limits and init script. URL: postgres://testuser:testpass@localhost:33922/testdb?sslmode=disable
2025/05/30 09:05:08 Starting NATS container with resource limits...
2025/05/30 09:05:08 🐳 Creating container for image nats:2.10-alpine
2025/05/30 09:05:08 ✅ Container created: c741785d758d
2025/05/30 09:05:08 🐳 Starting container: c741785d758d
2025/05/30 09:05:09 ✅ Container started: c741785d758d
2025/05/30 09:05:09 ⏳ Waiting for container id c741785d758d image: nats:2.10-alpine. Waiting for: &{timeout:<nil> deadline:0xc00097baf0 Strategies:[0xc0008193e0 0xc000835740]}
2025/05/30 09:05:12 🔔 Container is ready: c741785d758d
2025/05/30 09:05:12 NATS container started with resource limits. URL: nats://localhost:33935
Creating user table...
User table created successfully!
2025/05/30 09:05:13 Ran user migrations group #1
Creating round table...
Round table created successfully!
2025/05/30 09:05:13 Ran round migrations group #2
Creating score table...
Score table created successfully!
2025/05/30 09:05:13 Ran score migrations group #3
Creating leaderboard table...
Leaderboard table created successfully!
2025/05/30 09:05:13 Ran leaderboard migrations group #4
2025/05/30 09:05:13 All migrations ran successfully
2025/05/30 09:05:13 newDBServiceWithDB - Registering models
2025/05/30 09:05:13 newDBServiceWithDB - Models registered successfully
2025/05/30 09:05:13 newDBServiceWithDB - DBService initialized: &{UserDB:0xc0008042a0 RoundDB:0xc0008042b0 ScoreDB:0xc0008042b8 LeaderboardDB:0xc0008042d8 db:0xc000a1bc80}
2025/05/30 09:05:13 Truncating tables: rounds
2025/05/30 09:05:13 Truncating tables: users, scores, leaderboards, rounds
2025/05/30 09:05:13 Cleaning up test environment...
2025/05/30 09:05:13 Context cancelled.
2025/05/30 09:05:13 EventBus closed.
2025/05/30 09:05:13 NATS connection closed.
2025/05/30 09:05:13 DB connection closed.
2025/05/30 09:05:13 🐳 Stopping container: c741785d758d
2025/05/30 09:05:14 ✅ Container stopped: c741785d758d
2025/05/30 09:05:14 🐳 Terminating container: c741785d758d
2025/05/30 09:05:14 🚫 Container terminated: c741785d758d
2025/05/30 09:05:14 NATS container terminated.
2025/05/30 09:05:14 🐳 Stopping container: f535026f062d
2025/05/30 09:05:14 ✅ Container stopped: f535026f062d
2025/05/30 09:05:14 🐳 Terminating container: f535026f062d
2025/05/30 09:05:14 🚫 Container terminated: f535026f062d
2025/05/30 09:05:14 PostgreSQL container terminated.
2025/05/30 09:05:14 Cleanup complete.
=== RUN   TestHandleRoundEntityCreated/Success_-_Handler_Processes_Message_with_Complex_Participants
2025/05/30 09:05:14 Starting PostgreSQL container with resource limits...
2025/05/30 09:05:14 🐳 Creating container for image postgres:16-alpine
2025/05/30 09:05:15 ✅ Container created: d6d504a4d767
2025/05/30 09:05:15 🐳 Starting container: d6d504a4d767
2025/05/30 09:05:15 ✅ Container started: d6d504a4d767
2025/05/30 09:05:15 ⏳ Waiting for container id d6d504a4d767 image: postgres:16-alpine. Waiting for: &{timeout:<nil> deadline:0xc00097b010 Strategies:[0xc000b823c0]}
2025/05/30 09:05:20 🔔 Container is ready: d6d504a4d767
2025/05/30 09:05:20 PostgreSQL container started with resource limits and init script. URL: postgres://testuser:testpass@localhost:33960/testdb?sslmode=disable
2025/05/30 09:05:20 Starting NATS container with resource limits...
2025/05/30 09:05:20 🐳 Creating container for image nats:2.10-alpine
2025/05/30 09:05:20 ✅ Container created: 7f31956f1298
2025/05/30 09:05:20 🐳 Starting container: 7f31956f1298
2025/05/30 09:05:21 ✅ Container started: 7f31956f1298
2025/05/30 09:05:21 ⏳ Waiting for container id 7f31956f1298 image: nats:2.10-alpine. Waiting for: &{timeout:<nil> deadline:0xc000b08598 Strategies:[0xc000902de0 0xc000894d80]}
2025/05/30 09:05:25 🔔 Container is ready: 7f31956f1298
2025/05/30 09:05:25 NATS container started with resource limits. URL: nats://localhost:33968
Creating score table...
Score table created successfully!
2025/05/30 09:05:25 Ran score migrations group #1
Creating leaderboard table...
Leaderboard table created successfully!
2025/05/30 09:05:25 Ran leaderboard migrations group #2
Creating user table...
User table created successfully!
2025/05/30 09:05:25 Ran user migrations group #3
Creating round table...
Round table created successfully!
2025/05/30 09:05:25 Ran round migrations group #4
2025/05/30 09:05:25 All migrations ran successfully
2025/05/30 09:05:25 newDBServiceWithDB - Registering models
2025/05/30 09:05:25 newDBServiceWithDB - Models registered successfully
2025/05/30 09:05:25 newDBServiceWithDB - DBService initialized: &{UserDB:0xc0008b4260 RoundDB:0xc0008b4268 ScoreDB:0xc0008b4270 LeaderboardDB:0xc0008b4278 db:0xc000626e40}
2025/05/30 09:05:25 Truncating tables: rounds
2025/05/30 09:05:25 Truncating tables: users, scores, leaderboards, rounds
2025/05/30 09:05:26 Cleaning up test environment...
2025/05/30 09:05:26 Context cancelled.
2025/05/30 09:05:26 EventBus closed.
2025/05/30 09:05:26 NATS connection closed.
2025/05/30 09:05:26 DB connection closed.
2025/05/30 09:05:26 🐳 Stopping container: 7f31956f1298
2025/05/30 09:05:26 ✅ Container stopped: 7f31956f1298
2025/05/30 09:05:26 🐳 Terminating container: 7f31956f1298
2025/05/30 09:05:26 🚫 Container terminated: 7f31956f1298
2025/05/30 09:05:26 NATS container terminated.
2025/05/30 09:05:26 🐳 Stopping container: d6d504a4d767
2025/05/30 09:05:27 ✅ Container stopped: d6d504a4d767
2025/05/30 09:05:27 🐳 Terminating container: d6d504a4d767
2025/05/30 09:05:27 🚫 Container terminated: d6d504a4d767
2025/05/30 09:05:27 PostgreSQL container terminated.
2025/05/30 09:05:27 Cleanup complete.
=== RUN   TestHandleRoundEntityCreated/Success_-_Handler_Processes_Different_Round_States
2025/05/30 09:05:27 Starting PostgreSQL container with resource limits...
2025/05/30 09:05:27 🐳 Creating container for image postgres:16-alpine
2025/05/30 09:05:27 ✅ Container created: b4abb46ae7f5
2025/05/30 09:05:27 🐳 Starting container: b4abb46ae7f5
2025/05/30 09:05:28 ✅ Container started: b4abb46ae7f5
2025/05/30 09:05:28 ⏳ Waiting for container id b4abb46ae7f5 image: postgres:16-alpine. Waiting for: &{timeout:<nil> deadline:0xc000a508c0 Strategies:[0xc0006703c0]}
2025/05/30 09:05:32 🔔 Container is ready: b4abb46ae7f5
2025/05/30 09:05:32 PostgreSQL container started with resource limits and init script. URL: postgres://testuser:testpass@localhost:33992/testdb?sslmode=disable
2025/05/30 09:05:32 Starting NATS container with resource limits...
2025/05/30 09:05:32 🐳 Creating container for image nats:2.10-alpine
2025/05/30 09:05:33 ✅ Container created: d4ebda9d4633
2025/05/30 09:05:33 🐳 Starting container: d4ebda9d4633
2025/05/30 09:05:33 ✅ Container started: d4ebda9d4633
2025/05/30 09:05:33 ⏳ Waiting for container id d4ebda9d4633 image: nats:2.10-alpine. Waiting for: &{timeout:<nil> deadline:0xc0003d7c70 Strategies:[0xc000818300 0xc0007a77d0]}
2025/05/30 09:05:36 🔔 Container is ready: d4ebda9d4633
2025/05/30 09:05:36 NATS container started with resource limits. URL: nats://localhost:34001
Creating user table...
User table created successfully!
2025/05/30 09:05:36 Ran user migrations group #1
Creating round table...
Round table created successfully!
2025/05/30 09:05:36 Ran round migrations group #2
Creating score table...
Score table created successfully!
2025/05/30 09:05:36 Ran score migrations group #3
Creating leaderboard table...
Leaderboard table created successfully!
2025/05/30 09:05:36 Ran leaderboard migrations group #4
2025/05/30 09:05:36 All migrations ran successfully
2025/05/30 09:05:36 newDBServiceWithDB - Registering models
2025/05/30 09:05:36 newDBServiceWithDB - Models registered successfully
2025/05/30 09:05:36 newDBServiceWithDB - DBService initialized: &{UserDB:0xc0009001e0 RoundDB:0xc0009001e8 ScoreDB:0xc0009001f0 LeaderboardDB:0xc0009001f8 db:0xc00068b100}
2025/05/30 09:05:36 Truncating tables: rounds
2025/05/30 09:05:36 Truncating tables: users, scores, leaderboards, rounds
2025/05/30 09:05:37 Cleaning up test environment...
2025/05/30 09:05:37 Context cancelled.
2025/05/30 09:05:37 EventBus closed.
2025/05/30 09:05:37 NATS connection closed.
2025/05/30 09:05:37 DB connection closed.
2025/05/30 09:05:37 🐳 Stopping container: d4ebda9d4633
2025/05/30 09:05:37 ✅ Container stopped: d4ebda9d4633
2025/05/30 09:05:37 🐳 Terminating container: d4ebda9d4633
2025/05/30 09:05:37 🚫 Container terminated: d4ebda9d4633
2025/05/30 09:05:37 NATS container terminated.
2025/05/30 09:05:37 🐳 Stopping container: b4abb46ae7f5
2025/05/30 09:05:37 ✅ Container stopped: b4abb46ae7f5
2025/05/30 09:05:37 🐳 Terminating container: b4abb46ae7f5
2025/05/30 09:05:38 🚫 Container terminated: b4abb46ae7f5
2025/05/30 09:05:38 PostgreSQL container terminated.
2025/05/30 09:05:38 Cleanup complete.
=== RUN   TestHandleRoundEntityCreated/Success_-_Handler_Processes_Multiple_Messages_Concurrently
2025/05/30 09:05:38 Starting PostgreSQL container with resource limits...
2025/05/30 09:05:38 🐳 Creating container for image postgres:16-alpine
2025/05/30 09:05:38 ✅ Container created: b141dca0e8fb
2025/05/30 09:05:38 🐳 Starting container: b141dca0e8fb
2025/05/30 09:05:38 ✅ Container started: b141dca0e8fb
2025/05/30 09:05:38 ⏳ Waiting for container id b141dca0e8fb image: postgres:16-alpine. Waiting for: &{timeout:<nil> deadline:0xc000b215f8 Strategies:[0xc000ba5c20]}
2025/05/30 09:05:42 🔔 Container is ready: b141dca0e8fb
2025/05/30 09:05:42 PostgreSQL container started with resource limits and init script. URL: postgres://testuser:testpass@localhost:34024/testdb?sslmode=disable
2025/05/30 09:05:42 Starting NATS container with resource limits...
2025/05/30 09:05:42 🐳 Creating container for image nats:2.10-alpine
2025/05/30 09:05:42 ✅ Container created: 73ab789be647
2025/05/30 09:05:42 🐳 Starting container: 73ab789be647
2025/05/30 09:05:43 ✅ Container started: 73ab789be647
2025/05/30 09:05:43 ⏳ Waiting for container id 73ab789be647 image: nats:2.10-alpine. Waiting for: &{timeout:<nil> deadline:0xc0008225b0 Strategies:[0xc0006e3ce0 0xc000a753e0]}
2025/05/30 09:05:45 🔔 Container is ready: 73ab789be647
2025/05/30 09:05:45 NATS container started with resource limits. URL: nats://localhost:34038
Creating round table...
Round table created successfully!
2025/05/30 09:05:45 Ran round migrations group #1
Creating score table...
Score table created successfully!
2025/05/30 09:05:45 Ran score migrations group #2
Creating leaderboard table...
Leaderboard table created successfully!
2025/05/30 09:05:45 Ran leaderboard migrations group #3
Creating user table...
User table created successfully!
2025/05/30 09:05:45 Ran user migrations group #4
2025/05/30 09:05:45 All migrations ran successfully
2025/05/30 09:05:45 newDBServiceWithDB - Registering models
2025/05/30 09:05:45 newDBServiceWithDB - Models registered successfully
2025/05/30 09:05:45 newDBServiceWithDB - DBService initialized: &{UserDB:0xc000804238 RoundDB:0xc000804240 ScoreDB:0xc000804248 LeaderboardDB:0xc000804268 db:0xc00068b240}
2025/05/30 09:05:45 Truncating tables: rounds
2025/05/30 09:05:45 Truncating tables: users, scores, leaderboards, rounds
2025/05/30 09:05:46 Cleaning up test environment...
2025/05/30 09:05:46 Context cancelled.
2025/05/30 09:05:46 EventBus closed.
2025/05/30 09:05:46 NATS connection closed.
2025/05/30 09:05:46 DB connection closed.
2025/05/30 09:05:46 🐳 Stopping container: 73ab789be647
2025/05/30 09:05:46 ✅ Container stopped: 73ab789be647
2025/05/30 09:05:46 🐳 Terminating container: 73ab789be647
2025/05/30 09:05:46 🚫 Container terminated: 73ab789be647
2025/05/30 09:05:46 NATS container terminated.
2025/05/30 09:05:46 🐳 Stopping container: b141dca0e8fb
2025/05/30 09:05:46 ✅ Container stopped: b141dca0e8fb
2025/05/30 09:05:46 🐳 Terminating container: b141dca0e8fb
2025/05/30 09:05:46 🚫 Container terminated: b141dca0e8fb
2025/05/30 09:05:46 PostgreSQL container terminated.
2025/05/30 09:05:46 Cleanup complete.
=== RUN   TestHandleRoundEntityCreated/Failure_-_Handler_Rejects_Invalid_JSON_and_Doesn't_Publish_Events
2025/05/30 09:05:46 Starting PostgreSQL container with resource limits...
2025/05/30 09:05:46 🐳 Creating container for image postgres:16-alpine
2025/05/30 09:05:47 ✅ Container created: dd28ccf7208b
2025/05/30 09:05:47 🐳 Starting container: dd28ccf7208b
2025/05/30 09:05:47 ✅ Container started: dd28ccf7208b
2025/05/30 09:05:47 ⏳ Waiting for container id dd28ccf7208b image: postgres:16-alpine. Waiting for: &{timeout:<nil> deadline:0xc000cb6198 Strategies:[0xc00075a720]}
2025/05/30 09:05:51 🔔 Container is ready: dd28ccf7208b
2025/05/30 09:05:51 PostgreSQL container started with resource limits and init script. URL: postgres://testuser:testpass@localhost:34052/testdb?sslmode=disable
2025/05/30 09:05:51 Starting NATS container with resource limits...
2025/05/30 09:05:51 🐳 Creating container for image nats:2.10-alpine
2025/05/30 09:05:51 ✅ Container created: bc64b48d6abf
2025/05/30 09:05:51 🐳 Starting container: bc64b48d6abf
2025/05/30 09:05:51 ✅ Container started: bc64b48d6abf
2025/05/30 09:05:51 ⏳ Waiting for container id bc64b48d6abf image: nats:2.10-alpine. Waiting for: &{timeout:<nil> deadline:0xc000475b58 Strategies:[0xc000819740 0xc0000c3590]}
2025/05/30 09:05:55 🔔 Container is ready: bc64b48d6abf
2025/05/30 09:05:55 NATS container started with resource limits. URL: nats://localhost:34056
Creating user table...
User table created successfully!
2025/05/30 09:05:55 Ran user migrations group #1
Creating round table...
Round table created successfully!
2025/05/30 09:05:55 Ran round migrations group #2
Creating score table...
Score table created successfully!
2025/05/30 09:05:55 Ran score migrations group #3
Creating leaderboard table...
Leaderboard table created successfully!
2025/05/30 09:05:55 Ran leaderboard migrations group #4
2025/05/30 09:05:55 All migrations ran successfully
2025/05/30 09:05:55 newDBServiceWithDB - Registering models
2025/05/30 09:05:55 newDBServiceWithDB - Models registered successfully
2025/05/30 09:05:55 newDBServiceWithDB - DBService initialized: &{UserDB:0xc0008240d0 RoundDB:0xc0008240d8 ScoreDB:0xc0008240e8 LeaderboardDB:0xc0008240f0 db:0xc000e49540}
2025/05/30 09:05:55 Truncating tables: rounds
2025/05/30 09:05:55 Truncating tables: users, scores, leaderboards, rounds
2025/05/30 09:05:58 Cleaning up test environment...
2025/05/30 09:05:58 Context cancelled.
2025/05/30 09:05:58 EventBus closed.
2025/05/30 09:05:58 NATS connection closed.
2025/05/30 09:05:58 DB connection closed.
2025/05/30 09:05:58 🐳 Stopping container: bc64b48d6abf
2025/05/30 09:05:58 ✅ Container stopped: bc64b48d6abf
2025/05/30 09:05:58 🐳 Terminating container: bc64b48d6abf
2025/05/30 09:05:58 🚫 Container terminated: bc64b48d6abf
2025/05/30 09:05:58 NATS container terminated.
2025/05/30 09:05:58 🐳 Stopping container: dd28ccf7208b
2025/05/30 09:05:58 ✅ Container stopped: dd28ccf7208b
2025/05/30 09:05:58 🐳 Terminating container: dd28ccf7208b
2025/05/30 09:05:59 🚫 Container terminated: dd28ccf7208b
2025/05/30 09:05:59 PostgreSQL container terminated.
2025/05/30 09:05:59 Cleanup complete.
=== RUN   TestHandleRoundEntityCreated/Success_-_Handler_Preserves_Message_Correlation_ID
2025/05/30 09:05:59 Starting PostgreSQL container with resource limits...
2025/05/30 09:05:59 🐳 Creating container for image postgres:16-alpine
2025/05/30 09:05:59 ✅ Container created: d199808424ab
2025/05/30 09:05:59 🐳 Starting container: d199808424ab
2025/05/30 09:05:59 ✅ Container started: d199808424ab
2025/05/30 09:05:59 ⏳ Waiting for container id d199808424ab image: postgres:16-alpine. Waiting for: &{timeout:<nil> deadline:0xc00097a578 Strategies:[0xc000f9b140]}
2025/05/30 09:06:02 🔔 Container is ready: d199808424ab
2025/05/30 09:06:02 PostgreSQL container started with resource limits and init script. URL: postgres://testuser:testpass@localhost:34082/testdb?sslmode=disable
2025/05/30 09:06:02 Starting NATS container with resource limits...
2025/05/30 09:06:02 🐳 Creating container for image nats:2.10-alpine
2025/05/30 09:06:03 ✅ Container created: 5331d041c03f
2025/05/30 09:06:03 🐳 Starting container: 5331d041c03f
2025/05/30 09:06:03 ✅ Container started: 5331d041c03f
2025/05/30 09:06:03 ⏳ Waiting for container id 5331d041c03f image: nats:2.10-alpine. Waiting for: &{timeout:<nil> deadline:0xc00106ae18 Strategies:[0xc001099e60 0xc0006ee540]}
2025/05/30 09:06:07 🔔 Container is ready: 5331d041c03f
2025/05/30 09:06:07 NATS container started with resource limits. URL: nats://localhost:34089
Creating score table...
Score table created successfully!
2025/05/30 09:06:07 Ran score migrations group #1
Creating leaderboard table...
Leaderboard table created successfully!
2025/05/30 09:06:07 Ran leaderboard migrations group #2
Creating user table...
User table created successfully!
2025/05/30 09:06:07 Ran user migrations group #3
Creating round table...
Round table created successfully!
2025/05/30 09:06:07 Ran round migrations group #4
2025/05/30 09:06:07 All migrations ran successfully
2025/05/30 09:06:07 newDBServiceWithDB - Registering models
2025/05/30 09:06:07 newDBServiceWithDB - Models registered successfully
2025/05/30 09:06:07 newDBServiceWithDB - DBService initialized: &{UserDB:0xc000824270 RoundDB:0xc000824278 ScoreDB:0xc000824280 LeaderboardDB:0xc000824288 db:0xc0006278c0}
2025/05/30 09:06:07 Truncating tables: rounds
2025/05/30 09:06:07 Truncating tables: users, scores, leaderboards, rounds
2025/05/30 09:06:08 Cleaning up test environment...
2025/05/30 09:06:08 Context cancelled.
2025/05/30 09:06:08 EventBus closed.
2025/05/30 09:06:08 NATS connection closed.
2025/05/30 09:06:08 DB connection closed.
2025/05/30 09:06:08 🐳 Stopping container: 5331d041c03f
2025/05/30 09:06:08 ✅ Container stopped: 5331d041c03f
2025/05/30 09:06:08 🐳 Terminating container: 5331d041c03f
2025/05/30 09:06:08 🚫 Container terminated: 5331d041c03f
2025/05/30 09:06:08 NATS container terminated.
2025/05/30 09:06:08 🐳 Stopping container: d199808424ab
2025/05/30 09:06:09 ✅ Container stopped: d199808424ab
2025/05/30 09:06:09 🐳 Terminating container: d199808424ab
2025/05/30 09:06:09 🚫 Container terminated: d199808424ab
2025/05/30 09:06:09 PostgreSQL container terminated.
2025/05/30 09:06:09 Cleanup complete.
=== RUN   TestHandleRoundEntityCreated/Success_-_Handler_Publishes_Correct_Event_Topic
2025/05/30 09:06:09 Starting PostgreSQL container with resource limits...
2025/05/30 09:06:09 🐳 Creating container for image postgres:16-alpine
2025/05/30 09:06:09 ✅ Container created: b3e491b21d24
2025/05/30 09:06:09 🐳 Starting container: b3e491b21d24
2025/05/30 09:06:09 ✅ Container started: b3e491b21d24
2025/05/30 09:06:09 ⏳ Waiting for container id b3e491b21d24 image: postgres:16-alpine. Waiting for: &{timeout:<nil> deadline:0xc0006df2b0 Strategies:[0xc000d01bc0]}
2025/05/30 09:06:12 🔔 Container is ready: b3e491b21d24
2025/05/30 09:06:12 PostgreSQL container started with resource limits and init script. URL: postgres://testuser:testpass@localhost:34112/testdb?sslmode=disable
2025/05/30 09:06:12 Starting NATS container with resource limits...
2025/05/30 09:06:12 🐳 Creating container for image nats:2.10-alpine
2025/05/30 09:06:13 ✅ Container created: ea6b0a11eee4
2025/05/30 09:06:13 🐳 Starting container: ea6b0a11eee4
2025/05/30 09:06:13 ✅ Container started: ea6b0a11eee4
2025/05/30 09:06:13 ⏳ Waiting for container id ea6b0a11eee4 image: nats:2.10-alpine. Waiting for: &{timeout:<nil> deadline:0xc000f8f778 Strategies:[0xc0010d83c0 0xc0006b8180]}
2025/05/30 09:06:15 🔔 Container is ready: ea6b0a11eee4
2025/05/30 09:06:15 NATS container started with resource limits. URL: nats://localhost:34114
Creating user table...
User table created successfully!
2025/05/30 09:06:15 Ran user migrations group #1
Creating round table...
Round table created successfully!
2025/05/30 09:06:15 Ran round migrations group #2
Creating score table...
Score table created successfully!
2025/05/30 09:06:15 Ran score migrations group #3
Creating leaderboard table...
Leaderboard table created successfully!
2025/05/30 09:06:15 Ran leaderboard migrations group #4
2025/05/30 09:06:15 All migrations ran successfully
2025/05/30 09:06:15 newDBServiceWithDB - Registering models
2025/05/30 09:06:15 newDBServiceWithDB - Models registered successfully
2025/05/30 09:06:15 newDBServiceWithDB - DBService initialized: &{UserDB:0xc0008246f0 RoundDB:0xc0008246f8 ScoreDB:0xc000824700 LeaderboardDB:0xc000824708 db:0xc000e49180}
2025/05/30 09:06:15 Truncating tables: rounds
2025/05/30 09:06:15 Truncating tables: users, scores, leaderboards, rounds
2025/05/30 09:06:16 Cleaning up test environment...
2025/05/30 09:06:16 Context cancelled.
2025/05/30 09:06:16 EventBus closed.
2025/05/30 09:06:16 NATS connection closed.
2025/05/30 09:06:16 DB connection closed.
2025/05/30 09:06:16 🐳 Stopping container: ea6b0a11eee4
2025/05/30 09:06:17 ✅ Container stopped: ea6b0a11eee4
2025/05/30 09:06:17 🐳 Terminating container: ea6b0a11eee4
2025/05/30 09:06:17 🚫 Container terminated: ea6b0a11eee4
2025/05/30 09:06:17 NATS container terminated.
2025/05/30 09:06:17 🐳 Stopping container: b3e491b21d24
2025/05/30 09:06:17 ✅ Container stopped: b3e491b21d24
2025/05/30 09:06:17 🐳 Terminating container: b3e491b21d24
2025/05/30 09:06:17 🚫 Container terminated: b3e491b21d24
2025/05/30 09:06:17 PostgreSQL container terminated.
2025/05/30 09:06:17 Cleanup complete.
--- PASS: TestHandleRoundEntityCreated (86.58s)
    --- PASS: TestHandleRoundEntityCreated/Success_-_Handler_Processes_Valid_Message_and_Publishes_Success_Event (11.38s)
    --- PASS: TestHandleRoundEntityCreated/Success_-_Handler_Processes_Minimal_Valid_Message (12.54s)
    --- PASS: TestHandleRoundEntityCreated/Success_-_Handler_Processes_Message_with_Complex_Participants (12.28s)
    --- PASS: TestHandleRoundEntityCreated/Success_-_Handler_Processes_Different_Round_States (10.83s)
    --- PASS: TestHandleRoundEntityCreated/Success_-_Handler_Processes_Multiple_Messages_Concurrently (8.90s)
    --- PASS: TestHandleRoundEntityCreated/Failure_-_Handler_Rejects_Invalid_JSON_and_Doesn't_Publish_Events (12.10s)
    --- PASS: TestHandleRoundEntityCreated/Success_-_Handler_Preserves_Message_Correlation_ID (10.55s)
    --- PASS: TestHandleRoundEntityCreated/Success_-_Handler_Publishes_Correct_Event_Topic (8.00s)
=== RUN   TestHandleRoundEventMessageIDUpdate
=== RUN   TestHandleRoundEventMessageIDUpdate/Success_-_Update_Valid_Round_Message_ID
2025/05/30 09:06:17 Starting PostgreSQL container with resource limits...
2025/05/30 09:06:17 🐳 Creating container for image postgres:16-alpine
2025/05/30 09:06:17 ✅ Container created: 82c254e2d2fb
2025/05/30 09:06:17 🐳 Starting container: 82c254e2d2fb
2025/05/30 09:06:18 ✅ Container started: 82c254e2d2fb
2025/05/30 09:06:18 ⏳ Waiting for container id 82c254e2d2fb image: postgres:16-alpine. Waiting for: &{timeout:<nil> deadline:0xc000b20d50 Strategies:[0xc000b2e090]}
2025/05/30 09:06:20 🔔 Container is ready: 82c254e2d2fb
2025/05/30 09:06:20 PostgreSQL container started with resource limits and init script. URL: postgres://testuser:testpass@localhost:34129/testdb?sslmode=disable
2025/05/30 09:06:20 Starting NATS container with resource limits...
2025/05/30 09:06:20 🐳 Creating container for image nats:2.10-alpine
2025/05/30 09:06:21 ✅ Container created: f714ea0c9873
2025/05/30 09:06:21 🐳 Starting container: f714ea0c9873
2025/05/30 09:06:21 ✅ Container started: f714ea0c9873
2025/05/30 09:06:21 ⏳ Waiting for container id f714ea0c9873 image: nats:2.10-alpine. Waiting for: &{timeout:<nil> deadline:0xc000f8e8e8 Strategies:[0xc000bfe2a0 0xc00099e4e0]}
2025/05/30 09:06:25 🔔 Container is ready: f714ea0c9873
2025/05/30 09:06:25 NATS container started with resource limits. URL: nats://localhost:34133
Creating leaderboard table...
Leaderboard table created successfully!
2025/05/30 09:06:25 Ran leaderboard migrations group #1
Creating user table...
User table created successfully!
2025/05/30 09:06:25 Ran user migrations group #2
Creating round table...
Round table created successfully!
2025/05/30 09:06:25 Ran round migrations group #3
Creating score table...
Score table created successfully!
2025/05/30 09:06:25 Ran score migrations group #4
2025/05/30 09:06:25 All migrations ran successfully
2025/05/30 09:06:25 newDBServiceWithDB - Registering models
2025/05/30 09:06:25 newDBServiceWithDB - Models registered successfully
2025/05/30 09:06:25 newDBServiceWithDB - DBService initialized: &{UserDB:0xc0009004a0 RoundDB:0xc0009004a8 ScoreDB:0xc0009004b0 LeaderboardDB:0xc0009004b8 db:0xc00068a540}
2025/05/30 09:06:25 Truncating tables: rounds
2025/05/30 09:06:25 Truncating tables: users, scores, leaderboards, rounds
2025/05/30 09:06:26 Cleaning up test environment...
2025/05/30 09:06:26 Context cancelled.
2025/05/30 09:06:26 EventBus closed.
2025/05/30 09:06:26 NATS connection closed.
2025/05/30 09:06:26 DB connection closed.
2025/05/30 09:06:26 🐳 Stopping container: f714ea0c9873
2025/05/30 09:06:26 ✅ Container stopped: f714ea0c9873
2025/05/30 09:06:26 🐳 Terminating container: f714ea0c9873
2025/05/30 09:06:26 🚫 Container terminated: f714ea0c9873
2025/05/30 09:06:26 NATS container terminated.
2025/05/30 09:06:26 🐳 Stopping container: 82c254e2d2fb
2025/05/30 09:06:27 ✅ Container stopped: 82c254e2d2fb
2025/05/30 09:06:27 🐳 Terminating container: 82c254e2d2fb
2025/05/30 09:06:27 🚫 Container terminated: 82c254e2d2fb
2025/05/30 09:06:27 PostgreSQL container terminated.
2025/05/30 09:06:27 Cleanup complete.
=== RUN   TestHandleRoundEventMessageIDUpdate/Success_-_Update_Round_Message_ID_with_Long_Discord_ID
2025/05/30 09:06:27 Starting PostgreSQL container with resource limits...
2025/05/30 09:06:27 🐳 Creating container for image postgres:16-alpine
2025/05/30 09:06:27 ✅ Container created: 301f5db494d8
2025/05/30 09:06:27 🐳 Starting container: 301f5db494d8
2025/05/30 09:06:27 ✅ Container started: 301f5db494d8
2025/05/30 09:06:27 ⏳ Waiting for container id 301f5db494d8 image: postgres:16-alpine. Waiting for: &{timeout:<nil> deadline:0xc000fb7290 Strategies:[0xc000894930]}
2025/05/30 09:06:31 🔔 Container is ready: 301f5db494d8
2025/05/30 09:06:31 PostgreSQL container started with resource limits and init script. URL: postgres://testuser:testpass@localhost:34153/testdb?sslmode=disable
2025/05/30 09:06:31 Starting NATS container with resource limits...
2025/05/30 09:06:31 🐳 Creating container for image nats:2.10-alpine
2025/05/30 09:06:31 ✅ Container created: 74b76bef1396
2025/05/30 09:06:31 🐳 Starting container: 74b76bef1396
2025/05/30 09:06:31 ✅ Container started: 74b76bef1396
2025/05/30 09:06:31 ⏳ Waiting for container id 74b76bef1396 image: nats:2.10-alpine. Waiting for: &{timeout:<nil> deadline:0xc00097bad8 Strategies:[0xc001099740 0xc000ba48a0]}
2025/05/30 09:06:32 🔔 Container is ready: 74b76bef1396
2025/05/30 09:06:32 NATS container started with resource limits. URL: nats://localhost:34165
Creating user table...
User table created successfully!
2025/05/30 09:06:32 Ran user migrations group #1
Creating round table...
Round table created successfully!
2025/05/30 09:06:32 Ran round migrations group #2
Creating score table...
Score table created successfully!
2025/05/30 09:06:32 Ran score migrations group #3
Creating leaderboard table...
Leaderboard table created successfully!
2025/05/30 09:06:32 Ran leaderboard migrations group #4
2025/05/30 09:06:32 All migrations ran successfully
2025/05/30 09:06:32 newDBServiceWithDB - Registering models
2025/05/30 09:06:32 newDBServiceWithDB - Models registered successfully
2025/05/30 09:06:32 newDBServiceWithDB - DBService initialized: &{UserDB:0xc000824368 RoundDB:0xc000824370 ScoreDB:0xc000824378 LeaderboardDB:0xc000824380 db:0xc000e49040}
2025/05/30 09:06:33 Truncating tables: rounds
2025/05/30 09:06:33 Truncating tables: users, scores, leaderboards, rounds
2025/05/30 09:06:33 Cleaning up test environment...
2025/05/30 09:06:33 Context cancelled.
2025/05/30 09:06:33 EventBus closed.
2025/05/30 09:06:33 NATS connection closed.
2025/05/30 09:06:33 DB connection closed.
2025/05/30 09:06:33 🐳 Stopping container: 74b76bef1396
2025/05/30 09:06:34 ✅ Container stopped: 74b76bef1396
2025/05/30 09:06:34 🐳 Terminating container: 74b76bef1396
2025/05/30 09:06:34 🚫 Container terminated: 74b76bef1396
2025/05/30 09:06:34 NATS container terminated.
2025/05/30 09:06:34 🐳 Stopping container: 301f5db494d8
2025/05/30 09:06:34 ✅ Container stopped: 301f5db494d8
2025/05/30 09:06:34 🐳 Terminating container: 301f5db494d8
2025/05/30 09:06:34 🚫 Container terminated: 301f5db494d8
2025/05/30 09:06:34 PostgreSQL container terminated.
2025/05/30 09:06:34 Cleanup complete.
=== RUN   TestHandleRoundEventMessageIDUpdate/Failure_-_Missing_Discord_Message_ID_in_Metadata
2025/05/30 09:06:34 Starting PostgreSQL container with resource limits...
2025/05/30 09:06:34 🐳 Creating container for image postgres:16-alpine
2025/05/30 09:06:34 ✅ Container created: 087c1adf1f65
2025/05/30 09:06:34 🐳 Starting container: 087c1adf1f65
2025/05/30 09:06:35 ✅ Container started: 087c1adf1f65
2025/05/30 09:06:35 ⏳ Waiting for container id 087c1adf1f65 image: postgres:16-alpine. Waiting for: &{timeout:<nil> deadline:0xc00152a470 Strategies:[0xc00152e600]}
2025/05/30 09:06:38 🔔 Container is ready: 087c1adf1f65
2025/05/30 09:06:38 PostgreSQL container started with resource limits and init script. URL: postgres://testuser:testpass@localhost:34175/testdb?sslmode=disable
2025/05/30 09:06:38 Starting NATS container with resource limits...
2025/05/30 09:06:38 🐳 Creating container for image nats:2.10-alpine
2025/05/30 09:06:38 ✅ Container created: 265e310912b6
2025/05/30 09:06:38 🐳 Starting container: 265e310912b6
2025/05/30 09:06:38 ✅ Container started: 265e310912b6
2025/05/30 09:06:38 ⏳ Waiting for container id 265e310912b6 image: nats:2.10-alpine. Waiting for: &{timeout:<nil> deadline:0xc000f8f318 Strategies:[0xc0008f7560 0xc000fab020]}
2025/05/30 09:06:43 🔔 Container is ready: 265e310912b6
2025/05/30 09:06:43 NATS container started with resource limits. URL: nats://localhost:34185
Creating user table...
User table created successfully!
2025/05/30 09:06:43 Ran user migrations group #1
Creating round table...
Round table created successfully!
2025/05/30 09:06:43 Ran round migrations group #2
Creating score table...
Score table created successfully!
2025/05/30 09:06:43 Ran score migrations group #3
Creating leaderboard table...
Leaderboard table created successfully!
2025/05/30 09:06:43 Ran leaderboard migrations group #4
2025/05/30 09:06:43 All migrations ran successfully
2025/05/30 09:06:43 newDBServiceWithDB - Registering models
2025/05/30 09:06:43 newDBServiceWithDB - Models registered successfully
2025/05/30 09:06:43 newDBServiceWithDB - DBService initialized: &{UserDB:0xc00007ca28 RoundDB:0xc00007ca30 ScoreDB:0xc00007ca38 LeaderboardDB:0xc00007ca40 db:0xc000d087c0}
2025/05/30 09:06:43 Truncating tables: rounds
2025/05/30 09:06:43 Truncating tables: users, scores, leaderboards, rounds
2025/05/30 09:06:45 Cleaning up test environment...
2025/05/30 09:06:45 Context cancelled.
2025/05/30 09:06:45 EventBus closed.
2025/05/30 09:06:45 NATS connection closed.
2025/05/30 09:06:45 DB connection closed.
2025/05/30 09:06:45 🐳 Stopping container: 265e310912b6
2025/05/30 09:06:46 ✅ Container stopped: 265e310912b6
2025/05/30 09:06:46 🐳 Terminating container: 265e310912b6
2025/05/30 09:06:46 🚫 Container terminated: 265e310912b6
2025/05/30 09:06:46 NATS container terminated.
2025/05/30 09:06:46 🐳 Stopping container: 087c1adf1f65
2025/05/30 09:06:46 ✅ Container stopped: 087c1adf1f65
2025/05/30 09:06:46 🐳 Terminating container: 087c1adf1f65
2025/05/30 09:06:46 🚫 Container terminated: 087c1adf1f65
2025/05/30 09:06:46 PostgreSQL container terminated.
2025/05/30 09:06:46 Cleanup complete.
=== RUN   TestHandleRoundEventMessageIDUpdate/Failure_-_Empty_Discord_Message_ID_in_Metadata
2025/05/30 09:06:46 Starting PostgreSQL container with resource limits...
2025/05/30 09:06:46 🐳 Creating container for image postgres:16-alpine
2025/05/30 09:06:46 ✅ Container created: 79767ebe2799
2025/05/30 09:06:46 🐳 Starting container: 79767ebe2799
2025/05/30 09:06:47 ✅ Container started: 79767ebe2799
2025/05/30 09:06:47 ⏳ Waiting for container id 79767ebe2799 image: postgres:16-alpine. Waiting for: &{timeout:<nil> deadline:0xc000822498 Strategies:[0xc000d69b90]}
2025/05/30 09:06:49 🔔 Container is ready: 79767ebe2799
2025/05/30 09:06:49 PostgreSQL container started with resource limits and init script. URL: postgres://testuser:testpass@localhost:34203/testdb?sslmode=disable
2025/05/30 09:06:49 Starting NATS container with resource limits...
2025/05/30 09:06:49 🐳 Creating container for image nats:2.10-alpine
2025/05/30 09:06:50 ✅ Container created: 9f28a3b4561e
2025/05/30 09:06:50 🐳 Starting container: 9f28a3b4561e
2025/05/30 09:06:50 ✅ Container started: 9f28a3b4561e
2025/05/30 09:06:50 ⏳ Waiting for container id 9f28a3b4561e image: nats:2.10-alpine. Waiting for: &{timeout:<nil> deadline:0xc000e9e480 Strategies:[0xc0010ae120 0xc000a74930]}
2025/05/30 09:06:53 🔔 Container is ready: 9f28a3b4561e
2025/05/30 09:06:53 NATS container started with resource limits. URL: nats://localhost:34214
Creating user table...
User table created successfully!
2025/05/30 09:06:53 Ran user migrations group #1
Creating round table...
Round table created successfully!
2025/05/30 09:06:53 Ran round migrations group #2
Creating score table...
Score table created successfully!
2025/05/30 09:06:54 Ran score migrations group #3
Creating leaderboard table...
Leaderboard table created successfully!
2025/05/30 09:06:54 Ran leaderboard migrations group #4
2025/05/30 09:06:54 All migrations ran successfully
2025/05/30 09:06:54 newDBServiceWithDB - Registering models
2025/05/30 09:06:54 newDBServiceWithDB - Models registered successfully
2025/05/30 09:06:54 newDBServiceWithDB - DBService initialized: &{UserDB:0xc000900480 RoundDB:0xc000900488 ScoreDB:0xc000900498 LeaderboardDB:0xc0009004a0 db:0xc001202b00}
2025/05/30 09:06:54 Truncating tables: rounds
2025/05/30 09:06:54 Truncating tables: users, scores, leaderboards, rounds
2025/05/30 09:06:56 Cleaning up test environment...
2025/05/30 09:06:56 Context cancelled.
2025/05/30 09:06:56 EventBus closed.
2025/05/30 09:06:56 NATS connection closed.
2025/05/30 09:06:56 DB connection closed.
2025/05/30 09:06:56 🐳 Stopping container: 9f28a3b4561e
2025/05/30 09:06:56 ✅ Container stopped: 9f28a3b4561e
2025/05/30 09:06:56 🐳 Terminating container: 9f28a3b4561e
2025/05/30 09:06:57 🚫 Container terminated: 9f28a3b4561e
2025/05/30 09:06:57 NATS container terminated.
2025/05/30 09:06:57 🐳 Stopping container: 79767ebe2799
2025/05/30 09:06:57 ✅ Container stopped: 79767ebe2799
2025/05/30 09:06:57 🐳 Terminating container: 79767ebe2799
2025/05/30 09:06:57 🚫 Container terminated: 79767ebe2799
2025/05/30 09:06:57 PostgreSQL container terminated.
2025/05/30 09:06:57 Cleanup complete.
=== RUN   TestHandleRoundEventMessageIDUpdate/Failure_-_Non-Existent_Round_ID
2025/05/30 09:06:57 Starting PostgreSQL container with resource limits...
2025/05/30 09:06:57 🐳 Creating container for image postgres:16-alpine
2025/05/30 09:06:57 ✅ Container created: 3b3cbd240be3
2025/05/30 09:06:57 🐳 Starting container: 3b3cbd240be3
2025/05/30 09:06:58 ✅ Container started: 3b3cbd240be3
2025/05/30 09:06:58 ⏳ Waiting for container id 3b3cbd240be3 image: postgres:16-alpine. Waiting for: &{timeout:<nil> deadline:0xc0018c6080 Strategies:[0xc0018e21e0]}
2025/05/30 09:07:01 🔔 Container is ready: 3b3cbd240be3
2025/05/30 09:07:01 PostgreSQL container started with resource limits and init script. URL: postgres://testuser:testpass@localhost:34223/testdb?sslmode=disable
2025/05/30 09:07:01 Starting NATS container with resource limits...
2025/05/30 09:07:01 🐳 Creating container for image nats:2.10-alpine
2025/05/30 09:07:01 ✅ Container created: 2c3317d313d7
2025/05/30 09:07:01 🐳 Starting container: 2c3317d313d7
2025/05/30 09:07:01 ✅ Container started: 2c3317d313d7
2025/05/30 09:07:01 ⏳ Waiting for container id 2c3317d313d7 image: nats:2.10-alpine. Waiting for: &{timeout:<nil> deadline:0xc0016c6828 Strategies:[0xc00198d740 0xc000eb18f0]}
2025/05/30 09:07:02 🔔 Container is ready: 2c3317d313d7
2025/05/30 09:07:02 NATS container started with resource limits. URL: nats://localhost:34233
Creating user table...
User table created successfully!
2025/05/30 09:07:03 Ran user migrations group #1
Creating round table...
Round table created successfully!
2025/05/30 09:07:03 Ran round migrations group #2
Creating score table...
Score table created successfully!
2025/05/30 09:07:03 Ran score migrations group #3
Creating leaderboard table...
Leaderboard table created successfully!
2025/05/30 09:07:03 Ran leaderboard migrations group #4
2025/05/30 09:07:03 All migrations ran successfully
2025/05/30 09:07:03 newDBServiceWithDB - Registering models
2025/05/30 09:07:03 newDBServiceWithDB - Models registered successfully
2025/05/30 09:07:03 newDBServiceWithDB - DBService initialized: &{UserDB:0xc0001a4818 RoundDB:0xc0001a4820 ScoreDB:0xc0001a4830 LeaderboardDB:0xc0001a4840 db:0xc000e48880}
2025/05/30 09:07:03 Truncating tables: rounds
2025/05/30 09:07:03 Truncating tables: users, scores, leaderboards, rounds
2025/05/30 09:07:05 Cleaning up test environment...
2025/05/30 09:07:05 Context cancelled.
2025/05/30 09:07:05 EventBus closed.
2025/05/30 09:07:05 NATS connection closed.
2025/05/30 09:07:05 DB connection closed.
2025/05/30 09:07:05 🐳 Stopping container: 2c3317d313d7
2025/05/30 09:07:06 ✅ Container stopped: 2c3317d313d7
2025/05/30 09:07:06 🐳 Terminating container: 2c3317d313d7
2025/05/30 09:07:06 🚫 Container terminated: 2c3317d313d7
2025/05/30 09:07:06 NATS container terminated.
2025/05/30 09:07:06 🐳 Stopping container: 3b3cbd240be3
2025/05/30 09:07:06 ✅ Container stopped: 3b3cbd240be3
2025/05/30 09:07:06 🐳 Terminating container: 3b3cbd240be3
2025/05/30 09:07:06 🚫 Container terminated: 3b3cbd240be3
2025/05/30 09:07:06 PostgreSQL container terminated.
2025/05/30 09:07:06 Cleanup complete.
=== RUN   TestHandleRoundEventMessageIDUpdate/Failure_-_Invalid_JSON_Message
2025/05/30 09:07:06 Starting PostgreSQL container with resource limits...
2025/05/30 09:07:06 🐳 Creating container for image postgres:16-alpine
2025/05/30 09:07:06 ✅ Container created: f1bf139cf850
2025/05/30 09:07:06 🐳 Starting container: f1bf139cf850
2025/05/30 09:07:06 ✅ Container started: f1bf139cf850
2025/05/30 09:07:06 ⏳ Waiting for container id f1bf139cf850 image: postgres:16-alpine. Waiting for: &{timeout:<nil> deadline:0xc00092e348 Strategies:[0xc0010bd200]}
2025/05/30 09:07:09 🔔 Container is ready: f1bf139cf850
2025/05/30 09:07:09 PostgreSQL container started with resource limits and init script. URL: postgres://testuser:testpass@localhost:34241/testdb?sslmode=disable
2025/05/30 09:07:09 Starting NATS container with resource limits...
2025/05/30 09:07:09 🐳 Creating container for image nats:2.10-alpine
2025/05/30 09:07:09 ✅ Container created: 246b98f4ee68
2025/05/30 09:07:09 🐳 Starting container: 246b98f4ee68
2025/05/30 09:07:10 ✅ Container started: 246b98f4ee68
2025/05/30 09:07:10 ⏳ Waiting for container id 246b98f4ee68 image: nats:2.10-alpine. Waiting for: &{timeout:<nil> deadline:0xc000cb68a0 Strategies:[0xc0008d39e0 0xc0006711a0]}
2025/05/30 09:07:11 🔔 Container is ready: 246b98f4ee68
2025/05/30 09:07:11 NATS container started with resource limits. URL: nats://localhost:34246
Creating user table...
User table created successfully!
2025/05/30 09:07:11 Ran user migrations group #1
Creating round table...
Round table created successfully!
2025/05/30 09:07:11 Ran round migrations group #2
Creating score table...
Score table created successfully!
2025/05/30 09:07:11 Ran score migrations group #3
Creating leaderboard table...
Leaderboard table created successfully!
2025/05/30 09:07:11 Ran leaderboard migrations group #4
2025/05/30 09:07:11 All migrations ran successfully
2025/05/30 09:07:11 newDBServiceWithDB - Registering models
2025/05/30 09:07:11 newDBServiceWithDB - Models registered successfully
2025/05/30 09:07:11 newDBServiceWithDB - DBService initialized: &{UserDB:0xc000824860 RoundDB:0xc000824868 ScoreDB:0xc000824870 LeaderboardDB:0xc000824880 db:0xc001362300}
2025/05/30 09:07:11 Truncating tables: rounds
2025/05/30 09:07:11 Truncating tables: users, scores, leaderboards, rounds
2025/05/30 09:07:14 Cleaning up test environment...
2025/05/30 09:07:14 Context cancelled.
2025/05/30 09:07:14 EventBus closed.
2025/05/30 09:07:14 NATS connection closed.
2025/05/30 09:07:14 DB connection closed.
2025/05/30 09:07:14 🐳 Stopping container: 246b98f4ee68
2025/05/30 09:07:14 ✅ Container stopped: 246b98f4ee68
2025/05/30 09:07:14 🐳 Terminating container: 246b98f4ee68
2025/05/30 09:07:14 🚫 Container terminated: 246b98f4ee68
2025/05/30 09:07:14 NATS container terminated.
2025/05/30 09:07:14 🐳 Stopping container: f1bf139cf850
2025/05/30 09:07:15 ✅ Container stopped: f1bf139cf850
2025/05/30 09:07:15 🐳 Terminating container: f1bf139cf850
2025/05/30 09:07:15 🚫 Container terminated: f1bf139cf850
2025/05/30 09:07:15 PostgreSQL container terminated.
2025/05/30 09:07:15 Cleanup complete.
=== RUN   TestHandleRoundEventMessageIDUpdate/Success_-_Handler_Preserves_Message_Correlation_ID
2025/05/30 09:07:15 Starting PostgreSQL container with resource limits...
2025/05/30 09:07:15 🐳 Creating container for image postgres:16-alpine
2025/05/30 09:07:15 ✅ Container created: 36abb09a3224
2025/05/30 09:07:15 🐳 Starting container: 36abb09a3224
2025/05/30 09:07:15 ✅ Container started: 36abb09a3224
2025/05/30 09:07:15 ⏳ Waiting for container id 36abb09a3224 image: postgres:16-alpine. Waiting for: &{timeout:<nil> deadline:0xc001929480 Strategies:[0xc001031a70]}
2025/05/30 09:07:18 🔔 Container is ready: 36abb09a3224
2025/05/30 09:07:18 PostgreSQL container started with resource limits and init script. URL: postgres://testuser:testpass@localhost:34254/testdb?sslmode=disable
2025/05/30 09:07:18 Starting NATS container with resource limits...
2025/05/30 09:07:18 🐳 Creating container for image nats:2.10-alpine
2025/05/30 09:07:18 ✅ Container created: 3ae01d58bb87
2025/05/30 09:07:18 🐳 Starting container: 3ae01d58bb87
2025/05/30 09:07:18 ✅ Container started: 3ae01d58bb87
2025/05/30 09:07:18 ⏳ Waiting for container id 3ae01d58bb87 image: nats:2.10-alpine. Waiting for: &{timeout:<nil> deadline:0xc001c03d98 Strategies:[0xc000c6e120 0xc0010fa120]}
2025/05/30 09:07:21 🔔 Container is ready: 3ae01d58bb87
2025/05/30 09:07:21 NATS container started with resource limits. URL: nats://localhost:34258
Creating user table...
User table created successfully!
2025/05/30 09:07:21 Ran user migrations group #1
Creating round table...
Round table created successfully!
2025/05/30 09:07:21 Ran round migrations group #2
Creating score table...
Score table created successfully!
2025/05/30 09:07:21 Ran score migrations group #3
Creating leaderboard table...
Leaderboard table created successfully!
2025/05/30 09:07:21 Ran leaderboard migrations group #4
2025/05/30 09:07:21 All migrations ran successfully
2025/05/30 09:07:21 newDBServiceWithDB - Registering models
2025/05/30 09:07:21 newDBServiceWithDB - Models registered successfully
2025/05/30 09:07:21 newDBServiceWithDB - DBService initialized: &{UserDB:0xc0008b4900 RoundDB:0xc0008b4908 ScoreDB:0xc0008b4910 LeaderboardDB:0xc0008b4918 db:0xc00083af00}
2025/05/30 09:07:21 Truncating tables: rounds
2025/05/30 09:07:21 Truncating tables: users, scores, leaderboards, rounds
2025/05/30 09:07:21 Cleaning up test environment...
2025/05/30 09:07:21 Context cancelled.
2025/05/30 09:07:21 EventBus closed.
2025/05/30 09:07:21 NATS connection closed.
2025/05/30 09:07:21 DB connection closed.
2025/05/30 09:07:21 🐳 Stopping container: 3ae01d58bb87
2025/05/30 09:07:22 ✅ Container stopped: 3ae01d58bb87
2025/05/30 09:07:22 🐳 Terminating container: 3ae01d58bb87
2025/05/30 09:07:22 🚫 Container terminated: 3ae01d58bb87
2025/05/30 09:07:22 NATS container terminated.
2025/05/30 09:07:22 🐳 Stopping container: 36abb09a3224
2025/05/30 09:07:22 ✅ Container stopped: 36abb09a3224
2025/05/30 09:07:22 🐳 Terminating container: 36abb09a3224
2025/05/30 09:07:22 🚫 Container terminated: 36abb09a3224
2025/05/30 09:07:22 PostgreSQL container terminated.
2025/05/30 09:07:22 Cleanup complete.
=== RUN   TestHandleRoundEventMessageIDUpdate/Success_-_Multiple_Message_ID_Updates
2025/05/30 09:07:22 Starting PostgreSQL container with resource limits...
2025/05/30 09:07:22 🐳 Creating container for image postgres:16-alpine
2025/05/30 09:07:22 ✅ Container created: 7b14931943f3
2025/05/30 09:07:22 🐳 Starting container: 7b14931943f3
2025/05/30 09:07:22 ✅ Container started: 7b14931943f3
2025/05/30 09:07:22 ⏳ Waiting for container id 7b14931943f3 image: postgres:16-alpine. Waiting for: &{timeout:<nil> deadline:0xc000b20e88 Strategies:[0xc0018bee70]}
2025/05/30 09:07:24 🔔 Container is ready: 7b14931943f3
2025/05/30 09:07:24 PostgreSQL container started with resource limits and init script. URL: postgres://testuser:testpass@localhost:34268/testdb?sslmode=disable
2025/05/30 09:07:24 Starting NATS container with resource limits...
2025/05/30 09:07:24 🐳 Creating container for image nats:2.10-alpine
2025/05/30 09:07:25 ✅ Container created: 8f47d1e71be6
2025/05/30 09:07:25 🐳 Starting container: 8f47d1e71be6
2025/05/30 09:07:25 ✅ Container started: 8f47d1e71be6
2025/05/30 09:07:25 ⏳ Waiting for container id 8f47d1e71be6 image: nats:2.10-alpine. Waiting for: &{timeout:<nil> deadline:0xc001a16c08 Strategies:[0xc001702a20 0xc00099e510]}
2025/05/30 09:07:27 🔔 Container is ready: 8f47d1e71be6
2025/05/30 09:07:27 NATS container started with resource limits. URL: nats://localhost:34270
Creating user table...
User table created successfully!
2025/05/30 09:07:27 Ran user migrations group #1
Creating round table...
Round table created successfully!
2025/05/30 09:07:27 Ran round migrations group #2
Creating score table...
Score table created successfully!
2025/05/30 09:07:27 Ran score migrations group #3
Creating leaderboard table...
Leaderboard table created successfully!
2025/05/30 09:07:27 Ran leaderboard migrations group #4
2025/05/30 09:07:27 All migrations ran successfully
2025/05/30 09:07:27 newDBServiceWithDB - Registering models
2025/05/30 09:07:27 newDBServiceWithDB - Models registered successfully
2025/05/30 09:07:27 newDBServiceWithDB - DBService initialized: &{UserDB:0xc0005903c8 RoundDB:0xc0005903d0 ScoreDB:0xc0005903d8 LeaderboardDB:0xc0005903e0 db:0xc00040a080}
2025/05/30 09:07:27 Truncating tables: rounds
2025/05/30 09:07:27 Truncating tables: users, scores, leaderboards, rounds
2025/05/30 09:07:27 Cleaning up test environment...
2025/05/30 09:07:27 Context cancelled.
2025/05/30 09:07:27 EventBus closed.
2025/05/30 09:07:27 NATS connection closed.
2025/05/30 09:07:27 DB connection closed.
2025/05/30 09:07:27 🐳 Stopping container: 8f47d1e71be6
2025/05/30 09:07:28 ✅ Container stopped: 8f47d1e71be6
2025/05/30 09:07:28 🐳 Terminating container: 8f47d1e71be6
2025/05/30 09:07:28 🚫 Container terminated: 8f47d1e71be6
2025/05/30 09:07:28 NATS container terminated.
2025/05/30 09:07:28 🐳 Stopping container: 7b14931943f3
2025/05/30 09:07:28 ✅ Container stopped: 7b14931943f3
2025/05/30 09:07:28 🐳 Terminating container: 7b14931943f3
2025/05/30 09:07:28 🚫 Container terminated: 7b14931943f3
2025/05/30 09:07:28 PostgreSQL container terminated.
2025/05/30 09:07:28 Cleanup complete.
--- PASS: TestHandleRoundEventMessageIDUpdate (70.95s)
    --- PASS: TestHandleRoundEventMessageIDUpdate/Success_-_Update_Valid_Round_Message_ID (9.66s)
    --- PASS: TestHandleRoundEventMessageIDUpdate/Success_-_Update_Round_Message_ID_with_Long_Discord_ID (7.56s)
    --- PASS: TestHandleRoundEventMessageIDUpdate/Failure_-_Missing_Discord_Message_ID_in_Metadata (11.83s)
    --- PASS: TestHandleRoundEventMessageIDUpdate/Failure_-_Empty_Discord_Message_ID_in_Metadata (11.01s)
    --- PASS: TestHandleRoundEventMessageIDUpdate/Failure_-_Non-Existent_Round_ID (8.90s)
    --- PASS: TestHandleRoundEventMessageIDUpdate/Failure_-_Invalid_JSON_Message (8.57s)
    --- PASS: TestHandleRoundEventMessageIDUpdate/Success_-_Handler_Preserves_Message_Correlation_ID (7.42s)
    --- PASS: TestHandleRoundEventMessageIDUpdate/Success_-_Multiple_Message_ID_Updates (6.00s)
=== RUN   TestHandleCreateRoundRequest
=== RUN   TestHandleCreateRoundRequest/Success_-_Create_Valid_Round
2025/05/30 09:07:28 Starting PostgreSQL container with resource limits...
2025/05/30 09:07:28 🐳 Creating container for image postgres:16-alpine
2025/05/30 09:07:28 ✅ Container created: 7a7312dda148
2025/05/30 09:07:28 🐳 Starting container: 7a7312dda148
2025/05/30 09:07:28 ✅ Container started: 7a7312dda148
2025/05/30 09:07:28 ⏳ Waiting for container id 7a7312dda148 image: postgres:16-alpine. Waiting for: &{timeout:<nil> deadline:0xc00152b520 Strategies:[0xc0013dc780]}
2025/05/30 09:07:31 🔔 Container is ready: 7a7312dda148
2025/05/30 09:07:31 PostgreSQL container started with resource limits and init script. URL: postgres://testuser:testpass@localhost:34280/testdb?sslmode=disable
2025/05/30 09:07:31 Starting NATS container with resource limits...
2025/05/30 09:07:31 🐳 Creating container for image nats:2.10-alpine
2025/05/30 09:07:31 ✅ Container created: c7871a5a5f45
2025/05/30 09:07:31 🐳 Starting container: c7871a5a5f45
2025/05/30 09:07:31 ✅ Container started: c7871a5a5f45
2025/05/30 09:07:31 ⏳ Waiting for container id c7871a5a5f45 image: nats:2.10-alpine. Waiting for: &{timeout:<nil> deadline:0xc000fb6d58 Strategies:[0xc000ddc7e0 0xc001ad6d80]}
2025/05/30 09:07:32 🔔 Container is ready: c7871a5a5f45
2025/05/30 09:07:32 NATS container started with resource limits. URL: nats://localhost:34282
Creating leaderboard table...
Leaderboard table created successfully!
2025/05/30 09:07:32 Ran leaderboard migrations group #1
Creating user table...
User table created successfully!
2025/05/30 09:07:32 Ran user migrations group #2
Creating round table...
Round table created successfully!
2025/05/30 09:07:32 Ran round migrations group #3
Creating score table...
Score table created successfully!
2025/05/30 09:07:32 Ran score migrations group #4
2025/05/30 09:07:32 All migrations ran successfully
2025/05/30 09:07:32 newDBServiceWithDB - Registering models
2025/05/30 09:07:32 newDBServiceWithDB - Models registered successfully
2025/05/30 09:07:32 newDBServiceWithDB - DBService initialized: &{UserDB:0xc0008b4760 RoundDB:0xc0008b4768 ScoreDB:0xc0008b4770 LeaderboardDB:0xc0008b4778 db:0xc001b2d240}
2025/05/30 09:07:33 Truncating tables: rounds
2025/05/30 09:07:33 Truncating tables: users, scores, leaderboards, rounds
2025/05/30 09:07:33 INFO Timezone override user_timezone=UTC
2025/05/30 09:07:33 INFO Parsed time using when parsed_time=2025-05-31T15:00:00Z
2025/05/30 09:07:33 Cleaning up test environment...
2025/05/30 09:07:33 Context cancelled.
2025/05/30 09:07:33 EventBus closed.
2025/05/30 09:07:33 NATS connection closed.
2025/05/30 09:07:33 DB connection closed.
2025/05/30 09:07:33 🐳 Stopping container: c7871a5a5f45
2025/05/30 09:07:33 ✅ Container stopped: c7871a5a5f45
2025/05/30 09:07:33 🐳 Terminating container: c7871a5a5f45
2025/05/30 09:07:33 🚫 Container terminated: c7871a5a5f45
2025/05/30 09:07:33 NATS container terminated.
2025/05/30 09:07:33 🐳 Stopping container: 7a7312dda148
2025/05/30 09:07:34 ✅ Container stopped: 7a7312dda148
2025/05/30 09:07:34 🐳 Terminating container: 7a7312dda148
2025/05/30 09:07:34 🚫 Container terminated: 7a7312dda148
2025/05/30 09:07:34 PostgreSQL container terminated.
2025/05/30 09:07:34 Cleanup complete.
=== RUN   TestHandleCreateRoundRequest/Success_-_Create_Round_with_Minimal_Information
2025/05/30 09:07:34 Starting PostgreSQL container with resource limits...
2025/05/30 09:07:34 🐳 Creating container for image postgres:16-alpine
2025/05/30 09:07:34 ✅ Container created: 847294f2f6db
2025/05/30 09:07:34 🐳 Starting container: 847294f2f6db
2025/05/30 09:07:34 ✅ Container started: 847294f2f6db
2025/05/30 09:07:34 ⏳ Waiting for container id 847294f2f6db image: postgres:16-alpine. Waiting for: &{timeout:<nil> deadline:0xc00106ace8 Strategies:[0xc0019ccb10]}
2025/05/30 09:07:36 🔔 Container is ready: 847294f2f6db
2025/05/30 09:07:36 PostgreSQL container started with resource limits and init script. URL: postgres://testuser:testpass@localhost:34289/testdb?sslmode=disable
2025/05/30 09:07:36 Starting NATS container with resource limits...
2025/05/30 09:07:36 🐳 Creating container for image nats:2.10-alpine
2025/05/30 09:07:36 ✅ Container created: d23dbea23b54
2025/05/30 09:07:36 🐳 Starting container: d23dbea23b54
2025/05/30 09:07:37 ✅ Container started: d23dbea23b54
2025/05/30 09:07:37 ⏳ Waiting for container id d23dbea23b54 image: nats:2.10-alpine. Waiting for: &{timeout:<nil> deadline:0xc00192dc88 Strategies:[0xc0017ca180 0xc0015b0f90]}
2025/05/30 09:07:38 🔔 Container is ready: d23dbea23b54
2025/05/30 09:07:38 NATS container started with resource limits. URL: nats://localhost:34293
Creating user table...
User table created successfully!
2025/05/30 09:07:39 Ran user migrations group #1
Creating round table...
Round table created successfully!
2025/05/30 09:07:39 Ran round migrations group #2
Creating score table...
Score table created successfully!
2025/05/30 09:07:39 Ran score migrations group #3
Creating leaderboard table...
Leaderboard table created successfully!
2025/05/30 09:07:39 Ran leaderboard migrations group #4
2025/05/30 09:07:39 All migrations ran successfully
2025/05/30 09:07:39 newDBServiceWithDB - Registering models
2025/05/30 09:07:39 newDBServiceWithDB - Models registered successfully
2025/05/30 09:07:39 newDBServiceWithDB - DBService initialized: &{UserDB:0xc000590a68 RoundDB:0xc000590a70 ScoreDB:0xc000590a78 LeaderboardDB:0xc000590a80 db:0xc001b983c0}
2025/05/30 09:07:39 Truncating tables: rounds
2025/05/30 09:07:39 Truncating tables: users, scores, leaderboards, rounds
2025/05/30 09:07:39 INFO Timezone override user_timezone=UTC
2025/05/30 09:07:39 INFO Parsed time using when parsed_time=2025-05-31T15:00:00Z
2025/05/30 09:07:39 Cleaning up test environment...
2025/05/30 09:07:39 Context cancelled.
2025/05/30 09:07:39 EventBus closed.
2025/05/30 09:07:39 NATS connection closed.
2025/05/30 09:07:39 DB connection closed.
2025/05/30 09:07:39 🐳 Stopping container: d23dbea23b54
2025/05/30 09:07:40 ✅ Container stopped: d23dbea23b54
2025/05/30 09:07:40 🐳 Terminating container: d23dbea23b54
2025/05/30 09:07:40 🚫 Container terminated: d23dbea23b54
2025/05/30 09:07:40 NATS container terminated.
2025/05/30 09:07:40 🐳 Stopping container: 847294f2f6db
2025/05/30 09:07:40 ✅ Container stopped: 847294f2f6db
2025/05/30 09:07:40 🐳 Terminating container: 847294f2f6db
2025/05/30 09:07:40 🚫 Container terminated: 847294f2f6db
2025/05/30 09:07:40 PostgreSQL container terminated.
2025/05/30 09:07:40 Cleanup complete.
=== RUN   TestHandleCreateRoundRequest/Failure_-_Empty_Description
2025/05/30 09:07:40 Starting PostgreSQL container with resource limits...
2025/05/30 09:07:40 🐳 Creating container for image postgres:16-alpine
2025/05/30 09:07:40 ✅ Container created: 6f5ca1766b90
2025/05/30 09:07:40 🐳 Starting container: 6f5ca1766b90
2025/05/30 09:07:40 ✅ Container started: 6f5ca1766b90
2025/05/30 09:07:40 ⏳ Waiting for container id 6f5ca1766b90 image: postgres:16-alpine. Waiting for: &{timeout:<nil> deadline:0xc000672748 Strategies:[0xc00100f530]}
2025/05/30 09:07:43 🔔 Container is ready: 6f5ca1766b90
2025/05/30 09:07:43 PostgreSQL container started with resource limits and init script. URL: postgres://testuser:testpass@localhost:34300/testdb?sslmode=disable
2025/05/30 09:07:43 Starting NATS container with resource limits...
2025/05/30 09:07:43 🐳 Creating container for image nats:2.10-alpine
2025/05/30 09:07:43 ✅ Container created: c34a2b080982
2025/05/30 09:07:43 🐳 Starting container: c34a2b080982
2025/05/30 09:07:43 ✅ Container started: c34a2b080982
2025/05/30 09:07:43 ⏳ Waiting for container id c34a2b080982 image: nats:2.10-alpine. Waiting for: &{timeout:<nil> deadline:0xc000823438 Strategies:[0xc000fe7140 0xc00159aab0]}
2025/05/30 09:07:45 🔔 Container is ready: c34a2b080982
2025/05/30 09:07:45 NATS container started with resource limits. URL: nats://localhost:34302
Creating user table...
User table created successfully!
2025/05/30 09:07:45 Ran user migrations group #1
Creating round table...
Round table created successfully!
2025/05/30 09:07:45 Ran round migrations group #2
Creating score table...
Score table created successfully!
2025/05/30 09:07:45 Ran score migrations group #3
Creating leaderboard table...
Leaderboard table created successfully!
2025/05/30 09:07:45 Ran leaderboard migrations group #4
2025/05/30 09:07:45 All migrations ran successfully
2025/05/30 09:07:45 newDBServiceWithDB - Registering models
2025/05/30 09:07:45 newDBServiceWithDB - Models registered successfully
2025/05/30 09:07:45 newDBServiceWithDB - DBService initialized: &{UserDB:0xc000590818 RoundDB:0xc000590820 ScoreDB:0xc000590828 LeaderboardDB:0xc000590830 db:0xc00040bc00}
2025/05/30 09:07:45 Truncating tables: rounds
2025/05/30 09:07:45 Truncating tables: users, scores, leaderboards, rounds
2025/05/30 09:07:46 Cleaning up test environment...
2025/05/30 09:07:46 Context cancelled.
2025/05/30 09:07:46 EventBus closed.
2025/05/30 09:07:46 NATS connection closed.
2025/05/30 09:07:46 DB connection closed.
2025/05/30 09:07:46 🐳 Stopping container: c34a2b080982
2025/05/30 09:07:46 ✅ Container stopped: c34a2b080982
2025/05/30 09:07:46 🐳 Terminating container: c34a2b080982
2025/05/30 09:07:46 🚫 Container terminated: c34a2b080982
2025/05/30 09:07:46 NATS container terminated.
2025/05/30 09:07:46 🐳 Stopping container: 6f5ca1766b90
2025/05/30 09:07:47 ✅ Container stopped: 6f5ca1766b90
2025/05/30 09:07:47 🐳 Terminating container: 6f5ca1766b90
2025/05/30 09:07:47 🚫 Container terminated: 6f5ca1766b90
2025/05/30 09:07:47 PostgreSQL container terminated.
2025/05/30 09:07:47 Cleanup complete.
=== RUN   TestHandleCreateRoundRequest/Failure_-_Invalid_Time_Format
2025/05/30 09:07:47 Starting PostgreSQL container with resource limits...
2025/05/30 09:07:47 🐳 Creating container for image postgres:16-alpine
2025/05/30 09:07:47 ✅ Container created: b169c04686a8
2025/05/30 09:07:47 🐳 Starting container: b169c04686a8
2025/05/30 09:07:47 ✅ Container started: b169c04686a8
2025/05/30 09:07:47 ⏳ Waiting for container id b169c04686a8 image: postgres:16-alpine. Waiting for: &{timeout:<nil> deadline:0xc0019f2f18 Strategies:[0xc001dfc630]}
2025/05/30 09:07:51 🔔 Container is ready: b169c04686a8
2025/05/30 09:07:51 PostgreSQL container started with resource limits and init script. URL: postgres://testuser:testpass@localhost:34312/testdb?sslmode=disable
2025/05/30 09:07:51 Starting NATS container with resource limits...
2025/05/30 09:07:51 🐳 Creating container for image nats:2.10-alpine
2025/05/30 09:07:51 ✅ Container created: bc316206199a
2025/05/30 09:07:51 🐳 Starting container: bc316206199a
2025/05/30 09:07:51 ✅ Container started: bc316206199a
2025/05/30 09:07:51 ⏳ Waiting for container id bc316206199a image: nats:2.10-alpine. Waiting for: &{timeout:<nil> deadline:0xc0017b0ec0 Strategies:[0xc0015ee660 0xc0017f6e10]}
2025/05/30 09:07:53 🔔 Container is ready: bc316206199a
2025/05/30 09:07:53 NATS container started with resource limits. URL: nats://localhost:34315
Creating leaderboard table...
Leaderboard table created successfully!
2025/05/30 09:07:54 Ran leaderboard migrations group #1
Creating user table...
User table created successfully!
2025/05/30 09:07:54 Ran user migrations group #2
Creating round table...
Round table created successfully!
2025/05/30 09:07:54 Ran round migrations group #3
Creating score table...
Score table created successfully!
2025/05/30 09:07:54 Ran score migrations group #4
2025/05/30 09:07:54 All migrations ran successfully
2025/05/30 09:07:54 newDBServiceWithDB - Registering models
2025/05/30 09:07:54 newDBServiceWithDB - Models registered successfully
2025/05/30 09:07:54 newDBServiceWithDB - DBService initialized: &{UserDB:0xc00007c928 RoundDB:0xc00007c938 ScoreDB:0xc00007c948 LeaderboardDB:0xc00007c950 db:0xc000ba6c00}
2025/05/30 09:07:54 Truncating tables: rounds
2025/05/30 09:07:54 Truncating tables: users, scores, leaderboards, rounds
2025/05/30 09:07:54 INFO Timezone override user_timezone=UTC
2025/05/30 09:07:54 WARN `when` failed to parse input, falling back to manual parsing input=not-a-valid-time
2025/05/30 09:07:54 Cleaning up test environment...
2025/05/30 09:07:54 Context cancelled.
2025/05/30 09:07:54 EventBus closed.
2025/05/30 09:07:54 NATS connection closed.
2025/05/30 09:07:54 DB connection closed.
2025/05/30 09:07:54 🐳 Stopping container: bc316206199a
2025/05/30 09:07:55 ✅ Container stopped: bc316206199a
2025/05/30 09:07:55 🐳 Terminating container: bc316206199a
2025/05/30 09:07:55 🚫 Container terminated: bc316206199a
2025/05/30 09:07:55 NATS container terminated.
2025/05/30 09:07:55 🐳 Stopping container: b169c04686a8
2025/05/30 09:07:55 ✅ Container stopped: b169c04686a8
2025/05/30 09:07:55 🐳 Terminating container: b169c04686a8
2025/05/30 09:07:55 🚫 Container terminated: b169c04686a8
2025/05/30 09:07:55 PostgreSQL container terminated.
2025/05/30 09:07:55 Cleanup complete.
=== RUN   TestHandleCreateRoundRequest/Failure_-_Past_Start_Time
2025/05/30 09:07:55 Starting PostgreSQL container with resource limits...
2025/05/30 09:07:55 🐳 Creating container for image postgres:16-alpine
2025/05/30 09:07:55 ✅ Container created: 98e446e57719
2025/05/30 09:07:55 🐳 Starting container: 98e446e57719
2025/05/30 09:07:55 ✅ Container started: 98e446e57719
2025/05/30 09:07:55 ⏳ Waiting for container id 98e446e57719 image: postgres:16-alpine. Waiting for: &{timeout:<nil> deadline:0xc000f8f5d8 Strategies:[0xc001a705a0]}
2025/05/30 09:07:57 🔔 Container is ready: 98e446e57719
2025/05/30 09:07:57 PostgreSQL container started with resource limits and init script. URL: postgres://testuser:testpass@localhost:34325/testdb?sslmode=disable
2025/05/30 09:07:57 Starting NATS container with resource limits...
2025/05/30 09:07:57 🐳 Creating container for image nats:2.10-alpine
2025/05/30 09:07:57 ✅ Container created: c7f5c33e2331
2025/05/30 09:07:57 🐳 Starting container: c7f5c33e2331
2025/05/30 09:07:58 ✅ Container started: c7f5c33e2331
2025/05/30 09:07:58 ⏳ Waiting for container id c7f5c33e2331 image: nats:2.10-alpine. Waiting for: &{timeout:<nil> deadline:0xc0012005d8 Strategies:[0xc000f1a000 0xc001ebd3e0]}
2025/05/30 09:07:59 🔔 Container is ready: c7f5c33e2331
2025/05/30 09:07:59 NATS container started with resource limits. URL: nats://localhost:34329
Creating user table...
User table created successfully!
2025/05/30 09:07:59 Ran user migrations group #1
Creating round table...
Round table created successfully!
2025/05/30 09:07:59 Ran round migrations group #2
Creating score table...
Score table created successfully!
2025/05/30 09:07:59 Ran score migrations group #3
Creating leaderboard table...
Leaderboard table created successfully!
2025/05/30 09:07:59 Ran leaderboard migrations group #4
2025/05/30 09:07:59 All migrations ran successfully
2025/05/30 09:07:59 newDBServiceWithDB - Registering models
2025/05/30 09:07:59 newDBServiceWithDB - Models registered successfully
2025/05/30 09:07:59 newDBServiceWithDB - DBService initialized: &{UserDB:0xc00007c4a8 RoundDB:0xc00007c4c8 ScoreDB:0xc00007c4d8 LeaderboardDB:0xc00007c4f0 db:0xc000e48940}
2025/05/30 09:07:59 Truncating tables: rounds
2025/05/30 09:07:59 Truncating tables: users, scores, leaderboards, rounds
2025/05/30 09:08:00 INFO Timezone override user_timezone=UTC
2025/05/30 09:08:00 INFO Parsed time using when parsed_time=2025-05-29T15:00:00Z
2025/05/30 09:08:00 Cleaning up test environment...
2025/05/30 09:08:00 Context cancelled.
2025/05/30 09:08:00 EventBus closed.
2025/05/30 09:08:00 NATS connection closed.
2025/05/30 09:08:00 DB connection closed.
2025/05/30 09:08:00 🐳 Stopping container: c7f5c33e2331
2025/05/30 09:08:00 ✅ Container stopped: c7f5c33e2331
2025/05/30 09:08:00 🐳 Terminating container: c7f5c33e2331
2025/05/30 09:08:00 🚫 Container terminated: c7f5c33e2331
2025/05/30 09:08:00 NATS container terminated.
2025/05/30 09:08:00 🐳 Stopping container: 98e446e57719
2025/05/30 09:08:01 ✅ Container stopped: 98e446e57719
2025/05/30 09:08:01 🐳 Terminating container: 98e446e57719
2025/05/30 09:08:01 🚫 Container terminated: 98e446e57719
2025/05/30 09:08:01 PostgreSQL container terminated.
2025/05/30 09:08:01 Cleanup complete.
=== RUN   TestHandleCreateRoundRequest/Failure_-_Empty_Title
2025/05/30 09:08:01 Starting PostgreSQL container with resource limits...
2025/05/30 09:08:01 🐳 Creating container for image postgres:16-alpine
2025/05/30 09:08:01 ✅ Container created: fb4b98adcd1b
2025/05/30 09:08:01 🐳 Starting container: fb4b98adcd1b
2025/05/30 09:08:01 ✅ Container started: fb4b98adcd1b
2025/05/30 09:08:01 ⏳ Waiting for container id fb4b98adcd1b image: postgres:16-alpine. Waiting for: &{timeout:<nil> deadline:0xc001aaa2a0 Strategies:[0xc00100ebd0]}
2025/05/30 09:08:04 🔔 Container is ready: fb4b98adcd1b
2025/05/30 09:08:04 PostgreSQL container started with resource limits and init script. URL: postgres://testuser:testpass@localhost:34334/testdb?sslmode=disable
2025/05/30 09:08:04 Starting NATS container with resource limits...
2025/05/30 09:08:04 🐳 Creating container for image nats:2.10-alpine
2025/05/30 09:08:04 ✅ Container created: b679c1f3c70c
2025/05/30 09:08:04 🐳 Starting container: b679c1f3c70c
2025/05/30 09:08:04 ✅ Container started: b679c1f3c70c
2025/05/30 09:08:04 ⏳ Waiting for container id b679c1f3c70c image: nats:2.10-alpine. Waiting for: &{timeout:<nil> deadline:0xc0019f34c8 Strategies:[0xc001601a40 0xc00120a030]}
2025/05/30 09:08:05 🔔 Container is ready: b679c1f3c70c
2025/05/30 09:08:05 NATS container started with resource limits. URL: nats://localhost:34341
Creating user table...
User table created successfully!
2025/05/30 09:08:05 Ran user migrations group #1
Creating round table...
Round table created successfully!
2025/05/30 09:08:05 Ran round migrations group #2
Creating score table...
Score table created successfully!
2025/05/30 09:08:05 Ran score migrations group #3
Creating leaderboard table...
Leaderboard table created successfully!
2025/05/30 09:08:05 Ran leaderboard migrations group #4
2025/05/30 09:08:05 All migrations ran successfully
2025/05/30 09:08:05 newDBServiceWithDB - Registering models
2025/05/30 09:08:05 newDBServiceWithDB - Models registered successfully
2025/05/30 09:08:05 newDBServiceWithDB - DBService initialized: &{UserDB:0xc00041efc0 RoundDB:0xc00041efc8 ScoreDB:0xc00041efd0 LeaderboardDB:0xc00041efd8 db:0xc001992080}
2025/05/30 09:08:05 Truncating tables: rounds
2025/05/30 09:08:05 Truncating tables: users, scores, leaderboards, rounds
2025/05/30 09:08:06 Cleaning up test environment...
2025/05/30 09:08:06 Context cancelled.
2025/05/30 09:08:06 EventBus closed.
2025/05/30 09:08:06 NATS connection closed.
2025/05/30 09:08:06 DB connection closed.
2025/05/30 09:08:06 🐳 Stopping container: b679c1f3c70c
2025/05/30 09:08:06 ✅ Container stopped: b679c1f3c70c
2025/05/30 09:08:06 🐳 Terminating container: b679c1f3c70c
2025/05/30 09:08:06 🚫 Container terminated: b679c1f3c70c
2025/05/30 09:08:06 NATS container terminated.
2025/05/30 09:08:06 🐳 Stopping container: fb4b98adcd1b
2025/05/30 09:08:07 ✅ Container stopped: fb4b98adcd1b
2025/05/30 09:08:07 🐳 Terminating container: fb4b98adcd1b
2025/05/30 09:08:07 🚫 Container terminated: fb4b98adcd1b
2025/05/30 09:08:07 PostgreSQL container terminated.
2025/05/30 09:08:07 Cleanup complete.
=== RUN   TestHandleCreateRoundRequest/Failure_-_Empty_Location
2025/05/30 09:08:07 Starting PostgreSQL container with resource limits...
2025/05/30 09:08:07 🐳 Creating container for image postgres:16-alpine
2025/05/30 09:08:07 ✅ Container created: 98522814f87e
2025/05/30 09:08:07 🐳 Starting container: 98522814f87e
2025/05/30 09:08:07 ✅ Container started: 98522814f87e
2025/05/30 09:08:07 ⏳ Waiting for container id 98522814f87e image: postgres:16-alpine. Waiting for: &{timeout:<nil> deadline:0xc000012248 Strategies:[0xc00212e5d0]}
2025/05/30 09:08:09 🔔 Container is ready: 98522814f87e
2025/05/30 09:08:09 PostgreSQL container started with resource limits and init script. URL: postgres://testuser:testpass@localhost:34345/testdb?sslmode=disable
2025/05/30 09:08:09 Starting NATS container with resource limits...
2025/05/30 09:08:09 🐳 Creating container for image nats:2.10-alpine
2025/05/30 09:08:09 ✅ Container created: fa61cbaf921c
2025/05/30 09:08:09 🐳 Starting container: fa61cbaf921c
2025/05/30 09:08:10 ✅ Container started: fa61cbaf921c
2025/05/30 09:08:10 ⏳ Waiting for container id fa61cbaf921c image: nats:2.10-alpine. Waiting for: &{timeout:<nil> deadline:0xc000cb7c78 Strategies:[0xc0019170e0 0xc001aed1d0]}
2025/05/30 09:08:11 🔔 Container is ready: fa61cbaf921c
2025/05/30 09:08:11 NATS container started with resource limits. URL: nats://localhost:34350
Creating user table...
User table created successfully!
2025/05/30 09:08:11 Ran user migrations group #1
Creating round table...
Round table created successfully!
2025/05/30 09:08:11 Ran round migrations group #2
Creating score table...
Score table created successfully!
2025/05/30 09:08:11 Ran score migrations group #3
Creating leaderboard table...
Leaderboard table created successfully!
2025/05/30 09:08:11 Ran leaderboard migrations group #4
2025/05/30 09:08:11 All migrations ran successfully
2025/05/30 09:08:11 newDBServiceWithDB - Registering models
2025/05/30 09:08:11 newDBServiceWithDB - Models registered successfully
2025/05/30 09:08:11 newDBServiceWithDB - DBService initialized: &{UserDB:0xc00041eba8 RoundDB:0xc00041ebb0 ScoreDB:0xc00041ebd0 LeaderboardDB:0xc00041ebd8 db:0xc00068a2c0}
2025/05/30 09:08:11 Truncating tables: rounds
2025/05/30 09:08:11 Truncating tables: users, scores, leaderboards, rounds
2025/05/30 09:08:12 Cleaning up test environment...
2025/05/30 09:08:12 Context cancelled.
2025/05/30 09:08:12 EventBus closed.
2025/05/30 09:08:12 NATS connection closed.
2025/05/30 09:08:12 DB connection closed.
2025/05/30 09:08:12 🐳 Stopping container: fa61cbaf921c
2025/05/30 09:08:12 ✅ Container stopped: fa61cbaf921c
2025/05/30 09:08:12 🐳 Terminating container: fa61cbaf921c
2025/05/30 09:08:12 🚫 Container terminated: fa61cbaf921c
2025/05/30 09:08:12 NATS container terminated.
2025/05/30 09:08:12 🐳 Stopping container: 98522814f87e
2025/05/30 09:08:12 ✅ Container stopped: 98522814f87e
2025/05/30 09:08:12 🐳 Terminating container: 98522814f87e
2025/05/30 09:08:13 🚫 Container terminated: 98522814f87e
2025/05/30 09:08:13 PostgreSQL container terminated.
2025/05/30 09:08:13 Cleanup complete.
=== RUN   TestHandleCreateRoundRequest/Failure_-_Invalid_JSON_Message
2025/05/30 09:08:13 Starting PostgreSQL container with resource limits...
2025/05/30 09:08:13 🐳 Creating container for image postgres:16-alpine
2025/05/30 09:08:13 ✅ Container created: 089e89005778
2025/05/30 09:08:13 🐳 Starting container: 089e89005778
2025/05/30 09:08:13 ✅ Container started: 089e89005778
2025/05/30 09:08:13 ⏳ Waiting for container id 089e89005778 image: postgres:16-alpine. Waiting for: &{timeout:<nil> deadline:0xc001759e78 Strategies:[0xc000f9a300]}
2025/05/30 09:08:15 🔔 Container is ready: 089e89005778
2025/05/30 09:08:15 PostgreSQL container started with resource limits and init script. URL: postgres://testuser:testpass@localhost:34357/testdb?sslmode=disable
2025/05/30 09:08:15 Starting NATS container with resource limits...
2025/05/30 09:08:15 🐳 Creating container for image nats:2.10-alpine
2025/05/30 09:08:15 ✅ Container created: 858f831f53aa
2025/05/30 09:08:15 🐳 Starting container: 858f831f53aa
2025/05/30 09:08:15 ✅ Container started: 858f831f53aa
2025/05/30 09:08:15 ⏳ Waiting for container id 858f831f53aa image: nats:2.10-alpine. Waiting for: &{timeout:<nil> deadline:0xc001a16248 Strategies:[0xc001854600 0xc001b72b10]}
2025/05/30 09:08:17 🔔 Container is ready: 858f831f53aa
2025/05/30 09:08:17 NATS container started with resource limits. URL: nats://localhost:34361
Creating score table...
Score table created successfully!
2025/05/30 09:08:17 Ran score migrations group #1
Creating leaderboard table...
Leaderboard table created successfully!
2025/05/30 09:08:17 Ran leaderboard migrations group #2
Creating user table...
User table created successfully!
2025/05/30 09:08:17 Ran user migrations group #3
Creating round table...
Round table created successfully!
2025/05/30 09:08:17 Ran round migrations group #4
2025/05/30 09:08:17 All migrations ran successfully
2025/05/30 09:08:17 newDBServiceWithDB - Registering models
2025/05/30 09:08:17 newDBServiceWithDB - Models registered successfully
2025/05/30 09:08:17 newDBServiceWithDB - DBService initialized: &{UserDB:0xc0008b5018 RoundDB:0xc0008b5020 ScoreDB:0xc0008b5028 LeaderboardDB:0xc0008b5030 db:0xc0011cfc80}
2025/05/30 09:08:17 Truncating tables: rounds
2025/05/30 09:08:17 Truncating tables: users, scores, leaderboards, rounds
2025/05/30 09:08:19 Cleaning up test environment...
2025/05/30 09:08:19 Context cancelled.
2025/05/30 09:08:19 EventBus closed.
2025/05/30 09:08:19 NATS connection closed.
2025/05/30 09:08:19 DB connection closed.
2025/05/30 09:08:19 🐳 Stopping container: 858f831f53aa
2025/05/30 09:08:19 ✅ Container stopped: 858f831f53aa
2025/05/30 09:08:19 🐳 Terminating container: 858f831f53aa
2025/05/30 09:08:19 🚫 Container terminated: 858f831f53aa
2025/05/30 09:08:19 NATS container terminated.
2025/05/30 09:08:19 🐳 Stopping container: 089e89005778
2025/05/30 09:08:19 ✅ Container stopped: 089e89005778
2025/05/30 09:08:19 🐳 Terminating container: 089e89005778
2025/05/30 09:08:19 🚫 Container terminated: 089e89005778
2025/05/30 09:08:19 PostgreSQL container terminated.
2025/05/30 09:08:19 Cleanup complete.
=== RUN   TestHandleCreateRoundRequest/Failure_-_Missing_Required_Fields
2025/05/30 09:08:19 Starting PostgreSQL container with resource limits...
2025/05/30 09:08:19 🐳 Creating container for image postgres:16-alpine
2025/05/30 09:08:20 ✅ Container created: 67e7abc938ef
2025/05/30 09:08:20 🐳 Starting container: 67e7abc938ef
2025/05/30 09:08:20 ✅ Container started: 67e7abc938ef
2025/05/30 09:08:20 ⏳ Waiting for container id 67e7abc938ef image: postgres:16-alpine. Waiting for: &{timeout:<nil> deadline:0xc001758228 Strategies:[0xc0003f5320]}
2025/05/30 09:08:22 🔔 Container is ready: 67e7abc938ef
2025/05/30 09:08:22 PostgreSQL container started with resource limits and init script. URL: postgres://testuser:testpass@localhost:34366/testdb?sslmode=disable
2025/05/30 09:08:22 Starting NATS container with resource limits...
2025/05/30 09:08:22 🐳 Creating container for image nats:2.10-alpine
2025/05/30 09:08:22 ✅ Container created: 34ac6fef995b
2025/05/30 09:08:22 🐳 Starting container: 34ac6fef995b
2025/05/30 09:08:22 ✅ Container started: 34ac6fef995b
2025/05/30 09:08:22 ⏳ Waiting for container id 34ac6fef995b image: nats:2.10-alpine. Waiting for: &{timeout:<nil> deadline:0xc0019f24b8 Strategies:[0xc001e460c0 0xc000d009f0]}
2025/05/30 09:08:23 🔔 Container is ready: 34ac6fef995b
2025/05/30 09:08:23 NATS container started with resource limits. URL: nats://localhost:34373
Creating score table...
Score table created successfully!
2025/05/30 09:08:23 Ran score migrations group #1
Creating leaderboard table...
Leaderboard table created successfully!
2025/05/30 09:08:23 Ran leaderboard migrations group #2
Creating user table...
User table created successfully!
2025/05/30 09:08:23 Ran user migrations group #3
Creating round table...
Round table created successfully!
2025/05/30 09:08:23 Ran round migrations group #4
2025/05/30 09:08:23 All migrations ran successfully
2025/05/30 09:08:23 newDBServiceWithDB - Registering models
2025/05/30 09:08:23 newDBServiceWithDB - Models registered successfully
2025/05/30 09:08:23 newDBServiceWithDB - DBService initialized: &{UserDB:0xc0001a5480 RoundDB:0xc0001a5488 ScoreDB:0xc0001a5490 LeaderboardDB:0xc0001a5498 db:0xc00128db40}
2025/05/30 09:08:23 Truncating tables: rounds
2025/05/30 09:08:24 Truncating tables: users, scores, leaderboards, rounds
2025/05/30 09:08:24 Cleaning up test environment...
2025/05/30 09:08:24 Context cancelled.
2025/05/30 09:08:24 EventBus closed.
2025/05/30 09:08:24 NATS connection closed.
2025/05/30 09:08:24 DB connection closed.
2025/05/30 09:08:24 🐳 Stopping container: 34ac6fef995b
2025/05/30 09:08:24 ✅ Container stopped: 34ac6fef995b
2025/05/30 09:08:24 🐳 Terminating container: 34ac6fef995b
2025/05/30 09:08:24 🚫 Container terminated: 34ac6fef995b
2025/05/30 09:08:24 NATS container terminated.
2025/05/30 09:08:24 🐳 Stopping container: 67e7abc938ef
2025/05/30 09:08:25 ✅ Container stopped: 67e7abc938ef
2025/05/30 09:08:25 🐳 Terminating container: 67e7abc938ef
2025/05/30 09:08:25 🚫 Container terminated: 67e7abc938ef
2025/05/30 09:08:25 PostgreSQL container terminated.
2025/05/30 09:08:25 Cleanup complete.
--- PASS: TestHandleCreateRoundRequest (56.62s)
    --- PASS: TestHandleCreateRoundRequest/Success_-_Create_Valid_Round (5.75s)
    --- PASS: TestHandleCreateRoundRequest/Success_-_Create_Round_with_Minimal_Information (6.13s)
    --- PASS: TestHandleCreateRoundRequest/Failure_-_Empty_Description (6.69s)
    --- PASS: TestHandleCreateRoundRequest/Failure_-_Invalid_Time_Format (8.30s)
    --- PASS: TestHandleCreateRoundRequest/Failure_-_Past_Start_Time (5.82s)
    --- PASS: TestHandleCreateRoundRequest/Failure_-_Empty_Title (5.90s)
    --- PASS: TestHandleCreateRoundRequest/Failure_-_Empty_Location (5.92s)
    --- PASS: TestHandleCreateRoundRequest/Failure_-_Invalid_JSON_Message (6.90s)
    --- PASS: TestHandleCreateRoundRequest/Failure_-_Missing_Required_Fields (5.21s)
=== RUN   TestHandleRoundDeleteRequest
=== RUN   TestHandleRoundDeleteRequest/Success_-_Valid_Delete_Request
2025/05/30 09:08:25 Starting PostgreSQL container with resource limits...
2025/05/30 09:08:25 🐳 Creating container for image postgres:16-alpine
2025/05/30 09:08:25 ✅ Container created: 2a7d7150e612
2025/05/30 09:08:25 🐳 Starting container: 2a7d7150e612
2025/05/30 09:08:25 ✅ Container started: 2a7d7150e612
2025/05/30 09:08:25 ⏳ Waiting for container id 2a7d7150e612 image: postgres:16-alpine. Waiting for: &{timeout:<nil> deadline:0xc001ffc6c0 Strategies:[0xc002619890]}
2025/05/30 09:08:27 🔔 Container is ready: 2a7d7150e612
2025/05/30 09:08:27 PostgreSQL container started with resource limits and init script. URL: postgres://testuser:testpass@localhost:34377/testdb?sslmode=disable
2025/05/30 09:08:27 Starting NATS container with resource limits...
2025/05/30 09:08:27 🐳 Creating container for image nats:2.10-alpine
2025/05/30 09:08:27 ✅ Container created: 27b728989976
2025/05/30 09:08:27 🐳 Starting container: 27b728989976
2025/05/30 09:08:28 ✅ Container started: 27b728989976
2025/05/30 09:08:28 ⏳ Waiting for container id 27b728989976 image: nats:2.10-alpine. Waiting for: &{timeout:<nil> deadline:0xc0025518b8 Strategies:[0xc002553080 0xc002281380]}
2025/05/30 09:08:29 🔔 Container is ready: 27b728989976
2025/05/30 09:08:29 NATS container started with resource limits. URL: nats://localhost:34382
Creating user table...
User table created successfully!
2025/05/30 09:08:29 Ran user migrations group #1
Creating round table...
Round table created successfully!
2025/05/30 09:08:29 Ran round migrations group #2
Creating score table...
Score table created successfully!
2025/05/30 09:08:29 Ran score migrations group #3
Creating leaderboard table...
Leaderboard table created successfully!
2025/05/30 09:08:29 Ran leaderboard migrations group #4
2025/05/30 09:08:29 All migrations ran successfully
2025/05/30 09:08:29 newDBServiceWithDB - Registering models
2025/05/30 09:08:29 newDBServiceWithDB - Models registered successfully
2025/05/30 09:08:29 newDBServiceWithDB - DBService initialized: &{UserDB:0xc00041e968 RoundDB:0xc00041e978 ScoreDB:0xc00041e980 LeaderboardDB:0xc00041e990 db:0xc0011cf000}
2025/05/30 09:08:29 Truncating tables: rounds
2025/05/30 09:08:29 Truncating tables: users, scores, leaderboards, rounds
2025/05/30 09:08:30 INFO round deleted from DB
2025/05/30 09:08:30 Cleaning up test environment...
2025/05/30 09:08:30 Context cancelled.
2025/05/30 09:08:30 EventBus closed.
2025/05/30 09:08:30 NATS connection closed.
2025/05/30 09:08:30 DB connection closed.
2025/05/30 09:08:30 🐳 Stopping container: 27b728989976
2025/05/30 09:08:30 ✅ Container stopped: 27b728989976
2025/05/30 09:08:30 🐳 Terminating container: 27b728989976
2025/05/30 09:08:30 🚫 Container terminated: 27b728989976
2025/05/30 09:08:30 NATS container terminated.
2025/05/30 09:08:30 🐳 Stopping container: 2a7d7150e612
2025/05/30 09:08:31 ✅ Container stopped: 2a7d7150e612
2025/05/30 09:08:31 🐳 Terminating container: 2a7d7150e612
2025/05/30 09:08:31 🚫 Container terminated: 2a7d7150e612
2025/05/30 09:08:31 PostgreSQL container terminated.
2025/05/30 09:08:31 Cleanup complete.
=== RUN   TestHandleRoundDeleteRequest/Failure_-_Nil_Round_ID
2025/05/30 09:08:31 Starting PostgreSQL container with resource limits...
2025/05/30 09:08:31 🐳 Creating container for image postgres:16-alpine
2025/05/30 09:08:31 ✅ Container created: 89603246bd97
2025/05/30 09:08:31 🐳 Starting container: 89603246bd97
2025/05/30 09:08:31 ✅ Container started: 89603246bd97
2025/05/30 09:08:31 ⏳ Waiting for container id 89603246bd97 image: postgres:16-alpine. Waiting for: &{timeout:<nil> deadline:0xc000eedda0 Strategies:[0xc001c01f20]}
2025/05/30 09:08:33 🔔 Container is ready: 89603246bd97
2025/05/30 09:08:33 PostgreSQL container started with resource limits and init script. URL: postgres://testuser:testpass@localhost:34389/testdb?sslmode=disable
2025/05/30 09:08:33 Starting NATS container with resource limits...
2025/05/30 09:08:33 🐳 Creating container for image nats:2.10-alpine
2025/05/30 09:08:34 ✅ Container created: 7d903b65e567
2025/05/30 09:08:34 🐳 Starting container: 7d903b65e567
2025/05/30 09:08:34 ✅ Container started: 7d903b65e567
2025/05/30 09:08:34 ⏳ Waiting for container id 7d903b65e567 image: nats:2.10-alpine. Waiting for: &{timeout:<nil> deadline:0xc0016c7458 Strategies:[0xc000ca0240 0xc0018d7920]}
2025/05/30 09:08:35 🔔 Container is ready: 7d903b65e567
2025/05/30 09:08:35 NATS container started with resource limits. URL: nats://localhost:34393
Creating leaderboard table...
Leaderboard table created successfully!
2025/05/30 09:08:35 Ran leaderboard migrations group #1
Creating user table...
User table created successfully!
2025/05/30 09:08:35 Ran user migrations group #2
Creating round table...
Round table created successfully!
2025/05/30 09:08:35 Ran round migrations group #3
Creating score table...
Score table created successfully!
2025/05/30 09:08:35 Ran score migrations group #4
2025/05/30 09:08:35 All migrations ran successfully
2025/05/30 09:08:35 newDBServiceWithDB - Registering models
2025/05/30 09:08:35 newDBServiceWithDB - Models registered successfully
2025/05/30 09:08:35 newDBServiceWithDB - DBService initialized: &{UserDB:0xc0001a4c00 RoundDB:0xc0001a4c08 ScoreDB:0xc0001a4c10 LeaderboardDB:0xc0001a4c18 db:0xc00068a0c0}
2025/05/30 09:08:35 Truncating tables: rounds
2025/05/30 09:08:35 Truncating tables: users, scores, leaderboards, rounds
2025/05/30 09:08:36 Cleaning up test environment...
2025/05/30 09:08:36 Context cancelled.
2025/05/30 09:08:36 EventBus closed.
2025/05/30 09:08:36 NATS connection closed.
2025/05/30 09:08:36 DB connection closed.
2025/05/30 09:08:36 🐳 Stopping container: 7d903b65e567
2025/05/30 09:08:37 ✅ Container stopped: 7d903b65e567
2025/05/30 09:08:37 🐳 Terminating container: 7d903b65e567
2025/05/30 09:08:37 🚫 Container terminated: 7d903b65e567
2025/05/30 09:08:37 NATS container terminated.
2025/05/30 09:08:37 🐳 Stopping container: 89603246bd97
2025/05/30 09:08:37 ✅ Container stopped: 89603246bd97
2025/05/30 09:08:37 🐳 Terminating container: 89603246bd97
2025/05/30 09:08:37 🚫 Container terminated: 89603246bd97
2025/05/30 09:08:37 PostgreSQL container terminated.
2025/05/30 09:08:37 Cleanup complete.
=== RUN   TestHandleRoundDeleteRequest/Failure_-_Non-Existent_Round_ID
2025/05/30 09:08:37 Starting PostgreSQL container with resource limits...
2025/05/30 09:08:37 🐳 Creating container for image postgres:16-alpine
2025/05/30 09:08:37 ✅ Container created: 9139dce94898
2025/05/30 09:08:37 🐳 Starting container: 9139dce94898
2025/05/30 09:08:37 ✅ Container started: 9139dce94898
2025/05/30 09:08:37 ⏳ Waiting for container id 9139dce94898 image: postgres:16-alpine. Waiting for: &{timeout:<nil> deadline:0xc000f8faa0 Strategies:[0xc000142480]}
2025/05/30 09:08:39 🔔 Container is ready: 9139dce94898
2025/05/30 09:08:39 PostgreSQL container started with resource limits and init script. URL: postgres://testuser:testpass@localhost:34398/testdb?sslmode=disable
2025/05/30 09:08:39 Starting NATS container with resource limits...
2025/05/30 09:08:39 🐳 Creating container for image nats:2.10-alpine
2025/05/30 09:08:40 ✅ Container created: 71a2f6270056
2025/05/30 09:08:40 🐳 Starting container: 71a2f6270056
2025/05/30 09:08:40 ✅ Container started: 71a2f6270056
2025/05/30 09:08:40 ⏳ Waiting for container id 71a2f6270056 image: nats:2.10-alpine. Waiting for: &{timeout:<nil> deadline:0xc0026ba5a8 Strategies:[0xc001098780 0xc0012851d0]}
2025/05/30 09:08:41 🔔 Container is ready: 71a2f6270056
2025/05/30 09:08:41 NATS container started with resource limits. URL: nats://localhost:34405
Creating leaderboard table...
Leaderboard table created successfully!
2025/05/30 09:08:41 Ran leaderboard migrations group #1
Creating user table...
User table created successfully!
2025/05/30 09:08:41 Ran user migrations group #2
Creating round table...
Round table created successfully!
2025/05/30 09:08:41 Ran round migrations group #3
Creating score table...
Score table created successfully!
2025/05/30 09:08:41 Ran score migrations group #4
2025/05/30 09:08:41 All migrations ran successfully
2025/05/30 09:08:41 newDBServiceWithDB - Registering models
2025/05/30 09:08:41 newDBServiceWithDB - Models registered successfully
2025/05/30 09:08:41 newDBServiceWithDB - DBService initialized: &{UserDB:0xc000824a38 RoundDB:0xc000824a40 ScoreDB:0xc000824a48 LeaderboardDB:0xc000824a50 db:0xc001203f40}
2025/05/30 09:08:41 Truncating tables: rounds
2025/05/30 09:08:41 Truncating tables: users, scores, leaderboards, rounds
2025/05/30 09:08:42 Cleaning up test environment...
2025/05/30 09:08:42 Context cancelled.
2025/05/30 09:08:42 EventBus closed.
2025/05/30 09:08:42 NATS connection closed.
2025/05/30 09:08:42 DB connection closed.
2025/05/30 09:08:42 🐳 Stopping container: 71a2f6270056
2025/05/30 09:08:42 ✅ Container stopped: 71a2f6270056
2025/05/30 09:08:42 🐳 Terminating container: 71a2f6270056
2025/05/30 09:08:42 🚫 Container terminated: 71a2f6270056
2025/05/30 09:08:42 NATS container terminated.
2025/05/30 09:08:42 🐳 Stopping container: 9139dce94898
2025/05/30 09:08:43 ✅ Container stopped: 9139dce94898
2025/05/30 09:08:43 🐳 Terminating container: 9139dce94898
2025/05/30 09:08:43 🚫 Container terminated: 9139dce94898
2025/05/30 09:08:43 PostgreSQL container terminated.
2025/05/30 09:08:43 Cleanup complete.
=== RUN   TestHandleRoundDeleteRequest/Failure_-_Unauthorized_User
2025/05/30 09:08:43 Starting PostgreSQL container with resource limits...
2025/05/30 09:08:43 🐳 Creating container for image postgres:16-alpine
2025/05/30 09:08:43 ✅ Container created: 6c3e0e80cd7b
2025/05/30 09:08:43 🐳 Starting container: 6c3e0e80cd7b
2025/05/30 09:08:43 ✅ Container started: 6c3e0e80cd7b
2025/05/30 09:08:43 ⏳ Waiting for container id 6c3e0e80cd7b image: postgres:16-alpine. Waiting for: &{timeout:<nil> deadline:0xc0008222a8 Strategies:[0xc001aba150]}
2025/05/30 09:08:45 🔔 Container is ready: 6c3e0e80cd7b
2025/05/30 09:08:45 PostgreSQL container started with resource limits and init script. URL: postgres://testuser:testpass@localhost:34409/testdb?sslmode=disable
2025/05/30 09:08:45 Starting NATS container with resource limits...
2025/05/30 09:08:45 🐳 Creating container for image nats:2.10-alpine
2025/05/30 09:08:45 ✅ Container created: 69fde0072ad6
2025/05/30 09:08:45 🐳 Starting container: 69fde0072ad6
2025/05/30 09:08:46 ✅ Container started: 69fde0072ad6
2025/05/30 09:08:46 ⏳ Waiting for container id 69fde0072ad6 image: nats:2.10-alpine. Waiting for: &{timeout:<nil> deadline:0xc0026e2618 Strategies:[0xc001ea6f00 0xc0026f48d0]}
2025/05/30 09:08:47 🔔 Container is ready: 69fde0072ad6
2025/05/30 09:08:47 NATS container started with resource limits. URL: nats://localhost:34414
Creating user table...
User table created successfully!
2025/05/30 09:08:47 Ran user migrations group #1
Creating round table...
Round table created successfully!
2025/05/30 09:08:47 Ran round migrations group #2
Creating score table...
Score table created successfully!
2025/05/30 09:08:47 Ran score migrations group #3
Creating leaderboard table...
Leaderboard table created successfully!
2025/05/30 09:08:47 Ran leaderboard migrations group #4
2025/05/30 09:08:47 All migrations ran successfully
2025/05/30 09:08:47 newDBServiceWithDB - Registering models
2025/05/30 09:08:47 newDBServiceWithDB - Models registered successfully
2025/05/30 09:08:47 newDBServiceWithDB - DBService initialized: &{UserDB:0xc00007d220 RoundDB:0xc00007d228 ScoreDB:0xc00007d230 LeaderboardDB:0xc00007d238 db:0xc002a068c0}
2025/05/30 09:08:47 Truncating tables: rounds
2025/05/30 09:08:47 Truncating tables: users, scores, leaderboards, rounds
2025/05/30 09:08:48 Cleaning up test environment...
2025/05/30 09:08:48 Context cancelled.
2025/05/30 09:08:48 EventBus closed.
2025/05/30 09:08:48 NATS connection closed.
2025/05/30 09:08:48 DB connection closed.
2025/05/30 09:08:48 🐳 Stopping container: 69fde0072ad6
2025/05/30 09:08:48 ✅ Container stopped: 69fde0072ad6
2025/05/30 09:08:48 🐳 Terminating container: 69fde0072ad6
2025/05/30 09:08:48 🚫 Container terminated: 69fde0072ad6
2025/05/30 09:08:48 NATS container terminated.
2025/05/30 09:08:48 🐳 Stopping container: 6c3e0e80cd7b
2025/05/30 09:08:48 ✅ Container stopped: 6c3e0e80cd7b
2025/05/30 09:08:48 🐳 Terminating container: 6c3e0e80cd7b
2025/05/30 09:08:48 🚫 Container terminated: 6c3e0e80cd7b
2025/05/30 09:08:48 PostgreSQL container terminated.
2025/05/30 09:08:48 Cleanup complete.
=== RUN   TestHandleRoundDeleteRequest/Failure_-_Invalid_JSON_Message
2025/05/30 09:08:48 Starting PostgreSQL container with resource limits...
2025/05/30 09:08:48 🐳 Creating container for image postgres:16-alpine
2025/05/30 09:08:48 ✅ Container created: f1d3c19af48d
2025/05/30 09:08:48 🐳 Starting container: f1d3c19af48d
2025/05/30 09:08:49 ✅ Container started: f1d3c19af48d
2025/05/30 09:08:49 ⏳ Waiting for container id f1d3c19af48d image: postgres:16-alpine. Waiting for: &{timeout:<nil> deadline:0xc00152b128 Strategies:[0xc002588150]}
2025/05/30 09:08:51 🔔 Container is ready: f1d3c19af48d
2025/05/30 09:08:51 PostgreSQL container started with resource limits and init script. URL: postgres://testuser:testpass@localhost:34421/testdb?sslmode=disable
2025/05/30 09:08:51 Starting NATS container with resource limits...
2025/05/30 09:08:51 🐳 Creating container for image nats:2.10-alpine
2025/05/30 09:08:51 ✅ Container created: 6190cdd91121
2025/05/30 09:08:51 🐳 Starting container: 6190cdd91121
2025/05/30 09:08:51 ✅ Container started: 6190cdd91121
2025/05/30 09:08:51 ⏳ Waiting for container id 6190cdd91121 image: nats:2.10-alpine. Waiting for: &{timeout:<nil> deadline:0xc001ffc648 Strategies:[0xc00156a240 0xc002058240]}
2025/05/30 09:08:53 🔔 Container is ready: 6190cdd91121
2025/05/30 09:08:53 NATS container started with resource limits. URL: nats://localhost:34422
Creating leaderboard table...
Leaderboard table created successfully!
2025/05/30 09:08:53 Ran leaderboard migrations group #1
Creating user table...
User table created successfully!
2025/05/30 09:08:53 Ran user migrations group #2
Creating round table...
Round table created successfully!
2025/05/30 09:08:53 Ran round migrations group #3
Creating score table...
Score table created successfully!
2025/05/30 09:08:53 Ran score migrations group #4
2025/05/30 09:08:53 All migrations ran successfully
2025/05/30 09:08:53 newDBServiceWithDB - Registering models
2025/05/30 09:08:53 newDBServiceWithDB - Models registered successfully
2025/05/30 09:08:53 newDBServiceWithDB - DBService initialized: &{UserDB:0xc000900d10 RoundDB:0xc000900d28 ScoreDB:0xc000900d30 LeaderboardDB:0xc000900d38 db:0xc002285180}
2025/05/30 09:08:54 Truncating tables: rounds
2025/05/30 09:08:54 Truncating tables: users, scores, leaderboards, rounds
2025/05/30 09:08:54 Cleaning up test environment...
2025/05/30 09:08:54 Context cancelled.
2025/05/30 09:08:54 EventBus closed.
2025/05/30 09:08:54 NATS connection closed.
2025/05/30 09:08:54 DB connection closed.
2025/05/30 09:08:54 🐳 Stopping container: 6190cdd91121
2025/05/30 09:08:55 ✅ Container stopped: 6190cdd91121
2025/05/30 09:08:55 🐳 Terminating container: 6190cdd91121
2025/05/30 09:08:55 🚫 Container terminated: 6190cdd91121
2025/05/30 09:08:55 NATS container terminated.
2025/05/30 09:08:55 🐳 Stopping container: f1d3c19af48d
2025/05/30 09:08:55 ✅ Container stopped: f1d3c19af48d
2025/05/30 09:08:55 🐳 Terminating container: f1d3c19af48d
2025/05/30 09:08:55 🚫 Container terminated: f1d3c19af48d
2025/05/30 09:08:55 PostgreSQL container terminated.
2025/05/30 09:08:55 Cleanup complete.
--- PASS: TestHandleRoundDeleteRequest (30.58s)
    --- PASS: TestHandleRoundDeleteRequest/Success_-_Valid_Delete_Request (6.09s)
    --- PASS: TestHandleRoundDeleteRequest/Failure_-_Nil_Round_ID (6.22s)
    --- PASS: TestHandleRoundDeleteRequest/Failure_-_Non-Existent_Round_ID (5.62s)
    --- PASS: TestHandleRoundDeleteRequest/Failure_-_Unauthorized_User (5.81s)
    --- PASS: TestHandleRoundDeleteRequest/Failure_-_Invalid_JSON_Message (6.84s)
=== RUN   TestHandleRoundDeleteAuthorized
=== RUN   TestHandleRoundDeleteAuthorized/Success_-_Delete_Existing_Round
2025/05/30 09:08:55 Starting PostgreSQL container with resource limits...
2025/05/30 09:08:55 🐳 Creating container for image postgres:16-alpine
2025/05/30 09:08:55 ✅ Container created: a939dafcd16e
2025/05/30 09:08:55 🐳 Starting container: a939dafcd16e
2025/05/30 09:08:56 ✅ Container started: a939dafcd16e
2025/05/30 09:08:56 ⏳ Waiting for container id a939dafcd16e image: postgres:16-alpine. Waiting for: &{timeout:<nil> deadline:0xc0016c7450 Strategies:[0xc002529e90]}
2025/05/30 09:08:58 🔔 Container is ready: a939dafcd16e
2025/05/30 09:08:58 PostgreSQL container started with resource limits and init script. URL: postgres://testuser:testpass@localhost:34430/testdb?sslmode=disable
2025/05/30 09:08:58 Starting NATS container with resource limits...
2025/05/30 09:08:58 🐳 Creating container for image nats:2.10-alpine
2025/05/30 09:08:58 ✅ Container created: 1550b8c5a883
2025/05/30 09:08:58 🐳 Starting container: 1550b8c5a883
2025/05/30 09:08:58 ✅ Container started: 1550b8c5a883
2025/05/30 09:08:58 ⏳ Waiting for container id 1550b8c5a883 image: nats:2.10-alpine. Waiting for: &{timeout:<nil> deadline:0xc00106af88 Strategies:[0xc002c30660 0xc002c623c0]}
2025/05/30 09:08:59 🔔 Container is ready: 1550b8c5a883
2025/05/30 09:08:59 NATS container started with resource limits. URL: nats://localhost:34437
Creating user table...
User table created successfully!
2025/05/30 09:08:59 Ran user migrations group #1
Creating round table...
Round table created successfully!
2025/05/30 09:08:59 Ran round migrations group #2
Creating score table...
Score table created successfully!
2025/05/30 09:08:59 Ran score migrations group #3
Creating leaderboard table...
Leaderboard table created successfully!
2025/05/30 09:08:59 Ran leaderboard migrations group #4
2025/05/30 09:08:59 All migrations ran successfully
2025/05/30 09:08:59 newDBServiceWithDB - Registering models
2025/05/30 09:08:59 newDBServiceWithDB - Models registered successfully
2025/05/30 09:08:59 newDBServiceWithDB - DBService initialized: &{UserDB:0xc000824320 RoundDB:0xc000824340 ScoreDB:0xc000824348 LeaderboardDB:0xc000824350 db:0xc002076b40}
2025/05/30 09:08:59 Truncating tables: rounds
2025/05/30 09:08:59 Truncating tables: users, scores, leaderboards, rounds
2025/05/30 09:09:00 INFO round deleted from DB
2025/05/30 09:09:00 Cleaning up test environment...
2025/05/30 09:09:00 Context cancelled.
2025/05/30 09:09:00 EventBus closed.
2025/05/30 09:09:00 NATS connection closed.
2025/05/30 09:09:00 DB connection closed.
2025/05/30 09:09:00 🐳 Stopping container: 1550b8c5a883
2025/05/30 09:09:00 ✅ Container stopped: 1550b8c5a883
2025/05/30 09:09:00 🐳 Terminating container: 1550b8c5a883
2025/05/30 09:09:00 🚫 Container terminated: 1550b8c5a883
2025/05/30 09:09:00 NATS container terminated.
2025/05/30 09:09:00 🐳 Stopping container: a939dafcd16e
2025/05/30 09:09:01 ✅ Container stopped: a939dafcd16e
2025/05/30 09:09:01 🐳 Terminating container: a939dafcd16e
2025/05/30 09:09:01 🚫 Container terminated: a939dafcd16e
2025/05/30 09:09:01 PostgreSQL container terminated.
2025/05/30 09:09:01 Cleanup complete.
=== RUN   TestHandleRoundDeleteAuthorized/Failure_-_Non-Existent_Round_ID
2025/05/30 09:09:01 Starting PostgreSQL container with resource limits...
2025/05/30 09:09:01 🐳 Creating container for image postgres:16-alpine
2025/05/30 09:09:01 ✅ Container created: 21bcce82bde0
2025/05/30 09:09:01 🐳 Starting container: 21bcce82bde0
2025/05/30 09:09:01 ✅ Container started: 21bcce82bde0
2025/05/30 09:09:01 ⏳ Waiting for container id 21bcce82bde0 image: postgres:16-alpine. Waiting for: &{timeout:<nil> deadline:0xc002a0b840 Strategies:[0xc0025e7710]}
2025/05/30 09:09:03 🔔 Container is ready: 21bcce82bde0
2025/05/30 09:09:03 PostgreSQL container started with resource limits and init script. URL: postgres://testuser:testpass@localhost:34441/testdb?sslmode=disable
2025/05/30 09:09:03 Starting NATS container with resource limits...
2025/05/30 09:09:03 🐳 Creating container for image nats:2.10-alpine
2025/05/30 09:09:03 ✅ Container created: f1802d9ba155
2025/05/30 09:09:03 🐳 Starting container: f1802d9ba155
2025/05/30 09:09:04 ✅ Container started: f1802d9ba155
2025/05/30 09:09:04 ⏳ Waiting for container id f1802d9ba155 image: nats:2.10-alpine. Waiting for: &{timeout:<nil> deadline:0xc0016037a8 Strategies:[0xc0025734a0 0xc00212fa70]}
2025/05/30 09:09:05 🔔 Container is ready: f1802d9ba155
2025/05/30 09:09:05 NATS container started with resource limits. URL: nats://localhost:34443
Creating user table...
User table created successfully!
2025/05/30 09:09:06 Ran user migrations group #1
Creating round table...
Round table created successfully!
2025/05/30 09:09:06 Ran round migrations group #2
Creating score table...
Score table created successfully!
2025/05/30 09:09:06 Ran score migrations group #3
Creating leaderboard table...
Leaderboard table created successfully!
2025/05/30 09:09:06 Ran leaderboard migrations group #4
2025/05/30 09:09:06 All migrations ran successfully
2025/05/30 09:09:06 newDBServiceWithDB - Registering models
2025/05/30 09:09:06 newDBServiceWithDB - Models registered successfully
2025/05/30 09:09:06 newDBServiceWithDB - DBService initialized: &{UserDB:0xc000900f60 RoundDB:0xc000900f68 ScoreDB:0xc000900f78 LeaderboardDB:0xc000900f80 db:0xc000d08d40}
2025/05/30 09:09:06 Truncating tables: rounds
2025/05/30 09:09:06 Truncating tables: users, scores, leaderboards, rounds
2025/05/30 09:09:06 Cleaning up test environment...
2025/05/30 09:09:06 Context cancelled.
2025/05/30 09:09:06 EventBus closed.
2025/05/30 09:09:06 NATS connection closed.
2025/05/30 09:09:06 DB connection closed.
2025/05/30 09:09:06 🐳 Stopping container: f1802d9ba155
2025/05/30 09:09:07 ✅ Container stopped: f1802d9ba155
2025/05/30 09:09:07 🐳 Terminating container: f1802d9ba155
2025/05/30 09:09:07 🚫 Container terminated: f1802d9ba155
2025/05/30 09:09:07 NATS container terminated.
2025/05/30 09:09:07 🐳 Stopping container: 21bcce82bde0
2025/05/30 09:09:07 ✅ Container stopped: 21bcce82bde0
2025/05/30 09:09:07 🐳 Terminating container: 21bcce82bde0
2025/05/30 09:09:07 🚫 Container terminated: 21bcce82bde0
2025/05/30 09:09:07 PostgreSQL container terminated.
2025/05/30 09:09:07 Cleanup complete.
=== RUN   TestHandleRoundDeleteAuthorized/Failure_-_Invalid_JSON_Message
2025/05/30 09:09:07 Starting PostgreSQL container with resource limits...
2025/05/30 09:09:07 🐳 Creating container for image postgres:16-alpine
2025/05/30 09:09:07 ✅ Container created: 1c92b5996b16
2025/05/30 09:09:07 🐳 Starting container: 1c92b5996b16
2025/05/30 09:09:07 ✅ Container started: 1c92b5996b16
2025/05/30 09:09:07 ⏳ Waiting for container id 1c92b5996b16 image: postgres:16-alpine. Waiting for: &{timeout:<nil> deadline:0xc000454098 Strategies:[0xc0010faab0]}
2025/05/30 09:09:10 🔔 Container is ready: 1c92b5996b16
2025/05/30 09:09:10 PostgreSQL container started with resource limits and init script. URL: postgres://testuser:testpass@localhost:34453/testdb?sslmode=disable
2025/05/30 09:09:10 Starting NATS container with resource limits...
2025/05/30 09:09:10 🐳 Creating container for image nats:2.10-alpine
2025/05/30 09:09:10 ✅ Container created: 8b2198d13b0f
2025/05/30 09:09:10 🐳 Starting container: 8b2198d13b0f
2025/05/30 09:09:10 ✅ Container started: 8b2198d13b0f
2025/05/30 09:09:10 ⏳ Waiting for container id 8b2198d13b0f image: nats:2.10-alpine. Waiting for: &{timeout:<nil> deadline:0xc000b20188 Strategies:[0xc002362cc0 0xc002bc6ed0]}
2025/05/30 09:09:11 🔔 Container is ready: 8b2198d13b0f
2025/05/30 09:09:11 NATS container started with resource limits. URL: nats://localhost:34457
Creating user table...
User table created successfully!
2025/05/30 09:09:11 Ran user migrations group #1
Creating round table...
Round table created successfully!
2025/05/30 09:09:11 Ran round migrations group #2
Creating score table...
Score table created successfully!
2025/05/30 09:09:11 Ran score migrations group #3
Creating leaderboard table...
Leaderboard table created successfully!
2025/05/30 09:09:11 Ran leaderboard migrations group #4
2025/05/30 09:09:11 All migrations ran successfully
2025/05/30 09:09:11 newDBServiceWithDB - Registering models
2025/05/30 09:09:11 newDBServiceWithDB - Models registered successfully
2025/05/30 09:09:11 newDBServiceWithDB - DBService initialized: &{UserDB:0xc00007c010 RoundDB:0xc00007c028 ScoreDB:0xc00007c038 LeaderboardDB:0xc00007c088 db:0xc0016c0740}
2025/05/30 09:09:11 Truncating tables: rounds
2025/05/30 09:09:11 Truncating tables: users, scores, leaderboards, rounds
2025/05/30 09:09:12 Cleaning up test environment...
2025/05/30 09:09:12 Context cancelled.
2025/05/30 09:09:12 EventBus closed.
2025/05/30 09:09:12 NATS connection closed.
2025/05/30 09:09:12 DB connection closed.
2025/05/30 09:09:12 🐳 Stopping container: 8b2198d13b0f
2025/05/30 09:09:13 ✅ Container stopped: 8b2198d13b0f
2025/05/30 09:09:13 🐳 Terminating container: 8b2198d13b0f
2025/05/30 09:09:13 🚫 Container terminated: 8b2198d13b0f
2025/05/30 09:09:13 NATS container terminated.
2025/05/30 09:09:13 🐳 Stopping container: 1c92b5996b16
2025/05/30 09:09:13 ✅ Container stopped: 1c92b5996b16
2025/05/30 09:09:13 🐳 Terminating container: 1c92b5996b16
2025/05/30 09:09:13 🚫 Container terminated: 1c92b5996b16
2025/05/30 09:09:13 PostgreSQL container terminated.
2025/05/30 09:09:13 Cleanup complete.
--- PASS: TestHandleRoundDeleteAuthorized (17.69s)
    --- PASS: TestHandleRoundDeleteAuthorized/Success_-_Delete_Existing_Round (5.42s)
    --- PASS: TestHandleRoundDeleteAuthorized/Failure_-_Non-Existent_Round_ID (6.33s)
    --- PASS: TestHandleRoundDeleteAuthorized/Failure_-_Invalid_JSON_Message (5.95s)
=== RUN   TestHandleAllScoresSubmitted
=== RUN   TestHandleAllScoresSubmitted/Success_-_Valid_All_Scores_Submitted
2025/05/30 09:09:13 Starting PostgreSQL container with resource limits...
2025/05/30 09:09:13 🐳 Creating container for image postgres:16-alpine
2025/05/30 09:09:13 ✅ Container created: 157f9641c8d8
2025/05/30 09:09:13 🐳 Starting container: 157f9641c8d8
2025/05/30 09:09:13 ✅ Container started: 157f9641c8d8
2025/05/30 09:09:13 ⏳ Waiting for container id 157f9641c8d8 image: postgres:16-alpine. Waiting for: &{timeout:<nil> deadline:0xc001a30880 Strategies:[0xc0025697d0]}
2025/05/30 09:09:16 🔔 Container is ready: 157f9641c8d8
2025/05/30 09:09:16 PostgreSQL container started with resource limits and init script. URL: postgres://testuser:testpass@localhost:34462/testdb?sslmode=disable
2025/05/30 09:09:16 Starting NATS container with resource limits...
2025/05/30 09:09:16 🐳 Creating container for image nats:2.10-alpine
2025/05/30 09:09:16 ✅ Container created: f402f77192ff
2025/05/30 09:09:16 🐳 Starting container: f402f77192ff
2025/05/30 09:09:16 ✅ Container started: f402f77192ff
2025/05/30 09:09:16 ⏳ Waiting for container id f402f77192ff image: nats:2.10-alpine. Waiting for: &{timeout:<nil> deadline:0xc0025a13f8 Strategies:[0xc0016e1ec0 0xc001be2360]}
2025/05/30 09:09:17 🔔 Container is ready: f402f77192ff
2025/05/30 09:09:17 NATS container started with resource limits. URL: nats://localhost:34469
Creating score table...
Score table created successfully!
2025/05/30 09:09:17 Ran score migrations group #1
Creating leaderboard table...
Leaderboard table created successfully!
2025/05/30 09:09:17 Ran leaderboard migrations group #2
Creating user table...
User table created successfully!
2025/05/30 09:09:17 Ran user migrations group #3
Creating round table...
Round table created successfully!
2025/05/30 09:09:17 Ran round migrations group #4
2025/05/30 09:09:17 All migrations ran successfully
2025/05/30 09:09:17 newDBServiceWithDB - Registering models
2025/05/30 09:09:17 newDBServiceWithDB - Models registered successfully
2025/05/30 09:09:17 newDBServiceWithDB - DBService initialized: &{UserDB:0xc000824d70 RoundDB:0xc000824d78 ScoreDB:0xc000824d80 LeaderboardDB:0xc000824d98 db:0xc002a06100}
2025/05/30 09:09:18 Truncating tables: rounds
2025/05/30 09:09:18 Truncating tables: users, scores, leaderboards, rounds
2025/05/30 09:09:18 Cleaning up test environment...
2025/05/30 09:09:18 Context cancelled.
2025/05/30 09:09:18 EventBus closed.
2025/05/30 09:09:18 NATS connection closed.
2025/05/30 09:09:18 DB connection closed.
2025/05/30 09:09:18 🐳 Stopping container: f402f77192ff
2025/05/30 09:09:18 ✅ Container stopped: f402f77192ff
2025/05/30 09:09:18 🐳 Terminating container: f402f77192ff
2025/05/30 09:09:18 🚫 Container terminated: f402f77192ff
2025/05/30 09:09:18 NATS container terminated.
2025/05/30 09:09:18 🐳 Stopping container: 157f9641c8d8
2025/05/30 09:09:19 ✅ Container stopped: 157f9641c8d8
2025/05/30 09:09:19 🐳 Terminating container: 157f9641c8d8
2025/05/30 09:09:19 🚫 Container terminated: 157f9641c8d8
2025/05/30 09:09:19 PostgreSQL container terminated.
2025/05/30 09:09:19 Cleanup complete.
=== RUN   TestHandleAllScoresSubmitted/Failure_-_Non-Existent_Round_ID
2025/05/30 09:09:19 Starting PostgreSQL container with resource limits...
2025/05/30 09:09:19 🐳 Creating container for image postgres:16-alpine
2025/05/30 09:09:19 ✅ Container created: fe5b8de52651
2025/05/30 09:09:19 🐳 Starting container: fe5b8de52651
2025/05/30 09:09:19 ✅ Container started: fe5b8de52651
2025/05/30 09:09:19 ⏳ Waiting for container id fe5b8de52651 image: postgres:16-alpine. Waiting for: &{timeout:<nil> deadline:0xc0026ba150 Strategies:[0xc002619c50]}
2025/05/30 09:09:21 🔔 Container is ready: fe5b8de52651
2025/05/30 09:09:21 PostgreSQL container started with resource limits and init script. URL: postgres://testuser:testpass@localhost:34473/testdb?sslmode=disable
2025/05/30 09:09:21 Starting NATS container with resource limits...
2025/05/30 09:09:21 🐳 Creating container for image nats:2.10-alpine
2025/05/30 09:09:21 ✅ Container created: c66d85992aac
2025/05/30 09:09:21 🐳 Starting container: c66d85992aac
2025/05/30 09:09:22 ✅ Container started: c66d85992aac
2025/05/30 09:09:22 ⏳ Waiting for container id c66d85992aac image: nats:2.10-alpine. Waiting for: &{timeout:<nil> deadline:0xc00182f6e8 Strategies:[0xc002f33080 0xc002f746f0]}
2025/05/30 09:09:23 🔔 Container is ready: c66d85992aac
2025/05/30 09:09:23 NATS container started with resource limits. URL: nats://localhost:34478
Creating user table...
User table created successfully!
2025/05/30 09:09:23 Ran user migrations group #1
Creating round table...
Round table created successfully!
2025/05/30 09:09:23 Ran round migrations group #2
Creating score table...
Score table created successfully!
2025/05/30 09:09:23 Ran score migrations group #3
Creating leaderboard table...
Leaderboard table created successfully!
2025/05/30 09:09:23 Ran leaderboard migrations group #4
2025/05/30 09:09:23 All migrations ran successfully
2025/05/30 09:09:23 newDBServiceWithDB - Registering models
2025/05/30 09:09:23 newDBServiceWithDB - Models registered successfully
2025/05/30 09:09:23 newDBServiceWithDB - DBService initialized: &{UserDB:0xc0008b5690 RoundDB:0xc0008b5698 ScoreDB:0xc0008b56a0 LeaderboardDB:0xc0008b56a8 db:0xc003180a40}
2025/05/30 09:09:23 Truncating tables: rounds
2025/05/30 09:09:23 Truncating tables: users, scores, leaderboards, rounds
2025/05/30 09:09:24 Cleaning up test environment...
2025/05/30 09:09:24 Context cancelled.
2025/05/30 09:09:24 EventBus closed.
2025/05/30 09:09:24 NATS connection closed.
2025/05/30 09:09:24 DB connection closed.
2025/05/30 09:09:24 🐳 Stopping container: c66d85992aac
2025/05/30 09:09:24 ✅ Container stopped: c66d85992aac
2025/05/30 09:09:24 🐳 Terminating container: c66d85992aac
2025/05/30 09:09:24 🚫 Container terminated: c66d85992aac
2025/05/30 09:09:24 NATS container terminated.
2025/05/30 09:09:24 🐳 Stopping container: fe5b8de52651
2025/05/30 09:09:25 ✅ Container stopped: fe5b8de52651
2025/05/30 09:09:25 🐳 Terminating container: fe5b8de52651
2025/05/30 09:09:25 🚫 Container terminated: fe5b8de52651
2025/05/30 09:09:25 PostgreSQL container terminated.
2025/05/30 09:09:25 Cleanup complete.
=== RUN   TestHandleAllScoresSubmitted/Failure_-_Invalid_JSON_Message
2025/05/30 09:09:25 Starting PostgreSQL container with resource limits...
2025/05/30 09:09:25 🐳 Creating container for image postgres:16-alpine
2025/05/30 09:09:25 ✅ Container created: 2b9ab01b76e3
2025/05/30 09:09:25 🐳 Starting container: 2b9ab01b76e3
2025/05/30 09:09:25 ✅ Container started: 2b9ab01b76e3
2025/05/30 09:09:25 ⏳ Waiting for container id 2b9ab01b76e3 image: postgres:16-alpine. Waiting for: &{timeout:<nil> deadline:0xc0032110c8 Strategies:[0xc002d3a990]}
2025/05/30 09:09:27 🔔 Container is ready: 2b9ab01b76e3
2025/05/30 09:09:27 PostgreSQL container started with resource limits and init script. URL: postgres://testuser:testpass@localhost:34485/testdb?sslmode=disable
2025/05/30 09:09:27 Starting NATS container with resource limits...
2025/05/30 09:09:27 🐳 Creating container for image nats:2.10-alpine
2025/05/30 09:09:27 ✅ Container created: acd7ca9fc52c
2025/05/30 09:09:27 🐳 Starting container: acd7ca9fc52c
2025/05/30 09:09:27 ✅ Container started: acd7ca9fc52c
2025/05/30 09:09:27 ⏳ Waiting for container id acd7ca9fc52c image: nats:2.10-alpine. Waiting for: &{timeout:<nil> deadline:0xc001200e68 Strategies:[0xc002b7e0c0 0xc001aec1e0]}
2025/05/30 09:09:29 🔔 Container is ready: acd7ca9fc52c
2025/05/30 09:09:29 NATS container started with resource limits. URL: nats://localhost:34486
Creating score table...
Score table created successfully!
2025/05/30 09:09:29 Ran score migrations group #1
Creating leaderboard table...
Leaderboard table created successfully!
2025/05/30 09:09:29 Ran leaderboard migrations group #2
Creating user table...
User table created successfully!
2025/05/30 09:09:29 Ran user migrations group #3
Creating round table...
Round table created successfully!
2025/05/30 09:09:29 Ran round migrations group #4
2025/05/30 09:09:29 All migrations ran successfully
2025/05/30 09:09:29 newDBServiceWithDB - Registering models
2025/05/30 09:09:29 newDBServiceWithDB - Models registered successfully
2025/05/30 09:09:29 newDBServiceWithDB - DBService initialized: &{UserDB:0xc000590980 RoundDB:0xc000590998 ScoreDB:0xc0005909a0 LeaderboardDB:0xc0005909a8 db:0xc001993a00}
2025/05/30 09:09:30 Truncating tables: rounds
2025/05/30 09:09:30 Truncating tables: users, scores, leaderboards, rounds
2025/05/30 09:09:30 Cleaning up test environment...
2025/05/30 09:09:30 Context cancelled.
2025/05/30 09:09:30 EventBus closed.
2025/05/30 09:09:30 NATS connection closed.
2025/05/30 09:09:30 DB connection closed.
2025/05/30 09:09:30 🐳 Stopping container: acd7ca9fc52c
2025/05/30 09:09:31 ✅ Container stopped: acd7ca9fc52c
2025/05/30 09:09:31 🐳 Terminating container: acd7ca9fc52c
2025/05/30 09:09:31 🚫 Container terminated: acd7ca9fc52c
2025/05/30 09:09:31 NATS container terminated.
2025/05/30 09:09:31 🐳 Stopping container: 2b9ab01b76e3
2025/05/30 09:09:31 ✅ Container stopped: 2b9ab01b76e3
2025/05/30 09:09:31 🐳 Terminating container: 2b9ab01b76e3
2025/05/30 09:09:31 🚫 Container terminated: 2b9ab01b76e3
2025/05/30 09:09:31 PostgreSQL container terminated.
2025/05/30 09:09:31 Cleanup complete.
--- PASS: TestHandleAllScoresSubmitted (18.21s)
    --- PASS: TestHandleAllScoresSubmitted/Success_-_Valid_All_Scores_Submitted (5.72s)
    --- PASS: TestHandleAllScoresSubmitted/Failure_-_Non-Existent_Round_ID (5.92s)
    --- PASS: TestHandleAllScoresSubmitted/Failure_-_Invalid_JSON_Message (6.57s)
=== RUN   TestHandleRoundFinalized
=== RUN   TestHandleRoundFinalized/Success_-_Valid_Round_Finalized
2025/05/30 09:09:31 Starting PostgreSQL container with resource limits...
2025/05/30 09:09:31 🐳 Creating container for image postgres:16-alpine
2025/05/30 09:09:31 ✅ Container created: 30c7466ae206
2025/05/30 09:09:31 🐳 Starting container: 30c7466ae206
2025/05/30 09:09:31 ✅ Container started: 30c7466ae206
2025/05/30 09:09:32 ⏳ Waiting for container id 30c7466ae206 image: postgres:16-alpine. Waiting for: &{timeout:<nil> deadline:0xc002a0bc40 Strategies:[0xc0026182d0]}
2025/05/30 09:09:34 🔔 Container is ready: 30c7466ae206
2025/05/30 09:09:34 PostgreSQL container started with resource limits and init script. URL: postgres://testuser:testpass@localhost:34494/testdb?sslmode=disable
2025/05/30 09:09:34 Starting NATS container with resource limits...
2025/05/30 09:09:34 🐳 Creating container for image nats:2.10-alpine
2025/05/30 09:09:34 ✅ Container created: 96e24d9295fe
2025/05/30 09:09:34 🐳 Starting container: 96e24d9295fe
2025/05/30 09:09:34 ✅ Container started: 96e24d9295fe
2025/05/30 09:09:34 ⏳ Waiting for container id 96e24d9295fe image: nats:2.10-alpine. Waiting for: &{timeout:<nil> deadline:0xc00097a618 Strategies:[0xc002c9e120 0xc000aafda0]}
2025/05/30 09:09:35 🔔 Container is ready: 96e24d9295fe
2025/05/30 09:09:35 NATS container started with resource limits. URL: nats://localhost:34501
Creating leaderboard table...
Leaderboard table created successfully!
2025/05/30 09:09:35 Ran leaderboard migrations group #1
Creating user table...
User table created successfully!
2025/05/30 09:09:35 Ran user migrations group #2
Creating round table...
Round table created successfully!
2025/05/30 09:09:35 Ran round migrations group #3
Creating score table...
Score table created successfully!
2025/05/30 09:09:35 Ran score migrations group #4
2025/05/30 09:09:35 All migrations ran successfully
2025/05/30 09:09:35 newDBServiceWithDB - Registering models
2025/05/30 09:09:35 newDBServiceWithDB - Models registered successfully
2025/05/30 09:09:35 newDBServiceWithDB - DBService initialized: &{UserDB:0xc0008b5730 RoundDB:0xc0008b5740 ScoreDB:0xc0008b5748 LeaderboardDB:0xc0008b5750 db:0xc003056180}
2025/05/30 09:09:36 Truncating tables: rounds
2025/05/30 09:09:36 Truncating tables: users, scores, leaderboards, rounds
2025/05/30 09:09:36 Cleaning up test environment...
2025/05/30 09:09:36 Context cancelled.
2025/05/30 09:09:36 EventBus closed.
2025/05/30 09:09:36 NATS connection closed.
2025/05/30 09:09:36 DB connection closed.
2025/05/30 09:09:36 🐳 Stopping container: 96e24d9295fe
2025/05/30 09:09:37 ✅ Container stopped: 96e24d9295fe
2025/05/30 09:09:37 🐳 Terminating container: 96e24d9295fe
2025/05/30 09:09:37 🚫 Container terminated: 96e24d9295fe
2025/05/30 09:09:37 NATS container terminated.
2025/05/30 09:09:37 🐳 Stopping container: 30c7466ae206
2025/05/30 09:09:37 ✅ Container stopped: 30c7466ae206
2025/05/30 09:09:37 🐳 Terminating container: 30c7466ae206
2025/05/30 09:09:37 🚫 Container terminated: 30c7466ae206
2025/05/30 09:09:37 PostgreSQL container terminated.
2025/05/30 09:09:37 Cleanup complete.
=== RUN   TestHandleRoundFinalized/Failure_-_Non-Existent_Round_ID
2025/05/30 09:09:37 Starting PostgreSQL container with resource limits...
2025/05/30 09:09:37 🐳 Creating container for image postgres:16-alpine
2025/05/30 09:09:37 ✅ Container created: 0c4ea6ae2fd3
2025/05/30 09:09:37 🐳 Starting container: 0c4ea6ae2fd3
2025/05/30 09:09:37 ✅ Container started: 0c4ea6ae2fd3
2025/05/30 09:09:37 ⏳ Waiting for container id 0c4ea6ae2fd3 image: postgres:16-alpine. Waiting for: &{timeout:<nil> deadline:0xc0031f6ed0 Strategies:[0xc000a75290]}
2025/05/30 09:09:40 🔔 Container is ready: 0c4ea6ae2fd3
2025/05/30 09:09:40 PostgreSQL container started with resource limits and init script. URL: postgres://testuser:testpass@localhost:34505/testdb?sslmode=disable
2025/05/30 09:09:40 Starting NATS container with resource limits...
2025/05/30 09:09:40 🐳 Creating container for image nats:2.10-alpine
2025/05/30 09:09:40 ✅ Container created: 7f1e20ce1e0c
2025/05/30 09:09:40 🐳 Starting container: 7f1e20ce1e0c
2025/05/30 09:09:40 ✅ Container started: 7f1e20ce1e0c
2025/05/30 09:09:40 ⏳ Waiting for container id 7f1e20ce1e0c image: nats:2.10-alpine. Waiting for: &{timeout:<nil> deadline:0xc002e71b18 Strategies:[0xc002ca3620 0xc0020fc000]}
2025/05/30 09:09:41 🔔 Container is ready: 7f1e20ce1e0c
2025/05/30 09:09:41 NATS container started with resource limits. URL: nats://localhost:34510
Creating user table...
User table created successfully!
2025/05/30 09:09:41 Ran user migrations group #1
Creating round table...
Round table created successfully!
2025/05/30 09:09:41 Ran round migrations group #2
Creating score table...
Score table created successfully!
2025/05/30 09:09:41 Ran score migrations group #3
Creating leaderboard table...
Leaderboard table created successfully!
2025/05/30 09:09:41 Ran leaderboard migrations group #4
2025/05/30 09:09:41 All migrations ran successfully
2025/05/30 09:09:41 newDBServiceWithDB - Registering models
2025/05/30 09:09:41 newDBServiceWithDB - Models registered successfully
2025/05/30 09:09:41 newDBServiceWithDB - DBService initialized: &{UserDB:0xc000824840 RoundDB:0xc000824848 ScoreDB:0xc000824860 LeaderboardDB:0xc000824870 db:0xc000ba6140}
2025/05/30 09:09:41 Truncating tables: rounds
2025/05/30 09:09:41 Truncating tables: users, scores, leaderboards, rounds
2025/05/30 09:09:42 Cleaning up test environment...
2025/05/30 09:09:42 Context cancelled.
2025/05/30 09:09:42 EventBus closed.
2025/05/30 09:09:42 NATS connection closed.
2025/05/30 09:09:42 DB connection closed.
2025/05/30 09:09:42 🐳 Stopping container: 7f1e20ce1e0c
2025/05/30 09:09:42 ✅ Container stopped: 7f1e20ce1e0c
2025/05/30 09:09:42 🐳 Terminating container: 7f1e20ce1e0c
2025/05/30 09:09:42 🚫 Container terminated: 7f1e20ce1e0c
2025/05/30 09:09:42 NATS container terminated.
2025/05/30 09:09:42 🐳 Stopping container: 0c4ea6ae2fd3
2025/05/30 09:09:43 ✅ Container stopped: 0c4ea6ae2fd3
2025/05/30 09:09:43 🐳 Terminating container: 0c4ea6ae2fd3
2025/05/30 09:09:43 🚫 Container terminated: 0c4ea6ae2fd3
2025/05/30 09:09:43 PostgreSQL container terminated.
2025/05/30 09:09:43 Cleanup complete.
=== RUN   TestHandleRoundFinalized/Failure_-_Invalid_JSON_Message
2025/05/30 09:09:43 Starting PostgreSQL container with resource limits...
2025/05/30 09:09:43 🐳 Creating container for image postgres:16-alpine
2025/05/30 09:09:43 ✅ Container created: c09d17c9c144
2025/05/30 09:09:43 🐳 Starting container: c09d17c9c144
2025/05/30 09:09:43 ✅ Container started: c09d17c9c144
2025/05/30 09:09:43 ⏳ Waiting for container id c09d17c9c144 image: postgres:16-alpine. Waiting for: &{timeout:<nil> deadline:0xc002bea478 Strategies:[0xc000adc7e0]}
2025/05/30 09:09:45 🔔 Container is ready: c09d17c9c144
2025/05/30 09:09:45 PostgreSQL container started with resource limits and init script. URL: postgres://testuser:testpass@localhost:34517/testdb?sslmode=disable
2025/05/30 09:09:45 Starting NATS container with resource limits...
2025/05/30 09:09:45 🐳 Creating container for image nats:2.10-alpine
2025/05/30 09:09:45 ✅ Container created: dc608c81d228
2025/05/30 09:09:45 🐳 Starting container: dc608c81d228
2025/05/30 09:09:46 ✅ Container started: dc608c81d228
2025/05/30 09:09:46 ⏳ Waiting for container id dc608c81d228 image: nats:2.10-alpine. Waiting for: &{timeout:<nil> deadline:0xc0018c7058 Strategies:[0xc0022c6420 0xc002cf7020]}
2025/05/30 09:09:47 🔔 Container is ready: dc608c81d228
2025/05/30 09:09:47 NATS container started with resource limits. URL: nats://localhost:34521
Creating user table...
User table created successfully!
2025/05/30 09:09:47 Ran user migrations group #1
Creating round table...
Round table created successfully!
2025/05/30 09:09:47 Ran round migrations group #2
Creating score table...
Score table created successfully!
2025/05/30 09:09:47 Ran score migrations group #3
Creating leaderboard table...
Leaderboard table created successfully!
2025/05/30 09:09:47 Ran leaderboard migrations group #4
2025/05/30 09:09:47 All migrations ran successfully
2025/05/30 09:09:47 newDBServiceWithDB - Registering models
2025/05/30 09:09:47 newDBServiceWithDB - Models registered successfully
2025/05/30 09:09:47 newDBServiceWithDB - DBService initialized: &{UserDB:0xc00007d6d0 RoundDB:0xc00007d6d8 ScoreDB:0xc00007d6e0 LeaderboardDB:0xc00007d6e8 db:0xc000d08680}
2025/05/30 09:09:47 Truncating tables: rounds
2025/05/30 09:09:47 Truncating tables: users, scores, leaderboards, rounds
2025/05/30 09:09:48 Cleaning up test environment...
2025/05/30 09:09:48 Context cancelled.
2025/05/30 09:09:48 EventBus closed.
2025/05/30 09:09:48 NATS connection closed.
2025/05/30 09:09:48 DB connection closed.
2025/05/30 09:09:48 🐳 Stopping container: dc608c81d228
2025/05/30 09:09:49 ✅ Container stopped: dc608c81d228
2025/05/30 09:09:49 🐳 Terminating container: dc608c81d228
2025/05/30 09:09:49 🚫 Container terminated: dc608c81d228
2025/05/30 09:09:49 NATS container terminated.
2025/05/30 09:09:49 🐳 Stopping container: c09d17c9c144
2025/05/30 09:09:49 ✅ Container stopped: c09d17c9c144
2025/05/30 09:09:49 🐳 Terminating container: c09d17c9c144
2025/05/30 09:09:49 🚫 Container terminated: c09d17c9c144
2025/05/30 09:09:49 PostgreSQL container terminated.
2025/05/30 09:09:49 Cleanup complete.
--- PASS: TestHandleRoundFinalized (17.83s)
    --- PASS: TestHandleRoundFinalized/Success_-_Valid_Round_Finalized (5.74s)
    --- PASS: TestHandleRoundFinalized/Failure_-_Non-Existent_Round_ID (5.70s)
    --- PASS: TestHandleRoundFinalized/Failure_-_Invalid_JSON_Message (6.39s)
=== RUN   TestHandleParticipantJoinValidationRequest
=== RUN   TestHandleParticipantJoinValidationRequest/Success_-_Accept_Response_for_Scheduled_Round
2025/05/30 09:09:49 Starting PostgreSQL container with resource limits...
2025/05/30 09:09:49 🐳 Creating container for image postgres:16-alpine
2025/05/30 09:09:49 ✅ Container created: c221aedb7bc3
2025/05/30 09:09:49 🐳 Starting container: c221aedb7bc3
2025/05/30 09:09:49 ✅ Container started: c221aedb7bc3
2025/05/30 09:09:49 ⏳ Waiting for container id c221aedb7bc3 image: postgres:16-alpine. Waiting for: &{timeout:<nil> deadline:0xc0026bad98 Strategies:[0xc002f70b70]}
coverage: 10.7% of statements in ./app/...
panic: test timed out after 5m0s
	running tests:
		TestHandleParticipantJoinValidationRequest (2s)
		TestHandleParticipantJoinValidationRequest/Success_-_Accept_Response_for_Scheduled_Round (2s)

goroutine 65732 [running]:
testing.(*M).startAlarm.func1()
	/usr/local/Cellar/go/1.24.2/libexec/src/testing/testing.go:2484 +0x394
created by time.goFunc
	/usr/local/Cellar/go/1.24.2/libexec/src/time/sleep.go:215 +0x2d

goroutine 1 [chan receive]:
testing.(*T).Run(0xc000185880, {0x109e29e38?, 0xc0004ffa30?}, 0x10a31db70)
	/usr/local/Cellar/go/1.24.2/libexec/src/testing/testing.go:1859 +0x431
testing.runTests.func1(0xc000185880)
	/usr/local/Cellar/go/1.24.2/libexec/src/testing/testing.go:2279 +0x37
testing.tRunner(0xc000185880, 0xc0004ffb70)
	/usr/local/Cellar/go/1.24.2/libexec/src/testing/testing.go:1792 +0xf4
testing.runTests(0xc000476600, {0x10ad14440, 0x1a, 0x1a}, {0x10ad9d108?, 0x10ad27260?, 0x10ad24a40?})
	/usr/local/Cellar/go/1.24.2/libexec/src/testing/testing.go:2277 +0x4b4
testing.(*M).Run(0xc000448fa0)
	/usr/local/Cellar/go/1.24.2/libexec/src/testing/testing.go:2142 +0x64a
github.com/Black-And-White-Club/frolf-bot/integration_tests/modules/round/handler_tests.TestMain(0xc000448fa0)
	/Users/jace/Documents/GitHub/frolf-bot/integration_tests/modules/round/handler_tests/main_test.go:24 +0x128
main.main()
	_testmain.go:107 +0xa8

goroutine 4688 [sync.Cond.Wait, 4 minutes]:
sync.runtime_notifyListWait(0xc000d4d490, 0x0)
	/usr/local/Cellar/go/1.24.2/libexec/src/runtime/sema.go:597 +0x159
sync.(*Cond).Wait(0xc00091a7e0?)
	/usr/local/Cellar/go/1.24.2/libexec/src/sync/cond.go:71 +0x85
github.com/nats-io/nats%2ego.(*asyncCallbacksHandler).asyncCBDispatcher(0xc000c1f400)
	/Users/jace/go/pkg/mod/github.com/nats-io/nats.go@v1.41.1/nats.go:3059 +0xdd
created by github.com/nats-io/nats%2ego.Options.Connect in goroutine 4210
	/Users/jace/go/pkg/mod/github.com/nats-io/nats.go@v1.41.1/nats.go:1635 +0x387

goroutine 625 [select, 4 minutes]:
github.com/nats-io/nats.go/jetstream.(*pullSubscription).Next(0xc000a82510)
	/Users/jace/go/pkg/mod/github.com/nats-io/nats.go@v1.41.1/jetstream/pull.go:589 +0x285
github.com/Black-And-White-Club/frolf-bot-shared/eventbus.(*eventBus).Subscribe.func1()
	/Users/jace/Documents/GitHub/frolf-bot-shared/eventbus/eventbus.go:326 +0x169
created by github.com/Black-And-White-Club/frolf-bot-shared/eventbus.(*eventBus).Subscribe in goroutine 557
	/Users/jace/Documents/GitHub/frolf-bot-shared/eventbus/eventbus.go:315 +0xbf1

goroutine 65478 [chan receive]:
testing.(*T).Run(0xc002013500, {0x109e2e97f?, 0x10a9f1358?}, 0xc0021a35a0)
	/usr/local/Cellar/go/1.24.2/libexec/src/testing/testing.go:1859 +0x431
github.com/Black-And-White-Club/frolf-bot/integration_tests/modules/round/handler_tests.TestHandleParticipantJoinValidationRequest(0xc002013500)
	/Users/jace/Documents/GitHub/frolf-bot/integration_tests/modules/round/handler_tests/participant_status2_test.go:79 +0x33d
testing.tRunner(0xc002013500, 0x10a31db70)
	/usr/local/Cellar/go/1.24.2/libexec/src/testing/testing.go:1792 +0xf4
created by testing.(*T).Run in goroutine 1
	/usr/local/Cellar/go/1.24.2/libexec/src/testing/testing.go:1851 +0x413

goroutine 65479 [sleep]:
time.Sleep(0x5f5e100)
	/usr/local/Cellar/go/1.24.2/libexec/src/runtime/time.go:338 +0x165
github.com/testcontainers/testcontainers-go/wait.(*LogStrategy).WaitUntilReady(0xc002f56fc0, {0x10a337fa0, 0xc001f66550}, {0x10a33f8b0, 0xc001eb7880})
	/Users/jace/go/pkg/mod/github.com/testcontainers/testcontainers-go@v0.37.0/wait/log.go:184 +0x69c
github.com/testcontainers/testcontainers-go/wait.(*MultiStrategy).WaitUntilReady(0xc002f70b70, {0x10a338010?, 0xc003457b20?}, {0x10a33f8b0, 0xc001eb7880})
	/Users/jace/go/pkg/mod/github.com/testcontainers/testcontainers-go@v0.37.0/wait/all.go:83 +0x36d
github.com/testcontainers/testcontainers-go/wait.(*MultiStrategy).WaitUntilReady(0xc002f70c30, {0x10a337fa0?, 0xc001981cc0?}, {0x10a33f8b0, 0xc001eb7880})
	/Users/jace/go/pkg/mod/github.com/testcontainers/testcontainers-go@v0.37.0/wait/all.go:83 +0x36d
github.com/testcontainers/testcontainers-go.init.func5.2({0x10a337fa0, 0xc001981cc0}, {0x10a3577d0, 0xc001eb7880})
	/Users/jace/go/pkg/mod/github.com/testcontainers/testcontainers-go@v0.37.0/lifecycle.go:291 +0x1d5
github.com/testcontainers/testcontainers-go.(*DockerContainer).applyLifecycleHooks.containerHookFn.func1(...)
	/Users/jace/go/pkg/mod/github.com/testcontainers/testcontainers-go@v0.37.0/lifecycle.go:474
github.com/testcontainers/testcontainers-go.(*DockerContainer).applyLifecycleHooks(0xc001eb7880, {0x10a337fa0, 0xc001981cc0}, 0x1, 0x10a31f5e8)
	/Users/jace/go/pkg/mod/github.com/testcontainers/testcontainers-go@v0.37.0/lifecycle.go:415 +0x6a2
github.com/testcontainers/testcontainers-go.(*DockerContainer).startedHook(...)
	/Users/jace/go/pkg/mod/github.com/testcontainers/testcontainers-go@v0.37.0/lifecycle.go:353
github.com/testcontainers/testcontainers-go.(*DockerContainer).Start(0xc001eb7880, {0x10a337fa0, 0xc001981cc0})
	/Users/jace/go/pkg/mod/github.com/testcontainers/testcontainers-go@v0.37.0/docker.go:238 +0x189
github.com/testcontainers/testcontainers-go.GenericContainer({_, _}, {{{{0x0, 0x0}, {0x0, 0x0}, {0x0, 0x0}, {0x0, 0x0}, ...}, ...}, ...})
	/Users/jace/go/pkg/mod/github.com/testcontainers/testcontainers-go@v0.37.0/generic.go:92 +0x388
github.com/testcontainers/testcontainers-go/modules/postgres.Run({0x10a337fa0, 0xc001981cc0}, {0x109df6afb?, 0xc001e95708?}, {0xc001e95688, 0x7, 0x10927223f?})
	/Users/jace/go/pkg/mod/github.com/testcontainers/testcontainers-go/modules/postgres@v0.37.0/postgres.go:192 +0x3a6
github.com/Black-And-White-Club/frolf-bot/integration_tests/containers.SetupPostgresContainer({0x10a337fa0, 0xc001981cc0})
	/Users/jace/Documents/GitHub/frolf-bot/integration_tests/containers/postgres_container.go:33 +0x58d
github.com/Black-And-White-Club/frolf-bot/integration_tests/testutils.(*TestEnvironment).setupContainers(0xc0029c9a00, {0x10a337fa0, 0xc001981cc0})
	/Users/jace/Documents/GitHub/frolf-bot/integration_tests/testutils/testenv.go:178 +0x45
github.com/Black-And-White-Club/frolf-bot/integration_tests/testutils.NewTestEnvironment(0xc0020136c0)
	/Users/jace/Documents/GitHub/frolf-bot/integration_tests/testutils/testenv.go:167 +0xa7
github.com/Black-And-White-Club/frolf-bot/integration_tests/testutils.GetOrCreateTestEnv(0xc0020136c0)
	/Users/jace/Documents/GitHub/frolf-bot/integration_tests/testutils/test_env_mgr.go:30 +0x13a
github.com/Black-And-White-Club/frolf-bot/integration_tests/modules/round/handler_tests.SetupTestRoundHandler(0xc0020136c0)
	/Users/jace/Documents/GitHub/frolf-bot/integration_tests/modules/round/handler_tests/helper.go:115 +0x67
github.com/Black-And-White-Club/frolf-bot/integration_tests/modules/round/handler_tests.TestHandleParticipantJoinValidationRequest.func7(0xc0020136c0)
	/Users/jace/Documents/GitHub/frolf-bot/integration_tests/modules/round/handler_tests/participant_status2_test.go:80 +0x4f
testing.tRunner(0xc0020136c0, 0xc0021a35a0)
	/usr/local/Cellar/go/1.24.2/libexec/src/testing/testing.go:1792 +0xf4
created by testing.(*T).Run in goroutine 65478
	/usr/local/Cellar/go/1.24.2/libexec/src/testing/testing.go:1851 +0x413

goroutine 517 [sync.Cond.Wait, 4 minutes]:
sync.runtime_notifyListWait(0xc00005ec10, 0x0)
	/usr/local/Cellar/go/1.24.2/libexec/src/runtime/sema.go:597 +0x159
sync.(*Cond).Wait(0x0?)
	/usr/local/Cellar/go/1.24.2/libexec/src/sync/cond.go:71 +0x85
github.com/nats-io/nats%2ego.(*asyncCallbacksHandler).asyncCBDispatcher(0xc000466e20)
	/Users/jace/go/pkg/mod/github.com/nats-io/nats.go@v1.41.1/nats.go:3059 +0xdd
created by github.com/nats-io/nats%2ego.Options.Connect in goroutine 9
	/Users/jace/go/pkg/mod/github.com/nats-io/nats.go@v1.41.1/nats.go:1635 +0x387

goroutine 1875 [chan receive, 4 minutes]:
github.com/ThreeDotsLabs/watermill/message.(*messageTransformSubscriberDecorator).Subscribe.func1()
	/Users/jace/go/pkg/mod/github.com/!three!dots!labs/watermill@v1.4.6/message/decorator.go:52 +0x85
created by github.com/ThreeDotsLabs/watermill/message.(*messageTransformSubscriberDecorator).Subscribe in goroutine 1605
	/Users/jace/go/pkg/mod/github.com/!three!dots!labs/watermill@v1.4.6/message/decorator.go:51 +0xc7

goroutine 950 [select]:
github.com/nats-io/nats%2ego.(*Conn).doReconnect(0xc000030a08, {0x10a327f28, 0x10acedb30}, 0x0)
	/Users/jace/go/pkg/mod/github.com/nats-io/nats.go@v1.41.1/nats.go:2907 +0x41a
created by github.com/nats-io/nats%2ego.(*Conn).processOpErr in goroutine 515
	/Users/jace/go/pkg/mod/github.com/nats-io/nats.go@v1.41.1/nats.go:3043 +0x2f3

goroutine 3874 [select, 4 minutes]:
github.com/nats-io/nats.go/jetstream.(*pullSubscription).Next(0xc000a823f0)
	/Users/jace/go/pkg/mod/github.com/nats-io/nats.go@v1.41.1/jetstream/pull.go:589 +0x285
github.com/Black-And-White-Club/frolf-bot-shared/eventbus.(*eventBus).Subscribe.func1()
	/Users/jace/Documents/GitHub/frolf-bot-shared/eventbus/eventbus.go:326 +0x169
created by github.com/Black-And-White-Club/frolf-bot-shared/eventbus.(*eventBus).Subscribe in goroutine 3776
	/Users/jace/Documents/GitHub/frolf-bot-shared/eventbus/eventbus.go:315 +0xbf1

goroutine 3011 [select, 4 minutes]:
github.com/nats-io/nats.go/jetstream.(*pullConsumer).Messages.func2()
	/Users/jace/go/pkg/mod/github.com/nats-io/nats.go@v1.41.1/jetstream/pull.go:538 +0x68
created by github.com/nats-io/nats.go/jetstream.(*pullConsumer).Messages in goroutine 2815
	/Users/jace/go/pkg/mod/github.com/nats-io/nats.go@v1.41.1/jetstream/pull.go:536 +0x78a

goroutine 1689 [chan receive, 4 minutes]:
github.com/ThreeDotsLabs/watermill/message.(*handler).run(0xc000629c70, {0x10a337fa0, 0xc0005ae0a0}, {0xc0003ee000, 0x6, 0x0?})
	/Users/jace/go/pkg/mod/github.com/!three!dots!labs/watermill@v1.4.6/message/router.go:645 +0x2b4
github.com/ThreeDotsLabs/watermill/message.(*Router).RunHandlers.func1()
	/Users/jace/go/pkg/mod/github.com/!three!dots!labs/watermill@v1.4.6/message/router.go:460 +0x145
created by github.com/ThreeDotsLabs/watermill/message.(*Router).RunHandlers in goroutine 1605
	/Users/jace/go/pkg/mod/github.com/!three!dots!labs/watermill@v1.4.6/message/router.go:453 +0x606

goroutine 2084 [select, 4 minutes]:
github.com/nats-io/nats.go/jetstream.(*pullSubscription).pullMessages(0xc000709b00, {0xc00004e5a0, 0x42})
	/Users/jace/go/pkg/mod/github.com/nats-io/nats.go@v1.41.1/jetstream/pull.go:955 +0x91
created by github.com/nats-io/nats.go/jetstream.(*pullConsumer).Messages in goroutine 1605
	/Users/jace/go/pkg/mod/github.com/nats-io/nats.go@v1.41.1/jetstream/pull.go:534 +0x748

goroutine 690 [chan receive, 4 minutes]:
github.com/ThreeDotsLabs/watermill/message.(*messageTransformSubscriberDecorator).Subscribe.func1()
	/Users/jace/go/pkg/mod/github.com/!three!dots!labs/watermill@v1.4.6/message/decorator.go:52 +0x85
created by github.com/ThreeDotsLabs/watermill/message.(*messageTransformSubscriberDecorator).Subscribe in goroutine 557
	/Users/jace/go/pkg/mod/github.com/!three!dots!labs/watermill@v1.4.6/message/decorator.go:51 +0xc7

goroutine 19180 [select, 2 minutes]:
github.com/nats-io/nats.go/jetstream.(*pullSubscription).Next(0xc0012821b0)
	/Users/jace/go/pkg/mod/github.com/nats-io/nats.go@v1.41.1/jetstream/pull.go:589 +0x285
github.com/Black-And-White-Club/frolf-bot-shared/eventbus.(*eventBus).Subscribe.func1()
	/Users/jace/Documents/GitHub/frolf-bot-shared/eventbus/eventbus.go:326 +0x169
created by github.com/Black-And-White-Club/frolf-bot-shared/eventbus.(*eventBus).Subscribe in goroutine 18988
	/Users/jace/Documents/GitHub/frolf-bot-shared/eventbus/eventbus.go:315 +0xbf1

goroutine 951 [select]:
github.com/nats-io/nats%2ego.(*Conn).doReconnect(0xc000030308, {0x10a327f28, 0x10acedb30}, 0x0)
	/Users/jace/go/pkg/mod/github.com/nats-io/nats.go@v1.41.1/nats.go:2907 +0x41a
created by github.com/nats-io/nats%2ego.(*Conn).processOpErr in goroutine 471
	/Users/jace/go/pkg/mod/github.com/nats-io/nats.go@v1.41.1/nats.go:3043 +0x2f3

goroutine 4766 [select, 4 minutes]:
github.com/nats-io/nats.go/jetstream.(*pullConsumer).Messages.func2()
	/Users/jace/go/pkg/mod/github.com/nats-io/nats.go@v1.41.1/jetstream/pull.go:538 +0x68
created by github.com/nats-io/nats.go/jetstream.(*pullConsumer).Messages in goroutine 4746
	/Users/jace/go/pkg/mod/github.com/nats-io/nats.go@v1.41.1/jetstream/pull.go:536 +0x78a

goroutine 980 [select]:
github.com/nats-io/nats%2ego.(*Conn).doReconnect(0xc00041b508, {0x10a327f28, 0x10acedb30}, 0x0)
	/Users/jace/go/pkg/mod/github.com/nats-io/nats.go@v1.41.1/nats.go:2907 +0x41a
created by github.com/nats-io/nats%2ego.(*Conn).processOpErr in goroutine 499
	/Users/jace/go/pkg/mod/github.com/nats-io/nats.go@v1.41.1/nats.go:3043 +0x2f3

goroutine 651 [select, 4 minutes]:
github.com/nats-io/nats.go/jetstream.(*pullSubscription).Next(0xc0007b2cf0)
	/Users/jace/go/pkg/mod/github.com/nats-io/nats.go@v1.41.1/jetstream/pull.go:589 +0x285
github.com/Black-And-White-Club/frolf-bot-shared/eventbus.(*eventBus).Subscribe.func1()
	/Users/jace/Documents/GitHub/frolf-bot-shared/eventbus/eventbus.go:326 +0x169
created by github.com/Black-And-White-Club/frolf-bot-shared/eventbus.(*eventBus).Subscribe in goroutine 557
	/Users/jace/Documents/GitHub/frolf-bot-shared/eventbus/eventbus.go:315 +0xbf1

goroutine 1874 [select, 4 minutes]:
github.com/nats-io/nats.go/jetstream.(*pullSubscription).Next(0xc0007b3290)
	/Users/jace/go/pkg/mod/github.com/nats-io/nats.go@v1.41.1/jetstream/pull.go:589 +0x285
github.com/Black-And-White-Club/frolf-bot-shared/eventbus.(*eventBus).Subscribe.func1()
	/Users/jace/Documents/GitHub/frolf-bot-shared/eventbus/eventbus.go:326 +0x169
created by github.com/Black-And-White-Club/frolf-bot-shared/eventbus.(*eventBus).Subscribe in goroutine 1605
	/Users/jace/Documents/GitHub/frolf-bot-shared/eventbus/eventbus.go:315 +0xbf1

goroutine 963 [sync.WaitGroup.Wait, 4 minutes]:
sync.runtime_SemacquireWaitGroup(0x0?)
	/usr/local/Cellar/go/1.24.2/libexec/src/runtime/sema.go:110 +0x25
sync.(*WaitGroup).Wait(0x109160452?)
	/usr/local/Cellar/go/1.24.2/libexec/src/sync/waitgroup.go:118 +0x48
github.com/ThreeDotsLabs/watermill/pubsub/sync.WaitGroupTimeout.func1()
	/Users/jace/go/pkg/mod/github.com/!three!dots!labs/watermill@v1.4.6/pubsub/sync/waitgroup.go:13 +0x25
created by github.com/ThreeDotsLabs/watermill/pubsub/sync.WaitGroupTimeout in goroutine 9
	/Users/jace/go/pkg/mod/github.com/!three!dots!labs/watermill@v1.4.6/pubsub/sync/waitgroup.go:12 +0x85

goroutine 831 [chan receive, 4 minutes]:
github.com/ThreeDotsLabs/watermill/message.(*messageTransformSubscriberDecorator).Subscribe.func1()
	/Users/jace/go/pkg/mod/github.com/!three!dots!labs/watermill@v1.4.6/message/decorator.go:52 +0x85
created by github.com/ThreeDotsLabs/watermill/message.(*messageTransformSubscriberDecorator).Subscribe in goroutine 557
	/Users/jace/go/pkg/mod/github.com/!three!dots!labs/watermill@v1.4.6/message/decorator.go:51 +0xc7

goroutine 691 [chan receive, 4 minutes]:
github.com/ThreeDotsLabs/watermill/message.(*handler).run(0xc0007068f0, {0x10a337fa0, 0xc00098a780}, {0xc0001fc600, 0x6, 0x0?})
	/Users/jace/go/pkg/mod/github.com/!three!dots!labs/watermill@v1.4.6/message/router.go:645 +0x2b4
github.com/ThreeDotsLabs/watermill/message.(*Router).RunHandlers.func1()
	/Users/jace/go/pkg/mod/github.com/!three!dots!labs/watermill@v1.4.6/message/router.go:460 +0x145
created by github.com/ThreeDotsLabs/watermill/message.(*Router).RunHandlers in goroutine 557
	/Users/jace/go/pkg/mod/github.com/!three!dots!labs/watermill@v1.4.6/message/router.go:453 +0x606

goroutine 4813 [select, 4 minutes]:
github.com/nats-io/nats.go/jetstream.(*pullSubscription).pullMessages(0xc0004783f0, {0xc00004e370, 0x4d})
	/Users/jace/go/pkg/mod/github.com/nats-io/nats.go@v1.41.1/jetstream/pull.go:955 +0x91
created by github.com/nats-io/nats.go/jetstream.(*pullConsumer).Messages in goroutine 4746
	/Users/jace/go/pkg/mod/github.com/nats-io/nats.go@v1.41.1/jetstream/pull.go:534 +0x748

goroutine 3815 [chan receive, 4 minutes]:
github.com/ThreeDotsLabs/watermill/message.(*handler).run(0xc000d052b0, {0x10a337fa0, 0xc0000c4f50}, {0xc000ab8000, 0x6, 0x100010000?})
	/Users/jace/go/pkg/mod/github.com/!three!dots!labs/watermill@v1.4.6/message/router.go:645 +0x2b4
github.com/ThreeDotsLabs/watermill/message.(*Router).RunHandlers.func1()
	/Users/jace/go/pkg/mod/github.com/!three!dots!labs/watermill@v1.4.6/message/router.go:460 +0x145
created by github.com/ThreeDotsLabs/watermill/message.(*Router).RunHandlers in goroutine 3776
	/Users/jace/go/pkg/mod/github.com/!three!dots!labs/watermill@v1.4.6/message/router.go:453 +0x606

goroutine 4066 [select, 4 minutes]:
github.com/nats-io/nats.go/jetstream.(*pullSubscription).pullMessages(0xc000879cb0, {0xc00004e190, 0x45})
	/Users/jace/go/pkg/mod/github.com/nats-io/nats.go@v1.41.1/jetstream/pull.go:955 +0x91
created by github.com/nats-io/nats.go/jetstream.(*pullConsumer).Messages in goroutine 3776
	/Users/jace/go/pkg/mod/github.com/nats-io/nats.go@v1.41.1/jetstream/pull.go:534 +0x748

goroutine 3073 [select, 4 minutes]:
github.com/nats-io/nats.go/jetstream.(*pullConsumer).Messages.func2()
	/Users/jace/go/pkg/mod/github.com/nats-io/nats.go@v1.41.1/jetstream/pull.go:538 +0x68
created by github.com/nats-io/nats.go/jetstream.(*pullConsumer).Messages in goroutine 2815
	/Users/jace/go/pkg/mod/github.com/nats-io/nats.go@v1.41.1/jetstream/pull.go:536 +0x78a

goroutine 820 [select, 4 minutes]:
github.com/nats-io/nats.go/jetstream.(*pullSubscription).Next(0xc00038c3f0)
	/Users/jace/go/pkg/mod/github.com/nats-io/nats.go@v1.41.1/jetstream/pull.go:589 +0x285
github.com/Black-And-White-Club/frolf-bot-shared/eventbus.(*eventBus).Subscribe.func1()
	/Users/jace/Documents/GitHub/frolf-bot-shared/eventbus/eventbus.go:326 +0x169
created by github.com/Black-And-White-Club/frolf-bot-shared/eventbus.(*eventBus).Subscribe in goroutine 557
	/Users/jace/Documents/GitHub/frolf-bot-shared/eventbus/eventbus.go:315 +0xbf1

goroutine 2944 [select, 4 minutes]:
github.com/nats-io/nats.go/jetstream.(*pullSubscription).pullMessages(0xc00038c900, {0xc00066ed40, 0x3e})
	/Users/jace/go/pkg/mod/github.com/nats-io/nats.go@v1.41.1/jetstream/pull.go:955 +0x91
created by github.com/nats-io/nats.go/jetstream.(*pullConsumer).Messages in goroutine 2815
	/Users/jace/go/pkg/mod/github.com/nats-io/nats.go@v1.41.1/jetstream/pull.go:534 +0x748

goroutine 649 [select, 4 minutes]:
github.com/nats-io/nats.go/jetstream.(*pullSubscription).pullMessages(0xc0007b2cf0, {0xc0007d6050, 0x4f})
	/Users/jace/go/pkg/mod/github.com/nats-io/nats.go@v1.41.1/jetstream/pull.go:955 +0x91
created by github.com/nats-io/nats.go/jetstream.(*pullConsumer).Messages in goroutine 557
	/Users/jace/go/pkg/mod/github.com/nats-io/nats.go@v1.41.1/jetstream/pull.go:534 +0x748

goroutine 525 [select, 4 minutes]:
github.com/nats-io/nats.go/jetstream.(*pullSubscription).pullMessages(0xc00060e900, {0xc00004d140, 0x5a})
	/Users/jace/go/pkg/mod/github.com/nats-io/nats.go@v1.41.1/jetstream/pull.go:955 +0x91
created by github.com/nats-io/nats.go/jetstream.(*pullConsumer).Messages in goroutine 557
	/Users/jace/go/pkg/mod/github.com/nats-io/nats.go@v1.41.1/jetstream/pull.go:534 +0x748

goroutine 1653 [chan receive, 4 minutes]:
github.com/ThreeDotsLabs/watermill/message.(*handler).run(0xc000629ad0, {0x10a337fa0, 0xc000a12fa0}, {0xc000784000, 0x6, 0x100000001?})
	/Users/jace/go/pkg/mod/github.com/!three!dots!labs/watermill@v1.4.6/message/router.go:645 +0x2b4
github.com/ThreeDotsLabs/watermill/message.(*Router).RunHandlers.func1()
	/Users/jace/go/pkg/mod/github.com/!three!dots!labs/watermill@v1.4.6/message/router.go:460 +0x145
created by github.com/ThreeDotsLabs/watermill/message.(*Router).RunHandlers in goroutine 1605
	/Users/jace/go/pkg/mod/github.com/!three!dots!labs/watermill@v1.4.6/message/router.go:453 +0x606

goroutine 1687 [select, 4 minutes]:
github.com/nats-io/nats.go/jetstream.(*pullSubscription).Next(0xc00055a480)
	/Users/jace/go/pkg/mod/github.com/nats-io/nats.go@v1.41.1/jetstream/pull.go:589 +0x285
github.com/Black-And-White-Club/frolf-bot-shared/eventbus.(*eventBus).Subscribe.func1()
	/Users/jace/Documents/GitHub/frolf-bot-shared/eventbus/eventbus.go:326 +0x169
created by github.com/Black-And-White-Club/frolf-bot-shared/eventbus.(*eventBus).Subscribe in goroutine 1605
	/Users/jace/Documents/GitHub/frolf-bot-shared/eventbus/eventbus.go:315 +0xbf1

goroutine 1778 [chan receive, 4 minutes]:
github.com/ThreeDotsLabs/watermill/message.(*handler).run(0xc000629110, {0x10a337fa0, 0xc0007aec80}, {0xc000794000, 0x6, 0x0?})
	/Users/jace/go/pkg/mod/github.com/!three!dots!labs/watermill@v1.4.6/message/router.go:645 +0x2b4
github.com/ThreeDotsLabs/watermill/message.(*Router).RunHandlers.func1()
	/Users/jace/go/pkg/mod/github.com/!three!dots!labs/watermill@v1.4.6/message/router.go:460 +0x145
created by github.com/ThreeDotsLabs/watermill/message.(*Router).RunHandlers in goroutine 1605
	/Users/jace/go/pkg/mod/github.com/!three!dots!labs/watermill@v1.4.6/message/router.go:453 +0x606

goroutine 639 [chan receive, 4 minutes]:
github.com/ThreeDotsLabs/watermill/message.(*messageTransformSubscriberDecorator).Subscribe.func1()
	/Users/jace/go/pkg/mod/github.com/!three!dots!labs/watermill@v1.4.6/message/decorator.go:52 +0x85
created by github.com/ThreeDotsLabs/watermill/message.(*messageTransformSubscriberDecorator).Subscribe in goroutine 557
	/Users/jace/go/pkg/mod/github.com/!three!dots!labs/watermill@v1.4.6/message/decorator.go:51 +0xc7

goroutine 1744 [select, 4 minutes]:
github.com/nats-io/nats.go/jetstream.(*pullSubscription).Next(0xc00060f290)
	/Users/jace/go/pkg/mod/github.com/nats-io/nats.go@v1.41.1/jetstream/pull.go:589 +0x285
github.com/Black-And-White-Club/frolf-bot-shared/eventbus.(*eventBus).Subscribe.func1()
	/Users/jace/Documents/GitHub/frolf-bot-shared/eventbus/eventbus.go:326 +0x169
created by github.com/Black-And-White-Club/frolf-bot-shared/eventbus.(*eventBus).Subscribe in goroutine 1605
	/Users/jace/Documents/GitHub/frolf-bot-shared/eventbus/eventbus.go:315 +0xbf1

goroutine 1625 [select, 4 minutes]:
github.com/nats-io/nats.go/jetstream.(*pullSubscription).pullMessages(0xc000a833b0, {0xc000254190, 0x45})
	/Users/jace/go/pkg/mod/github.com/nats-io/nats.go@v1.41.1/jetstream/pull.go:955 +0x91
created by github.com/nats-io/nats.go/jetstream.(*pullConsumer).Messages in goroutine 1605
	/Users/jace/go/pkg/mod/github.com/nats-io/nats.go@v1.41.1/jetstream/pull.go:534 +0x748

goroutine 1918 [select, 4 minutes]:
github.com/nats-io/nats.go/jetstream.(*pullSubscription).pullMessages(0xc0004786c0, {0xc0004d8300, 0x5a})
	/Users/jace/go/pkg/mod/github.com/nats-io/nats.go@v1.41.1/jetstream/pull.go:955 +0x91
created by github.com/nats-io/nats.go/jetstream.(*pullConsumer).Messages in goroutine 1605
	/Users/jace/go/pkg/mod/github.com/nats-io/nats.go@v1.41.1/jetstream/pull.go:534 +0x748

goroutine 1686 [select, 4 minutes]:
github.com/nats-io/nats.go/jetstream.(*pullConsumer).Messages.func2()
	/Users/jace/go/pkg/mod/github.com/nats-io/nats.go@v1.41.1/jetstream/pull.go:538 +0x68
created by github.com/nats-io/nats.go/jetstream.(*pullConsumer).Messages in goroutine 1605
	/Users/jace/go/pkg/mod/github.com/nats-io/nats.go@v1.41.1/jetstream/pull.go:536 +0x78a

goroutine 13788 [chan receive, 3 minutes]:
github.com/ThreeDotsLabs/watermill/message.(*messageTransformSubscriberDecorator).Subscribe.func1()
	/Users/jace/go/pkg/mod/github.com/!three!dots!labs/watermill@v1.4.6/message/decorator.go:52 +0x85
created by github.com/ThreeDotsLabs/watermill/message.(*messageTransformSubscriberDecorator).Subscribe in goroutine 13489
	/Users/jace/go/pkg/mod/github.com/!three!dots!labs/watermill@v1.4.6/message/decorator.go:51 +0xc7

goroutine 1649 [select, 4 minutes]:
github.com/nats-io/nats.go/jetstream.(*pullConsumer).Messages.func2()
	/Users/jace/go/pkg/mod/github.com/nats-io/nats.go@v1.41.1/jetstream/pull.go:538 +0x68
created by github.com/nats-io/nats.go/jetstream.(*pullConsumer).Messages in goroutine 1605
	/Users/jace/go/pkg/mod/github.com/nats-io/nats.go@v1.41.1/jetstream/pull.go:536 +0x78a

goroutine 623 [select, 4 minutes]:
github.com/nats-io/nats.go/jetstream.(*pullSubscription).pullMessages(0xc000a82510, {0xc000144480, 0x56})
	/Users/jace/go/pkg/mod/github.com/nats-io/nats.go@v1.41.1/jetstream/pull.go:955 +0x91
created by github.com/nats-io/nats.go/jetstream.(*pullConsumer).Messages in goroutine 557
	/Users/jace/go/pkg/mod/github.com/nats-io/nats.go@v1.41.1/jetstream/pull.go:534 +0x748

goroutine 2950 [chan receive, 4 minutes]:
github.com/ThreeDotsLabs/watermill/message.(*messageTransformSubscriberDecorator).Subscribe.func1()
	/Users/jace/go/pkg/mod/github.com/!three!dots!labs/watermill@v1.4.6/message/decorator.go:52 +0x85
created by github.com/ThreeDotsLabs/watermill/message.(*messageTransformSubscriberDecorator).Subscribe in goroutine 2815
	/Users/jace/go/pkg/mod/github.com/!three!dots!labs/watermill@v1.4.6/message/decorator.go:51 +0xc7

goroutine 2948 [select, 4 minutes]:
github.com/nats-io/nats.go/jetstream.(*pullConsumer).Messages.func2()
	/Users/jace/go/pkg/mod/github.com/nats-io/nats.go@v1.41.1/jetstream/pull.go:538 +0x68
created by github.com/nats-io/nats.go/jetstream.(*pullConsumer).Messages in goroutine 2815
	/Users/jace/go/pkg/mod/github.com/nats-io/nats.go@v1.41.1/jetstream/pull.go:536 +0x78a

goroutine 1688 [chan receive, 4 minutes]:
github.com/ThreeDotsLabs/watermill/message.(*messageTransformSubscriberDecorator).Subscribe.func1()
	/Users/jace/go/pkg/mod/github.com/!three!dots!labs/watermill@v1.4.6/message/decorator.go:52 +0x85
created by github.com/ThreeDotsLabs/watermill/message.(*messageTransformSubscriberDecorator).Subscribe in goroutine 1605
	/Users/jace/go/pkg/mod/github.com/!three!dots!labs/watermill@v1.4.6/message/decorator.go:51 +0xc7

goroutine 3839 [select, 4 minutes]:
github.com/nats-io/nats.go/jetstream.(*pullSubscription).Next(0xc000479710)
	/Users/jace/go/pkg/mod/github.com/nats-io/nats.go@v1.41.1/jetstream/pull.go:589 +0x285
github.com/Black-And-White-Club/frolf-bot-shared/eventbus.(*eventBus).Subscribe.func1()
	/Users/jace/Documents/GitHub/frolf-bot-shared/eventbus/eventbus.go:326 +0x169
created by github.com/Black-And-White-Club/frolf-bot-shared/eventbus.(*eventBus).Subscribe in goroutine 3776
	/Users/jace/Documents/GitHub/frolf-bot-shared/eventbus/eventbus.go:315 +0xbf1

goroutine 1650 [select, 4 minutes]:
github.com/nats-io/nats.go/jetstream.(*pullConsumer).Messages.func2()
	/Users/jace/go/pkg/mod/github.com/nats-io/nats.go@v1.41.1/jetstream/pull.go:538 +0x68
created by github.com/nats-io/nats.go/jetstream.(*pullConsumer).Messages in goroutine 1605
	/Users/jace/go/pkg/mod/github.com/nats-io/nats.go@v1.41.1/jetstream/pull.go:536 +0x78a

goroutine 1847 [select, 4 minutes]:
github.com/nats-io/nats.go/jetstream.(*pullConsumer).Messages.func2()
	/Users/jace/go/pkg/mod/github.com/nats-io/nats.go@v1.41.1/jetstream/pull.go:538 +0x68
created by github.com/nats-io/nats.go/jetstream.(*pullConsumer).Messages in goroutine 1605
	/Users/jace/go/pkg/mod/github.com/nats-io/nats.go@v1.41.1/jetstream/pull.go:536 +0x78a

goroutine 828 [select, 4 minutes]:
github.com/nats-io/nats.go/jetstream.(*pullSubscription).pullMessages(0xc00038cea0, {0xc00004e320, 0x4e})
	/Users/jace/go/pkg/mod/github.com/nats-io/nats.go@v1.41.1/jetstream/pull.go:955 +0x91
created by github.com/nats-io/nats.go/jetstream.(*pullConsumer).Messages in goroutine 557
	/Users/jace/go/pkg/mod/github.com/nats-io/nats.go@v1.41.1/jetstream/pull.go:534 +0x748

goroutine 501 [sync.Cond.Wait, 4 minutes]:
sync.runtime_notifyListWait(0xc00040b010, 0x0)
	/usr/local/Cellar/go/1.24.2/libexec/src/runtime/sema.go:597 +0x159
sync.(*Cond).Wait(0x100010000?)
	/usr/local/Cellar/go/1.24.2/libexec/src/sync/cond.go:71 +0x85
github.com/nats-io/nats%2ego.(*asyncCallbacksHandler).asyncCBDispatcher(0xc000324280)
	/Users/jace/go/pkg/mod/github.com/nats-io/nats.go@v1.41.1/nats.go:3059 +0xdd
created by github.com/nats-io/nats%2ego.Options.Connect in goroutine 9
	/Users/jace/go/pkg/mod/github.com/nats-io/nats.go@v1.41.1/nats.go:1635 +0x387

goroutine 502 [sync.Cond.Wait, 4 minutes]:
sync.runtime_notifyListWait(0xc00068a350, 0x33)
	/usr/local/Cellar/go/1.24.2/libexec/src/runtime/sema.go:597 +0x159
sync.(*Cond).Wait(0x0?)
	/usr/local/Cellar/go/1.24.2/libexec/src/sync/cond.go:71 +0x85
github.com/nats-io/nats%2ego.(*Conn).waitForMsgs(0xc000030308, 0xc0004180f0)
	/Users/jace/go/pkg/mod/github.com/nats-io/nats.go@v1.41.1/nats.go:3178 +0xc5
created by github.com/nats-io/nats%2ego.(*Conn).subscribeLocked in goroutine 9
	/Users/jace/go/pkg/mod/github.com/nats-io/nats.go@v1.41.1/nats.go:4468 +0x419

goroutine 1929 [select, 4 minutes]:
github.com/nats-io/nats.go/jetstream.(*pullSubscription).pullMessages(0xc000122630, {0xc0005e8460, 0x50})
	/Users/jace/go/pkg/mod/github.com/nats-io/nats.go@v1.41.1/jetstream/pull.go:955 +0x91
created by github.com/nats-io/nats.go/jetstream.(*pullConsumer).Messages in goroutine 1605
	/Users/jace/go/pkg/mod/github.com/nats-io/nats.go@v1.41.1/jetstream/pull.go:534 +0x748

goroutine 473 [sync.Cond.Wait, 4 minutes]:
sync.runtime_notifyListWait(0xc00005e990, 0x0)
	/usr/local/Cellar/go/1.24.2/libexec/src/runtime/sema.go:597 +0x159
sync.(*Cond).Wait(0x0?)
	/usr/local/Cellar/go/1.24.2/libexec/src/sync/cond.go:71 +0x85
github.com/nats-io/nats%2ego.(*asyncCallbacksHandler).asyncCBDispatcher(0xc000466c20)
	/Users/jace/go/pkg/mod/github.com/nats-io/nats.go@v1.41.1/nats.go:3059 +0xdd
created by github.com/nats-io/nats%2ego.Options.Connect in goroutine 9
	/Users/jace/go/pkg/mod/github.com/nats-io/nats.go@v1.41.1/nats.go:1635 +0x387

goroutine 6264 [chan receive, 3 minutes]:
github.com/ThreeDotsLabs/watermill/message.(*handler).run(0xc000b24750, {0x10a337fa0, 0xc00096e690}, {0xc000a5a0c0, 0x6, 0x0?})
	/Users/jace/go/pkg/mod/github.com/!three!dots!labs/watermill@v1.4.6/message/router.go:645 +0x2b4
github.com/ThreeDotsLabs/watermill/message.(*Router).RunHandlers.func1()
	/Users/jace/go/pkg/mod/github.com/!three!dots!labs/watermill@v1.4.6/message/router.go:460 +0x145
created by github.com/ThreeDotsLabs/watermill/message.(*Router).RunHandlers in goroutine 6161
	/Users/jace/go/pkg/mod/github.com/!three!dots!labs/watermill@v1.4.6/message/router.go:453 +0x606

goroutine 5049 [chan receive, 4 minutes]:
github.com/ThreeDotsLabs/watermill/message.(*messageTransformSubscriberDecorator).Subscribe.func1()
	/Users/jace/go/pkg/mod/github.com/!three!dots!labs/watermill@v1.4.6/message/decorator.go:52 +0x85
created by github.com/ThreeDotsLabs/watermill/message.(*messageTransformSubscriberDecorator).Subscribe in goroutine 4746
	/Users/jace/go/pkg/mod/github.com/!three!dots!labs/watermill@v1.4.6/message/decorator.go:51 +0xc7

goroutine 1982 [select, 4 minutes]:
github.com/nats-io/nats.go/jetstream.(*pullSubscription).Next(0xc000708b40)
	/Users/jace/go/pkg/mod/github.com/nats-io/nats.go@v1.41.1/jetstream/pull.go:589 +0x285
github.com/Black-And-White-Club/frolf-bot-shared/eventbus.(*eventBus).Subscribe.func1()
	/Users/jace/Documents/GitHub/frolf-bot-shared/eventbus/eventbus.go:326 +0x169
created by github.com/Black-And-White-Club/frolf-bot-shared/eventbus.(*eventBus).Subscribe in goroutine 1605
	/Users/jace/Documents/GitHub/frolf-bot-shared/eventbus/eventbus.go:315 +0xbf1

goroutine 2833 [select, 4 minutes]:
github.com/nats-io/nats.go/jetstream.(*pullSubscription).Next(0xc0007f35f0)
	/Users/jace/go/pkg/mod/github.com/nats-io/nats.go@v1.41.1/jetstream/pull.go:589 +0x285
github.com/Black-And-White-Club/frolf-bot-shared/eventbus.(*eventBus).Subscribe.func1()
	/Users/jace/Documents/GitHub/frolf-bot-shared/eventbus/eventbus.go:326 +0x169
created by github.com/Black-And-White-Club/frolf-bot-shared/eventbus.(*eventBus).Subscribe in goroutine 2815
	/Users/jace/Documents/GitHub/frolf-bot-shared/eventbus/eventbus.go:315 +0xbf1

goroutine 11206 [select, 3 minutes]:
github.com/nats-io/nats.go/jetstream.(*pullSubscription).Next(0xc000efe240)
	/Users/jace/go/pkg/mod/github.com/nats-io/nats.go@v1.41.1/jetstream/pull.go:589 +0x285
github.com/Black-And-White-Club/frolf-bot-shared/eventbus.(*eventBus).Subscribe.func1()
	/Users/jace/Documents/GitHub/frolf-bot-shared/eventbus/eventbus.go:326 +0x169
created by github.com/Black-And-White-Club/frolf-bot-shared/eventbus.(*eventBus).Subscribe in goroutine 11006
	/Users/jace/Documents/GitHub/frolf-bot-shared/eventbus/eventbus.go:315 +0xbf1

goroutine 13614 [select, 3 minutes]:
github.com/nats-io/nats.go/jetstream.(*pullSubscription).Next(0xc000ba2bd0)
	/Users/jace/go/pkg/mod/github.com/nats-io/nats.go@v1.41.1/jetstream/pull.go:589 +0x285
github.com/Black-And-White-Club/frolf-bot-shared/eventbus.(*eventBus).Subscribe.func1()
	/Users/jace/Documents/GitHub/frolf-bot-shared/eventbus/eventbus.go:326 +0x169
created by github.com/Black-And-White-Club/frolf-bot-shared/eventbus.(*eventBus).Subscribe in goroutine 13489
	/Users/jace/Documents/GitHub/frolf-bot-shared/eventbus/eventbus.go:315 +0xbf1

goroutine 1993 [select, 4 minutes]:
github.com/nats-io/nats.go/jetstream.(*pullSubscription).Next(0xc0007c46c0)
	/Users/jace/go/pkg/mod/github.com/nats-io/nats.go@v1.41.1/jetstream/pull.go:589 +0x285
github.com/Black-And-White-Club/frolf-bot-shared/eventbus.(*eventBus).Subscribe.func1()
	/Users/jace/Documents/GitHub/frolf-bot-shared/eventbus/eventbus.go:326 +0x169
created by github.com/Black-And-White-Club/frolf-bot-shared/eventbus.(*eventBus).Subscribe in goroutine 1605
	/Users/jace/Documents/GitHub/frolf-bot-shared/eventbus/eventbus.go:315 +0xbf1

goroutine 12282 [sync.Cond.Wait, 3 minutes]:
sync.runtime_notifyListWait(0xc001202090, 0x4)
	/usr/local/Cellar/go/1.24.2/libexec/src/runtime/sema.go:597 +0x159
sync.(*Cond).Wait(0xc000ee3fe0?)
	/usr/local/Cellar/go/1.24.2/libexec/src/sync/cond.go:71 +0x85
github.com/nats-io/nats%2ego.(*Conn).waitForMsgs(0xc000d14e08, 0xc0008ea3c0)
	/Users/jace/go/pkg/mod/github.com/nats-io/nats.go@v1.41.1/nats.go:3178 +0xc5
created by github.com/nats-io/nats%2ego.(*Conn).subscribeLocked in goroutine 11675
	/Users/jace/go/pkg/mod/github.com/nats-io/nats.go@v1.41.1/nats.go:4468 +0x419

goroutine 1822 [chan receive, 4 minutes]:
github.com/ThreeDotsLabs/watermill/message.(*messageTransformSubscriberDecorator).Subscribe.func1()
	/Users/jace/go/pkg/mod/github.com/!three!dots!labs/watermill@v1.4.6/message/decorator.go:52 +0x85
created by github.com/ThreeDotsLabs/watermill/message.(*messageTransformSubscriberDecorator).Subscribe in goroutine 1605
	/Users/jace/go/pkg/mod/github.com/!three!dots!labs/watermill@v1.4.6/message/decorator.go:51 +0xc7

goroutine 3930 [select, 4 minutes]:
github.com/nats-io/nats.go/jetstream.(*pullConsumer).Messages.func2()
	/Users/jace/go/pkg/mod/github.com/nats-io/nats.go@v1.41.1/jetstream/pull.go:538 +0x68
created by github.com/nats-io/nats.go/jetstream.(*pullConsumer).Messages in goroutine 3776
	/Users/jace/go/pkg/mod/github.com/nats-io/nats.go@v1.41.1/jetstream/pull.go:536 +0x78a

goroutine 3098 [select, 4 minutes]:
github.com/nats-io/nats.go/jetstream.(*pullSubscription).Next(0xc000a82ea0)
	/Users/jace/go/pkg/mod/github.com/nats-io/nats.go@v1.41.1/jetstream/pull.go:589 +0x285
github.com/Black-And-White-Club/frolf-bot-shared/eventbus.(*eventBus).Subscribe.func1()
	/Users/jace/Documents/GitHub/frolf-bot-shared/eventbus/eventbus.go:326 +0x169
created by github.com/Black-And-White-Club/frolf-bot-shared/eventbus.(*eventBus).Subscribe in goroutine 2815
	/Users/jace/Documents/GitHub/frolf-bot-shared/eventbus/eventbus.go:315 +0xbf1

goroutine 1992 [select, 4 minutes]:
github.com/nats-io/nats.go/jetstream.(*pullConsumer).Messages.func2()
	/Users/jace/go/pkg/mod/github.com/nats-io/nats.go@v1.41.1/jetstream/pull.go:538 +0x68
created by github.com/nats-io/nats.go/jetstream.(*pullConsumer).Messages in goroutine 1605
	/Users/jace/go/pkg/mod/github.com/nats-io/nats.go@v1.41.1/jetstream/pull.go:536 +0x78a

goroutine 15075 [select, 3 minutes]:
github.com/nats-io/nats.go/jetstream.(*pullSubscription).pullMessages(0xc0013b18c0, {0xc000b3a600, 0x3e})
	/Users/jace/go/pkg/mod/github.com/nats-io/nats.go@v1.41.1/jetstream/pull.go:955 +0x91
created by github.com/nats-io/nats.go/jetstream.(*pullConsumer).Messages in goroutine 14800
	/Users/jace/go/pkg/mod/github.com/nats-io/nats.go@v1.41.1/jetstream/pull.go:534 +0x748

goroutine 3929 [select, 4 minutes]:
github.com/nats-io/nats.go/jetstream.(*pullSubscription).pullMessages(0xc0004b83f0, {0xc000806320, 0x4d})
	/Users/jace/go/pkg/mod/github.com/nats-io/nats.go@v1.41.1/jetstream/pull.go:955 +0x91
created by github.com/nats-io/nats.go/jetstream.(*pullConsumer).Messages in goroutine 3776
	/Users/jace/go/pkg/mod/github.com/nats-io/nats.go@v1.41.1/jetstream/pull.go:534 +0x748

goroutine 2922 [select, 4 minutes]:
github.com/nats-io/nats.go/jetstream.(*pullConsumer).Messages.func2()
	/Users/jace/go/pkg/mod/github.com/nats-io/nats.go@v1.41.1/jetstream/pull.go:538 +0x68
created by github.com/nats-io/nats.go/jetstream.(*pullConsumer).Messages in goroutine 2815
	/Users/jace/go/pkg/mod/github.com/nats-io/nats.go@v1.41.1/jetstream/pull.go:536 +0x78a

goroutine 2995 [chan receive, 4 minutes]:
github.com/ThreeDotsLabs/watermill/message.(*messageTransformSubscriberDecorator).Subscribe.func1()
	/Users/jace/go/pkg/mod/github.com/!three!dots!labs/watermill@v1.4.6/message/decorator.go:52 +0x85
created by github.com/ThreeDotsLabs/watermill/message.(*messageTransformSubscriberDecorator).Subscribe in goroutine 2815
	/Users/jace/go/pkg/mod/github.com/!three!dots!labs/watermill@v1.4.6/message/decorator.go:51 +0xc7

goroutine 3935 [select, 4 minutes]:
github.com/nats-io/nats.go/jetstream.(*pullSubscription).pullMessages(0xc00060fdd0, {0xc0005e8550, 0x45})
	/Users/jace/go/pkg/mod/github.com/nats-io/nats.go@v1.41.1/jetstream/pull.go:955 +0x91
created by github.com/nats-io/nats.go/jetstream.(*pullConsumer).Messages in goroutine 3776
	/Users/jace/go/pkg/mod/github.com/nats-io/nats.go@v1.41.1/jetstream/pull.go:534 +0x748

goroutine 1823 [chan receive, 4 minutes]:
github.com/ThreeDotsLabs/watermill/message.(*handler).run(0xc000629930, {0x10a337fa0, 0xc00098b220}, {0xc00088a0c0, 0x6, 0xc000087778?})
	/Users/jace/go/pkg/mod/github.com/!three!dots!labs/watermill@v1.4.6/message/router.go:645 +0x2b4
github.com/ThreeDotsLabs/watermill/message.(*Router).RunHandlers.func1()
	/Users/jace/go/pkg/mod/github.com/!three!dots!labs/watermill@v1.4.6/message/router.go:460 +0x145
created by github.com/ThreeDotsLabs/watermill/message.(*Router).RunHandlers in goroutine 1605
	/Users/jace/go/pkg/mod/github.com/!three!dots!labs/watermill@v1.4.6/message/router.go:453 +0x606

goroutine 5083 [chan receive, 4 minutes]:
github.com/ThreeDotsLabs/watermill/message.(*messageTransformSubscriberDecorator).Subscribe.func1()
	/Users/jace/go/pkg/mod/github.com/!three!dots!labs/watermill@v1.4.6/message/decorator.go:52 +0x85
created by github.com/ThreeDotsLabs/watermill/message.(*messageTransformSubscriberDecorator).Subscribe in goroutine 4746
	/Users/jace/go/pkg/mod/github.com/!three!dots!labs/watermill@v1.4.6/message/decorator.go:51 +0xc7

goroutine 3980 [select, 4 minutes]:
github.com/nats-io/nats.go/jetstream.(*pullSubscription).pullMessages(0xc000a83dd0, {0xc000254280, 0x48})
	/Users/jace/go/pkg/mod/github.com/nats-io/nats.go@v1.41.1/jetstream/pull.go:955 +0x91
created by github.com/nats-io/nats.go/jetstream.(*pullConsumer).Messages in goroutine 3776
	/Users/jace/go/pkg/mod/github.com/nats-io/nats.go@v1.41.1/jetstream/pull.go:534 +0x748

goroutine 2078 [select, 4 minutes]:
github.com/nats-io/nats.go/jetstream.(*pullConsumer).Messages.func2()
	/Users/jace/go/pkg/mod/github.com/nats-io/nats.go@v1.41.1/jetstream/pull.go:538 +0x68
created by github.com/nats-io/nats.go/jetstream.(*pullConsumer).Messages in goroutine 1605
	/Users/jace/go/pkg/mod/github.com/nats-io/nats.go@v1.41.1/jetstream/pull.go:536 +0x78a

goroutine 5330 [select, 4 minutes]:
github.com/nats-io/nats.go/jetstream.(*pullSubscription).Next(0xc000879560)
	/Users/jace/go/pkg/mod/github.com/nats-io/nats.go@v1.41.1/jetstream/pull.go:589 +0x285
github.com/Black-And-White-Club/frolf-bot-shared/eventbus.(*eventBus).Subscribe.func1()
	/Users/jace/Documents/GitHub/frolf-bot-shared/eventbus/eventbus.go:326 +0x169
created by github.com/Black-And-White-Club/frolf-bot-shared/eventbus.(*eventBus).Subscribe in goroutine 4746
	/Users/jace/Documents/GitHub/frolf-bot-shared/eventbus/eventbus.go:315 +0xbf1

goroutine 19321 [select, 3 minutes]:
github.com/nats-io/nats.go/jetstream.(*pullSubscription).pullMessages(0xc000a83170, {0xc0005e85a0, 0x47})
	/Users/jace/go/pkg/mod/github.com/nats-io/nats.go@v1.41.1/jetstream/pull.go:955 +0x91
created by github.com/nats-io/nats.go/jetstream.(*pullConsumer).Messages in goroutine 18988
	/Users/jace/go/pkg/mod/github.com/nats-io/nats.go@v1.41.1/jetstream/pull.go:534 +0x748

goroutine 1743 [select, 4 minutes]:
github.com/nats-io/nats.go/jetstream.(*pullConsumer).Messages.func2()
	/Users/jace/go/pkg/mod/github.com/nats-io/nats.go@v1.41.1/jetstream/pull.go:538 +0x68
created by github.com/nats-io/nats.go/jetstream.(*pullConsumer).Messages in goroutine 1605
	/Users/jace/go/pkg/mod/github.com/nats-io/nats.go@v1.41.1/jetstream/pull.go:536 +0x78a

goroutine 1821 [select, 4 minutes]:
github.com/nats-io/nats.go/jetstream.(*pullSubscription).Next(0xc00038ccf0)
	/Users/jace/go/pkg/mod/github.com/nats-io/nats.go@v1.41.1/jetstream/pull.go:589 +0x285
github.com/Black-And-White-Club/frolf-bot-shared/eventbus.(*eventBus).Subscribe.func1()
	/Users/jace/Documents/GitHub/frolf-bot-shared/eventbus/eventbus.go:326 +0x169
created by github.com/Black-And-White-Club/frolf-bot-shared/eventbus.(*eventBus).Subscribe in goroutine 1605
	/Users/jace/Documents/GitHub/frolf-bot-shared/eventbus/eventbus.go:315 +0xbf1

goroutine 10100 [sync.Cond.Wait, 3 minutes]:
sync.runtime_notifyListWait(0xc000ba7b90, 0x27)
	/usr/local/Cellar/go/1.24.2/libexec/src/runtime/sema.go:597 +0x159
sync.(*Cond).Wait(0xc000d066c0?)
	/usr/local/Cellar/go/1.24.2/libexec/src/sync/cond.go:71 +0x85
github.com/nats-io/nats%2ego.(*Conn).waitForMsgs(0xc00041bc08, 0xc00092c1e0)
	/Users/jace/go/pkg/mod/github.com/nats-io/nats.go@v1.41.1/nats.go:3178 +0xc5
created by github.com/nats-io/nats%2ego.(*Conn).subscribeLocked in goroutine 9438
	/Users/jace/go/pkg/mod/github.com/nats-io/nats.go@v1.41.1/nats.go:4468 +0x419

goroutine 2086 [select, 4 minutes]:
github.com/nats-io/nats.go/jetstream.(*pullSubscription).Next(0xc000709b00)
	/Users/jace/go/pkg/mod/github.com/nats-io/nats.go@v1.41.1/jetstream/pull.go:589 +0x285
github.com/Black-And-White-Club/frolf-bot-shared/eventbus.(*eventBus).Subscribe.func1()
	/Users/jace/Documents/GitHub/frolf-bot-shared/eventbus/eventbus.go:326 +0x169
created by github.com/Black-And-White-Club/frolf-bot-shared/eventbus.(*eventBus).Subscribe in goroutine 1605
	/Users/jace/Documents/GitHub/frolf-bot-shared/eventbus/eventbus.go:315 +0xbf1

goroutine 1920 [select, 4 minutes]:
github.com/nats-io/nats.go/jetstream.(*pullSubscription).Next(0xc0004786c0)
	/Users/jace/go/pkg/mod/github.com/nats-io/nats.go@v1.41.1/jetstream/pull.go:589 +0x285
github.com/Black-And-White-Club/frolf-bot-shared/eventbus.(*eventBus).Subscribe.func1()
	/Users/jace/Documents/GitHub/frolf-bot-shared/eventbus/eventbus.go:326 +0x169
created by github.com/Black-And-White-Club/frolf-bot-shared/eventbus.(*eventBus).Subscribe in goroutine 1605
	/Users/jace/Documents/GitHub/frolf-bot-shared/eventbus/eventbus.go:315 +0xbf1

goroutine 5314 [select, 4 minutes]:
github.com/nats-io/nats.go/jetstream.(*pullSubscription).Next(0xc0009d8000)
	/Users/jace/go/pkg/mod/github.com/nats-io/nats.go@v1.41.1/jetstream/pull.go:589 +0x285
github.com/Black-And-White-Club/frolf-bot-shared/eventbus.(*eventBus).Subscribe.func1()
	/Users/jace/Documents/GitHub/frolf-bot-shared/eventbus/eventbus.go:326 +0x169
created by github.com/Black-And-White-Club/frolf-bot-shared/eventbus.(*eventBus).Subscribe in goroutine 4746
	/Users/jace/Documents/GitHub/frolf-bot-shared/eventbus/eventbus.go:315 +0xbf1

goroutine 4042 [select, 4 minutes]:
github.com/nats-io/nats.go/jetstream.(*pullConsumer).Messages.func2()
	/Users/jace/go/pkg/mod/github.com/nats-io/nats.go@v1.41.1/jetstream/pull.go:538 +0x68
created by github.com/nats-io/nats.go/jetstream.(*pullConsumer).Messages in goroutine 3776
	/Users/jace/go/pkg/mod/github.com/nats-io/nats.go@v1.41.1/jetstream/pull.go:536 +0x78a

goroutine 2884 [select, 4 minutes]:
github.com/nats-io/nats.go/jetstream.(*pullSubscription).Next(0xc0004b8e10)
	/Users/jace/go/pkg/mod/github.com/nats-io/nats.go@v1.41.1/jetstream/pull.go:589 +0x285
github.com/Black-And-White-Club/frolf-bot-shared/eventbus.(*eventBus).Subscribe.func1()
	/Users/jace/Documents/GitHub/frolf-bot-shared/eventbus/eventbus.go:326 +0x169
created by github.com/Black-And-White-Club/frolf-bot-shared/eventbus.(*eventBus).Subscribe in goroutine 2815
	/Users/jace/Documents/GitHub/frolf-bot-shared/eventbus/eventbus.go:315 +0xbf1

goroutine 2077 [select, 4 minutes]:
github.com/nats-io/nats.go/jetstream.(*pullSubscription).pullMessages(0xc0007c5b00, {0xc000a42120, 0x52})
	/Users/jace/go/pkg/mod/github.com/nats-io/nats.go@v1.41.1/jetstream/pull.go:955 +0x91
created by github.com/nats-io/nats.go/jetstream.(*pullConsumer).Messages in goroutine 1605
	/Users/jace/go/pkg/mod/github.com/nats-io/nats.go@v1.41.1/jetstream/pull.go:534 +0x748

goroutine 2946 [chan receive, 4 minutes]:
github.com/ThreeDotsLabs/watermill/message.(*handler).run(0xc0007d2dd0, {0x10a337fa0, 0xc0005aebe0}, {0xc0000ec0c0, 0x6, 0xc0008f1778?})
	/Users/jace/go/pkg/mod/github.com/!three!dots!labs/watermill@v1.4.6/message/router.go:645 +0x2b4
github.com/ThreeDotsLabs/watermill/message.(*Router).RunHandlers.func1()
	/Users/jace/go/pkg/mod/github.com/!three!dots!labs/watermill@v1.4.6/message/router.go:460 +0x145
created by github.com/ThreeDotsLabs/watermill/message.(*Router).RunHandlers in goroutine 2815
	/Users/jace/go/pkg/mod/github.com/!three!dots!labs/watermill@v1.4.6/message/router.go:453 +0x606

goroutine 1848 [select, 4 minutes]:
github.com/nats-io/nats.go/jetstream.(*pullSubscription).Next(0xc00091fb00)
	/Users/jace/go/pkg/mod/github.com/nats-io/nats.go@v1.41.1/jetstream/pull.go:589 +0x285
github.com/Black-And-White-Club/frolf-bot-shared/eventbus.(*eventBus).Subscribe.func1()
	/Users/jace/Documents/GitHub/frolf-bot-shared/eventbus/eventbus.go:326 +0x169
created by github.com/Black-And-White-Club/frolf-bot-shared/eventbus.(*eventBus).Subscribe in goroutine 1605
	/Users/jace/Documents/GitHub/frolf-bot-shared/eventbus/eventbus.go:315 +0xbf1

goroutine 2923 [select, 4 minutes]:
github.com/nats-io/nats.go/jetstream.(*pullSubscription).Next(0xc000a82000)
	/Users/jace/go/pkg/mod/github.com/nats-io/nats.go@v1.41.1/jetstream/pull.go:589 +0x285
github.com/Black-And-White-Club/frolf-bot-shared/eventbus.(*eventBus).Subscribe.func1()
	/Users/jace/Documents/GitHub/frolf-bot-shared/eventbus/eventbus.go:326 +0x169
created by github.com/Black-And-White-Club/frolf-bot-shared/eventbus.(*eventBus).Subscribe in goroutine 2815
	/Users/jace/Documents/GitHub/frolf-bot-shared/eventbus/eventbus.go:315 +0xbf1

goroutine 2885 [chan receive, 4 minutes]:
github.com/ThreeDotsLabs/watermill/message.(*messageTransformSubscriberDecorator).Subscribe.func1()
	/Users/jace/go/pkg/mod/github.com/!three!dots!labs/watermill@v1.4.6/message/decorator.go:52 +0x85
created by github.com/ThreeDotsLabs/watermill/message.(*messageTransformSubscriberDecorator).Subscribe in goroutine 2815
	/Users/jace/go/pkg/mod/github.com/!three!dots!labs/watermill@v1.4.6/message/decorator.go:51 +0xc7

goroutine 1995 [chan receive, 4 minutes]:
github.com/ThreeDotsLabs/watermill/message.(*handler).run(0xc000629520, {0x10a337fa0, 0xc000227d10}, {0xc000794180, 0x6, 0x0?})
	/Users/jace/go/pkg/mod/github.com/!three!dots!labs/watermill@v1.4.6/message/router.go:645 +0x2b4
github.com/ThreeDotsLabs/watermill/message.(*Router).RunHandlers.func1()
	/Users/jace/go/pkg/mod/github.com/!three!dots!labs/watermill@v1.4.6/message/router.go:460 +0x145
created by github.com/ThreeDotsLabs/watermill/message.(*Router).RunHandlers in goroutine 1605
	/Users/jace/go/pkg/mod/github.com/!three!dots!labs/watermill@v1.4.6/message/router.go:453 +0x606

goroutine 4118 [select, 4 minutes]:
github.com/nats-io/nats.go/jetstream.(*pullSubscription).Next(0xc0007b2240)
	/Users/jace/go/pkg/mod/github.com/nats-io/nats.go@v1.41.1/jetstream/pull.go:589 +0x285
github.com/Black-And-White-Club/frolf-bot-shared/eventbus.(*eventBus).Subscribe.func1()
	/Users/jace/Documents/GitHub/frolf-bot-shared/eventbus/eventbus.go:326 +0x169
created by github.com/Black-And-White-Club/frolf-bot-shared/eventbus.(*eventBus).Subscribe in goroutine 3776
	/Users/jace/Documents/GitHub/frolf-bot-shared/eventbus/eventbus.go:315 +0xbf1

goroutine 2947 [select, 4 minutes]:
github.com/nats-io/nats.go/jetstream.(*pullSubscription).pullMessages(0xc0007f3cb0, {0xc0008b21e0, 0x45})
	/Users/jace/go/pkg/mod/github.com/nats-io/nats.go@v1.41.1/jetstream/pull.go:955 +0x91
created by github.com/nats-io/nats.go/jetstream.(*pullConsumer).Messages in goroutine 2815
	/Users/jace/go/pkg/mod/github.com/nats-io/nats.go@v1.41.1/jetstream/pull.go:534 +0x748

goroutine 673 [sync.WaitGroup.Wait, 4 minutes]:
sync.runtime_SemacquireWaitGroup(0xc000369960?)
	/usr/local/Cellar/go/1.24.2/libexec/src/runtime/sema.go:110 +0x25
sync.(*WaitGroup).Wait(0xc000726740?)
	/usr/local/Cellar/go/1.24.2/libexec/src/sync/waitgroup.go:118 +0x48
github.com/ThreeDotsLabs/watermill/message.(*Router).waitForHandlers.func1()
	/Users/jace/go/pkg/mod/github.com/!three!dots!labs/watermill@v1.4.6/message/router.go:579 +0x4b
created by github.com/ThreeDotsLabs/watermill/message.(*Router).waitForHandlers in goroutine 9
	/Users/jace/go/pkg/mod/github.com/!three!dots!labs/watermill@v1.4.6/message/router.go:577 +0x87

goroutine 558 [sync.Cond.Wait, 4 minutes]:
sync.runtime_notifyListWait(0xc00033b790, 0x2)
	/usr/local/Cellar/go/1.24.2/libexec/src/runtime/sema.go:597 +0x159
sync.(*Cond).Wait(0x0?)
	/usr/local/Cellar/go/1.24.2/libexec/src/sync/cond.go:71 +0x85
github.com/nats-io/nats%2ego.(*Conn).waitForMsgs(0xc000030a08, 0xc0003ea000)
	/Users/jace/go/pkg/mod/github.com/nats-io/nats.go@v1.41.1/nats.go:3178 +0xc5
created by github.com/nats-io/nats%2ego.(*Conn).subscribeLocked in goroutine 9
	/Users/jace/go/pkg/mod/github.com/nats-io/nats.go@v1.41.1/nats.go:4468 +0x419

goroutine 559 [sync.WaitGroup.Wait, 4 minutes]:
sync.runtime_SemacquireWaitGroup(0x6366333730326331?)
	/usr/local/Cellar/go/1.24.2/libexec/src/runtime/sema.go:110 +0x25
sync.(*WaitGroup).Wait(0x6e6961746e6f6374?)
	/usr/local/Cellar/go/1.24.2/libexec/src/sync/waitgroup.go:118 +0x48
github.com/ThreeDotsLabs/watermill/message.(*Router).watchAllHandlersStopped.func1()
	/Users/jace/go/pkg/mod/github.com/!three!dots!labs/watermill@v1.4.6/message/router.go:498 +0x86
created by github.com/ThreeDotsLabs/watermill/message.(*Router).watchAllHandlersStopped in goroutine 557
	/Users/jace/go/pkg/mod/github.com/!three!dots!labs/watermill@v1.4.6/message/router.go:484 +0xec

goroutine 638 [select, 4 minutes]:
github.com/nats-io/nats.go/jetstream.(*pullSubscription).Next(0xc0007087e0)
	/Users/jace/go/pkg/mod/github.com/nats-io/nats.go@v1.41.1/jetstream/pull.go:589 +0x285
github.com/Black-And-White-Club/frolf-bot-shared/eventbus.(*eventBus).Subscribe.func1()
	/Users/jace/Documents/GitHub/frolf-bot-shared/eventbus/eventbus.go:326 +0x169
created by github.com/Black-And-White-Club/frolf-bot-shared/eventbus.(*eventBus).Subscribe in goroutine 557
	/Users/jace/Documents/GitHub/frolf-bot-shared/eventbus/eventbus.go:315 +0xbf1

goroutine 2924 [chan receive, 4 minutes]:
github.com/ThreeDotsLabs/watermill/message.(*messageTransformSubscriberDecorator).Subscribe.func1()
	/Users/jace/go/pkg/mod/github.com/!three!dots!labs/watermill@v1.4.6/message/decorator.go:52 +0x85
created by github.com/ThreeDotsLabs/watermill/message.(*messageTransformSubscriberDecorator).Subscribe in goroutine 2815
	/Users/jace/go/pkg/mod/github.com/!three!dots!labs/watermill@v1.4.6/message/decorator.go:51 +0xc7

goroutine 4900 [select, 4 minutes]:
github.com/nats-io/nats.go/jetstream.(*pullSubscription).pullMessages(0xc000122cf0, {0xc000144000, 0x56})
	/Users/jace/go/pkg/mod/github.com/nats-io/nats.go@v1.41.1/jetstream/pull.go:955 +0x91
created by github.com/nats-io/nats.go/jetstream.(*pullConsumer).Messages in goroutine 4746
	/Users/jace/go/pkg/mod/github.com/nats-io/nats.go@v1.41.1/jetstream/pull.go:534 +0x748

goroutine 1728 [select, 4 minutes]:
github.com/nats-io/nats.go/jetstream.(*pullConsumer).Messages.func2()
	/Users/jace/go/pkg/mod/github.com/nats-io/nats.go@v1.41.1/jetstream/pull.go:538 +0x68
created by github.com/nats-io/nats.go/jetstream.(*pullConsumer).Messages in goroutine 1605
	/Users/jace/go/pkg/mod/github.com/nats-io/nats.go@v1.41.1/jetstream/pull.go:536 +0x78a

goroutine 865 [select, 4 minutes]:
github.com/nats-io/nats.go/jetstream.(*pullSubscription).pullMessages(0xc0004b81b0, {0xc00017e000, 0x47})
	/Users/jace/go/pkg/mod/github.com/nats-io/nats.go@v1.41.1/jetstream/pull.go:955 +0x91
created by github.com/nats-io/nats.go/jetstream.(*pullConsumer).Messages in goroutine 1605
	/Users/jace/go/pkg/mod/github.com/nats-io/nats.go@v1.41.1/jetstream/pull.go:534 +0x748

goroutine 741 [select, 4 minutes]:
github.com/nats-io/nats.go/jetstream.(*pullConsumer).Messages.func2()
	/Users/jace/go/pkg/mod/github.com/nats-io/nats.go@v1.41.1/jetstream/pull.go:538 +0x68
created by github.com/nats-io/nats.go/jetstream.(*pullConsumer).Messages in goroutine 557
	/Users/jace/go/pkg/mod/github.com/nats-io/nats.go@v1.41.1/jetstream/pull.go:536 +0x78a

goroutine 636 [select, 4 minutes]:
github.com/nats-io/nats.go/jetstream.(*pullSubscription).pullMessages(0xc0007087e0, {0xc00004e140, 0x47})
	/Users/jace/go/pkg/mod/github.com/nats-io/nats.go@v1.41.1/jetstream/pull.go:955 +0x91
created by github.com/nats-io/nats.go/jetstream.(*pullConsumer).Messages in goroutine 557
	/Users/jace/go/pkg/mod/github.com/nats-io/nats.go@v1.41.1/jetstream/pull.go:534 +0x748

goroutine 744 [chan receive, 4 minutes]:
github.com/ThreeDotsLabs/watermill/message.(*handler).run(0xc0007069c0, {0x10a337fa0, 0xc0000c4b90}, {0xc0005500c0, 0x6, 0x100000001?})
	/Users/jace/go/pkg/mod/github.com/!three!dots!labs/watermill@v1.4.6/message/router.go:645 +0x2b4
github.com/ThreeDotsLabs/watermill/message.(*Router).RunHandlers.func1()
	/Users/jace/go/pkg/mod/github.com/!three!dots!labs/watermill@v1.4.6/message/router.go:460 +0x145
created by github.com/ThreeDotsLabs/watermill/message.(*Router).RunHandlers in goroutine 557
	/Users/jace/go/pkg/mod/github.com/!three!dots!labs/watermill@v1.4.6/message/router.go:453 +0x606

goroutine 3111 [select, 4 minutes]:
github.com/nats-io/nats.go/jetstream.(*pullSubscription).Next(0xc000123200)
	/Users/jace/go/pkg/mod/github.com/nats-io/nats.go@v1.41.1/jetstream/pull.go:589 +0x285
github.com/Black-And-White-Club/frolf-bot-shared/eventbus.(*eventBus).Subscribe.func1()
	/Users/jace/Documents/GitHub/frolf-bot-shared/eventbus/eventbus.go:326 +0x169
created by github.com/Black-And-White-Club/frolf-bot-shared/eventbus.(*eventBus).Subscribe in goroutine 2815
	/Users/jace/Documents/GitHub/frolf-bot-shared/eventbus/eventbus.go:315 +0xbf1

goroutine 2080 [chan receive, 4 minutes]:
github.com/ThreeDotsLabs/watermill/message.(*messageTransformSubscriberDecorator).Subscribe.func1()
	/Users/jace/go/pkg/mod/github.com/!three!dots!labs/watermill@v1.4.6/message/decorator.go:52 +0x85
created by github.com/ThreeDotsLabs/watermill/message.(*messageTransformSubscriberDecorator).Subscribe in goroutine 1605
	/Users/jace/go/pkg/mod/github.com/!three!dots!labs/watermill@v1.4.6/message/decorator.go:51 +0xc7

goroutine 637 [select, 4 minutes]:
github.com/nats-io/nats.go/jetstream.(*pullConsumer).Messages.func2()
	/Users/jace/go/pkg/mod/github.com/nats-io/nats.go@v1.41.1/jetstream/pull.go:538 +0x68
created by github.com/nats-io/nats.go/jetstream.(*pullConsumer).Messages in goroutine 557
	/Users/jace/go/pkg/mod/github.com/nats-io/nats.go@v1.41.1/jetstream/pull.go:536 +0x78a

goroutine 702 [select, 4 minutes]:
github.com/nats-io/nats.go/jetstream.(*pullSubscription).pullMessages(0xc000a83200, {0xc00017e140, 0x4d})
	/Users/jace/go/pkg/mod/github.com/nats-io/nats.go@v1.41.1/jetstream/pull.go:955 +0x91
created by github.com/nats-io/nats.go/jetstream.(*pullConsumer).Messages in goroutine 557
	/Users/jace/go/pkg/mod/github.com/nats-io/nats.go@v1.41.1/jetstream/pull.go:534 +0x748

goroutine 640 [chan receive, 4 minutes]:
github.com/ThreeDotsLabs/watermill/message.(*handler).run(0xc0007061a0, {0x10a337fa0, 0xc000a121e0}, {0xc0001fc540, 0x6, 0x0?})
	/Users/jace/go/pkg/mod/github.com/!three!dots!labs/watermill@v1.4.6/message/router.go:645 +0x2b4
github.com/ThreeDotsLabs/watermill/message.(*Router).RunHandlers.func1()
	/Users/jace/go/pkg/mod/github.com/!three!dots!labs/watermill@v1.4.6/message/router.go:460 +0x145
created by github.com/ThreeDotsLabs/watermill/message.(*Router).RunHandlers in goroutine 557
	/Users/jace/go/pkg/mod/github.com/!three!dots!labs/watermill@v1.4.6/message/router.go:453 +0x606

goroutine 624 [select, 4 minutes]:
github.com/nats-io/nats.go/jetstream.(*pullConsumer).Messages.func2()
	/Users/jace/go/pkg/mod/github.com/nats-io/nats.go@v1.41.1/jetstream/pull.go:538 +0x68
created by github.com/nats-io/nats.go/jetstream.(*pullConsumer).Messages in goroutine 557
	/Users/jace/go/pkg/mod/github.com/nats-io/nats.go@v1.41.1/jetstream/pull.go:536 +0x78a

goroutine 596 [select, 4 minutes]:
github.com/nats-io/nats.go/jetstream.(*pullSubscription).pullMessages(0xc000709320, {0xc00004cfc0, 0x58})
	/Users/jace/go/pkg/mod/github.com/nats-io/nats.go@v1.41.1/jetstream/pull.go:955 +0x91
created by github.com/nats-io/nats.go/jetstream.(*pullConsumer).Messages in goroutine 557
	/Users/jace/go/pkg/mod/github.com/nats-io/nats.go@v1.41.1/jetstream/pull.go:534 +0x748

goroutine 597 [select, 4 minutes]:
github.com/nats-io/nats.go/jetstream.(*pullConsumer).Messages.func2()
	/Users/jace/go/pkg/mod/github.com/nats-io/nats.go@v1.41.1/jetstream/pull.go:538 +0x68
created by github.com/nats-io/nats.go/jetstream.(*pullConsumer).Messages in goroutine 557
	/Users/jace/go/pkg/mod/github.com/nats-io/nats.go@v1.41.1/jetstream/pull.go:536 +0x78a

goroutine 598 [select, 4 minutes]:
github.com/nats-io/nats.go/jetstream.(*pullSubscription).Next(0xc000709320)
	/Users/jace/go/pkg/mod/github.com/nats-io/nats.go@v1.41.1/jetstream/pull.go:589 +0x285
github.com/Black-And-White-Club/frolf-bot-shared/eventbus.(*eventBus).Subscribe.func1()
	/Users/jace/Documents/GitHub/frolf-bot-shared/eventbus/eventbus.go:326 +0x169
created by github.com/Black-And-White-Club/frolf-bot-shared/eventbus.(*eventBus).Subscribe in goroutine 557
	/Users/jace/Documents/GitHub/frolf-bot-shared/eventbus/eventbus.go:315 +0xbf1

goroutine 599 [chan receive, 4 minutes]:
github.com/ThreeDotsLabs/watermill/message.(*messageTransformSubscriberDecorator).Subscribe.func1()
	/Users/jace/go/pkg/mod/github.com/!three!dots!labs/watermill@v1.4.6/message/decorator.go:52 +0x85
created by github.com/ThreeDotsLabs/watermill/message.(*messageTransformSubscriberDecorator).Subscribe in goroutine 557
	/Users/jace/go/pkg/mod/github.com/!three!dots!labs/watermill@v1.4.6/message/decorator.go:51 +0xc7

goroutine 600 [chan receive, 4 minutes]:
github.com/ThreeDotsLabs/watermill/message.(*handler).run(0xc0002f1d40, {0x10a337fa0, 0xc000367bd0}, {0xc0007be000, 0x6, 0x0?})
	/Users/jace/go/pkg/mod/github.com/!three!dots!labs/watermill@v1.4.6/message/router.go:645 +0x2b4
github.com/ThreeDotsLabs/watermill/message.(*Router).RunHandlers.func1()
	/Users/jace/go/pkg/mod/github.com/!three!dots!labs/watermill@v1.4.6/message/router.go:460 +0x145
created by github.com/ThreeDotsLabs/watermill/message.(*Router).RunHandlers in goroutine 557
	/Users/jace/go/pkg/mod/github.com/!three!dots!labs/watermill@v1.4.6/message/router.go:453 +0x606

goroutine 3875 [chan receive, 4 minutes]:
github.com/ThreeDotsLabs/watermill/message.(*messageTransformSubscriberDecorator).Subscribe.func1()
	/Users/jace/go/pkg/mod/github.com/!three!dots!labs/watermill@v1.4.6/message/decorator.go:52 +0x85
created by github.com/ThreeDotsLabs/watermill/message.(*messageTransformSubscriberDecorator).Subscribe in goroutine 3776
	/Users/jace/go/pkg/mod/github.com/!three!dots!labs/watermill@v1.4.6/message/decorator.go:51 +0xc7

goroutine 601 [select, 4 minutes]:
github.com/nats-io/nats.go/jetstream.(*pullSubscription).pullMessages(0xc000709710, {0xc00004e500, 0x45})
	/Users/jace/go/pkg/mod/github.com/nats-io/nats.go@v1.41.1/jetstream/pull.go:955 +0x91
created by github.com/nats-io/nats.go/jetstream.(*pullConsumer).Messages in goroutine 557
	/Users/jace/go/pkg/mod/github.com/nats-io/nats.go@v1.41.1/jetstream/pull.go:534 +0x748

goroutine 602 [select, 4 minutes]:
github.com/nats-io/nats.go/jetstream.(*pullConsumer).Messages.func2()
	/Users/jace/go/pkg/mod/github.com/nats-io/nats.go@v1.41.1/jetstream/pull.go:538 +0x68
created by github.com/nats-io/nats.go/jetstream.(*pullConsumer).Messages in goroutine 557
	/Users/jace/go/pkg/mod/github.com/nats-io/nats.go@v1.41.1/jetstream/pull.go:536 +0x78a

goroutine 603 [select, 4 minutes]:
github.com/nats-io/nats.go/jetstream.(*pullSubscription).Next(0xc000709710)
	/Users/jace/go/pkg/mod/github.com/nats-io/nats.go@v1.41.1/jetstream/pull.go:589 +0x285
github.com/Black-And-White-Club/frolf-bot-shared/eventbus.(*eventBus).Subscribe.func1()
	/Users/jace/Documents/GitHub/frolf-bot-shared/eventbus/eventbus.go:326 +0x169
created by github.com/Black-And-White-Club/frolf-bot-shared/eventbus.(*eventBus).Subscribe in goroutine 557
	/Users/jace/Documents/GitHub/frolf-bot-shared/eventbus/eventbus.go:315 +0xbf1

goroutine 604 [chan receive, 4 minutes]:
github.com/ThreeDotsLabs/watermill/message.(*messageTransformSubscriberDecorator).Subscribe.func1()
	/Users/jace/go/pkg/mod/github.com/!three!dots!labs/watermill@v1.4.6/message/decorator.go:52 +0x85
created by github.com/ThreeDotsLabs/watermill/message.(*messageTransformSubscriberDecorator).Subscribe in goroutine 557
	/Users/jace/go/pkg/mod/github.com/!three!dots!labs/watermill@v1.4.6/message/decorator.go:51 +0xc7

goroutine 605 [chan receive, 4 minutes]:
github.com/ThreeDotsLabs/watermill/message.(*handler).run(0xc0002f1e10, {0x10a337fa0, 0xc000a12050}, {0xc0001fc840, 0x6, 0x0?})
	/Users/jace/go/pkg/mod/github.com/!three!dots!labs/watermill@v1.4.6/message/router.go:645 +0x2b4
github.com/ThreeDotsLabs/watermill/message.(*Router).RunHandlers.func1()
	/Users/jace/go/pkg/mod/github.com/!three!dots!labs/watermill@v1.4.6/message/router.go:460 +0x145
created by github.com/ThreeDotsLabs/watermill/message.(*Router).RunHandlers in goroutine 557
	/Users/jace/go/pkg/mod/github.com/!three!dots!labs/watermill@v1.4.6/message/router.go:453 +0x606

goroutine 2750 [chan receive, 4 minutes]:
github.com/ThreeDotsLabs/watermill/message.(*messageTransformSubscriberDecorator).Subscribe.func1()
	/Users/jace/go/pkg/mod/github.com/!three!dots!labs/watermill@v1.4.6/message/decorator.go:52 +0x85
created by github.com/ThreeDotsLabs/watermill/message.(*messageTransformSubscriberDecorator).Subscribe in goroutine 2815
	/Users/jace/go/pkg/mod/github.com/!three!dots!labs/watermill@v1.4.6/message/decorator.go:51 +0xc7

goroutine 2883 [select, 4 minutes]:
github.com/nats-io/nats.go/jetstream.(*pullConsumer).Messages.func2()
	/Users/jace/go/pkg/mod/github.com/nats-io/nats.go@v1.41.1/jetstream/pull.go:538 +0x68
created by github.com/nats-io/nats.go/jetstream.(*pullConsumer).Messages in goroutine 2815
	/Users/jace/go/pkg/mod/github.com/nats-io/nats.go@v1.41.1/jetstream/pull.go:536 +0x78a

goroutine 3096 [select, 4 minutes]:
github.com/nats-io/nats.go/jetstream.(*pullSubscription).pullMessages(0xc000a82ea0, {0xc000a42360, 0x52})
	/Users/jace/go/pkg/mod/github.com/nats-io/nats.go@v1.41.1/jetstream/pull.go:955 +0x91
created by github.com/nats-io/nats.go/jetstream.(*pullConsumer).Messages in goroutine 2815
	/Users/jace/go/pkg/mod/github.com/nats-io/nats.go@v1.41.1/jetstream/pull.go:534 +0x748

goroutine 829 [select, 4 minutes]:
github.com/nats-io/nats.go/jetstream.(*pullConsumer).Messages.func2()
	/Users/jace/go/pkg/mod/github.com/nats-io/nats.go@v1.41.1/jetstream/pull.go:538 +0x68
created by github.com/nats-io/nats.go/jetstream.(*pullConsumer).Messages in goroutine 557
	/Users/jace/go/pkg/mod/github.com/nats-io/nats.go@v1.41.1/jetstream/pull.go:536 +0x78a

goroutine 652 [chan receive, 4 minutes]:
github.com/ThreeDotsLabs/watermill/message.(*messageTransformSubscriberDecorator).Subscribe.func1()
	/Users/jace/go/pkg/mod/github.com/!three!dots!labs/watermill@v1.4.6/message/decorator.go:52 +0x85
created by github.com/ThreeDotsLabs/watermill/message.(*messageTransformSubscriberDecorator).Subscribe in goroutine 557
	/Users/jace/go/pkg/mod/github.com/!three!dots!labs/watermill@v1.4.6/message/decorator.go:51 +0xc7

goroutine 2088 [chan receive, 4 minutes]:
github.com/ThreeDotsLabs/watermill/message.(*handler).run(0xc0006296c0, {0x10a337fa0, 0xc000a2c500}, {0xc000794240, 0x6, 0x100000001?})
	/Users/jace/go/pkg/mod/github.com/!three!dots!labs/watermill@v1.4.6/message/router.go:645 +0x2b4
github.com/ThreeDotsLabs/watermill/message.(*Router).RunHandlers.func1()
	/Users/jace/go/pkg/mod/github.com/!three!dots!labs/watermill@v1.4.6/message/router.go:460 +0x145
created by github.com/ThreeDotsLabs/watermill/message.(*Router).RunHandlers in goroutine 1605
	/Users/jace/go/pkg/mod/github.com/!three!dots!labs/watermill@v1.4.6/message/router.go:453 +0x606

goroutine 2133 [chan receive, 4 minutes]:
github.com/ThreeDotsLabs/watermill/message.(*handler).run(0xc000629790, {0x10a337fa0, 0xc000367310}, {0xc000794300, 0x6, 0x0?})
	/Users/jace/go/pkg/mod/github.com/!three!dots!labs/watermill@v1.4.6/message/router.go:645 +0x2b4
github.com/ThreeDotsLabs/watermill/message.(*Router).RunHandlers.func1()
	/Users/jace/go/pkg/mod/github.com/!three!dots!labs/watermill@v1.4.6/message/router.go:460 +0x145
created by github.com/ThreeDotsLabs/watermill/message.(*Router).RunHandlers in goroutine 1605
	/Users/jace/go/pkg/mod/github.com/!three!dots!labs/watermill@v1.4.6/message/router.go:453 +0x606

goroutine 650 [select, 4 minutes]:
github.com/nats-io/nats.go/jetstream.(*pullConsumer).Messages.func2()
	/Users/jace/go/pkg/mod/github.com/nats-io/nats.go@v1.41.1/jetstream/pull.go:538 +0x68
created by github.com/nats-io/nats.go/jetstream.(*pullConsumer).Messages in goroutine 557
	/Users/jace/go/pkg/mod/github.com/nats-io/nats.go@v1.41.1/jetstream/pull.go:536 +0x78a

goroutine 882 [select, 4 minutes]:
github.com/nats-io/nats.go/jetstream.(*pullSubscription).pullMessages(0xc00091e360, {0xc00093e180, 0x52})
	/Users/jace/go/pkg/mod/github.com/nats-io/nats.go@v1.41.1/jetstream/pull.go:955 +0x91
created by github.com/nats-io/nats.go/jetstream.(*pullConsumer).Messages in goroutine 557
	/Users/jace/go/pkg/mod/github.com/nats-io/nats.go@v1.41.1/jetstream/pull.go:534 +0x748

goroutine 1652 [chan receive, 4 minutes]:
github.com/ThreeDotsLabs/watermill/message.(*messageTransformSubscriberDecorator).Subscribe.func1()
	/Users/jace/go/pkg/mod/github.com/!three!dots!labs/watermill@v1.4.6/message/decorator.go:52 +0x85
created by github.com/ThreeDotsLabs/watermill/message.(*messageTransformSubscriberDecorator).Subscribe in goroutine 1605
	/Users/jace/go/pkg/mod/github.com/!three!dots!labs/watermill@v1.4.6/message/decorator.go:51 +0xc7

goroutine 703 [select, 4 minutes]:
github.com/nats-io/nats.go/jetstream.(*pullConsumer).Messages.func2()
	/Users/jace/go/pkg/mod/github.com/nats-io/nats.go@v1.41.1/jetstream/pull.go:538 +0x68
created by github.com/nats-io/nats.go/jetstream.(*pullConsumer).Messages in goroutine 557
	/Users/jace/go/pkg/mod/github.com/nats-io/nats.go@v1.41.1/jetstream/pull.go:536 +0x78a

goroutine 738 [chan receive, 4 minutes]:
github.com/ThreeDotsLabs/watermill/message.(*handler).run(0xc000706680, {0x10a337fa0, 0xc0007aed20}, {0xc0004d6000, 0x6, 0x0?})
	/Users/jace/go/pkg/mod/github.com/!three!dots!labs/watermill@v1.4.6/message/router.go:645 +0x2b4
github.com/ThreeDotsLabs/watermill/message.(*Router).RunHandlers.func1()
	/Users/jace/go/pkg/mod/github.com/!three!dots!labs/watermill@v1.4.6/message/router.go:460 +0x145
created by github.com/ThreeDotsLabs/watermill/message.(*Router).RunHandlers in goroutine 557
	/Users/jace/go/pkg/mod/github.com/!three!dots!labs/watermill@v1.4.6/message/router.go:453 +0x606

goroutine 4063 [chan receive, 4 minutes]:
github.com/ThreeDotsLabs/watermill/message.(*messageTransformSubscriberDecorator).Subscribe.func1()
	/Users/jace/go/pkg/mod/github.com/!three!dots!labs/watermill@v1.4.6/message/decorator.go:52 +0x85
created by github.com/ThreeDotsLabs/watermill/message.(*messageTransformSubscriberDecorator).Subscribe in goroutine 3776
	/Users/jace/go/pkg/mod/github.com/!three!dots!labs/watermill@v1.4.6/message/decorator.go:51 +0xc7

goroutine 740 [select, 4 minutes]:
github.com/nats-io/nats.go/jetstream.(*pullSubscription).pullMessages(0xc000a83710, {0xc00017e1e0, 0x42})
	/Users/jace/go/pkg/mod/github.com/nats-io/nats.go@v1.41.1/jetstream/pull.go:955 +0x91
created by github.com/nats-io/nats.go/jetstream.(*pullConsumer).Messages in goroutine 557
	/Users/jace/go/pkg/mod/github.com/nats-io/nats.go@v1.41.1/jetstream/pull.go:534 +0x748

goroutine 1894 [select, 4 minutes]:
github.com/nats-io/nats.go/jetstream.(*pullSubscription).Next(0xc00038d5f0)
	/Users/jace/go/pkg/mod/github.com/nats-io/nats.go@v1.41.1/jetstream/pull.go:589 +0x285
github.com/Black-And-White-Club/frolf-bot-shared/eventbus.(*eventBus).Subscribe.func1()
	/Users/jace/Documents/GitHub/frolf-bot-shared/eventbus/eventbus.go:326 +0x169
created by github.com/Black-And-White-Club/frolf-bot-shared/eventbus.(*eventBus).Subscribe in goroutine 1605
	/Users/jace/Documents/GitHub/frolf-bot-shared/eventbus/eventbus.go:315 +0xbf1

goroutine 481 [select, 4 minutes]:
github.com/nats-io/nats.go/jetstream.(*pullSubscription).pullMessages(0xc00055a6c0, {0xc0005fc180, 0x3f})
	/Users/jace/go/pkg/mod/github.com/nats-io/nats.go@v1.41.1/jetstream/pull.go:955 +0x91
created by github.com/nats-io/nats.go/jetstream.(*pullConsumer).Messages in goroutine 557
	/Users/jace/go/pkg/mod/github.com/nats-io/nats.go@v1.41.1/jetstream/pull.go:534 +0x748

goroutine 658 [select, 4 minutes]:
github.com/nats-io/nats.go/jetstream.(*pullConsumer).Messages.func2()
	/Users/jace/go/pkg/mod/github.com/nats-io/nats.go@v1.41.1/jetstream/pull.go:538 +0x68
created by github.com/nats-io/nats.go/jetstream.(*pullConsumer).Messages in goroutine 557
	/Users/jace/go/pkg/mod/github.com/nats-io/nats.go@v1.41.1/jetstream/pull.go:536 +0x78a

goroutine 659 [select, 4 minutes]:
github.com/nats-io/nats.go/jetstream.(*pullSubscription).Next(0xc00055a6c0)
	/Users/jace/go/pkg/mod/github.com/nats-io/nats.go@v1.41.1/jetstream/pull.go:589 +0x285
github.com/Black-And-White-Club/frolf-bot-shared/eventbus.(*eventBus).Subscribe.func1()
	/Users/jace/Documents/GitHub/frolf-bot-shared/eventbus/eventbus.go:326 +0x169
created by github.com/Black-And-White-Club/frolf-bot-shared/eventbus.(*eventBus).Subscribe in goroutine 557
	/Users/jace/Documents/GitHub/frolf-bot-shared/eventbus/eventbus.go:315 +0xbf1

goroutine 660 [chan receive, 4 minutes]:
github.com/ThreeDotsLabs/watermill/message.(*messageTransformSubscriberDecorator).Subscribe.func1()
	/Users/jace/go/pkg/mod/github.com/!three!dots!labs/watermill@v1.4.6/message/decorator.go:52 +0x85
created by github.com/ThreeDotsLabs/watermill/message.(*messageTransformSubscriberDecorator).Subscribe in goroutine 557
	/Users/jace/go/pkg/mod/github.com/!three!dots!labs/watermill@v1.4.6/message/decorator.go:51 +0xc7

goroutine 661 [chan receive, 4 minutes]:
github.com/ThreeDotsLabs/watermill/message.(*handler).run(0xc000706750, {0x10a337fa0, 0xc000227590}, {0xc0003e4000, 0x6, 0x109de33c6?})
	/Users/jace/go/pkg/mod/github.com/!three!dots!labs/watermill@v1.4.6/message/router.go:645 +0x2b4
github.com/ThreeDotsLabs/watermill/message.(*Router).RunHandlers.func1()
	/Users/jace/go/pkg/mod/github.com/!three!dots!labs/watermill@v1.4.6/message/router.go:460 +0x145
created by github.com/ThreeDotsLabs/watermill/message.(*Router).RunHandlers in goroutine 557
	/Users/jace/go/pkg/mod/github.com/!three!dots!labs/watermill@v1.4.6/message/router.go:453 +0x606

goroutine 2087 [chan receive, 4 minutes]:
github.com/ThreeDotsLabs/watermill/message.(*messageTransformSubscriberDecorator).Subscribe.func1()
	/Users/jace/go/pkg/mod/github.com/!three!dots!labs/watermill@v1.4.6/message/decorator.go:52 +0x85
created by github.com/ThreeDotsLabs/watermill/message.(*messageTransformSubscriberDecorator).Subscribe in goroutine 1605
	/Users/jace/go/pkg/mod/github.com/!three!dots!labs/watermill@v1.4.6/message/decorator.go:51 +0xc7

goroutine 653 [chan receive, 4 minutes]:
github.com/ThreeDotsLabs/watermill/message.(*handler).run(0xc0002f1a00, {0x10a337fa0, 0xc0005ae140}, {0xc000550000, 0x6, 0x0?})
	/Users/jace/go/pkg/mod/github.com/!three!dots!labs/watermill@v1.4.6/message/router.go:645 +0x2b4
github.com/ThreeDotsLabs/watermill/message.(*Router).RunHandlers.func1()
	/Users/jace/go/pkg/mod/github.com/!three!dots!labs/watermill@v1.4.6/message/router.go:460 +0x145
created by github.com/ThreeDotsLabs/watermill/message.(*Router).RunHandlers in goroutine 557
	/Users/jace/go/pkg/mod/github.com/!three!dots!labs/watermill@v1.4.6/message/router.go:453 +0x606

goroutine 704 [select, 4 minutes]:
github.com/nats-io/nats.go/jetstream.(*pullSubscription).Next(0xc000a83200)
	/Users/jace/go/pkg/mod/github.com/nats-io/nats.go@v1.41.1/jetstream/pull.go:589 +0x285
github.com/Black-And-White-Club/frolf-bot-shared/eventbus.(*eventBus).Subscribe.func1()
	/Users/jace/Documents/GitHub/frolf-bot-shared/eventbus/eventbus.go:326 +0x169
created by github.com/Black-And-White-Club/frolf-bot-shared/eventbus.(*eventBus).Subscribe in goroutine 557
	/Users/jace/Documents/GitHub/frolf-bot-shared/eventbus/eventbus.go:315 +0xbf1

goroutine 2131 [select, 4 minutes]:
github.com/nats-io/nats.go/jetstream.(*pullSubscription).Next(0xc000479830)
	/Users/jace/go/pkg/mod/github.com/nats-io/nats.go@v1.41.1/jetstream/pull.go:589 +0x285
github.com/Black-And-White-Club/frolf-bot-shared/eventbus.(*eventBus).Subscribe.func1()
	/Users/jace/Documents/GitHub/frolf-bot-shared/eventbus/eventbus.go:326 +0x169
created by github.com/Black-And-White-Club/frolf-bot-shared/eventbus.(*eventBus).Subscribe in goroutine 1605
	/Users/jace/Documents/GitHub/frolf-bot-shared/eventbus/eventbus.go:315 +0xbf1

goroutine 742 [select, 4 minutes]:
github.com/nats-io/nats.go/jetstream.(*pullSubscription).Next(0xc000a83710)
	/Users/jace/go/pkg/mod/github.com/nats-io/nats.go@v1.41.1/jetstream/pull.go:589 +0x285
github.com/Black-And-White-Club/frolf-bot-shared/eventbus.(*eventBus).Subscribe.func1()
	/Users/jace/Documents/GitHub/frolf-bot-shared/eventbus/eventbus.go:326 +0x169
created by github.com/Black-And-White-Club/frolf-bot-shared/eventbus.(*eventBus).Subscribe in goroutine 557
	/Users/jace/Documents/GitHub/frolf-bot-shared/eventbus/eventbus.go:315 +0xbf1

goroutine 32209 [select, 2 minutes]:
github.com/nats-io/nats.go/jetstream.(*pullSubscription).pullMessages(0xc001282fc0, {0xc000254b40, 0x45})
	/Users/jace/go/pkg/mod/github.com/nats-io/nats.go@v1.41.1/jetstream/pull.go:955 +0x91
created by github.com/nats-io/nats.go/jetstream.(*pullConsumer).Messages in goroutine 32049
	/Users/jace/go/pkg/mod/github.com/nats-io/nats.go@v1.41.1/jetstream/pull.go:534 +0x748

goroutine 1922 [chan receive, 4 minutes]:
github.com/ThreeDotsLabs/watermill/message.(*handler).run(0xc0006db520, {0x10a337fa0, 0xc00098b900}, {0xc00088a180, 0x6, 0x0?})
	/Users/jace/go/pkg/mod/github.com/!three!dots!labs/watermill@v1.4.6/message/router.go:645 +0x2b4
github.com/ThreeDotsLabs/watermill/message.(*Router).RunHandlers.func1()
	/Users/jace/go/pkg/mod/github.com/!three!dots!labs/watermill@v1.4.6/message/router.go:460 +0x145
created by github.com/ThreeDotsLabs/watermill/message.(*Router).RunHandlers in goroutine 1605
	/Users/jace/go/pkg/mod/github.com/!three!dots!labs/watermill@v1.4.6/message/router.go:453 +0x606

goroutine 1896 [chan receive, 4 minutes]:
github.com/ThreeDotsLabs/watermill/message.(*handler).run(0xc000629ba0, {0x10a337fa0, 0xc000226640}, {0xc000784180, 0x6, 0xc00057bf78?})
	/Users/jace/go/pkg/mod/github.com/!three!dots!labs/watermill@v1.4.6/message/router.go:645 +0x2b4
github.com/ThreeDotsLabs/watermill/message.(*Router).RunHandlers.func1()
	/Users/jace/go/pkg/mod/github.com/!three!dots!labs/watermill@v1.4.6/message/router.go:460 +0x145
created by github.com/ThreeDotsLabs/watermill/message.(*Router).RunHandlers in goroutine 1605
	/Users/jace/go/pkg/mod/github.com/!three!dots!labs/watermill@v1.4.6/message/router.go:453 +0x606

goroutine 36948 [chan receive, 2 minutes]:
github.com/ThreeDotsLabs/watermill/message.(*messageTransformSubscriberDecorator).Subscribe.func1()
	/Users/jace/go/pkg/mod/github.com/!three!dots!labs/watermill@v1.4.6/message/decorator.go:52 +0x85
created by github.com/ThreeDotsLabs/watermill/message.(*messageTransformSubscriberDecorator).Subscribe in goroutine 36760
	/Users/jace/go/pkg/mod/github.com/!three!dots!labs/watermill@v1.4.6/message/decorator.go:51 +0xc7

goroutine 743 [chan receive, 4 minutes]:
github.com/ThreeDotsLabs/watermill/message.(*messageTransformSubscriberDecorator).Subscribe.func1()
	/Users/jace/go/pkg/mod/github.com/!three!dots!labs/watermill@v1.4.6/message/decorator.go:52 +0x85
created by github.com/ThreeDotsLabs/watermill/message.(*messageTransformSubscriberDecorator).Subscribe in goroutine 557
	/Users/jace/go/pkg/mod/github.com/!three!dots!labs/watermill@v1.4.6/message/decorator.go:51 +0xc7

goroutine 1731 [select, 4 minutes]:
github.com/nats-io/nats.go/jetstream.(*pullSubscription).Next(0xc0007f2ea0)
	/Users/jace/go/pkg/mod/github.com/nats-io/nats.go@v1.41.1/jetstream/pull.go:589 +0x285
github.com/Black-And-White-Club/frolf-bot-shared/eventbus.(*eventBus).Subscribe.func1()
	/Users/jace/Documents/GitHub/frolf-bot-shared/eventbus/eventbus.go:326 +0x169
created by github.com/Black-And-White-Club/frolf-bot-shared/eventbus.(*eventBus).Subscribe in goroutine 1605
	/Users/jace/Documents/GitHub/frolf-bot-shared/eventbus/eventbus.go:315 +0xbf1

goroutine 705 [chan receive, 4 minutes]:
github.com/ThreeDotsLabs/watermill/message.(*messageTransformSubscriberDecorator).Subscribe.func1()
	/Users/jace/go/pkg/mod/github.com/!three!dots!labs/watermill@v1.4.6/message/decorator.go:52 +0x85
created by github.com/ThreeDotsLabs/watermill/message.(*messageTransformSubscriberDecorator).Subscribe in goroutine 557
	/Users/jace/go/pkg/mod/github.com/!three!dots!labs/watermill@v1.4.6/message/decorator.go:51 +0xc7

goroutine 712 [select, 4 minutes]:
github.com/nats-io/nats.go/jetstream.(*pullSubscription).pullMessages(0xc0004b86c0, {0xc0005e8050, 0x4f})
	/Users/jace/go/pkg/mod/github.com/nats-io/nats.go@v1.41.1/jetstream/pull.go:955 +0x91
created by github.com/nats-io/nats.go/jetstream.(*pullConsumer).Messages in goroutine 557
	/Users/jace/go/pkg/mod/github.com/nats-io/nats.go@v1.41.1/jetstream/pull.go:534 +0x748

goroutine 713 [select, 4 minutes]:
github.com/nats-io/nats.go/jetstream.(*pullConsumer).Messages.func2()
	/Users/jace/go/pkg/mod/github.com/nats-io/nats.go@v1.41.1/jetstream/pull.go:538 +0x68
created by github.com/nats-io/nats.go/jetstream.(*pullConsumer).Messages in goroutine 557
	/Users/jace/go/pkg/mod/github.com/nats-io/nats.go@v1.41.1/jetstream/pull.go:536 +0x78a

goroutine 714 [select, 4 minutes]:
github.com/nats-io/nats.go/jetstream.(*pullSubscription).Next(0xc0004b86c0)
	/Users/jace/go/pkg/mod/github.com/nats-io/nats.go@v1.41.1/jetstream/pull.go:589 +0x285
github.com/Black-And-White-Club/frolf-bot-shared/eventbus.(*eventBus).Subscribe.func1()
	/Users/jace/Documents/GitHub/frolf-bot-shared/eventbus/eventbus.go:326 +0x169
created by github.com/Black-And-White-Club/frolf-bot-shared/eventbus.(*eventBus).Subscribe in goroutine 557
	/Users/jace/Documents/GitHub/frolf-bot-shared/eventbus/eventbus.go:315 +0xbf1

goroutine 715 [chan receive, 4 minutes]:
github.com/ThreeDotsLabs/watermill/message.(*messageTransformSubscriberDecorator).Subscribe.func1()
	/Users/jace/go/pkg/mod/github.com/!three!dots!labs/watermill@v1.4.6/message/decorator.go:52 +0x85
created by github.com/ThreeDotsLabs/watermill/message.(*messageTransformSubscriberDecorator).Subscribe in goroutine 557
	/Users/jace/go/pkg/mod/github.com/!three!dots!labs/watermill@v1.4.6/message/decorator.go:51 +0xc7

goroutine 716 [chan receive, 4 minutes]:
github.com/ThreeDotsLabs/watermill/message.(*handler).run(0xc000706ea0, {0x10a337fa0, 0xc0000c44b0}, {0xc0007cc000, 0x6, 0x0?})
	/Users/jace/go/pkg/mod/github.com/!three!dots!labs/watermill@v1.4.6/message/router.go:645 +0x2b4
github.com/ThreeDotsLabs/watermill/message.(*Router).RunHandlers.func1()
	/Users/jace/go/pkg/mod/github.com/!three!dots!labs/watermill@v1.4.6/message/router.go:460 +0x145
created by github.com/ThreeDotsLabs/watermill/message.(*Router).RunHandlers in goroutine 557
	/Users/jace/go/pkg/mod/github.com/!three!dots!labs/watermill@v1.4.6/message/router.go:453 +0x606

goroutine 2079 [select, 4 minutes]:
github.com/nats-io/nats.go/jetstream.(*pullSubscription).Next(0xc0007c5b00)
	/Users/jace/go/pkg/mod/github.com/nats-io/nats.go@v1.41.1/jetstream/pull.go:589 +0x285
github.com/Black-And-White-Club/frolf-bot-shared/eventbus.(*eventBus).Subscribe.func1()
	/Users/jace/Documents/GitHub/frolf-bot-shared/eventbus/eventbus.go:326 +0x169
created by github.com/Black-And-White-Club/frolf-bot-shared/eventbus.(*eventBus).Subscribe in goroutine 1605
	/Users/jace/Documents/GitHub/frolf-bot-shared/eventbus/eventbus.go:315 +0xbf1

goroutine 821 [chan receive, 4 minutes]:
github.com/ThreeDotsLabs/watermill/message.(*messageTransformSubscriberDecorator).Subscribe.func1()
	/Users/jace/go/pkg/mod/github.com/!three!dots!labs/watermill@v1.4.6/message/decorator.go:52 +0x85
created by github.com/ThreeDotsLabs/watermill/message.(*messageTransformSubscriberDecorator).Subscribe in goroutine 557
	/Users/jace/go/pkg/mod/github.com/!three!dots!labs/watermill@v1.4.6/message/decorator.go:51 +0xc7

goroutine 666 [chan receive, 4 minutes]:
github.com/ThreeDotsLabs/watermill/message.(*messageTransformSubscriberDecorator).Subscribe.func1()
	/Users/jace/go/pkg/mod/github.com/!three!dots!labs/watermill@v1.4.6/message/decorator.go:52 +0x85
created by github.com/ThreeDotsLabs/watermill/message.(*messageTransformSubscriberDecorator).Subscribe in goroutine 557
	/Users/jace/go/pkg/mod/github.com/!three!dots!labs/watermill@v1.4.6/message/decorator.go:51 +0xc7

goroutine 665 [select, 4 minutes]:
github.com/nats-io/nats.go/jetstream.(*pullSubscription).Next(0xc000479dd0)
	/Users/jace/go/pkg/mod/github.com/nats-io/nats.go@v1.41.1/jetstream/pull.go:589 +0x285
github.com/Black-And-White-Club/frolf-bot-shared/eventbus.(*eventBus).Subscribe.func1()
	/Users/jace/Documents/GitHub/frolf-bot-shared/eventbus/eventbus.go:326 +0x169
created by github.com/Black-And-White-Club/frolf-bot-shared/eventbus.(*eventBus).Subscribe in goroutine 557
	/Users/jace/Documents/GitHub/frolf-bot-shared/eventbus/eventbus.go:315 +0xbf1

goroutine 4174 [select]:
github.com/nats-io/nats%2ego.(*Conn).doReconnect(0xc000031108, {0x10a327f28, 0x10acedb30}, 0x0)
	/Users/jace/go/pkg/mod/github.com/nats-io/nats.go@v1.41.1/nats.go:2907 +0x41a
created by github.com/nats-io/nats%2ego.(*Conn).processOpErr in goroutine 3680
	/Users/jace/go/pkg/mod/github.com/nats-io/nats.go@v1.41.1/nats.go:3043 +0x2f3

goroutine 5081 [select, 4 minutes]:
github.com/nats-io/nats.go/jetstream.(*pullConsumer).Messages.func2()
	/Users/jace/go/pkg/mod/github.com/nats-io/nats.go@v1.41.1/jetstream/pull.go:538 +0x68
created by github.com/nats-io/nats.go/jetstream.(*pullConsumer).Messages in goroutine 4746
	/Users/jace/go/pkg/mod/github.com/nats-io/nats.go@v1.41.1/jetstream/pull.go:536 +0x78a

goroutine 3876 [chan receive, 4 minutes]:
github.com/ThreeDotsLabs/watermill/message.(*handler).run(0xc0009ca270, {0x10a337fa0, 0xc0000c5220}, {0xc00049c0c0, 0x6, 0xc00069b778?})
	/Users/jace/go/pkg/mod/github.com/!three!dots!labs/watermill@v1.4.6/message/router.go:645 +0x2b4
github.com/ThreeDotsLabs/watermill/message.(*Router).RunHandlers.func1()
	/Users/jace/go/pkg/mod/github.com/!three!dots!labs/watermill@v1.4.6/message/router.go:460 +0x145
created by github.com/ThreeDotsLabs/watermill/message.(*Router).RunHandlers in goroutine 3776
	/Users/jace/go/pkg/mod/github.com/!three!dots!labs/watermill@v1.4.6/message/router.go:453 +0x606

goroutine 830 [select, 4 minutes]:
github.com/nats-io/nats.go/jetstream.(*pullSubscription).Next(0xc00038cea0)
	/Users/jace/go/pkg/mod/github.com/nats-io/nats.go@v1.41.1/jetstream/pull.go:589 +0x285
github.com/Black-And-White-Club/frolf-bot-shared/eventbus.(*eventBus).Subscribe.func1()
	/Users/jace/Documents/GitHub/frolf-bot-shared/eventbus/eventbus.go:326 +0x169
created by github.com/Black-And-White-Club/frolf-bot-shared/eventbus.(*eventBus).Subscribe in goroutine 557
	/Users/jace/Documents/GitHub/frolf-bot-shared/eventbus/eventbus.go:315 +0xbf1

goroutine 10362 [sync.WaitGroup.Wait, 3 minutes]:
sync.runtime_SemacquireWaitGroup(0x0?)
	/usr/local/Cellar/go/1.24.2/libexec/src/runtime/sema.go:110 +0x25
sync.(*WaitGroup).Wait(0x109160452?)
	/usr/local/Cellar/go/1.24.2/libexec/src/sync/waitgroup.go:118 +0x48
github.com/ThreeDotsLabs/watermill/pubsub/sync.WaitGroupTimeout.func1()
	/Users/jace/go/pkg/mod/github.com/!three!dots!labs/watermill@v1.4.6/pubsub/sync/waitgroup.go:13 +0x25
created by github.com/ThreeDotsLabs/watermill/pubsub/sync.WaitGroupTimeout in goroutine 9438
	/Users/jace/go/pkg/mod/github.com/!three!dots!labs/watermill@v1.4.6/pubsub/sync/waitgroup.go:12 +0x85

goroutine 5331 [chan receive, 4 minutes]:
github.com/ThreeDotsLabs/watermill/message.(*messageTransformSubscriberDecorator).Subscribe.func1()
	/Users/jace/go/pkg/mod/github.com/!three!dots!labs/watermill@v1.4.6/message/decorator.go:52 +0x85
created by github.com/ThreeDotsLabs/watermill/message.(*messageTransformSubscriberDecorator).Subscribe in goroutine 4746
	/Users/jace/go/pkg/mod/github.com/!three!dots!labs/watermill@v1.4.6/message/decorator.go:51 +0xc7

goroutine 3827 [chan receive, 4 minutes]:
github.com/ThreeDotsLabs/watermill/message.(*handler).run(0xc0009ca820, {0x10a337fa0, 0xc0000c4550}, {0xc0003c6000, 0x6, 0x0?})
	/Users/jace/go/pkg/mod/github.com/!three!dots!labs/watermill@v1.4.6/message/router.go:645 +0x2b4
github.com/ThreeDotsLabs/watermill/message.(*Router).RunHandlers.func1()
	/Users/jace/go/pkg/mod/github.com/!three!dots!labs/watermill@v1.4.6/message/router.go:460 +0x145
created by github.com/ThreeDotsLabs/watermill/message.(*Router).RunHandlers in goroutine 3776
	/Users/jace/go/pkg/mod/github.com/!three!dots!labs/watermill@v1.4.6/message/router.go:453 +0x606

goroutine 12805 [chan receive, 3 minutes]:
github.com/ThreeDotsLabs/watermill/message.(*handler).run(0xc00118d380, {0x10a337fa0, 0xc00096ec30}, {0xc0007c7e00, 0x6, 0x100000001?})
	/Users/jace/go/pkg/mod/github.com/!three!dots!labs/watermill@v1.4.6/message/router.go:645 +0x2b4
github.com/ThreeDotsLabs/watermill/message.(*Router).RunHandlers.func1()
	/Users/jace/go/pkg/mod/github.com/!three!dots!labs/watermill@v1.4.6/message/router.go:460 +0x145
created by github.com/ThreeDotsLabs/watermill/message.(*Router).RunHandlers in goroutine 12376
	/Users/jace/go/pkg/mod/github.com/!three!dots!labs/watermill@v1.4.6/message/router.go:453 +0x606

goroutine 10226 [chan receive, 3 minutes]:
github.com/ThreeDotsLabs/watermill/message.(*handler).run(0xc000707e10, {0x10a337fa0, 0xc000813950}, {0xc000d2c0c0, 0x6, 0x726f50222c223561?})
	/Users/jace/go/pkg/mod/github.com/!three!dots!labs/watermill@v1.4.6/message/router.go:645 +0x2b4
github.com/ThreeDotsLabs/watermill/message.(*Router).RunHandlers.func1()
	/Users/jace/go/pkg/mod/github.com/!three!dots!labs/watermill@v1.4.6/message/router.go:460 +0x145
created by github.com/ThreeDotsLabs/watermill/message.(*Router).RunHandlers in goroutine 10144
	/Users/jace/go/pkg/mod/github.com/!three!dots!labs/watermill@v1.4.6/message/router.go:453 +0x606

goroutine 818 [select, 4 minutes]:
github.com/nats-io/nats.go/jetstream.(*pullSubscription).pullMessages(0xc00038c3f0, {0xc00004e1e0, 0x45})
	/Users/jace/go/pkg/mod/github.com/nats-io/nats.go@v1.41.1/jetstream/pull.go:955 +0x91
created by github.com/nats-io/nats.go/jetstream.(*pullConsumer).Messages in goroutine 557
	/Users/jace/go/pkg/mod/github.com/nats-io/nats.go@v1.41.1/jetstream/pull.go:534 +0x748

goroutine 7841 [select]:
github.com/nats-io/nats%2ego.(*Conn).doReconnect(0xc00041bc08, {0x10a327f28, 0x10acedb30}, 0x0)
	/Users/jace/go/pkg/mod/github.com/nats-io/nats.go@v1.41.1/nats.go:2907 +0x41a
created by github.com/nats-io/nats%2ego.(*Conn).processOpErr in goroutine 10045
	/Users/jace/go/pkg/mod/github.com/nats-io/nats.go@v1.41.1/nats.go:3043 +0x2f3

goroutine 4041 [select, 4 minutes]:
github.com/nats-io/nats.go/jetstream.(*pullSubscription).pullMessages(0xc0006763f0, {0xc000144d80, 0x55})
	/Users/jace/go/pkg/mod/github.com/nats-io/nats.go@v1.41.1/jetstream/pull.go:955 +0x91
created by github.com/nats-io/nats.go/jetstream.(*pullConsumer).Messages in goroutine 3776
	/Users/jace/go/pkg/mod/github.com/nats-io/nats.go@v1.41.1/jetstream/pull.go:534 +0x748

goroutine 819 [select, 4 minutes]:
github.com/nats-io/nats.go/jetstream.(*pullConsumer).Messages.func2()
	/Users/jace/go/pkg/mod/github.com/nats-io/nats.go@v1.41.1/jetstream/pull.go:538 +0x68
created by github.com/nats-io/nats.go/jetstream.(*pullConsumer).Messages in goroutine 557
	/Users/jace/go/pkg/mod/github.com/nats-io/nats.go@v1.41.1/jetstream/pull.go:536 +0x78a

goroutine 5156 [select, 4 minutes]:
github.com/nats-io/nats.go/jetstream.(*pullSubscription).Next(0xc00091e990)
	/Users/jace/go/pkg/mod/github.com/nats-io/nats.go@v1.41.1/jetstream/pull.go:589 +0x285
github.com/Black-And-White-Club/frolf-bot-shared/eventbus.(*eventBus).Subscribe.func1()
	/Users/jace/Documents/GitHub/frolf-bot-shared/eventbus/eventbus.go:326 +0x169
created by github.com/Black-And-White-Club/frolf-bot-shared/eventbus.(*eventBus).Subscribe in goroutine 4746
	/Users/jace/Documents/GitHub/frolf-bot-shared/eventbus/eventbus.go:315 +0xbf1

goroutine 832 [chan receive, 4 minutes]:
github.com/ThreeDotsLabs/watermill/message.(*handler).run(0xc000706dd0, {0x10a337fa0, 0xc0000eaaf0}, {0xc000898000, 0x6, 0x0?})
	/Users/jace/go/pkg/mod/github.com/!three!dots!labs/watermill@v1.4.6/message/router.go:645 +0x2b4
github.com/ThreeDotsLabs/watermill/message.(*Router).RunHandlers.func1()
	/Users/jace/go/pkg/mod/github.com/!three!dots!labs/watermill@v1.4.6/message/router.go:460 +0x145
created by github.com/ThreeDotsLabs/watermill/message.(*Router).RunHandlers in goroutine 557
	/Users/jace/go/pkg/mod/github.com/!three!dots!labs/watermill@v1.4.6/message/router.go:453 +0x606

goroutine 526 [select, 4 minutes]:
github.com/nats-io/nats.go/jetstream.(*pullConsumer).Messages.func2()
	/Users/jace/go/pkg/mod/github.com/nats-io/nats.go@v1.41.1/jetstream/pull.go:538 +0x68
created by github.com/nats-io/nats.go/jetstream.(*pullConsumer).Messages in goroutine 557
	/Users/jace/go/pkg/mod/github.com/nats-io/nats.go@v1.41.1/jetstream/pull.go:536 +0x78a

goroutine 527 [select, 4 minutes]:
github.com/nats-io/nats.go/jetstream.(*pullSubscription).Next(0xc00060e900)
	/Users/jace/go/pkg/mod/github.com/nats-io/nats.go@v1.41.1/jetstream/pull.go:589 +0x285
github.com/Black-And-White-Club/frolf-bot-shared/eventbus.(*eventBus).Subscribe.func1()
	/Users/jace/Documents/GitHub/frolf-bot-shared/eventbus/eventbus.go:326 +0x169
created by github.com/Black-And-White-Club/frolf-bot-shared/eventbus.(*eventBus).Subscribe in goroutine 557
	/Users/jace/Documents/GitHub/frolf-bot-shared/eventbus/eventbus.go:315 +0xbf1

goroutine 528 [chan receive, 4 minutes]:
github.com/ThreeDotsLabs/watermill/message.(*messageTransformSubscriberDecorator).Subscribe.func1()
	/Users/jace/go/pkg/mod/github.com/!three!dots!labs/watermill@v1.4.6/message/decorator.go:52 +0x85
created by github.com/ThreeDotsLabs/watermill/message.(*messageTransformSubscriberDecorator).Subscribe in goroutine 557
	/Users/jace/go/pkg/mod/github.com/!three!dots!labs/watermill@v1.4.6/message/decorator.go:51 +0xc7

goroutine 529 [chan receive, 4 minutes]:
github.com/ThreeDotsLabs/watermill/message.(*handler).run(0xc000706c30, {0x10a337fa0, 0xc0000c4f00}, {0xc0007cc0c0, 0x6, 0x4?})
	/Users/jace/go/pkg/mod/github.com/!three!dots!labs/watermill@v1.4.6/message/router.go:645 +0x2b4
github.com/ThreeDotsLabs/watermill/message.(*Router).RunHandlers.func1()
	/Users/jace/go/pkg/mod/github.com/!three!dots!labs/watermill@v1.4.6/message/router.go:460 +0x145
created by github.com/ThreeDotsLabs/watermill/message.(*Router).RunHandlers in goroutine 557
	/Users/jace/go/pkg/mod/github.com/!three!dots!labs/watermill@v1.4.6/message/router.go:453 +0x606

goroutine 3139 [chan receive, 4 minutes]:
github.com/ThreeDotsLabs/watermill/message.(*messageTransformSubscriberDecorator).Subscribe.func1()
	/Users/jace/go/pkg/mod/github.com/!three!dots!labs/watermill@v1.4.6/message/decorator.go:52 +0x85
created by github.com/ThreeDotsLabs/watermill/message.(*messageTransformSubscriberDecorator).Subscribe in goroutine 2815
	/Users/jace/go/pkg/mod/github.com/!three!dots!labs/watermill@v1.4.6/message/decorator.go:51 +0xc7

goroutine 1651 [select, 4 minutes]:
github.com/nats-io/nats.go/jetstream.(*pullSubscription).Next(0xc0004b81b0)
	/Users/jace/go/pkg/mod/github.com/nats-io/nats.go@v1.41.1/jetstream/pull.go:589 +0x285
github.com/Black-And-White-Club/frolf-bot-shared/eventbus.(*eventBus).Subscribe.func1()
	/Users/jace/Documents/GitHub/frolf-bot-shared/eventbus/eventbus.go:326 +0x169
created by github.com/Black-And-White-Club/frolf-bot-shared/eventbus.(*eventBus).Subscribe in goroutine 1605
	/Users/jace/Documents/GitHub/frolf-bot-shared/eventbus/eventbus.go:315 +0xbf1

goroutine 1729 [select, 4 minutes]:
github.com/nats-io/nats.go/jetstream.(*pullSubscription).Next(0xc00083cfc0)
	/Users/jace/go/pkg/mod/github.com/nats-io/nats.go@v1.41.1/jetstream/pull.go:589 +0x285
github.com/Black-And-White-Club/frolf-bot-shared/eventbus.(*eventBus).Subscribe.func1()
	/Users/jace/Documents/GitHub/frolf-bot-shared/eventbus/eventbus.go:326 +0x169
created by github.com/Black-And-White-Club/frolf-bot-shared/eventbus.(*eventBus).Subscribe in goroutine 1605
	/Users/jace/Documents/GitHub/frolf-bot-shared/eventbus/eventbus.go:315 +0xbf1

goroutine 2040 [chan receive, 4 minutes]:
github.com/ThreeDotsLabs/watermill/message.(*handler).run(0xc0006295f0, {0x10a337fa0, 0xc000813e50}, {0xc0003ee300, 0x6, 0x0?})
	/Users/jace/go/pkg/mod/github.com/!three!dots!labs/watermill@v1.4.6/message/router.go:645 +0x2b4
github.com/ThreeDotsLabs/watermill/message.(*Router).RunHandlers.func1()
	/Users/jace/go/pkg/mod/github.com/!three!dots!labs/watermill@v1.4.6/message/router.go:460 +0x145
created by github.com/ThreeDotsLabs/watermill/message.(*Router).RunHandlers in goroutine 1605
	/Users/jace/go/pkg/mod/github.com/!three!dots!labs/watermill@v1.4.6/message/router.go:453 +0x606

goroutine 1812 [select, 4 minutes]:
github.com/nats-io/nats.go/jetstream.(*pullSubscription).Next(0xc0007b2f30)
	/Users/jace/go/pkg/mod/github.com/nats-io/nats.go@v1.41.1/jetstream/pull.go:589 +0x285
github.com/Black-And-White-Club/frolf-bot-shared/eventbus.(*eventBus).Subscribe.func1()
	/Users/jace/Documents/GitHub/frolf-bot-shared/eventbus/eventbus.go:326 +0x169
created by github.com/Black-And-White-Club/frolf-bot-shared/eventbus.(*eventBus).Subscribe in goroutine 1605
	/Users/jace/Documents/GitHub/frolf-bot-shared/eventbus/eventbus.go:315 +0xbf1

goroutine 12723 [select, 3 minutes]:
github.com/nats-io/nats.go/jetstream.(*pullSubscription).pullMessages(0xc000ba3710, {0xc0008b2b40, 0x45})
	/Users/jace/go/pkg/mod/github.com/nats-io/nats.go@v1.41.1/jetstream/pull.go:955 +0x91
created by github.com/nats-io/nats.go/jetstream.(*pullConsumer).Messages in goroutine 12376
	/Users/jace/go/pkg/mod/github.com/nats-io/nats.go@v1.41.1/jetstream/pull.go:534 +0x748

goroutine 3121 [select, 4 minutes]:
github.com/nats-io/nats.go/jetstream.(*pullConsumer).Messages.func2()
	/Users/jace/go/pkg/mod/github.com/nats-io/nats.go@v1.41.1/jetstream/pull.go:538 +0x68
created by github.com/nats-io/nats.go/jetstream.(*pullConsumer).Messages in goroutine 3776
	/Users/jace/go/pkg/mod/github.com/nats-io/nats.go@v1.41.1/jetstream/pull.go:536 +0x78a

goroutine 1895 [chan receive, 4 minutes]:
github.com/ThreeDotsLabs/watermill/message.(*messageTransformSubscriberDecorator).Subscribe.func1()
	/Users/jace/go/pkg/mod/github.com/!three!dots!labs/watermill@v1.4.6/message/decorator.go:52 +0x85
created by github.com/ThreeDotsLabs/watermill/message.(*messageTransformSubscriberDecorator).Subscribe in goroutine 1605
	/Users/jace/go/pkg/mod/github.com/!three!dots!labs/watermill@v1.4.6/message/decorator.go:51 +0xc7

goroutine 3715 [sync.Cond.Wait, 4 minutes]:
sync.runtime_notifyListWait(0xc00068bb50, 0x0)
	/usr/local/Cellar/go/1.24.2/libexec/src/runtime/sema.go:597 +0x159
sync.(*Cond).Wait(0xc000a6eee0?)
	/usr/local/Cellar/go/1.24.2/libexec/src/sync/cond.go:71 +0x85
github.com/nats-io/nats%2ego.(*asyncCallbacksHandler).asyncCBDispatcher(0xc000c1fc20)
	/Users/jace/go/pkg/mod/github.com/nats-io/nats.go@v1.41.1/nats.go:3059 +0xdd
created by github.com/nats-io/nats%2ego.Options.Connect in goroutine 3041
	/Users/jace/go/pkg/mod/github.com/nats-io/nats.go@v1.41.1/nats.go:1635 +0x387

goroutine 822 [chan receive, 4 minutes]:
github.com/ThreeDotsLabs/watermill/message.(*handler).run(0xc000706d00, {0x10a337fa0, 0xc000a127d0}, {0xc0004d60c0, 0x6, 0xc00069d7b0?})
	/Users/jace/go/pkg/mod/github.com/!three!dots!labs/watermill@v1.4.6/message/router.go:645 +0x2b4
github.com/ThreeDotsLabs/watermill/message.(*Router).RunHandlers.func1()
	/Users/jace/go/pkg/mod/github.com/!three!dots!labs/watermill@v1.4.6/message/router.go:460 +0x145
created by github.com/ThreeDotsLabs/watermill/message.(*Router).RunHandlers in goroutine 557
	/Users/jace/go/pkg/mod/github.com/!three!dots!labs/watermill@v1.4.6/message/router.go:453 +0x606

goroutine 810 [select, 4 minutes]:
github.com/nats-io/nats.go/jetstream.(*pullSubscription).pullMessages(0xc0007f2000, {0xc0007d6190, 0x4b})
	/Users/jace/go/pkg/mod/github.com/nats-io/nats.go@v1.41.1/jetstream/pull.go:955 +0x91
created by github.com/nats-io/nats.go/jetstream.(*pullConsumer).Messages in goroutine 557
	/Users/jace/go/pkg/mod/github.com/nats-io/nats.go@v1.41.1/jetstream/pull.go:534 +0x748

goroutine 811 [select, 4 minutes]:
github.com/nats-io/nats.go/jetstream.(*pullConsumer).Messages.func2()
	/Users/jace/go/pkg/mod/github.com/nats-io/nats.go@v1.41.1/jetstream/pull.go:538 +0x68
created by github.com/nats-io/nats.go/jetstream.(*pullConsumer).Messages in goroutine 557
	/Users/jace/go/pkg/mod/github.com/nats-io/nats.go@v1.41.1/jetstream/pull.go:536 +0x78a

goroutine 3090 [select, 4 minutes]:
github.com/nats-io/nats.go/jetstream.(*pullSubscription).Next(0xc000a826c0)
	/Users/jace/go/pkg/mod/github.com/nats-io/nats.go@v1.41.1/jetstream/pull.go:589 +0x285
github.com/Black-And-White-Club/frolf-bot-shared/eventbus.(*eventBus).Subscribe.func1()
	/Users/jace/Documents/GitHub/frolf-bot-shared/eventbus/eventbus.go:326 +0x169
created by github.com/Black-And-White-Club/frolf-bot-shared/eventbus.(*eventBus).Subscribe in goroutine 2815
	/Users/jace/Documents/GitHub/frolf-bot-shared/eventbus/eventbus.go:315 +0xbf1

goroutine 10184 [select, 3 minutes]:
github.com/nats-io/nats.go/jetstream.(*pullSubscription).Next(0xc0007c5200)
	/Users/jace/go/pkg/mod/github.com/nats-io/nats.go@v1.41.1/jetstream/pull.go:589 +0x285
github.com/Black-And-White-Club/frolf-bot-shared/eventbus.(*eventBus).Subscribe.func1()
	/Users/jace/Documents/GitHub/frolf-bot-shared/eventbus/eventbus.go:326 +0x169
created by github.com/Black-And-White-Club/frolf-bot-shared/eventbus.(*eventBus).Subscribe in goroutine 10144
	/Users/jace/Documents/GitHub/frolf-bot-shared/eventbus/eventbus.go:315 +0xbf1

goroutine 2037 [select, 4 minutes]:
github.com/nats-io/nats.go/jetstream.(*pullConsumer).Messages.func2()
	/Users/jace/go/pkg/mod/github.com/nats-io/nats.go@v1.41.1/jetstream/pull.go:538 +0x68
created by github.com/nats-io/nats.go/jetstream.(*pullConsumer).Messages in goroutine 1605
	/Users/jace/go/pkg/mod/github.com/nats-io/nats.go@v1.41.1/jetstream/pull.go:536 +0x78a

goroutine 1813 [chan receive, 4 minutes]:
github.com/ThreeDotsLabs/watermill/message.(*messageTransformSubscriberDecorator).Subscribe.func1()
	/Users/jace/go/pkg/mod/github.com/!three!dots!labs/watermill@v1.4.6/message/decorator.go:52 +0x85
created by github.com/ThreeDotsLabs/watermill/message.(*messageTransformSubscriberDecorator).Subscribe in goroutine 1605
	/Users/jace/go/pkg/mod/github.com/!three!dots!labs/watermill@v1.4.6/message/decorator.go:51 +0xc7

goroutine 2156 [sync.WaitGroup.Wait, 4 minutes]:
sync.runtime_SemacquireWaitGroup(0x10acf3150?)
	/usr/local/Cellar/go/1.24.2/libexec/src/runtime/sema.go:110 +0x25
sync.(*WaitGroup).Wait(0xc00056f730?)
	/usr/local/Cellar/go/1.24.2/libexec/src/sync/waitgroup.go:118 +0x48
github.com/ThreeDotsLabs/watermill/pubsub/sync.WaitGroupTimeout.func1()
	/Users/jace/go/pkg/mod/github.com/!three!dots!labs/watermill@v1.4.6/pubsub/sync/waitgroup.go:13 +0x25
created by github.com/ThreeDotsLabs/watermill/pubsub/sync.WaitGroupTimeout in goroutine 958
	/Users/jace/go/pkg/mod/github.com/!three!dots!labs/watermill@v1.4.6/pubsub/sync/waitgroup.go:12 +0x85

goroutine 2081 [chan receive, 4 minutes]:
github.com/ThreeDotsLabs/watermill/message.(*handler).run(0xc000629860, {0x10a337fa0, 0xc0003678b0}, {0xc0007943c0, 0x6, 0xc0008c4f78?})
	/Users/jace/go/pkg/mod/github.com/!three!dots!labs/watermill@v1.4.6/message/router.go:645 +0x2b4
github.com/ThreeDotsLabs/watermill/message.(*Router).RunHandlers.func1()
	/Users/jace/go/pkg/mod/github.com/!three!dots!labs/watermill@v1.4.6/message/router.go:460 +0x145
created by github.com/ThreeDotsLabs/watermill/message.(*Router).RunHandlers in goroutine 1605
	/Users/jace/go/pkg/mod/github.com/!three!dots!labs/watermill@v1.4.6/message/router.go:453 +0x606

goroutine 10111 [select, 3 minutes]:
github.com/nats-io/nats.go/jetstream.(*pullConsumer).Messages.func2()
	/Users/jace/go/pkg/mod/github.com/nats-io/nats.go@v1.41.1/jetstream/pull.go:538 +0x68
created by github.com/nats-io/nats.go/jetstream.(*pullConsumer).Messages in goroutine 10144
	/Users/jace/go/pkg/mod/github.com/nats-io/nats.go@v1.41.1/jetstream/pull.go:536 +0x78a

goroutine 4068 [select, 4 minutes]:
github.com/nats-io/nats.go/jetstream.(*pullSubscription).Next(0xc000879cb0)
	/Users/jace/go/pkg/mod/github.com/nats-io/nats.go@v1.41.1/jetstream/pull.go:589 +0x285
github.com/Black-And-White-Club/frolf-bot-shared/eventbus.(*eventBus).Subscribe.func1()
	/Users/jace/Documents/GitHub/frolf-bot-shared/eventbus/eventbus.go:326 +0x169
created by github.com/Black-And-White-Club/frolf-bot-shared/eventbus.(*eventBus).Subscribe in goroutine 3776
	/Users/jace/Documents/GitHub/frolf-bot-shared/eventbus/eventbus.go:315 +0xbf1

goroutine 2097 [select, 4 minutes]:
github.com/nats-io/nats.go/jetstream.(*pullSubscription).pullMessages(0xc000479830, {0xc0008b2280, 0x45})
	/Users/jace/go/pkg/mod/github.com/nats-io/nats.go@v1.41.1/jetstream/pull.go:955 +0x91
created by github.com/nats-io/nats.go/jetstream.(*pullConsumer).Messages in goroutine 1605
	/Users/jace/go/pkg/mod/github.com/nats-io/nats.go@v1.41.1/jetstream/pull.go:534 +0x748

goroutine 663 [select, 4 minutes]:
github.com/nats-io/nats.go/jetstream.(*pullSubscription).pullMessages(0xc000479dd0, {0xc00017e460, 0x50})
	/Users/jace/go/pkg/mod/github.com/nats-io/nats.go@v1.41.1/jetstream/pull.go:955 +0x91
created by github.com/nats-io/nats.go/jetstream.(*pullConsumer).Messages in goroutine 557
	/Users/jace/go/pkg/mod/github.com/nats-io/nats.go@v1.41.1/jetstream/pull.go:534 +0x748

goroutine 2132 [chan receive, 4 minutes]:
github.com/ThreeDotsLabs/watermill/message.(*messageTransformSubscriberDecorator).Subscribe.func1()
	/Users/jace/go/pkg/mod/github.com/!three!dots!labs/watermill@v1.4.6/message/decorator.go:52 +0x85
created by github.com/ThreeDotsLabs/watermill/message.(*messageTransformSubscriberDecorator).Subscribe in goroutine 1605
	/Users/jace/go/pkg/mod/github.com/!three!dots!labs/watermill@v1.4.6/message/decorator.go:51 +0xc7

goroutine 2039 [chan receive, 4 minutes]:
github.com/ThreeDotsLabs/watermill/message.(*messageTransformSubscriberDecorator).Subscribe.func1()
	/Users/jace/go/pkg/mod/github.com/!three!dots!labs/watermill@v1.4.6/message/decorator.go:52 +0x85
created by github.com/ThreeDotsLabs/watermill/message.(*messageTransformSubscriberDecorator).Subscribe in goroutine 1605
	/Users/jace/go/pkg/mod/github.com/!three!dots!labs/watermill@v1.4.6/message/decorator.go:51 +0xc7

goroutine 883 [select, 4 minutes]:
github.com/nats-io/nats.go/jetstream.(*pullConsumer).Messages.func2()
	/Users/jace/go/pkg/mod/github.com/nats-io/nats.go@v1.41.1/jetstream/pull.go:538 +0x68
created by github.com/nats-io/nats.go/jetstream.(*pullConsumer).Messages in goroutine 557
	/Users/jace/go/pkg/mod/github.com/nats-io/nats.go@v1.41.1/jetstream/pull.go:536 +0x78a

goroutine 884 [select, 4 minutes]:
github.com/nats-io/nats.go/jetstream.(*pullSubscription).Next(0xc00091e360)
	/Users/jace/go/pkg/mod/github.com/nats-io/nats.go@v1.41.1/jetstream/pull.go:589 +0x285
github.com/Black-And-White-Club/frolf-bot-shared/eventbus.(*eventBus).Subscribe.func1()
	/Users/jace/Documents/GitHub/frolf-bot-shared/eventbus/eventbus.go:326 +0x169
created by github.com/Black-And-White-Club/frolf-bot-shared/eventbus.(*eventBus).Subscribe in goroutine 557
	/Users/jace/Documents/GitHub/frolf-bot-shared/eventbus/eventbus.go:315 +0xbf1

goroutine 885 [chan receive, 4 minutes]:
github.com/ThreeDotsLabs/watermill/message.(*messageTransformSubscriberDecorator).Subscribe.func1()
	/Users/jace/go/pkg/mod/github.com/!three!dots!labs/watermill@v1.4.6/message/decorator.go:52 +0x85
created by github.com/ThreeDotsLabs/watermill/message.(*messageTransformSubscriberDecorator).Subscribe in goroutine 557
	/Users/jace/go/pkg/mod/github.com/!three!dots!labs/watermill@v1.4.6/message/decorator.go:51 +0xc7

goroutine 886 [chan receive, 4 minutes]:
github.com/ThreeDotsLabs/watermill/message.(*handler).run(0xc000706270, {0x10a337fa0, 0xc0000eaf00}, {0xc000550480, 0x6, 0x0?})
	/Users/jace/go/pkg/mod/github.com/!three!dots!labs/watermill@v1.4.6/message/router.go:645 +0x2b4
github.com/ThreeDotsLabs/watermill/message.(*Router).RunHandlers.func1()
	/Users/jace/go/pkg/mod/github.com/!three!dots!labs/watermill@v1.4.6/message/router.go:460 +0x145
created by github.com/ThreeDotsLabs/watermill/message.(*Router).RunHandlers in goroutine 557
	/Users/jace/go/pkg/mod/github.com/!three!dots!labs/watermill@v1.4.6/message/router.go:453 +0x606

goroutine 1814 [chan receive, 4 minutes]:
github.com/ThreeDotsLabs/watermill/message.(*handler).run(0xc000629380, {0x10a337fa0, 0xc0007af220}, {0xc00085e000, 0x6, 0x0?})
	/Users/jace/go/pkg/mod/github.com/!three!dots!labs/watermill@v1.4.6/message/router.go:645 +0x2b4
github.com/ThreeDotsLabs/watermill/message.(*Router).RunHandlers.func1()
	/Users/jace/go/pkg/mod/github.com/!three!dots!labs/watermill@v1.4.6/message/router.go:460 +0x145
created by github.com/ThreeDotsLabs/watermill/message.(*Router).RunHandlers in goroutine 1605
	/Users/jace/go/pkg/mod/github.com/!three!dots!labs/watermill@v1.4.6/message/router.go:453 +0x606

goroutine 2038 [select, 4 minutes]:
github.com/nats-io/nats.go/jetstream.(*pullSubscription).Next(0xc0007c4f30)
	/Users/jace/go/pkg/mod/github.com/nats-io/nats.go@v1.41.1/jetstream/pull.go:589 +0x285
github.com/Black-And-White-Club/frolf-bot-shared/eventbus.(*eventBus).Subscribe.func1()
	/Users/jace/Documents/GitHub/frolf-bot-shared/eventbus/eventbus.go:326 +0x169
created by github.com/Black-And-White-Club/frolf-bot-shared/eventbus.(*eventBus).Subscribe in goroutine 1605
	/Users/jace/Documents/GitHub/frolf-bot-shared/eventbus/eventbus.go:315 +0xbf1

goroutine 4692 [sync.Cond.Wait, 4 minutes]:
sync.runtime_notifyListWait(0xc00033a8d0, 0x0)
	/usr/local/Cellar/go/1.24.2/libexec/src/runtime/sema.go:597 +0x159
sync.(*Cond).Wait(0xc0003075c8?)
	/usr/local/Cellar/go/1.24.2/libexec/src/sync/cond.go:71 +0x85
github.com/nats-io/nats%2ego.(*asyncCallbacksHandler).asyncCBDispatcher(0xc00012c700)
	/Users/jace/go/pkg/mod/github.com/nats-io/nats.go@v1.41.1/nats.go:3059 +0xdd
created by github.com/nats-io/nats%2ego.Options.Connect in goroutine 4210
	/Users/jace/go/pkg/mod/github.com/nats-io/nats.go@v1.41.1/nats.go:1635 +0x387

goroutine 2036 [select, 4 minutes]:
github.com/nats-io/nats.go/jetstream.(*pullSubscription).pullMessages(0xc0007c4f30, {0xc0007d62d0, 0x45})
	/Users/jace/go/pkg/mod/github.com/nats-io/nats.go@v1.41.1/jetstream/pull.go:955 +0x91
created by github.com/nats-io/nats.go/jetstream.(*pullConsumer).Messages in goroutine 1605
	/Users/jace/go/pkg/mod/github.com/nats-io/nats.go@v1.41.1/jetstream/pull.go:534 +0x748

goroutine 5222 [select, 4 minutes]:
github.com/nats-io/nats.go/jetstream.(*pullSubscription).Next(0xc00091f0e0)
	/Users/jace/go/pkg/mod/github.com/nats-io/nats.go@v1.41.1/jetstream/pull.go:589 +0x285
github.com/Black-And-White-Club/frolf-bot-shared/eventbus.(*eventBus).Subscribe.func1()
	/Users/jace/Documents/GitHub/frolf-bot-shared/eventbus/eventbus.go:326 +0x169
created by github.com/Black-And-White-Club/frolf-bot-shared/eventbus.(*eventBus).Subscribe in goroutine 4746
	/Users/jace/Documents/GitHub/frolf-bot-shared/eventbus/eventbus.go:315 +0xbf1

goroutine 667 [chan receive, 4 minutes]:
github.com/ThreeDotsLabs/watermill/message.(*handler).run(0xc0007064e0, {0x10a337fa0, 0xc0009949b0}, {0xc0003e40c0, 0x6, 0x0?})
	/Users/jace/go/pkg/mod/github.com/!three!dots!labs/watermill@v1.4.6/message/router.go:645 +0x2b4
github.com/ThreeDotsLabs/watermill/message.(*Router).RunHandlers.func1()
	/Users/jace/go/pkg/mod/github.com/!three!dots!labs/watermill@v1.4.6/message/router.go:460 +0x145
created by github.com/ThreeDotsLabs/watermill/message.(*Router).RunHandlers in goroutine 557
	/Users/jace/go/pkg/mod/github.com/!three!dots!labs/watermill@v1.4.6/message/router.go:453 +0x606

goroutine 664 [select, 4 minutes]:
github.com/nats-io/nats.go/jetstream.(*pullConsumer).Messages.func2()
	/Users/jace/go/pkg/mod/github.com/nats-io/nats.go@v1.41.1/jetstream/pull.go:538 +0x68
created by github.com/nats-io/nats.go/jetstream.(*pullConsumer).Messages in goroutine 557
	/Users/jace/go/pkg/mod/github.com/nats-io/nats.go@v1.41.1/jetstream/pull.go:536 +0x78a

goroutine 812 [select, 4 minutes]:
github.com/nats-io/nats.go/jetstream.(*pullSubscription).Next(0xc0007f2000)
	/Users/jace/go/pkg/mod/github.com/nats-io/nats.go@v1.41.1/jetstream/pull.go:589 +0x285
github.com/Black-And-White-Club/frolf-bot-shared/eventbus.(*eventBus).Subscribe.func1()
	/Users/jace/Documents/GitHub/frolf-bot-shared/eventbus/eventbus.go:326 +0x169
created by github.com/Black-And-White-Club/frolf-bot-shared/eventbus.(*eventBus).Subscribe in goroutine 557
	/Users/jace/Documents/GitHub/frolf-bot-shared/eventbus/eventbus.go:315 +0xbf1

goroutine 813 [chan receive, 4 minutes]:
github.com/ThreeDotsLabs/watermill/message.(*messageTransformSubscriberDecorator).Subscribe.func1()
	/Users/jace/go/pkg/mod/github.com/!three!dots!labs/watermill@v1.4.6/message/decorator.go:52 +0x85
created by github.com/ThreeDotsLabs/watermill/message.(*messageTransformSubscriberDecorator).Subscribe in goroutine 557
	/Users/jace/go/pkg/mod/github.com/!three!dots!labs/watermill@v1.4.6/message/decorator.go:51 +0xc7

goroutine 814 [chan receive, 4 minutes]:
github.com/ThreeDotsLabs/watermill/message.(*handler).run(0xc000706340, {0x10a337fa0, 0xc000914320}, {0xc0007cc180, 0x6, 0x0?})
	/Users/jace/go/pkg/mod/github.com/!three!dots!labs/watermill@v1.4.6/message/router.go:645 +0x2b4
github.com/ThreeDotsLabs/watermill/message.(*Router).RunHandlers.func1()
	/Users/jace/go/pkg/mod/github.com/!three!dots!labs/watermill@v1.4.6/message/router.go:460 +0x145
created by github.com/ThreeDotsLabs/watermill/message.(*Router).RunHandlers in goroutine 557
	/Users/jace/go/pkg/mod/github.com/!three!dots!labs/watermill@v1.4.6/message/router.go:453 +0x606

goroutine 4904 [chan receive, 4 minutes]:
github.com/ThreeDotsLabs/watermill/message.(*handler).run(0xc000d5d450, {0x10a337fa0, 0xc0005aea50}, {0xc0001fc540, 0x6, 0x0?})
	/Users/jace/go/pkg/mod/github.com/!three!dots!labs/watermill@v1.4.6/message/router.go:645 +0x2b4
github.com/ThreeDotsLabs/watermill/message.(*Router).RunHandlers.func1()
	/Users/jace/go/pkg/mod/github.com/!three!dots!labs/watermill@v1.4.6/message/router.go:460 +0x145
created by github.com/ThreeDotsLabs/watermill/message.(*Router).RunHandlers in goroutine 4746
	/Users/jace/go/pkg/mod/github.com/!three!dots!labs/watermill@v1.4.6/message/router.go:453 +0x606

goroutine 4910 [chan receive, 4 minutes]:
github.com/ThreeDotsLabs/watermill/message.(*handler).run(0xc000d5da00, {0x10a337fa0, 0xc000994780}, {0xc0001fc600, 0x6, 0x0?})
	/Users/jace/go/pkg/mod/github.com/!three!dots!labs/watermill@v1.4.6/message/router.go:645 +0x2b4
github.com/ThreeDotsLabs/watermill/message.(*Router).RunHandlers.func1()
	/Users/jace/go/pkg/mod/github.com/!three!dots!labs/watermill@v1.4.6/message/router.go:460 +0x145
created by github.com/ThreeDotsLabs/watermill/message.(*Router).RunHandlers in goroutine 4746
	/Users/jace/go/pkg/mod/github.com/!three!dots!labs/watermill@v1.4.6/message/router.go:453 +0x606

goroutine 4901 [select, 4 minutes]:
github.com/nats-io/nats.go/jetstream.(*pullConsumer).Messages.func2()
	/Users/jace/go/pkg/mod/github.com/nats-io/nats.go@v1.41.1/jetstream/pull.go:538 +0x68
created by github.com/nats-io/nats.go/jetstream.(*pullConsumer).Messages in goroutine 4746
	/Users/jace/go/pkg/mod/github.com/nats-io/nats.go@v1.41.1/jetstream/pull.go:536 +0x78a

goroutine 901 [select, 4 minutes]:
github.com/nats-io/nats.go/jetstream.(*pullSubscription).pullMessages(0xc0004798c0, {0xc000145e60, 0x55})
	/Users/jace/go/pkg/mod/github.com/nats-io/nats.go@v1.41.1/jetstream/pull.go:955 +0x91
created by github.com/nats-io/nats.go/jetstream.(*pullConsumer).Messages in goroutine 557
	/Users/jace/go/pkg/mod/github.com/nats-io/nats.go@v1.41.1/jetstream/pull.go:534 +0x748

goroutine 902 [select, 4 minutes]:
github.com/nats-io/nats.go/jetstream.(*pullConsumer).Messages.func2()
	/Users/jace/go/pkg/mod/github.com/nats-io/nats.go@v1.41.1/jetstream/pull.go:538 +0x68
created by github.com/nats-io/nats.go/jetstream.(*pullConsumer).Messages in goroutine 557
	/Users/jace/go/pkg/mod/github.com/nats-io/nats.go@v1.41.1/jetstream/pull.go:536 +0x78a

goroutine 903 [select, 4 minutes]:
github.com/nats-io/nats.go/jetstream.(*pullSubscription).Next(0xc0004798c0)
	/Users/jace/go/pkg/mod/github.com/nats-io/nats.go@v1.41.1/jetstream/pull.go:589 +0x285
github.com/Black-And-White-Club/frolf-bot-shared/eventbus.(*eventBus).Subscribe.func1()
	/Users/jace/Documents/GitHub/frolf-bot-shared/eventbus/eventbus.go:326 +0x169
created by github.com/Black-And-White-Club/frolf-bot-shared/eventbus.(*eventBus).Subscribe in goroutine 557
	/Users/jace/Documents/GitHub/frolf-bot-shared/eventbus/eventbus.go:315 +0xbf1

goroutine 904 [chan receive, 4 minutes]:
github.com/ThreeDotsLabs/watermill/message.(*messageTransformSubscriberDecorator).Subscribe.func1()
	/Users/jace/go/pkg/mod/github.com/!three!dots!labs/watermill@v1.4.6/message/decorator.go:52 +0x85
created by github.com/ThreeDotsLabs/watermill/message.(*messageTransformSubscriberDecorator).Subscribe in goroutine 557
	/Users/jace/go/pkg/mod/github.com/!three!dots!labs/watermill@v1.4.6/message/decorator.go:51 +0xc7

goroutine 905 [chan receive, 4 minutes]:
github.com/ThreeDotsLabs/watermill/message.(*handler).run(0xc000706410, {0x10a337fa0, 0xc0007afc70}, {0xc00075e000, 0x6, 0x0?})
	/Users/jace/go/pkg/mod/github.com/!three!dots!labs/watermill@v1.4.6/message/router.go:645 +0x2b4
github.com/ThreeDotsLabs/watermill/message.(*Router).RunHandlers.func1()
	/Users/jace/go/pkg/mod/github.com/!three!dots!labs/watermill@v1.4.6/message/router.go:460 +0x145
created by github.com/ThreeDotsLabs/watermill/message.(*Router).RunHandlers in goroutine 557
	/Users/jace/go/pkg/mod/github.com/!three!dots!labs/watermill@v1.4.6/message/router.go:453 +0x606

goroutine 2138 [select, 4 minutes]:
github.com/nats-io/nats.go/jetstream.(*pullSubscription).pullMessages(0xc00038c750, {0xc0004d8000, 0x52})
	/Users/jace/go/pkg/mod/github.com/nats-io/nats.go@v1.41.1/jetstream/pull.go:955 +0x91
created by github.com/nats-io/nats.go/jetstream.(*pullConsumer).Messages in goroutine 4746
	/Users/jace/go/pkg/mod/github.com/nats-io/nats.go@v1.41.1/jetstream/pull.go:534 +0x748

goroutine 1893 [select, 4 minutes]:
github.com/nats-io/nats.go/jetstream.(*pullConsumer).Messages.func2()
	/Users/jace/go/pkg/mod/github.com/nats-io/nats.go@v1.41.1/jetstream/pull.go:538 +0x68
created by github.com/nats-io/nats.go/jetstream.(*pullConsumer).Messages in goroutine 1605
	/Users/jace/go/pkg/mod/github.com/nats-io/nats.go@v1.41.1/jetstream/pull.go:536 +0x78a

goroutine 1892 [select, 4 minutes]:
github.com/nats-io/nats.go/jetstream.(*pullSubscription).pullMessages(0xc00038d5f0, {0xc0005e8320, 0x4b})
	/Users/jace/go/pkg/mod/github.com/nats-io/nats.go@v1.41.1/jetstream/pull.go:955 +0x91
created by github.com/nats-io/nats.go/jetstream.(*pullConsumer).Messages in goroutine 1605
	/Users/jace/go/pkg/mod/github.com/nats-io/nats.go@v1.41.1/jetstream/pull.go:534 +0x748

goroutine 1876 [chan receive, 4 minutes]:
github.com/ThreeDotsLabs/watermill/message.(*handler).run(0xc000628a90, {0x10a337fa0, 0xc000915db0}, {0xc00088a000, 0x6, 0x0?})
	/Users/jace/go/pkg/mod/github.com/!three!dots!labs/watermill@v1.4.6/message/router.go:645 +0x2b4
github.com/ThreeDotsLabs/watermill/message.(*Router).RunHandlers.func1()
	/Users/jace/go/pkg/mod/github.com/!three!dots!labs/watermill@v1.4.6/message/router.go:460 +0x145
created by github.com/ThreeDotsLabs/watermill/message.(*Router).RunHandlers in goroutine 1605
	/Users/jace/go/pkg/mod/github.com/!three!dots!labs/watermill@v1.4.6/message/router.go:453 +0x606

goroutine 2170 [select]:
github.com/nats-io/nats%2ego.(*Conn).doReconnect(0xc00002e008, {0x10a327f28, 0x10acedb30}, 0x0)
	/Users/jace/go/pkg/mod/github.com/nats-io/nats.go@v1.41.1/nats.go:2907 +0x41a
created by github.com/nats-io/nats%2ego.(*Conn).processOpErr in goroutine 1530
	/Users/jace/go/pkg/mod/github.com/nats-io/nats.go@v1.41.1/nats.go:3043 +0x2f3

goroutine 4069 [chan receive, 4 minutes]:
github.com/ThreeDotsLabs/watermill/message.(*messageTransformSubscriberDecorator).Subscribe.func1()
	/Users/jace/go/pkg/mod/github.com/!three!dots!labs/watermill@v1.4.6/message/decorator.go:52 +0x85
created by github.com/ThreeDotsLabs/watermill/message.(*messageTransformSubscriberDecorator).Subscribe in goroutine 3776
	/Users/jace/go/pkg/mod/github.com/!three!dots!labs/watermill@v1.4.6/message/decorator.go:51 +0xc7

goroutine 2886 [chan receive, 4 minutes]:
github.com/ThreeDotsLabs/watermill/message.(*handler).run(0xc0007d3ba0, {0x10a337fa0, 0xc0009945a0}, {0xc000156180, 0x6, 0xc00085c238?})
	/Users/jace/go/pkg/mod/github.com/!three!dots!labs/watermill@v1.4.6/message/router.go:645 +0x2b4
github.com/ThreeDotsLabs/watermill/message.(*Router).RunHandlers.func1()
	/Users/jace/go/pkg/mod/github.com/!three!dots!labs/watermill@v1.4.6/message/router.go:460 +0x145
created by github.com/ThreeDotsLabs/watermill/message.(*Router).RunHandlers in goroutine 2815
	/Users/jace/go/pkg/mod/github.com/!three!dots!labs/watermill@v1.4.6/message/router.go:453 +0x606

goroutine 3840 [chan receive, 4 minutes]:
github.com/ThreeDotsLabs/watermill/message.(*messageTransformSubscriberDecorator).Subscribe.func1()
	/Users/jace/go/pkg/mod/github.com/!three!dots!labs/watermill@v1.4.6/message/decorator.go:52 +0x85
created by github.com/ThreeDotsLabs/watermill/message.(*messageTransformSubscriberDecorator).Subscribe in goroutine 3776
	/Users/jace/go/pkg/mod/github.com/!three!dots!labs/watermill@v1.4.6/message/decorator.go:51 +0xc7

goroutine 39124 [select, 1 minutes]:
github.com/nats-io/nats.go/jetstream.(*pullConsumer).Messages.func2()
	/Users/jace/go/pkg/mod/github.com/nats-io/nats.go@v1.41.1/jetstream/pull.go:538 +0x68
created by github.com/nats-io/nats.go/jetstream.(*pullConsumer).Messages in goroutine 38959
	/Users/jace/go/pkg/mod/github.com/nats-io/nats.go@v1.41.1/jetstream/pull.go:536 +0x78a

goroutine 4110 [select, 4 minutes]:
github.com/nats-io/nats.go/jetstream.(*pullSubscription).pullMessages(0xc000676fc0, {0xc0002545f0, 0x4f})
	/Users/jace/go/pkg/mod/github.com/nats-io/nats.go@v1.41.1/jetstream/pull.go:955 +0x91
created by github.com/nats-io/nats.go/jetstream.(*pullConsumer).Messages in goroutine 3776
	/Users/jace/go/pkg/mod/github.com/nats-io/nats.go@v1.41.1/jetstream/pull.go:534 +0x748

goroutine 1562 [sync.WaitGroup.Wait, 4 minutes]:
sync.runtime_SemacquireWaitGroup(0x1091256d2?)
	/usr/local/Cellar/go/1.24.2/libexec/src/runtime/sema.go:110 +0x25
sync.(*WaitGroup).Wait(0x10939027c?)
	/usr/local/Cellar/go/1.24.2/libexec/src/sync/waitgroup.go:118 +0x48
github.com/ThreeDotsLabs/watermill/message.(*Router).watchAllHandlersStopped.func1()
	/Users/jace/go/pkg/mod/github.com/!three!dots!labs/watermill@v1.4.6/message/router.go:498 +0x86
created by github.com/ThreeDotsLabs/watermill/message.(*Router).watchAllHandlersStopped in goroutine 1605
	/Users/jace/go/pkg/mod/github.com/!three!dots!labs/watermill@v1.4.6/message/router.go:484 +0xec

goroutine 4117 [select, 4 minutes]:
github.com/nats-io/nats.go/jetstream.(*pullConsumer).Messages.func2()
	/Users/jace/go/pkg/mod/github.com/nats-io/nats.go@v1.41.1/jetstream/pull.go:538 +0x68
created by github.com/nats-io/nats.go/jetstream.(*pullConsumer).Messages in goroutine 3776
	/Users/jace/go/pkg/mod/github.com/nats-io/nats.go@v1.41.1/jetstream/pull.go:536 +0x78a

goroutine 2747 [select, 4 minutes]:
github.com/nats-io/nats.go/jetstream.(*pullSubscription).pullMessages(0xc000708f30, {0xc0005fc300, 0x3f})
	/Users/jace/go/pkg/mod/github.com/nats-io/nats.go@v1.41.1/jetstream/pull.go:955 +0x91
created by github.com/nats-io/nats.go/jetstream.(*pullConsumer).Messages in goroutine 2815
	/Users/jace/go/pkg/mod/github.com/nats-io/nats.go@v1.41.1/jetstream/pull.go:534 +0x748

goroutine 1984 [chan receive, 4 minutes]:
github.com/ThreeDotsLabs/watermill/message.(*handler).run(0xc000629450, {0x10a337fa0, 0xc0000c4280}, {0xc000784240, 0x6, 0x2c303a2273657261?})
	/Users/jace/go/pkg/mod/github.com/!three!dots!labs/watermill@v1.4.6/message/router.go:645 +0x2b4
github.com/ThreeDotsLabs/watermill/message.(*Router).RunHandlers.func1()
	/Users/jace/go/pkg/mod/github.com/!three!dots!labs/watermill@v1.4.6/message/router.go:460 +0x145
created by github.com/ThreeDotsLabs/watermill/message.(*Router).RunHandlers in goroutine 1605
	/Users/jace/go/pkg/mod/github.com/!three!dots!labs/watermill@v1.4.6/message/router.go:453 +0x606

goroutine 4070 [chan receive, 4 minutes]:
github.com/ThreeDotsLabs/watermill/message.(*handler).run(0xc000d056c0, {0x10a337fa0, 0xc0007afa40}, {0xc00049c180, 0x6, 0x0?})
	/Users/jace/go/pkg/mod/github.com/!three!dots!labs/watermill@v1.4.6/message/router.go:645 +0x2b4
github.com/ThreeDotsLabs/watermill/message.(*Router).RunHandlers.func1()
	/Users/jace/go/pkg/mod/github.com/!three!dots!labs/watermill@v1.4.6/message/router.go:460 +0x145
created by github.com/ThreeDotsLabs/watermill/message.(*Router).RunHandlers in goroutine 3776
	/Users/jace/go/pkg/mod/github.com/!three!dots!labs/watermill@v1.4.6/message/router.go:453 +0x606

goroutine 2930 [chan receive, 4 minutes]:
github.com/ThreeDotsLabs/watermill/message.(*messageTransformSubscriberDecorator).Subscribe.func1()
	/Users/jace/go/pkg/mod/github.com/!three!dots!labs/watermill@v1.4.6/message/decorator.go:52 +0x85
created by github.com/ThreeDotsLabs/watermill/message.(*messageTransformSubscriberDecorator).Subscribe in goroutine 2815
	/Users/jace/go/pkg/mod/github.com/!three!dots!labs/watermill@v1.4.6/message/decorator.go:51 +0xc7

goroutine 2841 [chan receive, 4 minutes]:
github.com/ThreeDotsLabs/watermill/message.(*messageTransformSubscriberDecorator).Subscribe.func1()
	/Users/jace/go/pkg/mod/github.com/!three!dots!labs/watermill@v1.4.6/message/decorator.go:52 +0x85
created by github.com/ThreeDotsLabs/watermill/message.(*messageTransformSubscriberDecorator).Subscribe in goroutine 2815
	/Users/jace/go/pkg/mod/github.com/!three!dots!labs/watermill@v1.4.6/message/decorator.go:51 +0xc7

goroutine 2832 [select, 4 minutes]:
github.com/nats-io/nats.go/jetstream.(*pullConsumer).Messages.func2()
	/Users/jace/go/pkg/mod/github.com/nats-io/nats.go@v1.41.1/jetstream/pull.go:538 +0x68
created by github.com/nats-io/nats.go/jetstream.(*pullConsumer).Messages in goroutine 2815
	/Users/jace/go/pkg/mod/github.com/nats-io/nats.go@v1.41.1/jetstream/pull.go:536 +0x78a

goroutine 5021 [select, 4 minutes]:
github.com/nats-io/nats.go/jetstream.(*pullSubscription).pullMessages(0xc00060e750, {0xc0007d6550, 0x48})
	/Users/jace/go/pkg/mod/github.com/nats-io/nats.go@v1.41.1/jetstream/pull.go:955 +0x91
created by github.com/nats-io/nats.go/jetstream.(*pullConsumer).Messages in goroutine 4746
	/Users/jace/go/pkg/mod/github.com/nats-io/nats.go@v1.41.1/jetstream/pull.go:534 +0x748

goroutine 4111 [select, 4 minutes]:
github.com/nats-io/nats.go/jetstream.(*pullConsumer).Messages.func2()
	/Users/jace/go/pkg/mod/github.com/nats-io/nats.go@v1.41.1/jetstream/pull.go:538 +0x68
created by github.com/nats-io/nats.go/jetstream.(*pullConsumer).Messages in goroutine 3776
	/Users/jace/go/pkg/mod/github.com/nats-io/nats.go@v1.41.1/jetstream/pull.go:536 +0x78a

goroutine 2931 [chan receive, 4 minutes]:
github.com/ThreeDotsLabs/watermill/message.(*handler).run(0xc000a705b0, {0x10a337fa0, 0xc000a2c280}, {0xc0001fc600, 0x6, 0x10955daec?})
	/Users/jace/go/pkg/mod/github.com/!three!dots!labs/watermill@v1.4.6/message/router.go:645 +0x2b4
github.com/ThreeDotsLabs/watermill/message.(*Router).RunHandlers.func1()
	/Users/jace/go/pkg/mod/github.com/!three!dots!labs/watermill@v1.4.6/message/router.go:460 +0x145
created by github.com/ThreeDotsLabs/watermill/message.(*Router).RunHandlers in goroutine 2815
	/Users/jace/go/pkg/mod/github.com/!three!dots!labs/watermill@v1.4.6/message/router.go:453 +0x606

goroutine 2929 [select, 4 minutes]:
github.com/nats-io/nats.go/jetstream.(*pullConsumer).Messages.func2()
	/Users/jace/go/pkg/mod/github.com/nats-io/nats.go@v1.41.1/jetstream/pull.go:538 +0x68
created by github.com/nats-io/nats.go/jetstream.(*pullConsumer).Messages in goroutine 2815
	/Users/jace/go/pkg/mod/github.com/nats-io/nats.go@v1.41.1/jetstream/pull.go:536 +0x78a

goroutine 2820 [select, 4 minutes]:
github.com/nats-io/nats.go/jetstream.(*pullSubscription).pullMessages(0xc0007f2b40, {0xc00066e540, 0x3e})
	/Users/jace/go/pkg/mod/github.com/nats-io/nats.go@v1.41.1/jetstream/pull.go:955 +0x91
created by github.com/nats-io/nats.go/jetstream.(*pullConsumer).Messages in goroutine 2815
	/Users/jace/go/pkg/mod/github.com/nats-io/nats.go@v1.41.1/jetstream/pull.go:534 +0x748

goroutine 1664 [select]:
github.com/nats-io/nats%2ego.(*Conn).doReconnect(0xc000687c08, {0x10a327f28, 0x10acedb30}, 0x0)
	/Users/jace/go/pkg/mod/github.com/nats-io/nats.go@v1.41.1/nats.go:2907 +0x41a
created by github.com/nats-io/nats%2ego.(*Conn).processOpErr in goroutine 1559
	/Users/jace/go/pkg/mod/github.com/nats-io/nats.go@v1.41.1/nats.go:3043 +0x2f3

goroutine 3091 [chan receive, 4 minutes]:
github.com/ThreeDotsLabs/watermill/message.(*messageTransformSubscriberDecorator).Subscribe.func1()
	/Users/jace/go/pkg/mod/github.com/!three!dots!labs/watermill@v1.4.6/message/decorator.go:52 +0x85
created by github.com/ThreeDotsLabs/watermill/message.(*messageTransformSubscriberDecorator).Subscribe in goroutine 2815
	/Users/jace/go/pkg/mod/github.com/!three!dots!labs/watermill@v1.4.6/message/decorator.go:51 +0xc7

goroutine 2821 [select, 4 minutes]:
github.com/nats-io/nats.go/jetstream.(*pullConsumer).Messages.func2()
	/Users/jace/go/pkg/mod/github.com/nats-io/nats.go@v1.41.1/jetstream/pull.go:538 +0x68
created by github.com/nats-io/nats.go/jetstream.(*pullConsumer).Messages in goroutine 2815
	/Users/jace/go/pkg/mod/github.com/nats-io/nats.go@v1.41.1/jetstream/pull.go:536 +0x78a

goroutine 2831 [select, 4 minutes]:
github.com/nats-io/nats.go/jetstream.(*pullSubscription).pullMessages(0xc0007f35f0, {0xc0008b2140, 0x4e})
	/Users/jace/go/pkg/mod/github.com/nats-io/nats.go@v1.41.1/jetstream/pull.go:955 +0x91
created by github.com/nats-io/nats.go/jetstream.(*pullConsumer).Messages in goroutine 2815
	/Users/jace/go/pkg/mod/github.com/nats-io/nats.go@v1.41.1/jetstream/pull.go:534 +0x748

goroutine 3812 [select, 4 minutes]:
github.com/nats-io/nats.go/jetstream.(*pullConsumer).Messages.func2()
	/Users/jace/go/pkg/mod/github.com/nats-io/nats.go@v1.41.1/jetstream/pull.go:538 +0x68
created by github.com/nats-io/nats.go/jetstream.(*pullConsumer).Messages in goroutine 3776
	/Users/jace/go/pkg/mod/github.com/nats-io/nats.go@v1.41.1/jetstream/pull.go:536 +0x78a

goroutine 5250 [select, 4 minutes]:
github.com/nats-io/nats.go/jetstream.(*pullSubscription).Next(0xc0008781b0)
	/Users/jace/go/pkg/mod/github.com/nats-io/nats.go@v1.41.1/jetstream/pull.go:589 +0x285
github.com/Black-And-White-Club/frolf-bot-shared/eventbus.(*eventBus).Subscribe.func1()
	/Users/jace/Documents/GitHub/frolf-bot-shared/eventbus/eventbus.go:326 +0x169
created by github.com/Black-And-White-Club/frolf-bot-shared/eventbus.(*eventBus).Subscribe in goroutine 4746
	/Users/jace/Documents/GitHub/frolf-bot-shared/eventbus/eventbus.go:315 +0xbf1

goroutine 2822 [select, 4 minutes]:
github.com/nats-io/nats.go/jetstream.(*pullSubscription).Next(0xc0007f2b40)
	/Users/jace/go/pkg/mod/github.com/nats-io/nats.go@v1.41.1/jetstream/pull.go:589 +0x285
github.com/Black-And-White-Club/frolf-bot-shared/eventbus.(*eventBus).Subscribe.func1()
	/Users/jace/Documents/GitHub/frolf-bot-shared/eventbus/eventbus.go:326 +0x169
created by github.com/Black-And-White-Club/frolf-bot-shared/eventbus.(*eventBus).Subscribe in goroutine 2815
	/Users/jace/Documents/GitHub/frolf-bot-shared/eventbus/eventbus.go:315 +0xbf1

goroutine 5364 [chan receive, 4 minutes]:
github.com/ThreeDotsLabs/watermill/message.(*messageTransformSubscriberDecorator).Subscribe.func1()
	/Users/jace/go/pkg/mod/github.com/!three!dots!labs/watermill@v1.4.6/message/decorator.go:52 +0x85
created by github.com/ThreeDotsLabs/watermill/message.(*messageTransformSubscriberDecorator).Subscribe in goroutine 4746
	/Users/jace/go/pkg/mod/github.com/!three!dots!labs/watermill@v1.4.6/message/decorator.go:51 +0xc7

goroutine 5386 [chan receive, 4 minutes]:
github.com/ThreeDotsLabs/watermill/message.(*messageTransformSubscriberDecorator).Subscribe.func1()
	/Users/jace/go/pkg/mod/github.com/!three!dots!labs/watermill@v1.4.6/message/decorator.go:52 +0x85
created by github.com/ThreeDotsLabs/watermill/message.(*messageTransformSubscriberDecorator).Subscribe in goroutine 4746
	/Users/jace/go/pkg/mod/github.com/!three!dots!labs/watermill@v1.4.6/message/decorator.go:51 +0xc7

goroutine 2928 [select, 4 minutes]:
github.com/nats-io/nats.go/jetstream.(*pullSubscription).pullMessages(0xc000a826c0, {0xc0007d6370, 0x48})
	/Users/jace/go/pkg/mod/github.com/nats-io/nats.go@v1.41.1/jetstream/pull.go:955 +0x91
created by github.com/nats-io/nats.go/jetstream.(*pullConsumer).Messages in goroutine 2815
	/Users/jace/go/pkg/mod/github.com/nats-io/nats.go@v1.41.1/jetstream/pull.go:534 +0x748

goroutine 3092 [chan receive, 4 minutes]:
github.com/ThreeDotsLabs/watermill/message.(*handler).run(0xc000a70750, {0x10a337fa0, 0xc0009953b0}, {0xc0000ec180, 0x6, 0xc000748680?})
	/Users/jace/go/pkg/mod/github.com/!three!dots!labs/watermill@v1.4.6/message/router.go:645 +0x2b4
github.com/ThreeDotsLabs/watermill/message.(*Router).RunHandlers.func1()
	/Users/jace/go/pkg/mod/github.com/!three!dots!labs/watermill@v1.4.6/message/router.go:460 +0x145
created by github.com/ThreeDotsLabs/watermill/message.(*Router).RunHandlers in goroutine 2815
	/Users/jace/go/pkg/mod/github.com/!three!dots!labs/watermill@v1.4.6/message/router.go:453 +0x606

goroutine 4768 [chan receive, 4 minutes]:
github.com/ThreeDotsLabs/watermill/message.(*messageTransformSubscriberDecorator).Subscribe.func1()
	/Users/jace/go/pkg/mod/github.com/!three!dots!labs/watermill@v1.4.6/message/decorator.go:52 +0x85
created by github.com/ThreeDotsLabs/watermill/message.(*messageTransformSubscriberDecorator).Subscribe in goroutine 4746
	/Users/jace/go/pkg/mod/github.com/!three!dots!labs/watermill@v1.4.6/message/decorator.go:51 +0xc7

goroutine 1439 [sync.Cond.Wait, 4 minutes]:
sync.runtime_notifyListWait(0xc000627cd0, 0x0)
	/usr/local/Cellar/go/1.24.2/libexec/src/runtime/sema.go:597 +0x159
sync.(*Cond).Wait(0xc0000bd180?)
	/usr/local/Cellar/go/1.24.2/libexec/src/sync/cond.go:71 +0x85
github.com/nats-io/nats%2ego.(*asyncCallbacksHandler).asyncCBDispatcher(0xc0003703a0)
	/Users/jace/go/pkg/mod/github.com/nats-io/nats.go@v1.41.1/nats.go:3059 +0xdd
created by github.com/nats-io/nats%2ego.Options.Connect in goroutine 958
	/Users/jace/go/pkg/mod/github.com/nats-io/nats.go@v1.41.1/nats.go:1635 +0x387

goroutine 3110 [select, 4 minutes]:
github.com/nats-io/nats.go/jetstream.(*pullConsumer).Messages.func2()
	/Users/jace/go/pkg/mod/github.com/nats-io/nats.go@v1.41.1/jetstream/pull.go:538 +0x68
created by github.com/nats-io/nats.go/jetstream.(*pullConsumer).Messages in goroutine 2815
	/Users/jace/go/pkg/mod/github.com/nats-io/nats.go@v1.41.1/jetstream/pull.go:536 +0x78a

goroutine 5245 [select, 4 minutes]:
github.com/nats-io/nats.go/jetstream.(*pullSubscription).pullMessages(0xc000708a20, {0xc0007d6730, 0x50})
	/Users/jace/go/pkg/mod/github.com/nats-io/nats.go@v1.41.1/jetstream/pull.go:955 +0x91
created by github.com/nats-io/nats.go/jetstream.(*pullConsumer).Messages in goroutine 4746
	/Users/jace/go/pkg/mod/github.com/nats-io/nats.go@v1.41.1/jetstream/pull.go:534 +0x748

goroutine 3512 [select, 4 minutes]:
github.com/nats-io/nats.go/jetstream.(*pullSubscription).Next(0xc000478480)
	/Users/jace/go/pkg/mod/github.com/nats-io/nats.go@v1.41.1/jetstream/pull.go:589 +0x285
github.com/Black-And-White-Club/frolf-bot-shared/eventbus.(*eventBus).Subscribe.func1()
	/Users/jace/Documents/GitHub/frolf-bot-shared/eventbus/eventbus.go:326 +0x169
created by github.com/Black-And-White-Club/frolf-bot-shared/eventbus.(*eventBus).Subscribe in goroutine 3776
	/Users/jace/Documents/GitHub/frolf-bot-shared/eventbus/eventbus.go:315 +0xbf1

goroutine 1561 [sync.Cond.Wait, 4 minutes]:
sync.runtime_notifyListWait(0xc000627b90, 0x0)
	/usr/local/Cellar/go/1.24.2/libexec/src/runtime/sema.go:597 +0x159
sync.(*Cond).Wait(0xc0003f56b0?)
	/usr/local/Cellar/go/1.24.2/libexec/src/sync/cond.go:71 +0x85
github.com/nats-io/nats%2ego.(*asyncCallbacksHandler).asyncCBDispatcher(0xc0003702e0)
	/Users/jace/go/pkg/mod/github.com/nats-io/nats.go@v1.41.1/nats.go:3059 +0xdd
created by github.com/nats-io/nats%2ego.Options.Connect in goroutine 958
	/Users/jace/go/pkg/mod/github.com/nats-io/nats.go@v1.41.1/nats.go:1635 +0x387

goroutine 2823 [chan receive, 4 minutes]:
github.com/ThreeDotsLabs/watermill/message.(*messageTransformSubscriberDecorator).Subscribe.func1()
	/Users/jace/go/pkg/mod/github.com/!three!dots!labs/watermill@v1.4.6/message/decorator.go:52 +0x85
created by github.com/ThreeDotsLabs/watermill/message.(*messageTransformSubscriberDecorator).Subscribe in goroutine 2815
	/Users/jace/go/pkg/mod/github.com/!three!dots!labs/watermill@v1.4.6/message/decorator.go:51 +0xc7

goroutine 5022 [select, 4 minutes]:
github.com/nats-io/nats.go/jetstream.(*pullConsumer).Messages.func2()
	/Users/jace/go/pkg/mod/github.com/nats-io/nats.go@v1.41.1/jetstream/pull.go:538 +0x68
created by github.com/nats-io/nats.go/jetstream.(*pullConsumer).Messages in goroutine 4746
	/Users/jace/go/pkg/mod/github.com/nats-io/nats.go@v1.41.1/jetstream/pull.go:536 +0x78a

goroutine 2842 [chan receive, 4 minutes]:
github.com/ThreeDotsLabs/watermill/message.(*handler).run(0xc000a709c0, {0x10a337fa0, 0xc0000c40f0}, {0xc0000ec000, 0x6, 0xc0008c9770?})
	/Users/jace/go/pkg/mod/github.com/!three!dots!labs/watermill@v1.4.6/message/router.go:645 +0x2b4
github.com/ThreeDotsLabs/watermill/message.(*Router).RunHandlers.func1()
	/Users/jace/go/pkg/mod/github.com/!three!dots!labs/watermill@v1.4.6/message/router.go:460 +0x145
created by github.com/ThreeDotsLabs/watermill/message.(*Router).RunHandlers in goroutine 2815
	/Users/jace/go/pkg/mod/github.com/!three!dots!labs/watermill@v1.4.6/message/router.go:453 +0x606

goroutine 6740 [chan receive, 3 minutes]:
github.com/ThreeDotsLabs/watermill/message.(*messageTransformSubscriberDecorator).Subscribe.func1()
	/Users/jace/go/pkg/mod/github.com/!three!dots!labs/watermill@v1.4.6/message/decorator.go:52 +0x85
created by github.com/ThreeDotsLabs/watermill/message.(*messageTransformSubscriberDecorator).Subscribe in goroutine 6161
	/Users/jace/go/pkg/mod/github.com/!three!dots!labs/watermill@v1.4.6/message/decorator.go:51 +0xc7

goroutine 2824 [chan receive, 4 minutes]:
github.com/ThreeDotsLabs/watermill/message.(*handler).run(0xc000a70680, {0x10a337fa0, 0xc00098a4b0}, {0xc0001fc480, 0x6, 0x0?})
	/Users/jace/go/pkg/mod/github.com/!three!dots!labs/watermill@v1.4.6/message/router.go:645 +0x2b4
github.com/ThreeDotsLabs/watermill/message.(*Router).RunHandlers.func1()
	/Users/jace/go/pkg/mod/github.com/!three!dots!labs/watermill@v1.4.6/message/router.go:460 +0x145
created by github.com/ThreeDotsLabs/watermill/message.(*Router).RunHandlers in goroutine 2815
	/Users/jace/go/pkg/mod/github.com/!three!dots!labs/watermill@v1.4.6/message/router.go:453 +0x606

goroutine 10312 [select]:
github.com/nats-io/nats%2ego.(*Conn).doReconnect(0xc00041c308, {0x10a327f28, 0x10acedb30}, 0x0)
	/Users/jace/go/pkg/mod/github.com/nats-io/nats.go@v1.41.1/nats.go:2907 +0x41a
created by github.com/nats-io/nats%2ego.(*Conn).processOpErr in goroutine 10049
	/Users/jace/go/pkg/mod/github.com/nats-io/nats.go@v1.41.1/nats.go:3043 +0x2f3

goroutine 3520 [select, 4 minutes]:
github.com/nats-io/nats.go/jetstream.(*pullConsumer).Messages.func2()
	/Users/jace/go/pkg/mod/github.com/nats-io/nats.go@v1.41.1/jetstream/pull.go:538 +0x68
created by github.com/nats-io/nats.go/jetstream.(*pullConsumer).Messages in goroutine 3776
	/Users/jace/go/pkg/mod/github.com/nats-io/nats.go@v1.41.1/jetstream/pull.go:536 +0x78a

goroutine 3833 [chan receive, 4 minutes]:
github.com/ThreeDotsLabs/watermill/message.(*messageTransformSubscriberDecorator).Subscribe.func1()
	/Users/jace/go/pkg/mod/github.com/!three!dots!labs/watermill@v1.4.6/message/decorator.go:52 +0x85
created by github.com/ThreeDotsLabs/watermill/message.(*messageTransformSubscriberDecorator).Subscribe in goroutine 3776
	/Users/jace/go/pkg/mod/github.com/!three!dots!labs/watermill@v1.4.6/message/decorator.go:51 +0xc7

goroutine 2895 [select, 4 minutes]:
github.com/nats-io/nats.go/jetstream.(*pullConsumer).Messages.func2()
	/Users/jace/go/pkg/mod/github.com/nats-io/nats.go@v1.41.1/jetstream/pull.go:538 +0x68
created by github.com/nats-io/nats.go/jetstream.(*pullConsumer).Messages in goroutine 2815
	/Users/jace/go/pkg/mod/github.com/nats-io/nats.go@v1.41.1/jetstream/pull.go:536 +0x78a

goroutine 3995 [select, 4 minutes]:
github.com/nats-io/nats.go/jetstream.(*pullSubscription).Next(0xc00038cab0)
	/Users/jace/go/pkg/mod/github.com/nats-io/nats.go@v1.41.1/jetstream/pull.go:589 +0x285
github.com/Black-And-White-Club/frolf-bot-shared/eventbus.(*eventBus).Subscribe.func1()
	/Users/jace/Documents/GitHub/frolf-bot-shared/eventbus/eventbus.go:326 +0x169
created by github.com/Black-And-White-Club/frolf-bot-shared/eventbus.(*eventBus).Subscribe in goroutine 3776
	/Users/jace/Documents/GitHub/frolf-bot-shared/eventbus/eventbus.go:315 +0xbf1

goroutine 2472 [sync.Cond.Wait, 4 minutes]:
sync.runtime_notifyListWait(0xc000d08010, 0x2)
	/usr/local/Cellar/go/1.24.2/libexec/src/runtime/sema.go:597 +0x159
sync.(*Cond).Wait(0x0?)
	/usr/local/Cellar/go/1.24.2/libexec/src/sync/cond.go:71 +0x85
github.com/nats-io/nats%2ego.(*Conn).waitForMsgs(0xc000630e08, 0xc00092c000)
	/Users/jace/go/pkg/mod/github.com/nats-io/nats.go@v1.41.1/nats.go:3178 +0xc5
created by github.com/nats-io/nats%2ego.(*Conn).subscribeLocked in goroutine 2056
	/Users/jace/go/pkg/mod/github.com/nats-io/nats.go@v1.41.1/nats.go:4468 +0x419

goroutine 5046 [select, 4 minutes]:
github.com/nats-io/nats.go/jetstream.(*pullSubscription).pullMessages(0xc0007c4ab0, {0xc00004dce0, 0x5a})
	/Users/jace/go/pkg/mod/github.com/nats-io/nats.go@v1.41.1/jetstream/pull.go:955 +0x91
created by github.com/nats-io/nats.go/jetstream.(*pullConsumer).Messages in goroutine 4746
	/Users/jace/go/pkg/mod/github.com/nats-io/nats.go@v1.41.1/jetstream/pull.go:534 +0x748

goroutine 2945 [select, 4 minutes]:
github.com/nats-io/nats.go/jetstream.(*pullConsumer).Messages.func2()
	/Users/jace/go/pkg/mod/github.com/nats-io/nats.go@v1.41.1/jetstream/pull.go:538 +0x68
created by github.com/nats-io/nats.go/jetstream.(*pullConsumer).Messages in goroutine 2815
	/Users/jace/go/pkg/mod/github.com/nats-io/nats.go@v1.41.1/jetstream/pull.go:536 +0x78a

goroutine 2748 [select, 4 minutes]:
github.com/nats-io/nats.go/jetstream.(*pullConsumer).Messages.func2()
	/Users/jace/go/pkg/mod/github.com/nats-io/nats.go@v1.41.1/jetstream/pull.go:538 +0x68
created by github.com/nats-io/nats.go/jetstream.(*pullConsumer).Messages in goroutine 2815
	/Users/jace/go/pkg/mod/github.com/nats-io/nats.go@v1.41.1/jetstream/pull.go:536 +0x78a

goroutine 2749 [select, 4 minutes]:
github.com/nats-io/nats.go/jetstream.(*pullSubscription).Next(0xc000708f30)
	/Users/jace/go/pkg/mod/github.com/nats-io/nats.go@v1.41.1/jetstream/pull.go:589 +0x285
github.com/Black-And-White-Club/frolf-bot-shared/eventbus.(*eventBus).Subscribe.func1()
	/Users/jace/Documents/GitHub/frolf-bot-shared/eventbus/eventbus.go:326 +0x169
created by github.com/Black-And-White-Club/frolf-bot-shared/eventbus.(*eventBus).Subscribe in goroutine 2815
	/Users/jace/Documents/GitHub/frolf-bot-shared/eventbus/eventbus.go:315 +0xbf1

goroutine 3035 [select]:
github.com/nats-io/nats%2ego.(*Conn).doReconnect(0xc000630e08, {0x10a327f28, 0x10acedb30}, 0x0)
	/Users/jace/go/pkg/mod/github.com/nats-io/nats.go@v1.41.1/nats.go:2907 +0x41a
created by github.com/nats-io/nats%2ego.(*Conn).processOpErr in goroutine 2768
	/Users/jace/go/pkg/mod/github.com/nats-io/nats.go@v1.41.1/nats.go:3043 +0x2f3

goroutine 3146 [select]:
github.com/nats-io/nats%2ego.(*Conn).doReconnect(0xc000687508, {0x10a327f28, 0x10acedb30}, 0x0)
	/Users/jace/go/pkg/mod/github.com/nats-io/nats.go@v1.41.1/nats.go:2907 +0x41a
created by github.com/nats-io/nats%2ego.(*Conn).processOpErr in goroutine 2771
	/Users/jace/go/pkg/mod/github.com/nats-io/nats.go@v1.41.1/nats.go:3043 +0x2f3

goroutine 2178 [select]:
github.com/nats-io/nats%2ego.(*Conn).doReconnect(0xc000688308, {0x10a327f28, 0x10acedb30}, 0x0)
	/Users/jace/go/pkg/mod/github.com/nats-io/nats.go@v1.41.1/nats.go:2907 +0x41a
created by github.com/nats-io/nats%2ego.(*Conn).processOpErr in goroutine 1437
	/Users/jace/go/pkg/mod/github.com/nats-io/nats.go@v1.41.1/nats.go:3043 +0x2f3

goroutine 3109 [select, 4 minutes]:
github.com/nats-io/nats.go/jetstream.(*pullSubscription).pullMessages(0xc000123200, {0xc00004e2d0, 0x4d})
	/Users/jace/go/pkg/mod/github.com/nats-io/nats.go@v1.41.1/jetstream/pull.go:955 +0x91
created by github.com/nats-io/nats.go/jetstream.(*pullConsumer).Messages in goroutine 2815
	/Users/jace/go/pkg/mod/github.com/nats-io/nats.go@v1.41.1/jetstream/pull.go:534 +0x748

goroutine 2840 [select, 4 minutes]:
github.com/nats-io/nats.go/jetstream.(*pullSubscription).Next(0xc0007b2b40)
	/Users/jace/go/pkg/mod/github.com/nats-io/nats.go@v1.41.1/jetstream/pull.go:589 +0x285
github.com/Black-And-White-Club/frolf-bot-shared/eventbus.(*eventBus).Subscribe.func1()
	/Users/jace/Documents/GitHub/frolf-bot-shared/eventbus/eventbus.go:326 +0x169
created by github.com/Black-And-White-Club/frolf-bot-shared/eventbus.(*eventBus).Subscribe in goroutine 2815
	/Users/jace/Documents/GitHub/frolf-bot-shared/eventbus/eventbus.go:315 +0xbf1

goroutine 4043 [select, 4 minutes]:
github.com/nats-io/nats.go/jetstream.(*pullSubscription).Next(0xc0006763f0)
	/Users/jace/go/pkg/mod/github.com/nats-io/nats.go@v1.41.1/jetstream/pull.go:589 +0x285
github.com/Black-And-White-Club/frolf-bot-shared/eventbus.(*eventBus).Subscribe.func1()
	/Users/jace/Documents/GitHub/frolf-bot-shared/eventbus/eventbus.go:326 +0x169
created by github.com/Black-And-White-Club/frolf-bot-shared/eventbus.(*eventBus).Subscribe in goroutine 3776
	/Users/jace/Documents/GitHub/frolf-bot-shared/eventbus/eventbus.go:315 +0xbf1

goroutine 12329 [sync.Cond.Wait, 3 minutes]:
sync.runtime_notifyListWait(0xc000d09e50, 0x0)
	/usr/local/Cellar/go/1.24.2/libexec/src/runtime/sema.go:597 +0x159
sync.(*Cond).Wait(0xc000bb9e30?)
	/usr/local/Cellar/go/1.24.2/libexec/src/sync/cond.go:71 +0x85
github.com/nats-io/nats%2ego.(*asyncCallbacksHandler).asyncCBDispatcher(0xc000371ca0)
	/Users/jace/go/pkg/mod/github.com/nats-io/nats.go@v1.41.1/nats.go:3059 +0xdd
created by github.com/nats-io/nats%2ego.Options.Connect in goroutine 11675
	/Users/jace/go/pkg/mod/github.com/nats-io/nats.go@v1.41.1/nats.go:1635 +0x387

goroutine 1742 [select, 4 minutes]:
github.com/nats-io/nats.go/jetstream.(*pullSubscription).pullMessages(0xc00060f290, {0xc000806050, 0x4f})
	/Users/jace/go/pkg/mod/github.com/nats-io/nats.go@v1.41.1/jetstream/pull.go:955 +0x91
created by github.com/nats-io/nats.go/jetstream.(*pullConsumer).Messages in goroutine 1605
	/Users/jace/go/pkg/mod/github.com/nats-io/nats.go@v1.41.1/jetstream/pull.go:534 +0x748

goroutine 3832 [select, 4 minutes]:
github.com/nats-io/nats.go/jetstream.(*pullSubscription).Next(0xc000479200)
	/Users/jace/go/pkg/mod/github.com/nats-io/nats.go@v1.41.1/jetstream/pull.go:589 +0x285
github.com/Black-And-White-Club/frolf-bot-shared/eventbus.(*eventBus).Subscribe.func1()
	/Users/jace/Documents/GitHub/frolf-bot-shared/eventbus/eventbus.go:326 +0x169
created by github.com/Black-And-White-Club/frolf-bot-shared/eventbus.(*eventBus).Subscribe in goroutine 3776
	/Users/jace/Documents/GitHub/frolf-bot-shared/eventbus/eventbus.go:315 +0xbf1

goroutine 3136 [select]:
github.com/nats-io/nats%2ego.(*Conn).doReconnect(0xc000630708, {0x10a327f28, 0x10acedb30}, 0x0)
	/Users/jace/go/pkg/mod/github.com/nats-io/nats.go@v1.41.1/nats.go:2907 +0x41a
created by github.com/nats-io/nats%2ego.(*Conn).processOpErr in goroutine 2699
	/Users/jace/go/pkg/mod/github.com/nats-io/nats.go@v1.41.1/nats.go:3043 +0x2f3

goroutine 1532 [sync.Cond.Wait, 4 minutes]:
sync.runtime_notifyListWait(0xc000114a90, 0x0)
	/usr/local/Cellar/go/1.24.2/libexec/src/runtime/sema.go:597 +0x159
sync.(*Cond).Wait(0xc00035bbf8?)
	/usr/local/Cellar/go/1.24.2/libexec/src/sync/cond.go:71 +0x85
github.com/nats-io/nats%2ego.(*asyncCallbacksHandler).asyncCBDispatcher(0xc0003247e0)
	/Users/jace/go/pkg/mod/github.com/nats-io/nats.go@v1.41.1/nats.go:3059 +0xdd
created by github.com/nats-io/nats%2ego.Options.Connect in goroutine 958
	/Users/jace/go/pkg/mod/github.com/nats-io/nats.go@v1.41.1/nats.go:1635 +0x387

goroutine 1533 [sync.Cond.Wait, 4 minutes]:
sync.runtime_notifyListWait(0xc0001f19d0, 0x3f)
	/usr/local/Cellar/go/1.24.2/libexec/src/runtime/sema.go:597 +0x159
sync.(*Cond).Wait(0x0?)
	/usr/local/Cellar/go/1.24.2/libexec/src/sync/cond.go:71 +0x85
github.com/nats-io/nats%2ego.(*Conn).waitForMsgs(0xc000687c08, 0xc0009903c0)
	/Users/jace/go/pkg/mod/github.com/nats-io/nats.go@v1.41.1/nats.go:3178 +0xc5
created by github.com/nats-io/nats%2ego.(*Conn).subscribeLocked in goroutine 958
	/Users/jace/go/pkg/mod/github.com/nats-io/nats.go@v1.41.1/nats.go:4468 +0x419

goroutine 3072 [select, 4 minutes]:
github.com/nats-io/nats.go/jetstream.(*pullSubscription).pullMessages(0xc000b882d0, {0xc00004dbc0, 0x55})
	/Users/jace/go/pkg/mod/github.com/nats-io/nats.go@v1.41.1/jetstream/pull.go:955 +0x91
created by github.com/nats-io/nats.go/jetstream.(*pullConsumer).Messages in goroutine 2815
	/Users/jace/go/pkg/mod/github.com/nats-io/nats.go@v1.41.1/jetstream/pull.go:534 +0x748

goroutine 2921 [select, 4 minutes]:
github.com/nats-io/nats.go/jetstream.(*pullSubscription).pullMessages(0xc000a82000, {0xc0007d6280, 0x45})
	/Users/jace/go/pkg/mod/github.com/nats-io/nats.go@v1.41.1/jetstream/pull.go:955 +0x91
created by github.com/nats-io/nats.go/jetstream.(*pullConsumer).Messages in goroutine 2815
	/Users/jace/go/pkg/mod/github.com/nats-io/nats.go@v1.41.1/jetstream/pull.go:534 +0x748

goroutine 4817 [chan receive, 4 minutes]:
github.com/ThreeDotsLabs/watermill/message.(*handler).run(0xc000d5d380, {0x10a337fa0, 0xc000a2c550}, {0xc0001fc480, 0x6, 0x0?})
	/Users/jace/go/pkg/mod/github.com/!three!dots!labs/watermill@v1.4.6/message/router.go:645 +0x2b4
github.com/ThreeDotsLabs/watermill/message.(*Router).RunHandlers.func1()
	/Users/jace/go/pkg/mod/github.com/!three!dots!labs/watermill@v1.4.6/message/router.go:460 +0x145
created by github.com/ThreeDotsLabs/watermill/message.(*Router).RunHandlers in goroutine 4746
	/Users/jace/go/pkg/mod/github.com/!three!dots!labs/watermill@v1.4.6/message/router.go:453 +0x606

goroutine 10875 [sync.WaitGroup.Wait, 3 minutes]:
sync.runtime_SemacquireWaitGroup(0x1095ae7c0?)
	/usr/local/Cellar/go/1.24.2/libexec/src/runtime/sema.go:110 +0x25
sync.(*WaitGroup).Wait(0x0?)
	/usr/local/Cellar/go/1.24.2/libexec/src/sync/waitgroup.go:118 +0x48
github.com/ThreeDotsLabs/watermill/message.(*Router).watchAllHandlersStopped.func1()
	/Users/jace/go/pkg/mod/github.com/!three!dots!labs/watermill@v1.4.6/message/router.go:498 +0x86
created by github.com/ThreeDotsLabs/watermill/message.(*Router).watchAllHandlersStopped in goroutine 11006
	/Users/jace/go/pkg/mod/github.com/!three!dots!labs/watermill@v1.4.6/message/router.go:484 +0xec

goroutine 3510 [select, 4 minutes]:
github.com/nats-io/nats.go/jetstream.(*pullSubscription).pullMessages(0xc000478480, {0xc00019a8c0, 0x3e})
	/Users/jace/go/pkg/mod/github.com/nats-io/nats.go@v1.41.1/jetstream/pull.go:955 +0x91
created by github.com/nats-io/nats.go/jetstream.(*pullConsumer).Messages in goroutine 3776
	/Users/jace/go/pkg/mod/github.com/nats-io/nats.go@v1.41.1/jetstream/pull.go:534 +0x748

goroutine 2996 [chan receive, 4 minutes]:
github.com/ThreeDotsLabs/watermill/message.(*handler).run(0xc0007d3d40, {0x10a337fa0, 0xc000367630}, {0xc0001fc6c0, 0x6, 0x0?})
	/Users/jace/go/pkg/mod/github.com/!three!dots!labs/watermill@v1.4.6/message/router.go:645 +0x2b4
github.com/ThreeDotsLabs/watermill/message.(*Router).RunHandlers.func1()
	/Users/jace/go/pkg/mod/github.com/!three!dots!labs/watermill@v1.4.6/message/router.go:460 +0x145
created by github.com/ThreeDotsLabs/watermill/message.(*Router).RunHandlers in goroutine 2815
	/Users/jace/go/pkg/mod/github.com/!three!dots!labs/watermill@v1.4.6/message/router.go:453 +0x606

goroutine 6261 [select, 3 minutes]:
github.com/nats-io/nats.go/jetstream.(*pullConsumer).Messages.func2()
	/Users/jace/go/pkg/mod/github.com/nats-io/nats.go@v1.41.1/jetstream/pull.go:538 +0x68
created by github.com/nats-io/nats.go/jetstream.(*pullConsumer).Messages in goroutine 6161
	/Users/jace/go/pkg/mod/github.com/nats-io/nats.go@v1.41.1/jetstream/pull.go:536 +0x78a

goroutine 2154 [sync.WaitGroup.Wait, 4 minutes]:
sync.runtime_SemacquireWaitGroup(0xc0004099d0?)
	/usr/local/Cellar/go/1.24.2/libexec/src/runtime/sema.go:110 +0x25
sync.(*WaitGroup).Wait(0xc000728740?)
	/usr/local/Cellar/go/1.24.2/libexec/src/sync/waitgroup.go:118 +0x48
github.com/ThreeDotsLabs/watermill/message.(*Router).waitForHandlers.func1()
	/Users/jace/go/pkg/mod/github.com/!three!dots!labs/watermill@v1.4.6/message/router.go:579 +0x4b
created by github.com/ThreeDotsLabs/watermill/message.(*Router).waitForHandlers in goroutine 958
	/Users/jace/go/pkg/mod/github.com/!three!dots!labs/watermill@v1.4.6/message/router.go:577 +0x87

goroutine 1606 [sync.Cond.Wait, 4 minutes]:
sync.runtime_notifyListWait(0xc00033a3d0, 0x2)
	/usr/local/Cellar/go/1.24.2/libexec/src/runtime/sema.go:597 +0x159
sync.(*Cond).Wait(0x0?)
	/usr/local/Cellar/go/1.24.2/libexec/src/sync/cond.go:71 +0x85
github.com/nats-io/nats%2ego.(*Conn).waitForMsgs(0xc000688308, 0xc0007ea3c0)
	/Users/jace/go/pkg/mod/github.com/nats-io/nats.go@v1.41.1/nats.go:3178 +0xc5
created by github.com/nats-io/nats%2ego.(*Conn).subscribeLocked in goroutine 958
	/Users/jace/go/pkg/mod/github.com/nats-io/nats.go@v1.41.1/nats.go:4468 +0x419

goroutine 1811 [select, 4 minutes]:
github.com/nats-io/nats.go/jetstream.(*pullConsumer).Messages.func2()
	/Users/jace/go/pkg/mod/github.com/nats-io/nats.go@v1.41.1/jetstream/pull.go:538 +0x68
created by github.com/nats-io/nats.go/jetstream.(*pullConsumer).Messages in goroutine 1605
	/Users/jace/go/pkg/mod/github.com/nats-io/nats.go@v1.41.1/jetstream/pull.go:536 +0x78a

goroutine 1733 [chan receive, 4 minutes]:
github.com/ThreeDotsLabs/watermill/message.(*handler).run(0xc0006da0d0, {0x10a337fa0, 0xc000994910}, {0xc0007840c0, 0x6, 0x100010000?})
	/Users/jace/go/pkg/mod/github.com/!three!dots!labs/watermill@v1.4.6/message/router.go:645 +0x2b4
github.com/ThreeDotsLabs/watermill/message.(*Router).RunHandlers.func1()
	/Users/jace/go/pkg/mod/github.com/!three!dots!labs/watermill@v1.4.6/message/router.go:460 +0x145
created by github.com/ThreeDotsLabs/watermill/message.(*Router).RunHandlers in goroutine 1605
	/Users/jace/go/pkg/mod/github.com/!three!dots!labs/watermill@v1.4.6/message/router.go:453 +0x606

goroutine 1745 [chan receive, 4 minutes]:
github.com/ThreeDotsLabs/watermill/message.(*messageTransformSubscriberDecorator).Subscribe.func1()
	/Users/jace/go/pkg/mod/github.com/!three!dots!labs/watermill@v1.4.6/message/decorator.go:52 +0x85
created by github.com/ThreeDotsLabs/watermill/message.(*messageTransformSubscriberDecorator).Subscribe in goroutine 1605
	/Users/jace/go/pkg/mod/github.com/!three!dots!labs/watermill@v1.4.6/message/decorator.go:51 +0xc7

goroutine 6471 [select, 3 minutes]:
github.com/nats-io/nats.go/jetstream.(*pullSubscription).pullMessages(0xc0007c42d0, {0xc000806230, 0x4b})
	/Users/jace/go/pkg/mod/github.com/nats-io/nats.go@v1.41.1/jetstream/pull.go:955 +0x91
created by github.com/nats-io/nats.go/jetstream.(*pullConsumer).Messages in goroutine 6161
	/Users/jace/go/pkg/mod/github.com/nats-io/nats.go@v1.41.1/jetstream/pull.go:534 +0x748

goroutine 1685 [select, 4 minutes]:
github.com/nats-io/nats.go/jetstream.(*pullSubscription).pullMessages(0xc00055a480, {0xc0007d60a0, 0x4e})
	/Users/jace/go/pkg/mod/github.com/nats-io/nats.go@v1.41.1/jetstream/pull.go:955 +0x91
created by github.com/nats-io/nats.go/jetstream.(*pullConsumer).Messages in goroutine 1605
	/Users/jace/go/pkg/mod/github.com/nats-io/nats.go@v1.41.1/jetstream/pull.go:534 +0x748

goroutine 1820 [select, 4 minutes]:
github.com/nats-io/nats.go/jetstream.(*pullConsumer).Messages.func2()
	/Users/jace/go/pkg/mod/github.com/nats-io/nats.go@v1.41.1/jetstream/pull.go:538 +0x68
created by github.com/nats-io/nats.go/jetstream.(*pullConsumer).Messages in goroutine 1605
	/Users/jace/go/pkg/mod/github.com/nats-io/nats.go@v1.41.1/jetstream/pull.go:536 +0x78a

goroutine 1730 [select, 4 minutes]:
github.com/nats-io/nats.go/jetstream.(*pullConsumer).Messages.func2()
	/Users/jace/go/pkg/mod/github.com/nats-io/nats.go@v1.41.1/jetstream/pull.go:538 +0x68
created by github.com/nats-io/nats.go/jetstream.(*pullConsumer).Messages in goroutine 1605
	/Users/jace/go/pkg/mod/github.com/nats-io/nats.go@v1.41.1/jetstream/pull.go:536 +0x78a

goroutine 1810 [select, 4 minutes]:
github.com/nats-io/nats.go/jetstream.(*pullSubscription).pullMessages(0xc0007b2f30, {0xc0002f8780, 0x55})
	/Users/jace/go/pkg/mod/github.com/nats-io/nats.go@v1.41.1/jetstream/pull.go:955 +0x91
created by github.com/nats-io/nats.go/jetstream.(*pullConsumer).Messages in goroutine 1605
	/Users/jace/go/pkg/mod/github.com/nats-io/nats.go@v1.41.1/jetstream/pull.go:534 +0x748

goroutine 1648 [select, 4 minutes]:
github.com/nats-io/nats.go/jetstream.(*pullSubscription).pullMessages(0xc0007b3290, {0xc0002f87e0, 0x58})
	/Users/jace/go/pkg/mod/github.com/nats-io/nats.go@v1.41.1/jetstream/pull.go:955 +0x91
created by github.com/nats-io/nats.go/jetstream.(*pullConsumer).Messages in goroutine 1605
	/Users/jace/go/pkg/mod/github.com/nats-io/nats.go@v1.41.1/jetstream/pull.go:534 +0x748

goroutine 1727 [select, 4 minutes]:
github.com/nats-io/nats.go/jetstream.(*pullSubscription).pullMessages(0xc00083cfc0, {0xc00004e230, 0x48})
	/Users/jace/go/pkg/mod/github.com/nats-io/nats.go@v1.41.1/jetstream/pull.go:955 +0x91
created by github.com/nats-io/nats.go/jetstream.(*pullConsumer).Messages in goroutine 1605
	/Users/jace/go/pkg/mod/github.com/nats-io/nats.go@v1.41.1/jetstream/pull.go:534 +0x748

goroutine 4062 [select, 4 minutes]:
github.com/nats-io/nats.go/jetstream.(*pullSubscription).Next(0xc00060f7a0)
	/Users/jace/go/pkg/mod/github.com/nats-io/nats.go@v1.41.1/jetstream/pull.go:589 +0x285
github.com/Black-And-White-Club/frolf-bot-shared/eventbus.(*eventBus).Subscribe.func1()
	/Users/jace/Documents/GitHub/frolf-bot-shared/eventbus/eventbus.go:326 +0x169
created by github.com/Black-And-White-Club/frolf-bot-shared/eventbus.(*eventBus).Subscribe in goroutine 3776
	/Users/jace/Documents/GitHub/frolf-bot-shared/eventbus/eventbus.go:315 +0xbf1

goroutine 1846 [select, 4 minutes]:
github.com/nats-io/nats.go/jetstream.(*pullSubscription).pullMessages(0xc00091fb00, {0xc0008b2050, 0x4f})
	/Users/jace/go/pkg/mod/github.com/nats-io/nats.go@v1.41.1/jetstream/pull.go:955 +0x91
created by github.com/nats-io/nats.go/jetstream.(*pullConsumer).Messages in goroutine 1605
	/Users/jace/go/pkg/mod/github.com/nats-io/nats.go@v1.41.1/jetstream/pull.go:534 +0x748

goroutine 2897 [chan receive, 4 minutes]:
github.com/ThreeDotsLabs/watermill/message.(*messageTransformSubscriberDecorator).Subscribe.func1()
	/Users/jace/go/pkg/mod/github.com/!three!dots!labs/watermill@v1.4.6/message/decorator.go:52 +0x85
created by github.com/ThreeDotsLabs/watermill/message.(*messageTransformSubscriberDecorator).Subscribe in goroutine 2815
	/Users/jace/go/pkg/mod/github.com/!three!dots!labs/watermill@v1.4.6/message/decorator.go:51 +0xc7

goroutine 2141 [chan receive, 4 minutes]:
github.com/ThreeDotsLabs/watermill/message.(*messageTransformSubscriberDecorator).Subscribe.func1()
	/Users/jace/go/pkg/mod/github.com/!three!dots!labs/watermill@v1.4.6/message/decorator.go:52 +0x85
created by github.com/ThreeDotsLabs/watermill/message.(*messageTransformSubscriberDecorator).Subscribe in goroutine 4746
	/Users/jace/go/pkg/mod/github.com/!three!dots!labs/watermill@v1.4.6/message/decorator.go:51 +0xc7

goroutine 3730 [sync.Cond.Wait, 4 minutes]:
sync.runtime_notifyListWait(0xc000ba6210, 0x0)
	/usr/local/Cellar/go/1.24.2/libexec/src/runtime/sema.go:597 +0x159
sync.(*Cond).Wait(0xc0009a89a0?)
	/usr/local/Cellar/go/1.24.2/libexec/src/sync/cond.go:71 +0x85
github.com/nats-io/nats%2ego.(*asyncCallbacksHandler).asyncCBDispatcher(0xc000b2d6a0)
	/Users/jace/go/pkg/mod/github.com/nats-io/nats.go@v1.41.1/nats.go:3059 +0xdd
created by github.com/nats-io/nats%2ego.Options.Connect in goroutine 3041
	/Users/jace/go/pkg/mod/github.com/nats-io/nats.go@v1.41.1/nats.go:1635 +0x387

goroutine 2951 [chan receive, 4 minutes]:
github.com/ThreeDotsLabs/watermill/message.(*handler).run(0xc0007d31e0, {0x10a337fa0, 0xc000a2c640}, {0xc0003ec000, 0x6, 0xc00072b778?})
	/Users/jace/go/pkg/mod/github.com/!three!dots!labs/watermill@v1.4.6/message/router.go:645 +0x2b4
github.com/ThreeDotsLabs/watermill/message.(*Router).RunHandlers.func1()
	/Users/jace/go/pkg/mod/github.com/!three!dots!labs/watermill@v1.4.6/message/router.go:460 +0x145
created by github.com/ThreeDotsLabs/watermill/message.(*Router).RunHandlers in goroutine 2815
	/Users/jace/go/pkg/mod/github.com/!three!dots!labs/watermill@v1.4.6/message/router.go:453 +0x606

goroutine 1980 [select, 4 minutes]:
github.com/nats-io/nats.go/jetstream.(*pullSubscription).pullMessages(0xc000708b40, {0xc000130f40, 0x3e})
	/Users/jace/go/pkg/mod/github.com/nats-io/nats.go@v1.41.1/jetstream/pull.go:955 +0x91
created by github.com/nats-io/nats.go/jetstream.(*pullConsumer).Messages in goroutine 1605
	/Users/jace/go/pkg/mod/github.com/nats-io/nats.go@v1.41.1/jetstream/pull.go:534 +0x748

goroutine 1919 [select, 4 minutes]:
github.com/nats-io/nats.go/jetstream.(*pullConsumer).Messages.func2()
	/Users/jace/go/pkg/mod/github.com/nats-io/nats.go@v1.41.1/jetstream/pull.go:538 +0x68
created by github.com/nats-io/nats.go/jetstream.(*pullConsumer).Messages in goroutine 1605
	/Users/jace/go/pkg/mod/github.com/nats-io/nats.go@v1.41.1/jetstream/pull.go:536 +0x78a

goroutine 1732 [chan receive, 4 minutes]:
github.com/ThreeDotsLabs/watermill/message.(*messageTransformSubscriberDecorator).Subscribe.func1()
	/Users/jace/go/pkg/mod/github.com/!three!dots!labs/watermill@v1.4.6/message/decorator.go:52 +0x85
created by github.com/ThreeDotsLabs/watermill/message.(*messageTransformSubscriberDecorator).Subscribe in goroutine 1605
	/Users/jace/go/pkg/mod/github.com/!three!dots!labs/watermill@v1.4.6/message/decorator.go:51 +0xc7

goroutine 977 [select, 4 minutes]:
github.com/nats-io/nats.go/jetstream.(*pullSubscription).pullMessages(0xc0007f2ea0, {0xc0005e8000, 0x47})
	/Users/jace/go/pkg/mod/github.com/nats-io/nats.go@v1.41.1/jetstream/pull.go:955 +0x91
created by github.com/nats-io/nats.go/jetstream.(*pullConsumer).Messages in goroutine 1605
	/Users/jace/go/pkg/mod/github.com/nats-io/nats.go@v1.41.1/jetstream/pull.go:534 +0x748

goroutine 1626 [select, 4 minutes]:
github.com/nats-io/nats.go/jetstream.(*pullConsumer).Messages.func2()
	/Users/jace/go/pkg/mod/github.com/nats-io/nats.go@v1.41.1/jetstream/pull.go:538 +0x68
created by github.com/nats-io/nats.go/jetstream.(*pullConsumer).Messages in goroutine 1605
	/Users/jace/go/pkg/mod/github.com/nats-io/nats.go@v1.41.1/jetstream/pull.go:536 +0x78a

goroutine 1627 [select, 4 minutes]:
github.com/nats-io/nats.go/jetstream.(*pullSubscription).Next(0xc000a833b0)
	/Users/jace/go/pkg/mod/github.com/nats-io/nats.go@v1.41.1/jetstream/pull.go:589 +0x285
github.com/Black-And-White-Club/frolf-bot-shared/eventbus.(*eventBus).Subscribe.func1()
	/Users/jace/Documents/GitHub/frolf-bot-shared/eventbus/eventbus.go:326 +0x169
created by github.com/Black-And-White-Club/frolf-bot-shared/eventbus.(*eventBus).Subscribe in goroutine 1605
	/Users/jace/Documents/GitHub/frolf-bot-shared/eventbus/eventbus.go:315 +0xbf1

goroutine 1628 [chan receive, 4 minutes]:
github.com/ThreeDotsLabs/watermill/message.(*messageTransformSubscriberDecorator).Subscribe.func1()
	/Users/jace/go/pkg/mod/github.com/!three!dots!labs/watermill@v1.4.6/message/decorator.go:52 +0x85
created by github.com/ThreeDotsLabs/watermill/message.(*messageTransformSubscriberDecorator).Subscribe in goroutine 1605
	/Users/jace/go/pkg/mod/github.com/!three!dots!labs/watermill@v1.4.6/message/decorator.go:51 +0xc7

goroutine 1629 [chan receive, 4 minutes]:
github.com/ThreeDotsLabs/watermill/message.(*handler).run(0xc0006c3d40, {0x10a337fa0, 0xc0007ae370}, {0xc0000f2000, 0x6, 0x0?})
	/Users/jace/go/pkg/mod/github.com/!three!dots!labs/watermill@v1.4.6/message/router.go:645 +0x2b4
github.com/ThreeDotsLabs/watermill/message.(*Router).RunHandlers.func1()
	/Users/jace/go/pkg/mod/github.com/!three!dots!labs/watermill@v1.4.6/message/router.go:460 +0x145
created by github.com/ThreeDotsLabs/watermill/message.(*Router).RunHandlers in goroutine 1605
	/Users/jace/go/pkg/mod/github.com/!three!dots!labs/watermill@v1.4.6/message/router.go:453 +0x606

goroutine 10352 [select, 3 minutes]:
github.com/nats-io/nats.go/jetstream.(*pullSubscription).pullMessages(0xc000878510, {0xc00087ac00, 0x56})
	/Users/jace/go/pkg/mod/github.com/nats-io/nats.go@v1.41.1/jetstream/pull.go:955 +0x91
created by github.com/nats-io/nats.go/jetstream.(*pullConsumer).Messages in goroutine 10144
	/Users/jace/go/pkg/mod/github.com/nats-io/nats.go@v1.41.1/jetstream/pull.go:534 +0x748

goroutine 1994 [chan receive, 4 minutes]:
github.com/ThreeDotsLabs/watermill/message.(*messageTransformSubscriberDecorator).Subscribe.func1()
	/Users/jace/go/pkg/mod/github.com/!three!dots!labs/watermill@v1.4.6/message/decorator.go:52 +0x85
created by github.com/ThreeDotsLabs/watermill/message.(*messageTransformSubscriberDecorator).Subscribe in goroutine 1605
	/Users/jace/go/pkg/mod/github.com/!three!dots!labs/watermill@v1.4.6/message/decorator.go:51 +0xc7

goroutine 2139 [select, 4 minutes]:
github.com/nats-io/nats.go/jetstream.(*pullConsumer).Messages.func2()
	/Users/jace/go/pkg/mod/github.com/nats-io/nats.go@v1.41.1/jetstream/pull.go:538 +0x68
created by github.com/nats-io/nats.go/jetstream.(*pullConsumer).Messages in goroutine 4746
	/Users/jace/go/pkg/mod/github.com/nats-io/nats.go@v1.41.1/jetstream/pull.go:536 +0x78a

goroutine 2142 [chan receive, 4 minutes]:
github.com/ThreeDotsLabs/watermill/message.(*handler).run(0xc0007d2270, {0x10a337fa0, 0xc0000eac80}, {0xc000b9c300, 0x6, 0x7b3a227063742f32?})
	/Users/jace/go/pkg/mod/github.com/!three!dots!labs/watermill@v1.4.6/message/router.go:645 +0x2b4
github.com/ThreeDotsLabs/watermill/message.(*Router).RunHandlers.func1()
	/Users/jace/go/pkg/mod/github.com/!three!dots!labs/watermill@v1.4.6/message/router.go:460 +0x145
created by github.com/ThreeDotsLabs/watermill/message.(*Router).RunHandlers in goroutine 4746
	/Users/jace/go/pkg/mod/github.com/!three!dots!labs/watermill@v1.4.6/message/router.go:453 +0x606

goroutine 2925 [chan receive, 4 minutes]:
github.com/ThreeDotsLabs/watermill/message.(*handler).run(0xc000a704e0, {0x10a337fa0, 0xc0005afb80}, {0xc0003ec0c0, 0x6, 0xc0005d5778?})
	/Users/jace/go/pkg/mod/github.com/!three!dots!labs/watermill@v1.4.6/message/router.go:645 +0x2b4
github.com/ThreeDotsLabs/watermill/message.(*Router).RunHandlers.func1()
	/Users/jace/go/pkg/mod/github.com/!three!dots!labs/watermill@v1.4.6/message/router.go:460 +0x145
created by github.com/ThreeDotsLabs/watermill/message.(*Router).RunHandlers in goroutine 2815
	/Users/jace/go/pkg/mod/github.com/!three!dots!labs/watermill@v1.4.6/message/router.go:453 +0x606

goroutine 1762 [chan receive, 4 minutes]:
github.com/ThreeDotsLabs/watermill/message.(*messageTransformSubscriberDecorator).Subscribe.func1()
	/Users/jace/go/pkg/mod/github.com/!three!dots!labs/watermill@v1.4.6/message/decorator.go:52 +0x85
created by github.com/ThreeDotsLabs/watermill/message.(*messageTransformSubscriberDecorator).Subscribe in goroutine 1605
	/Users/jace/go/pkg/mod/github.com/!three!dots!labs/watermill@v1.4.6/message/decorator.go:51 +0xc7

goroutine 1763 [chan receive, 4 minutes]:
github.com/ThreeDotsLabs/watermill/message.(*handler).run(0xc000629040, {0x10a337fa0, 0xc000914cd0}, {0xc0003ee0c0, 0x6, 0x0?})
	/Users/jace/go/pkg/mod/github.com/!three!dots!labs/watermill@v1.4.6/message/router.go:645 +0x2b4
github.com/ThreeDotsLabs/watermill/message.(*Router).RunHandlers.func1()
	/Users/jace/go/pkg/mod/github.com/!three!dots!labs/watermill@v1.4.6/message/router.go:460 +0x145
created by github.com/ThreeDotsLabs/watermill/message.(*Router).RunHandlers in goroutine 1605
	/Users/jace/go/pkg/mod/github.com/!three!dots!labs/watermill@v1.4.6/message/router.go:453 +0x606

goroutine 3112 [chan receive, 4 minutes]:
github.com/ThreeDotsLabs/watermill/message.(*messageTransformSubscriberDecorator).Subscribe.func1()
	/Users/jace/go/pkg/mod/github.com/!three!dots!labs/watermill@v1.4.6/message/decorator.go:52 +0x85
created by github.com/ThreeDotsLabs/watermill/message.(*messageTransformSubscriberDecorator).Subscribe in goroutine 2815
	/Users/jace/go/pkg/mod/github.com/!three!dots!labs/watermill@v1.4.6/message/decorator.go:51 +0xc7

goroutine 1770 [select, 4 minutes]:
github.com/nats-io/nats.go/jetstream.(*pullSubscription).pullMessages(0xc00083d950, {0xc00004e460, 0x4b})
	/Users/jace/go/pkg/mod/github.com/nats-io/nats.go@v1.41.1/jetstream/pull.go:955 +0x91
created by github.com/nats-io/nats.go/jetstream.(*pullConsumer).Messages in goroutine 1605
	/Users/jace/go/pkg/mod/github.com/nats-io/nats.go@v1.41.1/jetstream/pull.go:534 +0x748

goroutine 1771 [select, 4 minutes]:
github.com/nats-io/nats.go/jetstream.(*pullConsumer).Messages.func2()
	/Users/jace/go/pkg/mod/github.com/nats-io/nats.go@v1.41.1/jetstream/pull.go:538 +0x68
created by github.com/nats-io/nats.go/jetstream.(*pullConsumer).Messages in goroutine 1605
	/Users/jace/go/pkg/mod/github.com/nats-io/nats.go@v1.41.1/jetstream/pull.go:536 +0x78a

goroutine 1772 [select, 4 minutes]:
github.com/nats-io/nats.go/jetstream.(*pullSubscription).Next(0xc00083d950)
	/Users/jace/go/pkg/mod/github.com/nats-io/nats.go@v1.41.1/jetstream/pull.go:589 +0x285
github.com/Black-And-White-Club/frolf-bot-shared/eventbus.(*eventBus).Subscribe.func1()
	/Users/jace/Documents/GitHub/frolf-bot-shared/eventbus/eventbus.go:326 +0x169
created by github.com/Black-And-White-Club/frolf-bot-shared/eventbus.(*eventBus).Subscribe in goroutine 1605
	/Users/jace/Documents/GitHub/frolf-bot-shared/eventbus/eventbus.go:315 +0xbf1

goroutine 1773 [chan receive, 4 minutes]:
github.com/ThreeDotsLabs/watermill/message.(*messageTransformSubscriberDecorator).Subscribe.func1()
	/Users/jace/go/pkg/mod/github.com/!three!dots!labs/watermill@v1.4.6/message/decorator.go:52 +0x85
created by github.com/ThreeDotsLabs/watermill/message.(*messageTransformSubscriberDecorator).Subscribe in goroutine 1605
	/Users/jace/go/pkg/mod/github.com/!three!dots!labs/watermill@v1.4.6/message/decorator.go:51 +0xc7

goroutine 1774 [chan receive, 4 minutes]:
github.com/ThreeDotsLabs/watermill/message.(*handler).run(0xc0006291e0, {0x10a337fa0, 0xc000915310}, {0xc0007940c0, 0x6, 0xc8?})
	/Users/jace/go/pkg/mod/github.com/!three!dots!labs/watermill@v1.4.6/message/router.go:645 +0x2b4
github.com/ThreeDotsLabs/watermill/message.(*Router).RunHandlers.func1()
	/Users/jace/go/pkg/mod/github.com/!three!dots!labs/watermill@v1.4.6/message/router.go:460 +0x145
created by github.com/ThreeDotsLabs/watermill/message.(*Router).RunHandlers in goroutine 1605
	/Users/jace/go/pkg/mod/github.com/!three!dots!labs/watermill@v1.4.6/message/router.go:453 +0x606

goroutine 1921 [chan receive, 4 minutes]:
github.com/ThreeDotsLabs/watermill/message.(*messageTransformSubscriberDecorator).Subscribe.func1()
	/Users/jace/go/pkg/mod/github.com/!three!dots!labs/watermill@v1.4.6/message/decorator.go:52 +0x85
created by github.com/ThreeDotsLabs/watermill/message.(*messageTransformSubscriberDecorator).Subscribe in goroutine 1605
	/Users/jace/go/pkg/mod/github.com/!three!dots!labs/watermill@v1.4.6/message/decorator.go:51 +0xc7

goroutine 1991 [select, 4 minutes]:
github.com/nats-io/nats.go/jetstream.(*pullSubscription).pullMessages(0xc0007c46c0, {0xc0007d6230, 0x4d})
	/Users/jace/go/pkg/mod/github.com/nats-io/nats.go@v1.41.1/jetstream/pull.go:955 +0x91
created by github.com/nats-io/nats.go/jetstream.(*pullConsumer).Messages in goroutine 1605
	/Users/jace/go/pkg/mod/github.com/nats-io/nats.go@v1.41.1/jetstream/pull.go:534 +0x748

goroutine 1912 [select, 4 minutes]:
github.com/nats-io/nats.go/jetstream.(*pullSubscription).pullMessages(0xc00038dc20, {0xc00093fda0, 0x56})
	/Users/jace/go/pkg/mod/github.com/nats-io/nats.go@v1.41.1/jetstream/pull.go:955 +0x91
created by github.com/nats-io/nats.go/jetstream.(*pullConsumer).Messages in goroutine 1605
	/Users/jace/go/pkg/mod/github.com/nats-io/nats.go@v1.41.1/jetstream/pull.go:534 +0x748

goroutine 3900 [chan receive, 4 minutes]:
github.com/ThreeDotsLabs/watermill/message.(*messageTransformSubscriberDecorator).Subscribe.func1()
	/Users/jace/go/pkg/mod/github.com/!three!dots!labs/watermill@v1.4.6/message/decorator.go:52 +0x85
created by github.com/ThreeDotsLabs/watermill/message.(*messageTransformSubscriberDecorator).Subscribe in goroutine 3776
	/Users/jace/go/pkg/mod/github.com/!three!dots!labs/watermill@v1.4.6/message/decorator.go:51 +0xc7

goroutine 1819 [select, 4 minutes]:
github.com/nats-io/nats.go/jetstream.(*pullSubscription).pullMessages(0xc00038ccf0, {0xc0005e8230, 0x4b})
	/Users/jace/go/pkg/mod/github.com/nats-io/nats.go@v1.41.1/jetstream/pull.go:955 +0x91
created by github.com/nats-io/nats.go/jetstream.(*pullConsumer).Messages in goroutine 1605
	/Users/jace/go/pkg/mod/github.com/nats-io/nats.go@v1.41.1/jetstream/pull.go:534 +0x748

goroutine 3830 [select, 4 minutes]:
github.com/nats-io/nats.go/jetstream.(*pullSubscription).pullMessages(0xc000479200, {0xc00019ad80, 0x3f})
	/Users/jace/go/pkg/mod/github.com/nats-io/nats.go@v1.41.1/jetstream/pull.go:955 +0x91
created by github.com/nats-io/nats.go/jetstream.(*pullConsumer).Messages in goroutine 3776
	/Users/jace/go/pkg/mod/github.com/nats-io/nats.go@v1.41.1/jetstream/pull.go:534 +0x748

goroutine 3912 [select, 4 minutes]:
github.com/nats-io/nats.go/jetstream.(*pullSubscription).pullMessages(0xc00083d680, {0xc000806000, 0x42})
	/Users/jace/go/pkg/mod/github.com/nats-io/nats.go@v1.41.1/jetstream/pull.go:955 +0x91
created by github.com/nats-io/nats.go/jetstream.(*pullConsumer).Messages in goroutine 3776
	/Users/jace/go/pkg/mod/github.com/nats-io/nats.go@v1.41.1/jetstream/pull.go:534 +0x748

goroutine 1849 [chan receive, 4 minutes]:
github.com/ThreeDotsLabs/watermill/message.(*messageTransformSubscriberDecorator).Subscribe.func1()
	/Users/jace/go/pkg/mod/github.com/!three!dots!labs/watermill@v1.4.6/message/decorator.go:52 +0x85
created by github.com/ThreeDotsLabs/watermill/message.(*messageTransformSubscriberDecorator).Subscribe in goroutine 1605
	/Users/jace/go/pkg/mod/github.com/!three!dots!labs/watermill@v1.4.6/message/decorator.go:51 +0xc7

goroutine 1850 [chan receive, 4 minutes]:
github.com/ThreeDotsLabs/watermill/message.(*handler).run(0xc000628dd0, {0x10a337fa0, 0xc000a12a50}, {0xc0003ee180, 0x6, 0x0?})
	/Users/jace/go/pkg/mod/github.com/!three!dots!labs/watermill@v1.4.6/message/router.go:645 +0x2b4
github.com/ThreeDotsLabs/watermill/message.(*Router).RunHandlers.func1()
	/Users/jace/go/pkg/mod/github.com/!three!dots!labs/watermill@v1.4.6/message/router.go:460 +0x145
created by github.com/ThreeDotsLabs/watermill/message.(*Router).RunHandlers in goroutine 1605
	/Users/jace/go/pkg/mod/github.com/!three!dots!labs/watermill@v1.4.6/message/router.go:453 +0x606

goroutine 2994 [select, 4 minutes]:
github.com/nats-io/nats.go/jetstream.(*pullSubscription).Next(0xc00038c900)
	/Users/jace/go/pkg/mod/github.com/nats-io/nats.go@v1.41.1/jetstream/pull.go:589 +0x285
github.com/Black-And-White-Club/frolf-bot-shared/eventbus.(*eventBus).Subscribe.func1()
	/Users/jace/Documents/GitHub/frolf-bot-shared/eventbus/eventbus.go:326 +0x169
created by github.com/Black-And-White-Club/frolf-bot-shared/eventbus.(*eventBus).Subscribe in goroutine 2815
	/Users/jace/Documents/GitHub/frolf-bot-shared/eventbus/eventbus.go:315 +0xbf1

goroutine 6573 [chan receive, 3 minutes]:
github.com/ThreeDotsLabs/watermill/message.(*messageTransformSubscriberDecorator).Subscribe.func1()
	/Users/jace/go/pkg/mod/github.com/!three!dots!labs/watermill@v1.4.6/message/decorator.go:52 +0x85
created by github.com/ThreeDotsLabs/watermill/message.(*messageTransformSubscriberDecorator).Subscribe in goroutine 6161
	/Users/jace/go/pkg/mod/github.com/!three!dots!labs/watermill@v1.4.6/message/decorator.go:51 +0xc7

goroutine 3113 [chan receive, 4 minutes]:
github.com/ThreeDotsLabs/watermill/message.(*handler).run(0xc0007d35f0, {0x10a337fa0, 0xc000995b80}, {0xc00088a0c0, 0x6, 0x654d222c303a2273?})
	/Users/jace/go/pkg/mod/github.com/!three!dots!labs/watermill@v1.4.6/message/router.go:645 +0x2b4
github.com/ThreeDotsLabs/watermill/message.(*Router).RunHandlers.func1()
	/Users/jace/go/pkg/mod/github.com/!three!dots!labs/watermill@v1.4.6/message/router.go:460 +0x145
created by github.com/ThreeDotsLabs/watermill/message.(*Router).RunHandlers in goroutine 2815
	/Users/jace/go/pkg/mod/github.com/!three!dots!labs/watermill@v1.4.6/message/router.go:453 +0x606

goroutine 1983 [chan receive, 4 minutes]:
github.com/ThreeDotsLabs/watermill/message.(*messageTransformSubscriberDecorator).Subscribe.func1()
	/Users/jace/go/pkg/mod/github.com/!three!dots!labs/watermill@v1.4.6/message/decorator.go:52 +0x85
created by github.com/ThreeDotsLabs/watermill/message.(*messageTransformSubscriberDecorator).Subscribe in goroutine 1605
	/Users/jace/go/pkg/mod/github.com/!three!dots!labs/watermill@v1.4.6/message/decorator.go:51 +0xc7

goroutine 2140 [select, 4 minutes]:
github.com/nats-io/nats.go/jetstream.(*pullSubscription).Next(0xc00038c750)
	/Users/jace/go/pkg/mod/github.com/nats-io/nats.go@v1.41.1/jetstream/pull.go:589 +0x285
github.com/Black-And-White-Club/frolf-bot-shared/eventbus.(*eventBus).Subscribe.func1()
	/Users/jace/Documents/GitHub/frolf-bot-shared/eventbus/eventbus.go:326 +0x169
created by github.com/Black-And-White-Club/frolf-bot-shared/eventbus.(*eventBus).Subscribe in goroutine 4746
	/Users/jace/Documents/GitHub/frolf-bot-shared/eventbus/eventbus.go:315 +0xbf1

goroutine 3003 [select, 4 minutes]:
github.com/nats-io/nats.go/jetstream.(*pullConsumer).Messages.func2()
	/Users/jace/go/pkg/mod/github.com/nats-io/nats.go@v1.41.1/jetstream/pull.go:538 +0x68
created by github.com/nats-io/nats.go/jetstream.(*pullConsumer).Messages in goroutine 2815
	/Users/jace/go/pkg/mod/github.com/nats-io/nats.go@v1.41.1/jetstream/pull.go:536 +0x78a

goroutine 3521 [select, 4 minutes]:
github.com/nats-io/nats.go/jetstream.(*pullSubscription).Next(0xc000478b40)
	/Users/jace/go/pkg/mod/github.com/nats-io/nats.go@v1.41.1/jetstream/pull.go:589 +0x285
github.com/Black-And-White-Club/frolf-bot-shared/eventbus.(*eventBus).Subscribe.func1()
	/Users/jace/Documents/GitHub/frolf-bot-shared/eventbus/eventbus.go:326 +0x169
created by github.com/Black-And-White-Club/frolf-bot-shared/eventbus.(*eventBus).Subscribe in goroutine 3776
	/Users/jace/Documents/GitHub/frolf-bot-shared/eventbus/eventbus.go:315 +0xbf1

goroutine 1913 [select, 4 minutes]:
github.com/nats-io/nats.go/jetstream.(*pullConsumer).Messages.func2()
	/Users/jace/go/pkg/mod/github.com/nats-io/nats.go@v1.41.1/jetstream/pull.go:538 +0x68
created by github.com/nats-io/nats.go/jetstream.(*pullConsumer).Messages in goroutine 1605
	/Users/jace/go/pkg/mod/github.com/nats-io/nats.go@v1.41.1/jetstream/pull.go:536 +0x78a

goroutine 1914 [select, 4 minutes]:
github.com/nats-io/nats.go/jetstream.(*pullSubscription).Next(0xc00038dc20)
	/Users/jace/go/pkg/mod/github.com/nats-io/nats.go@v1.41.1/jetstream/pull.go:589 +0x285
github.com/Black-And-White-Club/frolf-bot-shared/eventbus.(*eventBus).Subscribe.func1()
	/Users/jace/Documents/GitHub/frolf-bot-shared/eventbus/eventbus.go:326 +0x169
created by github.com/Black-And-White-Club/frolf-bot-shared/eventbus.(*eventBus).Subscribe in goroutine 1605
	/Users/jace/Documents/GitHub/frolf-bot-shared/eventbus/eventbus.go:315 +0xbf1

goroutine 1915 [chan receive, 4 minutes]:
github.com/ThreeDotsLabs/watermill/message.(*messageTransformSubscriberDecorator).Subscribe.func1()
	/Users/jace/go/pkg/mod/github.com/!three!dots!labs/watermill@v1.4.6/message/decorator.go:52 +0x85
created by github.com/ThreeDotsLabs/watermill/message.(*messageTransformSubscriberDecorator).Subscribe in goroutine 1605
	/Users/jace/go/pkg/mod/github.com/!three!dots!labs/watermill@v1.4.6/message/decorator.go:51 +0xc7

goroutine 1916 [chan receive, 4 minutes]:
github.com/ThreeDotsLabs/watermill/message.(*handler).run(0xc000629d40, {0x10a337fa0, 0xc000226d20}, {0xc0003ee240, 0x6, 0x7261762f3a666669?})
	/Users/jace/go/pkg/mod/github.com/!three!dots!labs/watermill@v1.4.6/message/router.go:645 +0x2b4
github.com/ThreeDotsLabs/watermill/message.(*Router).RunHandlers.func1()
	/Users/jace/go/pkg/mod/github.com/!three!dots!labs/watermill@v1.4.6/message/router.go:460 +0x145
created by github.com/ThreeDotsLabs/watermill/message.(*Router).RunHandlers in goroutine 1605
	/Users/jace/go/pkg/mod/github.com/!three!dots!labs/watermill@v1.4.6/message/router.go:453 +0x606

goroutine 5363 [select, 4 minutes]:
github.com/nats-io/nats.go/jetstream.(*pullSubscription).Next(0xc000709d40)
	/Users/jace/go/pkg/mod/github.com/nats-io/nats.go@v1.41.1/jetstream/pull.go:589 +0x285
github.com/Black-And-White-Club/frolf-bot-shared/eventbus.(*eventBus).Subscribe.func1()
	/Users/jace/Documents/GitHub/frolf-bot-shared/eventbus/eventbus.go:326 +0x169
created by github.com/Black-And-White-Club/frolf-bot-shared/eventbus.(*eventBus).Subscribe in goroutine 4746
	/Users/jace/Documents/GitHub/frolf-bot-shared/eventbus/eventbus.go:315 +0xbf1

goroutine 4908 [select, 4 minutes]:
github.com/nats-io/nats.go/jetstream.(*pullSubscription).Next(0xc000123b00)
	/Users/jace/go/pkg/mod/github.com/nats-io/nats.go@v1.41.1/jetstream/pull.go:589 +0x285
github.com/Black-And-White-Club/frolf-bot-shared/eventbus.(*eventBus).Subscribe.func1()
	/Users/jace/Documents/GitHub/frolf-bot-shared/eventbus/eventbus.go:326 +0x169
created by github.com/Black-And-White-Club/frolf-bot-shared/eventbus.(*eventBus).Subscribe in goroutine 4746
	/Users/jace/Documents/GitHub/frolf-bot-shared/eventbus/eventbus.go:315 +0xbf1

goroutine 2130 [select, 4 minutes]:
github.com/nats-io/nats.go/jetstream.(*pullConsumer).Messages.func2()
	/Users/jace/go/pkg/mod/github.com/nats-io/nats.go@v1.41.1/jetstream/pull.go:538 +0x68
created by github.com/nats-io/nats.go/jetstream.(*pullConsumer).Messages in goroutine 1605
	/Users/jace/go/pkg/mod/github.com/nats-io/nats.go@v1.41.1/jetstream/pull.go:536 +0x78a

goroutine 3097 [select, 4 minutes]:
github.com/nats-io/nats.go/jetstream.(*pullConsumer).Messages.func2()
	/Users/jace/go/pkg/mod/github.com/nats-io/nats.go@v1.41.1/jetstream/pull.go:538 +0x68
created by github.com/nats-io/nats.go/jetstream.(*pullConsumer).Messages in goroutine 2815
	/Users/jace/go/pkg/mod/github.com/nats-io/nats.go@v1.41.1/jetstream/pull.go:536 +0x78a

goroutine 5154 [select, 4 minutes]:
github.com/nats-io/nats.go/jetstream.(*pullSubscription).pullMessages(0xc00091e990, {0xc0008b20f0, 0x47})
	/Users/jace/go/pkg/mod/github.com/nats-io/nats.go@v1.41.1/jetstream/pull.go:955 +0x91
created by github.com/nats-io/nats.go/jetstream.(*pullConsumer).Messages in goroutine 4746
	/Users/jace/go/pkg/mod/github.com/nats-io/nats.go@v1.41.1/jetstream/pull.go:534 +0x748

goroutine 1981 [select, 4 minutes]:
github.com/nats-io/nats.go/jetstream.(*pullConsumer).Messages.func2()
	/Users/jace/go/pkg/mod/github.com/nats-io/nats.go@v1.41.1/jetstream/pull.go:538 +0x68
created by github.com/nats-io/nats.go/jetstream.(*pullConsumer).Messages in goroutine 1605
	/Users/jace/go/pkg/mod/github.com/nats-io/nats.go@v1.41.1/jetstream/pull.go:536 +0x78a

goroutine 1930 [select, 4 minutes]:
github.com/nats-io/nats.go/jetstream.(*pullConsumer).Messages.func2()
	/Users/jace/go/pkg/mod/github.com/nats-io/nats.go@v1.41.1/jetstream/pull.go:538 +0x68
created by github.com/nats-io/nats.go/jetstream.(*pullConsumer).Messages in goroutine 1605
	/Users/jace/go/pkg/mod/github.com/nats-io/nats.go@v1.41.1/jetstream/pull.go:536 +0x78a

goroutine 1931 [select, 4 minutes]:
github.com/nats-io/nats.go/jetstream.(*pullSubscription).Next(0xc000122630)
	/Users/jace/go/pkg/mod/github.com/nats-io/nats.go@v1.41.1/jetstream/pull.go:589 +0x285
github.com/Black-And-White-Club/frolf-bot-shared/eventbus.(*eventBus).Subscribe.func1()
	/Users/jace/Documents/GitHub/frolf-bot-shared/eventbus/eventbus.go:326 +0x169
created by github.com/Black-And-White-Club/frolf-bot-shared/eventbus.(*eventBus).Subscribe in goroutine 1605
	/Users/jace/Documents/GitHub/frolf-bot-shared/eventbus/eventbus.go:315 +0xbf1

goroutine 1932 [chan receive, 4 minutes]:
github.com/ThreeDotsLabs/watermill/message.(*messageTransformSubscriberDecorator).Subscribe.func1()
	/Users/jace/go/pkg/mod/github.com/!three!dots!labs/watermill@v1.4.6/message/decorator.go:52 +0x85
created by github.com/ThreeDotsLabs/watermill/message.(*messageTransformSubscriberDecorator).Subscribe in goroutine 1605
	/Users/jace/go/pkg/mod/github.com/!three!dots!labs/watermill@v1.4.6/message/decorator.go:51 +0xc7

goroutine 1933 [chan receive, 4 minutes]:
github.com/ThreeDotsLabs/watermill/message.(*handler).run(0xc000628ea0, {0x10a337fa0, 0xc00098ba90}, {0xc00088a240, 0x6, 0x0?})
	/Users/jace/go/pkg/mod/github.com/!three!dots!labs/watermill@v1.4.6/message/router.go:645 +0x2b4
github.com/ThreeDotsLabs/watermill/message.(*Router).RunHandlers.func1()
	/Users/jace/go/pkg/mod/github.com/!three!dots!labs/watermill@v1.4.6/message/router.go:460 +0x145
created by github.com/ThreeDotsLabs/watermill/message.(*Router).RunHandlers in goroutine 1605
	/Users/jace/go/pkg/mod/github.com/!three!dots!labs/watermill@v1.4.6/message/router.go:453 +0x606

goroutine 11544 [select, 3 minutes]:
github.com/nats-io/nats.go/jetstream.(*pullSubscription).Next(0xc0013b1a70)
	/Users/jace/go/pkg/mod/github.com/nats-io/nats.go@v1.41.1/jetstream/pull.go:589 +0x285
github.com/Black-And-White-Club/frolf-bot-shared/eventbus.(*eventBus).Subscribe.func1()
	/Users/jace/Documents/GitHub/frolf-bot-shared/eventbus/eventbus.go:326 +0x169
created by github.com/Black-And-White-Club/frolf-bot-shared/eventbus.(*eventBus).Subscribe in goroutine 11006
	/Users/jace/Documents/GitHub/frolf-bot-shared/eventbus/eventbus.go:315 +0xbf1

goroutine 2838 [select, 4 minutes]:
github.com/nats-io/nats.go/jetstream.(*pullSubscription).pullMessages(0xc0007b2b40, {0xc0007d6140, 0x42})
	/Users/jace/go/pkg/mod/github.com/nats-io/nats.go@v1.41.1/jetstream/pull.go:955 +0x91
created by github.com/nats-io/nats.go/jetstream.(*pullConsumer).Messages in goroutine 2815
	/Users/jace/go/pkg/mod/github.com/nats-io/nats.go@v1.41.1/jetstream/pull.go:534 +0x748

goroutine 3006 [chan receive, 4 minutes]:
github.com/ThreeDotsLabs/watermill/message.(*handler).run(0xc000a70410, {0x10a337fa0, 0xc00098a9b0}, {0xc0001fc780, 0x6, 0x0?})
	/Users/jace/go/pkg/mod/github.com/!three!dots!labs/watermill@v1.4.6/message/router.go:645 +0x2b4
github.com/ThreeDotsLabs/watermill/message.(*Router).RunHandlers.func1()
	/Users/jace/go/pkg/mod/github.com/!three!dots!labs/watermill@v1.4.6/message/router.go:460 +0x145
created by github.com/ThreeDotsLabs/watermill/message.(*Router).RunHandlers in goroutine 2815
	/Users/jace/go/pkg/mod/github.com/!three!dots!labs/watermill@v1.4.6/message/router.go:453 +0x606

goroutine 6415 [select, 3 minutes]:
github.com/nats-io/nats.go/jetstream.(*pullSubscription).Next(0xc00060f200)
	/Users/jace/go/pkg/mod/github.com/nats-io/nats.go@v1.41.1/jetstream/pull.go:589 +0x285
github.com/Black-And-White-Club/frolf-bot-shared/eventbus.(*eventBus).Subscribe.func1()
	/Users/jace/Documents/GitHub/frolf-bot-shared/eventbus/eventbus.go:326 +0x169
created by github.com/Black-And-White-Club/frolf-bot-shared/eventbus.(*eventBus).Subscribe in goroutine 6161
	/Users/jace/Documents/GitHub/frolf-bot-shared/eventbus/eventbus.go:315 +0xbf1

goroutine 13706 [select, 3 minutes]:
github.com/nats-io/nats.go/jetstream.(*pullSubscription).Next(0xc000ba3200)
	/Users/jace/go/pkg/mod/github.com/nats-io/nats.go@v1.41.1/jetstream/pull.go:589 +0x285
github.com/Black-And-White-Club/frolf-bot-shared/eventbus.(*eventBus).Subscribe.func1()
	/Users/jace/Documents/GitHub/frolf-bot-shared/eventbus/eventbus.go:326 +0x169
created by github.com/Black-And-White-Club/frolf-bot-shared/eventbus.(*eventBus).Subscribe in goroutine 13489
	/Users/jace/Documents/GitHub/frolf-bot-shared/eventbus/eventbus.go:315 +0xbf1

goroutine 2085 [select, 4 minutes]:
github.com/nats-io/nats.go/jetstream.(*pullConsumer).Messages.func2()
	/Users/jace/go/pkg/mod/github.com/nats-io/nats.go@v1.41.1/jetstream/pull.go:538 +0x68
created by github.com/nats-io/nats.go/jetstream.(*pullConsumer).Messages in goroutine 1605
	/Users/jace/go/pkg/mod/github.com/nats-io/nats.go@v1.41.1/jetstream/pull.go:536 +0x78a

goroutine 19313 [select, 3 minutes]:
github.com/nats-io/nats.go/jetstream.(*pullSubscription).pullMessages(0xc001283b00, {0xc000254780, 0x4b})
	/Users/jace/go/pkg/mod/github.com/nats-io/nats.go@v1.41.1/jetstream/pull.go:955 +0x91
created by github.com/nats-io/nats.go/jetstream.(*pullConsumer).Messages in goroutine 18988
	/Users/jace/go/pkg/mod/github.com/nats-io/nats.go@v1.41.1/jetstream/pull.go:534 +0x748

goroutine 5217 [select, 4 minutes]:
github.com/nats-io/nats.go/jetstream.(*pullConsumer).Messages.func2()
	/Users/jace/go/pkg/mod/github.com/nats-io/nats.go@v1.41.1/jetstream/pull.go:538 +0x68
created by github.com/nats-io/nats.go/jetstream.(*pullConsumer).Messages in goroutine 4746
	/Users/jace/go/pkg/mod/github.com/nats-io/nats.go@v1.41.1/jetstream/pull.go:536 +0x78a

goroutine 2949 [select, 4 minutes]:
github.com/nats-io/nats.go/jetstream.(*pullSubscription).Next(0xc0007f3cb0)
	/Users/jace/go/pkg/mod/github.com/nats-io/nats.go@v1.41.1/jetstream/pull.go:589 +0x285
github.com/Black-And-White-Club/frolf-bot-shared/eventbus.(*eventBus).Subscribe.func1()
	/Users/jace/Documents/GitHub/frolf-bot-shared/eventbus/eventbus.go:326 +0x169
created by github.com/Black-And-White-Club/frolf-bot-shared/eventbus.(*eventBus).Subscribe in goroutine 2815
	/Users/jace/Documents/GitHub/frolf-bot-shared/eventbus/eventbus.go:315 +0xbf1

goroutine 2751 [chan receive, 4 minutes]:
github.com/ThreeDotsLabs/watermill/message.(*handler).run(0xc0007d3c70, {0x10a337fa0, 0xc00098a050}, {0xc000294000, 0x6, 0xc0006df11b?})
	/Users/jace/go/pkg/mod/github.com/!three!dots!labs/watermill@v1.4.6/message/router.go:645 +0x2b4
github.com/ThreeDotsLabs/watermill/message.(*Router).RunHandlers.func1()
	/Users/jace/go/pkg/mod/github.com/!three!dots!labs/watermill@v1.4.6/message/router.go:460 +0x145
created by github.com/ThreeDotsLabs/watermill/message.(*Router).RunHandlers in goroutine 2815
	/Users/jace/go/pkg/mod/github.com/!three!dots!labs/watermill@v1.4.6/message/router.go:453 +0x606

goroutine 2882 [select, 4 minutes]:
github.com/nats-io/nats.go/jetstream.(*pullSubscription).pullMessages(0xc0004b8e10, {0xc0005e80f0, 0x45})
	/Users/jace/go/pkg/mod/github.com/nats-io/nats.go@v1.41.1/jetstream/pull.go:955 +0x91
created by github.com/nats-io/nats.go/jetstream.(*pullConsumer).Messages in goroutine 2815
	/Users/jace/go/pkg/mod/github.com/nats-io/nats.go@v1.41.1/jetstream/pull.go:534 +0x748

goroutine 3123 [select, 4 minutes]:
github.com/nats-io/nats.go/jetstream.(*pullSubscription).pullMessages(0xc000a835f0, {0xc0007d65a0, 0x50})
	/Users/jace/go/pkg/mod/github.com/nats-io/nats.go@v1.41.1/jetstream/pull.go:955 +0x91
created by github.com/nats-io/nats.go/jetstream.(*pullConsumer).Messages in goroutine 2815
	/Users/jace/go/pkg/mod/github.com/nats-io/nats.go@v1.41.1/jetstream/pull.go:534 +0x748

goroutine 9357 [select]:
github.com/nats-io/nats%2ego.(*Conn).doReconnect(0xc000745c08, {0x10a327f28, 0x10acedb30}, 0x0)
	/Users/jace/go/pkg/mod/github.com/nats-io/nats.go@v1.41.1/nats.go:2907 +0x41a
created by github.com/nats-io/nats%2ego.(*Conn).processOpErr in goroutine 5471
	/Users/jace/go/pkg/mod/github.com/nats-io/nats.go@v1.41.1/nats.go:3043 +0x2f3

goroutine 13565 [chan receive, 3 minutes]:
github.com/ThreeDotsLabs/watermill/message.(*messageTransformSubscriberDecorator).Subscribe.func1()
	/Users/jace/go/pkg/mod/github.com/!three!dots!labs/watermill@v1.4.6/message/decorator.go:52 +0x85
created by github.com/ThreeDotsLabs/watermill/message.(*messageTransformSubscriberDecorator).Subscribe in goroutine 13489
	/Users/jace/go/pkg/mod/github.com/!three!dots!labs/watermill@v1.4.6/message/decorator.go:51 +0xc7

goroutine 2701 [sync.Cond.Wait, 4 minutes]:
sync.runtime_notifyListWait(0xc00083b590, 0x0)
	/usr/local/Cellar/go/1.24.2/libexec/src/runtime/sema.go:597 +0x159
sync.(*Cond).Wait(0xc00044bc00?)
	/usr/local/Cellar/go/1.24.2/libexec/src/sync/cond.go:71 +0x85
github.com/nats-io/nats%2ego.(*asyncCallbacksHandler).asyncCBDispatcher(0xc000694ce0)
	/Users/jace/go/pkg/mod/github.com/nats-io/nats.go@v1.41.1/nats.go:3059 +0xdd
created by github.com/nats-io/nats%2ego.Options.Connect in goroutine 2056
	/Users/jace/go/pkg/mod/github.com/nats-io/nats.go@v1.41.1/nats.go:1635 +0x387

goroutine 3719 [sync.Cond.Wait, 4 minutes]:
sync.runtime_notifyListWait(0xc000ba6050, 0x0)
	/usr/local/Cellar/go/1.24.2/libexec/src/runtime/sema.go:597 +0x159
sync.(*Cond).Wait(0xc000a99f10?)
	/usr/local/Cellar/go/1.24.2/libexec/src/sync/cond.go:71 +0x85
github.com/nats-io/nats%2ego.(*asyncCallbacksHandler).asyncCBDispatcher(0xc000b2d620)
	/Users/jace/go/pkg/mod/github.com/nats-io/nats.go@v1.41.1/nats.go:3059 +0xdd
created by github.com/nats-io/nats%2ego.Options.Connect in goroutine 3041
	/Users/jace/go/pkg/mod/github.com/nats-io/nats.go@v1.41.1/nats.go:1635 +0x387

goroutine 4769 [chan receive, 4 minutes]:
github.com/ThreeDotsLabs/watermill/message.(*handler).run(0xc0007d2340, {0x10a337fa0, 0xc000914460}, {0xc000156000, 0x6, 0x10955db77?})
	/Users/jace/go/pkg/mod/github.com/!three!dots!labs/watermill@v1.4.6/message/router.go:645 +0x2b4
github.com/ThreeDotsLabs/watermill/message.(*Router).RunHandlers.func1()
	/Users/jace/go/pkg/mod/github.com/!three!dots!labs/watermill@v1.4.6/message/router.go:460 +0x145
created by github.com/ThreeDotsLabs/watermill/message.(*Router).RunHandlers in goroutine 4746
	/Users/jace/go/pkg/mod/github.com/!three!dots!labs/watermill@v1.4.6/message/router.go:453 +0x606

goroutine 3914 [select, 4 minutes]:
github.com/nats-io/nats.go/jetstream.(*pullSubscription).Next(0xc00083d680)
	/Users/jace/go/pkg/mod/github.com/nats-io/nats.go@v1.41.1/jetstream/pull.go:589 +0x285
github.com/Black-And-White-Club/frolf-bot-shared/eventbus.(*eventBus).Subscribe.func1()
	/Users/jace/Documents/GitHub/frolf-bot-shared/eventbus/eventbus.go:326 +0x169
created by github.com/Black-And-White-Club/frolf-bot-shared/eventbus.(*eventBus).Subscribe in goroutine 3776
	/Users/jace/Documents/GitHub/frolf-bot-shared/eventbus/eventbus.go:315 +0xbf1

goroutine 2770 [sync.Cond.Wait, 4 minutes]:
sync.runtime_notifyListWait(0xc00083b6d0, 0x0)
	/usr/local/Cellar/go/1.24.2/libexec/src/runtime/sema.go:597 +0x159
sync.(*Cond).Wait(0xc000465a40?)
	/usr/local/Cellar/go/1.24.2/libexec/src/sync/cond.go:71 +0x85
github.com/nats-io/nats%2ego.(*asyncCallbacksHandler).asyncCBDispatcher(0xc000694d80)
	/Users/jace/go/pkg/mod/github.com/nats-io/nats.go@v1.41.1/nats.go:3059 +0xdd
created by github.com/nats-io/nats%2ego.Options.Connect in goroutine 2056
	/Users/jace/go/pkg/mod/github.com/nats-io/nats.go@v1.41.1/nats.go:1635 +0x387

goroutine 2773 [sync.Cond.Wait, 4 minutes]:
sync.runtime_notifyListWait(0xc00033ad90, 0x0)
	/usr/local/Cellar/go/1.24.2/libexec/src/runtime/sema.go:597 +0x159
sync.(*Cond).Wait(0x100c0004650a0?)
	/usr/local/Cellar/go/1.24.2/libexec/src/sync/cond.go:71 +0x85
github.com/nats-io/nats%2ego.(*asyncCallbacksHandler).asyncCBDispatcher(0xc0000a0960)
	/Users/jace/go/pkg/mod/github.com/nats-io/nats.go@v1.41.1/nats.go:3059 +0xdd
created by github.com/nats-io/nats%2ego.Options.Connect in goroutine 2056
	/Users/jace/go/pkg/mod/github.com/nats-io/nats.go@v1.41.1/nats.go:1635 +0x387

goroutine 2774 [sync.Cond.Wait, 4 minutes]:
sync.runtime_notifyListWait(0xc00033b010, 0x36)
	/usr/local/Cellar/go/1.24.2/libexec/src/runtime/sema.go:597 +0x159
sync.(*Cond).Wait(0x0?)
	/usr/local/Cellar/go/1.24.2/libexec/src/sync/cond.go:71 +0x85
github.com/nats-io/nats%2ego.(*Conn).waitForMsgs(0xc000630708, 0xc0005e41e0)
	/Users/jace/go/pkg/mod/github.com/nats-io/nats.go@v1.41.1/nats.go:3178 +0xc5
created by github.com/nats-io/nats%2ego.(*Conn).subscribeLocked in goroutine 2056
	/Users/jace/go/pkg/mod/github.com/nats-io/nats.go@v1.41.1/nats.go:4468 +0x419

goroutine 4178 [chan receive, 4 minutes]:
github.com/ThreeDotsLabs/watermill/message.(*handler).run(0xc000d05d40, {0x10a337fa0, 0xc000813a40}, {0xc00049c600, 0x6, 0x0?})
	/Users/jace/go/pkg/mod/github.com/!three!dots!labs/watermill@v1.4.6/message/router.go:645 +0x2b4
github.com/ThreeDotsLabs/watermill/message.(*Router).RunHandlers.func1()
	/Users/jace/go/pkg/mod/github.com/!three!dots!labs/watermill@v1.4.6/message/router.go:460 +0x145
created by github.com/ThreeDotsLabs/watermill/message.(*Router).RunHandlers in goroutine 3776
	/Users/jace/go/pkg/mod/github.com/!three!dots!labs/watermill@v1.4.6/message/router.go:453 +0x606

goroutine 5050 [chan receive, 4 minutes]:
github.com/ThreeDotsLabs/watermill/message.(*handler).run(0xc000d5d2b0, {0x10a337fa0, 0xc000a2da90}, {0xc0004b6000, 0x6, 0xc000711778?})
	/Users/jace/go/pkg/mod/github.com/!three!dots!labs/watermill@v1.4.6/message/router.go:645 +0x2b4
github.com/ThreeDotsLabs/watermill/message.(*Router).RunHandlers.func1()
	/Users/jace/go/pkg/mod/github.com/!three!dots!labs/watermill@v1.4.6/message/router.go:460 +0x145
created by github.com/ThreeDotsLabs/watermill/message.(*Router).RunHandlers in goroutine 4746
	/Users/jace/go/pkg/mod/github.com/!three!dots!labs/watermill@v1.4.6/message/router.go:453 +0x606

goroutine 3920 [select, 4 minutes]:
github.com/nats-io/nats.go/jetstream.(*pullConsumer).Messages.func2()
	/Users/jace/go/pkg/mod/github.com/nats-io/nats.go@v1.41.1/jetstream/pull.go:538 +0x68
created by github.com/nats-io/nats.go/jetstream.(*pullConsumer).Messages in goroutine 3776
	/Users/jace/go/pkg/mod/github.com/nats-io/nats.go@v1.41.1/jetstream/pull.go:536 +0x78a

goroutine 10113 [chan receive, 3 minutes]:
github.com/ThreeDotsLabs/watermill/message.(*messageTransformSubscriberDecorator).Subscribe.func1()
	/Users/jace/go/pkg/mod/github.com/!three!dots!labs/watermill@v1.4.6/message/decorator.go:52 +0x85
created by github.com/ThreeDotsLabs/watermill/message.(*messageTransformSubscriberDecorator).Subscribe in goroutine 10144
	/Users/jace/go/pkg/mod/github.com/!three!dots!labs/watermill@v1.4.6/message/decorator.go:51 +0xc7

goroutine 3519 [select, 4 minutes]:
github.com/nats-io/nats.go/jetstream.(*pullSubscription).pullMessages(0xc000478b40, {0xc00024e3c0, 0x52})
	/Users/jace/go/pkg/mod/github.com/nats-io/nats.go@v1.41.1/jetstream/pull.go:955 +0x91
created by github.com/nats-io/nats.go/jetstream.(*pullConsumer).Messages in goroutine 3776
	/Users/jace/go/pkg/mod/github.com/nats-io/nats.go@v1.41.1/jetstream/pull.go:534 +0x748

goroutine 19152 [select, 2 minutes]:
github.com/nats-io/nats.go/jetstream.(*pullSubscription).Next(0xc00097fdd0)
	/Users/jace/go/pkg/mod/github.com/nats-io/nats.go@v1.41.1/jetstream/pull.go:589 +0x285
github.com/Black-And-White-Club/frolf-bot-shared/eventbus.(*eventBus).Subscribe.func1()
	/Users/jace/Documents/GitHub/frolf-bot-shared/eventbus/eventbus.go:326 +0x169
created by github.com/Black-And-White-Club/frolf-bot-shared/eventbus.(*eventBus).Subscribe in goroutine 18988
	/Users/jace/Documents/GitHub/frolf-bot-shared/eventbus/eventbus.go:315 +0xbf1

goroutine 5182 [select, 4 minutes]:
github.com/nats-io/nats.go/jetstream.(*pullSubscription).Next(0xc000a83050)
	/Users/jace/go/pkg/mod/github.com/nats-io/nats.go@v1.41.1/jetstream/pull.go:589 +0x285
github.com/Black-And-White-Club/frolf-bot-shared/eventbus.(*eventBus).Subscribe.func1()
	/Users/jace/Documents/GitHub/frolf-bot-shared/eventbus/eventbus.go:326 +0x169
created by github.com/Black-And-White-Club/frolf-bot-shared/eventbus.(*eventBus).Subscribe in goroutine 4746
	/Users/jace/Documents/GitHub/frolf-bot-shared/eventbus/eventbus.go:315 +0xbf1

goroutine 13917 [select]:
github.com/nats-io/nats%2ego.(*Conn).doReconnect(0xc000d16308, {0x10a327f28, 0x10acedb30}, 0x0)
	/Users/jace/go/pkg/mod/github.com/nats-io/nats.go@v1.41.1/nats.go:2907 +0x41a
created by github.com/nats-io/nats%2ego.(*Conn).processOpErr in goroutine 13445
	/Users/jace/go/pkg/mod/github.com/nats-io/nats.go@v1.41.1/nats.go:3043 +0x2f3

goroutine 3899 [select, 4 minutes]:
github.com/nats-io/nats.go/jetstream.(*pullSubscription).Next(0xc0001238c0)
	/Users/jace/go/pkg/mod/github.com/nats-io/nats.go@v1.41.1/jetstream/pull.go:589 +0x285
github.com/Black-And-White-Club/frolf-bot-shared/eventbus.(*eventBus).Subscribe.func1()
	/Users/jace/Documents/GitHub/frolf-bot-shared/eventbus/eventbus.go:326 +0x169
created by github.com/Black-And-White-Club/frolf-bot-shared/eventbus.(*eventBus).Subscribe in goroutine 3776
	/Users/jace/Documents/GitHub/frolf-bot-shared/eventbus/eventbus.go:315 +0xbf1

goroutine 6118 [sync.Cond.Wait, 3 minutes]:
sync.runtime_notifyListWait(0xc000e485d0, 0x0)
	/usr/local/Cellar/go/1.24.2/libexec/src/runtime/sema.go:597 +0x159
sync.(*Cond).Wait(0xc000a99960?)
	/usr/local/Cellar/go/1.24.2/libexec/src/sync/cond.go:71 +0x85
github.com/nats-io/nats%2ego.(*asyncCallbacksHandler).asyncCBDispatcher(0xc000a226c0)
	/Users/jace/go/pkg/mod/github.com/nats-io/nats.go@v1.41.1/nats.go:3059 +0xdd
created by github.com/nats-io/nats%2ego.Options.Connect in goroutine 5507
	/Users/jace/go/pkg/mod/github.com/nats-io/nats.go@v1.41.1/nats.go:1635 +0x387

goroutine 13615 [chan receive, 3 minutes]:
github.com/ThreeDotsLabs/watermill/message.(*messageTransformSubscriberDecorator).Subscribe.func1()
	/Users/jace/go/pkg/mod/github.com/!three!dots!labs/watermill@v1.4.6/message/decorator.go:52 +0x85
created by github.com/ThreeDotsLabs/watermill/message.(*messageTransformSubscriberDecorator).Subscribe in goroutine 13489
	/Users/jace/go/pkg/mod/github.com/!three!dots!labs/watermill@v1.4.6/message/decorator.go:51 +0xc7

goroutine 15094 [select, 3 minutes]:
github.com/nats-io/nats.go/jetstream.(*pullConsumer).Messages.func2()
	/Users/jace/go/pkg/mod/github.com/nats-io/nats.go@v1.41.1/jetstream/pull.go:538 +0x68
created by github.com/nats-io/nats.go/jetstream.(*pullConsumer).Messages in goroutine 14800
	/Users/jace/go/pkg/mod/github.com/nats-io/nats.go@v1.41.1/jetstream/pull.go:536 +0x78a

goroutine 3513 [chan receive, 4 minutes]:
github.com/ThreeDotsLabs/watermill/message.(*messageTransformSubscriberDecorator).Subscribe.func1()
	/Users/jace/go/pkg/mod/github.com/!three!dots!labs/watermill@v1.4.6/message/decorator.go:52 +0x85
created by github.com/ThreeDotsLabs/watermill/message.(*messageTransformSubscriberDecorator).Subscribe in goroutine 3776
	/Users/jace/go/pkg/mod/github.com/!three!dots!labs/watermill@v1.4.6/message/decorator.go:51 +0xc7

goroutine 5224 [chan receive, 4 minutes]:
github.com/ThreeDotsLabs/watermill/message.(*handler).run(0xc000d5d520, {0x10a337fa0, 0xc0009b60a0}, {0xc000560000, 0x6, 0x0?})
	/Users/jace/go/pkg/mod/github.com/!three!dots!labs/watermill@v1.4.6/message/router.go:645 +0x2b4
github.com/ThreeDotsLabs/watermill/message.(*Router).RunHandlers.func1()
	/Users/jace/go/pkg/mod/github.com/!three!dots!labs/watermill@v1.4.6/message/router.go:460 +0x145
created by github.com/ThreeDotsLabs/watermill/message.(*Router).RunHandlers in goroutine 4746
	/Users/jace/go/pkg/mod/github.com/!three!dots!labs/watermill@v1.4.6/message/router.go:453 +0x606

goroutine 3034 [sync.WaitGroup.Wait, 4 minutes]:
sync.runtime_SemacquireWaitGroup(0x10acf3150?)
	/usr/local/Cellar/go/1.24.2/libexec/src/runtime/sema.go:110 +0x25
sync.(*WaitGroup).Wait(0x109d20b4c?)
	/usr/local/Cellar/go/1.24.2/libexec/src/sync/waitgroup.go:118 +0x48
github.com/ThreeDotsLabs/watermill/pubsub/sync.WaitGroupTimeout.func1()
	/Users/jace/go/pkg/mod/github.com/!three!dots!labs/watermill@v1.4.6/pubsub/sync/waitgroup.go:13 +0x25
created by github.com/ThreeDotsLabs/watermill/pubsub/sync.WaitGroupTimeout in goroutine 2056
	/Users/jace/go/pkg/mod/github.com/!three!dots!labs/watermill@v1.4.6/pubsub/sync/waitgroup.go:12 +0x85

goroutine 4684 [sync.Cond.Wait, 4 minutes]:
sync.runtime_notifyListWait(0xc00068ba10, 0x0)
	/usr/local/Cellar/go/1.24.2/libexec/src/runtime/sema.go:597 +0x159
sync.(*Cond).Wait(0x10a338010?)
	/usr/local/Cellar/go/1.24.2/libexec/src/sync/cond.go:71 +0x85
github.com/nats-io/nats%2ego.(*asyncCallbacksHandler).asyncCBDispatcher(0xc0008371a0)
	/Users/jace/go/pkg/mod/github.com/nats-io/nats.go@v1.41.1/nats.go:3059 +0xdd
created by github.com/nats-io/nats%2ego.Options.Connect in goroutine 4210
	/Users/jace/go/pkg/mod/github.com/nats-io/nats.go@v1.41.1/nats.go:1635 +0x387

goroutine 4903 [chan receive, 4 minutes]:
github.com/ThreeDotsLabs/watermill/message.(*messageTransformSubscriberDecorator).Subscribe.func1()
	/Users/jace/go/pkg/mod/github.com/!three!dots!labs/watermill@v1.4.6/message/decorator.go:52 +0x85
created by github.com/ThreeDotsLabs/watermill/message.(*messageTransformSubscriberDecorator).Subscribe in goroutine 4746
	/Users/jace/go/pkg/mod/github.com/!three!dots!labs/watermill@v1.4.6/message/decorator.go:51 +0xc7

goroutine 3919 [select, 4 minutes]:
github.com/nats-io/nats.go/jetstream.(*pullSubscription).pullMessages(0xc000a82d80, {0xc000254230, 0x4e})
	/Users/jace/go/pkg/mod/github.com/nats-io/nats.go@v1.41.1/jetstream/pull.go:955 +0x91
created by github.com/nats-io/nats.go/jetstream.(*pullConsumer).Messages in goroutine 3776
	/Users/jace/go/pkg/mod/github.com/nats-io/nats.go@v1.41.1/jetstream/pull.go:534 +0x748

goroutine 3831 [select, 4 minutes]:
github.com/nats-io/nats.go/jetstream.(*pullConsumer).Messages.func2()
	/Users/jace/go/pkg/mod/github.com/nats-io/nats.go@v1.41.1/jetstream/pull.go:538 +0x68
created by github.com/nats-io/nats.go/jetstream.(*pullConsumer).Messages in goroutine 3776
	/Users/jace/go/pkg/mod/github.com/nats-io/nats.go@v1.41.1/jetstream/pull.go:536 +0x78a

goroutine 5181 [select, 4 minutes]:
github.com/nats-io/nats.go/jetstream.(*pullConsumer).Messages.func2()
	/Users/jace/go/pkg/mod/github.com/nats-io/nats.go@v1.41.1/jetstream/pull.go:538 +0x68
created by github.com/nats-io/nats.go/jetstream.(*pullConsumer).Messages in goroutine 4746
	/Users/jace/go/pkg/mod/github.com/nats-io/nats.go@v1.41.1/jetstream/pull.go:536 +0x78a

goroutine 2980 [sync.WaitGroup.Wait, 4 minutes]:
sync.runtime_SemacquireWaitGroup(0x1095ae7c0?)
	/usr/local/Cellar/go/1.24.2/libexec/src/runtime/sema.go:110 +0x25
sync.(*WaitGroup).Wait(0xc0003d33b0?)
	/usr/local/Cellar/go/1.24.2/libexec/src/sync/waitgroup.go:118 +0x48
github.com/ThreeDotsLabs/watermill/message.(*Router).watchAllHandlersStopped.func1()
	/Users/jace/go/pkg/mod/github.com/!three!dots!labs/watermill@v1.4.6/message/router.go:498 +0x86
created by github.com/ThreeDotsLabs/watermill/message.(*Router).watchAllHandlersStopped in goroutine 3776
	/Users/jace/go/pkg/mod/github.com/!three!dots!labs/watermill@v1.4.6/message/router.go:484 +0xec

goroutine 3996 [chan receive, 4 minutes]:
github.com/ThreeDotsLabs/watermill/message.(*messageTransformSubscriberDecorator).Subscribe.func1()
	/Users/jace/go/pkg/mod/github.com/!three!dots!labs/watermill@v1.4.6/message/decorator.go:52 +0x85
created by github.com/ThreeDotsLabs/watermill/message.(*messageTransformSubscriberDecorator).Subscribe in goroutine 3776
	/Users/jace/go/pkg/mod/github.com/!three!dots!labs/watermill@v1.4.6/message/decorator.go:51 +0xc7

goroutine 3824 [select, 4 minutes]:
github.com/nats-io/nats.go/jetstream.(*pullConsumer).Messages.func2()
	/Users/jace/go/pkg/mod/github.com/nats-io/nats.go@v1.41.1/jetstream/pull.go:538 +0x68
created by github.com/nats-io/nats.go/jetstream.(*pullConsumer).Messages in goroutine 3776
	/Users/jace/go/pkg/mod/github.com/nats-io/nats.go@v1.41.1/jetstream/pull.go:536 +0x78a

goroutine 3915 [chan receive, 4 minutes]:
github.com/ThreeDotsLabs/watermill/message.(*messageTransformSubscriberDecorator).Subscribe.func1()
	/Users/jace/go/pkg/mod/github.com/!three!dots!labs/watermill@v1.4.6/message/decorator.go:52 +0x85
created by github.com/ThreeDotsLabs/watermill/message.(*messageTransformSubscriberDecorator).Subscribe in goroutine 3776
	/Users/jace/go/pkg/mod/github.com/!three!dots!labs/watermill@v1.4.6/message/decorator.go:51 +0xc7

goroutine 3838 [select, 4 minutes]:
github.com/nats-io/nats.go/jetstream.(*pullConsumer).Messages.func2()
	/Users/jace/go/pkg/mod/github.com/nats-io/nats.go@v1.41.1/jetstream/pull.go:538 +0x68
created by github.com/nats-io/nats.go/jetstream.(*pullConsumer).Messages in goroutine 3776
	/Users/jace/go/pkg/mod/github.com/nats-io/nats.go@v1.41.1/jetstream/pull.go:536 +0x78a

goroutine 18924 [sync.Cond.Wait, 3 minutes]:
sync.runtime_notifyListWait(0xc000d4c310, 0x1)
	/usr/local/Cellar/go/1.24.2/libexec/src/runtime/sema.go:597 +0x159
sync.(*Cond).Wait(0x0?)
	/usr/local/Cellar/go/1.24.2/libexec/src/sync/cond.go:71 +0x85
github.com/nats-io/nats%2ego.(*Conn).waitForMsgs(0xc0007c1c08, 0xc0007ea870)
	/Users/jace/go/pkg/mod/github.com/nats-io/nats.go@v1.41.1/nats.go:3178 +0xc5
created by github.com/nats-io/nats%2ego.(*Conn).subscribeLocked in goroutine 18245
	/Users/jace/go/pkg/mod/github.com/nats-io/nats.go@v1.41.1/nats.go:4468 +0x419

goroutine 4929 [select, 4 minutes]:
github.com/nats-io/nats.go/jetstream.(*pullConsumer).Messages.func2()
	/Users/jace/go/pkg/mod/github.com/nats-io/nats.go@v1.41.1/jetstream/pull.go:538 +0x68
created by github.com/nats-io/nats.go/jetstream.(*pullConsumer).Messages in goroutine 4746
	/Users/jace/go/pkg/mod/github.com/nats-io/nats.go@v1.41.1/jetstream/pull.go:536 +0x78a

goroutine 6262 [select, 3 minutes]:
github.com/nats-io/nats.go/jetstream.(*pullSubscription).Next(0xc00097f9e0)
	/Users/jace/go/pkg/mod/github.com/nats-io/nats.go@v1.41.1/jetstream/pull.go:589 +0x285
github.com/Black-And-White-Club/frolf-bot-shared/eventbus.(*eventBus).Subscribe.func1()
	/Users/jace/Documents/GitHub/frolf-bot-shared/eventbus/eventbus.go:326 +0x169
created by github.com/Black-And-White-Club/frolf-bot-shared/eventbus.(*eventBus).Subscribe in goroutine 6161
	/Users/jace/Documents/GitHub/frolf-bot-shared/eventbus/eventbus.go:315 +0xbf1

goroutine 3897 [select, 4 minutes]:
github.com/nats-io/nats.go/jetstream.(*pullSubscription).pullMessages(0xc0001238c0, {0xc0007d61e0, 0x50})
	/Users/jace/go/pkg/mod/github.com/nats-io/nats.go@v1.41.1/jetstream/pull.go:955 +0x91
created by github.com/nats-io/nats.go/jetstream.(*pullConsumer).Messages in goroutine 3776
	/Users/jace/go/pkg/mod/github.com/nats-io/nats.go@v1.41.1/jetstream/pull.go:534 +0x748

goroutine 3997 [chan receive, 4 minutes]:
github.com/ThreeDotsLabs/watermill/message.(*handler).run(0xc000d05520, {0x10a337fa0, 0xc000813860}, {0xc0006e0180, 0x6, 0xc0007fbf78?})
	/Users/jace/go/pkg/mod/github.com/!three!dots!labs/watermill@v1.4.6/message/router.go:645 +0x2b4
github.com/ThreeDotsLabs/watermill/message.(*Router).RunHandlers.func1()
	/Users/jace/go/pkg/mod/github.com/!three!dots!labs/watermill@v1.4.6/message/router.go:460 +0x145
created by github.com/ThreeDotsLabs/watermill/message.(*Router).RunHandlers in goroutine 3776
	/Users/jace/go/pkg/mod/github.com/!three!dots!labs/watermill@v1.4.6/message/router.go:453 +0x606

goroutine 3921 [select, 4 minutes]:
github.com/nats-io/nats.go/jetstream.(*pullSubscription).Next(0xc000a82d80)
	/Users/jace/go/pkg/mod/github.com/nats-io/nats.go@v1.41.1/jetstream/pull.go:589 +0x285
github.com/Black-And-White-Club/frolf-bot-shared/eventbus.(*eventBus).Subscribe.func1()
	/Users/jace/Documents/GitHub/frolf-bot-shared/eventbus/eventbus.go:326 +0x169
created by github.com/Black-And-White-Club/frolf-bot-shared/eventbus.(*eventBus).Subscribe in goroutine 3776
	/Users/jace/Documents/GitHub/frolf-bot-shared/eventbus/eventbus.go:315 +0xbf1

goroutine 6723 [select, 3 minutes]:
github.com/nats-io/nats.go/jetstream.(*pullConsumer).Messages.func2()
	/Users/jace/go/pkg/mod/github.com/nats-io/nats.go@v1.41.1/jetstream/pull.go:538 +0x68
created by github.com/nats-io/nats.go/jetstream.(*pullConsumer).Messages in goroutine 6161
	/Users/jace/go/pkg/mod/github.com/nats-io/nats.go@v1.41.1/jetstream/pull.go:536 +0x78a

goroutine 5090 [select, 4 minutes]:
github.com/nats-io/nats.go/jetstream.(*pullSubscription).Next(0xc0004795f0)
	/Users/jace/go/pkg/mod/github.com/nats-io/nats.go@v1.41.1/jetstream/pull.go:589 +0x285
github.com/Black-And-White-Club/frolf-bot-shared/eventbus.(*eventBus).Subscribe.func1()
	/Users/jace/Documents/GitHub/frolf-bot-shared/eventbus/eventbus.go:326 +0x169
created by github.com/Black-And-White-Club/frolf-bot-shared/eventbus.(*eventBus).Subscribe in goroutine 4746
	/Users/jace/Documents/GitHub/frolf-bot-shared/eventbus/eventbus.go:315 +0xbf1

goroutine 3826 [chan receive, 4 minutes]:
github.com/ThreeDotsLabs/watermill/message.(*messageTransformSubscriberDecorator).Subscribe.func1()
	/Users/jace/go/pkg/mod/github.com/!three!dots!labs/watermill@v1.4.6/message/decorator.go:52 +0x85
created by github.com/ThreeDotsLabs/watermill/message.(*messageTransformSubscriberDecorator).Subscribe in goroutine 3776
	/Users/jace/go/pkg/mod/github.com/!three!dots!labs/watermill@v1.4.6/message/decorator.go:51 +0xc7

goroutine 9265 [select]:
github.com/nats-io/nats%2ego.(*Conn).doReconnect(0xc000633108, {0x10a327f28, 0x10acedb30}, 0x0)
	/Users/jace/go/pkg/mod/github.com/nats-io/nats.go@v1.41.1/nats.go:2907 +0x41a
created by github.com/nats-io/nats%2ego.(*Conn).processOpErr in goroutine 6116
	/Users/jace/go/pkg/mod/github.com/nats-io/nats.go@v1.41.1/nats.go:3043 +0x2f3

goroutine 4767 [select, 4 minutes]:
github.com/nats-io/nats.go/jetstream.(*pullSubscription).Next(0xc0004b8480)
	/Users/jace/go/pkg/mod/github.com/nats-io/nats.go@v1.41.1/jetstream/pull.go:589 +0x285
github.com/Black-And-White-Club/frolf-bot-shared/eventbus.(*eventBus).Subscribe.func1()
	/Users/jace/Documents/GitHub/frolf-bot-shared/eventbus/eventbus.go:326 +0x169
created by github.com/Black-And-White-Club/frolf-bot-shared/eventbus.(*eventBus).Subscribe in goroutine 4746
	/Users/jace/Documents/GitHub/frolf-bot-shared/eventbus/eventbus.go:315 +0xbf1

goroutine 3514 [chan receive, 4 minutes]:
github.com/ThreeDotsLabs/watermill/message.(*handler).run(0xc0009ca680, {0x10a337fa0, 0xc0000c4000}, {0xc0006e0000, 0x6, 0x2c7d7b3a22706374?})
	/Users/jace/go/pkg/mod/github.com/!three!dots!labs/watermill@v1.4.6/message/router.go:645 +0x2b4
github.com/ThreeDotsLabs/watermill/message.(*Router).RunHandlers.func1()
	/Users/jace/go/pkg/mod/github.com/!three!dots!labs/watermill@v1.4.6/message/router.go:460 +0x145
created by github.com/ThreeDotsLabs/watermill/message.(*Router).RunHandlers in goroutine 3776
	/Users/jace/go/pkg/mod/github.com/!three!dots!labs/watermill@v1.4.6/message/router.go:453 +0x606

goroutine 19462 [select, 2 minutes]:
github.com/nats-io/nats.go/jetstream.(*pullConsumer).Messages.func2()
	/Users/jace/go/pkg/mod/github.com/nats-io/nats.go@v1.41.1/jetstream/pull.go:538 +0x68
created by github.com/nats-io/nats.go/jetstream.(*pullConsumer).Messages in goroutine 18988
	/Users/jace/go/pkg/mod/github.com/nats-io/nats.go@v1.41.1/jetstream/pull.go:536 +0x78a

goroutine 6808 [select, 3 minutes]:
github.com/nats-io/nats.go/jetstream.(*pullSubscription).Next(0xc000b88a20)
	/Users/jace/go/pkg/mod/github.com/nats-io/nats.go@v1.41.1/jetstream/pull.go:589 +0x285
github.com/Black-And-White-Club/frolf-bot-shared/eventbus.(*eventBus).Subscribe.func1()
	/Users/jace/Documents/GitHub/frolf-bot-shared/eventbus/eventbus.go:326 +0x169
created by github.com/Black-And-White-Club/frolf-bot-shared/eventbus.(*eventBus).Subscribe in goroutine 6161
	/Users/jace/Documents/GitHub/frolf-bot-shared/eventbus/eventbus.go:315 +0xbf1

goroutine 4907 [select, 4 minutes]:
github.com/nats-io/nats.go/jetstream.(*pullConsumer).Messages.func2()
	/Users/jace/go/pkg/mod/github.com/nats-io/nats.go@v1.41.1/jetstream/pull.go:538 +0x68
created by github.com/nats-io/nats.go/jetstream.(*pullConsumer).Messages in goroutine 4746
	/Users/jace/go/pkg/mod/github.com/nats-io/nats.go@v1.41.1/jetstream/pull.go:536 +0x78a

goroutine 3032 [sync.WaitGroup.Wait, 4 minutes]:
sync.runtime_SemacquireWaitGroup(0x0?)
	/usr/local/Cellar/go/1.24.2/libexec/src/runtime/sema.go:110 +0x25
sync.(*WaitGroup).Wait(0xc000d11740?)
	/usr/local/Cellar/go/1.24.2/libexec/src/sync/waitgroup.go:118 +0x48
github.com/ThreeDotsLabs/watermill/message.(*Router).waitForHandlers.func1()
	/Users/jace/go/pkg/mod/github.com/!three!dots!labs/watermill@v1.4.6/message/router.go:579 +0x4b
created by github.com/ThreeDotsLabs/watermill/message.(*Router).waitForHandlers in goroutine 2056
	/Users/jace/go/pkg/mod/github.com/!three!dots!labs/watermill@v1.4.6/message/router.go:577 +0x87

goroutine 2816 [sync.WaitGroup.Wait, 4 minutes]:
sync.runtime_SemacquireWaitGroup(0x1095ae7c0?)
	/usr/local/Cellar/go/1.24.2/libexec/src/runtime/sema.go:110 +0x25
sync.(*WaitGroup).Wait(0x0?)
	/usr/local/Cellar/go/1.24.2/libexec/src/sync/waitgroup.go:118 +0x48
github.com/ThreeDotsLabs/watermill/message.(*Router).watchAllHandlersStopped.func1()
	/Users/jace/go/pkg/mod/github.com/!three!dots!labs/watermill@v1.4.6/message/router.go:498 +0x86
created by github.com/ThreeDotsLabs/watermill/message.(*Router).watchAllHandlersStopped in goroutine 2815
	/Users/jace/go/pkg/mod/github.com/!three!dots!labs/watermill@v1.4.6/message/router.go:484 +0xec

goroutine 2839 [select, 4 minutes]:
github.com/nats-io/nats.go/jetstream.(*pullConsumer).Messages.func2()
	/Users/jace/go/pkg/mod/github.com/nats-io/nats.go@v1.41.1/jetstream/pull.go:538 +0x68
created by github.com/nats-io/nats.go/jetstream.(*pullConsumer).Messages in goroutine 2815
	/Users/jace/go/pkg/mod/github.com/nats-io/nats.go@v1.41.1/jetstream/pull.go:536 +0x78a

goroutine 3511 [select, 4 minutes]:
github.com/nats-io/nats.go/jetstream.(*pullConsumer).Messages.func2()
	/Users/jace/go/pkg/mod/github.com/nats-io/nats.go@v1.41.1/jetstream/pull.go:538 +0x68
created by github.com/nats-io/nats.go/jetstream.(*pullConsumer).Messages in goroutine 3776
	/Users/jace/go/pkg/mod/github.com/nats-io/nats.go@v1.41.1/jetstream/pull.go:536 +0x78a

goroutine 2867 [select, 4 minutes]:
github.com/nats-io/nats.go/jetstream.(*pullSubscription).pullMessages(0xc00055a900, {0xc0008060f0, 0x4b})
	/Users/jace/go/pkg/mod/github.com/nats-io/nats.go@v1.41.1/jetstream/pull.go:955 +0x91
created by github.com/nats-io/nats.go/jetstream.(*pullConsumer).Messages in goroutine 2815
	/Users/jace/go/pkg/mod/github.com/nats-io/nats.go@v1.41.1/jetstream/pull.go:534 +0x748

goroutine 2868 [select, 4 minutes]:
github.com/nats-io/nats.go/jetstream.(*pullConsumer).Messages.func2()
	/Users/jace/go/pkg/mod/github.com/nats-io/nats.go@v1.41.1/jetstream/pull.go:538 +0x68
created by github.com/nats-io/nats.go/jetstream.(*pullConsumer).Messages in goroutine 2815
	/Users/jace/go/pkg/mod/github.com/nats-io/nats.go@v1.41.1/jetstream/pull.go:536 +0x78a

goroutine 2869 [select, 4 minutes]:
github.com/nats-io/nats.go/jetstream.(*pullSubscription).Next(0xc00055a900)
	/Users/jace/go/pkg/mod/github.com/nats-io/nats.go@v1.41.1/jetstream/pull.go:589 +0x285
github.com/Black-And-White-Club/frolf-bot-shared/eventbus.(*eventBus).Subscribe.func1()
	/Users/jace/Documents/GitHub/frolf-bot-shared/eventbus/eventbus.go:326 +0x169
created by github.com/Black-And-White-Club/frolf-bot-shared/eventbus.(*eventBus).Subscribe in goroutine 2815
	/Users/jace/Documents/GitHub/frolf-bot-shared/eventbus/eventbus.go:315 +0xbf1

goroutine 2870 [chan receive, 4 minutes]:
github.com/ThreeDotsLabs/watermill/message.(*messageTransformSubscriberDecorator).Subscribe.func1()
	/Users/jace/go/pkg/mod/github.com/!three!dots!labs/watermill@v1.4.6/message/decorator.go:52 +0x85
created by github.com/ThreeDotsLabs/watermill/message.(*messageTransformSubscriberDecorator).Subscribe in goroutine 2815
	/Users/jace/go/pkg/mod/github.com/!three!dots!labs/watermill@v1.4.6/message/decorator.go:51 +0xc7

goroutine 2871 [chan receive, 4 minutes]:
github.com/ThreeDotsLabs/watermill/message.(*handler).run(0xc000a70820, {0x10a337fa0, 0xc0005ae500}, {0xc0001fc540, 0x6, 0x0?})
	/Users/jace/go/pkg/mod/github.com/!three!dots!labs/watermill@v1.4.6/message/router.go:645 +0x2b4
github.com/ThreeDotsLabs/watermill/message.(*Router).RunHandlers.func1()
	/Users/jace/go/pkg/mod/github.com/!three!dots!labs/watermill@v1.4.6/message/router.go:460 +0x145
created by github.com/ThreeDotsLabs/watermill/message.(*Router).RunHandlers in goroutine 2815
	/Users/jace/go/pkg/mod/github.com/!three!dots!labs/watermill@v1.4.6/message/router.go:453 +0x606

goroutine 13616 [chan receive, 3 minutes]:
github.com/ThreeDotsLabs/watermill/message.(*handler).run(0xc00111e410, {0x10a337fa0, 0xc000914690}, {0xc0014b40c0, 0x6, 0xc000524f78?})
	/Users/jace/go/pkg/mod/github.com/!three!dots!labs/watermill@v1.4.6/message/router.go:645 +0x2b4
github.com/ThreeDotsLabs/watermill/message.(*Router).RunHandlers.func1()
	/Users/jace/go/pkg/mod/github.com/!three!dots!labs/watermill@v1.4.6/message/router.go:460 +0x145
created by github.com/ThreeDotsLabs/watermill/message.(*Router).RunHandlers in goroutine 13489
	/Users/jace/go/pkg/mod/github.com/!three!dots!labs/watermill@v1.4.6/message/router.go:453 +0x606

goroutine 2896 [select, 4 minutes]:
github.com/nats-io/nats.go/jetstream.(*pullSubscription).Next(0xc0004b9440)
	/Users/jace/go/pkg/mod/github.com/nats-io/nats.go@v1.41.1/jetstream/pull.go:589 +0x285
github.com/Black-And-White-Club/frolf-bot-shared/eventbus.(*eventBus).Subscribe.func1()
	/Users/jace/Documents/GitHub/frolf-bot-shared/eventbus/eventbus.go:326 +0x169
created by github.com/Black-And-White-Club/frolf-bot-shared/eventbus.(*eventBus).Subscribe in goroutine 2815
	/Users/jace/Documents/GitHub/frolf-bot-shared/eventbus/eventbus.go:315 +0xbf1

goroutine 2894 [select, 4 minutes]:
github.com/nats-io/nats.go/jetstream.(*pullSubscription).pullMessages(0xc0004b9440, {0xc0005e81e0, 0x47})
	/Users/jace/go/pkg/mod/github.com/nats-io/nats.go@v1.41.1/jetstream/pull.go:955 +0x91
created by github.com/nats-io/nats.go/jetstream.(*pullConsumer).Messages in goroutine 2815
	/Users/jace/go/pkg/mod/github.com/nats-io/nats.go@v1.41.1/jetstream/pull.go:534 +0x748

goroutine 3814 [chan receive, 4 minutes]:
github.com/ThreeDotsLabs/watermill/message.(*messageTransformSubscriberDecorator).Subscribe.func1()
	/Users/jace/go/pkg/mod/github.com/!three!dots!labs/watermill@v1.4.6/message/decorator.go:52 +0x85
created by github.com/ThreeDotsLabs/watermill/message.(*messageTransformSubscriberDecorator).Subscribe in goroutine 3776
	/Users/jace/go/pkg/mod/github.com/!three!dots!labs/watermill@v1.4.6/message/decorator.go:51 +0xc7

goroutine 3014 [chan receive, 4 minutes]:
github.com/ThreeDotsLabs/watermill/message.(*handler).run(0xc000a701a0, {0x10a337fa0, 0xc0005af6d0}, {0xc000294240, 0x6, 0x0?})
	/Users/jace/go/pkg/mod/github.com/!three!dots!labs/watermill@v1.4.6/message/router.go:645 +0x2b4
github.com/ThreeDotsLabs/watermill/message.(*Router).RunHandlers.func1()
	/Users/jace/go/pkg/mod/github.com/!three!dots!labs/watermill@v1.4.6/message/router.go:460 +0x145
created by github.com/ThreeDotsLabs/watermill/message.(*Router).RunHandlers in goroutine 2815
	/Users/jace/go/pkg/mod/github.com/!three!dots!labs/watermill@v1.4.6/message/router.go:453 +0x606

goroutine 10233 [select, 3 minutes]:
github.com/nats-io/nats.go/jetstream.(*pullSubscription).pullMessages(0xc00038d7a0, {0xc0006c5f80, 0x3f})
	/Users/jace/go/pkg/mod/github.com/nats-io/nats.go@v1.41.1/jetstream/pull.go:955 +0x91
created by github.com/nats-io/nats.go/jetstream.(*pullConsumer).Messages in goroutine 10144
	/Users/jace/go/pkg/mod/github.com/nats-io/nats.go@v1.41.1/jetstream/pull.go:534 +0x748

goroutine 3922 [chan receive, 4 minutes]:
github.com/ThreeDotsLabs/watermill/message.(*messageTransformSubscriberDecorator).Subscribe.func1()
	/Users/jace/go/pkg/mod/github.com/!three!dots!labs/watermill@v1.4.6/message/decorator.go:52 +0x85
created by github.com/ThreeDotsLabs/watermill/message.(*messageTransformSubscriberDecorator).Subscribe in goroutine 3776
	/Users/jace/go/pkg/mod/github.com/!three!dots!labs/watermill@v1.4.6/message/decorator.go:51 +0xc7

goroutine 3004 [select, 4 minutes]:
github.com/nats-io/nats.go/jetstream.(*pullSubscription).Next(0xc00038d200)
	/Users/jace/go/pkg/mod/github.com/nats-io/nats.go@v1.41.1/jetstream/pull.go:589 +0x285
github.com/Black-And-White-Club/frolf-bot-shared/eventbus.(*eventBus).Subscribe.func1()
	/Users/jace/Documents/GitHub/frolf-bot-shared/eventbus/eventbus.go:326 +0x169
created by github.com/Black-And-White-Club/frolf-bot-shared/eventbus.(*eventBus).Subscribe in goroutine 2815
	/Users/jace/Documents/GitHub/frolf-bot-shared/eventbus/eventbus.go:315 +0xbf1

goroutine 5084 [chan receive, 4 minutes]:
github.com/ThreeDotsLabs/watermill/message.(*handler).run(0xc000d5dad0, {0x10a337fa0, 0xc0005af310}, {0xc0000f80c0, 0x6, 0xc000b6df78?})
	/Users/jace/go/pkg/mod/github.com/!three!dots!labs/watermill@v1.4.6/message/router.go:645 +0x2b4
github.com/ThreeDotsLabs/watermill/message.(*Router).RunHandlers.func1()
	/Users/jace/go/pkg/mod/github.com/!three!dots!labs/watermill@v1.4.6/message/router.go:460 +0x145
created by github.com/ThreeDotsLabs/watermill/message.(*Router).RunHandlers in goroutine 4746
	/Users/jace/go/pkg/mod/github.com/!three!dots!labs/watermill@v1.4.6/message/router.go:453 +0x606

goroutine 4699 [select, 4 minutes]:
github.com/nats-io/nats.go/jetstream.(*pullSubscription).Next(0xc0007f2f30)
	/Users/jace/go/pkg/mod/github.com/nats-io/nats.go@v1.41.1/jetstream/pull.go:589 +0x285
github.com/Black-And-White-Club/frolf-bot-shared/eventbus.(*eventBus).Subscribe.func1()
	/Users/jace/Documents/GitHub/frolf-bot-shared/eventbus/eventbus.go:326 +0x169
created by github.com/Black-And-White-Club/frolf-bot-shared/eventbus.(*eventBus).Subscribe in goroutine 4746
	/Users/jace/Documents/GitHub/frolf-bot-shared/eventbus/eventbus.go:315 +0xbf1

goroutine 23199 [chan receive, 2 minutes]:
github.com/ThreeDotsLabs/watermill/message.(*messageTransformSubscriberDecorator).Subscribe.func1()
	/Users/jace/go/pkg/mod/github.com/!three!dots!labs/watermill@v1.4.6/message/decorator.go:52 +0x85
created by github.com/ThreeDotsLabs/watermill/message.(*messageTransformSubscriberDecorator).Subscribe in goroutine 23038
	/Users/jace/go/pkg/mod/github.com/!three!dots!labs/watermill@v1.4.6/message/decorator.go:51 +0xc7

goroutine 3002 [select, 4 minutes]:
github.com/nats-io/nats.go/jetstream.(*pullSubscription).pullMessages(0xc00038d200, {0xc0008b23c0, 0x4b})
	/Users/jace/go/pkg/mod/github.com/nats-io/nats.go@v1.41.1/jetstream/pull.go:955 +0x91
created by github.com/nats-io/nats.go/jetstream.(*pullConsumer).Messages in goroutine 2815
	/Users/jace/go/pkg/mod/github.com/nats-io/nats.go@v1.41.1/jetstream/pull.go:534 +0x748

goroutine 27397 [select, 2 minutes]:
github.com/nats-io/nats.go/jetstream.(*pullSubscription).Next(0xc0015902d0)
	/Users/jace/go/pkg/mod/github.com/nats-io/nats.go@v1.41.1/jetstream/pull.go:589 +0x285
github.com/Black-And-White-Club/frolf-bot-shared/eventbus.(*eventBus).Subscribe.func1()
	/Users/jace/Documents/GitHub/frolf-bot-shared/eventbus/eventbus.go:326 +0x169
created by github.com/Black-And-White-Club/frolf-bot-shared/eventbus.(*eventBus).Subscribe in goroutine 27088
	/Users/jace/Documents/GitHub/frolf-bot-shared/eventbus/eventbus.go:315 +0xbf1

goroutine 3834 [chan receive, 4 minutes]:
github.com/ThreeDotsLabs/watermill/message.(*handler).run(0xc000d051e0, {0x10a337fa0, 0xc0000c4780}, {0xc00049c000, 0x6, 0x0?})
	/Users/jace/go/pkg/mod/github.com/!three!dots!labs/watermill@v1.4.6/message/router.go:645 +0x2b4
github.com/ThreeDotsLabs/watermill/message.(*Router).RunHandlers.func1()
	/Users/jace/go/pkg/mod/github.com/!three!dots!labs/watermill@v1.4.6/message/router.go:460 +0x145
created by github.com/ThreeDotsLabs/watermill/message.(*Router).RunHandlers in goroutine 3776
	/Users/jace/go/pkg/mod/github.com/!three!dots!labs/watermill@v1.4.6/message/router.go:453 +0x606

goroutine 3005 [chan receive, 4 minutes]:
github.com/ThreeDotsLabs/watermill/message.(*messageTransformSubscriberDecorator).Subscribe.func1()
	/Users/jace/go/pkg/mod/github.com/!three!dots!labs/watermill@v1.4.6/message/decorator.go:52 +0x85
created by github.com/ThreeDotsLabs/watermill/message.(*messageTransformSubscriberDecorator).Subscribe in goroutine 2815
	/Users/jace/go/pkg/mod/github.com/!three!dots!labs/watermill@v1.4.6/message/decorator.go:51 +0xc7

goroutine 3813 [select, 4 minutes]:
github.com/nats-io/nats.go/jetstream.(*pullSubscription).Next(0xc000b89440)
	/Users/jace/go/pkg/mod/github.com/nats-io/nats.go@v1.41.1/jetstream/pull.go:589 +0x285
github.com/Black-And-White-Club/frolf-bot-shared/eventbus.(*eventBus).Subscribe.func1()
	/Users/jace/Documents/GitHub/frolf-bot-shared/eventbus/eventbus.go:326 +0x169
created by github.com/Black-And-White-Club/frolf-bot-shared/eventbus.(*eventBus).Subscribe in goroutine 3776
	/Users/jace/Documents/GitHub/frolf-bot-shared/eventbus/eventbus.go:315 +0xbf1

goroutine 31455 [chan receive, 2 minutes]:
github.com/ThreeDotsLabs/watermill/message.(*handler).run(0xc000173380, {0x10a337fa0, 0xc001530320}, {0xc000fecfc0, 0x6, 0xc00186af78?})
	/Users/jace/go/pkg/mod/github.com/!three!dots!labs/watermill@v1.4.6/message/router.go:645 +0x2b4
github.com/ThreeDotsLabs/watermill/message.(*Router).RunHandlers.func1()
	/Users/jace/go/pkg/mod/github.com/!three!dots!labs/watermill@v1.4.6/message/router.go:460 +0x145
created by github.com/ThreeDotsLabs/watermill/message.(*Router).RunHandlers in goroutine 32049
	/Users/jace/go/pkg/mod/github.com/!three!dots!labs/watermill@v1.4.6/message/router.go:453 +0x606

goroutine 4113 [chan receive, 4 minutes]:
github.com/ThreeDotsLabs/watermill/message.(*messageTransformSubscriberDecorator).Subscribe.func1()
	/Users/jace/go/pkg/mod/github.com/!three!dots!labs/watermill@v1.4.6/message/decorator.go:52 +0x85
created by github.com/ThreeDotsLabs/watermill/message.(*messageTransformSubscriberDecorator).Subscribe in goroutine 3776
	/Users/jace/go/pkg/mod/github.com/!three!dots!labs/watermill@v1.4.6/message/decorator.go:51 +0xc7

goroutine 3013 [chan receive, 4 minutes]:
github.com/ThreeDotsLabs/watermill/message.(*messageTransformSubscriberDecorator).Subscribe.func1()
	/Users/jace/go/pkg/mod/github.com/!three!dots!labs/watermill@v1.4.6/message/decorator.go:52 +0x85
created by github.com/ThreeDotsLabs/watermill/message.(*messageTransformSubscriberDecorator).Subscribe in goroutine 2815
	/Users/jace/go/pkg/mod/github.com/!three!dots!labs/watermill@v1.4.6/message/decorator.go:51 +0xc7

goroutine 3012 [select, 4 minutes]:
github.com/nats-io/nats.go/jetstream.(*pullSubscription).Next(0xc000709cb0)
	/Users/jace/go/pkg/mod/github.com/nats-io/nats.go@v1.41.1/jetstream/pull.go:589 +0x285
github.com/Black-And-White-Club/frolf-bot-shared/eventbus.(*eventBus).Subscribe.func1()
	/Users/jace/Documents/GitHub/frolf-bot-shared/eventbus/eventbus.go:326 +0x169
created by github.com/Black-And-White-Club/frolf-bot-shared/eventbus.(*eventBus).Subscribe in goroutine 2815
	/Users/jace/Documents/GitHub/frolf-bot-shared/eventbus/eventbus.go:315 +0xbf1

goroutine 3010 [select, 4 minutes]:
github.com/nats-io/nats.go/jetstream.(*pullSubscription).pullMessages(0xc000709cb0, {0xc000254410, 0x45})
	/Users/jace/go/pkg/mod/github.com/nats-io/nats.go@v1.41.1/jetstream/pull.go:955 +0x91
created by github.com/nats-io/nats.go/jetstream.(*pullConsumer).Messages in goroutine 2815
	/Users/jace/go/pkg/mod/github.com/nats-io/nats.go@v1.41.1/jetstream/pull.go:534 +0x748

goroutine 4140 [select]:
github.com/nats-io/nats%2ego.(*Conn).doReconnect(0xc00002fc08, {0x10a327f28, 0x10acedb30}, 0x0)
	/Users/jace/go/pkg/mod/github.com/nats-io/nats.go@v1.41.1/nats.go:2907 +0x41a
created by github.com/nats-io/nats%2ego.(*Conn).processOpErr in goroutine 3717
	/Users/jace/go/pkg/mod/github.com/nats-io/nats.go@v1.41.1/nats.go:3043 +0x2f3

goroutine 3140 [chan receive, 4 minutes]:
github.com/ThreeDotsLabs/watermill/message.(*handler).run(0xc0007d3e10, {0x10a337fa0, 0xc0007ae5a0}, {0xc00062c3c0, 0x6, 0x0?})
	/Users/jace/go/pkg/mod/github.com/!three!dots!labs/watermill@v1.4.6/message/router.go:645 +0x2b4
github.com/ThreeDotsLabs/watermill/message.(*Router).RunHandlers.func1()
	/Users/jace/go/pkg/mod/github.com/!three!dots!labs/watermill@v1.4.6/message/router.go:460 +0x145
created by github.com/ThreeDotsLabs/watermill/message.(*Router).RunHandlers in goroutine 2815
	/Users/jace/go/pkg/mod/github.com/!three!dots!labs/watermill@v1.4.6/message/router.go:453 +0x606

goroutine 5223 [chan receive, 4 minutes]:
github.com/ThreeDotsLabs/watermill/message.(*messageTransformSubscriberDecorator).Subscribe.func1()
	/Users/jace/go/pkg/mod/github.com/!three!dots!labs/watermill@v1.4.6/message/decorator.go:52 +0x85
created by github.com/ThreeDotsLabs/watermill/message.(*messageTransformSubscriberDecorator).Subscribe in goroutine 4746
	/Users/jace/go/pkg/mod/github.com/!three!dots!labs/watermill@v1.4.6/message/decorator.go:51 +0xc7

goroutine 2968 [select, 4 minutes]:
github.com/nats-io/nats.go/jetstream.(*pullSubscription).pullMessages(0xc0007c5440, {0xc00024e120, 0x58})
	/Users/jace/go/pkg/mod/github.com/nats-io/nats.go@v1.41.1/jetstream/pull.go:955 +0x91
created by github.com/nats-io/nats.go/jetstream.(*pullConsumer).Messages in goroutine 2815
	/Users/jace/go/pkg/mod/github.com/nats-io/nats.go@v1.41.1/jetstream/pull.go:534 +0x748

goroutine 2969 [select, 4 minutes]:
github.com/nats-io/nats.go/jetstream.(*pullConsumer).Messages.func2()
	/Users/jace/go/pkg/mod/github.com/nats-io/nats.go@v1.41.1/jetstream/pull.go:538 +0x68
created by github.com/nats-io/nats.go/jetstream.(*pullConsumer).Messages in goroutine 2815
	/Users/jace/go/pkg/mod/github.com/nats-io/nats.go@v1.41.1/jetstream/pull.go:536 +0x78a

goroutine 2970 [select, 4 minutes]:
github.com/nats-io/nats.go/jetstream.(*pullSubscription).Next(0xc0007c5440)
	/Users/jace/go/pkg/mod/github.com/nats-io/nats.go@v1.41.1/jetstream/pull.go:589 +0x285
github.com/Black-And-White-Club/frolf-bot-shared/eventbus.(*eventBus).Subscribe.func1()
	/Users/jace/Documents/GitHub/frolf-bot-shared/eventbus/eventbus.go:326 +0x169
created by github.com/Black-And-White-Club/frolf-bot-shared/eventbus.(*eventBus).Subscribe in goroutine 2815
	/Users/jace/Documents/GitHub/frolf-bot-shared/eventbus/eventbus.go:315 +0xbf1

goroutine 2971 [chan receive, 4 minutes]:
github.com/ThreeDotsLabs/watermill/message.(*messageTransformSubscriberDecorator).Subscribe.func1()
	/Users/jace/go/pkg/mod/github.com/!three!dots!labs/watermill@v1.4.6/message/decorator.go:52 +0x85
created by github.com/ThreeDotsLabs/watermill/message.(*messageTransformSubscriberDecorator).Subscribe in goroutine 2815
	/Users/jace/go/pkg/mod/github.com/!three!dots!labs/watermill@v1.4.6/message/decorator.go:51 +0xc7

goroutine 2972 [chan receive, 4 minutes]:
github.com/ThreeDotsLabs/watermill/message.(*handler).run(0xc0007d3860, {0x10a337fa0, 0xc000a2c780}, {0xc000156300, 0x6, 0x0?})
	/Users/jace/go/pkg/mod/github.com/!three!dots!labs/watermill@v1.4.6/message/router.go:645 +0x2b4
github.com/ThreeDotsLabs/watermill/message.(*Router).RunHandlers.func1()
	/Users/jace/go/pkg/mod/github.com/!three!dots!labs/watermill@v1.4.6/message/router.go:460 +0x145
created by github.com/ThreeDotsLabs/watermill/message.(*Router).RunHandlers in goroutine 2815
	/Users/jace/go/pkg/mod/github.com/!three!dots!labs/watermill@v1.4.6/message/router.go:453 +0x606

goroutine 11295 [chan receive, 3 minutes]:
github.com/ThreeDotsLabs/watermill/message.(*handler).run(0xc000d7a9c0, {0x10a337fa0, 0xc000994c30}, {0xc0004580c0, 0x6, 0x0?})
	/Users/jace/go/pkg/mod/github.com/!three!dots!labs/watermill@v1.4.6/message/router.go:645 +0x2b4
github.com/ThreeDotsLabs/watermill/message.(*Router).RunHandlers.func1()
	/Users/jace/go/pkg/mod/github.com/!three!dots!labs/watermill@v1.4.6/message/router.go:460 +0x145
created by github.com/ThreeDotsLabs/watermill/message.(*Router).RunHandlers in goroutine 11006
	/Users/jace/go/pkg/mod/github.com/!three!dots!labs/watermill@v1.4.6/message/router.go:453 +0x606

goroutine 3138 [select, 4 minutes]:
github.com/nats-io/nats.go/jetstream.(*pullSubscription).Next(0xc000b882d0)
	/Users/jace/go/pkg/mod/github.com/nats-io/nats.go@v1.41.1/jetstream/pull.go:589 +0x285
github.com/Black-And-White-Club/frolf-bot-shared/eventbus.(*eventBus).Subscribe.func1()
	/Users/jace/Documents/GitHub/frolf-bot-shared/eventbus/eventbus.go:326 +0x169
created by github.com/Black-And-White-Club/frolf-bot-shared/eventbus.(*eventBus).Subscribe in goroutine 2815
	/Users/jace/Documents/GitHub/frolf-bot-shared/eventbus/eventbus.go:315 +0xbf1

goroutine 3825 [select, 4 minutes]:
github.com/nats-io/nats.go/jetstream.(*pullSubscription).Next(0xc00055ab40)
	/Users/jace/go/pkg/mod/github.com/nats-io/nats.go@v1.41.1/jetstream/pull.go:589 +0x285
github.com/Black-And-White-Club/frolf-bot-shared/eventbus.(*eventBus).Subscribe.func1()
	/Users/jace/Documents/GitHub/frolf-bot-shared/eventbus/eventbus.go:326 +0x169
created by github.com/Black-And-White-Club/frolf-bot-shared/eventbus.(*eventBus).Subscribe in goroutine 3776
	/Users/jace/Documents/GitHub/frolf-bot-shared/eventbus/eventbus.go:315 +0xbf1

goroutine 5024 [chan receive, 4 minutes]:
github.com/ThreeDotsLabs/watermill/message.(*messageTransformSubscriberDecorator).Subscribe.func1()
	/Users/jace/go/pkg/mod/github.com/!three!dots!labs/watermill@v1.4.6/message/decorator.go:52 +0x85
created by github.com/ThreeDotsLabs/watermill/message.(*messageTransformSubscriberDecorator).Subscribe in goroutine 4746
	/Users/jace/go/pkg/mod/github.com/!three!dots!labs/watermill@v1.4.6/message/decorator.go:51 +0xc7

goroutine 3120 [select, 4 minutes]:
github.com/nats-io/nats.go/jetstream.(*pullSubscription).pullMessages(0xc000a823f0, {0xc000144060, 0x5a})
	/Users/jace/go/pkg/mod/github.com/nats-io/nats.go@v1.41.1/jetstream/pull.go:955 +0x91
created by github.com/nats-io/nats.go/jetstream.(*pullConsumer).Messages in goroutine 3776
	/Users/jace/go/pkg/mod/github.com/nats-io/nats.go@v1.41.1/jetstream/pull.go:534 +0x748

goroutine 13768 [chan receive, 3 minutes]:
github.com/ThreeDotsLabs/watermill/message.(*messageTransformSubscriberDecorator).Subscribe.func1()
	/Users/jace/go/pkg/mod/github.com/!three!dots!labs/watermill@v1.4.6/message/decorator.go:52 +0x85
created by github.com/ThreeDotsLabs/watermill/message.(*messageTransformSubscriberDecorator).Subscribe in goroutine 13489
	/Users/jace/go/pkg/mod/github.com/!three!dots!labs/watermill@v1.4.6/message/decorator.go:51 +0xc7

goroutine 4119 [chan receive, 4 minutes]:
github.com/ThreeDotsLabs/watermill/message.(*messageTransformSubscriberDecorator).Subscribe.func1()
	/Users/jace/go/pkg/mod/github.com/!three!dots!labs/watermill@v1.4.6/message/decorator.go:52 +0x85
created by github.com/ThreeDotsLabs/watermill/message.(*messageTransformSubscriberDecorator).Subscribe in goroutine 3776
	/Users/jace/go/pkg/mod/github.com/!three!dots!labs/watermill@v1.4.6/message/decorator.go:51 +0xc7

goroutine 3811 [select, 4 minutes]:
github.com/nats-io/nats.go/jetstream.(*pullSubscription).pullMessages(0xc000b89440, {0xc00093e660, 0x58})
	/Users/jace/go/pkg/mod/github.com/nats-io/nats.go@v1.41.1/jetstream/pull.go:955 +0x91
created by github.com/nats-io/nats.go/jetstream.(*pullConsumer).Messages in goroutine 3776
	/Users/jace/go/pkg/mod/github.com/nats-io/nats.go@v1.41.1/jetstream/pull.go:534 +0x748

goroutine 3731 [sync.Cond.Wait, 4 minutes]:
sync.runtime_notifyListWait(0xc00068bd50, 0x38)
	/usr/local/Cellar/go/1.24.2/libexec/src/runtime/sema.go:597 +0x159
sync.(*Cond).Wait(0x10000010a337fa0?)
	/usr/local/Cellar/go/1.24.2/libexec/src/sync/cond.go:71 +0x85
github.com/nats-io/nats%2ego.(*Conn).waitForMsgs(0xc000631508, 0xc0009905a0)
	/Users/jace/go/pkg/mod/github.com/nats-io/nats.go@v1.41.1/nats.go:3178 +0xc5
created by github.com/nats-io/nats%2ego.(*Conn).subscribeLocked in goroutine 3041
	/Users/jace/go/pkg/mod/github.com/nats-io/nats.go@v1.41.1/nats.go:4468 +0x419

goroutine 4909 [chan receive, 4 minutes]:
github.com/ThreeDotsLabs/watermill/message.(*messageTransformSubscriberDecorator).Subscribe.func1()
	/Users/jace/go/pkg/mod/github.com/!three!dots!labs/watermill@v1.4.6/message/decorator.go:52 +0x85
created by github.com/ThreeDotsLabs/watermill/message.(*messageTransformSubscriberDecorator).Subscribe in goroutine 4746
	/Users/jace/go/pkg/mod/github.com/!three!dots!labs/watermill@v1.4.6/message/decorator.go:51 +0xc7

goroutine 3099 [chan receive, 4 minutes]:
github.com/ThreeDotsLabs/watermill/message.(*messageTransformSubscriberDecorator).Subscribe.func1()
	/Users/jace/go/pkg/mod/github.com/!three!dots!labs/watermill@v1.4.6/message/decorator.go:52 +0x85
created by github.com/ThreeDotsLabs/watermill/message.(*messageTransformSubscriberDecorator).Subscribe in goroutine 2815
	/Users/jace/go/pkg/mod/github.com/!three!dots!labs/watermill@v1.4.6/message/decorator.go:51 +0xc7

goroutine 3100 [chan receive, 4 minutes]:
github.com/ThreeDotsLabs/watermill/message.(*handler).run(0xc0007d3380, {0x10a337fa0, 0xc000995720}, {0xc0003ec180, 0x6, 0x6d65722d746e6170?})
	/Users/jace/go/pkg/mod/github.com/!three!dots!labs/watermill@v1.4.6/message/router.go:645 +0x2b4
github.com/ThreeDotsLabs/watermill/message.(*Router).RunHandlers.func1()
	/Users/jace/go/pkg/mod/github.com/!three!dots!labs/watermill@v1.4.6/message/router.go:460 +0x145
created by github.com/ThreeDotsLabs/watermill/message.(*Router).RunHandlers in goroutine 2815
	/Users/jace/go/pkg/mod/github.com/!three!dots!labs/watermill@v1.4.6/message/router.go:453 +0x606

goroutine 5157 [chan receive, 4 minutes]:
github.com/ThreeDotsLabs/watermill/message.(*messageTransformSubscriberDecorator).Subscribe.func1()
	/Users/jace/go/pkg/mod/github.com/!three!dots!labs/watermill@v1.4.6/message/decorator.go:52 +0x85
created by github.com/ThreeDotsLabs/watermill/message.(*messageTransformSubscriberDecorator).Subscribe in goroutine 4746
	/Users/jace/go/pkg/mod/github.com/!three!dots!labs/watermill@v1.4.6/message/decorator.go:51 +0xc7

goroutine 3124 [select, 4 minutes]:
github.com/nats-io/nats.go/jetstream.(*pullConsumer).Messages.func2()
	/Users/jace/go/pkg/mod/github.com/nats-io/nats.go@v1.41.1/jetstream/pull.go:538 +0x68
created by github.com/nats-io/nats.go/jetstream.(*pullConsumer).Messages in goroutine 2815
	/Users/jace/go/pkg/mod/github.com/nats-io/nats.go@v1.41.1/jetstream/pull.go:536 +0x78a

goroutine 3125 [select, 4 minutes]:
github.com/nats-io/nats.go/jetstream.(*pullSubscription).Next(0xc000a835f0)
	/Users/jace/go/pkg/mod/github.com/nats-io/nats.go@v1.41.1/jetstream/pull.go:589 +0x285
github.com/Black-And-White-Club/frolf-bot-shared/eventbus.(*eventBus).Subscribe.func1()
	/Users/jace/Documents/GitHub/frolf-bot-shared/eventbus/eventbus.go:326 +0x169
created by github.com/Black-And-White-Club/frolf-bot-shared/eventbus.(*eventBus).Subscribe in goroutine 2815
	/Users/jace/Documents/GitHub/frolf-bot-shared/eventbus/eventbus.go:315 +0xbf1

goroutine 3126 [chan receive, 4 minutes]:
github.com/ThreeDotsLabs/watermill/message.(*messageTransformSubscriberDecorator).Subscribe.func1()
	/Users/jace/go/pkg/mod/github.com/!three!dots!labs/watermill@v1.4.6/message/decorator.go:52 +0x85
created by github.com/ThreeDotsLabs/watermill/message.(*messageTransformSubscriberDecorator).Subscribe in goroutine 2815
	/Users/jace/go/pkg/mod/github.com/!three!dots!labs/watermill@v1.4.6/message/decorator.go:51 +0xc7

goroutine 3127 [chan receive, 4 minutes]:
github.com/ThreeDotsLabs/watermill/message.(*handler).run(0xc000a70000, {0x10a337fa0, 0xc000226dc0}, {0xc00062c480, 0x6, 0x696c2f7261762f3a?})
	/Users/jace/go/pkg/mod/github.com/!three!dots!labs/watermill@v1.4.6/message/router.go:645 +0x2b4
github.com/ThreeDotsLabs/watermill/message.(*Router).RunHandlers.func1()
	/Users/jace/go/pkg/mod/github.com/!three!dots!labs/watermill@v1.4.6/message/router.go:460 +0x145
created by github.com/ThreeDotsLabs/watermill/message.(*Router).RunHandlers in goroutine 2815
	/Users/jace/go/pkg/mod/github.com/!three!dots!labs/watermill@v1.4.6/message/router.go:453 +0x606

goroutine 4987 [select, 4 minutes]:
github.com/nats-io/nats.go/jetstream.(*pullSubscription).pullMessages(0xc0004b98c0, {0xc0007d64b0, 0x4b})
	/Users/jace/go/pkg/mod/github.com/nats-io/nats.go@v1.41.1/jetstream/pull.go:955 +0x91
created by github.com/nats-io/nats.go/jetstream.(*pullConsumer).Messages in goroutine 4746
	/Users/jace/go/pkg/mod/github.com/nats-io/nats.go@v1.41.1/jetstream/pull.go:534 +0x748

goroutine 3841 [chan receive, 4 minutes]:
github.com/ThreeDotsLabs/watermill/message.(*handler).run(0xc0009ca0d0, {0x10a337fa0, 0xc000914b90}, {0xc000ab80c0, 0x6, 0x656b636f642f6269?})
	/Users/jace/go/pkg/mod/github.com/!three!dots!labs/watermill@v1.4.6/message/router.go:645 +0x2b4
github.com/ThreeDotsLabs/watermill/message.(*Router).RunHandlers.func1()
	/Users/jace/go/pkg/mod/github.com/!three!dots!labs/watermill@v1.4.6/message/router.go:460 +0x145
created by github.com/ThreeDotsLabs/watermill/message.(*Router).RunHandlers in goroutine 3776
	/Users/jace/go/pkg/mod/github.com/!three!dots!labs/watermill@v1.4.6/message/router.go:453 +0x606

goroutine 5025 [chan receive, 4 minutes]:
github.com/ThreeDotsLabs/watermill/message.(*handler).run(0xc000d5d1e0, {0x10a337fa0, 0xc000a2d0e0}, {0xc0000f8000, 0x6, 0x0?})
	/Users/jace/go/pkg/mod/github.com/!three!dots!labs/watermill@v1.4.6/message/router.go:645 +0x2b4
github.com/ThreeDotsLabs/watermill/message.(*Router).RunHandlers.func1()
	/Users/jace/go/pkg/mod/github.com/!three!dots!labs/watermill@v1.4.6/message/router.go:460 +0x145
created by github.com/ThreeDotsLabs/watermill/message.(*Router).RunHandlers in goroutine 4746
	/Users/jace/go/pkg/mod/github.com/!three!dots!labs/watermill@v1.4.6/message/router.go:453 +0x606

goroutine 11439 [select, 3 minutes]:
github.com/nats-io/nats.go/jetstream.(*pullConsumer).Messages.func2()
	/Users/jace/go/pkg/mod/github.com/nats-io/nats.go@v1.41.1/jetstream/pull.go:538 +0x68
created by github.com/nats-io/nats.go/jetstream.(*pullConsumer).Messages in goroutine 11006
	/Users/jace/go/pkg/mod/github.com/nats-io/nats.go@v1.41.1/jetstream/pull.go:536 +0x78a

goroutine 13787 [select, 3 minutes]:
github.com/nats-io/nats.go/jetstream.(*pullSubscription).Next(0xc0010d53b0)
	/Users/jace/go/pkg/mod/github.com/nats-io/nats.go@v1.41.1/jetstream/pull.go:589 +0x285
github.com/Black-And-White-Club/frolf-bot-shared/eventbus.(*eventBus).Subscribe.func1()
	/Users/jace/Documents/GitHub/frolf-bot-shared/eventbus/eventbus.go:326 +0x169
created by github.com/Black-And-White-Club/frolf-bot-shared/eventbus.(*eventBus).Subscribe in goroutine 13489
	/Users/jace/Documents/GitHub/frolf-bot-shared/eventbus/eventbus.go:315 +0xbf1

goroutine 6430 [select, 3 minutes]:
github.com/nats-io/nats.go/jetstream.(*pullSubscription).Next(0xc0007b35f0)
	/Users/jace/go/pkg/mod/github.com/nats-io/nats.go@v1.41.1/jetstream/pull.go:589 +0x285
github.com/Black-And-White-Club/frolf-bot-shared/eventbus.(*eventBus).Subscribe.func1()
	/Users/jace/Documents/GitHub/frolf-bot-shared/eventbus/eventbus.go:326 +0x169
created by github.com/Black-And-White-Club/frolf-bot-shared/eventbus.(*eventBus).Subscribe in goroutine 6161
	/Users/jace/Documents/GitHub/frolf-bot-shared/eventbus/eventbus.go:315 +0xbf1

goroutine 5432 [select]:
github.com/nats-io/nats%2ego.(*Conn).doReconnect(0xc000632a08, {0x10a327f28, 0x10acedb30}, 0x0)
	/Users/jace/go/pkg/mod/github.com/nats-io/nats.go@v1.41.1/nats.go:2907 +0x41a
created by github.com/nats-io/nats%2ego.(*Conn).processOpErr in goroutine 4686
	/Users/jace/go/pkg/mod/github.com/nats-io/nats.go@v1.41.1/nats.go:3043 +0x2f3

goroutine 15243 [chan receive, 3 minutes]:
github.com/ThreeDotsLabs/watermill/message.(*handler).run(0xc0009671e0, {0x10a337fa0, 0xc001136780}, {0xc00120c480, 0x6, 0xc000603778?})
	/Users/jace/go/pkg/mod/github.com/!three!dots!labs/watermill@v1.4.6/message/router.go:645 +0x2b4
github.com/ThreeDotsLabs/watermill/message.(*Router).RunHandlers.func1()
	/Users/jace/go/pkg/mod/github.com/!three!dots!labs/watermill@v1.4.6/message/router.go:460 +0x145
created by github.com/ThreeDotsLabs/watermill/message.(*Router).RunHandlers in goroutine 14800
	/Users/jace/go/pkg/mod/github.com/!three!dots!labs/watermill@v1.4.6/message/router.go:453 +0x606

goroutine 4700 [chan receive, 4 minutes]:
github.com/ThreeDotsLabs/watermill/message.(*messageTransformSubscriberDecorator).Subscribe.func1()
	/Users/jace/go/pkg/mod/github.com/!three!dots!labs/watermill@v1.4.6/message/decorator.go:52 +0x85
created by github.com/ThreeDotsLabs/watermill/message.(*messageTransformSubscriberDecorator).Subscribe in goroutine 4746
	/Users/jace/go/pkg/mod/github.com/!three!dots!labs/watermill@v1.4.6/message/decorator.go:51 +0xc7

goroutine 4906 [select, 4 minutes]:
github.com/nats-io/nats.go/jetstream.(*pullSubscription).pullMessages(0xc000123b00, {0xc000130cc0, 0x3e})
	/Users/jace/go/pkg/mod/github.com/nats-io/nats.go@v1.41.1/jetstream/pull.go:955 +0x91
created by github.com/nats-io/nats.go/jetstream.(*pullConsumer).Messages in goroutine 4746
	/Users/jace/go/pkg/mod/github.com/nats-io/nats.go@v1.41.1/jetstream/pull.go:534 +0x748

goroutine 4815 [select, 4 minutes]:
github.com/nats-io/nats.go/jetstream.(*pullSubscription).Next(0xc0004783f0)
	/Users/jace/go/pkg/mod/github.com/nats-io/nats.go@v1.41.1/jetstream/pull.go:589 +0x285
github.com/Black-And-White-Club/frolf-bot-shared/eventbus.(*eventBus).Subscribe.func1()
	/Users/jace/Documents/GitHub/frolf-bot-shared/eventbus/eventbus.go:326 +0x169
created by github.com/Black-And-White-Club/frolf-bot-shared/eventbus.(*eventBus).Subscribe in goroutine 4746
	/Users/jace/Documents/GitHub/frolf-bot-shared/eventbus/eventbus.go:315 +0xbf1

goroutine 10099 [sync.Cond.Wait, 3 minutes]:
sync.runtime_notifyListWait(0xc001063190, 0x0)
	/usr/local/Cellar/go/1.24.2/libexec/src/runtime/sema.go:597 +0x159
sync.(*Cond).Wait(0xc000dcbab0?)
	/usr/local/Cellar/go/1.24.2/libexec/src/sync/cond.go:71 +0x85
github.com/nats-io/nats%2ego.(*asyncCallbacksHandler).asyncCBDispatcher(0xc000abea60)
	/Users/jace/go/pkg/mod/github.com/nats-io/nats.go@v1.41.1/nats.go:3059 +0xdd
created by github.com/nats-io/nats%2ego.Options.Connect in goroutine 9438
	/Users/jace/go/pkg/mod/github.com/nats-io/nats.go@v1.41.1/nats.go:1635 +0x387

goroutine 12733 [select, 3 minutes]:
github.com/nats-io/nats.go/jetstream.(*pullSubscription).Next(0xc000b89ef0)
	/Users/jace/go/pkg/mod/github.com/nats-io/nats.go@v1.41.1/jetstream/pull.go:589 +0x285
github.com/Black-And-White-Club/frolf-bot-shared/eventbus.(*eventBus).Subscribe.func1()
	/Users/jace/Documents/GitHub/frolf-bot-shared/eventbus/eventbus.go:326 +0x169
created by github.com/Black-And-White-Club/frolf-bot-shared/eventbus.(*eventBus).Subscribe in goroutine 12376
	/Users/jace/Documents/GitHub/frolf-bot-shared/eventbus/eventbus.go:315 +0xbf1

goroutine 10360 [sync.WaitGroup.Wait, 3 minutes]:
sync.runtime_SemacquireWaitGroup(0xc0009edf10?)
	/usr/local/Cellar/go/1.24.2/libexec/src/runtime/sema.go:110 +0x25
sync.(*WaitGroup).Wait(0xc000a0ef40?)
	/usr/local/Cellar/go/1.24.2/libexec/src/sync/waitgroup.go:118 +0x48
github.com/ThreeDotsLabs/watermill/message.(*Router).waitForHandlers.func1()
	/Users/jace/go/pkg/mod/github.com/!three!dots!labs/watermill@v1.4.6/message/router.go:579 +0x4b
created by github.com/ThreeDotsLabs/watermill/message.(*Router).waitForHandlers in goroutine 9438
	/Users/jace/go/pkg/mod/github.com/!three!dots!labs/watermill@v1.4.6/message/router.go:577 +0x87

goroutine 5220 [select, 4 minutes]:
github.com/nats-io/nats.go/jetstream.(*pullSubscription).pullMessages(0xc00091f0e0, {0xc0005fc280, 0x40})
	/Users/jace/go/pkg/mod/github.com/nats-io/nats.go@v1.41.1/jetstream/pull.go:955 +0x91
created by github.com/nats-io/nats.go/jetstream.(*pullConsumer).Messages in goroutine 4746
	/Users/jace/go/pkg/mod/github.com/nats-io/nats.go@v1.41.1/jetstream/pull.go:534 +0x748

goroutine 4698 [select, 4 minutes]:
github.com/nats-io/nats.go/jetstream.(*pullConsumer).Messages.func2()
	/Users/jace/go/pkg/mod/github.com/nats-io/nats.go@v1.41.1/jetstream/pull.go:538 +0x68
created by github.com/nats-io/nats.go/jetstream.(*pullConsumer).Messages in goroutine 4746
	/Users/jace/go/pkg/mod/github.com/nats-io/nats.go@v1.41.1/jetstream/pull.go:536 +0x78a

goroutine 4816 [chan receive, 4 minutes]:
github.com/ThreeDotsLabs/watermill/message.(*messageTransformSubscriberDecorator).Subscribe.func1()
	/Users/jace/go/pkg/mod/github.com/!three!dots!labs/watermill@v1.4.6/message/decorator.go:52 +0x85
created by github.com/ThreeDotsLabs/watermill/message.(*messageTransformSubscriberDecorator).Subscribe in goroutine 4746
	/Users/jace/go/pkg/mod/github.com/!three!dots!labs/watermill@v1.4.6/message/decorator.go:51 +0xc7

goroutine 13499 [chan receive, 3 minutes]:
github.com/ThreeDotsLabs/watermill/message.(*handler).run(0xc00111e9c0, {0x10a337fa0, 0xc00096fe00}, {0xc001036840, 0x6, 0x4?})
	/Users/jace/go/pkg/mod/github.com/!three!dots!labs/watermill@v1.4.6/message/router.go:645 +0x2b4
github.com/ThreeDotsLabs/watermill/message.(*Router).RunHandlers.func1()
	/Users/jace/go/pkg/mod/github.com/!three!dots!labs/watermill@v1.4.6/message/router.go:460 +0x145
created by github.com/ThreeDotsLabs/watermill/message.(*Router).RunHandlers in goroutine 13489
	/Users/jace/go/pkg/mod/github.com/!three!dots!labs/watermill@v1.4.6/message/router.go:453 +0x606

goroutine 15203 [select, 3 minutes]:
github.com/nats-io/nats.go/jetstream.(*pullConsumer).Messages.func2()
	/Users/jace/go/pkg/mod/github.com/nats-io/nats.go@v1.41.1/jetstream/pull.go:538 +0x68
created by github.com/nats-io/nats.go/jetstream.(*pullConsumer).Messages in goroutine 14800
	/Users/jace/go/pkg/mod/github.com/nats-io/nats.go@v1.41.1/jetstream/pull.go:536 +0x78a

goroutine 13739 [select, 3 minutes]:
github.com/nats-io/nats.go/jetstream.(*pullSubscription).pullMessages(0xc00116e000, {0xc0005e9a90, 0x45})
	/Users/jace/go/pkg/mod/github.com/nats-io/nats.go@v1.41.1/jetstream/pull.go:955 +0x91
created by github.com/nats-io/nats.go/jetstream.(*pullConsumer).Messages in goroutine 13489
	/Users/jace/go/pkg/mod/github.com/nats-io/nats.go@v1.41.1/jetstream/pull.go:534 +0x748

goroutine 5091 [chan receive, 4 minutes]:
github.com/ThreeDotsLabs/watermill/message.(*messageTransformSubscriberDecorator).Subscribe.func1()
	/Users/jace/go/pkg/mod/github.com/!three!dots!labs/watermill@v1.4.6/message/decorator.go:52 +0x85
created by github.com/ThreeDotsLabs/watermill/message.(*messageTransformSubscriberDecorator).Subscribe in goroutine 4746
	/Users/jace/go/pkg/mod/github.com/!three!dots!labs/watermill@v1.4.6/message/decorator.go:51 +0xc7

goroutine 15161 [select, 3 minutes]:
github.com/nats-io/nats.go/jetstream.(*pullSubscription).Next(0xc0016090e0)
	/Users/jace/go/pkg/mod/github.com/nats-io/nats.go@v1.41.1/jetstream/pull.go:589 +0x285
github.com/Black-And-White-Club/frolf-bot-shared/eventbus.(*eventBus).Subscribe.func1()
	/Users/jace/Documents/GitHub/frolf-bot-shared/eventbus/eventbus.go:326 +0x169
created by github.com/Black-And-White-Club/frolf-bot-shared/eventbus.(*eventBus).Subscribe in goroutine 14800
	/Users/jace/Documents/GitHub/frolf-bot-shared/eventbus/eventbus.go:315 +0xbf1

goroutine 13785 [select, 3 minutes]:
github.com/nats-io/nats.go/jetstream.(*pullSubscription).pullMessages(0xc0010d53b0, {0xc0002545a0, 0x45})
	/Users/jace/go/pkg/mod/github.com/nats-io/nats.go@v1.41.1/jetstream/pull.go:955 +0x91
created by github.com/nats-io/nats.go/jetstream.(*pullConsumer).Messages in goroutine 13489
	/Users/jace/go/pkg/mod/github.com/nats-io/nats.go@v1.41.1/jetstream/pull.go:534 +0x748

goroutine 4697 [select, 4 minutes]:
github.com/nats-io/nats.go/jetstream.(*pullSubscription).pullMessages(0xc0007f2f30, {0xc00004e820, 0x47})
	/Users/jace/go/pkg/mod/github.com/nats-io/nats.go@v1.41.1/jetstream/pull.go:955 +0x91
created by github.com/nats-io/nats.go/jetstream.(*pullConsumer).Messages in goroutine 4746
	/Users/jace/go/pkg/mod/github.com/nats-io/nats.go@v1.41.1/jetstream/pull.go:534 +0x748

goroutine 14993 [select, 3 minutes]:
github.com/nats-io/nats.go/jetstream.(*pullSubscription).pullMessages(0xc001608510, {0xc0008b2460, 0x4f})
	/Users/jace/go/pkg/mod/github.com/nats-io/nats.go@v1.41.1/jetstream/pull.go:955 +0x91
created by github.com/nats-io/nats.go/jetstream.(*pullConsumer).Messages in goroutine 14800
	/Users/jace/go/pkg/mod/github.com/nats-io/nats.go@v1.41.1/jetstream/pull.go:534 +0x748

goroutine 5362 [select, 4 minutes]:
github.com/nats-io/nats.go/jetstream.(*pullConsumer).Messages.func2()
	/Users/jace/go/pkg/mod/github.com/nats-io/nats.go@v1.41.1/jetstream/pull.go:538 +0x68
created by github.com/nats-io/nats.go/jetstream.(*pullConsumer).Messages in goroutine 4746
	/Users/jace/go/pkg/mod/github.com/nats-io/nats.go@v1.41.1/jetstream/pull.go:536 +0x78a

goroutine 5398 [chan receive, 4 minutes]:
github.com/ThreeDotsLabs/watermill/message.(*handler).run(0xc000d5d930, {0x10a337fa0, 0xc00096f040}, {0xc000156600, 0x6, 0x0?})
	/Users/jace/go/pkg/mod/github.com/!three!dots!labs/watermill@v1.4.6/message/router.go:645 +0x2b4
github.com/ThreeDotsLabs/watermill/message.(*Router).RunHandlers.func1()
	/Users/jace/go/pkg/mod/github.com/!three!dots!labs/watermill@v1.4.6/message/router.go:460 +0x145
created by github.com/ThreeDotsLabs/watermill/message.(*Router).RunHandlers in goroutine 4746
	/Users/jace/go/pkg/mod/github.com/!three!dots!labs/watermill@v1.4.6/message/router.go:453 +0x606

goroutine 4701 [chan receive, 4 minutes]:
github.com/ThreeDotsLabs/watermill/message.(*handler).run(0xc0007d20d0, {0x10a337fa0, 0xc000226a00}, {0xc000157440, 0x6, 0x0?})
	/Users/jace/go/pkg/mod/github.com/!three!dots!labs/watermill@v1.4.6/message/router.go:645 +0x2b4
github.com/ThreeDotsLabs/watermill/message.(*Router).RunHandlers.func1()
	/Users/jace/go/pkg/mod/github.com/!three!dots!labs/watermill@v1.4.6/message/router.go:460 +0x145
created by github.com/ThreeDotsLabs/watermill/message.(*Router).RunHandlers in goroutine 4746
	/Users/jace/go/pkg/mod/github.com/!three!dots!labs/watermill@v1.4.6/message/router.go:453 +0x606

goroutine 4092 [sync.WaitGroup.Wait, 4 minutes]:
sync.runtime_SemacquireWaitGroup(0xc00033ee00?)
	/usr/local/Cellar/go/1.24.2/libexec/src/runtime/sema.go:110 +0x25
sync.(*WaitGroup).Wait(0xc00056c740?)
	/usr/local/Cellar/go/1.24.2/libexec/src/sync/waitgroup.go:118 +0x48
github.com/ThreeDotsLabs/watermill/message.(*Router).waitForHandlers.func1()
	/Users/jace/go/pkg/mod/github.com/!three!dots!labs/watermill@v1.4.6/message/router.go:579 +0x4b
created by github.com/ThreeDotsLabs/watermill/message.(*Router).waitForHandlers in goroutine 3041
	/Users/jace/go/pkg/mod/github.com/!three!dots!labs/watermill@v1.4.6/message/router.go:577 +0x87

goroutine 3777 [sync.Cond.Wait, 4 minutes]:
sync.runtime_notifyListWait(0xc000ba6ad0, 0x2)
	/usr/local/Cellar/go/1.24.2/libexec/src/runtime/sema.go:597 +0x159
sync.(*Cond).Wait(0x222c226575727422?)
	/usr/local/Cellar/go/1.24.2/libexec/src/sync/cond.go:71 +0x85
github.com/nats-io/nats%2ego.(*Conn).waitForMsgs(0xc00002fc08, 0xc0007ea000)
	/Users/jace/go/pkg/mod/github.com/nats-io/nats.go@v1.41.1/nats.go:3178 +0xc5
created by github.com/nats-io/nats%2ego.(*Conn).subscribeLocked in goroutine 3041
	/Users/jace/go/pkg/mod/github.com/nats-io/nats.go@v1.41.1/nats.go:4468 +0x419

goroutine 5419 [sync.Cond.Wait, 3 minutes]:
sync.runtime_notifyListWait(0xc000a1a3d0, 0x0)
	/usr/local/Cellar/go/1.24.2/libexec/src/runtime/sema.go:597 +0x159
sync.(*Cond).Wait(0x10a338010?)
	/usr/local/Cellar/go/1.24.2/libexec/src/sync/cond.go:71 +0x85
github.com/nats-io/nats%2ego.(*asyncCallbacksHandler).asyncCBDispatcher(0xc000ba03a0)
	/Users/jace/go/pkg/mod/github.com/nats-io/nats.go@v1.41.1/nats.go:3059 +0xdd
created by github.com/nats-io/nats%2ego.Options.Connect in goroutine 5507
	/Users/jace/go/pkg/mod/github.com/nats-io/nats.go@v1.41.1/nats.go:1635 +0x387

goroutine 14745 [sync.Cond.Wait, 3 minutes]:
sync.runtime_notifyListWait(0xc000d09990, 0x1)
	/usr/local/Cellar/go/1.24.2/libexec/src/runtime/sema.go:597 +0x159
sync.(*Cond).Wait(0xc001397aa0?)
	/usr/local/Cellar/go/1.24.2/libexec/src/sync/cond.go:71 +0x85
github.com/nats-io/nats%2ego.(*Conn).waitForMsgs(0xc0007c1508, 0xc000418780)
	/Users/jace/go/pkg/mod/github.com/nats-io/nats.go@v1.41.1/nats.go:3178 +0xc5
created by github.com/nats-io/nats%2ego.(*Conn).subscribeLocked in goroutine 14000
	/Users/jace/go/pkg/mod/github.com/nats-io/nats.go@v1.41.1/nats.go:4468 +0x419

goroutine 10182 [select, 3 minutes]:
github.com/nats-io/nats.go/jetstream.(*pullSubscription).pullMessages(0xc0007c5200, {0xc00004e910, 0x45})
	/Users/jace/go/pkg/mod/github.com/nats-io/nats.go@v1.41.1/jetstream/pull.go:955 +0x91
created by github.com/nats-io/nats.go/jetstream.(*pullConsumer).Messages in goroutine 10144
	/Users/jace/go/pkg/mod/github.com/nats-io/nats.go@v1.41.1/jetstream/pull.go:534 +0x748

goroutine 4060 [select, 4 minutes]:
github.com/nats-io/nats.go/jetstream.(*pullSubscription).pullMessages(0xc00060f7a0, {0xc000131580, 0x40})
	/Users/jace/go/pkg/mod/github.com/nats-io/nats.go@v1.41.1/jetstream/pull.go:955 +0x91
created by github.com/nats-io/nats.go/jetstream.(*pullConsumer).Messages in goroutine 3776
	/Users/jace/go/pkg/mod/github.com/nats-io/nats.go@v1.41.1/jetstream/pull.go:534 +0x748

goroutine 4689 [sync.Cond.Wait, 4 minutes]:
sync.runtime_notifyListWait(0xc000d4d650, 0x47)
	/usr/local/Cellar/go/1.24.2/libexec/src/runtime/sema.go:597 +0x159
sync.(*Cond).Wait(0x0?)
	/usr/local/Cellar/go/1.24.2/libexec/src/sync/cond.go:71 +0x85
github.com/nats-io/nats%2ego.(*Conn).waitForMsgs(0xc000689808, 0xc00057c2d0)
	/Users/jace/go/pkg/mod/github.com/nats-io/nats.go@v1.41.1/nats.go:3178 +0xc5
created by github.com/nats-io/nats%2ego.(*Conn).subscribeLocked in goroutine 4210
	/Users/jace/go/pkg/mod/github.com/nats-io/nats.go@v1.41.1/nats.go:4468 +0x419

goroutine 4067 [select, 4 minutes]:
github.com/nats-io/nats.go/jetstream.(*pullConsumer).Messages.func2()
	/Users/jace/go/pkg/mod/github.com/nats-io/nats.go@v1.41.1/jetstream/pull.go:538 +0x68
created by github.com/nats-io/nats.go/jetstream.(*pullConsumer).Messages in goroutine 3776
	/Users/jace/go/pkg/mod/github.com/nats-io/nats.go@v1.41.1/jetstream/pull.go:536 +0x78a

goroutine 26732 [select, 2 minutes]:
github.com/nats-io/nats.go/jetstream.(*pullSubscription).Next(0xc001282750)
	/Users/jace/go/pkg/mod/github.com/nats-io/nats.go@v1.41.1/jetstream/pull.go:589 +0x285
github.com/Black-And-White-Club/frolf-bot-shared/eventbus.(*eventBus).Subscribe.func1()
	/Users/jace/Documents/GitHub/frolf-bot-shared/eventbus/eventbus.go:326 +0x169
created by github.com/Black-And-White-Club/frolf-bot-shared/eventbus.(*eventBus).Subscribe in goroutine 27088
	/Users/jace/Documents/GitHub/frolf-bot-shared/eventbus/eventbus.go:315 +0xbf1

goroutine 4120 [chan receive, 4 minutes]:
github.com/ThreeDotsLabs/watermill/message.(*handler).run(0xc000d05a00, {0x10a337fa0, 0xc000a13630}, {0xc00049c3c0, 0x6, 0x0?})
	/Users/jace/go/pkg/mod/github.com/!three!dots!labs/watermill@v1.4.6/message/router.go:645 +0x2b4
github.com/ThreeDotsLabs/watermill/message.(*Router).RunHandlers.func1()
	/Users/jace/go/pkg/mod/github.com/!three!dots!labs/watermill@v1.4.6/message/router.go:460 +0x145
created by github.com/ThreeDotsLabs/watermill/message.(*Router).RunHandlers in goroutine 3776
	/Users/jace/go/pkg/mod/github.com/!three!dots!labs/watermill@v1.4.6/message/router.go:453 +0x606

goroutine 3994 [select, 4 minutes]:
github.com/nats-io/nats.go/jetstream.(*pullConsumer).Messages.func2()
	/Users/jace/go/pkg/mod/github.com/nats-io/nats.go@v1.41.1/jetstream/pull.go:538 +0x68
created by github.com/nats-io/nats.go/jetstream.(*pullConsumer).Messages in goroutine 3776
	/Users/jace/go/pkg/mod/github.com/nats-io/nats.go@v1.41.1/jetstream/pull.go:536 +0x78a

goroutine 6307 [select, 3 minutes]:
github.com/nats-io/nats.go/jetstream.(*pullConsumer).Messages.func2()
	/Users/jace/go/pkg/mod/github.com/nats-io/nats.go@v1.41.1/jetstream/pull.go:538 +0x68
created by github.com/nats-io/nats.go/jetstream.(*pullConsumer).Messages in goroutine 6161
	/Users/jace/go/pkg/mod/github.com/nats-io/nats.go@v1.41.1/jetstream/pull.go:536 +0x78a

goroutine 3837 [select, 4 minutes]:
github.com/nats-io/nats.go/jetstream.(*pullSubscription).pullMessages(0xc000479710, {0xc00024e480, 0x56})
	/Users/jace/go/pkg/mod/github.com/nats-io/nats.go@v1.41.1/jetstream/pull.go:955 +0x91
created by github.com/nats-io/nats.go/jetstream.(*pullConsumer).Messages in goroutine 3776
	/Users/jace/go/pkg/mod/github.com/nats-io/nats.go@v1.41.1/jetstream/pull.go:534 +0x748

goroutine 10293 [chan receive, 3 minutes]:
github.com/ThreeDotsLabs/watermill/message.(*handler).run(0xc000b25450, {0x10a337fa0, 0xc0000c5e50}, {0xc000918480, 0x6, 0xc0006729b0?})
	/Users/jace/go/pkg/mod/github.com/!three!dots!labs/watermill@v1.4.6/message/router.go:645 +0x2b4
github.com/ThreeDotsLabs/watermill/message.(*Router).RunHandlers.func1()
	/Users/jace/go/pkg/mod/github.com/!three!dots!labs/watermill@v1.4.6/message/router.go:460 +0x145
created by github.com/ThreeDotsLabs/watermill/message.(*Router).RunHandlers in goroutine 10144
	/Users/jace/go/pkg/mod/github.com/!three!dots!labs/watermill@v1.4.6/message/router.go:453 +0x606

goroutine 10940 [sync.Cond.Wait, 3 minutes]:
sync.runtime_notifyListWait(0xc000ba6a90, 0x0)
	/usr/local/Cellar/go/1.24.2/libexec/src/runtime/sema.go:597 +0x159
sync.(*Cond).Wait(0x100010000?)
	/usr/local/Cellar/go/1.24.2/libexec/src/sync/cond.go:71 +0x85
github.com/nats-io/nats%2ego.(*asyncCallbacksHandler).asyncCBDispatcher(0xc000a22e60)
	/Users/jace/go/pkg/mod/github.com/nats-io/nats.go@v1.41.1/nats.go:3059 +0xdd
created by github.com/nats-io/nats%2ego.Options.Connect in goroutine 10441
	/Users/jace/go/pkg/mod/github.com/nats-io/nats.go@v1.41.1/nats.go:1635 +0x387

goroutine 3913 [select, 4 minutes]:
github.com/nats-io/nats.go/jetstream.(*pullConsumer).Messages.func2()
	/Users/jace/go/pkg/mod/github.com/nats-io/nats.go@v1.41.1/jetstream/pull.go:538 +0x68
created by github.com/nats-io/nats.go/jetstream.(*pullConsumer).Messages in goroutine 3776
	/Users/jace/go/pkg/mod/github.com/nats-io/nats.go@v1.41.1/jetstream/pull.go:536 +0x78a

goroutine 4064 [chan receive, 4 minutes]:
github.com/ThreeDotsLabs/watermill/message.(*handler).run(0xc000d05ba0, {0x10a337fa0, 0xc000367040}, {0xc00049c480, 0x6, 0x100010000?})
	/Users/jace/go/pkg/mod/github.com/!three!dots!labs/watermill@v1.4.6/message/router.go:645 +0x2b4
github.com/ThreeDotsLabs/watermill/message.(*Router).RunHandlers.func1()
	/Users/jace/go/pkg/mod/github.com/!three!dots!labs/watermill@v1.4.6/message/router.go:460 +0x145
created by github.com/ThreeDotsLabs/watermill/message.(*Router).RunHandlers in goroutine 3776
	/Users/jace/go/pkg/mod/github.com/!three!dots!labs/watermill@v1.4.6/message/router.go:453 +0x606

goroutine 3898 [select, 4 minutes]:
github.com/nats-io/nats.go/jetstream.(*pullConsumer).Messages.func2()
	/Users/jace/go/pkg/mod/github.com/nats-io/nats.go@v1.41.1/jetstream/pull.go:538 +0x68
created by github.com/nats-io/nats.go/jetstream.(*pullConsumer).Messages in goroutine 3776
	/Users/jace/go/pkg/mod/github.com/nats-io/nats.go@v1.41.1/jetstream/pull.go:536 +0x78a

goroutine 3901 [chan receive, 4 minutes]:
github.com/ThreeDotsLabs/watermill/message.(*handler).run(0xc000d05930, {0x10a337fa0, 0xc000813130}, {0xc0005dc180, 0x6, 0xc000082f78?})
	/Users/jace/go/pkg/mod/github.com/!three!dots!labs/watermill@v1.4.6/message/router.go:645 +0x2b4
github.com/ThreeDotsLabs/watermill/message.(*Router).RunHandlers.func1()
	/Users/jace/go/pkg/mod/github.com/!three!dots!labs/watermill@v1.4.6/message/router.go:460 +0x145
created by github.com/ThreeDotsLabs/watermill/message.(*Router).RunHandlers in goroutine 3776
	/Users/jace/go/pkg/mod/github.com/!three!dots!labs/watermill@v1.4.6/message/router.go:453 +0x606

goroutine 13769 [chan receive, 3 minutes]:
github.com/ThreeDotsLabs/watermill/message.(*handler).run(0xc00111edd0, {0x10a337fa0, 0xc000ffbb30}, {0xc001424180, 0x6, 0xc0000ee1c0?})
	/Users/jace/go/pkg/mod/github.com/!three!dots!labs/watermill@v1.4.6/message/router.go:645 +0x2b4
github.com/ThreeDotsLabs/watermill/message.(*Router).RunHandlers.func1()
	/Users/jace/go/pkg/mod/github.com/!three!dots!labs/watermill@v1.4.6/message/router.go:460 +0x145
created by github.com/ThreeDotsLabs/watermill/message.(*Router).RunHandlers in goroutine 13489
	/Users/jace/go/pkg/mod/github.com/!three!dots!labs/watermill@v1.4.6/message/router.go:453 +0x606

goroutine 3916 [chan receive, 4 minutes]:
github.com/ThreeDotsLabs/watermill/message.(*handler).run(0xc000d05380, {0x10a337fa0, 0xc000a12280}, {0xc0005dc000, 0x6, 0xc000d0ff78?})
	/Users/jace/go/pkg/mod/github.com/!three!dots!labs/watermill@v1.4.6/message/router.go:645 +0x2b4
github.com/ThreeDotsLabs/watermill/message.(*Router).RunHandlers.func1()
	/Users/jace/go/pkg/mod/github.com/!three!dots!labs/watermill@v1.4.6/message/router.go:460 +0x145
created by github.com/ThreeDotsLabs/watermill/message.(*Router).RunHandlers in goroutine 3776
	/Users/jace/go/pkg/mod/github.com/!three!dots!labs/watermill@v1.4.6/message/router.go:453 +0x606

goroutine 6327 [chan receive, 3 minutes]:
github.com/ThreeDotsLabs/watermill/message.(*handler).run(0xc000e6f5f0, {0x10a337fa0, 0xc000a2d4f0}, {0xc000e42600, 0x6, 0x2f3a666669642f33?})
	/Users/jace/go/pkg/mod/github.com/!three!dots!labs/watermill@v1.4.6/message/router.go:645 +0x2b4
github.com/ThreeDotsLabs/watermill/message.(*Router).RunHandlers.func1()
	/Users/jace/go/pkg/mod/github.com/!three!dots!labs/watermill@v1.4.6/message/router.go:460 +0x145
created by github.com/ThreeDotsLabs/watermill/message.(*Router).RunHandlers in goroutine 6161
	/Users/jace/go/pkg/mod/github.com/!three!dots!labs/watermill@v1.4.6/message/router.go:453 +0x606

goroutine 5171 [select, 4 minutes]:
github.com/nats-io/nats.go/jetstream.(*pullSubscription).pullMessages(0xc000a827e0, {0xc00004e6e0, 0x4f})
	/Users/jace/go/pkg/mod/github.com/nats-io/nats.go@v1.41.1/jetstream/pull.go:955 +0x91
created by github.com/nats-io/nats.go/jetstream.(*pullConsumer).Messages in goroutine 4746
	/Users/jace/go/pkg/mod/github.com/nats-io/nats.go@v1.41.1/jetstream/pull.go:534 +0x748

goroutine 15197 [select, 3 minutes]:
github.com/nats-io/nats.go/jetstream.(*pullConsumer).Messages.func2()
	/Users/jace/go/pkg/mod/github.com/nats-io/nats.go@v1.41.1/jetstream/pull.go:538 +0x68
created by github.com/nats-io/nats.go/jetstream.(*pullConsumer).Messages in goroutine 14800
	/Users/jace/go/pkg/mod/github.com/nats-io/nats.go@v1.41.1/jetstream/pull.go:536 +0x78a

goroutine 3923 [chan receive, 4 minutes]:
github.com/ThreeDotsLabs/watermill/message.(*handler).run(0xc000d05860, {0x10a337fa0, 0xc000812f50}, {0xc0005dc0c0, 0x6, 0x0?})
	/Users/jace/go/pkg/mod/github.com/!three!dots!labs/watermill@v1.4.6/message/router.go:645 +0x2b4
github.com/ThreeDotsLabs/watermill/message.(*Router).RunHandlers.func1()
	/Users/jace/go/pkg/mod/github.com/!three!dots!labs/watermill@v1.4.6/message/router.go:460 +0x145
created by github.com/ThreeDotsLabs/watermill/message.(*Router).RunHandlers in goroutine 3776
	/Users/jace/go/pkg/mod/github.com/!three!dots!labs/watermill@v1.4.6/message/router.go:453 +0x606

goroutine 15058 [select, 3 minutes]:
github.com/nats-io/nats.go/jetstream.(*pullConsumer).Messages.func2()
	/Users/jace/go/pkg/mod/github.com/nats-io/nats.go@v1.41.1/jetstream/pull.go:538 +0x68
created by github.com/nats-io/nats.go/jetstream.(*pullConsumer).Messages in goroutine 14800
	/Users/jace/go/pkg/mod/github.com/nats-io/nats.go@v1.41.1/jetstream/pull.go:536 +0x78a

goroutine 3954 [chan receive, 4 minutes]:
github.com/ThreeDotsLabs/watermill/message.(*messageTransformSubscriberDecorator).Subscribe.func1()
	/Users/jace/go/pkg/mod/github.com/!three!dots!labs/watermill@v1.4.6/message/decorator.go:52 +0x85
created by github.com/ThreeDotsLabs/watermill/message.(*messageTransformSubscriberDecorator).Subscribe in goroutine 3776
	/Users/jace/go/pkg/mod/github.com/!three!dots!labs/watermill@v1.4.6/message/decorator.go:51 +0xc7

goroutine 13765 [select, 3 minutes]:
github.com/nats-io/nats.go/jetstream.(*pullSubscription).pullMessages(0xc0014be240, {0xc0007d6a50, 0x4f})
	/Users/jace/go/pkg/mod/github.com/nats-io/nats.go@v1.41.1/jetstream/pull.go:955 +0x91
created by github.com/nats-io/nats.go/jetstream.(*pullConsumer).Messages in goroutine 13489
	/Users/jace/go/pkg/mod/github.com/nats-io/nats.go@v1.41.1/jetstream/pull.go:534 +0x748

goroutine 10162 [chan receive, 3 minutes]:
github.com/ThreeDotsLabs/watermill/message.(*handler).run(0xc0007d3450, {0x10a337fa0, 0xc0009b60f0}, {0xc000ccc000, 0x6, 0xc000a91778?})
	/Users/jace/go/pkg/mod/github.com/!three!dots!labs/watermill@v1.4.6/message/router.go:645 +0x2b4
github.com/ThreeDotsLabs/watermill/message.(*Router).RunHandlers.func1()
	/Users/jace/go/pkg/mod/github.com/!three!dots!labs/watermill@v1.4.6/message/router.go:460 +0x145
created by github.com/ThreeDotsLabs/watermill/message.(*Router).RunHandlers in goroutine 10144
	/Users/jace/go/pkg/mod/github.com/!three!dots!labs/watermill@v1.4.6/message/router.go:453 +0x606

goroutine 3955 [chan receive, 4 minutes]:
github.com/ThreeDotsLabs/watermill/message.(*handler).run(0xc0009ca5b0, {0x10a337fa0, 0xc0007aebe0}, {0xc0006e00c0, 0x6, 0x100010000?})
	/Users/jace/go/pkg/mod/github.com/!three!dots!labs/watermill@v1.4.6/message/router.go:645 +0x2b4
github.com/ThreeDotsLabs/watermill/message.(*Router).RunHandlers.func1()
	/Users/jace/go/pkg/mod/github.com/!three!dots!labs/watermill@v1.4.6/message/router.go:460 +0x145
created by github.com/ThreeDotsLabs/watermill/message.(*Router).RunHandlers in goroutine 3776
	/Users/jace/go/pkg/mod/github.com/!three!dots!labs/watermill@v1.4.6/message/router.go:453 +0x606

goroutine 4814 [select, 4 minutes]:
github.com/nats-io/nats.go/jetstream.(*pullConsumer).Messages.func2()
	/Users/jace/go/pkg/mod/github.com/nats-io/nats.go@v1.41.1/jetstream/pull.go:538 +0x68
created by github.com/nats-io/nats.go/jetstream.(*pullConsumer).Messages in goroutine 4746
	/Users/jace/go/pkg/mod/github.com/nats-io/nats.go@v1.41.1/jetstream/pull.go:536 +0x78a

goroutine 11237 [select, 3 minutes]:
github.com/nats-io/nats.go/jetstream.(*pullSubscription).pullMessages(0xc0013b06c0, {0xc000edc1e0, 0x52})
	/Users/jace/go/pkg/mod/github.com/nats-io/nats.go@v1.41.1/jetstream/pull.go:955 +0x91
created by github.com/nats-io/nats.go/jetstream.(*pullConsumer).Messages in goroutine 11006
	/Users/jace/go/pkg/mod/github.com/nats-io/nats.go@v1.41.1/jetstream/pull.go:534 +0x748

goroutine 3823 [select, 4 minutes]:
github.com/nats-io/nats.go/jetstream.(*pullSubscription).pullMessages(0xc00055ab40, {0xc0008b24b0, 0x4b})
	/Users/jace/go/pkg/mod/github.com/nats-io/nats.go@v1.41.1/jetstream/pull.go:955 +0x91
created by github.com/nats-io/nats.go/jetstream.(*pullConsumer).Messages in goroutine 3776
	/Users/jace/go/pkg/mod/github.com/nats-io/nats.go@v1.41.1/jetstream/pull.go:534 +0x748

goroutine 4094 [sync.WaitGroup.Wait, 4 minutes]:
sync.runtime_SemacquireWaitGroup(0x0?)
	/usr/local/Cellar/go/1.24.2/libexec/src/runtime/sema.go:110 +0x25
sync.(*WaitGroup).Wait(0x109160452?)
	/usr/local/Cellar/go/1.24.2/libexec/src/sync/waitgroup.go:118 +0x48
github.com/ThreeDotsLabs/watermill/pubsub/sync.WaitGroupTimeout.func1()
	/Users/jace/go/pkg/mod/github.com/!three!dots!labs/watermill@v1.4.6/pubsub/sync/waitgroup.go:13 +0x25
created by github.com/ThreeDotsLabs/watermill/pubsub/sync.WaitGroupTimeout in goroutine 3041
	/Users/jace/go/pkg/mod/github.com/!three!dots!labs/watermill@v1.4.6/pubsub/sync/waitgroup.go:12 +0x85

goroutine 4902 [select, 4 minutes]:
github.com/nats-io/nats.go/jetstream.(*pullSubscription).Next(0xc000122cf0)
	/Users/jace/go/pkg/mod/github.com/nats-io/nats.go@v1.41.1/jetstream/pull.go:589 +0x285
github.com/Black-And-White-Club/frolf-bot-shared/eventbus.(*eventBus).Subscribe.func1()
	/Users/jace/Documents/GitHub/frolf-bot-shared/eventbus/eventbus.go:326 +0x169
created by github.com/Black-And-White-Club/frolf-bot-shared/eventbus.(*eventBus).Subscribe in goroutine 4746
	/Users/jace/Documents/GitHub/frolf-bot-shared/eventbus/eventbus.go:315 +0xbf1

goroutine 4044 [chan receive, 4 minutes]:
github.com/ThreeDotsLabs/watermill/message.(*messageTransformSubscriberDecorator).Subscribe.func1()
	/Users/jace/go/pkg/mod/github.com/!three!dots!labs/watermill@v1.4.6/message/decorator.go:52 +0x85
created by github.com/ThreeDotsLabs/watermill/message.(*messageTransformSubscriberDecorator).Subscribe in goroutine 3776
	/Users/jace/go/pkg/mod/github.com/!three!dots!labs/watermill@v1.4.6/message/decorator.go:51 +0xc7

goroutine 11319 [select, 3 minutes]:
github.com/nats-io/nats.go/jetstream.(*pullSubscription).Next(0xc0011a4750)
	/Users/jace/go/pkg/mod/github.com/nats-io/nats.go@v1.41.1/jetstream/pull.go:589 +0x285
github.com/Black-And-White-Club/frolf-bot-shared/eventbus.(*eventBus).Subscribe.func1()
	/Users/jace/Documents/GitHub/frolf-bot-shared/eventbus/eventbus.go:326 +0x169
created by github.com/Black-And-White-Club/frolf-bot-shared/eventbus.(*eventBus).Subscribe in goroutine 11006
	/Users/jace/Documents/GitHub/frolf-bot-shared/eventbus/eventbus.go:315 +0xbf1

goroutine 3993 [select, 4 minutes]:
github.com/nats-io/nats.go/jetstream.(*pullSubscription).pullMessages(0xc00038cab0, {0xc0007d63c0, 0x47})
	/Users/jace/go/pkg/mod/github.com/nats-io/nats.go@v1.41.1/jetstream/pull.go:955 +0x91
created by github.com/nats-io/nats.go/jetstream.(*pullConsumer).Messages in goroutine 3776
	/Users/jace/go/pkg/mod/github.com/nats-io/nats.go@v1.41.1/jetstream/pull.go:534 +0x748

goroutine 3981 [select, 4 minutes]:
github.com/nats-io/nats.go/jetstream.(*pullConsumer).Messages.func2()
	/Users/jace/go/pkg/mod/github.com/nats-io/nats.go@v1.41.1/jetstream/pull.go:538 +0x68
created by github.com/nats-io/nats.go/jetstream.(*pullConsumer).Messages in goroutine 3776
	/Users/jace/go/pkg/mod/github.com/nats-io/nats.go@v1.41.1/jetstream/pull.go:536 +0x78a

goroutine 3982 [select, 4 minutes]:
github.com/nats-io/nats.go/jetstream.(*pullSubscription).Next(0xc000a83dd0)
	/Users/jace/go/pkg/mod/github.com/nats-io/nats.go@v1.41.1/jetstream/pull.go:589 +0x285
github.com/Black-And-White-Club/frolf-bot-shared/eventbus.(*eventBus).Subscribe.func1()
	/Users/jace/Documents/GitHub/frolf-bot-shared/eventbus/eventbus.go:326 +0x169
created by github.com/Black-And-White-Club/frolf-bot-shared/eventbus.(*eventBus).Subscribe in goroutine 3776
	/Users/jace/Documents/GitHub/frolf-bot-shared/eventbus/eventbus.go:315 +0xbf1

goroutine 3983 [chan receive, 4 minutes]:
github.com/ThreeDotsLabs/watermill/message.(*messageTransformSubscriberDecorator).Subscribe.func1()
	/Users/jace/go/pkg/mod/github.com/!three!dots!labs/watermill@v1.4.6/message/decorator.go:52 +0x85
created by github.com/ThreeDotsLabs/watermill/message.(*messageTransformSubscriberDecorator).Subscribe in goroutine 3776
	/Users/jace/go/pkg/mod/github.com/!three!dots!labs/watermill@v1.4.6/message/decorator.go:51 +0xc7

goroutine 3984 [chan receive, 4 minutes]:
github.com/ThreeDotsLabs/watermill/message.(*handler).run(0xc0009ca750, {0x10a337fa0, 0xc000915220}, {0xc0003c60c0, 0x6, 0x3a35303a34315430?})
	/Users/jace/go/pkg/mod/github.com/!three!dots!labs/watermill@v1.4.6/message/router.go:645 +0x2b4
github.com/ThreeDotsLabs/watermill/message.(*Router).RunHandlers.func1()
	/Users/jace/go/pkg/mod/github.com/!three!dots!labs/watermill@v1.4.6/message/router.go:460 +0x145
created by github.com/ThreeDotsLabs/watermill/message.(*Router).RunHandlers in goroutine 3776
	/Users/jace/go/pkg/mod/github.com/!three!dots!labs/watermill@v1.4.6/message/router.go:453 +0x606

goroutine 3931 [select, 4 minutes]:
github.com/nats-io/nats.go/jetstream.(*pullSubscription).Next(0xc0004b83f0)
	/Users/jace/go/pkg/mod/github.com/nats-io/nats.go@v1.41.1/jetstream/pull.go:589 +0x285
github.com/Black-And-White-Club/frolf-bot-shared/eventbus.(*eventBus).Subscribe.func1()
	/Users/jace/Documents/GitHub/frolf-bot-shared/eventbus/eventbus.go:326 +0x169
created by github.com/Black-And-White-Club/frolf-bot-shared/eventbus.(*eventBus).Subscribe in goroutine 3776
	/Users/jace/Documents/GitHub/frolf-bot-shared/eventbus/eventbus.go:315 +0xbf1

goroutine 3932 [chan receive, 4 minutes]:
github.com/ThreeDotsLabs/watermill/message.(*messageTransformSubscriberDecorator).Subscribe.func1()
	/Users/jace/go/pkg/mod/github.com/!three!dots!labs/watermill@v1.4.6/message/decorator.go:52 +0x85
created by github.com/ThreeDotsLabs/watermill/message.(*messageTransformSubscriberDecorator).Subscribe in goroutine 3776
	/Users/jace/go/pkg/mod/github.com/!three!dots!labs/watermill@v1.4.6/message/decorator.go:51 +0xc7

goroutine 3933 [chan receive, 4 minutes]:
github.com/ThreeDotsLabs/watermill/message.(*handler).run(0xc000d05110, {0x10a337fa0, 0xc000a13310}, {0xc0005dc240, 0x6, 0x3562633031666366?})
	/Users/jace/go/pkg/mod/github.com/!three!dots!labs/watermill@v1.4.6/message/router.go:645 +0x2b4
github.com/ThreeDotsLabs/watermill/message.(*Router).RunHandlers.func1()
	/Users/jace/go/pkg/mod/github.com/!three!dots!labs/watermill@v1.4.6/message/router.go:460 +0x145
created by github.com/ThreeDotsLabs/watermill/message.(*Router).RunHandlers in goroutine 3776
	/Users/jace/go/pkg/mod/github.com/!three!dots!labs/watermill@v1.4.6/message/router.go:453 +0x606

goroutine 15093 [select, 3 minutes]:
github.com/nats-io/nats.go/jetstream.(*pullSubscription).pullMessages(0xc001535ef0, {0xc000806820, 0x4e})
	/Users/jace/go/pkg/mod/github.com/nats-io/nats.go@v1.41.1/jetstream/pull.go:955 +0x91
created by github.com/nats-io/nats.go/jetstream.(*pullConsumer).Messages in goroutine 14800
	/Users/jace/go/pkg/mod/github.com/nats-io/nats.go@v1.41.1/jetstream/pull.go:534 +0x748

goroutine 3937 [select, 4 minutes]:
github.com/nats-io/nats.go/jetstream.(*pullSubscription).Next(0xc00060fdd0)
	/Users/jace/go/pkg/mod/github.com/nats-io/nats.go@v1.41.1/jetstream/pull.go:589 +0x285
github.com/Black-And-White-Club/frolf-bot-shared/eventbus.(*eventBus).Subscribe.func1()
	/Users/jace/Documents/GitHub/frolf-bot-shared/eventbus/eventbus.go:326 +0x169
created by github.com/Black-And-White-Club/frolf-bot-shared/eventbus.(*eventBus).Subscribe in goroutine 3776
	/Users/jace/Documents/GitHub/frolf-bot-shared/eventbus/eventbus.go:315 +0xbf1

goroutine 4146 [chan receive, 4 minutes]:
github.com/ThreeDotsLabs/watermill/message.(*messageTransformSubscriberDecorator).Subscribe.func1()
	/Users/jace/go/pkg/mod/github.com/!three!dots!labs/watermill@v1.4.6/message/decorator.go:52 +0x85
created by github.com/ThreeDotsLabs/watermill/message.(*messageTransformSubscriberDecorator).Subscribe in goroutine 3776
	/Users/jace/go/pkg/mod/github.com/!three!dots!labs/watermill@v1.4.6/message/decorator.go:51 +0xc7

goroutine 6210 [select, 3 minutes]:
github.com/nats-io/nats.go/jetstream.(*pullSubscription).pullMessages(0xc00097efc0, {0xc0008b2230, 0x4d})
	/Users/jace/go/pkg/mod/github.com/nats-io/nats.go@v1.41.1/jetstream/pull.go:955 +0x91
created by github.com/nats-io/nats.go/jetstream.(*pullConsumer).Messages in goroutine 6161
	/Users/jace/go/pkg/mod/github.com/nats-io/nats.go@v1.41.1/jetstream/pull.go:534 +0x748

goroutine 3936 [select, 4 minutes]:
github.com/nats-io/nats.go/jetstream.(*pullConsumer).Messages.func2()
	/Users/jace/go/pkg/mod/github.com/nats-io/nats.go@v1.41.1/jetstream/pull.go:538 +0x68
created by github.com/nats-io/nats.go/jetstream.(*pullConsumer).Messages in goroutine 3776
	/Users/jace/go/pkg/mod/github.com/nats-io/nats.go@v1.41.1/jetstream/pull.go:536 +0x78a

goroutine 4147 [chan receive, 4 minutes]:
github.com/ThreeDotsLabs/watermill/message.(*handler).run(0xc000d05c70, {0x10a337fa0, 0xc000994410}, {0xc00049c540, 0x6, 0x0?})
	/Users/jace/go/pkg/mod/github.com/!three!dots!labs/watermill@v1.4.6/message/router.go:645 +0x2b4
github.com/ThreeDotsLabs/watermill/message.(*Router).RunHandlers.func1()
	/Users/jace/go/pkg/mod/github.com/!three!dots!labs/watermill@v1.4.6/message/router.go:460 +0x145
created by github.com/ThreeDotsLabs/watermill/message.(*Router).RunHandlers in goroutine 3776
	/Users/jace/go/pkg/mod/github.com/!three!dots!labs/watermill@v1.4.6/message/router.go:453 +0x606

goroutine 33333 [select, 2 minutes]:
github.com/nats-io/nats.go/jetstream.(*pullConsumer).Messages.func2()
	/Users/jace/go/pkg/mod/github.com/nats-io/nats.go@v1.41.1/jetstream/pull.go:538 +0x68
created by github.com/nats-io/nats.go/jetstream.(*pullConsumer).Messages in goroutine 33200
	/Users/jace/go/pkg/mod/github.com/nats-io/nats.go@v1.41.1/jetstream/pull.go:536 +0x78a

goroutine 13823 [select, 3 minutes]:
github.com/nats-io/nats.go/jetstream.(*pullSubscription).pullMessages(0xc001590750, {0xc00094b0c0, 0x3f})
	/Users/jace/go/pkg/mod/github.com/nats-io/nats.go@v1.41.1/jetstream/pull.go:955 +0x91
created by github.com/nats-io/nats.go/jetstream.(*pullConsumer).Messages in goroutine 13489
	/Users/jace/go/pkg/mod/github.com/nats-io/nats.go@v1.41.1/jetstream/pull.go:534 +0x748

goroutine 4061 [select, 4 minutes]:
github.com/nats-io/nats.go/jetstream.(*pullConsumer).Messages.func2()
	/Users/jace/go/pkg/mod/github.com/nats-io/nats.go@v1.41.1/jetstream/pull.go:538 +0x68
created by github.com/nats-io/nats.go/jetstream.(*pullConsumer).Messages in goroutine 3776
	/Users/jace/go/pkg/mod/github.com/nats-io/nats.go@v1.41.1/jetstream/pull.go:536 +0x78a

goroutine 4116 [select, 4 minutes]:
github.com/nats-io/nats.go/jetstream.(*pullSubscription).pullMessages(0xc0007b2240, {0xc0008b2500, 0x45})
	/Users/jace/go/pkg/mod/github.com/nats-io/nats.go@v1.41.1/jetstream/pull.go:955 +0x91
created by github.com/nats-io/nats.go/jetstream.(*pullConsumer).Messages in goroutine 3776
	/Users/jace/go/pkg/mod/github.com/nats-io/nats.go@v1.41.1/jetstream/pull.go:534 +0x748

goroutine 4045 [chan receive, 4 minutes]:
github.com/ThreeDotsLabs/watermill/message.(*handler).run(0xc000d05790, {0x10a337fa0, 0xc0005ae0f0}, {0xc00049c300, 0x6, 0x486172747845222c?})
	/Users/jace/go/pkg/mod/github.com/!three!dots!labs/watermill@v1.4.6/message/router.go:645 +0x2b4
github.com/ThreeDotsLabs/watermill/message.(*Router).RunHandlers.func1()
	/Users/jace/go/pkg/mod/github.com/!three!dots!labs/watermill@v1.4.6/message/router.go:460 +0x145
created by github.com/ThreeDotsLabs/watermill/message.(*Router).RunHandlers in goroutine 3776
	/Users/jace/go/pkg/mod/github.com/!three!dots!labs/watermill@v1.4.6/message/router.go:453 +0x606

goroutine 6332 [select, 3 minutes]:
github.com/nats-io/nats.go/jetstream.(*pullSubscription).Next(0xc0009d94d0)
	/Users/jace/go/pkg/mod/github.com/nats-io/nats.go@v1.41.1/jetstream/pull.go:589 +0x285
github.com/Black-And-White-Club/frolf-bot-shared/eventbus.(*eventBus).Subscribe.func1()
	/Users/jace/Documents/GitHub/frolf-bot-shared/eventbus/eventbus.go:326 +0x169
created by github.com/Black-And-White-Club/frolf-bot-shared/eventbus.(*eventBus).Subscribe in goroutine 6161
	/Users/jace/Documents/GitHub/frolf-bot-shared/eventbus/eventbus.go:315 +0xbf1

goroutine 6119 [sync.Cond.Wait, 3 minutes]:
sync.runtime_notifyListWait(0xc000fc36d0, 0x45)
	/usr/local/Cellar/go/1.24.2/libexec/src/runtime/sema.go:597 +0x159
sync.(*Cond).Wait(0x10a337fa0?)
	/usr/local/Cellar/go/1.24.2/libexec/src/sync/cond.go:71 +0x85
github.com/nats-io/nats%2ego.(*Conn).waitForMsgs(0xc000745508, 0xc000aaa4b0)
	/Users/jace/go/pkg/mod/github.com/nats-io/nats.go@v1.41.1/nats.go:3178 +0xc5
created by github.com/nats-io/nats%2ego.(*Conn).subscribeLocked in goroutine 5507
	/Users/jace/go/pkg/mod/github.com/nats-io/nats.go@v1.41.1/nats.go:4468 +0x419

goroutine 15242 [chan receive, 3 minutes]:
github.com/ThreeDotsLabs/watermill/message.(*messageTransformSubscriberDecorator).Subscribe.func1()
	/Users/jace/go/pkg/mod/github.com/!three!dots!labs/watermill@v1.4.6/message/decorator.go:52 +0x85
created by github.com/ThreeDotsLabs/watermill/message.(*messageTransformSubscriberDecorator).Subscribe in goroutine 14800
	/Users/jace/go/pkg/mod/github.com/!three!dots!labs/watermill@v1.4.6/message/decorator.go:51 +0xc7

goroutine 6539 [select, 3 minutes]:
github.com/nats-io/nats.go/jetstream.(*pullSubscription).Next(0xc0002183f0)
	/Users/jace/go/pkg/mod/github.com/nats-io/nats.go@v1.41.1/jetstream/pull.go:589 +0x285
github.com/Black-And-White-Club/frolf-bot-shared/eventbus.(*eventBus).Subscribe.func1()
	/Users/jace/Documents/GitHub/frolf-bot-shared/eventbus/eventbus.go:326 +0x169
created by github.com/Black-And-White-Club/frolf-bot-shared/eventbus.(*eventBus).Subscribe in goroutine 6161
	/Users/jace/Documents/GitHub/frolf-bot-shared/eventbus/eventbus.go:315 +0xbf1

goroutine 12617 [chan receive, 3 minutes]:
github.com/ThreeDotsLabs/watermill/message.(*messageTransformSubscriberDecorator).Subscribe.func1()
	/Users/jace/go/pkg/mod/github.com/!three!dots!labs/watermill@v1.4.6/message/decorator.go:52 +0x85
created by github.com/ThreeDotsLabs/watermill/message.(*messageTransformSubscriberDecorator).Subscribe in goroutine 12376
	/Users/jace/go/pkg/mod/github.com/!three!dots!labs/watermill@v1.4.6/message/decorator.go:51 +0xc7

goroutine 23235 [chan receive, 2 minutes]:
github.com/ThreeDotsLabs/watermill/message.(*messageTransformSubscriberDecorator).Subscribe.func1()
	/Users/jace/go/pkg/mod/github.com/!three!dots!labs/watermill@v1.4.6/message/decorator.go:52 +0x85
created by github.com/ThreeDotsLabs/watermill/message.(*messageTransformSubscriberDecorator).Subscribe in goroutine 23038
	/Users/jace/go/pkg/mod/github.com/!three!dots!labs/watermill@v1.4.6/message/decorator.go:51 +0xc7

goroutine 11431 [chan receive, 3 minutes]:
github.com/ThreeDotsLabs/watermill/message.(*handler).run(0xc000d7b450, {0x10a337fa0, 0xc0000eb810}, {0xc000df00c0, 0x6, 0x0?})
	/Users/jace/go/pkg/mod/github.com/!three!dots!labs/watermill@v1.4.6/message/router.go:645 +0x2b4
github.com/ThreeDotsLabs/watermill/message.(*Router).RunHandlers.func1()
	/Users/jace/go/pkg/mod/github.com/!three!dots!labs/watermill@v1.4.6/message/router.go:460 +0x145
created by github.com/ThreeDotsLabs/watermill/message.(*Router).RunHandlers in goroutine 11006
	/Users/jace/go/pkg/mod/github.com/!three!dots!labs/watermill@v1.4.6/message/router.go:453 +0x606

goroutine 13443 [sync.Cond.Wait, 3 minutes]:
sync.runtime_notifyListWait(0xc0001f1950, 0x0)
	/usr/local/Cellar/go/1.24.2/libexec/src/runtime/sema.go:597 +0x159
sync.(*Cond).Wait(0xc0010b5e30?)
	/usr/local/Cellar/go/1.24.2/libexec/src/sync/cond.go:71 +0x85
github.com/nats-io/nats%2ego.(*asyncCallbacksHandler).asyncCBDispatcher(0xc000c1fca0)
	/Users/jace/go/pkg/mod/github.com/nats-io/nats.go@v1.41.1/nats.go:3059 +0xdd
created by github.com/nats-io/nats%2ego.Options.Connect in goroutine 12935
	/Users/jace/go/pkg/mod/github.com/nats-io/nats.go@v1.41.1/nats.go:1635 +0x387

goroutine 4112 [select, 4 minutes]:
github.com/nats-io/nats.go/jetstream.(*pullSubscription).Next(0xc000676fc0)
	/Users/jace/go/pkg/mod/github.com/nats-io/nats.go@v1.41.1/jetstream/pull.go:589 +0x285
github.com/Black-And-White-Club/frolf-bot-shared/eventbus.(*eventBus).Subscribe.func1()
	/Users/jace/Documents/GitHub/frolf-bot-shared/eventbus/eventbus.go:326 +0x169
created by github.com/Black-And-White-Club/frolf-bot-shared/eventbus.(*eventBus).Subscribe in goroutine 3776
	/Users/jace/Documents/GitHub/frolf-bot-shared/eventbus/eventbus.go:315 +0xbf1

goroutine 9838 [select, 3 minutes]:
github.com/nats-io/nats.go/jetstream.(*pullSubscription).pullMessages(0xc000478870, {0xc00017e730, 0x45})
	/Users/jace/go/pkg/mod/github.com/nats-io/nats.go@v1.41.1/jetstream/pull.go:955 +0x91
created by github.com/nats-io/nats.go/jetstream.(*pullConsumer).Messages in goroutine 10144
	/Users/jace/go/pkg/mod/github.com/nats-io/nats.go@v1.41.1/jetstream/pull.go:534 +0x748

goroutine 5385 [select, 4 minutes]:
github.com/nats-io/nats.go/jetstream.(*pullSubscription).Next(0xc00055b170)
	/Users/jace/go/pkg/mod/github.com/nats-io/nats.go@v1.41.1/jetstream/pull.go:589 +0x285
github.com/Black-And-White-Club/frolf-bot-shared/eventbus.(*eventBus).Subscribe.func1()
	/Users/jace/Documents/GitHub/frolf-bot-shared/eventbus/eventbus.go:326 +0x169
created by github.com/Black-And-White-Club/frolf-bot-shared/eventbus.(*eventBus).Subscribe in goroutine 4746
	/Users/jace/Documents/GitHub/frolf-bot-shared/eventbus/eventbus.go:315 +0xbf1

goroutine 5082 [select, 4 minutes]:
github.com/nats-io/nats.go/jetstream.(*pullSubscription).Next(0xc00060fa70)
	/Users/jace/go/pkg/mod/github.com/nats-io/nats.go@v1.41.1/jetstream/pull.go:589 +0x285
github.com/Black-And-White-Club/frolf-bot-shared/eventbus.(*eventBus).Subscribe.func1()
	/Users/jace/Documents/GitHub/frolf-bot-shared/eventbus/eventbus.go:326 +0x169
created by github.com/Black-And-White-Club/frolf-bot-shared/eventbus.(*eventBus).Subscribe in goroutine 4746
	/Users/jace/Documents/GitHub/frolf-bot-shared/eventbus/eventbus.go:315 +0xbf1

goroutine 12456 [select, 3 minutes]:
github.com/nats-io/nats.go/jetstream.(*pullSubscription).Next(0xc00091ebd0)
	/Users/jace/go/pkg/mod/github.com/nats-io/nats.go@v1.41.1/jetstream/pull.go:589 +0x285
github.com/Black-And-White-Club/frolf-bot-shared/eventbus.(*eventBus).Subscribe.func1()
	/Users/jace/Documents/GitHub/frolf-bot-shared/eventbus/eventbus.go:326 +0x169
created by github.com/Black-And-White-Club/frolf-bot-shared/eventbus.(*eventBus).Subscribe in goroutine 12376
	/Users/jace/Documents/GitHub/frolf-bot-shared/eventbus/eventbus.go:315 +0xbf1

goroutine 6213 [chan receive, 3 minutes]:
github.com/ThreeDotsLabs/watermill/message.(*messageTransformSubscriberDecorator).Subscribe.func1()
	/Users/jace/go/pkg/mod/github.com/!three!dots!labs/watermill@v1.4.6/message/decorator.go:52 +0x85
created by github.com/ThreeDotsLabs/watermill/message.(*messageTransformSubscriberDecorator).Subscribe in goroutine 6161
	/Users/jace/go/pkg/mod/github.com/!three!dots!labs/watermill@v1.4.6/message/decorator.go:51 +0xc7

goroutine 4189 [select]:
github.com/nats-io/nats%2ego.(*Conn).doReconnect(0xc000631508, {0x10a327f28, 0x10acedb30}, 0x0)
	/Users/jace/go/pkg/mod/github.com/nats-io/nats.go@v1.41.1/nats.go:2907 +0x41a
created by github.com/nats-io/nats%2ego.(*Conn).processOpErr in goroutine 3617
	/Users/jace/go/pkg/mod/github.com/nats-io/nats.go@v1.41.1/nats.go:3043 +0x2f3

goroutine 11300 [chan receive, 3 minutes]:
github.com/ThreeDotsLabs/watermill/message.(*messageTransformSubscriberDecorator).Subscribe.func1()
	/Users/jace/go/pkg/mod/github.com/!three!dots!labs/watermill@v1.4.6/message/decorator.go:52 +0x85
created by github.com/ThreeDotsLabs/watermill/message.(*messageTransformSubscriberDecorator).Subscribe in goroutine 11006
	/Users/jace/go/pkg/mod/github.com/!three!dots!labs/watermill@v1.4.6/message/decorator.go:51 +0xc7

goroutine 6306 [select, 3 minutes]:
github.com/nats-io/nats.go/jetstream.(*pullSubscription).pullMessages(0xc0004b8240, {0xc0008b2550, 0x50})
	/Users/jace/go/pkg/mod/github.com/nats-io/nats.go@v1.41.1/jetstream/pull.go:955 +0x91
created by github.com/nats-io/nats.go/jetstream.(*pullConsumer).Messages in goroutine 6161
	/Users/jace/go/pkg/mod/github.com/nats-io/nats.go@v1.41.1/jetstream/pull.go:534 +0x748

goroutine 15030 [select, 3 minutes]:
github.com/nats-io/nats.go/jetstream.(*pullConsumer).Messages.func2()
	/Users/jace/go/pkg/mod/github.com/nats-io/nats.go@v1.41.1/jetstream/pull.go:538 +0x68
created by github.com/nats-io/nats.go/jetstream.(*pullConsumer).Messages in goroutine 14800
	/Users/jace/go/pkg/mod/github.com/nats-io/nats.go@v1.41.1/jetstream/pull.go:536 +0x78a

goroutine 6835 [chan receive, 3 minutes]:
github.com/ThreeDotsLabs/watermill/message.(*handler).run(0xc000e6fc70, {0x10a337fa0, 0xc0007aefa0}, {0xc00083e000, 0x6, 0x0?})
	/Users/jace/go/pkg/mod/github.com/!three!dots!labs/watermill@v1.4.6/message/router.go:645 +0x2b4
github.com/ThreeDotsLabs/watermill/message.(*Router).RunHandlers.func1()
	/Users/jace/go/pkg/mod/github.com/!three!dots!labs/watermill@v1.4.6/message/router.go:460 +0x145
created by github.com/ThreeDotsLabs/watermill/message.(*Router).RunHandlers in goroutine 6161
	/Users/jace/go/pkg/mod/github.com/!three!dots!labs/watermill@v1.4.6/message/router.go:453 +0x606

goroutine 15061 [chan receive, 3 minutes]:
github.com/ThreeDotsLabs/watermill/message.(*handler).run(0xc000967930, {0x10a337fa0, 0xc0000ea000}, {0xc00062a0c0, 0x6, 0xc000aa5778?})
	/Users/jace/go/pkg/mod/github.com/!three!dots!labs/watermill@v1.4.6/message/router.go:645 +0x2b4
github.com/ThreeDotsLabs/watermill/message.(*Router).RunHandlers.func1()
	/Users/jace/go/pkg/mod/github.com/!three!dots!labs/watermill@v1.4.6/message/router.go:460 +0x145
created by github.com/ThreeDotsLabs/watermill/message.(*Router).RunHandlers in goroutine 14800
	/Users/jace/go/pkg/mod/github.com/!three!dots!labs/watermill@v1.4.6/message/router.go:453 +0x606

goroutine 23481 [select, 2 minutes]:
github.com/nats-io/nats.go/jetstream.(*pullConsumer).Messages.func2()
	/Users/jace/go/pkg/mod/github.com/nats-io/nats.go@v1.41.1/jetstream/pull.go:538 +0x68
created by github.com/nats-io/nats.go/jetstream.(*pullConsumer).Messages in goroutine 23038
	/Users/jace/go/pkg/mod/github.com/nats-io/nats.go@v1.41.1/jetstream/pull.go:536 +0x78a

goroutine 13576 [select, 3 minutes]:
github.com/nats-io/nats.go/jetstream.(*pullSubscription).Next(0xc000b893b0)
	/Users/jace/go/pkg/mod/github.com/nats-io/nats.go@v1.41.1/jetstream/pull.go:589 +0x285
github.com/Black-And-White-Club/frolf-bot-shared/eventbus.(*eventBus).Subscribe.func1()
	/Users/jace/Documents/GitHub/frolf-bot-shared/eventbus/eventbus.go:326 +0x169
created by github.com/Black-And-White-Club/frolf-bot-shared/eventbus.(*eventBus).Subscribe in goroutine 13489
	/Users/jace/Documents/GitHub/frolf-bot-shared/eventbus/eventbus.go:315 +0xbf1

goroutine 6444 [select, 3 minutes]:
github.com/nats-io/nats.go/jetstream.(*pullConsumer).Messages.func2()
	/Users/jace/go/pkg/mod/github.com/nats-io/nats.go@v1.41.1/jetstream/pull.go:538 +0x68
created by github.com/nats-io/nats.go/jetstream.(*pullConsumer).Messages in goroutine 6161
	/Users/jace/go/pkg/mod/github.com/nats-io/nats.go@v1.41.1/jetstream/pull.go:536 +0x78a

goroutine 10280 [select, 3 minutes]:
github.com/nats-io/nats.go/jetstream.(*pullSubscription).Next(0xc000123d40)
	/Users/jace/go/pkg/mod/github.com/nats-io/nats.go@v1.41.1/jetstream/pull.go:589 +0x285
github.com/Black-And-White-Club/frolf-bot-shared/eventbus.(*eventBus).Subscribe.func1()
	/Users/jace/Documents/GitHub/frolf-bot-shared/eventbus/eventbus.go:326 +0x169
created by github.com/Black-And-White-Club/frolf-bot-shared/eventbus.(*eventBus).Subscribe in goroutine 10144
	/Users/jace/Documents/GitHub/frolf-bot-shared/eventbus/eventbus.go:315 +0xbf1

goroutine 6724 [select, 3 minutes]:
github.com/nats-io/nats.go/jetstream.(*pullSubscription).Next(0xc000a82990)
	/Users/jace/go/pkg/mod/github.com/nats-io/nats.go@v1.41.1/jetstream/pull.go:589 +0x285
github.com/Black-And-White-Club/frolf-bot-shared/eventbus.(*eventBus).Subscribe.func1()
	/Users/jace/Documents/GitHub/frolf-bot-shared/eventbus/eventbus.go:326 +0x169
created by github.com/Black-And-White-Club/frolf-bot-shared/eventbus.(*eventBus).Subscribe in goroutine 6161
	/Users/jace/Documents/GitHub/frolf-bot-shared/eventbus/eventbus.go:315 +0xbf1

goroutine 12225 [select, 3 minutes]:
github.com/nats-io/nats.go/jetstream.(*pullSubscription).pullMessages(0xc000b88120, {0xc00004ec30, 0x42})
	/Users/jace/go/pkg/mod/github.com/nats-io/nats.go@v1.41.1/jetstream/pull.go:955 +0x91
created by github.com/nats-io/nats.go/jetstream.(*pullConsumer).Messages in goroutine 12376
	/Users/jace/go/pkg/mod/github.com/nats-io/nats.go@v1.41.1/jetstream/pull.go:534 +0x748

goroutine 6431 [chan receive, 3 minutes]:
github.com/ThreeDotsLabs/watermill/message.(*messageTransformSubscriberDecorator).Subscribe.func1()
	/Users/jace/go/pkg/mod/github.com/!three!dots!labs/watermill@v1.4.6/message/decorator.go:52 +0x85
created by github.com/ThreeDotsLabs/watermill/message.(*messageTransformSubscriberDecorator).Subscribe in goroutine 6161
	/Users/jace/go/pkg/mod/github.com/!three!dots!labs/watermill@v1.4.6/message/decorator.go:51 +0xc7

goroutine 27150 [chan receive, 2 minutes]:
github.com/ThreeDotsLabs/watermill/message.(*messageTransformSubscriberDecorator).Subscribe.func1()
	/Users/jace/go/pkg/mod/github.com/!three!dots!labs/watermill@v1.4.6/message/decorator.go:52 +0x85
created by github.com/ThreeDotsLabs/watermill/message.(*messageTransformSubscriberDecorator).Subscribe in goroutine 27088
	/Users/jace/go/pkg/mod/github.com/!three!dots!labs/watermill@v1.4.6/message/decorator.go:51 +0xc7

goroutine 12398 [chan receive, 3 minutes]:
github.com/ThreeDotsLabs/watermill/message.(*handler).run(0xc00118c410, {0x10a337fa0, 0xc000226f50}, {0xc000a16cc0, 0x6, 0xc000d8cf78?})
	/Users/jace/go/pkg/mod/github.com/!three!dots!labs/watermill@v1.4.6/message/router.go:645 +0x2b4
github.com/ThreeDotsLabs/watermill/message.(*Router).RunHandlers.func1()
	/Users/jace/go/pkg/mod/github.com/!three!dots!labs/watermill@v1.4.6/message/router.go:460 +0x145
created by github.com/ThreeDotsLabs/watermill/message.(*Router).RunHandlers in goroutine 12376
	/Users/jace/go/pkg/mod/github.com/!three!dots!labs/watermill@v1.4.6/message/router.go:453 +0x606

goroutine 32471 [chan receive, 2 minutes]:
github.com/ThreeDotsLabs/watermill/message.(*handler).run(0xc00118c4e0, {0x10a337fa0, 0xc000a13540}, {0xc000f57a40, 0x6, 0x0?})
	/Users/jace/go/pkg/mod/github.com/!three!dots!labs/watermill@v1.4.6/message/router.go:645 +0x2b4
github.com/ThreeDotsLabs/watermill/message.(*Router).RunHandlers.func1()
	/Users/jace/go/pkg/mod/github.com/!three!dots!labs/watermill@v1.4.6/message/router.go:460 +0x145
created by github.com/ThreeDotsLabs/watermill/message.(*Router).RunHandlers in goroutine 32049
	/Users/jace/go/pkg/mod/github.com/!three!dots!labs/watermill@v1.4.6/message/router.go:453 +0x606

goroutine 11650 [select]:
github.com/nats-io/nats%2ego.(*Conn).doReconnect(0xc000632308, {0x10a327f28, 0x10acedb30}, 0x0)
	/Users/jace/go/pkg/mod/github.com/nats-io/nats.go@v1.41.1/nats.go:2907 +0x41a
created by github.com/nats-io/nats%2ego.(*Conn).processOpErr in goroutine 10962
	/Users/jace/go/pkg/mod/github.com/nats-io/nats.go@v1.41.1/nats.go:3043 +0x2f3

goroutine 6334 [chan receive, 3 minutes]:
github.com/ThreeDotsLabs/watermill/message.(*handler).run(0xc000e6f790, {0x10a337fa0, 0xc0000eadc0}, {0xc000e426c0, 0x6, 0xc000c46f78?})
	/Users/jace/go/pkg/mod/github.com/!three!dots!labs/watermill@v1.4.6/message/router.go:645 +0x2b4
github.com/ThreeDotsLabs/watermill/message.(*Router).RunHandlers.func1()
	/Users/jace/go/pkg/mod/github.com/!three!dots!labs/watermill@v1.4.6/message/router.go:460 +0x145
created by github.com/ThreeDotsLabs/watermill/message.(*Router).RunHandlers in goroutine 6161
	/Users/jace/go/pkg/mod/github.com/!three!dots!labs/watermill@v1.4.6/message/router.go:453 +0x606

goroutine 6214 [chan receive, 3 minutes]:
github.com/ThreeDotsLabs/watermill/message.(*handler).run(0xc000b244e0, {0x10a337fa0, 0xc000c82550}, {0xc000458540, 0x6, 0x10a31e5e0?})
	/Users/jace/go/pkg/mod/github.com/!three!dots!labs/watermill@v1.4.6/message/router.go:645 +0x2b4
github.com/ThreeDotsLabs/watermill/message.(*Router).RunHandlers.func1()
	/Users/jace/go/pkg/mod/github.com/!three!dots!labs/watermill@v1.4.6/message/router.go:460 +0x145
created by github.com/ThreeDotsLabs/watermill/message.(*Router).RunHandlers in goroutine 6161
	/Users/jace/go/pkg/mod/github.com/!three!dots!labs/watermill@v1.4.6/message/router.go:453 +0x606

goroutine 13638 [select, 3 minutes]:
github.com/nats-io/nats.go/jetstream.(*pullSubscription).pullMessages(0xc000b89a70, {0xc0002542d0, 0x4b})
	/Users/jace/go/pkg/mod/github.com/nats-io/nats.go@v1.41.1/jetstream/pull.go:955 +0x91
created by github.com/nats-io/nats.go/jetstream.(*pullConsumer).Messages in goroutine 13489
	/Users/jace/go/pkg/mod/github.com/nats-io/nats.go@v1.41.1/jetstream/pull.go:534 +0x748

goroutine 32235 [select, 2 minutes]:
github.com/nats-io/nats.go/jetstream.(*pullSubscription).Next(0xc0008783f0)
	/Users/jace/go/pkg/mod/github.com/nats-io/nats.go@v1.41.1/jetstream/pull.go:589 +0x285
github.com/Black-And-White-Club/frolf-bot-shared/eventbus.(*eventBus).Subscribe.func1()
	/Users/jace/Documents/GitHub/frolf-bot-shared/eventbus/eventbus.go:326 +0x169
created by github.com/Black-And-White-Club/frolf-bot-shared/eventbus.(*eventBus).Subscribe in goroutine 32049
	/Users/jace/Documents/GitHub/frolf-bot-shared/eventbus/eventbus.go:315 +0xbf1

goroutine 12839 [select, 3 minutes]:
github.com/nats-io/nats.go/jetstream.(*pullSubscription).pullMessages(0xc00083d8c0, {0xc0007d6be0, 0x45})
	/Users/jace/go/pkg/mod/github.com/nats-io/nats.go@v1.41.1/jetstream/pull.go:955 +0x91
created by github.com/nats-io/nats.go/jetstream.(*pullConsumer).Messages in goroutine 12376
	/Users/jace/go/pkg/mod/github.com/nats-io/nats.go@v1.41.1/jetstream/pull.go:534 +0x748

goroutine 23130 [chan receive, 2 minutes]:
github.com/ThreeDotsLabs/watermill/message.(*handler).run(0xc0009668f0, {0x10a337fa0, 0xc001136640}, {0xc001388540, 0x6, 0xc001346778?})
	/Users/jace/go/pkg/mod/github.com/!three!dots!labs/watermill@v1.4.6/message/router.go:645 +0x2b4
github.com/ThreeDotsLabs/watermill/message.(*Router).RunHandlers.func1()
	/Users/jace/go/pkg/mod/github.com/!three!dots!labs/watermill@v1.4.6/message/router.go:460 +0x145
created by github.com/ThreeDotsLabs/watermill/message.(*Router).RunHandlers in goroutine 23038
	/Users/jace/go/pkg/mod/github.com/!three!dots!labs/watermill@v1.4.6/message/router.go:453 +0x606

goroutine 15023 [chan receive, 3 minutes]:
github.com/ThreeDotsLabs/watermill/message.(*handler).run(0xc000966d00, {0x10a337fa0, 0xc000a2d720}, {0xc00163a180, 0x6, 0x2234363230363165?})
	/Users/jace/go/pkg/mod/github.com/!three!dots!labs/watermill@v1.4.6/message/router.go:645 +0x2b4
github.com/ThreeDotsLabs/watermill/message.(*Router).RunHandlers.func1()
	/Users/jace/go/pkg/mod/github.com/!three!dots!labs/watermill@v1.4.6/message/router.go:460 +0x145
created by github.com/ThreeDotsLabs/watermill/message.(*Router).RunHandlers in goroutine 14800
	/Users/jace/go/pkg/mod/github.com/!three!dots!labs/watermill@v1.4.6/message/router.go:453 +0x606

goroutine 6540 [chan receive, 3 minutes]:
github.com/ThreeDotsLabs/watermill/message.(*messageTransformSubscriberDecorator).Subscribe.func1()
	/Users/jace/go/pkg/mod/github.com/!three!dots!labs/watermill@v1.4.6/message/decorator.go:52 +0x85
created by github.com/ThreeDotsLabs/watermill/message.(*messageTransformSubscriberDecorator).Subscribe in goroutine 6161
	/Users/jace/go/pkg/mod/github.com/!three!dots!labs/watermill@v1.4.6/message/decorator.go:51 +0xc7

goroutine 6324 [select, 3 minutes]:
github.com/nats-io/nats.go/jetstream.(*pullConsumer).Messages.func2()
	/Users/jace/go/pkg/mod/github.com/nats-io/nats.go@v1.41.1/jetstream/pull.go:538 +0x68
created by github.com/nats-io/nats.go/jetstream.(*pullConsumer).Messages in goroutine 6161
	/Users/jace/go/pkg/mod/github.com/nats-io/nats.go@v1.41.1/jetstream/pull.go:536 +0x78a

goroutine 6831 [select, 3 minutes]:
github.com/nats-io/nats.go/jetstream.(*pullSubscription).pullMessages(0xc0007c5710, {0xc0008064b0, 0x4f})
	/Users/jace/go/pkg/mod/github.com/nats-io/nats.go@v1.41.1/jetstream/pull.go:955 +0x91
created by github.com/nats-io/nats.go/jetstream.(*pullConsumer).Messages in goroutine 6161
	/Users/jace/go/pkg/mod/github.com/nats-io/nats.go@v1.41.1/jetstream/pull.go:534 +0x748

goroutine 6333 [chan receive, 3 minutes]:
github.com/ThreeDotsLabs/watermill/message.(*messageTransformSubscriberDecorator).Subscribe.func1()
	/Users/jace/go/pkg/mod/github.com/!three!dots!labs/watermill@v1.4.6/message/decorator.go:52 +0x85
created by github.com/ThreeDotsLabs/watermill/message.(*messageTransformSubscriberDecorator).Subscribe in goroutine 6161
	/Users/jace/go/pkg/mod/github.com/!three!dots!labs/watermill@v1.4.6/message/decorator.go:51 +0xc7

goroutine 6326 [chan receive, 3 minutes]:
github.com/ThreeDotsLabs/watermill/message.(*messageTransformSubscriberDecorator).Subscribe.func1()
	/Users/jace/go/pkg/mod/github.com/!three!dots!labs/watermill@v1.4.6/message/decorator.go:52 +0x85
created by github.com/ThreeDotsLabs/watermill/message.(*messageTransformSubscriberDecorator).Subscribe in goroutine 6161
	/Users/jace/go/pkg/mod/github.com/!three!dots!labs/watermill@v1.4.6/message/decorator.go:51 +0xc7

goroutine 6454 [select, 3 minutes]:
github.com/nats-io/nats.go/jetstream.(*pullConsumer).Messages.func2()
	/Users/jace/go/pkg/mod/github.com/nats-io/nats.go@v1.41.1/jetstream/pull.go:538 +0x68
created by github.com/nats-io/nats.go/jetstream.(*pullConsumer).Messages in goroutine 6161
	/Users/jace/go/pkg/mod/github.com/nats-io/nats.go@v1.41.1/jetstream/pull.go:536 +0x78a

goroutine 13577 [chan receive, 3 minutes]:
github.com/ThreeDotsLabs/watermill/message.(*messageTransformSubscriberDecorator).Subscribe.func1()
	/Users/jace/go/pkg/mod/github.com/!three!dots!labs/watermill@v1.4.6/message/decorator.go:52 +0x85
created by github.com/ThreeDotsLabs/watermill/message.(*messageTransformSubscriberDecorator).Subscribe in goroutine 13489
	/Users/jace/go/pkg/mod/github.com/!three!dots!labs/watermill@v1.4.6/message/decorator.go:51 +0xc7

goroutine 11116 [chan receive, 3 minutes]:
github.com/ThreeDotsLabs/watermill/message.(*messageTransformSubscriberDecorator).Subscribe.func1()
	/Users/jace/go/pkg/mod/github.com/!three!dots!labs/watermill@v1.4.6/message/decorator.go:52 +0x85
created by github.com/ThreeDotsLabs/watermill/message.(*messageTransformSubscriberDecorator).Subscribe in goroutine 11006
	/Users/jace/go/pkg/mod/github.com/!three!dots!labs/watermill@v1.4.6/message/decorator.go:51 +0xc7

goroutine 6413 [select, 3 minutes]:
github.com/nats-io/nats.go/jetstream.(*pullSubscription).pullMessages(0xc00060f200, {0xc00004e690, 0x4f})
	/Users/jace/go/pkg/mod/github.com/nats-io/nats.go@v1.41.1/jetstream/pull.go:955 +0x91
created by github.com/nats-io/nats.go/jetstream.(*pullConsumer).Messages in goroutine 6161
	/Users/jace/go/pkg/mod/github.com/nats-io/nats.go@v1.41.1/jetstream/pull.go:534 +0x748

goroutine 10279 [select, 3 minutes]:
github.com/nats-io/nats.go/jetstream.(*pullConsumer).Messages.func2()
	/Users/jace/go/pkg/mod/github.com/nats-io/nats.go@v1.41.1/jetstream/pull.go:538 +0x68
created by github.com/nats-io/nats.go/jetstream.(*pullConsumer).Messages in goroutine 10144
	/Users/jace/go/pkg/mod/github.com/nats-io/nats.go@v1.41.1/jetstream/pull.go:536 +0x78a

goroutine 5375 [select]:
github.com/nats-io/nats%2ego.(*Conn).doReconnect(0xc000744708, {0x10a327f28, 0x10acedb30}, 0x0)
	/Users/jace/go/pkg/mod/github.com/nats-io/nats.go@v1.41.1/nats.go:2907 +0x41a
created by github.com/nats-io/nats%2ego.(*Conn).processOpErr in goroutine 4682
	/Users/jace/go/pkg/mod/github.com/nats-io/nats.go@v1.41.1/nats.go:3043 +0x2f3

goroutine 14984 [chan receive, 3 minutes]:
github.com/ThreeDotsLabs/watermill/message.(*handler).run(0xc000966a90, {0x10a337fa0, 0xc000a2d270}, {0xc0001fc540, 0x6, 0x0?})
	/Users/jace/go/pkg/mod/github.com/!three!dots!labs/watermill@v1.4.6/message/router.go:645 +0x2b4
github.com/ThreeDotsLabs/watermill/message.(*Router).RunHandlers.func1()
	/Users/jace/go/pkg/mod/github.com/!three!dots!labs/watermill@v1.4.6/message/router.go:460 +0x145
created by github.com/ThreeDotsLabs/watermill/message.(*Router).RunHandlers in goroutine 14800
	/Users/jace/go/pkg/mod/github.com/!three!dots!labs/watermill@v1.4.6/message/router.go:453 +0x606

goroutine 6680 [select, 3 minutes]:
github.com/nats-io/nats.go/jetstream.(*pullConsumer).Messages.func2()
	/Users/jace/go/pkg/mod/github.com/nats-io/nats.go@v1.41.1/jetstream/pull.go:538 +0x68
created by github.com/nats-io/nats.go/jetstream.(*pullConsumer).Messages in goroutine 6161
	/Users/jace/go/pkg/mod/github.com/nats-io/nats.go@v1.41.1/jetstream/pull.go:536 +0x78a

goroutine 6701 [select, 3 minutes]:
github.com/nats-io/nats.go/jetstream.(*pullSubscription).pullMessages(0xc0007b3830, {0xc00004e640, 0x4b})
	/Users/jace/go/pkg/mod/github.com/nats-io/nats.go@v1.41.1/jetstream/pull.go:955 +0x91
created by github.com/nats-io/nats.go/jetstream.(*pullConsumer).Messages in goroutine 6161
	/Users/jace/go/pkg/mod/github.com/nats-io/nats.go@v1.41.1/jetstream/pull.go:534 +0x748

goroutine 11519 [chan receive, 3 minutes]:
github.com/ThreeDotsLabs/watermill/message.(*handler).run(0xc000d7ad00, {0x10a337fa0, 0xc0007ae190}, {0xc0004c60c0, 0x6, 0x0?})
	/Users/jace/go/pkg/mod/github.com/!three!dots!labs/watermill@v1.4.6/message/router.go:645 +0x2b4
github.com/ThreeDotsLabs/watermill/message.(*Router).RunHandlers.func1()
	/Users/jace/go/pkg/mod/github.com/!three!dots!labs/watermill@v1.4.6/message/router.go:460 +0x145
created by github.com/ThreeDotsLabs/watermill/message.(*Router).RunHandlers in goroutine 11006
	/Users/jace/go/pkg/mod/github.com/!three!dots!labs/watermill@v1.4.6/message/router.go:453 +0x606

goroutine 19108 [select, 3 minutes]:
github.com/nats-io/nats.go/jetstream.(*pullSubscription).pullMessages(0xc001208900, {0xc00024f8c0, 0x52})
	/Users/jace/go/pkg/mod/github.com/nats-io/nats.go@v1.41.1/jetstream/pull.go:955 +0x91
created by github.com/nats-io/nats.go/jetstream.(*pullConsumer).Messages in goroutine 18988
	/Users/jace/go/pkg/mod/github.com/nats-io/nats.go@v1.41.1/jetstream/pull.go:534 +0x748

goroutine 6537 [select, 3 minutes]:
github.com/nats-io/nats.go/jetstream.(*pullSubscription).pullMessages(0xc0002183f0, {0xc000131600, 0x40})
	/Users/jace/go/pkg/mod/github.com/nats-io/nats.go@v1.41.1/jetstream/pull.go:955 +0x91
created by github.com/nats-io/nats.go/jetstream.(*pullConsumer).Messages in goroutine 6161
	/Users/jace/go/pkg/mod/github.com/nats-io/nats.go@v1.41.1/jetstream/pull.go:534 +0x748

goroutine 11117 [chan receive, 3 minutes]:
github.com/ThreeDotsLabs/watermill/message.(*handler).run(0xc000d7b1e0, {0x10a337fa0, 0xc00096f630}, {0xc000d6c240, 0x6, 0x50?})
	/Users/jace/go/pkg/mod/github.com/!three!dots!labs/watermill@v1.4.6/message/router.go:645 +0x2b4
github.com/ThreeDotsLabs/watermill/message.(*Router).RunHandlers.func1()
	/Users/jace/go/pkg/mod/github.com/!three!dots!labs/watermill@v1.4.6/message/router.go:460 +0x145
created by github.com/ThreeDotsLabs/watermill/message.(*Router).RunHandlers in goroutine 11006
	/Users/jace/go/pkg/mod/github.com/!three!dots!labs/watermill@v1.4.6/message/router.go:453 +0x606

goroutine 9326 [select, 3 minutes]:
github.com/nats-io/nats.go/jetstream.(*pullSubscription).Next(0xc0007c41b0)
	/Users/jace/go/pkg/mod/github.com/nats-io/nats.go@v1.41.1/jetstream/pull.go:589 +0x285
github.com/Black-And-White-Club/frolf-bot-shared/eventbus.(*eventBus).Subscribe.func1()
	/Users/jace/Documents/GitHub/frolf-bot-shared/eventbus/eventbus.go:326 +0x169
created by github.com/Black-And-White-Club/frolf-bot-shared/eventbus.(*eventBus).Subscribe in goroutine 10144
	/Users/jace/Documents/GitHub/frolf-bot-shared/eventbus/eventbus.go:315 +0xbf1

goroutine 4747 [sync.Cond.Wait, 4 minutes]:
sync.runtime_notifyListWait(0xc000d4dd90, 0x4)
	/usr/local/Cellar/go/1.24.2/libexec/src/runtime/sema.go:597 +0x159
sync.(*Cond).Wait(0x0?)
	/usr/local/Cellar/go/1.24.2/libexec/src/sync/cond.go:71 +0x85
github.com/nats-io/nats%2ego.(*Conn).waitForMsgs(0xc000744708, 0xc00057c4b0)
	/Users/jace/go/pkg/mod/github.com/nats-io/nats.go@v1.41.1/nats.go:3178 +0xc5
created by github.com/nats-io/nats%2ego.(*Conn).subscribeLocked in goroutine 4210
	/Users/jace/go/pkg/mod/github.com/nats-io/nats.go@v1.41.1/nats.go:4468 +0x419

goroutine 4748 [sync.WaitGroup.Wait, 4 minutes]:
sync.runtime_SemacquireWaitGroup(0x1095ae7c0?)
	/usr/local/Cellar/go/1.24.2/libexec/src/runtime/sema.go:110 +0x25
sync.(*WaitGroup).Wait(0x0?)
	/usr/local/Cellar/go/1.24.2/libexec/src/sync/waitgroup.go:118 +0x48
github.com/ThreeDotsLabs/watermill/message.(*Router).watchAllHandlersStopped.func1()
	/Users/jace/go/pkg/mod/github.com/!three!dots!labs/watermill@v1.4.6/message/router.go:498 +0x86
created by github.com/ThreeDotsLabs/watermill/message.(*Router).watchAllHandlersStopped in goroutine 4746
	/Users/jace/go/pkg/mod/github.com/!three!dots!labs/watermill@v1.4.6/message/router.go:484 +0xec

goroutine 5048 [select, 4 minutes]:
github.com/nats-io/nats.go/jetstream.(*pullSubscription).Next(0xc0007c4ab0)
	/Users/jace/go/pkg/mod/github.com/nats-io/nats.go@v1.41.1/jetstream/pull.go:589 +0x285
github.com/Black-And-White-Club/frolf-bot-shared/eventbus.(*eventBus).Subscribe.func1()
	/Users/jace/Documents/GitHub/frolf-bot-shared/eventbus/eventbus.go:326 +0x169
created by github.com/Black-And-White-Club/frolf-bot-shared/eventbus.(*eventBus).Subscribe in goroutine 4746
	/Users/jace/Documents/GitHub/frolf-bot-shared/eventbus/eventbus.go:315 +0xbf1

goroutine 5180 [select, 4 minutes]:
github.com/nats-io/nats.go/jetstream.(*pullSubscription).pullMessages(0xc000a83050, {0xc00004e8c0, 0x4e})
	/Users/jace/go/pkg/mod/github.com/nats-io/nats.go@v1.41.1/jetstream/pull.go:955 +0x91
created by github.com/nats-io/nats.go/jetstream.(*pullConsumer).Messages in goroutine 4746
	/Users/jace/go/pkg/mod/github.com/nats-io/nats.go@v1.41.1/jetstream/pull.go:534 +0x748

goroutine 6473 [select, 3 minutes]:
github.com/nats-io/nats.go/jetstream.(*pullSubscription).Next(0xc0007c42d0)
	/Users/jace/go/pkg/mod/github.com/nats-io/nats.go@v1.41.1/jetstream/pull.go:589 +0x285
github.com/Black-And-White-Club/frolf-bot-shared/eventbus.(*eventBus).Subscribe.func1()
	/Users/jace/Documents/GitHub/frolf-bot-shared/eventbus/eventbus.go:326 +0x169
created by github.com/Black-And-White-Club/frolf-bot-shared/eventbus.(*eventBus).Subscribe in goroutine 6161
	/Users/jace/Documents/GitHub/frolf-bot-shared/eventbus/eventbus.go:315 +0xbf1

goroutine 5183 [chan receive, 4 minutes]:
github.com/ThreeDotsLabs/watermill/message.(*messageTransformSubscriberDecorator).Subscribe.func1()
	/Users/jace/go/pkg/mod/github.com/!three!dots!labs/watermill@v1.4.6/message/decorator.go:52 +0x85
created by github.com/ThreeDotsLabs/watermill/message.(*messageTransformSubscriberDecorator).Subscribe in goroutine 4746
	/Users/jace/go/pkg/mod/github.com/!three!dots!labs/watermill@v1.4.6/message/decorator.go:51 +0xc7

goroutine 5023 [select, 4 minutes]:
github.com/nats-io/nats.go/jetstream.(*pullSubscription).Next(0xc00060e750)
	/Users/jace/go/pkg/mod/github.com/nats-io/nats.go@v1.41.1/jetstream/pull.go:589 +0x285
github.com/Black-And-White-Club/frolf-bot-shared/eventbus.(*eventBus).Subscribe.func1()
	/Users/jace/Documents/GitHub/frolf-bot-shared/eventbus/eventbus.go:326 +0x169
created by github.com/Black-And-White-Club/frolf-bot-shared/eventbus.(*eventBus).Subscribe in goroutine 4746
	/Users/jace/Documents/GitHub/frolf-bot-shared/eventbus/eventbus.go:315 +0xbf1

goroutine 4928 [select, 4 minutes]:
github.com/nats-io/nats.go/jetstream.(*pullSubscription).pullMessages(0xc0004795f0, {0xc00004e5f0, 0x4f})
	/Users/jace/go/pkg/mod/github.com/nats-io/nats.go@v1.41.1/jetstream/pull.go:955 +0x91
created by github.com/nats-io/nats.go/jetstream.(*pullConsumer).Messages in goroutine 4746
	/Users/jace/go/pkg/mod/github.com/nats-io/nats.go@v1.41.1/jetstream/pull.go:534 +0x748

goroutine 4865 [select, 4 minutes]:
github.com/nats-io/nats.go/jetstream.(*pullSubscription).pullMessages(0xc0007b3b00, {0xc00004d4a0, 0x55})
	/Users/jace/go/pkg/mod/github.com/nats-io/nats.go@v1.41.1/jetstream/pull.go:955 +0x91
created by github.com/nats-io/nats.go/jetstream.(*pullConsumer).Messages in goroutine 4746
	/Users/jace/go/pkg/mod/github.com/nats-io/nats.go@v1.41.1/jetstream/pull.go:534 +0x748

goroutine 4765 [select, 4 minutes]:
github.com/nats-io/nats.go/jetstream.(*pullSubscription).pullMessages(0xc0004b8480, {0xc0007d60f0, 0x4b})
	/Users/jace/go/pkg/mod/github.com/nats-io/nats.go@v1.41.1/jetstream/pull.go:955 +0x91
created by github.com/nats-io/nats.go/jetstream.(*pullConsumer).Messages in goroutine 4746
	/Users/jace/go/pkg/mod/github.com/nats-io/nats.go@v1.41.1/jetstream/pull.go:534 +0x748

goroutine 5265 [select, 4 minutes]:
github.com/nats-io/nats.go/jetstream.(*pullConsumer).Messages.func2()
	/Users/jace/go/pkg/mod/github.com/nats-io/nats.go@v1.41.1/jetstream/pull.go:538 +0x68
created by github.com/nats-io/nats.go/jetstream.(*pullConsumer).Messages in goroutine 4746
	/Users/jace/go/pkg/mod/github.com/nats-io/nats.go@v1.41.1/jetstream/pull.go:536 +0x78a

goroutine 27499 [select, 2 minutes]:
github.com/nats-io/nats.go/jetstream.(*pullSubscription).Next(0xc000b88ea0)
	/Users/jace/go/pkg/mod/github.com/nats-io/nats.go@v1.41.1/jetstream/pull.go:589 +0x285
github.com/Black-And-White-Club/frolf-bot-shared/eventbus.(*eventBus).Subscribe.func1()
	/Users/jace/Documents/GitHub/frolf-bot-shared/eventbus/eventbus.go:326 +0x169
created by github.com/Black-And-White-Club/frolf-bot-shared/eventbus.(*eventBus).Subscribe in goroutine 27088
	/Users/jace/Documents/GitHub/frolf-bot-shared/eventbus/eventbus.go:315 +0xbf1

goroutine 6308 [select, 3 minutes]:
github.com/nats-io/nats.go/jetstream.(*pullSubscription).Next(0xc0004b8240)
	/Users/jace/go/pkg/mod/github.com/nats-io/nats.go@v1.41.1/jetstream/pull.go:589 +0x285
github.com/Black-And-White-Club/frolf-bot-shared/eventbus.(*eventBus).Subscribe.func1()
	/Users/jace/Documents/GitHub/frolf-bot-shared/eventbus/eventbus.go:326 +0x169
created by github.com/Black-And-White-Club/frolf-bot-shared/eventbus.(*eventBus).Subscribe in goroutine 6161
	/Users/jace/Documents/GitHub/frolf-bot-shared/eventbus/eventbus.go:315 +0xbf1

goroutine 5221 [select, 4 minutes]:
github.com/nats-io/nats.go/jetstream.(*pullConsumer).Messages.func2()
	/Users/jace/go/pkg/mod/github.com/nats-io/nats.go@v1.41.1/jetstream/pull.go:538 +0x68
created by github.com/nats-io/nats.go/jetstream.(*pullConsumer).Messages in goroutine 4746
	/Users/jace/go/pkg/mod/github.com/nats-io/nats.go@v1.41.1/jetstream/pull.go:536 +0x78a

goroutine 5315 [chan receive, 4 minutes]:
github.com/ThreeDotsLabs/watermill/message.(*messageTransformSubscriberDecorator).Subscribe.func1()
	/Users/jace/go/pkg/mod/github.com/!three!dots!labs/watermill@v1.4.6/message/decorator.go:52 +0x85
created by github.com/ThreeDotsLabs/watermill/message.(*messageTransformSubscriberDecorator).Subscribe in goroutine 4746
	/Users/jace/go/pkg/mod/github.com/!three!dots!labs/watermill@v1.4.6/message/decorator.go:51 +0xc7

goroutine 4930 [select, 4 minutes]:
github.com/nats-io/nats.go/jetstream.(*pullConsumer).Messages.func2()
	/Users/jace/go/pkg/mod/github.com/nats-io/nats.go@v1.41.1/jetstream/pull.go:538 +0x68
created by github.com/nats-io/nats.go/jetstream.(*pullConsumer).Messages in goroutine 4746
	/Users/jace/go/pkg/mod/github.com/nats-io/nats.go@v1.41.1/jetstream/pull.go:536 +0x78a

goroutine 4931 [select, 4 minutes]:
github.com/nats-io/nats.go/jetstream.(*pullSubscription).Next(0xc0007b3b00)
	/Users/jace/go/pkg/mod/github.com/nats-io/nats.go@v1.41.1/jetstream/pull.go:589 +0x285
github.com/Black-And-White-Club/frolf-bot-shared/eventbus.(*eventBus).Subscribe.func1()
	/Users/jace/Documents/GitHub/frolf-bot-shared/eventbus/eventbus.go:326 +0x169
created by github.com/Black-And-White-Club/frolf-bot-shared/eventbus.(*eventBus).Subscribe in goroutine 4746
	/Users/jace/Documents/GitHub/frolf-bot-shared/eventbus/eventbus.go:315 +0xbf1

goroutine 4932 [chan receive, 4 minutes]:
github.com/ThreeDotsLabs/watermill/message.(*messageTransformSubscriberDecorator).Subscribe.func1()
	/Users/jace/go/pkg/mod/github.com/!three!dots!labs/watermill@v1.4.6/message/decorator.go:52 +0x85
created by github.com/ThreeDotsLabs/watermill/message.(*messageTransformSubscriberDecorator).Subscribe in goroutine 4746
	/Users/jace/go/pkg/mod/github.com/!three!dots!labs/watermill@v1.4.6/message/decorator.go:51 +0xc7

goroutine 4933 [chan receive, 4 minutes]:
github.com/ThreeDotsLabs/watermill/message.(*handler).run(0xc000d5de10, {0x10a337fa0, 0xc000994d70}, {0xc000b9c000, 0x6, 0x0?})
	/Users/jace/go/pkg/mod/github.com/!three!dots!labs/watermill@v1.4.6/message/router.go:645 +0x2b4
github.com/ThreeDotsLabs/watermill/message.(*Router).RunHandlers.func1()
	/Users/jace/go/pkg/mod/github.com/!three!dots!labs/watermill@v1.4.6/message/router.go:460 +0x145
created by github.com/ThreeDotsLabs/watermill/message.(*Router).RunHandlers in goroutine 4746
	/Users/jace/go/pkg/mod/github.com/!three!dots!labs/watermill@v1.4.6/message/router.go:453 +0x606

goroutine 5136 [select, 4 minutes]:
github.com/nats-io/nats.go/jetstream.(*pullSubscription).pullMessages(0xc0008781b0, {0xc000131400, 0x3e})
	/Users/jace/go/pkg/mod/github.com/nats-io/nats.go@v1.41.1/jetstream/pull.go:955 +0x91
created by github.com/nats-io/nats.go/jetstream.(*pullConsumer).Messages in goroutine 4746
	/Users/jace/go/pkg/mod/github.com/nats-io/nats.go@v1.41.1/jetstream/pull.go:534 +0x748

goroutine 5332 [chan receive, 4 minutes]:
github.com/ThreeDotsLabs/watermill/message.(*handler).run(0xc0007d2000, {0x10a337fa0, 0xc0009b6910}, {0xc000156480, 0x6, 0xc000573778?})
	/Users/jace/go/pkg/mod/github.com/!three!dots!labs/watermill@v1.4.6/message/router.go:645 +0x2b4
github.com/ThreeDotsLabs/watermill/message.(*Router).RunHandlers.func1()
	/Users/jace/go/pkg/mod/github.com/!three!dots!labs/watermill@v1.4.6/message/router.go:460 +0x145
created by github.com/ThreeDotsLabs/watermill/message.(*Router).RunHandlers in goroutine 4746
	/Users/jace/go/pkg/mod/github.com/!three!dots!labs/watermill@v1.4.6/message/router.go:453 +0x606

goroutine 9381 [sync.WaitGroup.Wait, 3 minutes]:
sync.runtime_SemacquireWaitGroup(0xc000fa18f0?)
	/usr/local/Cellar/go/1.24.2/libexec/src/runtime/sema.go:110 +0x25
sync.(*WaitGroup).Wait(0xc000f03f40?)
	/usr/local/Cellar/go/1.24.2/libexec/src/sync/waitgroup.go:118 +0x48
github.com/ThreeDotsLabs/watermill/message.(*Router).waitForHandlers.func1()
	/Users/jace/go/pkg/mod/github.com/!three!dots!labs/watermill@v1.4.6/message/router.go:579 +0x4b
created by github.com/ThreeDotsLabs/watermill/message.(*Router).waitForHandlers in goroutine 5507
	/Users/jace/go/pkg/mod/github.com/!three!dots!labs/watermill@v1.4.6/message/router.go:577 +0x87

goroutine 5394 [select, 4 minutes]:
github.com/nats-io/nats.go/jetstream.(*pullSubscription).pullMessages(0xc0009d8b40, {0xc00004ea50, 0x42})
	/Users/jace/go/pkg/mod/github.com/nats-io/nats.go@v1.41.1/jetstream/pull.go:955 +0x91
created by github.com/nats-io/nats.go/jetstream.(*pullConsumer).Messages in goroutine 4746
	/Users/jace/go/pkg/mod/github.com/nats-io/nats.go@v1.41.1/jetstream/pull.go:534 +0x748

goroutine 5365 [chan receive, 4 minutes]:
github.com/ThreeDotsLabs/watermill/message.(*handler).run(0xc000d5d040, {0x10a337fa0, 0xc00098b3b0}, {0xc0000f8480, 0x6, 0x4?})
	/Users/jace/go/pkg/mod/github.com/!three!dots!labs/watermill@v1.4.6/message/router.go:645 +0x2b4
github.com/ThreeDotsLabs/watermill/message.(*Router).RunHandlers.func1()
	/Users/jace/go/pkg/mod/github.com/!three!dots!labs/watermill@v1.4.6/message/router.go:460 +0x145
created by github.com/ThreeDotsLabs/watermill/message.(*Router).RunHandlers in goroutine 4746
	/Users/jace/go/pkg/mod/github.com/!three!dots!labs/watermill@v1.4.6/message/router.go:453 +0x606

goroutine 4988 [select, 4 minutes]:
github.com/nats-io/nats.go/jetstream.(*pullConsumer).Messages.func2()
	/Users/jace/go/pkg/mod/github.com/nats-io/nats.go@v1.41.1/jetstream/pull.go:538 +0x68
created by github.com/nats-io/nats.go/jetstream.(*pullConsumer).Messages in goroutine 4746
	/Users/jace/go/pkg/mod/github.com/nats-io/nats.go@v1.41.1/jetstream/pull.go:536 +0x78a

goroutine 4989 [select, 4 minutes]:
github.com/nats-io/nats.go/jetstream.(*pullSubscription).Next(0xc0004b98c0)
	/Users/jace/go/pkg/mod/github.com/nats-io/nats.go@v1.41.1/jetstream/pull.go:589 +0x285
github.com/Black-And-White-Club/frolf-bot-shared/eventbus.(*eventBus).Subscribe.func1()
	/Users/jace/Documents/GitHub/frolf-bot-shared/eventbus/eventbus.go:326 +0x169
created by github.com/Black-And-White-Club/frolf-bot-shared/eventbus.(*eventBus).Subscribe in goroutine 4746
	/Users/jace/Documents/GitHub/frolf-bot-shared/eventbus/eventbus.go:315 +0xbf1

goroutine 4990 [chan receive, 4 minutes]:
github.com/ThreeDotsLabs/watermill/message.(*messageTransformSubscriberDecorator).Subscribe.func1()
	/Users/jace/go/pkg/mod/github.com/!three!dots!labs/watermill@v1.4.6/message/decorator.go:52 +0x85
created by github.com/ThreeDotsLabs/watermill/message.(*messageTransformSubscriberDecorator).Subscribe in goroutine 4746
	/Users/jace/go/pkg/mod/github.com/!three!dots!labs/watermill@v1.4.6/message/decorator.go:51 +0xc7

goroutine 4991 [chan receive, 4 minutes]:
github.com/ThreeDotsLabs/watermill/message.(*handler).run(0xc0007d2410, {0x10a337fa0, 0xc000227a90}, {0xc0001560c0, 0x6, 0xc0008dff70?})
	/Users/jace/go/pkg/mod/github.com/!three!dots!labs/watermill@v1.4.6/message/router.go:645 +0x2b4
github.com/ThreeDotsLabs/watermill/message.(*Router).RunHandlers.func1()
	/Users/jace/go/pkg/mod/github.com/!three!dots!labs/watermill@v1.4.6/message/router.go:460 +0x145
created by github.com/ThreeDotsLabs/watermill/message.(*Router).RunHandlers in goroutine 4746
	/Users/jace/go/pkg/mod/github.com/!three!dots!labs/watermill@v1.4.6/message/router.go:453 +0x606

goroutine 5047 [select, 4 minutes]:
github.com/nats-io/nats.go/jetstream.(*pullConsumer).Messages.func2()
	/Users/jace/go/pkg/mod/github.com/nats-io/nats.go@v1.41.1/jetstream/pull.go:538 +0x68
created by github.com/nats-io/nats.go/jetstream.(*pullConsumer).Messages in goroutine 4746
	/Users/jace/go/pkg/mod/github.com/nats-io/nats.go@v1.41.1/jetstream/pull.go:536 +0x78a

goroutine 5080 [select, 4 minutes]:
github.com/nats-io/nats.go/jetstream.(*pullSubscription).pullMessages(0xc00060fa70, {0xc000bba580, 0x3f})
	/Users/jace/go/pkg/mod/github.com/nats-io/nats.go@v1.41.1/jetstream/pull.go:955 +0x91
created by github.com/nats-io/nats.go/jetstream.(*pullConsumer).Messages in goroutine 4746
	/Users/jace/go/pkg/mod/github.com/nats-io/nats.go@v1.41.1/jetstream/pull.go:534 +0x748

goroutine 15202 [select, 3 minutes]:
github.com/nats-io/nats.go/jetstream.(*pullSubscription).pullMessages(0xc001609830, {0xc0008b2780, 0x4b})
	/Users/jace/go/pkg/mod/github.com/nats-io/nats.go@v1.41.1/jetstream/pull.go:955 +0x91
created by github.com/nats-io/nats.go/jetstream.(*pullConsumer).Messages in goroutine 14800
	/Users/jace/go/pkg/mod/github.com/nats-io/nats.go@v1.41.1/jetstream/pull.go:534 +0x748

goroutine 11624 [select]:
github.com/nats-io/nats%2ego.(*Conn).doReconnect(0xc0007c0e08, {0x10a327f28, 0x10acedb30}, 0x0)
	/Users/jace/go/pkg/mod/github.com/nats-io/nats.go@v1.41.1/nats.go:2907 +0x41a
created by github.com/nats-io/nats%2ego.(*Conn).processOpErr in goroutine 10938
	/Users/jace/go/pkg/mod/github.com/nats-io/nats.go@v1.41.1/nats.go:3043 +0x2f3

goroutine 11032 [chan receive, 3 minutes]:
github.com/ThreeDotsLabs/watermill/message.(*messageTransformSubscriberDecorator).Subscribe.func1()
	/Users/jace/go/pkg/mod/github.com/!three!dots!labs/watermill@v1.4.6/message/decorator.go:52 +0x85
created by github.com/ThreeDotsLabs/watermill/message.(*messageTransformSubscriberDecorator).Subscribe in goroutine 11006
	/Users/jace/go/pkg/mod/github.com/!three!dots!labs/watermill@v1.4.6/message/decorator.go:51 +0xc7

goroutine 6574 [chan receive, 3 minutes]:
github.com/ThreeDotsLabs/watermill/message.(*handler).run(0xc000b248f0, {0x10a337fa0, 0xc0000ebd60}, {0xc000b22240, 0x6, 0x6e?})
	/Users/jace/go/pkg/mod/github.com/!three!dots!labs/watermill@v1.4.6/message/router.go:645 +0x2b4
github.com/ThreeDotsLabs/watermill/message.(*Router).RunHandlers.func1()
	/Users/jace/go/pkg/mod/github.com/!three!dots!labs/watermill@v1.4.6/message/router.go:460 +0x145
created by github.com/ThreeDotsLabs/watermill/message.(*Router).RunHandlers in goroutine 6161
	/Users/jace/go/pkg/mod/github.com/!three!dots!labs/watermill@v1.4.6/message/router.go:453 +0x606

goroutine 19256 [chan receive, 3 minutes]:
github.com/ThreeDotsLabs/watermill/message.(*handler).run(0xc00111fd40, {0x10a337fa0, 0xc0000eabe0}, {0xc000dbf500, 0x6, 0x5f6d756e222c303a?})
	/Users/jace/go/pkg/mod/github.com/!three!dots!labs/watermill@v1.4.6/message/router.go:645 +0x2b4
github.com/ThreeDotsLabs/watermill/message.(*Router).RunHandlers.func1()
	/Users/jace/go/pkg/mod/github.com/!three!dots!labs/watermill@v1.4.6/message/router.go:460 +0x145
created by github.com/ThreeDotsLabs/watermill/message.(*Router).RunHandlers in goroutine 18988
	/Users/jace/go/pkg/mod/github.com/!three!dots!labs/watermill@v1.4.6/message/router.go:453 +0x606

goroutine 5158 [chan receive, 4 minutes]:
github.com/ThreeDotsLabs/watermill/message.(*handler).run(0xc000d5dba0, {0x10a337fa0, 0xc000a12730}, {0xc000156240, 0x6, 0xc000c13778?})
	/Users/jace/go/pkg/mod/github.com/!three!dots!labs/watermill@v1.4.6/message/router.go:645 +0x2b4
github.com/ThreeDotsLabs/watermill/message.(*Router).RunHandlers.func1()
	/Users/jace/go/pkg/mod/github.com/!three!dots!labs/watermill@v1.4.6/message/router.go:460 +0x145
created by github.com/ThreeDotsLabs/watermill/message.(*Router).RunHandlers in goroutine 4746
	/Users/jace/go/pkg/mod/github.com/!three!dots!labs/watermill@v1.4.6/message/router.go:453 +0x606

goroutine 5092 [chan receive, 4 minutes]:
github.com/ThreeDotsLabs/watermill/message.(*handler).run(0xc000d5d790, {0x10a337fa0, 0xc000914a00}, {0xc000156180, 0x6, 0x486172747845222c?})
	/Users/jace/go/pkg/mod/github.com/!three!dots!labs/watermill@v1.4.6/message/router.go:645 +0x2b4
github.com/ThreeDotsLabs/watermill/message.(*Router).RunHandlers.func1()
	/Users/jace/go/pkg/mod/github.com/!three!dots!labs/watermill@v1.4.6/message/router.go:460 +0x145
created by github.com/ThreeDotsLabs/watermill/message.(*Router).RunHandlers in goroutine 4746
	/Users/jace/go/pkg/mod/github.com/!three!dots!labs/watermill@v1.4.6/message/router.go:453 +0x606

goroutine 32108 [select, 2 minutes]:
github.com/nats-io/nats.go/jetstream.(*pullConsumer).Messages.func2()
	/Users/jace/go/pkg/mod/github.com/nats-io/nats.go@v1.41.1/jetstream/pull.go:538 +0x68
created by github.com/nats-io/nats.go/jetstream.(*pullConsumer).Messages in goroutine 32049
	/Users/jace/go/pkg/mod/github.com/nats-io/nats.go@v1.41.1/jetstream/pull.go:536 +0x78a

goroutine 5383 [select, 4 minutes]:
github.com/nats-io/nats.go/jetstream.(*pullSubscription).pullMessages(0xc00055b170, {0xc000806370, 0x4b})
	/Users/jace/go/pkg/mod/github.com/nats-io/nats.go@v1.41.1/jetstream/pull.go:955 +0x91
created by github.com/nats-io/nats.go/jetstream.(*pullConsumer).Messages in goroutine 4746
	/Users/jace/go/pkg/mod/github.com/nats-io/nats.go@v1.41.1/jetstream/pull.go:534 +0x748

goroutine 11030 [select, 3 minutes]:
github.com/nats-io/nats.go/jetstream.(*pullConsumer).Messages.func2()
	/Users/jace/go/pkg/mod/github.com/nats-io/nats.go@v1.41.1/jetstream/pull.go:538 +0x68
created by github.com/nats-io/nats.go/jetstream.(*pullConsumer).Messages in goroutine 11006
	/Users/jace/go/pkg/mod/github.com/nats-io/nats.go@v1.41.1/jetstream/pull.go:536 +0x78a

goroutine 6263 [chan receive, 3 minutes]:
github.com/ThreeDotsLabs/watermill/message.(*messageTransformSubscriberDecorator).Subscribe.func1()
	/Users/jace/go/pkg/mod/github.com/!three!dots!labs/watermill@v1.4.6/message/decorator.go:52 +0x85
created by github.com/ThreeDotsLabs/watermill/message.(*messageTransformSubscriberDecorator).Subscribe in goroutine 6161
	/Users/jace/go/pkg/mod/github.com/!three!dots!labs/watermill@v1.4.6/message/decorator.go:51 +0xc7

goroutine 5137 [select, 4 minutes]:
github.com/nats-io/nats.go/jetstream.(*pullConsumer).Messages.func2()
	/Users/jace/go/pkg/mod/github.com/nats-io/nats.go@v1.41.1/jetstream/pull.go:538 +0x68
created by github.com/nats-io/nats.go/jetstream.(*pullConsumer).Messages in goroutine 4746
	/Users/jace/go/pkg/mod/github.com/nats-io/nats.go@v1.41.1/jetstream/pull.go:536 +0x78a

goroutine 14918 [select, 3 minutes]:
github.com/nats-io/nats.go/jetstream.(*pullSubscription).Next(0xc001534870)
	/Users/jace/go/pkg/mod/github.com/nats-io/nats.go@v1.41.1/jetstream/pull.go:589 +0x285
github.com/Black-And-White-Club/frolf-bot-shared/eventbus.(*eventBus).Subscribe.func1()
	/Users/jace/Documents/GitHub/frolf-bot-shared/eventbus/eventbus.go:326 +0x169
created by github.com/Black-And-White-Club/frolf-bot-shared/eventbus.(*eventBus).Subscribe in goroutine 14800
	/Users/jace/Documents/GitHub/frolf-bot-shared/eventbus/eventbus.go:315 +0xbf1

goroutine 6212 [select, 3 minutes]:
github.com/nats-io/nats.go/jetstream.(*pullSubscription).Next(0xc00097efc0)
	/Users/jace/go/pkg/mod/github.com/nats-io/nats.go@v1.41.1/jetstream/pull.go:589 +0x285
github.com/Black-And-White-Club/frolf-bot-shared/eventbus.(*eventBus).Subscribe.func1()
	/Users/jace/Documents/GitHub/frolf-bot-shared/eventbus/eventbus.go:326 +0x169
created by github.com/Black-And-White-Club/frolf-bot-shared/eventbus.(*eventBus).Subscribe in goroutine 6161
	/Users/jace/Documents/GitHub/frolf-bot-shared/eventbus/eventbus.go:315 +0xbf1

goroutine 5155 [select, 4 minutes]:
github.com/nats-io/nats.go/jetstream.(*pullConsumer).Messages.func2()
	/Users/jace/go/pkg/mod/github.com/nats-io/nats.go@v1.41.1/jetstream/pull.go:538 +0x68
created by github.com/nats-io/nats.go/jetstream.(*pullConsumer).Messages in goroutine 4746
	/Users/jace/go/pkg/mod/github.com/nats-io/nats.go@v1.41.1/jetstream/pull.go:536 +0x78a

goroutine 5216 [select, 4 minutes]:
github.com/nats-io/nats.go/jetstream.(*pullSubscription).pullMessages(0xc0009d8000, {0xc00004e960, 0x45})
	/Users/jace/go/pkg/mod/github.com/nats-io/nats.go@v1.41.1/jetstream/pull.go:955 +0x91
created by github.com/nats-io/nats.go/jetstream.(*pullConsumer).Messages in goroutine 4746
	/Users/jace/go/pkg/mod/github.com/nats-io/nats.go@v1.41.1/jetstream/pull.go:534 +0x748

goroutine 6599 [select, 3 minutes]:
github.com/nats-io/nats.go/jetstream.(*pullConsumer).Messages.func2()
	/Users/jace/go/pkg/mod/github.com/nats-io/nats.go@v1.41.1/jetstream/pull.go:538 +0x68
created by github.com/nats-io/nats.go/jetstream.(*pullConsumer).Messages in goroutine 6161
	/Users/jace/go/pkg/mod/github.com/nats-io/nats.go@v1.41.1/jetstream/pull.go:536 +0x78a

goroutine 11165 [select, 3 minutes]:
github.com/nats-io/nats.go/jetstream.(*pullSubscription).pullMessages(0xc001123b90, {0xc0007d70e0, 0x4d})
	/Users/jace/go/pkg/mod/github.com/nats-io/nats.go@v1.41.1/jetstream/pull.go:955 +0x91
created by github.com/nats-io/nats.go/jetstream.(*pullConsumer).Messages in goroutine 11006
	/Users/jace/go/pkg/mod/github.com/nats-io/nats.go@v1.41.1/jetstream/pull.go:534 +0x748

goroutine 6416 [chan receive, 3 minutes]:
github.com/ThreeDotsLabs/watermill/message.(*messageTransformSubscriberDecorator).Subscribe.func1()
	/Users/jace/go/pkg/mod/github.com/!three!dots!labs/watermill@v1.4.6/message/decorator.go:52 +0x85
created by github.com/ThreeDotsLabs/watermill/message.(*messageTransformSubscriberDecorator).Subscribe in goroutine 6161
	/Users/jace/go/pkg/mod/github.com/!three!dots!labs/watermill@v1.4.6/message/decorator.go:51 +0xc7

goroutine 6445 [select, 3 minutes]:
github.com/nats-io/nats.go/jetstream.(*pullSubscription).Next(0xc000d5a360)
	/Users/jace/go/pkg/mod/github.com/nats-io/nats.go@v1.41.1/jetstream/pull.go:589 +0x285
github.com/Black-And-White-Club/frolf-bot-shared/eventbus.(*eventBus).Subscribe.func1()
	/Users/jace/Documents/GitHub/frolf-bot-shared/eventbus/eventbus.go:326 +0x169
created by github.com/Black-And-White-Club/frolf-bot-shared/eventbus.(*eventBus).Subscribe in goroutine 6161
	/Users/jace/Documents/GitHub/frolf-bot-shared/eventbus/eventbus.go:315 +0xbf1

goroutine 6541 [chan receive, 3 minutes]:
github.com/ThreeDotsLabs/watermill/message.(*handler).run(0xc000e6fe10, {0x10a337fa0, 0xc0007ae2d0}, {0xc00071c240, 0x6, 0x6f63747365742e67?})
	/Users/jace/go/pkg/mod/github.com/!three!dots!labs/watermill@v1.4.6/message/router.go:645 +0x2b4
github.com/ThreeDotsLabs/watermill/message.(*Router).RunHandlers.func1()
	/Users/jace/go/pkg/mod/github.com/!three!dots!labs/watermill@v1.4.6/message/router.go:460 +0x145
created by github.com/ThreeDotsLabs/watermill/message.(*Router).RunHandlers in goroutine 6161
	/Users/jace/go/pkg/mod/github.com/!three!dots!labs/watermill@v1.4.6/message/router.go:453 +0x606

goroutine 5384 [select, 4 minutes]:
github.com/nats-io/nats.go/jetstream.(*pullConsumer).Messages.func2()
	/Users/jace/go/pkg/mod/github.com/nats-io/nats.go@v1.41.1/jetstream/pull.go:538 +0x68
created by github.com/nats-io/nats.go/jetstream.(*pullConsumer).Messages in goroutine 4746
	/Users/jace/go/pkg/mod/github.com/nats-io/nats.go@v1.41.1/jetstream/pull.go:536 +0x78a

goroutine 5184 [chan receive, 4 minutes]:
github.com/ThreeDotsLabs/watermill/message.(*handler).run(0xc000d5cea0, {0x10a337fa0, 0xc0005afbd0}, {0xc0004b6240, 0x6, 0x6534373237373733?})
	/Users/jace/go/pkg/mod/github.com/!three!dots!labs/watermill@v1.4.6/message/router.go:645 +0x2b4
github.com/ThreeDotsLabs/watermill/message.(*Router).RunHandlers.func1()
	/Users/jace/go/pkg/mod/github.com/!three!dots!labs/watermill@v1.4.6/message/router.go:460 +0x145
created by github.com/ThreeDotsLabs/watermill/message.(*Router).RunHandlers in goroutine 4746
	/Users/jace/go/pkg/mod/github.com/!three!dots!labs/watermill@v1.4.6/message/router.go:453 +0x606

goroutine 9327 [chan receive, 3 minutes]:
github.com/ThreeDotsLabs/watermill/message.(*messageTransformSubscriberDecorator).Subscribe.func1()
	/Users/jace/go/pkg/mod/github.com/!three!dots!labs/watermill@v1.4.6/message/decorator.go:52 +0x85
created by github.com/ThreeDotsLabs/watermill/message.(*messageTransformSubscriberDecorator).Subscribe in goroutine 10144
	/Users/jace/go/pkg/mod/github.com/!three!dots!labs/watermill@v1.4.6/message/decorator.go:51 +0xc7

goroutine 5172 [select, 4 minutes]:
github.com/nats-io/nats.go/jetstream.(*pullConsumer).Messages.func2()
	/Users/jace/go/pkg/mod/github.com/nats-io/nats.go@v1.41.1/jetstream/pull.go:538 +0x68
created by github.com/nats-io/nats.go/jetstream.(*pullConsumer).Messages in goroutine 4746
	/Users/jace/go/pkg/mod/github.com/nats-io/nats.go@v1.41.1/jetstream/pull.go:536 +0x78a

goroutine 5173 [select, 4 minutes]:
github.com/nats-io/nats.go/jetstream.(*pullSubscription).Next(0xc000a827e0)
	/Users/jace/go/pkg/mod/github.com/nats-io/nats.go@v1.41.1/jetstream/pull.go:589 +0x285
github.com/Black-And-White-Club/frolf-bot-shared/eventbus.(*eventBus).Subscribe.func1()
	/Users/jace/Documents/GitHub/frolf-bot-shared/eventbus/eventbus.go:326 +0x169
created by github.com/Black-And-White-Club/frolf-bot-shared/eventbus.(*eventBus).Subscribe in goroutine 4746
	/Users/jace/Documents/GitHub/frolf-bot-shared/eventbus/eventbus.go:315 +0xbf1

goroutine 5174 [chan receive, 4 minutes]:
github.com/ThreeDotsLabs/watermill/message.(*messageTransformSubscriberDecorator).Subscribe.func1()
	/Users/jace/go/pkg/mod/github.com/!three!dots!labs/watermill@v1.4.6/message/decorator.go:52 +0x85
created by github.com/ThreeDotsLabs/watermill/message.(*messageTransformSubscriberDecorator).Subscribe in goroutine 4746
	/Users/jace/go/pkg/mod/github.com/!three!dots!labs/watermill@v1.4.6/message/decorator.go:51 +0xc7

goroutine 5175 [chan receive, 4 minutes]:
github.com/ThreeDotsLabs/watermill/message.(*handler).run(0xc0007d21a0, {0x10a337fa0, 0xc000914ff0}, {0xc0004b6180, 0x6, 0xc000032bd0?})
	/Users/jace/go/pkg/mod/github.com/!three!dots!labs/watermill@v1.4.6/message/router.go:645 +0x2b4
github.com/ThreeDotsLabs/watermill/message.(*Router).RunHandlers.func1()
	/Users/jace/go/pkg/mod/github.com/!three!dots!labs/watermill@v1.4.6/message/router.go:460 +0x145
created by github.com/ThreeDotsLabs/watermill/message.(*Router).RunHandlers in goroutine 4746
	/Users/jace/go/pkg/mod/github.com/!three!dots!labs/watermill@v1.4.6/message/router.go:453 +0x606

goroutine 11298 [select, 3 minutes]:
github.com/nats-io/nats.go/jetstream.(*pullConsumer).Messages.func2()
	/Users/jace/go/pkg/mod/github.com/nats-io/nats.go@v1.41.1/jetstream/pull.go:538 +0x68
created by github.com/nats-io/nats.go/jetstream.(*pullConsumer).Messages in goroutine 11006
	/Users/jace/go/pkg/mod/github.com/nats-io/nats.go@v1.41.1/jetstream/pull.go:536 +0x78a

goroutine 18956 [select, 2 minutes]:
github.com/nats-io/nats.go/jetstream.(*pullConsumer).Messages.func2()
	/Users/jace/go/pkg/mod/github.com/nats-io/nats.go@v1.41.1/jetstream/pull.go:538 +0x68
created by github.com/nats-io/nats.go/jetstream.(*pullConsumer).Messages in goroutine 18988
	/Users/jace/go/pkg/mod/github.com/nats-io/nats.go@v1.41.1/jetstream/pull.go:536 +0x78a

goroutine 6501 [select, 3 minutes]:
github.com/nats-io/nats.go/jetstream.(*pullSubscription).Next(0xc000677680)
	/Users/jace/go/pkg/mod/github.com/nats-io/nats.go@v1.41.1/jetstream/pull.go:589 +0x285
github.com/Black-And-White-Club/frolf-bot-shared/eventbus.(*eventBus).Subscribe.func1()
	/Users/jace/Documents/GitHub/frolf-bot-shared/eventbus/eventbus.go:326 +0x169
created by github.com/Black-And-White-Club/frolf-bot-shared/eventbus.(*eventBus).Subscribe in goroutine 6161
	/Users/jace/Documents/GitHub/frolf-bot-shared/eventbus/eventbus.go:315 +0xbf1

goroutine 13834 [sync.Cond.Wait, 3 minutes]:
sync.runtime_notifyListWait(0xc000d4d750, 0x0)
	/usr/local/Cellar/go/1.24.2/libexec/src/runtime/sema.go:597 +0x159
sync.(*Cond).Wait(0xc0004540f0?)
	/usr/local/Cellar/go/1.24.2/libexec/src/sync/cond.go:71 +0x85
github.com/nats-io/nats%2ego.(*asyncCallbacksHandler).asyncCBDispatcher(0xc00012c680)
	/Users/jace/go/pkg/mod/github.com/nats-io/nats.go@v1.41.1/nats.go:3059 +0xdd
created by github.com/nats-io/nats%2ego.Options.Connect in goroutine 14000
	/Users/jace/go/pkg/mod/github.com/nats-io/nats.go@v1.41.1/nats.go:1635 +0x387

goroutine 5281 [select, 4 minutes]:
github.com/nats-io/nats.go/jetstream.(*pullSubscription).pullMessages(0xc000709d40, {0xc0007d6780, 0x45})
	/Users/jace/go/pkg/mod/github.com/nats-io/nats.go@v1.41.1/jetstream/pull.go:955 +0x91
created by github.com/nats-io/nats.go/jetstream.(*pullConsumer).Messages in goroutine 4746
	/Users/jace/go/pkg/mod/github.com/nats-io/nats.go@v1.41.1/jetstream/pull.go:534 +0x748

goroutine 6681 [select, 3 minutes]:
github.com/nats-io/nats.go/jetstream.(*pullSubscription).Next(0xc0007b23f0)
	/Users/jace/go/pkg/mod/github.com/nats-io/nats.go@v1.41.1/jetstream/pull.go:589 +0x285
github.com/Black-And-White-Club/frolf-bot-shared/eventbus.(*eventBus).Subscribe.func1()
	/Users/jace/Documents/GitHub/frolf-bot-shared/eventbus/eventbus.go:326 +0x169
created by github.com/Black-And-White-Club/frolf-bot-shared/eventbus.(*eventBus).Subscribe in goroutine 6161
	/Users/jace/Documents/GitHub/frolf-bot-shared/eventbus/eventbus.go:315 +0xbf1

goroutine 5316 [chan receive, 4 minutes]:
github.com/ThreeDotsLabs/watermill/message.(*handler).run(0xc000d5dc70, {0x10a337fa0, 0xc00096e550}, {0xc0004b63c0, 0x6, 0x2c22643132363635?})
	/Users/jace/go/pkg/mod/github.com/!three!dots!labs/watermill@v1.4.6/message/router.go:645 +0x2b4
github.com/ThreeDotsLabs/watermill/message.(*Router).RunHandlers.func1()
	/Users/jace/go/pkg/mod/github.com/!three!dots!labs/watermill@v1.4.6/message/router.go:460 +0x145
created by github.com/ThreeDotsLabs/watermill/message.(*Router).RunHandlers in goroutine 4746
	/Users/jace/go/pkg/mod/github.com/!three!dots!labs/watermill@v1.4.6/message/router.go:453 +0x606

goroutine 5387 [chan receive, 4 minutes]:
github.com/ThreeDotsLabs/watermill/message.(*handler).run(0xc000d5d5f0, {0x10a337fa0, 0xc00096edc0}, {0xc000156540, 0x6, 0x0?})
	/Users/jace/go/pkg/mod/github.com/!three!dots!labs/watermill@v1.4.6/message/router.go:645 +0x2b4
github.com/ThreeDotsLabs/watermill/message.(*Router).RunHandlers.func1()
	/Users/jace/go/pkg/mod/github.com/!three!dots!labs/watermill@v1.4.6/message/router.go:460 +0x145
created by github.com/ThreeDotsLabs/watermill/message.(*Router).RunHandlers in goroutine 4746
	/Users/jace/go/pkg/mod/github.com/!three!dots!labs/watermill@v1.4.6/message/router.go:453 +0x606

goroutine 5246 [select, 4 minutes]:
github.com/nats-io/nats.go/jetstream.(*pullConsumer).Messages.func2()
	/Users/jace/go/pkg/mod/github.com/nats-io/nats.go@v1.41.1/jetstream/pull.go:538 +0x68
created by github.com/nats-io/nats.go/jetstream.(*pullConsumer).Messages in goroutine 4746
	/Users/jace/go/pkg/mod/github.com/nats-io/nats.go@v1.41.1/jetstream/pull.go:536 +0x78a

goroutine 5264 [select, 4 minutes]:
github.com/nats-io/nats.go/jetstream.(*pullSubscription).pullMessages(0xc000879560, {0xc00017e320, 0x45})
	/Users/jace/go/pkg/mod/github.com/nats-io/nats.go@v1.41.1/jetstream/pull.go:955 +0x91
created by github.com/nats-io/nats.go/jetstream.(*pullConsumer).Messages in goroutine 4746
	/Users/jace/go/pkg/mod/github.com/nats-io/nats.go@v1.41.1/jetstream/pull.go:534 +0x748

goroutine 6429 [select, 3 minutes]:
github.com/nats-io/nats.go/jetstream.(*pullConsumer).Messages.func2()
	/Users/jace/go/pkg/mod/github.com/nats-io/nats.go@v1.41.1/jetstream/pull.go:538 +0x68
created by github.com/nats-io/nats.go/jetstream.(*pullConsumer).Messages in goroutine 6161
	/Users/jace/go/pkg/mod/github.com/nats-io/nats.go@v1.41.1/jetstream/pull.go:536 +0x78a

goroutine 6330 [select, 3 minutes]:
github.com/nats-io/nats.go/jetstream.(*pullSubscription).pullMessages(0xc0009d94d0, {0xc000c9d020, 0x5a})
	/Users/jace/go/pkg/mod/github.com/nats-io/nats.go@v1.41.1/jetstream/pull.go:955 +0x91
created by github.com/nats-io/nats.go/jetstream.(*pullConsumer).Messages in goroutine 6161
	/Users/jace/go/pkg/mod/github.com/nats-io/nats.go@v1.41.1/jetstream/pull.go:534 +0x748

goroutine 11239 [select, 3 minutes]:
github.com/nats-io/nats.go/jetstream.(*pullSubscription).Next(0xc0013b06c0)
	/Users/jace/go/pkg/mod/github.com/nats-io/nats.go@v1.41.1/jetstream/pull.go:589 +0x285
github.com/Black-And-White-Club/frolf-bot-shared/eventbus.(*eventBus).Subscribe.func1()
	/Users/jace/Documents/GitHub/frolf-bot-shared/eventbus/eventbus.go:326 +0x169
created by github.com/Black-And-White-Club/frolf-bot-shared/eventbus.(*eventBus).Subscribe in goroutine 11006
	/Users/jace/Documents/GitHub/frolf-bot-shared/eventbus/eventbus.go:315 +0xbf1

goroutine 6572 [select, 3 minutes]:
github.com/nats-io/nats.go/jetstream.(*pullSubscription).Next(0xc00060fb90)
	/Users/jace/go/pkg/mod/github.com/nats-io/nats.go@v1.41.1/jetstream/pull.go:589 +0x285
github.com/Black-And-White-Club/frolf-bot-shared/eventbus.(*eventBus).Subscribe.func1()
	/Users/jace/Documents/GitHub/frolf-bot-shared/eventbus/eventbus.go:326 +0x169
created by github.com/Black-And-White-Club/frolf-bot-shared/eventbus.(*eventBus).Subscribe in goroutine 6161
	/Users/jace/Documents/GitHub/frolf-bot-shared/eventbus/eventbus.go:315 +0xbf1

goroutine 5247 [select, 4 minutes]:
github.com/nats-io/nats.go/jetstream.(*pullSubscription).Next(0xc000708a20)
	/Users/jace/go/pkg/mod/github.com/nats-io/nats.go@v1.41.1/jetstream/pull.go:589 +0x285
github.com/Black-And-White-Club/frolf-bot-shared/eventbus.(*eventBus).Subscribe.func1()
	/Users/jace/Documents/GitHub/frolf-bot-shared/eventbus/eventbus.go:326 +0x169
created by github.com/Black-And-White-Club/frolf-bot-shared/eventbus.(*eventBus).Subscribe in goroutine 4746
	/Users/jace/Documents/GitHub/frolf-bot-shared/eventbus/eventbus.go:315 +0xbf1

goroutine 5251 [chan receive, 4 minutes]:
github.com/ThreeDotsLabs/watermill/message.(*messageTransformSubscriberDecorator).Subscribe.func1()
	/Users/jace/go/pkg/mod/github.com/!three!dots!labs/watermill@v1.4.6/message/decorator.go:52 +0x85
created by github.com/ThreeDotsLabs/watermill/message.(*messageTransformSubscriberDecorator).Subscribe in goroutine 4746
	/Users/jace/go/pkg/mod/github.com/!three!dots!labs/watermill@v1.4.6/message/decorator.go:51 +0xc7

goroutine 5252 [chan receive, 4 minutes]:
github.com/ThreeDotsLabs/watermill/message.(*handler).run(0xc000d5d6c0, {0x10a337fa0, 0xc0000c54a0}, {0xc0005600c0, 0x6, 0x6236646239343933?})
	/Users/jace/go/pkg/mod/github.com/!three!dots!labs/watermill@v1.4.6/message/router.go:645 +0x2b4
github.com/ThreeDotsLabs/watermill/message.(*Router).RunHandlers.func1()
	/Users/jace/go/pkg/mod/github.com/!three!dots!labs/watermill@v1.4.6/message/router.go:460 +0x145
created by github.com/ThreeDotsLabs/watermill/message.(*Router).RunHandlers in goroutine 4746
	/Users/jace/go/pkg/mod/github.com/!three!dots!labs/watermill@v1.4.6/message/router.go:453 +0x606

goroutine 23395 [select, 2 minutes]:
github.com/nats-io/nats.go/jetstream.(*pullSubscription).pullMessages(0xc000c32a20, {0xc000754230, 0x50})
	/Users/jace/go/pkg/mod/github.com/nats-io/nats.go@v1.41.1/jetstream/pull.go:955 +0x91
created by github.com/nats-io/nats.go/jetstream.(*pullConsumer).Messages in goroutine 23038
	/Users/jace/go/pkg/mod/github.com/nats-io/nats.go@v1.41.1/jetstream/pull.go:534 +0x748

goroutine 6446 [chan receive, 3 minutes]:
github.com/ThreeDotsLabs/watermill/message.(*messageTransformSubscriberDecorator).Subscribe.func1()
	/Users/jace/go/pkg/mod/github.com/!three!dots!labs/watermill@v1.4.6/message/decorator.go:52 +0x85
created by github.com/ThreeDotsLabs/watermill/message.(*messageTransformSubscriberDecorator).Subscribe in goroutine 6161
	/Users/jace/go/pkg/mod/github.com/!three!dots!labs/watermill@v1.4.6/message/decorator.go:51 +0xc7

goroutine 5248 [chan receive, 4 minutes]:
github.com/ThreeDotsLabs/watermill/message.(*messageTransformSubscriberDecorator).Subscribe.func1()
	/Users/jace/go/pkg/mod/github.com/!three!dots!labs/watermill@v1.4.6/message/decorator.go:52 +0x85
created by github.com/ThreeDotsLabs/watermill/message.(*messageTransformSubscriberDecorator).Subscribe in goroutine 4746
	/Users/jace/go/pkg/mod/github.com/!three!dots!labs/watermill@v1.4.6/message/decorator.go:51 +0xc7

goroutine 5249 [chan receive, 4 minutes]:
github.com/ThreeDotsLabs/watermill/message.(*handler).run(0xc000d5d860, {0x10a337fa0, 0xc00098a6e0}, {0xc0001563c0, 0x6, 0x22704974736f4822?})
	/Users/jace/go/pkg/mod/github.com/!three!dots!labs/watermill@v1.4.6/message/router.go:645 +0x2b4
github.com/ThreeDotsLabs/watermill/message.(*Router).RunHandlers.func1()
	/Users/jace/go/pkg/mod/github.com/!three!dots!labs/watermill@v1.4.6/message/router.go:460 +0x145
created by github.com/ThreeDotsLabs/watermill/message.(*Router).RunHandlers in goroutine 4746
	/Users/jace/go/pkg/mod/github.com/!three!dots!labs/watermill@v1.4.6/message/router.go:453 +0x606

goroutine 6705 [chan receive, 3 minutes]:
github.com/ThreeDotsLabs/watermill/message.(*handler).run(0xc000b245b0, {0x10a337fa0, 0xc0007ae1e0}, {0xc0001fc6c0, 0x6, 0xc000c49778?})
	/Users/jace/go/pkg/mod/github.com/!three!dots!labs/watermill@v1.4.6/message/router.go:645 +0x2b4
github.com/ThreeDotsLabs/watermill/message.(*Router).RunHandlers.func1()
	/Users/jace/go/pkg/mod/github.com/!three!dots!labs/watermill@v1.4.6/message/router.go:460 +0x145
created by github.com/ThreeDotsLabs/watermill/message.(*Router).RunHandlers in goroutine 6161
	/Users/jace/go/pkg/mod/github.com/!three!dots!labs/watermill@v1.4.6/message/router.go:453 +0x606

goroutine 12745 [chan receive, 3 minutes]:
github.com/ThreeDotsLabs/watermill/message.(*messageTransformSubscriberDecorator).Subscribe.func1()
	/Users/jace/go/pkg/mod/github.com/!three!dots!labs/watermill@v1.4.6/message/decorator.go:52 +0x85
created by github.com/ThreeDotsLabs/watermill/message.(*messageTransformSubscriberDecorator).Subscribe in goroutine 12376
	/Users/jace/go/pkg/mod/github.com/!three!dots!labs/watermill@v1.4.6/message/decorator.go:51 +0xc7

goroutine 5397 [chan receive, 4 minutes]:
github.com/ThreeDotsLabs/watermill/message.(*messageTransformSubscriberDecorator).Subscribe.func1()
	/Users/jace/go/pkg/mod/github.com/!three!dots!labs/watermill@v1.4.6/message/decorator.go:52 +0x85
created by github.com/ThreeDotsLabs/watermill/message.(*messageTransformSubscriberDecorator).Subscribe in goroutine 4746
	/Users/jace/go/pkg/mod/github.com/!three!dots!labs/watermill@v1.4.6/message/decorator.go:51 +0xc7

goroutine 9328 [chan receive, 3 minutes]:
github.com/ThreeDotsLabs/watermill/message.(*handler).run(0xc000b25d40, {0x10a337fa0, 0xc00098adc0}, {0xc000d2c000, 0x6, 0xc000b6a778?})
	/Users/jace/go/pkg/mod/github.com/!three!dots!labs/watermill@v1.4.6/message/router.go:645 +0x2b4
github.com/ThreeDotsLabs/watermill/message.(*Router).RunHandlers.func1()
	/Users/jace/go/pkg/mod/github.com/!three!dots!labs/watermill@v1.4.6/message/router.go:460 +0x145
created by github.com/ThreeDotsLabs/watermill/message.(*Router).RunHandlers in goroutine 10144
	/Users/jace/go/pkg/mod/github.com/!three!dots!labs/watermill@v1.4.6/message/router.go:453 +0x606

goroutine 23236 [chan receive, 2 minutes]:
github.com/ThreeDotsLabs/watermill/message.(*handler).run(0xc001410820, {0x10a337fa0, 0xc001136b40}, {0xc001264480, 0x6, 0xc000e2a778?})
	/Users/jace/go/pkg/mod/github.com/!three!dots!labs/watermill@v1.4.6/message/router.go:645 +0x2b4
github.com/ThreeDotsLabs/watermill/message.(*Router).RunHandlers.func1()
	/Users/jace/go/pkg/mod/github.com/!three!dots!labs/watermill@v1.4.6/message/router.go:460 +0x145
created by github.com/ThreeDotsLabs/watermill/message.(*Router).RunHandlers in goroutine 23038
	/Users/jace/go/pkg/mod/github.com/!three!dots!labs/watermill@v1.4.6/message/router.go:453 +0x606

goroutine 13517 [chan receive, 3 minutes]:
github.com/ThreeDotsLabs/watermill/message.(*handler).run(0xc00111ed00, {0x10a337fa0, 0xc000ffa5f0}, {0xc000e3ecc0, 0x6, 0x0?})
	/Users/jace/go/pkg/mod/github.com/!three!dots!labs/watermill@v1.4.6/message/router.go:645 +0x2b4
github.com/ThreeDotsLabs/watermill/message.(*Router).RunHandlers.func1()
	/Users/jace/go/pkg/mod/github.com/!three!dots!labs/watermill@v1.4.6/message/router.go:460 +0x145
created by github.com/ThreeDotsLabs/watermill/message.(*Router).RunHandlers in goroutine 13489
	/Users/jace/go/pkg/mod/github.com/!three!dots!labs/watermill@v1.4.6/message/router.go:453 +0x606

goroutine 6738 [select, 3 minutes]:
github.com/nats-io/nats.go/jetstream.(*pullConsumer).Messages.func2()
	/Users/jace/go/pkg/mod/github.com/nats-io/nats.go@v1.41.1/jetstream/pull.go:538 +0x68
created by github.com/nats-io/nats.go/jetstream.(*pullConsumer).Messages in goroutine 6161
	/Users/jace/go/pkg/mod/github.com/nats-io/nats.go@v1.41.1/jetstream/pull.go:536 +0x78a

goroutine 6331 [select, 3 minutes]:
github.com/nats-io/nats.go/jetstream.(*pullConsumer).Messages.func2()
	/Users/jace/go/pkg/mod/github.com/nats-io/nats.go@v1.41.1/jetstream/pull.go:538 +0x68
created by github.com/nats-io/nats.go/jetstream.(*pullConsumer).Messages in goroutine 6161
	/Users/jace/go/pkg/mod/github.com/nats-io/nats.go@v1.41.1/jetstream/pull.go:536 +0x78a

goroutine 6571 [select, 3 minutes]:
github.com/nats-io/nats.go/jetstream.(*pullConsumer).Messages.func2()
	/Users/jace/go/pkg/mod/github.com/nats-io/nats.go@v1.41.1/jetstream/pull.go:538 +0x68
created by github.com/nats-io/nats.go/jetstream.(*pullConsumer).Messages in goroutine 6161
	/Users/jace/go/pkg/mod/github.com/nats-io/nats.go@v1.41.1/jetstream/pull.go:536 +0x78a

goroutine 27370 [chan receive, 2 minutes]:
github.com/ThreeDotsLabs/watermill/message.(*messageTransformSubscriberDecorator).Subscribe.func1()
	/Users/jace/go/pkg/mod/github.com/!three!dots!labs/watermill@v1.4.6/message/decorator.go:52 +0x85
created by github.com/ThreeDotsLabs/watermill/message.(*messageTransformSubscriberDecorator).Subscribe in goroutine 27088
	/Users/jace/go/pkg/mod/github.com/!three!dots!labs/watermill@v1.4.6/message/decorator.go:51 +0xc7

goroutine 19169 [select, 2 minutes]:
github.com/nats-io/nats.go/jetstream.(*pullSubscription).Next(0xc000c32c60)
	/Users/jace/go/pkg/mod/github.com/nats-io/nats.go@v1.41.1/jetstream/pull.go:589 +0x285
github.com/Black-And-White-Club/frolf-bot-shared/eventbus.(*eventBus).Subscribe.func1()
	/Users/jace/Documents/GitHub/frolf-bot-shared/eventbus/eventbus.go:326 +0x169
created by github.com/Black-And-White-Club/frolf-bot-shared/eventbus.(*eventBus).Subscribe in goroutine 18988
	/Users/jace/Documents/GitHub/frolf-bot-shared/eventbus/eventbus.go:315 +0xbf1

goroutine 14925 [select, 3 minutes]:
github.com/nats-io/nats.go/jetstream.(*pullConsumer).Messages.func2()
	/Users/jace/go/pkg/mod/github.com/nats-io/nats.go@v1.41.1/jetstream/pull.go:538 +0x68
created by github.com/nats-io/nats.go/jetstream.(*pullConsumer).Messages in goroutine 14800
	/Users/jace/go/pkg/mod/github.com/nats-io/nats.go@v1.41.1/jetstream/pull.go:536 +0x78a

goroutine 32233 [select, 2 minutes]:
github.com/nats-io/nats.go/jetstream.(*pullSubscription).pullMessages(0xc0008783f0, {0xc00093e8a0, 0x58})
	/Users/jace/go/pkg/mod/github.com/nats-io/nats.go@v1.41.1/jetstream/pull.go:955 +0x91
created by github.com/nats-io/nats.go/jetstream.(*pullConsumer).Messages in goroutine 32049
	/Users/jace/go/pkg/mod/github.com/nats-io/nats.go@v1.41.1/jetstream/pull.go:534 +0x748

goroutine 6447 [chan receive, 3 minutes]:
github.com/ThreeDotsLabs/watermill/message.(*handler).run(0xc000b24340, {0x10a337fa0, 0xc000995b30}, {0xc000b220c0, 0x6, 0x100010000?})
	/Users/jace/go/pkg/mod/github.com/!three!dots!labs/watermill@v1.4.6/message/router.go:645 +0x2b4
github.com/ThreeDotsLabs/watermill/message.(*Router).RunHandlers.func1()
	/Users/jace/go/pkg/mod/github.com/!three!dots!labs/watermill@v1.4.6/message/router.go:460 +0x145
created by github.com/ThreeDotsLabs/watermill/message.(*Router).RunHandlers in goroutine 6161
	/Users/jace/go/pkg/mod/github.com/!three!dots!labs/watermill@v1.4.6/message/router.go:453 +0x606

goroutine 5396 [select, 4 minutes]:
github.com/nats-io/nats.go/jetstream.(*pullSubscription).Next(0xc0009d8b40)
	/Users/jace/go/pkg/mod/github.com/nats-io/nats.go@v1.41.1/jetstream/pull.go:589 +0x285
github.com/Black-And-White-Club/frolf-bot-shared/eventbus.(*eventBus).Subscribe.func1()
	/Users/jace/Documents/GitHub/frolf-bot-shared/eventbus/eventbus.go:326 +0x169
created by github.com/Black-And-White-Club/frolf-bot-shared/eventbus.(*eventBus).Subscribe in goroutine 4746
	/Users/jace/Documents/GitHub/frolf-bot-shared/eventbus/eventbus.go:315 +0xbf1

goroutine 5395 [select, 4 minutes]:
github.com/nats-io/nats.go/jetstream.(*pullConsumer).Messages.func2()
	/Users/jace/go/pkg/mod/github.com/nats-io/nats.go@v1.41.1/jetstream/pull.go:538 +0x68
created by github.com/nats-io/nats.go/jetstream.(*pullConsumer).Messages in goroutine 4746
	/Users/jace/go/pkg/mod/github.com/nats-io/nats.go@v1.41.1/jetstream/pull.go:536 +0x78a

goroutine 5312 [select, 4 minutes]:
github.com/nats-io/nats.go/jetstream.(*pullSubscription).pullMessages(0xc000b89830, {0xc0005e8640, 0x45})
	/Users/jace/go/pkg/mod/github.com/nats-io/nats.go@v1.41.1/jetstream/pull.go:955 +0x91
created by github.com/nats-io/nats.go/jetstream.(*pullConsumer).Messages in goroutine 4746
	/Users/jace/go/pkg/mod/github.com/nats-io/nats.go@v1.41.1/jetstream/pull.go:534 +0x748

goroutine 5313 [select, 4 minutes]:
github.com/nats-io/nats.go/jetstream.(*pullConsumer).Messages.func2()
	/Users/jace/go/pkg/mod/github.com/nats-io/nats.go@v1.41.1/jetstream/pull.go:538 +0x68
created by github.com/nats-io/nats.go/jetstream.(*pullConsumer).Messages in goroutine 4746
	/Users/jace/go/pkg/mod/github.com/nats-io/nats.go@v1.41.1/jetstream/pull.go:536 +0x78a

goroutine 5378 [select, 4 minutes]:
github.com/nats-io/nats.go/jetstream.(*pullSubscription).Next(0xc000b89830)
	/Users/jace/go/pkg/mod/github.com/nats-io/nats.go@v1.41.1/jetstream/pull.go:589 +0x285
github.com/Black-And-White-Club/frolf-bot-shared/eventbus.(*eventBus).Subscribe.func1()
	/Users/jace/Documents/GitHub/frolf-bot-shared/eventbus/eventbus.go:326 +0x169
created by github.com/Black-And-White-Club/frolf-bot-shared/eventbus.(*eventBus).Subscribe in goroutine 4746
	/Users/jace/Documents/GitHub/frolf-bot-shared/eventbus/eventbus.go:315 +0xbf1

goroutine 5379 [chan receive, 4 minutes]:
github.com/ThreeDotsLabs/watermill/message.(*messageTransformSubscriberDecorator).Subscribe.func1()
	/Users/jace/go/pkg/mod/github.com/!three!dots!labs/watermill@v1.4.6/message/decorator.go:52 +0x85
created by github.com/ThreeDotsLabs/watermill/message.(*messageTransformSubscriberDecorator).Subscribe in goroutine 4746
	/Users/jace/go/pkg/mod/github.com/!three!dots!labs/watermill@v1.4.6/message/decorator.go:51 +0xc7

goroutine 5380 [chan receive, 4 minutes]:
github.com/ThreeDotsLabs/watermill/message.(*handler).run(0xc000d5d110, {0x10a337fa0, 0xc000a13a40}, {0xc0000f8540, 0x6, 0x3637313733346564?})
	/Users/jace/go/pkg/mod/github.com/!three!dots!labs/watermill@v1.4.6/message/router.go:645 +0x2b4
github.com/ThreeDotsLabs/watermill/message.(*Router).RunHandlers.func1()
	/Users/jace/go/pkg/mod/github.com/!three!dots!labs/watermill@v1.4.6/message/router.go:460 +0x145
created by github.com/ThreeDotsLabs/watermill/message.(*Router).RunHandlers in goroutine 4746
	/Users/jace/go/pkg/mod/github.com/!three!dots!labs/watermill@v1.4.6/message/router.go:453 +0x606

goroutine 11320 [chan receive, 3 minutes]:
github.com/ThreeDotsLabs/watermill/message.(*messageTransformSubscriberDecorator).Subscribe.func1()
	/Users/jace/go/pkg/mod/github.com/!three!dots!labs/watermill@v1.4.6/message/decorator.go:52 +0x85
created by github.com/ThreeDotsLabs/watermill/message.(*messageTransformSubscriberDecorator).Subscribe in goroutine 11006
	/Users/jace/go/pkg/mod/github.com/!three!dots!labs/watermill@v1.4.6/message/decorator.go:51 +0xc7

goroutine 15099 [select, 3 minutes]:
github.com/nats-io/nats.go/jetstream.(*pullConsumer).Messages.func2()
	/Users/jace/go/pkg/mod/github.com/nats-io/nats.go@v1.41.1/jetstream/pull.go:538 +0x68
created by github.com/nats-io/nats.go/jetstream.(*pullConsumer).Messages in goroutine 14800
	/Users/jace/go/pkg/mod/github.com/nats-io/nats.go@v1.41.1/jetstream/pull.go:536 +0x78a

goroutine 12704 [select, 3 minutes]:
github.com/nats-io/nats.go/jetstream.(*pullSubscription).Next(0xc000122750)
	/Users/jace/go/pkg/mod/github.com/nats-io/nats.go@v1.41.1/jetstream/pull.go:589 +0x285
github.com/Black-And-White-Club/frolf-bot-shared/eventbus.(*eventBus).ProcessDelayedMessages.func1.2(0xc00081b910, {0x10a335050?, 0xc000122750?}, 0xc000d71100, {0x10a337f68, 0xc000d18c60}, {0x0?, 0x10a327f28?, 0x0?}, {0xb, ...})
	/Users/jace/Documents/GitHub/frolf-bot-shared/eventbus/delayed_messages.go:348 +0xab
github.com/Black-And-White-Club/frolf-bot-shared/eventbus.(*eventBus).ProcessDelayedMessages.func1()
	/Users/jace/Documents/GitHub/frolf-bot-shared/eventbus/delayed_messages.go:377 +0x233
created by github.com/Black-And-White-Club/frolf-bot-shared/eventbus.(*eventBus).ProcessDelayedMessages in goroutine 12764
	/Users/jace/Documents/GitHub/frolf-bot-shared/eventbus/delayed_messages.go:311 +0xb99

goroutine 6428 [select, 3 minutes]:
github.com/nats-io/nats.go/jetstream.(*pullSubscription).pullMessages(0xc0007b35f0, {0xc000806280, 0x47})
	/Users/jace/go/pkg/mod/github.com/nats-io/nats.go@v1.41.1/jetstream/pull.go:955 +0x91
created by github.com/nats-io/nats.go/jetstream.(*pullConsumer).Messages in goroutine 6161
	/Users/jace/go/pkg/mod/github.com/nats-io/nats.go@v1.41.1/jetstream/pull.go:534 +0x748

goroutine 13868 [select, 3 minutes]:
github.com/nats-io/nats.go/jetstream.(*pullSubscription).Next(0xc00116e870)
	/Users/jace/go/pkg/mod/github.com/nats-io/nats.go@v1.41.1/jetstream/pull.go:589 +0x285
github.com/Black-And-White-Club/frolf-bot-shared/eventbus.(*eventBus).Subscribe.func1()
	/Users/jace/Documents/GitHub/frolf-bot-shared/eventbus/eventbus.go:326 +0x169
created by github.com/Black-And-White-Club/frolf-bot-shared/eventbus.(*eventBus).Subscribe in goroutine 13489
	/Users/jace/Documents/GitHub/frolf-bot-shared/eventbus/eventbus.go:315 +0xbf1

goroutine 14983 [chan receive, 3 minutes]:
github.com/ThreeDotsLabs/watermill/message.(*messageTransformSubscriberDecorator).Subscribe.func1()
	/Users/jace/go/pkg/mod/github.com/!three!dots!labs/watermill@v1.4.6/message/decorator.go:52 +0x85
created by github.com/ThreeDotsLabs/watermill/message.(*messageTransformSubscriberDecorator).Subscribe in goroutine 14800
	/Users/jace/go/pkg/mod/github.com/!three!dots!labs/watermill@v1.4.6/message/decorator.go:51 +0xc7

goroutine 5402 [select, 4 minutes]:
github.com/nats-io/nats.go/jetstream.(*pullSubscription).pullMessages(0xc00097e750, {0xc00024e780, 0x58})
	/Users/jace/go/pkg/mod/github.com/nats-io/nats.go@v1.41.1/jetstream/pull.go:955 +0x91
created by github.com/nats-io/nats.go/jetstream.(*pullConsumer).Messages in goroutine 4746
	/Users/jace/go/pkg/mod/github.com/nats-io/nats.go@v1.41.1/jetstream/pull.go:534 +0x748

goroutine 5403 [select, 4 minutes]:
github.com/nats-io/nats.go/jetstream.(*pullConsumer).Messages.func2()
	/Users/jace/go/pkg/mod/github.com/nats-io/nats.go@v1.41.1/jetstream/pull.go:538 +0x68
created by github.com/nats-io/nats.go/jetstream.(*pullConsumer).Messages in goroutine 4746
	/Users/jace/go/pkg/mod/github.com/nats-io/nats.go@v1.41.1/jetstream/pull.go:536 +0x78a

goroutine 5404 [select, 4 minutes]:
github.com/nats-io/nats.go/jetstream.(*pullSubscription).Next(0xc00097e750)
	/Users/jace/go/pkg/mod/github.com/nats-io/nats.go@v1.41.1/jetstream/pull.go:589 +0x285
github.com/Black-And-White-Club/frolf-bot-shared/eventbus.(*eventBus).Subscribe.func1()
	/Users/jace/Documents/GitHub/frolf-bot-shared/eventbus/eventbus.go:326 +0x169
created by github.com/Black-And-White-Club/frolf-bot-shared/eventbus.(*eventBus).Subscribe in goroutine 4746
	/Users/jace/Documents/GitHub/frolf-bot-shared/eventbus/eventbus.go:315 +0xbf1

goroutine 5405 [chan receive, 4 minutes]:
github.com/ThreeDotsLabs/watermill/message.(*messageTransformSubscriberDecorator).Subscribe.func1()
	/Users/jace/go/pkg/mod/github.com/!three!dots!labs/watermill@v1.4.6/message/decorator.go:52 +0x85
created by github.com/ThreeDotsLabs/watermill/message.(*messageTransformSubscriberDecorator).Subscribe in goroutine 4746
	/Users/jace/go/pkg/mod/github.com/!three!dots!labs/watermill@v1.4.6/message/decorator.go:51 +0xc7

goroutine 5406 [chan receive, 4 minutes]:
github.com/ThreeDotsLabs/watermill/message.(*handler).run(0xc000d5dd40, {0x10a337fa0, 0xc00096f540}, {0xc0001566c0, 0x6, 0xc000980d30?})
	/Users/jace/go/pkg/mod/github.com/!three!dots!labs/watermill@v1.4.6/message/router.go:645 +0x2b4
github.com/ThreeDotsLabs/watermill/message.(*Router).RunHandlers.func1()
	/Users/jace/go/pkg/mod/github.com/!three!dots!labs/watermill@v1.4.6/message/router.go:460 +0x145
created by github.com/ThreeDotsLabs/watermill/message.(*Router).RunHandlers in goroutine 4746
	/Users/jace/go/pkg/mod/github.com/!three!dots!labs/watermill@v1.4.6/message/router.go:453 +0x606

goroutine 23526 [select, 2 minutes]:
github.com/nats-io/nats.go/jetstream.(*pullSubscription).Next(0xc0006761b0)
	/Users/jace/go/pkg/mod/github.com/nats-io/nats.go@v1.41.1/jetstream/pull.go:589 +0x285
github.com/Black-And-White-Club/frolf-bot-shared/eventbus.(*eventBus).Subscribe.func1()
	/Users/jace/Documents/GitHub/frolf-bot-shared/eventbus/eventbus.go:326 +0x169
created by github.com/Black-And-White-Club/frolf-bot-shared/eventbus.(*eventBus).Subscribe in goroutine 23038
	/Users/jace/Documents/GitHub/frolf-bot-shared/eventbus/eventbus.go:315 +0xbf1

goroutine 10146 [sync.WaitGroup.Wait, 3 minutes]:
sync.runtime_SemacquireWaitGroup(0x1095ae7c0?)
	/usr/local/Cellar/go/1.24.2/libexec/src/runtime/sema.go:110 +0x25
sync.(*WaitGroup).Wait(0x0?)
	/usr/local/Cellar/go/1.24.2/libexec/src/sync/waitgroup.go:118 +0x48
github.com/ThreeDotsLabs/watermill/message.(*Router).watchAllHandlersStopped.func1()
	/Users/jace/go/pkg/mod/github.com/!three!dots!labs/watermill@v1.4.6/message/router.go:498 +0x86
created by github.com/ThreeDotsLabs/watermill/message.(*Router).watchAllHandlersStopped in goroutine 10144
	/Users/jace/go/pkg/mod/github.com/!three!dots!labs/watermill@v1.4.6/message/router.go:484 +0xec

goroutine 10271 [chan receive, 3 minutes]:
github.com/ThreeDotsLabs/watermill/message.(*handler).run(0xc000d7ab60, {0x10a337fa0, 0xc0010e2a50}, {0xc000eacfc0, 0x6, 0xc000cf1f78?})
	/Users/jace/go/pkg/mod/github.com/!three!dots!labs/watermill@v1.4.6/message/router.go:645 +0x2b4
github.com/ThreeDotsLabs/watermill/message.(*Router).RunHandlers.func1()
	/Users/jace/go/pkg/mod/github.com/!three!dots!labs/watermill@v1.4.6/message/router.go:460 +0x145
created by github.com/ThreeDotsLabs/watermill/message.(*Router).RunHandlers in goroutine 11006
	/Users/jace/go/pkg/mod/github.com/!three!dots!labs/watermill@v1.4.6/message/router.go:453 +0x606

goroutine 6741 [chan receive, 3 minutes]:
github.com/ThreeDotsLabs/watermill/message.(*handler).run(0xc000e6fba0, {0x10a337fa0, 0xc000a12780}, {0xc00055c180, 0x6, 0x0?})
	/Users/jace/go/pkg/mod/github.com/!three!dots!labs/watermill@v1.4.6/message/router.go:645 +0x2b4
github.com/ThreeDotsLabs/watermill/message.(*Router).RunHandlers.func1()
	/Users/jace/go/pkg/mod/github.com/!three!dots!labs/watermill@v1.4.6/message/router.go:460 +0x145
created by github.com/ThreeDotsLabs/watermill/message.(*Router).RunHandlers in goroutine 6161
	/Users/jace/go/pkg/mod/github.com/!three!dots!labs/watermill@v1.4.6/message/router.go:453 +0x606

goroutine 6722 [select, 3 minutes]:
github.com/nats-io/nats.go/jetstream.(*pullSubscription).pullMessages(0xc000a82990, {0xc000130980, 0x3e})
	/Users/jace/go/pkg/mod/github.com/nats-io/nats.go@v1.41.1/jetstream/pull.go:955 +0x91
created by github.com/nats-io/nats.go/jetstream.(*pullConsumer).Messages in goroutine 6161
	/Users/jace/go/pkg/mod/github.com/nats-io/nats.go@v1.41.1/jetstream/pull.go:534 +0x748

goroutine 6323 [select, 3 minutes]:
github.com/nats-io/nats.go/jetstream.(*pullSubscription).pullMessages(0xc0004b8a20, {0xc0008b25a0, 0x42})
	/Users/jace/go/pkg/mod/github.com/nats-io/nats.go@v1.41.1/jetstream/pull.go:955 +0x91
created by github.com/nats-io/nats.go/jetstream.(*pullConsumer).Messages in goroutine 6161
	/Users/jace/go/pkg/mod/github.com/nats-io/nats.go@v1.41.1/jetstream/pull.go:534 +0x748

goroutine 10095 [sync.Cond.Wait, 3 minutes]:
sync.runtime_notifyListWait(0xc000ba7990, 0x0)
	/usr/local/Cellar/go/1.24.2/libexec/src/runtime/sema.go:597 +0x159
sync.(*Cond).Wait(0xc000820000?)
	/usr/local/Cellar/go/1.24.2/libexec/src/sync/cond.go:71 +0x85
github.com/nats-io/nats%2ego.(*asyncCallbacksHandler).asyncCBDispatcher(0xc000371ac0)
	/Users/jace/go/pkg/mod/github.com/nats-io/nats.go@v1.41.1/nats.go:3059 +0xdd
created by github.com/nats-io/nats%2ego.Options.Connect in goroutine 9438
	/Users/jace/go/pkg/mod/github.com/nats-io/nats.go@v1.41.1/nats.go:1635 +0x387

goroutine 5473 [sync.Cond.Wait, 3 minutes]:
sync.runtime_notifyListWait(0xc000a1a550, 0x0)
	/usr/local/Cellar/go/1.24.2/libexec/src/runtime/sema.go:597 +0x159
sync.(*Cond).Wait(0xc000e57b20?)
	/usr/local/Cellar/go/1.24.2/libexec/src/sync/cond.go:71 +0x85
github.com/nats-io/nats%2ego.(*asyncCallbacksHandler).asyncCBDispatcher(0xc000ba0440)
	/Users/jace/go/pkg/mod/github.com/nats-io/nats.go@v1.41.1/nats.go:3059 +0xdd
created by github.com/nats-io/nats%2ego.Options.Connect in goroutine 5507
	/Users/jace/go/pkg/mod/github.com/nats-io/nats.go@v1.41.1/nats.go:1635 +0x387

goroutine 6502 [chan receive, 3 minutes]:
github.com/ThreeDotsLabs/watermill/message.(*messageTransformSubscriberDecorator).Subscribe.func1()
	/Users/jace/go/pkg/mod/github.com/!three!dots!labs/watermill@v1.4.6/message/decorator.go:52 +0x85
created by github.com/ThreeDotsLabs/watermill/message.(*messageTransformSubscriberDecorator).Subscribe in goroutine 6161
	/Users/jace/go/pkg/mod/github.com/!three!dots!labs/watermill@v1.4.6/message/decorator.go:51 +0xc7

goroutine 6325 [select, 3 minutes]:
github.com/nats-io/nats.go/jetstream.(*pullSubscription).Next(0xc0004b8a20)
	/Users/jace/go/pkg/mod/github.com/nats-io/nats.go@v1.41.1/jetstream/pull.go:589 +0x285
github.com/Black-And-White-Club/frolf-bot-shared/eventbus.(*eventBus).Subscribe.func1()
	/Users/jace/Documents/GitHub/frolf-bot-shared/eventbus/eventbus.go:326 +0x169
created by github.com/Black-And-White-Club/frolf-bot-shared/eventbus.(*eventBus).Subscribe in goroutine 6161
	/Users/jace/Documents/GitHub/frolf-bot-shared/eventbus/eventbus.go:315 +0xbf1

goroutine 6211 [select, 3 minutes]:
github.com/nats-io/nats.go/jetstream.(*pullConsumer).Messages.func2()
	/Users/jace/go/pkg/mod/github.com/nats-io/nats.go@v1.41.1/jetstream/pull.go:538 +0x68
created by github.com/nats-io/nats.go/jetstream.(*pullConsumer).Messages in goroutine 6161
	/Users/jace/go/pkg/mod/github.com/nats-io/nats.go@v1.41.1/jetstream/pull.go:536 +0x78a

goroutine 5474 [select]:
github.com/nats-io/nats%2ego.(*Conn).doReconnect(0xc000689808, {0x10a327f28, 0x10acedb30}, 0x0)
	/Users/jace/go/pkg/mod/github.com/nats-io/nats.go@v1.41.1/nats.go:2907 +0x41a
created by github.com/nats-io/nats%2ego.(*Conn).processOpErr in goroutine 4690
	/Users/jace/go/pkg/mod/github.com/nats-io/nats.go@v1.41.1/nats.go:3043 +0x2f3

goroutine 10281 [chan receive, 3 minutes]:
github.com/ThreeDotsLabs/watermill/message.(*messageTransformSubscriberDecorator).Subscribe.func1()
	/Users/jace/go/pkg/mod/github.com/!three!dots!labs/watermill@v1.4.6/message/decorator.go:52 +0x85
created by github.com/ThreeDotsLabs/watermill/message.(*messageTransformSubscriberDecorator).Subscribe in goroutine 10144
	/Users/jace/go/pkg/mod/github.com/!three!dots!labs/watermill@v1.4.6/message/decorator.go:51 +0xc7

goroutine 5450 [sync.WaitGroup.Wait, 4 minutes]:
sync.runtime_SemacquireWaitGroup(0xc000d8c690?)
	/usr/local/Cellar/go/1.24.2/libexec/src/runtime/sema.go:110 +0x25
sync.(*WaitGroup).Wait(0xc000b93f40?)
	/usr/local/Cellar/go/1.24.2/libexec/src/sync/waitgroup.go:118 +0x48
github.com/ThreeDotsLabs/watermill/message.(*Router).waitForHandlers.func1()
	/Users/jace/go/pkg/mod/github.com/!three!dots!labs/watermill@v1.4.6/message/router.go:579 +0x4b
created by github.com/ThreeDotsLabs/watermill/message.(*Router).waitForHandlers in goroutine 4210
	/Users/jace/go/pkg/mod/github.com/!three!dots!labs/watermill@v1.4.6/message/router.go:577 +0x87

goroutine 6683 [chan receive, 3 minutes]:
github.com/ThreeDotsLabs/watermill/message.(*handler).run(0xc000e6f6c0, {0x10a337fa0, 0xc0000c46e0}, {0xc00055c000, 0x6, 0x0?})
	/Users/jace/go/pkg/mod/github.com/!three!dots!labs/watermill@v1.4.6/message/router.go:645 +0x2b4
github.com/ThreeDotsLabs/watermill/message.(*Router).RunHandlers.func1()
	/Users/jace/go/pkg/mod/github.com/!three!dots!labs/watermill@v1.4.6/message/router.go:460 +0x145
created by github.com/ThreeDotsLabs/watermill/message.(*Router).RunHandlers in goroutine 6161
	/Users/jace/go/pkg/mod/github.com/!three!dots!labs/watermill@v1.4.6/message/router.go:453 +0x606

goroutine 5452 [sync.WaitGroup.Wait, 4 minutes]:
sync.runtime_SemacquireWaitGroup(0x10acf3150?)
	/usr/local/Cellar/go/1.24.2/libexec/src/runtime/sema.go:110 +0x25
sync.(*WaitGroup).Wait(0xc0008c8730?)
	/usr/local/Cellar/go/1.24.2/libexec/src/sync/waitgroup.go:118 +0x48
github.com/ThreeDotsLabs/watermill/pubsub/sync.WaitGroupTimeout.func1()
	/Users/jace/go/pkg/mod/github.com/!three!dots!labs/watermill@v1.4.6/pubsub/sync/waitgroup.go:13 +0x25
created by github.com/ThreeDotsLabs/watermill/pubsub/sync.WaitGroupTimeout in goroutine 4210
	/Users/jace/go/pkg/mod/github.com/!three!dots!labs/watermill@v1.4.6/pubsub/sync/waitgroup.go:12 +0x85

goroutine 13566 [chan receive, 3 minutes]:
github.com/ThreeDotsLabs/watermill/message.(*handler).run(0xc00111e0d0, {0x10a337fa0, 0xc0009b6ff0}, {0xc0010b3500, 0x6, 0xc0006abdc0?})
	/Users/jace/go/pkg/mod/github.com/!three!dots!labs/watermill@v1.4.6/message/router.go:645 +0x2b4
github.com/ThreeDotsLabs/watermill/message.(*Router).RunHandlers.func1()
	/Users/jace/go/pkg/mod/github.com/!three!dots!labs/watermill@v1.4.6/message/router.go:460 +0x145
created by github.com/ThreeDotsLabs/watermill/message.(*Router).RunHandlers in goroutine 13489
	/Users/jace/go/pkg/mod/github.com/!three!dots!labs/watermill@v1.4.6/message/router.go:453 +0x606

goroutine 6310 [chan receive, 3 minutes]:
github.com/ThreeDotsLabs/watermill/message.(*handler).run(0xc000e6fd40, {0x10a337fa0, 0xc000a2cff0}, {0xc00071c0c0, 0x6, 0xc000698f78?})
	/Users/jace/go/pkg/mod/github.com/!three!dots!labs/watermill@v1.4.6/message/router.go:645 +0x2b4
github.com/ThreeDotsLabs/watermill/message.(*Router).RunHandlers.func1()
	/Users/jace/go/pkg/mod/github.com/!three!dots!labs/watermill@v1.4.6/message/router.go:460 +0x145
created by github.com/ThreeDotsLabs/watermill/message.(*Router).RunHandlers in goroutine 6161
	/Users/jace/go/pkg/mod/github.com/!three!dots!labs/watermill@v1.4.6/message/router.go:453 +0x606

goroutine 12457 [chan receive, 3 minutes]:
github.com/ThreeDotsLabs/watermill/message.(*messageTransformSubscriberDecorator).Subscribe.func1()
	/Users/jace/go/pkg/mod/github.com/!three!dots!labs/watermill@v1.4.6/message/decorator.go:52 +0x85
created by github.com/ThreeDotsLabs/watermill/message.(*messageTransformSubscriberDecorator).Subscribe in goroutine 12376
	/Users/jace/go/pkg/mod/github.com/!three!dots!labs/watermill@v1.4.6/message/decorator.go:51 +0xc7

goroutine 11294 [chan receive, 3 minutes]:
github.com/ThreeDotsLabs/watermill/message.(*messageTransformSubscriberDecorator).Subscribe.func1()
	/Users/jace/go/pkg/mod/github.com/!three!dots!labs/watermill@v1.4.6/message/decorator.go:52 +0x85
created by github.com/ThreeDotsLabs/watermill/message.(*messageTransformSubscriberDecorator).Subscribe in goroutine 11006
	/Users/jace/go/pkg/mod/github.com/!three!dots!labs/watermill@v1.4.6/message/decorator.go:51 +0xc7

goroutine 11317 [select, 3 minutes]:
github.com/nats-io/nats.go/jetstream.(*pullSubscription).pullMessages(0xc0011a4750, {0xc0007d65f0, 0x50})
	/Users/jace/go/pkg/mod/github.com/nats-io/nats.go@v1.41.1/jetstream/pull.go:955 +0x91
created by github.com/nats-io/nats.go/jetstream.(*pullConsumer).Messages in goroutine 11006
	/Users/jace/go/pkg/mod/github.com/nats-io/nats.go@v1.41.1/jetstream/pull.go:534 +0x748

goroutine 6309 [chan receive, 3 minutes]:
github.com/ThreeDotsLabs/watermill/message.(*messageTransformSubscriberDecorator).Subscribe.func1()
	/Users/jace/go/pkg/mod/github.com/!three!dots!labs/watermill@v1.4.6/message/decorator.go:52 +0x85
created by github.com/ThreeDotsLabs/watermill/message.(*messageTransformSubscriberDecorator).Subscribe in goroutine 6161
	/Users/jace/go/pkg/mod/github.com/!three!dots!labs/watermill@v1.4.6/message/decorator.go:51 +0xc7

goroutine 10291 [select, 3 minutes]:
github.com/nats-io/nats.go/jetstream.(*pullSubscription).Next(0xc00038def0)
	/Users/jace/go/pkg/mod/github.com/nats-io/nats.go@v1.41.1/jetstream/pull.go:589 +0x285
github.com/Black-And-White-Club/frolf-bot-shared/eventbus.(*eventBus).Subscribe.func1()
	/Users/jace/Documents/GitHub/frolf-bot-shared/eventbus/eventbus.go:326 +0x169
created by github.com/Black-And-White-Club/frolf-bot-shared/eventbus.(*eventBus).Subscribe in goroutine 10144
	/Users/jace/Documents/GitHub/frolf-bot-shared/eventbus/eventbus.go:315 +0xbf1

goroutine 11383 [chan receive, 3 minutes]:
github.com/ThreeDotsLabs/watermill/message.(*messageTransformSubscriberDecorator).Subscribe.func1()
	/Users/jace/go/pkg/mod/github.com/!three!dots!labs/watermill@v1.4.6/message/decorator.go:52 +0x85
created by github.com/ThreeDotsLabs/watermill/message.(*messageTransformSubscriberDecorator).Subscribe in goroutine 11006
	/Users/jace/go/pkg/mod/github.com/!three!dots!labs/watermill@v1.4.6/message/decorator.go:51 +0xc7

goroutine 10185 [chan receive, 3 minutes]:
github.com/ThreeDotsLabs/watermill/message.(*messageTransformSubscriberDecorator).Subscribe.func1()
	/Users/jace/go/pkg/mod/github.com/!three!dots!labs/watermill@v1.4.6/message/decorator.go:52 +0x85
created by github.com/ThreeDotsLabs/watermill/message.(*messageTransformSubscriberDecorator).Subscribe in goroutine 10144
	/Users/jace/go/pkg/mod/github.com/!three!dots!labs/watermill@v1.4.6/message/decorator.go:51 +0xc7

goroutine 13515 [select, 3 minutes]:
github.com/nats-io/nats.go/jetstream.(*pullSubscription).Next(0xc0007b30e0)
	/Users/jace/go/pkg/mod/github.com/nats-io/nats.go@v1.41.1/jetstream/pull.go:589 +0x285
github.com/Black-And-White-Club/frolf-bot-shared/eventbus.(*eventBus).Subscribe.func1()
	/Users/jace/Documents/GitHub/frolf-bot-shared/eventbus/eventbus.go:326 +0x169
created by github.com/Black-And-White-Club/frolf-bot-shared/eventbus.(*eventBus).Subscribe in goroutine 13489
	/Users/jace/Documents/GitHub/frolf-bot-shared/eventbus/eventbus.go:315 +0xbf1

goroutine 10292 [chan receive, 3 minutes]:
github.com/ThreeDotsLabs/watermill/message.(*messageTransformSubscriberDecorator).Subscribe.func1()
	/Users/jace/go/pkg/mod/github.com/!three!dots!labs/watermill@v1.4.6/message/decorator.go:52 +0x85
created by github.com/ThreeDotsLabs/watermill/message.(*messageTransformSubscriberDecorator).Subscribe in goroutine 10144
	/Users/jace/go/pkg/mod/github.com/!three!dots!labs/watermill@v1.4.6/message/decorator.go:51 +0xc7

goroutine 32840 [chan receive, 2 minutes]:
github.com/ThreeDotsLabs/watermill/message.(*messageTransformSubscriberDecorator).Subscribe.func1()
	/Users/jace/go/pkg/mod/github.com/!three!dots!labs/watermill@v1.4.6/message/decorator.go:52 +0x85
created by github.com/ThreeDotsLabs/watermill/message.(*messageTransformSubscriberDecorator).Subscribe in goroutine 33200
	/Users/jace/go/pkg/mod/github.com/!three!dots!labs/watermill@v1.4.6/message/decorator.go:51 +0xc7

goroutine 11496 [chan receive, 3 minutes]:
github.com/ThreeDotsLabs/watermill/message.(*messageTransformSubscriberDecorator).Subscribe.func1()
	/Users/jace/go/pkg/mod/github.com/!three!dots!labs/watermill@v1.4.6/message/decorator.go:52 +0x85
created by github.com/ThreeDotsLabs/watermill/message.(*messageTransformSubscriberDecorator).Subscribe in goroutine 11006
	/Users/jace/go/pkg/mod/github.com/!three!dots!labs/watermill@v1.4.6/message/decorator.go:51 +0xc7

goroutine 11310 [select, 3 minutes]:
github.com/nats-io/nats.go/jetstream.(*pullSubscription).Next(0xc00113ec60)
	/Users/jace/go/pkg/mod/github.com/nats-io/nats.go@v1.41.1/jetstream/pull.go:589 +0x285
github.com/Black-And-White-Club/frolf-bot-shared/eventbus.(*eventBus).Subscribe.func1()
	/Users/jace/Documents/GitHub/frolf-bot-shared/eventbus/eventbus.go:326 +0x169
created by github.com/Black-And-White-Club/frolf-bot-shared/eventbus.(*eventBus).Subscribe in goroutine 11006
	/Users/jace/Documents/GitHub/frolf-bot-shared/eventbus/eventbus.go:315 +0xbf1

goroutine 10047 [sync.Cond.Wait, 3 minutes]:
sync.runtime_notifyListWait(0xc001063010, 0x0)
	/usr/local/Cellar/go/1.24.2/libexec/src/runtime/sema.go:597 +0x159
sync.(*Cond).Wait(0xc000f8e8a0?)
	/usr/local/Cellar/go/1.24.2/libexec/src/sync/cond.go:71 +0x85
github.com/nats-io/nats%2ego.(*asyncCallbacksHandler).asyncCBDispatcher(0xc000abe9c0)
	/Users/jace/go/pkg/mod/github.com/nats-io/nats.go@v1.41.1/nats.go:3059 +0xdd
created by github.com/nats-io/nats%2ego.Options.Connect in goroutine 9438
	/Users/jace/go/pkg/mod/github.com/nats-io/nats.go@v1.41.1/nats.go:1635 +0x387

goroutine 10237 [chan receive, 3 minutes]:
github.com/ThreeDotsLabs/watermill/message.(*handler).run(0xc000b252b0, {0x10a337fa0, 0xc0000c58b0}, {0xc000b28480, 0x6, 0x0?})
	/Users/jace/go/pkg/mod/github.com/!three!dots!labs/watermill@v1.4.6/message/router.go:645 +0x2b4
github.com/ThreeDotsLabs/watermill/message.(*Router).RunHandlers.func1()
	/Users/jace/go/pkg/mod/github.com/!three!dots!labs/watermill@v1.4.6/message/router.go:460 +0x145
created by github.com/ThreeDotsLabs/watermill/message.(*Router).RunHandlers in goroutine 10144
	/Users/jace/go/pkg/mod/github.com/!three!dots!labs/watermill@v1.4.6/message/router.go:453 +0x606

goroutine 14959 [select, 3 minutes]:
github.com/nats-io/nats.go/jetstream.(*pullConsumer).Messages.func2()
	/Users/jace/go/pkg/mod/github.com/nats-io/nats.go@v1.41.1/jetstream/pull.go:538 +0x68
created by github.com/nats-io/nats.go/jetstream.(*pullConsumer).Messages in goroutine 14800
	/Users/jace/go/pkg/mod/github.com/nats-io/nats.go@v1.41.1/jetstream/pull.go:536 +0x78a

goroutine 19464 [chan receive, 3 minutes]:
github.com/ThreeDotsLabs/watermill/message.(*messageTransformSubscriberDecorator).Subscribe.func1()
	/Users/jace/go/pkg/mod/github.com/!three!dots!labs/watermill@v1.4.6/message/decorator.go:52 +0x85
created by github.com/ThreeDotsLabs/watermill/message.(*messageTransformSubscriberDecorator).Subscribe in goroutine 18988
	/Users/jace/go/pkg/mod/github.com/!three!dots!labs/watermill@v1.4.6/message/decorator.go:51 +0xc7

goroutine 13578 [chan receive, 3 minutes]:
github.com/ThreeDotsLabs/watermill/message.(*handler).run(0xc00111f1e0, {0x10a337fa0, 0xc000c83db0}, {0xc001036900, 0x6, 0x0?})
	/Users/jace/go/pkg/mod/github.com/!three!dots!labs/watermill@v1.4.6/message/router.go:645 +0x2b4
github.com/ThreeDotsLabs/watermill/message.(*Router).RunHandlers.func1()
	/Users/jace/go/pkg/mod/github.com/!three!dots!labs/watermill@v1.4.6/message/router.go:460 +0x145
created by github.com/ThreeDotsLabs/watermill/message.(*Router).RunHandlers in goroutine 13489
	/Users/jace/go/pkg/mod/github.com/!three!dots!labs/watermill@v1.4.6/message/router.go:453 +0x606

goroutine 11515 [select, 3 minutes]:
github.com/nats-io/nats.go/jetstream.(*pullSubscription).pullMessages(0xc0013b1440, {0xc000edc240, 0x58})
	/Users/jace/go/pkg/mod/github.com/nats-io/nats.go@v1.41.1/jetstream/pull.go:955 +0x91
created by github.com/nats-io/nats.go/jetstream.(*pullConsumer).Messages in goroutine 11006
	/Users/jace/go/pkg/mod/github.com/nats-io/nats.go@v1.41.1/jetstream/pull.go:534 +0x748

goroutine 14975 [select, 3 minutes]:
github.com/nats-io/nats.go/jetstream.(*pullSubscription).pullMessages(0xc00116f290, {0xc001526480, 0x5a})
	/Users/jace/go/pkg/mod/github.com/nats-io/nats.go@v1.41.1/jetstream/pull.go:955 +0x91
created by github.com/nats-io/nats.go/jetstream.(*pullConsumer).Messages in goroutine 14800
	/Users/jace/go/pkg/mod/github.com/nats-io/nats.go@v1.41.1/jetstream/pull.go:534 +0x748

goroutine 12509 [chan receive, 3 minutes]:
github.com/ThreeDotsLabs/watermill/message.(*handler).run(0xc00118c5b0, {0x10a337fa0, 0xc0009b6500}, {0xc000dda000, 0x6, 0xc000b5ff78?})
	/Users/jace/go/pkg/mod/github.com/!three!dots!labs/watermill@v1.4.6/message/router.go:645 +0x2b4
github.com/ThreeDotsLabs/watermill/message.(*Router).RunHandlers.func1()
	/Users/jace/go/pkg/mod/github.com/!three!dots!labs/watermill@v1.4.6/message/router.go:460 +0x145
created by github.com/ThreeDotsLabs/watermill/message.(*Router).RunHandlers in goroutine 12376
	/Users/jace/go/pkg/mod/github.com/!three!dots!labs/watermill@v1.4.6/message/router.go:453 +0x606

goroutine 27455 [select, 2 minutes]:
github.com/nats-io/nats.go/jetstream.(*pullSubscription).Next(0xc001591b90)
	/Users/jace/go/pkg/mod/github.com/nats-io/nats.go@v1.41.1/jetstream/pull.go:589 +0x285
github.com/Black-And-White-Club/frolf-bot-shared/eventbus.(*eventBus).Subscribe.func1()
	/Users/jace/Documents/GitHub/frolf-bot-shared/eventbus/eventbus.go:326 +0x169
created by github.com/Black-And-White-Club/frolf-bot-shared/eventbus.(*eventBus).Subscribe in goroutine 27088
	/Users/jace/Documents/GitHub/frolf-bot-shared/eventbus/eventbus.go:315 +0xbf1

goroutine 10236 [chan receive, 3 minutes]:
github.com/ThreeDotsLabs/watermill/message.(*messageTransformSubscriberDecorator).Subscribe.func1()
	/Users/jace/go/pkg/mod/github.com/!three!dots!labs/watermill@v1.4.6/message/decorator.go:52 +0x85
created by github.com/ThreeDotsLabs/watermill/message.(*messageTransformSubscriberDecorator).Subscribe in goroutine 10144
	/Users/jace/go/pkg/mod/github.com/!three!dots!labs/watermill@v1.4.6/message/decorator.go:51 +0xc7

goroutine 15076 [select, 3 minutes]:
github.com/nats-io/nats.go/jetstream.(*pullConsumer).Messages.func2()
	/Users/jace/go/pkg/mod/github.com/nats-io/nats.go@v1.41.1/jetstream/pull.go:538 +0x68
created by github.com/nats-io/nats.go/jetstream.(*pullConsumer).Messages in goroutine 14800
	/Users/jace/go/pkg/mod/github.com/nats-io/nats.go@v1.41.1/jetstream/pull.go:536 +0x78a

goroutine 11169 [chan receive, 3 minutes]:
github.com/ThreeDotsLabs/watermill/message.(*handler).run(0xc000d7b790, {0x10a337fa0, 0xc00096e5f0}, {0xc000d6ccc0, 0x6, 0xc000f00f78?})
	/Users/jace/go/pkg/mod/github.com/!three!dots!labs/watermill@v1.4.6/message/router.go:645 +0x2b4
github.com/ThreeDotsLabs/watermill/message.(*Router).RunHandlers.func1()
	/Users/jace/go/pkg/mod/github.com/!three!dots!labs/watermill@v1.4.6/message/router.go:460 +0x145
created by github.com/ThreeDotsLabs/watermill/message.(*Router).RunHandlers in goroutine 11006
	/Users/jace/go/pkg/mod/github.com/!three!dots!labs/watermill@v1.4.6/message/router.go:453 +0x606

goroutine 10290 [select, 3 minutes]:
github.com/nats-io/nats.go/jetstream.(*pullConsumer).Messages.func2()
	/Users/jace/go/pkg/mod/github.com/nats-io/nats.go@v1.41.1/jetstream/pull.go:538 +0x68
created by github.com/nats-io/nats.go/jetstream.(*pullConsumer).Messages in goroutine 10144
	/Users/jace/go/pkg/mod/github.com/nats-io/nats.go@v1.41.1/jetstream/pull.go:536 +0x78a

goroutine 11292 [select, 3 minutes]:
github.com/nats-io/nats.go/jetstream.(*pullConsumer).Messages.func2()
	/Users/jace/go/pkg/mod/github.com/nats-io/nats.go@v1.41.1/jetstream/pull.go:538 +0x68
created by github.com/nats-io/nats.go/jetstream.(*pullConsumer).Messages in goroutine 11006
	/Users/jace/go/pkg/mod/github.com/nats-io/nats.go@v1.41.1/jetstream/pull.go:536 +0x78a

goroutine 10235 [select, 3 minutes]:
github.com/nats-io/nats.go/jetstream.(*pullSubscription).Next(0xc00038d7a0)
	/Users/jace/go/pkg/mod/github.com/nats-io/nats.go@v1.41.1/jetstream/pull.go:589 +0x285
github.com/Black-And-White-Club/frolf-bot-shared/eventbus.(*eventBus).Subscribe.func1()
	/Users/jace/Documents/GitHub/frolf-bot-shared/eventbus/eventbus.go:326 +0x169
created by github.com/Black-And-White-Club/frolf-bot-shared/eventbus.(*eventBus).Subscribe in goroutine 10144
	/Users/jace/Documents/GitHub/frolf-bot-shared/eventbus/eventbus.go:315 +0xbf1

goroutine 12285 [select, 3 minutes]:
github.com/nats-io/nats.go/jetstream.(*pullSubscription).pullMessages(0xc000eff320, {0xc000806780, 0x45})
	/Users/jace/go/pkg/mod/github.com/nats-io/nats.go@v1.41.1/jetstream/pull.go:955 +0x91
created by github.com/nats-io/nats.go/jetstream.(*pullConsumer).Messages in goroutine 12376
	/Users/jace/go/pkg/mod/github.com/nats-io/nats.go@v1.41.1/jetstream/pull.go:534 +0x748

goroutine 40343 [select, 1 minutes]:
github.com/nats-io/nats.go/jetstream.(*pullSubscription).Next(0xc000d5b680)
	/Users/jace/go/pkg/mod/github.com/nats-io/nats.go@v1.41.1/jetstream/pull.go:589 +0x285
github.com/Black-And-White-Club/frolf-bot-shared/eventbus.(*eventBus).Subscribe.func1()
	/Users/jace/Documents/GitHub/frolf-bot-shared/eventbus/eventbus.go:326 +0x169
created by github.com/Black-And-White-Club/frolf-bot-shared/eventbus.(*eventBus).Subscribe in goroutine 40053
	/Users/jace/Documents/GitHub/frolf-bot-shared/eventbus/eventbus.go:315 +0xbf1

goroutine 12703 [select, 3 minutes]:
github.com/nats-io/nats.go/jetstream.(*pullConsumer).Messages.func2()
	/Users/jace/go/pkg/mod/github.com/nats-io/nats.go@v1.41.1/jetstream/pull.go:538 +0x68
created by github.com/nats-io/nats.go/jetstream.(*pullConsumer).Messages in goroutine 12764
	/Users/jace/go/pkg/mod/github.com/nats-io/nats.go@v1.41.1/jetstream/pull.go:536 +0x78a

goroutine 13708 [chan receive, 3 minutes]:
github.com/ThreeDotsLabs/watermill/message.(*handler).run(0xc00111ef70, {0x10a337fa0, 0xc000ffbd60}, {0xc0013ca0c0, 0x6, 0x0?})
	/Users/jace/go/pkg/mod/github.com/!three!dots!labs/watermill@v1.4.6/message/router.go:645 +0x2b4
github.com/ThreeDotsLabs/watermill/message.(*Router).RunHandlers.func1()
	/Users/jace/go/pkg/mod/github.com/!three!dots!labs/watermill@v1.4.6/message/router.go:460 +0x145
created by github.com/ThreeDotsLabs/watermill/message.(*Router).RunHandlers in goroutine 13489
	/Users/jace/go/pkg/mod/github.com/!three!dots!labs/watermill@v1.4.6/message/router.go:453 +0x606

goroutine 10241 [select, 3 minutes]:
github.com/nats-io/nats.go/jetstream.(*pullSubscription).pullMessages(0xc00038def0, {0xc000b3a0c0, 0x3e})
	/Users/jace/go/pkg/mod/github.com/nats-io/nats.go@v1.41.1/jetstream/pull.go:955 +0x91
created by github.com/nats-io/nats.go/jetstream.(*pullConsumer).Messages in goroutine 10144
	/Users/jace/go/pkg/mod/github.com/nats-io/nats.go@v1.41.1/jetstream/pull.go:534 +0x748

goroutine 11081 [chan receive, 3 minutes]:
github.com/ThreeDotsLabs/watermill/message.(*messageTransformSubscriberDecorator).Subscribe.func1()
	/Users/jace/go/pkg/mod/github.com/!three!dots!labs/watermill@v1.4.6/message/decorator.go:52 +0x85
created by github.com/ThreeDotsLabs/watermill/message.(*messageTransformSubscriberDecorator).Subscribe in goroutine 11006
	/Users/jace/go/pkg/mod/github.com/!three!dots!labs/watermill@v1.4.6/message/decorator.go:51 +0xc7

goroutine 6162 [sync.Cond.Wait, 3 minutes]:
sync.runtime_notifyListWait(0xc00068a110, 0x1)
	/usr/local/Cellar/go/1.24.2/libexec/src/runtime/sema.go:597 +0x159
sync.(*Cond).Wait(0x663a22676e697472?)
	/usr/local/Cellar/go/1.24.2/libexec/src/sync/cond.go:71 +0x85
github.com/nats-io/nats%2ego.(*Conn).waitForMsgs(0xc000745c08, 0xc000aaa5a0)
	/Users/jace/go/pkg/mod/github.com/nats-io/nats.go@v1.41.1/nats.go:3178 +0xc5
created by github.com/nats-io/nats%2ego.(*Conn).subscribeLocked in goroutine 5507
	/Users/jace/go/pkg/mod/github.com/nats-io/nats.go@v1.41.1/nats.go:4468 +0x419

goroutine 6163 [sync.WaitGroup.Wait, 3 minutes]:
sync.runtime_SemacquireWaitGroup(0x1095ae7c0?)
	/usr/local/Cellar/go/1.24.2/libexec/src/runtime/sema.go:110 +0x25
sync.(*WaitGroup).Wait(0x38333831312e3132?)
	/usr/local/Cellar/go/1.24.2/libexec/src/sync/waitgroup.go:118 +0x48
github.com/ThreeDotsLabs/watermill/message.(*Router).watchAllHandlersStopped.func1()
	/Users/jace/go/pkg/mod/github.com/!three!dots!labs/watermill@v1.4.6/message/router.go:498 +0x86
created by github.com/ThreeDotsLabs/watermill/message.(*Router).watchAllHandlersStopped in goroutine 6161
	/Users/jace/go/pkg/mod/github.com/!three!dots!labs/watermill@v1.4.6/message/router.go:484 +0xec

goroutine 6725 [chan receive, 3 minutes]:
github.com/ThreeDotsLabs/watermill/message.(*messageTransformSubscriberDecorator).Subscribe.func1()
	/Users/jace/go/pkg/mod/github.com/!three!dots!labs/watermill@v1.4.6/message/decorator.go:52 +0x85
created by github.com/ThreeDotsLabs/watermill/message.(*messageTransformSubscriberDecorator).Subscribe in goroutine 6161
	/Users/jace/go/pkg/mod/github.com/!three!dots!labs/watermill@v1.4.6/message/decorator.go:51 +0xc7

goroutine 12334 [sync.Cond.Wait, 3 minutes]:
sync.runtime_notifyListWait(0xc000627dd0, 0x41)
	/usr/local/Cellar/go/1.24.2/libexec/src/runtime/sema.go:597 +0x159
sync.(*Cond).Wait(0x0?)
	/usr/local/Cellar/go/1.24.2/libexec/src/sync/cond.go:71 +0x85
github.com/nats-io/nats%2ego.(*Conn).waitForMsgs(0xc00041d108, 0xc0009902d0)
	/Users/jace/go/pkg/mod/github.com/nats-io/nats.go@v1.41.1/nats.go:3178 +0xc5
created by github.com/nats-io/nats%2ego.(*Conn).subscribeLocked in goroutine 11675
	/Users/jace/go/pkg/mod/github.com/nats-io/nats.go@v1.41.1/nats.go:4468 +0x419

goroutine 6386 [select, 3 minutes]:
github.com/nats-io/nats.go/jetstream.(*pullSubscription).Next(0xc0009d9b90)
	/Users/jace/go/pkg/mod/github.com/nats-io/nats.go@v1.41.1/jetstream/pull.go:589 +0x285
github.com/Black-And-White-Club/frolf-bot-shared/eventbus.(*eventBus).Subscribe.func1()
	/Users/jace/Documents/GitHub/frolf-bot-shared/eventbus/eventbus.go:326 +0x169
created by github.com/Black-And-White-Club/frolf-bot-shared/eventbus.(*eventBus).Subscribe in goroutine 6161
	/Users/jace/Documents/GitHub/frolf-bot-shared/eventbus/eventbus.go:315 +0xbf1

goroutine 12309 [sync.Cond.Wait, 3 minutes]:
sync.runtime_notifyListWait(0xc00068b050, 0x0)
	/usr/local/Cellar/go/1.24.2/libexec/src/runtime/sema.go:597 +0x159
sync.(*Cond).Wait(0xc0010b5490?)
	/usr/local/Cellar/go/1.24.2/libexec/src/sync/cond.go:71 +0x85
github.com/nats-io/nats%2ego.(*asyncCallbacksHandler).asyncCBDispatcher(0xc000ba1300)
	/Users/jace/go/pkg/mod/github.com/nats-io/nats.go@v1.41.1/nats.go:3059 +0xdd
created by github.com/nats-io/nats%2ego.Options.Connect in goroutine 11675
	/Users/jace/go/pkg/mod/github.com/nats-io/nats.go@v1.41.1/nats.go:1635 +0x387

goroutine 11114 [select, 3 minutes]:
github.com/nats-io/nats.go/jetstream.(*pullConsumer).Messages.func2()
	/Users/jace/go/pkg/mod/github.com/nats-io/nats.go@v1.41.1/jetstream/pull.go:538 +0x68
created by github.com/nats-io/nats.go/jetstream.(*pullConsumer).Messages in goroutine 11006
	/Users/jace/go/pkg/mod/github.com/nats-io/nats.go@v1.41.1/jetstream/pull.go:536 +0x78a

goroutine 6455 [select, 3 minutes]:
github.com/nats-io/nats.go/jetstream.(*pullSubscription).Next(0xc0007f2cf0)
	/Users/jace/go/pkg/mod/github.com/nats-io/nats.go@v1.41.1/jetstream/pull.go:589 +0x285
github.com/Black-And-White-Club/frolf-bot-shared/eventbus.(*eventBus).Subscribe.func1()
	/Users/jace/Documents/GitHub/frolf-bot-shared/eventbus/eventbus.go:326 +0x169
created by github.com/Black-And-White-Club/frolf-bot-shared/eventbus.(*eventBus).Subscribe in goroutine 6161
	/Users/jace/Documents/GitHub/frolf-bot-shared/eventbus/eventbus.go:315 +0xbf1

goroutine 6260 [select, 3 minutes]:
github.com/nats-io/nats.go/jetstream.(*pullSubscription).pullMessages(0xc00097f9e0, {0xc0008b2320, 0x45})
	/Users/jace/go/pkg/mod/github.com/nats-io/nats.go@v1.41.1/jetstream/pull.go:955 +0x91
created by github.com/nats-io/nats.go/jetstream.(*pullConsumer).Messages in goroutine 6161
	/Users/jace/go/pkg/mod/github.com/nats-io/nats.go@v1.41.1/jetstream/pull.go:534 +0x748

goroutine 6204 [select, 3 minutes]:
github.com/nats-io/nats.go/jetstream.(*pullSubscription).pullMessages(0xc000b74c60, {0xc0008061e0, 0x4b})
	/Users/jace/go/pkg/mod/github.com/nats-io/nats.go@v1.41.1/jetstream/pull.go:955 +0x91
created by github.com/nats-io/nats.go/jetstream.(*pullConsumer).Messages in goroutine 6161
	/Users/jace/go/pkg/mod/github.com/nats-io/nats.go@v1.41.1/jetstream/pull.go:534 +0x748

goroutine 6205 [select, 3 minutes]:
github.com/nats-io/nats.go/jetstream.(*pullConsumer).Messages.func2()
	/Users/jace/go/pkg/mod/github.com/nats-io/nats.go@v1.41.1/jetstream/pull.go:538 +0x68
created by github.com/nats-io/nats.go/jetstream.(*pullConsumer).Messages in goroutine 6161
	/Users/jace/go/pkg/mod/github.com/nats-io/nats.go@v1.41.1/jetstream/pull.go:536 +0x78a

goroutine 6206 [select, 3 minutes]:
github.com/nats-io/nats.go/jetstream.(*pullSubscription).Next(0xc000b74c60)
	/Users/jace/go/pkg/mod/github.com/nats-io/nats.go@v1.41.1/jetstream/pull.go:589 +0x285
github.com/Black-And-White-Club/frolf-bot-shared/eventbus.(*eventBus).Subscribe.func1()
	/Users/jace/Documents/GitHub/frolf-bot-shared/eventbus/eventbus.go:326 +0x169
created by github.com/Black-And-White-Club/frolf-bot-shared/eventbus.(*eventBus).Subscribe in goroutine 6161
	/Users/jace/Documents/GitHub/frolf-bot-shared/eventbus/eventbus.go:315 +0xbf1

goroutine 6207 [chan receive, 3 minutes]:
github.com/ThreeDotsLabs/watermill/message.(*messageTransformSubscriberDecorator).Subscribe.func1()
	/Users/jace/go/pkg/mod/github.com/!three!dots!labs/watermill@v1.4.6/message/decorator.go:52 +0x85
created by github.com/ThreeDotsLabs/watermill/message.(*messageTransformSubscriberDecorator).Subscribe in goroutine 6161
	/Users/jace/go/pkg/mod/github.com/!three!dots!labs/watermill@v1.4.6/message/decorator.go:51 +0xc7

goroutine 6208 [chan receive, 3 minutes]:
github.com/ThreeDotsLabs/watermill/message.(*handler).run(0xc000b24680, {0x10a337fa0, 0xc000a2c820}, {0xc000458600, 0x6, 0x0?})
	/Users/jace/go/pkg/mod/github.com/!three!dots!labs/watermill@v1.4.6/message/router.go:645 +0x2b4
github.com/ThreeDotsLabs/watermill/message.(*Router).RunHandlers.func1()
	/Users/jace/go/pkg/mod/github.com/!three!dots!labs/watermill@v1.4.6/message/router.go:460 +0x145
created by github.com/ThreeDotsLabs/watermill/message.(*Router).RunHandlers in goroutine 6161
	/Users/jace/go/pkg/mod/github.com/!three!dots!labs/watermill@v1.4.6/message/router.go:453 +0x606

goroutine 12746 [chan receive, 3 minutes]:
github.com/ThreeDotsLabs/watermill/message.(*handler).run(0xc00118cb60, {0x10a337fa0, 0xc0000eb630}, {0xc0009b92c0, 0x6, 0x52454d55534e4f43?})
	/Users/jace/go/pkg/mod/github.com/!three!dots!labs/watermill@v1.4.6/message/router.go:645 +0x2b4
github.com/ThreeDotsLabs/watermill/message.(*Router).RunHandlers.func1()
	/Users/jace/go/pkg/mod/github.com/!three!dots!labs/watermill@v1.4.6/message/router.go:460 +0x145
created by github.com/ThreeDotsLabs/watermill/message.(*Router).RunHandlers in goroutine 12376
	/Users/jace/go/pkg/mod/github.com/!three!dots!labs/watermill@v1.4.6/message/router.go:453 +0x606

goroutine 6388 [chan receive, 3 minutes]:
github.com/ThreeDotsLabs/watermill/message.(*handler).run(0xc000e6f860, {0x10a337fa0, 0xc0000eb090}, {0xc000e42780, 0x6, 0x0?})
	/Users/jace/go/pkg/mod/github.com/!three!dots!labs/watermill@v1.4.6/message/router.go:645 +0x2b4
github.com/ThreeDotsLabs/watermill/message.(*Router).RunHandlers.func1()
	/Users/jace/go/pkg/mod/github.com/!three!dots!labs/watermill@v1.4.6/message/router.go:460 +0x145
created by github.com/ThreeDotsLabs/watermill/message.(*Router).RunHandlers in goroutine 6161
	/Users/jace/go/pkg/mod/github.com/!three!dots!labs/watermill@v1.4.6/message/router.go:453 +0x606

goroutine 11241 [chan receive, 3 minutes]:
github.com/ThreeDotsLabs/watermill/message.(*handler).run(0xc000d7ba00, {0x10a337fa0, 0xc0011363c0}, {0xc000d6c000, 0x6, 0x0?})
	/Users/jace/go/pkg/mod/github.com/!three!dots!labs/watermill@v1.4.6/message/router.go:645 +0x2b4
github.com/ThreeDotsLabs/watermill/message.(*Router).RunHandlers.func1()
	/Users/jace/go/pkg/mod/github.com/!three!dots!labs/watermill@v1.4.6/message/router.go:460 +0x145
created by github.com/ThreeDotsLabs/watermill/message.(*Router).RunHandlers in goroutine 11006
	/Users/jace/go/pkg/mod/github.com/!three!dots!labs/watermill@v1.4.6/message/router.go:453 +0x606

goroutine 11516 [select, 3 minutes]:
github.com/nats-io/nats.go/jetstream.(*pullConsumer).Messages.func2()
	/Users/jace/go/pkg/mod/github.com/nats-io/nats.go@v1.41.1/jetstream/pull.go:538 +0x68
created by github.com/nats-io/nats.go/jetstream.(*pullConsumer).Messages in goroutine 11006
	/Users/jace/go/pkg/mod/github.com/nats-io/nats.go@v1.41.1/jetstream/pull.go:536 +0x78a

goroutine 6703 [select, 3 minutes]:
github.com/nats-io/nats.go/jetstream.(*pullSubscription).Next(0xc0007b3830)
	/Users/jace/go/pkg/mod/github.com/nats-io/nats.go@v1.41.1/jetstream/pull.go:589 +0x285
github.com/Black-And-White-Club/frolf-bot-shared/eventbus.(*eventBus).Subscribe.func1()
	/Users/jace/Documents/GitHub/frolf-bot-shared/eventbus/eventbus.go:326 +0x169
created by github.com/Black-And-White-Club/frolf-bot-shared/eventbus.(*eventBus).Subscribe in goroutine 6161
	/Users/jace/Documents/GitHub/frolf-bot-shared/eventbus/eventbus.go:315 +0xbf1

goroutine 6387 [chan receive, 3 minutes]:
github.com/ThreeDotsLabs/watermill/message.(*messageTransformSubscriberDecorator).Subscribe.func1()
	/Users/jace/go/pkg/mod/github.com/!three!dots!labs/watermill@v1.4.6/message/decorator.go:52 +0x85
created by github.com/ThreeDotsLabs/watermill/message.(*messageTransformSubscriberDecorator).Subscribe in goroutine 6161
	/Users/jace/go/pkg/mod/github.com/!three!dots!labs/watermill@v1.4.6/message/decorator.go:51 +0xc7

goroutine 15206 [chan receive, 3 minutes]:
github.com/ThreeDotsLabs/watermill/message.(*handler).run(0xc0013de270, {0x10a337fa0, 0xc0000eba40}, {0xc00120c3c0, 0x6, 0xc000aa7778?})
	/Users/jace/go/pkg/mod/github.com/!three!dots!labs/watermill@v1.4.6/message/router.go:645 +0x2b4
github.com/ThreeDotsLabs/watermill/message.(*Router).RunHandlers.func1()
	/Users/jace/go/pkg/mod/github.com/!three!dots!labs/watermill@v1.4.6/message/router.go:460 +0x145
created by github.com/ThreeDotsLabs/watermill/message.(*Router).RunHandlers in goroutine 14800
	/Users/jace/go/pkg/mod/github.com/!three!dots!labs/watermill@v1.4.6/message/router.go:453 +0x606

goroutine 6682 [chan receive, 3 minutes]:
github.com/ThreeDotsLabs/watermill/message.(*messageTransformSubscriberDecorator).Subscribe.func1()
	/Users/jace/go/pkg/mod/github.com/!three!dots!labs/watermill@v1.4.6/message/decorator.go:52 +0x85
created by github.com/ThreeDotsLabs/watermill/message.(*messageTransformSubscriberDecorator).Subscribe in goroutine 6161
	/Users/jace/go/pkg/mod/github.com/!three!dots!labs/watermill@v1.4.6/message/decorator.go:51 +0xc7

goroutine 12317 [chan receive, 3 minutes]:
github.com/ThreeDotsLabs/watermill/message.(*handler).run(0xc00118c8f0, {0x10a337fa0, 0xc0009141e0}, {0xc000aba300, 0x6, 0x4?})
	/Users/jace/go/pkg/mod/github.com/!three!dots!labs/watermill@v1.4.6/message/router.go:645 +0x2b4
github.com/ThreeDotsLabs/watermill/message.(*Router).RunHandlers.func1()
	/Users/jace/go/pkg/mod/github.com/!three!dots!labs/watermill@v1.4.6/message/router.go:460 +0x145
created by github.com/ThreeDotsLabs/watermill/message.(*Router).RunHandlers in goroutine 12376
	/Users/jace/go/pkg/mod/github.com/!three!dots!labs/watermill@v1.4.6/message/router.go:453 +0x606

goroutine 6457 [chan receive, 3 minutes]:
github.com/ThreeDotsLabs/watermill/message.(*handler).run(0xc000e6fad0, {0x10a337fa0, 0xc000914780}, {0xc0001fd2c0, 0x6, 0x0?})
	/Users/jace/go/pkg/mod/github.com/!three!dots!labs/watermill@v1.4.6/message/router.go:645 +0x2b4
github.com/ThreeDotsLabs/watermill/message.(*Router).RunHandlers.func1()
	/Users/jace/go/pkg/mod/github.com/!three!dots!labs/watermill@v1.4.6/message/router.go:460 +0x145
created by github.com/ThreeDotsLabs/watermill/message.(*Router).RunHandlers in goroutine 6161
	/Users/jace/go/pkg/mod/github.com/!three!dots!labs/watermill@v1.4.6/message/router.go:453 +0x606

goroutine 12684 [select, 3 minutes]:
github.com/nats-io/nats.go/jetstream.(*pullSubscription).pullMessages(0xc00083c1b0, {0xc000420b40, 0x3f})
	/Users/jace/go/pkg/mod/github.com/nats-io/nats.go@v1.41.1/jetstream/pull.go:955 +0x91
created by github.com/nats-io/nats.go/jetstream.(*pullConsumer).Messages in goroutine 12376
	/Users/jace/go/pkg/mod/github.com/nats-io/nats.go@v1.41.1/jetstream/pull.go:534 +0x748

goroutine 9383 [sync.WaitGroup.Wait, 3 minutes]:
sync.runtime_SemacquireWaitGroup(0x10acf3150?)
	/usr/local/Cellar/go/1.24.2/libexec/src/runtime/sema.go:110 +0x25
sync.(*WaitGroup).Wait(0xc000d3e730?)
	/usr/local/Cellar/go/1.24.2/libexec/src/sync/waitgroup.go:118 +0x48
github.com/ThreeDotsLabs/watermill/pubsub/sync.WaitGroupTimeout.func1()
	/Users/jace/go/pkg/mod/github.com/!three!dots!labs/watermill@v1.4.6/pubsub/sync/waitgroup.go:13 +0x25
created by github.com/ThreeDotsLabs/watermill/pubsub/sync.WaitGroupTimeout in goroutine 5507
	/Users/jace/go/pkg/mod/github.com/!three!dots!labs/watermill@v1.4.6/pubsub/sync/waitgroup.go:12 +0x85

goroutine 10234 [select, 3 minutes]:
github.com/nats-io/nats.go/jetstream.(*pullConsumer).Messages.func2()
	/Users/jace/go/pkg/mod/github.com/nats-io/nats.go@v1.41.1/jetstream/pull.go:538 +0x68
created by github.com/nats-io/nats.go/jetstream.(*pullConsumer).Messages in goroutine 10144
	/Users/jace/go/pkg/mod/github.com/nats-io/nats.go@v1.41.1/jetstream/pull.go:536 +0x78a

goroutine 11440 [select, 3 minutes]:
github.com/nats-io/nats.go/jetstream.(*pullSubscription).Next(0xc001208ab0)
	/Users/jace/go/pkg/mod/github.com/nats-io/nats.go@v1.41.1/jetstream/pull.go:589 +0x285
github.com/Black-And-White-Club/frolf-bot-shared/eventbus.(*eventBus).Subscribe.func1()
	/Users/jace/Documents/GitHub/frolf-bot-shared/eventbus/eventbus.go:326 +0x169
created by github.com/Black-And-White-Club/frolf-bot-shared/eventbus.(*eventBus).Subscribe in goroutine 11006
	/Users/jace/Documents/GitHub/frolf-bot-shared/eventbus/eventbus.go:315 +0xbf1

goroutine 6304 [select, 3 minutes]:
github.com/nats-io/nats.go/jetstream.(*pullSubscription).pullMessages(0xc0009d9b90, {0xc000130d40, 0x3f})
	/Users/jace/go/pkg/mod/github.com/nats-io/nats.go@v1.41.1/jetstream/pull.go:955 +0x91
created by github.com/nats-io/nats.go/jetstream.(*pullConsumer).Messages in goroutine 6161
	/Users/jace/go/pkg/mod/github.com/nats-io/nats.go@v1.41.1/jetstream/pull.go:534 +0x748

goroutine 9841 [chan receive, 3 minutes]:
github.com/ThreeDotsLabs/watermill/message.(*messageTransformSubscriberDecorator).Subscribe.func1()
	/Users/jace/go/pkg/mod/github.com/!three!dots!labs/watermill@v1.4.6/message/decorator.go:52 +0x85
created by github.com/ThreeDotsLabs/watermill/message.(*messageTransformSubscriberDecorator).Subscribe in goroutine 10144
	/Users/jace/go/pkg/mod/github.com/!three!dots!labs/watermill@v1.4.6/message/decorator.go:51 +0xc7

goroutine 12732 [select, 3 minutes]:
github.com/nats-io/nats.go/jetstream.(*pullConsumer).Messages.func2()
	/Users/jace/go/pkg/mod/github.com/nats-io/nats.go@v1.41.1/jetstream/pull.go:538 +0x68
created by github.com/nats-io/nats.go/jetstream.(*pullConsumer).Messages in goroutine 12376
	/Users/jace/go/pkg/mod/github.com/nats-io/nats.go@v1.41.1/jetstream/pull.go:536 +0x78a

goroutine 6305 [select, 3 minutes]:
github.com/nats-io/nats.go/jetstream.(*pullConsumer).Messages.func2()
	/Users/jace/go/pkg/mod/github.com/nats-io/nats.go@v1.41.1/jetstream/pull.go:538 +0x68
created by github.com/nats-io/nats.go/jetstream.(*pullConsumer).Messages in goroutine 6161
	/Users/jace/go/pkg/mod/github.com/nats-io/nats.go@v1.41.1/jetstream/pull.go:536 +0x78a

goroutine 10145 [sync.Cond.Wait, 3 minutes]:
sync.runtime_notifyListWait(0xc00033bbd0, 0x2)
	/usr/local/Cellar/go/1.24.2/libexec/src/runtime/sema.go:597 +0x159
sync.(*Cond).Wait(0x0?)
	/usr/local/Cellar/go/1.24.2/libexec/src/sync/cond.go:71 +0x85
github.com/nats-io/nats%2ego.(*Conn).waitForMsgs(0xc0007c0708, 0xc0005e4690)
	/Users/jace/go/pkg/mod/github.com/nats-io/nats.go@v1.41.1/nats.go:3178 +0xc5
created by github.com/nats-io/nats%2ego.(*Conn).subscribeLocked in goroutine 9438
	/Users/jace/go/pkg/mod/github.com/nats-io/nats.go@v1.41.1/nats.go:4468 +0x419

goroutine 13496 [select, 3 minutes]:
github.com/nats-io/nats.go/jetstream.(*pullConsumer).Messages.func2()
	/Users/jace/go/pkg/mod/github.com/nats-io/nats.go@v1.41.1/jetstream/pull.go:538 +0x68
created by github.com/nats-io/nats.go/jetstream.(*pullConsumer).Messages in goroutine 13489
	/Users/jace/go/pkg/mod/github.com/nats-io/nats.go@v1.41.1/jetstream/pull.go:536 +0x78a

goroutine 12496 [select, 3 minutes]:
github.com/nats-io/nats.go/jetstream.(*pullConsumer).Messages.func2()
	/Users/jace/go/pkg/mod/github.com/nats-io/nats.go@v1.41.1/jetstream/pull.go:538 +0x68
created by github.com/nats-io/nats.go/jetstream.(*pullConsumer).Messages in goroutine 12376
	/Users/jace/go/pkg/mod/github.com/nats-io/nats.go@v1.41.1/jetstream/pull.go:536 +0x78a

goroutine 11115 [select, 3 minutes]:
github.com/nats-io/nats.go/jetstream.(*pullSubscription).Next(0xc000b74480)
	/Users/jace/go/pkg/mod/github.com/nats-io/nats.go@v1.41.1/jetstream/pull.go:589 +0x285
github.com/Black-And-White-Club/frolf-bot-shared/eventbus.(*eventBus).Subscribe.func1()
	/Users/jace/Documents/GitHub/frolf-bot-shared/eventbus/eventbus.go:326 +0x169
created by github.com/Black-And-White-Club/frolf-bot-shared/eventbus.(*eventBus).Subscribe in goroutine 11006
	/Users/jace/Documents/GitHub/frolf-bot-shared/eventbus/eventbus.go:315 +0xbf1

goroutine 6432 [chan receive, 3 minutes]:
github.com/ThreeDotsLabs/watermill/message.(*handler).run(0xc000e6f930, {0x10a337fa0, 0xc0005ae3c0}, {0xc000a5a300, 0x6, 0x0?})
	/Users/jace/go/pkg/mod/github.com/!three!dots!labs/watermill@v1.4.6/message/router.go:645 +0x2b4
github.com/ThreeDotsLabs/watermill/message.(*Router).RunHandlers.func1()
	/Users/jace/go/pkg/mod/github.com/!three!dots!labs/watermill@v1.4.6/message/router.go:460 +0x145
created by github.com/ThreeDotsLabs/watermill/message.(*Router).RunHandlers in goroutine 6161
	/Users/jace/go/pkg/mod/github.com/!three!dots!labs/watermill@v1.4.6/message/router.go:453 +0x606

goroutine 6456 [chan receive, 3 minutes]:
github.com/ThreeDotsLabs/watermill/message.(*messageTransformSubscriberDecorator).Subscribe.func1()
	/Users/jace/go/pkg/mod/github.com/!three!dots!labs/watermill@v1.4.6/message/decorator.go:52 +0x85
created by github.com/ThreeDotsLabs/watermill/message.(*messageTransformSubscriberDecorator).Subscribe in goroutine 6161
	/Users/jace/go/pkg/mod/github.com/!three!dots!labs/watermill@v1.4.6/message/decorator.go:51 +0xc7

goroutine 11601 [sync.WaitGroup.Wait, 3 minutes]:
sync.runtime_SemacquireWaitGroup(0x0?)
	/usr/local/Cellar/go/1.24.2/libexec/src/runtime/sema.go:110 +0x25
sync.(*WaitGroup).Wait(0xc001220f30?)
	/usr/local/Cellar/go/1.24.2/libexec/src/sync/waitgroup.go:118 +0x48
github.com/ThreeDotsLabs/watermill/pubsub/sync.WaitGroupTimeout.func1()
	/Users/jace/go/pkg/mod/github.com/!three!dots!labs/watermill@v1.4.6/pubsub/sync/waitgroup.go:13 +0x25
created by github.com/ThreeDotsLabs/watermill/pubsub/sync.WaitGroupTimeout in goroutine 10441
	/Users/jace/go/pkg/mod/github.com/!three!dots!labs/watermill@v1.4.6/pubsub/sync/waitgroup.go:12 +0x85

goroutine 6417 [chan receive, 3 minutes]:
github.com/ThreeDotsLabs/watermill/message.(*handler).run(0xc000b24820, {0x10a337fa0, 0xc0009b6d20}, {0xc00071c180, 0x6, 0xc00097b4a8?})
	/Users/jace/go/pkg/mod/github.com/!three!dots!labs/watermill@v1.4.6/message/router.go:645 +0x2b4
github.com/ThreeDotsLabs/watermill/message.(*Router).RunHandlers.func1()
	/Users/jace/go/pkg/mod/github.com/!three!dots!labs/watermill@v1.4.6/message/router.go:460 +0x145
created by github.com/ThreeDotsLabs/watermill/message.(*Router).RunHandlers in goroutine 6161
	/Users/jace/go/pkg/mod/github.com/!three!dots!labs/watermill@v1.4.6/message/router.go:453 +0x606

goroutine 6570 [select, 3 minutes]:
github.com/nats-io/nats.go/jetstream.(*pullSubscription).pullMessages(0xc00060fb90, {0xc00004e7d0, 0x45})
	/Users/jace/go/pkg/mod/github.com/nats-io/nats.go@v1.41.1/jetstream/pull.go:955 +0x91
created by github.com/nats-io/nats.go/jetstream.(*pullConsumer).Messages in goroutine 6161
	/Users/jace/go/pkg/mod/github.com/nats-io/nats.go@v1.41.1/jetstream/pull.go:534 +0x748

goroutine 11543 [select, 3 minutes]:
github.com/nats-io/nats.go/jetstream.(*pullConsumer).Messages.func2()
	/Users/jace/go/pkg/mod/github.com/nats-io/nats.go@v1.41.1/jetstream/pull.go:538 +0x68
created by github.com/nats-io/nats.go/jetstream.(*pullConsumer).Messages in goroutine 11006
	/Users/jace/go/pkg/mod/github.com/nats-io/nats.go@v1.41.1/jetstream/pull.go:536 +0x78a

goroutine 12765 [select, 3 minutes]:
github.com/nats-io/nats.go/jetstream.(*pullSubscription).pullMessages(0xc0009d87e0, {0xc000e56120, 0x58})
	/Users/jace/go/pkg/mod/github.com/nats-io/nats.go@v1.41.1/jetstream/pull.go:955 +0x91
created by github.com/nats-io/nats.go/jetstream.(*pullConsumer).Messages in goroutine 12764
	/Users/jace/go/pkg/mod/github.com/nats-io/nats.go@v1.41.1/jetstream/pull.go:534 +0x748

goroutine 11308 [select, 3 minutes]:
github.com/nats-io/nats.go/jetstream.(*pullSubscription).pullMessages(0xc00113ec60, {0xc000254460, 0x4f})
	/Users/jace/go/pkg/mod/github.com/nats-io/nats.go@v1.41.1/jetstream/pull.go:955 +0x91
created by github.com/nats-io/nats.go/jetstream.(*pullConsumer).Messages in goroutine 11006
	/Users/jace/go/pkg/mod/github.com/nats-io/nats.go@v1.41.1/jetstream/pull.go:534 +0x748

goroutine 6443 [select, 3 minutes]:
github.com/nats-io/nats.go/jetstream.(*pullSubscription).pullMessages(0xc000d5a360, {0xc00024ef60, 0x52})
	/Users/jace/go/pkg/mod/github.com/nats-io/nats.go@v1.41.1/jetstream/pull.go:955 +0x91
created by github.com/nats-io/nats.go/jetstream.(*pullConsumer).Messages in goroutine 6161
	/Users/jace/go/pkg/mod/github.com/nats-io/nats.go@v1.41.1/jetstream/pull.go:534 +0x748

goroutine 6702 [select, 3 minutes]:
github.com/nats-io/nats.go/jetstream.(*pullConsumer).Messages.func2()
	/Users/jace/go/pkg/mod/github.com/nats-io/nats.go@v1.41.1/jetstream/pull.go:538 +0x68
created by github.com/nats-io/nats.go/jetstream.(*pullConsumer).Messages in goroutine 6161
	/Users/jace/go/pkg/mod/github.com/nats-io/nats.go@v1.41.1/jetstream/pull.go:536 +0x78a

goroutine 6453 [select, 3 minutes]:
github.com/nats-io/nats.go/jetstream.(*pullSubscription).pullMessages(0xc0007f2cf0, {0xc0007d6460, 0x45})
	/Users/jace/go/pkg/mod/github.com/nats-io/nats.go@v1.41.1/jetstream/pull.go:955 +0x91
created by github.com/nats-io/nats.go/jetstream.(*pullConsumer).Messages in goroutine 6161
	/Users/jace/go/pkg/mod/github.com/nats-io/nats.go@v1.41.1/jetstream/pull.go:534 +0x748

goroutine 13758 [select, 3 minutes]:
github.com/nats-io/nats.go/jetstream.(*pullSubscription).pullMessages(0xc000a838c0, {0xc0005e9a40, 0x45})
	/Users/jace/go/pkg/mod/github.com/nats-io/nats.go@v1.41.1/jetstream/pull.go:955 +0x91
created by github.com/nats-io/nats.go/jetstream.(*pullConsumer).Messages in goroutine 13489
	/Users/jace/go/pkg/mod/github.com/nats-io/nats.go@v1.41.1/jetstream/pull.go:534 +0x748

goroutine 11497 [chan receive, 3 minutes]:
github.com/ThreeDotsLabs/watermill/message.(*handler).run(0xc000d7aa90, {0x10a337fa0, 0xc0000ebe50}, {0xc0004c6000, 0x6, 0x0?})
	/Users/jace/go/pkg/mod/github.com/!three!dots!labs/watermill@v1.4.6/message/router.go:645 +0x2b4
github.com/ThreeDotsLabs/watermill/message.(*Router).RunHandlers.func1()
	/Users/jace/go/pkg/mod/github.com/!three!dots!labs/watermill@v1.4.6/message/router.go:460 +0x145
created by github.com/ThreeDotsLabs/watermill/message.(*Router).RunHandlers in goroutine 11006
	/Users/jace/go/pkg/mod/github.com/!three!dots!labs/watermill@v1.4.6/message/router.go:453 +0x606

goroutine 6414 [select, 3 minutes]:
github.com/nats-io/nats.go/jetstream.(*pullConsumer).Messages.func2()
	/Users/jace/go/pkg/mod/github.com/nats-io/nats.go@v1.41.1/jetstream/pull.go:538 +0x68
created by github.com/nats-io/nats.go/jetstream.(*pullConsumer).Messages in goroutine 6161
	/Users/jace/go/pkg/mod/github.com/nats-io/nats.go@v1.41.1/jetstream/pull.go:536 +0x78a

goroutine 12767 [select, 3 minutes]:
github.com/nats-io/nats.go/jetstream.(*pullSubscription).Next(0xc0009d87e0)
	/Users/jace/go/pkg/mod/github.com/nats-io/nats.go@v1.41.1/jetstream/pull.go:589 +0x285
github.com/Black-And-White-Club/frolf-bot-shared/eventbus.(*eventBus).ProcessDelayedMessages.func1.2(0xc000b81020, {0x10a335050?, 0xc0009d87e0?}, 0xc000d71100, {0x10a337f68, 0xc000d18c60}, {0x0?, 0x10a327f28?, 0x0?}, {0xb, ...})
	/Users/jace/Documents/GitHub/frolf-bot-shared/eventbus/delayed_messages.go:348 +0xab
github.com/Black-And-White-Club/frolf-bot-shared/eventbus.(*eventBus).ProcessDelayedMessages.func1()
	/Users/jace/Documents/GitHub/frolf-bot-shared/eventbus/delayed_messages.go:377 +0x233
created by github.com/Black-And-White-Club/frolf-bot-shared/eventbus.(*eventBus).ProcessDelayedMessages in goroutine 12764
	/Users/jace/Documents/GitHub/frolf-bot-shared/eventbus/delayed_messages.go:311 +0xb99

goroutine 14757 [sync.Cond.Wait, 3 minutes]:
sync.runtime_notifyListWait(0xc000d4d910, 0x0)
	/usr/local/Cellar/go/1.24.2/libexec/src/runtime/sema.go:597 +0x159
sync.(*Cond).Wait(0xc001468cb0?)
	/usr/local/Cellar/go/1.24.2/libexec/src/sync/cond.go:71 +0x85
github.com/nats-io/nats%2ego.(*asyncCallbacksHandler).asyncCBDispatcher(0xc00012c7a0)
	/Users/jace/go/pkg/mod/github.com/nats-io/nats.go@v1.41.1/nats.go:3059 +0xdd
created by github.com/nats-io/nats%2ego.Options.Connect in goroutine 14000
	/Users/jace/go/pkg/mod/github.com/nats-io/nats.go@v1.41.1/nats.go:1635 +0x387

goroutine 11098 [chan receive, 3 minutes]:
github.com/ThreeDotsLabs/watermill/message.(*messageTransformSubscriberDecorator).Subscribe.func1()
	/Users/jace/go/pkg/mod/github.com/!three!dots!labs/watermill@v1.4.6/message/decorator.go:52 +0x85
created by github.com/ThreeDotsLabs/watermill/message.(*messageTransformSubscriberDecorator).Subscribe in goroutine 11006
	/Users/jace/go/pkg/mod/github.com/!three!dots!labs/watermill@v1.4.6/message/decorator.go:51 +0xc7

goroutine 19179 [select, 2 minutes]:
github.com/nats-io/nats.go/jetstream.(*pullConsumer).Messages.func2()
	/Users/jace/go/pkg/mod/github.com/nats-io/nats.go@v1.41.1/jetstream/pull.go:538 +0x68
created by github.com/nats-io/nats.go/jetstream.(*pullConsumer).Messages in goroutine 18988
	/Users/jace/go/pkg/mod/github.com/nats-io/nats.go@v1.41.1/jetstream/pull.go:536 +0x78a

goroutine 11031 [select, 3 minutes]:
github.com/nats-io/nats.go/jetstream.(*pullSubscription).Next(0xc001208bd0)
	/Users/jace/go/pkg/mod/github.com/nats-io/nats.go@v1.41.1/jetstream/pull.go:589 +0x285
github.com/Black-And-White-Club/frolf-bot-shared/eventbus.(*eventBus).Subscribe.func1()
	/Users/jace/Documents/GitHub/frolf-bot-shared/eventbus/eventbus.go:326 +0x169
created by github.com/Black-And-White-Club/frolf-bot-shared/eventbus.(*eventBus).Subscribe in goroutine 11006
	/Users/jace/Documents/GitHub/frolf-bot-shared/eventbus/eventbus.go:315 +0xbf1

goroutine 13870 [chan receive, 3 minutes]:
github.com/ThreeDotsLabs/watermill/message.(*handler).run(0xc00111ec30, {0x10a337fa0, 0xc0000eaff0}, {0xc0010b3680, 0x6, 0x100010000?})
	/Users/jace/go/pkg/mod/github.com/!three!dots!labs/watermill@v1.4.6/message/router.go:645 +0x2b4
github.com/ThreeDotsLabs/watermill/message.(*Router).RunHandlers.func1()
	/Users/jace/go/pkg/mod/github.com/!three!dots!labs/watermill@v1.4.6/message/router.go:460 +0x145
created by github.com/ThreeDotsLabs/watermill/message.(*Router).RunHandlers in goroutine 13489
	/Users/jace/go/pkg/mod/github.com/!three!dots!labs/watermill@v1.4.6/message/router.go:453 +0x606

goroutine 13705 [select, 3 minutes]:
github.com/nats-io/nats.go/jetstream.(*pullConsumer).Messages.func2()
	/Users/jace/go/pkg/mod/github.com/nats-io/nats.go@v1.41.1/jetstream/pull.go:538 +0x68
created by github.com/nats-io/nats.go/jetstream.(*pullConsumer).Messages in goroutine 13489
	/Users/jace/go/pkg/mod/github.com/nats-io/nats.go@v1.41.1/jetstream/pull.go:536 +0x78a

goroutine 11082 [chan receive, 3 minutes]:
github.com/ThreeDotsLabs/watermill/message.(*handler).run(0xc000d7b110, {0x10a337fa0, 0xc000c82af0}, {0xc000bcd740, 0x6, 0x4?})
	/Users/jace/go/pkg/mod/github.com/!three!dots!labs/watermill@v1.4.6/message/router.go:645 +0x2b4
github.com/ThreeDotsLabs/watermill/message.(*Router).RunHandlers.func1()
	/Users/jace/go/pkg/mod/github.com/!three!dots!labs/watermill@v1.4.6/message/router.go:460 +0x145
created by github.com/ThreeDotsLabs/watermill/message.(*Router).RunHandlers in goroutine 11006
	/Users/jace/go/pkg/mod/github.com/!three!dots!labs/watermill@v1.4.6/message/router.go:453 +0x606

goroutine 6500 [select, 3 minutes]:
github.com/nats-io/nats.go/jetstream.(*pullConsumer).Messages.func2()
	/Users/jace/go/pkg/mod/github.com/nats-io/nats.go@v1.41.1/jetstream/pull.go:538 +0x68
created by github.com/nats-io/nats.go/jetstream.(*pullConsumer).Messages in goroutine 6161
	/Users/jace/go/pkg/mod/github.com/nats-io/nats.go@v1.41.1/jetstream/pull.go:536 +0x78a

goroutine 6679 [select, 3 minutes]:
github.com/nats-io/nats.go/jetstream.(*pullSubscription).pullMessages(0xc0007b23f0, {0xc00004e280, 0x47})
	/Users/jace/go/pkg/mod/github.com/nats-io/nats.go@v1.41.1/jetstream/pull.go:955 +0x91
created by github.com/nats-io/nats.go/jetstream.(*pullConsumer).Messages in goroutine 6161
	/Users/jace/go/pkg/mod/github.com/nats-io/nats.go@v1.41.1/jetstream/pull.go:534 +0x748

goroutine 6499 [select, 3 minutes]:
github.com/nats-io/nats.go/jetstream.(*pullSubscription).pullMessages(0xc000677680, {0xc0005e8280, 0x48})
	/Users/jace/go/pkg/mod/github.com/nats-io/nats.go@v1.41.1/jetstream/pull.go:955 +0x91
created by github.com/nats-io/nats.go/jetstream.(*pullConsumer).Messages in goroutine 6161
	/Users/jace/go/pkg/mod/github.com/nats-io/nats.go@v1.41.1/jetstream/pull.go:534 +0x748

goroutine 6739 [select, 3 minutes]:
github.com/nats-io/nats.go/jetstream.(*pullSubscription).Next(0xc000a82fc0)
	/Users/jace/go/pkg/mod/github.com/nats-io/nats.go@v1.41.1/jetstream/pull.go:589 +0x285
github.com/Black-And-White-Club/frolf-bot-shared/eventbus.(*eventBus).Subscribe.func1()
	/Users/jace/Documents/GitHub/frolf-bot-shared/eventbus/eventbus.go:326 +0x169
created by github.com/Black-And-White-Club/frolf-bot-shared/eventbus.(*eventBus).Subscribe in goroutine 6161
	/Users/jace/Documents/GitHub/frolf-bot-shared/eventbus/eventbus.go:315 +0xbf1

goroutine 9325 [select, 3 minutes]:
github.com/nats-io/nats.go/jetstream.(*pullConsumer).Messages.func2()
	/Users/jace/go/pkg/mod/github.com/nats-io/nats.go@v1.41.1/jetstream/pull.go:538 +0x68
created by github.com/nats-io/nats.go/jetstream.(*pullConsumer).Messages in goroutine 10144
	/Users/jace/go/pkg/mod/github.com/nats-io/nats.go@v1.41.1/jetstream/pull.go:536 +0x78a

goroutine 13641 [chan receive, 3 minutes]:
github.com/ThreeDotsLabs/watermill/message.(*messageTransformSubscriberDecorator).Subscribe.func1()
	/Users/jace/go/pkg/mod/github.com/!three!dots!labs/watermill@v1.4.6/message/decorator.go:52 +0x85
created by github.com/ThreeDotsLabs/watermill/message.(*messageTransformSubscriberDecorator).Subscribe in goroutine 13489
	/Users/jace/go/pkg/mod/github.com/!three!dots!labs/watermill@v1.4.6/message/decorator.go:51 +0xc7

goroutine 11293 [select, 3 minutes]:
github.com/nats-io/nats.go/jetstream.(*pullSubscription).Next(0xc001042cf0)
	/Users/jace/go/pkg/mod/github.com/nats-io/nats.go@v1.41.1/jetstream/pull.go:589 +0x285
github.com/Black-And-White-Club/frolf-bot-shared/eventbus.(*eventBus).Subscribe.func1()
	/Users/jace/Documents/GitHub/frolf-bot-shared/eventbus/eventbus.go:326 +0x169
created by github.com/Black-And-White-Club/frolf-bot-shared/eventbus.(*eventBus).Subscribe in goroutine 11006
	/Users/jace/Documents/GitHub/frolf-bot-shared/eventbus/eventbus.go:315 +0xbf1

goroutine 32565 [select]:
github.com/nats-io/nats%2ego.(*Conn).doReconnect(0xc001498e08, {0x10a327f28, 0x10acedb30}, 0x0)
	/Users/jace/go/pkg/mod/github.com/nats-io/nats.go@v1.41.1/nats.go:2907 +0x41a
created by github.com/nats-io/nats%2ego.(*Conn).processOpErr in goroutine 31974
	/Users/jace/go/pkg/mod/github.com/nats-io/nats.go@v1.41.1/nats.go:3043 +0x2f3

goroutine 12735 [chan receive, 3 minutes]:
github.com/ThreeDotsLabs/watermill/message.(*handler).run(0xc00118d2b0, {0x10a337fa0, 0xc0000eb3b0}, {0xc000a16fc0, 0x6, 0x0?})
	/Users/jace/go/pkg/mod/github.com/!three!dots!labs/watermill@v1.4.6/message/router.go:645 +0x2b4
github.com/ThreeDotsLabs/watermill/message.(*Router).RunHandlers.func1()
	/Users/jace/go/pkg/mod/github.com/!three!dots!labs/watermill@v1.4.6/message/router.go:460 +0x145
created by github.com/ThreeDotsLabs/watermill/message.(*Router).RunHandlers in goroutine 12376
	/Users/jace/go/pkg/mod/github.com/!three!dots!labs/watermill@v1.4.6/message/router.go:453 +0x606

goroutine 38167 [select, 1 minutes]:
github.com/nats-io/nats.go/jetstream.(*pullSubscription).pullMessages(0xc0007f2240, {0xc00017e410, 0x4f})
	/Users/jace/go/pkg/mod/github.com/nats-io/nats.go@v1.41.1/jetstream/pull.go:955 +0x91
created by github.com/nats-io/nats.go/jetstream.(*pullConsumer).Messages in goroutine 37797
	/Users/jace/go/pkg/mod/github.com/nats-io/nats.go@v1.41.1/jetstream/pull.go:534 +0x748

goroutine 11312 [chan receive, 3 minutes]:
github.com/ThreeDotsLabs/watermill/message.(*handler).run(0xc000d7af70, {0x10a337fa0, 0xc000995630}, {0xc000458180, 0x6, 0x100010000?})
	/Users/jace/go/pkg/mod/github.com/!three!dots!labs/watermill@v1.4.6/message/router.go:645 +0x2b4
github.com/ThreeDotsLabs/watermill/message.(*Router).RunHandlers.func1()
	/Users/jace/go/pkg/mod/github.com/!three!dots!labs/watermill@v1.4.6/message/router.go:460 +0x145
created by github.com/ThreeDotsLabs/watermill/message.(*Router).RunHandlers in goroutine 11006
	/Users/jace/go/pkg/mod/github.com/!three!dots!labs/watermill@v1.4.6/message/router.go:453 +0x606

goroutine 6598 [select, 3 minutes]:
github.com/nats-io/nats.go/jetstream.(*pullSubscription).pullMessages(0xc0007c43f0, {0xc000144900, 0x58})
	/Users/jace/go/pkg/mod/github.com/nats-io/nats.go@v1.41.1/jetstream/pull.go:955 +0x91
created by github.com/nats-io/nats.go/jetstream.(*pullConsumer).Messages in goroutine 6161
	/Users/jace/go/pkg/mod/github.com/nats-io/nats.go@v1.41.1/jetstream/pull.go:534 +0x748

goroutine 6503 [chan receive, 3 minutes]:
github.com/ThreeDotsLabs/watermill/message.(*handler).run(0xc000b240d0, {0x10a337fa0, 0xc0005aeeb0}, {0xc0001fd380, 0x6, 0x2?})
	/Users/jace/go/pkg/mod/github.com/!three!dots!labs/watermill@v1.4.6/message/router.go:645 +0x2b4
github.com/ThreeDotsLabs/watermill/message.(*Router).RunHandlers.func1()
	/Users/jace/go/pkg/mod/github.com/!three!dots!labs/watermill@v1.4.6/message/router.go:460 +0x145
created by github.com/ThreeDotsLabs/watermill/message.(*Router).RunHandlers in goroutine 6161
	/Users/jace/go/pkg/mod/github.com/!three!dots!labs/watermill@v1.4.6/message/router.go:453 +0x606

goroutine 9324 [select, 3 minutes]:
github.com/nats-io/nats.go/jetstream.(*pullSubscription).pullMessages(0xc0007c41b0, {0xc00004e780, 0x4d})
	/Users/jace/go/pkg/mod/github.com/nats-io/nats.go@v1.41.1/jetstream/pull.go:955 +0x91
created by github.com/nats-io/nats.go/jetstream.(*pullConsumer).Messages in goroutine 10144
	/Users/jace/go/pkg/mod/github.com/nats-io/nats.go@v1.41.1/jetstream/pull.go:534 +0x748

goroutine 11427 [select, 3 minutes]:
github.com/nats-io/nats.go/jetstream.(*pullSubscription).pullMessages(0xc001282e10, {0xc00017e190, 0x45})
	/Users/jace/go/pkg/mod/github.com/nats-io/nats.go@v1.41.1/jetstream/pull.go:955 +0x91
created by github.com/nats-io/nats.go/jetstream.(*pullConsumer).Messages in goroutine 11006
	/Users/jace/go/pkg/mod/github.com/nats-io/nats.go@v1.41.1/jetstream/pull.go:534 +0x748

goroutine 10342 [chan receive, 3 minutes]:
github.com/ThreeDotsLabs/watermill/message.(*messageTransformSubscriberDecorator).Subscribe.func1()
	/Users/jace/go/pkg/mod/github.com/!three!dots!labs/watermill@v1.4.6/message/decorator.go:52 +0x85
created by github.com/ThreeDotsLabs/watermill/message.(*messageTransformSubscriberDecorator).Subscribe in goroutine 10144
	/Users/jace/go/pkg/mod/github.com/!three!dots!labs/watermill@v1.4.6/message/decorator.go:51 +0xc7

goroutine 4823 [select, 3 minutes]:
github.com/nats-io/nats.go/jetstream.(*pullSubscription).pullMessages(0xc0001227e0, {0xc00087a0c0, 0x55})
	/Users/jace/go/pkg/mod/github.com/nats-io/nats.go@v1.41.1/jetstream/pull.go:955 +0x91
created by github.com/nats-io/nats.go/jetstream.(*pullConsumer).Messages in goroutine 6161
	/Users/jace/go/pkg/mod/github.com/nats-io/nats.go@v1.41.1/jetstream/pull.go:534 +0x748

goroutine 6832 [select, 3 minutes]:
github.com/nats-io/nats.go/jetstream.(*pullConsumer).Messages.func2()
	/Users/jace/go/pkg/mod/github.com/nats-io/nats.go@v1.41.1/jetstream/pull.go:538 +0x68
created by github.com/nats-io/nats.go/jetstream.(*pullConsumer).Messages in goroutine 6161
	/Users/jace/go/pkg/mod/github.com/nats-io/nats.go@v1.41.1/jetstream/pull.go:536 +0x78a

goroutine 15059 [select, 3 minutes]:
github.com/nats-io/nats.go/jetstream.(*pullSubscription).Next(0xc001608510)
	/Users/jace/go/pkg/mod/github.com/nats-io/nats.go@v1.41.1/jetstream/pull.go:589 +0x285
github.com/Black-And-White-Club/frolf-bot-shared/eventbus.(*eventBus).Subscribe.func1()
	/Users/jace/Documents/GitHub/frolf-bot-shared/eventbus/eventbus.go:326 +0x169
created by github.com/Black-And-White-Club/frolf-bot-shared/eventbus.(*eventBus).Subscribe in goroutine 14800
	/Users/jace/Documents/GitHub/frolf-bot-shared/eventbus/eventbus.go:315 +0xbf1

goroutine 6538 [select, 3 minutes]:
github.com/nats-io/nats.go/jetstream.(*pullConsumer).Messages.func2()
	/Users/jace/go/pkg/mod/github.com/nats-io/nats.go@v1.41.1/jetstream/pull.go:538 +0x68
created by github.com/nats-io/nats.go/jetstream.(*pullConsumer).Messages in goroutine 6161
	/Users/jace/go/pkg/mod/github.com/nats-io/nats.go@v1.41.1/jetstream/pull.go:536 +0x78a

goroutine 6809 [chan receive, 3 minutes]:
github.com/ThreeDotsLabs/watermill/message.(*messageTransformSubscriberDecorator).Subscribe.func1()
	/Users/jace/go/pkg/mod/github.com/!three!dots!labs/watermill@v1.4.6/message/decorator.go:52 +0x85
created by github.com/ThreeDotsLabs/watermill/message.(*messageTransformSubscriberDecorator).Subscribe in goroutine 6161
	/Users/jace/go/pkg/mod/github.com/!three!dots!labs/watermill@v1.4.6/message/decorator.go:51 +0xc7

goroutine 23307 [chan receive, 2 minutes]:
github.com/ThreeDotsLabs/watermill/message.(*handler).run(0xc001410270, {0x10a337fa0, 0xc000f4e910}, {0xc0012c66c0, 0x6, 0xc0001b68a0?})
	/Users/jace/go/pkg/mod/github.com/!three!dots!labs/watermill@v1.4.6/message/router.go:645 +0x2b4
github.com/ThreeDotsLabs/watermill/message.(*Router).RunHandlers.func1()
	/Users/jace/go/pkg/mod/github.com/!three!dots!labs/watermill@v1.4.6/message/router.go:460 +0x145
created by github.com/ThreeDotsLabs/watermill/message.(*Router).RunHandlers in goroutine 23038
	/Users/jace/go/pkg/mod/github.com/!three!dots!labs/watermill@v1.4.6/message/router.go:453 +0x606

goroutine 12744 [select, 3 minutes]:
github.com/nats-io/nats.go/jetstream.(*pullSubscription).Next(0xc0007b3d40)
	/Users/jace/go/pkg/mod/github.com/nats-io/nats.go@v1.41.1/jetstream/pull.go:589 +0x285
github.com/Black-And-White-Club/frolf-bot-shared/eventbus.(*eventBus).Subscribe.func1()
	/Users/jace/Documents/GitHub/frolf-bot-shared/eventbus/eventbus.go:326 +0x169
created by github.com/Black-And-White-Club/frolf-bot-shared/eventbus.(*eventBus).Subscribe in goroutine 12376
	/Users/jace/Documents/GitHub/frolf-bot-shared/eventbus/eventbus.go:315 +0xbf1

goroutine 6600 [select, 3 minutes]:
github.com/nats-io/nats.go/jetstream.(*pullSubscription).Next(0xc0007c43f0)
	/Users/jace/go/pkg/mod/github.com/nats-io/nats.go@v1.41.1/jetstream/pull.go:589 +0x285
github.com/Black-And-White-Club/frolf-bot-shared/eventbus.(*eventBus).Subscribe.func1()
	/Users/jace/Documents/GitHub/frolf-bot-shared/eventbus/eventbus.go:326 +0x169
created by github.com/Black-And-White-Club/frolf-bot-shared/eventbus.(*eventBus).Subscribe in goroutine 6161
	/Users/jace/Documents/GitHub/frolf-bot-shared/eventbus/eventbus.go:315 +0xbf1

goroutine 6601 [chan receive, 3 minutes]:
github.com/ThreeDotsLabs/watermill/message.(*messageTransformSubscriberDecorator).Subscribe.func1()
	/Users/jace/go/pkg/mod/github.com/!three!dots!labs/watermill@v1.4.6/message/decorator.go:52 +0x85
created by github.com/ThreeDotsLabs/watermill/message.(*messageTransformSubscriberDecorator).Subscribe in goroutine 6161
	/Users/jace/go/pkg/mod/github.com/!three!dots!labs/watermill@v1.4.6/message/decorator.go:51 +0xc7

goroutine 6602 [chan receive, 3 minutes]:
github.com/ThreeDotsLabs/watermill/message.(*handler).run(0xc000b249c0, {0x10a337fa0, 0xc000a123c0}, {0xc000e42840, 0x6, 0x0?})
	/Users/jace/go/pkg/mod/github.com/!three!dots!labs/watermill@v1.4.6/message/router.go:645 +0x2b4
github.com/ThreeDotsLabs/watermill/message.(*Router).RunHandlers.func1()
	/Users/jace/go/pkg/mod/github.com/!three!dots!labs/watermill@v1.4.6/message/router.go:460 +0x145
created by github.com/ThreeDotsLabs/watermill/message.(*Router).RunHandlers in goroutine 6161
	/Users/jace/go/pkg/mod/github.com/!three!dots!labs/watermill@v1.4.6/message/router.go:453 +0x606

goroutine 10267 [select, 3 minutes]:
github.com/nats-io/nats.go/jetstream.(*pullSubscription).pullMessages(0xc0010d46c0, {0xc001186060, 0x5a})
	/Users/jace/go/pkg/mod/github.com/nats-io/nats.go@v1.41.1/jetstream/pull.go:955 +0x91
created by github.com/nats-io/nats.go/jetstream.(*pullConsumer).Messages in goroutine 11006
	/Users/jace/go/pkg/mod/github.com/nats-io/nats.go@v1.41.1/jetstream/pull.go:534 +0x748

goroutine 14968 [select, 3 minutes]:
github.com/nats-io/nats.go/jetstream.(*pullSubscription).pullMessages(0xc00116ed80, {0xc0002541e0, 0x42})
	/Users/jace/go/pkg/mod/github.com/nats-io/nats.go@v1.41.1/jetstream/pull.go:955 +0x91
created by github.com/nats-io/nats.go/jetstream.(*pullConsumer).Messages in goroutine 14800
	/Users/jace/go/pkg/mod/github.com/nats-io/nats.go@v1.41.1/jetstream/pull.go:534 +0x748

goroutine 6726 [chan receive, 3 minutes]:
github.com/ThreeDotsLabs/watermill/message.(*handler).run(0xc000e6fa00, {0x10a337fa0, 0xc0005ae370}, {0xc0005a6000, 0x6, 0xc000af4770?})
	/Users/jace/go/pkg/mod/github.com/!three!dots!labs/watermill@v1.4.6/message/router.go:645 +0x2b4
github.com/ThreeDotsLabs/watermill/message.(*Router).RunHandlers.func1()
	/Users/jace/go/pkg/mod/github.com/!three!dots!labs/watermill@v1.4.6/message/router.go:460 +0x145
created by github.com/ThreeDotsLabs/watermill/message.(*Router).RunHandlers in goroutine 6161
	/Users/jace/go/pkg/mod/github.com/!three!dots!labs/watermill@v1.4.6/message/router.go:453 +0x606

goroutine 4824 [select, 3 minutes]:
github.com/nats-io/nats.go/jetstream.(*pullConsumer).Messages.func2()
	/Users/jace/go/pkg/mod/github.com/nats-io/nats.go@v1.41.1/jetstream/pull.go:538 +0x68
created by github.com/nats-io/nats.go/jetstream.(*pullConsumer).Messages in goroutine 6161
	/Users/jace/go/pkg/mod/github.com/nats-io/nats.go@v1.41.1/jetstream/pull.go:536 +0x78a

goroutine 4825 [select, 3 minutes]:
github.com/nats-io/nats.go/jetstream.(*pullSubscription).Next(0xc0001227e0)
	/Users/jace/go/pkg/mod/github.com/nats-io/nats.go@v1.41.1/jetstream/pull.go:589 +0x285
github.com/Black-And-White-Club/frolf-bot-shared/eventbus.(*eventBus).Subscribe.func1()
	/Users/jace/Documents/GitHub/frolf-bot-shared/eventbus/eventbus.go:326 +0x169
created by github.com/Black-And-White-Club/frolf-bot-shared/eventbus.(*eventBus).Subscribe in goroutine 6161
	/Users/jace/Documents/GitHub/frolf-bot-shared/eventbus/eventbus.go:315 +0xbf1

goroutine 4826 [chan receive, 3 minutes]:
github.com/ThreeDotsLabs/watermill/message.(*messageTransformSubscriberDecorator).Subscribe.func1()
	/Users/jace/go/pkg/mod/github.com/!three!dots!labs/watermill@v1.4.6/message/decorator.go:52 +0x85
created by github.com/ThreeDotsLabs/watermill/message.(*messageTransformSubscriberDecorator).Subscribe in goroutine 6161
	/Users/jace/go/pkg/mod/github.com/!three!dots!labs/watermill@v1.4.6/message/decorator.go:51 +0xc7

goroutine 4827 [chan receive, 3 minutes]:
github.com/ThreeDotsLabs/watermill/message.(*handler).run(0xc000e6f2b0, {0x10a337fa0, 0xc0005af9f0}, {0xc0001fc180, 0x6, 0x0?})
	/Users/jace/go/pkg/mod/github.com/!three!dots!labs/watermill@v1.4.6/message/router.go:645 +0x2b4
github.com/ThreeDotsLabs/watermill/message.(*Router).RunHandlers.func1()
	/Users/jace/go/pkg/mod/github.com/!three!dots!labs/watermill@v1.4.6/message/router.go:460 +0x145
created by github.com/ThreeDotsLabs/watermill/message.(*Router).RunHandlers in goroutine 6161
	/Users/jace/go/pkg/mod/github.com/!three!dots!labs/watermill@v1.4.6/message/router.go:453 +0x606

goroutine 15162 [chan receive, 3 minutes]:
github.com/ThreeDotsLabs/watermill/message.(*messageTransformSubscriberDecorator).Subscribe.func1()
	/Users/jace/go/pkg/mod/github.com/!three!dots!labs/watermill@v1.4.6/message/decorator.go:52 +0x85
created by github.com/ThreeDotsLabs/watermill/message.(*messageTransformSubscriberDecorator).Subscribe in goroutine 14800
	/Users/jace/go/pkg/mod/github.com/!three!dots!labs/watermill@v1.4.6/message/decorator.go:51 +0xc7

goroutine 12287 [select, 3 minutes]:
github.com/nats-io/nats.go/jetstream.(*pullSubscription).Next(0xc000eff320)
	/Users/jace/go/pkg/mod/github.com/nats-io/nats.go@v1.41.1/jetstream/pull.go:589 +0x285
github.com/Black-And-White-Club/frolf-bot-shared/eventbus.(*eventBus).Subscribe.func1()
	/Users/jace/Documents/GitHub/frolf-bot-shared/eventbus/eventbus.go:326 +0x169
created by github.com/Black-And-White-Club/frolf-bot-shared/eventbus.(*eventBus).Subscribe in goroutine 12376
	/Users/jace/Documents/GitHub/frolf-bot-shared/eventbus/eventbus.go:315 +0xbf1

goroutine 6806 [select, 3 minutes]:
github.com/nats-io/nats.go/jetstream.(*pullSubscription).pullMessages(0xc000b88a20, {0xc00017e2d0, 0x4e})
	/Users/jace/go/pkg/mod/github.com/nats-io/nats.go@v1.41.1/jetstream/pull.go:955 +0x91
created by github.com/nats-io/nats.go/jetstream.(*pullConsumer).Messages in goroutine 6161
	/Users/jace/go/pkg/mod/github.com/nats-io/nats.go@v1.41.1/jetstream/pull.go:534 +0x748

goroutine 11649 [select, 3 minutes]:
github.com/nats-io/nats.go/jetstream.(*pullConsumer).Messages.func2()
	/Users/jace/go/pkg/mod/github.com/nats-io/nats.go@v1.41.1/jetstream/pull.go:538 +0x68
created by github.com/nats-io/nats.go/jetstream.(*pullConsumer).Messages in goroutine 13489
	/Users/jace/go/pkg/mod/github.com/nats-io/nats.go@v1.41.1/jetstream/pull.go:536 +0x78a

goroutine 11113 [select, 3 minutes]:
github.com/nats-io/nats.go/jetstream.(*pullSubscription).pullMessages(0xc000b74480, {0xc000754050, 0x45})
	/Users/jace/go/pkg/mod/github.com/nats-io/nats.go@v1.41.1/jetstream/pull.go:955 +0x91
created by github.com/nats-io/nats.go/jetstream.(*pullConsumer).Messages in goroutine 11006
	/Users/jace/go/pkg/mod/github.com/nats-io/nats.go@v1.41.1/jetstream/pull.go:534 +0x748

goroutine 11518 [chan receive, 3 minutes]:
github.com/ThreeDotsLabs/watermill/message.(*messageTransformSubscriberDecorator).Subscribe.func1()
	/Users/jace/go/pkg/mod/github.com/!three!dots!labs/watermill@v1.4.6/message/decorator.go:52 +0x85
created by github.com/ThreeDotsLabs/watermill/message.(*messageTransformSubscriberDecorator).Subscribe in goroutine 11006
	/Users/jace/go/pkg/mod/github.com/!three!dots!labs/watermill@v1.4.6/message/decorator.go:51 +0xc7

goroutine 13513 [select, 3 minutes]:
github.com/nats-io/nats.go/jetstream.(*pullSubscription).pullMessages(0xc0007b30e0, {0xc0003fea00, 0x40})
	/Users/jace/go/pkg/mod/github.com/nats-io/nats.go@v1.41.1/jetstream/pull.go:955 +0x91
created by github.com/nats-io/nats.go/jetstream.(*pullConsumer).Messages in goroutine 13489
	/Users/jace/go/pkg/mod/github.com/nats-io/nats.go@v1.41.1/jetstream/pull.go:534 +0x748

goroutine 6641 [select, 3 minutes]:
github.com/nats-io/nats.go/jetstream.(*pullSubscription).pullMessages(0xc000a82fc0, {0xc000130d00, 0x3e})
	/Users/jace/go/pkg/mod/github.com/nats-io/nats.go@v1.41.1/jetstream/pull.go:955 +0x91
created by github.com/nats-io/nats.go/jetstream.(*pullConsumer).Messages in goroutine 6161
	/Users/jace/go/pkg/mod/github.com/nats-io/nats.go@v1.41.1/jetstream/pull.go:534 +0x748

goroutine 6810 [chan receive, 3 minutes]:
github.com/ThreeDotsLabs/watermill/message.(*handler).run(0xc000e6f450, {0x10a337fa0, 0xc0000c5630}, {0xc0001fc780, 0x6, 0x0?})
	/Users/jace/go/pkg/mod/github.com/!three!dots!labs/watermill@v1.4.6/message/router.go:645 +0x2b4
github.com/ThreeDotsLabs/watermill/message.(*Router).RunHandlers.func1()
	/Users/jace/go/pkg/mod/github.com/!three!dots!labs/watermill@v1.4.6/message/router.go:460 +0x145
created by github.com/ThreeDotsLabs/watermill/message.(*Router).RunHandlers in goroutine 6161
	/Users/jace/go/pkg/mod/github.com/!three!dots!labs/watermill@v1.4.6/message/router.go:453 +0x606

goroutine 6472 [select, 3 minutes]:
github.com/nats-io/nats.go/jetstream.(*pullConsumer).Messages.func2()
	/Users/jace/go/pkg/mod/github.com/nats-io/nats.go@v1.41.1/jetstream/pull.go:538 +0x68
created by github.com/nats-io/nats.go/jetstream.(*pullConsumer).Messages in goroutine 6161
	/Users/jace/go/pkg/mod/github.com/nats-io/nats.go@v1.41.1/jetstream/pull.go:536 +0x78a

goroutine 6475 [chan receive, 3 minutes]:
github.com/ThreeDotsLabs/watermill/message.(*handler).run(0xc000b24410, {0x10a337fa0, 0xc000a130e0}, {0xc0001fc600, 0x6, 0x0?})
	/Users/jace/go/pkg/mod/github.com/!three!dots!labs/watermill@v1.4.6/message/router.go:645 +0x2b4
github.com/ThreeDotsLabs/watermill/message.(*Router).RunHandlers.func1()
	/Users/jace/go/pkg/mod/github.com/!three!dots!labs/watermill@v1.4.6/message/router.go:460 +0x145
created by github.com/ThreeDotsLabs/watermill/message.(*Router).RunHandlers in goroutine 6161
	/Users/jace/go/pkg/mod/github.com/!three!dots!labs/watermill@v1.4.6/message/router.go:453 +0x606

goroutine 6474 [chan receive, 3 minutes]:
github.com/ThreeDotsLabs/watermill/message.(*messageTransformSubscriberDecorator).Subscribe.func1()
	/Users/jace/go/pkg/mod/github.com/!three!dots!labs/watermill@v1.4.6/message/decorator.go:52 +0x85
created by github.com/ThreeDotsLabs/watermill/message.(*messageTransformSubscriberDecorator).Subscribe in goroutine 6161
	/Users/jace/go/pkg/mod/github.com/!three!dots!labs/watermill@v1.4.6/message/decorator.go:51 +0xc7

goroutine 6704 [chan receive, 3 minutes]:
github.com/ThreeDotsLabs/watermill/message.(*messageTransformSubscriberDecorator).Subscribe.func1()
	/Users/jace/go/pkg/mod/github.com/!three!dots!labs/watermill@v1.4.6/message/decorator.go:52 +0x85
created by github.com/ThreeDotsLabs/watermill/message.(*messageTransformSubscriberDecorator).Subscribe in goroutine 6161
	/Users/jace/go/pkg/mod/github.com/!three!dots!labs/watermill@v1.4.6/message/decorator.go:51 +0xc7

goroutine 6735 [select, 3 minutes]:
github.com/nats-io/nats.go/jetstream.(*pullSubscription).pullMessages(0xc00083cd80, {0xc0008b22d0, 0x45})
	/Users/jace/go/pkg/mod/github.com/nats-io/nats.go@v1.41.1/jetstream/pull.go:955 +0x91
created by github.com/nats-io/nats.go/jetstream.(*pullConsumer).Messages in goroutine 6161
	/Users/jace/go/pkg/mod/github.com/nats-io/nats.go@v1.41.1/jetstream/pull.go:534 +0x748

goroutine 6736 [select, 3 minutes]:
github.com/nats-io/nats.go/jetstream.(*pullConsumer).Messages.func2()
	/Users/jace/go/pkg/mod/github.com/nats-io/nats.go@v1.41.1/jetstream/pull.go:538 +0x68
created by github.com/nats-io/nats.go/jetstream.(*pullConsumer).Messages in goroutine 6161
	/Users/jace/go/pkg/mod/github.com/nats-io/nats.go@v1.41.1/jetstream/pull.go:536 +0x78a

goroutine 6737 [select, 3 minutes]:
github.com/nats-io/nats.go/jetstream.(*pullSubscription).Next(0xc00083cd80)
	/Users/jace/go/pkg/mod/github.com/nats-io/nats.go@v1.41.1/jetstream/pull.go:589 +0x285
github.com/Black-And-White-Club/frolf-bot-shared/eventbus.(*eventBus).Subscribe.func1()
	/Users/jace/Documents/GitHub/frolf-bot-shared/eventbus/eventbus.go:326 +0x169
created by github.com/Black-And-White-Club/frolf-bot-shared/eventbus.(*eventBus).Subscribe in goroutine 6161
	/Users/jace/Documents/GitHub/frolf-bot-shared/eventbus/eventbus.go:315 +0xbf1

goroutine 6770 [chan receive, 3 minutes]:
github.com/ThreeDotsLabs/watermill/message.(*messageTransformSubscriberDecorator).Subscribe.func1()
	/Users/jace/go/pkg/mod/github.com/!three!dots!labs/watermill@v1.4.6/message/decorator.go:52 +0x85
created by github.com/ThreeDotsLabs/watermill/message.(*messageTransformSubscriberDecorator).Subscribe in goroutine 6161
	/Users/jace/go/pkg/mod/github.com/!three!dots!labs/watermill@v1.4.6/message/decorator.go:51 +0xc7

goroutine 6771 [chan receive, 3 minutes]:
github.com/ThreeDotsLabs/watermill/message.(*handler).run(0xc000b24000, {0x10a337fa0, 0xc0008124b0}, {0xc0001fc540, 0x6, 0x0?})
	/Users/jace/go/pkg/mod/github.com/!three!dots!labs/watermill@v1.4.6/message/router.go:645 +0x2b4
github.com/ThreeDotsLabs/watermill/message.(*Router).RunHandlers.func1()
	/Users/jace/go/pkg/mod/github.com/!three!dots!labs/watermill@v1.4.6/message/router.go:460 +0x145
created by github.com/ThreeDotsLabs/watermill/message.(*Router).RunHandlers in goroutine 6161
	/Users/jace/go/pkg/mod/github.com/!three!dots!labs/watermill@v1.4.6/message/router.go:453 +0x606

goroutine 23104 [select, 2 minutes]:
github.com/nats-io/nats.go/jetstream.(*pullSubscription).Next(0xc000879b90)
	/Users/jace/go/pkg/mod/github.com/nats-io/nats.go@v1.41.1/jetstream/pull.go:589 +0x285
github.com/Black-And-White-Club/frolf-bot-shared/eventbus.(*eventBus).Subscribe.func1()
	/Users/jace/Documents/GitHub/frolf-bot-shared/eventbus/eventbus.go:326 +0x169
created by github.com/Black-And-White-Club/frolf-bot-shared/eventbus.(*eventBus).Subscribe in goroutine 23038
	/Users/jace/Documents/GitHub/frolf-bot-shared/eventbus/eventbus.go:315 +0xbf1

goroutine 12967 [sync.Cond.Wait, 3 minutes]:
sync.runtime_notifyListWait(0xc00128c0d0, 0x4)
	/usr/local/Cellar/go/1.24.2/libexec/src/runtime/sema.go:597 +0x159
sync.(*Cond).Wait(0xc0010b5e30?)
	/usr/local/Cellar/go/1.24.2/libexec/src/sync/cond.go:71 +0x85
github.com/nats-io/nats%2ego.(*Conn).waitForMsgs(0xc000633808, 0xc0007fc000)
	/Users/jace/go/pkg/mod/github.com/nats-io/nats.go@v1.41.1/nats.go:3178 +0xc5
created by github.com/nats-io/nats%2ego.(*Conn).subscribeLocked in goroutine 12935
	/Users/jace/go/pkg/mod/github.com/nats-io/nats.go@v1.41.1/nats.go:4468 +0x419

goroutine 6807 [select, 3 minutes]:
github.com/nats-io/nats.go/jetstream.(*pullConsumer).Messages.func2()
	/Users/jace/go/pkg/mod/github.com/nats-io/nats.go@v1.41.1/jetstream/pull.go:538 +0x68
created by github.com/nats-io/nats.go/jetstream.(*pullConsumer).Messages in goroutine 6161
	/Users/jace/go/pkg/mod/github.com/nats-io/nats.go@v1.41.1/jetstream/pull.go:536 +0x78a

goroutine 10186 [chan receive, 3 minutes]:
github.com/ThreeDotsLabs/watermill/message.(*handler).run(0xc000b25790, {0x10a337fa0, 0xc000914500}, {0xc000d2c180, 0x6, 0xc000e2f778?})
	/Users/jace/go/pkg/mod/github.com/!three!dots!labs/watermill@v1.4.6/message/router.go:645 +0x2b4
github.com/ThreeDotsLabs/watermill/message.(*Router).RunHandlers.func1()
	/Users/jace/go/pkg/mod/github.com/!three!dots!labs/watermill@v1.4.6/message/router.go:460 +0x145
created by github.com/ThreeDotsLabs/watermill/message.(*Router).RunHandlers in goroutine 10144
	/Users/jace/go/pkg/mod/github.com/!three!dots!labs/watermill@v1.4.6/message/router.go:453 +0x606

goroutine 13538 [select, 3 minutes]:
github.com/nats-io/nats.go/jetstream.(*pullSubscription).Next(0xc0007f3200)
	/Users/jace/go/pkg/mod/github.com/nats-io/nats.go@v1.41.1/jetstream/pull.go:589 +0x285
github.com/Black-And-White-Club/frolf-bot-shared/eventbus.(*eventBus).Subscribe.func1()
	/Users/jace/Documents/GitHub/frolf-bot-shared/eventbus/eventbus.go:326 +0x169
created by github.com/Black-And-White-Club/frolf-bot-shared/eventbus.(*eventBus).Subscribe in goroutine 13489
	/Users/jace/Documents/GitHub/frolf-bot-shared/eventbus/eventbus.go:315 +0xbf1

goroutine 10268 [select, 3 minutes]:
github.com/nats-io/nats.go/jetstream.(*pullConsumer).Messages.func2()
	/Users/jace/go/pkg/mod/github.com/nats-io/nats.go@v1.41.1/jetstream/pull.go:538 +0x68
created by github.com/nats-io/nats.go/jetstream.(*pullConsumer).Messages in goroutine 11006
	/Users/jace/go/pkg/mod/github.com/nats-io/nats.go@v1.41.1/jetstream/pull.go:536 +0x78a

goroutine 11291 [select, 3 minutes]:
github.com/nats-io/nats.go/jetstream.(*pullSubscription).pullMessages(0xc001042cf0, {0xc000e06240, 0x3e})
	/Users/jace/go/pkg/mod/github.com/nats-io/nats.go@v1.41.1/jetstream/pull.go:955 +0x91
created by github.com/nats-io/nats.go/jetstream.(*pullConsumer).Messages in goroutine 11006
	/Users/jace/go/pkg/mod/github.com/nats-io/nats.go@v1.41.1/jetstream/pull.go:534 +0x748

goroutine 6833 [select, 3 minutes]:
github.com/nats-io/nats.go/jetstream.(*pullSubscription).Next(0xc0007c5710)
	/Users/jace/go/pkg/mod/github.com/nats-io/nats.go@v1.41.1/jetstream/pull.go:589 +0x285
github.com/Black-And-White-Club/frolf-bot-shared/eventbus.(*eventBus).Subscribe.func1()
	/Users/jace/Documents/GitHub/frolf-bot-shared/eventbus/eventbus.go:326 +0x169
created by github.com/Black-And-White-Club/frolf-bot-shared/eventbus.(*eventBus).Subscribe in goroutine 6161
	/Users/jace/Documents/GitHub/frolf-bot-shared/eventbus/eventbus.go:315 +0xbf1

goroutine 31265 [chan receive, 2 minutes]:
github.com/ThreeDotsLabs/watermill/message.(*messageTransformSubscriberDecorator).Subscribe.func1()
	/Users/jace/go/pkg/mod/github.com/!three!dots!labs/watermill@v1.4.6/message/decorator.go:52 +0x85
created by github.com/ThreeDotsLabs/watermill/message.(*messageTransformSubscriberDecorator).Subscribe in goroutine 31164
	/Users/jace/go/pkg/mod/github.com/!three!dots!labs/watermill@v1.4.6/message/decorator.go:51 +0xc7

goroutine 6834 [chan receive, 3 minutes]:
github.com/ThreeDotsLabs/watermill/message.(*messageTransformSubscriberDecorator).Subscribe.func1()
	/Users/jace/go/pkg/mod/github.com/!three!dots!labs/watermill@v1.4.6/message/decorator.go:52 +0x85
created by github.com/ThreeDotsLabs/watermill/message.(*messageTransformSubscriberDecorator).Subscribe in goroutine 6161
	/Users/jace/go/pkg/mod/github.com/!three!dots!labs/watermill@v1.4.6/message/decorator.go:51 +0xc7

goroutine 12316 [chan receive, 3 minutes]:
github.com/ThreeDotsLabs/watermill/message.(*messageTransformSubscriberDecorator).Subscribe.func1()
	/Users/jace/go/pkg/mod/github.com/!three!dots!labs/watermill@v1.4.6/message/decorator.go:52 +0x85
created by github.com/ThreeDotsLabs/watermill/message.(*messageTransformSubscriberDecorator).Subscribe in goroutine 12376
	/Users/jace/go/pkg/mod/github.com/!three!dots!labs/watermill@v1.4.6/message/decorator.go:51 +0xc7

goroutine 14672 [chan receive, 3 minutes]:
github.com/ThreeDotsLabs/watermill/message.(*messageTransformSubscriberDecorator).Subscribe.func1()
	/Users/jace/go/pkg/mod/github.com/!three!dots!labs/watermill@v1.4.6/message/decorator.go:52 +0x85
created by github.com/ThreeDotsLabs/watermill/message.(*messageTransformSubscriberDecorator).Subscribe in goroutine 14800
	/Users/jace/go/pkg/mod/github.com/!three!dots!labs/watermill@v1.4.6/message/decorator.go:51 +0xc7

goroutine 6822 [select, 3 minutes]:
github.com/nats-io/nats.go/jetstream.(*pullSubscription).pullMessages(0xc000b89050, {0xc00087ae40, 0x56})
	/Users/jace/go/pkg/mod/github.com/nats-io/nats.go@v1.41.1/jetstream/pull.go:955 +0x91
created by github.com/nats-io/nats.go/jetstream.(*pullConsumer).Messages in goroutine 6161
	/Users/jace/go/pkg/mod/github.com/nats-io/nats.go@v1.41.1/jetstream/pull.go:534 +0x748

goroutine 6823 [select, 3 minutes]:
github.com/nats-io/nats.go/jetstream.(*pullConsumer).Messages.func2()
	/Users/jace/go/pkg/mod/github.com/nats-io/nats.go@v1.41.1/jetstream/pull.go:538 +0x68
created by github.com/nats-io/nats.go/jetstream.(*pullConsumer).Messages in goroutine 6161
	/Users/jace/go/pkg/mod/github.com/nats-io/nats.go@v1.41.1/jetstream/pull.go:536 +0x78a

goroutine 6824 [select, 3 minutes]:
github.com/nats-io/nats.go/jetstream.(*pullSubscription).Next(0xc000b89050)
	/Users/jace/go/pkg/mod/github.com/nats-io/nats.go@v1.41.1/jetstream/pull.go:589 +0x285
github.com/Black-And-White-Club/frolf-bot-shared/eventbus.(*eventBus).Subscribe.func1()
	/Users/jace/Documents/GitHub/frolf-bot-shared/eventbus/eventbus.go:326 +0x169
created by github.com/Black-And-White-Club/frolf-bot-shared/eventbus.(*eventBus).Subscribe in goroutine 6161
	/Users/jace/Documents/GitHub/frolf-bot-shared/eventbus/eventbus.go:315 +0xbf1

goroutine 6825 [chan receive, 3 minutes]:
github.com/ThreeDotsLabs/watermill/message.(*messageTransformSubscriberDecorator).Subscribe.func1()
	/Users/jace/go/pkg/mod/github.com/!three!dots!labs/watermill@v1.4.6/message/decorator.go:52 +0x85
created by github.com/ThreeDotsLabs/watermill/message.(*messageTransformSubscriberDecorator).Subscribe in goroutine 6161
	/Users/jace/go/pkg/mod/github.com/!three!dots!labs/watermill@v1.4.6/message/decorator.go:51 +0xc7

goroutine 6826 [chan receive, 3 minutes]:
github.com/ThreeDotsLabs/watermill/message.(*handler).run(0xc000e6f520, {0x10a337fa0, 0xc0000c5900}, {0xc0001fc840, 0x6, 0x0?})
	/Users/jace/go/pkg/mod/github.com/!three!dots!labs/watermill@v1.4.6/message/router.go:645 +0x2b4
github.com/ThreeDotsLabs/watermill/message.(*Router).RunHandlers.func1()
	/Users/jace/go/pkg/mod/github.com/!three!dots!labs/watermill@v1.4.6/message/router.go:460 +0x145
created by github.com/ThreeDotsLabs/watermill/message.(*Router).RunHandlers in goroutine 6161
	/Users/jace/go/pkg/mod/github.com/!three!dots!labs/watermill@v1.4.6/message/router.go:453 +0x606

goroutine 10183 [select, 3 minutes]:
github.com/nats-io/nats.go/jetstream.(*pullConsumer).Messages.func2()
	/Users/jace/go/pkg/mod/github.com/nats-io/nats.go@v1.41.1/jetstream/pull.go:538 +0x68
created by github.com/nats-io/nats.go/jetstream.(*pullConsumer).Messages in goroutine 10144
	/Users/jace/go/pkg/mod/github.com/nats-io/nats.go@v1.41.1/jetstream/pull.go:536 +0x78a

goroutine 15078 [chan receive, 3 minutes]:
github.com/ThreeDotsLabs/watermill/message.(*messageTransformSubscriberDecorator).Subscribe.func1()
	/Users/jace/go/pkg/mod/github.com/!three!dots!labs/watermill@v1.4.6/message/decorator.go:52 +0x85
created by github.com/ThreeDotsLabs/watermill/message.(*messageTransformSubscriberDecorator).Subscribe in goroutine 14800
	/Users/jace/go/pkg/mod/github.com/!three!dots!labs/watermill@v1.4.6/message/decorator.go:51 +0xc7

goroutine 13539 [chan receive, 3 minutes]:
github.com/ThreeDotsLabs/watermill/message.(*messageTransformSubscriberDecorator).Subscribe.func1()
	/Users/jace/go/pkg/mod/github.com/!three!dots!labs/watermill@v1.4.6/message/decorator.go:52 +0x85
created by github.com/ThreeDotsLabs/watermill/message.(*messageTransformSubscriberDecorator).Subscribe in goroutine 13489
	/Users/jace/go/pkg/mod/github.com/!three!dots!labs/watermill@v1.4.6/message/decorator.go:51 +0xc7

goroutine 13423 [sync.WaitGroup.Wait, 3 minutes]:
sync.runtime_SemacquireWaitGroup(0x10a0c4da0?)
	/usr/local/Cellar/go/1.24.2/libexec/src/runtime/sema.go:110 +0x25
sync.(*WaitGroup).Wait(0x0?)
	/usr/local/Cellar/go/1.24.2/libexec/src/sync/waitgroup.go:118 +0x48
github.com/ThreeDotsLabs/watermill/message.(*Router).watchAllHandlersStopped.func1()
	/Users/jace/go/pkg/mod/github.com/!three!dots!labs/watermill@v1.4.6/message/router.go:498 +0x86
created by github.com/ThreeDotsLabs/watermill/message.(*Router).watchAllHandlersStopped in goroutine 13489
	/Users/jace/go/pkg/mod/github.com/!three!dots!labs/watermill@v1.4.6/message/router.go:484 +0xec

goroutine 13612 [select, 3 minutes]:
github.com/nats-io/nats.go/jetstream.(*pullSubscription).pullMessages(0xc000ba2bd0, {0xc0004d8a80, 0x5a})
	/Users/jace/go/pkg/mod/github.com/nats-io/nats.go@v1.41.1/jetstream/pull.go:955 +0x91
created by github.com/nats-io/nats.go/jetstream.(*pullConsumer).Messages in goroutine 13489
	/Users/jace/go/pkg/mod/github.com/nats-io/nats.go@v1.41.1/jetstream/pull.go:534 +0x748

goroutine 11586 [select, 3 minutes]:
github.com/nats-io/nats.go/jetstream.(*pullSubscription).pullMessages(0xc000b75560, {0xc000754190, 0x4b})
	/Users/jace/go/pkg/mod/github.com/nats-io/nats.go@v1.41.1/jetstream/pull.go:955 +0x91
created by github.com/nats-io/nats.go/jetstream.(*pullConsumer).Messages in goroutine 11006
	/Users/jace/go/pkg/mod/github.com/nats-io/nats.go@v1.41.1/jetstream/pull.go:534 +0x748

goroutine 22378 [chan receive, 2 minutes]:
github.com/ThreeDotsLabs/watermill/message.(*handler).run(0xc00046d6c0, {0x10a337fa0, 0xc0007afd60}, {0xc001342480, 0x6, 0xc0009b2420?})
	/Users/jace/go/pkg/mod/github.com/!three!dots!labs/watermill@v1.4.6/message/router.go:645 +0x2b4
github.com/ThreeDotsLabs/watermill/message.(*Router).RunHandlers.func1()
	/Users/jace/go/pkg/mod/github.com/!three!dots!labs/watermill@v1.4.6/message/router.go:460 +0x145
created by github.com/ThreeDotsLabs/watermill/message.(*Router).RunHandlers in goroutine 23038
	/Users/jace/go/pkg/mod/github.com/!three!dots!labs/watermill@v1.4.6/message/router.go:453 +0x606

goroutine 15097 [chan receive, 3 minutes]:
github.com/ThreeDotsLabs/watermill/message.(*handler).run(0xc000967d40, {0x10a337fa0, 0xc0007aef00}, {0xc00163a240, 0x6, 0x74696d696c55222c?})
	/Users/jace/go/pkg/mod/github.com/!three!dots!labs/watermill@v1.4.6/message/router.go:645 +0x2b4
github.com/ThreeDotsLabs/watermill/message.(*Router).RunHandlers.func1()
	/Users/jace/go/pkg/mod/github.com/!three!dots!labs/watermill@v1.4.6/message/router.go:460 +0x145
created by github.com/ThreeDotsLabs/watermill/message.(*Router).RunHandlers in goroutine 14800
	/Users/jace/go/pkg/mod/github.com/!three!dots!labs/watermill@v1.4.6/message/router.go:453 +0x606

goroutine 11033 [chan receive, 3 minutes]:
github.com/ThreeDotsLabs/watermill/message.(*handler).run(0xc000d7b040, {0x10a337fa0, 0xc0002268c0}, {0xc000ead080, 0x6, 0x0?})
	/Users/jace/go/pkg/mod/github.com/!three!dots!labs/watermill@v1.4.6/message/router.go:645 +0x2b4
github.com/ThreeDotsLabs/watermill/message.(*Router).RunHandlers.func1()
	/Users/jace/go/pkg/mod/github.com/!three!dots!labs/watermill@v1.4.6/message/router.go:460 +0x145
created by github.com/ThreeDotsLabs/watermill/message.(*Router).RunHandlers in goroutine 11006
	/Users/jace/go/pkg/mod/github.com/!three!dots!labs/watermill@v1.4.6/message/router.go:453 +0x606

goroutine 13760 [select, 3 minutes]:
github.com/nats-io/nats.go/jetstream.(*pullSubscription).Next(0xc000a838c0)
	/Users/jace/go/pkg/mod/github.com/nats-io/nats.go@v1.41.1/jetstream/pull.go:589 +0x285
github.com/Black-And-White-Club/frolf-bot-shared/eventbus.(*eventBus).Subscribe.func1()
	/Users/jace/Documents/GitHub/frolf-bot-shared/eventbus/eventbus.go:326 +0x169
created by github.com/Black-And-White-Club/frolf-bot-shared/eventbus.(*eventBus).Subscribe in goroutine 13489
	/Users/jace/Documents/GitHub/frolf-bot-shared/eventbus/eventbus.go:315 +0xbf1

goroutine 11396 [select, 3 minutes]:
github.com/nats-io/nats.go/jetstream.(*pullSubscription).pullMessages(0xc0011a5200, {0xc0007d6690, 0x42})
	/Users/jace/go/pkg/mod/github.com/nats-io/nats.go@v1.41.1/jetstream/pull.go:955 +0x91
created by github.com/nats-io/nats.go/jetstream.(*pullConsumer).Messages in goroutine 11006
	/Users/jace/go/pkg/mod/github.com/nats-io/nats.go@v1.41.1/jetstream/pull.go:534 +0x748

goroutine 9264 [select]:
github.com/nats-io/nats%2ego.(*Conn).doReconnect(0xc000745508, {0x10a327f28, 0x10acedb30}, 0x0)
	/Users/jace/go/pkg/mod/github.com/nats-io/nats.go@v1.41.1/nats.go:2907 +0x41a
created by github.com/nats-io/nats%2ego.(*Conn).processOpErr in goroutine 5417
	/Users/jace/go/pkg/mod/github.com/nats-io/nats.go@v1.41.1/nats.go:3043 +0x2f3

goroutine 11588 [select, 3 minutes]:
github.com/nats-io/nats.go/jetstream.(*pullSubscription).Next(0xc000b75560)
	/Users/jace/go/pkg/mod/github.com/nats-io/nats.go@v1.41.1/jetstream/pull.go:589 +0x285
github.com/Black-And-White-Club/frolf-bot-shared/eventbus.(*eventBus).Subscribe.func1()
	/Users/jace/Documents/GitHub/frolf-bot-shared/eventbus/eventbus.go:326 +0x169
created by github.com/Black-And-White-Club/frolf-bot-shared/eventbus.(*eventBus).Subscribe in goroutine 11006
	/Users/jace/Documents/GitHub/frolf-bot-shared/eventbus/eventbus.go:315 +0xbf1

goroutine 31363 [select, 2 minutes]:
github.com/nats-io/nats.go/jetstream.(*pullConsumer).Messages.func2()
	/Users/jace/go/pkg/mod/github.com/nats-io/nats.go@v1.41.1/jetstream/pull.go:538 +0x68
created by github.com/nats-io/nats.go/jetstream.(*pullConsumer).Messages in goroutine 31164
	/Users/jace/go/pkg/mod/github.com/nats-io/nats.go@v1.41.1/jetstream/pull.go:536 +0x78a

goroutine 10112 [select, 3 minutes]:
github.com/nats-io/nats.go/jetstream.(*pullSubscription).Next(0xc000a82a20)
	/Users/jace/go/pkg/mod/github.com/nats-io/nats.go@v1.41.1/jetstream/pull.go:589 +0x285
github.com/Black-And-White-Club/frolf-bot-shared/eventbus.(*eventBus).Subscribe.func1()
	/Users/jace/Documents/GitHub/frolf-bot-shared/eventbus/eventbus.go:326 +0x169
created by github.com/Black-And-White-Club/frolf-bot-shared/eventbus.(*eventBus).Subscribe in goroutine 10144
	/Users/jace/Documents/GitHub/frolf-bot-shared/eventbus/eventbus.go:315 +0xbf1

goroutine 11490 [chan receive, 3 minutes]:
github.com/ThreeDotsLabs/watermill/message.(*handler).run(0xc000d7b520, {0x10a337fa0, 0xc0000eb9f0}, {0xc0013d2000, 0x6, 0x0?})
	/Users/jace/go/pkg/mod/github.com/!three!dots!labs/watermill@v1.4.6/message/router.go:645 +0x2b4
github.com/ThreeDotsLabs/watermill/message.(*Router).RunHandlers.func1()
	/Users/jace/go/pkg/mod/github.com/!three!dots!labs/watermill@v1.4.6/message/router.go:460 +0x145
created by github.com/ThreeDotsLabs/watermill/message.(*Router).RunHandlers in goroutine 11006
	/Users/jace/go/pkg/mod/github.com/!three!dots!labs/watermill@v1.4.6/message/router.go:453 +0x606

goroutine 18161 [select]:
github.com/nats-io/nats%2ego.(*Conn).doReconnect(0xc0007c1508, {0x10a327f28, 0x10acedb30}, 0x0)
	/Users/jace/go/pkg/mod/github.com/nats-io/nats.go@v1.41.1/nats.go:2907 +0x41a
created by github.com/nats-io/nats%2ego.(*Conn).processOpErr in goroutine 14735
	/Users/jace/go/pkg/mod/github.com/nats-io/nats.go@v1.41.1/nats.go:3043 +0x2f3

goroutine 19131 [chan receive, 3 minutes]:
github.com/ThreeDotsLabs/watermill/message.(*handler).run(0xc000a71d40, {0x10a337fa0, 0xc0007afea0}, {0xc0010c4240, 0x6, 0x6e69646e65705f6b?})
	/Users/jace/go/pkg/mod/github.com/!three!dots!labs/watermill@v1.4.6/message/router.go:645 +0x2b4
github.com/ThreeDotsLabs/watermill/message.(*Router).RunHandlers.func1()
	/Users/jace/go/pkg/mod/github.com/!three!dots!labs/watermill@v1.4.6/message/router.go:460 +0x145
created by github.com/ThreeDotsLabs/watermill/message.(*Router).RunHandlers in goroutine 18988
	/Users/jace/go/pkg/mod/github.com/!three!dots!labs/watermill@v1.4.6/message/router.go:453 +0x606

goroutine 11380 [select, 3 minutes]:
github.com/nats-io/nats.go/jetstream.(*pullSubscription).pullMessages(0xc00113eab0, {0xc00066e080, 0x3f})
	/Users/jace/go/pkg/mod/github.com/nats-io/nats.go@v1.41.1/jetstream/pull.go:955 +0x91
created by github.com/nats-io/nats.go/jetstream.(*pullConsumer).Messages in goroutine 11006
	/Users/jace/go/pkg/mod/github.com/nats-io/nats.go@v1.41.1/jetstream/pull.go:534 +0x748

goroutine 32841 [chan receive, 2 minutes]:
github.com/ThreeDotsLabs/watermill/message.(*handler).run(0xc000eabe10, {0x10a337fa0, 0xc000ffae60}, {0xc00082f980, 0x6, 0xc000ceb778?})
	/Users/jace/go/pkg/mod/github.com/!three!dots!labs/watermill@v1.4.6/message/router.go:645 +0x2b4
github.com/ThreeDotsLabs/watermill/message.(*Router).RunHandlers.func1()
	/Users/jace/go/pkg/mod/github.com/!three!dots!labs/watermill@v1.4.6/message/router.go:460 +0x145
created by github.com/ThreeDotsLabs/watermill/message.(*Router).RunHandlers in goroutine 33200
	/Users/jace/go/pkg/mod/github.com/!three!dots!labs/watermill@v1.4.6/message/router.go:453 +0x606

goroutine 10422 [select]:
github.com/nats-io/nats%2ego.(*Conn).doReconnect(0xc0007c0708, {0x10a327f28, 0x10acedb30}, 0x0)
	/Users/jace/go/pkg/mod/github.com/nats-io/nats.go@v1.41.1/nats.go:2907 +0x41a
created by github.com/nats-io/nats%2ego.(*Conn).processOpErr in goroutine 10093
	/Users/jace/go/pkg/mod/github.com/nats-io/nats.go@v1.41.1/nats.go:3043 +0x2f3

goroutine 9840 [select, 3 minutes]:
github.com/nats-io/nats.go/jetstream.(*pullSubscription).Next(0xc000478870)
	/Users/jace/go/pkg/mod/github.com/nats-io/nats.go@v1.41.1/jetstream/pull.go:589 +0x285
github.com/Black-And-White-Club/frolf-bot-shared/eventbus.(*eventBus).Subscribe.func1()
	/Users/jace/Documents/GitHub/frolf-bot-shared/eventbus/eventbus.go:326 +0x169
created by github.com/Black-And-White-Club/frolf-bot-shared/eventbus.(*eventBus).Subscribe in goroutine 10144
	/Users/jace/Documents/GitHub/frolf-bot-shared/eventbus/eventbus.go:315 +0xbf1

goroutine 11240 [chan receive, 3 minutes]:
github.com/ThreeDotsLabs/watermill/message.(*messageTransformSubscriberDecorator).Subscribe.func1()
	/Users/jace/go/pkg/mod/github.com/!three!dots!labs/watermill@v1.4.6/message/decorator.go:52 +0x85
created by github.com/ThreeDotsLabs/watermill/message.(*messageTransformSubscriberDecorator).Subscribe in goroutine 11006
	/Users/jace/go/pkg/mod/github.com/!three!dots!labs/watermill@v1.4.6/message/decorator.go:51 +0xc7

goroutine 11299 [select, 3 minutes]:
github.com/nats-io/nats.go/jetstream.(*pullSubscription).Next(0xc0011a4240)
	/Users/jace/go/pkg/mod/github.com/nats-io/nats.go@v1.41.1/jetstream/pull.go:589 +0x285
github.com/Black-And-White-Club/frolf-bot-shared/eventbus.(*eventBus).Subscribe.func1()
	/Users/jace/Documents/GitHub/frolf-bot-shared/eventbus/eventbus.go:326 +0x169
created by github.com/Black-And-White-Club/frolf-bot-shared/eventbus.(*eventBus).Subscribe in goroutine 11006
	/Users/jace/Documents/GitHub/frolf-bot-shared/eventbus/eventbus.go:315 +0xbf1

goroutine 10340 [select, 3 minutes]:
github.com/nats-io/nats.go/jetstream.(*pullConsumer).Messages.func2()
	/Users/jace/go/pkg/mod/github.com/nats-io/nats.go@v1.41.1/jetstream/pull.go:538 +0x68
created by github.com/nats-io/nats.go/jetstream.(*pullConsumer).Messages in goroutine 10144
	/Users/jace/go/pkg/mod/github.com/nats-io/nats.go@v1.41.1/jetstream/pull.go:536 +0x78a

goroutine 13886 [select, 3 minutes]:
github.com/nats-io/nats.go/jetstream.(*pullSubscription).pullMessages(0xc001043560, {0xc00017f8b0, 0x47})
	/Users/jace/go/pkg/mod/github.com/nats-io/nats.go@v1.41.1/jetstream/pull.go:955 +0x91
created by github.com/nats-io/nats.go/jetstream.(*pullConsumer).Messages in goroutine 13489
	/Users/jace/go/pkg/mod/github.com/nats-io/nats.go@v1.41.1/jetstream/pull.go:534 +0x748

goroutine 12731 [select, 3 minutes]:
github.com/nats-io/nats.go/jetstream.(*pullSubscription).pullMessages(0xc000b89ef0, {0xc00004ef50, 0x4e})
	/Users/jace/go/pkg/mod/github.com/nats-io/nats.go@v1.41.1/jetstream/pull.go:955 +0x91
created by github.com/nats-io/nats.go/jetstream.(*pullConsumer).Messages in goroutine 12376
	/Users/jace/go/pkg/mod/github.com/nats-io/nats.go@v1.41.1/jetstream/pull.go:534 +0x748

goroutine 14673 [chan receive, 3 minutes]:
github.com/ThreeDotsLabs/watermill/message.(*handler).run(0xc0013de1a0, {0x10a337fa0, 0xc000c82460}, {0xc0001fc180, 0x6, 0xc000e2c778?})
	/Users/jace/go/pkg/mod/github.com/!three!dots!labs/watermill@v1.4.6/message/router.go:645 +0x2b4
github.com/ThreeDotsLabs/watermill/message.(*Router).RunHandlers.func1()
	/Users/jace/go/pkg/mod/github.com/!three!dots!labs/watermill@v1.4.6/message/router.go:460 +0x145
created by github.com/ThreeDotsLabs/watermill/message.(*Router).RunHandlers in goroutine 14800
	/Users/jace/go/pkg/mod/github.com/!three!dots!labs/watermill@v1.4.6/message/router.go:453 +0x606

goroutine 19465 [chan receive, 3 minutes]:
github.com/ThreeDotsLabs/watermill/message.(*handler).run(0xc000a71040, {0x10a337fa0, 0xc0009b6730}, {0xc0012fa480, 0x6, 0x100000001?})
	/Users/jace/go/pkg/mod/github.com/!three!dots!labs/watermill@v1.4.6/message/router.go:645 +0x2b4
github.com/ThreeDotsLabs/watermill/message.(*Router).RunHandlers.func1()
	/Users/jace/go/pkg/mod/github.com/!three!dots!labs/watermill@v1.4.6/message/router.go:460 +0x145
created by github.com/ThreeDotsLabs/watermill/message.(*Router).RunHandlers in goroutine 18988
	/Users/jace/go/pkg/mod/github.com/!three!dots!labs/watermill@v1.4.6/message/router.go:453 +0x606

goroutine 11311 [chan receive, 3 minutes]:
github.com/ThreeDotsLabs/watermill/message.(*messageTransformSubscriberDecorator).Subscribe.func1()
	/Users/jace/go/pkg/mod/github.com/!three!dots!labs/watermill@v1.4.6/message/decorator.go:52 +0x85
created by github.com/ThreeDotsLabs/watermill/message.(*messageTransformSubscriberDecorator).Subscribe in goroutine 11006
	/Users/jace/go/pkg/mod/github.com/!three!dots!labs/watermill@v1.4.6/message/decorator.go:51 +0xc7

goroutine 11517 [select, 3 minutes]:
github.com/nats-io/nats.go/jetstream.(*pullSubscription).Next(0xc0013b1440)
	/Users/jace/go/pkg/mod/github.com/nats-io/nats.go@v1.41.1/jetstream/pull.go:589 +0x285
github.com/Black-And-White-Club/frolf-bot-shared/eventbus.(*eventBus).Subscribe.func1()
	/Users/jace/Documents/GitHub/frolf-bot-shared/eventbus/eventbus.go:326 +0x169
created by github.com/Black-And-White-Club/frolf-bot-shared/eventbus.(*eventBus).Subscribe in goroutine 11006
	/Users/jace/Documents/GitHub/frolf-bot-shared/eventbus/eventbus.go:315 +0xbf1

goroutine 11167 [select, 3 minutes]:
github.com/nats-io/nats.go/jetstream.(*pullSubscription).Next(0xc001123b90)
	/Users/jace/go/pkg/mod/github.com/nats-io/nats.go@v1.41.1/jetstream/pull.go:589 +0x285
github.com/Black-And-White-Club/frolf-bot-shared/eventbus.(*eventBus).Subscribe.func1()
	/Users/jace/Documents/GitHub/frolf-bot-shared/eventbus/eventbus.go:326 +0x169
created by github.com/Black-And-White-Club/frolf-bot-shared/eventbus.(*eventBus).Subscribe in goroutine 11006
	/Users/jace/Documents/GitHub/frolf-bot-shared/eventbus/eventbus.go:315 +0xbf1

goroutine 22956 [sync.Cond.Wait, 2 minutes]:
sync.runtime_notifyListWait(0xc000a1b310, 0x0)
	/usr/local/Cellar/go/1.24.2/libexec/src/runtime/sema.go:597 +0x159
sync.(*Cond).Wait(0xc0015141c0?)
	/usr/local/Cellar/go/1.24.2/libexec/src/sync/cond.go:71 +0x85
github.com/nats-io/nats%2ego.(*asyncCallbacksHandler).asyncCBDispatcher(0xc001525e40)
	/Users/jace/go/pkg/mod/github.com/nats-io/nats.go@v1.41.1/nats.go:3059 +0xdd
created by github.com/nats-io/nats%2ego.Options.Connect in goroutine 22340
	/Users/jace/go/pkg/mod/github.com/nats-io/nats.go@v1.41.1/nats.go:1635 +0x387

goroutine 13740 [select, 3 minutes]:
github.com/nats-io/nats.go/jetstream.(*pullConsumer).Messages.func2()
	/Users/jace/go/pkg/mod/github.com/nats-io/nats.go@v1.41.1/jetstream/pull.go:538 +0x68
created by github.com/nats-io/nats.go/jetstream.(*pullConsumer).Messages in goroutine 13489
	/Users/jace/go/pkg/mod/github.com/nats-io/nats.go@v1.41.1/jetstream/pull.go:536 +0x78a

goroutine 11096 [select, 3 minutes]:
github.com/nats-io/nats.go/jetstream.(*pullConsumer).Messages.func2()
	/Users/jace/go/pkg/mod/github.com/nats-io/nats.go@v1.41.1/jetstream/pull.go:538 +0x68
created by github.com/nats-io/nats.go/jetstream.(*pullConsumer).Messages in goroutine 11006
	/Users/jace/go/pkg/mod/github.com/nats-io/nats.go@v1.41.1/jetstream/pull.go:536 +0x78a

goroutine 14960 [select, 3 minutes]:
github.com/nats-io/nats.go/jetstream.(*pullSubscription).Next(0xc00113ed80)
	/Users/jace/go/pkg/mod/github.com/nats-io/nats.go@v1.41.1/jetstream/pull.go:589 +0x285
github.com/Black-And-White-Club/frolf-bot-shared/eventbus.(*eventBus).Subscribe.func1()
	/Users/jace/Documents/GitHub/frolf-bot-shared/eventbus/eventbus.go:326 +0x169
created by github.com/Black-And-White-Club/frolf-bot-shared/eventbus.(*eventBus).Subscribe in goroutine 14800
	/Users/jace/Documents/GitHub/frolf-bot-shared/eventbus/eventbus.go:315 +0xbf1

goroutine 13580 [select, 3 minutes]:
github.com/nats-io/nats.go/jetstream.(*pullSubscription).pullMessages(0xc0013b1cb0, {0xc00093f680, 0x52})
	/Users/jace/go/pkg/mod/github.com/nats-io/nats.go@v1.41.1/jetstream/pull.go:955 +0x91
created by github.com/nats-io/nats.go/jetstream.(*pullConsumer).Messages in goroutine 13489
	/Users/jace/go/pkg/mod/github.com/nats-io/nats.go@v1.41.1/jetstream/pull.go:534 +0x748

goroutine 23312 [chan receive, 2 minutes]:
github.com/ThreeDotsLabs/watermill/message.(*messageTransformSubscriberDecorator).Subscribe.func1()
	/Users/jace/go/pkg/mod/github.com/!three!dots!labs/watermill@v1.4.6/message/decorator.go:52 +0x85
created by github.com/ThreeDotsLabs/watermill/message.(*messageTransformSubscriberDecorator).Subscribe in goroutine 23038
	/Users/jace/go/pkg/mod/github.com/!three!dots!labs/watermill@v1.4.6/message/decorator.go:51 +0xc7

goroutine 14958 [select, 3 minutes]:
github.com/nats-io/nats.go/jetstream.(*pullSubscription).pullMessages(0xc00113ed80, {0xc0005e8780, 0x4b})
	/Users/jace/go/pkg/mod/github.com/nats-io/nats.go@v1.41.1/jetstream/pull.go:955 +0x91
created by github.com/nats-io/nats.go/jetstream.(*pullConsumer).Messages in goroutine 14800
	/Users/jace/go/pkg/mod/github.com/nats-io/nats.go@v1.41.1/jetstream/pull.go:534 +0x748

goroutine 12542 [chan receive, 3 minutes]:
github.com/ThreeDotsLabs/watermill/message.(*messageTransformSubscriberDecorator).Subscribe.func1()
	/Users/jace/go/pkg/mod/github.com/!three!dots!labs/watermill@v1.4.6/message/decorator.go:52 +0x85
created by github.com/ThreeDotsLabs/watermill/message.(*messageTransformSubscriberDecorator).Subscribe in goroutine 12376
	/Users/jace/go/pkg/mod/github.com/!three!dots!labs/watermill@v1.4.6/message/decorator.go:51 +0xc7

goroutine 13974 [chan receive, 3 minutes]:
github.com/ThreeDotsLabs/watermill/message.(*messageTransformSubscriberDecorator).Subscribe.func1()
	/Users/jace/go/pkg/mod/github.com/!three!dots!labs/watermill@v1.4.6/message/decorator.go:52 +0x85
created by github.com/ThreeDotsLabs/watermill/message.(*messageTransformSubscriberDecorator).Subscribe in goroutine 13489
	/Users/jace/go/pkg/mod/github.com/!three!dots!labs/watermill@v1.4.6/message/decorator.go:51 +0xc7

goroutine 12526 [select, 3 minutes]:
github.com/nats-io/nats.go/jetstream.(*pullConsumer).Messages.func2()
	/Users/jace/go/pkg/mod/github.com/nats-io/nats.go@v1.41.1/jetstream/pull.go:538 +0x68
created by github.com/nats-io/nats.go/jetstream.(*pullConsumer).Messages in goroutine 12376
	/Users/jace/go/pkg/mod/github.com/nats-io/nats.go@v1.41.1/jetstream/pull.go:536 +0x78a

goroutine 26355 [select, 2 minutes]:
github.com/nats-io/nats.go/jetstream.(*pullSubscription).pullMessages(0xc0010d42d0, {0xc0005e85f0, 0x4b})
	/Users/jace/go/pkg/mod/github.com/nats-io/nats.go@v1.41.1/jetstream/pull.go:955 +0x91
created by github.com/nats-io/nats.go/jetstream.(*pullConsumer).Messages in goroutine 27088
	/Users/jace/go/pkg/mod/github.com/nats-io/nats.go@v1.41.1/jetstream/pull.go:534 +0x748

goroutine 10110 [select, 3 minutes]:
github.com/nats-io/nats.go/jetstream.(*pullSubscription).pullMessages(0xc000a82a20, {0xc000254a50, 0x42})
	/Users/jace/go/pkg/mod/github.com/nats-io/nats.go@v1.41.1/jetstream/pull.go:955 +0x91
created by github.com/nats-io/nats.go/jetstream.(*pullConsumer).Messages in goroutine 10144
	/Users/jace/go/pkg/mod/github.com/nats-io/nats.go@v1.41.1/jetstream/pull.go:534 +0x748

goroutine 14892 [chan receive, 3 minutes]:
github.com/ThreeDotsLabs/watermill/message.(*messageTransformSubscriberDecorator).Subscribe.func1()
	/Users/jace/go/pkg/mod/github.com/!three!dots!labs/watermill@v1.4.6/message/decorator.go:52 +0x85
created by github.com/ThreeDotsLabs/watermill/message.(*messageTransformSubscriberDecorator).Subscribe in goroutine 14800
	/Users/jace/go/pkg/mod/github.com/!three!dots!labs/watermill@v1.4.6/message/decorator.go:51 +0xc7

goroutine 11099 [chan receive, 3 minutes]:
github.com/ThreeDotsLabs/watermill/message.(*handler).run(0xc000d7b2b0, {0x10a337fa0, 0xc00098a640}, {0xc000bcd800, 0x6, 0x0?})
	/Users/jace/go/pkg/mod/github.com/!three!dots!labs/watermill@v1.4.6/message/router.go:645 +0x2b4
github.com/ThreeDotsLabs/watermill/message.(*Router).RunHandlers.func1()
	/Users/jace/go/pkg/mod/github.com/!three!dots!labs/watermill@v1.4.6/message/router.go:460 +0x145
created by github.com/ThreeDotsLabs/watermill/message.(*Router).RunHandlers in goroutine 11006
	/Users/jace/go/pkg/mod/github.com/!three!dots!labs/watermill@v1.4.6/message/router.go:453 +0x606

goroutine 13762 [chan receive, 3 minutes]:
github.com/ThreeDotsLabs/watermill/message.(*handler).run(0xc00111e8f0, {0x10a337fa0, 0xc0009b76d0}, {0xc0014b4180, 0x6, 0x2e4950412e534a24?})
	/Users/jace/go/pkg/mod/github.com/!three!dots!labs/watermill@v1.4.6/message/router.go:645 +0x2b4
github.com/ThreeDotsLabs/watermill/message.(*Router).RunHandlers.func1()
	/Users/jace/go/pkg/mod/github.com/!three!dots!labs/watermill@v1.4.6/message/router.go:460 +0x145
created by github.com/ThreeDotsLabs/watermill/message.(*Router).RunHandlers in goroutine 13489
	/Users/jace/go/pkg/mod/github.com/!three!dots!labs/watermill@v1.4.6/message/router.go:453 +0x606

goroutine 13752 [chan receive, 3 minutes]:
github.com/ThreeDotsLabs/watermill/message.(*handler).run(0xc00111e4e0, {0x10a337fa0, 0xc0010e3720}, {0xc000ffc540, 0x6, 0x100010000?})
	/Users/jace/go/pkg/mod/github.com/!three!dots!labs/watermill@v1.4.6/message/router.go:645 +0x2b4
github.com/ThreeDotsLabs/watermill/message.(*Router).RunHandlers.func1()
	/Users/jace/go/pkg/mod/github.com/!three!dots!labs/watermill@v1.4.6/message/router.go:460 +0x145
created by github.com/ThreeDotsLabs/watermill/message.(*Router).RunHandlers in goroutine 13489
	/Users/jace/go/pkg/mod/github.com/!three!dots!labs/watermill@v1.4.6/message/router.go:453 +0x606

goroutine 11382 [select, 3 minutes]:
github.com/nats-io/nats.go/jetstream.(*pullSubscription).Next(0xc00113eab0)
	/Users/jace/go/pkg/mod/github.com/nats-io/nats.go@v1.41.1/jetstream/pull.go:589 +0x285
github.com/Black-And-White-Club/frolf-bot-shared/eventbus.(*eventBus).Subscribe.func1()
	/Users/jace/Documents/GitHub/frolf-bot-shared/eventbus/eventbus.go:326 +0x169
created by github.com/Black-And-White-Club/frolf-bot-shared/eventbus.(*eventBus).Subscribe in goroutine 11006
	/Users/jace/Documents/GitHub/frolf-bot-shared/eventbus/eventbus.go:315 +0xbf1

goroutine 11097 [select, 3 minutes]:
github.com/nats-io/nats.go/jetstream.(*pullSubscription).Next(0xc001122f30)
	/Users/jace/go/pkg/mod/github.com/nats-io/nats.go@v1.41.1/jetstream/pull.go:589 +0x285
github.com/Black-And-White-Club/frolf-bot-shared/eventbus.(*eventBus).Subscribe.func1()
	/Users/jace/Documents/GitHub/frolf-bot-shared/eventbus/eventbus.go:326 +0x169
created by github.com/Black-And-White-Club/frolf-bot-shared/eventbus.(*eventBus).Subscribe in goroutine 11006
	/Users/jace/Documents/GitHub/frolf-bot-shared/eventbus/eventbus.go:315 +0xbf1

goroutine 11493 [select, 3 minutes]:
github.com/nats-io/nats.go/jetstream.(*pullSubscription).pullMessages(0xc001209050, {0xc000bba640, 0x40})
	/Users/jace/go/pkg/mod/github.com/nats-io/nats.go@v1.41.1/jetstream/pull.go:955 +0x91
created by github.com/nats-io/nats.go/jetstream.(*pullConsumer).Messages in goroutine 11006
	/Users/jace/go/pkg/mod/github.com/nats-io/nats.go@v1.41.1/jetstream/pull.go:534 +0x748

goroutine 15204 [select, 3 minutes]:
github.com/nats-io/nats.go/jetstream.(*pullSubscription).Next(0xc001609830)
	/Users/jace/go/pkg/mod/github.com/nats-io/nats.go@v1.41.1/jetstream/pull.go:589 +0x285
github.com/Black-And-White-Club/frolf-bot-shared/eventbus.(*eventBus).Subscribe.func1()
	/Users/jace/Documents/GitHub/frolf-bot-shared/eventbus/eventbus.go:326 +0x169
created by github.com/Black-And-White-Club/frolf-bot-shared/eventbus.(*eventBus).Subscribe in goroutine 14800
	/Users/jace/Documents/GitHub/frolf-bot-shared/eventbus/eventbus.go:315 +0xbf1

goroutine 31352 [sync.WaitGroup.Wait, 2 minutes]:
sync.runtime_SemacquireWaitGroup(0xc001400a80?)
	/usr/local/Cellar/go/1.24.2/libexec/src/runtime/sema.go:110 +0x25
sync.(*WaitGroup).Wait(0xc000b62f30?)
	/usr/local/Cellar/go/1.24.2/libexec/src/sync/waitgroup.go:118 +0x48
github.com/ThreeDotsLabs/watermill/pubsub/sync.WaitGroupTimeout.func1()
	/Users/jace/go/pkg/mod/github.com/!three!dots!labs/watermill@v1.4.6/pubsub/sync/waitgroup.go:13 +0x25
created by github.com/ThreeDotsLabs/watermill/pubsub/sync.WaitGroupTimeout in goroutine 30397
	/Users/jace/go/pkg/mod/github.com/!three!dots!labs/watermill@v1.4.6/pubsub/sync/waitgroup.go:12 +0x85

goroutine 31057 [sync.Cond.Wait, 2 minutes]:
sync.runtime_notifyListWait(0xc001362d50, 0x0)
	/usr/local/Cellar/go/1.24.2/libexec/src/runtime/sema.go:597 +0x159
sync.(*Cond).Wait(0xc001163e60?)
	/usr/local/Cellar/go/1.24.2/libexec/src/sync/cond.go:71 +0x85
github.com/nats-io/nats%2ego.(*asyncCallbacksHandler).asyncCBDispatcher(0xc0000a0e20)
	/Users/jace/go/pkg/mod/github.com/nats-io/nats.go@v1.41.1/nats.go:3059 +0xdd
created by github.com/nats-io/nats%2ego.Options.Connect in goroutine 30397
	/Users/jace/go/pkg/mod/github.com/nats-io/nats.go@v1.41.1/nats.go:1635 +0x387

goroutine 15098 [select, 3 minutes]:
github.com/nats-io/nats.go/jetstream.(*pullSubscription).pullMessages(0xc000123560, {0xc001622540, 0x3e})
	/Users/jace/go/pkg/mod/github.com/nats-io/nats.go@v1.41.1/jetstream/pull.go:955 +0x91
created by github.com/nats-io/nats.go/jetstream.(*pullConsumer).Messages in goroutine 14800
	/Users/jace/go/pkg/mod/github.com/nats-io/nats.go@v1.41.1/jetstream/pull.go:534 +0x748

goroutine 13761 [chan receive, 3 minutes]:
github.com/ThreeDotsLabs/watermill/message.(*messageTransformSubscriberDecorator).Subscribe.func1()
	/Users/jace/go/pkg/mod/github.com/!three!dots!labs/watermill@v1.4.6/message/decorator.go:52 +0x85
created by github.com/ThreeDotsLabs/watermill/message.(*messageTransformSubscriberDecorator).Subscribe in goroutine 13489
	/Users/jace/go/pkg/mod/github.com/!three!dots!labs/watermill@v1.4.6/message/decorator.go:51 +0xc7

goroutine 12314 [select, 3 minutes]:
github.com/nats-io/nats.go/jetstream.(*pullConsumer).Messages.func2()
	/Users/jace/go/pkg/mod/github.com/nats-io/nats.go@v1.41.1/jetstream/pull.go:538 +0x68
created by github.com/nats-io/nats.go/jetstream.(*pullConsumer).Messages in goroutine 12376
	/Users/jace/go/pkg/mod/github.com/nats-io/nats.go@v1.41.1/jetstream/pull.go:536 +0x78a

goroutine 12727 [chan receive, 3 minutes]:
github.com/ThreeDotsLabs/watermill/message.(*handler).run(0xc00118d1e0, {0x10a337fa0, 0xc00096e6e0}, {0xc000a16f00, 0x6, 0x0?})
	/Users/jace/go/pkg/mod/github.com/!three!dots!labs/watermill@v1.4.6/message/router.go:645 +0x2b4
github.com/ThreeDotsLabs/watermill/message.(*Router).RunHandlers.func1()
	/Users/jace/go/pkg/mod/github.com/!three!dots!labs/watermill@v1.4.6/message/router.go:460 +0x145
created by github.com/ThreeDotsLabs/watermill/message.(*Router).RunHandlers in goroutine 12376
	/Users/jace/go/pkg/mod/github.com/!three!dots!labs/watermill@v1.4.6/message/router.go:453 +0x606

goroutine 9839 [select, 3 minutes]:
github.com/nats-io/nats.go/jetstream.(*pullConsumer).Messages.func2()
	/Users/jace/go/pkg/mod/github.com/nats-io/nats.go@v1.41.1/jetstream/pull.go:538 +0x68
created by github.com/nats-io/nats.go/jetstream.(*pullConsumer).Messages in goroutine 10144
	/Users/jace/go/pkg/mod/github.com/nats-io/nats.go@v1.41.1/jetstream/pull.go:536 +0x78a

goroutine 13639 [select, 3 minutes]:
github.com/nats-io/nats.go/jetstream.(*pullConsumer).Messages.func2()
	/Users/jace/go/pkg/mod/github.com/nats-io/nats.go@v1.41.1/jetstream/pull.go:538 +0x68
created by github.com/nats-io/nats.go/jetstream.(*pullConsumer).Messages in goroutine 13489
	/Users/jace/go/pkg/mod/github.com/nats-io/nats.go@v1.41.1/jetstream/pull.go:536 +0x78a

goroutine 11587 [select, 3 minutes]:
github.com/nats-io/nats.go/jetstream.(*pullConsumer).Messages.func2()
	/Users/jace/go/pkg/mod/github.com/nats-io/nats.go@v1.41.1/jetstream/pull.go:538 +0x68
created by github.com/nats-io/nats.go/jetstream.(*pullConsumer).Messages in goroutine 11006
	/Users/jace/go/pkg/mod/github.com/nats-io/nats.go@v1.41.1/jetstream/pull.go:536 +0x78a

goroutine 23293 [chan receive, 2 minutes]:
github.com/ThreeDotsLabs/watermill/message.(*handler).run(0xc001410410, {0x10a337fa0, 0xc0005af810}, {0xc001388600, 0x6, 0x0?})
	/Users/jace/go/pkg/mod/github.com/!three!dots!labs/watermill@v1.4.6/message/router.go:645 +0x2b4
github.com/ThreeDotsLabs/watermill/message.(*Router).RunHandlers.func1()
	/Users/jace/go/pkg/mod/github.com/!three!dots!labs/watermill@v1.4.6/message/router.go:460 +0x145
created by github.com/ThreeDotsLabs/watermill/message.(*Router).RunHandlers in goroutine 23038
	/Users/jace/go/pkg/mod/github.com/!three!dots!labs/watermill@v1.4.6/message/router.go:453 +0x606

goroutine 11398 [select, 3 minutes]:
github.com/nats-io/nats.go/jetstream.(*pullSubscription).Next(0xc0011a5200)
	/Users/jace/go/pkg/mod/github.com/nats-io/nats.go@v1.41.1/jetstream/pull.go:589 +0x285
github.com/Black-And-White-Club/frolf-bot-shared/eventbus.(*eventBus).Subscribe.func1()
	/Users/jace/Documents/GitHub/frolf-bot-shared/eventbus/eventbus.go:326 +0x169
created by github.com/Black-And-White-Club/frolf-bot-shared/eventbus.(*eventBus).Subscribe in goroutine 11006
	/Users/jace/Documents/GitHub/frolf-bot-shared/eventbus/eventbus.go:315 +0xbf1

goroutine 11078 [select, 3 minutes]:
github.com/nats-io/nats.go/jetstream.(*pullSubscription).pullMessages(0xc001042a20, {0xc0005e8140, 0x47})
	/Users/jace/go/pkg/mod/github.com/nats-io/nats.go@v1.41.1/jetstream/pull.go:955 +0x91
created by github.com/nats-io/nats.go/jetstream.(*pullConsumer).Messages in goroutine 11006
	/Users/jace/go/pkg/mod/github.com/nats-io/nats.go@v1.41.1/jetstream/pull.go:534 +0x748

goroutine 12315 [select, 3 minutes]:
github.com/nats-io/nats.go/jetstream.(*pullSubscription).Next(0xc0010421b0)
	/Users/jace/go/pkg/mod/github.com/nats-io/nats.go@v1.41.1/jetstream/pull.go:589 +0x285
github.com/Black-And-White-Club/frolf-bot-shared/eventbus.(*eventBus).Subscribe.func1()
	/Users/jace/Documents/GitHub/frolf-bot-shared/eventbus/eventbus.go:326 +0x169
created by github.com/Black-And-White-Club/frolf-bot-shared/eventbus.(*eventBus).Subscribe in goroutine 12376
	/Users/jace/Documents/GitHub/frolf-bot-shared/eventbus/eventbus.go:315 +0xbf1

goroutine 13574 [select, 3 minutes]:
github.com/nats-io/nats.go/jetstream.(*pullSubscription).pullMessages(0xc000b893b0, {0xc0002540f0, 0x47})
	/Users/jace/go/pkg/mod/github.com/nats-io/nats.go@v1.41.1/jetstream/pull.go:955 +0x91
created by github.com/nats-io/nats.go/jetstream.(*pullConsumer).Messages in goroutine 13489
	/Users/jace/go/pkg/mod/github.com/nats-io/nats.go@v1.41.1/jetstream/pull.go:534 +0x748

goroutine 19061 [select, 3 minutes]:
github.com/nats-io/nats.go/jetstream.(*pullSubscription).pullMessages(0xc001208090, {0xc0008b2fa0, 0x48})
	/Users/jace/go/pkg/mod/github.com/nats-io/nats.go@v1.41.1/jetstream/pull.go:955 +0x91
created by github.com/nats-io/nats.go/jetstream.(*pullConsumer).Messages in goroutine 18988
	/Users/jace/go/pkg/mod/github.com/nats-io/nats.go@v1.41.1/jetstream/pull.go:534 +0x748

goroutine 13640 [select, 3 minutes]:
github.com/nats-io/nats.go/jetstream.(*pullSubscription).Next(0xc000b89a70)
	/Users/jace/go/pkg/mod/github.com/nats-io/nats.go@v1.41.1/jetstream/pull.go:589 +0x285
github.com/Black-And-White-Club/frolf-bot-shared/eventbus.(*eventBus).Subscribe.func1()
	/Users/jace/Documents/GitHub/frolf-bot-shared/eventbus/eventbus.go:326 +0x169
created by github.com/Black-And-White-Club/frolf-bot-shared/eventbus.(*eventBus).Subscribe in goroutine 13489
	/Users/jace/Documents/GitHub/frolf-bot-shared/eventbus/eventbus.go:315 +0xbf1

goroutine 13514 [select, 3 minutes]:
github.com/nats-io/nats.go/jetstream.(*pullConsumer).Messages.func2()
	/Users/jace/go/pkg/mod/github.com/nats-io/nats.go@v1.41.1/jetstream/pull.go:538 +0x68
created by github.com/nats-io/nats.go/jetstream.(*pullConsumer).Messages in goroutine 13489
	/Users/jace/go/pkg/mod/github.com/nats-io/nats.go@v1.41.1/jetstream/pull.go:536 +0x78a

goroutine 11321 [chan receive, 3 minutes]:
github.com/ThreeDotsLabs/watermill/message.(*handler).run(0xc000d7a8f0, {0x10a337fa0, 0xc0000ea730}, {0xc0012b6000, 0x6, 0x0?})
	/Users/jace/go/pkg/mod/github.com/!three!dots!labs/watermill@v1.4.6/message/router.go:645 +0x2b4
github.com/ThreeDotsLabs/watermill/message.(*Router).RunHandlers.func1()
	/Users/jace/go/pkg/mod/github.com/!three!dots!labs/watermill@v1.4.6/message/router.go:460 +0x145
created by github.com/ThreeDotsLabs/watermill/message.(*Router).RunHandlers in goroutine 11006
	/Users/jace/go/pkg/mod/github.com/!three!dots!labs/watermill@v1.4.6/message/router.go:453 +0x606

goroutine 15160 [select, 3 minutes]:
github.com/nats-io/nats.go/jetstream.(*pullConsumer).Messages.func2()
	/Users/jace/go/pkg/mod/github.com/nats-io/nats.go@v1.41.1/jetstream/pull.go:538 +0x68
created by github.com/nats-io/nats.go/jetstream.(*pullConsumer).Messages in goroutine 14800
	/Users/jace/go/pkg/mod/github.com/nats-io/nats.go@v1.41.1/jetstream/pull.go:536 +0x78a

goroutine 14980 [select, 3 minutes]:
github.com/nats-io/nats.go/jetstream.(*pullSubscription).pullMessages(0xc001123290, {0xc0008b2000, 0x45})
	/Users/jace/go/pkg/mod/github.com/nats-io/nats.go@v1.41.1/jetstream/pull.go:955 +0x91
created by github.com/nats-io/nats.go/jetstream.(*pullConsumer).Messages in goroutine 14800
	/Users/jace/go/pkg/mod/github.com/nats-io/nats.go@v1.41.1/jetstream/pull.go:534 +0x748

goroutine 11399 [chan receive, 3 minutes]:
github.com/ThreeDotsLabs/watermill/message.(*messageTransformSubscriberDecorator).Subscribe.func1()
	/Users/jace/go/pkg/mod/github.com/!three!dots!labs/watermill@v1.4.6/message/decorator.go:52 +0x85
created by github.com/ThreeDotsLabs/watermill/message.(*messageTransformSubscriberDecorator).Subscribe in goroutine 11006
	/Users/jace/go/pkg/mod/github.com/!three!dots!labs/watermill@v1.4.6/message/decorator.go:51 +0xc7

goroutine 12395 [select, 3 minutes]:
github.com/nats-io/nats.go/jetstream.(*pullConsumer).Messages.func2()
	/Users/jace/go/pkg/mod/github.com/nats-io/nats.go@v1.41.1/jetstream/pull.go:538 +0x68
created by github.com/nats-io/nats.go/jetstream.(*pullConsumer).Messages in goroutine 12376
	/Users/jace/go/pkg/mod/github.com/nats-io/nats.go@v1.41.1/jetstream/pull.go:536 +0x78a

goroutine 11168 [chan receive, 3 minutes]:
github.com/ThreeDotsLabs/watermill/message.(*messageTransformSubscriberDecorator).Subscribe.func1()
	/Users/jace/go/pkg/mod/github.com/!three!dots!labs/watermill@v1.4.6/message/decorator.go:52 +0x85
created by github.com/ThreeDotsLabs/watermill/message.(*messageTransformSubscriberDecorator).Subscribe in goroutine 11006
	/Users/jace/go/pkg/mod/github.com/!three!dots!labs/watermill@v1.4.6/message/decorator.go:51 +0xc7

goroutine 13613 [select, 3 minutes]:
github.com/nats-io/nats.go/jetstream.(*pullConsumer).Messages.func2()
	/Users/jace/go/pkg/mod/github.com/nats-io/nats.go@v1.41.1/jetstream/pull.go:538 +0x68
created by github.com/nats-io/nats.go/jetstream.(*pullConsumer).Messages in goroutine 13489
	/Users/jace/go/pkg/mod/github.com/nats-io/nats.go@v1.41.1/jetstream/pull.go:536 +0x78a

goroutine 13741 [select, 3 minutes]:
github.com/nats-io/nats.go/jetstream.(*pullSubscription).Next(0xc00116e000)
	/Users/jace/go/pkg/mod/github.com/nats-io/nats.go@v1.41.1/jetstream/pull.go:589 +0x285
github.com/Black-And-White-Club/frolf-bot-shared/eventbus.(*eventBus).Subscribe.func1()
	/Users/jace/Documents/GitHub/frolf-bot-shared/eventbus/eventbus.go:326 +0x169
created by github.com/Black-And-White-Club/frolf-bot-shared/eventbus.(*eventBus).Subscribe in goroutine 13489
	/Users/jace/Documents/GitHub/frolf-bot-shared/eventbus/eventbus.go:315 +0xbf1

goroutine 32311 [select, 2 minutes]:
github.com/nats-io/nats.go/jetstream.(*pullSubscription).pullMessages(0xc0008795f0, {0xc000806af0, 0x4f})
	/Users/jace/go/pkg/mod/github.com/nats-io/nats.go@v1.41.1/jetstream/pull.go:955 +0x91
created by github.com/nats-io/nats.go/jetstream.(*pullConsumer).Messages in goroutine 32049
	/Users/jace/go/pkg/mod/github.com/nats-io/nats.go@v1.41.1/jetstream/pull.go:534 +0x748

goroutine 15021 [select, 3 minutes]:
github.com/nats-io/nats.go/jetstream.(*pullSubscription).Next(0xc00113f320)
	/Users/jace/go/pkg/mod/github.com/nats-io/nats.go@v1.41.1/jetstream/pull.go:589 +0x285
github.com/Black-And-White-Club/frolf-bot-shared/eventbus.(*eventBus).Subscribe.func1()
	/Users/jace/Documents/GitHub/frolf-bot-shared/eventbus/eventbus.go:326 +0x169
created by github.com/Black-And-White-Club/frolf-bot-shared/eventbus.(*eventBus).Subscribe in goroutine 14800
	/Users/jace/Documents/GitHub/frolf-bot-shared/eventbus/eventbus.go:315 +0xbf1

goroutine 11318 [select, 3 minutes]:
github.com/nats-io/nats.go/jetstream.(*pullConsumer).Messages.func2()
	/Users/jace/go/pkg/mod/github.com/nats-io/nats.go@v1.41.1/jetstream/pull.go:538 +0x68
created by github.com/nats-io/nats.go/jetstream.(*pullConsumer).Messages in goroutine 11006
	/Users/jace/go/pkg/mod/github.com/nats-io/nats.go@v1.41.1/jetstream/pull.go:536 +0x78a

goroutine 11309 [select, 3 minutes]:
github.com/nats-io/nats.go/jetstream.(*pullConsumer).Messages.func2()
	/Users/jace/go/pkg/mod/github.com/nats-io/nats.go@v1.41.1/jetstream/pull.go:538 +0x68
created by github.com/nats-io/nats.go/jetstream.(*pullConsumer).Messages in goroutine 11006
	/Users/jace/go/pkg/mod/github.com/nats-io/nats.go@v1.41.1/jetstream/pull.go:536 +0x78a

goroutine 12506 [select, 3 minutes]:
github.com/nats-io/nats.go/jetstream.(*pullConsumer).Messages.func2()
	/Users/jace/go/pkg/mod/github.com/nats-io/nats.go@v1.41.1/jetstream/pull.go:538 +0x68
created by github.com/nats-io/nats.go/jetstream.(*pullConsumer).Messages in goroutine 12376
	/Users/jace/go/pkg/mod/github.com/nats-io/nats.go@v1.41.1/jetstream/pull.go:536 +0x78a

goroutine 11438 [select, 3 minutes]:
github.com/nats-io/nats.go/jetstream.(*pullSubscription).pullMessages(0xc001208ab0, {0xc0005e8410, 0x47})
	/Users/jace/go/pkg/mod/github.com/nats-io/nats.go@v1.41.1/jetstream/pull.go:955 +0x91
created by github.com/nats-io/nats.go/jetstream.(*pullConsumer).Messages in goroutine 11006
	/Users/jace/go/pkg/mod/github.com/nats-io/nats.go@v1.41.1/jetstream/pull.go:534 +0x748

goroutine 11095 [select, 3 minutes]:
github.com/nats-io/nats.go/jetstream.(*pullSubscription).pullMessages(0xc001122f30, {0xc0007d6ff0, 0x4e})
	/Users/jace/go/pkg/mod/github.com/nats-io/nats.go@v1.41.1/jetstream/pull.go:955 +0x91
created by github.com/nats-io/nats.go/jetstream.(*pullConsumer).Messages in goroutine 11006
	/Users/jace/go/pkg/mod/github.com/nats-io/nats.go@v1.41.1/jetstream/pull.go:534 +0x748

goroutine 12333 [sync.Cond.Wait, 3 minutes]:
sync.runtime_notifyListWait(0xc000627a10, 0x0)
	/usr/local/Cellar/go/1.24.2/libexec/src/runtime/sema.go:597 +0x159
sync.(*Cond).Wait(0xc000c98a80?)
	/usr/local/Cellar/go/1.24.2/libexec/src/sync/cond.go:71 +0x85
github.com/nats-io/nats%2ego.(*asyncCallbacksHandler).asyncCBDispatcher(0xc000c1f820)
	/Users/jace/go/pkg/mod/github.com/nats-io/nats.go@v1.41.1/nats.go:3059 +0xdd
created by github.com/nats-io/nats%2ego.Options.Connect in goroutine 11675
	/Users/jace/go/pkg/mod/github.com/nats-io/nats.go@v1.41.1/nats.go:1635 +0x387

goroutine 11546 [chan receive, 3 minutes]:
github.com/ThreeDotsLabs/watermill/message.(*handler).run(0xc000d7b930, {0x10a337fa0, 0xc000c833b0}, {0xc000d6c480, 0x6, 0xc000621b18?})
	/Users/jace/go/pkg/mod/github.com/!three!dots!labs/watermill@v1.4.6/message/router.go:645 +0x2b4
github.com/ThreeDotsLabs/watermill/message.(*Router).RunHandlers.func1()
	/Users/jace/go/pkg/mod/github.com/!three!dots!labs/watermill@v1.4.6/message/router.go:460 +0x145
created by github.com/ThreeDotsLabs/watermill/message.(*Router).RunHandlers in goroutine 11006
	/Users/jace/go/pkg/mod/github.com/!three!dots!labs/watermill@v1.4.6/message/router.go:453 +0x606

goroutine 10278 [select, 3 minutes]:
github.com/nats-io/nats.go/jetstream.(*pullSubscription).pullMessages(0xc000123d40, {0xc0007d6410, 0x47})
	/Users/jace/go/pkg/mod/github.com/nats-io/nats.go@v1.41.1/jetstream/pull.go:955 +0x91
created by github.com/nats-io/nats.go/jetstream.(*pullConsumer).Messages in goroutine 10144
	/Users/jace/go/pkg/mod/github.com/nats-io/nats.go@v1.41.1/jetstream/pull.go:534 +0x748

goroutine 13707 [chan receive, 3 minutes]:
github.com/ThreeDotsLabs/watermill/message.(*messageTransformSubscriberDecorator).Subscribe.func1()
	/Users/jace/go/pkg/mod/github.com/!three!dots!labs/watermill@v1.4.6/message/decorator.go:52 +0x85
created by github.com/ThreeDotsLabs/watermill/message.(*messageTransformSubscriberDecorator).Subscribe in goroutine 13489
	/Users/jace/go/pkg/mod/github.com/!three!dots!labs/watermill@v1.4.6/message/decorator.go:51 +0xc7

goroutine 11400 [chan receive, 3 minutes]:
github.com/ThreeDotsLabs/watermill/message.(*handler).run(0xc000d7aea0, {0x10a337fa0, 0xc000a2c910}, {0xc0012b60c0, 0x6, 0xc0006b4380?})
	/Users/jace/go/pkg/mod/github.com/!three!dots!labs/watermill@v1.4.6/message/router.go:645 +0x2b4
github.com/ThreeDotsLabs/watermill/message.(*Router).RunHandlers.func1()
	/Users/jace/go/pkg/mod/github.com/!three!dots!labs/watermill@v1.4.6/message/router.go:460 +0x145
created by github.com/ThreeDotsLabs/watermill/message.(*Router).RunHandlers in goroutine 11006
	/Users/jace/go/pkg/mod/github.com/!three!dots!labs/watermill@v1.4.6/message/router.go:453 +0x606

goroutine 19063 [select, 2 minutes]:
github.com/nats-io/nats.go/jetstream.(*pullSubscription).Next(0xc001208090)
	/Users/jace/go/pkg/mod/github.com/nats-io/nats.go@v1.41.1/jetstream/pull.go:589 +0x285
github.com/Black-And-White-Club/frolf-bot-shared/eventbus.(*eventBus).Subscribe.func1()
	/Users/jace/Documents/GitHub/frolf-bot-shared/eventbus/eventbus.go:326 +0x169
created by github.com/Black-And-White-Club/frolf-bot-shared/eventbus.(*eventBus).Subscribe in goroutine 18988
	/Users/jace/Documents/GitHub/frolf-bot-shared/eventbus/eventbus.go:315 +0xbf1

goroutine 15240 [select, 3 minutes]:
github.com/nats-io/nats.go/jetstream.(*pullConsumer).Messages.func2()
	/Users/jace/go/pkg/mod/github.com/nats-io/nats.go@v1.41.1/jetstream/pull.go:538 +0x68
created by github.com/nats-io/nats.go/jetstream.(*pullConsumer).Messages in goroutine 14800
	/Users/jace/go/pkg/mod/github.com/nats-io/nats.go@v1.41.1/jetstream/pull.go:536 +0x78a

goroutine 11079 [select, 3 minutes]:
github.com/nats-io/nats.go/jetstream.(*pullConsumer).Messages.func2()
	/Users/jace/go/pkg/mod/github.com/nats-io/nats.go@v1.41.1/jetstream/pull.go:538 +0x68
created by github.com/nats-io/nats.go/jetstream.(*pullConsumer).Messages in goroutine 11006
	/Users/jace/go/pkg/mod/github.com/nats-io/nats.go@v1.41.1/jetstream/pull.go:536 +0x78a

goroutine 10269 [select, 3 minutes]:
github.com/nats-io/nats.go/jetstream.(*pullSubscription).Next(0xc0010d46c0)
	/Users/jace/go/pkg/mod/github.com/nats-io/nats.go@v1.41.1/jetstream/pull.go:589 +0x285
github.com/Black-And-White-Club/frolf-bot-shared/eventbus.(*eventBus).Subscribe.func1()
	/Users/jace/Documents/GitHub/frolf-bot-shared/eventbus/eventbus.go:326 +0x169
created by github.com/Black-And-White-Club/frolf-bot-shared/eventbus.(*eventBus).Subscribe in goroutine 11006
	/Users/jace/Documents/GitHub/frolf-bot-shared/eventbus/eventbus.go:315 +0xbf1

goroutine 11080 [select, 3 minutes]:
github.com/nats-io/nats.go/jetstream.(*pullSubscription).Next(0xc001042a20)
	/Users/jace/go/pkg/mod/github.com/nats-io/nats.go@v1.41.1/jetstream/pull.go:589 +0x285
github.com/Black-And-White-Club/frolf-bot-shared/eventbus.(*eventBus).Subscribe.func1()
	/Users/jace/Documents/GitHub/frolf-bot-shared/eventbus/eventbus.go:326 +0x169
created by github.com/Black-And-White-Club/frolf-bot-shared/eventbus.(*eventBus).Subscribe in goroutine 11006
	/Users/jace/Documents/GitHub/frolf-bot-shared/eventbus/eventbus.go:315 +0xbf1

goroutine 13751 [chan receive, 3 minutes]:
github.com/ThreeDotsLabs/watermill/message.(*messageTransformSubscriberDecorator).Subscribe.func1()
	/Users/jace/go/pkg/mod/github.com/!three!dots!labs/watermill@v1.4.6/message/decorator.go:52 +0x85
created by github.com/ThreeDotsLabs/watermill/message.(*messageTransformSubscriberDecorator).Subscribe in goroutine 13489
	/Users/jace/go/pkg/mod/github.com/!three!dots!labs/watermill@v1.4.6/message/decorator.go:51 +0xc7

goroutine 15010 [chan receive, 3 minutes]:
github.com/ThreeDotsLabs/watermill/message.(*handler).run(0xc000966b60, {0x10a337fa0, 0xc000a134f0}, {0xc00163a0c0, 0x6, 0xc00073b7d0?})
	/Users/jace/go/pkg/mod/github.com/!three!dots!labs/watermill@v1.4.6/message/router.go:645 +0x2b4
github.com/ThreeDotsLabs/watermill/message.(*Router).RunHandlers.func1()
	/Users/jace/go/pkg/mod/github.com/!three!dots!labs/watermill@v1.4.6/message/router.go:460 +0x145
created by github.com/ThreeDotsLabs/watermill/message.(*Router).RunHandlers in goroutine 14800
	/Users/jace/go/pkg/mod/github.com/!three!dots!labs/watermill@v1.4.6/message/router.go:453 +0x606

goroutine 11542 [select, 3 minutes]:
github.com/nats-io/nats.go/jetstream.(*pullSubscription).pullMessages(0xc0013b1a70, {0xc0008b2410, 0x45})
	/Users/jace/go/pkg/mod/github.com/nats-io/nats.go@v1.41.1/jetstream/pull.go:955 +0x91
created by github.com/nats-io/nats.go/jetstream.(*pullConsumer).Messages in goroutine 11006
	/Users/jace/go/pkg/mod/github.com/nats-io/nats.go@v1.41.1/jetstream/pull.go:534 +0x748

goroutine 32061 [chan receive, 2 minutes]:
github.com/ThreeDotsLabs/watermill/message.(*handler).run(0xc00118dd40, {0x10a337fa0, 0xc001531090}, {0xc0015ae180, 0x6, 0xc000f07f78?})
	/Users/jace/go/pkg/mod/github.com/!three!dots!labs/watermill@v1.4.6/message/router.go:645 +0x2b4
github.com/ThreeDotsLabs/watermill/message.(*Router).RunHandlers.func1()
	/Users/jace/go/pkg/mod/github.com/!three!dots!labs/watermill@v1.4.6/message/router.go:460 +0x145
created by github.com/ThreeDotsLabs/watermill/message.(*Router).RunHandlers in goroutine 32049
	/Users/jace/go/pkg/mod/github.com/!three!dots!labs/watermill@v1.4.6/message/router.go:453 +0x606

goroutine 22998 [sync.Cond.Wait, 2 minutes]:
sync.runtime_notifyListWait(0xc000e49e90, 0x40)
	/usr/local/Cellar/go/1.24.2/libexec/src/runtime/sema.go:597 +0x159
sync.(*Cond).Wait(0x0?)
	/usr/local/Cellar/go/1.24.2/libexec/src/sync/cond.go:71 +0x85
github.com/nats-io/nats%2ego.(*Conn).waitForMsgs(0xc001402008, 0xc000782960)
	/Users/jace/go/pkg/mod/github.com/nats-io/nats.go@v1.41.1/nats.go:3178 +0xc5
created by github.com/nats-io/nats%2ego.(*Conn).subscribeLocked in goroutine 22340
	/Users/jace/go/pkg/mod/github.com/nats-io/nats.go@v1.41.1/nats.go:4468 +0x419

goroutine 19255 [chan receive, 3 minutes]:
github.com/ThreeDotsLabs/watermill/message.(*messageTransformSubscriberDecorator).Subscribe.func1()
	/Users/jace/go/pkg/mod/github.com/!three!dots!labs/watermill@v1.4.6/message/decorator.go:52 +0x85
created by github.com/ThreeDotsLabs/watermill/message.(*messageTransformSubscriberDecorator).Subscribe in goroutine 18988
	/Users/jace/go/pkg/mod/github.com/!three!dots!labs/watermill@v1.4.6/message/decorator.go:51 +0xc7

goroutine 11204 [select, 3 minutes]:
github.com/nats-io/nats.go/jetstream.(*pullSubscription).pullMessages(0xc000efe240, {0xc00113c140, 0x3e})
	/Users/jace/go/pkg/mod/github.com/nats-io/nats.go@v1.41.1/jetstream/pull.go:955 +0x91
created by github.com/nats-io/nats.go/jetstream.(*pullConsumer).Messages in goroutine 11006
	/Users/jace/go/pkg/mod/github.com/nats-io/nats.go@v1.41.1/jetstream/pull.go:534 +0x748

goroutine 11651 [select]:
github.com/nats-io/nats%2ego.(*Conn).doReconnect(0xc00041d808, {0x10a327f28, 0x10acedb30}, 0x0)
	/Users/jace/go/pkg/mod/github.com/nats-io/nats.go@v1.41.1/nats.go:2907 +0x41a
created by github.com/nats-io/nats%2ego.(*Conn).processOpErr in goroutine 10942
	/Users/jace/go/pkg/mod/github.com/nats-io/nats.go@v1.41.1/nats.go:3043 +0x2f3

goroutine 15241 [select, 3 minutes]:
github.com/nats-io/nats.go/jetstream.(*pullSubscription).Next(0xc00060e870)
	/Users/jace/go/pkg/mod/github.com/nats-io/nats.go@v1.41.1/jetstream/pull.go:589 +0x285
github.com/Black-And-White-Club/frolf-bot-shared/eventbus.(*eventBus).Subscribe.func1()
	/Users/jace/Documents/GitHub/frolf-bot-shared/eventbus/eventbus.go:326 +0x169
created by github.com/Black-And-White-Club/frolf-bot-shared/eventbus.(*eventBus).Subscribe in goroutine 14800
	/Users/jace/Documents/GitHub/frolf-bot-shared/eventbus/eventbus.go:315 +0xbf1

goroutine 11397 [select, 3 minutes]:
github.com/nats-io/nats.go/jetstream.(*pullConsumer).Messages.func2()
	/Users/jace/go/pkg/mod/github.com/nats-io/nats.go@v1.41.1/jetstream/pull.go:538 +0x68
created by github.com/nats-io/nats.go/jetstream.(*pullConsumer).Messages in goroutine 11006
	/Users/jace/go/pkg/mod/github.com/nats-io/nats.go@v1.41.1/jetstream/pull.go:536 +0x78a

goroutine 10944 [sync.Cond.Wait, 3 minutes]:
sync.runtime_notifyListWait(0xc00083a810, 0x0)
	/usr/local/Cellar/go/1.24.2/libexec/src/runtime/sema.go:597 +0x159
sync.(*Cond).Wait(0xc00063dfd8?)
	/usr/local/Cellar/go/1.24.2/libexec/src/sync/cond.go:71 +0x85
github.com/nats-io/nats%2ego.(*asyncCallbacksHandler).asyncCBDispatcher(0xc0001a76c0)
	/Users/jace/go/pkg/mod/github.com/nats-io/nats.go@v1.41.1/nats.go:3059 +0xdd
created by github.com/nats-io/nats%2ego.Options.Connect in goroutine 10441
	/Users/jace/go/pkg/mod/github.com/nats-io/nats.go@v1.41.1/nats.go:1635 +0x387

goroutine 23573 [select, 2 minutes]:
github.com/nats-io/nats.go/jetstream.(*pullConsumer).Messages.func2()
	/Users/jace/go/pkg/mod/github.com/nats-io/nats.go@v1.41.1/jetstream/pull.go:538 +0x68
created by github.com/nats-io/nats.go/jetstream.(*pullConsumer).Messages in goroutine 23038
	/Users/jace/go/pkg/mod/github.com/nats-io/nats.go@v1.41.1/jetstream/pull.go:536 +0x78a

goroutine 11441 [chan receive, 3 minutes]:
github.com/ThreeDotsLabs/watermill/message.(*messageTransformSubscriberDecorator).Subscribe.func1()
	/Users/jace/go/pkg/mod/github.com/!three!dots!labs/watermill@v1.4.6/message/decorator.go:52 +0x85
created by github.com/ThreeDotsLabs/watermill/message.(*messageTransformSubscriberDecorator).Subscribe in goroutine 11006
	/Users/jace/go/pkg/mod/github.com/!three!dots!labs/watermill@v1.4.6/message/decorator.go:51 +0xc7

goroutine 11208 [chan receive, 3 minutes]:
github.com/ThreeDotsLabs/watermill/message.(*handler).run(0xc000d7bba0, {0x10a337fa0, 0xc00096e280}, {0xc000d6c0c0, 0x6, 0x4?})
	/Users/jace/go/pkg/mod/github.com/!three!dots!labs/watermill@v1.4.6/message/router.go:645 +0x2b4
github.com/ThreeDotsLabs/watermill/message.(*Router).RunHandlers.func1()
	/Users/jace/go/pkg/mod/github.com/!three!dots!labs/watermill@v1.4.6/message/router.go:460 +0x145
created by github.com/ThreeDotsLabs/watermill/message.(*Router).RunHandlers in goroutine 11006
	/Users/jace/go/pkg/mod/github.com/!three!dots!labs/watermill@v1.4.6/message/router.go:453 +0x606

goroutine 12802 [select, 3 minutes]:
github.com/nats-io/nats.go/jetstream.(*pullConsumer).Messages.func2()
	/Users/jace/go/pkg/mod/github.com/nats-io/nats.go@v1.41.1/jetstream/pull.go:538 +0x68
created by github.com/nats-io/nats.go/jetstream.(*pullConsumer).Messages in goroutine 12376
	/Users/jace/go/pkg/mod/github.com/nats-io/nats.go@v1.41.1/jetstream/pull.go:536 +0x78a

goroutine 12541 [select, 3 minutes]:
github.com/nats-io/nats.go/jetstream.(*pullSubscription).Next(0xc000b88ab0)
	/Users/jace/go/pkg/mod/github.com/nats-io/nats.go@v1.41.1/jetstream/pull.go:589 +0x285
github.com/Black-And-White-Club/frolf-bot-shared/eventbus.(*eventBus).Subscribe.func1()
	/Users/jace/Documents/GitHub/frolf-bot-shared/eventbus/eventbus.go:326 +0x169
created by github.com/Black-And-White-Club/frolf-bot-shared/eventbus.(*eventBus).Subscribe in goroutine 12376
	/Users/jace/Documents/GitHub/frolf-bot-shared/eventbus/eventbus.go:315 +0xbf1

goroutine 10211 [select, 3 minutes]:
github.com/nats-io/nats.go/jetstream.(*pullSubscription).pullMessages(0xc000d5bb00, {0xc000254a00, 0x45})
	/Users/jace/go/pkg/mod/github.com/nats-io/nats.go@v1.41.1/jetstream/pull.go:955 +0x91
created by github.com/nats-io/nats.go/jetstream.(*pullConsumer).Messages in goroutine 10144
	/Users/jace/go/pkg/mod/github.com/nats-io/nats.go@v1.41.1/jetstream/pull.go:534 +0x748

goroutine 10212 [select, 3 minutes]:
github.com/nats-io/nats.go/jetstream.(*pullConsumer).Messages.func2()
	/Users/jace/go/pkg/mod/github.com/nats-io/nats.go@v1.41.1/jetstream/pull.go:538 +0x68
created by github.com/nats-io/nats.go/jetstream.(*pullConsumer).Messages in goroutine 10144
	/Users/jace/go/pkg/mod/github.com/nats-io/nats.go@v1.41.1/jetstream/pull.go:536 +0x78a

goroutine 10213 [select, 3 minutes]:
github.com/nats-io/nats.go/jetstream.(*pullSubscription).Next(0xc000d5bb00)
	/Users/jace/go/pkg/mod/github.com/nats-io/nats.go@v1.41.1/jetstream/pull.go:589 +0x285
github.com/Black-And-White-Club/frolf-bot-shared/eventbus.(*eventBus).Subscribe.func1()
	/Users/jace/Documents/GitHub/frolf-bot-shared/eventbus/eventbus.go:326 +0x169
created by github.com/Black-And-White-Club/frolf-bot-shared/eventbus.(*eventBus).Subscribe in goroutine 10144
	/Users/jace/Documents/GitHub/frolf-bot-shared/eventbus/eventbus.go:315 +0xbf1

goroutine 10214 [chan receive, 3 minutes]:
github.com/ThreeDotsLabs/watermill/message.(*messageTransformSubscriberDecorator).Subscribe.func1()
	/Users/jace/go/pkg/mod/github.com/!three!dots!labs/watermill@v1.4.6/message/decorator.go:52 +0x85
created by github.com/ThreeDotsLabs/watermill/message.(*messageTransformSubscriberDecorator).Subscribe in goroutine 10144
	/Users/jace/go/pkg/mod/github.com/!three!dots!labs/watermill@v1.4.6/message/decorator.go:51 +0xc7

goroutine 10215 [chan receive, 3 minutes]:
github.com/ThreeDotsLabs/watermill/message.(*handler).run(0xc000707ad0, {0x10a337fa0, 0xc000366690}, {0xc000b283c0, 0x6, 0xc000605778?})
	/Users/jace/go/pkg/mod/github.com/!three!dots!labs/watermill@v1.4.6/message/router.go:645 +0x2b4
github.com/ThreeDotsLabs/watermill/message.(*Router).RunHandlers.func1()
	/Users/jace/go/pkg/mod/github.com/!three!dots!labs/watermill@v1.4.6/message/router.go:460 +0x145
created by github.com/ThreeDotsLabs/watermill/message.(*Router).RunHandlers in goroutine 10144
	/Users/jace/go/pkg/mod/github.com/!three!dots!labs/watermill@v1.4.6/message/router.go:453 +0x606

goroutine 13766 [select, 3 minutes]:
github.com/nats-io/nats.go/jetstream.(*pullConsumer).Messages.func2()
	/Users/jace/go/pkg/mod/github.com/nats-io/nats.go@v1.41.1/jetstream/pull.go:538 +0x68
created by github.com/nats-io/nats.go/jetstream.(*pullConsumer).Messages in goroutine 13489
	/Users/jace/go/pkg/mod/github.com/nats-io/nats.go@v1.41.1/jetstream/pull.go:536 +0x78a

goroutine 10282 [chan receive, 3 minutes]:
github.com/ThreeDotsLabs/watermill/message.(*handler).run(0xc000b255f0, {0x10a337fa0, 0xc0002267d0}, {0xc000c69ec0, 0x6, 0xc00070ef78?})
	/Users/jace/go/pkg/mod/github.com/!three!dots!labs/watermill@v1.4.6/message/router.go:645 +0x2b4
github.com/ThreeDotsLabs/watermill/message.(*Router).RunHandlers.func1()
	/Users/jace/go/pkg/mod/github.com/!three!dots!labs/watermill@v1.4.6/message/router.go:460 +0x145
created by github.com/ThreeDotsLabs/watermill/message.(*Router).RunHandlers in goroutine 10144
	/Users/jace/go/pkg/mod/github.com/!three!dots!labs/watermill@v1.4.6/message/router.go:453 +0x606

goroutine 13502 [select, 3 minutes]:
github.com/nats-io/nats.go/jetstream.(*pullConsumer).Messages.func2()
	/Users/jace/go/pkg/mod/github.com/nats-io/nats.go@v1.41.1/jetstream/pull.go:538 +0x68
created by github.com/nats-io/nats.go/jetstream.(*pullConsumer).Messages in goroutine 13489
	/Users/jace/go/pkg/mod/github.com/nats-io/nats.go@v1.41.1/jetstream/pull.go:536 +0x78a

goroutine 10270 [chan receive, 3 minutes]:
github.com/ThreeDotsLabs/watermill/message.(*messageTransformSubscriberDecorator).Subscribe.func1()
	/Users/jace/go/pkg/mod/github.com/!three!dots!labs/watermill@v1.4.6/message/decorator.go:52 +0x85
created by github.com/ThreeDotsLabs/watermill/message.(*messageTransformSubscriberDecorator).Subscribe in goroutine 11006
	/Users/jace/go/pkg/mod/github.com/!three!dots!labs/watermill@v1.4.6/message/decorator.go:51 +0xc7

goroutine 10341 [select, 3 minutes]:
github.com/nats-io/nats.go/jetstream.(*pullSubscription).Next(0xc00060f4d0)
	/Users/jace/go/pkg/mod/github.com/nats-io/nats.go@v1.41.1/jetstream/pull.go:589 +0x285
github.com/Black-And-White-Club/frolf-bot-shared/eventbus.(*eventBus).Subscribe.func1()
	/Users/jace/Documents/GitHub/frolf-bot-shared/eventbus/eventbus.go:326 +0x169
created by github.com/Black-And-White-Club/frolf-bot-shared/eventbus.(*eventBus).Subscribe in goroutine 10144
	/Users/jace/Documents/GitHub/frolf-bot-shared/eventbus/eventbus.go:315 +0xbf1

goroutine 12286 [select, 3 minutes]:
github.com/nats-io/nats.go/jetstream.(*pullConsumer).Messages.func2()
	/Users/jace/go/pkg/mod/github.com/nats-io/nats.go@v1.41.1/jetstream/pull.go:538 +0x68
created by github.com/nats-io/nats.go/jetstream.(*pullConsumer).Messages in goroutine 12376
	/Users/jace/go/pkg/mod/github.com/nats-io/nats.go@v1.41.1/jetstream/pull.go:536 +0x78a

goroutine 11545 [chan receive, 3 minutes]:
github.com/ThreeDotsLabs/watermill/message.(*messageTransformSubscriberDecorator).Subscribe.func1()
	/Users/jace/go/pkg/mod/github.com/!three!dots!labs/watermill@v1.4.6/message/decorator.go:52 +0x85
created by github.com/ThreeDotsLabs/watermill/message.(*messageTransformSubscriberDecorator).Subscribe in goroutine 11006
	/Users/jace/go/pkg/mod/github.com/!three!dots!labs/watermill@v1.4.6/message/decorator.go:51 +0xc7

goroutine 10343 [chan receive, 3 minutes]:
github.com/ThreeDotsLabs/watermill/message.(*handler).run(0xc000b25930, {0x10a337fa0, 0xc0009b6b90}, {0xc000918840, 0x6, 0x0?})
	/Users/jace/go/pkg/mod/github.com/!three!dots!labs/watermill@v1.4.6/message/router.go:645 +0x2b4
github.com/ThreeDotsLabs/watermill/message.(*Router).RunHandlers.func1()
	/Users/jace/go/pkg/mod/github.com/!three!dots!labs/watermill@v1.4.6/message/router.go:460 +0x145
created by github.com/ThreeDotsLabs/watermill/message.(*Router).RunHandlers in goroutine 10144
	/Users/jace/go/pkg/mod/github.com/!three!dots!labs/watermill@v1.4.6/message/router.go:453 +0x606

goroutine 13749 [select, 3 minutes]:
github.com/nats-io/nats.go/jetstream.(*pullConsumer).Messages.func2()
	/Users/jace/go/pkg/mod/github.com/nats-io/nats.go@v1.41.1/jetstream/pull.go:538 +0x68
created by github.com/nats-io/nats.go/jetstream.(*pullConsumer).Messages in goroutine 13489
	/Users/jace/go/pkg/mod/github.com/nats-io/nats.go@v1.41.1/jetstream/pull.go:536 +0x78a

goroutine 35382 [sync.Cond.Wait, 2 minutes]:
sync.runtime_notifyListWait(0xc001ac52d0, 0x0)
	/usr/local/Cellar/go/1.24.2/libexec/src/runtime/sema.go:597 +0x159
sync.(*Cond).Wait(0xc001b831f0?)
	/usr/local/Cellar/go/1.24.2/libexec/src/sync/cond.go:71 +0x85
github.com/nats-io/nats%2ego.(*asyncCallbacksHandler).asyncCBDispatcher(0xc000370840)
	/Users/jace/go/pkg/mod/github.com/nats-io/nats.go@v1.41.1/nats.go:3059 +0xdd
created by github.com/nats-io/nats%2ego.Options.Connect in goroutine 34802
	/Users/jace/go/pkg/mod/github.com/nats-io/nats.go@v1.41.1/nats.go:1635 +0x387

goroutine 12797 [select, 3 minutes]:
github.com/nats-io/nats.go/jetstream.(*pullSubscription).Next(0xc00083d4d0)
	/Users/jace/go/pkg/mod/github.com/nats-io/nats.go@v1.41.1/jetstream/pull.go:589 +0x285
github.com/Black-And-White-Club/frolf-bot-shared/eventbus.(*eventBus).ProcessDelayedMessages.func1.2(0xc00081ba30, {0x10a335050?, 0xc00083d4d0?}, 0xc000d71100, {0x10a337f68, 0xc000d18c60}, {0x0?, 0x1095af2d7?, 0x0?}, {0xb, ...})
	/Users/jace/Documents/GitHub/frolf-bot-shared/eventbus/delayed_messages.go:348 +0xab
github.com/Black-And-White-Club/frolf-bot-shared/eventbus.(*eventBus).ProcessDelayedMessages.func1()
	/Users/jace/Documents/GitHub/frolf-bot-shared/eventbus/delayed_messages.go:377 +0x233
created by github.com/Black-And-White-Club/frolf-bot-shared/eventbus.(*eventBus).ProcessDelayedMessages in goroutine 12764
	/Users/jace/Documents/GitHub/frolf-bot-shared/eventbus/delayed_messages.go:311 +0xb99

goroutine 10339 [select, 3 minutes]:
github.com/nats-io/nats.go/jetstream.(*pullSubscription).pullMessages(0xc00060f4d0, {0xc00087aae0, 0x55})
	/Users/jace/go/pkg/mod/github.com/nats-io/nats.go@v1.41.1/jetstream/pull.go:955 +0x91
created by github.com/nats-io/nats.go/jetstream.(*pullConsumer).Messages in goroutine 10144
	/Users/jace/go/pkg/mod/github.com/nats-io/nats.go@v1.41.1/jetstream/pull.go:534 +0x748

goroutine 12795 [select, 3 minutes]:
github.com/nats-io/nats.go/jetstream.(*pullSubscription).pullMessages(0xc00083d4d0, {0xc0002f88a0, 0x58})
	/Users/jace/go/pkg/mod/github.com/nats-io/nats.go@v1.41.1/jetstream/pull.go:955 +0x91
created by github.com/nats-io/nats.go/jetstream.(*pullConsumer).Messages in goroutine 12764
	/Users/jace/go/pkg/mod/github.com/nats-io/nats.go@v1.41.1/jetstream/pull.go:534 +0x748

goroutine 18957 [select, 2 minutes]:
github.com/nats-io/nats.go/jetstream.(*pullSubscription).Next(0xc000479290)
	/Users/jace/go/pkg/mod/github.com/nats-io/nats.go@v1.41.1/jetstream/pull.go:589 +0x285
github.com/Black-And-White-Club/frolf-bot-shared/eventbus.(*eventBus).Subscribe.func1()
	/Users/jace/Documents/GitHub/frolf-bot-shared/eventbus/eventbus.go:326 +0x169
created by github.com/Black-And-White-Club/frolf-bot-shared/eventbus.(*eventBus).Subscribe in goroutine 18988
	/Users/jace/Documents/GitHub/frolf-bot-shared/eventbus/eventbus.go:315 +0xbf1

goroutine 10964 [sync.Cond.Wait, 3 minutes]:
sync.runtime_notifyListWait(0xc00083a950, 0x0)
	/usr/local/Cellar/go/1.24.2/libexec/src/runtime/sema.go:597 +0x159
sync.(*Cond).Wait(0xc0004754b0?)
	/usr/local/Cellar/go/1.24.2/libexec/src/sync/cond.go:71 +0x85
github.com/nats-io/nats%2ego.(*asyncCallbacksHandler).asyncCBDispatcher(0xc0001a77e0)
	/Users/jace/go/pkg/mod/github.com/nats-io/nats.go@v1.41.1/nats.go:3059 +0xdd
created by github.com/nats-io/nats%2ego.Options.Connect in goroutine 10441
	/Users/jace/go/pkg/mod/github.com/nats-io/nats.go@v1.41.1/nats.go:1635 +0x387

goroutine 11430 [chan receive, 3 minutes]:
github.com/ThreeDotsLabs/watermill/message.(*messageTransformSubscriberDecorator).Subscribe.func1()
	/Users/jace/go/pkg/mod/github.com/!three!dots!labs/watermill@v1.4.6/message/decorator.go:52 +0x85
created by github.com/ThreeDotsLabs/watermill/message.(*messageTransformSubscriberDecorator).Subscribe in goroutine 11006
	/Users/jace/go/pkg/mod/github.com/!three!dots!labs/watermill@v1.4.6/message/decorator.go:51 +0xc7

goroutine 31209 [select, 2 minutes]:
github.com/nats-io/nats.go/jetstream.(*pullSubscription).Next(0xc0008794d0)
	/Users/jace/go/pkg/mod/github.com/nats-io/nats.go@v1.41.1/jetstream/pull.go:589 +0x285
github.com/Black-And-White-Club/frolf-bot-shared/eventbus.(*eventBus).Subscribe.func1()
	/Users/jace/Documents/GitHub/frolf-bot-shared/eventbus/eventbus.go:326 +0x169
created by github.com/Black-And-White-Club/frolf-bot-shared/eventbus.(*eventBus).Subscribe in goroutine 31164
	/Users/jace/Documents/GitHub/frolf-bot-shared/eventbus/eventbus.go:315 +0xbf1

goroutine 11428 [select, 3 minutes]:
github.com/nats-io/nats.go/jetstream.(*pullConsumer).Messages.func2()
	/Users/jace/go/pkg/mod/github.com/nats-io/nats.go@v1.41.1/jetstream/pull.go:538 +0x68
created by github.com/nats-io/nats.go/jetstream.(*pullConsumer).Messages in goroutine 11006
	/Users/jace/go/pkg/mod/github.com/nats-io/nats.go@v1.41.1/jetstream/pull.go:536 +0x78a

goroutine 11029 [select, 3 minutes]:
github.com/nats-io/nats.go/jetstream.(*pullSubscription).pullMessages(0xc001208bd0, {0xc00017e0a0, 0x4b})
	/Users/jace/go/pkg/mod/github.com/nats-io/nats.go@v1.41.1/jetstream/pull.go:955 +0x91
created by github.com/nats-io/nats.go/jetstream.(*pullConsumer).Messages in goroutine 11006
	/Users/jace/go/pkg/mod/github.com/nats-io/nats.go@v1.41.1/jetstream/pull.go:534 +0x748

goroutine 12540 [select, 3 minutes]:
github.com/nats-io/nats.go/jetstream.(*pullConsumer).Messages.func2()
	/Users/jace/go/pkg/mod/github.com/nats-io/nats.go@v1.41.1/jetstream/pull.go:538 +0x68
created by github.com/nats-io/nats.go/jetstream.(*pullConsumer).Messages in goroutine 12376
	/Users/jace/go/pkg/mod/github.com/nats-io/nats.go@v1.41.1/jetstream/pull.go:536 +0x78a

goroutine 32315 [chan receive, 2 minutes]:
github.com/ThreeDotsLabs/watermill/message.(*handler).run(0xc0009cb110, {0x10a337fa0, 0xc00192b040}, {0xc001094fc0, 0x6, 0x100000001?})
	/Users/jace/go/pkg/mod/github.com/!three!dots!labs/watermill@v1.4.6/message/router.go:645 +0x2b4
github.com/ThreeDotsLabs/watermill/message.(*Router).RunHandlers.func1()
	/Users/jace/go/pkg/mod/github.com/!three!dots!labs/watermill@v1.4.6/message/router.go:460 +0x145
created by github.com/ThreeDotsLabs/watermill/message.(*Router).RunHandlers in goroutine 32049
	/Users/jace/go/pkg/mod/github.com/!three!dots!labs/watermill@v1.4.6/message/router.go:453 +0x606

goroutine 23127 [select, 2 minutes]:
github.com/nats-io/nats.go/jetstream.(*pullConsumer).Messages.func2()
	/Users/jace/go/pkg/mod/github.com/nats-io/nats.go@v1.41.1/jetstream/pull.go:538 +0x68
created by github.com/nats-io/nats.go/jetstream.(*pullConsumer).Messages in goroutine 23038
	/Users/jace/go/pkg/mod/github.com/nats-io/nats.go@v1.41.1/jetstream/pull.go:536 +0x78a

goroutine 11166 [select, 3 minutes]:
github.com/nats-io/nats.go/jetstream.(*pullConsumer).Messages.func2()
	/Users/jace/go/pkg/mod/github.com/nats-io/nats.go@v1.41.1/jetstream/pull.go:538 +0x68
created by github.com/nats-io/nats.go/jetstream.(*pullConsumer).Messages in goroutine 11006
	/Users/jace/go/pkg/mod/github.com/nats-io/nats.go@v1.41.1/jetstream/pull.go:536 +0x78a

goroutine 10965 [sync.Cond.Wait, 3 minutes]:
sync.runtime_notifyListWait(0xc00083aad0, 0x3e)
	/usr/local/Cellar/go/1.24.2/libexec/src/runtime/sema.go:597 +0x159
sync.(*Cond).Wait(0xc000406ae0?)
	/usr/local/Cellar/go/1.24.2/libexec/src/sync/cond.go:71 +0x85
github.com/nats-io/nats%2ego.(*Conn).waitForMsgs(0xc0007c0e08, 0xc0007a83c0)
	/Users/jace/go/pkg/mod/github.com/nats-io/nats.go@v1.41.1/nats.go:3178 +0xc5
created by github.com/nats-io/nats%2ego.(*Conn).subscribeLocked in goroutine 10441
	/Users/jace/go/pkg/mod/github.com/nats-io/nats.go@v1.41.1/nats.go:4468 +0x419

goroutine 10353 [select, 3 minutes]:
github.com/nats-io/nats.go/jetstream.(*pullConsumer).Messages.func2()
	/Users/jace/go/pkg/mod/github.com/nats-io/nats.go@v1.41.1/jetstream/pull.go:538 +0x68
created by github.com/nats-io/nats.go/jetstream.(*pullConsumer).Messages in goroutine 10144
	/Users/jace/go/pkg/mod/github.com/nats-io/nats.go@v1.41.1/jetstream/pull.go:536 +0x78a

goroutine 10386 [select, 3 minutes]:
github.com/nats-io/nats.go/jetstream.(*pullSubscription).Next(0xc000878510)
	/Users/jace/go/pkg/mod/github.com/nats-io/nats.go@v1.41.1/jetstream/pull.go:589 +0x285
github.com/Black-And-White-Club/frolf-bot-shared/eventbus.(*eventBus).Subscribe.func1()
	/Users/jace/Documents/GitHub/frolf-bot-shared/eventbus/eventbus.go:326 +0x169
created by github.com/Black-And-White-Club/frolf-bot-shared/eventbus.(*eventBus).Subscribe in goroutine 10144
	/Users/jace/Documents/GitHub/frolf-bot-shared/eventbus/eventbus.go:315 +0xbf1

goroutine 10387 [chan receive, 3 minutes]:
github.com/ThreeDotsLabs/watermill/message.(*messageTransformSubscriberDecorator).Subscribe.func1()
	/Users/jace/go/pkg/mod/github.com/!three!dots!labs/watermill@v1.4.6/message/decorator.go:52 +0x85
created by github.com/ThreeDotsLabs/watermill/message.(*messageTransformSubscriberDecorator).Subscribe in goroutine 10144
	/Users/jace/go/pkg/mod/github.com/!three!dots!labs/watermill@v1.4.6/message/decorator.go:51 +0xc7

goroutine 10388 [chan receive, 3 minutes]:
github.com/ThreeDotsLabs/watermill/message.(*handler).run(0xc0007d2d00, {0x10a337fa0, 0xc000915180}, {0xc000918a80, 0x6, 0xc0001e1680?})
	/Users/jace/go/pkg/mod/github.com/!three!dots!labs/watermill@v1.4.6/message/router.go:645 +0x2b4
github.com/ThreeDotsLabs/watermill/message.(*Router).RunHandlers.func1()
	/Users/jace/go/pkg/mod/github.com/!three!dots!labs/watermill@v1.4.6/message/router.go:460 +0x145
created by github.com/ThreeDotsLabs/watermill/message.(*Router).RunHandlers in goroutine 10144
	/Users/jace/go/pkg/mod/github.com/!three!dots!labs/watermill@v1.4.6/message/router.go:453 +0x606

goroutine 27105 [select, 2 minutes]:
github.com/nats-io/nats.go/jetstream.(*pullSubscription).Next(0xc0009d8f30)
	/Users/jace/go/pkg/mod/github.com/nats-io/nats.go@v1.41.1/jetstream/pull.go:589 +0x285
github.com/Black-And-White-Club/frolf-bot-shared/eventbus.(*eventBus).Subscribe.func1()
	/Users/jace/Documents/GitHub/frolf-bot-shared/eventbus/eventbus.go:326 +0x169
created by github.com/Black-And-White-Club/frolf-bot-shared/eventbus.(*eventBus).Subscribe in goroutine 27088
	/Users/jace/Documents/GitHub/frolf-bot-shared/eventbus/eventbus.go:315 +0xbf1

goroutine 12394 [select, 3 minutes]:
github.com/nats-io/nats.go/jetstream.(*pullSubscription).pullMessages(0xc000b74ea0, {0xc0007d6500, 0x4f})
	/Users/jace/go/pkg/mod/github.com/nats-io/nats.go@v1.41.1/jetstream/pull.go:955 +0x91
created by github.com/nats-io/nats.go/jetstream.(*pullConsumer).Messages in goroutine 12376
	/Users/jace/go/pkg/mod/github.com/nats-io/nats.go@v1.41.1/jetstream/pull.go:534 +0x748

goroutine 12533 [chan receive, 3 minutes]:
github.com/ThreeDotsLabs/watermill/message.(*handler).run(0xc00118c750, {0x10a337fa0, 0xc000812f00}, {0xc00119f2c0, 0x6, 0x0?})
	/Users/jace/go/pkg/mod/github.com/!three!dots!labs/watermill@v1.4.6/message/router.go:645 +0x2b4
github.com/ThreeDotsLabs/watermill/message.(*Router).RunHandlers.func1()
	/Users/jace/go/pkg/mod/github.com/!three!dots!labs/watermill@v1.4.6/message/router.go:460 +0x145
created by github.com/ThreeDotsLabs/watermill/message.(*Router).RunHandlers in goroutine 12376
	/Users/jace/go/pkg/mod/github.com/!three!dots!labs/watermill@v1.4.6/message/router.go:453 +0x606

goroutine 18953 [chan receive, 3 minutes]:
github.com/ThreeDotsLabs/watermill/message.(*handler).run(0xc000a71930, {0x10a337fa0, 0xc001136230}, {0xc0011ce000, 0x6, 0xc000eccf78?})
	/Users/jace/go/pkg/mod/github.com/!three!dots!labs/watermill@v1.4.6/message/router.go:645 +0x2b4
github.com/ThreeDotsLabs/watermill/message.(*Router).RunHandlers.func1()
	/Users/jace/go/pkg/mod/github.com/!three!dots!labs/watermill@v1.4.6/message/router.go:460 +0x145
created by github.com/ThreeDotsLabs/watermill/message.(*Router).RunHandlers in goroutine 18988
	/Users/jace/go/pkg/mod/github.com/!three!dots!labs/watermill@v1.4.6/message/router.go:453 +0x606

goroutine 12705 [select, 3 minutes]:
github.com/nats-io/nats.go/jetstream.(*pullSubscription).pullMessages(0xc000122ea0, {0xc00066f480, 0x40})
	/Users/jace/go/pkg/mod/github.com/nats-io/nats.go@v1.41.1/jetstream/pull.go:955 +0x91
created by github.com/nats-io/nats.go/jetstream.(*pullConsumer).Messages in goroutine 12376
	/Users/jace/go/pkg/mod/github.com/nats-io/nats.go@v1.41.1/jetstream/pull.go:534 +0x748

goroutine 12313 [select, 3 minutes]:
github.com/nats-io/nats.go/jetstream.(*pullSubscription).pullMessages(0xc0010421b0, {0xc00093f440, 0x5a})
	/Users/jace/go/pkg/mod/github.com/nats-io/nats.go@v1.41.1/jetstream/pull.go:955 +0x91
created by github.com/nats-io/nats.go/jetstream.(*pullConsumer).Messages in goroutine 12376
	/Users/jace/go/pkg/mod/github.com/nats-io/nats.go@v1.41.1/jetstream/pull.go:534 +0x748

goroutine 12527 [select, 3 minutes]:
github.com/nats-io/nats.go/jetstream.(*pullSubscription).Next(0xc000b75dd0)
	/Users/jace/go/pkg/mod/github.com/nats-io/nats.go@v1.41.1/jetstream/pull.go:589 +0x285
github.com/Black-And-White-Club/frolf-bot-shared/eventbus.(*eventBus).Subscribe.func1()
	/Users/jace/Documents/GitHub/frolf-bot-shared/eventbus/eventbus.go:326 +0x169
created by github.com/Black-And-White-Club/frolf-bot-shared/eventbus.(*eventBus).Subscribe in goroutine 12376
	/Users/jace/Documents/GitHub/frolf-bot-shared/eventbus/eventbus.go:315 +0xbf1

goroutine 11599 [sync.WaitGroup.Wait, 3 minutes]:
sync.runtime_SemacquireWaitGroup(0xc0009ec7e0?)
	/usr/local/Cellar/go/1.24.2/libexec/src/runtime/sema.go:110 +0x25
sync.(*WaitGroup).Wait(0xc00121ff40?)
	/usr/local/Cellar/go/1.24.2/libexec/src/sync/waitgroup.go:118 +0x48
github.com/ThreeDotsLabs/watermill/message.(*Router).waitForHandlers.func1()
	/Users/jace/go/pkg/mod/github.com/!three!dots!labs/watermill@v1.4.6/message/router.go:579 +0x4b
created by github.com/ThreeDotsLabs/watermill/message.(*Router).waitForHandlers in goroutine 10441
	/Users/jace/go/pkg/mod/github.com/!three!dots!labs/watermill@v1.4.6/message/router.go:577 +0x87

goroutine 11007 [sync.Cond.Wait, 3 minutes]:
sync.runtime_notifyListWait(0xc00083b450, 0x2)
	/usr/local/Cellar/go/1.24.2/libexec/src/runtime/sema.go:597 +0x159
sync.(*Cond).Wait(0x0?)
	/usr/local/Cellar/go/1.24.2/libexec/src/sync/cond.go:71 +0x85
github.com/nats-io/nats%2ego.(*Conn).waitForMsgs(0xc00041d808, 0xc0007a84b0)
	/Users/jace/go/pkg/mod/github.com/nats-io/nats.go@v1.41.1/nats.go:3178 +0xc5
created by github.com/nats-io/nats%2ego.(*Conn).subscribeLocked in goroutine 10441
	/Users/jace/go/pkg/mod/github.com/nats-io/nats.go@v1.41.1/nats.go:4468 +0x419

goroutine 23126 [select, 2 minutes]:
github.com/nats-io/nats.go/jetstream.(*pullSubscription).pullMessages(0xc001590900, {0xc00004f7c0, 0x45})
	/Users/jace/go/pkg/mod/github.com/nats-io/nats.go@v1.41.1/jetstream/pull.go:955 +0x91
created by github.com/nats-io/nats.go/jetstream.(*pullConsumer).Messages in goroutine 23038
	/Users/jace/go/pkg/mod/github.com/nats-io/nats.go@v1.41.1/jetstream/pull.go:534 +0x748

goroutine 14961 [chan receive, 3 minutes]:
github.com/ThreeDotsLabs/watermill/message.(*messageTransformSubscriberDecorator).Subscribe.func1()
	/Users/jace/go/pkg/mod/github.com/!three!dots!labs/watermill@v1.4.6/message/decorator.go:52 +0x85
created by github.com/ThreeDotsLabs/watermill/message.(*messageTransformSubscriberDecorator).Subscribe in goroutine 14800
	/Users/jace/go/pkg/mod/github.com/!three!dots!labs/watermill@v1.4.6/message/decorator.go:51 +0xc7

goroutine 11205 [select, 3 minutes]:
github.com/nats-io/nats.go/jetstream.(*pullConsumer).Messages.func2()
	/Users/jace/go/pkg/mod/github.com/nats-io/nats.go@v1.41.1/jetstream/pull.go:538 +0x68
created by github.com/nats-io/nats.go/jetstream.(*pullConsumer).Messages in goroutine 11006
	/Users/jace/go/pkg/mod/github.com/nats-io/nats.go@v1.41.1/jetstream/pull.go:536 +0x78a

goroutine 11384 [chan receive, 3 minutes]:
github.com/ThreeDotsLabs/watermill/message.(*handler).run(0xc000d7ac30, {0x10a337fa0, 0xc00098b0e0}, {0xc0001fc480, 0x6, 0x0?})
	/Users/jace/go/pkg/mod/github.com/!three!dots!labs/watermill@v1.4.6/message/router.go:645 +0x2b4
github.com/ThreeDotsLabs/watermill/message.(*Router).RunHandlers.func1()
	/Users/jace/go/pkg/mod/github.com/!three!dots!labs/watermill@v1.4.6/message/router.go:460 +0x145
created by github.com/ThreeDotsLabs/watermill/message.(*Router).RunHandlers in goroutine 11006
	/Users/jace/go/pkg/mod/github.com/!three!dots!labs/watermill@v1.4.6/message/router.go:453 +0x606

goroutine 15163 [chan receive, 3 minutes]:
github.com/ThreeDotsLabs/watermill/message.(*handler).run(0xc000967860, {0x10a337fa0, 0xc0000eb540}, {0xc0001fc840, 0x6, 0x3a36303a34315430?})
	/Users/jace/go/pkg/mod/github.com/!three!dots!labs/watermill@v1.4.6/message/router.go:645 +0x2b4
github.com/ThreeDotsLabs/watermill/message.(*Router).RunHandlers.func1()
	/Users/jace/go/pkg/mod/github.com/!three!dots!labs/watermill@v1.4.6/message/router.go:460 +0x145
created by github.com/ThreeDotsLabs/watermill/message.(*Router).RunHandlers in goroutine 14800
	/Users/jace/go/pkg/mod/github.com/!three!dots!labs/watermill@v1.4.6/message/router.go:453 +0x606

goroutine 11381 [select, 3 minutes]:
github.com/nats-io/nats.go/jetstream.(*pullConsumer).Messages.func2()
	/Users/jace/go/pkg/mod/github.com/nats-io/nats.go@v1.41.1/jetstream/pull.go:538 +0x68
created by github.com/nats-io/nats.go/jetstream.(*pullConsumer).Messages in goroutine 11006
	/Users/jace/go/pkg/mod/github.com/nats-io/nats.go@v1.41.1/jetstream/pull.go:536 +0x78a

goroutine 13750 [select, 3 minutes]:
github.com/nats-io/nats.go/jetstream.(*pullSubscription).Next(0xc0007090e0)
	/Users/jace/go/pkg/mod/github.com/nats-io/nats.go@v1.41.1/jetstream/pull.go:589 +0x285
github.com/Black-And-White-Club/frolf-bot-shared/eventbus.(*eventBus).Subscribe.func1()
	/Users/jace/Documents/GitHub/frolf-bot-shared/eventbus/eventbus.go:326 +0x169
created by github.com/Black-And-White-Club/frolf-bot-shared/eventbus.(*eventBus).Subscribe in goroutine 13489
	/Users/jace/Documents/GitHub/frolf-bot-shared/eventbus/eventbus.go:315 +0xbf1

goroutine 11301 [chan receive, 3 minutes]:
github.com/ThreeDotsLabs/watermill/message.(*handler).run(0xc000d7a750, {0x10a337fa0, 0xc000812140}, {0xc0001fc180, 0x6, 0x0?})
	/Users/jace/go/pkg/mod/github.com/!three!dots!labs/watermill@v1.4.6/message/router.go:645 +0x2b4
github.com/ThreeDotsLabs/watermill/message.(*Router).RunHandlers.func1()
	/Users/jace/go/pkg/mod/github.com/!three!dots!labs/watermill@v1.4.6/message/router.go:460 +0x145
created by github.com/ThreeDotsLabs/watermill/message.(*Router).RunHandlers in goroutine 11006
	/Users/jace/go/pkg/mod/github.com/!three!dots!labs/watermill@v1.4.6/message/router.go:453 +0x606

goroutine 14927 [chan receive, 3 minutes]:
github.com/ThreeDotsLabs/watermill/message.(*messageTransformSubscriberDecorator).Subscribe.func1()
	/Users/jace/go/pkg/mod/github.com/!three!dots!labs/watermill@v1.4.6/message/decorator.go:52 +0x85
created by github.com/ThreeDotsLabs/watermill/message.(*messageTransformSubscriberDecorator).Subscribe in goroutine 14800
	/Users/jace/go/pkg/mod/github.com/!three!dots!labs/watermill@v1.4.6/message/decorator.go:51 +0xc7

goroutine 31365 [chan receive, 2 minutes]:
github.com/ThreeDotsLabs/watermill/message.(*messageTransformSubscriberDecorator).Subscribe.func1()
	/Users/jace/go/pkg/mod/github.com/!three!dots!labs/watermill@v1.4.6/message/decorator.go:52 +0x85
created by github.com/ThreeDotsLabs/watermill/message.(*messageTransformSubscriberDecorator).Subscribe in goroutine 31164
	/Users/jace/go/pkg/mod/github.com/!three!dots!labs/watermill@v1.4.6/message/decorator.go:51 +0xc7

goroutine 15205 [chan receive, 3 minutes]:
github.com/ThreeDotsLabs/watermill/message.(*messageTransformSubscriberDecorator).Subscribe.func1()
	/Users/jace/go/pkg/mod/github.com/!three!dots!labs/watermill@v1.4.6/message/decorator.go:52 +0x85
created by github.com/ThreeDotsLabs/watermill/message.(*messageTransformSubscriberDecorator).Subscribe in goroutine 14800
	/Users/jace/go/pkg/mod/github.com/!three!dots!labs/watermill@v1.4.6/message/decorator.go:51 +0xc7

goroutine 27500 [chan receive, 2 minutes]:
github.com/ThreeDotsLabs/watermill/message.(*messageTransformSubscriberDecorator).Subscribe.func1()
	/Users/jace/go/pkg/mod/github.com/!three!dots!labs/watermill@v1.4.6/message/decorator.go:52 +0x85
created by github.com/ThreeDotsLabs/watermill/message.(*messageTransformSubscriberDecorator).Subscribe in goroutine 27088
	/Users/jace/go/pkg/mod/github.com/!three!dots!labs/watermill@v1.4.6/message/decorator.go:51 +0xc7

goroutine 11238 [select, 3 minutes]:
github.com/nats-io/nats.go/jetstream.(*pullConsumer).Messages.func2()
	/Users/jace/go/pkg/mod/github.com/nats-io/nats.go@v1.41.1/jetstream/pull.go:538 +0x68
created by github.com/nats-io/nats.go/jetstream.(*pullConsumer).Messages in goroutine 11006
	/Users/jace/go/pkg/mod/github.com/nats-io/nats.go@v1.41.1/jetstream/pull.go:536 +0x78a

goroutine 26358 [chan receive, 2 minutes]:
github.com/ThreeDotsLabs/watermill/message.(*messageTransformSubscriberDecorator).Subscribe.func1()
	/Users/jace/go/pkg/mod/github.com/!three!dots!labs/watermill@v1.4.6/message/decorator.go:52 +0x85
created by github.com/ThreeDotsLabs/watermill/message.(*messageTransformSubscriberDecorator).Subscribe in goroutine 27088
	/Users/jace/go/pkg/mod/github.com/!three!dots!labs/watermill@v1.4.6/message/decorator.go:51 +0xc7

goroutine 15127 [select, 3 minutes]:
github.com/nats-io/nats.go/jetstream.(*pullSubscription).pullMessages(0xc001278c60, {0xc000806960, 0x4b})
	/Users/jace/go/pkg/mod/github.com/nats-io/nats.go@v1.41.1/jetstream/pull.go:955 +0x91
created by github.com/nats-io/nats.go/jetstream.(*pullConsumer).Messages in goroutine 14800
	/Users/jace/go/pkg/mod/github.com/nats-io/nats.go@v1.41.1/jetstream/pull.go:534 +0x748

goroutine 27227 [chan receive, 2 minutes]:
github.com/ThreeDotsLabs/watermill/message.(*handler).run(0xc000b84a90, {0x10a337fa0, 0xc000995270}, {0xc0012ed740, 0x6, 0x0?})
	/Users/jace/go/pkg/mod/github.com/!three!dots!labs/watermill@v1.4.6/message/router.go:645 +0x2b4
github.com/ThreeDotsLabs/watermill/message.(*Router).RunHandlers.func1()
	/Users/jace/go/pkg/mod/github.com/!three!dots!labs/watermill@v1.4.6/message/router.go:460 +0x145
created by github.com/ThreeDotsLabs/watermill/message.(*Router).RunHandlers in goroutine 27088
	/Users/jace/go/pkg/mod/github.com/!three!dots!labs/watermill@v1.4.6/message/router.go:453 +0x606

goroutine 11207 [chan receive, 3 minutes]:
github.com/ThreeDotsLabs/watermill/message.(*messageTransformSubscriberDecorator).Subscribe.func1()
	/Users/jace/go/pkg/mod/github.com/!three!dots!labs/watermill@v1.4.6/message/decorator.go:52 +0x85
created by github.com/ThreeDotsLabs/watermill/message.(*messageTransformSubscriberDecorator).Subscribe in goroutine 11006
	/Users/jace/go/pkg/mod/github.com/!three!dots!labs/watermill@v1.4.6/message/decorator.go:51 +0xc7

goroutine 11265 [select, 3 minutes]:
github.com/nats-io/nats.go/jetstream.(*pullSubscription).pullMessages(0xc0011a4240, {0xc0007d6320, 0x4f})
	/Users/jace/go/pkg/mod/github.com/nats-io/nats.go@v1.41.1/jetstream/pull.go:955 +0x91
created by github.com/nats-io/nats.go/jetstream.(*pullConsumer).Messages in goroutine 11006
	/Users/jace/go/pkg/mod/github.com/nats-io/nats.go@v1.41.1/jetstream/pull.go:534 +0x748

goroutine 33145 [chan receive, 2 minutes]:
github.com/ThreeDotsLabs/watermill/message.(*messageTransformSubscriberDecorator).Subscribe.func1()
	/Users/jace/go/pkg/mod/github.com/!three!dots!labs/watermill@v1.4.6/message/decorator.go:52 +0x85
created by github.com/ThreeDotsLabs/watermill/message.(*messageTransformSubscriberDecorator).Subscribe in goroutine 33200
	/Users/jace/go/pkg/mod/github.com/!three!dots!labs/watermill@v1.4.6/message/decorator.go:51 +0xc7

goroutine 23386 [select, 2 minutes]:
github.com/nats-io/nats.go/jetstream.(*pullSubscription).pullMessages(0xc000b89200, {0xc000806550, 0x45})
	/Users/jace/go/pkg/mod/github.com/nats-io/nats.go@v1.41.1/jetstream/pull.go:955 +0x91
created by github.com/nats-io/nats.go/jetstream.(*pullConsumer).Messages in goroutine 23038
	/Users/jace/go/pkg/mod/github.com/nats-io/nats.go@v1.41.1/jetstream/pull.go:534 +0x748

goroutine 11137 [select, 3 minutes]:
github.com/nats-io/nats.go/jetstream.(*pullSubscription).pullMessages(0xc000f91dd0, {0xc0008b37c0, 0x45})
	/Users/jace/go/pkg/mod/github.com/nats-io/nats.go@v1.41.1/jetstream/pull.go:955 +0x91
created by github.com/nats-io/nats.go/jetstream.(*pullConsumer).Messages in goroutine 11006
	/Users/jace/go/pkg/mod/github.com/nats-io/nats.go@v1.41.1/jetstream/pull.go:534 +0x748

goroutine 11170 [select, 3 minutes]:
github.com/nats-io/nats.go/jetstream.(*pullConsumer).Messages.func2()
	/Users/jace/go/pkg/mod/github.com/nats-io/nats.go@v1.41.1/jetstream/pull.go:538 +0x68
created by github.com/nats-io/nats.go/jetstream.(*pullConsumer).Messages in goroutine 11006
	/Users/jace/go/pkg/mod/github.com/nats-io/nats.go@v1.41.1/jetstream/pull.go:536 +0x78a

goroutine 11171 [select, 3 minutes]:
github.com/nats-io/nats.go/jetstream.(*pullSubscription).Next(0xc000f91dd0)
	/Users/jace/go/pkg/mod/github.com/nats-io/nats.go@v1.41.1/jetstream/pull.go:589 +0x285
github.com/Black-And-White-Club/frolf-bot-shared/eventbus.(*eventBus).Subscribe.func1()
	/Users/jace/Documents/GitHub/frolf-bot-shared/eventbus/eventbus.go:326 +0x169
created by github.com/Black-And-White-Club/frolf-bot-shared/eventbus.(*eventBus).Subscribe in goroutine 11006
	/Users/jace/Documents/GitHub/frolf-bot-shared/eventbus/eventbus.go:315 +0xbf1

goroutine 11172 [chan receive, 3 minutes]:
github.com/ThreeDotsLabs/watermill/message.(*messageTransformSubscriberDecorator).Subscribe.func1()
	/Users/jace/go/pkg/mod/github.com/!three!dots!labs/watermill@v1.4.6/message/decorator.go:52 +0x85
created by github.com/ThreeDotsLabs/watermill/message.(*messageTransformSubscriberDecorator).Subscribe in goroutine 11006
	/Users/jace/go/pkg/mod/github.com/!three!dots!labs/watermill@v1.4.6/message/decorator.go:51 +0xc7

goroutine 11173 [chan receive, 3 minutes]:
github.com/ThreeDotsLabs/watermill/message.(*handler).run(0xc000d7b5f0, {0x10a337fa0, 0xc0010e3810}, {0xc0010d60c0, 0x6, 0x0?})
	/Users/jace/go/pkg/mod/github.com/!three!dots!labs/watermill@v1.4.6/message/router.go:645 +0x2b4
github.com/ThreeDotsLabs/watermill/message.(*Router).RunHandlers.func1()
	/Users/jace/go/pkg/mod/github.com/!three!dots!labs/watermill@v1.4.6/message/router.go:460 +0x145
created by github.com/ThreeDotsLabs/watermill/message.(*Router).RunHandlers in goroutine 11006
	/Users/jace/go/pkg/mod/github.com/!three!dots!labs/watermill@v1.4.6/message/router.go:453 +0x606

goroutine 13540 [chan receive, 3 minutes]:
github.com/ThreeDotsLabs/watermill/message.(*handler).run(0xc00111eb60, {0x10a337fa0, 0xc000226aa0}, {0xc0014b4000, 0x6, 0xc001233f78?})
	/Users/jace/go/pkg/mod/github.com/!three!dots!labs/watermill@v1.4.6/message/router.go:645 +0x2b4
github.com/ThreeDotsLabs/watermill/message.(*Router).RunHandlers.func1()
	/Users/jace/go/pkg/mod/github.com/!three!dots!labs/watermill@v1.4.6/message/router.go:460 +0x145
created by github.com/ThreeDotsLabs/watermill/message.(*Router).RunHandlers in goroutine 13489
	/Users/jace/go/pkg/mod/github.com/!three!dots!labs/watermill@v1.4.6/message/router.go:453 +0x606

goroutine 13759 [select, 3 minutes]:
github.com/nats-io/nats.go/jetstream.(*pullConsumer).Messages.func2()
	/Users/jace/go/pkg/mod/github.com/nats-io/nats.go@v1.41.1/jetstream/pull.go:538 +0x68
created by github.com/nats-io/nats.go/jetstream.(*pullConsumer).Messages in goroutine 13489
	/Users/jace/go/pkg/mod/github.com/nats-io/nats.go@v1.41.1/jetstream/pull.go:536 +0x78a

goroutine 23266 [select, 2 minutes]:
github.com/nats-io/nats.go/jetstream.(*pullSubscription).Next(0xc0007082d0)
	/Users/jace/go/pkg/mod/github.com/nats-io/nats.go@v1.41.1/jetstream/pull.go:589 +0x285
github.com/Black-And-White-Club/frolf-bot-shared/eventbus.(*eventBus).Subscribe.func1()
	/Users/jace/Documents/GitHub/frolf-bot-shared/eventbus/eventbus.go:326 +0x169
created by github.com/Black-And-White-Club/frolf-bot-shared/eventbus.(*eventBus).Subscribe in goroutine 23038
	/Users/jace/Documents/GitHub/frolf-bot-shared/eventbus/eventbus.go:315 +0xbf1

goroutine 11429 [select, 3 minutes]:
github.com/nats-io/nats.go/jetstream.(*pullSubscription).Next(0xc001282e10)
	/Users/jace/go/pkg/mod/github.com/nats-io/nats.go@v1.41.1/jetstream/pull.go:589 +0x285
github.com/Black-And-White-Club/frolf-bot-shared/eventbus.(*eventBus).Subscribe.func1()
	/Users/jace/Documents/GitHub/frolf-bot-shared/eventbus/eventbus.go:326 +0x169
created by github.com/Black-And-White-Club/frolf-bot-shared/eventbus.(*eventBus).Subscribe in goroutine 11006
	/Users/jace/Documents/GitHub/frolf-bot-shared/eventbus/eventbus.go:315 +0xbf1

goroutine 11494 [select, 3 minutes]:
github.com/nats-io/nats.go/jetstream.(*pullConsumer).Messages.func2()
	/Users/jace/go/pkg/mod/github.com/nats-io/nats.go@v1.41.1/jetstream/pull.go:538 +0x68
created by github.com/nats-io/nats.go/jetstream.(*pullConsumer).Messages in goroutine 11006
	/Users/jace/go/pkg/mod/github.com/nats-io/nats.go@v1.41.1/jetstream/pull.go:536 +0x78a

goroutine 15060 [chan receive, 3 minutes]:
github.com/ThreeDotsLabs/watermill/message.(*messageTransformSubscriberDecorator).Subscribe.func1()
	/Users/jace/go/pkg/mod/github.com/!three!dots!labs/watermill@v1.4.6/message/decorator.go:52 +0x85
created by github.com/ThreeDotsLabs/watermill/message.(*messageTransformSubscriberDecorator).Subscribe in goroutine 14800
	/Users/jace/go/pkg/mod/github.com/!three!dots!labs/watermill@v1.4.6/message/decorator.go:51 +0xc7

goroutine 12396 [select, 3 minutes]:
github.com/nats-io/nats.go/jetstream.(*pullSubscription).Next(0xc000b74ea0)
	/Users/jace/go/pkg/mod/github.com/nats-io/nats.go@v1.41.1/jetstream/pull.go:589 +0x285
github.com/Black-And-White-Club/frolf-bot-shared/eventbus.(*eventBus).Subscribe.func1()
	/Users/jace/Documents/GitHub/frolf-bot-shared/eventbus/eventbus.go:326 +0x169
created by github.com/Black-And-White-Club/frolf-bot-shared/eventbus.(*eventBus).Subscribe in goroutine 12376
	/Users/jace/Documents/GitHub/frolf-bot-shared/eventbus/eventbus.go:315 +0xbf1

goroutine 14971 [chan receive, 3 minutes]:
github.com/ThreeDotsLabs/watermill/message.(*messageTransformSubscriberDecorator).Subscribe.func1()
	/Users/jace/go/pkg/mod/github.com/!three!dots!labs/watermill@v1.4.6/message/decorator.go:52 +0x85
created by github.com/ThreeDotsLabs/watermill/message.(*messageTransformSubscriberDecorator).Subscribe in goroutine 14800
	/Users/jace/go/pkg/mod/github.com/!three!dots!labs/watermill@v1.4.6/message/decorator.go:51 +0xc7

goroutine 13786 [select, 3 minutes]:
github.com/nats-io/nats.go/jetstream.(*pullConsumer).Messages.func2()
	/Users/jace/go/pkg/mod/github.com/nats-io/nats.go@v1.41.1/jetstream/pull.go:538 +0x68
created by github.com/nats-io/nats.go/jetstream.(*pullConsumer).Messages in goroutine 13489
	/Users/jace/go/pkg/mod/github.com/nats-io/nats.go@v1.41.1/jetstream/pull.go:536 +0x78a

goroutine 11495 [select, 3 minutes]:
github.com/nats-io/nats.go/jetstream.(*pullSubscription).Next(0xc001209050)
	/Users/jace/go/pkg/mod/github.com/nats-io/nats.go@v1.41.1/jetstream/pull.go:589 +0x285
github.com/Black-And-White-Club/frolf-bot-shared/eventbus.(*eventBus).Subscribe.func1()
	/Users/jace/Documents/GitHub/frolf-bot-shared/eventbus/eventbus.go:326 +0x169
created by github.com/Black-And-White-Club/frolf-bot-shared/eventbus.(*eventBus).Subscribe in goroutine 11006
	/Users/jace/Documents/GitHub/frolf-bot-shared/eventbus/eventbus.go:315 +0xbf1

goroutine 11589 [chan receive, 3 minutes]:
github.com/ThreeDotsLabs/watermill/message.(*messageTransformSubscriberDecorator).Subscribe.func1()
	/Users/jace/go/pkg/mod/github.com/!three!dots!labs/watermill@v1.4.6/message/decorator.go:52 +0x85
created by github.com/ThreeDotsLabs/watermill/message.(*messageTransformSubscriberDecorator).Subscribe in goroutine 11006
	/Users/jace/go/pkg/mod/github.com/!three!dots!labs/watermill@v1.4.6/message/decorator.go:51 +0xc7

goroutine 11590 [chan receive, 3 minutes]:
github.com/ThreeDotsLabs/watermill/message.(*handler).run(0xc000d7b860, {0x10a337fa0, 0xc0009b6320}, {0xc000458300, 0x6, 0xc0004755a0?})
	/Users/jace/go/pkg/mod/github.com/!three!dots!labs/watermill@v1.4.6/message/router.go:645 +0x2b4
github.com/ThreeDotsLabs/watermill/message.(*Router).RunHandlers.func1()
	/Users/jace/go/pkg/mod/github.com/!three!dots!labs/watermill@v1.4.6/message/router.go:460 +0x145
created by github.com/ThreeDotsLabs/watermill/message.(*Router).RunHandlers in goroutine 11006
	/Users/jace/go/pkg/mod/github.com/!three!dots!labs/watermill@v1.4.6/message/router.go:453 +0x606

goroutine 12397 [chan receive, 3 minutes]:
github.com/ThreeDotsLabs/watermill/message.(*messageTransformSubscriberDecorator).Subscribe.func1()
	/Users/jace/go/pkg/mod/github.com/!three!dots!labs/watermill@v1.4.6/message/decorator.go:52 +0x85
created by github.com/ThreeDotsLabs/watermill/message.(*messageTransformSubscriberDecorator).Subscribe in goroutine 12376
	/Users/jace/go/pkg/mod/github.com/!three!dots!labs/watermill@v1.4.6/message/decorator.go:51 +0xc7

goroutine 12849 [select]:
github.com/nats-io/nats%2ego.(*Conn).doReconnect(0xc000746a08, {0x10a327f28, 0x10acedb30}, 0x0)
	/Users/jace/go/pkg/mod/github.com/nats-io/nats.go@v1.41.1/nats.go:2907 +0x41a
created by github.com/nats-io/nats%2ego.(*Conn).processOpErr in goroutine 12331
	/Users/jace/go/pkg/mod/github.com/nats-io/nats.go@v1.41.1/nats.go:3043 +0x2f3

goroutine 19241 [chan receive, 3 minutes]:
github.com/ThreeDotsLabs/watermill/message.(*handler).run(0xc000a71ad0, {0x10a337fa0, 0xc000c83ae0}, {0xc0012fa240, 0x6, 0xc000c0e788?})
	/Users/jace/go/pkg/mod/github.com/!three!dots!labs/watermill@v1.4.6/message/router.go:645 +0x2b4
github.com/ThreeDotsLabs/watermill/message.(*Router).RunHandlers.func1()
	/Users/jace/go/pkg/mod/github.com/!three!dots!labs/watermill@v1.4.6/message/router.go:460 +0x145
created by github.com/ThreeDotsLabs/watermill/message.(*Router).RunHandlers in goroutine 18988
	/Users/jace/go/pkg/mod/github.com/!three!dots!labs/watermill@v1.4.6/message/router.go:453 +0x606

goroutine 12848 [select]:
github.com/nats-io/nats%2ego.(*Conn).doReconnect(0xc00041d108, {0x10a327f28, 0x10acedb30}, 0x0)
	/Users/jace/go/pkg/mod/github.com/nats-io/nats.go@v1.41.1/nats.go:2907 +0x41a
created by github.com/nats-io/nats%2ego.(*Conn).processOpErr in goroutine 12307
	/Users/jace/go/pkg/mod/github.com/nats-io/nats.go@v1.41.1/nats.go:3043 +0x2f3

goroutine 12914 [select]:
github.com/nats-io/nats%2ego.(*Conn).doReconnect(0xc000d14e08, {0x10a327f28, 0x10acedb30}, 0x0)
	/Users/jace/go/pkg/mod/github.com/nats-io/nats.go@v1.41.1/nats.go:2907 +0x41a
created by github.com/nats-io/nats%2ego.(*Conn).processOpErr in goroutine 12327
	/Users/jace/go/pkg/mod/github.com/nats-io/nats.go@v1.41.1/nats.go:3043 +0x2f3

goroutine 23535 [chan receive, 2 minutes]:
github.com/ThreeDotsLabs/watermill/message.(*messageTransformSubscriberDecorator).Subscribe.func1()
	/Users/jace/go/pkg/mod/github.com/!three!dots!labs/watermill@v1.4.6/message/decorator.go:52 +0x85
created by github.com/ThreeDotsLabs/watermill/message.(*messageTransformSubscriberDecorator).Subscribe in goroutine 23038
	/Users/jace/go/pkg/mod/github.com/!three!dots!labs/watermill@v1.4.6/message/decorator.go:51 +0xc7

goroutine 23058 [chan receive, 2 minutes]:
github.com/ThreeDotsLabs/watermill/message.(*messageTransformSubscriberDecorator).Subscribe.func1()
	/Users/jace/go/pkg/mod/github.com/!three!dots!labs/watermill@v1.4.6/message/decorator.go:52 +0x85
created by github.com/ThreeDotsLabs/watermill/message.(*messageTransformSubscriberDecorator).Subscribe in goroutine 23038
	/Users/jace/go/pkg/mod/github.com/!three!dots!labs/watermill@v1.4.6/message/decorator.go:51 +0xc7

goroutine 32470 [chan receive, 2 minutes]:
github.com/ThreeDotsLabs/watermill/message.(*messageTransformSubscriberDecorator).Subscribe.func1()
	/Users/jace/go/pkg/mod/github.com/!three!dots!labs/watermill@v1.4.6/message/decorator.go:52 +0x85
created by github.com/ThreeDotsLabs/watermill/message.(*messageTransformSubscriberDecorator).Subscribe in goroutine 32049
	/Users/jace/go/pkg/mod/github.com/!three!dots!labs/watermill@v1.4.6/message/decorator.go:51 +0xc7

goroutine 27151 [chan receive, 2 minutes]:
github.com/ThreeDotsLabs/watermill/message.(*handler).run(0xc0006a75f0, {0x10a337fa0, 0xc000a2cc80}, {0xc001624540, 0x6, 0x4?})
	/Users/jace/go/pkg/mod/github.com/!three!dots!labs/watermill@v1.4.6/message/router.go:645 +0x2b4
github.com/ThreeDotsLabs/watermill/message.(*Router).RunHandlers.func1()
	/Users/jace/go/pkg/mod/github.com/!three!dots!labs/watermill@v1.4.6/message/router.go:460 +0x145
created by github.com/ThreeDotsLabs/watermill/message.(*Router).RunHandlers in goroutine 27088
	/Users/jace/go/pkg/mod/github.com/!three!dots!labs/watermill@v1.4.6/message/router.go:453 +0x606

goroutine 14982 [select, 3 minutes]:
github.com/nats-io/nats.go/jetstream.(*pullSubscription).Next(0xc001123290)
	/Users/jace/go/pkg/mod/github.com/nats-io/nats.go@v1.41.1/jetstream/pull.go:589 +0x285
github.com/Black-And-White-Club/frolf-bot-shared/eventbus.(*eventBus).Subscribe.func1()
	/Users/jace/Documents/GitHub/frolf-bot-shared/eventbus/eventbus.go:326 +0x169
created by github.com/Black-And-White-Club/frolf-bot-shared/eventbus.(*eventBus).Subscribe in goroutine 14800
	/Users/jace/Documents/GitHub/frolf-bot-shared/eventbus/eventbus.go:315 +0xbf1

goroutine 33235 [chan receive, 2 minutes]:
github.com/ThreeDotsLabs/watermill/message.(*messageTransformSubscriberDecorator).Subscribe.func1()
	/Users/jace/go/pkg/mod/github.com/!three!dots!labs/watermill@v1.4.6/message/decorator.go:52 +0x85
created by github.com/ThreeDotsLabs/watermill/message.(*messageTransformSubscriberDecorator).Subscribe in goroutine 33200
	/Users/jace/go/pkg/mod/github.com/!three!dots!labs/watermill@v1.4.6/message/decorator.go:51 +0xc7

goroutine 32284 [select, 2 minutes]:
github.com/nats-io/nats.go/jetstream.(*pullSubscription).pullMessages(0xc000b74e10, {0xc0017e8360, 0x58})
	/Users/jace/go/pkg/mod/github.com/nats-io/nats.go@v1.41.1/jetstream/pull.go:955 +0x91
created by github.com/nats-io/nats.go/jetstream.(*pullConsumer).Messages in goroutine 32418
	/Users/jace/go/pkg/mod/github.com/nats-io/nats.go@v1.41.1/jetstream/pull.go:534 +0x748

goroutine 31125 [sync.Cond.Wait, 2 minutes]:
sync.runtime_notifyListWait(0xc000ba6d10, 0x0)
	/usr/local/Cellar/go/1.24.2/libexec/src/runtime/sema.go:597 +0x159
sync.(*Cond).Wait(0xc001bbdf80?)
	/usr/local/Cellar/go/1.24.2/libexec/src/sync/cond.go:71 +0x85
github.com/nats-io/nats%2ego.(*asyncCallbacksHandler).asyncCBDispatcher(0xc0010bada0)
	/Users/jace/go/pkg/mod/github.com/nats-io/nats.go@v1.41.1/nats.go:3059 +0xdd
created by github.com/nats-io/nats%2ego.Options.Connect in goroutine 30397
	/Users/jace/go/pkg/mod/github.com/nats-io/nats.go@v1.41.1/nats.go:1635 +0x387

goroutine 13498 [chan receive, 3 minutes]:
github.com/ThreeDotsLabs/watermill/message.(*messageTransformSubscriberDecorator).Subscribe.func1()
	/Users/jace/go/pkg/mod/github.com/!three!dots!labs/watermill@v1.4.6/message/decorator.go:52 +0x85
created by github.com/ThreeDotsLabs/watermill/message.(*messageTransformSubscriberDecorator).Subscribe in goroutine 13489
	/Users/jace/go/pkg/mod/github.com/!three!dots!labs/watermill@v1.4.6/message/decorator.go:51 +0xc7

goroutine 32302 [chan receive, 2 minutes]:
github.com/ThreeDotsLabs/watermill/message.(*messageTransformSubscriberDecorator).Subscribe.func1()
	/Users/jace/go/pkg/mod/github.com/!three!dots!labs/watermill@v1.4.6/message/decorator.go:52 +0x85
created by github.com/ThreeDotsLabs/watermill/message.(*messageTransformSubscriberDecorator).Subscribe in goroutine 32049
	/Users/jace/go/pkg/mod/github.com/!three!dots!labs/watermill@v1.4.6/message/decorator.go:51 +0xc7

goroutine 13564 [select, 3 minutes]:
github.com/nats-io/nats.go/jetstream.(*pullSubscription).Next(0xc000a82630)
	/Users/jace/go/pkg/mod/github.com/nats-io/nats.go@v1.41.1/jetstream/pull.go:589 +0x285
github.com/Black-And-White-Club/frolf-bot-shared/eventbus.(*eventBus).Subscribe.func1()
	/Users/jace/Documents/GitHub/frolf-bot-shared/eventbus/eventbus.go:326 +0x169
created by github.com/Black-And-White-Club/frolf-bot-shared/eventbus.(*eventBus).Subscribe in goroutine 13489
	/Users/jace/Documents/GitHub/frolf-bot-shared/eventbus/eventbus.go:315 +0xbf1

goroutine 14671 [select, 3 minutes]:
github.com/nats-io/nats.go/jetstream.(*pullSubscription).Next(0xc0013b0ab0)
	/Users/jace/go/pkg/mod/github.com/nats-io/nats.go@v1.41.1/jetstream/pull.go:589 +0x285
github.com/Black-And-White-Club/frolf-bot-shared/eventbus.(*eventBus).Subscribe.func1()
	/Users/jace/Documents/GitHub/frolf-bot-shared/eventbus/eventbus.go:326 +0x169
created by github.com/Black-And-White-Club/frolf-bot-shared/eventbus.(*eventBus).Subscribe in goroutine 14800
	/Users/jace/Documents/GitHub/frolf-bot-shared/eventbus/eventbus.go:315 +0xbf1

goroutine 13955 [select]:
github.com/nats-io/nats%2ego.(*Conn).doReconnect(0xc000633808, {0x10a327f28, 0x10acedb30}, 0x0)
	/Users/jace/go/pkg/mod/github.com/nats-io/nats.go@v1.41.1/nats.go:2907 +0x41a
created by github.com/nats-io/nats%2ego.(*Conn).processOpErr in goroutine 13385
	/Users/jace/go/pkg/mod/github.com/nats-io/nats.go@v1.41.1/nats.go:3043 +0x2f3

goroutine 13866 [select, 3 minutes]:
github.com/nats-io/nats.go/jetstream.(*pullSubscription).pullMessages(0xc00116e870, {0xc00113a580, 0x3e})
	/Users/jace/go/pkg/mod/github.com/nats-io/nats.go@v1.41.1/jetstream/pull.go:955 +0x91
created by github.com/nats-io/nats.go/jetstream.(*pullConsumer).Messages in goroutine 13489
	/Users/jace/go/pkg/mod/github.com/nats-io/nats.go@v1.41.1/jetstream/pull.go:534 +0x748

goroutine 23290 [select, 2 minutes]:
github.com/nats-io/nats.go/jetstream.(*pullConsumer).Messages.func2()
	/Users/jace/go/pkg/mod/github.com/nats-io/nats.go@v1.41.1/jetstream/pull.go:538 +0x68
created by github.com/nats-io/nats.go/jetstream.(*pullConsumer).Messages in goroutine 23038
	/Users/jace/go/pkg/mod/github.com/nats-io/nats.go@v1.41.1/jetstream/pull.go:536 +0x78a

goroutine 27389 [select, 2 minutes]:
github.com/nats-io/nats.go/jetstream.(*pullSubscription).Next(0xc001920cf0)
	/Users/jace/go/pkg/mod/github.com/nats-io/nats.go@v1.41.1/jetstream/pull.go:589 +0x285
github.com/Black-And-White-Club/frolf-bot-shared/eventbus.(*eventBus).Subscribe.func1()
	/Users/jace/Documents/GitHub/frolf-bot-shared/eventbus/eventbus.go:326 +0x169
created by github.com/Black-And-White-Club/frolf-bot-shared/eventbus.(*eventBus).Subscribe in goroutine 27088
	/Users/jace/Documents/GitHub/frolf-bot-shared/eventbus/eventbus.go:315 +0xbf1

goroutine 34312 [select, 2 minutes]:
github.com/nats-io/nats.go/jetstream.(*pullSubscription).Next(0xc0013b1050)
	/Users/jace/go/pkg/mod/github.com/nats-io/nats.go@v1.41.1/jetstream/pull.go:589 +0x285
github.com/Black-And-White-Club/frolf-bot-shared/eventbus.(*eventBus).Subscribe.func1()
	/Users/jace/Documents/GitHub/frolf-bot-shared/eventbus/eventbus.go:326 +0x169
created by github.com/Black-And-White-Club/frolf-bot-shared/eventbus.(*eventBus).Subscribe in goroutine 34180
	/Users/jace/Documents/GitHub/frolf-bot-shared/eventbus/eventbus.go:315 +0xbf1

goroutine 13789 [chan receive, 3 minutes]:
github.com/ThreeDotsLabs/watermill/message.(*handler).run(0xc00111e270, {0x10a337fa0, 0xc0010e3b80}, {0xc000ffc6c0, 0x6, 0x67617373654d5f64?})
	/Users/jace/go/pkg/mod/github.com/!three!dots!labs/watermill@v1.4.6/message/router.go:645 +0x2b4
github.com/ThreeDotsLabs/watermill/message.(*Router).RunHandlers.func1()
	/Users/jace/go/pkg/mod/github.com/!three!dots!labs/watermill@v1.4.6/message/router.go:460 +0x145
created by github.com/ThreeDotsLabs/watermill/message.(*Router).RunHandlers in goroutine 13489
	/Users/jace/go/pkg/mod/github.com/!three!dots!labs/watermill@v1.4.6/message/router.go:453 +0x606

goroutine 14670 [select, 3 minutes]:
github.com/nats-io/nats.go/jetstream.(*pullConsumer).Messages.func2()
	/Users/jace/go/pkg/mod/github.com/nats-io/nats.go@v1.41.1/jetstream/pull.go:538 +0x68
created by github.com/nats-io/nats.go/jetstream.(*pullConsumer).Messages in goroutine 14800
	/Users/jace/go/pkg/mod/github.com/nats-io/nats.go@v1.41.1/jetstream/pull.go:536 +0x78a

goroutine 11648 [select, 3 minutes]:
github.com/nats-io/nats.go/jetstream.(*pullSubscription).pullMessages(0xc0007f3200, {0xc0007d6000, 0x42})
	/Users/jace/go/pkg/mod/github.com/nats-io/nats.go@v1.41.1/jetstream/pull.go:955 +0x91
created by github.com/nats-io/nats.go/jetstream.(*pullConsumer).Messages in goroutine 13489
	/Users/jace/go/pkg/mod/github.com/nats-io/nats.go@v1.41.1/jetstream/pull.go:534 +0x748

goroutine 13497 [select, 3 minutes]:
github.com/nats-io/nats.go/jetstream.(*pullSubscription).Next(0xc0013b0990)
	/Users/jace/go/pkg/mod/github.com/nats-io/nats.go@v1.41.1/jetstream/pull.go:589 +0x285
github.com/Black-And-White-Club/frolf-bot-shared/eventbus.(*eventBus).Subscribe.func1()
	/Users/jace/Documents/GitHub/frolf-bot-shared/eventbus/eventbus.go:326 +0x169
created by github.com/Black-And-White-Club/frolf-bot-shared/eventbus.(*eventBus).Subscribe in goroutine 13489
	/Users/jace/Documents/GitHub/frolf-bot-shared/eventbus/eventbus.go:315 +0xbf1

goroutine 13495 [select, 3 minutes]:
github.com/nats-io/nats.go/jetstream.(*pullSubscription).pullMessages(0xc0013b0990, {0xc00017f680, 0x4b})
	/Users/jace/go/pkg/mod/github.com/nats-io/nats.go@v1.41.1/jetstream/pull.go:955 +0x91
created by github.com/nats-io/nats.go/jetstream.(*pullConsumer).Messages in goroutine 13489
	/Users/jace/go/pkg/mod/github.com/nats-io/nats.go@v1.41.1/jetstream/pull.go:534 +0x748

goroutine 12377 [sync.WaitGroup.Wait, 3 minutes]:
sync.runtime_SemacquireWaitGroup(0xffffffffffffffff?)
	/usr/local/Cellar/go/1.24.2/libexec/src/runtime/sema.go:110 +0x25
sync.(*WaitGroup).Wait(0x109b5473f?)
	/usr/local/Cellar/go/1.24.2/libexec/src/sync/waitgroup.go:118 +0x48
github.com/ThreeDotsLabs/watermill/message.(*Router).watchAllHandlersStopped.func1()
	/Users/jace/go/pkg/mod/github.com/!three!dots!labs/watermill@v1.4.6/message/router.go:498 +0x86
created by github.com/ThreeDotsLabs/watermill/message.(*Router).watchAllHandlersStopped in goroutine 12376
	/Users/jace/go/pkg/mod/github.com/!three!dots!labs/watermill@v1.4.6/message/router.go:484 +0xec

goroutine 12288 [chan receive, 3 minutes]:
github.com/ThreeDotsLabs/watermill/message.(*messageTransformSubscriberDecorator).Subscribe.func1()
	/Users/jace/go/pkg/mod/github.com/!three!dots!labs/watermill@v1.4.6/message/decorator.go:52 +0x85
created by github.com/ThreeDotsLabs/watermill/message.(*messageTransformSubscriberDecorator).Subscribe in goroutine 12376
	/Users/jace/go/pkg/mod/github.com/!three!dots!labs/watermill@v1.4.6/message/decorator.go:51 +0xc7

goroutine 12289 [chan receive, 3 minutes]:
github.com/ThreeDotsLabs/watermill/message.(*handler).run(0xc00118c820, {0x10a337fa0, 0xc0010e3a40}, {0xc000ea8180, 0x6, 0x1092abf44?})
	/Users/jace/go/pkg/mod/github.com/!three!dots!labs/watermill@v1.4.6/message/router.go:645 +0x2b4
github.com/ThreeDotsLabs/watermill/message.(*Router).RunHandlers.func1()
	/Users/jace/go/pkg/mod/github.com/!three!dots!labs/watermill@v1.4.6/message/router.go:460 +0x145
created by github.com/ThreeDotsLabs/watermill/message.(*Router).RunHandlers in goroutine 12376
	/Users/jace/go/pkg/mod/github.com/!three!dots!labs/watermill@v1.4.6/message/router.go:453 +0x606

goroutine 12505 [select, 3 minutes]:
github.com/nats-io/nats.go/jetstream.(*pullSubscription).pullMessages(0xc0007c5680, {0xc000754000, 0x47})
	/Users/jace/go/pkg/mod/github.com/nats-io/nats.go@v1.41.1/jetstream/pull.go:955 +0x91
created by github.com/nats-io/nats.go/jetstream.(*pullConsumer).Messages in goroutine 12376
	/Users/jace/go/pkg/mod/github.com/nats-io/nats.go@v1.41.1/jetstream/pull.go:534 +0x748

goroutine 12474 [select, 3 minutes]:
github.com/nats-io/nats.go/jetstream.(*pullSubscription).pullMessages(0xc000ba2a20, {0xc0008b2960, 0x4b})
	/Users/jace/go/pkg/mod/github.com/nats-io/nats.go@v1.41.1/jetstream/pull.go:955 +0x91
created by github.com/nats-io/nats.go/jetstream.(*pullConsumer).Messages in goroutine 12376
	/Users/jace/go/pkg/mod/github.com/nats-io/nats.go@v1.41.1/jetstream/pull.go:534 +0x748

goroutine 12405 [select, 3 minutes]:
github.com/nats-io/nats.go/jetstream.(*pullSubscription).pullMessages(0xc000eff9e0, {0xc000a43980, 0x52})
	/Users/jace/go/pkg/mod/github.com/nats-io/nats.go@v1.41.1/jetstream/pull.go:955 +0x91
created by github.com/nats-io/nats.go/jetstream.(*pullConsumer).Messages in goroutine 12376
	/Users/jace/go/pkg/mod/github.com/nats-io/nats.go@v1.41.1/jetstream/pull.go:534 +0x748

goroutine 12406 [select, 3 minutes]:
github.com/nats-io/nats.go/jetstream.(*pullConsumer).Messages.func2()
	/Users/jace/go/pkg/mod/github.com/nats-io/nats.go@v1.41.1/jetstream/pull.go:538 +0x68
created by github.com/nats-io/nats.go/jetstream.(*pullConsumer).Messages in goroutine 12376
	/Users/jace/go/pkg/mod/github.com/nats-io/nats.go@v1.41.1/jetstream/pull.go:536 +0x78a

goroutine 12407 [select, 3 minutes]:
github.com/nats-io/nats.go/jetstream.(*pullSubscription).Next(0xc000eff9e0)
	/Users/jace/go/pkg/mod/github.com/nats-io/nats.go@v1.41.1/jetstream/pull.go:589 +0x285
github.com/Black-And-White-Club/frolf-bot-shared/eventbus.(*eventBus).Subscribe.func1()
	/Users/jace/Documents/GitHub/frolf-bot-shared/eventbus/eventbus.go:326 +0x169
created by github.com/Black-And-White-Club/frolf-bot-shared/eventbus.(*eventBus).Subscribe in goroutine 12376
	/Users/jace/Documents/GitHub/frolf-bot-shared/eventbus/eventbus.go:315 +0xbf1

goroutine 12408 [chan receive, 3 minutes]:
github.com/ThreeDotsLabs/watermill/message.(*messageTransformSubscriberDecorator).Subscribe.func1()
	/Users/jace/go/pkg/mod/github.com/!three!dots!labs/watermill@v1.4.6/message/decorator.go:52 +0x85
created by github.com/ThreeDotsLabs/watermill/message.(*messageTransformSubscriberDecorator).Subscribe in goroutine 12376
	/Users/jace/go/pkg/mod/github.com/!three!dots!labs/watermill@v1.4.6/message/decorator.go:51 +0xc7

goroutine 12409 [chan receive, 3 minutes]:
github.com/ThreeDotsLabs/watermill/message.(*handler).run(0xc00118c9c0, {0x10a337fa0, 0xc000ffb270}, {0xc000aba3c0, 0x6, 0xc00121ef78?})
	/Users/jace/go/pkg/mod/github.com/!three!dots!labs/watermill@v1.4.6/message/router.go:645 +0x2b4
github.com/ThreeDotsLabs/watermill/message.(*Router).RunHandlers.func1()
	/Users/jace/go/pkg/mod/github.com/!three!dots!labs/watermill@v1.4.6/message/router.go:460 +0x145
created by github.com/ThreeDotsLabs/watermill/message.(*Router).RunHandlers in goroutine 12376
	/Users/jace/go/pkg/mod/github.com/!three!dots!labs/watermill@v1.4.6/message/router.go:453 +0x606

goroutine 12418 [select, 3 minutes]:
github.com/nats-io/nats.go/jetstream.(*pullSubscription).pullMessages(0xc0013b0870, {0xc0005e8b90, 0x47})
	/Users/jace/go/pkg/mod/github.com/nats-io/nats.go@v1.41.1/jetstream/pull.go:955 +0x91
created by github.com/nats-io/nats.go/jetstream.(*pullConsumer).Messages in goroutine 12376
	/Users/jace/go/pkg/mod/github.com/nats-io/nats.go@v1.41.1/jetstream/pull.go:534 +0x748

goroutine 12419 [select, 3 minutes]:
github.com/nats-io/nats.go/jetstream.(*pullConsumer).Messages.func2()
	/Users/jace/go/pkg/mod/github.com/nats-io/nats.go@v1.41.1/jetstream/pull.go:538 +0x68
created by github.com/nats-io/nats.go/jetstream.(*pullConsumer).Messages in goroutine 12376
	/Users/jace/go/pkg/mod/github.com/nats-io/nats.go@v1.41.1/jetstream/pull.go:536 +0x78a

goroutine 12420 [select, 3 minutes]:
github.com/nats-io/nats.go/jetstream.(*pullSubscription).Next(0xc0013b0870)
	/Users/jace/go/pkg/mod/github.com/nats-io/nats.go@v1.41.1/jetstream/pull.go:589 +0x285
github.com/Black-And-White-Club/frolf-bot-shared/eventbus.(*eventBus).Subscribe.func1()
	/Users/jace/Documents/GitHub/frolf-bot-shared/eventbus/eventbus.go:326 +0x169
created by github.com/Black-And-White-Club/frolf-bot-shared/eventbus.(*eventBus).Subscribe in goroutine 12376
	/Users/jace/Documents/GitHub/frolf-bot-shared/eventbus/eventbus.go:315 +0xbf1

goroutine 12421 [chan receive, 3 minutes]:
github.com/ThreeDotsLabs/watermill/message.(*messageTransformSubscriberDecorator).Subscribe.func1()
	/Users/jace/go/pkg/mod/github.com/!three!dots!labs/watermill@v1.4.6/message/decorator.go:52 +0x85
created by github.com/ThreeDotsLabs/watermill/message.(*messageTransformSubscriberDecorator).Subscribe in goroutine 12376
	/Users/jace/go/pkg/mod/github.com/!three!dots!labs/watermill@v1.4.6/message/decorator.go:51 +0xc7

goroutine 12422 [chan receive, 3 minutes]:
github.com/ThreeDotsLabs/watermill/message.(*handler).run(0xc00118d790, {0x10a337fa0, 0xc0009144b0}, {0xc0009b8e40, 0x6, 0x0?})
	/Users/jace/go/pkg/mod/github.com/!three!dots!labs/watermill@v1.4.6/message/router.go:645 +0x2b4
github.com/ThreeDotsLabs/watermill/message.(*Router).RunHandlers.func1()
	/Users/jace/go/pkg/mod/github.com/!three!dots!labs/watermill@v1.4.6/message/router.go:460 +0x145
created by github.com/ThreeDotsLabs/watermill/message.(*Router).RunHandlers in goroutine 12376
	/Users/jace/go/pkg/mod/github.com/!three!dots!labs/watermill@v1.4.6/message/router.go:453 +0x606

goroutine 36995 [select, 2 minutes]:
github.com/nats-io/nats.go/jetstream.(*pullSubscription).pullMessages(0xc001984360, {0xc0006c4e80, 0x3f})
	/Users/jace/go/pkg/mod/github.com/nats-io/nats.go@v1.41.1/jetstream/pull.go:955 +0x91
created by github.com/nats-io/nats.go/jetstream.(*pullConsumer).Messages in goroutine 36760
	/Users/jace/go/pkg/mod/github.com/nats-io/nats.go@v1.41.1/jetstream/pull.go:534 +0x748

goroutine 14969 [select, 3 minutes]:
github.com/nats-io/nats.go/jetstream.(*pullConsumer).Messages.func2()
	/Users/jace/go/pkg/mod/github.com/nats-io/nats.go@v1.41.1/jetstream/pull.go:538 +0x68
created by github.com/nats-io/nats.go/jetstream.(*pullConsumer).Messages in goroutine 14800
	/Users/jace/go/pkg/mod/github.com/nats-io/nats.go@v1.41.1/jetstream/pull.go:536 +0x78a

goroutine 13562 [select, 3 minutes]:
github.com/nats-io/nats.go/jetstream.(*pullSubscription).pullMessages(0xc000a82630, {0xc00004daa0, 0x58})
	/Users/jace/go/pkg/mod/github.com/nats-io/nats.go@v1.41.1/jetstream/pull.go:955 +0x91
created by github.com/nats-io/nats.go/jetstream.(*pullConsumer).Messages in goroutine 13489
	/Users/jace/go/pkg/mod/github.com/nats-io/nats.go@v1.41.1/jetstream/pull.go:534 +0x748

goroutine 19238 [select, 2 minutes]:
github.com/nats-io/nats.go/jetstream.(*pullConsumer).Messages.func2()
	/Users/jace/go/pkg/mod/github.com/nats-io/nats.go@v1.41.1/jetstream/pull.go:538 +0x68
created by github.com/nats-io/nats.go/jetstream.(*pullConsumer).Messages in goroutine 18988
	/Users/jace/go/pkg/mod/github.com/nats-io/nats.go@v1.41.1/jetstream/pull.go:536 +0x78a

goroutine 12725 [select, 3 minutes]:
github.com/nats-io/nats.go/jetstream.(*pullSubscription).Next(0xc000ba3710)
	/Users/jace/go/pkg/mod/github.com/nats-io/nats.go@v1.41.1/jetstream/pull.go:589 +0x285
github.com/Black-And-White-Club/frolf-bot-shared/eventbus.(*eventBus).Subscribe.func1()
	/Users/jace/Documents/GitHub/frolf-bot-shared/eventbus/eventbus.go:326 +0x169
created by github.com/Black-And-White-Club/frolf-bot-shared/eventbus.(*eventBus).Subscribe in goroutine 12376
	/Users/jace/Documents/GitHub/frolf-bot-shared/eventbus/eventbus.go:315 +0xbf1

goroutine 12508 [chan receive, 3 minutes]:
github.com/ThreeDotsLabs/watermill/message.(*messageTransformSubscriberDecorator).Subscribe.func1()
	/Users/jace/go/pkg/mod/github.com/!three!dots!labs/watermill@v1.4.6/message/decorator.go:52 +0x85
created by github.com/ThreeDotsLabs/watermill/message.(*messageTransformSubscriberDecorator).Subscribe in goroutine 12376
	/Users/jace/go/pkg/mod/github.com/!three!dots!labs/watermill@v1.4.6/message/decorator.go:51 +0xc7

goroutine 23310 [select, 2 minutes]:
github.com/nats-io/nats.go/jetstream.(*pullConsumer).Messages.func2()
	/Users/jace/go/pkg/mod/github.com/nats-io/nats.go@v1.41.1/jetstream/pull.go:538 +0x68
created by github.com/nats-io/nats.go/jetstream.(*pullConsumer).Messages in goroutine 23038
	/Users/jace/go/pkg/mod/github.com/nats-io/nats.go@v1.41.1/jetstream/pull.go:536 +0x78a

goroutine 13448 [sync.Cond.Wait, 3 minutes]:
sync.runtime_notifyListWait(0xc0001f1c90, 0x3c)
	/usr/local/Cellar/go/1.24.2/libexec/src/runtime/sema.go:597 +0x159
sync.(*Cond).Wait(0x0?)
	/usr/local/Cellar/go/1.24.2/libexec/src/sync/cond.go:71 +0x85
github.com/nats-io/nats%2ego.(*Conn).waitForMsgs(0xc000688a08, 0xc0007a85a0)
	/Users/jace/go/pkg/mod/github.com/nats-io/nats.go@v1.41.1/nats.go:3178 +0xc5
created by github.com/nats-io/nats%2ego.(*Conn).subscribeLocked in goroutine 12935
	/Users/jace/go/pkg/mod/github.com/nats-io/nats.go@v1.41.1/nats.go:4468 +0x419

goroutine 12495 [select, 3 minutes]:
github.com/nats-io/nats.go/jetstream.(*pullSubscription).pullMessages(0xc0013b15f0, {0xc0005e8c80, 0x48})
	/Users/jace/go/pkg/mod/github.com/nats-io/nats.go@v1.41.1/jetstream/pull.go:955 +0x91
created by github.com/nats-io/nats.go/jetstream.(*pullConsumer).Messages in goroutine 12376
	/Users/jace/go/pkg/mod/github.com/nats-io/nats.go@v1.41.1/jetstream/pull.go:534 +0x748

goroutine 12507 [select, 3 minutes]:
github.com/nats-io/nats.go/jetstream.(*pullSubscription).Next(0xc0007c5680)
	/Users/jace/go/pkg/mod/github.com/nats-io/nats.go@v1.41.1/jetstream/pull.go:589 +0x285
github.com/Black-And-White-Club/frolf-bot-shared/eventbus.(*eventBus).Subscribe.func1()
	/Users/jace/Documents/GitHub/frolf-bot-shared/eventbus/eventbus.go:326 +0x169
created by github.com/Black-And-White-Club/frolf-bot-shared/eventbus.(*eventBus).Subscribe in goroutine 12376
	/Users/jace/Documents/GitHub/frolf-bot-shared/eventbus/eventbus.go:315 +0xbf1

goroutine 13971 [select, 3 minutes]:
github.com/nats-io/nats.go/jetstream.(*pullSubscription).pullMessages(0xc0016086c0, {0xc00017fa90, 0x45})
	/Users/jace/go/pkg/mod/github.com/nats-io/nats.go@v1.41.1/jetstream/pull.go:955 +0x91
created by github.com/nats-io/nats.go/jetstream.(*pullConsumer).Messages in goroutine 13489
	/Users/jace/go/pkg/mod/github.com/nats-io/nats.go@v1.41.1/jetstream/pull.go:534 +0x748

goroutine 23399 [chan receive, 2 minutes]:
github.com/ThreeDotsLabs/watermill/message.(*handler).run(0xc0014109c0, {0x10a337fa0, 0xc001136140}, {0xc0011c4000, 0x6, 0xc0011ad778?})
	/Users/jace/go/pkg/mod/github.com/!three!dots!labs/watermill@v1.4.6/message/router.go:645 +0x2b4
github.com/ThreeDotsLabs/watermill/message.(*Router).RunHandlers.func1()
	/Users/jace/go/pkg/mod/github.com/!three!dots!labs/watermill@v1.4.6/message/router.go:460 +0x145
created by github.com/ThreeDotsLabs/watermill/message.(*Router).RunHandlers in goroutine 23038
	/Users/jace/go/pkg/mod/github.com/!three!dots!labs/watermill@v1.4.6/message/router.go:453 +0x606

goroutine 12528 [chan receive, 3 minutes]:
github.com/ThreeDotsLabs/watermill/message.(*messageTransformSubscriberDecorator).Subscribe.func1()
	/Users/jace/go/pkg/mod/github.com/!three!dots!labs/watermill@v1.4.6/message/decorator.go:52 +0x85
created by github.com/ThreeDotsLabs/watermill/message.(*messageTransformSubscriberDecorator).Subscribe in goroutine 12376
	/Users/jace/go/pkg/mod/github.com/!three!dots!labs/watermill@v1.4.6/message/decorator.go:51 +0xc7

goroutine 23291 [select, 2 minutes]:
github.com/nats-io/nats.go/jetstream.(*pullSubscription).Next(0xc000c32090)
	/Users/jace/go/pkg/mod/github.com/nats-io/nats.go@v1.41.1/jetstream/pull.go:589 +0x285
github.com/Black-And-White-Club/frolf-bot-shared/eventbus.(*eventBus).Subscribe.func1()
	/Users/jace/Documents/GitHub/frolf-bot-shared/eventbus/eventbus.go:326 +0x169
created by github.com/Black-And-White-Club/frolf-bot-shared/eventbus.(*eventBus).Subscribe in goroutine 23038
	/Users/jace/Documents/GitHub/frolf-bot-shared/eventbus/eventbus.go:315 +0xbf1

goroutine 23128 [select, 2 minutes]:
github.com/nats-io/nats.go/jetstream.(*pullSubscription).Next(0xc001590900)
	/Users/jace/go/pkg/mod/github.com/nats-io/nats.go@v1.41.1/jetstream/pull.go:589 +0x285
github.com/Black-And-White-Club/frolf-bot-shared/eventbus.(*eventBus).Subscribe.func1()
	/Users/jace/Documents/GitHub/frolf-bot-shared/eventbus/eventbus.go:326 +0x169
created by github.com/Black-And-White-Club/frolf-bot-shared/eventbus.(*eventBus).Subscribe in goroutine 23038
	/Users/jace/Documents/GitHub/frolf-bot-shared/eventbus/eventbus.go:315 +0xbf1

goroutine 12529 [chan receive, 3 minutes]:
github.com/ThreeDotsLabs/watermill/message.(*handler).run(0xc00118cf70, {0x10a337fa0, 0xc000a2d3b0}, {0xc000ea8300, 0x6, 0xc000d42770?})
	/Users/jace/go/pkg/mod/github.com/!three!dots!labs/watermill@v1.4.6/message/router.go:645 +0x2b4
github.com/ThreeDotsLabs/watermill/message.(*Router).RunHandlers.func1()
	/Users/jace/go/pkg/mod/github.com/!three!dots!labs/watermill@v1.4.6/message/router.go:460 +0x145
created by github.com/ThreeDotsLabs/watermill/message.(*Router).RunHandlers in goroutine 12376
	/Users/jace/go/pkg/mod/github.com/!three!dots!labs/watermill@v1.4.6/message/router.go:453 +0x606

goroutine 12616 [select, 3 minutes]:
github.com/nats-io/nats.go/jetstream.(*pullSubscription).Next(0xc0007f2d80)
	/Users/jace/go/pkg/mod/github.com/nats-io/nats.go@v1.41.1/jetstream/pull.go:589 +0x285
github.com/Black-And-White-Club/frolf-bot-shared/eventbus.(*eventBus).Subscribe.func1()
	/Users/jace/Documents/GitHub/frolf-bot-shared/eventbus/eventbus.go:326 +0x169
created by github.com/Black-And-White-Club/frolf-bot-shared/eventbus.(*eventBus).Subscribe in goroutine 12376
	/Users/jace/Documents/GitHub/frolf-bot-shared/eventbus/eventbus.go:315 +0xbf1

goroutine 19433 [chan receive, 3 minutes]:
github.com/ThreeDotsLabs/watermill/message.(*messageTransformSubscriberDecorator).Subscribe.func1()
	/Users/jace/go/pkg/mod/github.com/!three!dots!labs/watermill@v1.4.6/message/decorator.go:52 +0x85
created by github.com/ThreeDotsLabs/watermill/message.(*messageTransformSubscriberDecorator).Subscribe in goroutine 18988
	/Users/jace/go/pkg/mod/github.com/!three!dots!labs/watermill@v1.4.6/message/decorator.go:51 +0xc7

goroutine 12543 [chan receive, 3 minutes]:
github.com/ThreeDotsLabs/watermill/message.(*handler).run(0xc00118d6c0, {0x10a337fa0, 0xc0000eaa50}, {0xc00119f380, 0x6, 0x0?})
	/Users/jace/go/pkg/mod/github.com/!three!dots!labs/watermill@v1.4.6/message/router.go:645 +0x2b4
github.com/ThreeDotsLabs/watermill/message.(*Router).RunHandlers.func1()
	/Users/jace/go/pkg/mod/github.com/!three!dots!labs/watermill@v1.4.6/message/router.go:460 +0x145
created by github.com/ThreeDotsLabs/watermill/message.(*Router).RunHandlers in goroutine 12376
	/Users/jace/go/pkg/mod/github.com/!three!dots!labs/watermill@v1.4.6/message/router.go:453 +0x606

goroutine 12539 [select, 3 minutes]:
github.com/nats-io/nats.go/jetstream.(*pullSubscription).pullMessages(0xc000b88ab0, {0xc00004ed70, 0x4f})
	/Users/jace/go/pkg/mod/github.com/nats-io/nats.go@v1.41.1/jetstream/pull.go:955 +0x91
created by github.com/nats-io/nats.go/jetstream.(*pullConsumer).Messages in goroutine 12376
	/Users/jace/go/pkg/mod/github.com/nats-io/nats.go@v1.41.1/jetstream/pull.go:534 +0x748

goroutine 12531 [select, 3 minutes]:
github.com/nats-io/nats.go/jetstream.(*pullSubscription).Next(0xc000b88120)
	/Users/jace/go/pkg/mod/github.com/nats-io/nats.go@v1.41.1/jetstream/pull.go:589 +0x285
github.com/Black-And-White-Club/frolf-bot-shared/eventbus.(*eventBus).Subscribe.func1()
	/Users/jace/Documents/GitHub/frolf-bot-shared/eventbus/eventbus.go:326 +0x169
created by github.com/Black-And-White-Club/frolf-bot-shared/eventbus.(*eventBus).Subscribe in goroutine 12376
	/Users/jace/Documents/GitHub/frolf-bot-shared/eventbus/eventbus.go:315 +0xbf1

goroutine 12525 [select, 3 minutes]:
github.com/nats-io/nats.go/jetstream.(*pullSubscription).pullMessages(0xc000b75dd0, {0xc0007d6820, 0x4d})
	/Users/jace/go/pkg/mod/github.com/nats-io/nats.go@v1.41.1/jetstream/pull.go:955 +0x91
created by github.com/nats-io/nats.go/jetstream.(*pullConsumer).Messages in goroutine 12376
	/Users/jace/go/pkg/mod/github.com/nats-io/nats.go@v1.41.1/jetstream/pull.go:534 +0x748

goroutine 12532 [chan receive, 3 minutes]:
github.com/ThreeDotsLabs/watermill/message.(*messageTransformSubscriberDecorator).Subscribe.func1()
	/Users/jace/go/pkg/mod/github.com/!three!dots!labs/watermill@v1.4.6/message/decorator.go:52 +0x85
created by github.com/ThreeDotsLabs/watermill/message.(*messageTransformSubscriberDecorator).Subscribe in goroutine 12376
	/Users/jace/go/pkg/mod/github.com/!three!dots!labs/watermill@v1.4.6/message/decorator.go:51 +0xc7

goroutine 12530 [select, 3 minutes]:
github.com/nats-io/nats.go/jetstream.(*pullConsumer).Messages.func2()
	/Users/jace/go/pkg/mod/github.com/nats-io/nats.go@v1.41.1/jetstream/pull.go:538 +0x68
created by github.com/nats-io/nats.go/jetstream.(*pullConsumer).Messages in goroutine 12376
	/Users/jace/go/pkg/mod/github.com/nats-io/nats.go@v1.41.1/jetstream/pull.go:536 +0x78a

goroutine 13387 [sync.Cond.Wait, 3 minutes]:
sync.runtime_notifyListWait(0xc0001f1ad0, 0x0)
	/usr/local/Cellar/go/1.24.2/libexec/src/runtime/sema.go:597 +0x159
sync.(*Cond).Wait(0xc001018620?)
	/usr/local/Cellar/go/1.24.2/libexec/src/sync/cond.go:71 +0x85
github.com/nats-io/nats%2ego.(*asyncCallbacksHandler).asyncCBDispatcher(0xc000c1fd40)
	/Users/jace/go/pkg/mod/github.com/nats-io/nats.go@v1.41.1/nats.go:3059 +0xdd
created by github.com/nats-io/nats%2ego.Options.Connect in goroutine 12935
	/Users/jace/go/pkg/mod/github.com/nats-io/nats.go@v1.41.1/nats.go:1635 +0x387

goroutine 12614 [select, 3 minutes]:
github.com/nats-io/nats.go/jetstream.(*pullSubscription).pullMessages(0xc0007f2d80, {0xc00004df80, 0x56})
	/Users/jace/go/pkg/mod/github.com/nats-io/nats.go@v1.41.1/jetstream/pull.go:955 +0x91
created by github.com/nats-io/nats.go/jetstream.(*pullConsumer).Messages in goroutine 12376
	/Users/jace/go/pkg/mod/github.com/nats-io/nats.go@v1.41.1/jetstream/pull.go:534 +0x748

goroutine 15079 [chan receive, 3 minutes]:
github.com/ThreeDotsLabs/watermill/message.(*handler).run(0xc000967a00, {0x10a337fa0, 0xc001530500}, {0xc0001fc600, 0x6, 0xc000af4f78?})
	/Users/jace/go/pkg/mod/github.com/!three!dots!labs/watermill@v1.4.6/message/router.go:645 +0x2b4
github.com/ThreeDotsLabs/watermill/message.(*Router).RunHandlers.func1()
	/Users/jace/go/pkg/mod/github.com/!three!dots!labs/watermill@v1.4.6/message/router.go:460 +0x145
created by github.com/ThreeDotsLabs/watermill/message.(*Router).RunHandlers in goroutine 14800
	/Users/jace/go/pkg/mod/github.com/!three!dots!labs/watermill@v1.4.6/message/router.go:453 +0x606

goroutine 23569 [select, 2 minutes]:
github.com/nats-io/nats.go/jetstream.(*pullConsumer).Messages.func2()
	/Users/jace/go/pkg/mod/github.com/nats-io/nats.go@v1.41.1/jetstream/pull.go:538 +0x68
created by github.com/nats-io/nats.go/jetstream.(*pullConsumer).Messages in goroutine 23038
	/Users/jace/go/pkg/mod/github.com/nats-io/nats.go@v1.41.1/jetstream/pull.go:536 +0x78a

goroutine 12618 [chan receive, 3 minutes]:
github.com/ThreeDotsLabs/watermill/message.(*handler).run(0xc00118cc30, {0x10a337fa0, 0xc001136500}, {0xc00119f440, 0x6, 0x0?})
	/Users/jace/go/pkg/mod/github.com/!three!dots!labs/watermill@v1.4.6/message/router.go:645 +0x2b4
github.com/ThreeDotsLabs/watermill/message.(*Router).RunHandlers.func1()
	/Users/jace/go/pkg/mod/github.com/!three!dots!labs/watermill@v1.4.6/message/router.go:460 +0x145
created by github.com/ThreeDotsLabs/watermill/message.(*Router).RunHandlers in goroutine 12376
	/Users/jace/go/pkg/mod/github.com/!three!dots!labs/watermill@v1.4.6/message/router.go:453 +0x606

goroutine 40012 [select, 1 minutes]:
github.com/nats-io/nats.go/jetstream.(*pullSubscription).Next(0xc0007b2090)
	/Users/jace/go/pkg/mod/github.com/nats-io/nats.go@v1.41.1/jetstream/pull.go:589 +0x285
github.com/Black-And-White-Club/frolf-bot-shared/eventbus.(*eventBus).Subscribe.func1()
	/Users/jace/Documents/GitHub/frolf-bot-shared/eventbus/eventbus.go:326 +0x169
created by github.com/Black-And-White-Club/frolf-bot-shared/eventbus.(*eventBus).Subscribe in goroutine 40053
	/Users/jace/Documents/GitHub/frolf-bot-shared/eventbus/eventbus.go:315 +0xbf1

goroutine 12458 [chan receive, 3 minutes]:
github.com/ThreeDotsLabs/watermill/message.(*handler).run(0xc00118c680, {0x10a337fa0, 0xc000227db0}, {0xc0007c7b00, 0x6, 0x0?})
	/Users/jace/go/pkg/mod/github.com/!three!dots!labs/watermill@v1.4.6/message/router.go:645 +0x2b4
github.com/ThreeDotsLabs/watermill/message.(*Router).RunHandlers.func1()
	/Users/jace/go/pkg/mod/github.com/!three!dots!labs/watermill@v1.4.6/message/router.go:460 +0x145
created by github.com/ThreeDotsLabs/watermill/message.(*Router).RunHandlers in goroutine 12376
	/Users/jace/go/pkg/mod/github.com/!three!dots!labs/watermill@v1.4.6/message/router.go:453 +0x606

goroutine 12497 [select, 3 minutes]:
github.com/nats-io/nats.go/jetstream.(*pullSubscription).Next(0xc0013b15f0)
	/Users/jace/go/pkg/mod/github.com/nats-io/nats.go@v1.41.1/jetstream/pull.go:589 +0x285
github.com/Black-And-White-Club/frolf-bot-shared/eventbus.(*eventBus).Subscribe.func1()
	/Users/jace/Documents/GitHub/frolf-bot-shared/eventbus/eventbus.go:326 +0x169
created by github.com/Black-And-White-Club/frolf-bot-shared/eventbus.(*eventBus).Subscribe in goroutine 12376
	/Users/jace/Documents/GitHub/frolf-bot-shared/eventbus/eventbus.go:315 +0xbf1

goroutine 12579 [chan receive, 3 minutes]:
github.com/ThreeDotsLabs/watermill/message.(*handler).run(0xc00118d860, {0x10a337fa0, 0xc000a2d6d0}, {0xc000a16e40, 0x6, 0x2c7d7b3a22706374?})
	/Users/jace/go/pkg/mod/github.com/!three!dots!labs/watermill@v1.4.6/message/router.go:645 +0x2b4
github.com/ThreeDotsLabs/watermill/message.(*Router).RunHandlers.func1()
	/Users/jace/go/pkg/mod/github.com/!three!dots!labs/watermill@v1.4.6/message/router.go:460 +0x145
created by github.com/ThreeDotsLabs/watermill/message.(*Router).RunHandlers in goroutine 12376
	/Users/jace/go/pkg/mod/github.com/!three!dots!labs/watermill@v1.4.6/message/router.go:453 +0x606

goroutine 12578 [chan receive, 3 minutes]:
github.com/ThreeDotsLabs/watermill/message.(*messageTransformSubscriberDecorator).Subscribe.func1()
	/Users/jace/go/pkg/mod/github.com/!three!dots!labs/watermill@v1.4.6/message/decorator.go:52 +0x85
created by github.com/ThreeDotsLabs/watermill/message.(*messageTransformSubscriberDecorator).Subscribe in goroutine 12376
	/Users/jace/go/pkg/mod/github.com/!three!dots!labs/watermill@v1.4.6/message/decorator.go:51 +0xc7

goroutine 27029 [sync.Cond.Wait, 2 minutes]:
sync.runtime_notifyListWait(0xc001276cd0, 0x0)
	/usr/local/Cellar/go/1.24.2/libexec/src/runtime/sema.go:597 +0x159
sync.(*Cond).Wait(0xc001401570?)
	/usr/local/Cellar/go/1.24.2/libexec/src/sync/cond.go:71 +0x85
github.com/nats-io/nats%2ego.(*asyncCallbacksHandler).asyncCBDispatcher(0xc000325740)
	/Users/jace/go/pkg/mod/github.com/nats-io/nats.go@v1.41.1/nats.go:3059 +0xdd
created by github.com/nats-io/nats%2ego.Options.Connect in goroutine 26444
	/Users/jace/go/pkg/mod/github.com/nats-io/nats.go@v1.41.1/nats.go:1635 +0x387

goroutine 12475 [select, 3 minutes]:
github.com/nats-io/nats.go/jetstream.(*pullConsumer).Messages.func2()
	/Users/jace/go/pkg/mod/github.com/nats-io/nats.go@v1.41.1/jetstream/pull.go:538 +0x68
created by github.com/nats-io/nats.go/jetstream.(*pullConsumer).Messages in goroutine 12376
	/Users/jace/go/pkg/mod/github.com/nats-io/nats.go@v1.41.1/jetstream/pull.go:536 +0x78a

goroutine 12476 [select, 3 minutes]:
github.com/nats-io/nats.go/jetstream.(*pullSubscription).Next(0xc000ba2a20)
	/Users/jace/go/pkg/mod/github.com/nats-io/nats.go@v1.41.1/jetstream/pull.go:589 +0x285
github.com/Black-And-White-Club/frolf-bot-shared/eventbus.(*eventBus).Subscribe.func1()
	/Users/jace/Documents/GitHub/frolf-bot-shared/eventbus/eventbus.go:326 +0x169
created by github.com/Black-And-White-Club/frolf-bot-shared/eventbus.(*eventBus).Subscribe in goroutine 12376
	/Users/jace/Documents/GitHub/frolf-bot-shared/eventbus/eventbus.go:315 +0xbf1

goroutine 12477 [chan receive, 3 minutes]:
github.com/ThreeDotsLabs/watermill/message.(*messageTransformSubscriberDecorator).Subscribe.func1()
	/Users/jace/go/pkg/mod/github.com/!three!dots!labs/watermill@v1.4.6/message/decorator.go:52 +0x85
created by github.com/ThreeDotsLabs/watermill/message.(*messageTransformSubscriberDecorator).Subscribe in goroutine 12376
	/Users/jace/go/pkg/mod/github.com/!three!dots!labs/watermill@v1.4.6/message/decorator.go:51 +0xc7

goroutine 12478 [chan receive, 3 minutes]:
github.com/ThreeDotsLabs/watermill/message.(*handler).run(0xc00118d520, {0x10a337fa0, 0xc0009b70e0}, {0xc000a16d80, 0x6, 0x0?})
	/Users/jace/go/pkg/mod/github.com/!three!dots!labs/watermill@v1.4.6/message/router.go:645 +0x2b4
github.com/ThreeDotsLabs/watermill/message.(*Router).RunHandlers.func1()
	/Users/jace/go/pkg/mod/github.com/!three!dots!labs/watermill@v1.4.6/message/router.go:460 +0x145
created by github.com/ThreeDotsLabs/watermill/message.(*Router).RunHandlers in goroutine 12376
	/Users/jace/go/pkg/mod/github.com/!three!dots!labs/watermill@v1.4.6/message/router.go:453 +0x606

goroutine 18950 [select, 2 minutes]:
github.com/nats-io/nats.go/jetstream.(*pullConsumer).Messages.func2()
	/Users/jace/go/pkg/mod/github.com/nats-io/nats.go@v1.41.1/jetstream/pull.go:538 +0x68
created by github.com/nats-io/nats.go/jetstream.(*pullConsumer).Messages in goroutine 18988
	/Users/jace/go/pkg/mod/github.com/nats-io/nats.go@v1.41.1/jetstream/pull.go:536 +0x78a

goroutine 12454 [select, 3 minutes]:
github.com/nats-io/nats.go/jetstream.(*pullSubscription).pullMessages(0xc00091ebd0, {0xc0011865a0, 0x55})
	/Users/jace/go/pkg/mod/github.com/nats-io/nats.go@v1.41.1/jetstream/pull.go:955 +0x91
created by github.com/nats-io/nats.go/jetstream.(*pullConsumer).Messages in goroutine 12376
	/Users/jace/go/pkg/mod/github.com/nats-io/nats.go@v1.41.1/jetstream/pull.go:534 +0x748

goroutine 13581 [select, 3 minutes]:
github.com/nats-io/nats.go/jetstream.(*pullConsumer).Messages.func2()
	/Users/jace/go/pkg/mod/github.com/nats-io/nats.go@v1.41.1/jetstream/pull.go:538 +0x68
created by github.com/nats-io/nats.go/jetstream.(*pullConsumer).Messages in goroutine 13489
	/Users/jace/go/pkg/mod/github.com/nats-io/nats.go@v1.41.1/jetstream/pull.go:536 +0x78a

goroutine 12455 [select, 3 minutes]:
github.com/nats-io/nats.go/jetstream.(*pullConsumer).Messages.func2()
	/Users/jace/go/pkg/mod/github.com/nats-io/nats.go@v1.41.1/jetstream/pull.go:538 +0x68
created by github.com/nats-io/nats.go/jetstream.(*pullConsumer).Messages in goroutine 12376
	/Users/jace/go/pkg/mod/github.com/nats-io/nats.go@v1.41.1/jetstream/pull.go:536 +0x78a

goroutine 12615 [select, 3 minutes]:
github.com/nats-io/nats.go/jetstream.(*pullConsumer).Messages.func2()
	/Users/jace/go/pkg/mod/github.com/nats-io/nats.go@v1.41.1/jetstream/pull.go:538 +0x68
created by github.com/nats-io/nats.go/jetstream.(*pullConsumer).Messages in goroutine 12376
	/Users/jace/go/pkg/mod/github.com/nats-io/nats.go@v1.41.1/jetstream/pull.go:536 +0x78a

goroutine 13516 [chan receive, 3 minutes]:
github.com/ThreeDotsLabs/watermill/message.(*messageTransformSubscriberDecorator).Subscribe.func1()
	/Users/jace/go/pkg/mod/github.com/!three!dots!labs/watermill@v1.4.6/message/decorator.go:52 +0x85
created by github.com/ThreeDotsLabs/watermill/message.(*messageTransformSubscriberDecorator).Subscribe in goroutine 13489
	/Users/jace/go/pkg/mod/github.com/!three!dots!labs/watermill@v1.4.6/message/decorator.go:51 +0xc7

goroutine 22371 [select]:
github.com/nats-io/nats%2ego.(*Conn).doReconnect(0xc0007c1c08, {0x10a327f28, 0x10acedb30}, 0x0)
	/Users/jace/go/pkg/mod/github.com/nats-io/nats.go@v1.41.1/nats.go:2907 +0x41a
created by github.com/nats-io/nats%2ego.(*Conn).processOpErr in goroutine 18915
	/Users/jace/go/pkg/mod/github.com/nats-io/nats.go@v1.41.1/nats.go:3043 +0x2f3

goroutine 32364 [chan receive, 2 minutes]:
github.com/ThreeDotsLabs/watermill/message.(*messageTransformSubscriberDecorator).Subscribe.func1()
	/Users/jace/go/pkg/mod/github.com/!three!dots!labs/watermill@v1.4.6/message/decorator.go:52 +0x85
created by github.com/ThreeDotsLabs/watermill/message.(*messageTransformSubscriberDecorator).Subscribe in goroutine 32049
	/Users/jace/go/pkg/mod/github.com/!three!dots!labs/watermill@v1.4.6/message/decorator.go:51 +0xc7

goroutine 13575 [select, 3 minutes]:
github.com/nats-io/nats.go/jetstream.(*pullConsumer).Messages.func2()
	/Users/jace/go/pkg/mod/github.com/nats-io/nats.go@v1.41.1/jetstream/pull.go:538 +0x68
created by github.com/nats-io/nats.go/jetstream.(*pullConsumer).Messages in goroutine 13489
	/Users/jace/go/pkg/mod/github.com/nats-io/nats.go@v1.41.1/jetstream/pull.go:536 +0x78a

goroutine 12742 [select, 3 minutes]:
github.com/nats-io/nats.go/jetstream.(*pullSubscription).pullMessages(0xc0007b3d40, {0xc0005e8dc0, 0x50})
	/Users/jace/go/pkg/mod/github.com/nats-io/nats.go@v1.41.1/jetstream/pull.go:955 +0x91
created by github.com/nats-io/nats.go/jetstream.(*pullConsumer).Messages in goroutine 12376
	/Users/jace/go/pkg/mod/github.com/nats-io/nats.go@v1.41.1/jetstream/pull.go:534 +0x748

goroutine 12734 [chan receive, 3 minutes]:
github.com/ThreeDotsLabs/watermill/message.(*messageTransformSubscriberDecorator).Subscribe.func1()
	/Users/jace/go/pkg/mod/github.com/!three!dots!labs/watermill@v1.4.6/message/decorator.go:52 +0x85
created by github.com/ThreeDotsLabs/watermill/message.(*messageTransformSubscriberDecorator).Subscribe in goroutine 12376
	/Users/jace/go/pkg/mod/github.com/!three!dots!labs/watermill@v1.4.6/message/decorator.go:51 +0xc7

goroutine 13501 [select, 3 minutes]:
github.com/nats-io/nats.go/jetstream.(*pullSubscription).pullMessages(0xc0013b0ea0, {0xc00093f560, 0x55})
	/Users/jace/go/pkg/mod/github.com/nats-io/nats.go@v1.41.1/jetstream/pull.go:955 +0x91
created by github.com/nats-io/nats.go/jetstream.(*pullConsumer).Messages in goroutine 13489
	/Users/jace/go/pkg/mod/github.com/nats-io/nats.go@v1.41.1/jetstream/pull.go:534 +0x748

goroutine 33317 [select, 2 minutes]:
github.com/nats-io/nats.go/jetstream.(*pullSubscription).Next(0xc0007f2e10)
	/Users/jace/go/pkg/mod/github.com/nats-io/nats.go@v1.41.1/jetstream/pull.go:589 +0x285
github.com/Black-And-White-Club/frolf-bot-shared/eventbus.(*eventBus).Subscribe.func1()
	/Users/jace/Documents/GitHub/frolf-bot-shared/eventbus/eventbus.go:326 +0x169
created by github.com/Black-And-White-Club/frolf-bot-shared/eventbus.(*eventBus).Subscribe in goroutine 33200
	/Users/jace/Documents/GitHub/frolf-bot-shared/eventbus/eventbus.go:315 +0xbf1

goroutine 12803 [select, 3 minutes]:
github.com/nats-io/nats.go/jetstream.(*pullSubscription).Next(0xc000122ea0)
	/Users/jace/go/pkg/mod/github.com/nats-io/nats.go@v1.41.1/jetstream/pull.go:589 +0x285
github.com/Black-And-White-Club/frolf-bot-shared/eventbus.(*eventBus).Subscribe.func1()
	/Users/jace/Documents/GitHub/frolf-bot-shared/eventbus/eventbus.go:326 +0x169
created by github.com/Black-And-White-Club/frolf-bot-shared/eventbus.(*eventBus).Subscribe in goroutine 12376
	/Users/jace/Documents/GitHub/frolf-bot-shared/eventbus/eventbus.go:315 +0xbf1

goroutine 14885 [select, 3 minutes]:
github.com/nats-io/nats.go/jetstream.(*pullConsumer).Messages.func2()
	/Users/jace/go/pkg/mod/github.com/nats-io/nats.go@v1.41.1/jetstream/pull.go:538 +0x68
created by github.com/nats-io/nats.go/jetstream.(*pullConsumer).Messages in goroutine 14800
	/Users/jace/go/pkg/mod/github.com/nats-io/nats.go@v1.41.1/jetstream/pull.go:536 +0x78a

goroutine 12724 [select, 3 minutes]:
github.com/nats-io/nats.go/jetstream.(*pullConsumer).Messages.func2()
	/Users/jace/go/pkg/mod/github.com/nats-io/nats.go@v1.41.1/jetstream/pull.go:538 +0x68
created by github.com/nats-io/nats.go/jetstream.(*pullConsumer).Messages in goroutine 12376
	/Users/jace/go/pkg/mod/github.com/nats-io/nats.go@v1.41.1/jetstream/pull.go:536 +0x78a

goroutine 12589 [select, 3 minutes]:
github.com/nats-io/nats.go/jetstream.(*pullSubscription).pullMessages(0xc00091fdd0, {0xc00066eb40, 0x3e})
	/Users/jace/go/pkg/mod/github.com/nats-io/nats.go@v1.41.1/jetstream/pull.go:955 +0x91
created by github.com/nats-io/nats.go/jetstream.(*pullConsumer).Messages in goroutine 12376
	/Users/jace/go/pkg/mod/github.com/nats-io/nats.go@v1.41.1/jetstream/pull.go:534 +0x748

goroutine 12590 [select, 3 minutes]:
github.com/nats-io/nats.go/jetstream.(*pullConsumer).Messages.func2()
	/Users/jace/go/pkg/mod/github.com/nats-io/nats.go@v1.41.1/jetstream/pull.go:538 +0x68
created by github.com/nats-io/nats.go/jetstream.(*pullConsumer).Messages in goroutine 12376
	/Users/jace/go/pkg/mod/github.com/nats-io/nats.go@v1.41.1/jetstream/pull.go:536 +0x78a

goroutine 12591 [select, 3 minutes]:
github.com/nats-io/nats.go/jetstream.(*pullSubscription).Next(0xc00091fdd0)
	/Users/jace/go/pkg/mod/github.com/nats-io/nats.go@v1.41.1/jetstream/pull.go:589 +0x285
github.com/Black-And-White-Club/frolf-bot-shared/eventbus.(*eventBus).Subscribe.func1()
	/Users/jace/Documents/GitHub/frolf-bot-shared/eventbus/eventbus.go:326 +0x169
created by github.com/Black-And-White-Club/frolf-bot-shared/eventbus.(*eventBus).Subscribe in goroutine 12376
	/Users/jace/Documents/GitHub/frolf-bot-shared/eventbus/eventbus.go:315 +0xbf1

goroutine 12592 [chan receive, 3 minutes]:
github.com/ThreeDotsLabs/watermill/message.(*messageTransformSubscriberDecorator).Subscribe.func1()
	/Users/jace/go/pkg/mod/github.com/!three!dots!labs/watermill@v1.4.6/message/decorator.go:52 +0x85
created by github.com/ThreeDotsLabs/watermill/message.(*messageTransformSubscriberDecorator).Subscribe in goroutine 12376
	/Users/jace/go/pkg/mod/github.com/!three!dots!labs/watermill@v1.4.6/message/decorator.go:51 +0xc7

goroutine 12593 [chan receive, 3 minutes]:
github.com/ThreeDotsLabs/watermill/message.(*handler).run(0xc00118ca90, {0x10a337fa0, 0xc000915130}, {0xc0009b8f00, 0x6, 0x0?})
	/Users/jace/go/pkg/mod/github.com/!three!dots!labs/watermill@v1.4.6/message/router.go:645 +0x2b4
github.com/ThreeDotsLabs/watermill/message.(*Router).RunHandlers.func1()
	/Users/jace/go/pkg/mod/github.com/!three!dots!labs/watermill@v1.4.6/message/router.go:460 +0x145
created by github.com/ThreeDotsLabs/watermill/message.(*Router).RunHandlers in goroutine 12376
	/Users/jace/go/pkg/mod/github.com/!three!dots!labs/watermill@v1.4.6/message/router.go:453 +0x606

goroutine 12743 [select, 3 minutes]:
github.com/nats-io/nats.go/jetstream.(*pullConsumer).Messages.func2()
	/Users/jace/go/pkg/mod/github.com/nats-io/nats.go@v1.41.1/jetstream/pull.go:538 +0x68
created by github.com/nats-io/nats.go/jetstream.(*pullConsumer).Messages in goroutine 12376
	/Users/jace/go/pkg/mod/github.com/nats-io/nats.go@v1.41.1/jetstream/pull.go:536 +0x78a

goroutine 32393 [select, 2 minutes]:
github.com/nats-io/nats.go/jetstream.(*pullConsumer).Messages.func2()
	/Users/jace/go/pkg/mod/github.com/nats-io/nats.go@v1.41.1/jetstream/pull.go:538 +0x68
created by github.com/nats-io/nats.go/jetstream.(*pullConsumer).Messages in goroutine 32049
	/Users/jace/go/pkg/mod/github.com/nats-io/nats.go@v1.41.1/jetstream/pull.go:536 +0x78a

goroutine 12652 [select, 3 minutes]:
github.com/nats-io/nats.go/jetstream.(*pullSubscription).pullMessages(0xc000708000, {0xc00066ec00, 0x3e})
	/Users/jace/go/pkg/mod/github.com/nats-io/nats.go@v1.41.1/jetstream/pull.go:955 +0x91
created by github.com/nats-io/nats.go/jetstream.(*pullConsumer).Messages in goroutine 12376
	/Users/jace/go/pkg/mod/github.com/nats-io/nats.go@v1.41.1/jetstream/pull.go:534 +0x748

goroutine 12653 [select, 3 minutes]:
github.com/nats-io/nats.go/jetstream.(*pullConsumer).Messages.func2()
	/Users/jace/go/pkg/mod/github.com/nats-io/nats.go@v1.41.1/jetstream/pull.go:538 +0x68
created by github.com/nats-io/nats.go/jetstream.(*pullConsumer).Messages in goroutine 12376
	/Users/jace/go/pkg/mod/github.com/nats-io/nats.go@v1.41.1/jetstream/pull.go:536 +0x78a

goroutine 39041 [select, 1 minutes]:
github.com/nats-io/nats.go/jetstream.(*pullConsumer).Messages.func2()
	/Users/jace/go/pkg/mod/github.com/nats-io/nats.go@v1.41.1/jetstream/pull.go:538 +0x68
created by github.com/nats-io/nats.go/jetstream.(*pullConsumer).Messages in goroutine 38959
	/Users/jace/go/pkg/mod/github.com/nats-io/nats.go@v1.41.1/jetstream/pull.go:536 +0x78a

goroutine 15100 [select, 3 minutes]:
github.com/nats-io/nats.go/jetstream.(*pullSubscription).Next(0xc000123560)
	/Users/jace/go/pkg/mod/github.com/nats-io/nats.go@v1.41.1/jetstream/pull.go:589 +0x285
github.com/Black-And-White-Club/frolf-bot-shared/eventbus.(*eventBus).Subscribe.func1()
	/Users/jace/Documents/GitHub/frolf-bot-shared/eventbus/eventbus.go:326 +0x169
created by github.com/Black-And-White-Club/frolf-bot-shared/eventbus.(*eventBus).Subscribe in goroutine 14800
	/Users/jace/Documents/GitHub/frolf-bot-shared/eventbus/eventbus.go:315 +0xbf1

goroutine 12766 [select, 3 minutes]:
github.com/nats-io/nats.go/jetstream.(*pullConsumer).Messages.func2()
	/Users/jace/go/pkg/mod/github.com/nats-io/nats.go@v1.41.1/jetstream/pull.go:538 +0x68
created by github.com/nats-io/nats.go/jetstream.(*pullConsumer).Messages in goroutine 12764
	/Users/jace/go/pkg/mod/github.com/nats-io/nats.go@v1.41.1/jetstream/pull.go:536 +0x78a

goroutine 12654 [select, 3 minutes]:
github.com/nats-io/nats.go/jetstream.(*pullSubscription).Next(0xc000708000)
	/Users/jace/go/pkg/mod/github.com/nats-io/nats.go@v1.41.1/jetstream/pull.go:589 +0x285
github.com/Black-And-White-Club/frolf-bot-shared/eventbus.(*eventBus).Subscribe.func1()
	/Users/jace/Documents/GitHub/frolf-bot-shared/eventbus/eventbus.go:326 +0x169
created by github.com/Black-And-White-Club/frolf-bot-shared/eventbus.(*eventBus).Subscribe in goroutine 12376
	/Users/jace/Documents/GitHub/frolf-bot-shared/eventbus/eventbus.go:315 +0xbf1

goroutine 12655 [chan receive, 3 minutes]:
github.com/ThreeDotsLabs/watermill/message.(*messageTransformSubscriberDecorator).Subscribe.func1()
	/Users/jace/go/pkg/mod/github.com/!three!dots!labs/watermill@v1.4.6/message/decorator.go:52 +0x85
created by github.com/ThreeDotsLabs/watermill/message.(*messageTransformSubscriberDecorator).Subscribe in goroutine 12376
	/Users/jace/go/pkg/mod/github.com/!three!dots!labs/watermill@v1.4.6/message/decorator.go:51 +0xc7

goroutine 12656 [chan receive, 3 minutes]:
github.com/ThreeDotsLabs/watermill/message.(*handler).run(0xc00118cd00, {0x10a337fa0, 0xc000a2d9f0}, {0xc000ea83c0, 0x6, 0x0?})
	/Users/jace/go/pkg/mod/github.com/!three!dots!labs/watermill@v1.4.6/message/router.go:645 +0x2b4
github.com/ThreeDotsLabs/watermill/message.(*Router).RunHandlers.func1()
	/Users/jace/go/pkg/mod/github.com/!three!dots!labs/watermill@v1.4.6/message/router.go:460 +0x145
created by github.com/ThreeDotsLabs/watermill/message.(*Router).RunHandlers in goroutine 12376
	/Users/jace/go/pkg/mod/github.com/!three!dots!labs/watermill@v1.4.6/message/router.go:453 +0x606

goroutine 18952 [chan receive, 3 minutes]:
github.com/ThreeDotsLabs/watermill/message.(*messageTransformSubscriberDecorator).Subscribe.func1()
	/Users/jace/go/pkg/mod/github.com/!three!dots!labs/watermill@v1.4.6/message/decorator.go:52 +0x85
created by github.com/ThreeDotsLabs/watermill/message.(*messageTransformSubscriberDecorator).Subscribe in goroutine 18988
	/Users/jace/go/pkg/mod/github.com/!three!dots!labs/watermill@v1.4.6/message/decorator.go:51 +0xc7

goroutine 12685 [select, 3 minutes]:
github.com/nats-io/nats.go/jetstream.(*pullConsumer).Messages.func2()
	/Users/jace/go/pkg/mod/github.com/nats-io/nats.go@v1.41.1/jetstream/pull.go:538 +0x68
created by github.com/nats-io/nats.go/jetstream.(*pullConsumer).Messages in goroutine 12376
	/Users/jace/go/pkg/mod/github.com/nats-io/nats.go@v1.41.1/jetstream/pull.go:536 +0x78a

goroutine 12726 [chan receive, 3 minutes]:
github.com/ThreeDotsLabs/watermill/message.(*messageTransformSubscriberDecorator).Subscribe.func1()
	/Users/jace/go/pkg/mod/github.com/!three!dots!labs/watermill@v1.4.6/message/decorator.go:52 +0x85
created by github.com/ThreeDotsLabs/watermill/message.(*messageTransformSubscriberDecorator).Subscribe in goroutine 12376
	/Users/jace/go/pkg/mod/github.com/!three!dots!labs/watermill@v1.4.6/message/decorator.go:51 +0xc7

goroutine 13505 [chan receive, 3 minutes]:
github.com/ThreeDotsLabs/watermill/message.(*handler).run(0xc00111ea90, {0x10a337fa0, 0xc000226780}, {0xc000e3ec00, 0x6, 0x0?})
	/Users/jace/go/pkg/mod/github.com/!three!dots!labs/watermill@v1.4.6/message/router.go:645 +0x2b4
github.com/ThreeDotsLabs/watermill/message.(*Router).RunHandlers.func1()
	/Users/jace/go/pkg/mod/github.com/!three!dots!labs/watermill@v1.4.6/message/router.go:460 +0x145
created by github.com/ThreeDotsLabs/watermill/message.(*Router).RunHandlers in goroutine 13489
	/Users/jace/go/pkg/mod/github.com/!three!dots!labs/watermill@v1.4.6/message/router.go:453 +0x606

goroutine 22965 [sync.Cond.Wait, 2 minutes]:
sync.runtime_notifyListWait(0xc000a1b490, 0x0)
	/usr/local/Cellar/go/1.24.2/libexec/src/runtime/sema.go:597 +0x159
sync.(*Cond).Wait(0x10a338010?)
	/usr/local/Cellar/go/1.24.2/libexec/src/sync/cond.go:71 +0x85
github.com/nats-io/nats%2ego.(*asyncCallbacksHandler).asyncCBDispatcher(0xc001525ee0)
	/Users/jace/go/pkg/mod/github.com/nats-io/nats.go@v1.41.1/nats.go:3059 +0xdd
created by github.com/nats-io/nats%2ego.Options.Connect in goroutine 22340
	/Users/jace/go/pkg/mod/github.com/nats-io/nats.go@v1.41.1/nats.go:1635 +0x387

goroutine 12692 [select, 3 minutes]:
github.com/nats-io/nats.go/jetstream.(*pullSubscription).pullMessages(0xc000708630, {0xc000806aa0, 0x4b})
	/Users/jace/go/pkg/mod/github.com/nats-io/nats.go@v1.41.1/jetstream/pull.go:955 +0x91
created by github.com/nats-io/nats.go/jetstream.(*pullConsumer).Messages in goroutine 12376
	/Users/jace/go/pkg/mod/github.com/nats-io/nats.go@v1.41.1/jetstream/pull.go:534 +0x748

goroutine 12693 [select, 3 minutes]:
github.com/nats-io/nats.go/jetstream.(*pullConsumer).Messages.func2()
	/Users/jace/go/pkg/mod/github.com/nats-io/nats.go@v1.41.1/jetstream/pull.go:538 +0x68
created by github.com/nats-io/nats.go/jetstream.(*pullConsumer).Messages in goroutine 12376
	/Users/jace/go/pkg/mod/github.com/nats-io/nats.go@v1.41.1/jetstream/pull.go:536 +0x78a

goroutine 12694 [select, 3 minutes]:
github.com/nats-io/nats.go/jetstream.(*pullSubscription).Next(0xc000708630)
	/Users/jace/go/pkg/mod/github.com/nats-io/nats.go@v1.41.1/jetstream/pull.go:589 +0x285
github.com/Black-And-White-Club/frolf-bot-shared/eventbus.(*eventBus).Subscribe.func1()
	/Users/jace/Documents/GitHub/frolf-bot-shared/eventbus/eventbus.go:326 +0x169
created by github.com/Black-And-White-Club/frolf-bot-shared/eventbus.(*eventBus).Subscribe in goroutine 12376
	/Users/jace/Documents/GitHub/frolf-bot-shared/eventbus/eventbus.go:315 +0xbf1

goroutine 12695 [chan receive, 3 minutes]:
github.com/ThreeDotsLabs/watermill/message.(*messageTransformSubscriberDecorator).Subscribe.func1()
	/Users/jace/go/pkg/mod/github.com/!three!dots!labs/watermill@v1.4.6/message/decorator.go:52 +0x85
created by github.com/ThreeDotsLabs/watermill/message.(*messageTransformSubscriberDecorator).Subscribe in goroutine 12376
	/Users/jace/go/pkg/mod/github.com/!three!dots!labs/watermill@v1.4.6/message/decorator.go:51 +0xc7

goroutine 12696 [chan receive, 3 minutes]:
github.com/ThreeDotsLabs/watermill/message.(*handler).run(0xc00118cea0, {0x10a337fa0, 0xc000915d60}, {0xc0007c7bc0, 0x6, 0x0?})
	/Users/jace/go/pkg/mod/github.com/!three!dots!labs/watermill@v1.4.6/message/router.go:645 +0x2b4
github.com/ThreeDotsLabs/watermill/message.(*Router).RunHandlers.func1()
	/Users/jace/go/pkg/mod/github.com/!three!dots!labs/watermill@v1.4.6/message/router.go:460 +0x145
created by github.com/ThreeDotsLabs/watermill/message.(*Router).RunHandlers in goroutine 12376
	/Users/jace/go/pkg/mod/github.com/!three!dots!labs/watermill@v1.4.6/message/router.go:453 +0x606

goroutine 15137 [select, 3 minutes]:
github.com/nats-io/nats.go/jetstream.(*pullSubscription).pullMessages(0xc001279200, {0xc000806a00, 0x47})
	/Users/jace/go/pkg/mod/github.com/nats-io/nats.go@v1.41.1/jetstream/pull.go:955 +0x91
created by github.com/nats-io/nats.go/jetstream.(*pullConsumer).Messages in goroutine 14800
	/Users/jace/go/pkg/mod/github.com/nats-io/nats.go@v1.41.1/jetstream/pull.go:534 +0x748

goroutine 32280 [select, 2 minutes]:
github.com/nats-io/nats.go/jetstream.(*pullConsumer).Messages.func2()
	/Users/jace/go/pkg/mod/github.com/nats-io/nats.go@v1.41.1/jetstream/pull.go:538 +0x68
created by github.com/nats-io/nats.go/jetstream.(*pullConsumer).Messages in goroutine 32049
	/Users/jace/go/pkg/mod/github.com/nats-io/nats.go@v1.41.1/jetstream/pull.go:536 +0x78a

goroutine 13504 [chan receive, 3 minutes]:
github.com/ThreeDotsLabs/watermill/message.(*messageTransformSubscriberDecorator).Subscribe.func1()
	/Users/jace/go/pkg/mod/github.com/!three!dots!labs/watermill@v1.4.6/message/decorator.go:52 +0x85
created by github.com/ThreeDotsLabs/watermill/message.(*messageTransformSubscriberDecorator).Subscribe in goroutine 13489
	/Users/jace/go/pkg/mod/github.com/!three!dots!labs/watermill@v1.4.6/message/decorator.go:51 +0xc7

goroutine 19381 [select, 3 minutes]:
github.com/nats-io/nats.go/jetstream.(*pullSubscription).pullMessages(0xc000ba2480, {0xc00066f340, 0x3e})
	/Users/jace/go/pkg/mod/github.com/nats-io/nats.go@v1.41.1/jetstream/pull.go:955 +0x91
created by github.com/nats-io/nats.go/jetstream.(*pullConsumer).Messages in goroutine 18988
	/Users/jace/go/pkg/mod/github.com/nats-io/nats.go@v1.41.1/jetstream/pull.go:534 +0x748

goroutine 12686 [select, 3 minutes]:
github.com/nats-io/nats.go/jetstream.(*pullSubscription).Next(0xc00083c1b0)
	/Users/jace/go/pkg/mod/github.com/nats-io/nats.go@v1.41.1/jetstream/pull.go:589 +0x285
github.com/Black-And-White-Club/frolf-bot-shared/eventbus.(*eventBus).Subscribe.func1()
	/Users/jace/Documents/GitHub/frolf-bot-shared/eventbus/eventbus.go:326 +0x169
created by github.com/Black-And-White-Club/frolf-bot-shared/eventbus.(*eventBus).Subscribe in goroutine 12376
	/Users/jace/Documents/GitHub/frolf-bot-shared/eventbus/eventbus.go:315 +0xbf1

goroutine 12687 [chan receive, 3 minutes]:
github.com/ThreeDotsLabs/watermill/message.(*messageTransformSubscriberDecorator).Subscribe.func1()
	/Users/jace/go/pkg/mod/github.com/!three!dots!labs/watermill@v1.4.6/message/decorator.go:52 +0x85
created by github.com/ThreeDotsLabs/watermill/message.(*messageTransformSubscriberDecorator).Subscribe in goroutine 12376
	/Users/jace/go/pkg/mod/github.com/!three!dots!labs/watermill@v1.4.6/message/decorator.go:51 +0xc7

goroutine 12688 [chan receive, 3 minutes]:
github.com/ThreeDotsLabs/watermill/message.(*handler).run(0xc00118d040, {0x10a337fa0, 0xc00098a1e0}, {0xc000ea8480, 0x6, 0x0?})
	/Users/jace/go/pkg/mod/github.com/!three!dots!labs/watermill@v1.4.6/message/router.go:645 +0x2b4
github.com/ThreeDotsLabs/watermill/message.(*Router).RunHandlers.func1()
	/Users/jace/go/pkg/mod/github.com/!three!dots!labs/watermill@v1.4.6/message/router.go:460 +0x145
created by github.com/ThreeDotsLabs/watermill/message.(*Router).RunHandlers in goroutine 12376
	/Users/jace/go/pkg/mod/github.com/!three!dots!labs/watermill@v1.4.6/message/router.go:453 +0x606

goroutine 19168 [select, 2 minutes]:
github.com/nats-io/nats.go/jetstream.(*pullConsumer).Messages.func2()
	/Users/jace/go/pkg/mod/github.com/nats-io/nats.go@v1.41.1/jetstream/pull.go:538 +0x68
created by github.com/nats-io/nats.go/jetstream.(*pullConsumer).Messages in goroutine 18988
	/Users/jace/go/pkg/mod/github.com/nats-io/nats.go@v1.41.1/jetstream/pull.go:536 +0x78a

goroutine 12778 [select, 3 minutes]:
github.com/nats-io/nats.go/jetstream.(*pullSubscription).pullMessages(0xc00055aea0, {0xc0005e8e60, 0x45})
	/Users/jace/go/pkg/mod/github.com/nats-io/nats.go@v1.41.1/jetstream/pull.go:955 +0x91
created by github.com/nats-io/nats.go/jetstream.(*pullConsumer).Messages in goroutine 12376
	/Users/jace/go/pkg/mod/github.com/nats-io/nats.go@v1.41.1/jetstream/pull.go:534 +0x748

goroutine 12702 [select, 3 minutes]:
github.com/nats-io/nats.go/jetstream.(*pullSubscription).pullMessages(0xc000122750, {0xc001187140, 0x58})
	/Users/jace/go/pkg/mod/github.com/nats-io/nats.go@v1.41.1/jetstream/pull.go:955 +0x91
created by github.com/nats-io/nats.go/jetstream.(*pullConsumer).Messages in goroutine 12764
	/Users/jace/go/pkg/mod/github.com/nats-io/nats.go@v1.41.1/jetstream/pull.go:534 +0x748

goroutine 19418 [select, 2 minutes]:
github.com/nats-io/nats.go/jetstream.(*pullSubscription).Next(0xc0012097a0)
	/Users/jace/go/pkg/mod/github.com/nats-io/nats.go@v1.41.1/jetstream/pull.go:589 +0x285
github.com/Black-And-White-Club/frolf-bot-shared/eventbus.(*eventBus).Subscribe.func1()
	/Users/jace/Documents/GitHub/frolf-bot-shared/eventbus/eventbus.go:326 +0x169
created by github.com/Black-And-White-Club/frolf-bot-shared/eventbus.(*eventBus).Subscribe in goroutine 18988
	/Users/jace/Documents/GitHub/frolf-bot-shared/eventbus/eventbus.go:315 +0xbf1

goroutine 32069 [chan receive, 2 minutes]:
github.com/ThreeDotsLabs/watermill/message.(*messageTransformSubscriberDecorator).Subscribe.func1()
	/Users/jace/go/pkg/mod/github.com/!three!dots!labs/watermill@v1.4.6/message/decorator.go:52 +0x85
created by github.com/ThreeDotsLabs/watermill/message.(*messageTransformSubscriberDecorator).Subscribe in goroutine 32049
	/Users/jace/go/pkg/mod/github.com/!three!dots!labs/watermill@v1.4.6/message/decorator.go:51 +0xc7

goroutine 15022 [chan receive, 3 minutes]:
github.com/ThreeDotsLabs/watermill/message.(*messageTransformSubscriberDecorator).Subscribe.func1()
	/Users/jace/go/pkg/mod/github.com/!three!dots!labs/watermill@v1.4.6/message/decorator.go:52 +0x85
created by github.com/ThreeDotsLabs/watermill/message.(*messageTransformSubscriberDecorator).Subscribe in goroutine 14800
	/Users/jace/go/pkg/mod/github.com/!three!dots!labs/watermill@v1.4.6/message/decorator.go:51 +0xc7

goroutine 12796 [select, 3 minutes]:
github.com/nats-io/nats.go/jetstream.(*pullConsumer).Messages.func2()
	/Users/jace/go/pkg/mod/github.com/nats-io/nats.go@v1.41.1/jetstream/pull.go:538 +0x68
created by github.com/nats-io/nats.go/jetstream.(*pullConsumer).Messages in goroutine 12764
	/Users/jace/go/pkg/mod/github.com/nats-io/nats.go@v1.41.1/jetstream/pull.go:536 +0x78a

goroutine 37959 [chan receive, 1 minutes]:
github.com/ThreeDotsLabs/watermill/message.(*messageTransformSubscriberDecorator).Subscribe.func1()
	/Users/jace/go/pkg/mod/github.com/!three!dots!labs/watermill@v1.4.6/message/decorator.go:52 +0x85
created by github.com/ThreeDotsLabs/watermill/message.(*messageTransformSubscriberDecorator).Subscribe in goroutine 37797
	/Users/jace/go/pkg/mod/github.com/!three!dots!labs/watermill@v1.4.6/message/decorator.go:51 +0xc7

goroutine 23303 [select, 2 minutes]:
github.com/nats-io/nats.go/jetstream.(*pullSubscription).pullMessages(0xc000b89710, {0xc000754140, 0x4b})
	/Users/jace/go/pkg/mod/github.com/nats-io/nats.go@v1.41.1/jetstream/pull.go:955 +0x91
created by github.com/nats-io/nats.go/jetstream.(*pullConsumer).Messages in goroutine 23038
	/Users/jace/go/pkg/mod/github.com/nats-io/nats.go@v1.41.1/jetstream/pull.go:534 +0x748

goroutine 13767 [select, 3 minutes]:
github.com/nats-io/nats.go/jetstream.(*pullSubscription).Next(0xc0014be240)
	/Users/jace/go/pkg/mod/github.com/nats-io/nats.go@v1.41.1/jetstream/pull.go:589 +0x285
github.com/Black-And-White-Club/frolf-bot-shared/eventbus.(*eventBus).Subscribe.func1()
	/Users/jace/Documents/GitHub/frolf-bot-shared/eventbus/eventbus.go:326 +0x169
created by github.com/Black-And-White-Club/frolf-bot-shared/eventbus.(*eventBus).Subscribe in goroutine 13489
	/Users/jace/Documents/GitHub/frolf-bot-shared/eventbus/eventbus.go:315 +0xbf1

goroutine 19327 [select, 3 minutes]:
github.com/nats-io/nats.go/jetstream.(*pullSubscription).pullMessages(0xc000a83b90, {0xc00066efc0, 0x40})
	/Users/jace/go/pkg/mod/github.com/nats-io/nats.go@v1.41.1/jetstream/pull.go:955 +0x91
created by github.com/nats-io/nats.go/jetstream.(*pullConsumer).Messages in goroutine 18988
	/Users/jace/go/pkg/mod/github.com/nats-io/nats.go@v1.41.1/jetstream/pull.go:534 +0x748

goroutine 31253 [chan receive, 2 minutes]:
github.com/ThreeDotsLabs/watermill/message.(*handler).run(0xc001312000, {0x10a337fa0, 0xc000812410}, {0xc001336780, 0x6, 0xc000ecf778?})
	/Users/jace/go/pkg/mod/github.com/!three!dots!labs/watermill@v1.4.6/message/router.go:645 +0x2b4
github.com/ThreeDotsLabs/watermill/message.(*Router).RunHandlers.func1()
	/Users/jace/go/pkg/mod/github.com/!three!dots!labs/watermill@v1.4.6/message/router.go:460 +0x145
created by github.com/ThreeDotsLabs/watermill/message.(*Router).RunHandlers in goroutine 31164
	/Users/jace/go/pkg/mod/github.com/!three!dots!labs/watermill@v1.4.6/message/router.go:453 +0x606

goroutine 14928 [chan receive, 3 minutes]:
github.com/ThreeDotsLabs/watermill/message.(*handler).run(0xc000966820, {0x10a337fa0, 0xc000a2cfa0}, {0xc001276180, 0x6, 0x0?})
	/Users/jace/go/pkg/mod/github.com/!three!dots!labs/watermill@v1.4.6/message/router.go:645 +0x2b4
github.com/ThreeDotsLabs/watermill/message.(*Router).RunHandlers.func1()
	/Users/jace/go/pkg/mod/github.com/!three!dots!labs/watermill@v1.4.6/message/router.go:460 +0x145
created by github.com/ThreeDotsLabs/watermill/message.(*Router).RunHandlers in goroutine 14800
	/Users/jace/go/pkg/mod/github.com/!three!dots!labs/watermill@v1.4.6/message/router.go:453 +0x606

goroutine 14890 [select, 3 minutes]:
github.com/nats-io/nats.go/jetstream.(*pullConsumer).Messages.func2()
	/Users/jace/go/pkg/mod/github.com/nats-io/nats.go@v1.41.1/jetstream/pull.go:538 +0x68
created by github.com/nats-io/nats.go/jetstream.(*pullConsumer).Messages in goroutine 14800
	/Users/jace/go/pkg/mod/github.com/nats-io/nats.go@v1.41.1/jetstream/pull.go:536 +0x78a

goroutine 14669 [select, 3 minutes]:
github.com/nats-io/nats.go/jetstream.(*pullSubscription).pullMessages(0xc0013b0ab0, {0xc00017e230, 0x4d})
	/Users/jace/go/pkg/mod/github.com/nats-io/nats.go@v1.41.1/jetstream/pull.go:955 +0x91
created by github.com/nats-io/nats.go/jetstream.(*pullConsumer).Messages in goroutine 14800
	/Users/jace/go/pkg/mod/github.com/nats-io/nats.go@v1.41.1/jetstream/pull.go:534 +0x748

goroutine 15019 [select, 3 minutes]:
github.com/nats-io/nats.go/jetstream.(*pullSubscription).pullMessages(0xc00113f320, {0xc0005e8820, 0x45})
	/Users/jace/go/pkg/mod/github.com/nats-io/nats.go@v1.41.1/jetstream/pull.go:955 +0x91
created by github.com/nats-io/nats.go/jetstream.(*pullConsumer).Messages in goroutine 14800
	/Users/jace/go/pkg/mod/github.com/nats-io/nats.go@v1.41.1/jetstream/pull.go:534 +0x748

goroutine 12804 [chan receive, 3 minutes]:
github.com/ThreeDotsLabs/watermill/message.(*messageTransformSubscriberDecorator).Subscribe.func1()
	/Users/jace/go/pkg/mod/github.com/!three!dots!labs/watermill@v1.4.6/message/decorator.go:52 +0x85
created by github.com/ThreeDotsLabs/watermill/message.(*messageTransformSubscriberDecorator).Subscribe in goroutine 12376
	/Users/jace/go/pkg/mod/github.com/!three!dots!labs/watermill@v1.4.6/message/decorator.go:51 +0xc7

goroutine 12779 [select, 3 minutes]:
github.com/nats-io/nats.go/jetstream.(*pullConsumer).Messages.func2()
	/Users/jace/go/pkg/mod/github.com/nats-io/nats.go@v1.41.1/jetstream/pull.go:538 +0x68
created by github.com/nats-io/nats.go/jetstream.(*pullConsumer).Messages in goroutine 12376
	/Users/jace/go/pkg/mod/github.com/nats-io/nats.go@v1.41.1/jetstream/pull.go:536 +0x78a

goroutine 12780 [select, 3 minutes]:
github.com/nats-io/nats.go/jetstream.(*pullSubscription).Next(0xc00055aea0)
	/Users/jace/go/pkg/mod/github.com/nats-io/nats.go@v1.41.1/jetstream/pull.go:589 +0x285
github.com/Black-And-White-Club/frolf-bot-shared/eventbus.(*eventBus).Subscribe.func1()
	/Users/jace/Documents/GitHub/frolf-bot-shared/eventbus/eventbus.go:326 +0x169
created by github.com/Black-And-White-Club/frolf-bot-shared/eventbus.(*eventBus).Subscribe in goroutine 12376
	/Users/jace/Documents/GitHub/frolf-bot-shared/eventbus/eventbus.go:315 +0xbf1

goroutine 12781 [chan receive, 3 minutes]:
github.com/ThreeDotsLabs/watermill/message.(*messageTransformSubscriberDecorator).Subscribe.func1()
	/Users/jace/go/pkg/mod/github.com/!three!dots!labs/watermill@v1.4.6/message/decorator.go:52 +0x85
created by github.com/ThreeDotsLabs/watermill/message.(*messageTransformSubscriberDecorator).Subscribe in goroutine 12376
	/Users/jace/go/pkg/mod/github.com/!three!dots!labs/watermill@v1.4.6/message/decorator.go:51 +0xc7

goroutine 12782 [chan receive, 3 minutes]:
github.com/ThreeDotsLabs/watermill/message.(*handler).run(0xc00118cdd0, {0x10a337fa0, 0xc0011371d0}, {0xc0009b95c0, 0x6, 0x4?})
	/Users/jace/go/pkg/mod/github.com/!three!dots!labs/watermill@v1.4.6/message/router.go:645 +0x2b4
github.com/ThreeDotsLabs/watermill/message.(*Router).RunHandlers.func1()
	/Users/jace/go/pkg/mod/github.com/!three!dots!labs/watermill@v1.4.6/message/router.go:460 +0x145
created by github.com/ThreeDotsLabs/watermill/message.(*Router).RunHandlers in goroutine 12376
	/Users/jace/go/pkg/mod/github.com/!three!dots!labs/watermill@v1.4.6/message/router.go:453 +0x606

goroutine 23234 [select, 2 minutes]:
github.com/nats-io/nats.go/jetstream.(*pullSubscription).Next(0xc00116fc20)
	/Users/jace/go/pkg/mod/github.com/nats-io/nats.go@v1.41.1/jetstream/pull.go:589 +0x285
github.com/Black-And-White-Club/frolf-bot-shared/eventbus.(*eventBus).Subscribe.func1()
	/Users/jace/Documents/GitHub/frolf-bot-shared/eventbus/eventbus.go:326 +0x169
created by github.com/Black-And-White-Club/frolf-bot-shared/eventbus.(*eventBus).Subscribe in goroutine 23038
	/Users/jace/Documents/GitHub/frolf-bot-shared/eventbus/eventbus.go:315 +0xbf1

goroutine 12840 [select, 3 minutes]:
github.com/nats-io/nats.go/jetstream.(*pullConsumer).Messages.func2()
	/Users/jace/go/pkg/mod/github.com/nats-io/nats.go@v1.41.1/jetstream/pull.go:538 +0x68
created by github.com/nats-io/nats.go/jetstream.(*pullConsumer).Messages in goroutine 12376
	/Users/jace/go/pkg/mod/github.com/nats-io/nats.go@v1.41.1/jetstream/pull.go:536 +0x78a

goroutine 12789 [select, 3 minutes]:
github.com/nats-io/nats.go/jetstream.(*pullSubscription).pullMessages(0xc00083ca20, {0xc0007d6aa0, 0x4b})
	/Users/jace/go/pkg/mod/github.com/nats-io/nats.go@v1.41.1/jetstream/pull.go:955 +0x91
created by github.com/nats-io/nats.go/jetstream.(*pullConsumer).Messages in goroutine 12376
	/Users/jace/go/pkg/mod/github.com/nats-io/nats.go@v1.41.1/jetstream/pull.go:534 +0x748

goroutine 12790 [select, 3 minutes]:
github.com/nats-io/nats.go/jetstream.(*pullConsumer).Messages.func2()
	/Users/jace/go/pkg/mod/github.com/nats-io/nats.go@v1.41.1/jetstream/pull.go:538 +0x68
created by github.com/nats-io/nats.go/jetstream.(*pullConsumer).Messages in goroutine 12376
	/Users/jace/go/pkg/mod/github.com/nats-io/nats.go@v1.41.1/jetstream/pull.go:536 +0x78a

goroutine 12791 [select, 3 minutes]:
github.com/nats-io/nats.go/jetstream.(*pullSubscription).Next(0xc00083ca20)
	/Users/jace/go/pkg/mod/github.com/nats-io/nats.go@v1.41.1/jetstream/pull.go:589 +0x285
github.com/Black-And-White-Club/frolf-bot-shared/eventbus.(*eventBus).Subscribe.func1()
	/Users/jace/Documents/GitHub/frolf-bot-shared/eventbus/eventbus.go:326 +0x169
created by github.com/Black-And-White-Club/frolf-bot-shared/eventbus.(*eventBus).Subscribe in goroutine 12376
	/Users/jace/Documents/GitHub/frolf-bot-shared/eventbus/eventbus.go:315 +0xbf1

goroutine 12792 [chan receive, 3 minutes]:
github.com/ThreeDotsLabs/watermill/message.(*messageTransformSubscriberDecorator).Subscribe.func1()
	/Users/jace/go/pkg/mod/github.com/!three!dots!labs/watermill@v1.4.6/message/decorator.go:52 +0x85
created by github.com/ThreeDotsLabs/watermill/message.(*messageTransformSubscriberDecorator).Subscribe in goroutine 12376
	/Users/jace/go/pkg/mod/github.com/!three!dots!labs/watermill@v1.4.6/message/decorator.go:51 +0xc7

goroutine 12793 [chan receive, 3 minutes]:
github.com/ThreeDotsLabs/watermill/message.(*handler).run(0xc00118d110, {0x10a337fa0, 0xc001137950}, {0xc000ea8540, 0x6, 0xc0001b6930?})
	/Users/jace/go/pkg/mod/github.com/!three!dots!labs/watermill@v1.4.6/message/router.go:645 +0x2b4
github.com/ThreeDotsLabs/watermill/message.(*Router).RunHandlers.func1()
	/Users/jace/go/pkg/mod/github.com/!three!dots!labs/watermill@v1.4.6/message/router.go:460 +0x145
created by github.com/ThreeDotsLabs/watermill/message.(*Router).RunHandlers in goroutine 12376
	/Users/jace/go/pkg/mod/github.com/!three!dots!labs/watermill@v1.4.6/message/router.go:453 +0x606

goroutine 23162 [chan receive, 2 minutes]:
github.com/ThreeDotsLabs/watermill/message.(*handler).run(0xc0014100d0, {0x10a337fa0, 0xc0003665a0}, {0xc0014dc180, 0x6, 0x4?})
	/Users/jace/go/pkg/mod/github.com/!three!dots!labs/watermill@v1.4.6/message/router.go:645 +0x2b4
github.com/ThreeDotsLabs/watermill/message.(*Router).RunHandlers.func1()
	/Users/jace/go/pkg/mod/github.com/!three!dots!labs/watermill@v1.4.6/message/router.go:460 +0x145
created by github.com/ThreeDotsLabs/watermill/message.(*Router).RunHandlers in goroutine 23038
	/Users/jace/go/pkg/mod/github.com/!three!dots!labs/watermill@v1.4.6/message/router.go:453 +0x606

goroutine 23285 [select, 2 minutes]:
github.com/nats-io/nats.go/jetstream.(*pullSubscription).Next(0xc0007094d0)
	/Users/jace/go/pkg/mod/github.com/nats-io/nats.go@v1.41.1/jetstream/pull.go:589 +0x285
github.com/Black-And-White-Club/frolf-bot-shared/eventbus.(*eventBus).Subscribe.func1()
	/Users/jace/Documents/GitHub/frolf-bot-shared/eventbus/eventbus.go:326 +0x169
created by github.com/Black-And-White-Club/frolf-bot-shared/eventbus.(*eventBus).Subscribe in goroutine 23038
	/Users/jace/Documents/GitHub/frolf-bot-shared/eventbus/eventbus.go:315 +0xbf1

goroutine 13503 [select, 3 minutes]:
github.com/nats-io/nats.go/jetstream.(*pullSubscription).Next(0xc0013b0ea0)
	/Users/jace/go/pkg/mod/github.com/nats-io/nats.go@v1.41.1/jetstream/pull.go:589 +0x285
github.com/Black-And-White-Club/frolf-bot-shared/eventbus.(*eventBus).Subscribe.func1()
	/Users/jace/Documents/GitHub/frolf-bot-shared/eventbus/eventbus.go:326 +0x169
created by github.com/Black-And-White-Club/frolf-bot-shared/eventbus.(*eventBus).Subscribe in goroutine 13489
	/Users/jace/Documents/GitHub/frolf-bot-shared/eventbus/eventbus.go:315 +0xbf1

goroutine 23604 [chan receive, 2 minutes]:
github.com/ThreeDotsLabs/watermill/message.(*handler).run(0xc001410340, {0x10a337fa0, 0xc0000c4a50}, {0xc0011c4600, 0x6, 0xc000bd7f78?})
	/Users/jace/go/pkg/mod/github.com/!three!dots!labs/watermill@v1.4.6/message/router.go:645 +0x2b4
github.com/ThreeDotsLabs/watermill/message.(*Router).RunHandlers.func1()
	/Users/jace/go/pkg/mod/github.com/!three!dots!labs/watermill@v1.4.6/message/router.go:460 +0x145
created by github.com/ThreeDotsLabs/watermill/message.(*Router).RunHandlers in goroutine 23038
	/Users/jace/go/pkg/mod/github.com/!three!dots!labs/watermill@v1.4.6/message/router.go:453 +0x606

goroutine 14893 [chan receive, 3 minutes]:
github.com/ThreeDotsLabs/watermill/message.(*handler).run(0xc0013de000, {0x10a337fa0, 0xc000a2c4b0}, {0xc0012760c0, 0x6, 0x100010000?})
	/Users/jace/go/pkg/mod/github.com/!three!dots!labs/watermill@v1.4.6/message/router.go:645 +0x2b4
github.com/ThreeDotsLabs/watermill/message.(*Router).RunHandlers.func1()
	/Users/jace/go/pkg/mod/github.com/!three!dots!labs/watermill@v1.4.6/message/router.go:460 +0x145
created by github.com/ThreeDotsLabs/watermill/message.(*Router).RunHandlers in goroutine 14800
	/Users/jace/go/pkg/mod/github.com/!three!dots!labs/watermill@v1.4.6/message/router.go:453 +0x606

goroutine 33336 [chan receive, 2 minutes]:
github.com/ThreeDotsLabs/watermill/message.(*handler).run(0xc000eaba00, {0x10a337fa0, 0xc000ffb4a0}, {0xc000c24f00, 0x6, 0xc0015f77b0?})
	/Users/jace/go/pkg/mod/github.com/!three!dots!labs/watermill@v1.4.6/message/router.go:645 +0x2b4
github.com/ThreeDotsLabs/watermill/message.(*Router).RunHandlers.func1()
	/Users/jace/go/pkg/mod/github.com/!three!dots!labs/watermill@v1.4.6/message/router.go:460 +0x145
created by github.com/ThreeDotsLabs/watermill/message.(*Router).RunHandlers in goroutine 33200
	/Users/jace/go/pkg/mod/github.com/!three!dots!labs/watermill@v1.4.6/message/router.go:453 +0x606

goroutine 22392 [select]:
github.com/nats-io/nats%2ego.(*Conn).doReconnect(0xc0002d2e08, {0x10a327f28, 0x10acedb30}, 0x0)
	/Users/jace/go/pkg/mod/github.com/nats-io/nats.go@v1.41.1/nats.go:2907 +0x41a
created by github.com/nats-io/nats%2ego.(*Conn).processOpErr in goroutine 18880
	/Users/jace/go/pkg/mod/github.com/nats-io/nats.go@v1.41.1/nats.go:3043 +0x2f3

goroutine 14889 [select, 3 minutes]:
github.com/nats-io/nats.go/jetstream.(*pullSubscription).pullMessages(0xc0007f33b0, {0xc0005e84b0, 0x4f})
	/Users/jace/go/pkg/mod/github.com/nats-io/nats.go@v1.41.1/jetstream/pull.go:955 +0x91
created by github.com/nats-io/nats.go/jetstream.(*pullConsumer).Messages in goroutine 14800
	/Users/jace/go/pkg/mod/github.com/nats-io/nats.go@v1.41.1/jetstream/pull.go:534 +0x748

goroutine 27320 [select, 2 minutes]:
github.com/nats-io/nats.go/jetstream.(*pullSubscription).Next(0xc001920d80)
	/Users/jace/go/pkg/mod/github.com/nats-io/nats.go@v1.41.1/jetstream/pull.go:589 +0x285
github.com/Black-And-White-Club/frolf-bot-shared/eventbus.(*eventBus).Subscribe.func1()
	/Users/jace/Documents/GitHub/frolf-bot-shared/eventbus/eventbus.go:326 +0x169
created by github.com/Black-And-White-Club/frolf-bot-shared/eventbus.(*eventBus).Subscribe in goroutine 27088
	/Users/jace/Documents/GitHub/frolf-bot-shared/eventbus/eventbus.go:315 +0xbf1

goroutine 19461 [select, 3 minutes]:
github.com/nats-io/nats.go/jetstream.(*pullSubscription).pullMessages(0xc000708240, {0xc00113ab40, 0x3f})
	/Users/jace/go/pkg/mod/github.com/nats-io/nats.go@v1.41.1/jetstream/pull.go:955 +0x91
created by github.com/nats-io/nats.go/jetstream.(*pullConsumer).Messages in goroutine 18988
	/Users/jace/go/pkg/mod/github.com/nats-io/nats.go@v1.41.1/jetstream/pull.go:534 +0x748

goroutine 15101 [chan receive, 3 minutes]:
github.com/ThreeDotsLabs/watermill/message.(*messageTransformSubscriberDecorator).Subscribe.func1()
	/Users/jace/go/pkg/mod/github.com/!three!dots!labs/watermill@v1.4.6/message/decorator.go:52 +0x85
created by github.com/ThreeDotsLabs/watermill/message.(*messageTransformSubscriberDecorator).Subscribe in goroutine 14800
	/Users/jace/go/pkg/mod/github.com/!three!dots!labs/watermill@v1.4.6/message/decorator.go:51 +0xc7

goroutine 19260 [select, 3 minutes]:
github.com/nats-io/nats.go/jetstream.(*pullSubscription).pullMessages(0xc001591680, {0xc00017f130, 0x50})
	/Users/jace/go/pkg/mod/github.com/nats-io/nats.go@v1.41.1/jetstream/pull.go:955 +0x91
created by github.com/nats-io/nats.go/jetstream.(*pullConsumer).Messages in goroutine 18988
	/Users/jace/go/pkg/mod/github.com/nats-io/nats.go@v1.41.1/jetstream/pull.go:534 +0x748

goroutine 12841 [select, 3 minutes]:
github.com/nats-io/nats.go/jetstream.(*pullSubscription).Next(0xc00083d8c0)
	/Users/jace/go/pkg/mod/github.com/nats-io/nats.go@v1.41.1/jetstream/pull.go:589 +0x285
github.com/Black-And-White-Club/frolf-bot-shared/eventbus.(*eventBus).Subscribe.func1()
	/Users/jace/Documents/GitHub/frolf-bot-shared/eventbus/eventbus.go:326 +0x169
created by github.com/Black-And-White-Club/frolf-bot-shared/eventbus.(*eventBus).Subscribe in goroutine 12376
	/Users/jace/Documents/GitHub/frolf-bot-shared/eventbus/eventbus.go:315 +0xbf1

goroutine 12842 [chan receive, 3 minutes]:
github.com/ThreeDotsLabs/watermill/message.(*messageTransformSubscriberDecorator).Subscribe.func1()
	/Users/jace/go/pkg/mod/github.com/!three!dots!labs/watermill@v1.4.6/message/decorator.go:52 +0x85
created by github.com/ThreeDotsLabs/watermill/message.(*messageTransformSubscriberDecorator).Subscribe in goroutine 12376
	/Users/jace/go/pkg/mod/github.com/!three!dots!labs/watermill@v1.4.6/message/decorator.go:51 +0xc7

goroutine 12843 [chan receive, 3 minutes]:
github.com/ThreeDotsLabs/watermill/message.(*handler).run(0xc00118d450, {0x10a337fa0, 0xc00098b2c0}, {0xc000dda0c0, 0x6, 0x1000000000001?})
	/Users/jace/go/pkg/mod/github.com/!three!dots!labs/watermill@v1.4.6/message/router.go:645 +0x2b4
github.com/ThreeDotsLabs/watermill/message.(*Router).RunHandlers.func1()
	/Users/jace/go/pkg/mod/github.com/!three!dots!labs/watermill@v1.4.6/message/router.go:460 +0x145
created by github.com/ThreeDotsLabs/watermill/message.(*Router).RunHandlers in goroutine 12376
	/Users/jace/go/pkg/mod/github.com/!three!dots!labs/watermill@v1.4.6/message/router.go:453 +0x606

goroutine 13918 [select]:
github.com/nats-io/nats%2ego.(*Conn).doReconnect(0xc000688a08, {0x10a327f28, 0x10acedb30}, 0x0)
	/Users/jace/go/pkg/mod/github.com/nats-io/nats.go@v1.41.1/nats.go:2907 +0x41a
created by github.com/nats-io/nats%2ego.(*Conn).processOpErr in goroutine 13409
	/Users/jace/go/pkg/mod/github.com/nats-io/nats.go@v1.41.1/nats.go:3043 +0x2f3

goroutine 23268 [chan receive, 2 minutes]:
github.com/ThreeDotsLabs/watermill/message.(*handler).run(0xc0009665b0, {0x10a337fa0, 0xc000367590}, {0xc001576180, 0x6, 0xc001421778?})
	/Users/jace/go/pkg/mod/github.com/!three!dots!labs/watermill@v1.4.6/message/router.go:645 +0x2b4
github.com/ThreeDotsLabs/watermill/message.(*Router).RunHandlers.func1()
	/Users/jace/go/pkg/mod/github.com/!three!dots!labs/watermill@v1.4.6/message/router.go:460 +0x145
created by github.com/ThreeDotsLabs/watermill/message.(*Router).RunHandlers in goroutine 23038
	/Users/jace/go/pkg/mod/github.com/!three!dots!labs/watermill@v1.4.6/message/router.go:453 +0x606

goroutine 13447 [sync.Cond.Wait, 3 minutes]:
sync.runtime_notifyListWait(0xc000626410, 0x0)
	/usr/local/Cellar/go/1.24.2/libexec/src/runtime/sema.go:597 +0x159
sync.(*Cond).Wait(0x0?)
	/usr/local/Cellar/go/1.24.2/libexec/src/sync/cond.go:71 +0x85
github.com/nats-io/nats%2ego.(*asyncCallbacksHandler).asyncCBDispatcher(0xc0012804e0)
	/Users/jace/go/pkg/mod/github.com/nats-io/nats.go@v1.41.1/nats.go:3059 +0xdd
created by github.com/nats-io/nats%2ego.Options.Connect in goroutine 12935
	/Users/jace/go/pkg/mod/github.com/nats-io/nats.go@v1.41.1/nats.go:1635 +0x387

goroutine 23197 [select, 2 minutes]:
github.com/nats-io/nats.go/jetstream.(*pullConsumer).Messages.func2()
	/Users/jace/go/pkg/mod/github.com/nats-io/nats.go@v1.41.1/jetstream/pull.go:538 +0x68
created by github.com/nats-io/nats.go/jetstream.(*pullConsumer).Messages in goroutine 23038
	/Users/jace/go/pkg/mod/github.com/nats-io/nats.go@v1.41.1/jetstream/pull.go:536 +0x78a

goroutine 14737 [sync.Cond.Wait, 3 minutes]:
sync.runtime_notifyListWait(0xc0001f1a50, 0x0)
	/usr/local/Cellar/go/1.24.2/libexec/src/runtime/sema.go:597 +0x159
sync.(*Cond).Wait(0xc00003e460?)
	/usr/local/Cellar/go/1.24.2/libexec/src/sync/cond.go:71 +0x85
github.com/nats-io/nats%2ego.(*asyncCallbacksHandler).asyncCBDispatcher(0xc000836620)
	/Users/jace/go/pkg/mod/github.com/nats-io/nats.go@v1.41.1/nats.go:3059 +0xdd
created by github.com/nats-io/nats%2ego.Options.Connect in goroutine 14000
	/Users/jace/go/pkg/mod/github.com/nats-io/nats.go@v1.41.1/nats.go:1635 +0x387

goroutine 35370 [sync.Cond.Wait, 2 minutes]:
sync.runtime_notifyListWait(0xc000e49310, 0x0)
	/usr/local/Cellar/go/1.24.2/libexec/src/runtime/sema.go:597 +0x159
sync.(*Cond).Wait(0x100000001?)
	/usr/local/Cellar/go/1.24.2/libexec/src/sync/cond.go:71 +0x85
github.com/nats-io/nats%2ego.(*asyncCallbacksHandler).asyncCBDispatcher(0xc00158f560)
	/Users/jace/go/pkg/mod/github.com/nats-io/nats.go@v1.41.1/nats.go:3059 +0xdd
created by github.com/nats-io/nats%2ego.Options.Connect in goroutine 34802
	/Users/jace/go/pkg/mod/github.com/nats-io/nats.go@v1.41.1/nats.go:1635 +0x387

goroutine 31264 [select, 2 minutes]:
github.com/nats-io/nats.go/jetstream.(*pullSubscription).Next(0xc00113f290)
	/Users/jace/go/pkg/mod/github.com/nats-io/nats.go@v1.41.1/jetstream/pull.go:589 +0x285
github.com/Black-And-White-Club/frolf-bot-shared/eventbus.(*eventBus).Subscribe.func1()
	/Users/jace/Documents/GitHub/frolf-bot-shared/eventbus/eventbus.go:326 +0x169
created by github.com/Black-And-White-Club/frolf-bot-shared/eventbus.(*eventBus).Subscribe in goroutine 31164
	/Users/jace/Documents/GitHub/frolf-bot-shared/eventbus/eventbus.go:315 +0xbf1

goroutine 12577 [sync.WaitGroup.Wait, 3 minutes]:
sync.runtime_SemacquireWaitGroup(0xc00047c160?)
	/usr/local/Cellar/go/1.24.2/libexec/src/runtime/sema.go:110 +0x25
sync.(*WaitGroup).Wait(0xc0011ab730?)
	/usr/local/Cellar/go/1.24.2/libexec/src/sync/waitgroup.go:118 +0x48
github.com/ThreeDotsLabs/watermill/pubsub/sync.WaitGroupTimeout.func1()
	/Users/jace/go/pkg/mod/github.com/!three!dots!labs/watermill@v1.4.6/pubsub/sync/waitgroup.go:13 +0x25
created by github.com/ThreeDotsLabs/watermill/pubsub/sync.WaitGroupTimeout in goroutine 11675
	/Users/jace/go/pkg/mod/github.com/!three!dots!labs/watermill@v1.4.6/pubsub/sync/waitgroup.go:12 +0x85

goroutine 14888 [chan receive, 3 minutes]:
github.com/ThreeDotsLabs/watermill/message.(*handler).run(0xc0009676c0, {0x10a337fa0, 0xc000c82be0}, {0xc0001fc480, 0x6, 0x4?})
	/Users/jace/go/pkg/mod/github.com/!three!dots!labs/watermill@v1.4.6/message/router.go:645 +0x2b4
github.com/ThreeDotsLabs/watermill/message.(*Router).RunHandlers.func1()
	/Users/jace/go/pkg/mod/github.com/!three!dots!labs/watermill@v1.4.6/message/router.go:460 +0x145
created by github.com/ThreeDotsLabs/watermill/message.(*Router).RunHandlers in goroutine 14800
	/Users/jace/go/pkg/mod/github.com/!three!dots!labs/watermill@v1.4.6/message/router.go:453 +0x606

goroutine 12575 [sync.WaitGroup.Wait, 3 minutes]:
sync.runtime_SemacquireWaitGroup(0xc0004d4c40?)
	/usr/local/Cellar/go/1.24.2/libexec/src/runtime/sema.go:110 +0x25
sync.(*WaitGroup).Wait(0xc0008f1f40?)
	/usr/local/Cellar/go/1.24.2/libexec/src/sync/waitgroup.go:118 +0x48
github.com/ThreeDotsLabs/watermill/message.(*Router).waitForHandlers.func1()
	/Users/jace/go/pkg/mod/github.com/!three!dots!labs/watermill@v1.4.6/message/router.go:579 +0x4b
created by github.com/ThreeDotsLabs/watermill/message.(*Router).waitForHandlers in goroutine 11675
	/Users/jace/go/pkg/mod/github.com/!three!dots!labs/watermill@v1.4.6/message/router.go:577 +0x87

goroutine 12875 [select, 3 minutes]:
github.com/nats-io/nats.go/jetstream.(*pullSubscription).pullMessages(0xc00083dcb0, {0xc0002f8a20, 0x58})
	/Users/jace/go/pkg/mod/github.com/nats-io/nats.go@v1.41.1/jetstream/pull.go:955 +0x91
created by github.com/nats-io/nats.go/jetstream.(*pullConsumer).Messages in goroutine 12376
	/Users/jace/go/pkg/mod/github.com/nats-io/nats.go@v1.41.1/jetstream/pull.go:534 +0x748

goroutine 12876 [select, 3 minutes]:
github.com/nats-io/nats.go/jetstream.(*pullConsumer).Messages.func2()
	/Users/jace/go/pkg/mod/github.com/nats-io/nats.go@v1.41.1/jetstream/pull.go:538 +0x68
created by github.com/nats-io/nats.go/jetstream.(*pullConsumer).Messages in goroutine 12376
	/Users/jace/go/pkg/mod/github.com/nats-io/nats.go@v1.41.1/jetstream/pull.go:536 +0x78a

goroutine 12877 [select, 3 minutes]:
github.com/nats-io/nats.go/jetstream.(*pullSubscription).Next(0xc00083dcb0)
	/Users/jace/go/pkg/mod/github.com/nats-io/nats.go@v1.41.1/jetstream/pull.go:589 +0x285
github.com/Black-And-White-Club/frolf-bot-shared/eventbus.(*eventBus).Subscribe.func1()
	/Users/jace/Documents/GitHub/frolf-bot-shared/eventbus/eventbus.go:326 +0x169
created by github.com/Black-And-White-Club/frolf-bot-shared/eventbus.(*eventBus).Subscribe in goroutine 12376
	/Users/jace/Documents/GitHub/frolf-bot-shared/eventbus/eventbus.go:315 +0xbf1

goroutine 12878 [chan receive, 3 minutes]:
github.com/ThreeDotsLabs/watermill/message.(*messageTransformSubscriberDecorator).Subscribe.func1()
	/Users/jace/go/pkg/mod/github.com/!three!dots!labs/watermill@v1.4.6/message/decorator.go:52 +0x85
created by github.com/ThreeDotsLabs/watermill/message.(*messageTransformSubscriberDecorator).Subscribe in goroutine 12376
	/Users/jace/go/pkg/mod/github.com/!three!dots!labs/watermill@v1.4.6/message/decorator.go:51 +0xc7

goroutine 12879 [chan receive, 3 minutes]:
github.com/ThreeDotsLabs/watermill/message.(*handler).run(0xc00118d5f0, {0x10a337fa0, 0xc000366190}, {0xc000ea86c0, 0x6, 0x0?})
	/Users/jace/go/pkg/mod/github.com/!three!dots!labs/watermill@v1.4.6/message/router.go:645 +0x2b4
github.com/ThreeDotsLabs/watermill/message.(*Router).RunHandlers.func1()
	/Users/jace/go/pkg/mod/github.com/!three!dots!labs/watermill@v1.4.6/message/router.go:460 +0x145
created by github.com/ThreeDotsLabs/watermill/message.(*Router).RunHandlers in goroutine 12376
	/Users/jace/go/pkg/mod/github.com/!three!dots!labs/watermill@v1.4.6/message/router.go:453 +0x606

goroutine 19136 [select, 2 minutes]:
github.com/nats-io/nats.go/jetstream.(*pullSubscription).Next(0xc0007b33b0)
	/Users/jace/go/pkg/mod/github.com/nats-io/nats.go@v1.41.1/jetstream/pull.go:589 +0x285
github.com/Black-And-White-Club/frolf-bot-shared/eventbus.(*eventBus).Subscribe.func1()
	/Users/jace/Documents/GitHub/frolf-bot-shared/eventbus/eventbus.go:326 +0x169
created by github.com/Black-And-White-Club/frolf-bot-shared/eventbus.(*eventBus).Subscribe in goroutine 18988
	/Users/jace/Documents/GitHub/frolf-bot-shared/eventbus/eventbus.go:315 +0xbf1

goroutine 19363 [select, 2 minutes]:
github.com/nats-io/nats.go/jetstream.(*pullSubscription).Next(0xc001283b00)
	/Users/jace/go/pkg/mod/github.com/nats-io/nats.go@v1.41.1/jetstream/pull.go:589 +0x285
github.com/Black-And-White-Club/frolf-bot-shared/eventbus.(*eventBus).Subscribe.func1()
	/Users/jace/Documents/GitHub/frolf-bot-shared/eventbus/eventbus.go:326 +0x169
created by github.com/Black-And-White-Club/frolf-bot-shared/eventbus.(*eventBus).Subscribe in goroutine 18988
	/Users/jace/Documents/GitHub/frolf-bot-shared/eventbus/eventbus.go:315 +0xbf1

goroutine 19240 [chan receive, 3 minutes]:
github.com/ThreeDotsLabs/watermill/message.(*messageTransformSubscriberDecorator).Subscribe.func1()
	/Users/jace/go/pkg/mod/github.com/!three!dots!labs/watermill@v1.4.6/message/decorator.go:52 +0x85
created by github.com/ThreeDotsLabs/watermill/message.(*messageTransformSubscriberDecorator).Subscribe in goroutine 18988
	/Users/jace/go/pkg/mod/github.com/!three!dots!labs/watermill@v1.4.6/message/decorator.go:51 +0xc7

goroutine 19273 [select, 2 minutes]:
github.com/nats-io/nats.go/jetstream.(*pullConsumer).Messages.func2()
	/Users/jace/go/pkg/mod/github.com/nats-io/nats.go@v1.41.1/jetstream/pull.go:538 +0x68
created by github.com/nats-io/nats.go/jetstream.(*pullConsumer).Messages in goroutine 18988
	/Users/jace/go/pkg/mod/github.com/nats-io/nats.go@v1.41.1/jetstream/pull.go:536 +0x78a

goroutine 13582 [select, 3 minutes]:
github.com/nats-io/nats.go/jetstream.(*pullSubscription).Next(0xc0013b1cb0)
	/Users/jace/go/pkg/mod/github.com/nats-io/nats.go@v1.41.1/jetstream/pull.go:589 +0x285
github.com/Black-And-White-Club/frolf-bot-shared/eventbus.(*eventBus).Subscribe.func1()
	/Users/jace/Documents/GitHub/frolf-bot-shared/eventbus/eventbus.go:326 +0x169
created by github.com/Black-And-White-Club/frolf-bot-shared/eventbus.(*eventBus).Subscribe in goroutine 13489
	/Users/jace/Documents/GitHub/frolf-bot-shared/eventbus/eventbus.go:315 +0xbf1

goroutine 13583 [chan receive, 3 minutes]:
github.com/ThreeDotsLabs/watermill/message.(*messageTransformSubscriberDecorator).Subscribe.func1()
	/Users/jace/go/pkg/mod/github.com/!three!dots!labs/watermill@v1.4.6/message/decorator.go:52 +0x85
created by github.com/ThreeDotsLabs/watermill/message.(*messageTransformSubscriberDecorator).Subscribe in goroutine 13489
	/Users/jace/go/pkg/mod/github.com/!three!dots!labs/watermill@v1.4.6/message/decorator.go:51 +0xc7

goroutine 13584 [chan receive, 3 minutes]:
github.com/ThreeDotsLabs/watermill/message.(*handler).run(0xc00111f380, {0x10a337fa0, 0xc0002274a0}, {0xc0014240c0, 0x6, 0x0?})
	/Users/jace/go/pkg/mod/github.com/!three!dots!labs/watermill@v1.4.6/message/router.go:645 +0x2b4
github.com/ThreeDotsLabs/watermill/message.(*Router).RunHandlers.func1()
	/Users/jace/go/pkg/mod/github.com/!three!dots!labs/watermill@v1.4.6/message/router.go:460 +0x145
created by github.com/ThreeDotsLabs/watermill/message.(*Router).RunHandlers in goroutine 13489
	/Users/jace/go/pkg/mod/github.com/!three!dots!labs/watermill@v1.4.6/message/router.go:453 +0x606

goroutine 34556 [chan receive, 2 minutes]:
github.com/ThreeDotsLabs/watermill/message.(*messageTransformSubscriberDecorator).Subscribe.func1()
	/Users/jace/go/pkg/mod/github.com/!three!dots!labs/watermill@v1.4.6/message/decorator.go:52 +0x85
created by github.com/ThreeDotsLabs/watermill/message.(*messageTransformSubscriberDecorator).Subscribe in goroutine 34180
	/Users/jace/go/pkg/mod/github.com/!three!dots!labs/watermill@v1.4.6/message/decorator.go:51 +0xc7

goroutine 15196 [select, 3 minutes]:
github.com/nats-io/nats.go/jetstream.(*pullSubscription).pullMessages(0xc001279a70, {0xc0004d94a0, 0x52})
	/Users/jace/go/pkg/mod/github.com/nats-io/nats.go@v1.41.1/jetstream/pull.go:955 +0x91
created by github.com/nats-io/nats.go/jetstream.(*pullConsumer).Messages in goroutine 14800
	/Users/jace/go/pkg/mod/github.com/nats-io/nats.go@v1.41.1/jetstream/pull.go:534 +0x748

goroutine 13563 [select, 3 minutes]:
github.com/nats-io/nats.go/jetstream.(*pullConsumer).Messages.func2()
	/Users/jace/go/pkg/mod/github.com/nats-io/nats.go@v1.41.1/jetstream/pull.go:538 +0x68
created by github.com/nats-io/nats.go/jetstream.(*pullConsumer).Messages in goroutine 13489
	/Users/jace/go/pkg/mod/github.com/nats-io/nats.go@v1.41.1/jetstream/pull.go:536 +0x78a

goroutine 19378 [chan receive, 3 minutes]:
github.com/ThreeDotsLabs/watermill/message.(*messageTransformSubscriberDecorator).Subscribe.func1()
	/Users/jace/go/pkg/mod/github.com/!three!dots!labs/watermill@v1.4.6/message/decorator.go:52 +0x85
created by github.com/ThreeDotsLabs/watermill/message.(*messageTransformSubscriberDecorator).Subscribe in goroutine 18988
	/Users/jace/go/pkg/mod/github.com/!three!dots!labs/watermill@v1.4.6/message/decorator.go:51 +0xc7

goroutine 13642 [chan receive, 3 minutes]:
github.com/ThreeDotsLabs/watermill/message.(*handler).run(0xc000647ba0, {0x10a337fa0, 0xc000227680}, {0xc0010b3440, 0x6, 0x100000001?})
	/Users/jace/go/pkg/mod/github.com/!three!dots!labs/watermill@v1.4.6/message/router.go:645 +0x2b4
github.com/ThreeDotsLabs/watermill/message.(*Router).RunHandlers.func1()
	/Users/jace/go/pkg/mod/github.com/!three!dots!labs/watermill@v1.4.6/message/router.go:460 +0x145
created by github.com/ThreeDotsLabs/watermill/message.(*Router).RunHandlers in goroutine 13489
	/Users/jace/go/pkg/mod/github.com/!three!dots!labs/watermill@v1.4.6/message/router.go:453 +0x606

goroutine 23389 [chan receive, 2 minutes]:
github.com/ThreeDotsLabs/watermill/message.(*messageTransformSubscriberDecorator).Subscribe.func1()
	/Users/jace/go/pkg/mod/github.com/!three!dots!labs/watermill@v1.4.6/message/decorator.go:52 +0x85
created by github.com/ThreeDotsLabs/watermill/message.(*messageTransformSubscriberDecorator).Subscribe in goroutine 23038
	/Users/jace/go/pkg/mod/github.com/!three!dots!labs/watermill@v1.4.6/message/decorator.go:51 +0xc7

goroutine 13748 [select, 3 minutes]:
github.com/nats-io/nats.go/jetstream.(*pullSubscription).pullMessages(0xc0007090e0, {0xc0007d66e0, 0x4d})
	/Users/jace/go/pkg/mod/github.com/nats-io/nats.go@v1.41.1/jetstream/pull.go:955 +0x91
created by github.com/nats-io/nats.go/jetstream.(*pullConsumer).Messages in goroutine 13489
	/Users/jace/go/pkg/mod/github.com/nats-io/nats.go@v1.41.1/jetstream/pull.go:534 +0x748

goroutine 15239 [select, 3 minutes]:
github.com/nats-io/nats.go/jetstream.(*pullSubscription).pullMessages(0xc00060e870, {0xc000edc960, 0x58})
	/Users/jace/go/pkg/mod/github.com/nats-io/nats.go@v1.41.1/jetstream/pull.go:955 +0x91
created by github.com/nats-io/nats.go/jetstream.(*pullConsumer).Messages in goroutine 14800
	/Users/jace/go/pkg/mod/github.com/nats-io/nats.go@v1.41.1/jetstream/pull.go:534 +0x748

goroutine 13743 [chan receive, 3 minutes]:
github.com/ThreeDotsLabs/watermill/message.(*handler).run(0xc00111e340, {0x10a337fa0, 0xc0008122d0}, {0xc0013ca180, 0x6, 0x4?})
	/Users/jace/go/pkg/mod/github.com/!three!dots!labs/watermill@v1.4.6/message/router.go:645 +0x2b4
github.com/ThreeDotsLabs/watermill/message.(*Router).RunHandlers.func1()
	/Users/jace/go/pkg/mod/github.com/!three!dots!labs/watermill@v1.4.6/message/router.go:460 +0x145
created by github.com/ThreeDotsLabs/watermill/message.(*Router).RunHandlers in goroutine 13489
	/Users/jace/go/pkg/mod/github.com/!three!dots!labs/watermill@v1.4.6/message/router.go:453 +0x606

goroutine 33438 [select, 2 minutes]:
github.com/nats-io/nats.go/jetstream.(*pullConsumer).Messages.func2()
	/Users/jace/go/pkg/mod/github.com/nats-io/nats.go@v1.41.1/jetstream/pull.go:538 +0x68
created by github.com/nats-io/nats.go/jetstream.(*pullConsumer).Messages in goroutine 33200
	/Users/jace/go/pkg/mod/github.com/nats-io/nats.go@v1.41.1/jetstream/pull.go:536 +0x78a

goroutine 31269 [select, 2 minutes]:
github.com/nats-io/nats.go/jetstream.(*pullSubscription).Next(0xc00113f830)
	/Users/jace/go/pkg/mod/github.com/nats-io/nats.go@v1.41.1/jetstream/pull.go:589 +0x285
github.com/Black-And-White-Club/frolf-bot-shared/eventbus.(*eventBus).Subscribe.func1()
	/Users/jace/Documents/GitHub/frolf-bot-shared/eventbus/eventbus.go:326 +0x169
created by github.com/Black-And-White-Club/frolf-bot-shared/eventbus.(*eventBus).Subscribe in goroutine 31164
	/Users/jace/Documents/GitHub/frolf-bot-shared/eventbus/eventbus.go:315 +0xbf1

goroutine 13742 [chan receive, 3 minutes]:
github.com/ThreeDotsLabs/watermill/message.(*messageTransformSubscriberDecorator).Subscribe.func1()
	/Users/jace/go/pkg/mod/github.com/!three!dots!labs/watermill@v1.4.6/message/decorator.go:52 +0x85
created by github.com/ThreeDotsLabs/watermill/message.(*messageTransformSubscriberDecorator).Subscribe in goroutine 13489
	/Users/jace/go/pkg/mod/github.com/!three!dots!labs/watermill@v1.4.6/message/decorator.go:51 +0xc7

goroutine 13824 [select, 3 minutes]:
github.com/nats-io/nats.go/jetstream.(*pullConsumer).Messages.func2()
	/Users/jace/go/pkg/mod/github.com/nats-io/nats.go@v1.41.1/jetstream/pull.go:538 +0x68
created by github.com/nats-io/nats.go/jetstream.(*pullConsumer).Messages in goroutine 13489
	/Users/jace/go/pkg/mod/github.com/nats-io/nats.go@v1.41.1/jetstream/pull.go:536 +0x78a

goroutine 41580 [chan receive, 1 minutes]:
github.com/ThreeDotsLabs/watermill/message.(*handler).run(0xc0022189c0, {0x10a337fa0, 0xc00098a5a0}, {0xc00050e0c0, 0x6, 0x0?})
	/Users/jace/go/pkg/mod/github.com/!three!dots!labs/watermill@v1.4.6/message/router.go:645 +0x2b4
github.com/ThreeDotsLabs/watermill/message.(*Router).RunHandlers.func1()
	/Users/jace/go/pkg/mod/github.com/!three!dots!labs/watermill@v1.4.6/message/router.go:460 +0x145
created by github.com/ThreeDotsLabs/watermill/message.(*Router).RunHandlers in goroutine 41277
	/Users/jace/go/pkg/mod/github.com/!three!dots!labs/watermill@v1.4.6/message/router.go:453 +0x606

goroutine 23120 [select, 2 minutes]:
github.com/nats-io/nats.go/jetstream.(*pullSubscription).pullMessages(0xc00116fc20, {0xc0007d7ef0, 0x4b})
	/Users/jace/go/pkg/mod/github.com/nats-io/nats.go@v1.41.1/jetstream/pull.go:955 +0x91
created by github.com/nats-io/nats.go/jetstream.(*pullConsumer).Messages in goroutine 23038
	/Users/jace/go/pkg/mod/github.com/nats-io/nats.go@v1.41.1/jetstream/pull.go:534 +0x748

goroutine 13867 [select, 3 minutes]:
github.com/nats-io/nats.go/jetstream.(*pullConsumer).Messages.func2()
	/Users/jace/go/pkg/mod/github.com/nats-io/nats.go@v1.41.1/jetstream/pull.go:538 +0x68
created by github.com/nats-io/nats.go/jetstream.(*pullConsumer).Messages in goroutine 13489
	/Users/jace/go/pkg/mod/github.com/nats-io/nats.go@v1.41.1/jetstream/pull.go:536 +0x78a

goroutine 13686 [select, 3 minutes]:
github.com/nats-io/nats.go/jetstream.(*pullSubscription).pullMessages(0xc0010d43f0, {0xc0006c4780, 0x3e})
	/Users/jace/go/pkg/mod/github.com/nats-io/nats.go@v1.41.1/jetstream/pull.go:955 +0x91
created by github.com/nats-io/nats.go/jetstream.(*pullConsumer).Messages in goroutine 13489
	/Users/jace/go/pkg/mod/github.com/nats-io/nats.go@v1.41.1/jetstream/pull.go:534 +0x748

goroutine 13687 [select, 3 minutes]:
github.com/nats-io/nats.go/jetstream.(*pullConsumer).Messages.func2()
	/Users/jace/go/pkg/mod/github.com/nats-io/nats.go@v1.41.1/jetstream/pull.go:538 +0x68
created by github.com/nats-io/nats.go/jetstream.(*pullConsumer).Messages in goroutine 13489
	/Users/jace/go/pkg/mod/github.com/nats-io/nats.go@v1.41.1/jetstream/pull.go:536 +0x78a

goroutine 13688 [select, 3 minutes]:
github.com/nats-io/nats.go/jetstream.(*pullSubscription).Next(0xc0010d43f0)
	/Users/jace/go/pkg/mod/github.com/nats-io/nats.go@v1.41.1/jetstream/pull.go:589 +0x285
github.com/Black-And-White-Club/frolf-bot-shared/eventbus.(*eventBus).Subscribe.func1()
	/Users/jace/Documents/GitHub/frolf-bot-shared/eventbus/eventbus.go:326 +0x169
created by github.com/Black-And-White-Club/frolf-bot-shared/eventbus.(*eventBus).Subscribe in goroutine 13489
	/Users/jace/Documents/GitHub/frolf-bot-shared/eventbus/eventbus.go:315 +0xbf1

goroutine 13689 [chan receive, 3 minutes]:
github.com/ThreeDotsLabs/watermill/message.(*messageTransformSubscriberDecorator).Subscribe.func1()
	/Users/jace/go/pkg/mod/github.com/!three!dots!labs/watermill@v1.4.6/message/decorator.go:52 +0x85
created by github.com/ThreeDotsLabs/watermill/message.(*messageTransformSubscriberDecorator).Subscribe in goroutine 13489
	/Users/jace/go/pkg/mod/github.com/!three!dots!labs/watermill@v1.4.6/message/decorator.go:51 +0xc7

goroutine 13690 [chan receive, 3 minutes]:
github.com/ThreeDotsLabs/watermill/message.(*handler).run(0xc00111e680, {0x10a337fa0, 0xc000ffb770}, {0xc000ffc600, 0x6, 0xc001023778?})
	/Users/jace/go/pkg/mod/github.com/!three!dots!labs/watermill@v1.4.6/message/router.go:645 +0x2b4
github.com/ThreeDotsLabs/watermill/message.(*Router).RunHandlers.func1()
	/Users/jace/go/pkg/mod/github.com/!three!dots!labs/watermill@v1.4.6/message/router.go:460 +0x145
created by github.com/ThreeDotsLabs/watermill/message.(*Router).RunHandlers in goroutine 13489
	/Users/jace/go/pkg/mod/github.com/!three!dots!labs/watermill@v1.4.6/message/router.go:453 +0x606

goroutine 32067 [select, 2 minutes]:
github.com/nats-io/nats.go/jetstream.(*pullConsumer).Messages.func2()
	/Users/jace/go/pkg/mod/github.com/nats-io/nats.go@v1.41.1/jetstream/pull.go:538 +0x68
created by github.com/nats-io/nats.go/jetstream.(*pullConsumer).Messages in goroutine 32049
	/Users/jace/go/pkg/mod/github.com/nats-io/nats.go@v1.41.1/jetstream/pull.go:536 +0x78a

goroutine 13825 [select, 3 minutes]:
github.com/nats-io/nats.go/jetstream.(*pullSubscription).Next(0xc001590750)
	/Users/jace/go/pkg/mod/github.com/nats-io/nats.go@v1.41.1/jetstream/pull.go:589 +0x285
github.com/Black-And-White-Club/frolf-bot-shared/eventbus.(*eventBus).Subscribe.func1()
	/Users/jace/Documents/GitHub/frolf-bot-shared/eventbus/eventbus.go:326 +0x169
created by github.com/Black-And-White-Club/frolf-bot-shared/eventbus.(*eventBus).Subscribe in goroutine 13489
	/Users/jace/Documents/GitHub/frolf-bot-shared/eventbus/eventbus.go:315 +0xbf1

goroutine 14981 [select, 3 minutes]:
github.com/nats-io/nats.go/jetstream.(*pullConsumer).Messages.func2()
	/Users/jace/go/pkg/mod/github.com/nats-io/nats.go@v1.41.1/jetstream/pull.go:538 +0x68
created by github.com/nats-io/nats.go/jetstream.(*pullConsumer).Messages in goroutine 14800
	/Users/jace/go/pkg/mod/github.com/nats-io/nats.go@v1.41.1/jetstream/pull.go:536 +0x78a

goroutine 14926 [select, 3 minutes]:
github.com/nats-io/nats.go/jetstream.(*pullSubscription).Next(0xc00113e510)
	/Users/jace/go/pkg/mod/github.com/nats-io/nats.go@v1.41.1/jetstream/pull.go:589 +0x285
github.com/Black-And-White-Club/frolf-bot-shared/eventbus.(*eventBus).Subscribe.func1()
	/Users/jace/Documents/GitHub/frolf-bot-shared/eventbus/eventbus.go:326 +0x169
created by github.com/Black-And-White-Club/frolf-bot-shared/eventbus.(*eventBus).Subscribe in goroutine 14800
	/Users/jace/Documents/GitHub/frolf-bot-shared/eventbus/eventbus.go:315 +0xbf1

goroutine 13704 [select, 3 minutes]:
github.com/nats-io/nats.go/jetstream.(*pullSubscription).pullMessages(0xc000ba3200, {0xc000754280, 0x4e})
	/Users/jace/go/pkg/mod/github.com/nats-io/nats.go@v1.41.1/jetstream/pull.go:955 +0x91
created by github.com/nats-io/nats.go/jetstream.(*pullConsumer).Messages in goroutine 13489
	/Users/jace/go/pkg/mod/github.com/nats-io/nats.go@v1.41.1/jetstream/pull.go:534 +0x748

goroutine 13972 [select, 3 minutes]:
github.com/nats-io/nats.go/jetstream.(*pullConsumer).Messages.func2()
	/Users/jace/go/pkg/mod/github.com/nats-io/nats.go@v1.41.1/jetstream/pull.go:538 +0x68
created by github.com/nats-io/nats.go/jetstream.(*pullConsumer).Messages in goroutine 13489
	/Users/jace/go/pkg/mod/github.com/nats-io/nats.go@v1.41.1/jetstream/pull.go:536 +0x78a

goroutine 14917 [select, 3 minutes]:
github.com/nats-io/nats.go/jetstream.(*pullConsumer).Messages.func2()
	/Users/jace/go/pkg/mod/github.com/nats-io/nats.go@v1.41.1/jetstream/pull.go:538 +0x68
created by github.com/nats-io/nats.go/jetstream.(*pullConsumer).Messages in goroutine 14800
	/Users/jace/go/pkg/mod/github.com/nats-io/nats.go@v1.41.1/jetstream/pull.go:536 +0x78a

goroutine 19167 [select, 3 minutes]:
github.com/nats-io/nats.go/jetstream.(*pullSubscription).pullMessages(0xc000c32c60, {0xc000807220, 0x42})
	/Users/jace/go/pkg/mod/github.com/nats-io/nats.go@v1.41.1/jetstream/pull.go:955 +0x91
created by github.com/nats-io/nats.go/jetstream.(*pullConsumer).Messages in goroutine 18988
	/Users/jace/go/pkg/mod/github.com/nats-io/nats.go@v1.41.1/jetstream/pull.go:534 +0x748

goroutine 14916 [select, 3 minutes]:
github.com/nats-io/nats.go/jetstream.(*pullSubscription).pullMessages(0xc001534870, {0xc000806640, 0x47})
	/Users/jace/go/pkg/mod/github.com/nats-io/nats.go@v1.41.1/jetstream/pull.go:955 +0x91
created by github.com/nats-io/nats.go/jetstream.(*pullConsumer).Messages in goroutine 14800
	/Users/jace/go/pkg/mod/github.com/nats-io/nats.go@v1.41.1/jetstream/pull.go:534 +0x748

goroutine 19384 [chan receive, 3 minutes]:
github.com/ThreeDotsLabs/watermill/message.(*messageTransformSubscriberDecorator).Subscribe.func1()
	/Users/jace/go/pkg/mod/github.com/!three!dots!labs/watermill@v1.4.6/message/decorator.go:52 +0x85
created by github.com/ThreeDotsLabs/watermill/message.(*messageTransformSubscriberDecorator).Subscribe in goroutine 18988
	/Users/jace/go/pkg/mod/github.com/!three!dots!labs/watermill@v1.4.6/message/decorator.go:51 +0xc7

goroutine 13975 [chan receive, 3 minutes]:
github.com/ThreeDotsLabs/watermill/message.(*handler).run(0xc00111e820, {0x10a337fa0, 0xc0000eb7c0}, {0xc000e3efc0, 0x6, 0x0?})
	/Users/jace/go/pkg/mod/github.com/!three!dots!labs/watermill@v1.4.6/message/router.go:645 +0x2b4
github.com/ThreeDotsLabs/watermill/message.(*Router).RunHandlers.func1()
	/Users/jace/go/pkg/mod/github.com/!three!dots!labs/watermill@v1.4.6/message/router.go:460 +0x145
created by github.com/ThreeDotsLabs/watermill/message.(*Router).RunHandlers in goroutine 13489
	/Users/jace/go/pkg/mod/github.com/!three!dots!labs/watermill@v1.4.6/message/router.go:453 +0x606

goroutine 23524 [select, 2 minutes]:
github.com/nats-io/nats.go/jetstream.(*pullSubscription).pullMessages(0xc0006761b0, {0xc000254500, 0x4e})
	/Users/jace/go/pkg/mod/github.com/nats-io/nats.go@v1.41.1/jetstream/pull.go:955 +0x91
created by github.com/nats-io/nats.go/jetstream.(*pullConsumer).Messages in goroutine 23038
	/Users/jace/go/pkg/mod/github.com/nats-io/nats.go@v1.41.1/jetstream/pull.go:534 +0x748

goroutine 13973 [select, 3 minutes]:
github.com/nats-io/nats.go/jetstream.(*pullSubscription).Next(0xc0016086c0)
	/Users/jace/go/pkg/mod/github.com/nats-io/nats.go@v1.41.1/jetstream/pull.go:589 +0x285
github.com/Black-And-White-Club/frolf-bot-shared/eventbus.(*eventBus).Subscribe.func1()
	/Users/jace/Documents/GitHub/frolf-bot-shared/eventbus/eventbus.go:326 +0x169
created by github.com/Black-And-White-Club/frolf-bot-shared/eventbus.(*eventBus).Subscribe in goroutine 13489
	/Users/jace/Documents/GitHub/frolf-bot-shared/eventbus/eventbus.go:315 +0xbf1

goroutine 13869 [chan receive, 3 minutes]:
github.com/ThreeDotsLabs/watermill/message.(*messageTransformSubscriberDecorator).Subscribe.func1()
	/Users/jace/go/pkg/mod/github.com/!three!dots!labs/watermill@v1.4.6/message/decorator.go:52 +0x85
created by github.com/ThreeDotsLabs/watermill/message.(*messageTransformSubscriberDecorator).Subscribe in goroutine 13489
	/Users/jace/go/pkg/mod/github.com/!three!dots!labs/watermill@v1.4.6/message/decorator.go:51 +0xc7

goroutine 13906 [chan receive, 3 minutes]:
github.com/ThreeDotsLabs/watermill/message.(*messageTransformSubscriberDecorator).Subscribe.func1()
	/Users/jace/go/pkg/mod/github.com/!three!dots!labs/watermill@v1.4.6/message/decorator.go:52 +0x85
created by github.com/ThreeDotsLabs/watermill/message.(*messageTransformSubscriberDecorator).Subscribe in goroutine 13489
	/Users/jace/go/pkg/mod/github.com/!three!dots!labs/watermill@v1.4.6/message/decorator.go:51 +0xc7

goroutine 13907 [chan receive, 3 minutes]:
github.com/ThreeDotsLabs/watermill/message.(*handler).run(0xc00111e5b0, {0x10a337fa0, 0xc0010b9310}, {0xc0013ca300, 0x6, 0x4?})
	/Users/jace/go/pkg/mod/github.com/!three!dots!labs/watermill@v1.4.6/message/router.go:645 +0x2b4
github.com/ThreeDotsLabs/watermill/message.(*Router).RunHandlers.func1()
	/Users/jace/go/pkg/mod/github.com/!three!dots!labs/watermill@v1.4.6/message/router.go:460 +0x145
created by github.com/ThreeDotsLabs/watermill/message.(*Router).RunHandlers in goroutine 13489
	/Users/jace/go/pkg/mod/github.com/!three!dots!labs/watermill@v1.4.6/message/router.go:453 +0x606

goroutine 14884 [select, 3 minutes]:
github.com/nats-io/nats.go/jetstream.(*pullSubscription).pullMessages(0xc0007f2ab0, {0xc0005e8190, 0x45})
	/Users/jace/go/pkg/mod/github.com/nats-io/nats.go@v1.41.1/jetstream/pull.go:955 +0x91
created by github.com/nats-io/nats.go/jetstream.(*pullConsumer).Messages in goroutine 14800
	/Users/jace/go/pkg/mod/github.com/nats-io/nats.go@v1.41.1/jetstream/pull.go:534 +0x748

goroutine 14887 [chan receive, 3 minutes]:
github.com/ThreeDotsLabs/watermill/message.(*messageTransformSubscriberDecorator).Subscribe.func1()
	/Users/jace/go/pkg/mod/github.com/!three!dots!labs/watermill@v1.4.6/message/decorator.go:52 +0x85
created by github.com/ThreeDotsLabs/watermill/message.(*messageTransformSubscriberDecorator).Subscribe in goroutine 14800
	/Users/jace/go/pkg/mod/github.com/!three!dots!labs/watermill@v1.4.6/message/decorator.go:51 +0xc7

goroutine 14758 [sync.Cond.Wait, 3 minutes]:
sync.runtime_notifyListWait(0xc000d4da90, 0x44)
	/usr/local/Cellar/go/1.24.2/libexec/src/runtime/sema.go:597 +0x159
sync.(*Cond).Wait(0x0?)
	/usr/local/Cellar/go/1.24.2/libexec/src/sync/cond.go:71 +0x85
github.com/nats-io/nats%2ego.(*Conn).waitForMsgs(0xc000d15c08, 0xc00160a000)
	/Users/jace/go/pkg/mod/github.com/nats-io/nats.go@v1.41.1/nats.go:3178 +0xc5
created by github.com/nats-io/nats%2ego.(*Conn).subscribeLocked in goroutine 14000
	/Users/jace/go/pkg/mod/github.com/nats-io/nats.go@v1.41.1/nats.go:4468 +0x419

goroutine 13808 [sync.WaitGroup.Wait, 3 minutes]:
sync.runtime_SemacquireWaitGroup(0x10a337fa0?)
	/usr/local/Cellar/go/1.24.2/libexec/src/runtime/sema.go:110 +0x25
sync.(*WaitGroup).Wait(0xc0011f97d0?)
	/usr/local/Cellar/go/1.24.2/libexec/src/sync/waitgroup.go:118 +0x48
github.com/ThreeDotsLabs/watermill/message.(*Router).waitForHandlers.func1()
	/Users/jace/go/pkg/mod/github.com/!three!dots!labs/watermill@v1.4.6/message/router.go:579 +0x4b
created by github.com/ThreeDotsLabs/watermill/message.(*Router).waitForHandlers in goroutine 12935
	/Users/jace/go/pkg/mod/github.com/!three!dots!labs/watermill@v1.4.6/message/router.go:577 +0x87

goroutine 23602 [select, 2 minutes]:
github.com/nats-io/nats.go/jetstream.(*pullSubscription).Next(0xc0010434d0)
	/Users/jace/go/pkg/mod/github.com/nats-io/nats.go@v1.41.1/jetstream/pull.go:589 +0x285
github.com/Black-And-White-Club/frolf-bot-shared/eventbus.(*eventBus).Subscribe.func1()
	/Users/jace/Documents/GitHub/frolf-bot-shared/eventbus/eventbus.go:326 +0x169
created by github.com/Black-And-White-Club/frolf-bot-shared/eventbus.(*eventBus).Subscribe in goroutine 23038
	/Users/jace/Documents/GitHub/frolf-bot-shared/eventbus/eventbus.go:315 +0xbf1

goroutine 27226 [chan receive, 2 minutes]:
github.com/ThreeDotsLabs/watermill/message.(*messageTransformSubscriberDecorator).Subscribe.func1()
	/Users/jace/go/pkg/mod/github.com/!three!dots!labs/watermill@v1.4.6/message/decorator.go:52 +0x85
created by github.com/ThreeDotsLabs/watermill/message.(*messageTransformSubscriberDecorator).Subscribe in goroutine 27088
	/Users/jace/go/pkg/mod/github.com/!three!dots!labs/watermill@v1.4.6/message/decorator.go:51 +0xc7

goroutine 19379 [chan receive, 3 minutes]:
github.com/ThreeDotsLabs/watermill/message.(*handler).run(0xc000a715f0, {0x10a337fa0, 0xc000994f50}, {0xc0011ce3c0, 0x6, 0x0?})
	/Users/jace/go/pkg/mod/github.com/!three!dots!labs/watermill@v1.4.6/message/router.go:645 +0x2b4
github.com/ThreeDotsLabs/watermill/message.(*Router).RunHandlers.func1()
	/Users/jace/go/pkg/mod/github.com/!three!dots!labs/watermill@v1.4.6/message/router.go:460 +0x145
created by github.com/ThreeDotsLabs/watermill/message.(*Router).RunHandlers in goroutine 18988
	/Users/jace/go/pkg/mod/github.com/!three!dots!labs/watermill@v1.4.6/message/router.go:453 +0x606

goroutine 15077 [select, 3 minutes]:
github.com/nats-io/nats.go/jetstream.(*pullSubscription).Next(0xc0013b18c0)
	/Users/jace/go/pkg/mod/github.com/nats-io/nats.go@v1.41.1/jetstream/pull.go:589 +0x285
github.com/Black-And-White-Club/frolf-bot-shared/eventbus.(*eventBus).Subscribe.func1()
	/Users/jace/Documents/GitHub/frolf-bot-shared/eventbus/eventbus.go:326 +0x169
created by github.com/Black-And-White-Club/frolf-bot-shared/eventbus.(*eventBus).Subscribe in goroutine 14800
	/Users/jace/Documents/GitHub/frolf-bot-shared/eventbus/eventbus.go:315 +0xbf1

goroutine 14919 [chan receive, 3 minutes]:
github.com/ThreeDotsLabs/watermill/message.(*messageTransformSubscriberDecorator).Subscribe.func1()
	/Users/jace/go/pkg/mod/github.com/!three!dots!labs/watermill@v1.4.6/message/decorator.go:52 +0x85
created by github.com/ThreeDotsLabs/watermill/message.(*messageTransformSubscriberDecorator).Subscribe in goroutine 14800
	/Users/jace/go/pkg/mod/github.com/!three!dots!labs/watermill@v1.4.6/message/decorator.go:51 +0xc7

goroutine 13887 [select, 3 minutes]:
github.com/nats-io/nats.go/jetstream.(*pullConsumer).Messages.func2()
	/Users/jace/go/pkg/mod/github.com/nats-io/nats.go@v1.41.1/jetstream/pull.go:538 +0x68
created by github.com/nats-io/nats.go/jetstream.(*pullConsumer).Messages in goroutine 13489
	/Users/jace/go/pkg/mod/github.com/nats-io/nats.go@v1.41.1/jetstream/pull.go:536 +0x78a

goroutine 13888 [select, 3 minutes]:
github.com/nats-io/nats.go/jetstream.(*pullSubscription).Next(0xc001043560)
	/Users/jace/go/pkg/mod/github.com/nats-io/nats.go@v1.41.1/jetstream/pull.go:589 +0x285
github.com/Black-And-White-Club/frolf-bot-shared/eventbus.(*eventBus).Subscribe.func1()
	/Users/jace/Documents/GitHub/frolf-bot-shared/eventbus/eventbus.go:326 +0x169
created by github.com/Black-And-White-Club/frolf-bot-shared/eventbus.(*eventBus).Subscribe in goroutine 13489
	/Users/jace/Documents/GitHub/frolf-bot-shared/eventbus/eventbus.go:315 +0xbf1

goroutine 13889 [chan receive, 3 minutes]:
github.com/ThreeDotsLabs/watermill/message.(*messageTransformSubscriberDecorator).Subscribe.func1()
	/Users/jace/go/pkg/mod/github.com/!three!dots!labs/watermill@v1.4.6/message/decorator.go:52 +0x85
created by github.com/ThreeDotsLabs/watermill/message.(*messageTransformSubscriberDecorator).Subscribe in goroutine 13489
	/Users/jace/go/pkg/mod/github.com/!three!dots!labs/watermill@v1.4.6/message/decorator.go:51 +0xc7

goroutine 13922 [chan receive, 3 minutes]:
github.com/ThreeDotsLabs/watermill/message.(*handler).run(0xc00111e750, {0x10a337fa0, 0xc0005aecd0}, {0xc0010369c0, 0x6, 0x10955daec?})
	/Users/jace/go/pkg/mod/github.com/!three!dots!labs/watermill@v1.4.6/message/router.go:645 +0x2b4
github.com/ThreeDotsLabs/watermill/message.(*Router).RunHandlers.func1()
	/Users/jace/go/pkg/mod/github.com/!three!dots!labs/watermill@v1.4.6/message/router.go:460 +0x145
created by github.com/ThreeDotsLabs/watermill/message.(*Router).RunHandlers in goroutine 13489
	/Users/jace/go/pkg/mod/github.com/!three!dots!labs/watermill@v1.4.6/message/router.go:453 +0x606

goroutine 13986 [sync.WaitGroup.Wait, 3 minutes]:
sync.runtime_SemacquireWaitGroup(0x0?)
	/usr/local/Cellar/go/1.24.2/libexec/src/runtime/sema.go:110 +0x25
sync.(*WaitGroup).Wait(0x109160452?)
	/usr/local/Cellar/go/1.24.2/libexec/src/sync/waitgroup.go:118 +0x48
github.com/ThreeDotsLabs/watermill/pubsub/sync.WaitGroupTimeout.func1()
	/Users/jace/go/pkg/mod/github.com/!three!dots!labs/watermill@v1.4.6/pubsub/sync/waitgroup.go:13 +0x25
created by github.com/ThreeDotsLabs/watermill/pubsub/sync.WaitGroupTimeout in goroutine 12935
	/Users/jace/go/pkg/mod/github.com/!three!dots!labs/watermill@v1.4.6/pubsub/sync/waitgroup.go:12 +0x85

goroutine 23152 [select, 2 minutes]:
github.com/nats-io/nats.go/jetstream.(*pullSubscription).pullMessages(0xc0007082d0, {0xc00024e720, 0x58})
	/Users/jace/go/pkg/mod/github.com/nats-io/nats.go@v1.41.1/jetstream/pull.go:955 +0x91
created by github.com/nats-io/nats.go/jetstream.(*pullConsumer).Messages in goroutine 23038
	/Users/jace/go/pkg/mod/github.com/nats-io/nats.go@v1.41.1/jetstream/pull.go:534 +0x748

goroutine 15139 [chan receive, 3 minutes]:
github.com/ThreeDotsLabs/watermill/message.(*handler).run(0xc000966ea0, {0x10a337fa0, 0xc0003670e0}, {0xc0001fc780, 0x6, 0x0?})
	/Users/jace/go/pkg/mod/github.com/!three!dots!labs/watermill@v1.4.6/message/router.go:645 +0x2b4
github.com/ThreeDotsLabs/watermill/message.(*Router).RunHandlers.func1()
	/Users/jace/go/pkg/mod/github.com/!three!dots!labs/watermill@v1.4.6/message/router.go:460 +0x145
created by github.com/ThreeDotsLabs/watermill/message.(*Router).RunHandlers in goroutine 14800
	/Users/jace/go/pkg/mod/github.com/!three!dots!labs/watermill@v1.4.6/message/router.go:453 +0x606

goroutine 27492 [select, 2 minutes]:
github.com/nats-io/nats.go/jetstream.(*pullConsumer).Messages.func2()
	/Users/jace/go/pkg/mod/github.com/nats-io/nats.go@v1.41.1/jetstream/pull.go:538 +0x68
created by github.com/nats-io/nats.go/jetstream.(*pullConsumer).Messages in goroutine 27088
	/Users/jace/go/pkg/mod/github.com/nats-io/nats.go@v1.41.1/jetstream/pull.go:536 +0x78a

goroutine 23536 [chan receive, 2 minutes]:
github.com/ThreeDotsLabs/watermill/message.(*handler).run(0xc001410000, {0x10a337fa0, 0xc000367770}, {0xc00076a0c0, 0x6, 0x0?})
	/Users/jace/go/pkg/mod/github.com/!three!dots!labs/watermill@v1.4.6/message/router.go:645 +0x2b4
github.com/ThreeDotsLabs/watermill/message.(*Router).RunHandlers.func1()
	/Users/jace/go/pkg/mod/github.com/!three!dots!labs/watermill@v1.4.6/message/router.go:460 +0x145
created by github.com/ThreeDotsLabs/watermill/message.(*Router).RunHandlers in goroutine 23038
	/Users/jace/go/pkg/mod/github.com/!three!dots!labs/watermill@v1.4.6/message/router.go:453 +0x606

goroutine 14920 [chan receive, 3 minutes]:
github.com/ThreeDotsLabs/watermill/message.(*handler).run(0xc0013de0d0, {0x10a337fa0, 0xc000a2c960}, {0xc00071c000, 0x6, 0x0?})
	/Users/jace/go/pkg/mod/github.com/!three!dots!labs/watermill@v1.4.6/message/router.go:645 +0x2b4
github.com/ThreeDotsLabs/watermill/message.(*Router).RunHandlers.func1()
	/Users/jace/go/pkg/mod/github.com/!three!dots!labs/watermill@v1.4.6/message/router.go:460 +0x145
created by github.com/ThreeDotsLabs/watermill/message.(*Router).RunHandlers in goroutine 14800
	/Users/jace/go/pkg/mod/github.com/!three!dots!labs/watermill@v1.4.6/message/router.go:453 +0x606

goroutine 14977 [select, 3 minutes]:
github.com/nats-io/nats.go/jetstream.(*pullSubscription).Next(0xc00116f290)
	/Users/jace/go/pkg/mod/github.com/nats-io/nats.go@v1.41.1/jetstream/pull.go:589 +0x285
github.com/Black-And-White-Club/frolf-bot-shared/eventbus.(*eventBus).Subscribe.func1()
	/Users/jace/Documents/GitHub/frolf-bot-shared/eventbus/eventbus.go:326 +0x169
created by github.com/Black-And-White-Club/frolf-bot-shared/eventbus.(*eventBus).Subscribe in goroutine 14800
	/Users/jace/Documents/GitHub/frolf-bot-shared/eventbus/eventbus.go:315 +0xbf1

goroutine 27168 [select, 2 minutes]:
github.com/nats-io/nats.go/jetstream.(*pullSubscription).Next(0xc0009d99e0)
	/Users/jace/go/pkg/mod/github.com/nats-io/nats.go@v1.41.1/jetstream/pull.go:589 +0x285
github.com/Black-And-White-Club/frolf-bot-shared/eventbus.(*eventBus).Subscribe.func1()
	/Users/jace/Documents/GitHub/frolf-bot-shared/eventbus/eventbus.go:326 +0x169
created by github.com/Black-And-White-Club/frolf-bot-shared/eventbus.(*eventBus).Subscribe in goroutine 27088
	/Users/jace/Documents/GitHub/frolf-bot-shared/eventbus/eventbus.go:315 +0xbf1

goroutine 22961 [select, 2 minutes]:
github.com/nats-io/nats.go/jetstream.(*pullSubscription).Next(0xc000ba27e0)
	/Users/jace/go/pkg/mod/github.com/nats-io/nats.go@v1.41.1/jetstream/pull.go:589 +0x285
github.com/Black-And-White-Club/frolf-bot-shared/eventbus.(*eventBus).Subscribe.func1()
	/Users/jace/Documents/GitHub/frolf-bot-shared/eventbus/eventbus.go:326 +0x169
created by github.com/Black-And-White-Club/frolf-bot-shared/eventbus.(*eventBus).Subscribe in goroutine 23038
	/Users/jace/Documents/GitHub/frolf-bot-shared/eventbus/eventbus.go:315 +0xbf1

goroutine 34351 [select, 2 minutes]:
github.com/nats-io/nats.go/jetstream.(*pullConsumer).Messages.func2()
	/Users/jace/go/pkg/mod/github.com/nats-io/nats.go@v1.41.1/jetstream/pull.go:538 +0x68
created by github.com/nats-io/nats.go/jetstream.(*pullConsumer).Messages in goroutine 34180
	/Users/jace/go/pkg/mod/github.com/nats-io/nats.go@v1.41.1/jetstream/pull.go:536 +0x78a

goroutine 35602 [select, 2 minutes]:
github.com/nats-io/nats.go/jetstream.(*pullSubscription).Next(0xc001ac1560)
	/Users/jace/go/pkg/mod/github.com/nats-io/nats.go@v1.41.1/jetstream/pull.go:589 +0x285
github.com/Black-And-White-Club/frolf-bot-shared/eventbus.(*eventBus).Subscribe.func1()
	/Users/jace/Documents/GitHub/frolf-bot-shared/eventbus/eventbus.go:326 +0x169
created by github.com/Black-And-White-Club/frolf-bot-shared/eventbus.(*eventBus).Subscribe in goroutine 35445
	/Users/jace/Documents/GitHub/frolf-bot-shared/eventbus/eventbus.go:315 +0xbf1

goroutine 19004 [chan receive, 3 minutes]:
github.com/ThreeDotsLabs/watermill/message.(*handler).run(0xc000a71790, {0x10a337fa0, 0xc001136050}, {0xc0010c4000, 0x6, 0xc000fa5f78?})
	/Users/jace/go/pkg/mod/github.com/!three!dots!labs/watermill@v1.4.6/message/router.go:645 +0x2b4
github.com/ThreeDotsLabs/watermill/message.(*Router).RunHandlers.func1()
	/Users/jace/go/pkg/mod/github.com/!three!dots!labs/watermill@v1.4.6/message/router.go:460 +0x145
created by github.com/ThreeDotsLabs/watermill/message.(*Router).RunHandlers in goroutine 18988
	/Users/jace/go/pkg/mod/github.com/!three!dots!labs/watermill@v1.4.6/message/router.go:453 +0x606

goroutine 18170 [select]:
github.com/nats-io/nats%2ego.(*Conn).doReconnect(0xc000d15c08, {0x10a327f28, 0x10acedb30}, 0x0)
	/Users/jace/go/pkg/mod/github.com/nats-io/nats.go@v1.41.1/nats.go:2907 +0x41a
created by github.com/nats-io/nats%2ego.(*Conn).processOpErr in goroutine 13832
	/Users/jace/go/pkg/mod/github.com/nats-io/nats.go@v1.41.1/nats.go:3043 +0x2f3

goroutine 14886 [select, 3 minutes]:
github.com/nats-io/nats.go/jetstream.(*pullSubscription).Next(0xc0007f2ab0)
	/Users/jace/go/pkg/mod/github.com/nats-io/nats.go@v1.41.1/jetstream/pull.go:589 +0x285
github.com/Black-And-White-Club/frolf-bot-shared/eventbus.(*eventBus).Subscribe.func1()
	/Users/jace/Documents/GitHub/frolf-bot-shared/eventbus/eventbus.go:326 +0x169
created by github.com/Black-And-White-Club/frolf-bot-shared/eventbus.(*eventBus).Subscribe in goroutine 14800
	/Users/jace/Documents/GitHub/frolf-bot-shared/eventbus/eventbus.go:315 +0xbf1

goroutine 19137 [chan receive, 3 minutes]:
github.com/ThreeDotsLabs/watermill/message.(*messageTransformSubscriberDecorator).Subscribe.func1()
	/Users/jace/go/pkg/mod/github.com/!three!dots!labs/watermill@v1.4.6/message/decorator.go:52 +0x85
created by github.com/ThreeDotsLabs/watermill/message.(*messageTransformSubscriberDecorator).Subscribe in goroutine 18988
	/Users/jace/go/pkg/mod/github.com/!three!dots!labs/watermill@v1.4.6/message/decorator.go:51 +0xc7

goroutine 36822 [select, 2 minutes]:
github.com/nats-io/nats.go/jetstream.(*pullConsumer).Messages.func2()
	/Users/jace/go/pkg/mod/github.com/nats-io/nats.go@v1.41.1/jetstream/pull.go:538 +0x68
created by github.com/nats-io/nats.go/jetstream.(*pullConsumer).Messages in goroutine 36760
	/Users/jace/go/pkg/mod/github.com/nats-io/nats.go@v1.41.1/jetstream/pull.go:536 +0x78a

goroutine 22366 [select]:
github.com/nats-io/nats%2ego.(*Conn).doReconnect(0xc0007c2308, {0x10a327f28, 0x10acedb30}, 0x0)
	/Users/jace/go/pkg/mod/github.com/nats-io/nats.go@v1.41.1/nats.go:2907 +0x41a
created by github.com/nats-io/nats%2ego.(*Conn).processOpErr in goroutine 18919
	/Users/jace/go/pkg/mod/github.com/nats-io/nats.go@v1.41.1/nats.go:3043 +0x2f3

goroutine 19253 [select, 2 minutes]:
github.com/nats-io/nats.go/jetstream.(*pullConsumer).Messages.func2()
	/Users/jace/go/pkg/mod/github.com/nats-io/nats.go@v1.41.1/jetstream/pull.go:538 +0x68
created by github.com/nats-io/nats.go/jetstream.(*pullConsumer).Messages in goroutine 18988
	/Users/jace/go/pkg/mod/github.com/nats-io/nats.go@v1.41.1/jetstream/pull.go:536 +0x78a

goroutine 32138 [select, 2 minutes]:
github.com/nats-io/nats.go/jetstream.(*pullSubscription).pullMessages(0xc0011a5950, {0xc0002548c0, 0x4b})
	/Users/jace/go/pkg/mod/github.com/nats-io/nats.go@v1.41.1/jetstream/pull.go:955 +0x91
created by github.com/nats-io/nats.go/jetstream.(*pullConsumer).Messages in goroutine 32049
	/Users/jace/go/pkg/mod/github.com/nats-io/nats.go@v1.41.1/jetstream/pull.go:534 +0x748

goroutine 23090 [select, 2 minutes]:
github.com/nats-io/nats.go/jetstream.(*pullSubscription).Next(0xc000879290)
	/Users/jace/go/pkg/mod/github.com/nats-io/nats.go@v1.41.1/jetstream/pull.go:589 +0x285
github.com/Black-And-White-Club/frolf-bot-shared/eventbus.(*eventBus).Subscribe.func1()
	/Users/jace/Documents/GitHub/frolf-bot-shared/eventbus/eventbus.go:326 +0x169
created by github.com/Black-And-White-Club/frolf-bot-shared/eventbus.(*eventBus).Subscribe in goroutine 23038
	/Users/jace/Documents/GitHub/frolf-bot-shared/eventbus/eventbus.go:315 +0xbf1

goroutine 22997 [sync.Cond.Wait, 2 minutes]:
sync.runtime_notifyListWait(0xc001203c90, 0x0)
	/usr/local/Cellar/go/1.24.2/libexec/src/runtime/sema.go:597 +0x159
sync.(*Cond).Wait(0xc0018c7108?)
	/usr/local/Cellar/go/1.24.2/libexec/src/sync/cond.go:71 +0x85
github.com/nats-io/nats%2ego.(*asyncCallbacksHandler).asyncCBDispatcher(0xc001204380)
	/Users/jace/go/pkg/mod/github.com/nats-io/nats.go@v1.41.1/nats.go:3059 +0xdd
created by github.com/nats-io/nats%2ego.Options.Connect in goroutine 22340
	/Users/jace/go/pkg/mod/github.com/nats-io/nats.go@v1.41.1/nats.go:1635 +0x387

goroutine 33136 [chan receive, 2 minutes]:
github.com/ThreeDotsLabs/watermill/message.(*messageTransformSubscriberDecorator).Subscribe.func1()
	/Users/jace/go/pkg/mod/github.com/!three!dots!labs/watermill@v1.4.6/message/decorator.go:52 +0x85
created by github.com/ThreeDotsLabs/watermill/message.(*messageTransformSubscriberDecorator).Subscribe in goroutine 33200
	/Users/jace/go/pkg/mod/github.com/!three!dots!labs/watermill@v1.4.6/message/decorator.go:51 +0xc7

goroutine 23397 [select, 2 minutes]:
github.com/nats-io/nats.go/jetstream.(*pullSubscription).Next(0xc000c32a20)
	/Users/jace/go/pkg/mod/github.com/nats-io/nats.go@v1.41.1/jetstream/pull.go:589 +0x285
github.com/Black-And-White-Club/frolf-bot-shared/eventbus.(*eventBus).Subscribe.func1()
	/Users/jace/Documents/GitHub/frolf-bot-shared/eventbus/eventbus.go:326 +0x169
created by github.com/Black-And-White-Club/frolf-bot-shared/eventbus.(*eventBus).Subscribe in goroutine 23038
	/Users/jace/Documents/GitHub/frolf-bot-shared/eventbus/eventbus.go:315 +0xbf1

goroutine 19417 [select, 2 minutes]:
github.com/nats-io/nats.go/jetstream.(*pullConsumer).Messages.func2()
	/Users/jace/go/pkg/mod/github.com/nats-io/nats.go@v1.41.1/jetstream/pull.go:538 +0x68
created by github.com/nats-io/nats.go/jetstream.(*pullConsumer).Messages in goroutine 18988
	/Users/jace/go/pkg/mod/github.com/nats-io/nats.go@v1.41.1/jetstream/pull.go:536 +0x78a

goroutine 18921 [sync.Cond.Wait, 3 minutes]:
sync.runtime_notifyListWait(0xc001203d10, 0x0)
	/usr/local/Cellar/go/1.24.2/libexec/src/runtime/sema.go:597 +0x159
sync.(*Cond).Wait(0xc000e9e9c0?)
	/usr/local/Cellar/go/1.24.2/libexec/src/sync/cond.go:71 +0x85
github.com/nats-io/nats%2ego.(*asyncCallbacksHandler).asyncCBDispatcher(0xc000a222a0)
	/Users/jace/go/pkg/mod/github.com/nats-io/nats.go@v1.41.1/nats.go:3059 +0xdd
created by github.com/nats-io/nats%2ego.Options.Connect in goroutine 18245
	/Users/jace/go/pkg/mod/github.com/nats-io/nats.go@v1.41.1/nats.go:1635 +0x387

goroutine 23059 [chan receive, 2 minutes]:
github.com/ThreeDotsLabs/watermill/message.(*handler).run(0xc0014108f0, {0x10a337fa0, 0xc00096eaa0}, {0xc0012c6540, 0x6, 0x4?})
	/Users/jace/go/pkg/mod/github.com/!three!dots!labs/watermill@v1.4.6/message/router.go:645 +0x2b4
github.com/ThreeDotsLabs/watermill/message.(*Router).RunHandlers.func1()
	/Users/jace/go/pkg/mod/github.com/!three!dots!labs/watermill@v1.4.6/message/router.go:460 +0x145
created by github.com/ThreeDotsLabs/watermill/message.(*Router).RunHandlers in goroutine 23038
	/Users/jace/go/pkg/mod/github.com/!three!dots!labs/watermill@v1.4.6/message/router.go:453 +0x606

goroutine 22375 [select, 2 minutes]:
github.com/nats-io/nats.go/jetstream.(*pullConsumer).Messages.func2()
	/Users/jace/go/pkg/mod/github.com/nats-io/nats.go@v1.41.1/jetstream/pull.go:538 +0x68
created by github.com/nats-io/nats.go/jetstream.(*pullConsumer).Messages in goroutine 23038
	/Users/jace/go/pkg/mod/github.com/nats-io/nats.go@v1.41.1/jetstream/pull.go:536 +0x78a

goroutine 35463 [chan receive, 2 minutes]:
github.com/ThreeDotsLabs/watermill/message.(*handler).run(0xc0013df040, {0x10a337fa0, 0xc00098b4a0}, {0xc001a4ecc0, 0x6, 0xc000f7ef78?})
	/Users/jace/go/pkg/mod/github.com/!three!dots!labs/watermill@v1.4.6/message/router.go:645 +0x2b4
github.com/ThreeDotsLabs/watermill/message.(*Router).RunHandlers.func1()
	/Users/jace/go/pkg/mod/github.com/!three!dots!labs/watermill@v1.4.6/message/router.go:460 +0x145
created by github.com/ThreeDotsLabs/watermill/message.(*Router).RunHandlers in goroutine 35445
	/Users/jace/go/pkg/mod/github.com/!three!dots!labs/watermill@v1.4.6/message/router.go:453 +0x606

goroutine 19062 [select, 2 minutes]:
github.com/nats-io/nats.go/jetstream.(*pullConsumer).Messages.func2()
	/Users/jace/go/pkg/mod/github.com/nats-io/nats.go@v1.41.1/jetstream/pull.go:538 +0x68
created by github.com/nats-io/nats.go/jetstream.(*pullConsumer).Messages in goroutine 18988
	/Users/jace/go/pkg/mod/github.com/nats-io/nats.go@v1.41.1/jetstream/pull.go:536 +0x78a

goroutine 23198 [select, 2 minutes]:
github.com/nats-io/nats.go/jetstream.(*pullSubscription).Next(0xc0007c4cf0)
	/Users/jace/go/pkg/mod/github.com/nats-io/nats.go@v1.41.1/jetstream/pull.go:589 +0x285
github.com/Black-And-White-Club/frolf-bot-shared/eventbus.(*eventBus).Subscribe.func1()
	/Users/jace/Documents/GitHub/frolf-bot-shared/eventbus/eventbus.go:326 +0x169
created by github.com/Black-And-White-Club/frolf-bot-shared/eventbus.(*eventBus).Subscribe in goroutine 23038
	/Users/jace/Documents/GitHub/frolf-bot-shared/eventbus/eventbus.go:315 +0xbf1

goroutine 27453 [select, 2 minutes]:
github.com/nats-io/nats.go/jetstream.(*pullSubscription).pullMessages(0xc001591b90, {0xc0007d6960, 0x47})
	/Users/jace/go/pkg/mod/github.com/nats-io/nats.go@v1.41.1/jetstream/pull.go:955 +0x91
created by github.com/nats-io/nats.go/jetstream.(*pullConsumer).Messages in goroutine 27088
	/Users/jace/go/pkg/mod/github.com/nats-io/nats.go@v1.41.1/jetstream/pull.go:534 +0x748

goroutine 19274 [select, 2 minutes]:
github.com/nats-io/nats.go/jetstream.(*pullSubscription).Next(0xc000c33320)
	/Users/jace/go/pkg/mod/github.com/nats-io/nats.go@v1.41.1/jetstream/pull.go:589 +0x285
github.com/Black-And-White-Club/frolf-bot-shared/eventbus.(*eventBus).Subscribe.func1()
	/Users/jace/Documents/GitHub/frolf-bot-shared/eventbus/eventbus.go:326 +0x169
created by github.com/Black-And-White-Club/frolf-bot-shared/eventbus.(*eventBus).Subscribe in goroutine 18988
	/Users/jace/Documents/GitHub/frolf-bot-shared/eventbus/eventbus.go:315 +0xbf1

goroutine 27413 [select, 2 minutes]:
github.com/nats-io/nats.go/jetstream.(*pullConsumer).Messages.func2()
	/Users/jace/go/pkg/mod/github.com/nats-io/nats.go@v1.41.1/jetstream/pull.go:538 +0x68
created by github.com/nats-io/nats.go/jetstream.(*pullConsumer).Messages in goroutine 27088
	/Users/jace/go/pkg/mod/github.com/nats-io/nats.go@v1.41.1/jetstream/pull.go:536 +0x78a

goroutine 19150 [select, 3 minutes]:
github.com/nats-io/nats.go/jetstream.(*pullSubscription).pullMessages(0xc00097fdd0, {0xc00017efa0, 0x45})
	/Users/jace/go/pkg/mod/github.com/nats-io/nats.go@v1.41.1/jetstream/pull.go:955 +0x91
created by github.com/nats-io/nats.go/jetstream.(*pullConsumer).Messages in goroutine 18988
	/Users/jace/go/pkg/mod/github.com/nats-io/nats.go@v1.41.1/jetstream/pull.go:534 +0x748

goroutine 19416 [select, 3 minutes]:
github.com/nats-io/nats.go/jetstream.(*pullSubscription).pullMessages(0xc0012097a0, {0xc00024ff80, 0x58})
	/Users/jace/go/pkg/mod/github.com/nats-io/nats.go@v1.41.1/jetstream/pull.go:955 +0x91
created by github.com/nats-io/nats.go/jetstream.(*pullConsumer).Messages in goroutine 18988
	/Users/jace/go/pkg/mod/github.com/nats-io/nats.go@v1.41.1/jetstream/pull.go:534 +0x748

goroutine 19266 [chan receive, 3 minutes]:
github.com/ThreeDotsLabs/watermill/message.(*messageTransformSubscriberDecorator).Subscribe.func1()
	/Users/jace/go/pkg/mod/github.com/!three!dots!labs/watermill@v1.4.6/message/decorator.go:52 +0x85
created by github.com/ThreeDotsLabs/watermill/message.(*messageTransformSubscriberDecorator).Subscribe in goroutine 18988
	/Users/jace/go/pkg/mod/github.com/!three!dots!labs/watermill@v1.4.6/message/decorator.go:51 +0xc7

goroutine 23158 [select, 2 minutes]:
github.com/nats-io/nats.go/jetstream.(*pullSubscription).pullMessages(0xc000ba39e0, {0xc0008b3590, 0x48})
	/Users/jace/go/pkg/mod/github.com/nats-io/nats.go@v1.41.1/jetstream/pull.go:955 +0x91
created by github.com/nats-io/nats.go/jetstream.(*pullConsumer).Messages in goroutine 23038
	/Users/jace/go/pkg/mod/github.com/nats-io/nats.go@v1.41.1/jetstream/pull.go:534 +0x748

goroutine 27326 [select, 2 minutes]:
github.com/nats-io/nats.go/jetstream.(*pullConsumer).Messages.func2()
	/Users/jace/go/pkg/mod/github.com/nats-io/nats.go@v1.41.1/jetstream/pull.go:538 +0x68
created by github.com/nats-io/nats.go/jetstream.(*pullConsumer).Messages in goroutine 27088
	/Users/jace/go/pkg/mod/github.com/nats-io/nats.go@v1.41.1/jetstream/pull.go:536 +0x78a

goroutine 46426 [select, 1 minutes]:
github.com/nats-io/nats.go/jetstream.(*pullSubscription).pullMessages(0xc001f5c2d0, {0xc000bba080, 0x3e})
	/Users/jace/go/pkg/mod/github.com/nats-io/nats.go@v1.41.1/jetstream/pull.go:955 +0x91
created by github.com/nats-io/nats.go/jetstream.(*pullConsumer).Messages in goroutine 46222
	/Users/jace/go/pkg/mod/github.com/nats-io/nats.go@v1.41.1/jetstream/pull.go:534 +0x748

goroutine 22374 [select, 2 minutes]:
github.com/nats-io/nats.go/jetstream.(*pullSubscription).pullMessages(0xc000a82c60, {0xc0005fc2c0, 0x3e})
	/Users/jace/go/pkg/mod/github.com/nats-io/nats.go@v1.41.1/jetstream/pull.go:955 +0x91
created by github.com/nats-io/nats.go/jetstream.(*pullConsumer).Messages in goroutine 23038
	/Users/jace/go/pkg/mod/github.com/nats-io/nats.go@v1.41.1/jetstream/pull.go:534 +0x748

goroutine 31364 [select, 2 minutes]:
github.com/nats-io/nats.go/jetstream.(*pullSubscription).Next(0xc000f90e10)
	/Users/jace/go/pkg/mod/github.com/nats-io/nats.go@v1.41.1/jetstream/pull.go:589 +0x285
github.com/Black-And-White-Club/frolf-bot-shared/eventbus.(*eventBus).Subscribe.func1()
	/Users/jace/Documents/GitHub/frolf-bot-shared/eventbus/eventbus.go:326 +0x169
created by github.com/Black-And-White-Club/frolf-bot-shared/eventbus.(*eventBus).Subscribe in goroutine 31164
	/Users/jace/Documents/GitHub/frolf-bot-shared/eventbus/eventbus.go:315 +0xbf1

goroutine 22376 [select, 2 minutes]:
github.com/nats-io/nats.go/jetstream.(*pullSubscription).Next(0xc000a82c60)
	/Users/jace/go/pkg/mod/github.com/nats-io/nats.go@v1.41.1/jetstream/pull.go:589 +0x285
github.com/Black-And-White-Club/frolf-bot-shared/eventbus.(*eventBus).Subscribe.func1()
	/Users/jace/Documents/GitHub/frolf-bot-shared/eventbus/eventbus.go:326 +0x169
created by github.com/Black-And-White-Club/frolf-bot-shared/eventbus.(*eventBus).Subscribe in goroutine 23038
	/Users/jace/Documents/GitHub/frolf-bot-shared/eventbus/eventbus.go:315 +0xbf1

goroutine 26733 [chan receive, 2 minutes]:
github.com/ThreeDotsLabs/watermill/message.(*messageTransformSubscriberDecorator).Subscribe.func1()
	/Users/jace/go/pkg/mod/github.com/!three!dots!labs/watermill@v1.4.6/message/decorator.go:52 +0x85
created by github.com/ThreeDotsLabs/watermill/message.(*messageTransformSubscriberDecorator).Subscribe in goroutine 27088
	/Users/jace/go/pkg/mod/github.com/!three!dots!labs/watermill@v1.4.6/message/decorator.go:51 +0xc7

goroutine 23313 [chan receive, 2 minutes]:
github.com/ThreeDotsLabs/watermill/message.(*handler).run(0xc0014104e0, {0x10a337fa0, 0xc000f4ec80}, {0xc0001fc180, 0x6, 0x0?})
	/Users/jace/go/pkg/mod/github.com/!three!dots!labs/watermill@v1.4.6/message/router.go:645 +0x2b4
github.com/ThreeDotsLabs/watermill/message.(*Router).RunHandlers.func1()
	/Users/jace/go/pkg/mod/github.com/!three!dots!labs/watermill@v1.4.6/message/router.go:460 +0x145
created by github.com/ThreeDotsLabs/watermill/message.(*Router).RunHandlers in goroutine 23038
	/Users/jace/go/pkg/mod/github.com/!three!dots!labs/watermill@v1.4.6/message/router.go:453 +0x606

goroutine 19365 [chan receive, 3 minutes]:
github.com/ThreeDotsLabs/watermill/message.(*handler).run(0xc00111fba0, {0x10a337fa0, 0xc0000eae10}, {0xc0010c43c0, 0x6, 0x100010000?})
	/Users/jace/go/pkg/mod/github.com/!three!dots!labs/watermill@v1.4.6/message/router.go:645 +0x2b4
github.com/ThreeDotsLabs/watermill/message.(*Router).RunHandlers.func1()
	/Users/jace/go/pkg/mod/github.com/!three!dots!labs/watermill@v1.4.6/message/router.go:460 +0x145
created by github.com/ThreeDotsLabs/watermill/message.(*Router).RunHandlers in goroutine 18988
	/Users/jace/go/pkg/mod/github.com/!three!dots!labs/watermill@v1.4.6/message/router.go:453 +0x606

goroutine 27415 [chan receive, 2 minutes]:
github.com/ThreeDotsLabs/watermill/message.(*messageTransformSubscriberDecorator).Subscribe.func1()
	/Users/jace/go/pkg/mod/github.com/!three!dots!labs/watermill@v1.4.6/message/decorator.go:52 +0x85
created by github.com/ThreeDotsLabs/watermill/message.(*messageTransformSubscriberDecorator).Subscribe in goroutine 27088
	/Users/jace/go/pkg/mod/github.com/!three!dots!labs/watermill@v1.4.6/message/decorator.go:51 +0xc7

goroutine 23511 [select, 2 minutes]:
github.com/nats-io/nats.go/jetstream.(*pullSubscription).pullMessages(0xc001278870, {0xc0008065f0, 0x45})
	/Users/jace/go/pkg/mod/github.com/nats-io/nats.go@v1.41.1/jetstream/pull.go:955 +0x91
created by github.com/nats-io/nats.go/jetstream.(*pullConsumer).Messages in goroutine 23038
	/Users/jace/go/pkg/mod/github.com/nats-io/nats.go@v1.41.1/jetstream/pull.go:534 +0x748

goroutine 27360 [chan receive, 2 minutes]:
github.com/ThreeDotsLabs/watermill/message.(*messageTransformSubscriberDecorator).Subscribe.func1()
	/Users/jace/go/pkg/mod/github.com/!three!dots!labs/watermill@v1.4.6/message/decorator.go:52 +0x85
created by github.com/ThreeDotsLabs/watermill/message.(*messageTransformSubscriberDecorator).Subscribe in goroutine 27088
	/Users/jace/go/pkg/mod/github.com/!three!dots!labs/watermill@v1.4.6/message/decorator.go:51 +0xc7

goroutine 19234 [chan receive, 3 minutes]:
github.com/ThreeDotsLabs/watermill/message.(*handler).run(0xc00111fad0, {0x10a337fa0, 0xc001531360}, {0xc0012fa180, 0x6, 0xc000e72778?})
	/Users/jace/go/pkg/mod/github.com/!three!dots!labs/watermill@v1.4.6/message/router.go:645 +0x2b4
github.com/ThreeDotsLabs/watermill/message.(*Router).RunHandlers.func1()
	/Users/jace/go/pkg/mod/github.com/!three!dots!labs/watermill@v1.4.6/message/router.go:460 +0x145
created by github.com/ThreeDotsLabs/watermill/message.(*Router).RunHandlers in goroutine 18988
	/Users/jace/go/pkg/mod/github.com/!three!dots!labs/watermill@v1.4.6/message/router.go:453 +0x606

goroutine 14801 [sync.WaitGroup.Wait, 3 minutes]:
sync.runtime_SemacquireWaitGroup(0x1095ae7c0?)
	/usr/local/Cellar/go/1.24.2/libexec/src/runtime/sema.go:110 +0x25
sync.(*WaitGroup).Wait(0x0?)
	/usr/local/Cellar/go/1.24.2/libexec/src/sync/waitgroup.go:118 +0x48
github.com/ThreeDotsLabs/watermill/message.(*Router).watchAllHandlersStopped.func1()
	/Users/jace/go/pkg/mod/github.com/!three!dots!labs/watermill@v1.4.6/message/router.go:498 +0x86
created by github.com/ThreeDotsLabs/watermill/message.(*Router).watchAllHandlersStopped in goroutine 14800
	/Users/jace/go/pkg/mod/github.com/!three!dots!labs/watermill@v1.4.6/message/router.go:484 +0xec

goroutine 23129 [chan receive, 2 minutes]:
github.com/ThreeDotsLabs/watermill/message.(*messageTransformSubscriberDecorator).Subscribe.func1()
	/Users/jace/go/pkg/mod/github.com/!three!dots!labs/watermill@v1.4.6/message/decorator.go:52 +0x85
created by github.com/ThreeDotsLabs/watermill/message.(*messageTransformSubscriberDecorator).Subscribe in goroutine 23038
	/Users/jace/go/pkg/mod/github.com/!three!dots!labs/watermill@v1.4.6/message/decorator.go:51 +0xc7

goroutine 15095 [select, 3 minutes]:
github.com/nats-io/nats.go/jetstream.(*pullSubscription).Next(0xc001535ef0)
	/Users/jace/go/pkg/mod/github.com/nats-io/nats.go@v1.41.1/jetstream/pull.go:589 +0x285
github.com/Black-And-White-Club/frolf-bot-shared/eventbus.(*eventBus).Subscribe.func1()
	/Users/jace/Documents/GitHub/frolf-bot-shared/eventbus/eventbus.go:326 +0x169
created by github.com/Black-And-White-Club/frolf-bot-shared/eventbus.(*eventBus).Subscribe in goroutine 14800
	/Users/jace/Documents/GitHub/frolf-bot-shared/eventbus/eventbus.go:315 +0xbf1

goroutine 14804 [select, 3 minutes]:
github.com/nats-io/nats.go/jetstream.(*pullSubscription).pullMessages(0xc00091ecf0, {0xc0004d8060, 0x55})
	/Users/jace/go/pkg/mod/github.com/nats-io/nats.go@v1.41.1/jetstream/pull.go:955 +0x91
created by github.com/nats-io/nats.go/jetstream.(*pullConsumer).Messages in goroutine 14800
	/Users/jace/go/pkg/mod/github.com/nats-io/nats.go@v1.41.1/jetstream/pull.go:534 +0x748

goroutine 14805 [select, 3 minutes]:
github.com/nats-io/nats.go/jetstream.(*pullConsumer).Messages.func2()
	/Users/jace/go/pkg/mod/github.com/nats-io/nats.go@v1.41.1/jetstream/pull.go:538 +0x68
created by github.com/nats-io/nats.go/jetstream.(*pullConsumer).Messages in goroutine 14800
	/Users/jace/go/pkg/mod/github.com/nats-io/nats.go@v1.41.1/jetstream/pull.go:536 +0x78a

goroutine 14806 [select, 3 minutes]:
github.com/nats-io/nats.go/jetstream.(*pullSubscription).Next(0xc00091ecf0)
	/Users/jace/go/pkg/mod/github.com/nats-io/nats.go@v1.41.1/jetstream/pull.go:589 +0x285
github.com/Black-And-White-Club/frolf-bot-shared/eventbus.(*eventBus).Subscribe.func1()
	/Users/jace/Documents/GitHub/frolf-bot-shared/eventbus/eventbus.go:326 +0x169
created by github.com/Black-And-White-Club/frolf-bot-shared/eventbus.(*eventBus).Subscribe in goroutine 14800
	/Users/jace/Documents/GitHub/frolf-bot-shared/eventbus/eventbus.go:315 +0xbf1

goroutine 14807 [chan receive, 3 minutes]:
github.com/ThreeDotsLabs/watermill/message.(*messageTransformSubscriberDecorator).Subscribe.func1()
	/Users/jace/go/pkg/mod/github.com/!three!dots!labs/watermill@v1.4.6/message/decorator.go:52 +0x85
created by github.com/ThreeDotsLabs/watermill/message.(*messageTransformSubscriberDecorator).Subscribe in goroutine 14800
	/Users/jace/go/pkg/mod/github.com/!three!dots!labs/watermill@v1.4.6/message/decorator.go:51 +0xc7

goroutine 14808 [chan receive, 3 minutes]:
github.com/ThreeDotsLabs/watermill/message.(*handler).run(0xc0009672b0, {0x10a337fa0, 0xc000c83590}, {0xc00120c000, 0x6, 0x7063742f32323234?})
	/Users/jace/go/pkg/mod/github.com/!three!dots!labs/watermill@v1.4.6/message/router.go:645 +0x2b4
github.com/ThreeDotsLabs/watermill/message.(*Router).RunHandlers.func1()
	/Users/jace/go/pkg/mod/github.com/!three!dots!labs/watermill@v1.4.6/message/router.go:460 +0x145
created by github.com/ThreeDotsLabs/watermill/message.(*Router).RunHandlers in goroutine 14800
	/Users/jace/go/pkg/mod/github.com/!three!dots!labs/watermill@v1.4.6/message/router.go:453 +0x606

goroutine 14809 [select, 3 minutes]:
github.com/nats-io/nats.go/jetstream.(*pullSubscription).pullMessages(0xc00091f560, {0xc000806410, 0x45})
	/Users/jace/go/pkg/mod/github.com/nats-io/nats.go@v1.41.1/jetstream/pull.go:955 +0x91
created by github.com/nats-io/nats.go/jetstream.(*pullConsumer).Messages in goroutine 14800
	/Users/jace/go/pkg/mod/github.com/nats-io/nats.go@v1.41.1/jetstream/pull.go:534 +0x748

goroutine 14810 [select, 3 minutes]:
github.com/nats-io/nats.go/jetstream.(*pullConsumer).Messages.func2()
	/Users/jace/go/pkg/mod/github.com/nats-io/nats.go@v1.41.1/jetstream/pull.go:538 +0x68
created by github.com/nats-io/nats.go/jetstream.(*pullConsumer).Messages in goroutine 14800
	/Users/jace/go/pkg/mod/github.com/nats-io/nats.go@v1.41.1/jetstream/pull.go:536 +0x78a

goroutine 14811 [select, 3 minutes]:
github.com/nats-io/nats.go/jetstream.(*pullSubscription).Next(0xc00091f560)
	/Users/jace/go/pkg/mod/github.com/nats-io/nats.go@v1.41.1/jetstream/pull.go:589 +0x285
github.com/Black-And-White-Club/frolf-bot-shared/eventbus.(*eventBus).Subscribe.func1()
	/Users/jace/Documents/GitHub/frolf-bot-shared/eventbus/eventbus.go:326 +0x169
created by github.com/Black-And-White-Club/frolf-bot-shared/eventbus.(*eventBus).Subscribe in goroutine 14800
	/Users/jace/Documents/GitHub/frolf-bot-shared/eventbus/eventbus.go:315 +0xbf1

goroutine 14812 [chan receive, 3 minutes]:
github.com/ThreeDotsLabs/watermill/message.(*messageTransformSubscriberDecorator).Subscribe.func1()
	/Users/jace/go/pkg/mod/github.com/!three!dots!labs/watermill@v1.4.6/message/decorator.go:52 +0x85
created by github.com/ThreeDotsLabs/watermill/message.(*messageTransformSubscriberDecorator).Subscribe in goroutine 14800
	/Users/jace/go/pkg/mod/github.com/!three!dots!labs/watermill@v1.4.6/message/decorator.go:51 +0xc7

goroutine 14813 [chan receive, 3 minutes]:
github.com/ThreeDotsLabs/watermill/message.(*handler).run(0xc000967c70, {0x10a337fa0, 0xc000c822d0}, {0xc00120c0c0, 0x6, 0xc0002a9500?})
	/Users/jace/go/pkg/mod/github.com/!three!dots!labs/watermill@v1.4.6/message/router.go:645 +0x2b4
github.com/ThreeDotsLabs/watermill/message.(*Router).RunHandlers.func1()
	/Users/jace/go/pkg/mod/github.com/!three!dots!labs/watermill@v1.4.6/message/router.go:460 +0x145
created by github.com/ThreeDotsLabs/watermill/message.(*Router).RunHandlers in goroutine 14800
	/Users/jace/go/pkg/mod/github.com/!three!dots!labs/watermill@v1.4.6/message/router.go:453 +0x606

goroutine 14891 [select, 3 minutes]:
github.com/nats-io/nats.go/jetstream.(*pullSubscription).Next(0xc0007f33b0)
	/Users/jace/go/pkg/mod/github.com/nats-io/nats.go@v1.41.1/jetstream/pull.go:589 +0x285
github.com/Black-And-White-Club/frolf-bot-shared/eventbus.(*eventBus).Subscribe.func1()
	/Users/jace/Documents/GitHub/frolf-bot-shared/eventbus/eventbus.go:326 +0x169
created by github.com/Black-And-White-Club/frolf-bot-shared/eventbus.(*eventBus).Subscribe in goroutine 14800
	/Users/jace/Documents/GitHub/frolf-bot-shared/eventbus/eventbus.go:315 +0xbf1

goroutine 19432 [select, 2 minutes]:
github.com/nats-io/nats.go/jetstream.(*pullSubscription).Next(0xc000b881b0)
	/Users/jace/go/pkg/mod/github.com/nats-io/nats.go@v1.41.1/jetstream/pull.go:589 +0x285
github.com/Black-And-White-Club/frolf-bot-shared/eventbus.(*eventBus).Subscribe.func1()
	/Users/jace/Documents/GitHub/frolf-bot-shared/eventbus/eventbus.go:326 +0x169
created by github.com/Black-And-White-Club/frolf-bot-shared/eventbus.(*eventBus).Subscribe in goroutine 18988
	/Users/jace/Documents/GitHub/frolf-bot-shared/eventbus/eventbus.go:315 +0xbf1

goroutine 14815 [select, 3 minutes]:
github.com/nats-io/nats.go/jetstream.(*pullSubscription).pullMessages(0xc001534120, {0xc0008065a0, 0x50})
	/Users/jace/go/pkg/mod/github.com/nats-io/nats.go@v1.41.1/jetstream/pull.go:955 +0x91
created by github.com/nats-io/nats.go/jetstream.(*pullConsumer).Messages in goroutine 14800
	/Users/jace/go/pkg/mod/github.com/nats-io/nats.go@v1.41.1/jetstream/pull.go:534 +0x748

goroutine 14816 [select, 3 minutes]:
github.com/nats-io/nats.go/jetstream.(*pullConsumer).Messages.func2()
	/Users/jace/go/pkg/mod/github.com/nats-io/nats.go@v1.41.1/jetstream/pull.go:538 +0x68
created by github.com/nats-io/nats.go/jetstream.(*pullConsumer).Messages in goroutine 14800
	/Users/jace/go/pkg/mod/github.com/nats-io/nats.go@v1.41.1/jetstream/pull.go:536 +0x78a

goroutine 14817 [select, 3 minutes]:
github.com/nats-io/nats.go/jetstream.(*pullSubscription).Next(0xc001534120)
	/Users/jace/go/pkg/mod/github.com/nats-io/nats.go@v1.41.1/jetstream/pull.go:589 +0x285
github.com/Black-And-White-Club/frolf-bot-shared/eventbus.(*eventBus).Subscribe.func1()
	/Users/jace/Documents/GitHub/frolf-bot-shared/eventbus/eventbus.go:326 +0x169
created by github.com/Black-And-White-Club/frolf-bot-shared/eventbus.(*eventBus).Subscribe in goroutine 14800
	/Users/jace/Documents/GitHub/frolf-bot-shared/eventbus/eventbus.go:315 +0xbf1

goroutine 14866 [chan receive, 3 minutes]:
github.com/ThreeDotsLabs/watermill/message.(*messageTransformSubscriberDecorator).Subscribe.func1()
	/Users/jace/go/pkg/mod/github.com/!three!dots!labs/watermill@v1.4.6/message/decorator.go:52 +0x85
created by github.com/ThreeDotsLabs/watermill/message.(*messageTransformSubscriberDecorator).Subscribe in goroutine 14800
	/Users/jace/go/pkg/mod/github.com/!three!dots!labs/watermill@v1.4.6/message/decorator.go:51 +0xc7

goroutine 14867 [chan receive, 3 minutes]:
github.com/ThreeDotsLabs/watermill/message.(*handler).run(0xc0013de340, {0x10a337fa0, 0xc0007ae280}, {0xc001276000, 0x6, 0xc0012b3778?})
	/Users/jace/go/pkg/mod/github.com/!three!dots!labs/watermill@v1.4.6/message/router.go:645 +0x2b4
github.com/ThreeDotsLabs/watermill/message.(*Router).RunHandlers.func1()
	/Users/jace/go/pkg/mod/github.com/!three!dots!labs/watermill@v1.4.6/message/router.go:460 +0x145
created by github.com/ThreeDotsLabs/watermill/message.(*Router).RunHandlers in goroutine 14800
	/Users/jace/go/pkg/mod/github.com/!three!dots!labs/watermill@v1.4.6/message/router.go:453 +0x606

goroutine 15159 [select, 3 minutes]:
github.com/nats-io/nats.go/jetstream.(*pullSubscription).pullMessages(0xc0016090e0, {0xc00113c600, 0x40})
	/Users/jace/go/pkg/mod/github.com/nats-io/nats.go@v1.41.1/jetstream/pull.go:955 +0x91
created by github.com/nats-io/nats.go/jetstream.(*pullConsumer).Messages in goroutine 14800
	/Users/jace/go/pkg/mod/github.com/nats-io/nats.go@v1.41.1/jetstream/pull.go:534 +0x748

goroutine 14970 [select, 3 minutes]:
github.com/nats-io/nats.go/jetstream.(*pullSubscription).Next(0xc00116ed80)
	/Users/jace/go/pkg/mod/github.com/nats-io/nats.go@v1.41.1/jetstream/pull.go:589 +0x285
github.com/Black-And-White-Club/frolf-bot-shared/eventbus.(*eventBus).Subscribe.func1()
	/Users/jace/Documents/GitHub/frolf-bot-shared/eventbus/eventbus.go:326 +0x169
created by github.com/Black-And-White-Club/frolf-bot-shared/eventbus.(*eventBus).Subscribe in goroutine 14800
	/Users/jace/Documents/GitHub/frolf-bot-shared/eventbus/eventbus.go:315 +0xbf1

goroutine 23457 [chan receive, 2 minutes]:
github.com/ThreeDotsLabs/watermill/message.(*messageTransformSubscriberDecorator).Subscribe.func1()
	/Users/jace/go/pkg/mod/github.com/!three!dots!labs/watermill@v1.4.6/message/decorator.go:52 +0x85
created by github.com/ThreeDotsLabs/watermill/message.(*messageTransformSubscriberDecorator).Subscribe in goroutine 23038
	/Users/jace/go/pkg/mod/github.com/!three!dots!labs/watermill@v1.4.6/message/decorator.go:51 +0xc7

goroutine 15029 [select, 3 minutes]:
github.com/nats-io/nats.go/jetstream.(*pullSubscription).pullMessages(0xc0015355f0, {0xc000806690, 0x48})
	/Users/jace/go/pkg/mod/github.com/nats-io/nats.go@v1.41.1/jetstream/pull.go:955 +0x91
created by github.com/nats-io/nats.go/jetstream.(*pullConsumer).Messages in goroutine 14800
	/Users/jace/go/pkg/mod/github.com/nats-io/nats.go@v1.41.1/jetstream/pull.go:534 +0x748

goroutine 14924 [select, 3 minutes]:
github.com/nats-io/nats.go/jetstream.(*pullSubscription).pullMessages(0xc00113e510, {0xc00087a480, 0x56})
	/Users/jace/go/pkg/mod/github.com/nats-io/nats.go@v1.41.1/jetstream/pull.go:955 +0x91
created by github.com/nats-io/nats.go/jetstream.(*pullConsumer).Messages in goroutine 14800
	/Users/jace/go/pkg/mod/github.com/nats-io/nats.go@v1.41.1/jetstream/pull.go:534 +0x748

goroutine 15032 [chan receive, 3 minutes]:
github.com/ThreeDotsLabs/watermill/message.(*messageTransformSubscriberDecorator).Subscribe.func1()
	/Users/jace/go/pkg/mod/github.com/!three!dots!labs/watermill@v1.4.6/message/decorator.go:52 +0x85
created by github.com/ThreeDotsLabs/watermill/message.(*messageTransformSubscriberDecorator).Subscribe in goroutine 14800
	/Users/jace/go/pkg/mod/github.com/!three!dots!labs/watermill@v1.4.6/message/decorator.go:51 +0xc7

goroutine 23105 [chan receive, 2 minutes]:
github.com/ThreeDotsLabs/watermill/message.(*messageTransformSubscriberDecorator).Subscribe.func1()
	/Users/jace/go/pkg/mod/github.com/!three!dots!labs/watermill@v1.4.6/message/decorator.go:52 +0x85
created by github.com/ThreeDotsLabs/watermill/message.(*messageTransformSubscriberDecorator).Subscribe in goroutine 23038
	/Users/jace/go/pkg/mod/github.com/!three!dots!labs/watermill@v1.4.6/message/decorator.go:51 +0xc7

goroutine 15020 [select, 3 minutes]:
github.com/nats-io/nats.go/jetstream.(*pullConsumer).Messages.func2()
	/Users/jace/go/pkg/mod/github.com/nats-io/nats.go@v1.41.1/jetstream/pull.go:538 +0x68
created by github.com/nats-io/nats.go/jetstream.(*pullConsumer).Messages in goroutine 14800
	/Users/jace/go/pkg/mod/github.com/nats-io/nats.go@v1.41.1/jetstream/pull.go:536 +0x78a

goroutine 15031 [select, 3 minutes]:
github.com/nats-io/nats.go/jetstream.(*pullSubscription).Next(0xc0015355f0)
	/Users/jace/go/pkg/mod/github.com/nats-io/nats.go@v1.41.1/jetstream/pull.go:589 +0x285
github.com/Black-And-White-Club/frolf-bot-shared/eventbus.(*eventBus).Subscribe.func1()
	/Users/jace/Documents/GitHub/frolf-bot-shared/eventbus/eventbus.go:326 +0x169
created by github.com/Black-And-White-Club/frolf-bot-shared/eventbus.(*eventBus).Subscribe in goroutine 14800
	/Users/jace/Documents/GitHub/frolf-bot-shared/eventbus/eventbus.go:315 +0xbf1

goroutine 27118 [select, 2 minutes]:
github.com/nats-io/nats.go/jetstream.(*pullSubscription).pullMessages(0xc001043dd0, {0xc0004d92c0, 0x5a})
	/Users/jace/go/pkg/mod/github.com/nats-io/nats.go@v1.41.1/jetstream/pull.go:955 +0x91
created by github.com/nats-io/nats.go/jetstream.(*pullConsumer).Messages in goroutine 27088
	/Users/jace/go/pkg/mod/github.com/nats-io/nats.go@v1.41.1/jetstream/pull.go:534 +0x748

goroutine 32396 [chan receive, 2 minutes]:
github.com/ThreeDotsLabs/watermill/message.(*handler).run(0xc0001729c0, {0x10a337fa0, 0xc0000ea370}, {0xc001095080, 0x6, 0xc0004f7180?})
	/Users/jace/go/pkg/mod/github.com/!three!dots!labs/watermill@v1.4.6/message/router.go:645 +0x2b4
github.com/ThreeDotsLabs/watermill/message.(*Router).RunHandlers.func1()
	/Users/jace/go/pkg/mod/github.com/!three!dots!labs/watermill@v1.4.6/message/router.go:460 +0x145
created by github.com/ThreeDotsLabs/watermill/message.(*Router).RunHandlers in goroutine 32049
	/Users/jace/go/pkg/mod/github.com/!three!dots!labs/watermill@v1.4.6/message/router.go:453 +0x606

goroutine 14976 [select, 3 minutes]:
github.com/nats-io/nats.go/jetstream.(*pullConsumer).Messages.func2()
	/Users/jace/go/pkg/mod/github.com/nats-io/nats.go@v1.41.1/jetstream/pull.go:538 +0x68
created by github.com/nats-io/nats.go/jetstream.(*pullConsumer).Messages in goroutine 14800
	/Users/jace/go/pkg/mod/github.com/nats-io/nats.go@v1.41.1/jetstream/pull.go:536 +0x78a

goroutine 19064 [chan receive, 3 minutes]:
github.com/ThreeDotsLabs/watermill/message.(*messageTransformSubscriberDecorator).Subscribe.func1()
	/Users/jace/go/pkg/mod/github.com/!three!dots!labs/watermill@v1.4.6/message/decorator.go:52 +0x85
created by github.com/ThreeDotsLabs/watermill/message.(*messageTransformSubscriberDecorator).Subscribe in goroutine 18988
	/Users/jace/go/pkg/mod/github.com/!three!dots!labs/watermill@v1.4.6/message/decorator.go:51 +0xc7

goroutine 15096 [chan receive, 3 minutes]:
github.com/ThreeDotsLabs/watermill/message.(*messageTransformSubscriberDecorator).Subscribe.func1()
	/Users/jace/go/pkg/mod/github.com/!three!dots!labs/watermill@v1.4.6/message/decorator.go:52 +0x85
created by github.com/ThreeDotsLabs/watermill/message.(*messageTransformSubscriberDecorator).Subscribe in goroutine 14800
	/Users/jace/go/pkg/mod/github.com/!three!dots!labs/watermill@v1.4.6/message/decorator.go:51 +0xc7

goroutine 23341 [select, 2 minutes]:
github.com/nats-io/nats.go/jetstream.(*pullConsumer).Messages.func2()
	/Users/jace/go/pkg/mod/github.com/nats-io/nats.go@v1.41.1/jetstream/pull.go:538 +0x68
created by github.com/nats-io/nats.go/jetstream.(*pullConsumer).Messages in goroutine 23038
	/Users/jace/go/pkg/mod/github.com/nats-io/nats.go@v1.41.1/jetstream/pull.go:536 +0x78a

goroutine 14972 [chan receive, 3 minutes]:
github.com/ThreeDotsLabs/watermill/message.(*handler).run(0xc000966c30, {0x10a337fa0, 0xc0000eab90}, {0xc001276540, 0x6, 0xc000bdd780?})
	/Users/jace/go/pkg/mod/github.com/!three!dots!labs/watermill@v1.4.6/message/router.go:645 +0x2b4
github.com/ThreeDotsLabs/watermill/message.(*Router).RunHandlers.func1()
	/Users/jace/go/pkg/mod/github.com/!three!dots!labs/watermill@v1.4.6/message/router.go:460 +0x145
created by github.com/ThreeDotsLabs/watermill/message.(*Router).RunHandlers in goroutine 14800
	/Users/jace/go/pkg/mod/github.com/!three!dots!labs/watermill@v1.4.6/message/router.go:453 +0x606

goroutine 23480 [select, 2 minutes]:
github.com/nats-io/nats.go/jetstream.(*pullSubscription).pullMessages(0xc001209cb0, {0xc00004e9b0, 0x42})
	/Users/jace/go/pkg/mod/github.com/nats-io/nats.go@v1.41.1/jetstream/pull.go:955 +0x91
created by github.com/nats-io/nats.go/jetstream.(*pullConsumer).Messages in goroutine 23038
	/Users/jace/go/pkg/mod/github.com/nats-io/nats.go@v1.41.1/jetstream/pull.go:534 +0x748

goroutine 15033 [chan receive, 3 minutes]:
github.com/ThreeDotsLabs/watermill/message.(*handler).run(0xc000966dd0, {0x10a337fa0, 0xc000a2da40}, {0xc00120c300, 0x6, 0x0?})
	/Users/jace/go/pkg/mod/github.com/!three!dots!labs/watermill@v1.4.6/message/router.go:645 +0x2b4
github.com/ThreeDotsLabs/watermill/message.(*Router).RunHandlers.func1()
	/Users/jace/go/pkg/mod/github.com/!three!dots!labs/watermill@v1.4.6/message/router.go:460 +0x145
created by github.com/ThreeDotsLabs/watermill/message.(*Router).RunHandlers in goroutine 14800
	/Users/jace/go/pkg/mod/github.com/!three!dots!labs/watermill@v1.4.6/message/router.go:453 +0x606

goroutine 39127 [chan receive, 1 minutes]:
github.com/ThreeDotsLabs/watermill/message.(*handler).run(0xc001a3a750, {0x10a337fa0, 0xc00098a2d0}, {0xc001cc1500, 0x6, 0x6c2f7261762f3a66?})
	/Users/jace/go/pkg/mod/github.com/!three!dots!labs/watermill@v1.4.6/message/router.go:645 +0x2b4
github.com/ThreeDotsLabs/watermill/message.(*Router).RunHandlers.func1()
	/Users/jace/go/pkg/mod/github.com/!three!dots!labs/watermill@v1.4.6/message/router.go:460 +0x145
created by github.com/ThreeDotsLabs/watermill/message.(*Router).RunHandlers in goroutine 38959
	/Users/jace/go/pkg/mod/github.com/!three!dots!labs/watermill@v1.4.6/message/router.go:453 +0x606

goroutine 15138 [chan receive, 3 minutes]:
github.com/ThreeDotsLabs/watermill/message.(*messageTransformSubscriberDecorator).Subscribe.func1()
	/Users/jace/go/pkg/mod/github.com/!three!dots!labs/watermill@v1.4.6/message/decorator.go:52 +0x85
created by github.com/ThreeDotsLabs/watermill/message.(*messageTransformSubscriberDecorator).Subscribe in goroutine 14800
	/Users/jace/go/pkg/mod/github.com/!three!dots!labs/watermill@v1.4.6/message/decorator.go:51 +0xc7

goroutine 37045 [chan receive, 2 minutes]:
github.com/ThreeDotsLabs/watermill/message.(*messageTransformSubscriberDecorator).Subscribe.func1()
	/Users/jace/go/pkg/mod/github.com/!three!dots!labs/watermill@v1.4.6/message/decorator.go:52 +0x85
created by github.com/ThreeDotsLabs/watermill/message.(*messageTransformSubscriberDecorator).Subscribe in goroutine 36760
	/Users/jace/go/pkg/mod/github.com/!three!dots!labs/watermill@v1.4.6/message/decorator.go:51 +0xc7

goroutine 32003 [sync.Cond.Wait, 2 minutes]:
sync.runtime_notifyListWait(0xc000626710, 0x0)
	/usr/local/Cellar/go/1.24.2/libexec/src/runtime/sema.go:597 +0x159
sync.(*Cond).Wait(0xc001758970?)
	/usr/local/Cellar/go/1.24.2/libexec/src/sync/cond.go:71 +0x85
github.com/nats-io/nats%2ego.(*asyncCallbacksHandler).asyncCBDispatcher(0xc000abe380)
	/Users/jace/go/pkg/mod/github.com/nats-io/nats.go@v1.41.1/nats.go:3059 +0xdd
created by github.com/nats-io/nats%2ego.Options.Connect in goroutine 31445
	/Users/jace/go/pkg/mod/github.com/nats-io/nats.go@v1.41.1/nats.go:1635 +0x387

goroutine 15102 [chan receive, 3 minutes]:
github.com/ThreeDotsLabs/watermill/message.(*handler).run(0xc0009669c0, {0x10a337fa0, 0xc0000ea8c0}, {0xc001276480, 0x6, 0x0?})
	/Users/jace/go/pkg/mod/github.com/!three!dots!labs/watermill@v1.4.6/message/router.go:645 +0x2b4
github.com/ThreeDotsLabs/watermill/message.(*Router).RunHandlers.func1()
	/Users/jace/go/pkg/mod/github.com/!three!dots!labs/watermill@v1.4.6/message/router.go:460 +0x145
created by github.com/ThreeDotsLabs/watermill/message.(*Router).RunHandlers in goroutine 14800
	/Users/jace/go/pkg/mod/github.com/!three!dots!labs/watermill@v1.4.6/message/router.go:453 +0x606

goroutine 22357 [sync.WaitGroup.Wait, 2 minutes]:
sync.runtime_SemacquireWaitGroup(0xc001896d90?)
	/usr/local/Cellar/go/1.24.2/libexec/src/runtime/sema.go:110 +0x25
sync.(*WaitGroup).Wait(0xc001462f30?)
	/usr/local/Cellar/go/1.24.2/libexec/src/sync/waitgroup.go:118 +0x48
github.com/ThreeDotsLabs/watermill/pubsub/sync.WaitGroupTimeout.func1()
	/Users/jace/go/pkg/mod/github.com/!three!dots!labs/watermill@v1.4.6/pubsub/sync/waitgroup.go:13 +0x25
created by github.com/ThreeDotsLabs/watermill/pubsub/sync.WaitGroupTimeout in goroutine 18245
	/Users/jace/go/pkg/mod/github.com/!three!dots!labs/watermill@v1.4.6/pubsub/sync/waitgroup.go:12 +0x85

goroutine 15128 [select, 3 minutes]:
github.com/nats-io/nats.go/jetstream.(*pullConsumer).Messages.func2()
	/Users/jace/go/pkg/mod/github.com/nats-io/nats.go@v1.41.1/jetstream/pull.go:538 +0x68
created by github.com/nats-io/nats.go/jetstream.(*pullConsumer).Messages in goroutine 14800
	/Users/jace/go/pkg/mod/github.com/nats-io/nats.go@v1.41.1/jetstream/pull.go:536 +0x78a

goroutine 15129 [select, 3 minutes]:
github.com/nats-io/nats.go/jetstream.(*pullSubscription).Next(0xc001278c60)
	/Users/jace/go/pkg/mod/github.com/nats-io/nats.go@v1.41.1/jetstream/pull.go:589 +0x285
github.com/Black-And-White-Club/frolf-bot-shared/eventbus.(*eventBus).Subscribe.func1()
	/Users/jace/Documents/GitHub/frolf-bot-shared/eventbus/eventbus.go:326 +0x169
created by github.com/Black-And-White-Club/frolf-bot-shared/eventbus.(*eventBus).Subscribe in goroutine 14800
	/Users/jace/Documents/GitHub/frolf-bot-shared/eventbus/eventbus.go:315 +0xbf1

goroutine 15130 [chan receive, 3 minutes]:
github.com/ThreeDotsLabs/watermill/message.(*messageTransformSubscriberDecorator).Subscribe.func1()
	/Users/jace/go/pkg/mod/github.com/!three!dots!labs/watermill@v1.4.6/message/decorator.go:52 +0x85
created by github.com/ThreeDotsLabs/watermill/message.(*messageTransformSubscriberDecorator).Subscribe in goroutine 14800
	/Users/jace/go/pkg/mod/github.com/!three!dots!labs/watermill@v1.4.6/message/decorator.go:51 +0xc7

goroutine 15131 [chan receive, 3 minutes]:
github.com/ThreeDotsLabs/watermill/message.(*handler).run(0xc000967040, {0x10a337fa0, 0xc0003673b0}, {0xc00062a180, 0x6, 0xc000ae4770?})
	/Users/jace/go/pkg/mod/github.com/!three!dots!labs/watermill@v1.4.6/message/router.go:645 +0x2b4
github.com/ThreeDotsLabs/watermill/message.(*Router).RunHandlers.func1()
	/Users/jace/go/pkg/mod/github.com/!three!dots!labs/watermill@v1.4.6/message/router.go:460 +0x145
created by github.com/ThreeDotsLabs/watermill/message.(*Router).RunHandlers in goroutine 14800
	/Users/jace/go/pkg/mod/github.com/!three!dots!labs/watermill@v1.4.6/message/router.go:453 +0x606

goroutine 23267 [chan receive, 2 minutes]:
github.com/ThreeDotsLabs/watermill/message.(*messageTransformSubscriberDecorator).Subscribe.func1()
	/Users/jace/go/pkg/mod/github.com/!three!dots!labs/watermill@v1.4.6/message/decorator.go:52 +0x85
created by github.com/ThreeDotsLabs/watermill/message.(*messageTransformSubscriberDecorator).Subscribe in goroutine 23038
	/Users/jace/go/pkg/mod/github.com/!three!dots!labs/watermill@v1.4.6/message/decorator.go:51 +0xc7

goroutine 23009 [select, 2 minutes]:
github.com/nats-io/nats.go/jetstream.(*pullConsumer).Messages.func2()
	/Users/jace/go/pkg/mod/github.com/nats-io/nats.go@v1.41.1/jetstream/pull.go:538 +0x68
created by github.com/nats-io/nats.go/jetstream.(*pullConsumer).Messages in goroutine 23038
	/Users/jace/go/pkg/mod/github.com/nats-io/nats.go@v1.41.1/jetstream/pull.go:536 +0x78a

goroutine 15186 [select, 3 minutes]:
github.com/nats-io/nats.go/jetstream.(*pullConsumer).Messages.func2()
	/Users/jace/go/pkg/mod/github.com/nats-io/nats.go@v1.41.1/jetstream/pull.go:538 +0x68
created by github.com/nats-io/nats.go/jetstream.(*pullConsumer).Messages in goroutine 14800
	/Users/jace/go/pkg/mod/github.com/nats-io/nats.go@v1.41.1/jetstream/pull.go:536 +0x78a

goroutine 15187 [select, 3 minutes]:
github.com/nats-io/nats.go/jetstream.(*pullSubscription).Next(0xc001279200)
	/Users/jace/go/pkg/mod/github.com/nats-io/nats.go@v1.41.1/jetstream/pull.go:589 +0x285
github.com/Black-And-White-Club/frolf-bot-shared/eventbus.(*eventBus).Subscribe.func1()
	/Users/jace/Documents/GitHub/frolf-bot-shared/eventbus/eventbus.go:326 +0x169
created by github.com/Black-And-White-Club/frolf-bot-shared/eventbus.(*eventBus).Subscribe in goroutine 14800
	/Users/jace/Documents/GitHub/frolf-bot-shared/eventbus/eventbus.go:315 +0xbf1

goroutine 15188 [chan receive, 3 minutes]:
github.com/ThreeDotsLabs/watermill/message.(*messageTransformSubscriberDecorator).Subscribe.func1()
	/Users/jace/go/pkg/mod/github.com/!three!dots!labs/watermill@v1.4.6/message/decorator.go:52 +0x85
created by github.com/ThreeDotsLabs/watermill/message.(*messageTransformSubscriberDecorator).Subscribe in goroutine 14800
	/Users/jace/go/pkg/mod/github.com/!three!dots!labs/watermill@v1.4.6/message/decorator.go:51 +0xc7

goroutine 15189 [chan receive, 3 minutes]:
github.com/ThreeDotsLabs/watermill/message.(*handler).run(0xc000967ba0, {0x10a337fa0, 0xc001530d70}, {0xc00062a240, 0x6, 0x0?})
	/Users/jace/go/pkg/mod/github.com/!three!dots!labs/watermill@v1.4.6/message/router.go:645 +0x2b4
github.com/ThreeDotsLabs/watermill/message.(*Router).RunHandlers.func1()
	/Users/jace/go/pkg/mod/github.com/!three!dots!labs/watermill@v1.4.6/message/router.go:460 +0x145
created by github.com/ThreeDotsLabs/watermill/message.(*Router).RunHandlers in goroutine 14800
	/Users/jace/go/pkg/mod/github.com/!three!dots!labs/watermill@v1.4.6/message/router.go:453 +0x606

goroutine 22377 [chan receive, 2 minutes]:
github.com/ThreeDotsLabs/watermill/message.(*messageTransformSubscriberDecorator).Subscribe.func1()
	/Users/jace/go/pkg/mod/github.com/!three!dots!labs/watermill@v1.4.6/message/decorator.go:52 +0x85
created by github.com/ThreeDotsLabs/watermill/message.(*messageTransformSubscriberDecorator).Subscribe in goroutine 23038
	/Users/jace/go/pkg/mod/github.com/!three!dots!labs/watermill@v1.4.6/message/decorator.go:51 +0xc7

goroutine 19419 [chan receive, 3 minutes]:
github.com/ThreeDotsLabs/watermill/message.(*messageTransformSubscriberDecorator).Subscribe.func1()
	/Users/jace/go/pkg/mod/github.com/!three!dots!labs/watermill@v1.4.6/message/decorator.go:52 +0x85
created by github.com/ThreeDotsLabs/watermill/message.(*messageTransformSubscriberDecorator).Subscribe in goroutine 18988
	/Users/jace/go/pkg/mod/github.com/!three!dots!labs/watermill@v1.4.6/message/decorator.go:51 +0xc7

goroutine 19147 [chan receive, 3 minutes]:
github.com/ThreeDotsLabs/watermill/message.(*messageTransformSubscriberDecorator).Subscribe.func1()
	/Users/jace/go/pkg/mod/github.com/!three!dots!labs/watermill@v1.4.6/message/decorator.go:52 +0x85
created by github.com/ThreeDotsLabs/watermill/message.(*messageTransformSubscriberDecorator).Subscribe in goroutine 18988
	/Users/jace/go/pkg/mod/github.com/!three!dots!labs/watermill@v1.4.6/message/decorator.go:51 +0xc7

goroutine 19325 [chan receive, 3 minutes]:
github.com/ThreeDotsLabs/watermill/message.(*handler).run(0xc000a71520, {0x10a337fa0, 0xc0005aeb40}, {0xc0012fa300, 0x6, 0xc000ef4778?})
	/Users/jace/go/pkg/mod/github.com/!three!dots!labs/watermill@v1.4.6/message/router.go:645 +0x2b4
github.com/ThreeDotsLabs/watermill/message.(*Router).RunHandlers.func1()
	/Users/jace/go/pkg/mod/github.com/!three!dots!labs/watermill@v1.4.6/message/router.go:460 +0x145
created by github.com/ThreeDotsLabs/watermill/message.(*Router).RunHandlers in goroutine 18988
	/Users/jace/go/pkg/mod/github.com/!three!dots!labs/watermill@v1.4.6/message/router.go:453 +0x606

goroutine 23608 [select, 2 minutes]:
github.com/nats-io/nats.go/jetstream.(*pullSubscription).Next(0xc001043d40)
	/Users/jace/go/pkg/mod/github.com/nats-io/nats.go@v1.41.1/jetstream/pull.go:589 +0x285
github.com/Black-And-White-Club/frolf-bot-shared/eventbus.(*eventBus).Subscribe.func1()
	/Users/jace/Documents/GitHub/frolf-bot-shared/eventbus/eventbus.go:326 +0x169
created by github.com/Black-And-White-Club/frolf-bot-shared/eventbus.(*eventBus).Subscribe in goroutine 23038
	/Users/jace/Documents/GitHub/frolf-bot-shared/eventbus/eventbus.go:315 +0xbf1

goroutine 15198 [select, 3 minutes]:
github.com/nats-io/nats.go/jetstream.(*pullSubscription).Next(0xc001279a70)
	/Users/jace/go/pkg/mod/github.com/nats-io/nats.go@v1.41.1/jetstream/pull.go:589 +0x285
github.com/Black-And-White-Club/frolf-bot-shared/eventbus.(*eventBus).Subscribe.func1()
	/Users/jace/Documents/GitHub/frolf-bot-shared/eventbus/eventbus.go:326 +0x169
created by github.com/Black-And-White-Club/frolf-bot-shared/eventbus.(*eventBus).Subscribe in goroutine 14800
	/Users/jace/Documents/GitHub/frolf-bot-shared/eventbus/eventbus.go:315 +0xbf1

goroutine 15199 [chan receive, 3 minutes]:
github.com/ThreeDotsLabs/watermill/message.(*messageTransformSubscriberDecorator).Subscribe.func1()
	/Users/jace/go/pkg/mod/github.com/!three!dots!labs/watermill@v1.4.6/message/decorator.go:52 +0x85
created by github.com/ThreeDotsLabs/watermill/message.(*messageTransformSubscriberDecorator).Subscribe in goroutine 14800
	/Users/jace/go/pkg/mod/github.com/!three!dots!labs/watermill@v1.4.6/message/decorator.go:51 +0xc7

goroutine 15200 [chan receive, 3 minutes]:
github.com/ThreeDotsLabs/watermill/message.(*handler).run(0xc000966f70, {0x10a337fa0, 0xc0015312c0}, {0xc001276600, 0x6, 0x0?})
	/Users/jace/go/pkg/mod/github.com/!three!dots!labs/watermill@v1.4.6/message/router.go:645 +0x2b4
github.com/ThreeDotsLabs/watermill/message.(*Router).RunHandlers.func1()
	/Users/jace/go/pkg/mod/github.com/!three!dots!labs/watermill@v1.4.6/message/router.go:460 +0x145
created by github.com/ThreeDotsLabs/watermill/message.(*Router).RunHandlers in goroutine 14800
	/Users/jace/go/pkg/mod/github.com/!three!dots!labs/watermill@v1.4.6/message/router.go:453 +0x606

goroutine 18997 [chan receive, 3 minutes]:
github.com/ThreeDotsLabs/watermill/message.(*messageTransformSubscriberDecorator).Subscribe.func1()
	/Users/jace/go/pkg/mod/github.com/!three!dots!labs/watermill@v1.4.6/message/decorator.go:52 +0x85
created by github.com/ThreeDotsLabs/watermill/message.(*messageTransformSubscriberDecorator).Subscribe in goroutine 18988
	/Users/jace/go/pkg/mod/github.com/!three!dots!labs/watermill@v1.4.6/message/decorator.go:51 +0xc7

goroutine 23286 [chan receive, 2 minutes]:
github.com/ThreeDotsLabs/watermill/message.(*messageTransformSubscriberDecorator).Subscribe.func1()
	/Users/jace/go/pkg/mod/github.com/!three!dots!labs/watermill@v1.4.6/message/decorator.go:52 +0x85
created by github.com/ThreeDotsLabs/watermill/message.(*messageTransformSubscriberDecorator).Subscribe in goroutine 23038
	/Users/jace/go/pkg/mod/github.com/!three!dots!labs/watermill@v1.4.6/message/decorator.go:51 +0xc7

goroutine 23387 [select, 2 minutes]:
github.com/nats-io/nats.go/jetstream.(*pullConsumer).Messages.func2()
	/Users/jace/go/pkg/mod/github.com/nats-io/nats.go@v1.41.1/jetstream/pull.go:538 +0x68
created by github.com/nats-io/nats.go/jetstream.(*pullConsumer).Messages in goroutine 23038
	/Users/jace/go/pkg/mod/github.com/nats-io/nats.go@v1.41.1/jetstream/pull.go:536 +0x78a

goroutine 15222 [select, 3 minutes]:
github.com/nats-io/nats.go/jetstream.(*pullSubscription).pullMessages(0xc000c32360, {0xc0004219c0, 0x3f})
	/Users/jace/go/pkg/mod/github.com/nats-io/nats.go@v1.41.1/jetstream/pull.go:955 +0x91
created by github.com/nats-io/nats.go/jetstream.(*pullConsumer).Messages in goroutine 14800
	/Users/jace/go/pkg/mod/github.com/nats-io/nats.go@v1.41.1/jetstream/pull.go:534 +0x748

goroutine 15223 [select, 3 minutes]:
github.com/nats-io/nats.go/jetstream.(*pullConsumer).Messages.func2()
	/Users/jace/go/pkg/mod/github.com/nats-io/nats.go@v1.41.1/jetstream/pull.go:538 +0x68
created by github.com/nats-io/nats.go/jetstream.(*pullConsumer).Messages in goroutine 14800
	/Users/jace/go/pkg/mod/github.com/nats-io/nats.go@v1.41.1/jetstream/pull.go:536 +0x78a

goroutine 15224 [select, 3 minutes]:
github.com/nats-io/nats.go/jetstream.(*pullSubscription).Next(0xc000c32360)
	/Users/jace/go/pkg/mod/github.com/nats-io/nats.go@v1.41.1/jetstream/pull.go:589 +0x285
github.com/Black-And-White-Club/frolf-bot-shared/eventbus.(*eventBus).Subscribe.func1()
	/Users/jace/Documents/GitHub/frolf-bot-shared/eventbus/eventbus.go:326 +0x169
created by github.com/Black-And-White-Club/frolf-bot-shared/eventbus.(*eventBus).Subscribe in goroutine 14800
	/Users/jace/Documents/GitHub/frolf-bot-shared/eventbus/eventbus.go:315 +0xbf1

goroutine 15225 [chan receive, 3 minutes]:
github.com/ThreeDotsLabs/watermill/message.(*messageTransformSubscriberDecorator).Subscribe.func1()
	/Users/jace/go/pkg/mod/github.com/!three!dots!labs/watermill@v1.4.6/message/decorator.go:52 +0x85
created by github.com/ThreeDotsLabs/watermill/message.(*messageTransformSubscriberDecorator).Subscribe in goroutine 14800
	/Users/jace/go/pkg/mod/github.com/!three!dots!labs/watermill@v1.4.6/message/decorator.go:51 +0xc7

goroutine 15226 [chan receive, 3 minutes]:
github.com/ThreeDotsLabs/watermill/message.(*handler).run(0xc000967110, {0x10a337fa0, 0xc0011360f0}, {0xc0012766c0, 0x6, 0x3637326635316131?})
	/Users/jace/go/pkg/mod/github.com/!three!dots!labs/watermill@v1.4.6/message/router.go:645 +0x2b4
github.com/ThreeDotsLabs/watermill/message.(*Router).RunHandlers.func1()
	/Users/jace/go/pkg/mod/github.com/!three!dots!labs/watermill@v1.4.6/message/router.go:460 +0x145
created by github.com/ThreeDotsLabs/watermill/message.(*Router).RunHandlers in goroutine 14800
	/Users/jace/go/pkg/mod/github.com/!three!dots!labs/watermill@v1.4.6/message/router.go:453 +0x606

goroutine 18951 [select, 2 minutes]:
github.com/nats-io/nats.go/jetstream.(*pullSubscription).Next(0xc000478bd0)
	/Users/jace/go/pkg/mod/github.com/nats-io/nats.go@v1.41.1/jetstream/pull.go:589 +0x285
github.com/Black-And-White-Club/frolf-bot-shared/eventbus.(*eventBus).Subscribe.func1()
	/Users/jace/Documents/GitHub/frolf-bot-shared/eventbus/eventbus.go:326 +0x169
created by github.com/Black-And-White-Club/frolf-bot-shared/eventbus.(*eventBus).Subscribe in goroutine 18988
	/Users/jace/Documents/GitHub/frolf-bot-shared/eventbus/eventbus.go:315 +0xbf1

goroutine 23388 [select, 2 minutes]:
github.com/nats-io/nats.go/jetstream.(*pullSubscription).Next(0xc000b89200)
	/Users/jace/go/pkg/mod/github.com/nats-io/nats.go@v1.41.1/jetstream/pull.go:589 +0x285
github.com/Black-And-White-Club/frolf-bot-shared/eventbus.(*eventBus).Subscribe.func1()
	/Users/jace/Documents/GitHub/frolf-bot-shared/eventbus/eventbus.go:326 +0x169
created by github.com/Black-And-White-Club/frolf-bot-shared/eventbus.(*eventBus).Subscribe in goroutine 23038
	/Users/jace/Documents/GitHub/frolf-bot-shared/eventbus/eventbus.go:315 +0xbf1

goroutine 19254 [select, 2 minutes]:
github.com/nats-io/nats.go/jetstream.(*pullSubscription).Next(0xc000878360)
	/Users/jace/go/pkg/mod/github.com/nats-io/nats.go@v1.41.1/jetstream/pull.go:589 +0x285
github.com/Black-And-White-Club/frolf-bot-shared/eventbus.(*eventBus).Subscribe.func1()
	/Users/jace/Documents/GitHub/frolf-bot-shared/eventbus/eventbus.go:326 +0x169
created by github.com/Black-And-White-Club/frolf-bot-shared/eventbus.(*eventBus).Subscribe in goroutine 18988
	/Users/jace/Documents/GitHub/frolf-bot-shared/eventbus/eventbus.go:315 +0xbf1

goroutine 23309 [select, 2 minutes]:
github.com/nats-io/nats.go/jetstream.(*pullSubscription).pullMessages(0xc000b88240, {0xc0008063c0, 0x4b})
	/Users/jace/go/pkg/mod/github.com/nats-io/nats.go@v1.41.1/jetstream/pull.go:955 +0x91
created by github.com/nats-io/nats.go/jetstream.(*pullConsumer).Messages in goroutine 23038
	/Users/jace/go/pkg/mod/github.com/nats-io/nats.go@v1.41.1/jetstream/pull.go:534 +0x748

goroutine 18949 [select, 3 minutes]:
github.com/nats-io/nats.go/jetstream.(*pullSubscription).pullMessages(0xc000478bd0, {0xc000807090, 0x4f})
	/Users/jace/go/pkg/mod/github.com/nats-io/nats.go@v1.41.1/jetstream/pull.go:955 +0x91
created by github.com/nats-io/nats.go/jetstream.(*pullConsumer).Messages in goroutine 18988
	/Users/jace/go/pkg/mod/github.com/nats-io/nats.go@v1.41.1/jetstream/pull.go:534 +0x748

goroutine 19420 [chan receive, 3 minutes]:
github.com/ThreeDotsLabs/watermill/message.(*handler).run(0xc000a71860, {0x10a337fa0, 0xc0009951d0}, {0xc0010c4480, 0x6, 0xc001021778?})
	/Users/jace/go/pkg/mod/github.com/!three!dots!labs/watermill@v1.4.6/message/router.go:645 +0x2b4
github.com/ThreeDotsLabs/watermill/message.(*Router).RunHandlers.func1()
	/Users/jace/go/pkg/mod/github.com/!three!dots!labs/watermill@v1.4.6/message/router.go:460 +0x145
created by github.com/ThreeDotsLabs/watermill/message.(*Router).RunHandlers in goroutine 18988
	/Users/jace/go/pkg/mod/github.com/!three!dots!labs/watermill@v1.4.6/message/router.go:453 +0x606

goroutine 32365 [chan receive, 2 minutes]:
github.com/ThreeDotsLabs/watermill/message.(*handler).run(0xc00118dba0, {0x10a337fa0, 0xc000a13e50}, {0xc000eb9500, 0x6, 0xa?})
	/Users/jace/go/pkg/mod/github.com/!three!dots!labs/watermill@v1.4.6/message/router.go:645 +0x2b4
github.com/ThreeDotsLabs/watermill/message.(*Router).RunHandlers.func1()
	/Users/jace/go/pkg/mod/github.com/!three!dots!labs/watermill@v1.4.6/message/router.go:460 +0x145
created by github.com/ThreeDotsLabs/watermill/message.(*Router).RunHandlers in goroutine 32049
	/Users/jace/go/pkg/mod/github.com/!three!dots!labs/watermill@v1.4.6/message/router.go:453 +0x606

goroutine 19128 [select, 2 minutes]:
github.com/nats-io/nats.go/jetstream.(*pullConsumer).Messages.func2()
	/Users/jace/go/pkg/mod/github.com/nats-io/nats.go@v1.41.1/jetstream/pull.go:538 +0x68
created by github.com/nats-io/nats.go/jetstream.(*pullConsumer).Messages in goroutine 18988
	/Users/jace/go/pkg/mod/github.com/nats-io/nats.go@v1.41.1/jetstream/pull.go:536 +0x78a

goroutine 19276 [chan receive, 3 minutes]:
github.com/ThreeDotsLabs/watermill/message.(*handler).run(0xc000a71380, {0x10a337fa0, 0xc000c83810}, {0xc0011ce240, 0x6, 0x4?})
	/Users/jace/go/pkg/mod/github.com/!three!dots!labs/watermill@v1.4.6/message/router.go:645 +0x2b4
github.com/ThreeDotsLabs/watermill/message.(*Router).RunHandlers.func1()
	/Users/jace/go/pkg/mod/github.com/!three!dots!labs/watermill@v1.4.6/message/router.go:460 +0x145
created by github.com/ThreeDotsLabs/watermill/message.(*Router).RunHandlers in goroutine 18988
	/Users/jace/go/pkg/mod/github.com/!three!dots!labs/watermill@v1.4.6/message/router.go:453 +0x606

goroutine 19148 [chan receive, 3 minutes]:
github.com/ThreeDotsLabs/watermill/message.(*handler).run(0xc000a711e0, {0x10a337fa0, 0xc0000ea5a0}, {0xc000dbf440, 0x6, 0x67617373654d746e?})
	/Users/jace/go/pkg/mod/github.com/!three!dots!labs/watermill@v1.4.6/message/router.go:645 +0x2b4
github.com/ThreeDotsLabs/watermill/message.(*Router).RunHandlers.func1()
	/Users/jace/go/pkg/mod/github.com/!three!dots!labs/watermill@v1.4.6/message/router.go:460 +0x145
created by github.com/ThreeDotsLabs/watermill/message.(*Router).RunHandlers in goroutine 18988
	/Users/jace/go/pkg/mod/github.com/!three!dots!labs/watermill@v1.4.6/message/router.go:453 +0x606

goroutine 33143 [select, 2 minutes]:
github.com/nats-io/nats.go/jetstream.(*pullConsumer).Messages.func2()
	/Users/jace/go/pkg/mod/github.com/nats-io/nats.go@v1.41.1/jetstream/pull.go:538 +0x68
created by github.com/nats-io/nats.go/jetstream.(*pullConsumer).Messages in goroutine 33200
	/Users/jace/go/pkg/mod/github.com/nats-io/nats.go@v1.41.1/jetstream/pull.go:536 +0x78a

goroutine 19124 [chan receive, 3 minutes]:
github.com/ThreeDotsLabs/watermill/message.(*handler).run(0xc000a70ea0, {0x10a337fa0, 0xc001137180}, {0xc0012fa0c0, 0x6, 0xa?})
	/Users/jace/go/pkg/mod/github.com/!three!dots!labs/watermill@v1.4.6/message/router.go:645 +0x2b4
github.com/ThreeDotsLabs/watermill/message.(*Router).RunHandlers.func1()
	/Users/jace/go/pkg/mod/github.com/!three!dots!labs/watermill@v1.4.6/message/router.go:460 +0x145
created by github.com/ThreeDotsLabs/watermill/message.(*Router).RunHandlers in goroutine 18988
	/Users/jace/go/pkg/mod/github.com/!three!dots!labs/watermill@v1.4.6/message/router.go:453 +0x606

goroutine 44991 [chan receive, 1 minutes]:
github.com/ThreeDotsLabs/watermill/message.(*messageTransformSubscriberDecorator).Subscribe.func1()
	/Users/jace/go/pkg/mod/github.com/!three!dots!labs/watermill@v1.4.6/message/decorator.go:52 +0x85
created by github.com/ThreeDotsLabs/watermill/message.(*messageTransformSubscriberDecorator).Subscribe in goroutine 44822
	/Users/jace/go/pkg/mod/github.com/!three!dots!labs/watermill@v1.4.6/message/decorator.go:51 +0xc7

goroutine 34144 [chan receive, 2 minutes]:
github.com/ThreeDotsLabs/watermill/message.(*handler).run(0xc001a94680, {0x10a337fa0, 0xc000a13b30}, {0xc0001fc180, 0x6, 0x4?})
	/Users/jace/go/pkg/mod/github.com/!three!dots!labs/watermill@v1.4.6/message/router.go:645 +0x2b4
github.com/ThreeDotsLabs/watermill/message.(*Router).RunHandlers.func1()
	/Users/jace/go/pkg/mod/github.com/!three!dots!labs/watermill@v1.4.6/message/router.go:460 +0x145
created by github.com/ThreeDotsLabs/watermill/message.(*Router).RunHandlers in goroutine 34180
	/Users/jace/go/pkg/mod/github.com/!three!dots!labs/watermill@v1.4.6/message/router.go:453 +0x606

goroutine 31271 [chan receive, 2 minutes]:
github.com/ThreeDotsLabs/watermill/message.(*handler).run(0xc0014a5110, {0x10a337fa0, 0xc000c830e0}, {0xc0011b49c0, 0x6, 0xc0011b1500?})
	/Users/jace/go/pkg/mod/github.com/!three!dots!labs/watermill@v1.4.6/message/router.go:645 +0x2b4
github.com/ThreeDotsLabs/watermill/message.(*Router).RunHandlers.func1()
	/Users/jace/go/pkg/mod/github.com/!three!dots!labs/watermill@v1.4.6/message/router.go:460 +0x145
created by github.com/ThreeDotsLabs/watermill/message.(*Router).RunHandlers in goroutine 31164
	/Users/jace/go/pkg/mod/github.com/!three!dots!labs/watermill@v1.4.6/message/router.go:453 +0x606

goroutine 23390 [chan receive, 2 minutes]:
github.com/ThreeDotsLabs/watermill/message.(*handler).run(0xc001410b60, {0x10a337fa0, 0xc00096e410}, {0xc0011c40c0, 0x6, 0x0?})
	/Users/jace/go/pkg/mod/github.com/!three!dots!labs/watermill@v1.4.6/message/router.go:645 +0x2b4
github.com/ThreeDotsLabs/watermill/message.(*Router).RunHandlers.func1()
	/Users/jace/go/pkg/mod/github.com/!three!dots!labs/watermill@v1.4.6/message/router.go:460 +0x145
created by github.com/ThreeDotsLabs/watermill/message.(*Router).RunHandlers in goroutine 23038
	/Users/jace/go/pkg/mod/github.com/!three!dots!labs/watermill@v1.4.6/message/router.go:453 +0x606

goroutine 18955 [select, 3 minutes]:
github.com/nats-io/nats.go/jetstream.(*pullSubscription).pullMessages(0xc000479290, {0xc000807130, 0x47})
	/Users/jace/go/pkg/mod/github.com/nats-io/nats.go@v1.41.1/jetstream/pull.go:955 +0x91
created by github.com/nats-io/nats.go/jetstream.(*pullConsumer).Messages in goroutine 18988
	/Users/jace/go/pkg/mod/github.com/nats-io/nats.go@v1.41.1/jetstream/pull.go:534 +0x748

goroutine 19182 [chan receive, 3 minutes]:
github.com/ThreeDotsLabs/watermill/message.(*handler).run(0xc00111f790, {0x10a337fa0, 0xc0000ea870}, {0xc0011ce180, 0x6, 0x61547473614c227b?})
	/Users/jace/go/pkg/mod/github.com/!three!dots!labs/watermill@v1.4.6/message/router.go:645 +0x2b4
github.com/ThreeDotsLabs/watermill/message.(*Router).RunHandlers.func1()
	/Users/jace/go/pkg/mod/github.com/!three!dots!labs/watermill@v1.4.6/message/router.go:460 +0x145
created by github.com/ThreeDotsLabs/watermill/message.(*Router).RunHandlers in goroutine 18988
	/Users/jace/go/pkg/mod/github.com/!three!dots!labs/watermill@v1.4.6/message/router.go:453 +0x606

goroutine 27325 [select, 2 minutes]:
github.com/nats-io/nats.go/jetstream.(*pullSubscription).pullMessages(0xc0012085a0, {0xc00004ed20, 0x4b})
	/Users/jace/go/pkg/mod/github.com/nats-io/nats.go@v1.41.1/jetstream/pull.go:955 +0x91
created by github.com/nats-io/nats.go/jetstream.(*pullConsumer).Messages in goroutine 27088
	/Users/jace/go/pkg/mod/github.com/nats-io/nats.go@v1.41.1/jetstream/pull.go:534 +0x748

goroutine 19364 [chan receive, 3 minutes]:
github.com/ThreeDotsLabs/watermill/message.(*messageTransformSubscriberDecorator).Subscribe.func1()
	/Users/jace/go/pkg/mod/github.com/!three!dots!labs/watermill@v1.4.6/message/decorator.go:52 +0x85
created by github.com/ThreeDotsLabs/watermill/message.(*messageTransformSubscriberDecorator).Subscribe in goroutine 18988
	/Users/jace/go/pkg/mod/github.com/!three!dots!labs/watermill@v1.4.6/message/decorator.go:51 +0xc7

goroutine 19135 [select, 2 minutes]:
github.com/nats-io/nats.go/jetstream.(*pullConsumer).Messages.func2()
	/Users/jace/go/pkg/mod/github.com/nats-io/nats.go@v1.41.1/jetstream/pull.go:538 +0x68
created by github.com/nats-io/nats.go/jetstream.(*pullConsumer).Messages in goroutine 18988
	/Users/jace/go/pkg/mod/github.com/nats-io/nats.go@v1.41.1/jetstream/pull.go:536 +0x78a

goroutine 19434 [chan receive, 3 minutes]:
github.com/ThreeDotsLabs/watermill/message.(*handler).run(0xc00111fe10, {0x10a337fa0, 0xc000995400}, {0xc0012fa3c0, 0x6, 0x10a0bfea0?})
	/Users/jace/go/pkg/mod/github.com/!three!dots!labs/watermill@v1.4.6/message/router.go:645 +0x2b4
github.com/ThreeDotsLabs/watermill/message.(*Router).RunHandlers.func1()
	/Users/jace/go/pkg/mod/github.com/!three!dots!labs/watermill@v1.4.6/message/router.go:460 +0x145
created by github.com/ThreeDotsLabs/watermill/message.(*Router).RunHandlers in goroutine 18988
	/Users/jace/go/pkg/mod/github.com/!three!dots!labs/watermill@v1.4.6/message/router.go:453 +0x606

goroutine 18959 [chan receive, 3 minutes]:
github.com/ThreeDotsLabs/watermill/message.(*handler).run(0xc00118c000, {0x10a337fa0, 0xc000c824b0}, {0xc000ce9d40, 0x6, 0x0?})
	/Users/jace/go/pkg/mod/github.com/!three!dots!labs/watermill@v1.4.6/message/router.go:645 +0x2b4
github.com/ThreeDotsLabs/watermill/message.(*Router).RunHandlers.func1()
	/Users/jace/go/pkg/mod/github.com/!three!dots!labs/watermill@v1.4.6/message/router.go:460 +0x145
created by github.com/ThreeDotsLabs/watermill/message.(*Router).RunHandlers in goroutine 18988
	/Users/jace/go/pkg/mod/github.com/!three!dots!labs/watermill@v1.4.6/message/router.go:453 +0x606

goroutine 22355 [sync.WaitGroup.Wait, 2 minutes]:
sync.runtime_SemacquireWaitGroup(0xc0018e5c00?)
	/usr/local/Cellar/go/1.24.2/libexec/src/runtime/sema.go:110 +0x25
sync.(*WaitGroup).Wait(0xc00146af40?)
	/usr/local/Cellar/go/1.24.2/libexec/src/sync/waitgroup.go:118 +0x48
github.com/ThreeDotsLabs/watermill/message.(*Router).waitForHandlers.func1()
	/Users/jace/go/pkg/mod/github.com/!three!dots!labs/watermill@v1.4.6/message/router.go:579 +0x4b
created by github.com/ThreeDotsLabs/watermill/message.(*Router).waitForHandlers in goroutine 18245
	/Users/jace/go/pkg/mod/github.com/!three!dots!labs/watermill@v1.4.6/message/router.go:577 +0x87

goroutine 31105 [select, 2 minutes]:
github.com/nats-io/nats.go/jetstream.(*pullSubscription).pullMessages(0xc000ba2e10, {0xc00113cf00, 0x3f})
	/Users/jace/go/pkg/mod/github.com/nats-io/nats.go@v1.41.1/jetstream/pull.go:955 +0x91
created by github.com/nats-io/nats.go/jetstream.(*pullConsumer).Messages in goroutine 31164
	/Users/jace/go/pkg/mod/github.com/nats-io/nats.go@v1.41.1/jetstream/pull.go:534 +0x748

goroutine 19000 [select, 3 minutes]:
github.com/nats-io/nats.go/jetstream.(*pullSubscription).pullMessages(0xc0004b93b0, {0xc00024ee40, 0x5a})
	/Users/jace/go/pkg/mod/github.com/nats-io/nats.go@v1.41.1/jetstream/pull.go:955 +0x91
created by github.com/nats-io/nats.go/jetstream.(*pullConsumer).Messages in goroutine 18988
	/Users/jace/go/pkg/mod/github.com/nats-io/nats.go@v1.41.1/jetstream/pull.go:534 +0x748

goroutine 35604 [chan receive, 2 minutes]:
github.com/ThreeDotsLabs/watermill/message.(*handler).run(0xc0006f7790, {0x10a337fa0, 0xc0007af720}, {0xc000a5a6c0, 0x6, 0x10955daec?})
	/Users/jace/go/pkg/mod/github.com/!three!dots!labs/watermill@v1.4.6/message/router.go:645 +0x2b4
github.com/ThreeDotsLabs/watermill/message.(*Router).RunHandlers.func1()
	/Users/jace/go/pkg/mod/github.com/!three!dots!labs/watermill@v1.4.6/message/router.go:460 +0x145
created by github.com/ThreeDotsLabs/watermill/message.(*Router).RunHandlers in goroutine 35445
	/Users/jace/go/pkg/mod/github.com/!three!dots!labs/watermill@v1.4.6/message/router.go:453 +0x606

goroutine 26410 [select]:
github.com/nats-io/nats%2ego.(*Conn).doReconnect(0xc0007c3808, {0x10a327f28, 0x10acedb30}, 0x0)
	/Users/jace/go/pkg/mod/github.com/nats-io/nats.go@v1.41.1/nats.go:2907 +0x41a
created by github.com/nats-io/nats%2ego.(*Conn).processOpErr in goroutine 22995
	/Users/jace/go/pkg/mod/github.com/nats-io/nats.go@v1.41.1/nats.go:3043 +0x2f3

goroutine 29984 [select, 2 minutes]:
github.com/nats-io/nats.go/jetstream.(*pullSubscription).pullMessages(0xc000878d80, {0xc001622100, 0x3e})
	/Users/jace/go/pkg/mod/github.com/nats-io/nats.go@v1.41.1/jetstream/pull.go:955 +0x91
created by github.com/nats-io/nats.go/jetstream.(*pullConsumer).Messages in goroutine 31164
	/Users/jace/go/pkg/mod/github.com/nats-io/nats.go@v1.41.1/jetstream/pull.go:534 +0x748

goroutine 19122 [select, 2 minutes]:
github.com/nats-io/nats.go/jetstream.(*pullSubscription).Next(0xc0014bec60)
	/Users/jace/go/pkg/mod/github.com/nats-io/nats.go@v1.41.1/jetstream/pull.go:589 +0x285
github.com/Black-And-White-Club/frolf-bot-shared/eventbus.(*eventBus).Subscribe.func1()
	/Users/jace/Documents/GitHub/frolf-bot-shared/eventbus/eventbus.go:326 +0x169
created by github.com/Black-And-White-Club/frolf-bot-shared/eventbus.(*eventBus).Subscribe in goroutine 18988
	/Users/jace/Documents/GitHub/frolf-bot-shared/eventbus/eventbus.go:315 +0xbf1

goroutine 27456 [chan receive, 2 minutes]:
github.com/ThreeDotsLabs/watermill/message.(*messageTransformSubscriberDecorator).Subscribe.func1()
	/Users/jace/go/pkg/mod/github.com/!three!dots!labs/watermill@v1.4.6/message/decorator.go:52 +0x85
created by github.com/ThreeDotsLabs/watermill/message.(*messageTransformSubscriberDecorator).Subscribe in goroutine 27088
	/Users/jace/go/pkg/mod/github.com/!three!dots!labs/watermill@v1.4.6/message/decorator.go:51 +0xc7

goroutine 19328 [select, 2 minutes]:
github.com/nats-io/nats.go/jetstream.(*pullConsumer).Messages.func2()
	/Users/jace/go/pkg/mod/github.com/nats-io/nats.go@v1.41.1/jetstream/pull.go:538 +0x68
created by github.com/nats-io/nats.go/jetstream.(*pullConsumer).Messages in goroutine 18988
	/Users/jace/go/pkg/mod/github.com/nats-io/nats.go@v1.41.1/jetstream/pull.go:536 +0x78a

goroutine 19186 [chan receive, 3 minutes]:
github.com/ThreeDotsLabs/watermill/message.(*handler).run(0xc000a71450, {0x10a337fa0, 0xc0007afd10}, {0xc0010c4180, 0x6, 0xc000808710?})
	/Users/jace/go/pkg/mod/github.com/!three!dots!labs/watermill@v1.4.6/message/router.go:645 +0x2b4
github.com/ThreeDotsLabs/watermill/message.(*Router).RunHandlers.func1()
	/Users/jace/go/pkg/mod/github.com/!three!dots!labs/watermill@v1.4.6/message/router.go:460 +0x145
created by github.com/ThreeDotsLabs/watermill/message.(*Router).RunHandlers in goroutine 18988
	/Users/jace/go/pkg/mod/github.com/!three!dots!labs/watermill@v1.4.6/message/router.go:453 +0x606

goroutine 19110 [select, 2 minutes]:
github.com/nats-io/nats.go/jetstream.(*pullSubscription).Next(0xc001208900)
	/Users/jace/go/pkg/mod/github.com/nats-io/nats.go@v1.41.1/jetstream/pull.go:589 +0x285
github.com/Black-And-White-Club/frolf-bot-shared/eventbus.(*eventBus).Subscribe.func1()
	/Users/jace/Documents/GitHub/frolf-bot-shared/eventbus/eventbus.go:326 +0x169
created by github.com/Black-And-White-Club/frolf-bot-shared/eventbus.(*eventBus).Subscribe in goroutine 18988
	/Users/jace/Documents/GitHub/frolf-bot-shared/eventbus/eventbus.go:315 +0xbf1

goroutine 27454 [select, 2 minutes]:
github.com/nats-io/nats.go/jetstream.(*pullConsumer).Messages.func2()
	/Users/jace/go/pkg/mod/github.com/nats-io/nats.go@v1.41.1/jetstream/pull.go:538 +0x68
created by github.com/nats-io/nats.go/jetstream.(*pullConsumer).Messages in goroutine 27088
	/Users/jace/go/pkg/mod/github.com/nats-io/nats.go@v1.41.1/jetstream/pull.go:536 +0x78a

goroutine 27414 [select, 2 minutes]:
github.com/nats-io/nats.go/jetstream.(*pullSubscription).Next(0xc001984a20)
	/Users/jace/go/pkg/mod/github.com/nats-io/nats.go@v1.41.1/jetstream/pull.go:589 +0x285
github.com/Black-And-White-Club/frolf-bot-shared/eventbus.(*eventBus).Subscribe.func1()
	/Users/jace/Documents/GitHub/frolf-bot-shared/eventbus/eventbus.go:326 +0x169
created by github.com/Black-And-White-Club/frolf-bot-shared/eventbus.(*eventBus).Subscribe in goroutine 27088
	/Users/jace/Documents/GitHub/frolf-bot-shared/eventbus/eventbus.go:315 +0xbf1

goroutine 31452 [select, 2 minutes]:
github.com/nats-io/nats.go/jetstream.(*pullConsumer).Messages.func2()
	/Users/jace/go/pkg/mod/github.com/nats-io/nats.go@v1.41.1/jetstream/pull.go:538 +0x68
created by github.com/nats-io/nats.go/jetstream.(*pullConsumer).Messages in goroutine 32049
	/Users/jace/go/pkg/mod/github.com/nats-io/nats.go@v1.41.1/jetstream/pull.go:536 +0x78a

goroutine 23008 [select, 2 minutes]:
github.com/nats-io/nats.go/jetstream.(*pullSubscription).pullMessages(0xc000879290, {0xc000b3bf80, 0x3e})
	/Users/jace/go/pkg/mod/github.com/nats-io/nats.go@v1.41.1/jetstream/pull.go:955 +0x91
created by github.com/nats-io/nats.go/jetstream.(*pullConsumer).Messages in goroutine 23038
	/Users/jace/go/pkg/mod/github.com/nats-io/nats.go@v1.41.1/jetstream/pull.go:534 +0x748

goroutine 19111 [chan receive, 3 minutes]:
github.com/ThreeDotsLabs/watermill/message.(*messageTransformSubscriberDecorator).Subscribe.func1()
	/Users/jace/go/pkg/mod/github.com/!three!dots!labs/watermill@v1.4.6/message/decorator.go:52 +0x85
created by github.com/ThreeDotsLabs/watermill/message.(*messageTransformSubscriberDecorator).Subscribe in goroutine 18988
	/Users/jace/go/pkg/mod/github.com/!three!dots!labs/watermill@v1.4.6/message/decorator.go:51 +0xc7

goroutine 18242 [select]:
github.com/nats-io/nats%2ego.(*Conn).doReconnect(0xc000d17108, {0x10a327f28, 0x10acedb30}, 0x0)
	/Users/jace/go/pkg/mod/github.com/nats-io/nats.go@v1.41.1/nats.go:2907 +0x41a
created by github.com/nats-io/nats%2ego.(*Conn).processOpErr in goroutine 14755
	/Users/jace/go/pkg/mod/github.com/nats-io/nats.go@v1.41.1/nats.go:3043 +0x2f3

goroutine 19267 [chan receive, 3 minutes]:
github.com/ThreeDotsLabs/watermill/message.(*handler).run(0xc000a712b0, {0x10a337fa0, 0xc000813720}, {0xc000e82d80, 0x6, 0x0?})
	/Users/jace/go/pkg/mod/github.com/!three!dots!labs/watermill@v1.4.6/message/router.go:645 +0x2b4
github.com/ThreeDotsLabs/watermill/message.(*Router).RunHandlers.func1()
	/Users/jace/go/pkg/mod/github.com/!three!dots!labs/watermill@v1.4.6/message/router.go:460 +0x145
created by github.com/ThreeDotsLabs/watermill/message.(*Router).RunHandlers in goroutine 18988
	/Users/jace/go/pkg/mod/github.com/!three!dots!labs/watermill@v1.4.6/message/router.go:453 +0x606

goroutine 27206 [select, 2 minutes]:
github.com/nats-io/nats.go/jetstream.(*pullSubscription).Next(0xc00055b3b0)
	/Users/jace/go/pkg/mod/github.com/nats-io/nats.go@v1.41.1/jetstream/pull.go:589 +0x285
github.com/Black-And-White-Club/frolf-bot-shared/eventbus.(*eventBus).Subscribe.func1()
	/Users/jace/Documents/GitHub/frolf-bot-shared/eventbus/eventbus.go:326 +0x169
created by github.com/Black-And-White-Club/frolf-bot-shared/eventbus.(*eventBus).Subscribe in goroutine 27088
	/Users/jace/Documents/GitHub/frolf-bot-shared/eventbus/eventbus.go:315 +0xbf1

goroutine 18210 [sync.WaitGroup.Wait, 3 minutes]:
sync.runtime_SemacquireWaitGroup(0xc001038850?)
	/usr/local/Cellar/go/1.24.2/libexec/src/runtime/sema.go:110 +0x25
sync.(*WaitGroup).Wait(0xc0011f5f40?)
	/usr/local/Cellar/go/1.24.2/libexec/src/sync/waitgroup.go:118 +0x48
github.com/ThreeDotsLabs/watermill/message.(*Router).waitForHandlers.func1()
	/Users/jace/go/pkg/mod/github.com/!three!dots!labs/watermill@v1.4.6/message/router.go:579 +0x4b
created by github.com/ThreeDotsLabs/watermill/message.(*Router).waitForHandlers in goroutine 14000
	/Users/jace/go/pkg/mod/github.com/!three!dots!labs/watermill@v1.4.6/message/router.go:577 +0x87

goroutine 33101 [sync.Cond.Wait, 2 minutes]:
sync.runtime_notifyListWait(0xc001276050, 0x0)
	/usr/local/Cellar/go/1.24.2/libexec/src/runtime/sema.go:597 +0x159
sync.(*Cond).Wait(0x100000001?)
	/usr/local/Cellar/go/1.24.2/libexec/src/sync/cond.go:71 +0x85
github.com/nats-io/nats%2ego.(*asyncCallbacksHandler).asyncCBDispatcher(0xc000466560)
	/Users/jace/go/pkg/mod/github.com/nats-io/nats.go@v1.41.1/nats.go:3059 +0xdd
created by github.com/nats-io/nats%2ego.Options.Connect in goroutine 32603
	/Users/jace/go/pkg/mod/github.com/nats-io/nats.go@v1.41.1/nats.go:1635 +0x387

goroutine 19065 [chan receive, 3 minutes]:
github.com/ThreeDotsLabs/watermill/message.(*handler).run(0xc00111f930, {0x10a337fa0, 0xc000c82820}, {0xc0010c40c0, 0x6, 0xc000d8f778?})
	/Users/jace/go/pkg/mod/github.com/!three!dots!labs/watermill@v1.4.6/message/router.go:645 +0x2b4
github.com/ThreeDotsLabs/watermill/message.(*Router).RunHandlers.func1()
	/Users/jace/go/pkg/mod/github.com/!three!dots!labs/watermill@v1.4.6/message/router.go:460 +0x145
created by github.com/ThreeDotsLabs/watermill/message.(*Router).RunHandlers in goroutine 18988
	/Users/jace/go/pkg/mod/github.com/!three!dots!labs/watermill@v1.4.6/message/router.go:453 +0x606

goroutine 18958 [chan receive, 3 minutes]:
github.com/ThreeDotsLabs/watermill/message.(*messageTransformSubscriberDecorator).Subscribe.func1()
	/Users/jace/go/pkg/mod/github.com/!three!dots!labs/watermill@v1.4.6/message/decorator.go:52 +0x85
created by github.com/ThreeDotsLabs/watermill/message.(*messageTransformSubscriberDecorator).Subscribe in goroutine 18988
	/Users/jace/go/pkg/mod/github.com/!three!dots!labs/watermill@v1.4.6/message/decorator.go:51 +0xc7

goroutine 18995 [select, 2 minutes]:
github.com/nats-io/nats.go/jetstream.(*pullConsumer).Messages.func2()
	/Users/jace/go/pkg/mod/github.com/nats-io/nats.go@v1.41.1/jetstream/pull.go:538 +0x68
created by github.com/nats-io/nats.go/jetstream.(*pullConsumer).Messages in goroutine 18988
	/Users/jace/go/pkg/mod/github.com/nats-io/nats.go@v1.41.1/jetstream/pull.go:536 +0x78a

goroutine 23289 [select, 2 minutes]:
github.com/nats-io/nats.go/jetstream.(*pullSubscription).pullMessages(0xc000c32090, {0xc0008b3810, 0x47})
	/Users/jace/go/pkg/mod/github.com/nats-io/nats.go@v1.41.1/jetstream/pull.go:955 +0x91
created by github.com/nats-io/nats.go/jetstream.(*pullConsumer).Messages in goroutine 23038
	/Users/jace/go/pkg/mod/github.com/nats-io/nats.go@v1.41.1/jetstream/pull.go:534 +0x748

goroutine 23513 [select, 2 minutes]:
github.com/nats-io/nats.go/jetstream.(*pullSubscription).Next(0xc001278870)
	/Users/jace/go/pkg/mod/github.com/nats-io/nats.go@v1.41.1/jetstream/pull.go:589 +0x285
github.com/Black-And-White-Club/frolf-bot-shared/eventbus.(*eventBus).Subscribe.func1()
	/Users/jace/Documents/GitHub/frolf-bot-shared/eventbus/eventbus.go:326 +0x169
created by github.com/Black-And-White-Club/frolf-bot-shared/eventbus.(*eventBus).Subscribe in goroutine 23038
	/Users/jace/Documents/GitHub/frolf-bot-shared/eventbus/eventbus.go:315 +0xbf1

goroutine 27194 [chan receive, 2 minutes]:
github.com/ThreeDotsLabs/watermill/message.(*messageTransformSubscriberDecorator).Subscribe.func1()
	/Users/jace/go/pkg/mod/github.com/!three!dots!labs/watermill@v1.4.6/message/decorator.go:52 +0x85
created by github.com/ThreeDotsLabs/watermill/message.(*messageTransformSubscriberDecorator).Subscribe in goroutine 27088
	/Users/jace/go/pkg/mod/github.com/!three!dots!labs/watermill@v1.4.6/message/decorator.go:51 +0xc7

goroutine 16816 [select, 3 minutes]:
github.com/nats-io/nats.go/jetstream.(*pullSubscription).pullMessages(0xc0014bec60, {0xc0007540f0, 0x45})
	/Users/jace/go/pkg/mod/github.com/nats-io/nats.go@v1.41.1/jetstream/pull.go:955 +0x91
created by github.com/nats-io/nats.go/jetstream.(*pullConsumer).Messages in goroutine 18988
	/Users/jace/go/pkg/mod/github.com/nats-io/nats.go@v1.41.1/jetstream/pull.go:534 +0x748

goroutine 27204 [select, 2 minutes]:
github.com/nats-io/nats.go/jetstream.(*pullSubscription).pullMessages(0xc00055b3b0, {0xc00004e4b0, 0x45})
	/Users/jace/go/pkg/mod/github.com/nats-io/nats.go@v1.41.1/jetstream/pull.go:955 +0x91
created by github.com/nats-io/nats.go/jetstream.(*pullConsumer).Messages in goroutine 27088
	/Users/jace/go/pkg/mod/github.com/nats-io/nats.go@v1.41.1/jetstream/pull.go:534 +0x748

goroutine 23342 [select, 2 minutes]:
github.com/nats-io/nats.go/jetstream.(*pullSubscription).Next(0xc001208990)
	/Users/jace/go/pkg/mod/github.com/nats-io/nats.go@v1.41.1/jetstream/pull.go:589 +0x285
github.com/Black-And-White-Club/frolf-bot-shared/eventbus.(*eventBus).Subscribe.func1()
	/Users/jace/Documents/GitHub/frolf-bot-shared/eventbus/eventbus.go:326 +0x169
created by github.com/Black-And-White-Club/frolf-bot-shared/eventbus.(*eventBus).Subscribe in goroutine 23038
	/Users/jace/Documents/GitHub/frolf-bot-shared/eventbus/eventbus.go:315 +0xbf1

goroutine 32065 [select, 2 minutes]:
github.com/nats-io/nats.go/jetstream.(*pullConsumer).Messages.func2()
	/Users/jace/go/pkg/mod/github.com/nats-io/nats.go@v1.41.1/jetstream/pull.go:538 +0x68
created by github.com/nats-io/nats.go/jetstream.(*pullConsumer).Messages in goroutine 32049
	/Users/jace/go/pkg/mod/github.com/nats-io/nats.go@v1.41.1/jetstream/pull.go:536 +0x78a

goroutine 23160 [select, 2 minutes]:
github.com/nats-io/nats.go/jetstream.(*pullSubscription).Next(0xc000ba39e0)
	/Users/jace/go/pkg/mod/github.com/nats-io/nats.go@v1.41.1/jetstream/pull.go:589 +0x285
github.com/Black-And-White-Club/frolf-bot-shared/eventbus.(*eventBus).Subscribe.func1()
	/Users/jace/Documents/GitHub/frolf-bot-shared/eventbus/eventbus.go:326 +0x169
created by github.com/Black-And-White-Club/frolf-bot-shared/eventbus.(*eventBus).Subscribe in goroutine 23038
	/Users/jace/Documents/GitHub/frolf-bot-shared/eventbus/eventbus.go:315 +0xbf1

goroutine 23340 [select, 2 minutes]:
github.com/nats-io/nats.go/jetstream.(*pullSubscription).pullMessages(0xc001208990, {0xc0005fc080, 0x40})
	/Users/jace/go/pkg/mod/github.com/nats-io/nats.go@v1.41.1/jetstream/pull.go:955 +0x91
created by github.com/nats-io/nats.go/jetstream.(*pullConsumer).Messages in goroutine 23038
	/Users/jace/go/pkg/mod/github.com/nats-io/nats.go@v1.41.1/jetstream/pull.go:534 +0x748

goroutine 23490 [chan receive, 2 minutes]:
github.com/ThreeDotsLabs/watermill/message.(*handler).run(0xc00046d2b0, {0x10a337fa0, 0xc000366e10}, {0xc00062a0c0, 0x6, 0xc0015c6860?})
	/Users/jace/go/pkg/mod/github.com/!three!dots!labs/watermill@v1.4.6/message/router.go:645 +0x2b4
github.com/ThreeDotsLabs/watermill/message.(*Router).RunHandlers.func1()
	/Users/jace/go/pkg/mod/github.com/!three!dots!labs/watermill@v1.4.6/message/router.go:460 +0x145
created by github.com/ThreeDotsLabs/watermill/message.(*Router).RunHandlers in goroutine 23038
	/Users/jace/go/pkg/mod/github.com/!three!dots!labs/watermill@v1.4.6/message/router.go:453 +0x606

goroutine 37066 [select, 2 minutes]:
github.com/nats-io/nats.go/jetstream.(*pullConsumer).Messages.func2()
	/Users/jace/go/pkg/mod/github.com/nats-io/nats.go@v1.41.1/jetstream/pull.go:538 +0x68
created by github.com/nats-io/nats.go/jetstream.(*pullConsumer).Messages in goroutine 36760
	/Users/jace/go/pkg/mod/github.com/nats-io/nats.go@v1.41.1/jetstream/pull.go:536 +0x78a

goroutine 19362 [select, 2 minutes]:
github.com/nats-io/nats.go/jetstream.(*pullConsumer).Messages.func2()
	/Users/jace/go/pkg/mod/github.com/nats-io/nats.go@v1.41.1/jetstream/pull.go:538 +0x68
created by github.com/nats-io/nats.go/jetstream.(*pullConsumer).Messages in goroutine 18988
	/Users/jace/go/pkg/mod/github.com/nats-io/nats.go@v1.41.1/jetstream/pull.go:536 +0x78a

goroutine 31263 [select, 2 minutes]:
github.com/nats-io/nats.go/jetstream.(*pullConsumer).Messages.func2()
	/Users/jace/go/pkg/mod/github.com/nats-io/nats.go@v1.41.1/jetstream/pull.go:538 +0x68
created by github.com/nats-io/nats.go/jetstream.(*pullConsumer).Messages in goroutine 31164
	/Users/jace/go/pkg/mod/github.com/nats-io/nats.go@v1.41.1/jetstream/pull.go:536 +0x78a

goroutine 41801 [select, 1 minutes]:
github.com/nats-io/nats.go/jetstream.(*pullConsumer).Messages.func2()
	/Users/jace/go/pkg/mod/github.com/nats-io/nats.go@v1.41.1/jetstream/pull.go:538 +0x68
created by github.com/nats-io/nats.go/jetstream.(*pullConsumer).Messages in goroutine 41277
	/Users/jace/go/pkg/mod/github.com/nats-io/nats.go@v1.41.1/jetstream/pull.go:536 +0x78a

goroutine 34222 [select, 2 minutes]:
github.com/nats-io/nats.go/jetstream.(*pullSubscription).pullMessages(0xc001c0ce10, {0xc0018a6000, 0x45})
	/Users/jace/go/pkg/mod/github.com/nats-io/nats.go@v1.41.1/jetstream/pull.go:955 +0x91
created by github.com/nats-io/nats.go/jetstream.(*pullConsumer).Messages in goroutine 34180
	/Users/jace/go/pkg/mod/github.com/nats-io/nats.go@v1.41.1/jetstream/pull.go:534 +0x748

goroutine 19239 [select, 2 minutes]:
github.com/nats-io/nats.go/jetstream.(*pullSubscription).Next(0xc0014bf680)
	/Users/jace/go/pkg/mod/github.com/nats-io/nats.go@v1.41.1/jetstream/pull.go:589 +0x285
github.com/Black-And-White-Club/frolf-bot-shared/eventbus.(*eventBus).Subscribe.func1()
	/Users/jace/Documents/GitHub/frolf-bot-shared/eventbus/eventbus.go:326 +0x169
created by github.com/Black-And-White-Club/frolf-bot-shared/eventbus.(*eventBus).Subscribe in goroutine 18988
	/Users/jace/Documents/GitHub/frolf-bot-shared/eventbus/eventbus.go:315 +0xbf1

goroutine 19109 [select, 2 minutes]:
github.com/nats-io/nats.go/jetstream.(*pullConsumer).Messages.func2()
	/Users/jace/go/pkg/mod/github.com/nats-io/nats.go@v1.41.1/jetstream/pull.go:538 +0x68
created by github.com/nats-io/nats.go/jetstream.(*pullConsumer).Messages in goroutine 18988
	/Users/jace/go/pkg/mod/github.com/nats-io/nats.go@v1.41.1/jetstream/pull.go:536 +0x78a

goroutine 26450 [select]:
github.com/nats-io/nats%2ego.(*Conn).doReconnect(0xc001402008, {0x10a327f28, 0x10acedb30}, 0x0)
	/Users/jace/go/pkg/mod/github.com/nats-io/nats.go@v1.41.1/nats.go:2907 +0x41a
created by github.com/nats-io/nats%2ego.(*Conn).processOpErr in goroutine 22954
	/Users/jace/go/pkg/mod/github.com/nats-io/nats.go@v1.41.1/nats.go:3043 +0x2f3

goroutine 19329 [select, 2 minutes]:
github.com/nats-io/nats.go/jetstream.(*pullSubscription).Next(0xc000a83b90)
	/Users/jace/go/pkg/mod/github.com/nats-io/nats.go@v1.41.1/jetstream/pull.go:589 +0x285
github.com/Black-And-White-Club/frolf-bot-shared/eventbus.(*eventBus).Subscribe.func1()
	/Users/jace/Documents/GitHub/frolf-bot-shared/eventbus/eventbus.go:326 +0x169
created by github.com/Black-And-White-Club/frolf-bot-shared/eventbus.(*eventBus).Subscribe in goroutine 18988
	/Users/jace/Documents/GitHub/frolf-bot-shared/eventbus/eventbus.go:315 +0xbf1

goroutine 19178 [select, 3 minutes]:
github.com/nats-io/nats.go/jetstream.(*pullSubscription).pullMessages(0xc0012821b0, {0xc000254640, 0x45})
	/Users/jace/go/pkg/mod/github.com/nats-io/nats.go@v1.41.1/jetstream/pull.go:955 +0x91
created by github.com/nats-io/nats.go/jetstream.(*pullConsumer).Messages in goroutine 18988
	/Users/jace/go/pkg/mod/github.com/nats-io/nats.go@v1.41.1/jetstream/pull.go:534 +0x748

goroutine 19002 [select, 2 minutes]:
github.com/nats-io/nats.go/jetstream.(*pullSubscription).Next(0xc0004b93b0)
	/Users/jace/go/pkg/mod/github.com/nats-io/nats.go@v1.41.1/jetstream/pull.go:589 +0x285
github.com/Black-And-White-Club/frolf-bot-shared/eventbus.(*eventBus).Subscribe.func1()
	/Users/jace/Documents/GitHub/frolf-bot-shared/eventbus/eventbus.go:326 +0x169
created by github.com/Black-And-White-Club/frolf-bot-shared/eventbus.(*eventBus).Subscribe in goroutine 18988
	/Users/jace/Documents/GitHub/frolf-bot-shared/eventbus/eventbus.go:315 +0xbf1

goroutine 19001 [select, 2 minutes]:
github.com/nats-io/nats.go/jetstream.(*pullConsumer).Messages.func2()
	/Users/jace/go/pkg/mod/github.com/nats-io/nats.go@v1.41.1/jetstream/pull.go:538 +0x68
created by github.com/nats-io/nats.go/jetstream.(*pullConsumer).Messages in goroutine 18988
	/Users/jace/go/pkg/mod/github.com/nats-io/nats.go@v1.41.1/jetstream/pull.go:536 +0x78a

goroutine 19134 [select, 3 minutes]:
github.com/nats-io/nats.go/jetstream.(*pullSubscription).pullMessages(0xc0007b33b0, {0xc0005e8500, 0x4d})
	/Users/jace/go/pkg/mod/github.com/nats-io/nats.go@v1.41.1/jetstream/pull.go:955 +0x91
created by github.com/nats-io/nats.go/jetstream.(*pullConsumer).Messages in goroutine 18988
	/Users/jace/go/pkg/mod/github.com/nats-io/nats.go@v1.41.1/jetstream/pull.go:534 +0x748

goroutine 23218 [chan receive, 2 minutes]:
github.com/ThreeDotsLabs/watermill/message.(*handler).run(0xc001410680, {0x10a337fa0, 0xc001531310}, {0xc0014dc240, 0x6, 0x4?})
	/Users/jace/go/pkg/mod/github.com/!three!dots!labs/watermill@v1.4.6/message/router.go:645 +0x2b4
github.com/ThreeDotsLabs/watermill/message.(*Router).RunHandlers.func1()
	/Users/jace/go/pkg/mod/github.com/!three!dots!labs/watermill@v1.4.6/message/router.go:460 +0x145
created by github.com/ThreeDotsLabs/watermill/message.(*Router).RunHandlers in goroutine 23038
	/Users/jace/go/pkg/mod/github.com/!three!dots!labs/watermill@v1.4.6/message/router.go:453 +0x606

goroutine 31202 [select, 2 minutes]:
github.com/nats-io/nats.go/jetstream.(*pullSubscription).Next(0xc000878d80)
	/Users/jace/go/pkg/mod/github.com/nats-io/nats.go@v1.41.1/jetstream/pull.go:589 +0x285
github.com/Black-And-White-Club/frolf-bot-shared/eventbus.(*eventBus).Subscribe.func1()
	/Users/jace/Documents/GitHub/frolf-bot-shared/eventbus/eventbus.go:326 +0x169
created by github.com/Black-And-White-Club/frolf-bot-shared/eventbus.(*eventBus).Subscribe in goroutine 31164
	/Users/jace/Documents/GitHub/frolf-bot-shared/eventbus/eventbus.go:315 +0xbf1

goroutine 19130 [chan receive, 3 minutes]:
github.com/ThreeDotsLabs/watermill/message.(*messageTransformSubscriberDecorator).Subscribe.func1()
	/Users/jace/go/pkg/mod/github.com/!three!dots!labs/watermill@v1.4.6/message/decorator.go:52 +0x85
created by github.com/ThreeDotsLabs/watermill/message.(*messageTransformSubscriberDecorator).Subscribe in goroutine 18988
	/Users/jace/go/pkg/mod/github.com/!three!dots!labs/watermill@v1.4.6/message/decorator.go:51 +0xc7

goroutine 31293 [chan receive, 2 minutes]:
github.com/ThreeDotsLabs/watermill/message.(*handler).run(0xc0014a5790, {0x10a337fa0, 0xc0010b85f0}, {0xc0012defc0, 0x6, 0xc00178bf78?})
	/Users/jace/go/pkg/mod/github.com/!three!dots!labs/watermill@v1.4.6/message/router.go:645 +0x2b4
github.com/ThreeDotsLabs/watermill/message.(*Router).RunHandlers.func1()
	/Users/jace/go/pkg/mod/github.com/!three!dots!labs/watermill@v1.4.6/message/router.go:460 +0x145
created by github.com/ThreeDotsLabs/watermill/message.(*Router).RunHandlers in goroutine 31164
	/Users/jace/go/pkg/mod/github.com/!three!dots!labs/watermill@v1.4.6/message/router.go:453 +0x606

goroutine 27588 [chan receive, 2 minutes]:
github.com/ThreeDotsLabs/watermill/message.(*messageTransformSubscriberDecorator).Subscribe.func1()
	/Users/jace/go/pkg/mod/github.com/!three!dots!labs/watermill@v1.4.6/message/decorator.go:52 +0x85
created by github.com/ThreeDotsLabs/watermill/message.(*messageTransformSubscriberDecorator).Subscribe in goroutine 27088
	/Users/jace/go/pkg/mod/github.com/!three!dots!labs/watermill@v1.4.6/message/decorator.go:51 +0xc7

goroutine 32060 [chan receive, 2 minutes]:
github.com/ThreeDotsLabs/watermill/message.(*messageTransformSubscriberDecorator).Subscribe.func1()
	/Users/jace/go/pkg/mod/github.com/!three!dots!labs/watermill@v1.4.6/message/decorator.go:52 +0x85
created by github.com/ThreeDotsLabs/watermill/message.(*messageTransformSubscriberDecorator).Subscribe in goroutine 32049
	/Users/jace/go/pkg/mod/github.com/!three!dots!labs/watermill@v1.4.6/message/decorator.go:51 +0xc7

goroutine 19123 [chan receive, 3 minutes]:
github.com/ThreeDotsLabs/watermill/message.(*messageTransformSubscriberDecorator).Subscribe.func1()
	/Users/jace/go/pkg/mod/github.com/!three!dots!labs/watermill@v1.4.6/message/decorator.go:52 +0x85
created by github.com/ThreeDotsLabs/watermill/message.(*messageTransformSubscriberDecorator).Subscribe in goroutine 18988
	/Users/jace/go/pkg/mod/github.com/!three!dots!labs/watermill@v1.4.6/message/decorator.go:51 +0xc7

goroutine 18994 [select, 3 minutes]:
github.com/nats-io/nats.go/jetstream.(*pullSubscription).pullMessages(0xc0004b8b40, {0xc0008b2e10, 0x4f})
	/Users/jace/go/pkg/mod/github.com/nats-io/nats.go@v1.41.1/jetstream/pull.go:955 +0x91
created by github.com/nats-io/nats.go/jetstream.(*pullConsumer).Messages in goroutine 18988
	/Users/jace/go/pkg/mod/github.com/nats-io/nats.go@v1.41.1/jetstream/pull.go:534 +0x748

goroutine 27148 [select, 2 minutes]:
github.com/nats-io/nats.go/jetstream.(*pullConsumer).Messages.func2()
	/Users/jace/go/pkg/mod/github.com/nats-io/nats.go@v1.41.1/jetstream/pull.go:538 +0x68
created by github.com/nats-io/nats.go/jetstream.(*pullConsumer).Messages in goroutine 27088
	/Users/jace/go/pkg/mod/github.com/nats-io/nats.go@v1.41.1/jetstream/pull.go:536 +0x78a

goroutine 18922 [sync.Cond.Wait, 3 minutes]:
sync.runtime_notifyListWait(0xc001203e90, 0x40)
	/usr/local/Cellar/go/1.24.2/libexec/src/runtime/sema.go:597 +0x159
sync.(*Cond).Wait(0x0?)
	/usr/local/Cellar/go/1.24.2/libexec/src/sync/cond.go:71 +0x85
github.com/nats-io/nats%2ego.(*Conn).waitForMsgs(0xc0002d2e08, 0xc0007ea690)
	/Users/jace/go/pkg/mod/github.com/nats-io/nats.go@v1.41.1/nats.go:3178 +0xc5
created by github.com/nats-io/nats%2ego.(*Conn).subscribeLocked in goroutine 18245
	/Users/jace/go/pkg/mod/github.com/nats-io/nats.go@v1.41.1/nats.go:4468 +0x419

goroutine 32170 [select, 2 minutes]:
github.com/nats-io/nats.go/jetstream.(*pullSubscription).Next(0xc0013b1dd0)
	/Users/jace/go/pkg/mod/github.com/nats-io/nats.go@v1.41.1/jetstream/pull.go:589 +0x285
github.com/Black-And-White-Club/frolf-bot-shared/eventbus.(*eventBus).Subscribe.func1()
	/Users/jace/Documents/GitHub/frolf-bot-shared/eventbus/eventbus.go:326 +0x169
created by github.com/Black-And-White-Club/frolf-bot-shared/eventbus.(*eventBus).Subscribe in goroutine 32049
	/Users/jace/Documents/GitHub/frolf-bot-shared/eventbus/eventbus.go:315 +0xbf1

goroutine 19151 [select, 2 minutes]:
github.com/nats-io/nats.go/jetstream.(*pullConsumer).Messages.func2()
	/Users/jace/go/pkg/mod/github.com/nats-io/nats.go@v1.41.1/jetstream/pull.go:538 +0x68
created by github.com/nats-io/nats.go/jetstream.(*pullConsumer).Messages in goroutine 18988
	/Users/jace/go/pkg/mod/github.com/nats-io/nats.go@v1.41.1/jetstream/pull.go:536 +0x78a

goroutine 22959 [select, 2 minutes]:
github.com/nats-io/nats.go/jetstream.(*pullSubscription).pullMessages(0xc000ba27e0, {0xc000f53b60, 0x55})
	/Users/jace/go/pkg/mod/github.com/nats-io/nats.go@v1.41.1/jetstream/pull.go:955 +0x91
created by github.com/nats-io/nats.go/jetstream.(*pullConsumer).Messages in goroutine 23038
	/Users/jace/go/pkg/mod/github.com/nats-io/nats.go@v1.41.1/jetstream/pull.go:534 +0x748

goroutine 23196 [select, 2 minutes]:
github.com/nats-io/nats.go/jetstream.(*pullSubscription).pullMessages(0xc0007c4cf0, {0xc0011866c0, 0x52})
	/Users/jace/go/pkg/mod/github.com/nats-io/nats.go@v1.41.1/jetstream/pull.go:955 +0x91
created by github.com/nats-io/nats.go/jetstream.(*pullConsumer).Messages in goroutine 23038
	/Users/jace/go/pkg/mod/github.com/nats-io/nats.go@v1.41.1/jetstream/pull.go:534 +0x748

goroutine 23305 [select, 2 minutes]:
github.com/nats-io/nats.go/jetstream.(*pullSubscription).Next(0xc000b89710)
	/Users/jace/go/pkg/mod/github.com/nats-io/nats.go@v1.41.1/jetstream/pull.go:589 +0x285
github.com/Black-And-White-Club/frolf-bot-shared/eventbus.(*eventBus).Subscribe.func1()
	/Users/jace/Documents/GitHub/frolf-bot-shared/eventbus/eventbus.go:326 +0x169
created by github.com/Black-And-White-Club/frolf-bot-shared/eventbus.(*eventBus).Subscribe in goroutine 23038
	/Users/jace/Documents/GitHub/frolf-bot-shared/eventbus/eventbus.go:315 +0xbf1

goroutine 39104 [select, 1 minutes]:
github.com/nats-io/nats.go/jetstream.(*pullSubscription).pullMessages(0xc0018375f0, {0xc001a3d860, 0x55})
	/Users/jace/go/pkg/mod/github.com/nats-io/nats.go@v1.41.1/jetstream/pull.go:955 +0x91
created by github.com/nats-io/nats.go/jetstream.(*pullConsumer).Messages in goroutine 38959
	/Users/jace/go/pkg/mod/github.com/nats-io/nats.go@v1.41.1/jetstream/pull.go:534 +0x748

goroutine 27494 [chan receive, 2 minutes]:
github.com/ThreeDotsLabs/watermill/message.(*messageTransformSubscriberDecorator).Subscribe.func1()
	/Users/jace/go/pkg/mod/github.com/!three!dots!labs/watermill@v1.4.6/message/decorator.go:52 +0x85
created by github.com/ThreeDotsLabs/watermill/message.(*messageTransformSubscriberDecorator).Subscribe in goroutine 27088
	/Users/jace/go/pkg/mod/github.com/!three!dots!labs/watermill@v1.4.6/message/decorator.go:51 +0xc7

goroutine 16817 [select, 2 minutes]:
github.com/nats-io/nats.go/jetstream.(*pullConsumer).Messages.func2()
	/Users/jace/go/pkg/mod/github.com/nats-io/nats.go@v1.41.1/jetstream/pull.go:538 +0x68
created by github.com/nats-io/nats.go/jetstream.(*pullConsumer).Messages in goroutine 18988
	/Users/jace/go/pkg/mod/github.com/nats-io/nats.go@v1.41.1/jetstream/pull.go:536 +0x78a

goroutine 19145 [select, 2 minutes]:
github.com/nats-io/nats.go/jetstream.(*pullConsumer).Messages.func2()
	/Users/jace/go/pkg/mod/github.com/nats-io/nats.go@v1.41.1/jetstream/pull.go:538 +0x68
created by github.com/nats-io/nats.go/jetstream.(*pullConsumer).Messages in goroutine 18988
	/Users/jace/go/pkg/mod/github.com/nats-io/nats.go@v1.41.1/jetstream/pull.go:536 +0x78a

goroutine 33284 [chan receive, 2 minutes]:
github.com/ThreeDotsLabs/watermill/message.(*messageTransformSubscriberDecorator).Subscribe.func1()
	/Users/jace/go/pkg/mod/github.com/!three!dots!labs/watermill@v1.4.6/message/decorator.go:52 +0x85
created by github.com/ThreeDotsLabs/watermill/message.(*messageTransformSubscriberDecorator).Subscribe in goroutine 33200
	/Users/jace/go/pkg/mod/github.com/!three!dots!labs/watermill@v1.4.6/message/decorator.go:51 +0xc7

goroutine 23306 [chan receive, 2 minutes]:
github.com/ThreeDotsLabs/watermill/message.(*messageTransformSubscriberDecorator).Subscribe.func1()
	/Users/jace/go/pkg/mod/github.com/!three!dots!labs/watermill@v1.4.6/message/decorator.go:52 +0x85
created by github.com/ThreeDotsLabs/watermill/message.(*messageTransformSubscriberDecorator).Subscribe in goroutine 23038
	/Users/jace/go/pkg/mod/github.com/!three!dots!labs/watermill@v1.4.6/message/decorator.go:51 +0xc7

goroutine 27390 [chan receive, 2 minutes]:
github.com/ThreeDotsLabs/watermill/message.(*messageTransformSubscriberDecorator).Subscribe.func1()
	/Users/jace/go/pkg/mod/github.com/!three!dots!labs/watermill@v1.4.6/message/decorator.go:52 +0x85
created by github.com/ThreeDotsLabs/watermill/message.(*messageTransformSubscriberDecorator).Subscribe in goroutine 27088
	/Users/jace/go/pkg/mod/github.com/!three!dots!labs/watermill@v1.4.6/message/decorator.go:51 +0xc7

goroutine 19003 [chan receive, 3 minutes]:
github.com/ThreeDotsLabs/watermill/message.(*messageTransformSubscriberDecorator).Subscribe.func1()
	/Users/jace/go/pkg/mod/github.com/!three!dots!labs/watermill@v1.4.6/message/decorator.go:52 +0x85
created by github.com/ThreeDotsLabs/watermill/message.(*messageTransformSubscriberDecorator).Subscribe in goroutine 18988
	/Users/jace/go/pkg/mod/github.com/!three!dots!labs/watermill@v1.4.6/message/decorator.go:51 +0xc7

goroutine 19127 [select, 3 minutes]:
github.com/nats-io/nats.go/jetstream.(*pullSubscription).pullMessages(0xc0007b2870, {0xc0005e8370, 0x4b})
	/Users/jace/go/pkg/mod/github.com/nats-io/nats.go@v1.41.1/jetstream/pull.go:955 +0x91
created by github.com/nats-io/nats.go/jetstream.(*pullConsumer).Messages in goroutine 18988
	/Users/jace/go/pkg/mod/github.com/nats-io/nats.go@v1.41.1/jetstream/pull.go:534 +0x748

goroutine 19153 [chan receive, 3 minutes]:
github.com/ThreeDotsLabs/watermill/message.(*messageTransformSubscriberDecorator).Subscribe.func1()
	/Users/jace/go/pkg/mod/github.com/!three!dots!labs/watermill@v1.4.6/message/decorator.go:52 +0x85
created by github.com/ThreeDotsLabs/watermill/message.(*messageTransformSubscriberDecorator).Subscribe in goroutine 18988
	/Users/jace/go/pkg/mod/github.com/!three!dots!labs/watermill@v1.4.6/message/decorator.go:51 +0xc7

goroutine 19322 [select, 2 minutes]:
github.com/nats-io/nats.go/jetstream.(*pullConsumer).Messages.func2()
	/Users/jace/go/pkg/mod/github.com/nats-io/nats.go@v1.41.1/jetstream/pull.go:538 +0x68
created by github.com/nats-io/nats.go/jetstream.(*pullConsumer).Messages in goroutine 18988
	/Users/jace/go/pkg/mod/github.com/nats-io/nats.go@v1.41.1/jetstream/pull.go:536 +0x78a

goroutine 32066 [select, 2 minutes]:
github.com/nats-io/nats.go/jetstream.(*pullSubscription).pullMessages(0xc0013b0e10, {0xc00113a600, 0x3f})
	/Users/jace/go/pkg/mod/github.com/nats-io/nats.go@v1.41.1/jetstream/pull.go:955 +0x91
created by github.com/nats-io/nats.go/jetstream.(*pullConsumer).Messages in goroutine 32049
	/Users/jace/go/pkg/mod/github.com/nats-io/nats.go@v1.41.1/jetstream/pull.go:534 +0x748

goroutine 23606 [select, 2 minutes]:
github.com/nats-io/nats.go/jetstream.(*pullSubscription).pullMessages(0xc001043d40, {0xc0017e8c60, 0x56})
	/Users/jace/go/pkg/mod/github.com/nats-io/nats.go@v1.41.1/jetstream/pull.go:955 +0x91
created by github.com/nats-io/nats.go/jetstream.(*pullConsumer).Messages in goroutine 23038
	/Users/jace/go/pkg/mod/github.com/nats-io/nats.go@v1.41.1/jetstream/pull.go:534 +0x748

goroutine 31267 [select, 2 minutes]:
github.com/nats-io/nats.go/jetstream.(*pullSubscription).pullMessages(0xc00113f830, {0xc0005e9590, 0x45})
	/Users/jace/go/pkg/mod/github.com/nats-io/nats.go@v1.41.1/jetstream/pull.go:955 +0x91
created by github.com/nats-io/nats.go/jetstream.(*pullConsumer).Messages in goroutine 31164
	/Users/jace/go/pkg/mod/github.com/nats-io/nats.go@v1.41.1/jetstream/pull.go:534 +0x748

goroutine 19129 [select, 2 minutes]:
github.com/nats-io/nats.go/jetstream.(*pullSubscription).Next(0xc0007b2870)
	/Users/jace/go/pkg/mod/github.com/nats-io/nats.go@v1.41.1/jetstream/pull.go:589 +0x285
github.com/Black-And-White-Club/frolf-bot-shared/eventbus.(*eventBus).Subscribe.func1()
	/Users/jace/Documents/GitHub/frolf-bot-shared/eventbus/eventbus.go:326 +0x169
created by github.com/Black-And-White-Club/frolf-bot-shared/eventbus.(*eventBus).Subscribe in goroutine 18988
	/Users/jace/Documents/GitHub/frolf-bot-shared/eventbus/eventbus.go:315 +0xbf1

goroutine 23610 [chan receive, 2 minutes]:
github.com/ThreeDotsLabs/watermill/message.(*handler).run(0xc0014105b0, {0x10a337fa0, 0xc0009b6c30}, {0xc00078a780, 0x6, 0x0?})
	/Users/jace/go/pkg/mod/github.com/!three!dots!labs/watermill@v1.4.6/message/router.go:645 +0x2b4
github.com/ThreeDotsLabs/watermill/message.(*Router).RunHandlers.func1()
	/Users/jace/go/pkg/mod/github.com/!three!dots!labs/watermill@v1.4.6/message/router.go:460 +0x145
created by github.com/ThreeDotsLabs/watermill/message.(*Router).RunHandlers in goroutine 23038
	/Users/jace/go/pkg/mod/github.com/!three!dots!labs/watermill@v1.4.6/message/router.go:453 +0x606

goroutine 22960 [select, 2 minutes]:
github.com/nats-io/nats.go/jetstream.(*pullConsumer).Messages.func2()
	/Users/jace/go/pkg/mod/github.com/nats-io/nats.go@v1.41.1/jetstream/pull.go:538 +0x68
created by github.com/nats-io/nats.go/jetstream.(*pullConsumer).Messages in goroutine 23038
	/Users/jace/go/pkg/mod/github.com/nats-io/nats.go@v1.41.1/jetstream/pull.go:536 +0x78a

goroutine 19181 [chan receive, 3 minutes]:
github.com/ThreeDotsLabs/watermill/message.(*messageTransformSubscriberDecorator).Subscribe.func1()
	/Users/jace/go/pkg/mod/github.com/!three!dots!labs/watermill@v1.4.6/message/decorator.go:52 +0x85
created by github.com/ThreeDotsLabs/watermill/message.(*messageTransformSubscriberDecorator).Subscribe in goroutine 18988
	/Users/jace/go/pkg/mod/github.com/!three!dots!labs/watermill@v1.4.6/message/decorator.go:51 +0xc7

goroutine 18212 [sync.WaitGroup.Wait, 3 minutes]:
sync.runtime_SemacquireWaitGroup(0xc0011711f0?)
	/usr/local/Cellar/go/1.24.2/libexec/src/runtime/sema.go:110 +0x25
sync.(*WaitGroup).Wait(0xc000ecef30?)
	/usr/local/Cellar/go/1.24.2/libexec/src/sync/waitgroup.go:118 +0x48
github.com/ThreeDotsLabs/watermill/pubsub/sync.WaitGroupTimeout.func1()
	/Users/jace/go/pkg/mod/github.com/!three!dots!labs/watermill@v1.4.6/pubsub/sync/waitgroup.go:13 +0x25
created by github.com/ThreeDotsLabs/watermill/pubsub/sync.WaitGroupTimeout in goroutine 14000
	/Users/jace/go/pkg/mod/github.com/!three!dots!labs/watermill@v1.4.6/pubsub/sync/waitgroup.go:12 +0x85

goroutine 19272 [select, 3 minutes]:
github.com/nats-io/nats.go/jetstream.(*pullSubscription).pullMessages(0xc000c33320, {0xc00108c800, 0x3e})
	/Users/jace/go/pkg/mod/github.com/nats-io/nats.go@v1.41.1/jetstream/pull.go:955 +0x91
created by github.com/nats-io/nats.go/jetstream.(*pullConsumer).Messages in goroutine 18988
	/Users/jace/go/pkg/mod/github.com/nats-io/nats.go@v1.41.1/jetstream/pull.go:534 +0x748

goroutine 27149 [select, 2 minutes]:
github.com/nats-io/nats.go/jetstream.(*pullSubscription).Next(0xc0010d4120)
	/Users/jace/go/pkg/mod/github.com/nats-io/nats.go@v1.41.1/jetstream/pull.go:589 +0x285
github.com/Black-And-White-Club/frolf-bot-shared/eventbus.(*eventBus).Subscribe.func1()
	/Users/jace/Documents/GitHub/frolf-bot-shared/eventbus/eventbus.go:326 +0x169
created by github.com/Black-And-White-Club/frolf-bot-shared/eventbus.(*eventBus).Subscribe in goroutine 27088
	/Users/jace/Documents/GitHub/frolf-bot-shared/eventbus/eventbus.go:315 +0xbf1

goroutine 43745 [select, 1 minutes]:
github.com/nats-io/nats.go/jetstream.(*pullConsumer).Messages.func2()
	/Users/jace/go/pkg/mod/github.com/nats-io/nats.go@v1.41.1/jetstream/pull.go:538 +0x68
created by github.com/nats-io/nats.go/jetstream.(*pullConsumer).Messages in goroutine 43736
	/Users/jace/go/pkg/mod/github.com/nats-io/nats.go@v1.41.1/jetstream/pull.go:536 +0x78a

goroutine 19237 [select, 3 minutes]:
github.com/nats-io/nats.go/jetstream.(*pullSubscription).pullMessages(0xc0014bf680, {0xc000754320, 0x45})
	/Users/jace/go/pkg/mod/github.com/nats-io/nats.go@v1.41.1/jetstream/pull.go:955 +0x91
created by github.com/nats-io/nats.go/jetstream.(*pullConsumer).Messages in goroutine 18988
	/Users/jace/go/pkg/mod/github.com/nats-io/nats.go@v1.41.1/jetstream/pull.go:534 +0x748

goroutine 27327 [select, 2 minutes]:
github.com/nats-io/nats.go/jetstream.(*pullSubscription).Next(0xc0012085a0)
	/Users/jace/go/pkg/mod/github.com/nats-io/nats.go@v1.41.1/jetstream/pull.go:589 +0x285
github.com/Black-And-White-Club/frolf-bot-shared/eventbus.(*eventBus).Subscribe.func1()
	/Users/jace/Documents/GitHub/frolf-bot-shared/eventbus/eventbus.go:326 +0x169
created by github.com/Black-And-White-Club/frolf-bot-shared/eventbus.(*eventBus).Subscribe in goroutine 27088
	/Users/jace/Documents/GitHub/frolf-bot-shared/eventbus/eventbus.go:315 +0xbf1

goroutine 19383 [select, 2 minutes]:
github.com/nats-io/nats.go/jetstream.(*pullSubscription).Next(0xc000ba2480)
	/Users/jace/go/pkg/mod/github.com/nats-io/nats.go@v1.41.1/jetstream/pull.go:589 +0x285
github.com/Black-And-White-Club/frolf-bot-shared/eventbus.(*eventBus).Subscribe.func1()
	/Users/jace/Documents/GitHub/frolf-bot-shared/eventbus/eventbus.go:326 +0x169
created by github.com/Black-And-White-Club/frolf-bot-shared/eventbus.(*eventBus).Subscribe in goroutine 18988
	/Users/jace/Documents/GitHub/frolf-bot-shared/eventbus/eventbus.go:315 +0xbf1

goroutine 23534 [select, 2 minutes]:
github.com/nats-io/nats.go/jetstream.(*pullSubscription).Next(0xc001042990)
	/Users/jace/go/pkg/mod/github.com/nats-io/nats.go@v1.41.1/jetstream/pull.go:589 +0x285
github.com/Black-And-White-Club/frolf-bot-shared/eventbus.(*eventBus).Subscribe.func1()
	/Users/jace/Documents/GitHub/frolf-bot-shared/eventbus/eventbus.go:326 +0x169
created by github.com/Black-And-White-Club/frolf-bot-shared/eventbus.(*eventBus).Subscribe in goroutine 23038
	/Users/jace/Documents/GitHub/frolf-bot-shared/eventbus/eventbus.go:315 +0xbf1

goroutine 33225 [select, 2 minutes]:
github.com/nats-io/nats.go/jetstream.(*pullConsumer).Messages.func2()
	/Users/jace/go/pkg/mod/github.com/nats-io/nats.go@v1.41.1/jetstream/pull.go:538 +0x68
created by github.com/nats-io/nats.go/jetstream.(*pullConsumer).Messages in goroutine 33200
	/Users/jace/go/pkg/mod/github.com/nats-io/nats.go@v1.41.1/jetstream/pull.go:536 +0x78a

goroutine 19324 [chan receive, 3 minutes]:
github.com/ThreeDotsLabs/watermill/message.(*messageTransformSubscriberDecorator).Subscribe.func1()
	/Users/jace/go/pkg/mod/github.com/!three!dots!labs/watermill@v1.4.6/message/decorator.go:52 +0x85
created by github.com/ThreeDotsLabs/watermill/message.(*messageTransformSubscriberDecorator).Subscribe in goroutine 18988
	/Users/jace/go/pkg/mod/github.com/!three!dots!labs/watermill@v1.4.6/message/decorator.go:51 +0xc7

goroutine 19252 [select, 3 minutes]:
github.com/nats-io/nats.go/jetstream.(*pullSubscription).pullMessages(0xc000878360, {0xc0007d67d0, 0x4b})
	/Users/jace/go/pkg/mod/github.com/nats-io/nats.go@v1.41.1/jetstream/pull.go:955 +0x91
created by github.com/nats-io/nats.go/jetstream.(*pullConsumer).Messages in goroutine 18988
	/Users/jace/go/pkg/mod/github.com/nats-io/nats.go@v1.41.1/jetstream/pull.go:534 +0x748

goroutine 19112 [chan receive, 3 minutes]:
github.com/ThreeDotsLabs/watermill/message.(*handler).run(0xc00111fa00, {0x10a337fa0, 0xc001530b90}, {0xc000ce9e00, 0x6, 0x0?})
	/Users/jace/go/pkg/mod/github.com/!three!dots!labs/watermill@v1.4.6/message/router.go:645 +0x2b4
github.com/ThreeDotsLabs/watermill/message.(*Router).RunHandlers.func1()
	/Users/jace/go/pkg/mod/github.com/!three!dots!labs/watermill@v1.4.6/message/router.go:460 +0x145
created by github.com/ThreeDotsLabs/watermill/message.(*Router).RunHandlers in goroutine 18988
	/Users/jace/go/pkg/mod/github.com/!three!dots!labs/watermill@v1.4.6/message/router.go:453 +0x606

goroutine 18917 [sync.Cond.Wait, 3 minutes]:
sync.runtime_notifyListWait(0xc001203bd0, 0x0)
	/usr/local/Cellar/go/1.24.2/libexec/src/runtime/sema.go:597 +0x159
sync.(*Cond).Wait(0xc000c98d20?)
	/usr/local/Cellar/go/1.24.2/libexec/src/sync/cond.go:71 +0x85
github.com/nats-io/nats%2ego.(*asyncCallbacksHandler).asyncCBDispatcher(0xc000a22220)
	/Users/jace/go/pkg/mod/github.com/nats-io/nats.go@v1.41.1/nats.go:3059 +0xdd
created by github.com/nats-io/nats%2ego.Options.Connect in goroutine 18245
	/Users/jace/go/pkg/mod/github.com/nats-io/nats.go@v1.41.1/nats.go:1635 +0x387

goroutine 22525 [select, 2 minutes]:
github.com/nats-io/nats.go/jetstream.(*pullSubscription).pullMessages(0xc000f91ef0, {0xc00017e640, 0x4f})
	/Users/jace/go/pkg/mod/github.com/nats-io/nats.go@v1.41.1/jetstream/pull.go:955 +0x91
created by github.com/nats-io/nats.go/jetstream.(*pullConsumer).Messages in goroutine 23038
	/Users/jace/go/pkg/mod/github.com/nats-io/nats.go@v1.41.1/jetstream/pull.go:534 +0x748

goroutine 32361 [select, 2 minutes]:
github.com/nats-io/nats.go/jetstream.(*pullSubscription).pullMessages(0xc00113eb40, {0xc00093f800, 0x55})
	/Users/jace/go/pkg/mod/github.com/nats-io/nats.go@v1.41.1/jetstream/pull.go:955 +0x91
created by github.com/nats-io/nats.go/jetstream.(*pullConsumer).Messages in goroutine 32049
	/Users/jace/go/pkg/mod/github.com/nats-io/nats.go@v1.41.1/jetstream/pull.go:534 +0x748

goroutine 18996 [select, 2 minutes]:
github.com/nats-io/nats.go/jetstream.(*pullSubscription).Next(0xc0004b8b40)
	/Users/jace/go/pkg/mod/github.com/nats-io/nats.go@v1.41.1/jetstream/pull.go:589 +0x285
github.com/Black-And-White-Club/frolf-bot-shared/eventbus.(*eventBus).Subscribe.func1()
	/Users/jace/Documents/GitHub/frolf-bot-shared/eventbus/eventbus.go:326 +0x169
created by github.com/Black-And-White-Club/frolf-bot-shared/eventbus.(*eventBus).Subscribe in goroutine 18988
	/Users/jace/Documents/GitHub/frolf-bot-shared/eventbus/eventbus.go:315 +0xbf1

goroutine 18914 [sync.Cond.Wait, 3 minutes]:
sync.runtime_notifyListWait(0xc001062610, 0x0)
	/usr/local/Cellar/go/1.24.2/libexec/src/runtime/sema.go:597 +0x159
sync.(*Cond).Wait(0x10a338010?)
	/usr/local/Cellar/go/1.24.2/libexec/src/sync/cond.go:71 +0x85
github.com/nats-io/nats%2ego.(*asyncCallbacksHandler).asyncCBDispatcher(0xc0000a1ce0)
	/Users/jace/go/pkg/mod/github.com/nats-io/nats.go@v1.41.1/nats.go:3059 +0xdd
created by github.com/nats-io/nats%2ego.Options.Connect in goroutine 18245
	/Users/jace/go/pkg/mod/github.com/nats-io/nats.go@v1.41.1/nats.go:1635 +0x387

goroutine 23092 [chan receive, 2 minutes]:
github.com/ThreeDotsLabs/watermill/message.(*handler).run(0xc001410a90, {0x10a337fa0, 0xc00098ae10}, {0xc0013423c0, 0x6, 0x4?})
	/Users/jace/go/pkg/mod/github.com/!three!dots!labs/watermill@v1.4.6/message/router.go:645 +0x2b4
github.com/ThreeDotsLabs/watermill/message.(*Router).RunHandlers.func1()
	/Users/jace/go/pkg/mod/github.com/!three!dots!labs/watermill@v1.4.6/message/router.go:460 +0x145
created by github.com/ThreeDotsLabs/watermill/message.(*Router).RunHandlers in goroutine 23038
	/Users/jace/go/pkg/mod/github.com/!three!dots!labs/watermill@v1.4.6/message/router.go:453 +0x606

goroutine 40249 [chan receive, 1 minutes]:
github.com/ThreeDotsLabs/watermill/message.(*messageTransformSubscriberDecorator).Subscribe.func1()
	/Users/jace/go/pkg/mod/github.com/!three!dots!labs/watermill@v1.4.6/message/decorator.go:52 +0x85
created by github.com/ThreeDotsLabs/watermill/message.(*messageTransformSubscriberDecorator).Subscribe in goroutine 40053
	/Users/jace/go/pkg/mod/github.com/!three!dots!labs/watermill@v1.4.6/message/decorator.go:51 +0xc7

goroutine 19144 [select, 3 minutes]:
github.com/nats-io/nats.go/jetstream.(*pullSubscription).pullMessages(0xc00097f830, {0xc0002f9f80, 0x56})
	/Users/jace/go/pkg/mod/github.com/nats-io/nats.go@v1.41.1/jetstream/pull.go:955 +0x91
created by github.com/nats-io/nats.go/jetstream.(*pullConsumer).Messages in goroutine 18988
	/Users/jace/go/pkg/mod/github.com/nats-io/nats.go@v1.41.1/jetstream/pull.go:534 +0x748

goroutine 27155 [chan receive, 2 minutes]:
github.com/ThreeDotsLabs/watermill/message.(*handler).run(0xc0006a7450, {0x10a337fa0, 0xc000a125a0}, {0xc00120dd40, 0x6, 0x4?})
	/Users/jace/go/pkg/mod/github.com/!three!dots!labs/watermill@v1.4.6/message/router.go:645 +0x2b4
github.com/ThreeDotsLabs/watermill/message.(*Router).RunHandlers.func1()
	/Users/jace/go/pkg/mod/github.com/!three!dots!labs/watermill@v1.4.6/message/router.go:460 +0x145
created by github.com/ThreeDotsLabs/watermill/message.(*Router).RunHandlers in goroutine 27088
	/Users/jace/go/pkg/mod/github.com/!three!dots!labs/watermill@v1.4.6/message/router.go:453 +0x606

goroutine 34464 [chan receive, 2 minutes]:
github.com/ThreeDotsLabs/watermill/message.(*messageTransformSubscriberDecorator).Subscribe.func1()
	/Users/jace/go/pkg/mod/github.com/!three!dots!labs/watermill@v1.4.6/message/decorator.go:52 +0x85
created by github.com/ThreeDotsLabs/watermill/message.(*messageTransformSubscriberDecorator).Subscribe in goroutine 34180
	/Users/jace/go/pkg/mod/github.com/!three!dots!labs/watermill@v1.4.6/message/decorator.go:51 +0xc7

goroutine 27108 [select, 2 minutes]:
github.com/nats-io/nats.go/jetstream.(*pullConsumer).Messages.func2()
	/Users/jace/go/pkg/mod/github.com/nats-io/nats.go@v1.41.1/jetstream/pull.go:538 +0x68
created by github.com/nats-io/nats.go/jetstream.(*pullConsumer).Messages in goroutine 27088
	/Users/jace/go/pkg/mod/github.com/nats-io/nats.go@v1.41.1/jetstream/pull.go:536 +0x78a

goroutine 27103 [select, 2 minutes]:
github.com/nats-io/nats.go/jetstream.(*pullSubscription).pullMessages(0xc0009d8f30, {0xc0008b30e0, 0x4b})
	/Users/jace/go/pkg/mod/github.com/nats-io/nats.go@v1.41.1/jetstream/pull.go:955 +0x91
created by github.com/nats-io/nats.go/jetstream.(*pullConsumer).Messages in goroutine 27088
	/Users/jace/go/pkg/mod/github.com/nats-io/nats.go@v1.41.1/jetstream/pull.go:534 +0x748

goroutine 27224 [select, 2 minutes]:
github.com/nats-io/nats.go/jetstream.(*pullConsumer).Messages.func2()
	/Users/jace/go/pkg/mod/github.com/nats-io/nats.go@v1.41.1/jetstream/pull.go:538 +0x68
created by github.com/nats-io/nats.go/jetstream.(*pullConsumer).Messages in goroutine 27088
	/Users/jace/go/pkg/mod/github.com/nats-io/nats.go@v1.41.1/jetstream/pull.go:536 +0x78a

goroutine 18998 [chan receive, 3 minutes]:
github.com/ThreeDotsLabs/watermill/message.(*handler).run(0xc000a716c0, {0x10a337fa0, 0xc000227810}, {0xc000ce9c80, 0x6, 0x0?})
	/Users/jace/go/pkg/mod/github.com/!three!dots!labs/watermill@v1.4.6/message/router.go:645 +0x2b4
github.com/ThreeDotsLabs/watermill/message.(*Router).RunHandlers.func1()
	/Users/jace/go/pkg/mod/github.com/!three!dots!labs/watermill@v1.4.6/message/router.go:460 +0x145
created by github.com/ThreeDotsLabs/watermill/message.(*Router).RunHandlers in goroutine 18988
	/Users/jace/go/pkg/mod/github.com/!three!dots!labs/watermill@v1.4.6/message/router.go:453 +0x606

goroutine 19275 [chan receive, 3 minutes]:
github.com/ThreeDotsLabs/watermill/message.(*messageTransformSubscriberDecorator).Subscribe.func1()
	/Users/jace/go/pkg/mod/github.com/!three!dots!labs/watermill@v1.4.6/message/decorator.go:52 +0x85
created by github.com/ThreeDotsLabs/watermill/message.(*messageTransformSubscriberDecorator).Subscribe in goroutine 18988
	/Users/jace/go/pkg/mod/github.com/!three!dots!labs/watermill@v1.4.6/message/decorator.go:51 +0xc7

goroutine 32274 [select, 2 minutes]:
github.com/nats-io/nats.go/jetstream.(*pullSubscription).Next(0xc0007b3a70)
	/Users/jace/go/pkg/mod/github.com/nats-io/nats.go@v1.41.1/jetstream/pull.go:589 +0x285
github.com/Black-And-White-Club/frolf-bot-shared/eventbus.(*eventBus).Subscribe.func1()
	/Users/jace/Documents/GitHub/frolf-bot-shared/eventbus/eventbus.go:326 +0x169
created by github.com/Black-And-White-Club/frolf-bot-shared/eventbus.(*eventBus).Subscribe in goroutine 32049
	/Users/jace/Documents/GitHub/frolf-bot-shared/eventbus/eventbus.go:315 +0xbf1

goroutine 18923 [sync.WaitGroup.Wait, 3 minutes]:
sync.runtime_SemacquireWaitGroup(0x0?)
	/usr/local/Cellar/go/1.24.2/libexec/src/runtime/sema.go:110 +0x25
sync.(*WaitGroup).Wait(0x0?)
	/usr/local/Cellar/go/1.24.2/libexec/src/sync/waitgroup.go:118 +0x48
github.com/ThreeDotsLabs/watermill/message.(*Router).watchAllHandlersStopped.func1()
	/Users/jace/go/pkg/mod/github.com/!three!dots!labs/watermill@v1.4.6/message/router.go:498 +0x86
created by github.com/ThreeDotsLabs/watermill/message.(*Router).watchAllHandlersStopped in goroutine 18988
	/Users/jace/go/pkg/mod/github.com/!three!dots!labs/watermill@v1.4.6/message/router.go:484 +0xec

goroutine 23283 [select, 2 minutes]:
github.com/nats-io/nats.go/jetstream.(*pullSubscription).pullMessages(0xc0007094d0, {0xc0008b3720, 0x4f})
	/Users/jace/go/pkg/mod/github.com/nats-io/nats.go@v1.41.1/jetstream/pull.go:955 +0x91
created by github.com/nats-io/nats.go/jetstream.(*pullConsumer).Messages in goroutine 23038
	/Users/jace/go/pkg/mod/github.com/nats-io/nats.go@v1.41.1/jetstream/pull.go:534 +0x748

goroutine 35782 [select]:
github.com/nats-io/nats%2ego.(*Conn).doReconnect(0xc000747108, {0x10a327f28, 0x10acedb30}, 0x0)
	/Users/jace/go/pkg/mod/github.com/nats-io/nats.go@v1.41.1/nats.go:2907 +0x41a
created by github.com/nats-io/nats%2ego.(*Conn).processOpErr in goroutine 35380
	/Users/jace/go/pkg/mod/github.com/nats-io/nats.go@v1.41.1/nats.go:3043 +0x2f3

goroutine 19146 [select, 2 minutes]:
github.com/nats-io/nats.go/jetstream.(*pullSubscription).Next(0xc00097f830)
	/Users/jace/go/pkg/mod/github.com/nats-io/nats.go@v1.41.1/jetstream/pull.go:589 +0x285
github.com/Black-And-White-Club/frolf-bot-shared/eventbus.(*eventBus).Subscribe.func1()
	/Users/jace/Documents/GitHub/frolf-bot-shared/eventbus/eventbus.go:326 +0x169
created by github.com/Black-And-White-Club/frolf-bot-shared/eventbus.(*eventBus).Subscribe in goroutine 18988
	/Users/jace/Documents/GitHub/frolf-bot-shared/eventbus/eventbus.go:315 +0xbf1

goroutine 19323 [select, 2 minutes]:
github.com/nats-io/nats.go/jetstream.(*pullSubscription).Next(0xc000a83170)
	/Users/jace/go/pkg/mod/github.com/nats-io/nats.go@v1.41.1/jetstream/pull.go:589 +0x285
github.com/Black-And-White-Club/frolf-bot-shared/eventbus.(*eventBus).Subscribe.func1()
	/Users/jace/Documents/GitHub/frolf-bot-shared/eventbus/eventbus.go:326 +0x169
created by github.com/Black-And-White-Club/frolf-bot-shared/eventbus.(*eventBus).Subscribe in goroutine 18988
	/Users/jace/Documents/GitHub/frolf-bot-shared/eventbus/eventbus.go:315 +0xbf1

goroutine 19261 [select, 2 minutes]:
github.com/nats-io/nats.go/jetstream.(*pullConsumer).Messages.func2()
	/Users/jace/go/pkg/mod/github.com/nats-io/nats.go@v1.41.1/jetstream/pull.go:538 +0x68
created by github.com/nats-io/nats.go/jetstream.(*pullConsumer).Messages in goroutine 18988
	/Users/jace/go/pkg/mod/github.com/nats-io/nats.go@v1.41.1/jetstream/pull.go:536 +0x78a

goroutine 19262 [select, 2 minutes]:
github.com/nats-io/nats.go/jetstream.(*pullSubscription).Next(0xc001591680)
	/Users/jace/go/pkg/mod/github.com/nats-io/nats.go@v1.41.1/jetstream/pull.go:589 +0x285
github.com/Black-And-White-Club/frolf-bot-shared/eventbus.(*eventBus).Subscribe.func1()
	/Users/jace/Documents/GitHub/frolf-bot-shared/eventbus/eventbus.go:326 +0x169
created by github.com/Black-And-White-Club/frolf-bot-shared/eventbus.(*eventBus).Subscribe in goroutine 18988
	/Users/jace/Documents/GitHub/frolf-bot-shared/eventbus/eventbus.go:315 +0xbf1

goroutine 19263 [chan receive, 3 minutes]:
github.com/ThreeDotsLabs/watermill/message.(*messageTransformSubscriberDecorator).Subscribe.func1()
	/Users/jace/go/pkg/mod/github.com/!three!dots!labs/watermill@v1.4.6/message/decorator.go:52 +0x85
created by github.com/ThreeDotsLabs/watermill/message.(*messageTransformSubscriberDecorator).Subscribe in goroutine 18988
	/Users/jace/go/pkg/mod/github.com/!three!dots!labs/watermill@v1.4.6/message/decorator.go:51 +0xc7

goroutine 19264 [chan receive, 3 minutes]:
github.com/ThreeDotsLabs/watermill/message.(*handler).run(0xc000a71110, {0x10a337fa0, 0xc000813360}, {0xc001172000, 0x6, 0xc000d04d00?})
	/Users/jace/go/pkg/mod/github.com/!three!dots!labs/watermill@v1.4.6/message/router.go:645 +0x2b4
github.com/ThreeDotsLabs/watermill/message.(*Router).RunHandlers.func1()
	/Users/jace/go/pkg/mod/github.com/!three!dots!labs/watermill@v1.4.6/message/router.go:460 +0x145
created by github.com/ThreeDotsLabs/watermill/message.(*Router).RunHandlers in goroutine 18988
	/Users/jace/go/pkg/mod/github.com/!three!dots!labs/watermill@v1.4.6/message/router.go:453 +0x606

goroutine 19385 [chan receive, 3 minutes]:
github.com/ThreeDotsLabs/watermill/message.(*handler).run(0xc00111fc70, {0x10a337fa0, 0xc001137d10}, {0xc0011720c0, 0x6, 0x0?})
	/Users/jace/go/pkg/mod/github.com/!three!dots!labs/watermill@v1.4.6/message/router.go:645 +0x2b4
github.com/ThreeDotsLabs/watermill/message.(*Router).RunHandlers.func1()
	/Users/jace/go/pkg/mod/github.com/!three!dots!labs/watermill@v1.4.6/message/router.go:460 +0x145
created by github.com/ThreeDotsLabs/watermill/message.(*Router).RunHandlers in goroutine 18988
	/Users/jace/go/pkg/mod/github.com/!three!dots!labs/watermill@v1.4.6/message/router.go:453 +0x606

goroutine 26359 [chan receive, 2 minutes]:
github.com/ThreeDotsLabs/watermill/message.(*handler).run(0xc0006a7c70, {0x10a337fa0, 0xc000994a50}, {0xc00015a0c0, 0x6, 0x0?})
	/Users/jace/go/pkg/mod/github.com/!three!dots!labs/watermill@v1.4.6/message/router.go:645 +0x2b4
github.com/ThreeDotsLabs/watermill/message.(*Router).RunHandlers.func1()
	/Users/jace/go/pkg/mod/github.com/!three!dots!labs/watermill@v1.4.6/message/router.go:460 +0x145
created by github.com/ThreeDotsLabs/watermill/message.(*Router).RunHandlers in goroutine 27088
	/Users/jace/go/pkg/mod/github.com/!three!dots!labs/watermill@v1.4.6/message/router.go:453 +0x606

goroutine 23398 [chan receive, 2 minutes]:
github.com/ThreeDotsLabs/watermill/message.(*messageTransformSubscriberDecorator).Subscribe.func1()
	/Users/jace/go/pkg/mod/github.com/!three!dots!labs/watermill@v1.4.6/message/decorator.go:52 +0x85
created by github.com/ThreeDotsLabs/watermill/message.(*messageTransformSubscriberDecorator).Subscribe in goroutine 23038
	/Users/jace/go/pkg/mod/github.com/!three!dots!labs/watermill@v1.4.6/message/decorator.go:51 +0xc7

goroutine 32362 [select, 2 minutes]:
github.com/nats-io/nats.go/jetstream.(*pullConsumer).Messages.func2()
	/Users/jace/go/pkg/mod/github.com/nats-io/nats.go@v1.41.1/jetstream/pull.go:538 +0x68
created by github.com/nats-io/nats.go/jetstream.(*pullConsumer).Messages in goroutine 32049
	/Users/jace/go/pkg/mod/github.com/nats-io/nats.go@v1.41.1/jetstream/pull.go:536 +0x78a

goroutine 23304 [select, 2 minutes]:
github.com/nats-io/nats.go/jetstream.(*pullConsumer).Messages.func2()
	/Users/jace/go/pkg/mod/github.com/nats-io/nats.go@v1.41.1/jetstream/pull.go:538 +0x68
created by github.com/nats-io/nats.go/jetstream.(*pullConsumer).Messages in goroutine 23038
	/Users/jace/go/pkg/mod/github.com/nats-io/nats.go@v1.41.1/jetstream/pull.go:536 +0x78a

goroutine 23161 [chan receive, 2 minutes]:
github.com/ThreeDotsLabs/watermill/message.(*messageTransformSubscriberDecorator).Subscribe.func1()
	/Users/jace/go/pkg/mod/github.com/!three!dots!labs/watermill@v1.4.6/message/decorator.go:52 +0x85
created by github.com/ThreeDotsLabs/watermill/message.(*messageTransformSubscriberDecorator).Subscribe in goroutine 23038
	/Users/jace/go/pkg/mod/github.com/!three!dots!labs/watermill@v1.4.6/message/decorator.go:51 +0xc7

goroutine 19430 [select, 3 minutes]:
github.com/nats-io/nats.go/jetstream.(*pullSubscription).pullMessages(0xc000b881b0, {0xc000e56000, 0x55})
	/Users/jace/go/pkg/mod/github.com/nats-io/nats.go@v1.41.1/jetstream/pull.go:955 +0x91
created by github.com/nats-io/nats.go/jetstream.(*pullConsumer).Messages in goroutine 18988
	/Users/jace/go/pkg/mod/github.com/nats-io/nats.go@v1.41.1/jetstream/pull.go:534 +0x748

goroutine 35636 [chan receive, 2 minutes]:
github.com/ThreeDotsLabs/watermill/message.(*handler).run(0xc0013df2b0, {0x10a337fa0, 0xc001ab55e0}, {0xc001a4ee40, 0x6, 0xc00177f778?})
	/Users/jace/go/pkg/mod/github.com/!three!dots!labs/watermill@v1.4.6/message/router.go:645 +0x2b4
github.com/ThreeDotsLabs/watermill/message.(*Router).RunHandlers.func1()
	/Users/jace/go/pkg/mod/github.com/!three!dots!labs/watermill@v1.4.6/message/router.go:460 +0x145
created by github.com/ThreeDotsLabs/watermill/message.(*Router).RunHandlers in goroutine 35445
	/Users/jace/go/pkg/mod/github.com/!three!dots!labs/watermill@v1.4.6/message/router.go:453 +0x606

goroutine 19431 [select, 2 minutes]:
github.com/nats-io/nats.go/jetstream.(*pullConsumer).Messages.func2()
	/Users/jace/go/pkg/mod/github.com/nats-io/nats.go@v1.41.1/jetstream/pull.go:538 +0x68
created by github.com/nats-io/nats.go/jetstream.(*pullConsumer).Messages in goroutine 18988
	/Users/jace/go/pkg/mod/github.com/nats-io/nats.go@v1.41.1/jetstream/pull.go:536 +0x78a

goroutine 19463 [select, 2 minutes]:
github.com/nats-io/nats.go/jetstream.(*pullSubscription).Next(0xc000708240)
	/Users/jace/go/pkg/mod/github.com/nats-io/nats.go@v1.41.1/jetstream/pull.go:589 +0x285
github.com/Black-And-White-Club/frolf-bot-shared/eventbus.(*eventBus).Subscribe.func1()
	/Users/jace/Documents/GitHub/frolf-bot-shared/eventbus/eventbus.go:326 +0x169
created by github.com/Black-And-White-Club/frolf-bot-shared/eventbus.(*eventBus).Subscribe in goroutine 18988
	/Users/jace/Documents/GitHub/frolf-bot-shared/eventbus/eventbus.go:315 +0xbf1

goroutine 23603 [chan receive, 2 minutes]:
github.com/ThreeDotsLabs/watermill/message.(*messageTransformSubscriberDecorator).Subscribe.func1()
	/Users/jace/go/pkg/mod/github.com/!three!dots!labs/watermill@v1.4.6/message/decorator.go:52 +0x85
created by github.com/ThreeDotsLabs/watermill/message.(*messageTransformSubscriberDecorator).Subscribe in goroutine 23038
	/Users/jace/go/pkg/mod/github.com/!three!dots!labs/watermill@v1.4.6/message/decorator.go:51 +0xc7

goroutine 23396 [select, 2 minutes]:
github.com/nats-io/nats.go/jetstream.(*pullConsumer).Messages.func2()
	/Users/jace/go/pkg/mod/github.com/nats-io/nats.go@v1.41.1/jetstream/pull.go:538 +0x68
created by github.com/nats-io/nats.go/jetstream.(*pullConsumer).Messages in goroutine 23038
	/Users/jace/go/pkg/mod/github.com/nats-io/nats.go@v1.41.1/jetstream/pull.go:536 +0x78a

goroutine 36949 [chan receive, 2 minutes]:
github.com/ThreeDotsLabs/watermill/message.(*handler).run(0xc0006a61a0, {0x10a337fa0, 0xc000c82a50}, {0xc001a3e240, 0x6, 0xc001b888a0?})
	/Users/jace/go/pkg/mod/github.com/!three!dots!labs/watermill@v1.4.6/message/router.go:645 +0x2b4
github.com/ThreeDotsLabs/watermill/message.(*Router).RunHandlers.func1()
	/Users/jace/go/pkg/mod/github.com/!three!dots!labs/watermill@v1.4.6/message/router.go:460 +0x145
created by github.com/ThreeDotsLabs/watermill/message.(*Router).RunHandlers in goroutine 36760
	/Users/jace/go/pkg/mod/github.com/!three!dots!labs/watermill@v1.4.6/message/router.go:453 +0x606

goroutine 19382 [select, 2 minutes]:
github.com/nats-io/nats.go/jetstream.(*pullConsumer).Messages.func2()
	/Users/jace/go/pkg/mod/github.com/nats-io/nats.go@v1.41.1/jetstream/pull.go:538 +0x68
created by github.com/nats-io/nats.go/jetstream.(*pullConsumer).Messages in goroutine 18988
	/Users/jace/go/pkg/mod/github.com/nats-io/nats.go@v1.41.1/jetstream/pull.go:536 +0x78a

goroutine 33228 [chan receive, 2 minutes]:
github.com/ThreeDotsLabs/watermill/message.(*handler).run(0xc000eab790, {0x10a337fa0, 0xc0002279a0}, {0xc000c24e40, 0x6, 0x1000000000001?})
	/Users/jace/go/pkg/mod/github.com/!three!dots!labs/watermill@v1.4.6/message/router.go:645 +0x2b4
github.com/ThreeDotsLabs/watermill/message.(*Router).RunHandlers.func1()
	/Users/jace/go/pkg/mod/github.com/!three!dots!labs/watermill@v1.4.6/message/router.go:460 +0x145
created by github.com/ThreeDotsLabs/watermill/message.(*Router).RunHandlers in goroutine 33200
	/Users/jace/go/pkg/mod/github.com/!three!dots!labs/watermill@v1.4.6/message/router.go:453 +0x606

goroutine 23121 [select, 2 minutes]:
github.com/nats-io/nats.go/jetstream.(*pullConsumer).Messages.func2()
	/Users/jace/go/pkg/mod/github.com/nats-io/nats.go@v1.41.1/jetstream/pull.go:538 +0x68
created by github.com/nats-io/nats.go/jetstream.(*pullConsumer).Messages in goroutine 23038
	/Users/jace/go/pkg/mod/github.com/nats-io/nats.go@v1.41.1/jetstream/pull.go:536 +0x78a

goroutine 26398 [select]:
github.com/nats-io/nats%2ego.(*Conn).doReconnect(0xc001402708, {0x10a327f28, 0x10acedb30}, 0x0)
	/Users/jace/go/pkg/mod/github.com/nats-io/nats.go@v1.41.1/nats.go:2907 +0x41a
created by github.com/nats-io/nats%2ego.(*Conn).processOpErr in goroutine 22963
	/Users/jace/go/pkg/mod/github.com/nats-io/nats.go@v1.41.1/nats.go:3043 +0x2f3

goroutine 33300 [chan receive, 2 minutes]:
github.com/ThreeDotsLabs/watermill/message.(*handler).run(0xc000eaad00, {0x10a337fa0, 0xc00098a870}, {0xc0011200c0, 0x6, 0xc001749f78?})
	/Users/jace/go/pkg/mod/github.com/!three!dots!labs/watermill@v1.4.6/message/router.go:645 +0x2b4
github.com/ThreeDotsLabs/watermill/message.(*Router).RunHandlers.func1()
	/Users/jace/go/pkg/mod/github.com/!three!dots!labs/watermill@v1.4.6/message/router.go:460 +0x145
created by github.com/ThreeDotsLabs/watermill/message.(*Router).RunHandlers in goroutine 33200
	/Users/jace/go/pkg/mod/github.com/!three!dots!labs/watermill@v1.4.6/message/router.go:453 +0x606

goroutine 23532 [select, 2 minutes]:
github.com/nats-io/nats.go/jetstream.(*pullSubscription).pullMessages(0xc001042990, {0xc00004eaa0, 0x45})
	/Users/jace/go/pkg/mod/github.com/nats-io/nats.go@v1.41.1/jetstream/pull.go:955 +0x91
created by github.com/nats-io/nats.go/jetstream.(*pullConsumer).Messages in goroutine 23038
	/Users/jace/go/pkg/mod/github.com/nats-io/nats.go@v1.41.1/jetstream/pull.go:534 +0x748

goroutine 33283 [select, 2 minutes]:
github.com/nats-io/nats.go/jetstream.(*pullSubscription).Next(0xc001278cf0)
	/Users/jace/go/pkg/mod/github.com/nats-io/nats.go@v1.41.1/jetstream/pull.go:589 +0x285
github.com/Black-And-White-Club/frolf-bot-shared/eventbus.(*eventBus).Subscribe.func1()
	/Users/jace/Documents/GitHub/frolf-bot-shared/eventbus/eventbus.go:326 +0x169
created by github.com/Black-And-White-Club/frolf-bot-shared/eventbus.(*eventBus).Subscribe in goroutine 33200
	/Users/jace/Documents/GitHub/frolf-bot-shared/eventbus/eventbus.go:315 +0xbf1

goroutine 32363 [select, 2 minutes]:
github.com/nats-io/nats.go/jetstream.(*pullSubscription).Next(0xc00113eb40)
	/Users/jace/go/pkg/mod/github.com/nats-io/nats.go@v1.41.1/jetstream/pull.go:589 +0x285
github.com/Black-And-White-Club/frolf-bot-shared/eventbus.(*eventBus).Subscribe.func1()
	/Users/jace/Documents/GitHub/frolf-bot-shared/eventbus/eventbus.go:326 +0x169
created by github.com/Black-And-White-Club/frolf-bot-shared/eventbus.(*eventBus).Subscribe in goroutine 32049
	/Users/jace/Documents/GitHub/frolf-bot-shared/eventbus/eventbus.go:315 +0xbf1

goroutine 23343 [chan receive, 2 minutes]:
github.com/ThreeDotsLabs/watermill/message.(*messageTransformSubscriberDecorator).Subscribe.func1()
	/Users/jace/go/pkg/mod/github.com/!three!dots!labs/watermill@v1.4.6/message/decorator.go:52 +0x85
created by github.com/ThreeDotsLabs/watermill/message.(*messageTransformSubscriberDecorator).Subscribe in goroutine 23038
	/Users/jace/go/pkg/mod/github.com/!three!dots!labs/watermill@v1.4.6/message/decorator.go:51 +0xc7

goroutine 19435 [select, 3 minutes]:
github.com/nats-io/nats.go/jetstream.(*pullSubscription).pullMessages(0xc000b88900, {0xc0008b3270, 0x4e})
	/Users/jace/go/pkg/mod/github.com/nats-io/nats.go@v1.41.1/jetstream/pull.go:955 +0x91
created by github.com/nats-io/nats.go/jetstream.(*pullConsumer).Messages in goroutine 18988
	/Users/jace/go/pkg/mod/github.com/nats-io/nats.go@v1.41.1/jetstream/pull.go:534 +0x748

goroutine 19436 [select, 2 minutes]:
github.com/nats-io/nats.go/jetstream.(*pullConsumer).Messages.func2()
	/Users/jace/go/pkg/mod/github.com/nats-io/nats.go@v1.41.1/jetstream/pull.go:538 +0x68
created by github.com/nats-io/nats.go/jetstream.(*pullConsumer).Messages in goroutine 18988
	/Users/jace/go/pkg/mod/github.com/nats-io/nats.go@v1.41.1/jetstream/pull.go:536 +0x78a

goroutine 19437 [select, 2 minutes]:
github.com/nats-io/nats.go/jetstream.(*pullSubscription).Next(0xc000b88900)
	/Users/jace/go/pkg/mod/github.com/nats-io/nats.go@v1.41.1/jetstream/pull.go:589 +0x285
github.com/Black-And-White-Club/frolf-bot-shared/eventbus.(*eventBus).Subscribe.func1()
	/Users/jace/Documents/GitHub/frolf-bot-shared/eventbus/eventbus.go:326 +0x169
created by github.com/Black-And-White-Club/frolf-bot-shared/eventbus.(*eventBus).Subscribe in goroutine 18988
	/Users/jace/Documents/GitHub/frolf-bot-shared/eventbus/eventbus.go:315 +0xbf1

goroutine 19438 [chan receive, 3 minutes]:
github.com/ThreeDotsLabs/watermill/message.(*messageTransformSubscriberDecorator).Subscribe.func1()
	/Users/jace/go/pkg/mod/github.com/!three!dots!labs/watermill@v1.4.6/message/decorator.go:52 +0x85
created by github.com/ThreeDotsLabs/watermill/message.(*messageTransformSubscriberDecorator).Subscribe in goroutine 18988
	/Users/jace/go/pkg/mod/github.com/!three!dots!labs/watermill@v1.4.6/message/decorator.go:51 +0xc7

goroutine 19439 [chan receive, 3 minutes]:
github.com/ThreeDotsLabs/watermill/message.(*handler).run(0xc000a70dd0, {0x10a337fa0, 0xc0009b65a0}, {0xc000ce9ec0, 0x6, 0xc000a6b000?})
	/Users/jace/go/pkg/mod/github.com/!three!dots!labs/watermill@v1.4.6/message/router.go:645 +0x2b4
github.com/ThreeDotsLabs/watermill/message.(*Router).RunHandlers.func1()
	/Users/jace/go/pkg/mod/github.com/!three!dots!labs/watermill@v1.4.6/message/router.go:460 +0x145
created by github.com/ThreeDotsLabs/watermill/message.(*Router).RunHandlers in goroutine 18988
	/Users/jace/go/pkg/mod/github.com/!three!dots!labs/watermill@v1.4.6/message/router.go:453 +0x606

goroutine 32226 [chan receive, 2 minutes]:
github.com/ThreeDotsLabs/watermill/message.(*messageTransformSubscriberDecorator).Subscribe.func1()
	/Users/jace/go/pkg/mod/github.com/!three!dots!labs/watermill@v1.4.6/message/decorator.go:52 +0x85
created by github.com/ThreeDotsLabs/watermill/message.(*messageTransformSubscriberDecorator).Subscribe in goroutine 32049
	/Users/jace/go/pkg/mod/github.com/!three!dots!labs/watermill@v1.4.6/message/decorator.go:51 +0xc7

goroutine 36998 [chan receive, 2 minutes]:
github.com/ThreeDotsLabs/watermill/message.(*messageTransformSubscriberDecorator).Subscribe.func1()
	/Users/jace/go/pkg/mod/github.com/!three!dots!labs/watermill@v1.4.6/message/decorator.go:52 +0x85
created by github.com/ThreeDotsLabs/watermill/message.(*messageTransformSubscriberDecorator).Subscribe in goroutine 36760
	/Users/jace/go/pkg/mod/github.com/!three!dots!labs/watermill@v1.4.6/message/decorator.go:51 +0xc7

goroutine 30389 [select]:
github.com/nats-io/nats%2ego.(*Conn).doReconnect(0xc001499508, {0x10a327f28, 0x10acedb30}, 0x0)
	/Users/jace/go/pkg/mod/github.com/nats-io/nats.go@v1.41.1/nats.go:2907 +0x41a
created by github.com/nats-io/nats%2ego.(*Conn).processOpErr in goroutine 27018
	/Users/jace/go/pkg/mod/github.com/nats-io/nats.go@v1.41.1/nats.go:3043 +0x2f3

goroutine 38011 [chan receive, 1 minutes]:
github.com/ThreeDotsLabs/watermill/message.(*messageTransformSubscriberDecorator).Subscribe.func1()
	/Users/jace/go/pkg/mod/github.com/!three!dots!labs/watermill@v1.4.6/message/decorator.go:52 +0x85
created by github.com/ThreeDotsLabs/watermill/message.(*messageTransformSubscriberDecorator).Subscribe in goroutine 37797
	/Users/jace/go/pkg/mod/github.com/!three!dots!labs/watermill@v1.4.6/message/decorator.go:51 +0xc7

goroutine 33285 [chan receive, 2 minutes]:
github.com/ThreeDotsLabs/watermill/message.(*handler).run(0xc001472000, {0x10a337fa0, 0xc00098a550}, {0xc000f34240, 0x6, 0xc001a305d0?})
	/Users/jace/go/pkg/mod/github.com/!three!dots!labs/watermill@v1.4.6/message/router.go:645 +0x2b4
github.com/ThreeDotsLabs/watermill/message.(*Router).RunHandlers.func1()
	/Users/jace/go/pkg/mod/github.com/!three!dots!labs/watermill@v1.4.6/message/router.go:460 +0x145
created by github.com/ThreeDotsLabs/watermill/message.(*Router).RunHandlers in goroutine 33200
	/Users/jace/go/pkg/mod/github.com/!three!dots!labs/watermill@v1.4.6/message/router.go:453 +0x606

goroutine 31292 [chan receive, 2 minutes]:
github.com/ThreeDotsLabs/watermill/message.(*messageTransformSubscriberDecorator).Subscribe.func1()
	/Users/jace/go/pkg/mod/github.com/!three!dots!labs/watermill@v1.4.6/message/decorator.go:52 +0x85
created by github.com/ThreeDotsLabs/watermill/message.(*messageTransformSubscriberDecorator).Subscribe in goroutine 31164
	/Users/jace/go/pkg/mod/github.com/!three!dots!labs/watermill@v1.4.6/message/decorator.go:51 +0xc7

goroutine 26731 [select, 2 minutes]:
github.com/nats-io/nats.go/jetstream.(*pullConsumer).Messages.func2()
	/Users/jace/go/pkg/mod/github.com/nats-io/nats.go@v1.41.1/jetstream/pull.go:538 +0x68
created by github.com/nats-io/nats.go/jetstream.(*pullConsumer).Messages in goroutine 27088
	/Users/jace/go/pkg/mod/github.com/nats-io/nats.go@v1.41.1/jetstream/pull.go:536 +0x78a

goroutine 23103 [select, 2 minutes]:
github.com/nats-io/nats.go/jetstream.(*pullConsumer).Messages.func2()
	/Users/jace/go/pkg/mod/github.com/nats-io/nats.go@v1.41.1/jetstream/pull.go:538 +0x68
created by github.com/nats-io/nats.go/jetstream.(*pullConsumer).Messages in goroutine 23038
	/Users/jace/go/pkg/mod/github.com/nats-io/nats.go@v1.41.1/jetstream/pull.go:536 +0x78a

goroutine 23609 [chan receive, 2 minutes]:
github.com/ThreeDotsLabs/watermill/message.(*messageTransformSubscriberDecorator).Subscribe.func1()
	/Users/jace/go/pkg/mod/github.com/!three!dots!labs/watermill@v1.4.6/message/decorator.go:52 +0x85
created by github.com/ThreeDotsLabs/watermill/message.(*messageTransformSubscriberDecorator).Subscribe in goroutine 23038
	/Users/jace/go/pkg/mod/github.com/!three!dots!labs/watermill@v1.4.6/message/decorator.go:51 +0xc7

goroutine 32474 [select, 2 minutes]:
github.com/nats-io/nats.go/jetstream.(*pullSubscription).Next(0xc000709830)
	/Users/jace/go/pkg/mod/github.com/nats-io/nats.go@v1.41.1/jetstream/pull.go:589 +0x285
github.com/Black-And-White-Club/frolf-bot-shared/eventbus.(*eventBus).ProcessDelayedMessages.func1.2(0xc000323920, {0x10a335050?, 0xc000709830?}, 0xc00074ec80, {0x10a337f68, 0xc000f9bce0}, {0x0?, 0x0?, 0x0?}, {0xba, ...})
	/Users/jace/Documents/GitHub/frolf-bot-shared/eventbus/delayed_messages.go:348 +0xab
github.com/Black-And-White-Club/frolf-bot-shared/eventbus.(*eventBus).ProcessDelayedMessages.func1()
	/Users/jace/Documents/GitHub/frolf-bot-shared/eventbus/delayed_messages.go:377 +0x233
created by github.com/Black-And-White-Club/frolf-bot-shared/eventbus.(*eventBus).ProcessDelayedMessages in goroutine 32418
	/Users/jace/Documents/GitHub/frolf-bot-shared/eventbus/delayed_messages.go:311 +0xb99

goroutine 32452 [select, 2 minutes]:
github.com/nats-io/nats.go/jetstream.(*pullSubscription).pullMessages(0xc00055b050, {0xc00017e280, 0x47})
	/Users/jace/go/pkg/mod/github.com/nats-io/nats.go@v1.41.1/jetstream/pull.go:955 +0x91
created by github.com/nats-io/nats.go/jetstream.(*pullConsumer).Messages in goroutine 32049
	/Users/jace/go/pkg/mod/github.com/nats-io/nats.go@v1.41.1/jetstream/pull.go:534 +0x748

goroutine 27501 [chan receive, 2 minutes]:
github.com/ThreeDotsLabs/watermill/message.(*handler).run(0xc0006a7e10, {0x10a337fa0, 0xc001734a00}, {0xc001336180, 0x6, 0x0?})
	/Users/jace/go/pkg/mod/github.com/!three!dots!labs/watermill@v1.4.6/message/router.go:645 +0x2b4
github.com/ThreeDotsLabs/watermill/message.(*Router).RunHandlers.func1()
	/Users/jace/go/pkg/mod/github.com/!three!dots!labs/watermill@v1.4.6/message/router.go:460 +0x145
created by github.com/ThreeDotsLabs/watermill/message.(*Router).RunHandlers in goroutine 27088
	/Users/jace/go/pkg/mod/github.com/!three!dots!labs/watermill@v1.4.6/message/router.go:453 +0x606

goroutine 34141 [select, 2 minutes]:
github.com/nats-io/nats.go/jetstream.(*pullConsumer).Messages.func2()
	/Users/jace/go/pkg/mod/github.com/nats-io/nats.go@v1.41.1/jetstream/pull.go:538 +0x68
created by github.com/nats-io/nats.go/jetstream.(*pullConsumer).Messages in goroutine 34180
	/Users/jace/go/pkg/mod/github.com/nats-io/nats.go@v1.41.1/jetstream/pull.go:536 +0x78a

goroutine 31977 [sync.Cond.Wait, 2 minutes]:
sync.runtime_notifyListWait(0xc0006268d0, 0x42)
	/usr/local/Cellar/go/1.24.2/libexec/src/runtime/sema.go:597 +0x159
sync.(*Cond).Wait(0x10a337fa0?)
	/usr/local/Cellar/go/1.24.2/libexec/src/sync/cond.go:71 +0x85
github.com/nats-io/nats%2ego.(*Conn).waitForMsgs(0xc001404308, 0xc0005e42d0)
	/Users/jace/go/pkg/mod/github.com/nats-io/nats.go@v1.41.1/nats.go:3178 +0xc5
created by github.com/nats-io/nats%2ego.(*Conn).subscribeLocked in goroutine 31445
	/Users/jace/go/pkg/mod/github.com/nats-io/nats.go@v1.41.1/nats.go:4468 +0x419

goroutine 33158 [sync.Cond.Wait, 2 minutes]:
sync.runtime_notifyListWait(0xc001993ad0, 0x34)
	/usr/local/Cellar/go/1.24.2/libexec/src/runtime/sema.go:597 +0x159
sync.(*Cond).Wait(0x0?)
	/usr/local/Cellar/go/1.24.2/libexec/src/sync/cond.go:71 +0x85
github.com/nats-io/nats%2ego.(*Conn).waitForMsgs(0xc0012ca008, 0xc001b201e0)
	/Users/jace/go/pkg/mod/github.com/nats-io/nats.go@v1.41.1/nats.go:3178 +0xc5
created by github.com/nats-io/nats%2ego.(*Conn).subscribeLocked in goroutine 32603
	/Users/jace/go/pkg/mod/github.com/nats-io/nats.go@v1.41.1/nats.go:4468 +0x419

goroutine 32338 [select, 2 minutes]:
github.com/nats-io/nats.go/jetstream.(*pullConsumer).Messages.func2()
	/Users/jace/go/pkg/mod/github.com/nats-io/nats.go@v1.41.1/jetstream/pull.go:538 +0x68
created by github.com/nats-io/nats.go/jetstream.(*pullConsumer).Messages in goroutine 32049
	/Users/jace/go/pkg/mod/github.com/nats-io/nats.go@v1.41.1/jetstream/pull.go:536 +0x78a

goroutine 27166 [select, 2 minutes]:
github.com/nats-io/nats.go/jetstream.(*pullSubscription).pullMessages(0xc0009d99e0, {0xc0008b32c0, 0x42})
	/Users/jace/go/pkg/mod/github.com/nats-io/nats.go@v1.41.1/jetstream/pull.go:955 +0x91
created by github.com/nats-io/nats.go/jetstream.(*pullConsumer).Messages in goroutine 27088
	/Users/jace/go/pkg/mod/github.com/nats-io/nats.go@v1.41.1/jetstream/pull.go:534 +0x748

goroutine 27208 [chan receive, 2 minutes]:
github.com/ThreeDotsLabs/watermill/message.(*handler).run(0xc0006a7860, {0x10a337fa0, 0xc001530730}, {0xc001624840, 0x6, 0x0?})
	/Users/jace/go/pkg/mod/github.com/!three!dots!labs/watermill@v1.4.6/message/router.go:645 +0x2b4
github.com/ThreeDotsLabs/watermill/message.(*Router).RunHandlers.func1()
	/Users/jace/go/pkg/mod/github.com/!three!dots!labs/watermill@v1.4.6/message/router.go:460 +0x145
created by github.com/ThreeDotsLabs/watermill/message.(*Router).RunHandlers in goroutine 27088
	/Users/jace/go/pkg/mod/github.com/!three!dots!labs/watermill@v1.4.6/message/router.go:453 +0x606

goroutine 34416 [chan receive, 2 minutes]:
github.com/ThreeDotsLabs/watermill/message.(*messageTransformSubscriberDecorator).Subscribe.func1()
	/Users/jace/go/pkg/mod/github.com/!three!dots!labs/watermill@v1.4.6/message/decorator.go:52 +0x85
created by github.com/ThreeDotsLabs/watermill/message.(*messageTransformSubscriberDecorator).Subscribe in goroutine 34180
	/Users/jace/go/pkg/mod/github.com/!three!dots!labs/watermill@v1.4.6/message/decorator.go:51 +0xc7

goroutine 27361 [chan receive, 2 minutes]:
github.com/ThreeDotsLabs/watermill/message.(*handler).run(0xc0006a72b0, {0x10a337fa0, 0xc000a12d70}, {0xc0001fc480, 0x6, 0x36383437312d4449?})
	/Users/jace/go/pkg/mod/github.com/!three!dots!labs/watermill@v1.4.6/message/router.go:645 +0x2b4
github.com/ThreeDotsLabs/watermill/message.(*Router).RunHandlers.func1()
	/Users/jace/go/pkg/mod/github.com/!three!dots!labs/watermill@v1.4.6/message/router.go:460 +0x145
created by github.com/ThreeDotsLabs/watermill/message.(*Router).RunHandlers in goroutine 27088
	/Users/jace/go/pkg/mod/github.com/!three!dots!labs/watermill@v1.4.6/message/router.go:453 +0x606

goroutine 35603 [chan receive, 2 minutes]:
github.com/ThreeDotsLabs/watermill/message.(*messageTransformSubscriberDecorator).Subscribe.func1()
	/Users/jace/go/pkg/mod/github.com/!three!dots!labs/watermill@v1.4.6/message/decorator.go:52 +0x85
created by github.com/ThreeDotsLabs/watermill/message.(*messageTransformSubscriberDecorator).Subscribe in goroutine 35445
	/Users/jace/go/pkg/mod/github.com/!three!dots!labs/watermill@v1.4.6/message/decorator.go:51 +0xc7

goroutine 27046 [sync.Cond.Wait, 2 minutes]:
sync.runtime_notifyListWait(0xc001363590, 0x42)
	/usr/local/Cellar/go/1.24.2/libexec/src/runtime/sema.go:597 +0x159
sync.(*Cond).Wait(0x0?)
	/usr/local/Cellar/go/1.24.2/libexec/src/sync/cond.go:71 +0x85
github.com/nats-io/nats%2ego.(*Conn).waitForMsgs(0xc001499508, 0xc000aaae10)
	/Users/jace/go/pkg/mod/github.com/nats-io/nats.go@v1.41.1/nats.go:3178 +0xc5
created by github.com/nats-io/nats%2ego.(*Conn).subscribeLocked in goroutine 26444
	/Users/jace/go/pkg/mod/github.com/nats-io/nats.go@v1.41.1/nats.go:4468 +0x419

goroutine 27207 [chan receive, 2 minutes]:
github.com/ThreeDotsLabs/watermill/message.(*messageTransformSubscriberDecorator).Subscribe.func1()
	/Users/jace/go/pkg/mod/github.com/!three!dots!labs/watermill@v1.4.6/message/decorator.go:52 +0x85
created by github.com/ThreeDotsLabs/watermill/message.(*messageTransformSubscriberDecorator).Subscribe in goroutine 27088
	/Users/jace/go/pkg/mod/github.com/!three!dots!labs/watermill@v1.4.6/message/decorator.go:51 +0xc7

goroutine 27264 [chan receive, 2 minutes]:
github.com/ThreeDotsLabs/watermill/message.(*handler).run(0xc000b84b60, {0x10a337fa0, 0xc001980730}, {0xc0012ed800, 0x6, 0x0?})
	/Users/jace/go/pkg/mod/github.com/!three!dots!labs/watermill@v1.4.6/message/router.go:645 +0x2b4
github.com/ThreeDotsLabs/watermill/message.(*Router).RunHandlers.func1()
	/Users/jace/go/pkg/mod/github.com/!three!dots!labs/watermill@v1.4.6/message/router.go:460 +0x145
created by github.com/ThreeDotsLabs/watermill/message.(*Router).RunHandlers in goroutine 27088
	/Users/jace/go/pkg/mod/github.com/!three!dots!labs/watermill@v1.4.6/message/router.go:453 +0x606

goroutine 23287 [chan receive, 2 minutes]:
github.com/ThreeDotsLabs/watermill/message.(*handler).run(0xc000966750, {0x10a337fa0, 0xc00098bef0}, {0xc0014dc3c0, 0x6, 0x10955daec?})
	/Users/jace/go/pkg/mod/github.com/!three!dots!labs/watermill@v1.4.6/message/router.go:645 +0x2b4
github.com/ThreeDotsLabs/watermill/message.(*Router).RunHandlers.func1()
	/Users/jace/go/pkg/mod/github.com/!three!dots!labs/watermill@v1.4.6/message/router.go:460 +0x145
created by github.com/ThreeDotsLabs/watermill/message.(*Router).RunHandlers in goroutine 23038
	/Users/jace/go/pkg/mod/github.com/!three!dots!labs/watermill@v1.4.6/message/router.go:453 +0x606

goroutine 27387 [select, 2 minutes]:
github.com/nats-io/nats.go/jetstream.(*pullSubscription).pullMessages(0xc001920cf0, {0xc00024f4a0, 0x55})
	/Users/jace/go/pkg/mod/github.com/nats-io/nats.go@v1.41.1/jetstream/pull.go:955 +0x91
created by github.com/nats-io/nats.go/jetstream.(*pullConsumer).Messages in goroutine 27088
	/Users/jace/go/pkg/mod/github.com/nats-io/nats.go@v1.41.1/jetstream/pull.go:534 +0x748

goroutine 23292 [chan receive, 2 minutes]:
github.com/ThreeDotsLabs/watermill/message.(*messageTransformSubscriberDecorator).Subscribe.func1()
	/Users/jace/go/pkg/mod/github.com/!three!dots!labs/watermill@v1.4.6/message/decorator.go:52 +0x85
created by github.com/ThreeDotsLabs/watermill/message.(*messageTransformSubscriberDecorator).Subscribe in goroutine 23038
	/Users/jace/go/pkg/mod/github.com/!three!dots!labs/watermill@v1.4.6/message/decorator.go:51 +0xc7

goroutine 37080 [select]:
github.com/nats-io/nats%2ego.(*Conn).doReconnect(0xc001b24308, {0x10a327f28, 0x10acedb30}, 0x0)
	/Users/jace/go/pkg/mod/github.com/nats-io/nats.go@v1.41.1/nats.go:2907 +0x41a
created by github.com/nats-io/nats%2ego.(*Conn).processOpErr in goroutine 36700
	/Users/jace/go/pkg/mod/github.com/nats-io/nats.go@v1.41.1/nats.go:3043 +0x2f3

goroutine 33432 [select, 2 minutes]:
github.com/nats-io/nats.go/jetstream.(*pullSubscription).pullMessages(0xc0010d5200, {0xc00179ab40, 0x47})
	/Users/jace/go/pkg/mod/github.com/nats-io/nats.go@v1.41.1/jetstream/pull.go:955 +0x91
created by github.com/nats-io/nats.go/jetstream.(*pullConsumer).Messages in goroutine 33200
	/Users/jace/go/pkg/mod/github.com/nats-io/nats.go@v1.41.1/jetstream/pull.go:534 +0x748

goroutine 23311 [select, 2 minutes]:
github.com/nats-io/nats.go/jetstream.(*pullSubscription).Next(0xc000b88240)
	/Users/jace/go/pkg/mod/github.com/nats-io/nats.go@v1.41.1/jetstream/pull.go:589 +0x285
github.com/Black-And-White-Club/frolf-bot-shared/eventbus.(*eventBus).Subscribe.func1()
	/Users/jace/Documents/GitHub/frolf-bot-shared/eventbus/eventbus.go:326 +0x169
created by github.com/Black-And-White-Club/frolf-bot-shared/eventbus.(*eventBus).Subscribe in goroutine 23038
	/Users/jace/Documents/GitHub/frolf-bot-shared/eventbus/eventbus.go:315 +0xbf1

goroutine 33299 [chan receive, 2 minutes]:
github.com/ThreeDotsLabs/watermill/message.(*messageTransformSubscriberDecorator).Subscribe.func1()
	/Users/jace/go/pkg/mod/github.com/!three!dots!labs/watermill@v1.4.6/message/decorator.go:52 +0x85
created by github.com/ThreeDotsLabs/watermill/message.(*messageTransformSubscriberDecorator).Subscribe in goroutine 33200
	/Users/jace/go/pkg/mod/github.com/!three!dots!labs/watermill@v1.4.6/message/decorator.go:51 +0xc7

goroutine 22526 [select, 2 minutes]:
github.com/nats-io/nats.go/jetstream.(*pullConsumer).Messages.func2()
	/Users/jace/go/pkg/mod/github.com/nats-io/nats.go@v1.41.1/jetstream/pull.go:538 +0x68
created by github.com/nats-io/nats.go/jetstream.(*pullConsumer).Messages in goroutine 23038
	/Users/jace/go/pkg/mod/github.com/nats-io/nats.go@v1.41.1/jetstream/pull.go:536 +0x78a

goroutine 31099 [sync.Cond.Wait, 2 minutes]:
sync.runtime_notifyListWait(0xc000ba6f10, 0x0)
	/usr/local/Cellar/go/1.24.2/libexec/src/runtime/sema.go:597 +0x159
sync.(*Cond).Wait(0xc001d088c8?)
	/usr/local/Cellar/go/1.24.2/libexec/src/sync/cond.go:71 +0x85
github.com/nats-io/nats%2ego.(*asyncCallbacksHandler).asyncCBDispatcher(0xc0010bae20)
	/Users/jace/go/pkg/mod/github.com/nats-io/nats.go@v1.41.1/nats.go:3059 +0xdd
created by github.com/nats-io/nats%2ego.Options.Connect in goroutine 30397
	/Users/jace/go/pkg/mod/github.com/nats-io/nats.go@v1.41.1/nats.go:1635 +0x387

goroutine 27498 [select, 2 minutes]:
github.com/nats-io/nats.go/jetstream.(*pullConsumer).Messages.func2()
	/Users/jace/go/pkg/mod/github.com/nats-io/nats.go@v1.41.1/jetstream/pull.go:538 +0x68
created by github.com/nats-io/nats.go/jetstream.(*pullConsumer).Messages in goroutine 27088
	/Users/jace/go/pkg/mod/github.com/nats-io/nats.go@v1.41.1/jetstream/pull.go:536 +0x78a

goroutine 34143 [chan receive, 2 minutes]:
github.com/ThreeDotsLabs/watermill/message.(*messageTransformSubscriberDecorator).Subscribe.func1()
	/Users/jace/go/pkg/mod/github.com/!three!dots!labs/watermill@v1.4.6/message/decorator.go:52 +0x85
created by github.com/ThreeDotsLabs/watermill/message.(*messageTransformSubscriberDecorator).Subscribe in goroutine 34180
	/Users/jace/go/pkg/mod/github.com/!three!dots!labs/watermill@v1.4.6/message/decorator.go:51 +0xc7

goroutine 32456 [chan receive, 2 minutes]:
github.com/ThreeDotsLabs/watermill/message.(*handler).run(0xc00118dad0, {0x10a337fa0, 0xc000f4f720}, {0xc000eb9440, 0x6, 0x0?})
	/Users/jace/go/pkg/mod/github.com/!three!dots!labs/watermill@v1.4.6/message/router.go:645 +0x2b4
github.com/ThreeDotsLabs/watermill/message.(*Router).RunHandlers.func1()
	/Users/jace/go/pkg/mod/github.com/!three!dots!labs/watermill@v1.4.6/message/router.go:460 +0x145
created by github.com/ThreeDotsLabs/watermill/message.(*Router).RunHandlers in goroutine 32049
	/Users/jace/go/pkg/mod/github.com/!three!dots!labs/watermill@v1.4.6/message/router.go:453 +0x606

goroutine 27416 [chan receive, 2 minutes]:
github.com/ThreeDotsLabs/watermill/message.(*handler).run(0xc0006a7d40, {0x10a337fa0, 0xc0000ea190}, {0xc00015a000, 0x6, 0x0?})
	/Users/jace/go/pkg/mod/github.com/!three!dots!labs/watermill@v1.4.6/message/router.go:645 +0x2b4
github.com/ThreeDotsLabs/watermill/message.(*Router).RunHandlers.func1()
	/Users/jace/go/pkg/mod/github.com/!three!dots!labs/watermill@v1.4.6/message/router.go:460 +0x145
created by github.com/ThreeDotsLabs/watermill/message.(*Router).RunHandlers in goroutine 27088
	/Users/jace/go/pkg/mod/github.com/!three!dots!labs/watermill@v1.4.6/message/router.go:453 +0x606

goroutine 27396 [select, 2 minutes]:
github.com/nats-io/nats.go/jetstream.(*pullConsumer).Messages.func2()
	/Users/jace/go/pkg/mod/github.com/nats-io/nats.go@v1.41.1/jetstream/pull.go:538 +0x68
created by github.com/nats-io/nats.go/jetstream.(*pullConsumer).Messages in goroutine 27088
	/Users/jace/go/pkg/mod/github.com/nats-io/nats.go@v1.41.1/jetstream/pull.go:536 +0x78a

goroutine 32467 [select, 2 minutes]:
github.com/nats-io/nats.go/jetstream.(*pullSubscription).pullMessages(0xc000708c60, {0xc0005e93b0, 0x4b})
	/Users/jace/go/pkg/mod/github.com/nats-io/nats.go@v1.41.1/jetstream/pull.go:955 +0x91
created by github.com/nats-io/nats.go/jetstream.(*pullConsumer).Messages in goroutine 32049
	/Users/jace/go/pkg/mod/github.com/nats-io/nats.go@v1.41.1/jetstream/pull.go:534 +0x748

goroutine 34331 [select, 2 minutes]:
github.com/nats-io/nats.go/jetstream.(*pullConsumer).Messages.func2()
	/Users/jace/go/pkg/mod/github.com/nats-io/nats.go@v1.41.1/jetstream/pull.go:538 +0x68
created by github.com/nats-io/nats.go/jetstream.(*pullConsumer).Messages in goroutine 34180
	/Users/jace/go/pkg/mod/github.com/nats-io/nats.go@v1.41.1/jetstream/pull.go:536 +0x78a

goroutine 27109 [select, 2 minutes]:
github.com/nats-io/nats.go/jetstream.(*pullSubscription).Next(0xc001043440)
	/Users/jace/go/pkg/mod/github.com/nats-io/nats.go@v1.41.1/jetstream/pull.go:589 +0x285
github.com/Black-And-White-Club/frolf-bot-shared/eventbus.(*eventBus).Subscribe.func1()
	/Users/jace/Documents/GitHub/frolf-bot-shared/eventbus/eventbus.go:326 +0x169
created by github.com/Black-And-White-Club/frolf-bot-shared/eventbus.(*eventBus).Subscribe in goroutine 27088
	/Users/jace/Documents/GitHub/frolf-bot-shared/eventbus/eventbus.go:315 +0xbf1

goroutine 33260 [select, 2 minutes]:
github.com/nats-io/nats.go/jetstream.(*pullConsumer).Messages.func2()
	/Users/jace/go/pkg/mod/github.com/nats-io/nats.go@v1.41.1/jetstream/pull.go:538 +0x68
created by github.com/nats-io/nats.go/jetstream.(*pullConsumer).Messages in goroutine 33200
	/Users/jace/go/pkg/mod/github.com/nats-io/nats.go@v1.41.1/jetstream/pull.go:536 +0x78a

goroutine 34319 [chan receive, 2 minutes]:
github.com/ThreeDotsLabs/watermill/message.(*handler).run(0xc001a948f0, {0x10a337fa0, 0xc000f4ea00}, {0xc00076c0c0, 0x6, 0x0?})
	/Users/jace/go/pkg/mod/github.com/!three!dots!labs/watermill@v1.4.6/message/router.go:645 +0x2b4
github.com/ThreeDotsLabs/watermill/message.(*Router).RunHandlers.func1()
	/Users/jace/go/pkg/mod/github.com/!three!dots!labs/watermill@v1.4.6/message/router.go:460 +0x145
created by github.com/ThreeDotsLabs/watermill/message.(*Router).RunHandlers in goroutine 34180
	/Users/jace/go/pkg/mod/github.com/!three!dots!labs/watermill@v1.4.6/message/router.go:453 +0x606

goroutine 32268 [chan receive, 2 minutes]:
github.com/ThreeDotsLabs/watermill/message.(*handler).run(0xc00118c0d0, {0x10a337fa0, 0xc00192a730}, {0xc0015ae300, 0x6, 0x109d2077c?})
	/Users/jace/go/pkg/mod/github.com/!three!dots!labs/watermill@v1.4.6/message/router.go:645 +0x2b4
github.com/ThreeDotsLabs/watermill/message.(*Router).RunHandlers.func1()
	/Users/jace/go/pkg/mod/github.com/!three!dots!labs/watermill@v1.4.6/message/router.go:460 +0x145
created by github.com/ThreeDotsLabs/watermill/message.(*Router).RunHandlers in goroutine 32049
	/Users/jace/go/pkg/mod/github.com/!three!dots!labs/watermill@v1.4.6/message/router.go:453 +0x606

goroutine 33227 [chan receive, 2 minutes]:
github.com/ThreeDotsLabs/watermill/message.(*messageTransformSubscriberDecorator).Subscribe.func1()
	/Users/jace/go/pkg/mod/github.com/!three!dots!labs/watermill@v1.4.6/message/decorator.go:52 +0x85
created by github.com/ThreeDotsLabs/watermill/message.(*messageTransformSubscriberDecorator).Subscribe in goroutine 33200
	/Users/jace/go/pkg/mod/github.com/!three!dots!labs/watermill@v1.4.6/message/decorator.go:51 +0xc7

goroutine 23159 [select, 2 minutes]:
github.com/nats-io/nats.go/jetstream.(*pullConsumer).Messages.func2()
	/Users/jace/go/pkg/mod/github.com/nats-io/nats.go@v1.41.1/jetstream/pull.go:538 +0x68
created by github.com/nats-io/nats.go/jetstream.(*pullConsumer).Messages in goroutine 23038
	/Users/jace/go/pkg/mod/github.com/nats-io/nats.go@v1.41.1/jetstream/pull.go:536 +0x78a

goroutine 23533 [select, 2 minutes]:
github.com/nats-io/nats.go/jetstream.(*pullConsumer).Messages.func2()
	/Users/jace/go/pkg/mod/github.com/nats-io/nats.go@v1.41.1/jetstream/pull.go:538 +0x68
created by github.com/nats-io/nats.go/jetstream.(*pullConsumer).Messages in goroutine 23038
	/Users/jace/go/pkg/mod/github.com/nats-io/nats.go@v1.41.1/jetstream/pull.go:536 +0x78a

goroutine 23153 [select, 2 minutes]:
github.com/nats-io/nats.go/jetstream.(*pullConsumer).Messages.func2()
	/Users/jace/go/pkg/mod/github.com/nats-io/nats.go@v1.41.1/jetstream/pull.go:538 +0x68
created by github.com/nats-io/nats.go/jetstream.(*pullConsumer).Messages in goroutine 23038
	/Users/jace/go/pkg/mod/github.com/nats-io/nats.go@v1.41.1/jetstream/pull.go:536 +0x78a

goroutine 23455 [select, 2 minutes]:
github.com/nats-io/nats.go/jetstream.(*pullConsumer).Messages.func2()
	/Users/jace/go/pkg/mod/github.com/nats-io/nats.go@v1.41.1/jetstream/pull.go:538 +0x68
created by github.com/nats-io/nats.go/jetstream.(*pullConsumer).Messages in goroutine 23038
	/Users/jace/go/pkg/mod/github.com/nats-io/nats.go@v1.41.1/jetstream/pull.go:536 +0x78a

goroutine 23200 [chan receive, 2 minutes]:
github.com/ThreeDotsLabs/watermill/message.(*handler).run(0xc000612dd0, {0x10a337fa0, 0xc0005ae8c0}, {0xc0014dc300, 0x6, 0xa0d35203a736567?})
	/Users/jace/go/pkg/mod/github.com/!three!dots!labs/watermill@v1.4.6/message/router.go:645 +0x2b4
github.com/ThreeDotsLabs/watermill/message.(*Router).RunHandlers.func1()
	/Users/jace/go/pkg/mod/github.com/!three!dots!labs/watermill@v1.4.6/message/router.go:460 +0x145
created by github.com/ThreeDotsLabs/watermill/message.(*Router).RunHandlers in goroutine 23038
	/Users/jace/go/pkg/mod/github.com/!three!dots!labs/watermill@v1.4.6/message/router.go:453 +0x606

goroutine 33406 [sync.WaitGroup.Wait, 2 minutes]:
sync.runtime_SemacquireWaitGroup(0x0?)
	/usr/local/Cellar/go/1.24.2/libexec/src/runtime/sema.go:110 +0x25
sync.(*WaitGroup).Wait(0x109160452?)
	/usr/local/Cellar/go/1.24.2/libexec/src/sync/waitgroup.go:118 +0x48
github.com/ThreeDotsLabs/watermill/pubsub/sync.WaitGroupTimeout.func1()
	/Users/jace/go/pkg/mod/github.com/!three!dots!labs/watermill@v1.4.6/pubsub/sync/waitgroup.go:13 +0x25
created by github.com/ThreeDotsLabs/watermill/pubsub/sync.WaitGroupTimeout in goroutine 32603
	/Users/jace/go/pkg/mod/github.com/!three!dots!labs/watermill@v1.4.6/pubsub/sync/waitgroup.go:12 +0x85

goroutine 23528 [chan receive, 2 minutes]:
github.com/ThreeDotsLabs/watermill/message.(*handler).run(0xc00046dba0, {0x10a337fa0, 0xc001137220}, {0xc00078a000, 0x6, 0xc001345778?})
	/Users/jace/go/pkg/mod/github.com/!three!dots!labs/watermill@v1.4.6/message/router.go:645 +0x2b4
github.com/ThreeDotsLabs/watermill/message.(*Router).RunHandlers.func1()
	/Users/jace/go/pkg/mod/github.com/!three!dots!labs/watermill@v1.4.6/message/router.go:460 +0x145
created by github.com/ThreeDotsLabs/watermill/message.(*Router).RunHandlers in goroutine 23038
	/Users/jace/go/pkg/mod/github.com/!three!dots!labs/watermill@v1.4.6/message/router.go:453 +0x606

goroutine 32237 [chan receive, 2 minutes]:
github.com/ThreeDotsLabs/watermill/message.(*handler).run(0xc000173930, {0x10a337fa0, 0xc000a12c80}, {0xc0015ae240, 0x6, 0xc000ce7778?})
	/Users/jace/go/pkg/mod/github.com/!three!dots!labs/watermill@v1.4.6/message/router.go:645 +0x2b4
github.com/ThreeDotsLabs/watermill/message.(*Router).RunHandlers.func1()
	/Users/jace/go/pkg/mod/github.com/!three!dots!labs/watermill@v1.4.6/message/router.go:460 +0x145
created by github.com/ThreeDotsLabs/watermill/message.(*Router).RunHandlers in goroutine 32049
	/Users/jace/go/pkg/mod/github.com/!three!dots!labs/watermill@v1.4.6/message/router.go:453 +0x606

goroutine 23607 [select, 2 minutes]:
github.com/nats-io/nats.go/jetstream.(*pullConsumer).Messages.func2()
	/Users/jace/go/pkg/mod/github.com/nats-io/nats.go@v1.41.1/jetstream/pull.go:538 +0x68
created by github.com/nats-io/nats.go/jetstream.(*pullConsumer).Messages in goroutine 23038
	/Users/jace/go/pkg/mod/github.com/nats-io/nats.go@v1.41.1/jetstream/pull.go:536 +0x78a

goroutine 34314 [chan receive, 2 minutes]:
github.com/ThreeDotsLabs/watermill/message.(*handler).run(0xc001a94750, {0x10a337fa0, 0xc000914be0}, {0xc000a5a0c0, 0x6, 0xc001906f78?})
	/Users/jace/go/pkg/mod/github.com/!three!dots!labs/watermill@v1.4.6/message/router.go:645 +0x2b4
github.com/ThreeDotsLabs/watermill/message.(*Router).RunHandlers.func1()
	/Users/jace/go/pkg/mod/github.com/!three!dots!labs/watermill@v1.4.6/message/router.go:460 +0x145
created by github.com/ThreeDotsLabs/watermill/message.(*Router).RunHandlers in goroutine 34180
	/Users/jace/go/pkg/mod/github.com/!three!dots!labs/watermill@v1.4.6/message/router.go:453 +0x606

goroutine 27367 [select, 2 minutes]:
github.com/nats-io/nats.go/jetstream.(*pullSubscription).pullMessages(0xc0012827e0, {0xc00004e870, 0x45})
	/Users/jace/go/pkg/mod/github.com/nats-io/nats.go@v1.41.1/jetstream/pull.go:955 +0x91
created by github.com/nats-io/nats.go/jetstream.(*pullConsumer).Messages in goroutine 27088
	/Users/jace/go/pkg/mod/github.com/nats-io/nats.go@v1.41.1/jetstream/pull.go:534 +0x748

goroutine 27111 [chan receive, 2 minutes]:
github.com/ThreeDotsLabs/watermill/message.(*handler).run(0xc000b84680, {0x10a337fa0, 0xc000a12230}, {0xc0016243c0, 0x6, 0x303035203a736567?})
	/Users/jace/go/pkg/mod/github.com/!three!dots!labs/watermill@v1.4.6/message/router.go:645 +0x2b4
github.com/ThreeDotsLabs/watermill/message.(*Router).RunHandlers.func1()
	/Users/jace/go/pkg/mod/github.com/!three!dots!labs/watermill@v1.4.6/message/router.go:460 +0x145
created by github.com/ThreeDotsLabs/watermill/message.(*Router).RunHandlers in goroutine 27088
	/Users/jace/go/pkg/mod/github.com/!three!dots!labs/watermill@v1.4.6/message/router.go:453 +0x606

goroutine 27195 [chan receive, 2 minutes]:
github.com/ThreeDotsLabs/watermill/message.(*handler).run(0xc0006a7ba0, {0x10a337fa0, 0xc0000c5360}, {0xc0012ed680, 0x6, 0x100010000?})
	/Users/jace/go/pkg/mod/github.com/!three!dots!labs/watermill@v1.4.6/message/router.go:645 +0x2b4
github.com/ThreeDotsLabs/watermill/message.(*Router).RunHandlers.func1()
	/Users/jace/go/pkg/mod/github.com/!three!dots!labs/watermill@v1.4.6/message/router.go:460 +0x145
created by github.com/ThreeDotsLabs/watermill/message.(*Router).RunHandlers in goroutine 27088
	/Users/jace/go/pkg/mod/github.com/!three!dots!labs/watermill@v1.4.6/message/router.go:453 +0x606

goroutine 32286 [select, 2 minutes]:
github.com/nats-io/nats.go/jetstream.(*pullSubscription).Next(0xc000b74e10)
	/Users/jace/go/pkg/mod/github.com/nats-io/nats.go@v1.41.1/jetstream/pull.go:589 +0x285
github.com/Black-And-White-Club/frolf-bot-shared/eventbus.(*eventBus).ProcessDelayedMessages.func1.2(0xc0018aaa50, {0x10a335050?, 0xc000b74e10?}, 0xc00074ec80, {0x10a337f68, 0xc000f9bce0}, {0x0?, 0x10a327f28?, 0x0?}, {0xba, ...})
	/Users/jace/Documents/GitHub/frolf-bot-shared/eventbus/delayed_messages.go:348 +0xab
github.com/Black-And-White-Club/frolf-bot-shared/eventbus.(*eventBus).ProcessDelayedMessages.func1()
	/Users/jace/Documents/GitHub/frolf-bot-shared/eventbus/delayed_messages.go:377 +0x233
created by github.com/Black-And-White-Club/frolf-bot-shared/eventbus.(*eventBus).ProcessDelayedMessages in goroutine 32418
	/Users/jace/Documents/GitHub/frolf-bot-shared/eventbus/delayed_messages.go:311 +0xb99

goroutine 22527 [select, 2 minutes]:
github.com/nats-io/nats.go/jetstream.(*pullSubscription).Next(0xc000f91ef0)
	/Users/jace/go/pkg/mod/github.com/nats-io/nats.go@v1.41.1/jetstream/pull.go:589 +0x285
github.com/Black-And-White-Club/frolf-bot-shared/eventbus.(*eventBus).Subscribe.func1()
	/Users/jace/Documents/GitHub/frolf-bot-shared/eventbus/eventbus.go:326 +0x169
created by github.com/Black-And-White-Club/frolf-bot-shared/eventbus.(*eventBus).Subscribe in goroutine 23038
	/Users/jace/Documents/GitHub/frolf-bot-shared/eventbus/eventbus.go:315 +0xbf1

goroutine 23040 [sync.WaitGroup.Wait, 2 minutes]:
sync.runtime_SemacquireWaitGroup(0x1095ae7c0?)
	/usr/local/Cellar/go/1.24.2/libexec/src/runtime/sema.go:110 +0x25
sync.(*WaitGroup).Wait(0x10a26c820?)
	/usr/local/Cellar/go/1.24.2/libexec/src/sync/waitgroup.go:118 +0x48
github.com/ThreeDotsLabs/watermill/message.(*Router).watchAllHandlersStopped.func1()
	/Users/jace/go/pkg/mod/github.com/!three!dots!labs/watermill@v1.4.6/message/router.go:498 +0x86
created by github.com/ThreeDotsLabs/watermill/message.(*Router).watchAllHandlersStopped in goroutine 23038
	/Users/jace/go/pkg/mod/github.com/!three!dots!labs/watermill@v1.4.6/message/router.go:484 +0xec

goroutine 23456 [select, 2 minutes]:
github.com/nats-io/nats.go/jetstream.(*pullSubscription).Next(0xc001123170)
	/Users/jace/go/pkg/mod/github.com/nats-io/nats.go@v1.41.1/jetstream/pull.go:589 +0x285
github.com/Black-And-White-Club/frolf-bot-shared/eventbus.(*eventBus).Subscribe.func1()
	/Users/jace/Documents/GitHub/frolf-bot-shared/eventbus/eventbus.go:326 +0x169
created by github.com/Black-And-White-Club/frolf-bot-shared/eventbus.(*eventBus).Subscribe in goroutine 23038
	/Users/jace/Documents/GitHub/frolf-bot-shared/eventbus/eventbus.go:315 +0xbf1

goroutine 23102 [select, 2 minutes]:
github.com/nats-io/nats.go/jetstream.(*pullSubscription).pullMessages(0xc000879b90, {0xc000807ae0, 0x47})
	/Users/jace/go/pkg/mod/github.com/nats-io/nats.go@v1.41.1/jetstream/pull.go:955 +0x91
created by github.com/nats-io/nats.go/jetstream.(*pullConsumer).Messages in goroutine 23038
	/Users/jace/go/pkg/mod/github.com/nats-io/nats.go@v1.41.1/jetstream/pull.go:534 +0x748

goroutine 23284 [select, 2 minutes]:
github.com/nats-io/nats.go/jetstream.(*pullConsumer).Messages.func2()
	/Users/jace/go/pkg/mod/github.com/nats-io/nats.go@v1.41.1/jetstream/pull.go:538 +0x68
created by github.com/nats-io/nats.go/jetstream.(*pullConsumer).Messages in goroutine 23038
	/Users/jace/go/pkg/mod/github.com/nats-io/nats.go@v1.41.1/jetstream/pull.go:536 +0x78a

goroutine 27586 [select, 2 minutes]:
github.com/nats-io/nats.go/jetstream.(*pullConsumer).Messages.func2()
	/Users/jace/go/pkg/mod/github.com/nats-io/nats.go@v1.41.1/jetstream/pull.go:538 +0x68
created by github.com/nats-io/nats.go/jetstream.(*pullConsumer).Messages in goroutine 27088
	/Users/jace/go/pkg/mod/github.com/nats-io/nats.go@v1.41.1/jetstream/pull.go:536 +0x78a

goroutine 23344 [chan receive, 2 minutes]:
github.com/ThreeDotsLabs/watermill/message.(*handler).run(0xc00046d1e0, {0x10a337fa0, 0xc001136730}, {0xc000556000, 0x6, 0xc0019907e0?})
	/Users/jace/go/pkg/mod/github.com/!three!dots!labs/watermill@v1.4.6/message/router.go:645 +0x2b4
github.com/ThreeDotsLabs/watermill/message.(*Router).RunHandlers.func1()
	/Users/jace/go/pkg/mod/github.com/!three!dots!labs/watermill@v1.4.6/message/router.go:460 +0x145
created by github.com/ThreeDotsLabs/watermill/message.(*Router).RunHandlers in goroutine 23038
	/Users/jace/go/pkg/mod/github.com/!three!dots!labs/watermill@v1.4.6/message/router.go:453 +0x606

goroutine 23091 [chan receive, 2 minutes]:
github.com/ThreeDotsLabs/watermill/message.(*messageTransformSubscriberDecorator).Subscribe.func1()
	/Users/jace/go/pkg/mod/github.com/!three!dots!labs/watermill@v1.4.6/message/decorator.go:52 +0x85
created by github.com/ThreeDotsLabs/watermill/message.(*messageTransformSubscriberDecorator).Subscribe in goroutine 23038
	/Users/jace/go/pkg/mod/github.com/!three!dots!labs/watermill@v1.4.6/message/decorator.go:51 +0xc7

goroutine 32168 [select, 2 minutes]:
github.com/nats-io/nats.go/jetstream.(*pullSubscription).pullMessages(0xc0013b1dd0, {0xc00093e0c0, 0x5a})
	/Users/jace/go/pkg/mod/github.com/nats-io/nats.go@v1.41.1/jetstream/pull.go:955 +0x91
created by github.com/nats-io/nats.go/jetstream.(*pullConsumer).Messages in goroutine 32049
	/Users/jace/go/pkg/mod/github.com/nats-io/nats.go@v1.41.1/jetstream/pull.go:534 +0x748

goroutine 22528 [chan receive, 2 minutes]:
github.com/ThreeDotsLabs/watermill/message.(*messageTransformSubscriberDecorator).Subscribe.func1()
	/Users/jace/go/pkg/mod/github.com/!three!dots!labs/watermill@v1.4.6/message/decorator.go:52 +0x85
created by github.com/ThreeDotsLabs/watermill/message.(*messageTransformSubscriberDecorator).Subscribe in goroutine 23038
	/Users/jace/go/pkg/mod/github.com/!three!dots!labs/watermill@v1.4.6/message/decorator.go:51 +0xc7

goroutine 23527 [chan receive, 2 minutes]:
github.com/ThreeDotsLabs/watermill/message.(*messageTransformSubscriberDecorator).Subscribe.func1()
	/Users/jace/go/pkg/mod/github.com/!three!dots!labs/watermill@v1.4.6/message/decorator.go:52 +0x85
created by github.com/ThreeDotsLabs/watermill/message.(*messageTransformSubscriberDecorator).Subscribe in goroutine 23038
	/Users/jace/go/pkg/mod/github.com/!three!dots!labs/watermill@v1.4.6/message/decorator.go:51 +0xc7

goroutine 27589 [chan receive, 2 minutes]:
github.com/ThreeDotsLabs/watermill/message.(*handler).run(0xc000b84340, {0x10a337fa0, 0xc001734cd0}, {0xc001948180, 0x6, 0xc001466f78?})
	/Users/jace/go/pkg/mod/github.com/!three!dots!labs/watermill@v1.4.6/message/router.go:645 +0x2b4
github.com/ThreeDotsLabs/watermill/message.(*Router).RunHandlers.func1()
	/Users/jace/go/pkg/mod/github.com/!three!dots!labs/watermill@v1.4.6/message/router.go:460 +0x145
created by github.com/ThreeDotsLabs/watermill/message.(*Router).RunHandlers in goroutine 27088
	/Users/jace/go/pkg/mod/github.com/!three!dots!labs/watermill@v1.4.6/message/router.go:453 +0x606

goroutine 23575 [chan receive, 2 minutes]:
github.com/ThreeDotsLabs/watermill/message.(*messageTransformSubscriberDecorator).Subscribe.func1()
	/Users/jace/go/pkg/mod/github.com/!three!dots!labs/watermill@v1.4.6/message/decorator.go:52 +0x85
created by github.com/ThreeDotsLabs/watermill/message.(*messageTransformSubscriberDecorator).Subscribe in goroutine 23038
	/Users/jace/go/pkg/mod/github.com/!three!dots!labs/watermill@v1.4.6/message/decorator.go:51 +0xc7

goroutine 36878 [select, 2 minutes]:
github.com/nats-io/nats.go/jetstream.(*pullConsumer).Messages.func2()
	/Users/jace/go/pkg/mod/github.com/nats-io/nats.go@v1.41.1/jetstream/pull.go:538 +0x68
created by github.com/nats-io/nats.go/jetstream.(*pullConsumer).Messages in goroutine 36760
	/Users/jace/go/pkg/mod/github.com/nats-io/nats.go@v1.41.1/jetstream/pull.go:536 +0x78a

goroutine 32455 [chan receive, 2 minutes]:
github.com/ThreeDotsLabs/watermill/message.(*messageTransformSubscriberDecorator).Subscribe.func1()
	/Users/jace/go/pkg/mod/github.com/!three!dots!labs/watermill@v1.4.6/message/decorator.go:52 +0x85
created by github.com/ThreeDotsLabs/watermill/message.(*messageTransformSubscriberDecorator).Subscribe in goroutine 32049
	/Users/jace/go/pkg/mod/github.com/!three!dots!labs/watermill@v1.4.6/message/decorator.go:51 +0xc7

goroutine 22529 [chan receive, 2 minutes]:
github.com/ThreeDotsLabs/watermill/message.(*handler).run(0xc001410750, {0x10a337fa0, 0xc0007afae0}, {0xc0017f9080, 0x6, 0xc001461778?})
	/Users/jace/go/pkg/mod/github.com/!three!dots!labs/watermill@v1.4.6/message/router.go:645 +0x2b4
github.com/ThreeDotsLabs/watermill/message.(*Router).RunHandlers.func1()
	/Users/jace/go/pkg/mod/github.com/!three!dots!labs/watermill@v1.4.6/message/router.go:460 +0x145
created by github.com/ThreeDotsLabs/watermill/message.(*Router).RunHandlers in goroutine 23038
	/Users/jace/go/pkg/mod/github.com/!three!dots!labs/watermill@v1.4.6/message/router.go:453 +0x606

goroutine 27426 [select, 2 minutes]:
github.com/nats-io/nats.go/jetstream.(*pullConsumer).Messages.func2()
	/Users/jace/go/pkg/mod/github.com/nats-io/nats.go@v1.41.1/jetstream/pull.go:538 +0x68
created by github.com/nats-io/nats.go/jetstream.(*pullConsumer).Messages in goroutine 27088
	/Users/jace/go/pkg/mod/github.com/nats-io/nats.go@v1.41.1/jetstream/pull.go:536 +0x78a

goroutine 31291 [select, 2 minutes]:
github.com/nats-io/nats.go/jetstream.(*pullSubscription).Next(0xc000f906c0)
	/Users/jace/go/pkg/mod/github.com/nats-io/nats.go@v1.41.1/jetstream/pull.go:589 +0x285
github.com/Black-And-White-Club/frolf-bot-shared/eventbus.(*eventBus).Subscribe.func1()
	/Users/jace/Documents/GitHub/frolf-bot-shared/eventbus/eventbus.go:326 +0x169
created by github.com/Black-And-White-Club/frolf-bot-shared/eventbus.(*eventBus).Subscribe in goroutine 31164
	/Users/jace/Documents/GitHub/frolf-bot-shared/eventbus/eventbus.go:315 +0xbf1

goroutine 27110 [chan receive, 2 minutes]:
github.com/ThreeDotsLabs/watermill/message.(*messageTransformSubscriberDecorator).Subscribe.func1()
	/Users/jace/go/pkg/mod/github.com/!three!dots!labs/watermill@v1.4.6/message/decorator.go:52 +0x85
created by github.com/ThreeDotsLabs/watermill/message.(*messageTransformSubscriberDecorator).Subscribe in goroutine 27088
	/Users/jace/go/pkg/mod/github.com/!three!dots!labs/watermill@v1.4.6/message/decorator.go:51 +0xc7

goroutine 33280 [select, 2 minutes]:
github.com/nats-io/nats.go/jetstream.(*pullSubscription).pullMessages(0xc001921290, {0xc0005e8c30, 0x45})
	/Users/jace/go/pkg/mod/github.com/nats-io/nats.go@v1.41.1/jetstream/pull.go:955 +0x91
created by github.com/nats-io/nats.go/jetstream.(*pullConsumer).Messages in goroutine 33200
	/Users/jace/go/pkg/mod/github.com/nats-io/nats.go@v1.41.1/jetstream/pull.go:534 +0x748

goroutine 33460 [select]:
github.com/nats-io/nats%2ego.(*Conn).doReconnect(0xc0012ca008, {0x10a327f28, 0x10acedb30}, 0x0)
	/Users/jace/go/pkg/mod/github.com/nats-io/nats.go@v1.41.1/nats.go:2907 +0x41a
created by github.com/nats-io/nats%2ego.(*Conn).processOpErr in goroutine 33099
	/Users/jace/go/pkg/mod/github.com/nats-io/nats.go@v1.41.1/nats.go:3043 +0x2f3

goroutine 32068 [select, 2 minutes]:
github.com/nats-io/nats.go/jetstream.(*pullSubscription).Next(0xc0013b0e10)
	/Users/jace/go/pkg/mod/github.com/nats-io/nats.go@v1.41.1/jetstream/pull.go:589 +0x285
github.com/Black-And-White-Club/frolf-bot-shared/eventbus.(*eventBus).Subscribe.func1()
	/Users/jace/Documents/GitHub/frolf-bot-shared/eventbus/eventbus.go:326 +0x169
created by github.com/Black-And-White-Club/frolf-bot-shared/eventbus.(*eventBus).Subscribe in goroutine 32049
	/Users/jace/Documents/GitHub/frolf-bot-shared/eventbus/eventbus.go:315 +0xbf1

goroutine 32139 [select, 2 minutes]:
github.com/nats-io/nats.go/jetstream.(*pullConsumer).Messages.func2()
	/Users/jace/go/pkg/mod/github.com/nats-io/nats.go@v1.41.1/jetstream/pull.go:538 +0x68
created by github.com/nats-io/nats.go/jetstream.(*pullConsumer).Messages in goroutine 32049
	/Users/jace/go/pkg/mod/github.com/nats-io/nats.go@v1.41.1/jetstream/pull.go:536 +0x78a

goroutine 32314 [chan receive, 2 minutes]:
github.com/ThreeDotsLabs/watermill/message.(*messageTransformSubscriberDecorator).Subscribe.func1()
	/Users/jace/go/pkg/mod/github.com/!three!dots!labs/watermill@v1.4.6/message/decorator.go:52 +0x85
created by github.com/ThreeDotsLabs/watermill/message.(*messageTransformSubscriberDecorator).Subscribe in goroutine 32049
	/Users/jace/go/pkg/mod/github.com/!three!dots!labs/watermill@v1.4.6/message/decorator.go:51 +0xc7

goroutine 23039 [sync.Cond.Wait, 2 minutes]:
sync.runtime_notifyListWait(0xc001062ad0, 0x1)
	/usr/local/Cellar/go/1.24.2/libexec/src/runtime/sema.go:597 +0x159
sync.(*Cond).Wait(0x0?)
	/usr/local/Cellar/go/1.24.2/libexec/src/sync/cond.go:71 +0x85
github.com/nats-io/nats%2ego.(*Conn).waitForMsgs(0xc001402708, 0xc0009764b0)
	/Users/jace/go/pkg/mod/github.com/nats-io/nats.go@v1.41.1/nats.go:3178 +0xc5
created by github.com/nats-io/nats%2ego.(*Conn).subscribeLocked in goroutine 22340
	/Users/jace/go/pkg/mod/github.com/nats-io/nats.go@v1.41.1/nats.go:4468 +0x419

goroutine 35567 [sync.WaitGroup.Wait, 2 minutes]:
sync.runtime_SemacquireWaitGroup(0x1095ae7c0?)
	/usr/local/Cellar/go/1.24.2/libexec/src/runtime/sema.go:110 +0x25
sync.(*WaitGroup).Wait(0x0?)
	/usr/local/Cellar/go/1.24.2/libexec/src/sync/waitgroup.go:118 +0x48
github.com/ThreeDotsLabs/watermill/message.(*Router).watchAllHandlersStopped.func1()
	/Users/jace/go/pkg/mod/github.com/!three!dots!labs/watermill@v1.4.6/message/router.go:498 +0x86
created by github.com/ThreeDotsLabs/watermill/message.(*Router).watchAllHandlersStopped in goroutine 36760
	/Users/jace/go/pkg/mod/github.com/!three!dots!labs/watermill@v1.4.6/message/router.go:484 +0xec

goroutine 27493 [select, 2 minutes]:
github.com/nats-io/nats.go/jetstream.(*pullSubscription).Next(0xc000b88360)
	/Users/jace/go/pkg/mod/github.com/nats-io/nats.go@v1.41.1/jetstream/pull.go:589 +0x285
github.com/Black-And-White-Club/frolf-bot-shared/eventbus.(*eventBus).Subscribe.func1()
	/Users/jace/Documents/GitHub/frolf-bot-shared/eventbus/eventbus.go:326 +0x169
created by github.com/Black-And-White-Club/frolf-bot-shared/eventbus.(*eventBus).Subscribe in goroutine 27088
	/Users/jace/Documents/GitHub/frolf-bot-shared/eventbus/eventbus.go:315 +0xbf1

goroutine 31174 [select, 2 minutes]:
github.com/nats-io/nats.go/jetstream.(*pullSubscription).pullMessages(0xc000b75b00, {0xc00017ff90, 0x4e})
	/Users/jace/go/pkg/mod/github.com/nats-io/nats.go@v1.41.1/jetstream/pull.go:955 +0x91
created by github.com/nats-io/nats.go/jetstream.(*pullConsumer).Messages in goroutine 31164
	/Users/jace/go/pkg/mod/github.com/nats-io/nats.go@v1.41.1/jetstream/pull.go:534 +0x748

goroutine 27530 [chan receive, 2 minutes]:
github.com/ThreeDotsLabs/watermill/message.(*messageTransformSubscriberDecorator).Subscribe.func1()
	/Users/jace/go/pkg/mod/github.com/!three!dots!labs/watermill@v1.4.6/message/decorator.go:52 +0x85
created by github.com/ThreeDotsLabs/watermill/message.(*messageTransformSubscriberDecorator).Subscribe in goroutine 27088
	/Users/jace/go/pkg/mod/github.com/!three!dots!labs/watermill@v1.4.6/message/decorator.go:51 +0xc7

goroutine 36962 [chan receive, 2 minutes]:
github.com/ThreeDotsLabs/watermill/message.(*handler).run(0xc001982000, {0x10a337fa0, 0xc0000c5c70}, {0xc001b16180, 0x6, 0xc0015f7f78?})
	/Users/jace/go/pkg/mod/github.com/!three!dots!labs/watermill@v1.4.6/message/router.go:645 +0x2b4
github.com/ThreeDotsLabs/watermill/message.(*Router).RunHandlers.func1()
	/Users/jace/go/pkg/mod/github.com/!three!dots!labs/watermill@v1.4.6/message/router.go:460 +0x145
created by github.com/ThreeDotsLabs/watermill/message.(*Router).RunHandlers in goroutine 36760
	/Users/jace/go/pkg/mod/github.com/!three!dots!labs/watermill@v1.4.6/message/router.go:453 +0x606

goroutine 32107 [select, 2 minutes]:
github.com/nats-io/nats.go/jetstream.(*pullSubscription).pullMessages(0xc0011a5320, {0xc000254730, 0x48})
	/Users/jace/go/pkg/mod/github.com/nats-io/nats.go@v1.41.1/jetstream/pull.go:955 +0x91
created by github.com/nats-io/nats.go/jetstream.(*pullConsumer).Messages in goroutine 32049
	/Users/jace/go/pkg/mod/github.com/nats-io/nats.go@v1.41.1/jetstream/pull.go:534 +0x748

goroutine 23454 [select, 2 minutes]:
github.com/nats-io/nats.go/jetstream.(*pullSubscription).pullMessages(0xc001123170, {0xc0008b2190, 0x4d})
	/Users/jace/go/pkg/mod/github.com/nats-io/nats.go@v1.41.1/jetstream/pull.go:955 +0x91
created by github.com/nats-io/nats.go/jetstream.(*pullConsumer).Messages in goroutine 23038
	/Users/jace/go/pkg/mod/github.com/nats-io/nats.go@v1.41.1/jetstream/pull.go:534 +0x748

goroutine 27491 [select, 2 minutes]:
github.com/nats-io/nats.go/jetstream.(*pullSubscription).pullMessages(0xc000b88360, {0xc0007d6af0, 0x45})
	/Users/jace/go/pkg/mod/github.com/nats-io/nats.go@v1.41.1/jetstream/pull.go:955 +0x91
created by github.com/nats-io/nats.go/jetstream.(*pullConsumer).Messages in goroutine 27088
	/Users/jace/go/pkg/mod/github.com/nats-io/nats.go@v1.41.1/jetstream/pull.go:534 +0x748

goroutine 23484 [chan receive, 2 minutes]:
github.com/ThreeDotsLabs/watermill/message.(*handler).run(0xc00046de10, {0x10a337fa0, 0xc0000c43c0}, {0xc00076a000, 0x6, 0xc00146d778?})
	/Users/jace/go/pkg/mod/github.com/!three!dots!labs/watermill@v1.4.6/message/router.go:645 +0x2b4
github.com/ThreeDotsLabs/watermill/message.(*Router).RunHandlers.func1()
	/Users/jace/go/pkg/mod/github.com/!three!dots!labs/watermill@v1.4.6/message/router.go:460 +0x145
created by github.com/ThreeDotsLabs/watermill/message.(*Router).RunHandlers in goroutine 23038
	/Users/jace/go/pkg/mod/github.com/!three!dots!labs/watermill@v1.4.6/message/router.go:453 +0x606

goroutine 27495 [chan receive, 2 minutes]:
github.com/ThreeDotsLabs/watermill/message.(*handler).run(0xc0006a7040, {0x10a337fa0, 0xc0000ebb30}, {0xc00190c180, 0x6, 0xc00146c778?})
	/Users/jace/go/pkg/mod/github.com/!three!dots!labs/watermill@v1.4.6/message/router.go:645 +0x2b4
github.com/ThreeDotsLabs/watermill/message.(*Router).RunHandlers.func1()
	/Users/jace/go/pkg/mod/github.com/!three!dots!labs/watermill@v1.4.6/message/router.go:460 +0x145
created by github.com/ThreeDotsLabs/watermill/message.(*Router).RunHandlers in goroutine 27088
	/Users/jace/go/pkg/mod/github.com/!three!dots!labs/watermill@v1.4.6/message/router.go:453 +0x606

goroutine 23512 [select, 2 minutes]:
github.com/nats-io/nats.go/jetstream.(*pullConsumer).Messages.func2()
	/Users/jace/go/pkg/mod/github.com/nats-io/nats.go@v1.41.1/jetstream/pull.go:538 +0x68
created by github.com/nats-io/nats.go/jetstream.(*pullConsumer).Messages in goroutine 23038
	/Users/jace/go/pkg/mod/github.com/nats-io/nats.go@v1.41.1/jetstream/pull.go:536 +0x78a

goroutine 23572 [select, 2 minutes]:
github.com/nats-io/nats.go/jetstream.(*pullSubscription).pullMessages(0xc000676e10, {0xc0004d86c0, 0x5a})
	/Users/jace/go/pkg/mod/github.com/nats-io/nats.go@v1.41.1/jetstream/pull.go:955 +0x91
created by github.com/nats-io/nats.go/jetstream.(*pullConsumer).Messages in goroutine 23038
	/Users/jace/go/pkg/mod/github.com/nats-io/nats.go@v1.41.1/jetstream/pull.go:534 +0x748

goroutine 23525 [select, 2 minutes]:
github.com/nats-io/nats.go/jetstream.(*pullConsumer).Messages.func2()
	/Users/jace/go/pkg/mod/github.com/nats-io/nats.go@v1.41.1/jetstream/pull.go:538 +0x68
created by github.com/nats-io/nats.go/jetstream.(*pullConsumer).Messages in goroutine 23038
	/Users/jace/go/pkg/mod/github.com/nats-io/nats.go@v1.41.1/jetstream/pull.go:536 +0x78a

goroutine 23483 [chan receive, 2 minutes]:
github.com/ThreeDotsLabs/watermill/message.(*messageTransformSubscriberDecorator).Subscribe.func1()
	/Users/jace/go/pkg/mod/github.com/!three!dots!labs/watermill@v1.4.6/message/decorator.go:52 +0x85
created by github.com/ThreeDotsLabs/watermill/message.(*messageTransformSubscriberDecorator).Subscribe in goroutine 23038
	/Users/jace/go/pkg/mod/github.com/!three!dots!labs/watermill@v1.4.6/message/decorator.go:51 +0xc7

goroutine 23482 [select, 2 minutes]:
github.com/nats-io/nats.go/jetstream.(*pullSubscription).Next(0xc001209cb0)
	/Users/jace/go/pkg/mod/github.com/nats-io/nats.go@v1.41.1/jetstream/pull.go:589 +0x285
github.com/Black-And-White-Club/frolf-bot-shared/eventbus.(*eventBus).Subscribe.func1()
	/Users/jace/Documents/GitHub/frolf-bot-shared/eventbus/eventbus.go:326 +0x169
created by github.com/Black-And-White-Club/frolf-bot-shared/eventbus.(*eventBus).Subscribe in goroutine 23038
	/Users/jace/Documents/GitHub/frolf-bot-shared/eventbus/eventbus.go:315 +0xbf1

goroutine 27399 [chan receive, 2 minutes]:
github.com/ThreeDotsLabs/watermill/message.(*handler).run(0xc0006a7a00, {0x10a337fa0, 0xc000a12550}, {0xc0001fc180, 0x6, 0x100000001?})
	/Users/jace/go/pkg/mod/github.com/!three!dots!labs/watermill@v1.4.6/message/router.go:645 +0x2b4
github.com/ThreeDotsLabs/watermill/message.(*Router).RunHandlers.func1()
	/Users/jace/go/pkg/mod/github.com/!three!dots!labs/watermill@v1.4.6/message/router.go:460 +0x145
created by github.com/ThreeDotsLabs/watermill/message.(*Router).RunHandlers in goroutine 27088
	/Users/jace/go/pkg/mod/github.com/!three!dots!labs/watermill@v1.4.6/message/router.go:453 +0x606

goroutine 27357 [select, 2 minutes]:
github.com/nats-io/nats.go/jetstream.(*pullSubscription).pullMessages(0xc001837050, {0xc0006c4240, 0x40})
	/Users/jace/go/pkg/mod/github.com/nats-io/nats.go@v1.41.1/jetstream/pull.go:955 +0x91
created by github.com/nats-io/nats.go/jetstream.(*pullConsumer).Messages in goroutine 27088
	/Users/jace/go/pkg/mod/github.com/nats-io/nats.go@v1.41.1/jetstream/pull.go:534 +0x748

goroutine 27398 [chan receive, 2 minutes]:
github.com/ThreeDotsLabs/watermill/message.(*messageTransformSubscriberDecorator).Subscribe.func1()
	/Users/jace/go/pkg/mod/github.com/!three!dots!labs/watermill@v1.4.6/message/decorator.go:52 +0x85
created by github.com/ThreeDotsLabs/watermill/message.(*messageTransformSubscriberDecorator).Subscribe in goroutine 27088
	/Users/jace/go/pkg/mod/github.com/!three!dots!labs/watermill@v1.4.6/message/decorator.go:51 +0xc7

goroutine 23514 [chan receive, 2 minutes]:
github.com/ThreeDotsLabs/watermill/message.(*messageTransformSubscriberDecorator).Subscribe.func1()
	/Users/jace/go/pkg/mod/github.com/!three!dots!labs/watermill@v1.4.6/message/decorator.go:52 +0x85
created by github.com/ThreeDotsLabs/watermill/message.(*messageTransformSubscriberDecorator).Subscribe in goroutine 23038
	/Users/jace/go/pkg/mod/github.com/!three!dots!labs/watermill@v1.4.6/message/decorator.go:51 +0xc7

goroutine 23515 [chan receive, 2 minutes]:
github.com/ThreeDotsLabs/watermill/message.(*handler).run(0xc00046da00, {0x10a337fa0, 0xc000995130}, {0xc0011c4180, 0x6, 0xc00141ef78?})
	/Users/jace/go/pkg/mod/github.com/!three!dots!labs/watermill@v1.4.6/message/router.go:645 +0x2b4
github.com/ThreeDotsLabs/watermill/message.(*Router).RunHandlers.func1()
	/Users/jace/go/pkg/mod/github.com/!three!dots!labs/watermill@v1.4.6/message/router.go:460 +0x145
created by github.com/ThreeDotsLabs/watermill/message.(*Router).RunHandlers in goroutine 23038
	/Users/jace/go/pkg/mod/github.com/!three!dots!labs/watermill@v1.4.6/message/router.go:453 +0x606

goroutine 36946 [select, 2 minutes]:
github.com/nats-io/nats.go/jetstream.(*pullConsumer).Messages.func2()
	/Users/jace/go/pkg/mod/github.com/nats-io/nats.go@v1.41.1/jetstream/pull.go:538 +0x68
created by github.com/nats-io/nats.go/jetstream.(*pullConsumer).Messages in goroutine 36760
	/Users/jace/go/pkg/mod/github.com/nats-io/nats.go@v1.41.1/jetstream/pull.go:536 +0x78a

goroutine 39027 [select, 1 minutes]:
github.com/nats-io/nats.go/jetstream.(*pullSubscription).pullMessages(0xc001c902d0, {0xc001eb8320, 0x47})
	/Users/jace/go/pkg/mod/github.com/nats-io/nats.go@v1.41.1/jetstream/pull.go:955 +0x91
created by github.com/nats-io/nats.go/jetstream.(*pullConsumer).Messages in goroutine 38959
	/Users/jace/go/pkg/mod/github.com/nats-io/nats.go@v1.41.1/jetstream/pull.go:534 +0x748

goroutine 33318 [chan receive, 2 minutes]:
github.com/ThreeDotsLabs/watermill/message.(*messageTransformSubscriberDecorator).Subscribe.func1()
	/Users/jace/go/pkg/mod/github.com/!three!dots!labs/watermill@v1.4.6/message/decorator.go:52 +0x85
created by github.com/ThreeDotsLabs/watermill/message.(*messageTransformSubscriberDecorator).Subscribe in goroutine 33200
	/Users/jace/go/pkg/mod/github.com/!three!dots!labs/watermill@v1.4.6/message/decorator.go:51 +0xc7

goroutine 27261 [select, 2 minutes]:
github.com/nats-io/nats.go/jetstream.(*pullConsumer).Messages.func2()
	/Users/jace/go/pkg/mod/github.com/nats-io/nats.go@v1.41.1/jetstream/pull.go:538 +0x68
created by github.com/nats-io/nats.go/jetstream.(*pullConsumer).Messages in goroutine 27088
	/Users/jace/go/pkg/mod/github.com/nats-io/nats.go@v1.41.1/jetstream/pull.go:536 +0x78a

goroutine 30425 [select]:
github.com/nats-io/nats%2ego.(*Conn).doReconnect(0xc001639508, {0x10a327f28, 0x10acedb30}, 0x0)
	/Users/jace/go/pkg/mod/github.com/nats-io/nats.go@v1.41.1/nats.go:2907 +0x41a
created by github.com/nats-io/nats%2ego.(*Conn).processOpErr in goroutine 27027
	/Users/jace/go/pkg/mod/github.com/nats-io/nats.go@v1.41.1/nats.go:3043 +0x2f3

goroutine 23576 [chan receive, 2 minutes]:
github.com/ThreeDotsLabs/watermill/message.(*handler).run(0xc0014101a0, {0x10a337fa0, 0xc0000c4820}, {0xc00076a180, 0x6, 0x10a327f28?})
	/Users/jace/go/pkg/mod/github.com/!three!dots!labs/watermill@v1.4.6/message/router.go:645 +0x2b4
github.com/ThreeDotsLabs/watermill/message.(*Router).RunHandlers.func1()
	/Users/jace/go/pkg/mod/github.com/!three!dots!labs/watermill@v1.4.6/message/router.go:460 +0x145
created by github.com/ThreeDotsLabs/watermill/message.(*Router).RunHandlers in goroutine 23038
	/Users/jace/go/pkg/mod/github.com/!three!dots!labs/watermill@v1.4.6/message/router.go:453 +0x606

goroutine 27368 [select, 2 minutes]:
github.com/nats-io/nats.go/jetstream.(*pullConsumer).Messages.func2()
	/Users/jace/go/pkg/mod/github.com/nats-io/nats.go@v1.41.1/jetstream/pull.go:538 +0x68
created by github.com/nats-io/nats.go/jetstream.(*pullConsumer).Messages in goroutine 27088
	/Users/jace/go/pkg/mod/github.com/nats-io/nats.go@v1.41.1/jetstream/pull.go:536 +0x78a

goroutine 34498 [select, 2 minutes]:
github.com/nats-io/nats.go/jetstream.(*pullSubscription).Next(0xc00113e480)
	/Users/jace/go/pkg/mod/github.com/nats-io/nats.go@v1.41.1/jetstream/pull.go:589 +0x285
github.com/Black-And-White-Club/frolf-bot-shared/eventbus.(*eventBus).Subscribe.func1()
	/Users/jace/Documents/GitHub/frolf-bot-shared/eventbus/eventbus.go:326 +0x169
created by github.com/Black-And-White-Club/frolf-bot-shared/eventbus.(*eventBus).Subscribe in goroutine 34180
	/Users/jace/Documents/GitHub/frolf-bot-shared/eventbus/eventbus.go:315 +0xbf1

goroutine 33254 [select, 2 minutes]:
github.com/nats-io/nats.go/jetstream.(*pullSubscription).pullMessages(0xc0012781b0, {0xc0008b35e0, 0x4b})
	/Users/jace/go/pkg/mod/github.com/nats-io/nats.go@v1.41.1/jetstream/pull.go:955 +0x91
created by github.com/nats-io/nats.go/jetstream.(*pullConsumer).Messages in goroutine 33200
	/Users/jace/go/pkg/mod/github.com/nats-io/nats.go@v1.41.1/jetstream/pull.go:534 +0x748

goroutine 23574 [select, 2 minutes]:
github.com/nats-io/nats.go/jetstream.(*pullSubscription).Next(0xc000676e10)
	/Users/jace/go/pkg/mod/github.com/nats-io/nats.go@v1.41.1/jetstream/pull.go:589 +0x285
github.com/Black-And-White-Club/frolf-bot-shared/eventbus.(*eventBus).Subscribe.func1()
	/Users/jace/Documents/GitHub/frolf-bot-shared/eventbus/eventbus.go:326 +0x169
created by github.com/Black-And-White-Club/frolf-bot-shared/eventbus.(*eventBus).Subscribe in goroutine 23038
	/Users/jace/Documents/GitHub/frolf-bot-shared/eventbus/eventbus.go:315 +0xbf1

goroutine 26734 [chan receive, 2 minutes]:
github.com/ThreeDotsLabs/watermill/message.(*handler).run(0xc000b84750, {0x10a337fa0, 0xc000994cd0}, {0xc001624480, 0x6, 0x1?})
	/Users/jace/go/pkg/mod/github.com/!three!dots!labs/watermill@v1.4.6/message/router.go:645 +0x2b4
github.com/ThreeDotsLabs/watermill/message.(*Router).RunHandlers.func1()
	/Users/jace/go/pkg/mod/github.com/!three!dots!labs/watermill@v1.4.6/message/router.go:460 +0x145
created by github.com/ThreeDotsLabs/watermill/message.(*Router).RunHandlers in goroutine 27088
	/Users/jace/go/pkg/mod/github.com/!three!dots!labs/watermill@v1.4.6/message/router.go:453 +0x606

goroutine 23568 [select, 2 minutes]:
github.com/nats-io/nats.go/jetstream.(*pullSubscription).pullMessages(0xc0010434d0, {0xc0005fc8c0, 0x3f})
	/Users/jace/go/pkg/mod/github.com/nats-io/nats.go@v1.41.1/jetstream/pull.go:955 +0x91
created by github.com/nats-io/nats.go/jetstream.(*pullConsumer).Messages in goroutine 23038
	/Users/jace/go/pkg/mod/github.com/nats-io/nats.go@v1.41.1/jetstream/pull.go:534 +0x748

goroutine 35691 [select, 2 minutes]:
github.com/nats-io/nats.go/jetstream.(*pullConsumer).Messages.func2()
	/Users/jace/go/pkg/mod/github.com/nats-io/nats.go@v1.41.1/jetstream/pull.go:538 +0x68
created by github.com/nats-io/nats.go/jetstream.(*pullConsumer).Messages in goroutine 35445
	/Users/jace/go/pkg/mod/github.com/nats-io/nats.go@v1.41.1/jetstream/pull.go:536 +0x78a

goroutine 27147 [select, 2 minutes]:
github.com/nats-io/nats.go/jetstream.(*pullSubscription).pullMessages(0xc0010d4120, {0xc00017ee10, 0x4e})
	/Users/jace/go/pkg/mod/github.com/nats-io/nats.go@v1.41.1/jetstream/pull.go:955 +0x91
created by github.com/nats-io/nats.go/jetstream.(*pullConsumer).Messages in goroutine 27088
	/Users/jace/go/pkg/mod/github.com/nats-io/nats.go@v1.41.1/jetstream/pull.go:534 +0x748

goroutine 27395 [select, 2 minutes]:
github.com/nats-io/nats.go/jetstream.(*pullSubscription).pullMessages(0xc0015902d0, {0xc0007d6870, 0x4f})
	/Users/jace/go/pkg/mod/github.com/nats-io/nats.go@v1.41.1/jetstream/pull.go:955 +0x91
created by github.com/nats-io/nats.go/jetstream.(*pullConsumer).Messages in goroutine 27088
	/Users/jace/go/pkg/mod/github.com/nats-io/nats.go@v1.41.1/jetstream/pull.go:534 +0x748

goroutine 31426 [select]:
github.com/nats-io/nats%2ego.(*Conn).doReconnect(0xc001403c08, {0x10a327f28, 0x10acedb30}, 0x0)
	/Users/jace/go/pkg/mod/github.com/nats-io/nats.go@v1.41.1/nats.go:2907 +0x41a
created by github.com/nats-io/nats%2ego.(*Conn).processOpErr in goroutine 31055
	/Users/jace/go/pkg/mod/github.com/nats-io/nats.go@v1.41.1/nats.go:3043 +0x2f3

goroutine 27587 [select, 2 minutes]:
github.com/nats-io/nats.go/jetstream.(*pullSubscription).Next(0xc001122120)
	/Users/jace/go/pkg/mod/github.com/nats-io/nats.go@v1.41.1/jetstream/pull.go:589 +0x285
github.com/Black-And-White-Club/frolf-bot-shared/eventbus.(*eventBus).Subscribe.func1()
	/Users/jace/Documents/GitHub/frolf-bot-shared/eventbus/eventbus.go:326 +0x169
created by github.com/Black-And-White-Club/frolf-bot-shared/eventbus.(*eventBus).Subscribe in goroutine 27088
	/Users/jace/Documents/GitHub/frolf-bot-shared/eventbus/eventbus.go:315 +0xbf1

goroutine 27020 [sync.Cond.Wait, 2 minutes]:
sync.runtime_notifyListWait(0xc0013633d0, 0x0)
	/usr/local/Cellar/go/1.24.2/libexec/src/runtime/sema.go:597 +0x159
sync.(*Cond).Wait(0x100000001?)
	/usr/local/Cellar/go/1.24.2/libexec/src/sync/cond.go:71 +0x85
github.com/nats-io/nats%2ego.(*asyncCallbacksHandler).asyncCBDispatcher(0xc0015242c0)
	/Users/jace/go/pkg/mod/github.com/nats-io/nats.go@v1.41.1/nats.go:3059 +0xdd
created by github.com/nats-io/nats%2ego.Options.Connect in goroutine 26444
	/Users/jace/go/pkg/mod/github.com/nats-io/nats.go@v1.41.1/nats.go:1635 +0x387

goroutine 27319 [select, 2 minutes]:
github.com/nats-io/nats.go/jetstream.(*pullConsumer).Messages.func2()
	/Users/jace/go/pkg/mod/github.com/nats-io/nats.go@v1.41.1/jetstream/pull.go:538 +0x68
created by github.com/nats-io/nats.go/jetstream.(*pullConsumer).Messages in goroutine 27088
	/Users/jace/go/pkg/mod/github.com/nats-io/nats.go@v1.41.1/jetstream/pull.go:536 +0x78a

goroutine 32592 [select, 2 minutes]:
github.com/nats-io/nats.go/jetstream.(*pullSubscription).pullMessages(0xc0004b8630, {0xc001186780, 0x58})
	/Users/jace/go/pkg/mod/github.com/nats-io/nats.go@v1.41.1/jetstream/pull.go:955 +0x91
created by github.com/nats-io/nats.go/jetstream.(*pullConsumer).Messages in goroutine 33200
	/Users/jace/go/pkg/mod/github.com/nats-io/nats.go@v1.41.1/jetstream/pull.go:534 +0x748

goroutine 27120 [select, 2 minutes]:
github.com/nats-io/nats.go/jetstream.(*pullSubscription).Next(0xc001043dd0)
	/Users/jace/go/pkg/mod/github.com/nats-io/nats.go@v1.41.1/jetstream/pull.go:589 +0x285
github.com/Black-And-White-Club/frolf-bot-shared/eventbus.(*eventBus).Subscribe.func1()
	/Users/jace/Documents/GitHub/frolf-bot-shared/eventbus/eventbus.go:326 +0x169
created by github.com/Black-And-White-Club/frolf-bot-shared/eventbus.(*eventBus).Subscribe in goroutine 27088
	/Users/jace/Documents/GitHub/frolf-bot-shared/eventbus/eventbus.go:315 +0xbf1

goroutine 31411 [select]:
github.com/nats-io/nats%2ego.(*Conn).doReconnect(0xc00163aa08, {0x10a327f28, 0x10acedb30}, 0x0)
	/Users/jace/go/pkg/mod/github.com/nats-io/nats.go@v1.41.1/nats.go:2907 +0x41a
created by github.com/nats-io/nats%2ego.(*Conn).processOpErr in goroutine 31097
	/Users/jace/go/pkg/mod/github.com/nats-io/nats.go@v1.41.1/nats.go:3043 +0x2f3

goroutine 38173 [select, 1 minutes]:
github.com/nats-io/nats.go/jetstream.(*pullConsumer).Messages.func2()
	/Users/jace/go/pkg/mod/github.com/nats-io/nats.go@v1.41.1/jetstream/pull.go:538 +0x68
created by github.com/nats-io/nats.go/jetstream.(*pullConsumer).Messages in goroutine 37797
	/Users/jace/go/pkg/mod/github.com/nats-io/nats.go@v1.41.1/jetstream/pull.go:536 +0x78a

goroutine 32186 [chan receive, 2 minutes]:
github.com/ThreeDotsLabs/watermill/message.(*messageTransformSubscriberDecorator).Subscribe.func1()
	/Users/jace/go/pkg/mod/github.com/!three!dots!labs/watermill@v1.4.6/message/decorator.go:52 +0x85
created by github.com/ThreeDotsLabs/watermill/message.(*messageTransformSubscriberDecorator).Subscribe in goroutine 32049
	/Users/jace/go/pkg/mod/github.com/!three!dots!labs/watermill@v1.4.6/message/decorator.go:51 +0xc7

goroutine 27223 [select, 2 minutes]:
github.com/nats-io/nats.go/jetstream.(*pullSubscription).pullMessages(0xc001984870, {0xc0011bf800, 0x52})
	/Users/jace/go/pkg/mod/github.com/nats-io/nats.go@v1.41.1/jetstream/pull.go:955 +0x91
created by github.com/nats-io/nats.go/jetstream.(*pullConsumer).Messages in goroutine 27088
	/Users/jace/go/pkg/mod/github.com/nats-io/nats.go@v1.41.1/jetstream/pull.go:534 +0x748

goroutine 32057 [select, 2 minutes]:
github.com/nats-io/nats.go/jetstream.(*pullSubscription).pullMessages(0xc0007b2ab0, {0xc0017e8240, 0x56})
	/Users/jace/go/pkg/mod/github.com/nats-io/nats.go@v1.41.1/jetstream/pull.go:955 +0x91
created by github.com/nats-io/nats.go/jetstream.(*pullConsumer).Messages in goroutine 32049
	/Users/jace/go/pkg/mod/github.com/nats-io/nats.go@v1.41.1/jetstream/pull.go:534 +0x748

goroutine 27045 [sync.Cond.Wait, 2 minutes]:
sync.runtime_notifyListWait(0xc0011cedd0, 0x0)
	/usr/local/Cellar/go/1.24.2/libexec/src/runtime/sema.go:597 +0x159
sync.(*Cond).Wait(0x1000000010000?)
	/usr/local/Cellar/go/1.24.2/libexec/src/sync/cond.go:71 +0x85
github.com/nats-io/nats%2ego.(*asyncCallbacksHandler).asyncCBDispatcher(0xc001280760)
	/Users/jace/go/pkg/mod/github.com/nats-io/nats.go@v1.41.1/nats.go:3059 +0xdd
created by github.com/nats-io/nats%2ego.Options.Connect in goroutine 26444
	/Users/jace/go/pkg/mod/github.com/nats-io/nats.go@v1.41.1/nats.go:1635 +0x387

goroutine 27391 [chan receive, 2 minutes]:
github.com/ThreeDotsLabs/watermill/message.(*handler).run(0xc000b84410, {0x10a337fa0, 0xc0015302d0}, {0xc0017c2000, 0x6, 0x0?})
	/Users/jace/go/pkg/mod/github.com/!three!dots!labs/watermill@v1.4.6/message/router.go:645 +0x2b4
github.com/ThreeDotsLabs/watermill/message.(*Router).RunHandlers.func1()
	/Users/jace/go/pkg/mod/github.com/!three!dots!labs/watermill@v1.4.6/message/router.go:460 +0x145
created by github.com/ThreeDotsLabs/watermill/message.(*Router).RunHandlers in goroutine 27088
	/Users/jace/go/pkg/mod/github.com/!three!dots!labs/watermill@v1.4.6/message/router.go:453 +0x606

goroutine 27457 [chan receive, 2 minutes]:
github.com/ThreeDotsLabs/watermill/message.(*handler).run(0xc000b848f0, {0x10a337fa0, 0xc00192abe0}, {0xc0017c20c0, 0x6, 0x0?})
	/Users/jace/go/pkg/mod/github.com/!three!dots!labs/watermill@v1.4.6/message/router.go:645 +0x2b4
github.com/ThreeDotsLabs/watermill/message.(*Router).RunHandlers.func1()
	/Users/jace/go/pkg/mod/github.com/!three!dots!labs/watermill@v1.4.6/message/router.go:460 +0x145
created by github.com/ThreeDotsLabs/watermill/message.(*Router).RunHandlers in goroutine 27088
	/Users/jace/go/pkg/mod/github.com/!three!dots!labs/watermill@v1.4.6/message/router.go:453 +0x606

goroutine 31350 [sync.WaitGroup.Wait, 2 minutes]:
sync.runtime_SemacquireWaitGroup(0xc0003f19d0?)
	/usr/local/Cellar/go/1.24.2/libexec/src/runtime/sema.go:110 +0x25
sync.(*WaitGroup).Wait(0xc001709f40?)
	/usr/local/Cellar/go/1.24.2/libexec/src/sync/waitgroup.go:118 +0x48
github.com/ThreeDotsLabs/watermill/message.(*Router).waitForHandlers.func1()
	/Users/jace/go/pkg/mod/github.com/!three!dots!labs/watermill@v1.4.6/message/router.go:579 +0x4b
created by github.com/ThreeDotsLabs/watermill/message.(*Router).waitForHandlers in goroutine 30397
	/Users/jace/go/pkg/mod/github.com/!three!dots!labs/watermill@v1.4.6/message/router.go:577 +0x87

goroutine 31165 [sync.WaitGroup.Wait, 2 minutes]:
sync.runtime_SemacquireWaitGroup(0x1091256d2?)
	/usr/local/Cellar/go/1.24.2/libexec/src/runtime/sema.go:110 +0x25
sync.(*WaitGroup).Wait(0x10939027c?)
	/usr/local/Cellar/go/1.24.2/libexec/src/sync/waitgroup.go:118 +0x48
github.com/ThreeDotsLabs/watermill/message.(*Router).watchAllHandlersStopped.func1()
	/Users/jace/go/pkg/mod/github.com/!three!dots!labs/watermill@v1.4.6/message/router.go:498 +0x86
created by github.com/ThreeDotsLabs/watermill/message.(*Router).watchAllHandlersStopped in goroutine 31164
	/Users/jace/go/pkg/mod/github.com/!three!dots!labs/watermill@v1.4.6/message/router.go:484 +0xec

goroutine 32050 [sync.WaitGroup.Wait, 2 minutes]:
sync.runtime_SemacquireWaitGroup(0x1?)
	/usr/local/Cellar/go/1.24.2/libexec/src/runtime/sema.go:110 +0x25
sync.(*WaitGroup).Wait(0x1?)
	/usr/local/Cellar/go/1.24.2/libexec/src/sync/waitgroup.go:118 +0x48
github.com/ThreeDotsLabs/watermill/message.(*Router).watchAllHandlersStopped.func1()
	/Users/jace/go/pkg/mod/github.com/!three!dots!labs/watermill@v1.4.6/message/router.go:498 +0x86
created by github.com/ThreeDotsLabs/watermill/message.(*Router).watchAllHandlersStopped in goroutine 32049
	/Users/jace/go/pkg/mod/github.com/!three!dots!labs/watermill@v1.4.6/message/router.go:484 +0xec

goroutine 27089 [sync.Cond.Wait, 2 minutes]:
sync.runtime_notifyListWait(0xc0011cf310, 0x1)
	/usr/local/Cellar/go/1.24.2/libexec/src/runtime/sema.go:597 +0x159
sync.(*Cond).Wait(0x0?)
	/usr/local/Cellar/go/1.24.2/libexec/src/sync/cond.go:71 +0x85
github.com/nats-io/nats%2ego.(*Conn).waitForMsgs(0xc001639508, 0xc000977a40)
	/Users/jace/go/pkg/mod/github.com/nats-io/nats.go@v1.41.1/nats.go:3178 +0xc5
created by github.com/nats-io/nats%2ego.(*Conn).subscribeLocked in goroutine 26444
	/Users/jace/go/pkg/mod/github.com/nats-io/nats.go@v1.41.1/nats.go:4468 +0x419

goroutine 34313 [chan receive, 2 minutes]:
github.com/ThreeDotsLabs/watermill/message.(*messageTransformSubscriberDecorator).Subscribe.func1()
	/Users/jace/go/pkg/mod/github.com/!three!dots!labs/watermill@v1.4.6/message/decorator.go:52 +0x85
created by github.com/ThreeDotsLabs/watermill/message.(*messageTransformSubscriberDecorator).Subscribe in goroutine 34180
	/Users/jace/go/pkg/mod/github.com/!three!dots!labs/watermill@v1.4.6/message/decorator.go:51 +0xc7

goroutine 39299 [select, 1 minutes]:
github.com/nats-io/nats.go/jetstream.(*pullConsumer).Messages.func2()
	/Users/jace/go/pkg/mod/github.com/nats-io/nats.go@v1.41.1/jetstream/pull.go:538 +0x68
created by github.com/nats-io/nats.go/jetstream.(*pullConsumer).Messages in goroutine 38959
	/Users/jace/go/pkg/mod/github.com/nats-io/nats.go@v1.41.1/jetstream/pull.go:536 +0x78a

goroutine 31989 [sync.Cond.Wait, 2 minutes]:
sync.runtime_notifyListWait(0xc00033b410, 0x0)
	/usr/local/Cellar/go/1.24.2/libexec/src/runtime/sema.go:597 +0x159
sync.(*Cond).Wait(0xc00145fc70?)
	/usr/local/Cellar/go/1.24.2/libexec/src/sync/cond.go:71 +0x85
github.com/nats-io/nats%2ego.(*asyncCallbacksHandler).asyncCBDispatcher(0xc0008378e0)
	/Users/jace/go/pkg/mod/github.com/nats-io/nats.go@v1.41.1/nats.go:3059 +0xdd
created by github.com/nats-io/nats%2ego.Options.Connect in goroutine 31445
	/Users/jace/go/pkg/mod/github.com/nats-io/nats.go@v1.41.1/nats.go:1635 +0x387

goroutine 34369 [select, 2 minutes]:
github.com/nats-io/nats.go/jetstream.(*pullSubscription).pullMessages(0xc0011a5b90, {0xc000144420, 0x52})
	/Users/jace/go/pkg/mod/github.com/nats-io/nats.go@v1.41.1/jetstream/pull.go:955 +0x91
created by github.com/nats-io/nats.go/jetstream.(*pullConsumer).Messages in goroutine 34180
	/Users/jace/go/pkg/mod/github.com/nats-io/nats.go@v1.41.1/jetstream/pull.go:534 +0x748

goroutine 32266 [select, 2 minutes]:
github.com/nats-io/nats.go/jetstream.(*pullSubscription).Next(0xc000d5b170)
	/Users/jace/go/pkg/mod/github.com/nats-io/nats.go@v1.41.1/jetstream/pull.go:589 +0x285
github.com/Black-And-White-Club/frolf-bot-shared/eventbus.(*eventBus).Subscribe.func1()
	/Users/jace/Documents/GitHub/frolf-bot-shared/eventbus/eventbus.go:326 +0x169
created by github.com/Black-And-White-Club/frolf-bot-shared/eventbus.(*eventBus).Subscribe in goroutine 32049
	/Users/jace/Documents/GitHub/frolf-bot-shared/eventbus/eventbus.go:315 +0xbf1

goroutine 30409 [sync.WaitGroup.Wait, 2 minutes]:
sync.runtime_SemacquireWaitGroup(0xc00139dc70?)
	/usr/local/Cellar/go/1.24.2/libexec/src/runtime/sema.go:110 +0x25
sync.(*WaitGroup).Wait(0xc001843f30?)
	/usr/local/Cellar/go/1.24.2/libexec/src/sync/waitgroup.go:118 +0x48
github.com/ThreeDotsLabs/watermill/pubsub/sync.WaitGroupTimeout.func1()
	/Users/jace/go/pkg/mod/github.com/!three!dots!labs/watermill@v1.4.6/pubsub/sync/waitgroup.go:13 +0x25
created by github.com/ThreeDotsLabs/watermill/pubsub/sync.WaitGroupTimeout in goroutine 26444
	/Users/jace/go/pkg/mod/github.com/!three!dots!labs/watermill@v1.4.6/pubsub/sync/waitgroup.go:12 +0x85

goroutine 27371 [chan receive, 2 minutes]:
github.com/ThreeDotsLabs/watermill/message.(*handler).run(0xc0006a7930, {0x10a337fa0, 0xc00192a500}, {0xc001336000, 0x6, 0xa?})
	/Users/jace/go/pkg/mod/github.com/!three!dots!labs/watermill@v1.4.6/message/router.go:645 +0x2b4
github.com/ThreeDotsLabs/watermill/message.(*Router).RunHandlers.func1()
	/Users/jace/go/pkg/mod/github.com/!three!dots!labs/watermill@v1.4.6/message/router.go:460 +0x145
created by github.com/ThreeDotsLabs/watermill/message.(*Router).RunHandlers in goroutine 27088
	/Users/jace/go/pkg/mod/github.com/!three!dots!labs/watermill@v1.4.6/message/router.go:453 +0x606

goroutine 34433 [select, 2 minutes]:
github.com/nats-io/nats.go/jetstream.(*pullConsumer).Messages.func2()
	/Users/jace/go/pkg/mod/github.com/nats-io/nats.go@v1.41.1/jetstream/pull.go:538 +0x68
created by github.com/nats-io/nats.go/jetstream.(*pullConsumer).Messages in goroutine 34180
	/Users/jace/go/pkg/mod/github.com/nats-io/nats.go@v1.41.1/jetstream/pull.go:536 +0x78a

goroutine 32453 [select, 2 minutes]:
github.com/nats-io/nats.go/jetstream.(*pullConsumer).Messages.func2()
	/Users/jace/go/pkg/mod/github.com/nats-io/nats.go@v1.41.1/jetstream/pull.go:538 +0x68
created by github.com/nats-io/nats.go/jetstream.(*pullConsumer).Messages in goroutine 32049
	/Users/jace/go/pkg/mod/github.com/nats-io/nats.go@v1.41.1/jetstream/pull.go:536 +0x78a

goroutine 27428 [chan receive, 2 minutes]:
github.com/ThreeDotsLabs/watermill/message.(*messageTransformSubscriberDecorator).Subscribe.func1()
	/Users/jace/go/pkg/mod/github.com/!three!dots!labs/watermill@v1.4.6/message/decorator.go:52 +0x85
created by github.com/ThreeDotsLabs/watermill/message.(*messageTransformSubscriberDecorator).Subscribe in goroutine 27088
	/Users/jace/go/pkg/mod/github.com/!three!dots!labs/watermill@v1.4.6/message/decorator.go:51 +0xc7

goroutine 32111 [chan receive, 2 minutes]:
github.com/ThreeDotsLabs/watermill/message.(*handler).run(0xc000173ba0, {0x10a337fa0, 0xc0008130e0}, {0xc001658000, 0x6, 0x0?})
	/Users/jace/go/pkg/mod/github.com/!three!dots!labs/watermill@v1.4.6/message/router.go:645 +0x2b4
github.com/ThreeDotsLabs/watermill/message.(*Router).RunHandlers.func1()
	/Users/jace/go/pkg/mod/github.com/!three!dots!labs/watermill@v1.4.6/message/router.go:460 +0x145
created by github.com/ThreeDotsLabs/watermill/message.(*Router).RunHandlers in goroutine 32049
	/Users/jace/go/pkg/mod/github.com/!three!dots!labs/watermill@v1.4.6/message/router.go:453 +0x606

goroutine 31262 [select, 2 minutes]:
github.com/nats-io/nats.go/jetstream.(*pullSubscription).pullMessages(0xc00113f290, {0xc0005e94a0, 0x47})
	/Users/jace/go/pkg/mod/github.com/nats-io/nats.go@v1.41.1/jetstream/pull.go:955 +0x91
created by github.com/nats-io/nats.go/jetstream.(*pullConsumer).Messages in goroutine 31164
	/Users/jace/go/pkg/mod/github.com/nats-io/nats.go@v1.41.1/jetstream/pull.go:534 +0x748

goroutine 27104 [select, 2 minutes]:
github.com/nats-io/nats.go/jetstream.(*pullConsumer).Messages.func2()
	/Users/jace/go/pkg/mod/github.com/nats-io/nats.go@v1.41.1/jetstream/pull.go:538 +0x68
created by github.com/nats-io/nats.go/jetstream.(*pullConsumer).Messages in goroutine 27088
	/Users/jace/go/pkg/mod/github.com/nats-io/nats.go@v1.41.1/jetstream/pull.go:536 +0x78a

goroutine 27427 [select, 2 minutes]:
github.com/nats-io/nats.go/jetstream.(*pullSubscription).Next(0xc001283440)
	/Users/jace/go/pkg/mod/github.com/nats-io/nats.go@v1.41.1/jetstream/pull.go:589 +0x285
github.com/Black-And-White-Club/frolf-bot-shared/eventbus.(*eventBus).Subscribe.func1()
	/Users/jace/Documents/GitHub/frolf-bot-shared/eventbus/eventbus.go:326 +0x169
created by github.com/Black-And-White-Club/frolf-bot-shared/eventbus.(*eventBus).Subscribe in goroutine 27088
	/Users/jace/Documents/GitHub/frolf-bot-shared/eventbus/eventbus.go:315 +0xbf1

goroutine 27205 [select, 2 minutes]:
github.com/nats-io/nats.go/jetstream.(*pullConsumer).Messages.func2()
	/Users/jace/go/pkg/mod/github.com/nats-io/nats.go@v1.41.1/jetstream/pull.go:538 +0x68
created by github.com/nats-io/nats.go/jetstream.(*pullConsumer).Messages in goroutine 27088
	/Users/jace/go/pkg/mod/github.com/nats-io/nats.go@v1.41.1/jetstream/pull.go:536 +0x78a

goroutine 34381 [select, 2 minutes]:
github.com/nats-io/nats.go/jetstream.(*pullSubscription).pullMessages(0xc000478ea0, {0xc000c9c8a0, 0x5a})
	/Users/jace/go/pkg/mod/github.com/nats-io/nats.go@v1.41.1/jetstream/pull.go:955 +0x91
created by github.com/nats-io/nats.go/jetstream.(*pullConsumer).Messages in goroutine 34180
	/Users/jace/go/pkg/mod/github.com/nats-io/nats.go@v1.41.1/jetstream/pull.go:534 +0x748

goroutine 27321 [chan receive, 2 minutes]:
github.com/ThreeDotsLabs/watermill/message.(*messageTransformSubscriberDecorator).Subscribe.func1()
	/Users/jace/go/pkg/mod/github.com/!three!dots!labs/watermill@v1.4.6/message/decorator.go:52 +0x85
created by github.com/ThreeDotsLabs/watermill/message.(*messageTransformSubscriberDecorator).Subscribe in goroutine 27088
	/Users/jace/go/pkg/mod/github.com/!three!dots!labs/watermill@v1.4.6/message/decorator.go:51 +0xc7

goroutine 31252 [chan receive, 2 minutes]:
github.com/ThreeDotsLabs/watermill/message.(*messageTransformSubscriberDecorator).Subscribe.func1()
	/Users/jace/go/pkg/mod/github.com/!three!dots!labs/watermill@v1.4.6/message/decorator.go:52 +0x85
created by github.com/ThreeDotsLabs/watermill/message.(*messageTransformSubscriberDecorator).Subscribe in goroutine 31164
	/Users/jace/go/pkg/mod/github.com/!three!dots!labs/watermill@v1.4.6/message/decorator.go:51 +0xc7

goroutine 34432 [select, 2 minutes]:
github.com/nats-io/nats.go/jetstream.(*pullSubscription).pullMessages(0xc00113e480, {0xc0018a6280, 0x47})
	/Users/jace/go/pkg/mod/github.com/nats-io/nats.go@v1.41.1/jetstream/pull.go:955 +0x91
created by github.com/nats-io/nats.go/jetstream.(*pullConsumer).Messages in goroutine 34180
	/Users/jace/go/pkg/mod/github.com/nats-io/nats.go@v1.41.1/jetstream/pull.go:534 +0x748

goroutine 27154 [chan receive, 2 minutes]:
github.com/ThreeDotsLabs/watermill/message.(*messageTransformSubscriberDecorator).Subscribe.func1()
	/Users/jace/go/pkg/mod/github.com/!three!dots!labs/watermill@v1.4.6/message/decorator.go:52 +0x85
created by github.com/ThreeDotsLabs/watermill/message.(*messageTransformSubscriberDecorator).Subscribe in goroutine 27088
	/Users/jace/go/pkg/mod/github.com/!three!dots!labs/watermill@v1.4.6/message/decorator.go:51 +0xc7

goroutine 27537 [select, 2 minutes]:
github.com/nats-io/nats.go/jetstream.(*pullSubscription).pullMessages(0xc001122120, {0xc000254550, 0x47})
	/Users/jace/go/pkg/mod/github.com/nats-io/nats.go@v1.41.1/jetstream/pull.go:955 +0x91
created by github.com/nats-io/nats.go/jetstream.(*pullConsumer).Messages in goroutine 27088
	/Users/jace/go/pkg/mod/github.com/nats-io/nats.go@v1.41.1/jetstream/pull.go:534 +0x748

goroutine 32187 [chan receive, 2 minutes]:
github.com/ThreeDotsLabs/watermill/message.(*handler).run(0xc00118d930, {0x10a337fa0, 0xc001136d20}, {0xc0015420c0, 0x6, 0xc001674f78?})
	/Users/jace/go/pkg/mod/github.com/!three!dots!labs/watermill@v1.4.6/message/router.go:645 +0x2b4
github.com/ThreeDotsLabs/watermill/message.(*Router).RunHandlers.func1()
	/Users/jace/go/pkg/mod/github.com/!three!dots!labs/watermill@v1.4.6/message/router.go:460 +0x145
created by github.com/ThreeDotsLabs/watermill/message.(*Router).RunHandlers in goroutine 32049
	/Users/jace/go/pkg/mod/github.com/!three!dots!labs/watermill@v1.4.6/message/router.go:453 +0x606

goroutine 32340 [chan receive, 2 minutes]:
github.com/ThreeDotsLabs/watermill/message.(*messageTransformSubscriberDecorator).Subscribe.func1()
	/Users/jace/go/pkg/mod/github.com/!three!dots!labs/watermill@v1.4.6/message/decorator.go:52 +0x85
created by github.com/ThreeDotsLabs/watermill/message.(*messageTransformSubscriberDecorator).Subscribe in goroutine 32049
	/Users/jace/go/pkg/mod/github.com/!three!dots!labs/watermill@v1.4.6/message/decorator.go:51 +0xc7

goroutine 33157 [sync.Cond.Wait, 2 minutes]:
sync.runtime_notifyListWait(0xc001993950, 0x0)
	/usr/local/Cellar/go/1.24.2/libexec/src/runtime/sema.go:597 +0x159
sync.(*Cond).Wait(0x0?)
	/usr/local/Cellar/go/1.24.2/libexec/src/sync/cond.go:71 +0x85
github.com/nats-io/nats%2ego.(*asyncCallbacksHandler).asyncCBDispatcher(0xc001281260)
	/Users/jace/go/pkg/mod/github.com/nats-io/nats.go@v1.41.1/nats.go:3059 +0xdd
created by github.com/nats-io/nats%2ego.Options.Connect in goroutine 32603
	/Users/jace/go/pkg/mod/github.com/nats-io/nats.go@v1.41.1/nats.go:1635 +0x387

goroutine 34135 [sync.Cond.Wait, 2 minutes]:
sync.runtime_notifyListWait(0xc000fc3f10, 0x0)
	/usr/local/Cellar/go/1.24.2/libexec/src/runtime/sema.go:597 +0x159
sync.(*Cond).Wait(0x100000001?)
	/usr/local/Cellar/go/1.24.2/libexec/src/sync/cond.go:71 +0x85
github.com/nats-io/nats%2ego.(*asyncCallbacksHandler).asyncCBDispatcher(0xc001adb000)
	/Users/jace/go/pkg/mod/github.com/nats-io/nats.go@v1.41.1/nats.go:3059 +0xdd
created by github.com/nats-io/nats%2ego.Options.Connect in goroutine 33482
	/Users/jace/go/pkg/mod/github.com/nats-io/nats.go@v1.41.1/nats.go:1635 +0x387

goroutine 32015 [select, 2 minutes]:
github.com/nats-io/nats.go/jetstream.(*pullSubscription).Next(0xc0014bf4d0)
	/Users/jace/go/pkg/mod/github.com/nats-io/nats.go@v1.41.1/jetstream/pull.go:589 +0x285
github.com/Black-And-White-Club/frolf-bot-shared/eventbus.(*eventBus).Subscribe.func1()
	/Users/jace/Documents/GitHub/frolf-bot-shared/eventbus/eventbus.go:326 +0x169
created by github.com/Black-And-White-Club/frolf-bot-shared/eventbus.(*eventBus).Subscribe in goroutine 32049
	/Users/jace/Documents/GitHub/frolf-bot-shared/eventbus/eventbus.go:315 +0xbf1

goroutine 26730 [select, 2 minutes]:
github.com/nats-io/nats.go/jetstream.(*pullSubscription).pullMessages(0xc001282750, {0xc000edd440, 0x56})
	/Users/jace/go/pkg/mod/github.com/nats-io/nats.go@v1.41.1/jetstream/pull.go:955 +0x91
created by github.com/nats-io/nats.go/jetstream.(*pullConsumer).Messages in goroutine 27088
	/Users/jace/go/pkg/mod/github.com/nats-io/nats.go@v1.41.1/jetstream/pull.go:534 +0x748

goroutine 34711 [select]:
github.com/nats-io/nats%2ego.(*Conn).doReconnect(0xc001405108, {0x10a327f28, 0x10acedb30}, 0x0)
	/Users/jace/go/pkg/mod/github.com/nats-io/nats.go@v1.41.1/nats.go:2907 +0x41a
created by github.com/nats-io/nats%2ego.(*Conn).processOpErr in goroutine 34136
	/Users/jace/go/pkg/mod/github.com/nats-io/nats.go@v1.41.1/nats.go:3043 +0x2f3

goroutine 32014 [select, 2 minutes]:
github.com/nats-io/nats.go/jetstream.(*pullConsumer).Messages.func2()
	/Users/jace/go/pkg/mod/github.com/nats-io/nats.go@v1.41.1/jetstream/pull.go:538 +0x68
created by github.com/nats-io/nats.go/jetstream.(*pullConsumer).Messages in goroutine 32049
	/Users/jace/go/pkg/mod/github.com/nats-io/nats.go@v1.41.1/jetstream/pull.go:536 +0x78a

goroutine 34139 [sync.Cond.Wait, 2 minutes]:
sync.runtime_notifyListWait(0xc001363690, 0x3f)
	/usr/local/Cellar/go/1.24.2/libexec/src/runtime/sema.go:597 +0x159
sync.(*Cond).Wait(0x10a337fa0?)
	/usr/local/Cellar/go/1.24.2/libexec/src/sync/cond.go:71 +0x85
github.com/nats-io/nats%2ego.(*Conn).waitForMsgs(0xc000d17808, 0xc0005e5590)
	/Users/jace/go/pkg/mod/github.com/nats-io/nats.go@v1.41.1/nats.go:3178 +0xc5
created by github.com/nats-io/nats%2ego.(*Conn).subscribeLocked in goroutine 33482
	/Users/jace/go/pkg/mod/github.com/nats-io/nats.go@v1.41.1/nats.go:4468 +0x419

goroutine 32070 [chan receive, 2 minutes]:
github.com/ThreeDotsLabs/watermill/message.(*handler).run(0xc0009cb1e0, {0x10a337fa0, 0xc000a12370}, {0xc001542000, 0x6, 0xc00183cf78?})
	/Users/jace/go/pkg/mod/github.com/!three!dots!labs/watermill@v1.4.6/message/router.go:645 +0x2b4
github.com/ThreeDotsLabs/watermill/message.(*Router).RunHandlers.func1()
	/Users/jace/go/pkg/mod/github.com/!three!dots!labs/watermill@v1.4.6/message/router.go:460 +0x145
created by github.com/ThreeDotsLabs/watermill/message.(*Router).RunHandlers in goroutine 32049
	/Users/jace/go/pkg/mod/github.com/!three!dots!labs/watermill@v1.4.6/message/router.go:453 +0x606

goroutine 32141 [chan receive, 2 minutes]:
github.com/ThreeDotsLabs/watermill/message.(*messageTransformSubscriberDecorator).Subscribe.func1()
	/Users/jace/go/pkg/mod/github.com/!three!dots!labs/watermill@v1.4.6/message/decorator.go:52 +0x85
created by github.com/ThreeDotsLabs/watermill/message.(*messageTransformSubscriberDecorator).Subscribe in goroutine 32049
	/Users/jace/go/pkg/mod/github.com/!three!dots!labs/watermill@v1.4.6/message/decorator.go:51 +0xc7

goroutine 33142 [select, 2 minutes]:
github.com/nats-io/nats.go/jetstream.(*pullSubscription).pullMessages(0xc00172d5f0, {0xc0008b3400, 0x4e})
	/Users/jace/go/pkg/mod/github.com/nats-io/nats.go@v1.41.1/jetstream/pull.go:955 +0x91
created by github.com/nats-io/nats.go/jetstream.(*pullConsumer).Messages in goroutine 33200
	/Users/jace/go/pkg/mod/github.com/nats-io/nats.go@v1.41.1/jetstream/pull.go:534 +0x748

goroutine 32395 [chan receive, 2 minutes]:
github.com/ThreeDotsLabs/watermill/message.(*messageTransformSubscriberDecorator).Subscribe.func1()
	/Users/jace/go/pkg/mod/github.com/!three!dots!labs/watermill@v1.4.6/message/decorator.go:52 +0x85
created by github.com/ThreeDotsLabs/watermill/message.(*messageTransformSubscriberDecorator).Subscribe in goroutine 32049
	/Users/jace/go/pkg/mod/github.com/!three!dots!labs/watermill@v1.4.6/message/decorator.go:51 +0xc7

goroutine 27192 [select, 2 minutes]:
github.com/nats-io/nats.go/jetstream.(*pullConsumer).Messages.func2()
	/Users/jace/go/pkg/mod/github.com/nats-io/nats.go@v1.41.1/jetstream/pull.go:538 +0x68
created by github.com/nats-io/nats.go/jetstream.(*pullConsumer).Messages in goroutine 27088
	/Users/jace/go/pkg/mod/github.com/nats-io/nats.go@v1.41.1/jetstream/pull.go:536 +0x78a

goroutine 26725 [sync.WaitGroup.Wait, 2 minutes]:
sync.runtime_SemacquireWaitGroup(0x1095ae7c0?)
	/usr/local/Cellar/go/1.24.2/libexec/src/runtime/sema.go:110 +0x25
sync.(*WaitGroup).Wait(0x0?)
	/usr/local/Cellar/go/1.24.2/libexec/src/sync/waitgroup.go:118 +0x48
github.com/ThreeDotsLabs/watermill/message.(*Router).watchAllHandlersStopped.func1()
	/Users/jace/go/pkg/mod/github.com/!three!dots!labs/watermill@v1.4.6/message/router.go:498 +0x86
created by github.com/ThreeDotsLabs/watermill/message.(*Router).watchAllHandlersStopped in goroutine 27088
	/Users/jace/go/pkg/mod/github.com/!three!dots!labs/watermill@v1.4.6/message/router.go:484 +0xec

goroutine 35396 [sync.Cond.Wait, 2 minutes]:
sync.runtime_notifyListWait(0xc0012fe550, 0x2a)
	/usr/local/Cellar/go/1.24.2/libexec/src/runtime/sema.go:597 +0x159
sync.(*Cond).Wait(0xc00086e530?)
	/usr/local/Cellar/go/1.24.2/libexec/src/sync/cond.go:71 +0x85
github.com/nats-io/nats%2ego.(*Conn).waitForMsgs(0xc000747108, 0xc000991770)
	/Users/jace/go/pkg/mod/github.com/nats-io/nats.go@v1.41.1/nats.go:3178 +0xc5
created by github.com/nats-io/nats%2ego.(*Conn).subscribeLocked in goroutine 34802
	/Users/jace/go/pkg/mod/github.com/nats-io/nats.go@v1.41.1/nats.go:4468 +0x419

goroutine 27528 [select, 2 minutes]:
github.com/nats-io/nats.go/jetstream.(*pullConsumer).Messages.func2()
	/Users/jace/go/pkg/mod/github.com/nats-io/nats.go@v1.41.1/jetstream/pull.go:538 +0x68
created by github.com/nats-io/nats.go/jetstream.(*pullConsumer).Messages in goroutine 27088
	/Users/jace/go/pkg/mod/github.com/nats-io/nats.go@v1.41.1/jetstream/pull.go:536 +0x78a

goroutine 32445 [select, 2 minutes]:
github.com/nats-io/nats.go/jetstream.(*pullSubscription).Next(0xc0009d85a0)
	/Users/jace/go/pkg/mod/github.com/nats-io/nats.go@v1.41.1/jetstream/pull.go:589 +0x285
github.com/Black-And-White-Club/frolf-bot-shared/eventbus.(*eventBus).Subscribe.func1()
	/Users/jace/Documents/GitHub/frolf-bot-shared/eventbus/eventbus.go:326 +0x169
created by github.com/Black-And-White-Club/frolf-bot-shared/eventbus.(*eventBus).Subscribe in goroutine 32049
	/Users/jace/Documents/GitHub/frolf-bot-shared/eventbus/eventbus.go:315 +0xbf1

goroutine 27329 [chan receive, 2 minutes]:
github.com/ThreeDotsLabs/watermill/message.(*handler).run(0xc0006a7ad0, {0x10a337fa0, 0xc0000ebdb0}, {0xc001948000, 0x6, 0x6e657645646e756f?})
	/Users/jace/go/pkg/mod/github.com/!three!dots!labs/watermill@v1.4.6/message/router.go:645 +0x2b4
github.com/ThreeDotsLabs/watermill/message.(*Router).RunHandlers.func1()
	/Users/jace/go/pkg/mod/github.com/!three!dots!labs/watermill@v1.4.6/message/router.go:460 +0x145
created by github.com/ThreeDotsLabs/watermill/message.(*Router).RunHandlers in goroutine 27088
	/Users/jace/go/pkg/mod/github.com/!three!dots!labs/watermill@v1.4.6/message/router.go:453 +0x606

goroutine 45314 [chan receive, 1 minutes]:
github.com/ThreeDotsLabs/watermill/message.(*messageTransformSubscriberDecorator).Subscribe.func1()
	/Users/jace/go/pkg/mod/github.com/!three!dots!labs/watermill@v1.4.6/message/decorator.go:52 +0x85
created by github.com/ThreeDotsLabs/watermill/message.(*messageTransformSubscriberDecorator).Subscribe in goroutine 44822
	/Users/jace/go/pkg/mod/github.com/!three!dots!labs/watermill@v1.4.6/message/decorator.go:51 +0xc7

goroutine 27169 [chan receive, 2 minutes]:
github.com/ThreeDotsLabs/watermill/message.(*messageTransformSubscriberDecorator).Subscribe.func1()
	/Users/jace/go/pkg/mod/github.com/!three!dots!labs/watermill@v1.4.6/message/decorator.go:52 +0x85
created by github.com/ThreeDotsLabs/watermill/message.(*messageTransformSubscriberDecorator).Subscribe in goroutine 27088
	/Users/jace/go/pkg/mod/github.com/!three!dots!labs/watermill@v1.4.6/message/decorator.go:51 +0xc7

goroutine 34142 [select, 2 minutes]:
github.com/nats-io/nats.go/jetstream.(*pullSubscription).Next(0xc0014be120)
	/Users/jace/go/pkg/mod/github.com/nats-io/nats.go@v1.41.1/jetstream/pull.go:589 +0x285
github.com/Black-And-White-Club/frolf-bot-shared/eventbus.(*eventBus).Subscribe.func1()
	/Users/jace/Documents/GitHub/frolf-bot-shared/eventbus/eventbus.go:326 +0x169
created by github.com/Black-And-White-Club/frolf-bot-shared/eventbus.(*eventBus).Subscribe in goroutine 34180
	/Users/jace/Documents/GitHub/frolf-bot-shared/eventbus/eventbus.go:315 +0xbf1

goroutine 31270 [chan receive, 2 minutes]:
github.com/ThreeDotsLabs/watermill/message.(*messageTransformSubscriberDecorator).Subscribe.func1()
	/Users/jace/go/pkg/mod/github.com/!three!dots!labs/watermill@v1.4.6/message/decorator.go:52 +0x85
created by github.com/ThreeDotsLabs/watermill/message.(*messageTransformSubscriberDecorator).Subscribe in goroutine 31164
	/Users/jace/go/pkg/mod/github.com/!three!dots!labs/watermill@v1.4.6/message/decorator.go:51 +0xc7

goroutine 32468 [select, 2 minutes]:
github.com/nats-io/nats.go/jetstream.(*pullConsumer).Messages.func2()
	/Users/jace/go/pkg/mod/github.com/nats-io/nats.go@v1.41.1/jetstream/pull.go:538 +0x68
created by github.com/nats-io/nats.go/jetstream.(*pullConsumer).Messages in goroutine 32049
	/Users/jace/go/pkg/mod/github.com/nats-io/nats.go@v1.41.1/jetstream/pull.go:536 +0x78a

goroutine 27234 [chan receive, 2 minutes]:
github.com/ThreeDotsLabs/watermill/message.(*handler).run(0xc000b84820, {0x10a337fa0, 0xc001530f50}, {0xc001726000, 0x6, 0xc000bd9f78?})
	/Users/jace/go/pkg/mod/github.com/!three!dots!labs/watermill@v1.4.6/message/router.go:645 +0x2b4
github.com/ThreeDotsLabs/watermill/message.(*Router).RunHandlers.func1()
	/Users/jace/go/pkg/mod/github.com/!three!dots!labs/watermill@v1.4.6/message/router.go:460 +0x145
created by github.com/ThreeDotsLabs/watermill/message.(*Router).RunHandlers in goroutine 27088
	/Users/jace/go/pkg/mod/github.com/!three!dots!labs/watermill@v1.4.6/message/router.go:453 +0x606

goroutine 26357 [select, 2 minutes]:
github.com/nats-io/nats.go/jetstream.(*pullSubscription).Next(0xc0010d42d0)
	/Users/jace/go/pkg/mod/github.com/nats-io/nats.go@v1.41.1/jetstream/pull.go:589 +0x285
github.com/Black-And-White-Club/frolf-bot-shared/eventbus.(*eventBus).Subscribe.func1()
	/Users/jace/Documents/GitHub/frolf-bot-shared/eventbus/eventbus.go:326 +0x169
created by github.com/Black-And-White-Club/frolf-bot-shared/eventbus.(*eventBus).Subscribe in goroutine 27088
	/Users/jace/Documents/GitHub/frolf-bot-shared/eventbus/eventbus.go:315 +0xbf1

goroutine 38032 [chan receive, 1 minutes]:
github.com/ThreeDotsLabs/watermill/message.(*messageTransformSubscriberDecorator).Subscribe.func1()
	/Users/jace/go/pkg/mod/github.com/!three!dots!labs/watermill@v1.4.6/message/decorator.go:52 +0x85
created by github.com/ThreeDotsLabs/watermill/message.(*messageTransformSubscriberDecorator).Subscribe in goroutine 37797
	/Users/jace/go/pkg/mod/github.com/!three!dots!labs/watermill@v1.4.6/message/decorator.go:51 +0xc7

goroutine 36688 [chan receive, 2 minutes]:
github.com/ThreeDotsLabs/watermill/message.(*handler).run(0xc0006a65b0, {0x10a337fa0, 0xc0008128c0}, {0xc0010f0480, 0x6, 0xc0012e3f78?})
	/Users/jace/go/pkg/mod/github.com/!three!dots!labs/watermill@v1.4.6/message/router.go:645 +0x2b4
github.com/ThreeDotsLabs/watermill/message.(*Router).RunHandlers.func1()
	/Users/jace/go/pkg/mod/github.com/!three!dots!labs/watermill@v1.4.6/message/router.go:460 +0x145
created by github.com/ThreeDotsLabs/watermill/message.(*Router).RunHandlers in goroutine 36760
	/Users/jace/go/pkg/mod/github.com/!three!dots!labs/watermill@v1.4.6/message/router.go:453 +0x606

goroutine 33326 [chan receive, 2 minutes]:
github.com/ThreeDotsLabs/watermill/message.(*messageTransformSubscriberDecorator).Subscribe.func1()
	/Users/jace/go/pkg/mod/github.com/!three!dots!labs/watermill@v1.4.6/message/decorator.go:52 +0x85
created by github.com/ThreeDotsLabs/watermill/message.(*messageTransformSubscriberDecorator).Subscribe in goroutine 33200
	/Users/jace/go/pkg/mod/github.com/!three!dots!labs/watermill@v1.4.6/message/decorator.go:51 +0xc7

goroutine 37067 [select, 2 minutes]:
github.com/nats-io/nats.go/jetstream.(*pullSubscription).Next(0xc0009d8fc0)
	/Users/jace/go/pkg/mod/github.com/nats-io/nats.go@v1.41.1/jetstream/pull.go:589 +0x285
github.com/Black-And-White-Club/frolf-bot-shared/eventbus.(*eventBus).Subscribe.func1()
	/Users/jace/Documents/GitHub/frolf-bot-shared/eventbus/eventbus.go:326 +0x169
created by github.com/Black-And-White-Club/frolf-bot-shared/eventbus.(*eventBus).Subscribe in goroutine 36760
	/Users/jace/Documents/GitHub/frolf-bot-shared/eventbus/eventbus.go:315 +0xbf1

goroutine 31266 [chan receive, 2 minutes]:
github.com/ThreeDotsLabs/watermill/message.(*handler).run(0xc001312750, {0x10a337fa0, 0xc0009b7450}, {0xc00171c180, 0x6, 0xc000f5e778?})
	/Users/jace/go/pkg/mod/github.com/!three!dots!labs/watermill@v1.4.6/message/router.go:645 +0x2b4
github.com/ThreeDotsLabs/watermill/message.(*Router).RunHandlers.func1()
	/Users/jace/go/pkg/mod/github.com/!three!dots!labs/watermill@v1.4.6/message/router.go:460 +0x145
created by github.com/ThreeDotsLabs/watermill/message.(*Router).RunHandlers in goroutine 31164
	/Users/jace/go/pkg/mod/github.com/!three!dots!labs/watermill@v1.4.6/message/router.go:453 +0x606

goroutine 32058 [select, 2 minutes]:
github.com/nats-io/nats.go/jetstream.(*pullConsumer).Messages.func2()
	/Users/jace/go/pkg/mod/github.com/nats-io/nats.go@v1.41.1/jetstream/pull.go:538 +0x68
created by github.com/nats-io/nats.go/jetstream.(*pullConsumer).Messages in goroutine 32049
	/Users/jace/go/pkg/mod/github.com/nats-io/nats.go@v1.41.1/jetstream/pull.go:536 +0x78a

goroutine 27359 [select, 2 minutes]:
github.com/nats-io/nats.go/jetstream.(*pullSubscription).Next(0xc001837050)
	/Users/jace/go/pkg/mod/github.com/nats-io/nats.go@v1.41.1/jetstream/pull.go:589 +0x285
github.com/Black-And-White-Club/frolf-bot-shared/eventbus.(*eventBus).Subscribe.func1()
	/Users/jace/Documents/GitHub/frolf-bot-shared/eventbus/eventbus.go:326 +0x169
created by github.com/Black-And-White-Club/frolf-bot-shared/eventbus.(*eventBus).Subscribe in goroutine 27088
	/Users/jace/Documents/GitHub/frolf-bot-shared/eventbus/eventbus.go:315 +0xbf1

goroutine 35521 [select, 2 minutes]:
github.com/nats-io/nats.go/jetstream.(*pullConsumer).Messages.func2()
	/Users/jace/go/pkg/mod/github.com/nats-io/nats.go@v1.41.1/jetstream/pull.go:538 +0x68
created by github.com/nats-io/nats.go/jetstream.(*pullConsumer).Messages in goroutine 35445
	/Users/jace/go/pkg/mod/github.com/nats-io/nats.go@v1.41.1/jetstream/pull.go:536 +0x78a

goroutine 27412 [select, 2 minutes]:
github.com/nats-io/nats.go/jetstream.(*pullSubscription).pullMessages(0xc001984a20, {0xc0008b2370, 0x45})
	/Users/jace/go/pkg/mod/github.com/nats-io/nats.go@v1.41.1/jetstream/pull.go:955 +0x91
created by github.com/nats-io/nats.go/jetstream.(*pullConsumer).Messages in goroutine 27088
	/Users/jace/go/pkg/mod/github.com/nats-io/nats.go@v1.41.1/jetstream/pull.go:534 +0x748

goroutine 35681 [select, 2 minutes]:
github.com/nats-io/nats.go/jetstream.(*pullConsumer).Messages.func2()
	/Users/jace/go/pkg/mod/github.com/nats-io/nats.go@v1.41.1/jetstream/pull.go:538 +0x68
created by github.com/nats-io/nats.go/jetstream.(*pullConsumer).Messages in goroutine 35445
	/Users/jace/go/pkg/mod/github.com/nats-io/nats.go@v1.41.1/jetstream/pull.go:536 +0x78a

goroutine 27429 [chan receive, 2 minutes]:
github.com/ThreeDotsLabs/watermill/message.(*handler).run(0xc000b84000, {0x10a337fa0, 0xc0019807d0}, {0xc00190c0c0, 0x6, 0x1000000010000?})
	/Users/jace/go/pkg/mod/github.com/!three!dots!labs/watermill@v1.4.6/message/router.go:645 +0x2b4
github.com/ThreeDotsLabs/watermill/message.(*Router).RunHandlers.func1()
	/Users/jace/go/pkg/mod/github.com/!three!dots!labs/watermill@v1.4.6/message/router.go:460 +0x145
created by github.com/ThreeDotsLabs/watermill/message.(*Router).RunHandlers in goroutine 27088
	/Users/jace/go/pkg/mod/github.com/!three!dots!labs/watermill@v1.4.6/message/router.go:453 +0x606

goroutine 27193 [select, 2 minutes]:
github.com/nats-io/nats.go/jetstream.(*pullSubscription).Next(0xc001984090)
	/Users/jace/go/pkg/mod/github.com/nats-io/nats.go@v1.41.1/jetstream/pull.go:589 +0x285
github.com/Black-And-White-Club/frolf-bot-shared/eventbus.(*eventBus).Subscribe.func1()
	/Users/jace/Documents/GitHub/frolf-bot-shared/eventbus/eventbus.go:326 +0x169
created by github.com/Black-And-White-Club/frolf-bot-shared/eventbus.(*eventBus).Subscribe in goroutine 27088
	/Users/jace/Documents/GitHub/frolf-bot-shared/eventbus/eventbus.go:315 +0xbf1

goroutine 27529 [select, 2 minutes]:
github.com/nats-io/nats.go/jetstream.(*pullSubscription).Next(0xc00172cfc0)
	/Users/jace/go/pkg/mod/github.com/nats-io/nats.go@v1.41.1/jetstream/pull.go:589 +0x285
github.com/Black-And-White-Club/frolf-bot-shared/eventbus.(*eventBus).Subscribe.func1()
	/Users/jace/Documents/GitHub/frolf-bot-shared/eventbus/eventbus.go:326 +0x169
created by github.com/Black-And-White-Club/frolf-bot-shared/eventbus.(*eventBus).Subscribe in goroutine 27088
	/Users/jace/Documents/GitHub/frolf-bot-shared/eventbus/eventbus.go:315 +0xbf1

goroutine 27369 [select, 2 minutes]:
github.com/nats-io/nats.go/jetstream.(*pullSubscription).Next(0xc0012827e0)
	/Users/jace/go/pkg/mod/github.com/nats-io/nats.go@v1.41.1/jetstream/pull.go:589 +0x285
github.com/Black-And-White-Club/frolf-bot-shared/eventbus.(*eventBus).Subscribe.func1()
	/Users/jace/Documents/GitHub/frolf-bot-shared/eventbus/eventbus.go:326 +0x169
created by github.com/Black-And-White-Club/frolf-bot-shared/eventbus.(*eventBus).Subscribe in goroutine 27088
	/Users/jace/Documents/GitHub/frolf-bot-shared/eventbus/eventbus.go:315 +0xbf1

goroutine 32184 [select, 2 minutes]:
github.com/nats-io/nats.go/jetstream.(*pullConsumer).Messages.func2()
	/Users/jace/go/pkg/mod/github.com/nats-io/nats.go@v1.41.1/jetstream/pull.go:538 +0x68
created by github.com/nats-io/nats.go/jetstream.(*pullConsumer).Messages in goroutine 32049
	/Users/jace/go/pkg/mod/github.com/nats-io/nats.go@v1.41.1/jetstream/pull.go:536 +0x78a

goroutine 32169 [select, 2 minutes]:
github.com/nats-io/nats.go/jetstream.(*pullConsumer).Messages.func2()
	/Users/jace/go/pkg/mod/github.com/nats-io/nats.go@v1.41.1/jetstream/pull.go:538 +0x68
created by github.com/nats-io/nats.go/jetstream.(*pullConsumer).Messages in goroutine 32049
	/Users/jace/go/pkg/mod/github.com/nats-io/nats.go@v1.41.1/jetstream/pull.go:536 +0x78a

goroutine 34780 [chan receive, 2 minutes]:
github.com/ThreeDotsLabs/watermill/message.(*messageTransformSubscriberDecorator).Subscribe.func1()
	/Users/jace/go/pkg/mod/github.com/!three!dots!labs/watermill@v1.4.6/message/decorator.go:52 +0x85
created by github.com/ThreeDotsLabs/watermill/message.(*messageTransformSubscriberDecorator).Subscribe in goroutine 35445
	/Users/jace/go/pkg/mod/github.com/!three!dots!labs/watermill@v1.4.6/message/decorator.go:51 +0xc7

goroutine 27388 [select, 2 minutes]:
github.com/nats-io/nats.go/jetstream.(*pullConsumer).Messages.func2()
	/Users/jace/go/pkg/mod/github.com/nats-io/nats.go@v1.41.1/jetstream/pull.go:538 +0x68
created by github.com/nats-io/nats.go/jetstream.(*pullConsumer).Messages in goroutine 27088
	/Users/jace/go/pkg/mod/github.com/nats-io/nats.go@v1.41.1/jetstream/pull.go:536 +0x78a

goroutine 27377 [select, 2 minutes]:
github.com/nats-io/nats.go/jetstream.(*pullSubscription).pullMessages(0xc001283440, {0xc00004ec80, 0x4d})
	/Users/jace/go/pkg/mod/github.com/nats-io/nats.go@v1.41.1/jetstream/pull.go:955 +0x91
created by github.com/nats-io/nats.go/jetstream.(*pullConsumer).Messages in goroutine 27088
	/Users/jace/go/pkg/mod/github.com/nats-io/nats.go@v1.41.1/jetstream/pull.go:534 +0x748

goroutine 27167 [select, 2 minutes]:
github.com/nats-io/nats.go/jetstream.(*pullConsumer).Messages.func2()
	/Users/jace/go/pkg/mod/github.com/nats-io/nats.go@v1.41.1/jetstream/pull.go:538 +0x68
created by github.com/nats-io/nats.go/jetstream.(*pullConsumer).Messages in goroutine 27088
	/Users/jace/go/pkg/mod/github.com/nats-io/nats.go@v1.41.1/jetstream/pull.go:536 +0x78a

goroutine 32185 [select, 2 minutes]:
github.com/nats-io/nats.go/jetstream.(*pullSubscription).Next(0xc0011a5d40)
	/Users/jace/go/pkg/mod/github.com/nats-io/nats.go@v1.41.1/jetstream/pull.go:589 +0x285
github.com/Black-And-White-Club/frolf-bot-shared/eventbus.(*eventBus).Subscribe.func1()
	/Users/jace/Documents/GitHub/frolf-bot-shared/eventbus/eventbus.go:326 +0x169
created by github.com/Black-And-White-Club/frolf-bot-shared/eventbus.(*eventBus).Subscribe in goroutine 32049
	/Users/jace/Documents/GitHub/frolf-bot-shared/eventbus/eventbus.go:315 +0xbf1

goroutine 32059 [select, 2 minutes]:
github.com/nats-io/nats.go/jetstream.(*pullSubscription).Next(0xc0007b2ab0)
	/Users/jace/go/pkg/mod/github.com/nats-io/nats.go@v1.41.1/jetstream/pull.go:589 +0x285
github.com/Black-And-White-Club/frolf-bot-shared/eventbus.(*eventBus).Subscribe.func1()
	/Users/jace/Documents/GitHub/frolf-bot-shared/eventbus/eventbus.go:326 +0x169
created by github.com/Black-And-White-Club/frolf-bot-shared/eventbus.(*eventBus).Subscribe in goroutine 32049
	/Users/jace/Documents/GitHub/frolf-bot-shared/eventbus/eventbus.go:315 +0xbf1

goroutine 27266 [chan receive, 2 minutes]:
github.com/ThreeDotsLabs/watermill/message.(*handler).run(0xc000b849c0, {0x10a337fa0, 0xc000a2d630}, {0xc001337e00, 0x6, 0xc000c15f70?})
	/Users/jace/go/pkg/mod/github.com/!three!dots!labs/watermill@v1.4.6/message/router.go:645 +0x2b4
github.com/ThreeDotsLabs/watermill/message.(*Router).RunHandlers.func1()
	/Users/jace/go/pkg/mod/github.com/!three!dots!labs/watermill@v1.4.6/message/router.go:460 +0x145
created by github.com/ThreeDotsLabs/watermill/message.(*Router).RunHandlers in goroutine 27088
	/Users/jace/go/pkg/mod/github.com/!three!dots!labs/watermill@v1.4.6/message/router.go:453 +0x606

goroutine 27531 [chan receive, 2 minutes]:
github.com/ThreeDotsLabs/watermill/message.(*handler).run(0xc000b841a0, {0x10a337fa0, 0xc0011362d0}, {0xc0019480c0, 0x6, 0x0?})
	/Users/jace/go/pkg/mod/github.com/!three!dots!labs/watermill@v1.4.6/message/router.go:645 +0x2b4
github.com/ThreeDotsLabs/watermill/message.(*Router).RunHandlers.func1()
	/Users/jace/go/pkg/mod/github.com/!three!dots!labs/watermill@v1.4.6/message/router.go:460 +0x145
created by github.com/ThreeDotsLabs/watermill/message.(*Router).RunHandlers in goroutine 27088
	/Users/jace/go/pkg/mod/github.com/!three!dots!labs/watermill@v1.4.6/message/router.go:453 +0x606

goroutine 27121 [chan receive, 2 minutes]:
github.com/ThreeDotsLabs/watermill/message.(*messageTransformSubscriberDecorator).Subscribe.func1()
	/Users/jace/go/pkg/mod/github.com/!three!dots!labs/watermill@v1.4.6/message/decorator.go:52 +0x85
created by github.com/ThreeDotsLabs/watermill/message.(*messageTransformSubscriberDecorator).Subscribe in goroutine 27088
	/Users/jace/go/pkg/mod/github.com/!three!dots!labs/watermill@v1.4.6/message/decorator.go:51 +0xc7

goroutine 32394 [select, 2 minutes]:
github.com/nats-io/nats.go/jetstream.(*pullSubscription).Next(0xc00116f3b0)
	/Users/jace/go/pkg/mod/github.com/nats-io/nats.go@v1.41.1/jetstream/pull.go:589 +0x285
github.com/Black-And-White-Club/frolf-bot-shared/eventbus.(*eventBus).Subscribe.func1()
	/Users/jace/Documents/GitHub/frolf-bot-shared/eventbus/eventbus.go:326 +0x169
created by github.com/Black-And-White-Club/frolf-bot-shared/eventbus.(*eventBus).Subscribe in goroutine 32049
	/Users/jace/Documents/GitHub/frolf-bot-shared/eventbus/eventbus.go:315 +0xbf1

goroutine 27191 [select, 2 minutes]:
github.com/nats-io/nats.go/jetstream.(*pullSubscription).pullMessages(0xc001984090, {0xc0006c4b40, 0x3e})
	/Users/jace/go/pkg/mod/github.com/nats-io/nats.go@v1.41.1/jetstream/pull.go:955 +0x91
created by github.com/nats-io/nats.go/jetstream.(*pullConsumer).Messages in goroutine 27088
	/Users/jace/go/pkg/mod/github.com/nats-io/nats.go@v1.41.1/jetstream/pull.go:534 +0x748

goroutine 26356 [select, 2 minutes]:
github.com/nats-io/nats.go/jetstream.(*pullConsumer).Messages.func2()
	/Users/jace/go/pkg/mod/github.com/nats-io/nats.go@v1.41.1/jetstream/pull.go:538 +0x68
created by github.com/nats-io/nats.go/jetstream.(*pullConsumer).Messages in goroutine 27088
	/Users/jace/go/pkg/mod/github.com/nats-io/nats.go@v1.41.1/jetstream/pull.go:536 +0x78a

goroutine 33135 [select, 2 minutes]:
github.com/nats-io/nats.go/jetstream.(*pullSubscription).Next(0xc001609ef0)
	/Users/jace/go/pkg/mod/github.com/nats-io/nats.go@v1.41.1/jetstream/pull.go:589 +0x285
github.com/Black-And-White-Club/frolf-bot-shared/eventbus.(*eventBus).Subscribe.func1()
	/Users/jace/Documents/GitHub/frolf-bot-shared/eventbus/eventbus.go:326 +0x169
created by github.com/Black-And-White-Club/frolf-bot-shared/eventbus.(*eventBus).Subscribe in goroutine 33200
	/Users/jace/Documents/GitHub/frolf-bot-shared/eventbus/eventbus.go:315 +0xbf1

goroutine 35395 [sync.Cond.Wait, 2 minutes]:
sync.runtime_notifyListWait(0xc00033ab90, 0x0)
	/usr/local/Cellar/go/1.24.2/libexec/src/runtime/sema.go:597 +0x159
sync.(*Cond).Wait(0xc001a60060?)
	/usr/local/Cellar/go/1.24.2/libexec/src/sync/cond.go:71 +0x85
github.com/nats-io/nats%2ego.(*asyncCallbacksHandler).asyncCBDispatcher(0xc0008369e0)
	/Users/jace/go/pkg/mod/github.com/nats-io/nats.go@v1.41.1/nats.go:3059 +0xdd
created by github.com/nats-io/nats%2ego.Options.Connect in goroutine 34802
	/Users/jace/go/pkg/mod/github.com/nats-io/nats.go@v1.41.1/nats.go:1635 +0x387

goroutine 33262 [chan receive, 2 minutes]:
github.com/ThreeDotsLabs/watermill/message.(*messageTransformSubscriberDecorator).Subscribe.func1()
	/Users/jace/go/pkg/mod/github.com/!three!dots!labs/watermill@v1.4.6/message/decorator.go:52 +0x85
created by github.com/ThreeDotsLabs/watermill/message.(*messageTransformSubscriberDecorator).Subscribe in goroutine 33200
	/Users/jace/go/pkg/mod/github.com/!three!dots!labs/watermill@v1.4.6/message/decorator.go:51 +0xc7

goroutine 27107 [select, 2 minutes]:
github.com/nats-io/nats.go/jetstream.(*pullSubscription).pullMessages(0xc001043440, {0xc0005e83c0, 0x50})
	/Users/jace/go/pkg/mod/github.com/nats-io/nats.go@v1.41.1/jetstream/pull.go:955 +0x91
created by github.com/nats-io/nats.go/jetstream.(*pullConsumer).Messages in goroutine 27088
	/Users/jace/go/pkg/mod/github.com/nats-io/nats.go@v1.41.1/jetstream/pull.go:534 +0x748

goroutine 32300 [select, 2 minutes]:
github.com/nats-io/nats.go/jetstream.(*pullConsumer).Messages.func2()
	/Users/jace/go/pkg/mod/github.com/nats-io/nats.go@v1.41.1/jetstream/pull.go:538 +0x68
created by github.com/nats-io/nats.go/jetstream.(*pullConsumer).Messages in goroutine 32049
	/Users/jace/go/pkg/mod/github.com/nats-io/nats.go@v1.41.1/jetstream/pull.go:536 +0x78a

goroutine 32285 [select, 2 minutes]:
github.com/nats-io/nats.go/jetstream.(*pullConsumer).Messages.func2()
	/Users/jace/go/pkg/mod/github.com/nats-io/nats.go@v1.41.1/jetstream/pull.go:538 +0x68
created by github.com/nats-io/nats.go/jetstream.(*pullConsumer).Messages in goroutine 32418
	/Users/jace/go/pkg/mod/github.com/nats-io/nats.go@v1.41.1/jetstream/pull.go:536 +0x78a

goroutine 27262 [select, 2 minutes]:
github.com/nats-io/nats.go/jetstream.(*pullSubscription).Next(0xc0019206c0)
	/Users/jace/go/pkg/mod/github.com/nats-io/nats.go@v1.41.1/jetstream/pull.go:589 +0x285
github.com/Black-And-White-Club/frolf-bot-shared/eventbus.(*eventBus).Subscribe.func1()
	/Users/jace/Documents/GitHub/frolf-bot-shared/eventbus/eventbus.go:326 +0x169
created by github.com/Black-And-White-Club/frolf-bot-shared/eventbus.(*eventBus).Subscribe in goroutine 27088
	/Users/jace/Documents/GitHub/frolf-bot-shared/eventbus/eventbus.go:315 +0xbf1

goroutine 34224 [select, 2 minutes]:
github.com/nats-io/nats.go/jetstream.(*pullSubscription).Next(0xc001c0ce10)
	/Users/jace/go/pkg/mod/github.com/nats-io/nats.go@v1.41.1/jetstream/pull.go:589 +0x285
github.com/Black-And-White-Club/frolf-bot-shared/eventbus.(*eventBus).Subscribe.func1()
	/Users/jace/Documents/GitHub/frolf-bot-shared/eventbus/eventbus.go:326 +0x169
created by github.com/Black-And-White-Club/frolf-bot-shared/eventbus.(*eventBus).Subscribe in goroutine 34180
	/Users/jace/Documents/GitHub/frolf-bot-shared/eventbus/eventbus.go:315 +0xbf1

goroutine 27527 [select, 2 minutes]:
github.com/nats-io/nats.go/jetstream.(*pullSubscription).pullMessages(0xc00172cfc0, {0xc00108c100, 0x3f})
	/Users/jace/go/pkg/mod/github.com/nats-io/nats.go@v1.41.1/jetstream/pull.go:955 +0x91
created by github.com/nats-io/nats.go/jetstream.(*pullConsumer).Messages in goroutine 27088
	/Users/jace/go/pkg/mod/github.com/nats-io/nats.go@v1.41.1/jetstream/pull.go:534 +0x748

goroutine 32443 [select, 2 minutes]:
github.com/nats-io/nats.go/jetstream.(*pullSubscription).pullMessages(0xc0009d85a0, {0xc000755090, 0x45})
	/Users/jace/go/pkg/mod/github.com/nats-io/nats.go@v1.41.1/jetstream/pull.go:955 +0x91
created by github.com/nats-io/nats.go/jetstream.(*pullConsumer).Messages in goroutine 32049
	/Users/jace/go/pkg/mod/github.com/nats-io/nats.go@v1.41.1/jetstream/pull.go:534 +0x748

goroutine 31041 [select, 2 minutes]:
github.com/nats-io/nats.go/jetstream.(*pullSubscription).pullMessages(0xc00113e7e0, {0xc0005e9400, 0x42})
	/Users/jace/go/pkg/mod/github.com/nats-io/nats.go@v1.41.1/jetstream/pull.go:955 +0x91
created by github.com/nats-io/nats.go/jetstream.(*pullConsumer).Messages in goroutine 31164
	/Users/jace/go/pkg/mod/github.com/nats-io/nats.go@v1.41.1/jetstream/pull.go:534 +0x748

goroutine 34332 [select, 2 minutes]:
github.com/nats-io/nats.go/jetstream.(*pullSubscription).Next(0xc001c0d560)
	/Users/jace/go/pkg/mod/github.com/nats-io/nats.go@v1.41.1/jetstream/pull.go:589 +0x285
github.com/Black-And-White-Club/frolf-bot-shared/eventbus.(*eventBus).Subscribe.func1()
	/Users/jace/Documents/GitHub/frolf-bot-shared/eventbus/eventbus.go:326 +0x169
created by github.com/Black-And-White-Club/frolf-bot-shared/eventbus.(*eventBus).Subscribe in goroutine 34180
	/Users/jace/Documents/GitHub/frolf-bot-shared/eventbus/eventbus.go:315 +0xbf1

goroutine 27322 [chan receive, 2 minutes]:
github.com/ThreeDotsLabs/watermill/message.(*handler).run(0xc0006a7380, {0x10a337fa0, 0xc00192a050}, {0xc00076a0c0, 0x6, 0x3a2265646f4d736e?})
	/Users/jace/go/pkg/mod/github.com/!three!dots!labs/watermill@v1.4.6/message/router.go:645 +0x2b4
github.com/ThreeDotsLabs/watermill/message.(*Router).RunHandlers.func1()
	/Users/jace/go/pkg/mod/github.com/!three!dots!labs/watermill@v1.4.6/message/router.go:460 +0x145
created by github.com/ThreeDotsLabs/watermill/message.(*Router).RunHandlers in goroutine 27088
	/Users/jace/go/pkg/mod/github.com/!three!dots!labs/watermill@v1.4.6/message/router.go:453 +0x606

goroutine 27260 [select, 2 minutes]:
github.com/nats-io/nats.go/jetstream.(*pullSubscription).pullMessages(0xc0019206c0, {0xc00066ea40, 0x3e})
	/Users/jace/go/pkg/mod/github.com/nats-io/nats.go@v1.41.1/jetstream/pull.go:955 +0x91
created by github.com/nats-io/nats.go/jetstream.(*pullConsumer).Messages in goroutine 27088
	/Users/jace/go/pkg/mod/github.com/nats-io/nats.go@v1.41.1/jetstream/pull.go:534 +0x748

goroutine 31979 [sync.Cond.Wait, 2 minutes]:
sync.runtime_notifyListWait(0xc000626b50, 0x8)
	/usr/local/Cellar/go/1.24.2/libexec/src/runtime/sema.go:597 +0x159
sync.(*Cond).Wait(0xc0011d9950?)
	/usr/local/Cellar/go/1.24.2/libexec/src/sync/cond.go:71 +0x85
github.com/nats-io/nats%2ego.(*Conn).waitForMsgs(0xc0012ca708, 0xc0005e4780)
	/Users/jace/go/pkg/mod/github.com/nats-io/nats.go@v1.41.1/nats.go:3178 +0xc5
created by github.com/nats-io/nats%2ego.(*Conn).subscribeLocked in goroutine 31445
	/Users/jace/go/pkg/mod/github.com/nats-io/nats.go@v1.41.1/nats.go:4468 +0x419

goroutine 32265 [select, 2 minutes]:
github.com/nats-io/nats.go/jetstream.(*pullConsumer).Messages.func2()
	/Users/jace/go/pkg/mod/github.com/nats-io/nats.go@v1.41.1/jetstream/pull.go:538 +0x68
created by github.com/nats-io/nats.go/jetstream.(*pullConsumer).Messages in goroutine 32049
	/Users/jace/go/pkg/mod/github.com/nats-io/nats.go@v1.41.1/jetstream/pull.go:536 +0x78a

goroutine 34467 [select, 2 minutes]:
github.com/nats-io/nats.go/jetstream.(*pullSubscription).Next(0xc0011a5b90)
	/Users/jace/go/pkg/mod/github.com/nats-io/nats.go@v1.41.1/jetstream/pull.go:589 +0x285
github.com/Black-And-White-Club/frolf-bot-shared/eventbus.(*eventBus).Subscribe.func1()
	/Users/jace/Documents/GitHub/frolf-bot-shared/eventbus/eventbus.go:326 +0x169
created by github.com/Black-And-White-Club/frolf-bot-shared/eventbus.(*eventBus).Subscribe in goroutine 34180
	/Users/jace/Documents/GitHub/frolf-bot-shared/eventbus/eventbus.go:315 +0xbf1

goroutine 35739 [chan receive, 2 minutes]:
github.com/ThreeDotsLabs/watermill/message.(*messageTransformSubscriberDecorator).Subscribe.func1()
	/Users/jace/go/pkg/mod/github.com/!three!dots!labs/watermill@v1.4.6/message/decorator.go:52 +0x85
created by github.com/ThreeDotsLabs/watermill/message.(*messageTransformSubscriberDecorator).Subscribe in goroutine 35445
	/Users/jace/go/pkg/mod/github.com/!three!dots!labs/watermill@v1.4.6/message/decorator.go:51 +0xc7

goroutine 34316 [select, 2 minutes]:
github.com/nats-io/nats.go/jetstream.(*pullConsumer).Messages.func2()
	/Users/jace/go/pkg/mod/github.com/nats-io/nats.go@v1.41.1/jetstream/pull.go:538 +0x68
created by github.com/nats-io/nats.go/jetstream.(*pullConsumer).Messages in goroutine 34180
	/Users/jace/go/pkg/mod/github.com/nats-io/nats.go@v1.41.1/jetstream/pull.go:536 +0x78a

goroutine 27263 [chan receive, 2 minutes]:
github.com/ThreeDotsLabs/watermill/message.(*messageTransformSubscriberDecorator).Subscribe.func1()
	/Users/jace/go/pkg/mod/github.com/!three!dots!labs/watermill@v1.4.6/message/decorator.go:52 +0x85
created by github.com/ThreeDotsLabs/watermill/message.(*messageTransformSubscriberDecorator).Subscribe in goroutine 27088
	/Users/jace/go/pkg/mod/github.com/!three!dots!labs/watermill@v1.4.6/message/decorator.go:51 +0xc7

goroutine 34140 [select, 2 minutes]:
github.com/nats-io/nats.go/jetstream.(*pullSubscription).pullMessages(0xc0014be120, {0xc000b3a9c0, 0x3e})
	/Users/jace/go/pkg/mod/github.com/nats-io/nats.go@v1.41.1/jetstream/pull.go:955 +0x91
created by github.com/nats-io/nats.go/jetstream.(*pullConsumer).Messages in goroutine 34180
	/Users/jace/go/pkg/mod/github.com/nats-io/nats.go@v1.41.1/jetstream/pull.go:534 +0x748

goroutine 26377 [sync.WaitGroup.Wait, 2 minutes]:
sync.runtime_SemacquireWaitGroup(0xc0004a7030?)
	/usr/local/Cellar/go/1.24.2/libexec/src/runtime/sema.go:110 +0x25
sync.(*WaitGroup).Wait(0xc000f62f40?)
	/usr/local/Cellar/go/1.24.2/libexec/src/sync/waitgroup.go:118 +0x48
github.com/ThreeDotsLabs/watermill/message.(*Router).waitForHandlers.func1()
	/Users/jace/go/pkg/mod/github.com/!three!dots!labs/watermill@v1.4.6/message/router.go:579 +0x4b
created by github.com/ThreeDotsLabs/watermill/message.(*Router).waitForHandlers in goroutine 22340
	/Users/jace/go/pkg/mod/github.com/!three!dots!labs/watermill@v1.4.6/message/router.go:577 +0x87

goroutine 31176 [select, 2 minutes]:
github.com/nats-io/nats.go/jetstream.(*pullSubscription).Next(0xc000b75b00)
	/Users/jace/go/pkg/mod/github.com/nats-io/nats.go@v1.41.1/jetstream/pull.go:589 +0x285
github.com/Black-And-White-Club/frolf-bot-shared/eventbus.(*eventBus).Subscribe.func1()
	/Users/jace/Documents/GitHub/frolf-bot-shared/eventbus/eventbus.go:326 +0x169
created by github.com/Black-And-White-Club/frolf-bot-shared/eventbus.(*eventBus).Subscribe in goroutine 31164
	/Users/jace/Documents/GitHub/frolf-bot-shared/eventbus/eventbus.go:315 +0xbf1

goroutine 33144 [select, 2 minutes]:
github.com/nats-io/nats.go/jetstream.(*pullSubscription).Next(0xc00172d5f0)
	/Users/jace/go/pkg/mod/github.com/nats-io/nats.go@v1.41.1/jetstream/pull.go:589 +0x285
github.com/Black-And-White-Club/frolf-bot-shared/eventbus.(*eventBus).Subscribe.func1()
	/Users/jace/Documents/GitHub/frolf-bot-shared/eventbus/eventbus.go:326 +0x169
created by github.com/Black-And-White-Club/frolf-bot-shared/eventbus.(*eventBus).Subscribe in goroutine 33200
	/Users/jace/Documents/GitHub/frolf-bot-shared/eventbus/eventbus.go:315 +0xbf1

goroutine 32503 [select]:
github.com/nats-io/nats%2ego.(*Conn).doReconnect(0xc0012ca708, {0x10a327f28, 0x10acedb30}, 0x0)
	/Users/jace/go/pkg/mod/github.com/nats-io/nats.go@v1.41.1/nats.go:2907 +0x41a
created by github.com/nats-io/nats%2ego.(*Conn).processOpErr in goroutine 31987
	/Users/jace/go/pkg/mod/github.com/nats-io/nats.go@v1.41.1/nats.go:3043 +0x2f3

goroutine 31976 [sync.Cond.Wait, 2 minutes]:
sync.runtime_notifyListWait(0xc0012ffb90, 0x0)
	/usr/local/Cellar/go/1.24.2/libexec/src/runtime/sema.go:597 +0x159
sync.(*Cond).Wait(0xc000302850?)
	/usr/local/Cellar/go/1.24.2/libexec/src/sync/cond.go:71 +0x85
github.com/nats-io/nats%2ego.(*asyncCallbacksHandler).asyncCBDispatcher(0xc001204520)
	/Users/jace/go/pkg/mod/github.com/nats-io/nats.go@v1.41.1/nats.go:3059 +0xdd
created by github.com/nats-io/nats%2ego.Options.Connect in goroutine 31445
	/Users/jace/go/pkg/mod/github.com/nats-io/nats.go@v1.41.1/nats.go:1635 +0x387

goroutine 33316 [select, 2 minutes]:
github.com/nats-io/nats.go/jetstream.(*pullConsumer).Messages.func2()
	/Users/jace/go/pkg/mod/github.com/nats-io/nats.go@v1.41.1/jetstream/pull.go:538 +0x68
created by github.com/nats-io/nats.go/jetstream.(*pullConsumer).Messages in goroutine 33200
	/Users/jace/go/pkg/mod/github.com/nats-io/nats.go@v1.41.1/jetstream/pull.go:536 +0x78a

goroutine 32458 [select, 2 minutes]:
github.com/nats-io/nats.go/jetstream.(*pullSubscription).pullMessages(0xc00055ba70, {0xc000a43080, 0x58})
	/Users/jace/go/pkg/mod/github.com/nats-io/nats.go@v1.41.1/jetstream/pull.go:955 +0x91
created by github.com/nats-io/nats.go/jetstream.(*pullConsumer).Messages in goroutine 32441
	/Users/jace/go/pkg/mod/github.com/nats-io/nats.go@v1.41.1/jetstream/pull.go:534 +0x748

goroutine 35635 [chan receive, 2 minutes]:
github.com/ThreeDotsLabs/watermill/message.(*messageTransformSubscriberDecorator).Subscribe.func1()
	/Users/jace/go/pkg/mod/github.com/!three!dots!labs/watermill@v1.4.6/message/decorator.go:52 +0x85
created by github.com/ThreeDotsLabs/watermill/message.(*messageTransformSubscriberDecorator).Subscribe in goroutine 35445
	/Users/jace/go/pkg/mod/github.com/!three!dots!labs/watermill@v1.4.6/message/decorator.go:51 +0xc7

goroutine 38202 [select, 1 minutes]:
github.com/nats-io/nats.go/jetstream.(*pullConsumer).Messages.func2()
	/Users/jace/go/pkg/mod/github.com/nats-io/nats.go@v1.41.1/jetstream/pull.go:538 +0x68
created by github.com/nats-io/nats.go/jetstream.(*pullConsumer).Messages in goroutine 37797
	/Users/jace/go/pkg/mod/github.com/nats-io/nats.go@v1.41.1/jetstream/pull.go:536 +0x78a

goroutine 27318 [select, 2 minutes]:
github.com/nats-io/nats.go/jetstream.(*pullSubscription).pullMessages(0xc001920d80, {0xc00004ea00, 0x48})
	/Users/jace/go/pkg/mod/github.com/nats-io/nats.go@v1.41.1/jetstream/pull.go:955 +0x91
created by github.com/nats-io/nats.go/jetstream.(*pullConsumer).Messages in goroutine 27088
	/Users/jace/go/pkg/mod/github.com/nats-io/nats.go@v1.41.1/jetstream/pull.go:534 +0x748

goroutine 26379 [sync.WaitGroup.Wait, 2 minutes]:
sync.runtime_SemacquireWaitGroup(0xc000c59110?)
	/usr/local/Cellar/go/1.24.2/libexec/src/runtime/sema.go:110 +0x25
sync.(*WaitGroup).Wait(0xc00140a730?)
	/usr/local/Cellar/go/1.24.2/libexec/src/sync/waitgroup.go:118 +0x48
github.com/ThreeDotsLabs/watermill/pubsub/sync.WaitGroupTimeout.func1()
	/Users/jace/go/pkg/mod/github.com/!three!dots!labs/watermill@v1.4.6/pubsub/sync/waitgroup.go:13 +0x25
created by github.com/ThreeDotsLabs/watermill/pubsub/sync.WaitGroupTimeout in goroutine 22340
	/Users/jace/go/pkg/mod/github.com/!three!dots!labs/watermill@v1.4.6/pubsub/sync/waitgroup.go:12 +0x85

goroutine 27225 [select, 2 minutes]:
github.com/nats-io/nats.go/jetstream.(*pullSubscription).Next(0xc001984870)
	/Users/jace/go/pkg/mod/github.com/nats-io/nats.go@v1.41.1/jetstream/pull.go:589 +0x285
github.com/Black-And-White-Club/frolf-bot-shared/eventbus.(*eventBus).Subscribe.func1()
	/Users/jace/Documents/GitHub/frolf-bot-shared/eventbus/eventbus.go:326 +0x169
created by github.com/Black-And-White-Club/frolf-bot-shared/eventbus.(*eventBus).Subscribe in goroutine 27088
	/Users/jace/Documents/GitHub/frolf-bot-shared/eventbus/eventbus.go:315 +0xbf1

goroutine 41669 [select, 1 minutes]:
github.com/nats-io/nats.go/jetstream.(*pullConsumer).Messages.func2()
	/Users/jace/go/pkg/mod/github.com/nats-io/nats.go@v1.41.1/jetstream/pull.go:538 +0x68
created by github.com/nats-io/nats.go/jetstream.(*pullConsumer).Messages in goroutine 41277
	/Users/jace/go/pkg/mod/github.com/nats-io/nats.go@v1.41.1/jetstream/pull.go:536 +0x78a

goroutine 30388 [select]:
github.com/nats-io/nats%2ego.(*Conn).doReconnect(0xc001402e08, {0x10a327f28, 0x10acedb30}, 0x0)
	/Users/jace/go/pkg/mod/github.com/nats-io/nats.go@v1.41.1/nats.go:2907 +0x41a
created by github.com/nats-io/nats%2ego.(*Conn).processOpErr in goroutine 27043
	/Users/jace/go/pkg/mod/github.com/nats-io/nats.go@v1.41.1/nats.go:3043 +0x2f3

goroutine 27119 [select, 2 minutes]:
github.com/nats-io/nats.go/jetstream.(*pullConsumer).Messages.func2()
	/Users/jace/go/pkg/mod/github.com/nats-io/nats.go@v1.41.1/jetstream/pull.go:538 +0x68
created by github.com/nats-io/nats.go/jetstream.(*pullConsumer).Messages in goroutine 27088
	/Users/jace/go/pkg/mod/github.com/nats-io/nats.go@v1.41.1/jetstream/pull.go:536 +0x78a

goroutine 27328 [chan receive, 2 minutes]:
github.com/ThreeDotsLabs/watermill/message.(*messageTransformSubscriberDecorator).Subscribe.func1()
	/Users/jace/go/pkg/mod/github.com/!three!dots!labs/watermill@v1.4.6/message/decorator.go:52 +0x85
created by github.com/ThreeDotsLabs/watermill/message.(*messageTransformSubscriberDecorator).Subscribe in goroutine 27088
	/Users/jace/go/pkg/mod/github.com/!three!dots!labs/watermill@v1.4.6/message/decorator.go:51 +0xc7

goroutine 32454 [select, 2 minutes]:
github.com/nats-io/nats.go/jetstream.(*pullSubscription).Next(0xc00055b050)
	/Users/jace/go/pkg/mod/github.com/nats-io/nats.go@v1.41.1/jetstream/pull.go:589 +0x285
github.com/Black-And-White-Club/frolf-bot-shared/eventbus.(*eventBus).Subscribe.func1()
	/Users/jace/Documents/GitHub/frolf-bot-shared/eventbus/eventbus.go:326 +0x169
created by github.com/Black-And-White-Club/frolf-bot-shared/eventbus.(*eventBus).Subscribe in goroutine 32049
	/Users/jace/Documents/GitHub/frolf-bot-shared/eventbus/eventbus.go:315 +0xbf1

goroutine 40238 [chan receive, 1 minutes]:
github.com/ThreeDotsLabs/watermill/message.(*messageTransformSubscriberDecorator).Subscribe.func1()
	/Users/jace/go/pkg/mod/github.com/!three!dots!labs/watermill@v1.4.6/message/decorator.go:52 +0x85
created by github.com/ThreeDotsLabs/watermill/message.(*messageTransformSubscriberDecorator).Subscribe in goroutine 40053
	/Users/jace/go/pkg/mod/github.com/!three!dots!labs/watermill@v1.4.6/message/decorator.go:51 +0xc7

goroutine 27358 [select, 2 minutes]:
github.com/nats-io/nats.go/jetstream.(*pullConsumer).Messages.func2()
	/Users/jace/go/pkg/mod/github.com/nats-io/nats.go@v1.41.1/jetstream/pull.go:538 +0x68
created by github.com/nats-io/nats.go/jetstream.(*pullConsumer).Messages in goroutine 27088
	/Users/jace/go/pkg/mod/github.com/nats-io/nats.go@v1.41.1/jetstream/pull.go:536 +0x78a

goroutine 32064 [select, 2 minutes]:
github.com/nats-io/nats.go/jetstream.(*pullSubscription).pullMessages(0xc0007b3a70, {0xc000b3b600, 0x3e})
	/Users/jace/go/pkg/mod/github.com/nats-io/nats.go@v1.41.1/jetstream/pull.go:955 +0x91
created by github.com/nats-io/nats.go/jetstream.(*pullConsumer).Messages in goroutine 32049
	/Users/jace/go/pkg/mod/github.com/nats-io/nats.go@v1.41.1/jetstream/pull.go:534 +0x748

goroutine 38018 [chan receive, 1 minutes]:
github.com/ThreeDotsLabs/watermill/message.(*handler).run(0xc001bfb450, {0x10a337fa0, 0xc0005af590}, {0xc000ec0240, 0x6, 0x736552222c7d5d7d?})
	/Users/jace/go/pkg/mod/github.com/!three!dots!labs/watermill@v1.4.6/message/router.go:645 +0x2b4
github.com/ThreeDotsLabs/watermill/message.(*Router).RunHandlers.func1()
	/Users/jace/go/pkg/mod/github.com/!three!dots!labs/watermill@v1.4.6/message/router.go:460 +0x145
created by github.com/ThreeDotsLabs/watermill/message.(*Router).RunHandlers in goroutine 37797
	/Users/jace/go/pkg/mod/github.com/!three!dots!labs/watermill@v1.4.6/message/router.go:453 +0x606

goroutine 34499 [chan receive, 2 minutes]:
github.com/ThreeDotsLabs/watermill/message.(*messageTransformSubscriberDecorator).Subscribe.func1()
	/Users/jace/go/pkg/mod/github.com/!three!dots!labs/watermill@v1.4.6/message/decorator.go:52 +0x85
created by github.com/ThreeDotsLabs/watermill/message.(*messageTransformSubscriberDecorator).Subscribe in goroutine 34180
	/Users/jace/go/pkg/mod/github.com/!three!dots!labs/watermill@v1.4.6/message/decorator.go:51 +0xc7

goroutine 32392 [select, 2 minutes]:
github.com/nats-io/nats.go/jetstream.(*pullSubscription).pullMessages(0xc00116f3b0, {0xc00179abe0, 0x4e})
	/Users/jace/go/pkg/mod/github.com/nats-io/nats.go@v1.41.1/jetstream/pull.go:955 +0x91
created by github.com/nats-io/nats.go/jetstream.(*pullConsumer).Messages in goroutine 32049
	/Users/jace/go/pkg/mod/github.com/nats-io/nats.go@v1.41.1/jetstream/pull.go:534 +0x748

goroutine 31220 [chan receive, 2 minutes]:
github.com/ThreeDotsLabs/watermill/message.(*messageTransformSubscriberDecorator).Subscribe.func1()
	/Users/jace/go/pkg/mod/github.com/!three!dots!labs/watermill@v1.4.6/message/decorator.go:52 +0x85
created by github.com/ThreeDotsLabs/watermill/message.(*messageTransformSubscriberDecorator).Subscribe in goroutine 31164
	/Users/jace/go/pkg/mod/github.com/!three!dots!labs/watermill@v1.4.6/message/decorator.go:51 +0xc7

goroutine 34511 [chan receive, 2 minutes]:
github.com/ThreeDotsLabs/watermill/message.(*messageTransformSubscriberDecorator).Subscribe.func1()
	/Users/jace/go/pkg/mod/github.com/!three!dots!labs/watermill@v1.4.6/message/decorator.go:52 +0x85
created by github.com/ThreeDotsLabs/watermill/message.(*messageTransformSubscriberDecorator).Subscribe in goroutine 34180
	/Users/jace/go/pkg/mod/github.com/!three!dots!labs/watermill@v1.4.6/message/decorator.go:51 +0xc7

goroutine 32171 [chan receive, 2 minutes]:
github.com/ThreeDotsLabs/watermill/message.(*messageTransformSubscriberDecorator).Subscribe.func1()
	/Users/jace/go/pkg/mod/github.com/!three!dots!labs/watermill@v1.4.6/message/decorator.go:52 +0x85
created by github.com/ThreeDotsLabs/watermill/message.(*messageTransformSubscriberDecorator).Subscribe in goroutine 32049
	/Users/jace/go/pkg/mod/github.com/!three!dots!labs/watermill@v1.4.6/message/decorator.go:51 +0xc7

goroutine 32142 [chan receive, 2 minutes]:
github.com/ThreeDotsLabs/watermill/message.(*handler).run(0xc000173e10, {0x10a337fa0, 0xc001530eb0}, {0xc001094e40, 0x6, 0x34?})
	/Users/jace/go/pkg/mod/github.com/!three!dots!labs/watermill@v1.4.6/message/router.go:645 +0x2b4
github.com/ThreeDotsLabs/watermill/message.(*Router).RunHandlers.func1()
	/Users/jace/go/pkg/mod/github.com/!three!dots!labs/watermill@v1.4.6/message/router.go:460 +0x145
created by github.com/ThreeDotsLabs/watermill/message.(*Router).RunHandlers in goroutine 32049
	/Users/jace/go/pkg/mod/github.com/!three!dots!labs/watermill@v1.4.6/message/router.go:453 +0x606

goroutine 27497 [select, 2 minutes]:
github.com/nats-io/nats.go/jetstream.(*pullSubscription).pullMessages(0xc000b88ea0, {0xc0011bec00, 0x58})
	/Users/jace/go/pkg/mod/github.com/nats-io/nats.go@v1.41.1/jetstream/pull.go:955 +0x91
created by github.com/nats-io/nats.go/jetstream.(*pullConsumer).Messages in goroutine 27088
	/Users/jace/go/pkg/mod/github.com/nats-io/nats.go@v1.41.1/jetstream/pull.go:534 +0x748

goroutine 31250 [select, 2 minutes]:
github.com/nats-io/nats.go/jetstream.(*pullConsumer).Messages.func2()
	/Users/jace/go/pkg/mod/github.com/nats-io/nats.go@v1.41.1/jetstream/pull.go:538 +0x68
created by github.com/nats-io/nats.go/jetstream.(*pullConsumer).Messages in goroutine 31164
	/Users/jace/go/pkg/mod/github.com/nats-io/nats.go@v1.41.1/jetstream/pull.go:536 +0x78a

goroutine 32110 [chan receive, 2 minutes]:
github.com/ThreeDotsLabs/watermill/message.(*messageTransformSubscriberDecorator).Subscribe.func1()
	/Users/jace/go/pkg/mod/github.com/!three!dots!labs/watermill@v1.4.6/message/decorator.go:52 +0x85
created by github.com/ThreeDotsLabs/watermill/message.(*messageTransformSubscriberDecorator).Subscribe in goroutine 32049
	/Users/jace/go/pkg/mod/github.com/!three!dots!labs/watermill@v1.4.6/message/decorator.go:51 +0xc7

goroutine 31268 [select, 2 minutes]:
github.com/nats-io/nats.go/jetstream.(*pullConsumer).Messages.func2()
	/Users/jace/go/pkg/mod/github.com/nats-io/nats.go@v1.41.1/jetstream/pull.go:538 +0x68
created by github.com/nats-io/nats.go/jetstream.(*pullConsumer).Messages in goroutine 31164
	/Users/jace/go/pkg/mod/github.com/nats-io/nats.go@v1.41.1/jetstream/pull.go:536 +0x78a

goroutine 31221 [chan receive, 2 minutes]:
github.com/ThreeDotsLabs/watermill/message.(*handler).run(0xc0014a5380, {0x10a337fa0, 0xc000812190}, {0xc00171c0c0, 0x6, 0xc000cea778?})
	/Users/jace/go/pkg/mod/github.com/!three!dots!labs/watermill@v1.4.6/message/router.go:645 +0x2b4
github.com/ThreeDotsLabs/watermill/message.(*Router).RunHandlers.func1()
	/Users/jace/go/pkg/mod/github.com/!three!dots!labs/watermill@v1.4.6/message/router.go:460 +0x145
created by github.com/ThreeDotsLabs/watermill/message.(*Router).RunHandlers in goroutine 31164
	/Users/jace/go/pkg/mod/github.com/!three!dots!labs/watermill@v1.4.6/message/router.go:453 +0x606

goroutine 32236 [chan receive, 2 minutes]:
github.com/ThreeDotsLabs/watermill/message.(*messageTransformSubscriberDecorator).Subscribe.func1()
	/Users/jace/go/pkg/mod/github.com/!three!dots!labs/watermill@v1.4.6/message/decorator.go:52 +0x85
created by github.com/ThreeDotsLabs/watermill/message.(*messageTransformSubscriberDecorator).Subscribe in goroutine 32049
	/Users/jace/go/pkg/mod/github.com/!three!dots!labs/watermill@v1.4.6/message/decorator.go:51 +0xc7

goroutine 32227 [chan receive, 2 minutes]:
github.com/ThreeDotsLabs/watermill/message.(*handler).run(0xc00118dc70, {0x10a337fa0, 0xc000366eb0}, {0xc001066600, 0x6, 0x10a0bfea0?})
	/Users/jace/go/pkg/mod/github.com/!three!dots!labs/watermill@v1.4.6/message/router.go:645 +0x2b4
github.com/ThreeDotsLabs/watermill/message.(*Router).RunHandlers.func1()
	/Users/jace/go/pkg/mod/github.com/!three!dots!labs/watermill@v1.4.6/message/router.go:460 +0x145
created by github.com/ThreeDotsLabs/watermill/message.(*Router).RunHandlers in goroutine 32049
	/Users/jace/go/pkg/mod/github.com/!three!dots!labs/watermill@v1.4.6/message/router.go:453 +0x606

goroutine 34594 [chan receive, 2 minutes]:
github.com/ThreeDotsLabs/watermill/message.(*messageTransformSubscriberDecorator).Subscribe.func1()
	/Users/jace/go/pkg/mod/github.com/!three!dots!labs/watermill@v1.4.6/message/decorator.go:52 +0x85
created by github.com/ThreeDotsLabs/watermill/message.(*messageTransformSubscriberDecorator).Subscribe in goroutine 34180
	/Users/jace/go/pkg/mod/github.com/!three!dots!labs/watermill@v1.4.6/message/decorator.go:51 +0xc7

goroutine 33236 [chan receive, 2 minutes]:
github.com/ThreeDotsLabs/watermill/message.(*handler).run(0xc000eab2b0, {0x10a337fa0, 0xc0000ebc20}, {0xc000c24d80, 0x6, 0xc00186b770?})
	/Users/jace/go/pkg/mod/github.com/!three!dots!labs/watermill@v1.4.6/message/router.go:645 +0x2b4
github.com/ThreeDotsLabs/watermill/message.(*Router).RunHandlers.func1()
	/Users/jace/go/pkg/mod/github.com/!three!dots!labs/watermill@v1.4.6/message/router.go:460 +0x145
created by github.com/ThreeDotsLabs/watermill/message.(*Router).RunHandlers in goroutine 33200
	/Users/jace/go/pkg/mod/github.com/!three!dots!labs/watermill@v1.4.6/message/router.go:453 +0x606

goroutine 33263 [chan receive, 2 minutes]:
github.com/ThreeDotsLabs/watermill/message.(*handler).run(0xc000eab930, {0x10a337fa0, 0xc00098a370}, {0xc000cccc00, 0x6, 0x4?})
	/Users/jace/go/pkg/mod/github.com/!three!dots!labs/watermill@v1.4.6/message/router.go:645 +0x2b4
github.com/ThreeDotsLabs/watermill/message.(*Router).RunHandlers.func1()
	/Users/jace/go/pkg/mod/github.com/!three!dots!labs/watermill@v1.4.6/message/router.go:460 +0x145
created by github.com/ThreeDotsLabs/watermill/message.(*Router).RunHandlers in goroutine 33200
	/Users/jace/go/pkg/mod/github.com/!three!dots!labs/watermill@v1.4.6/message/router.go:453 +0x606

goroutine 32578 [select]:
github.com/nats-io/nats%2ego.(*Conn).doReconnect(0xc001404308, {0x10a327f28, 0x10acedb30}, 0x0)
	/Users/jace/go/pkg/mod/github.com/nats-io/nats.go@v1.41.1/nats.go:2907 +0x41a
created by github.com/nats-io/nats%2ego.(*Conn).processOpErr in goroutine 31921
	/Users/jace/go/pkg/mod/github.com/nats-io/nats.go@v1.41.1/nats.go:3043 +0x2f3

goroutine 33258 [chan receive, 2 minutes]:
github.com/ThreeDotsLabs/watermill/message.(*handler).run(0xc000eab520, {0x10a337fa0, 0xc0009146e0}, {0xc000fe2000, 0x6, 0x6e65502d7374614e?})
	/Users/jace/go/pkg/mod/github.com/!three!dots!labs/watermill@v1.4.6/message/router.go:645 +0x2b4
github.com/ThreeDotsLabs/watermill/message.(*Router).RunHandlers.func1()
	/Users/jace/go/pkg/mod/github.com/!three!dots!labs/watermill@v1.4.6/message/router.go:460 +0x145
created by github.com/ThreeDotsLabs/watermill/message.(*Router).RunHandlers in goroutine 33200
	/Users/jace/go/pkg/mod/github.com/!three!dots!labs/watermill@v1.4.6/message/router.go:453 +0x606

goroutine 32183 [select, 2 minutes]:
github.com/nats-io/nats.go/jetstream.(*pullSubscription).pullMessages(0xc0011a5d40, {0xc000254aa0, 0x4f})
	/Users/jace/go/pkg/mod/github.com/nats-io/nats.go@v1.41.1/jetstream/pull.go:955 +0x91
created by github.com/nats-io/nats.go/jetstream.(*pullConsumer).Messages in goroutine 32049
	/Users/jace/go/pkg/mod/github.com/nats-io/nats.go@v1.41.1/jetstream/pull.go:534 +0x748

goroutine 27520 [select, 2 minutes]:
github.com/nats-io/nats.go/jetstream.(*pullSubscription).pullMessages(0xc001208b40, {0xc00004eeb0, 0x4f})
	/Users/jace/go/pkg/mod/github.com/nats-io/nats.go@v1.41.1/jetstream/pull.go:955 +0x91
created by github.com/nats-io/nats.go/jetstream.(*pullConsumer).Messages in goroutine 27088
	/Users/jace/go/pkg/mod/github.com/nats-io/nats.go@v1.41.1/jetstream/pull.go:534 +0x748

goroutine 27521 [select, 2 minutes]:
github.com/nats-io/nats.go/jetstream.(*pullConsumer).Messages.func2()
	/Users/jace/go/pkg/mod/github.com/nats-io/nats.go@v1.41.1/jetstream/pull.go:538 +0x68
created by github.com/nats-io/nats.go/jetstream.(*pullConsumer).Messages in goroutine 27088
	/Users/jace/go/pkg/mod/github.com/nats-io/nats.go@v1.41.1/jetstream/pull.go:536 +0x78a

goroutine 27618 [select, 2 minutes]:
github.com/nats-io/nats.go/jetstream.(*pullSubscription).Next(0xc001208b40)
	/Users/jace/go/pkg/mod/github.com/nats-io/nats.go@v1.41.1/jetstream/pull.go:589 +0x285
github.com/Black-And-White-Club/frolf-bot-shared/eventbus.(*eventBus).Subscribe.func1()
	/Users/jace/Documents/GitHub/frolf-bot-shared/eventbus/eventbus.go:326 +0x169
created by github.com/Black-And-White-Club/frolf-bot-shared/eventbus.(*eventBus).Subscribe in goroutine 27088
	/Users/jace/Documents/GitHub/frolf-bot-shared/eventbus/eventbus.go:315 +0xbf1

goroutine 27619 [chan receive, 2 minutes]:
github.com/ThreeDotsLabs/watermill/message.(*messageTransformSubscriberDecorator).Subscribe.func1()
	/Users/jace/go/pkg/mod/github.com/!three!dots!labs/watermill@v1.4.6/message/decorator.go:52 +0x85
created by github.com/ThreeDotsLabs/watermill/message.(*messageTransformSubscriberDecorator).Subscribe in goroutine 27088
	/Users/jace/go/pkg/mod/github.com/!three!dots!labs/watermill@v1.4.6/message/decorator.go:51 +0xc7

goroutine 27620 [chan receive, 2 minutes]:
github.com/ThreeDotsLabs/watermill/message.(*handler).run(0xc000b845b0, {0x10a337fa0, 0xc001735090}, {0xc00190c3c0, 0x6, 0x0?})
	/Users/jace/go/pkg/mod/github.com/!three!dots!labs/watermill@v1.4.6/message/router.go:645 +0x2b4
github.com/ThreeDotsLabs/watermill/message.(*Router).RunHandlers.func1()
	/Users/jace/go/pkg/mod/github.com/!three!dots!labs/watermill@v1.4.6/message/router.go:460 +0x145
created by github.com/ThreeDotsLabs/watermill/message.(*Router).RunHandlers in goroutine 27088
	/Users/jace/go/pkg/mod/github.com/!three!dots!labs/watermill@v1.4.6/message/router.go:453 +0x606

goroutine 32299 [select, 2 minutes]:
github.com/nats-io/nats.go/jetstream.(*pullSubscription).pullMessages(0xc0007c5b90, {0xc0008b2e60, 0x45})
	/Users/jace/go/pkg/mod/github.com/nats-io/nats.go@v1.41.1/jetstream/pull.go:955 +0x91
created by github.com/nats-io/nats.go/jetstream.(*pullConsumer).Messages in goroutine 32049
	/Users/jace/go/pkg/mod/github.com/nats-io/nats.go@v1.41.1/jetstream/pull.go:534 +0x748

goroutine 36947 [select, 2 minutes]:
github.com/nats-io/nats.go/jetstream.(*pullSubscription).Next(0xc000d5aea0)
	/Users/jace/go/pkg/mod/github.com/nats-io/nats.go@v1.41.1/jetstream/pull.go:589 +0x285
github.com/Black-And-White-Club/frolf-bot-shared/eventbus.(*eventBus).Subscribe.func1()
	/Users/jace/Documents/GitHub/frolf-bot-shared/eventbus/eventbus.go:326 +0x169
created by github.com/Black-And-White-Club/frolf-bot-shared/eventbus.(*eventBus).Subscribe in goroutine 36760
	/Users/jace/Documents/GitHub/frolf-bot-shared/eventbus/eventbus.go:315 +0xbf1

goroutine 35460 [select, 2 minutes]:
github.com/nats-io/nats.go/jetstream.(*pullConsumer).Messages.func2()
	/Users/jace/go/pkg/mod/github.com/nats-io/nats.go@v1.41.1/jetstream/pull.go:538 +0x68
created by github.com/nats-io/nats.go/jetstream.(*pullConsumer).Messages in goroutine 35445
	/Users/jace/go/pkg/mod/github.com/nats-io/nats.go@v1.41.1/jetstream/pull.go:536 +0x78a

goroutine 44890 [select, 1 minutes]:
github.com/nats-io/nats.go/jetstream.(*pullSubscription).pullMessages(0xc001fc34d0, {0xc00017e500, 0x4b})
	/Users/jace/go/pkg/mod/github.com/nats-io/nats.go@v1.41.1/jetstream/pull.go:955 +0x91
created by github.com/nats-io/nats.go/jetstream.(*pullConsumer).Messages in goroutine 44822
	/Users/jace/go/pkg/mod/github.com/nats-io/nats.go@v1.41.1/jetstream/pull.go:534 +0x748

goroutine 32301 [select, 2 minutes]:
github.com/nats-io/nats.go/jetstream.(*pullSubscription).Next(0xc0007c5b90)
	/Users/jace/go/pkg/mod/github.com/nats-io/nats.go@v1.41.1/jetstream/pull.go:589 +0x285
github.com/Black-And-White-Club/frolf-bot-shared/eventbus.(*eventBus).Subscribe.func1()
	/Users/jace/Documents/GitHub/frolf-bot-shared/eventbus/eventbus.go:326 +0x169
created by github.com/Black-And-White-Club/frolf-bot-shared/eventbus.(*eventBus).Subscribe in goroutine 32049
	/Users/jace/Documents/GitHub/frolf-bot-shared/eventbus/eventbus.go:315 +0xbf1

goroutine 37829 [select, 1 minutes]:
github.com/nats-io/nats.go/jetstream.(*pullSubscription).Next(0xc000ba2900)
	/Users/jace/go/pkg/mod/github.com/nats-io/nats.go@v1.41.1/jetstream/pull.go:589 +0x285
github.com/Black-And-White-Club/frolf-bot-shared/eventbus.(*eventBus).Subscribe.func1()
	/Users/jace/Documents/GitHub/frolf-bot-shared/eventbus/eventbus.go:326 +0x169
created by github.com/Black-And-White-Club/frolf-bot-shared/eventbus.(*eventBus).Subscribe in goroutine 37797
	/Users/jace/Documents/GitHub/frolf-bot-shared/eventbus/eventbus.go:315 +0xbf1

goroutine 32275 [chan receive, 2 minutes]:
github.com/ThreeDotsLabs/watermill/message.(*messageTransformSubscriberDecorator).Subscribe.func1()
	/Users/jace/go/pkg/mod/github.com/!three!dots!labs/watermill@v1.4.6/message/decorator.go:52 +0x85
created by github.com/ThreeDotsLabs/watermill/message.(*messageTransformSubscriberDecorator).Subscribe in goroutine 32049
	/Users/jace/go/pkg/mod/github.com/!three!dots!labs/watermill@v1.4.6/message/decorator.go:51 +0xc7

goroutine 32447 [chan receive, 2 minutes]:
github.com/ThreeDotsLabs/watermill/message.(*handler).run(0xc0009cb2b0, {0x10a337fa0, 0xc000a2c320}, {0xc001095200, 0x6, 0x100007f?})
	/Users/jace/go/pkg/mod/github.com/!three!dots!labs/watermill@v1.4.6/message/router.go:645 +0x2b4
github.com/ThreeDotsLabs/watermill/message.(*Router).RunHandlers.func1()
	/Users/jace/go/pkg/mod/github.com/!three!dots!labs/watermill@v1.4.6/message/router.go:460 +0x145
created by github.com/ThreeDotsLabs/watermill/message.(*Router).RunHandlers in goroutine 32049
	/Users/jace/go/pkg/mod/github.com/!three!dots!labs/watermill@v1.4.6/message/router.go:453 +0x606

goroutine 33226 [select, 2 minutes]:
github.com/nats-io/nats.go/jetstream.(*pullSubscription).Next(0xc0010d4360)
	/Users/jace/go/pkg/mod/github.com/nats-io/nats.go@v1.41.1/jetstream/pull.go:589 +0x285
github.com/Black-And-White-Club/frolf-bot-shared/eventbus.(*eventBus).Subscribe.func1()
	/Users/jace/Documents/GitHub/frolf-bot-shared/eventbus/eventbus.go:326 +0x169
created by github.com/Black-And-White-Club/frolf-bot-shared/eventbus.(*eventBus).Subscribe in goroutine 33200
	/Users/jace/Documents/GitHub/frolf-bot-shared/eventbus/eventbus.go:315 +0xbf1

goroutine 31102 [sync.Cond.Wait, 2 minutes]:
sync.runtime_notifyListWait(0xc001993bd0, 0x4)
	/usr/local/Cellar/go/1.24.2/libexec/src/runtime/sema.go:597 +0x159
sync.(*Cond).Wait(0xc00182de30?)
	/usr/local/Cellar/go/1.24.2/libexec/src/sync/cond.go:71 +0x85
github.com/nats-io/nats%2ego.(*Conn).waitForMsgs(0xc00163a308, 0xc00198fc20)
	/Users/jace/go/pkg/mod/github.com/nats-io/nats.go@v1.41.1/nats.go:3178 +0xc5
created by github.com/nats-io/nats%2ego.(*Conn).subscribeLocked in goroutine 30397
	/Users/jace/go/pkg/mod/github.com/nats-io/nats.go@v1.41.1/nats.go:4468 +0x419

goroutine 31219 [select, 2 minutes]:
github.com/nats-io/nats.go/jetstream.(*pullSubscription).Next(0xc000ba2e10)
	/Users/jace/go/pkg/mod/github.com/nats-io/nats.go@v1.41.1/jetstream/pull.go:589 +0x285
github.com/Black-And-White-Club/frolf-bot-shared/eventbus.(*eventBus).Subscribe.func1()
	/Users/jace/Documents/GitHub/frolf-bot-shared/eventbus/eventbus.go:326 +0x169
created by github.com/Black-And-White-Club/frolf-bot-shared/eventbus.(*eventBus).Subscribe in goroutine 31164
	/Users/jace/Documents/GitHub/frolf-bot-shared/eventbus/eventbus.go:315 +0xbf1

goroutine 34415 [select, 2 minutes]:
github.com/nats-io/nats.go/jetstream.(*pullSubscription).Next(0xc000f91830)
	/Users/jace/go/pkg/mod/github.com/nats-io/nats.go@v1.41.1/jetstream/pull.go:589 +0x285
github.com/Black-And-White-Club/frolf-bot-shared/eventbus.(*eventBus).Subscribe.func1()
	/Users/jace/Documents/GitHub/frolf-bot-shared/eventbus/eventbus.go:326 +0x169
created by github.com/Black-And-White-Club/frolf-bot-shared/eventbus.(*eventBus).Subscribe in goroutine 34180
	/Users/jace/Documents/GitHub/frolf-bot-shared/eventbus/eventbus.go:315 +0xbf1

goroutine 32283 [chan receive, 2 minutes]:
github.com/ThreeDotsLabs/watermill/message.(*handler).run(0xc000173ad0, {0x10a337fa0, 0xc00192ba40}, {0xc001658480, 0x6, 0x0?})
	/Users/jace/go/pkg/mod/github.com/!three!dots!labs/watermill@v1.4.6/message/router.go:645 +0x2b4
github.com/ThreeDotsLabs/watermill/message.(*Router).RunHandlers.func1()
	/Users/jace/go/pkg/mod/github.com/!three!dots!labs/watermill@v1.4.6/message/router.go:460 +0x145
created by github.com/ThreeDotsLabs/watermill/message.(*Router).RunHandlers in goroutine 32049
	/Users/jace/go/pkg/mod/github.com/!three!dots!labs/watermill@v1.4.6/message/router.go:453 +0x606

goroutine 35680 [select, 2 minutes]:
github.com/nats-io/nats.go/jetstream.(*pullSubscription).pullMessages(0xc001de23f0, {0xc0018a7400, 0x42})
	/Users/jace/go/pkg/mod/github.com/nats-io/nats.go@v1.41.1/jetstream/pull.go:955 +0x91
created by github.com/nats-io/nats.go/jetstream.(*pullConsumer).Messages in goroutine 35445
	/Users/jace/go/pkg/mod/github.com/nats-io/nats.go@v1.41.1/jetstream/pull.go:534 +0x748

goroutine 31211 [chan receive, 2 minutes]:
github.com/ThreeDotsLabs/watermill/message.(*handler).run(0xc0014a5520, {0x10a337fa0, 0xc0000eb720}, {0xc0016ea000, 0x6, 0xc001789778?})
	/Users/jace/go/pkg/mod/github.com/!three!dots!labs/watermill@v1.4.6/message/router.go:645 +0x2b4
github.com/ThreeDotsLabs/watermill/message.(*Router).RunHandlers.func1()
	/Users/jace/go/pkg/mod/github.com/!three!dots!labs/watermill@v1.4.6/message/router.go:460 +0x145
created by github.com/ThreeDotsLabs/watermill/message.(*Router).RunHandlers in goroutine 31164
	/Users/jace/go/pkg/mod/github.com/!three!dots!labs/watermill@v1.4.6/message/router.go:453 +0x606

goroutine 31251 [select, 2 minutes]:
github.com/nats-io/nats.go/jetstream.(*pullSubscription).Next(0xc00113e7e0)
	/Users/jace/go/pkg/mod/github.com/nats-io/nats.go@v1.41.1/jetstream/pull.go:589 +0x285
github.com/Black-And-White-Club/frolf-bot-shared/eventbus.(*eventBus).Subscribe.func1()
	/Users/jace/Documents/GitHub/frolf-bot-shared/eventbus/eventbus.go:326 +0x169
created by github.com/Black-And-White-Club/frolf-bot-shared/eventbus.(*eventBus).Subscribe in goroutine 31164
	/Users/jace/Documents/GitHub/frolf-bot-shared/eventbus/eventbus.go:315 +0xbf1

goroutine 31289 [select, 2 minutes]:
github.com/nats-io/nats.go/jetstream.(*pullSubscription).pullMessages(0xc000f906c0, {0xc00179a0a0, 0x50})
	/Users/jace/go/pkg/mod/github.com/nats-io/nats.go@v1.41.1/jetstream/pull.go:955 +0x91
created by github.com/nats-io/nats.go/jetstream.(*pullConsumer).Messages in goroutine 31164
	/Users/jace/go/pkg/mod/github.com/nats-io/nats.go@v1.41.1/jetstream/pull.go:534 +0x748

goroutine 33282 [select, 2 minutes]:
github.com/nats-io/nats.go/jetstream.(*pullConsumer).Messages.func2()
	/Users/jace/go/pkg/mod/github.com/nats-io/nats.go@v1.41.1/jetstream/pull.go:538 +0x68
created by github.com/nats-io/nats.go/jetstream.(*pullConsumer).Messages in goroutine 33200
	/Users/jace/go/pkg/mod/github.com/nats-io/nats.go@v1.41.1/jetstream/pull.go:536 +0x78a

goroutine 32279 [select, 2 minutes]:
github.com/nats-io/nats.go/jetstream.(*pullSubscription).pullMessages(0xc000b745a0, {0xc000b3b7c0, 0x3e})
	/Users/jace/go/pkg/mod/github.com/nats-io/nats.go@v1.41.1/jetstream/pull.go:955 +0x91
created by github.com/nats-io/nats.go/jetstream.(*pullConsumer).Messages in goroutine 32049
	/Users/jace/go/pkg/mod/github.com/nats-io/nats.go@v1.41.1/jetstream/pull.go:534 +0x748

goroutine 33261 [select, 2 minutes]:
github.com/nats-io/nats.go/jetstream.(*pullSubscription).Next(0xc0012786c0)
	/Users/jace/go/pkg/mod/github.com/nats-io/nats.go@v1.41.1/jetstream/pull.go:589 +0x285
github.com/Black-And-White-Club/frolf-bot-shared/eventbus.(*eventBus).Subscribe.func1()
	/Users/jace/Documents/GitHub/frolf-bot-shared/eventbus/eventbus.go:326 +0x169
created by github.com/Black-And-White-Club/frolf-bot-shared/eventbus.(*eventBus).Subscribe in goroutine 33200
	/Users/jace/Documents/GitHub/frolf-bot-shared/eventbus/eventbus.go:315 +0xbf1

goroutine 33255 [select, 2 minutes]:
github.com/nats-io/nats.go/jetstream.(*pullConsumer).Messages.func2()
	/Users/jace/go/pkg/mod/github.com/nats-io/nats.go@v1.41.1/jetstream/pull.go:538 +0x68
created by github.com/nats-io/nats.go/jetstream.(*pullConsumer).Messages in goroutine 33200
	/Users/jace/go/pkg/mod/github.com/nats-io/nats.go@v1.41.1/jetstream/pull.go:536 +0x78a

goroutine 32473 [select, 2 minutes]:
github.com/nats-io/nats.go/jetstream.(*pullConsumer).Messages.func2()
	/Users/jace/go/pkg/mod/github.com/nats-io/nats.go@v1.41.1/jetstream/pull.go:538 +0x68
created by github.com/nats-io/nats.go/jetstream.(*pullConsumer).Messages in goroutine 32418
	/Users/jace/go/pkg/mod/github.com/nats-io/nats.go@v1.41.1/jetstream/pull.go:536 +0x78a

goroutine 33257 [chan receive, 2 minutes]:
github.com/ThreeDotsLabs/watermill/message.(*messageTransformSubscriberDecorator).Subscribe.func1()
	/Users/jace/go/pkg/mod/github.com/!three!dots!labs/watermill@v1.4.6/message/decorator.go:52 +0x85
created by github.com/ThreeDotsLabs/watermill/message.(*messageTransformSubscriberDecorator).Subscribe in goroutine 33200
	/Users/jace/go/pkg/mod/github.com/!three!dots!labs/watermill@v1.4.6/message/decorator.go:51 +0xc7

goroutine 34466 [select, 2 minutes]:
github.com/nats-io/nats.go/jetstream.(*pullConsumer).Messages.func2()
	/Users/jace/go/pkg/mod/github.com/nats-io/nats.go@v1.41.1/jetstream/pull.go:538 +0x68
created by github.com/nats-io/nats.go/jetstream.(*pullConsumer).Messages in goroutine 34180
	/Users/jace/go/pkg/mod/github.com/nats-io/nats.go@v1.41.1/jetstream/pull.go:536 +0x78a

goroutine 32109 [select, 2 minutes]:
github.com/nats-io/nats.go/jetstream.(*pullSubscription).Next(0xc0011a5320)
	/Users/jace/go/pkg/mod/github.com/nats-io/nats.go@v1.41.1/jetstream/pull.go:589 +0x285
github.com/Black-And-White-Club/frolf-bot-shared/eventbus.(*eventBus).Subscribe.func1()
	/Users/jace/Documents/GitHub/frolf-bot-shared/eventbus/eventbus.go:326 +0x169
created by github.com/Black-And-White-Club/frolf-bot-shared/eventbus.(*eventBus).Subscribe in goroutine 32049
	/Users/jace/Documents/GitHub/frolf-bot-shared/eventbus/eventbus.go:315 +0xbf1

goroutine 30407 [sync.WaitGroup.Wait, 2 minutes]:
sync.runtime_SemacquireWaitGroup(0x10a338010?)
	/usr/local/Cellar/go/1.24.2/libexec/src/runtime/sema.go:110 +0x25
sync.(*WaitGroup).Wait(0xc0011f67d0?)
	/usr/local/Cellar/go/1.24.2/libexec/src/sync/waitgroup.go:118 +0x48
github.com/ThreeDotsLabs/watermill/message.(*Router).waitForHandlers.func1()
	/Users/jace/go/pkg/mod/github.com/!three!dots!labs/watermill@v1.4.6/message/router.go:579 +0x4b
created by github.com/ThreeDotsLabs/watermill/message.(*Router).waitForHandlers in goroutine 26444
	/Users/jace/go/pkg/mod/github.com/!three!dots!labs/watermill@v1.4.6/message/router.go:577 +0x87

goroutine 36999 [chan receive, 2 minutes]:
github.com/ThreeDotsLabs/watermill/message.(*handler).run(0xc001982a90, {0x10a337fa0, 0xc000366d20}, {0xc001a3e3c0, 0x6, 0x0?})
	/Users/jace/go/pkg/mod/github.com/!three!dots!labs/watermill@v1.4.6/message/router.go:645 +0x2b4
github.com/ThreeDotsLabs/watermill/message.(*Router).RunHandlers.func1()
	/Users/jace/go/pkg/mod/github.com/!three!dots!labs/watermill@v1.4.6/message/router.go:460 +0x145
created by github.com/ThreeDotsLabs/watermill/message.(*Router).RunHandlers in goroutine 36760
	/Users/jace/go/pkg/mod/github.com/!three!dots!labs/watermill@v1.4.6/message/router.go:453 +0x606

goroutine 31210 [chan receive, 2 minutes]:
github.com/ThreeDotsLabs/watermill/message.(*messageTransformSubscriberDecorator).Subscribe.func1()
	/Users/jace/go/pkg/mod/github.com/!three!dots!labs/watermill@v1.4.6/message/decorator.go:52 +0x85
created by github.com/ThreeDotsLabs/watermill/message.(*messageTransformSubscriberDecorator).Subscribe in goroutine 31164
	/Users/jace/go/pkg/mod/github.com/!three!dots!labs/watermill@v1.4.6/message/decorator.go:51 +0xc7

goroutine 34581 [select, 2 minutes]:
github.com/nats-io/nats.go/jetstream.(*pullSubscription).Next(0xc001534f30)
	/Users/jace/go/pkg/mod/github.com/nats-io/nats.go@v1.41.1/jetstream/pull.go:589 +0x285
github.com/Black-And-White-Club/frolf-bot-shared/eventbus.(*eventBus).Subscribe.func1()
	/Users/jace/Documents/GitHub/frolf-bot-shared/eventbus/eventbus.go:326 +0x169
created by github.com/Black-And-White-Club/frolf-bot-shared/eventbus.(*eventBus).Subscribe in goroutine 34180
	/Users/jace/Documents/GitHub/frolf-bot-shared/eventbus/eventbus.go:315 +0xbf1

goroutine 34500 [chan receive, 2 minutes]:
github.com/ThreeDotsLabs/watermill/message.(*handler).run(0xc001a95a00, {0x10a337fa0, 0xc0010e2c80}, {0xc000a5a240, 0x6, 0x1000000010000?})
	/Users/jace/go/pkg/mod/github.com/!three!dots!labs/watermill@v1.4.6/message/router.go:645 +0x2b4
github.com/ThreeDotsLabs/watermill/message.(*Router).RunHandlers.func1()
	/Users/jace/go/pkg/mod/github.com/!three!dots!labs/watermill@v1.4.6/message/router.go:460 +0x145
created by github.com/ThreeDotsLabs/watermill/message.(*Router).RunHandlers in goroutine 34180
	/Users/jace/go/pkg/mod/github.com/!three!dots!labs/watermill@v1.4.6/message/router.go:453 +0x606

goroutine 33256 [select, 2 minutes]:
github.com/nats-io/nats.go/jetstream.(*pullSubscription).Next(0xc0012781b0)
	/Users/jace/go/pkg/mod/github.com/nats-io/nats.go@v1.41.1/jetstream/pull.go:589 +0x285
github.com/Black-And-White-Club/frolf-bot-shared/eventbus.(*eventBus).Subscribe.func1()
	/Users/jace/Documents/GitHub/frolf-bot-shared/eventbus/eventbus.go:326 +0x169
created by github.com/Black-And-White-Club/frolf-bot-shared/eventbus.(*eventBus).Subscribe in goroutine 33200
	/Users/jace/Documents/GitHub/frolf-bot-shared/eventbus/eventbus.go:315 +0xbf1

goroutine 37970 [chan receive, 1 minutes]:
github.com/ThreeDotsLabs/watermill/message.(*handler).run(0xc000d5c340, {0x10a337fa0, 0xc0005aedc0}, {0xc000ec0180, 0x6, 0xc0019d4f78?})
	/Users/jace/go/pkg/mod/github.com/!three!dots!labs/watermill@v1.4.6/message/router.go:645 +0x2b4
github.com/ThreeDotsLabs/watermill/message.(*Router).RunHandlers.func1()
	/Users/jace/go/pkg/mod/github.com/!three!dots!labs/watermill@v1.4.6/message/router.go:460 +0x145
created by github.com/ThreeDotsLabs/watermill/message.(*Router).RunHandlers in goroutine 37797
	/Users/jace/go/pkg/mod/github.com/!three!dots!labs/watermill@v1.4.6/message/router.go:453 +0x606

goroutine 33265 [select, 2 minutes]:
github.com/nats-io/nats.go/jetstream.(*pullSubscription).pullMessages(0xc001278cf0, {0xc0008b3860, 0x45})
	/Users/jace/go/pkg/mod/github.com/nats-io/nats.go@v1.41.1/jetstream/pull.go:955 +0x91
created by github.com/nats-io/nats.go/jetstream.(*pullConsumer).Messages in goroutine 33200
	/Users/jace/go/pkg/mod/github.com/nats-io/nats.go@v1.41.1/jetstream/pull.go:534 +0x748

goroutine 32593 [select, 2 minutes]:
github.com/nats-io/nats.go/jetstream.(*pullConsumer).Messages.func2()
	/Users/jace/go/pkg/mod/github.com/nats-io/nats.go@v1.41.1/jetstream/pull.go:538 +0x68
created by github.com/nats-io/nats.go/jetstream.(*pullConsumer).Messages in goroutine 33200
	/Users/jace/go/pkg/mod/github.com/nats-io/nats.go@v1.41.1/jetstream/pull.go:536 +0x78a

goroutine 31203 [chan receive, 2 minutes]:
github.com/ThreeDotsLabs/watermill/message.(*messageTransformSubscriberDecorator).Subscribe.func1()
	/Users/jace/go/pkg/mod/github.com/!three!dots!labs/watermill@v1.4.6/message/decorator.go:52 +0x85
created by github.com/ThreeDotsLabs/watermill/message.(*messageTransformSubscriberDecorator).Subscribe in goroutine 31164
	/Users/jace/go/pkg/mod/github.com/!three!dots!labs/watermill@v1.4.6/message/decorator.go:51 +0xc7

goroutine 39105 [select, 1 minutes]:
github.com/nats-io/nats.go/jetstream.(*pullConsumer).Messages.func2()
	/Users/jace/go/pkg/mod/github.com/nats-io/nats.go@v1.41.1/jetstream/pull.go:538 +0x68
created by github.com/nats-io/nats.go/jetstream.(*pullConsumer).Messages in goroutine 38959
	/Users/jace/go/pkg/mod/github.com/nats-io/nats.go@v1.41.1/jetstream/pull.go:536 +0x78a

goroutine 37936 [select, 1 minutes]:
github.com/nats-io/nats.go/jetstream.(*pullSubscription).Next(0xc001c0cbd0)
	/Users/jace/go/pkg/mod/github.com/nats-io/nats.go@v1.41.1/jetstream/pull.go:589 +0x285
github.com/Black-And-White-Club/frolf-bot-shared/eventbus.(*eventBus).Subscribe.func1()
	/Users/jace/Documents/GitHub/frolf-bot-shared/eventbus/eventbus.go:326 +0x169
created by github.com/Black-And-White-Club/frolf-bot-shared/eventbus.(*eventBus).Subscribe in goroutine 37797
	/Users/jace/Documents/GitHub/frolf-bot-shared/eventbus/eventbus.go:315 +0xbf1

goroutine 32460 [select, 2 minutes]:
github.com/nats-io/nats.go/jetstream.(*pullSubscription).Next(0xc00055ba70)
	/Users/jace/go/pkg/mod/github.com/nats-io/nats.go@v1.41.1/jetstream/pull.go:589 +0x285
github.com/Black-And-White-Club/frolf-bot-shared/eventbus.(*eventBus).ProcessDelayedMessages.func1.2(0xc000980de0, {0x10a335050?, 0xc00055ba70?}, 0xc00074ec80, {0x10a337f68, 0xc0003f42d0}, {0x0?, 0x10a327f28?, 0x0?}, {0xb4, ...})
	/Users/jace/Documents/GitHub/frolf-bot-shared/eventbus/delayed_messages.go:348 +0xab
github.com/Black-And-White-Club/frolf-bot-shared/eventbus.(*eventBus).ProcessDelayedMessages.func1()
	/Users/jace/Documents/GitHub/frolf-bot-shared/eventbus/delayed_messages.go:377 +0x233
created by github.com/Black-And-White-Club/frolf-bot-shared/eventbus.(*eventBus).ProcessDelayedMessages in goroutine 32441
	/Users/jace/Documents/GitHub/frolf-bot-shared/eventbus/delayed_messages.go:311 +0xb99

goroutine 32016 [chan receive, 2 minutes]:
github.com/ThreeDotsLabs/watermill/message.(*messageTransformSubscriberDecorator).Subscribe.func1()
	/Users/jace/go/pkg/mod/github.com/!three!dots!labs/watermill@v1.4.6/message/decorator.go:52 +0x85
created by github.com/ThreeDotsLabs/watermill/message.(*messageTransformSubscriberDecorator).Subscribe in goroutine 32049
	/Users/jace/go/pkg/mod/github.com/!three!dots!labs/watermill@v1.4.6/message/decorator.go:51 +0xc7

goroutine 32017 [chan receive, 2 minutes]:
github.com/ThreeDotsLabs/watermill/message.(*handler).run(0xc000173520, {0x10a337fa0, 0xc001136320}, {0xc001094d80, 0x6, 0xc00170bf78?})
	/Users/jace/go/pkg/mod/github.com/!three!dots!labs/watermill@v1.4.6/message/router.go:645 +0x2b4
github.com/ThreeDotsLabs/watermill/message.(*Router).RunHandlers.func1()
	/Users/jace/go/pkg/mod/github.com/!three!dots!labs/watermill@v1.4.6/message/router.go:460 +0x145
created by github.com/ThreeDotsLabs/watermill/message.(*Router).RunHandlers in goroutine 32049
	/Users/jace/go/pkg/mod/github.com/!three!dots!labs/watermill@v1.4.6/message/router.go:453 +0x606

goroutine 34310 [select, 2 minutes]:
github.com/nats-io/nats.go/jetstream.(*pullSubscription).pullMessages(0xc0013b1050, {0xc000c9c5a0, 0x56})
	/Users/jace/go/pkg/mod/github.com/nats-io/nats.go@v1.41.1/jetstream/pull.go:955 +0x91
created by github.com/nats-io/nats.go/jetstream.(*pullConsumer).Messages in goroutine 34180
	/Users/jace/go/pkg/mod/github.com/nats-io/nats.go@v1.41.1/jetstream/pull.go:534 +0x748

goroutine 33146 [chan receive, 2 minutes]:
github.com/ThreeDotsLabs/watermill/message.(*handler).run(0xc000eaadd0, {0x10a337fa0, 0xc000914190}, {0xc00082fa40, 0x6, 0xc001268f78?})
	/Users/jace/go/pkg/mod/github.com/!three!dots!labs/watermill@v1.4.6/message/router.go:645 +0x2b4
github.com/ThreeDotsLabs/watermill/message.(*Router).RunHandlers.func1()
	/Users/jace/go/pkg/mod/github.com/!three!dots!labs/watermill@v1.4.6/message/router.go:460 +0x145
created by github.com/ThreeDotsLabs/watermill/message.(*Router).RunHandlers in goroutine 33200
	/Users/jace/go/pkg/mod/github.com/!three!dots!labs/watermill@v1.4.6/message/router.go:453 +0x606

goroutine 32013 [select, 2 minutes]:
github.com/nats-io/nats.go/jetstream.(*pullSubscription).pullMessages(0xc0014bf4d0, {0xc00179aaf0, 0x4d})
	/Users/jace/go/pkg/mod/github.com/nats-io/nats.go@v1.41.1/jetstream/pull.go:955 +0x91
created by github.com/nats-io/nats.go/jetstream.(*pullConsumer).Messages in goroutine 32049
	/Users/jace/go/pkg/mod/github.com/nats-io/nats.go@v1.41.1/jetstream/pull.go:534 +0x748

goroutine 31453 [select, 2 minutes]:
github.com/nats-io/nats.go/jetstream.(*pullSubscription).Next(0xc0011230e0)
	/Users/jace/go/pkg/mod/github.com/nats-io/nats.go@v1.41.1/jetstream/pull.go:589 +0x285
github.com/Black-And-White-Club/frolf-bot-shared/eventbus.(*eventBus).Subscribe.func1()
	/Users/jace/Documents/GitHub/frolf-bot-shared/eventbus/eventbus.go:326 +0x169
created by github.com/Black-And-White-Club/frolf-bot-shared/eventbus.(*eventBus).Subscribe in goroutine 32049
	/Users/jace/Documents/GitHub/frolf-bot-shared/eventbus/eventbus.go:315 +0xbf1

goroutine 32459 [select, 2 minutes]:
github.com/nats-io/nats.go/jetstream.(*pullConsumer).Messages.func2()
	/Users/jace/go/pkg/mod/github.com/nats-io/nats.go@v1.41.1/jetstream/pull.go:538 +0x68
created by github.com/nats-io/nats.go/jetstream.(*pullConsumer).Messages in goroutine 32441
	/Users/jace/go/pkg/mod/github.com/nats-io/nats.go@v1.41.1/jetstream/pull.go:536 +0x78a

goroutine 37828 [select, 1 minutes]:
github.com/nats-io/nats.go/jetstream.(*pullConsumer).Messages.func2()
	/Users/jace/go/pkg/mod/github.com/nats-io/nats.go@v1.41.1/jetstream/pull.go:538 +0x68
created by github.com/nats-io/nats.go/jetstream.(*pullConsumer).Messages in goroutine 37797
	/Users/jace/go/pkg/mod/github.com/nats-io/nats.go@v1.41.1/jetstream/pull.go:536 +0x78a

goroutine 31377 [select]:
github.com/nats-io/nats%2ego.(*Conn).doReconnect(0xc00163a308, {0x10a327f28, 0x10acedb30}, 0x0)
	/Users/jace/go/pkg/mod/github.com/nats-io/nats.go@v1.41.1/nats.go:2907 +0x41a
created by github.com/nats-io/nats%2ego.(*Conn).processOpErr in goroutine 31123
	/Users/jace/go/pkg/mod/github.com/nats-io/nats.go@v1.41.1/nats.go:3043 +0x2f3

goroutine 35694 [chan receive, 2 minutes]:
github.com/ThreeDotsLabs/watermill/message.(*handler).run(0xc0006f65b0, {0x10a337fa0, 0xc001b62820}, {0xc0019cb140, 0x6, 0x0?})
	/Users/jace/go/pkg/mod/github.com/!three!dots!labs/watermill@v1.4.6/message/router.go:645 +0x2b4
github.com/ThreeDotsLabs/watermill/message.(*Router).RunHandlers.func1()
	/Users/jace/go/pkg/mod/github.com/!three!dots!labs/watermill@v1.4.6/message/router.go:460 +0x145
created by github.com/ThreeDotsLabs/watermill/message.(*Router).RunHandlers in goroutine 35445
	/Users/jace/go/pkg/mod/github.com/!three!dots!labs/watermill@v1.4.6/message/router.go:453 +0x606

goroutine 31177 [chan receive, 2 minutes]:
github.com/ThreeDotsLabs/watermill/message.(*messageTransformSubscriberDecorator).Subscribe.func1()
	/Users/jace/go/pkg/mod/github.com/!three!dots!labs/watermill@v1.4.6/message/decorator.go:52 +0x85
created by github.com/ThreeDotsLabs/watermill/message.(*messageTransformSubscriberDecorator).Subscribe in goroutine 31164
	/Users/jace/go/pkg/mod/github.com/!three!dots!labs/watermill@v1.4.6/message/decorator.go:51 +0xc7

goroutine 34779 [select, 2 minutes]:
github.com/nats-io/nats.go/jetstream.(*pullSubscription).Next(0xc002000090)
	/Users/jace/go/pkg/mod/github.com/nats-io/nats.go@v1.41.1/jetstream/pull.go:589 +0x285
github.com/Black-And-White-Club/frolf-bot-shared/eventbus.(*eventBus).Subscribe.func1()
	/Users/jace/Documents/GitHub/frolf-bot-shared/eventbus/eventbus.go:326 +0x169
created by github.com/Black-And-White-Club/frolf-bot-shared/eventbus.(*eventBus).Subscribe in goroutine 35445
	/Users/jace/Documents/GitHub/frolf-bot-shared/eventbus/eventbus.go:315 +0xbf1

goroutine 32339 [select, 2 minutes]:
github.com/nats-io/nats.go/jetstream.(*pullSubscription).Next(0xc001282fc0)
	/Users/jace/go/pkg/mod/github.com/nats-io/nats.go@v1.41.1/jetstream/pull.go:589 +0x285
github.com/Black-And-White-Club/frolf-bot-shared/eventbus.(*eventBus).Subscribe.func1()
	/Users/jace/Documents/GitHub/frolf-bot-shared/eventbus/eventbus.go:326 +0x169
created by github.com/Black-And-White-Club/frolf-bot-shared/eventbus.(*eventBus).Subscribe in goroutine 32049
	/Users/jace/Documents/GitHub/frolf-bot-shared/eventbus/eventbus.go:315 +0xbf1

goroutine 37880 [chan receive, 1 minutes]:
github.com/ThreeDotsLabs/watermill/message.(*messageTransformSubscriberDecorator).Subscribe.func1()
	/Users/jace/go/pkg/mod/github.com/!three!dots!labs/watermill@v1.4.6/message/decorator.go:52 +0x85
created by github.com/ThreeDotsLabs/watermill/message.(*messageTransformSubscriberDecorator).Subscribe in goroutine 37797
	/Users/jace/go/pkg/mod/github.com/!three!dots!labs/watermill@v1.4.6/message/decorator.go:51 +0xc7

goroutine 31290 [select, 2 minutes]:
github.com/nats-io/nats.go/jetstream.(*pullConsumer).Messages.func2()
	/Users/jace/go/pkg/mod/github.com/nats-io/nats.go@v1.41.1/jetstream/pull.go:538 +0x68
created by github.com/nats-io/nats.go/jetstream.(*pullConsumer).Messages in goroutine 31164
	/Users/jace/go/pkg/mod/github.com/nats-io/nats.go@v1.41.1/jetstream/pull.go:536 +0x78a

goroutine 32175 [select, 2 minutes]:
github.com/nats-io/nats.go/jetstream.(*pullSubscription).pullMessages(0xc00083c480, {0xc0008067d0, 0x50})
	/Users/jace/go/pkg/mod/github.com/nats-io/nats.go@v1.41.1/jetstream/pull.go:955 +0x91
created by github.com/nats-io/nats.go/jetstream.(*pullConsumer).Messages in goroutine 32049
	/Users/jace/go/pkg/mod/github.com/nats-io/nats.go@v1.41.1/jetstream/pull.go:534 +0x748

goroutine 32469 [select, 2 minutes]:
github.com/nats-io/nats.go/jetstream.(*pullSubscription).Next(0xc000708c60)
	/Users/jace/go/pkg/mod/github.com/nats-io/nats.go@v1.41.1/jetstream/pull.go:589 +0x285
github.com/Black-And-White-Club/frolf-bot-shared/eventbus.(*eventBus).Subscribe.func1()
	/Users/jace/Documents/GitHub/frolf-bot-shared/eventbus/eventbus.go:326 +0x169
created by github.com/Black-And-White-Club/frolf-bot-shared/eventbus.(*eventBus).Subscribe in goroutine 32049
	/Users/jace/Documents/GitHub/frolf-bot-shared/eventbus/eventbus.go:315 +0xbf1

goroutine 38008 [select, 1 minutes]:
github.com/nats-io/nats.go/jetstream.(*pullSubscription).pullMessages(0xc0012d45a0, {0xc000754780, 0x50})
	/Users/jace/go/pkg/mod/github.com/nats-io/nats.go@v1.41.1/jetstream/pull.go:955 +0x91
created by github.com/nats-io/nats.go/jetstream.(*pullConsumer).Messages in goroutine 37797
	/Users/jace/go/pkg/mod/github.com/nats-io/nats.go@v1.41.1/jetstream/pull.go:534 +0x748

goroutine 32172 [chan receive, 2 minutes]:
github.com/ThreeDotsLabs/watermill/message.(*handler).run(0xc000173c70, {0x10a337fa0, 0xc001136aa0}, {0xc0015ae000, 0x6, 0x0?})
	/Users/jace/go/pkg/mod/github.com/!three!dots!labs/watermill@v1.4.6/message/router.go:645 +0x2b4
github.com/ThreeDotsLabs/watermill/message.(*Router).RunHandlers.func1()
	/Users/jace/go/pkg/mod/github.com/!three!dots!labs/watermill@v1.4.6/message/router.go:460 +0x145
created by github.com/ThreeDotsLabs/watermill/message.(*Router).RunHandlers in goroutine 32049
	/Users/jace/go/pkg/mod/github.com/!three!dots!labs/watermill@v1.4.6/message/router.go:453 +0x606

goroutine 36849 [select, 2 minutes]:
github.com/nats-io/nats.go/jetstream.(*pullSubscription).pullMessages(0xc000d5aea0, {0xc0002f82a0, 0x56})
	/Users/jace/go/pkg/mod/github.com/nats-io/nats.go@v1.41.1/jetstream/pull.go:955 +0x91
created by github.com/nats-io/nats.go/jetstream.(*pullConsumer).Messages in goroutine 36760
	/Users/jace/go/pkg/mod/github.com/nats-io/nats.go@v1.41.1/jetstream/pull.go:534 +0x748

goroutine 31208 [select, 2 minutes]:
github.com/nats-io/nats.go/jetstream.(*pullConsumer).Messages.func2()
	/Users/jace/go/pkg/mod/github.com/nats-io/nats.go@v1.41.1/jetstream/pull.go:538 +0x68
created by github.com/nats-io/nats.go/jetstream.(*pullConsumer).Messages in goroutine 31164
	/Users/jace/go/pkg/mod/github.com/nats-io/nats.go@v1.41.1/jetstream/pull.go:536 +0x78a

goroutine 32176 [select, 2 minutes]:
github.com/nats-io/nats.go/jetstream.(*pullConsumer).Messages.func2()
	/Users/jace/go/pkg/mod/github.com/nats-io/nats.go@v1.41.1/jetstream/pull.go:538 +0x68
created by github.com/nats-io/nats.go/jetstream.(*pullConsumer).Messages in goroutine 32049
	/Users/jace/go/pkg/mod/github.com/nats-io/nats.go@v1.41.1/jetstream/pull.go:536 +0x78a

goroutine 38918 [select, 1 minutes]:
github.com/nats-io/nats.go/jetstream.(*pullSubscription).Next(0xc001ba85a0)
	/Users/jace/go/pkg/mod/github.com/nats-io/nats.go@v1.41.1/jetstream/pull.go:589 +0x285
github.com/Black-And-White-Club/frolf-bot-shared/eventbus.(*eventBus).Subscribe.func1()
	/Users/jace/Documents/GitHub/frolf-bot-shared/eventbus/eventbus.go:326 +0x169
created by github.com/Black-And-White-Club/frolf-bot-shared/eventbus.(*eventBus).Subscribe in goroutine 38959
	/Users/jace/Documents/GitHub/frolf-bot-shared/eventbus/eventbus.go:315 +0xbf1

goroutine 37944 [select, 1 minutes]:
github.com/nats-io/nats.go/jetstream.(*pullConsumer).Messages.func2()
	/Users/jace/go/pkg/mod/github.com/nats-io/nats.go@v1.41.1/jetstream/pull.go:538 +0x68
created by github.com/nats-io/nats.go/jetstream.(*pullConsumer).Messages in goroutine 37797
	/Users/jace/go/pkg/mod/github.com/nats-io/nats.go@v1.41.1/jetstream/pull.go:536 +0x78a

goroutine 33133 [select, 2 minutes]:
github.com/nats-io/nats.go/jetstream.(*pullSubscription).pullMessages(0xc001609ef0, {0xc00087b740, 0x52})
	/Users/jace/go/pkg/mod/github.com/nats-io/nats.go@v1.41.1/jetstream/pull.go:955 +0x91
created by github.com/nats-io/nats.go/jetstream.(*pullConsumer).Messages in goroutine 33200
	/Users/jace/go/pkg/mod/github.com/nats-io/nats.go@v1.41.1/jetstream/pull.go:534 +0x748

goroutine 33434 [select, 2 minutes]:
github.com/nats-io/nats.go/jetstream.(*pullSubscription).Next(0xc0010d5200)
	/Users/jace/go/pkg/mod/github.com/nats-io/nats.go@v1.41.1/jetstream/pull.go:589 +0x285
github.com/Black-And-White-Club/frolf-bot-shared/eventbus.(*eventBus).Subscribe.func1()
	/Users/jace/Documents/GitHub/frolf-bot-shared/eventbus/eventbus.go:326 +0x169
created by github.com/Black-And-White-Club/frolf-bot-shared/eventbus.(*eventBus).Subscribe in goroutine 33200
	/Users/jace/Documents/GitHub/frolf-bot-shared/eventbus/eventbus.go:315 +0xbf1

goroutine 38169 [select, 1 minutes]:
github.com/nats-io/nats.go/jetstream.(*pullSubscription).Next(0xc0007f2240)
	/Users/jace/go/pkg/mod/github.com/nats-io/nats.go@v1.41.1/jetstream/pull.go:589 +0x285
github.com/Black-And-White-Club/frolf-bot-shared/eventbus.(*eventBus).Subscribe.func1()
	/Users/jace/Documents/GitHub/frolf-bot-shared/eventbus/eventbus.go:326 +0x169
created by github.com/Black-And-White-Club/frolf-bot-shared/eventbus.(*eventBus).Subscribe in goroutine 37797
	/Users/jace/Documents/GitHub/frolf-bot-shared/eventbus/eventbus.go:315 +0xbf1

goroutine 31175 [select, 2 minutes]:
github.com/nats-io/nats.go/jetstream.(*pullConsumer).Messages.func2()
	/Users/jace/go/pkg/mod/github.com/nats-io/nats.go@v1.41.1/jetstream/pull.go:538 +0x68
created by github.com/nats-io/nats.go/jetstream.(*pullConsumer).Messages in goroutine 31164
	/Users/jace/go/pkg/mod/github.com/nats-io/nats.go@v1.41.1/jetstream/pull.go:536 +0x78a

goroutine 33319 [chan receive, 2 minutes]:
github.com/ThreeDotsLabs/watermill/message.(*handler).run(0xc0014721a0, {0x10a337fa0, 0xc00096ea50}, {0xc00082fbc0, 0x6, 0xc001788f78?})
	/Users/jace/go/pkg/mod/github.com/!three!dots!labs/watermill@v1.4.6/message/router.go:645 +0x2b4
github.com/ThreeDotsLabs/watermill/message.(*Router).RunHandlers.func1()
	/Users/jace/go/pkg/mod/github.com/!three!dots!labs/watermill@v1.4.6/message/router.go:460 +0x145
created by github.com/ThreeDotsLabs/watermill/message.(*Router).RunHandlers in goroutine 33200
	/Users/jace/go/pkg/mod/github.com/!three!dots!labs/watermill@v1.4.6/message/router.go:453 +0x606

goroutine 34090 [sync.Cond.Wait, 2 minutes]:
sync.runtime_notifyListWait(0xc000fc3dd0, 0x0)
	/usr/local/Cellar/go/1.24.2/libexec/src/runtime/sema.go:597 +0x159
sync.(*Cond).Wait(0xc001ae3420?)
	/usr/local/Cellar/go/1.24.2/libexec/src/sync/cond.go:71 +0x85
github.com/nats-io/nats%2ego.(*asyncCallbacksHandler).asyncCBDispatcher(0xc001adaf60)
	/Users/jace/go/pkg/mod/github.com/nats-io/nats.go@v1.41.1/nats.go:3059 +0xdd
created by github.com/nats-io/nats%2ego.Options.Connect in goroutine 33482
	/Users/jace/go/pkg/mod/github.com/nats-io/nats.go@v1.41.1/nats.go:1635 +0x387

goroutine 39302 [chan receive, 1 minutes]:
github.com/ThreeDotsLabs/watermill/message.(*handler).run(0xc001a3ac30, {0x10a337fa0, 0xc001e688c0}, {0xc001a53500, 0x6, 0x742e67726f222c22?})
	/Users/jace/go/pkg/mod/github.com/!three!dots!labs/watermill@v1.4.6/message/router.go:645 +0x2b4
github.com/ThreeDotsLabs/watermill/message.(*Router).RunHandlers.func1()
	/Users/jace/go/pkg/mod/github.com/!three!dots!labs/watermill@v1.4.6/message/router.go:460 +0x145
created by github.com/ThreeDotsLabs/watermill/message.(*Router).RunHandlers in goroutine 38959
	/Users/jace/go/pkg/mod/github.com/!three!dots!labs/watermill@v1.4.6/message/router.go:453 +0x606

goroutine 34394 [select, 2 minutes]:
github.com/nats-io/nats.go/jetstream.(*pullSubscription).pullMessages(0xc000ba3b00, {0xc00179a500, 0x45})
	/Users/jace/go/pkg/mod/github.com/nats-io/nats.go@v1.41.1/jetstream/pull.go:955 +0x91
created by github.com/nats-io/nats.go/jetstream.(*pullConsumer).Messages in goroutine 34180
	/Users/jace/go/pkg/mod/github.com/nats-io/nats.go@v1.41.1/jetstream/pull.go:534 +0x748

goroutine 32264 [select, 2 minutes]:
github.com/nats-io/nats.go/jetstream.(*pullSubscription).pullMessages(0xc000d5b170, {0xc0007d7d60, 0x4b})
	/Users/jace/go/pkg/mod/github.com/nats-io/nats.go@v1.41.1/jetstream/pull.go:955 +0x91
created by github.com/nats-io/nats.go/jetstream.(*pullConsumer).Messages in goroutine 32049
	/Users/jace/go/pkg/mod/github.com/nats-io/nats.go@v1.41.1/jetstream/pull.go:534 +0x748

goroutine 32341 [chan receive, 2 minutes]:
github.com/ThreeDotsLabs/watermill/message.(*handler).run(0xc00118da00, {0x10a337fa0, 0xc000a12f00}, {0xc000eb8cc0, 0x6, 0x0?})
	/Users/jace/go/pkg/mod/github.com/!three!dots!labs/watermill@v1.4.6/message/router.go:645 +0x2b4
github.com/ThreeDotsLabs/watermill/message.(*Router).RunHandlers.func1()
	/Users/jace/go/pkg/mod/github.com/!three!dots!labs/watermill@v1.4.6/message/router.go:460 +0x145
created by github.com/ThreeDotsLabs/watermill/message.(*Router).RunHandlers in goroutine 32049
	/Users/jace/go/pkg/mod/github.com/!three!dots!labs/watermill@v1.4.6/message/router.go:453 +0x606

goroutine 36670 [select, 2 minutes]:
github.com/nats-io/nats.go/jetstream.(*pullSubscription).pullMessages(0xc0007c5050, {0xc000807590, 0x4b})
	/Users/jace/go/pkg/mod/github.com/nats-io/nats.go@v1.41.1/jetstream/pull.go:955 +0x91
created by github.com/nats-io/nats.go/jetstream.(*pullConsumer).Messages in goroutine 36760
	/Users/jace/go/pkg/mod/github.com/nats-io/nats.go@v1.41.1/jetstream/pull.go:534 +0x748

goroutine 34352 [select, 2 minutes]:
github.com/nats-io/nats.go/jetstream.(*pullSubscription).Next(0xc000f901b0)
	/Users/jace/go/pkg/mod/github.com/nats-io/nats.go@v1.41.1/jetstream/pull.go:589 +0x285
github.com/Black-And-White-Club/frolf-bot-shared/eventbus.(*eventBus).Subscribe.func1()
	/Users/jace/Documents/GitHub/frolf-bot-shared/eventbus/eventbus.go:326 +0x169
created by github.com/Black-And-White-Club/frolf-bot-shared/eventbus.(*eventBus).Subscribe in goroutine 34180
	/Users/jace/Documents/GitHub/frolf-bot-shared/eventbus/eventbus.go:315 +0xbf1

goroutine 39063 [chan receive, 1 minutes]:
github.com/ThreeDotsLabs/watermill/message.(*handler).run(0xc001411a00, {0x10a337fa0, 0xc0010b99f0}, {0xc001d04cc0, 0x6, 0xc001f08778?})
	/Users/jace/go/pkg/mod/github.com/!three!dots!labs/watermill@v1.4.6/message/router.go:645 +0x2b4
github.com/ThreeDotsLabs/watermill/message.(*Router).RunHandlers.func1()
	/Users/jace/go/pkg/mod/github.com/!three!dots!labs/watermill@v1.4.6/message/router.go:460 +0x145
created by github.com/ThreeDotsLabs/watermill/message.(*Router).RunHandlers in goroutine 38959
	/Users/jace/go/pkg/mod/github.com/!three!dots!labs/watermill@v1.4.6/message/router.go:453 +0x606

goroutine 41414 [chan receive, 1 minutes]:
github.com/ThreeDotsLabs/watermill/message.(*handler).run(0xc002219790, {0x10a337fa0, 0xc000227c70}, {0xc00204d740, 0x6, 0xc001f0b778?})
	/Users/jace/go/pkg/mod/github.com/!three!dots!labs/watermill@v1.4.6/message/router.go:645 +0x2b4
github.com/ThreeDotsLabs/watermill/message.(*Router).RunHandlers.func1()
	/Users/jace/go/pkg/mod/github.com/!three!dots!labs/watermill@v1.4.6/message/router.go:460 +0x145
created by github.com/ThreeDotsLabs/watermill/message.(*Router).RunHandlers in goroutine 41277
	/Users/jace/go/pkg/mod/github.com/!three!dots!labs/watermill@v1.4.6/message/router.go:453 +0x606

goroutine 34138 [sync.Cond.Wait, 2 minutes]:
sync.runtime_notifyListWait(0xc0013634d0, 0x0)
	/usr/local/Cellar/go/1.24.2/libexec/src/runtime/sema.go:597 +0x159
sync.(*Cond).Wait(0xc001175730?)
	/usr/local/Cellar/go/1.24.2/libexec/src/sync/cond.go:71 +0x85
github.com/nats-io/nats%2ego.(*asyncCallbacksHandler).asyncCBDispatcher(0xc0012ce9c0)
	/Users/jace/go/pkg/mod/github.com/nats-io/nats.go@v1.41.1/nats.go:3059 +0xdd
created by github.com/nats-io/nats%2ego.Options.Connect in goroutine 33482
	/Users/jace/go/pkg/mod/github.com/nats-io/nats.go@v1.41.1/nats.go:1635 +0x387

goroutine 31454 [chan receive, 2 minutes]:
github.com/ThreeDotsLabs/watermill/message.(*messageTransformSubscriberDecorator).Subscribe.func1()
	/Users/jace/go/pkg/mod/github.com/!three!dots!labs/watermill@v1.4.6/message/decorator.go:52 +0x85
created by github.com/ThreeDotsLabs/watermill/message.(*messageTransformSubscriberDecorator).Subscribe in goroutine 32049
	/Users/jace/go/pkg/mod/github.com/!three!dots!labs/watermill@v1.4.6/message/decorator.go:51 +0xc7

goroutine 33134 [select, 2 minutes]:
github.com/nats-io/nats.go/jetstream.(*pullConsumer).Messages.func2()
	/Users/jace/go/pkg/mod/github.com/nats-io/nats.go@v1.41.1/jetstream/pull.go:538 +0x68
created by github.com/nats-io/nats.go/jetstream.(*pullConsumer).Messages in goroutine 33200
	/Users/jace/go/pkg/mod/github.com/nats-io/nats.go@v1.41.1/jetstream/pull.go:536 +0x78a

goroutine 33324 [select, 2 minutes]:
github.com/nats-io/nats.go/jetstream.(*pullConsumer).Messages.func2()
	/Users/jace/go/pkg/mod/github.com/nats-io/nats.go@v1.41.1/jetstream/pull.go:538 +0x68
created by github.com/nats-io/nats.go/jetstream.(*pullConsumer).Messages in goroutine 33200
	/Users/jace/go/pkg/mod/github.com/nats-io/nats.go@v1.41.1/jetstream/pull.go:536 +0x78a

goroutine 38025 [chan receive, 1 minutes]:
github.com/ThreeDotsLabs/watermill/message.(*messageTransformSubscriberDecorator).Subscribe.func1()
	/Users/jace/go/pkg/mod/github.com/!three!dots!labs/watermill@v1.4.6/message/decorator.go:52 +0x85
created by github.com/ThreeDotsLabs/watermill/message.(*messageTransformSubscriberDecorator).Subscribe in goroutine 37797
	/Users/jace/go/pkg/mod/github.com/!three!dots!labs/watermill@v1.4.6/message/decorator.go:51 +0xc7

goroutine 34266 [select, 2 minutes]:
github.com/nats-io/nats.go/jetstream.(*pullConsumer).Messages.func2()
	/Users/jace/go/pkg/mod/github.com/nats-io/nats.go@v1.41.1/jetstream/pull.go:538 +0x68
created by github.com/nats-io/nats.go/jetstream.(*pullConsumer).Messages in goroutine 34180
	/Users/jace/go/pkg/mod/github.com/nats-io/nats.go@v1.41.1/jetstream/pull.go:536 +0x78a

goroutine 32234 [select, 2 minutes]:
github.com/nats-io/nats.go/jetstream.(*pullConsumer).Messages.func2()
	/Users/jace/go/pkg/mod/github.com/nats-io/nats.go@v1.41.1/jetstream/pull.go:538 +0x68
created by github.com/nats-io/nats.go/jetstream.(*pullConsumer).Messages in goroutine 32049
	/Users/jace/go/pkg/mod/github.com/nats-io/nats.go@v1.41.1/jetstream/pull.go:536 +0x78a

goroutine 32177 [select, 2 minutes]:
github.com/nats-io/nats.go/jetstream.(*pullSubscription).Next(0xc00083c480)
	/Users/jace/go/pkg/mod/github.com/nats-io/nats.go@v1.41.1/jetstream/pull.go:589 +0x285
github.com/Black-And-White-Club/frolf-bot-shared/eventbus.(*eventBus).Subscribe.func1()
	/Users/jace/Documents/GitHub/frolf-bot-shared/eventbus/eventbus.go:326 +0x169
created by github.com/Black-And-White-Club/frolf-bot-shared/eventbus.(*eventBus).Subscribe in goroutine 32049
	/Users/jace/Documents/GitHub/frolf-bot-shared/eventbus/eventbus.go:315 +0xbf1

goroutine 29985 [select, 2 minutes]:
github.com/nats-io/nats.go/jetstream.(*pullConsumer).Messages.func2()
	/Users/jace/go/pkg/mod/github.com/nats-io/nats.go@v1.41.1/jetstream/pull.go:538 +0x68
created by github.com/nats-io/nats.go/jetstream.(*pullConsumer).Messages in goroutine 31164
	/Users/jace/go/pkg/mod/github.com/nats-io/nats.go@v1.41.1/jetstream/pull.go:536 +0x78a

goroutine 31204 [chan receive, 2 minutes]:
github.com/ThreeDotsLabs/watermill/message.(*handler).run(0xc001312410, {0x10a337fa0, 0xc000c82b90}, {0xc00171c000, 0x6, 0xc00194f778?})
	/Users/jace/go/pkg/mod/github.com/!three!dots!labs/watermill@v1.4.6/message/router.go:645 +0x2b4
github.com/ThreeDotsLabs/watermill/message.(*Router).RunHandlers.func1()
	/Users/jace/go/pkg/mod/github.com/!three!dots!labs/watermill@v1.4.6/message/router.go:460 +0x145
created by github.com/ThreeDotsLabs/watermill/message.(*Router).RunHandlers in goroutine 31164
	/Users/jace/go/pkg/mod/github.com/!three!dots!labs/watermill@v1.4.6/message/router.go:453 +0x606

goroutine 31218 [select, 2 minutes]:
github.com/nats-io/nats.go/jetstream.(*pullConsumer).Messages.func2()
	/Users/jace/go/pkg/mod/github.com/nats-io/nats.go@v1.41.1/jetstream/pull.go:538 +0x68
created by github.com/nats-io/nats.go/jetstream.(*pullConsumer).Messages in goroutine 31164
	/Users/jace/go/pkg/mod/github.com/nats-io/nats.go@v1.41.1/jetstream/pull.go:536 +0x78a

goroutine 34267 [select, 2 minutes]:
github.com/nats-io/nats.go/jetstream.(*pullSubscription).Next(0xc0014bf560)
	/Users/jace/go/pkg/mod/github.com/nats-io/nats.go@v1.41.1/jetstream/pull.go:589 +0x285
github.com/Black-And-White-Club/frolf-bot-shared/eventbus.(*eventBus).Subscribe.func1()
	/Users/jace/Documents/GitHub/frolf-bot-shared/eventbus/eventbus.go:326 +0x169
created by github.com/Black-And-White-Club/frolf-bot-shared/eventbus.(*eventBus).Subscribe in goroutine 34180
	/Users/jace/Documents/GitHub/frolf-bot-shared/eventbus/eventbus.go:315 +0xbf1

goroutine 31366 [chan receive, 2 minutes]:
github.com/ThreeDotsLabs/watermill/message.(*handler).run(0xc0014a5c70, {0x10a337fa0, 0xc000813630}, {0xc0012df140, 0x6, 0xc001955778?})
	/Users/jace/go/pkg/mod/github.com/!three!dots!labs/watermill@v1.4.6/message/router.go:645 +0x2b4
github.com/ThreeDotsLabs/watermill/message.(*Router).RunHandlers.func1()
	/Users/jace/go/pkg/mod/github.com/!three!dots!labs/watermill@v1.4.6/message/router.go:460 +0x145
created by github.com/ThreeDotsLabs/watermill/message.(*Router).RunHandlers in goroutine 31164
	/Users/jace/go/pkg/mod/github.com/!three!dots!labs/watermill@v1.4.6/message/router.go:453 +0x606

goroutine 31100 [sync.Cond.Wait, 2 minutes]:
sync.runtime_notifyListWait(0xc001993450, 0x25)
	/usr/local/Cellar/go/1.24.2/libexec/src/runtime/sema.go:597 +0x159
sync.(*Cond).Wait(0x0?)
	/usr/local/Cellar/go/1.24.2/libexec/src/sync/cond.go:71 +0x85
github.com/nats-io/nats%2ego.(*Conn).waitForMsgs(0xc001403c08, 0xc00198fa40)
	/Users/jace/go/pkg/mod/github.com/nats-io/nats.go@v1.41.1/nats.go:3178 +0xc5
created by github.com/nats-io/nats%2ego.(*Conn).subscribeLocked in goroutine 30397
	/Users/jace/go/pkg/mod/github.com/nats-io/nats.go@v1.41.1/nats.go:4468 +0x419

goroutine 34353 [chan receive, 2 minutes]:
github.com/ThreeDotsLabs/watermill/message.(*messageTransformSubscriberDecorator).Subscribe.func1()
	/Users/jace/go/pkg/mod/github.com/!three!dots!labs/watermill@v1.4.6/message/decorator.go:52 +0x85
created by github.com/ThreeDotsLabs/watermill/message.(*messageTransformSubscriberDecorator).Subscribe in goroutine 34180
	/Users/jace/go/pkg/mod/github.com/!three!dots!labs/watermill@v1.4.6/message/decorator.go:51 +0xc7

goroutine 31178 [chan receive, 2 minutes]:
github.com/ThreeDotsLabs/watermill/message.(*handler).run(0xc0014a4f70, {0x10a337fa0, 0xc0009b7a40}, {0xc001029a40, 0x6, 0xc00167a778?})
	/Users/jace/go/pkg/mod/github.com/!three!dots!labs/watermill@v1.4.6/message/router.go:645 +0x2b4
github.com/ThreeDotsLabs/watermill/message.(*Router).RunHandlers.func1()
	/Users/jace/go/pkg/mod/github.com/!three!dots!labs/watermill@v1.4.6/message/router.go:460 +0x145
created by github.com/ThreeDotsLabs/watermill/message.(*Router).RunHandlers in goroutine 31164
	/Users/jace/go/pkg/mod/github.com/!three!dots!labs/watermill@v1.4.6/message/router.go:453 +0x606

goroutine 32312 [select, 2 minutes]:
github.com/nats-io/nats.go/jetstream.(*pullConsumer).Messages.func2()
	/Users/jace/go/pkg/mod/github.com/nats-io/nats.go@v1.41.1/jetstream/pull.go:538 +0x68
created by github.com/nats-io/nats.go/jetstream.(*pullConsumer).Messages in goroutine 32049
	/Users/jace/go/pkg/mod/github.com/nats-io/nats.go@v1.41.1/jetstream/pull.go:536 +0x78a

goroutine 31207 [select, 2 minutes]:
github.com/nats-io/nats.go/jetstream.(*pullSubscription).pullMessages(0xc0008794d0, {0xc0002546e0, 0x4b})
	/Users/jace/go/pkg/mod/github.com/nats-io/nats.go@v1.41.1/jetstream/pull.go:955 +0x91
created by github.com/nats-io/nats.go/jetstream.(*pullConsumer).Messages in goroutine 31164
	/Users/jace/go/pkg/mod/github.com/nats-io/nats.go@v1.41.1/jetstream/pull.go:534 +0x748

goroutine 34468 [chan receive, 2 minutes]:
github.com/ThreeDotsLabs/watermill/message.(*messageTransformSubscriberDecorator).Subscribe.func1()
	/Users/jace/go/pkg/mod/github.com/!three!dots!labs/watermill@v1.4.6/message/decorator.go:52 +0x85
created by github.com/ThreeDotsLabs/watermill/message.(*messageTransformSubscriberDecorator).Subscribe in goroutine 34180
	/Users/jace/go/pkg/mod/github.com/!three!dots!labs/watermill@v1.4.6/message/decorator.go:51 +0xc7

goroutine 32303 [chan receive, 2 minutes]:
github.com/ThreeDotsLabs/watermill/message.(*handler).run(0xc00118de10, {0x10a337fa0, 0xc001137a90}, {0xc001094f00, 0x6, 0x0?})
	/Users/jace/go/pkg/mod/github.com/!three!dots!labs/watermill@v1.4.6/message/router.go:645 +0x2b4
github.com/ThreeDotsLabs/watermill/message.(*Router).RunHandlers.func1()
	/Users/jace/go/pkg/mod/github.com/!three!dots!labs/watermill@v1.4.6/message/router.go:460 +0x145
created by github.com/ThreeDotsLabs/watermill/message.(*Router).RunHandlers in goroutine 32049
	/Users/jace/go/pkg/mod/github.com/!three!dots!labs/watermill@v1.4.6/message/router.go:453 +0x606

goroutine 31362 [select, 2 minutes]:
github.com/nats-io/nats.go/jetstream.(*pullSubscription).pullMessages(0xc000f90e10, {0xc0015275c0, 0x56})
	/Users/jace/go/pkg/mod/github.com/nats-io/nats.go@v1.41.1/jetstream/pull.go:955 +0x91
created by github.com/nats-io/nats.go/jetstream.(*pullConsumer).Messages in goroutine 31164
	/Users/jace/go/pkg/mod/github.com/nats-io/nats.go@v1.41.1/jetstream/pull.go:534 +0x748

goroutine 34245 [select, 2 minutes]:
github.com/nats-io/nats.go/jetstream.(*pullSubscription).pullMessages(0xc000c32990, {0xc00017e370, 0x4b})
	/Users/jace/go/pkg/mod/github.com/nats-io/nats.go@v1.41.1/jetstream/pull.go:955 +0x91
created by github.com/nats-io/nats.go/jetstream.(*pullConsumer).Messages in goroutine 34180
	/Users/jace/go/pkg/mod/github.com/nats-io/nats.go@v1.41.1/jetstream/pull.go:534 +0x748

goroutine 31192 [select, 2 minutes]:
github.com/nats-io/nats.go/jetstream.(*pullSubscription).pullMessages(0xc000708ea0, {0xc0016c2140, 0x3e})
	/Users/jace/go/pkg/mod/github.com/nats-io/nats.go@v1.41.1/jetstream/pull.go:955 +0x91
created by github.com/nats-io/nats.go/jetstream.(*pullConsumer).Messages in goroutine 31164
	/Users/jace/go/pkg/mod/github.com/nats-io/nats.go@v1.41.1/jetstream/pull.go:534 +0x748

goroutine 31193 [select, 2 minutes]:
github.com/nats-io/nats.go/jetstream.(*pullConsumer).Messages.func2()
	/Users/jace/go/pkg/mod/github.com/nats-io/nats.go@v1.41.1/jetstream/pull.go:538 +0x68
created by github.com/nats-io/nats.go/jetstream.(*pullConsumer).Messages in goroutine 31164
	/Users/jace/go/pkg/mod/github.com/nats-io/nats.go@v1.41.1/jetstream/pull.go:536 +0x78a

goroutine 31194 [select, 2 minutes]:
github.com/nats-io/nats.go/jetstream.(*pullSubscription).Next(0xc000708ea0)
	/Users/jace/go/pkg/mod/github.com/nats-io/nats.go@v1.41.1/jetstream/pull.go:589 +0x285
github.com/Black-And-White-Club/frolf-bot-shared/eventbus.(*eventBus).Subscribe.func1()
	/Users/jace/Documents/GitHub/frolf-bot-shared/eventbus/eventbus.go:326 +0x169
created by github.com/Black-And-White-Club/frolf-bot-shared/eventbus.(*eventBus).Subscribe in goroutine 31164
	/Users/jace/Documents/GitHub/frolf-bot-shared/eventbus/eventbus.go:315 +0xbf1

goroutine 31195 [chan receive, 2 minutes]:
github.com/ThreeDotsLabs/watermill/message.(*messageTransformSubscriberDecorator).Subscribe.func1()
	/Users/jace/go/pkg/mod/github.com/!three!dots!labs/watermill@v1.4.6/message/decorator.go:52 +0x85
created by github.com/ThreeDotsLabs/watermill/message.(*messageTransformSubscriberDecorator).Subscribe in goroutine 31164
	/Users/jace/go/pkg/mod/github.com/!three!dots!labs/watermill@v1.4.6/message/decorator.go:51 +0xc7

goroutine 31196 [chan receive, 2 minutes]:
github.com/ThreeDotsLabs/watermill/message.(*handler).run(0xc0014a5450, {0x10a337fa0, 0xc0009b7c70}, {0xc00171c300, 0x6, 0xc001951f78?})
	/Users/jace/go/pkg/mod/github.com/!three!dots!labs/watermill@v1.4.6/message/router.go:645 +0x2b4
github.com/ThreeDotsLabs/watermill/message.(*Router).RunHandlers.func1()
	/Users/jace/go/pkg/mod/github.com/!three!dots!labs/watermill@v1.4.6/message/router.go:460 +0x145
created by github.com/ThreeDotsLabs/watermill/message.(*Router).RunHandlers in goroutine 31164
	/Users/jace/go/pkg/mod/github.com/!three!dots!labs/watermill@v1.4.6/message/router.go:453 +0x606

goroutine 32140 [select, 2 minutes]:
github.com/nats-io/nats.go/jetstream.(*pullSubscription).Next(0xc0011a5950)
	/Users/jace/go/pkg/mod/github.com/nats-io/nats.go@v1.41.1/jetstream/pull.go:589 +0x285
github.com/Black-And-White-Club/frolf-bot-shared/eventbus.(*eventBus).Subscribe.func1()
	/Users/jace/Documents/GitHub/frolf-bot-shared/eventbus/eventbus.go:326 +0x169
created by github.com/Black-And-White-Club/frolf-bot-shared/eventbus.(*eventBus).Subscribe in goroutine 32049
	/Users/jace/Documents/GitHub/frolf-bot-shared/eventbus/eventbus.go:315 +0xbf1

goroutine 34742 [select]:
github.com/nats-io/nats%2ego.(*Conn).doReconnect(0xc0007c3108, {0x10a327f28, 0x10acedb30}, 0x0)
	/Users/jace/go/pkg/mod/github.com/nats-io/nats.go@v1.41.1/nats.go:2907 +0x41a
created by github.com/nats-io/nats%2ego.(*Conn).processOpErr in goroutine 34133
	/Users/jace/go/pkg/mod/github.com/nats-io/nats.go@v1.41.1/nats.go:3043 +0x2f3

goroutine 33234 [select, 2 minutes]:
github.com/nats-io/nats.go/jetstream.(*pullSubscription).Next(0xc00091f290)
	/Users/jace/go/pkg/mod/github.com/nats-io/nats.go@v1.41.1/jetstream/pull.go:589 +0x285
github.com/Black-And-White-Club/frolf-bot-shared/eventbus.(*eventBus).Subscribe.func1()
	/Users/jace/Documents/GitHub/frolf-bot-shared/eventbus/eventbus.go:326 +0x169
created by github.com/Black-And-White-Club/frolf-bot-shared/eventbus.(*eventBus).Subscribe in goroutine 33200
	/Users/jace/Documents/GitHub/frolf-bot-shared/eventbus/eventbus.go:315 +0xbf1

goroutine 31451 [select, 2 minutes]:
github.com/nats-io/nats.go/jetstream.(*pullSubscription).pullMessages(0xc0011230e0, {0xc0005e9310, 0x47})
	/Users/jace/go/pkg/mod/github.com/nats-io/nats.go@v1.41.1/jetstream/pull.go:955 +0x91
created by github.com/nats-io/nats.go/jetstream.(*pullConsumer).Messages in goroutine 32049
	/Users/jace/go/pkg/mod/github.com/nats-io/nats.go@v1.41.1/jetstream/pull.go:534 +0x748

goroutine 37727 [select, 1 minutes]:
github.com/nats-io/nats.go/jetstream.(*pullConsumer).Messages.func2()
	/Users/jace/go/pkg/mod/github.com/nats-io/nats.go@v1.41.1/jetstream/pull.go:538 +0x68
created by github.com/nats-io/nats.go/jetstream.(*pullConsumer).Messages in goroutine 37797
	/Users/jace/go/pkg/mod/github.com/nats-io/nats.go@v1.41.1/jetstream/pull.go:536 +0x78a

goroutine 33105 [sync.Cond.Wait, 2 minutes]:
sync.runtime_notifyListWait(0xc001993810, 0x0)
	/usr/local/Cellar/go/1.24.2/libexec/src/runtime/sema.go:597 +0x159
sync.(*Cond).Wait(0xc00152a928?)
	/usr/local/Cellar/go/1.24.2/libexec/src/sync/cond.go:71 +0x85
github.com/nats-io/nats%2ego.(*asyncCallbacksHandler).asyncCBDispatcher(0xc0012811a0)
	/Users/jace/go/pkg/mod/github.com/nats-io/nats.go@v1.41.1/nats.go:3059 +0xdd
created by github.com/nats-io/nats%2ego.Options.Connect in goroutine 32603
	/Users/jace/go/pkg/mod/github.com/nats-io/nats.go@v1.41.1/nats.go:1635 +0x387

goroutine 38030 [select, 1 minutes]:
github.com/nats-io/nats.go/jetstream.(*pullConsumer).Messages.func2()
	/Users/jace/go/pkg/mod/github.com/nats-io/nats.go@v1.41.1/jetstream/pull.go:538 +0x68
created by github.com/nats-io/nats.go/jetstream.(*pullConsumer).Messages in goroutine 37797
	/Users/jace/go/pkg/mod/github.com/nats-io/nats.go@v1.41.1/jetstream/pull.go:536 +0x78a

goroutine 35692 [select, 2 minutes]:
github.com/nats-io/nats.go/jetstream.(*pullSubscription).Next(0xc001b35950)
	/Users/jace/go/pkg/mod/github.com/nats-io/nats.go@v1.41.1/jetstream/pull.go:589 +0x285
github.com/Black-And-White-Club/frolf-bot-shared/eventbus.(*eventBus).Subscribe.func1()
	/Users/jace/Documents/GitHub/frolf-bot-shared/eventbus/eventbus.go:326 +0x169
created by github.com/Black-And-White-Club/frolf-bot-shared/eventbus.(*eventBus).Subscribe in goroutine 35445
	/Users/jace/Documents/GitHub/frolf-bot-shared/eventbus/eventbus.go:315 +0xbf1

goroutine 32282 [chan receive, 2 minutes]:
github.com/ThreeDotsLabs/watermill/message.(*messageTransformSubscriberDecorator).Subscribe.func1()
	/Users/jace/go/pkg/mod/github.com/!three!dots!labs/watermill@v1.4.6/message/decorator.go:52 +0x85
created by github.com/ThreeDotsLabs/watermill/message.(*messageTransformSubscriberDecorator).Subscribe in goroutine 32049
	/Users/jace/go/pkg/mod/github.com/!three!dots!labs/watermill@v1.4.6/message/decorator.go:51 +0xc7

goroutine 32492 [sync.WaitGroup.Wait, 2 minutes]:
sync.runtime_SemacquireWaitGroup(0x0?)
	/usr/local/Cellar/go/1.24.2/libexec/src/runtime/sema.go:110 +0x25
sync.(*WaitGroup).Wait(0xc00193b7d0?)
	/usr/local/Cellar/go/1.24.2/libexec/src/sync/waitgroup.go:118 +0x48
github.com/ThreeDotsLabs/watermill/message.(*Router).waitForHandlers.func1()
	/Users/jace/go/pkg/mod/github.com/!three!dots!labs/watermill@v1.4.6/message/router.go:579 +0x4b
created by github.com/ThreeDotsLabs/watermill/message.(*Router).waitForHandlers in goroutine 31445
	/Users/jace/go/pkg/mod/github.com/!three!dots!labs/watermill@v1.4.6/message/router.go:577 +0x87

goroutine 32267 [chan receive, 2 minutes]:
github.com/ThreeDotsLabs/watermill/message.(*messageTransformSubscriberDecorator).Subscribe.func1()
	/Users/jace/go/pkg/mod/github.com/!three!dots!labs/watermill@v1.4.6/message/decorator.go:52 +0x85
created by github.com/ThreeDotsLabs/watermill/message.(*messageTransformSubscriberDecorator).Subscribe in goroutine 32049
	/Users/jace/go/pkg/mod/github.com/!three!dots!labs/watermill@v1.4.6/message/decorator.go:51 +0xc7

goroutine 32259 [select, 2 minutes]:
github.com/nats-io/nats.go/jetstream.(*pullSubscription).pullMessages(0xc000d5ac60, {0xc0007d7c70, 0x42})
	/Users/jace/go/pkg/mod/github.com/nats-io/nats.go@v1.41.1/jetstream/pull.go:955 +0x91
created by github.com/nats-io/nats.go/jetstream.(*pullConsumer).Messages in goroutine 32049
	/Users/jace/go/pkg/mod/github.com/nats-io/nats.go@v1.41.1/jetstream/pull.go:534 +0x748

goroutine 32260 [select, 2 minutes]:
github.com/nats-io/nats.go/jetstream.(*pullConsumer).Messages.func2()
	/Users/jace/go/pkg/mod/github.com/nats-io/nats.go@v1.41.1/jetstream/pull.go:538 +0x68
created by github.com/nats-io/nats.go/jetstream.(*pullConsumer).Messages in goroutine 32049
	/Users/jace/go/pkg/mod/github.com/nats-io/nats.go@v1.41.1/jetstream/pull.go:536 +0x78a

goroutine 32261 [select, 2 minutes]:
github.com/nats-io/nats.go/jetstream.(*pullSubscription).Next(0xc000d5ac60)
	/Users/jace/go/pkg/mod/github.com/nats-io/nats.go@v1.41.1/jetstream/pull.go:589 +0x285
github.com/Black-And-White-Club/frolf-bot-shared/eventbus.(*eventBus).Subscribe.func1()
	/Users/jace/Documents/GitHub/frolf-bot-shared/eventbus/eventbus.go:326 +0x169
created by github.com/Black-And-White-Club/frolf-bot-shared/eventbus.(*eventBus).Subscribe in goroutine 32049
	/Users/jace/Documents/GitHub/frolf-bot-shared/eventbus/eventbus.go:315 +0xbf1

goroutine 32262 [chan receive, 2 minutes]:
github.com/ThreeDotsLabs/watermill/message.(*messageTransformSubscriberDecorator).Subscribe.func1()
	/Users/jace/go/pkg/mod/github.com/!three!dots!labs/watermill@v1.4.6/message/decorator.go:52 +0x85
created by github.com/ThreeDotsLabs/watermill/message.(*messageTransformSubscriberDecorator).Subscribe in goroutine 32049
	/Users/jace/go/pkg/mod/github.com/!three!dots!labs/watermill@v1.4.6/message/decorator.go:51 +0xc7

goroutine 32263 [chan receive, 2 minutes]:
github.com/ThreeDotsLabs/watermill/message.(*handler).run(0xc000173a00, {0x10a337fa0, 0xc001531d60}, {0xc001066780, 0x6, 0xc001345f78?})
	/Users/jace/go/pkg/mod/github.com/!three!dots!labs/watermill@v1.4.6/message/router.go:645 +0x2b4
github.com/ThreeDotsLabs/watermill/message.(*Router).RunHandlers.func1()
	/Users/jace/go/pkg/mod/github.com/!three!dots!labs/watermill@v1.4.6/message/router.go:460 +0x145
created by github.com/ThreeDotsLabs/watermill/message.(*Router).RunHandlers in goroutine 32049
	/Users/jace/go/pkg/mod/github.com/!three!dots!labs/watermill@v1.4.6/message/router.go:453 +0x606

goroutine 32276 [chan receive, 2 minutes]:
github.com/ThreeDotsLabs/watermill/message.(*handler).run(0xc00118c340, {0x10a337fa0, 0xc00192a8c0}, {0xc001066840, 0x6, 0x0?})
	/Users/jace/go/pkg/mod/github.com/!three!dots!labs/watermill@v1.4.6/message/router.go:645 +0x2b4
github.com/ThreeDotsLabs/watermill/message.(*Router).RunHandlers.func1()
	/Users/jace/go/pkg/mod/github.com/!three!dots!labs/watermill@v1.4.6/message/router.go:460 +0x145
created by github.com/ThreeDotsLabs/watermill/message.(*Router).RunHandlers in goroutine 32049
	/Users/jace/go/pkg/mod/github.com/!three!dots!labs/watermill@v1.4.6/message/router.go:453 +0x606

goroutine 38076 [select, 1 minutes]:
github.com/nats-io/nats.go/jetstream.(*pullConsumer).Messages.func2()
	/Users/jace/go/pkg/mod/github.com/nats-io/nats.go@v1.41.1/jetstream/pull.go:538 +0x68
created by github.com/nats-io/nats.go/jetstream.(*pullConsumer).Messages in goroutine 37797
	/Users/jace/go/pkg/mod/github.com/nats-io/nats.go@v1.41.1/jetstream/pull.go:536 +0x78a

goroutine 32313 [select, 2 minutes]:
github.com/nats-io/nats.go/jetstream.(*pullSubscription).Next(0xc0008795f0)
	/Users/jace/go/pkg/mod/github.com/nats-io/nats.go@v1.41.1/jetstream/pull.go:589 +0x285
github.com/Black-And-White-Club/frolf-bot-shared/eventbus.(*eventBus).Subscribe.func1()
	/Users/jace/Documents/GitHub/frolf-bot-shared/eventbus/eventbus.go:326 +0x169
created by github.com/Black-And-White-Club/frolf-bot-shared/eventbus.(*eventBus).Subscribe in goroutine 32049
	/Users/jace/Documents/GitHub/frolf-bot-shared/eventbus/eventbus.go:315 +0xbf1

goroutine 34555 [select, 2 minutes]:
github.com/nats-io/nats.go/jetstream.(*pullSubscription).Next(0xc0015350e0)
	/Users/jace/go/pkg/mod/github.com/nats-io/nats.go@v1.41.1/jetstream/pull.go:589 +0x285
github.com/Black-And-White-Club/frolf-bot-shared/eventbus.(*eventBus).Subscribe.func1()
	/Users/jace/Documents/GitHub/frolf-bot-shared/eventbus/eventbus.go:326 +0x169
created by github.com/Black-And-White-Club/frolf-bot-shared/eventbus.(*eventBus).Subscribe in goroutine 34180
	/Users/jace/Documents/GitHub/frolf-bot-shared/eventbus/eventbus.go:315 +0xbf1

goroutine 32324 [select, 2 minutes]:
github.com/nats-io/nats.go/jetstream.(*pullSubscription).pullMessages(0xc000efe3f0, {0xc0007d7e50, 0x45})
	/Users/jace/go/pkg/mod/github.com/nats-io/nats.go@v1.41.1/jetstream/pull.go:955 +0x91
created by github.com/nats-io/nats.go/jetstream.(*pullConsumer).Messages in goroutine 32049
	/Users/jace/go/pkg/mod/github.com/nats-io/nats.go@v1.41.1/jetstream/pull.go:534 +0x748

goroutine 32325 [select, 2 minutes]:
github.com/nats-io/nats.go/jetstream.(*pullConsumer).Messages.func2()
	/Users/jace/go/pkg/mod/github.com/nats-io/nats.go@v1.41.1/jetstream/pull.go:538 +0x68
created by github.com/nats-io/nats.go/jetstream.(*pullConsumer).Messages in goroutine 32049
	/Users/jace/go/pkg/mod/github.com/nats-io/nats.go@v1.41.1/jetstream/pull.go:536 +0x78a

goroutine 32326 [select, 2 minutes]:
github.com/nats-io/nats.go/jetstream.(*pullSubscription).Next(0xc000efe3f0)
	/Users/jace/go/pkg/mod/github.com/nats-io/nats.go@v1.41.1/jetstream/pull.go:589 +0x285
github.com/Black-And-White-Club/frolf-bot-shared/eventbus.(*eventBus).Subscribe.func1()
	/Users/jace/Documents/GitHub/frolf-bot-shared/eventbus/eventbus.go:326 +0x169
created by github.com/Black-And-White-Club/frolf-bot-shared/eventbus.(*eventBus).Subscribe in goroutine 32049
	/Users/jace/Documents/GitHub/frolf-bot-shared/eventbus/eventbus.go:315 +0xbf1

goroutine 32327 [chan receive, 2 minutes]:
github.com/ThreeDotsLabs/watermill/message.(*messageTransformSubscriberDecorator).Subscribe.func1()
	/Users/jace/go/pkg/mod/github.com/!three!dots!labs/watermill@v1.4.6/message/decorator.go:52 +0x85
created by github.com/ThreeDotsLabs/watermill/message.(*messageTransformSubscriberDecorator).Subscribe in goroutine 32049
	/Users/jace/go/pkg/mod/github.com/!three!dots!labs/watermill@v1.4.6/message/decorator.go:51 +0xc7

goroutine 32328 [chan receive, 2 minutes]:
github.com/ThreeDotsLabs/watermill/message.(*handler).run(0xc0009cadd0, {0x10a337fa0, 0xc0017358b0}, {0xc000eb8d80, 0x6, 0x10955daec?})
	/Users/jace/go/pkg/mod/github.com/!three!dots!labs/watermill@v1.4.6/message/router.go:645 +0x2b4
github.com/ThreeDotsLabs/watermill/message.(*Router).RunHandlers.func1()
	/Users/jace/go/pkg/mod/github.com/!three!dots!labs/watermill@v1.4.6/message/router.go:460 +0x145
created by github.com/ThreeDotsLabs/watermill/message.(*Router).RunHandlers in goroutine 32049
	/Users/jace/go/pkg/mod/github.com/!three!dots!labs/watermill@v1.4.6/message/router.go:453 +0x606

goroutine 38016 [select, 1 minutes]:
github.com/nats-io/nats.go/jetstream.(*pullSubscription).Next(0xc0012d4b40)
	/Users/jace/go/pkg/mod/github.com/nats-io/nats.go@v1.41.1/jetstream/pull.go:589 +0x285
github.com/Black-And-White-Club/frolf-bot-shared/eventbus.(*eventBus).Subscribe.func1()
	/Users/jace/Documents/GitHub/frolf-bot-shared/eventbus/eventbus.go:326 +0x169
created by github.com/Black-And-White-Club/frolf-bot-shared/eventbus.(*eventBus).Subscribe in goroutine 37797
	/Users/jace/Documents/GitHub/frolf-bot-shared/eventbus/eventbus.go:315 +0xbf1

goroutine 34246 [select, 2 minutes]:
github.com/nats-io/nats.go/jetstream.(*pullConsumer).Messages.func2()
	/Users/jace/go/pkg/mod/github.com/nats-io/nats.go@v1.41.1/jetstream/pull.go:538 +0x68
created by github.com/nats-io/nats.go/jetstream.(*pullConsumer).Messages in goroutine 34180
	/Users/jace/go/pkg/mod/github.com/nats-io/nats.go@v1.41.1/jetstream/pull.go:536 +0x78a

goroutine 34469 [chan receive, 2 minutes]:
github.com/ThreeDotsLabs/watermill/message.(*handler).run(0xc001a95860, {0x10a337fa0, 0xc000f4f3b0}, {0xc000a5a180, 0x6, 0xc001847778?})
	/Users/jace/go/pkg/mod/github.com/!three!dots!labs/watermill@v1.4.6/message/router.go:645 +0x2b4
github.com/ThreeDotsLabs/watermill/message.(*Router).RunHandlers.func1()
	/Users/jace/go/pkg/mod/github.com/!three!dots!labs/watermill@v1.4.6/message/router.go:460 +0x145
created by github.com/ThreeDotsLabs/watermill/message.(*Router).RunHandlers in goroutine 34180
	/Users/jace/go/pkg/mod/github.com/!three!dots!labs/watermill@v1.4.6/message/router.go:453 +0x606

goroutine 38014 [select, 1 minutes]:
github.com/nats-io/nats.go/jetstream.(*pullSubscription).pullMessages(0xc0012d4b40, {0xc0007548c0, 0x4e})
	/Users/jace/go/pkg/mod/github.com/nats-io/nats.go@v1.41.1/jetstream/pull.go:955 +0x91
created by github.com/nats-io/nats.go/jetstream.(*pullConsumer).Messages in goroutine 37797
	/Users/jace/go/pkg/mod/github.com/nats-io/nats.go@v1.41.1/jetstream/pull.go:534 +0x748

goroutine 33137 [chan receive, 2 minutes]:
github.com/ThreeDotsLabs/watermill/message.(*handler).run(0xc000eabad0, {0x10a337fa0, 0xc001c11cc0}, {0xc000c24cc0, 0x6, 0x4a5436693371554e?})
	/Users/jace/go/pkg/mod/github.com/!three!dots!labs/watermill@v1.4.6/message/router.go:645 +0x2b4
github.com/ThreeDotsLabs/watermill/message.(*Router).RunHandlers.func1()
	/Users/jace/go/pkg/mod/github.com/!three!dots!labs/watermill@v1.4.6/message/router.go:460 +0x145
created by github.com/ThreeDotsLabs/watermill/message.(*Router).RunHandlers in goroutine 33200
	/Users/jace/go/pkg/mod/github.com/!three!dots!labs/watermill@v1.4.6/message/router.go:453 +0x606

goroutine 32446 [chan receive, 2 minutes]:
github.com/ThreeDotsLabs/watermill/message.(*messageTransformSubscriberDecorator).Subscribe.func1()
	/Users/jace/go/pkg/mod/github.com/!three!dots!labs/watermill@v1.4.6/message/decorator.go:52 +0x85
created by github.com/ThreeDotsLabs/watermill/message.(*messageTransformSubscriberDecorator).Subscribe in goroutine 32049
	/Users/jace/go/pkg/mod/github.com/!three!dots!labs/watermill@v1.4.6/message/decorator.go:51 +0xc7

goroutine 34773 [select]:
github.com/nats-io/nats%2ego.(*Conn).doReconnect(0xc000d17808, {0x10a327f28, 0x10acedb30}, 0x0)
	/Users/jace/go/pkg/mod/github.com/nats-io/nats.go@v1.41.1/nats.go:2907 +0x41a
created by github.com/nats-io/nats%2ego.(*Conn).processOpErr in goroutine 34088
	/Users/jace/go/pkg/mod/github.com/nats-io/nats.go@v1.41.1/nats.go:3043 +0x2f3

goroutine 36956 [chan receive, 2 minutes]:
github.com/ThreeDotsLabs/watermill/message.(*handler).run(0xc001982680, {0x10a337fa0, 0xc001136be0}, {0xc0010f0600, 0x6, 0x0?})
	/Users/jace/go/pkg/mod/github.com/!three!dots!labs/watermill@v1.4.6/message/router.go:645 +0x2b4
github.com/ThreeDotsLabs/watermill/message.(*Router).RunHandlers.func1()
	/Users/jace/go/pkg/mod/github.com/!three!dots!labs/watermill@v1.4.6/message/router.go:460 +0x145
created by github.com/ThreeDotsLabs/watermill/message.(*Router).RunHandlers in goroutine 36760
	/Users/jace/go/pkg/mod/github.com/!three!dots!labs/watermill@v1.4.6/message/router.go:453 +0x606

goroutine 32281 [select, 2 minutes]:
github.com/nats-io/nats.go/jetstream.(*pullSubscription).Next(0xc000b745a0)
	/Users/jace/go/pkg/mod/github.com/nats-io/nats.go@v1.41.1/jetstream/pull.go:589 +0x285
github.com/Black-And-White-Club/frolf-bot-shared/eventbus.(*eventBus).Subscribe.func1()
	/Users/jace/Documents/GitHub/frolf-bot-shared/eventbus/eventbus.go:326 +0x169
created by github.com/Black-And-White-Club/frolf-bot-shared/eventbus.(*eventBus).Subscribe in goroutine 32049
	/Users/jace/Documents/GitHub/frolf-bot-shared/eventbus/eventbus.go:315 +0xbf1

goroutine 34461 [select, 2 minutes]:
github.com/nats-io/nats.go/jetstream.(*pullSubscription).pullMessages(0xc001042000, {0xc00093f020, 0x58})
	/Users/jace/go/pkg/mod/github.com/nats-io/nats.go@v1.41.1/jetstream/pull.go:955 +0x91
created by github.com/nats-io/nats.go/jetstream.(*pullConsumer).Messages in goroutine 34180
	/Users/jace/go/pkg/mod/github.com/nats-io/nats.go@v1.41.1/jetstream/pull.go:534 +0x748

goroutine 34265 [select, 2 minutes]:
github.com/nats-io/nats.go/jetstream.(*pullSubscription).pullMessages(0xc0014bf560, {0xc00179a370, 0x4f})
	/Users/jace/go/pkg/mod/github.com/nats-io/nats.go@v1.41.1/jetstream/pull.go:955 +0x91
created by github.com/nats-io/nats.go/jetstream.(*pullConsumer).Messages in goroutine 34180
	/Users/jace/go/pkg/mod/github.com/nats-io/nats.go@v1.41.1/jetstream/pull.go:534 +0x748

goroutine 38029 [select, 1 minutes]:
github.com/nats-io/nats.go/jetstream.(*pullSubscription).pullMessages(0xc0012d5830, {0xc001526fc0, 0x5a})
	/Users/jace/go/pkg/mod/github.com/nats-io/nats.go@v1.41.1/jetstream/pull.go:955 +0x91
created by github.com/nats-io/nats.go/jetstream.(*pullConsumer).Messages in goroutine 37797
	/Users/jace/go/pkg/mod/github.com/nats-io/nats.go@v1.41.1/jetstream/pull.go:534 +0x748

goroutine 45136 [chan receive, 1 minutes]:
github.com/ThreeDotsLabs/watermill/message.(*handler).run(0xc00200c0d0, {0x10a337fa0, 0xc001b628c0}, {0xc00191c540, 0x6, 0xc00226b778?})
	/Users/jace/go/pkg/mod/github.com/!three!dots!labs/watermill@v1.4.6/message/router.go:645 +0x2b4
github.com/ThreeDotsLabs/watermill/message.(*Router).RunHandlers.func1()
	/Users/jace/go/pkg/mod/github.com/!three!dots!labs/watermill@v1.4.6/message/router.go:460 +0x145
created by github.com/ThreeDotsLabs/watermill/message.(*Router).RunHandlers in goroutine 44822
	/Users/jace/go/pkg/mod/github.com/!three!dots!labs/watermill@v1.4.6/message/router.go:453 +0x606

goroutine 35575 [select, 2 minutes]:
github.com/nats-io/nats.go/jetstream.(*pullSubscription).Next(0xc001ba9680)
	/Users/jace/go/pkg/mod/github.com/nats-io/nats.go@v1.41.1/jetstream/pull.go:589 +0x285
github.com/Black-And-White-Club/frolf-bot-shared/eventbus.(*eventBus).Subscribe.func1()
	/Users/jace/Documents/GitHub/frolf-bot-shared/eventbus/eventbus.go:326 +0x169
created by github.com/Black-And-White-Club/frolf-bot-shared/eventbus.(*eventBus).Subscribe in goroutine 35445
	/Users/jace/Documents/GitHub/frolf-bot-shared/eventbus/eventbus.go:315 +0xbf1

goroutine 32406 [select, 2 minutes]:
github.com/nats-io/nats.go/jetstream.(*pullSubscription).pullMessages(0xc000eff560, {0xc000a42600, 0x52})
	/Users/jace/go/pkg/mod/github.com/nats-io/nats.go@v1.41.1/jetstream/pull.go:955 +0x91
created by github.com/nats-io/nats.go/jetstream.(*pullConsumer).Messages in goroutine 32049
	/Users/jace/go/pkg/mod/github.com/nats-io/nats.go@v1.41.1/jetstream/pull.go:534 +0x748

goroutine 32407 [select, 2 minutes]:
github.com/nats-io/nats.go/jetstream.(*pullConsumer).Messages.func2()
	/Users/jace/go/pkg/mod/github.com/nats-io/nats.go@v1.41.1/jetstream/pull.go:538 +0x68
created by github.com/nats-io/nats.go/jetstream.(*pullConsumer).Messages in goroutine 32049
	/Users/jace/go/pkg/mod/github.com/nats-io/nats.go@v1.41.1/jetstream/pull.go:536 +0x78a

goroutine 32408 [select, 2 minutes]:
github.com/nats-io/nats.go/jetstream.(*pullSubscription).Next(0xc000eff560)
	/Users/jace/go/pkg/mod/github.com/nats-io/nats.go@v1.41.1/jetstream/pull.go:589 +0x285
github.com/Black-And-White-Club/frolf-bot-shared/eventbus.(*eventBus).Subscribe.func1()
	/Users/jace/Documents/GitHub/frolf-bot-shared/eventbus/eventbus.go:326 +0x169
created by github.com/Black-And-White-Club/frolf-bot-shared/eventbus.(*eventBus).Subscribe in goroutine 32049
	/Users/jace/Documents/GitHub/frolf-bot-shared/eventbus/eventbus.go:315 +0xbf1

goroutine 32409 [chan receive, 2 minutes]:
github.com/ThreeDotsLabs/watermill/message.(*messageTransformSubscriberDecorator).Subscribe.func1()
	/Users/jace/go/pkg/mod/github.com/!three!dots!labs/watermill@v1.4.6/message/decorator.go:52 +0x85
created by github.com/ThreeDotsLabs/watermill/message.(*messageTransformSubscriberDecorator).Subscribe in goroutine 32049
	/Users/jace/go/pkg/mod/github.com/!three!dots!labs/watermill@v1.4.6/message/decorator.go:51 +0xc7

goroutine 32410 [chan receive, 2 minutes]:
github.com/ThreeDotsLabs/watermill/message.(*handler).run(0xc000173450, {0x10a337fa0, 0xc0005aeaf0}, {0xc001095140, 0x6, 0xc001846f88?})
	/Users/jace/go/pkg/mod/github.com/!three!dots!labs/watermill@v1.4.6/message/router.go:645 +0x2b4
github.com/ThreeDotsLabs/watermill/message.(*Router).RunHandlers.func1()
	/Users/jace/go/pkg/mod/github.com/!three!dots!labs/watermill@v1.4.6/message/router.go:460 +0x145
created by github.com/ThreeDotsLabs/watermill/message.(*Router).RunHandlers in goroutine 32049
	/Users/jace/go/pkg/mod/github.com/!three!dots!labs/watermill@v1.4.6/message/router.go:453 +0x606

goroutine 45249 [select, 1 minutes]:
github.com/nats-io/nats.go/jetstream.(*pullSubscription).Next(0xc0007c53b0)
	/Users/jace/go/pkg/mod/github.com/nats-io/nats.go@v1.41.1/jetstream/pull.go:589 +0x285
github.com/Black-And-White-Club/frolf-bot-shared/eventbus.(*eventBus).Subscribe.func1()
	/Users/jace/Documents/GitHub/frolf-bot-shared/eventbus/eventbus.go:326 +0x169
created by github.com/Black-And-White-Club/frolf-bot-shared/eventbus.(*eventBus).Subscribe in goroutine 44822
	/Users/jace/Documents/GitHub/frolf-bot-shared/eventbus/eventbus.go:315 +0xbf1

goroutine 32472 [select, 2 minutes]:
github.com/nats-io/nats.go/jetstream.(*pullSubscription).pullMessages(0xc000709830, {0xc000c9dc20, 0x58})
	/Users/jace/go/pkg/mod/github.com/nats-io/nats.go@v1.41.1/jetstream/pull.go:955 +0x91
created by github.com/nats-io/nats.go/jetstream.(*pullConsumer).Messages in goroutine 32418
	/Users/jace/go/pkg/mod/github.com/nats-io/nats.go@v1.41.1/jetstream/pull.go:534 +0x748

goroutine 33224 [select, 2 minutes]:
github.com/nats-io/nats.go/jetstream.(*pullSubscription).pullMessages(0xc0010d4360, {0xc00179a9b0, 0x45})
	/Users/jace/go/pkg/mod/github.com/nats-io/nats.go@v1.41.1/jetstream/pull.go:955 +0x91
created by github.com/nats-io/nats.go/jetstream.(*pullConsumer).Messages in goroutine 33200
	/Users/jace/go/pkg/mod/github.com/nats-io/nats.go@v1.41.1/jetstream/pull.go:534 +0x748

goroutine 34402 [chan receive, 2 minutes]:
github.com/ThreeDotsLabs/watermill/message.(*handler).run(0xc001a94b60, {0x10a337fa0, 0xc0009153b0}, {0xc000aba180, 0x6, 0x100000001?})
	/Users/jace/go/pkg/mod/github.com/!three!dots!labs/watermill@v1.4.6/message/router.go:645 +0x2b4
github.com/ThreeDotsLabs/watermill/message.(*Router).RunHandlers.func1()
	/Users/jace/go/pkg/mod/github.com/!three!dots!labs/watermill@v1.4.6/message/router.go:460 +0x145
created by github.com/ThreeDotsLabs/watermill/message.(*Router).RunHandlers in goroutine 34180
	/Users/jace/go/pkg/mod/github.com/!three!dots!labs/watermill@v1.4.6/message/router.go:453 +0x606

goroutine 32444 [select, 2 minutes]:
github.com/nats-io/nats.go/jetstream.(*pullConsumer).Messages.func2()
	/Users/jace/go/pkg/mod/github.com/nats-io/nats.go@v1.41.1/jetstream/pull.go:538 +0x68
created by github.com/nats-io/nats.go/jetstream.(*pullConsumer).Messages in goroutine 32049
	/Users/jace/go/pkg/mod/github.com/nats-io/nats.go@v1.41.1/jetstream/pull.go:536 +0x78a

goroutine 39138 [select, 1 minutes]:
github.com/nats-io/nats.go/jetstream.(*pullSubscription).Next(0xc0018375f0)
	/Users/jace/go/pkg/mod/github.com/nats-io/nats.go@v1.41.1/jetstream/pull.go:589 +0x285
github.com/Black-And-White-Club/frolf-bot-shared/eventbus.(*eventBus).Subscribe.func1()
	/Users/jace/Documents/GitHub/frolf-bot-shared/eventbus/eventbus.go:326 +0x169
created by github.com/Black-And-White-Club/frolf-bot-shared/eventbus.(*eventBus).Subscribe in goroutine 38959
	/Users/jace/Documents/GitHub/frolf-bot-shared/eventbus/eventbus.go:315 +0xbf1

goroutine 34510 [select, 2 minutes]:
github.com/nats-io/nats.go/jetstream.(*pullSubscription).Next(0xc00113f680)
	/Users/jace/go/pkg/mod/github.com/nats-io/nats.go@v1.41.1/jetstream/pull.go:589 +0x285
github.com/Black-And-White-Club/frolf-bot-shared/eventbus.(*eventBus).Subscribe.func1()
	/Users/jace/Documents/GitHub/frolf-bot-shared/eventbus/eventbus.go:326 +0x169
created by github.com/Black-And-White-Club/frolf-bot-shared/eventbus.(*eventBus).Subscribe in goroutine 34180
	/Users/jace/Documents/GitHub/frolf-bot-shared/eventbus/eventbus.go:315 +0xbf1

goroutine 33437 [select, 2 minutes]:
github.com/nats-io/nats.go/jetstream.(*pullSubscription).pullMessages(0xc001921c20, {0xc0005e8eb0, 0x50})
	/Users/jace/go/pkg/mod/github.com/nats-io/nats.go@v1.41.1/jetstream/pull.go:955 +0x91
created by github.com/nats-io/nats.go/jetstream.(*pullConsumer).Messages in goroutine 33200
	/Users/jace/go/pkg/mod/github.com/nats-io/nats.go@v1.41.1/jetstream/pull.go:534 +0x748

goroutine 34362 [select, 2 minutes]:
github.com/nats-io/nats.go/jetstream.(*pullSubscription).pullMessages(0xc0011a50e0, {0xc0007542d0, 0x50})
	/Users/jace/go/pkg/mod/github.com/nats-io/nats.go@v1.41.1/jetstream/pull.go:955 +0x91
created by github.com/nats-io/nats.go/jetstream.(*pullConsumer).Messages in goroutine 34180
	/Users/jace/go/pkg/mod/github.com/nats-io/nats.go@v1.41.1/jetstream/pull.go:534 +0x748

goroutine 32438 [select, 2 minutes]:
github.com/nats-io/nats.go/jetstream.(*pullSubscription).pullMessages(0xc000b75cb0, {0xc0017e8540, 0x58})
	/Users/jace/go/pkg/mod/github.com/nats-io/nats.go@v1.41.1/jetstream/pull.go:955 +0x91
created by github.com/nats-io/nats.go/jetstream.(*pullConsumer).Messages in goroutine 32418
	/Users/jace/go/pkg/mod/github.com/nats-io/nats.go@v1.41.1/jetstream/pull.go:534 +0x748

goroutine 32439 [select, 2 minutes]:
github.com/nats-io/nats.go/jetstream.(*pullConsumer).Messages.func2()
	/Users/jace/go/pkg/mod/github.com/nats-io/nats.go@v1.41.1/jetstream/pull.go:538 +0x68
created by github.com/nats-io/nats.go/jetstream.(*pullConsumer).Messages in goroutine 32418
	/Users/jace/go/pkg/mod/github.com/nats-io/nats.go@v1.41.1/jetstream/pull.go:536 +0x78a

goroutine 32440 [select, 2 minutes]:
github.com/nats-io/nats.go/jetstream.(*pullSubscription).Next(0xc000b75cb0)
	/Users/jace/go/pkg/mod/github.com/nats-io/nats.go@v1.41.1/jetstream/pull.go:589 +0x285
github.com/Black-And-White-Club/frolf-bot-shared/eventbus.(*eventBus).ProcessDelayedMessages.func1.2(0xc001207f50, {0x10a335050?, 0xc000b75cb0?}, 0xc00074ec80, {0x10a337f68, 0xc000f9bce0}, {0x0?, 0x0?, 0x0?}, {0xba, ...})
	/Users/jace/Documents/GitHub/frolf-bot-shared/eventbus/delayed_messages.go:348 +0xab
github.com/Black-And-White-Club/frolf-bot-shared/eventbus.(*eventBus).ProcessDelayedMessages.func1()
	/Users/jace/Documents/GitHub/frolf-bot-shared/eventbus/delayed_messages.go:377 +0x233
created by github.com/Black-And-White-Club/frolf-bot-shared/eventbus.(*eventBus).ProcessDelayedMessages in goroutine 32418
	/Users/jace/Documents/GitHub/frolf-bot-shared/eventbus/delayed_messages.go:311 +0xb99

goroutine 32536 [select, 2 minutes]:
github.com/nats-io/nats.go/jetstream.(*pullSubscription).pullMessages(0xc000479320, {0xc000421680, 0x40})
	/Users/jace/go/pkg/mod/github.com/nats-io/nats.go@v1.41.1/jetstream/pull.go:955 +0x91
created by github.com/nats-io/nats.go/jetstream.(*pullConsumer).Messages in goroutine 32049
	/Users/jace/go/pkg/mod/github.com/nats-io/nats.go@v1.41.1/jetstream/pull.go:534 +0x748

goroutine 36823 [select, 2 minutes]:
github.com/nats-io/nats.go/jetstream.(*pullSubscription).Next(0xc001122ea0)
	/Users/jace/go/pkg/mod/github.com/nats-io/nats.go@v1.41.1/jetstream/pull.go:589 +0x285
github.com/Black-And-White-Club/frolf-bot-shared/eventbus.(*eventBus).Subscribe.func1()
	/Users/jace/Documents/GitHub/frolf-bot-shared/eventbus/eventbus.go:326 +0x169
created by github.com/Black-And-White-Club/frolf-bot-shared/eventbus.(*eventBus).Subscribe in goroutine 36760
	/Users/jace/Documents/GitHub/frolf-bot-shared/eventbus/eventbus.go:315 +0xbf1

goroutine 34414 [select, 2 minutes]:
github.com/nats-io/nats.go/jetstream.(*pullConsumer).Messages.func2()
	/Users/jace/go/pkg/mod/github.com/nats-io/nats.go@v1.41.1/jetstream/pull.go:538 +0x68
created by github.com/nats-io/nats.go/jetstream.(*pullConsumer).Messages in goroutine 34180
	/Users/jace/go/pkg/mod/github.com/nats-io/nats.go@v1.41.1/jetstream/pull.go:536 +0x78a

goroutine 33298 [select, 2 minutes]:
github.com/nats-io/nats.go/jetstream.(*pullSubscription).Next(0xc0004b8630)
	/Users/jace/go/pkg/mod/github.com/nats-io/nats.go@v1.41.1/jetstream/pull.go:589 +0x285
github.com/Black-And-White-Club/frolf-bot-shared/eventbus.(*eventBus).Subscribe.func1()
	/Users/jace/Documents/GitHub/frolf-bot-shared/eventbus/eventbus.go:326 +0x169
created by github.com/Black-And-White-Club/frolf-bot-shared/eventbus.(*eventBus).Subscribe in goroutine 33200
	/Users/jace/Documents/GitHub/frolf-bot-shared/eventbus/eventbus.go:315 +0xbf1

goroutine 35683 [chan receive, 2 minutes]:
github.com/ThreeDotsLabs/watermill/message.(*messageTransformSubscriberDecorator).Subscribe.func1()
	/Users/jace/go/pkg/mod/github.com/!three!dots!labs/watermill@v1.4.6/message/decorator.go:52 +0x85
created by github.com/ThreeDotsLabs/watermill/message.(*messageTransformSubscriberDecorator).Subscribe in goroutine 35445
	/Users/jace/go/pkg/mod/github.com/!three!dots!labs/watermill@v1.4.6/message/decorator.go:51 +0xc7

goroutine 34580 [select, 2 minutes]:
github.com/nats-io/nats.go/jetstream.(*pullConsumer).Messages.func2()
	/Users/jace/go/pkg/mod/github.com/nats-io/nats.go@v1.41.1/jetstream/pull.go:538 +0x68
created by github.com/nats-io/nats.go/jetstream.(*pullConsumer).Messages in goroutine 34180
	/Users/jace/go/pkg/mod/github.com/nats-io/nats.go@v1.41.1/jetstream/pull.go:536 +0x78a

goroutine 33325 [select, 2 minutes]:
github.com/nats-io/nats.go/jetstream.(*pullSubscription).Next(0xc0007f3b90)
	/Users/jace/go/pkg/mod/github.com/nats-io/nats.go@v1.41.1/jetstream/pull.go:589 +0x285
github.com/Black-And-White-Club/frolf-bot-shared/eventbus.(*eventBus).Subscribe.func1()
	/Users/jace/Documents/GitHub/frolf-bot-shared/eventbus/eventbus.go:326 +0x169
created by github.com/Black-And-White-Club/frolf-bot-shared/eventbus.(*eventBus).Subscribe in goroutine 33200
	/Users/jace/Documents/GitHub/frolf-bot-shared/eventbus/eventbus.go:315 +0xbf1

goroutine 33433 [select, 2 minutes]:
github.com/nats-io/nats.go/jetstream.(*pullConsumer).Messages.func2()
	/Users/jace/go/pkg/mod/github.com/nats-io/nats.go@v1.41.1/jetstream/pull.go:538 +0x68
created by github.com/nats-io/nats.go/jetstream.(*pullConsumer).Messages in goroutine 33200
	/Users/jace/go/pkg/mod/github.com/nats-io/nats.go@v1.41.1/jetstream/pull.go:536 +0x78a

goroutine 38989 [chan receive, 1 minutes]:
github.com/ThreeDotsLabs/watermill/message.(*handler).run(0xc001a3a000, {0x10a337fa0, 0xc0007ae9b0}, {0xc000fbf140, 0x6, 0x10955daec?})
	/Users/jace/go/pkg/mod/github.com/!three!dots!labs/watermill@v1.4.6/message/router.go:645 +0x2b4
github.com/ThreeDotsLabs/watermill/message.(*Router).RunHandlers.func1()
	/Users/jace/go/pkg/mod/github.com/!three!dots!labs/watermill@v1.4.6/message/router.go:460 +0x145
created by github.com/ThreeDotsLabs/watermill/message.(*Router).RunHandlers in goroutine 38959
	/Users/jace/go/pkg/mod/github.com/!three!dots!labs/watermill@v1.4.6/message/router.go:453 +0x606

goroutine 32839 [select, 2 minutes]:
github.com/nats-io/nats.go/jetstream.(*pullSubscription).Next(0xc00091e240)
	/Users/jace/go/pkg/mod/github.com/nats-io/nats.go@v1.41.1/jetstream/pull.go:589 +0x285
github.com/Black-And-White-Club/frolf-bot-shared/eventbus.(*eventBus).Subscribe.func1()
	/Users/jace/Documents/GitHub/frolf-bot-shared/eventbus/eventbus.go:326 +0x169
created by github.com/Black-And-White-Club/frolf-bot-shared/eventbus.(*eventBus).Subscribe in goroutine 33200
	/Users/jace/Documents/GitHub/frolf-bot-shared/eventbus/eventbus.go:315 +0xbf1

goroutine 46629 [chan receive, 1 minutes]:
github.com/ThreeDotsLabs/watermill/message.(*messageTransformSubscriberDecorator).Subscribe.func1()
	/Users/jace/go/pkg/mod/github.com/!three!dots!labs/watermill@v1.4.6/message/decorator.go:52 +0x85
created by github.com/ThreeDotsLabs/watermill/message.(*messageTransformSubscriberDecorator).Subscribe in goroutine 46222
	/Users/jace/go/pkg/mod/github.com/!three!dots!labs/watermill@v1.4.6/message/decorator.go:51 +0xc7

goroutine 32837 [select, 2 minutes]:
github.com/nats-io/nats.go/jetstream.(*pullSubscription).pullMessages(0xc00091e240, {0xc00004c1e0, 0x55})
	/Users/jace/go/pkg/mod/github.com/nats-io/nats.go@v1.41.1/jetstream/pull.go:955 +0x91
created by github.com/nats-io/nats.go/jetstream.(*pullConsumer).Messages in goroutine 33200
	/Users/jace/go/pkg/mod/github.com/nats-io/nats.go@v1.41.1/jetstream/pull.go:534 +0x748

goroutine 32838 [select, 2 minutes]:
github.com/nats-io/nats.go/jetstream.(*pullConsumer).Messages.func2()
	/Users/jace/go/pkg/mod/github.com/nats-io/nats.go@v1.41.1/jetstream/pull.go:538 +0x68
created by github.com/nats-io/nats.go/jetstream.(*pullConsumer).Messages in goroutine 33200
	/Users/jace/go/pkg/mod/github.com/nats-io/nats.go@v1.41.1/jetstream/pull.go:536 +0x78a

goroutine 32486 [select, 2 minutes]:
github.com/nats-io/nats.go/jetstream.(*pullSubscription).pullMessages(0xc0009d90e0, {0xc0017e88a0, 0x58})
	/Users/jace/go/pkg/mod/github.com/nats-io/nats.go@v1.41.1/jetstream/pull.go:955 +0x91
created by github.com/nats-io/nats.go/jetstream.(*pullConsumer).Messages in goroutine 32441
	/Users/jace/go/pkg/mod/github.com/nats-io/nats.go@v1.41.1/jetstream/pull.go:534 +0x748

goroutine 32487 [select, 2 minutes]:
github.com/nats-io/nats.go/jetstream.(*pullConsumer).Messages.func2()
	/Users/jace/go/pkg/mod/github.com/nats-io/nats.go@v1.41.1/jetstream/pull.go:538 +0x68
created by github.com/nats-io/nats.go/jetstream.(*pullConsumer).Messages in goroutine 32441
	/Users/jace/go/pkg/mod/github.com/nats-io/nats.go@v1.41.1/jetstream/pull.go:536 +0x78a

goroutine 32488 [select, 2 minutes]:
github.com/nats-io/nats.go/jetstream.(*pullSubscription).Next(0xc0009d90e0)
	/Users/jace/go/pkg/mod/github.com/nats-io/nats.go@v1.41.1/jetstream/pull.go:589 +0x285
github.com/Black-And-White-Club/frolf-bot-shared/eventbus.(*eventBus).ProcessDelayedMessages.func1.2(0xc0018aacb0, {0x10a335050?, 0xc0009d90e0?}, 0xc00074ec80, {0x10a337f68, 0xc0003f42d0}, {0x0?, 0x617373654d2d676e?, 0x0?}, {0xb4, ...})
	/Users/jace/Documents/GitHub/frolf-bot-shared/eventbus/delayed_messages.go:348 +0xab
github.com/Black-And-White-Club/frolf-bot-shared/eventbus.(*eventBus).ProcessDelayedMessages.func1()
	/Users/jace/Documents/GitHub/frolf-bot-shared/eventbus/delayed_messages.go:377 +0x233
created by github.com/Black-And-White-Club/frolf-bot-shared/eventbus.(*eventBus).ProcessDelayedMessages in goroutine 32441
	/Users/jace/Documents/GitHub/frolf-bot-shared/eventbus/delayed_messages.go:311 +0xb99

goroutine 32537 [select, 2 minutes]:
github.com/nats-io/nats.go/jetstream.(*pullConsumer).Messages.func2()
	/Users/jace/go/pkg/mod/github.com/nats-io/nats.go@v1.41.1/jetstream/pull.go:538 +0x68
created by github.com/nats-io/nats.go/jetstream.(*pullConsumer).Messages in goroutine 32049
	/Users/jace/go/pkg/mod/github.com/nats-io/nats.go@v1.41.1/jetstream/pull.go:536 +0x78a

goroutine 32538 [select, 2 minutes]:
github.com/nats-io/nats.go/jetstream.(*pullSubscription).Next(0xc000479320)
	/Users/jace/go/pkg/mod/github.com/nats-io/nats.go@v1.41.1/jetstream/pull.go:589 +0x285
github.com/Black-And-White-Club/frolf-bot-shared/eventbus.(*eventBus).Subscribe.func1()
	/Users/jace/Documents/GitHub/frolf-bot-shared/eventbus/eventbus.go:326 +0x169
created by github.com/Black-And-White-Club/frolf-bot-shared/eventbus.(*eventBus).Subscribe in goroutine 32049
	/Users/jace/Documents/GitHub/frolf-bot-shared/eventbus/eventbus.go:315 +0xbf1

goroutine 32539 [chan receive, 2 minutes]:
github.com/ThreeDotsLabs/watermill/message.(*messageTransformSubscriberDecorator).Subscribe.func1()
	/Users/jace/go/pkg/mod/github.com/!three!dots!labs/watermill@v1.4.6/message/decorator.go:52 +0x85
created by github.com/ThreeDotsLabs/watermill/message.(*messageTransformSubscriberDecorator).Subscribe in goroutine 32049
	/Users/jace/go/pkg/mod/github.com/!three!dots!labs/watermill@v1.4.6/message/decorator.go:51 +0xc7

goroutine 32540 [chan receive, 2 minutes]:
github.com/ThreeDotsLabs/watermill/message.(*handler).run(0xc0009cb040, {0x10a337fa0, 0xc0000eb5e0}, {0xc001658540, 0x6, 0x1092abf44?})
	/Users/jace/go/pkg/mod/github.com/!three!dots!labs/watermill@v1.4.6/message/router.go:645 +0x2b4
github.com/ThreeDotsLabs/watermill/message.(*Router).RunHandlers.func1()
	/Users/jace/go/pkg/mod/github.com/!three!dots!labs/watermill@v1.4.6/message/router.go:460 +0x145
created by github.com/ThreeDotsLabs/watermill/message.(*Router).RunHandlers in goroutine 32049
	/Users/jace/go/pkg/mod/github.com/!three!dots!labs/watermill@v1.4.6/message/router.go:453 +0x606

goroutine 34383 [select, 2 minutes]:
github.com/nats-io/nats.go/jetstream.(*pullSubscription).Next(0xc000478ea0)
	/Users/jace/go/pkg/mod/github.com/nats-io/nats.go@v1.41.1/jetstream/pull.go:589 +0x285
github.com/Black-And-White-Club/frolf-bot-shared/eventbus.(*eventBus).Subscribe.func1()
	/Users/jace/Documents/GitHub/frolf-bot-shared/eventbus/eventbus.go:326 +0x169
created by github.com/Black-And-White-Club/frolf-bot-shared/eventbus.(*eventBus).Subscribe in goroutine 34180
	/Users/jace/Documents/GitHub/frolf-bot-shared/eventbus/eventbus.go:315 +0xbf1

goroutine 32489 [select, 2 minutes]:
github.com/nats-io/nats.go/jetstream.(*pullSubscription).pullMessages(0xc0009d93b0, {0xc0017e8960, 0x58})
	/Users/jace/go/pkg/mod/github.com/nats-io/nats.go@v1.41.1/jetstream/pull.go:955 +0x91
created by github.com/nats-io/nats.go/jetstream.(*pullConsumer).Messages in goroutine 32441
	/Users/jace/go/pkg/mod/github.com/nats-io/nats.go@v1.41.1/jetstream/pull.go:534 +0x748

goroutine 32490 [select, 2 minutes]:
github.com/nats-io/nats.go/jetstream.(*pullConsumer).Messages.func2()
	/Users/jace/go/pkg/mod/github.com/nats-io/nats.go@v1.41.1/jetstream/pull.go:538 +0x68
created by github.com/nats-io/nats.go/jetstream.(*pullConsumer).Messages in goroutine 32441
	/Users/jace/go/pkg/mod/github.com/nats-io/nats.go@v1.41.1/jetstream/pull.go:536 +0x78a

goroutine 32491 [select, 2 minutes]:
github.com/nats-io/nats.go/jetstream.(*pullSubscription).Next(0xc0009d93b0)
	/Users/jace/go/pkg/mod/github.com/nats-io/nats.go@v1.41.1/jetstream/pull.go:589 +0x285
github.com/Black-And-White-Club/frolf-bot-shared/eventbus.(*eventBus).ProcessDelayedMessages.func1.2(0xc001706680, {0x10a335050?, 0xc0009d93b0?}, 0xc00074ec80, {0x10a337f68, 0xc0003f42d0}, {0x0?, 0x10000?, 0x0?}, {0xb4, ...})
	/Users/jace/Documents/GitHub/frolf-bot-shared/eventbus/delayed_messages.go:348 +0xab
github.com/Black-And-White-Club/frolf-bot-shared/eventbus.(*eventBus).ProcessDelayedMessages.func1()
	/Users/jace/Documents/GitHub/frolf-bot-shared/eventbus/delayed_messages.go:377 +0x233
created by github.com/Black-And-White-Club/frolf-bot-shared/eventbus.(*eventBus).ProcessDelayedMessages in goroutine 32441
	/Users/jace/Documents/GitHub/frolf-bot-shared/eventbus/delayed_messages.go:311 +0xb99

goroutine 36867 [select, 2 minutes]:
github.com/nats-io/nats.go/jetstream.(*pullSubscription).pullMessages(0xc000b74d80, {0xc0007545a0, 0x45})
	/Users/jace/go/pkg/mod/github.com/nats-io/nats.go@v1.41.1/jetstream/pull.go:955 +0x91
created by github.com/nats-io/nats.go/jetstream.(*pullConsumer).Messages in goroutine 36760
	/Users/jace/go/pkg/mod/github.com/nats-io/nats.go@v1.41.1/jetstream/pull.go:534 +0x748

goroutine 32494 [sync.WaitGroup.Wait, 2 minutes]:
sync.runtime_SemacquireWaitGroup(0x5413cd05413cd0f?)
	/usr/local/Cellar/go/1.24.2/libexec/src/runtime/sema.go:110 +0x25
sync.(*WaitGroup).Wait(0x1504f343cd0f343c?)
	/usr/local/Cellar/go/1.24.2/libexec/src/sync/waitgroup.go:118 +0x48
github.com/ThreeDotsLabs/watermill/pubsub/sync.WaitGroupTimeout.func1()
	/Users/jace/go/pkg/mod/github.com/!three!dots!labs/watermill@v1.4.6/pubsub/sync/waitgroup.go:13 +0x25
created by github.com/ThreeDotsLabs/watermill/pubsub/sync.WaitGroupTimeout in goroutine 31445
	/Users/jace/go/pkg/mod/github.com/!three!dots!labs/watermill@v1.4.6/pubsub/sync/waitgroup.go:12 +0x85

goroutine 32849 [select, 2 minutes]:
github.com/nats-io/nats.go/jetstream.(*pullConsumer).Messages.func2()
	/Users/jace/go/pkg/mod/github.com/nats-io/nats.go@v1.41.1/jetstream/pull.go:538 +0x68
created by github.com/nats-io/nats.go/jetstream.(*pullConsumer).Messages in goroutine 33200
	/Users/jace/go/pkg/mod/github.com/nats-io/nats.go@v1.41.1/jetstream/pull.go:536 +0x78a

goroutine 33551 [select]:
github.com/nats-io/nats%2ego.(*Conn).doReconnect(0xc001498708, {0x10a327f28, 0x10acedb30}, 0x0)
	/Users/jace/go/pkg/mod/github.com/nats-io/nats.go@v1.41.1/nats.go:2907 +0x41a
created by github.com/nats-io/nats%2ego.(*Conn).processOpErr in goroutine 33155
	/Users/jace/go/pkg/mod/github.com/nats-io/nats.go@v1.41.1/nats.go:3043 +0x2f3

goroutine 33559 [select]:
github.com/nats-io/nats%2ego.(*Conn).doReconnect(0xc001498008, {0x10a327f28, 0x10acedb30}, 0x0)
	/Users/jace/go/pkg/mod/github.com/nats-io/nats.go@v1.41.1/nats.go:2907 +0x41a
created by github.com/nats-io/nats%2ego.(*Conn).processOpErr in goroutine 33103
	/Users/jace/go/pkg/mod/github.com/nats-io/nats.go@v1.41.1/nats.go:3043 +0x2f3

goroutine 37877 [select, 1 minutes]:
github.com/nats-io/nats.go/jetstream.(*pullSubscription).pullMessages(0xc00116f9e0, {0xc00179a320, 0x4b})
	/Users/jace/go/pkg/mod/github.com/nats-io/nats.go@v1.41.1/jetstream/pull.go:955 +0x91
created by github.com/nats-io/nats.go/jetstream.(*pullConsumer).Messages in goroutine 37797
	/Users/jace/go/pkg/mod/github.com/nats-io/nats.go@v1.41.1/jetstream/pull.go:534 +0x748

goroutine 34395 [select, 2 minutes]:
github.com/nats-io/nats.go/jetstream.(*pullConsumer).Messages.func2()
	/Users/jace/go/pkg/mod/github.com/nats-io/nats.go@v1.41.1/jetstream/pull.go:538 +0x68
created by github.com/nats-io/nats.go/jetstream.(*pullConsumer).Messages in goroutine 34180
	/Users/jace/go/pkg/mod/github.com/nats-io/nats.go@v1.41.1/jetstream/pull.go:536 +0x78a

goroutine 37034 [select, 1 minutes]:
github.com/nats-io/nats.go/jetstream.(*pullConsumer).Messages.func2()
	/Users/jace/go/pkg/mod/github.com/nats-io/nats.go@v1.41.1/jetstream/pull.go:538 +0x68
created by github.com/nats-io/nats.go/jetstream.(*pullConsumer).Messages in goroutine 37797
	/Users/jace/go/pkg/mod/github.com/nats-io/nats.go@v1.41.1/jetstream/pull.go:536 +0x78a

goroutine 34247 [select, 2 minutes]:
github.com/nats-io/nats.go/jetstream.(*pullSubscription).Next(0xc000c32990)
	/Users/jace/go/pkg/mod/github.com/nats-io/nats.go@v1.41.1/jetstream/pull.go:589 +0x285
github.com/Black-And-White-Club/frolf-bot-shared/eventbus.(*eventBus).Subscribe.func1()
	/Users/jace/Documents/GitHub/frolf-bot-shared/eventbus/eventbus.go:326 +0x169
created by github.com/Black-And-White-Club/frolf-bot-shared/eventbus.(*eventBus).Subscribe in goroutine 34180
	/Users/jace/Documents/GitHub/frolf-bot-shared/eventbus/eventbus.go:315 +0xbf1

goroutine 35738 [select, 2 minutes]:
github.com/nats-io/nats.go/jetstream.(*pullSubscription).Next(0xc001f9c120)
	/Users/jace/go/pkg/mod/github.com/nats-io/nats.go@v1.41.1/jetstream/pull.go:589 +0x285
github.com/Black-And-White-Club/frolf-bot-shared/eventbus.(*eventBus).Subscribe.func1()
	/Users/jace/Documents/GitHub/frolf-bot-shared/eventbus/eventbus.go:326 +0x169
created by github.com/Black-And-White-Club/frolf-bot-shared/eventbus.(*eventBus).Subscribe in goroutine 35445
	/Users/jace/Documents/GitHub/frolf-bot-shared/eventbus/eventbus.go:315 +0xbf1

goroutine 41469 [select, 1 minutes]:
github.com/nats-io/nats.go/jetstream.(*pullSubscription).Next(0xc0021f3200)
	/Users/jace/go/pkg/mod/github.com/nats-io/nats.go@v1.41.1/jetstream/pull.go:589 +0x285
github.com/Black-And-White-Club/frolf-bot-shared/eventbus.(*eventBus).Subscribe.func1()
	/Users/jace/Documents/GitHub/frolf-bot-shared/eventbus/eventbus.go:326 +0x169
created by github.com/Black-And-White-Club/frolf-bot-shared/eventbus.(*eventBus).Subscribe in goroutine 41277
	/Users/jace/Documents/GitHub/frolf-bot-shared/eventbus/eventbus.go:315 +0xbf1

goroutine 39456 [chan receive, 1 minutes]:
github.com/ThreeDotsLabs/watermill/message.(*handler).run(0xc0013b6750, {0x10a337fa0, 0xc002195c70}, {0xc00015afc0, 0x6, 0xc001b0f778?})
	/Users/jace/go/pkg/mod/github.com/!three!dots!labs/watermill@v1.4.6/message/router.go:645 +0x2b4
github.com/ThreeDotsLabs/watermill/message.(*Router).RunHandlers.func1()
	/Users/jace/go/pkg/mod/github.com/!three!dots!labs/watermill@v1.4.6/message/router.go:460 +0x145
created by github.com/ThreeDotsLabs/watermill/message.(*Router).RunHandlers in goroutine 40053
	/Users/jace/go/pkg/mod/github.com/!three!dots!labs/watermill@v1.4.6/message/router.go:453 +0x606

goroutine 40341 [select, 1 minutes]:
github.com/nats-io/nats.go/jetstream.(*pullSubscription).pullMessages(0xc000d5b680, {0xc000131bc0, 0x3f})
	/Users/jace/go/pkg/mod/github.com/nats-io/nats.go@v1.41.1/jetstream/pull.go:955 +0x91
created by github.com/nats-io/nats.go/jetstream.(*pullConsumer).Messages in goroutine 40053
	/Users/jace/go/pkg/mod/github.com/nats-io/nats.go@v1.41.1/jetstream/pull.go:534 +0x748

goroutine 41504 [chan receive, 1 minutes]:
github.com/ThreeDotsLabs/watermill/message.(*messageTransformSubscriberDecorator).Subscribe.func1()
	/Users/jace/go/pkg/mod/github.com/!three!dots!labs/watermill@v1.4.6/message/decorator.go:52 +0x85
created by github.com/ThreeDotsLabs/watermill/message.(*messageTransformSubscriberDecorator).Subscribe in goroutine 41277
	/Users/jace/go/pkg/mod/github.com/!three!dots!labs/watermill@v1.4.6/message/decorator.go:51 +0xc7

goroutine 46253 [select, 1 minutes]:
github.com/nats-io/nats.go/jetstream.(*pullSubscription).pullMessages(0xc0020e9050, {0xc00179bc20, 0x4d})
	/Users/jace/go/pkg/mod/github.com/nats-io/nats.go@v1.41.1/jetstream/pull.go:955 +0x91
created by github.com/nats-io/nats.go/jetstream.(*pullConsumer).Messages in goroutine 46222
	/Users/jace/go/pkg/mod/github.com/nats-io/nats.go@v1.41.1/jetstream/pull.go:534 +0x748

goroutine 36879 [select, 2 minutes]:
github.com/nats-io/nats.go/jetstream.(*pullSubscription).Next(0xc000709050)
	/Users/jace/go/pkg/mod/github.com/nats-io/nats.go@v1.41.1/jetstream/pull.go:589 +0x285
github.com/Black-And-White-Club/frolf-bot-shared/eventbus.(*eventBus).Subscribe.func1()
	/Users/jace/Documents/GitHub/frolf-bot-shared/eventbus/eventbus.go:326 +0x169
created by github.com/Black-And-White-Club/frolf-bot-shared/eventbus.(*eventBus).Subscribe in goroutine 36760
	/Users/jace/Documents/GitHub/frolf-bot-shared/eventbus/eventbus.go:315 +0xbf1

goroutine 39316 [chan receive, 1 minutes]:
github.com/ThreeDotsLabs/watermill/message.(*handler).run(0xc001a3a340, {0x10a337fa0, 0xc001e69040}, {0xc000fbf200, 0x6, 0xc001953f78?})
	/Users/jace/go/pkg/mod/github.com/!three!dots!labs/watermill@v1.4.6/message/router.go:645 +0x2b4
github.com/ThreeDotsLabs/watermill/message.(*Router).RunHandlers.func1()
	/Users/jace/go/pkg/mod/github.com/!three!dots!labs/watermill@v1.4.6/message/router.go:460 +0x145
created by github.com/ThreeDotsLabs/watermill/message.(*Router).RunHandlers in goroutine 38959
	/Users/jace/go/pkg/mod/github.com/!three!dots!labs/watermill@v1.4.6/message/router.go:453 +0x606

goroutine 34334 [chan receive, 2 minutes]:
github.com/ThreeDotsLabs/watermill/message.(*handler).run(0xc001a94dd0, {0x10a337fa0, 0xc0005afd10}, {0xc0007c6240, 0x6, 0x0?})
	/Users/jace/go/pkg/mod/github.com/!three!dots!labs/watermill@v1.4.6/message/router.go:645 +0x2b4
github.com/ThreeDotsLabs/watermill/message.(*Router).RunHandlers.func1()
	/Users/jace/go/pkg/mod/github.com/!three!dots!labs/watermill@v1.4.6/message/router.go:460 +0x145
created by github.com/ThreeDotsLabs/watermill/message.(*Router).RunHandlers in goroutine 34180
	/Users/jace/go/pkg/mod/github.com/!three!dots!labs/watermill@v1.4.6/message/router.go:453 +0x606

goroutine 35904 [select, 2 minutes]:
github.com/nats-io/nats.go/jetstream.(*pullSubscription).Next(0xc00055bb90)
	/Users/jace/go/pkg/mod/github.com/nats-io/nats.go@v1.41.1/jetstream/pull.go:589 +0x285
github.com/Black-And-White-Club/frolf-bot-shared/eventbus.(*eventBus).Subscribe.func1()
	/Users/jace/Documents/GitHub/frolf-bot-shared/eventbus/eventbus.go:326 +0x169
created by github.com/Black-And-White-Club/frolf-bot-shared/eventbus.(*eventBus).Subscribe in goroutine 36760
	/Users/jace/Documents/GitHub/frolf-bot-shared/eventbus/eventbus.go:315 +0xbf1

goroutine 37753 [sync.Cond.Wait, 1 minutes]:
sync.runtime_notifyListWait(0xc00033ac90, 0x0)
	/usr/local/Cellar/go/1.24.2/libexec/src/runtime/sema.go:597 +0x159
sync.(*Cond).Wait(0xc000d56f50?)
	/usr/local/Cellar/go/1.24.2/libexec/src/sync/cond.go:71 +0x85
github.com/nats-io/nats%2ego.(*asyncCallbacksHandler).asyncCBDispatcher(0xc002288560)
	/Users/jace/go/pkg/mod/github.com/nats-io/nats.go@v1.41.1/nats.go:3059 +0xdd
created by github.com/nats-io/nats%2ego.Options.Connect in goroutine 37088
	/Users/jace/go/pkg/mod/github.com/nats-io/nats.go@v1.41.1/nats.go:1635 +0x387

goroutine 39092 [chan receive, 1 minutes]:
github.com/ThreeDotsLabs/watermill/message.(*handler).run(0xc001411860, {0x10a337fa0, 0xc0015303c0}, {0xc001b71500, 0x6, 0x0?})
	/Users/jace/go/pkg/mod/github.com/!three!dots!labs/watermill@v1.4.6/message/router.go:645 +0x2b4
github.com/ThreeDotsLabs/watermill/message.(*Router).RunHandlers.func1()
	/Users/jace/go/pkg/mod/github.com/!three!dots!labs/watermill@v1.4.6/message/router.go:460 +0x145
created by github.com/ThreeDotsLabs/watermill/message.(*Router).RunHandlers in goroutine 38959
	/Users/jace/go/pkg/mod/github.com/!three!dots!labs/watermill@v1.4.6/message/router.go:453 +0x606

goroutine 36981 [select, 2 minutes]:
github.com/nats-io/nats.go/jetstream.(*pullSubscription).pullMessages(0xc00038cbd0, {0xc0005e9720, 0x45})
	/Users/jace/go/pkg/mod/github.com/nats-io/nats.go@v1.41.1/jetstream/pull.go:955 +0x91
created by github.com/nats-io/nats.go/jetstream.(*pullConsumer).Messages in goroutine 36760
	/Users/jace/go/pkg/mod/github.com/nats-io/nats.go@v1.41.1/jetstream/pull.go:534 +0x748

goroutine 36983 [select, 2 minutes]:
github.com/nats-io/nats.go/jetstream.(*pullSubscription).Next(0xc00038cbd0)
	/Users/jace/go/pkg/mod/github.com/nats-io/nats.go@v1.41.1/jetstream/pull.go:589 +0x285
github.com/Black-And-White-Club/frolf-bot-shared/eventbus.(*eventBus).Subscribe.func1()
	/Users/jace/Documents/GitHub/frolf-bot-shared/eventbus/eventbus.go:326 +0x169
created by github.com/Black-And-White-Club/frolf-bot-shared/eventbus.(*eventBus).Subscribe in goroutine 36760
	/Users/jace/Documents/GitHub/frolf-bot-shared/eventbus/eventbus.go:315 +0xbf1

goroutine 34248 [chan receive, 2 minutes]:
github.com/ThreeDotsLabs/watermill/message.(*messageTransformSubscriberDecorator).Subscribe.func1()
	/Users/jace/go/pkg/mod/github.com/!three!dots!labs/watermill@v1.4.6/message/decorator.go:52 +0x85
created by github.com/ThreeDotsLabs/watermill/message.(*messageTransformSubscriberDecorator).Subscribe in goroutine 34180
	/Users/jace/go/pkg/mod/github.com/!three!dots!labs/watermill@v1.4.6/message/decorator.go:51 +0xc7

goroutine 37884 [select, 1 minutes]:
github.com/nats-io/nats.go/jetstream.(*pullSubscription).Next(0xc00116fef0)
	/Users/jace/go/pkg/mod/github.com/nats-io/nats.go@v1.41.1/jetstream/pull.go:589 +0x285
github.com/Black-And-White-Club/frolf-bot-shared/eventbus.(*eventBus).Subscribe.func1()
	/Users/jace/Documents/GitHub/frolf-bot-shared/eventbus/eventbus.go:326 +0x169
created by github.com/Black-And-White-Club/frolf-bot-shared/eventbus.(*eventBus).Subscribe in goroutine 37797
	/Users/jace/Documents/GitHub/frolf-bot-shared/eventbus/eventbus.go:315 +0xbf1

goroutine 38077 [select, 1 minutes]:
github.com/nats-io/nats.go/jetstream.(*pullSubscription).Next(0xc001534750)
	/Users/jace/go/pkg/mod/github.com/nats-io/nats.go@v1.41.1/jetstream/pull.go:589 +0x285
github.com/Black-And-White-Club/frolf-bot-shared/eventbus.(*eventBus).Subscribe.func1()
	/Users/jace/Documents/GitHub/frolf-bot-shared/eventbus/eventbus.go:326 +0x169
created by github.com/Black-And-White-Club/frolf-bot-shared/eventbus.(*eventBus).Subscribe in goroutine 37797
	/Users/jace/Documents/GitHub/frolf-bot-shared/eventbus/eventbus.go:315 +0xbf1

goroutine 37072 [sync.WaitGroup.Wait, 2 minutes]:
sync.runtime_SemacquireWaitGroup(0x0?)
	/usr/local/Cellar/go/1.24.2/libexec/src/runtime/sema.go:110 +0x25
sync.(*WaitGroup).Wait(0x109160452?)
	/usr/local/Cellar/go/1.24.2/libexec/src/sync/waitgroup.go:118 +0x48
github.com/ThreeDotsLabs/watermill/pubsub/sync.WaitGroupTimeout.func1()
	/Users/jace/go/pkg/mod/github.com/!three!dots!labs/watermill@v1.4.6/pubsub/sync/waitgroup.go:13 +0x25
created by github.com/ThreeDotsLabs/watermill/pubsub/sync.WaitGroupTimeout in goroutine 35855
	/Users/jace/go/pkg/mod/github.com/!three!dots!labs/watermill@v1.4.6/pubsub/sync/waitgroup.go:12 +0x85

goroutine 39998 [select, 1 minutes]:
github.com/nats-io/nats.go/jetstream.(*pullSubscription).pullMessages(0xc0016095f0, {0xc000255090, 0x4f})
	/Users/jace/go/pkg/mod/github.com/nats-io/nats.go@v1.41.1/jetstream/pull.go:955 +0x91
created by github.com/nats-io/nats.go/jetstream.(*pullConsumer).Messages in goroutine 40053
	/Users/jace/go/pkg/mod/github.com/nats-io/nats.go@v1.41.1/jetstream/pull.go:534 +0x748

goroutine 37043 [select, 2 minutes]:
github.com/nats-io/nats.go/jetstream.(*pullConsumer).Messages.func2()
	/Users/jace/go/pkg/mod/github.com/nats-io/nats.go@v1.41.1/jetstream/pull.go:538 +0x68
created by github.com/nats-io/nats.go/jetstream.(*pullConsumer).Messages in goroutine 36760
	/Users/jace/go/pkg/mod/github.com/nats-io/nats.go@v1.41.1/jetstream/pull.go:536 +0x78a

goroutine 35684 [chan receive, 2 minutes]:
github.com/ThreeDotsLabs/watermill/message.(*handler).run(0xc0006f61a0, {0x10a337fa0, 0xc001c7d040}, {0xc0019cb080, 0x6, 0x2f62696c2f726176?})
	/Users/jace/go/pkg/mod/github.com/!three!dots!labs/watermill@v1.4.6/message/router.go:645 +0x2b4
github.com/ThreeDotsLabs/watermill/message.(*Router).RunHandlers.func1()
	/Users/jace/go/pkg/mod/github.com/!three!dots!labs/watermill@v1.4.6/message/router.go:460 +0x145
created by github.com/ThreeDotsLabs/watermill/message.(*Router).RunHandlers in goroutine 35445
	/Users/jace/go/pkg/mod/github.com/!three!dots!labs/watermill@v1.4.6/message/router.go:453 +0x606

goroutine 35634 [select, 2 minutes]:
github.com/nats-io/nats.go/jetstream.(*pullSubscription).Next(0xc001c90d80)
	/Users/jace/go/pkg/mod/github.com/nats-io/nats.go@v1.41.1/jetstream/pull.go:589 +0x285
github.com/Black-And-White-Club/frolf-bot-shared/eventbus.(*eventBus).Subscribe.func1()
	/Users/jace/Documents/GitHub/frolf-bot-shared/eventbus/eventbus.go:326 +0x169
created by github.com/Black-And-White-Club/frolf-bot-shared/eventbus.(*eventBus).Subscribe in goroutine 35445
	/Users/jace/Documents/GitHub/frolf-bot-shared/eventbus/eventbus.go:315 +0xbf1

goroutine 38009 [select, 1 minutes]:
github.com/nats-io/nats.go/jetstream.(*pullConsumer).Messages.func2()
	/Users/jace/go/pkg/mod/github.com/nats-io/nats.go@v1.41.1/jetstream/pull.go:538 +0x68
created by github.com/nats-io/nats.go/jetstream.(*pullConsumer).Messages in goroutine 37797
	/Users/jace/go/pkg/mod/github.com/nats-io/nats.go@v1.41.1/jetstream/pull.go:536 +0x78a

goroutine 37879 [select, 1 minutes]:
github.com/nats-io/nats.go/jetstream.(*pullSubscription).Next(0xc00116f9e0)
	/Users/jace/go/pkg/mod/github.com/nats-io/nats.go@v1.41.1/jetstream/pull.go:589 +0x285
github.com/Black-And-White-Club/frolf-bot-shared/eventbus.(*eventBus).Subscribe.func1()
	/Users/jace/Documents/GitHub/frolf-bot-shared/eventbus/eventbus.go:326 +0x169
created by github.com/Black-And-White-Club/frolf-bot-shared/eventbus.(*eventBus).Subscribe in goroutine 37797
	/Users/jace/Documents/GitHub/frolf-bot-shared/eventbus/eventbus.go:315 +0xbf1

goroutine 34311 [select, 2 minutes]:
github.com/nats-io/nats.go/jetstream.(*pullConsumer).Messages.func2()
	/Users/jace/go/pkg/mod/github.com/nats-io/nats.go@v1.41.1/jetstream/pull.go:538 +0x68
created by github.com/nats-io/nats.go/jetstream.(*pullConsumer).Messages in goroutine 34180
	/Users/jace/go/pkg/mod/github.com/nats-io/nats.go@v1.41.1/jetstream/pull.go:536 +0x78a

goroutine 37036 [chan receive, 1 minutes]:
github.com/ThreeDotsLabs/watermill/message.(*messageTransformSubscriberDecorator).Subscribe.func1()
	/Users/jace/go/pkg/mod/github.com/!three!dots!labs/watermill@v1.4.6/message/decorator.go:52 +0x85
created by github.com/ThreeDotsLabs/watermill/message.(*messageTransformSubscriberDecorator).Subscribe in goroutine 37797
	/Users/jace/go/pkg/mod/github.com/!three!dots!labs/watermill@v1.4.6/message/decorator.go:51 +0xc7

goroutine 37886 [chan receive, 1 minutes]:
github.com/ThreeDotsLabs/watermill/message.(*handler).run(0xc001bfb110, {0x10a337fa0, 0xc001ab4eb0}, {0xc000e3c240, 0x6, 0x4?})
	/Users/jace/go/pkg/mod/github.com/!three!dots!labs/watermill@v1.4.6/message/router.go:645 +0x2b4
github.com/ThreeDotsLabs/watermill/message.(*Router).RunHandlers.func1()
	/Users/jace/go/pkg/mod/github.com/!three!dots!labs/watermill@v1.4.6/message/router.go:460 +0x145
created by github.com/ThreeDotsLabs/watermill/message.(*Router).RunHandlers in goroutine 37797
	/Users/jace/go/pkg/mod/github.com/!three!dots!labs/watermill@v1.4.6/message/router.go:453 +0x606

goroutine 37934 [select, 1 minutes]:
github.com/nats-io/nats.go/jetstream.(*pullSubscription).pullMessages(0xc001c0cbd0, {0xc0018a6370, 0x47})
	/Users/jace/go/pkg/mod/github.com/nats-io/nats.go@v1.41.1/jetstream/pull.go:955 +0x91
created by github.com/nats-io/nats.go/jetstream.(*pullConsumer).Messages in goroutine 37797
	/Users/jace/go/pkg/mod/github.com/nats-io/nats.go@v1.41.1/jetstream/pull.go:534 +0x748

goroutine 35817 [select]:
github.com/nats-io/nats%2ego.(*Conn).doReconnect(0xc00149aa08, {0x10a327f28, 0x10acedb30}, 0x0)
	/Users/jace/go/pkg/mod/github.com/nats-io/nats.go@v1.41.1/nats.go:2907 +0x41a
created by github.com/nats-io/nats%2ego.(*Conn).processOpErr in goroutine 35368
	/Users/jace/go/pkg/mod/github.com/nats-io/nats.go@v1.41.1/nats.go:3043 +0x2f3

goroutine 38995 [chan receive, 1 minutes]:
github.com/ThreeDotsLabs/watermill/message.(*handler).run(0xc001a3a270, {0x10a337fa0, 0xc000c83e00}, {0xc001a53080, 0x6, 0x1000000010000?})
	/Users/jace/go/pkg/mod/github.com/!three!dots!labs/watermill@v1.4.6/message/router.go:645 +0x2b4
github.com/ThreeDotsLabs/watermill/message.(*Router).RunHandlers.func1()
	/Users/jace/go/pkg/mod/github.com/!three!dots!labs/watermill@v1.4.6/message/router.go:460 +0x145
created by github.com/ThreeDotsLabs/watermill/message.(*Router).RunHandlers in goroutine 38959
	/Users/jace/go/pkg/mod/github.com/!three!dots!labs/watermill@v1.4.6/message/router.go:453 +0x606

goroutine 36825 [chan receive, 2 minutes]:
github.com/ThreeDotsLabs/watermill/message.(*handler).run(0xc0019821a0, {0x10a337fa0, 0xc001734500}, {0xc001563bc0, 0x6, 0x4?})
	/Users/jace/go/pkg/mod/github.com/!three!dots!labs/watermill@v1.4.6/message/router.go:645 +0x2b4
github.com/ThreeDotsLabs/watermill/message.(*Router).RunHandlers.func1()
	/Users/jace/go/pkg/mod/github.com/!three!dots!labs/watermill@v1.4.6/message/router.go:460 +0x145
created by github.com/ThreeDotsLabs/watermill/message.(*Router).RunHandlers in goroutine 36760
	/Users/jace/go/pkg/mod/github.com/!three!dots!labs/watermill@v1.4.6/message/router.go:453 +0x606

goroutine 37044 [select, 2 minutes]:
github.com/nats-io/nats.go/jetstream.(*pullSubscription).Next(0xc001ab3050)
	/Users/jace/go/pkg/mod/github.com/nats-io/nats.go@v1.41.1/jetstream/pull.go:589 +0x285
github.com/Black-And-White-Club/frolf-bot-shared/eventbus.(*eventBus).Subscribe.func1()
	/Users/jace/Documents/GitHub/frolf-bot-shared/eventbus/eventbus.go:326 +0x169
created by github.com/Black-And-White-Club/frolf-bot-shared/eventbus.(*eventBus).Subscribe in goroutine 36760
	/Users/jace/Documents/GitHub/frolf-bot-shared/eventbus/eventbus.go:315 +0xbf1

goroutine 37958 [select, 1 minutes]:
github.com/nats-io/nats.go/jetstream.(*pullSubscription).Next(0xc000a83c20)
	/Users/jace/go/pkg/mod/github.com/nats-io/nats.go@v1.41.1/jetstream/pull.go:589 +0x285
github.com/Black-And-White-Club/frolf-bot-shared/eventbus.(*eventBus).Subscribe.func1()
	/Users/jace/Documents/GitHub/frolf-bot-shared/eventbus/eventbus.go:326 +0x169
created by github.com/Black-And-White-Club/frolf-bot-shared/eventbus.(*eventBus).Subscribe in goroutine 37797
	/Users/jace/Documents/GitHub/frolf-bot-shared/eventbus/eventbus.go:315 +0xbf1

goroutine 33404 [sync.WaitGroup.Wait, 2 minutes]:
sync.runtime_SemacquireWaitGroup(0xc000390a10?)
	/usr/local/Cellar/go/1.24.2/libexec/src/runtime/sema.go:110 +0x25
sync.(*WaitGroup).Wait(0xc001761f40?)
	/usr/local/Cellar/go/1.24.2/libexec/src/sync/waitgroup.go:118 +0x48
github.com/ThreeDotsLabs/watermill/message.(*Router).waitForHandlers.func1()
	/Users/jace/go/pkg/mod/github.com/!three!dots!labs/watermill@v1.4.6/message/router.go:579 +0x4b
created by github.com/ThreeDotsLabs/watermill/message.(*Router).waitForHandlers in goroutine 32603
	/Users/jace/go/pkg/mod/github.com/!three!dots!labs/watermill@v1.4.6/message/router.go:577 +0x87

goroutine 33201 [sync.Cond.Wait, 2 minutes]:
sync.runtime_notifyListWait(0xc0001f1e50, 0x3)
	/usr/local/Cellar/go/1.24.2/libexec/src/runtime/sema.go:597 +0x159
sync.(*Cond).Wait(0x0?)
	/usr/local/Cellar/go/1.24.2/libexec/src/sync/cond.go:71 +0x85
github.com/nats-io/nats%2ego.(*Conn).waitForMsgs(0xc001498008, 0xc001b202d0)
	/Users/jace/go/pkg/mod/github.com/nats-io/nats.go@v1.41.1/nats.go:3178 +0xc5
created by github.com/nats-io/nats%2ego.(*Conn).subscribeLocked in goroutine 32603
	/Users/jace/go/pkg/mod/github.com/nats-io/nats.go@v1.41.1/nats.go:4468 +0x419

goroutine 33202 [sync.WaitGroup.Wait, 2 minutes]:
sync.runtime_SemacquireWaitGroup(0x1095ae7c0?)
	/usr/local/Cellar/go/1.24.2/libexec/src/runtime/sema.go:110 +0x25
sync.(*WaitGroup).Wait(0xc0007b5b90?)
	/usr/local/Cellar/go/1.24.2/libexec/src/sync/waitgroup.go:118 +0x48
github.com/ThreeDotsLabs/watermill/message.(*Router).watchAllHandlersStopped.func1()
	/Users/jace/go/pkg/mod/github.com/!three!dots!labs/watermill@v1.4.6/message/router.go:498 +0x86
created by github.com/ThreeDotsLabs/watermill/message.(*Router).watchAllHandlersStopped in goroutine 33200
	/Users/jace/go/pkg/mod/github.com/!three!dots!labs/watermill@v1.4.6/message/router.go:484 +0xec

goroutine 33439 [select, 2 minutes]:
github.com/nats-io/nats.go/jetstream.(*pullSubscription).Next(0xc001921c20)
	/Users/jace/go/pkg/mod/github.com/nats-io/nats.go@v1.41.1/jetstream/pull.go:589 +0x285
github.com/Black-And-White-Club/frolf-bot-shared/eventbus.(*eventBus).Subscribe.func1()
	/Users/jace/Documents/GitHub/frolf-bot-shared/eventbus/eventbus.go:326 +0x169
created by github.com/Black-And-White-Club/frolf-bot-shared/eventbus.(*eventBus).Subscribe in goroutine 33200
	/Users/jace/Documents/GitHub/frolf-bot-shared/eventbus/eventbus.go:315 +0xbf1

goroutine 32848 [select, 2 minutes]:
github.com/nats-io/nats.go/jetstream.(*pullSubscription).pullMessages(0xc00091f290, {0xc000754460, 0x4f})
	/Users/jace/go/pkg/mod/github.com/nats-io/nats.go@v1.41.1/jetstream/pull.go:955 +0x91
created by github.com/nats-io/nats.go/jetstream.(*pullConsumer).Messages in goroutine 33200
	/Users/jace/go/pkg/mod/github.com/nats-io/nats.go@v1.41.1/jetstream/pull.go:534 +0x748

goroutine 35462 [chan receive, 2 minutes]:
github.com/ThreeDotsLabs/watermill/message.(*messageTransformSubscriberDecorator).Subscribe.func1()
	/Users/jace/go/pkg/mod/github.com/!three!dots!labs/watermill@v1.4.6/message/decorator.go:52 +0x85
created by github.com/ThreeDotsLabs/watermill/message.(*messageTransformSubscriberDecorator).Subscribe in goroutine 35445
	/Users/jace/go/pkg/mod/github.com/!three!dots!labs/watermill@v1.4.6/message/decorator.go:51 +0xc7

goroutine 39452 [select, 1 minutes]:
github.com/nats-io/nats.go/jetstream.(*pullSubscription).pullMessages(0xc001f5d200, {0xc002110660, 0x5a})
	/Users/jace/go/pkg/mod/github.com/nats-io/nats.go@v1.41.1/jetstream/pull.go:955 +0x91
created by github.com/nats-io/nats.go/jetstream.(*pullConsumer).Messages in goroutine 40053
	/Users/jace/go/pkg/mod/github.com/nats-io/nats.go@v1.41.1/jetstream/pull.go:534 +0x748

goroutine 33150 [chan receive, 2 minutes]:
github.com/ThreeDotsLabs/watermill/message.(*messageTransformSubscriberDecorator).Subscribe.func1()
	/Users/jace/go/pkg/mod/github.com/!three!dots!labs/watermill@v1.4.6/message/decorator.go:52 +0x85
created by github.com/ThreeDotsLabs/watermill/message.(*messageTransformSubscriberDecorator).Subscribe in goroutine 33200
	/Users/jace/go/pkg/mod/github.com/!three!dots!labs/watermill@v1.4.6/message/decorator.go:51 +0xc7

goroutine 33147 [select, 2 minutes]:
github.com/nats-io/nats.go/jetstream.(*pullSubscription).pullMessages(0xc00172d9e0, {0xc0008b3450, 0x42})
	/Users/jace/go/pkg/mod/github.com/nats-io/nats.go@v1.41.1/jetstream/pull.go:955 +0x91
created by github.com/nats-io/nats.go/jetstream.(*pullConsumer).Messages in goroutine 33200
	/Users/jace/go/pkg/mod/github.com/nats-io/nats.go@v1.41.1/jetstream/pull.go:534 +0x748

goroutine 33149 [select, 2 minutes]:
github.com/nats-io/nats.go/jetstream.(*pullSubscription).Next(0xc00172d9e0)
	/Users/jace/go/pkg/mod/github.com/nats-io/nats.go@v1.41.1/jetstream/pull.go:589 +0x285
github.com/Black-And-White-Club/frolf-bot-shared/eventbus.(*eventBus).Subscribe.func1()
	/Users/jace/Documents/GitHub/frolf-bot-shared/eventbus/eventbus.go:326 +0x169
created by github.com/Black-And-White-Club/frolf-bot-shared/eventbus.(*eventBus).Subscribe in goroutine 33200
	/Users/jace/Documents/GitHub/frolf-bot-shared/eventbus/eventbus.go:315 +0xbf1

goroutine 33148 [select, 2 minutes]:
github.com/nats-io/nats.go/jetstream.(*pullConsumer).Messages.func2()
	/Users/jace/go/pkg/mod/github.com/nats-io/nats.go@v1.41.1/jetstream/pull.go:538 +0x68
created by github.com/nats-io/nats.go/jetstream.(*pullConsumer).Messages in goroutine 33200
	/Users/jace/go/pkg/mod/github.com/nats-io/nats.go@v1.41.1/jetstream/pull.go:536 +0x78a

goroutine 33151 [chan receive, 2 minutes]:
github.com/ThreeDotsLabs/watermill/message.(*handler).run(0xc000eaaea0, {0x10a337fa0, 0xc0000eb9a0}, {0xc001120000, 0x6, 0x0?})
	/Users/jace/go/pkg/mod/github.com/!three!dots!labs/watermill@v1.4.6/message/router.go:645 +0x2b4
github.com/ThreeDotsLabs/watermill/message.(*Router).RunHandlers.func1()
	/Users/jace/go/pkg/mod/github.com/!three!dots!labs/watermill@v1.4.6/message/router.go:460 +0x145
created by github.com/ThreeDotsLabs/watermill/message.(*Router).RunHandlers in goroutine 33200
	/Users/jace/go/pkg/mod/github.com/!three!dots!labs/watermill@v1.4.6/message/router.go:453 +0x606

goroutine 38986 [select, 1 minutes]:
github.com/nats-io/nats.go/jetstream.(*pullConsumer).Messages.func2()
	/Users/jace/go/pkg/mod/github.com/nats-io/nats.go@v1.41.1/jetstream/pull.go:538 +0x68
created by github.com/nats-io/nats.go/jetstream.(*pullConsumer).Messages in goroutine 38959
	/Users/jace/go/pkg/mod/github.com/nats-io/nats.go@v1.41.1/jetstream/pull.go:536 +0x78a

goroutine 39072 [chan receive, 1 minutes]:
github.com/ThreeDotsLabs/watermill/message.(*messageTransformSubscriberDecorator).Subscribe.func1()
	/Users/jace/go/pkg/mod/github.com/!three!dots!labs/watermill@v1.4.6/message/decorator.go:52 +0x85
created by github.com/ThreeDotsLabs/watermill/message.(*messageTransformSubscriberDecorator).Subscribe in goroutine 38959
	/Users/jace/go/pkg/mod/github.com/!three!dots!labs/watermill@v1.4.6/message/decorator.go:51 +0xc7

goroutine 37937 [chan receive, 1 minutes]:
github.com/ThreeDotsLabs/watermill/message.(*messageTransformSubscriberDecorator).Subscribe.func1()
	/Users/jace/go/pkg/mod/github.com/!three!dots!labs/watermill@v1.4.6/message/decorator.go:52 +0x85
created by github.com/ThreeDotsLabs/watermill/message.(*messageTransformSubscriberDecorator).Subscribe in goroutine 37797
	/Users/jace/go/pkg/mod/github.com/!three!dots!labs/watermill@v1.4.6/message/decorator.go:51 +0xc7

goroutine 37741 [chan receive, 1 minutes]:
github.com/ThreeDotsLabs/watermill/message.(*handler).run(0xc000d5c680, {0x10a337fa0, 0xc000914140}, {0xc000ad2000, 0x6, 0x100010000?})
	/Users/jace/go/pkg/mod/github.com/!three!dots!labs/watermill@v1.4.6/message/router.go:645 +0x2b4
github.com/ThreeDotsLabs/watermill/message.(*Router).RunHandlers.func1()
	/Users/jace/go/pkg/mod/github.com/!three!dots!labs/watermill@v1.4.6/message/router.go:460 +0x145
created by github.com/ThreeDotsLabs/watermill/message.(*Router).RunHandlers in goroutine 37797
	/Users/jace/go/pkg/mod/github.com/!three!dots!labs/watermill@v1.4.6/message/router.go:453 +0x606

goroutine 33259 [select, 2 minutes]:
github.com/nats-io/nats.go/jetstream.(*pullSubscription).pullMessages(0xc0012786c0, {0xc0008b3680, 0x48})
	/Users/jace/go/pkg/mod/github.com/nats-io/nats.go@v1.41.1/jetstream/pull.go:955 +0x91
created by github.com/nats-io/nats.go/jetstream.(*pullConsumer).Messages in goroutine 33200
	/Users/jace/go/pkg/mod/github.com/nats-io/nats.go@v1.41.1/jetstream/pull.go:534 +0x748

goroutine 36800 [select, 2 minutes]:
github.com/nats-io/nats.go/jetstream.(*pullSubscription).Next(0xc000b74240)
	/Users/jace/go/pkg/mod/github.com/nats-io/nats.go@v1.41.1/jetstream/pull.go:589 +0x285
github.com/Black-And-White-Club/frolf-bot-shared/eventbus.(*eventBus).Subscribe.func1()
	/Users/jace/Documents/GitHub/frolf-bot-shared/eventbus/eventbus.go:326 +0x169
created by github.com/Black-And-White-Club/frolf-bot-shared/eventbus.(*eventBus).Subscribe in goroutine 36760
	/Users/jace/Documents/GitHub/frolf-bot-shared/eventbus/eventbus.go:315 +0xbf1

goroutine 33327 [chan receive, 2 minutes]:
github.com/ThreeDotsLabs/watermill/message.(*handler).run(0xc000eaa5b0, {0x10a337fa0, 0xc00098b450}, {0xc001120300, 0x6, 0x1000000010000?})
	/Users/jace/go/pkg/mod/github.com/!three!dots!labs/watermill@v1.4.6/message/router.go:645 +0x2b4
github.com/ThreeDotsLabs/watermill/message.(*Router).RunHandlers.func1()
	/Users/jace/go/pkg/mod/github.com/!three!dots!labs/watermill@v1.4.6/message/router.go:460 +0x145
created by github.com/ThreeDotsLabs/watermill/message.(*Router).RunHandlers in goroutine 33200
	/Users/jace/go/pkg/mod/github.com/!three!dots!labs/watermill@v1.4.6/message/router.go:453 +0x606

goroutine 33334 [select, 2 minutes]:
github.com/nats-io/nats.go/jetstream.(*pullSubscription).Next(0xc00060e5a0)
	/Users/jace/go/pkg/mod/github.com/nats-io/nats.go@v1.41.1/jetstream/pull.go:589 +0x285
github.com/Black-And-White-Club/frolf-bot-shared/eventbus.(*eventBus).Subscribe.func1()
	/Users/jace/Documents/GitHub/frolf-bot-shared/eventbus/eventbus.go:326 +0x169
created by github.com/Black-And-White-Club/frolf-bot-shared/eventbus.(*eventBus).Subscribe in goroutine 33200
	/Users/jace/Documents/GitHub/frolf-bot-shared/eventbus/eventbus.go:315 +0xbf1

goroutine 40014 [chan receive, 1 minutes]:
github.com/ThreeDotsLabs/watermill/message.(*handler).run(0xc0013b68f0, {0x10a337fa0, 0xc0021306e0}, {0xc00015b080, 0x6, 0x100010000?})
	/Users/jace/go/pkg/mod/github.com/!three!dots!labs/watermill@v1.4.6/message/router.go:645 +0x2b4
github.com/ThreeDotsLabs/watermill/message.(*Router).RunHandlers.func1()
	/Users/jace/go/pkg/mod/github.com/!three!dots!labs/watermill@v1.4.6/message/router.go:460 +0x145
created by github.com/ThreeDotsLabs/watermill/message.(*Router).RunHandlers in goroutine 40053
	/Users/jace/go/pkg/mod/github.com/!three!dots!labs/watermill@v1.4.6/message/router.go:453 +0x606

goroutine 33315 [select, 2 minutes]:
github.com/nats-io/nats.go/jetstream.(*pullSubscription).pullMessages(0xc0007f2e10, {0xc0018a6050, 0x4f})
	/Users/jace/go/pkg/mod/github.com/nats-io/nats.go@v1.41.1/jetstream/pull.go:955 +0x91
created by github.com/nats-io/nats.go/jetstream.(*pullConsumer).Messages in goroutine 33200
	/Users/jace/go/pkg/mod/github.com/nats-io/nats.go@v1.41.1/jetstream/pull.go:534 +0x748

goroutine 40126 [select, 1 minutes]:
github.com/nats-io/nats.go/jetstream.(*pullConsumer).Messages.func2()
	/Users/jace/go/pkg/mod/github.com/nats-io/nats.go@v1.41.1/jetstream/pull.go:538 +0x68
created by github.com/nats-io/nats.go/jetstream.(*pullConsumer).Messages in goroutine 40053
	/Users/jace/go/pkg/mod/github.com/nats-io/nats.go@v1.41.1/jetstream/pull.go:536 +0x78a

goroutine 33281 [select, 2 minutes]:
github.com/nats-io/nats.go/jetstream.(*pullConsumer).Messages.func2()
	/Users/jace/go/pkg/mod/github.com/nats-io/nats.go@v1.41.1/jetstream/pull.go:538 +0x68
created by github.com/nats-io/nats.go/jetstream.(*pullConsumer).Messages in goroutine 33200
	/Users/jace/go/pkg/mod/github.com/nats-io/nats.go@v1.41.1/jetstream/pull.go:536 +0x78a

goroutine 33332 [select, 2 minutes]:
github.com/nats-io/nats.go/jetstream.(*pullSubscription).pullMessages(0xc00060e5a0, {0xc000f52e40, 0x5a})
	/Users/jace/go/pkg/mod/github.com/nats-io/nats.go@v1.41.1/jetstream/pull.go:955 +0x91
created by github.com/nats-io/nats.go/jetstream.(*pullConsumer).Messages in goroutine 33200
	/Users/jace/go/pkg/mod/github.com/nats-io/nats.go@v1.41.1/jetstream/pull.go:534 +0x748

goroutine 37069 [chan receive, 2 minutes]:
github.com/ThreeDotsLabs/watermill/message.(*handler).run(0xc0013dedd0, {0x10a337fa0, 0xc00192af50}, {0xc001b16300, 0x6, 0x0?})
	/Users/jace/go/pkg/mod/github.com/!three!dots!labs/watermill@v1.4.6/message/router.go:645 +0x2b4
github.com/ThreeDotsLabs/watermill/message.(*Router).RunHandlers.func1()
	/Users/jace/go/pkg/mod/github.com/!three!dots!labs/watermill@v1.4.6/message/router.go:460 +0x145
created by github.com/ThreeDotsLabs/watermill/message.(*Router).RunHandlers in goroutine 36760
	/Users/jace/go/pkg/mod/github.com/!three!dots!labs/watermill@v1.4.6/message/router.go:453 +0x606

goroutine 37740 [chan receive, 1 minutes]:
github.com/ThreeDotsLabs/watermill/message.(*messageTransformSubscriberDecorator).Subscribe.func1()
	/Users/jace/go/pkg/mod/github.com/!three!dots!labs/watermill@v1.4.6/message/decorator.go:52 +0x85
created by github.com/ThreeDotsLabs/watermill/message.(*messageTransformSubscriberDecorator).Subscribe in goroutine 37797
	/Users/jace/go/pkg/mod/github.com/!three!dots!labs/watermill@v1.4.6/message/decorator.go:51 +0xc7

goroutine 33335 [chan receive, 2 minutes]:
github.com/ThreeDotsLabs/watermill/message.(*messageTransformSubscriberDecorator).Subscribe.func1()
	/Users/jace/go/pkg/mod/github.com/!three!dots!labs/watermill@v1.4.6/message/decorator.go:52 +0x85
created by github.com/ThreeDotsLabs/watermill/message.(*messageTransformSubscriberDecorator).Subscribe in goroutine 33200
	/Users/jace/go/pkg/mod/github.com/!three!dots!labs/watermill@v1.4.6/message/decorator.go:51 +0xc7

goroutine 39301 [chan receive, 1 minutes]:
github.com/ThreeDotsLabs/watermill/message.(*messageTransformSubscriberDecorator).Subscribe.func1()
	/Users/jace/go/pkg/mod/github.com/!three!dots!labs/watermill@v1.4.6/message/decorator.go:52 +0x85
created by github.com/ThreeDotsLabs/watermill/message.(*messageTransformSubscriberDecorator).Subscribe in goroutine 38959
	/Users/jace/go/pkg/mod/github.com/!three!dots!labs/watermill@v1.4.6/message/decorator.go:51 +0xc7

goroutine 38023 [select, 1 minutes]:
github.com/nats-io/nats.go/jetstream.(*pullConsumer).Messages.func2()
	/Users/jace/go/pkg/mod/github.com/nats-io/nats.go@v1.41.1/jetstream/pull.go:538 +0x68
created by github.com/nats-io/nats.go/jetstream.(*pullConsumer).Messages in goroutine 37797
	/Users/jace/go/pkg/mod/github.com/nats-io/nats.go@v1.41.1/jetstream/pull.go:536 +0x78a

goroutine 34249 [chan receive, 2 minutes]:
github.com/ThreeDotsLabs/watermill/message.(*handler).run(0xc001a95e10, {0x10a337fa0, 0xc0005ae5a0}, {0xc000be0000, 0x6, 0x4?})
	/Users/jace/go/pkg/mod/github.com/!three!dots!labs/watermill@v1.4.6/message/router.go:645 +0x2b4
github.com/ThreeDotsLabs/watermill/message.(*Router).RunHandlers.func1()
	/Users/jace/go/pkg/mod/github.com/!three!dots!labs/watermill@v1.4.6/message/router.go:460 +0x145
created by github.com/ThreeDotsLabs/watermill/message.(*Router).RunHandlers in goroutine 34180
	/Users/jace/go/pkg/mod/github.com/!three!dots!labs/watermill@v1.4.6/message/router.go:453 +0x606

goroutine 34781 [chan receive, 2 minutes]:
github.com/ThreeDotsLabs/watermill/message.(*handler).run(0xc0006f75f0, {0x10a337fa0, 0xc001b63450}, {0xc001a4ef00, 0x6, 0xc001939778?})
	/Users/jace/go/pkg/mod/github.com/!three!dots!labs/watermill@v1.4.6/message/router.go:645 +0x2b4
github.com/ThreeDotsLabs/watermill/message.(*Router).RunHandlers.func1()
	/Users/jace/go/pkg/mod/github.com/!three!dots!labs/watermill@v1.4.6/message/router.go:460 +0x145
created by github.com/ThreeDotsLabs/watermill/message.(*Router).RunHandlers in goroutine 35445
	/Users/jace/go/pkg/mod/github.com/!three!dots!labs/watermill@v1.4.6/message/router.go:453 +0x606

goroutine 37728 [select, 1 minutes]:
github.com/nats-io/nats.go/jetstream.(*pullSubscription).Next(0xc00204f3b0)
	/Users/jace/go/pkg/mod/github.com/nats-io/nats.go@v1.41.1/jetstream/pull.go:589 +0x285
github.com/Black-And-White-Club/frolf-bot-shared/eventbus.(*eventBus).Subscribe.func1()
	/Users/jace/Documents/GitHub/frolf-bot-shared/eventbus/eventbus.go:326 +0x169
created by github.com/Black-And-White-Club/frolf-bot-shared/eventbus.(*eventBus).Subscribe in goroutine 37797
	/Users/jace/Documents/GitHub/frolf-bot-shared/eventbus/eventbus.go:315 +0xbf1

goroutine 33323 [select, 2 minutes]:
github.com/nats-io/nats.go/jetstream.(*pullSubscription).pullMessages(0xc0007f3b90, {0xc0018a6190, 0x4d})
	/Users/jace/go/pkg/mod/github.com/nats-io/nats.go@v1.41.1/jetstream/pull.go:955 +0x91
created by github.com/nats-io/nats.go/jetstream.(*pullConsumer).Messages in goroutine 33200
	/Users/jace/go/pkg/mod/github.com/nats-io/nats.go@v1.41.1/jetstream/pull.go:534 +0x748

goroutine 33296 [select, 2 minutes]:
github.com/nats-io/nats.go/jetstream.(*pullSubscription).pullMessages(0xc0012798c0, {0xc00024e600, 0x56})
	/Users/jace/go/pkg/mod/github.com/nats-io/nats.go@v1.41.1/jetstream/pull.go:955 +0x91
created by github.com/nats-io/nats.go/jetstream.(*pullConsumer).Messages in goroutine 33200
	/Users/jace/go/pkg/mod/github.com/nats-io/nats.go@v1.41.1/jetstream/pull.go:534 +0x748

goroutine 33297 [select, 2 minutes]:
github.com/nats-io/nats.go/jetstream.(*pullConsumer).Messages.func2()
	/Users/jace/go/pkg/mod/github.com/nats-io/nats.go@v1.41.1/jetstream/pull.go:538 +0x68
created by github.com/nats-io/nats.go/jetstream.(*pullConsumer).Messages in goroutine 33200
	/Users/jace/go/pkg/mod/github.com/nats-io/nats.go@v1.41.1/jetstream/pull.go:536 +0x78a

goroutine 33346 [select, 2 minutes]:
github.com/nats-io/nats.go/jetstream.(*pullSubscription).Next(0xc0012798c0)
	/Users/jace/go/pkg/mod/github.com/nats-io/nats.go@v1.41.1/jetstream/pull.go:589 +0x285
github.com/Black-And-White-Club/frolf-bot-shared/eventbus.(*eventBus).Subscribe.func1()
	/Users/jace/Documents/GitHub/frolf-bot-shared/eventbus/eventbus.go:326 +0x169
created by github.com/Black-And-White-Club/frolf-bot-shared/eventbus.(*eventBus).Subscribe in goroutine 33200
	/Users/jace/Documents/GitHub/frolf-bot-shared/eventbus/eventbus.go:315 +0xbf1

goroutine 33347 [chan receive, 2 minutes]:
github.com/ThreeDotsLabs/watermill/message.(*messageTransformSubscriberDecorator).Subscribe.func1()
	/Users/jace/go/pkg/mod/github.com/!three!dots!labs/watermill@v1.4.6/message/decorator.go:52 +0x85
created by github.com/ThreeDotsLabs/watermill/message.(*messageTransformSubscriberDecorator).Subscribe in goroutine 33200
	/Users/jace/go/pkg/mod/github.com/!three!dots!labs/watermill@v1.4.6/message/decorator.go:51 +0xc7

goroutine 33348 [chan receive, 2 minutes]:
github.com/ThreeDotsLabs/watermill/message.(*handler).run(0xc000eab6c0, {0x10a337fa0, 0xc000994690}, {0xc000fe20c0, 0x6, 0x0?})
	/Users/jace/go/pkg/mod/github.com/!three!dots!labs/watermill@v1.4.6/message/router.go:645 +0x2b4
github.com/ThreeDotsLabs/watermill/message.(*Router).RunHandlers.func1()
	/Users/jace/go/pkg/mod/github.com/!three!dots!labs/watermill@v1.4.6/message/router.go:460 +0x145
created by github.com/ThreeDotsLabs/watermill/message.(*Router).RunHandlers in goroutine 33200
	/Users/jace/go/pkg/mod/github.com/!three!dots!labs/watermill@v1.4.6/message/router.go:453 +0x606

goroutine 35740 [chan receive, 2 minutes]:
github.com/ThreeDotsLabs/watermill/message.(*handler).run(0xc0006f6d00, {0x10a337fa0, 0xc001b62cd0}, {0xc001b8c900, 0x6, 0xc001619f78?})
	/Users/jace/go/pkg/mod/github.com/!three!dots!labs/watermill@v1.4.6/message/router.go:645 +0x2b4
github.com/ThreeDotsLabs/watermill/message.(*Router).RunHandlers.func1()
	/Users/jace/go/pkg/mod/github.com/!three!dots!labs/watermill@v1.4.6/message/router.go:460 +0x145
created by github.com/ThreeDotsLabs/watermill/message.(*Router).RunHandlers in goroutine 35445
	/Users/jace/go/pkg/mod/github.com/!three!dots!labs/watermill@v1.4.6/message/router.go:453 +0x606

goroutine 37935 [select, 1 minutes]:
github.com/nats-io/nats.go/jetstream.(*pullConsumer).Messages.func2()
	/Users/jace/go/pkg/mod/github.com/nats-io/nats.go@v1.41.1/jetstream/pull.go:538 +0x68
created by github.com/nats-io/nats.go/jetstream.(*pullConsumer).Messages in goroutine 37797
	/Users/jace/go/pkg/mod/github.com/nats-io/nats.go@v1.41.1/jetstream/pull.go:536 +0x78a

goroutine 39060 [select, 1 minutes]:
github.com/nats-io/nats.go/jetstream.(*pullConsumer).Messages.func2()
	/Users/jace/go/pkg/mod/github.com/nats-io/nats.go@v1.41.1/jetstream/pull.go:538 +0x68
created by github.com/nats-io/nats.go/jetstream.(*pullConsumer).Messages in goroutine 38959
	/Users/jace/go/pkg/mod/github.com/nats-io/nats.go@v1.41.1/jetstream/pull.go:536 +0x78a

goroutine 37885 [chan receive, 1 minutes]:
github.com/ThreeDotsLabs/watermill/message.(*messageTransformSubscriberDecorator).Subscribe.func1()
	/Users/jace/go/pkg/mod/github.com/!three!dots!labs/watermill@v1.4.6/message/decorator.go:52 +0x85
created by github.com/ThreeDotsLabs/watermill/message.(*messageTransformSubscriberDecorator).Subscribe in goroutine 37797
	/Users/jace/go/pkg/mod/github.com/!three!dots!labs/watermill@v1.4.6/message/decorator.go:51 +0xc7

goroutine 37827 [select, 1 minutes]:
github.com/nats-io/nats.go/jetstream.(*pullSubscription).pullMessages(0xc000ba2900, {0xc001526000, 0x58})
	/Users/jace/go/pkg/mod/github.com/nats-io/nats.go@v1.41.1/jetstream/pull.go:955 +0x91
created by github.com/nats-io/nats.go/jetstream.(*pullConsumer).Messages in goroutine 37797
	/Users/jace/go/pkg/mod/github.com/nats-io/nats.go@v1.41.1/jetstream/pull.go:534 +0x748

goroutine 40365 [select, 1 minutes]:
github.com/nats-io/nats.go/jetstream.(*pullConsumer).Messages.func2()
	/Users/jace/go/pkg/mod/github.com/nats-io/nats.go@v1.41.1/jetstream/pull.go:538 +0x68
created by github.com/nats-io/nats.go/jetstream.(*pullConsumer).Messages in goroutine 40053
	/Users/jace/go/pkg/mod/github.com/nats-io/nats.go@v1.41.1/jetstream/pull.go:536 +0x78a

goroutine 39042 [chan receive, 1 minutes]:
github.com/ThreeDotsLabs/watermill/message.(*handler).run(0xc001a3aa90, {0x10a337fa0, 0xc0010b9360}, {0xc001d04b40, 0x6, 0xc001c28770?})
	/Users/jace/go/pkg/mod/github.com/!three!dots!labs/watermill@v1.4.6/message/router.go:645 +0x2b4
github.com/ThreeDotsLabs/watermill/message.(*Router).RunHandlers.func1()
	/Users/jace/go/pkg/mod/github.com/!three!dots!labs/watermill@v1.4.6/message/router.go:460 +0x145
created by github.com/ThreeDotsLabs/watermill/message.(*Router).RunHandlers in goroutine 38959
	/Users/jace/go/pkg/mod/github.com/!three!dots!labs/watermill@v1.4.6/message/router.go:453 +0x606

goroutine 34322 [chan receive, 2 minutes]:
github.com/ThreeDotsLabs/watermill/message.(*handler).run(0xc001a945b0, {0x10a337fa0, 0xc0005aec80}, {0xc001ae60c0, 0x6, 0x1000000000001?})
	/Users/jace/go/pkg/mod/github.com/!three!dots!labs/watermill@v1.4.6/message/router.go:645 +0x2b4
github.com/ThreeDotsLabs/watermill/message.(*Router).RunHandlers.func1()
	/Users/jace/go/pkg/mod/github.com/!three!dots!labs/watermill@v1.4.6/message/router.go:460 +0x145
created by github.com/ThreeDotsLabs/watermill/message.(*Router).RunHandlers in goroutine 34180
	/Users/jace/go/pkg/mod/github.com/!three!dots!labs/watermill@v1.4.6/message/router.go:453 +0x606

goroutine 33426 [select, 2 minutes]:
github.com/nats-io/nats.go/jetstream.(*pullSubscription).Next(0xc001921290)
	/Users/jace/go/pkg/mod/github.com/nats-io/nats.go@v1.41.1/jetstream/pull.go:589 +0x285
github.com/Black-And-White-Club/frolf-bot-shared/eventbus.(*eventBus).Subscribe.func1()
	/Users/jace/Documents/GitHub/frolf-bot-shared/eventbus/eventbus.go:326 +0x169
created by github.com/Black-And-White-Club/frolf-bot-shared/eventbus.(*eventBus).Subscribe in goroutine 33200
	/Users/jace/Documents/GitHub/frolf-bot-shared/eventbus/eventbus.go:315 +0xbf1

goroutine 33427 [chan receive, 2 minutes]:
github.com/ThreeDotsLabs/watermill/message.(*messageTransformSubscriberDecorator).Subscribe.func1()
	/Users/jace/go/pkg/mod/github.com/!three!dots!labs/watermill@v1.4.6/message/decorator.go:52 +0x85
created by github.com/ThreeDotsLabs/watermill/message.(*messageTransformSubscriberDecorator).Subscribe in goroutine 33200
	/Users/jace/go/pkg/mod/github.com/!three!dots!labs/watermill@v1.4.6/message/decorator.go:51 +0xc7

goroutine 33428 [chan receive, 2 minutes]:
github.com/ThreeDotsLabs/watermill/message.(*handler).run(0xc000eaaf70, {0x10a337fa0, 0xc000994c80}, {0xc0011203c0, 0x6, 0xc000f5f778?})
	/Users/jace/go/pkg/mod/github.com/!three!dots!labs/watermill@v1.4.6/message/router.go:645 +0x2b4
github.com/ThreeDotsLabs/watermill/message.(*Router).RunHandlers.func1()
	/Users/jace/go/pkg/mod/github.com/!three!dots!labs/watermill@v1.4.6/message/router.go:460 +0x145
created by github.com/ThreeDotsLabs/watermill/message.(*Router).RunHandlers in goroutine 33200
	/Users/jace/go/pkg/mod/github.com/!three!dots!labs/watermill@v1.4.6/message/router.go:453 +0x606

goroutine 34225 [chan receive, 2 minutes]:
github.com/ThreeDotsLabs/watermill/message.(*messageTransformSubscriberDecorator).Subscribe.func1()
	/Users/jace/go/pkg/mod/github.com/!three!dots!labs/watermill@v1.4.6/message/decorator.go:52 +0x85
created by github.com/ThreeDotsLabs/watermill/message.(*messageTransformSubscriberDecorator).Subscribe in goroutine 34180
	/Users/jace/go/pkg/mod/github.com/!three!dots!labs/watermill@v1.4.6/message/decorator.go:51 +0xc7

goroutine 38205 [chan receive, 1 minutes]:
github.com/ThreeDotsLabs/watermill/message.(*handler).run(0xc000d5cb60, {0x10a337fa0, 0xc001c7c2d0}, {0xc000ad2180, 0x6, 0x10a0bfea0?})
	/Users/jace/go/pkg/mod/github.com/!three!dots!labs/watermill@v1.4.6/message/router.go:645 +0x2b4
github.com/ThreeDotsLabs/watermill/message.(*Router).RunHandlers.func1()
	/Users/jace/go/pkg/mod/github.com/!three!dots!labs/watermill@v1.4.6/message/router.go:460 +0x145
created by github.com/ThreeDotsLabs/watermill/message.(*Router).RunHandlers in goroutine 37797
	/Users/jace/go/pkg/mod/github.com/!three!dots!labs/watermill@v1.4.6/message/router.go:453 +0x606

goroutine 34575 [select, 2 minutes]:
github.com/nats-io/nats.go/jetstream.(*pullSubscription).pullMessages(0xc000b89e60, {0xc00017e6e0, 0x4f})
	/Users/jace/go/pkg/mod/github.com/nats-io/nats.go@v1.41.1/jetstream/pull.go:955 +0x91
created by github.com/nats-io/nats.go/jetstream.(*pullConsumer).Messages in goroutine 34180
	/Users/jace/go/pkg/mod/github.com/nats-io/nats.go@v1.41.1/jetstream/pull.go:534 +0x748

goroutine 36687 [chan receive, 2 minutes]:
github.com/ThreeDotsLabs/watermill/message.(*messageTransformSubscriberDecorator).Subscribe.func1()
	/Users/jace/go/pkg/mod/github.com/!three!dots!labs/watermill@v1.4.6/message/decorator.go:52 +0x85
created by github.com/ThreeDotsLabs/watermill/message.(*messageTransformSubscriberDecorator).Subscribe in goroutine 36760
	/Users/jace/go/pkg/mod/github.com/!three!dots!labs/watermill@v1.4.6/message/decorator.go:51 +0xc7

goroutine 34366 [chan receive, 2 minutes]:
github.com/ThreeDotsLabs/watermill/message.(*handler).run(0xc001a94a90, {0x10a337fa0, 0xc000f4ebe0}, {0xc000aba000, 0x6, 0x0?})
	/Users/jace/go/pkg/mod/github.com/!three!dots!labs/watermill@v1.4.6/message/router.go:645 +0x2b4
github.com/ThreeDotsLabs/watermill/message.(*Router).RunHandlers.func1()
	/Users/jace/go/pkg/mod/github.com/!three!dots!labs/watermill@v1.4.6/message/router.go:460 +0x145
created by github.com/ThreeDotsLabs/watermill/message.(*Router).RunHandlers in goroutine 34180
	/Users/jace/go/pkg/mod/github.com/!three!dots!labs/watermill@v1.4.6/message/router.go:453 +0x606

goroutine 36954 [select, 2 minutes]:
github.com/nats-io/nats.go/jetstream.(*pullSubscription).Next(0xc000d5b9e0)
	/Users/jace/go/pkg/mod/github.com/nats-io/nats.go@v1.41.1/jetstream/pull.go:589 +0x285
github.com/Black-And-White-Club/frolf-bot-shared/eventbus.(*eventBus).Subscribe.func1()
	/Users/jace/Documents/GitHub/frolf-bot-shared/eventbus/eventbus.go:326 +0x169
created by github.com/Black-And-White-Club/frolf-bot-shared/eventbus.(*eventBus).Subscribe in goroutine 36760
	/Users/jace/Documents/GitHub/frolf-bot-shared/eventbus/eventbus.go:315 +0xbf1

goroutine 34318 [chan receive, 2 minutes]:
github.com/ThreeDotsLabs/watermill/message.(*messageTransformSubscriberDecorator).Subscribe.func1()
	/Users/jace/go/pkg/mod/github.com/!three!dots!labs/watermill@v1.4.6/message/decorator.go:52 +0x85
created by github.com/ThreeDotsLabs/watermill/message.(*messageTransformSubscriberDecorator).Subscribe in goroutine 34180
	/Users/jace/go/pkg/mod/github.com/!three!dots!labs/watermill@v1.4.6/message/decorator.go:51 +0xc7

goroutine 33435 [chan receive, 2 minutes]:
github.com/ThreeDotsLabs/watermill/message.(*messageTransformSubscriberDecorator).Subscribe.func1()
	/Users/jace/go/pkg/mod/github.com/!three!dots!labs/watermill@v1.4.6/message/decorator.go:52 +0x85
created by github.com/ThreeDotsLabs/watermill/message.(*messageTransformSubscriberDecorator).Subscribe in goroutine 33200
	/Users/jace/go/pkg/mod/github.com/!three!dots!labs/watermill@v1.4.6/message/decorator.go:51 +0xc7

goroutine 33436 [chan receive, 2 minutes]:
github.com/ThreeDotsLabs/watermill/message.(*handler).run(0xc000eab040, {0x10a337fa0, 0xc001980c80}, {0xc00082fd40, 0x6, 0x0?})
	/Users/jace/go/pkg/mod/github.com/!three!dots!labs/watermill@v1.4.6/message/router.go:645 +0x2b4
github.com/ThreeDotsLabs/watermill/message.(*Router).RunHandlers.func1()
	/Users/jace/go/pkg/mod/github.com/!three!dots!labs/watermill@v1.4.6/message/router.go:460 +0x145
created by github.com/ThreeDotsLabs/watermill/message.(*Router).RunHandlers in goroutine 33200
	/Users/jace/go/pkg/mod/github.com/!three!dots!labs/watermill@v1.4.6/message/router.go:453 +0x606

goroutine 39454 [select, 1 minutes]:
github.com/nats-io/nats.go/jetstream.(*pullSubscription).Next(0xc001f5d200)
	/Users/jace/go/pkg/mod/github.com/nats-io/nats.go@v1.41.1/jetstream/pull.go:589 +0x285
github.com/Black-And-White-Club/frolf-bot-shared/eventbus.(*eventBus).Subscribe.func1()
	/Users/jace/Documents/GitHub/frolf-bot-shared/eventbus/eventbus.go:326 +0x169
created by github.com/Black-And-White-Club/frolf-bot-shared/eventbus.(*eventBus).Subscribe in goroutine 40053
	/Users/jace/Documents/GitHub/frolf-bot-shared/eventbus/eventbus.go:315 +0xbf1

goroutine 33440 [chan receive, 2 minutes]:
github.com/ThreeDotsLabs/watermill/message.(*messageTransformSubscriberDecorator).Subscribe.func1()
	/Users/jace/go/pkg/mod/github.com/!three!dots!labs/watermill@v1.4.6/message/decorator.go:52 +0x85
created by github.com/ThreeDotsLabs/watermill/message.(*messageTransformSubscriberDecorator).Subscribe in goroutine 33200
	/Users/jace/go/pkg/mod/github.com/!three!dots!labs/watermill@v1.4.6/message/decorator.go:51 +0xc7

goroutine 33441 [chan receive, 2 minutes]:
github.com/ThreeDotsLabs/watermill/message.(*handler).run(0xc000eab5f0, {0x10a337fa0, 0xc001980f50}, {0xc000798f00, 0x6, 0x0?})
	/Users/jace/go/pkg/mod/github.com/!three!dots!labs/watermill@v1.4.6/message/router.go:645 +0x2b4
github.com/ThreeDotsLabs/watermill/message.(*Router).RunHandlers.func1()
	/Users/jace/go/pkg/mod/github.com/!three!dots!labs/watermill@v1.4.6/message/router.go:460 +0x145
created by github.com/ThreeDotsLabs/watermill/message.(*Router).RunHandlers in goroutine 33200
	/Users/jace/go/pkg/mod/github.com/!three!dots!labs/watermill@v1.4.6/message/router.go:453 +0x606

goroutine 40112 [chan receive, 1 minutes]:
github.com/ThreeDotsLabs/watermill/message.(*messageTransformSubscriberDecorator).Subscribe.func1()
	/Users/jace/go/pkg/mod/github.com/!three!dots!labs/watermill@v1.4.6/message/decorator.go:52 +0x85
created by github.com/ThreeDotsLabs/watermill/message.(*messageTransformSubscriberDecorator).Subscribe in goroutine 40053
	/Users/jace/go/pkg/mod/github.com/!three!dots!labs/watermill@v1.4.6/message/decorator.go:51 +0xc7

goroutine 46013 [sync.Cond.Wait, 1 minutes]:
sync.runtime_notifyListWait(0xc00222fb90, 0x0)
	/usr/local/Cellar/go/1.24.2/libexec/src/runtime/sema.go:597 +0x159
sync.(*Cond).Wait(0xc0019c7500?)
	/usr/local/Cellar/go/1.24.2/libexec/src/sync/cond.go:71 +0x85
github.com/nats-io/nats%2ego.(*asyncCallbacksHandler).asyncCBDispatcher(0xc001ef38a0)
	/Users/jace/go/pkg/mod/github.com/nats-io/nats.go@v1.41.1/nats.go:3059 +0xdd
created by github.com/nats-io/nats%2ego.Options.Connect in goroutine 45508
	/Users/jace/go/pkg/mod/github.com/nats-io/nats.go@v1.41.1/nats.go:1635 +0x387

goroutine 34778 [select, 2 minutes]:
github.com/nats-io/nats.go/jetstream.(*pullConsumer).Messages.func2()
	/Users/jace/go/pkg/mod/github.com/nats-io/nats.go@v1.41.1/jetstream/pull.go:538 +0x68
created by github.com/nats-io/nats.go/jetstream.(*pullConsumer).Messages in goroutine 35445
	/Users/jace/go/pkg/mod/github.com/nats-io/nats.go@v1.41.1/jetstream/pull.go:536 +0x78a

goroutine 34777 [select, 2 minutes]:
github.com/nats-io/nats.go/jetstream.(*pullSubscription).pullMessages(0xc002000090, {0xc001a6e440, 0x3e})
	/Users/jace/go/pkg/mod/github.com/nats-io/nats.go@v1.41.1/jetstream/pull.go:955 +0x91
created by github.com/nats-io/nats.go/jetstream.(*pullConsumer).Messages in goroutine 35445
	/Users/jace/go/pkg/mod/github.com/nats-io/nats.go@v1.41.1/jetstream/pull.go:534 +0x748

goroutine 36788 [select, 2 minutes]:
github.com/nats-io/nats.go/jetstream.(*pullConsumer).Messages.func2()
	/Users/jace/go/pkg/mod/github.com/nats-io/nats.go@v1.41.1/jetstream/pull.go:538 +0x68
created by github.com/nats-io/nats.go/jetstream.(*pullConsumer).Messages in goroutine 36760
	/Users/jace/go/pkg/mod/github.com/nats-io/nats.go@v1.41.1/jetstream/pull.go:536 +0x78a

goroutine 38171 [chan receive, 1 minutes]:
github.com/ThreeDotsLabs/watermill/message.(*handler).run(0xc001bfbc70, {0x10a337fa0, 0xc0005afea0}, {0xc002041d40, 0x6, 0xc001b037b0?})
	/Users/jace/go/pkg/mod/github.com/!three!dots!labs/watermill@v1.4.6/message/router.go:645 +0x2b4
github.com/ThreeDotsLabs/watermill/message.(*Router).RunHandlers.func1()
	/Users/jace/go/pkg/mod/github.com/!three!dots!labs/watermill@v1.4.6/message/router.go:460 +0x145
created by github.com/ThreeDotsLabs/watermill/message.(*Router).RunHandlers in goroutine 37797
	/Users/jace/go/pkg/mod/github.com/!three!dots!labs/watermill@v1.4.6/message/router.go:453 +0x606

goroutine 41501 [select, 1 minutes]:
github.com/nats-io/nats.go/jetstream.(*pullSubscription).pullMessages(0xc00271e120, {0xc000806460, 0x47})
	/Users/jace/go/pkg/mod/github.com/nats-io/nats.go@v1.41.1/jetstream/pull.go:955 +0x91
created by github.com/nats-io/nats.go/jetstream.(*pullConsumer).Messages in goroutine 41277
	/Users/jace/go/pkg/mod/github.com/nats-io/nats.go@v1.41.1/jetstream/pull.go:534 +0x748

goroutine 36824 [chan receive, 2 minutes]:
github.com/ThreeDotsLabs/watermill/message.(*messageTransformSubscriberDecorator).Subscribe.func1()
	/Users/jace/go/pkg/mod/github.com/!three!dots!labs/watermill@v1.4.6/message/decorator.go:52 +0x85
created by github.com/ThreeDotsLabs/watermill/message.(*messageTransformSubscriberDecorator).Subscribe in goroutine 36760
	/Users/jace/go/pkg/mod/github.com/!three!dots!labs/watermill@v1.4.6/message/decorator.go:51 +0xc7

goroutine 34181 [sync.Cond.Wait, 2 minutes]:
sync.runtime_notifyListWait(0xc001afe850, 0x3)
	/usr/local/Cellar/go/1.24.2/libexec/src/runtime/sema.go:597 +0x159
sync.(*Cond).Wait(0x1091ad21f?)
	/usr/local/Cellar/go/1.24.2/libexec/src/sync/cond.go:71 +0x85
github.com/nats-io/nats%2ego.(*Conn).waitForMsgs(0xc0007c3108, 0xc0009901e0)
	/Users/jace/go/pkg/mod/github.com/nats-io/nats.go@v1.41.1/nats.go:3178 +0xc5
created by github.com/nats-io/nats%2ego.(*Conn).subscribeLocked in goroutine 33482
	/Users/jace/go/pkg/mod/github.com/nats-io/nats.go@v1.41.1/nats.go:4468 +0x419

goroutine 34182 [sync.WaitGroup.Wait, 2 minutes]:
sync.runtime_SemacquireWaitGroup(0x1095ae7c0?)
	/usr/local/Cellar/go/1.24.2/libexec/src/runtime/sema.go:110 +0x25
sync.(*WaitGroup).Wait(0x0?)
	/usr/local/Cellar/go/1.24.2/libexec/src/sync/waitgroup.go:118 +0x48
github.com/ThreeDotsLabs/watermill/message.(*Router).watchAllHandlersStopped.func1()
	/Users/jace/go/pkg/mod/github.com/!three!dots!labs/watermill@v1.4.6/message/router.go:498 +0x86
created by github.com/ThreeDotsLabs/watermill/message.(*Router).watchAllHandlersStopped in goroutine 34180
	/Users/jace/go/pkg/mod/github.com/!three!dots!labs/watermill@v1.4.6/message/router.go:484 +0xec

goroutine 38168 [select, 1 minutes]:
github.com/nats-io/nats.go/jetstream.(*pullConsumer).Messages.func2()
	/Users/jace/go/pkg/mod/github.com/nats-io/nats.go@v1.41.1/jetstream/pull.go:538 +0x68
created by github.com/nats-io/nats.go/jetstream.(*pullConsumer).Messages in goroutine 37797
	/Users/jace/go/pkg/mod/github.com/nats-io/nats.go@v1.41.1/jetstream/pull.go:536 +0x78a

goroutine 34200 [select, 2 minutes]:
github.com/nats-io/nats.go/jetstream.(*pullSubscription).pullMessages(0xc0014be870, {0xc00179a140, 0x4e})
	/Users/jace/go/pkg/mod/github.com/nats-io/nats.go@v1.41.1/jetstream/pull.go:955 +0x91
created by github.com/nats-io/nats.go/jetstream.(*pullConsumer).Messages in goroutine 34180
	/Users/jace/go/pkg/mod/github.com/nats-io/nats.go@v1.41.1/jetstream/pull.go:534 +0x748

goroutine 34201 [select, 2 minutes]:
github.com/nats-io/nats.go/jetstream.(*pullConsumer).Messages.func2()
	/Users/jace/go/pkg/mod/github.com/nats-io/nats.go@v1.41.1/jetstream/pull.go:538 +0x68
created by github.com/nats-io/nats.go/jetstream.(*pullConsumer).Messages in goroutine 34180
	/Users/jace/go/pkg/mod/github.com/nats-io/nats.go@v1.41.1/jetstream/pull.go:536 +0x78a

goroutine 34202 [select, 2 minutes]:
github.com/nats-io/nats.go/jetstream.(*pullSubscription).Next(0xc0014be870)
	/Users/jace/go/pkg/mod/github.com/nats-io/nats.go@v1.41.1/jetstream/pull.go:589 +0x285
github.com/Black-And-White-Club/frolf-bot-shared/eventbus.(*eventBus).Subscribe.func1()
	/Users/jace/Documents/GitHub/frolf-bot-shared/eventbus/eventbus.go:326 +0x169
created by github.com/Black-And-White-Club/frolf-bot-shared/eventbus.(*eventBus).Subscribe in goroutine 34180
	/Users/jace/Documents/GitHub/frolf-bot-shared/eventbus/eventbus.go:315 +0xbf1

goroutine 34203 [chan receive, 2 minutes]:
github.com/ThreeDotsLabs/watermill/message.(*messageTransformSubscriberDecorator).Subscribe.func1()
	/Users/jace/go/pkg/mod/github.com/!three!dots!labs/watermill@v1.4.6/message/decorator.go:52 +0x85
created by github.com/ThreeDotsLabs/watermill/message.(*messageTransformSubscriberDecorator).Subscribe in goroutine 34180
	/Users/jace/go/pkg/mod/github.com/!three!dots!labs/watermill@v1.4.6/message/decorator.go:51 +0xc7

goroutine 34204 [chan receive, 2 minutes]:
github.com/ThreeDotsLabs/watermill/message.(*handler).run(0xc001a949c0, {0x10a337fa0, 0xc0005ae190}, {0xc0007c6000, 0x6, 0x4?})
	/Users/jace/go/pkg/mod/github.com/!three!dots!labs/watermill@v1.4.6/message/router.go:645 +0x2b4
github.com/ThreeDotsLabs/watermill/message.(*Router).RunHandlers.func1()
	/Users/jace/go/pkg/mod/github.com/!three!dots!labs/watermill@v1.4.6/message/router.go:460 +0x145
created by github.com/ThreeDotsLabs/watermill/message.(*Router).RunHandlers in goroutine 34180
	/Users/jace/go/pkg/mod/github.com/!three!dots!labs/watermill@v1.4.6/message/router.go:453 +0x606

goroutine 34333 [chan receive, 2 minutes]:
github.com/ThreeDotsLabs/watermill/message.(*messageTransformSubscriberDecorator).Subscribe.func1()
	/Users/jace/go/pkg/mod/github.com/!three!dots!labs/watermill@v1.4.6/message/decorator.go:52 +0x85
created by github.com/ThreeDotsLabs/watermill/message.(*messageTransformSubscriberDecorator).Subscribe in goroutine 34180
	/Users/jace/go/pkg/mod/github.com/!three!dots!labs/watermill@v1.4.6/message/decorator.go:51 +0xc7

goroutine 34565 [chan receive, 2 minutes]:
github.com/ThreeDotsLabs/watermill/message.(*messageTransformSubscriberDecorator).Subscribe.func1()
	/Users/jace/go/pkg/mod/github.com/!three!dots!labs/watermill@v1.4.6/message/decorator.go:52 +0x85
created by github.com/ThreeDotsLabs/watermill/message.(*messageTransformSubscriberDecorator).Subscribe in goroutine 34180
	/Users/jace/go/pkg/mod/github.com/!three!dots!labs/watermill@v1.4.6/message/decorator.go:51 +0xc7

goroutine 34330 [select, 2 minutes]:
github.com/nats-io/nats.go/jetstream.(*pullSubscription).pullMessages(0xc001c0d560, {0xc0018a60f0, 0x48})
	/Users/jace/go/pkg/mod/github.com/nats-io/nats.go@v1.41.1/jetstream/pull.go:955 +0x91
created by github.com/nats-io/nats.go/jetstream.(*pullConsumer).Messages in goroutine 34180
	/Users/jace/go/pkg/mod/github.com/nats-io/nats.go@v1.41.1/jetstream/pull.go:534 +0x748

goroutine 34223 [select, 2 minutes]:
github.com/nats-io/nats.go/jetstream.(*pullConsumer).Messages.func2()
	/Users/jace/go/pkg/mod/github.com/nats-io/nats.go@v1.41.1/jetstream/pull.go:538 +0x68
created by github.com/nats-io/nats.go/jetstream.(*pullConsumer).Messages in goroutine 34180
	/Users/jace/go/pkg/mod/github.com/nats-io/nats.go@v1.41.1/jetstream/pull.go:536 +0x78a

goroutine 36798 [select, 2 minutes]:
github.com/nats-io/nats.go/jetstream.(*pullSubscription).pullMessages(0xc000b74240, {0xc000754410, 0x48})
	/Users/jace/go/pkg/mod/github.com/nats-io/nats.go@v1.41.1/jetstream/pull.go:955 +0x91
created by github.com/nats-io/nats.go/jetstream.(*pullConsumer).Messages in goroutine 36760
	/Users/jace/go/pkg/mod/github.com/nats-io/nats.go@v1.41.1/jetstream/pull.go:534 +0x748

goroutine 34317 [select, 2 minutes]:
github.com/nats-io/nats.go/jetstream.(*pullSubscription).Next(0xc0013b1560)
	/Users/jace/go/pkg/mod/github.com/nats-io/nats.go@v1.41.1/jetstream/pull.go:589 +0x285
github.com/Black-And-White-Club/frolf-bot-shared/eventbus.(*eventBus).Subscribe.func1()
	/Users/jace/Documents/GitHub/frolf-bot-shared/eventbus/eventbus.go:326 +0x169
created by github.com/Black-And-White-Club/frolf-bot-shared/eventbus.(*eventBus).Subscribe in goroutine 34180
	/Users/jace/Documents/GitHub/frolf-bot-shared/eventbus/eventbus.go:315 +0xbf1

goroutine 36702 [sync.Cond.Wait, 2 minutes]:
sync.runtime_notifyListWait(0xc001277690, 0x0)
	/usr/local/Cellar/go/1.24.2/libexec/src/runtime/sema.go:597 +0x159
sync.(*Cond).Wait(0xc001a17e60?)
	/usr/local/Cellar/go/1.24.2/libexec/src/sync/cond.go:71 +0x85
github.com/nats-io/nats%2ego.(*asyncCallbacksHandler).asyncCBDispatcher(0xc0006a9420)
	/Users/jace/go/pkg/mod/github.com/nats-io/nats.go@v1.41.1/nats.go:3059 +0xdd
created by github.com/nats-io/nats%2ego.Options.Connect in goroutine 35855
	/Users/jace/go/pkg/mod/github.com/nats-io/nats.go@v1.41.1/nats.go:1635 +0x387

goroutine 37883 [select, 1 minutes]:
github.com/nats-io/nats.go/jetstream.(*pullConsumer).Messages.func2()
	/Users/jace/go/pkg/mod/github.com/nats-io/nats.go@v1.41.1/jetstream/pull.go:538 +0x68
created by github.com/nats-io/nats.go/jetstream.(*pullConsumer).Messages in goroutine 37797
	/Users/jace/go/pkg/mod/github.com/nats-io/nats.go@v1.41.1/jetstream/pull.go:536 +0x78a

goroutine 36955 [chan receive, 2 minutes]:
github.com/ThreeDotsLabs/watermill/message.(*messageTransformSubscriberDecorator).Subscribe.func1()
	/Users/jace/go/pkg/mod/github.com/!three!dots!labs/watermill@v1.4.6/message/decorator.go:52 +0x85
created by github.com/ThreeDotsLabs/watermill/message.(*messageTransformSubscriberDecorator).Subscribe in goroutine 36760
	/Users/jace/go/pkg/mod/github.com/!three!dots!labs/watermill@v1.4.6/message/decorator.go:51 +0xc7

goroutine 34350 [select, 2 minutes]:
github.com/nats-io/nats.go/jetstream.(*pullSubscription).pullMessages(0xc000f901b0, {0xc000e06a00, 0x3e})
	/Users/jace/go/pkg/mod/github.com/nats-io/nats.go@v1.41.1/jetstream/pull.go:955 +0x91
created by github.com/nats-io/nats.go/jetstream.(*pullConsumer).Messages in goroutine 34180
	/Users/jace/go/pkg/mod/github.com/nats-io/nats.go@v1.41.1/jetstream/pull.go:534 +0x748

goroutine 34260 [select, 2 minutes]:
github.com/nats-io/nats.go/jetstream.(*pullSubscription).pullMessages(0xc0014bef30, {0xc00179a230, 0x45})
	/Users/jace/go/pkg/mod/github.com/nats-io/nats.go@v1.41.1/jetstream/pull.go:955 +0x91
created by github.com/nats-io/nats.go/jetstream.(*pullConsumer).Messages in goroutine 34180
	/Users/jace/go/pkg/mod/github.com/nats-io/nats.go@v1.41.1/jetstream/pull.go:534 +0x748

goroutine 34261 [select, 2 minutes]:
github.com/nats-io/nats.go/jetstream.(*pullConsumer).Messages.func2()
	/Users/jace/go/pkg/mod/github.com/nats-io/nats.go@v1.41.1/jetstream/pull.go:538 +0x68
created by github.com/nats-io/nats.go/jetstream.(*pullConsumer).Messages in goroutine 34180
	/Users/jace/go/pkg/mod/github.com/nats-io/nats.go@v1.41.1/jetstream/pull.go:536 +0x78a

goroutine 34262 [select, 2 minutes]:
github.com/nats-io/nats.go/jetstream.(*pullSubscription).Next(0xc0014bef30)
	/Users/jace/go/pkg/mod/github.com/nats-io/nats.go@v1.41.1/jetstream/pull.go:589 +0x285
github.com/Black-And-White-Club/frolf-bot-shared/eventbus.(*eventBus).Subscribe.func1()
	/Users/jace/Documents/GitHub/frolf-bot-shared/eventbus/eventbus.go:326 +0x169
created by github.com/Black-And-White-Club/frolf-bot-shared/eventbus.(*eventBus).Subscribe in goroutine 34180
	/Users/jace/Documents/GitHub/frolf-bot-shared/eventbus/eventbus.go:315 +0xbf1

goroutine 34263 [chan receive, 2 minutes]:
github.com/ThreeDotsLabs/watermill/message.(*messageTransformSubscriberDecorator).Subscribe.func1()
	/Users/jace/go/pkg/mod/github.com/!three!dots!labs/watermill@v1.4.6/message/decorator.go:52 +0x85
created by github.com/ThreeDotsLabs/watermill/message.(*messageTransformSubscriberDecorator).Subscribe in goroutine 34180
	/Users/jace/go/pkg/mod/github.com/!three!dots!labs/watermill@v1.4.6/message/decorator.go:51 +0xc7

goroutine 34264 [chan receive, 2 minutes]:
github.com/ThreeDotsLabs/watermill/message.(*handler).run(0xc001a940d0, {0x10a337fa0, 0xc0010b8280}, {0xc0007c6180, 0x6, 0x0?})
	/Users/jace/go/pkg/mod/github.com/!three!dots!labs/watermill@v1.4.6/message/router.go:645 +0x2b4
github.com/ThreeDotsLabs/watermill/message.(*Router).RunHandlers.func1()
	/Users/jace/go/pkg/mod/github.com/!three!dots!labs/watermill@v1.4.6/message/router.go:460 +0x145
created by github.com/ThreeDotsLabs/watermill/message.(*Router).RunHandlers in goroutine 34180
	/Users/jace/go/pkg/mod/github.com/!three!dots!labs/watermill@v1.4.6/message/router.go:453 +0x606

goroutine 34268 [chan receive, 2 minutes]:
github.com/ThreeDotsLabs/watermill/message.(*messageTransformSubscriberDecorator).Subscribe.func1()
	/Users/jace/go/pkg/mod/github.com/!three!dots!labs/watermill@v1.4.6/message/decorator.go:52 +0x85
created by github.com/ThreeDotsLabs/watermill/message.(*messageTransformSubscriberDecorator).Subscribe in goroutine 34180
	/Users/jace/go/pkg/mod/github.com/!three!dots!labs/watermill@v1.4.6/message/decorator.go:51 +0xc7

goroutine 34269 [chan receive, 2 minutes]:
github.com/ThreeDotsLabs/watermill/message.(*handler).run(0xc001a94340, {0x10a337fa0, 0xc0005ae960}, {0xc00076c000, 0x6, 0x1?})
	/Users/jace/go/pkg/mod/github.com/!three!dots!labs/watermill@v1.4.6/message/router.go:645 +0x2b4
github.com/ThreeDotsLabs/watermill/message.(*Router).RunHandlers.func1()
	/Users/jace/go/pkg/mod/github.com/!three!dots!labs/watermill@v1.4.6/message/router.go:460 +0x145
created by github.com/ThreeDotsLabs/watermill/message.(*Router).RunHandlers in goroutine 34180
	/Users/jace/go/pkg/mod/github.com/!three!dots!labs/watermill@v1.4.6/message/router.go:453 +0x606

goroutine 35576 [chan receive, 2 minutes]:
github.com/ThreeDotsLabs/watermill/message.(*messageTransformSubscriberDecorator).Subscribe.func1()
	/Users/jace/go/pkg/mod/github.com/!three!dots!labs/watermill@v1.4.6/message/decorator.go:52 +0x85
created by github.com/ThreeDotsLabs/watermill/message.(*messageTransformSubscriberDecorator).Subscribe in goroutine 35445
	/Users/jace/go/pkg/mod/github.com/!three!dots!labs/watermill@v1.4.6/message/decorator.go:51 +0xc7

goroutine 34576 [select, 2 minutes]:
github.com/nats-io/nats.go/jetstream.(*pullConsumer).Messages.func2()
	/Users/jace/go/pkg/mod/github.com/nats-io/nats.go@v1.41.1/jetstream/pull.go:538 +0x68
created by github.com/nats-io/nats.go/jetstream.(*pullConsumer).Messages in goroutine 34180
	/Users/jace/go/pkg/mod/github.com/nats-io/nats.go@v1.41.1/jetstream/pull.go:536 +0x78a

goroutine 34315 [select, 2 minutes]:
github.com/nats-io/nats.go/jetstream.(*pullSubscription).pullMessages(0xc0013b1560, {0xc000806730, 0x4b})
	/Users/jace/go/pkg/mod/github.com/nats-io/nats.go@v1.41.1/jetstream/pull.go:955 +0x91
created by github.com/nats-io/nats.go/jetstream.(*pullConsumer).Messages in goroutine 34180
	/Users/jace/go/pkg/mod/github.com/nats-io/nats.go@v1.41.1/jetstream/pull.go:534 +0x748

goroutine 34566 [chan receive, 2 minutes]:
github.com/ThreeDotsLabs/watermill/message.(*handler).run(0xc001a94270, {0x10a337fa0, 0xc001c100a0}, {0xc0001fc780, 0x6, 0x3431333332303431?})
	/Users/jace/go/pkg/mod/github.com/!three!dots!labs/watermill@v1.4.6/message/router.go:645 +0x2b4
github.com/ThreeDotsLabs/watermill/message.(*Router).RunHandlers.func1()
	/Users/jace/go/pkg/mod/github.com/!three!dots!labs/watermill@v1.4.6/message/router.go:460 +0x145
created by github.com/ThreeDotsLabs/watermill/message.(*Router).RunHandlers in goroutine 34180
	/Users/jace/go/pkg/mod/github.com/!three!dots!labs/watermill@v1.4.6/message/router.go:453 +0x606

goroutine 40290 [select, 1 minutes]:
github.com/nats-io/nats.go/jetstream.(*pullSubscription).Next(0xc00055a090)
	/Users/jace/go/pkg/mod/github.com/nats-io/nats.go@v1.41.1/jetstream/pull.go:589 +0x285
github.com/Black-And-White-Club/frolf-bot-shared/eventbus.(*eventBus).Subscribe.func1()
	/Users/jace/Documents/GitHub/frolf-bot-shared/eventbus/eventbus.go:326 +0x169
created by github.com/Black-And-White-Club/frolf-bot-shared/eventbus.(*eventBus).Subscribe in goroutine 40053
	/Users/jace/Documents/GitHub/frolf-bot-shared/eventbus/eventbus.go:315 +0xbf1

goroutine 34363 [select, 2 minutes]:
github.com/nats-io/nats.go/jetstream.(*pullConsumer).Messages.func2()
	/Users/jace/go/pkg/mod/github.com/nats-io/nats.go@v1.41.1/jetstream/pull.go:538 +0x68
created by github.com/nats-io/nats.go/jetstream.(*pullConsumer).Messages in goroutine 34180
	/Users/jace/go/pkg/mod/github.com/nats-io/nats.go@v1.41.1/jetstream/pull.go:536 +0x78a

goroutine 34577 [select, 2 minutes]:
github.com/nats-io/nats.go/jetstream.(*pullSubscription).Next(0xc000b89e60)
	/Users/jace/go/pkg/mod/github.com/nats-io/nats.go@v1.41.1/jetstream/pull.go:589 +0x285
github.com/Black-And-White-Club/frolf-bot-shared/eventbus.(*eventBus).Subscribe.func1()
	/Users/jace/Documents/GitHub/frolf-bot-shared/eventbus/eventbus.go:326 +0x169
created by github.com/Black-And-White-Club/frolf-bot-shared/eventbus.(*eventBus).Subscribe in goroutine 34180
	/Users/jace/Documents/GitHub/frolf-bot-shared/eventbus/eventbus.go:315 +0xbf1

goroutine 34364 [select, 2 minutes]:
github.com/nats-io/nats.go/jetstream.(*pullSubscription).Next(0xc0011a50e0)
	/Users/jace/go/pkg/mod/github.com/nats-io/nats.go@v1.41.1/jetstream/pull.go:589 +0x285
github.com/Black-And-White-Club/frolf-bot-shared/eventbus.(*eventBus).Subscribe.func1()
	/Users/jace/Documents/GitHub/frolf-bot-shared/eventbus/eventbus.go:326 +0x169
created by github.com/Black-And-White-Club/frolf-bot-shared/eventbus.(*eventBus).Subscribe in goroutine 34180
	/Users/jace/Documents/GitHub/frolf-bot-shared/eventbus/eventbus.go:315 +0xbf1

goroutine 34365 [chan receive, 2 minutes]:
github.com/ThreeDotsLabs/watermill/message.(*messageTransformSubscriberDecorator).Subscribe.func1()
	/Users/jace/go/pkg/mod/github.com/!three!dots!labs/watermill@v1.4.6/message/decorator.go:52 +0x85
created by github.com/ThreeDotsLabs/watermill/message.(*messageTransformSubscriberDecorator).Subscribe in goroutine 34180
	/Users/jace/go/pkg/mod/github.com/!three!dots!labs/watermill@v1.4.6/message/decorator.go:51 +0xc7

goroutine 34304 [select, 2 minutes]:
github.com/nats-io/nats.go/jetstream.(*pullSubscription).pullMessages(0xc000ba30e0, {0xc00179a460, 0x47})
	/Users/jace/go/pkg/mod/github.com/nats-io/nats.go@v1.41.1/jetstream/pull.go:955 +0x91
created by github.com/nats-io/nats.go/jetstream.(*pullConsumer).Messages in goroutine 34180
	/Users/jace/go/pkg/mod/github.com/nats-io/nats.go@v1.41.1/jetstream/pull.go:534 +0x748

goroutine 34305 [select, 2 minutes]:
github.com/nats-io/nats.go/jetstream.(*pullConsumer).Messages.func2()
	/Users/jace/go/pkg/mod/github.com/nats-io/nats.go@v1.41.1/jetstream/pull.go:538 +0x68
created by github.com/nats-io/nats.go/jetstream.(*pullConsumer).Messages in goroutine 34180
	/Users/jace/go/pkg/mod/github.com/nats-io/nats.go@v1.41.1/jetstream/pull.go:536 +0x78a

goroutine 34386 [select, 2 minutes]:
github.com/nats-io/nats.go/jetstream.(*pullSubscription).Next(0xc000ba30e0)
	/Users/jace/go/pkg/mod/github.com/nats-io/nats.go@v1.41.1/jetstream/pull.go:589 +0x285
github.com/Black-And-White-Club/frolf-bot-shared/eventbus.(*eventBus).Subscribe.func1()
	/Users/jace/Documents/GitHub/frolf-bot-shared/eventbus/eventbus.go:326 +0x169
created by github.com/Black-And-White-Club/frolf-bot-shared/eventbus.(*eventBus).Subscribe in goroutine 34180
	/Users/jace/Documents/GitHub/frolf-bot-shared/eventbus/eventbus.go:315 +0xbf1

goroutine 34387 [chan receive, 2 minutes]:
github.com/ThreeDotsLabs/watermill/message.(*messageTransformSubscriberDecorator).Subscribe.func1()
	/Users/jace/go/pkg/mod/github.com/!three!dots!labs/watermill@v1.4.6/message/decorator.go:52 +0x85
created by github.com/ThreeDotsLabs/watermill/message.(*messageTransformSubscriberDecorator).Subscribe in goroutine 34180
	/Users/jace/go/pkg/mod/github.com/!three!dots!labs/watermill@v1.4.6/message/decorator.go:51 +0xc7

goroutine 34388 [chan receive, 2 minutes]:
github.com/ThreeDotsLabs/watermill/message.(*handler).run(0xc001a94d00, {0x10a337fa0, 0xc0010e25a0}, {0xc000aba0c0, 0x6, 0x0?})
	/Users/jace/go/pkg/mod/github.com/!three!dots!labs/watermill@v1.4.6/message/router.go:645 +0x2b4
github.com/ThreeDotsLabs/watermill/message.(*Router).RunHandlers.func1()
	/Users/jace/go/pkg/mod/github.com/!three!dots!labs/watermill@v1.4.6/message/router.go:460 +0x145
created by github.com/ThreeDotsLabs/watermill/message.(*Router).RunHandlers in goroutine 34180
	/Users/jace/go/pkg/mod/github.com/!three!dots!labs/watermill@v1.4.6/message/router.go:453 +0x606

goroutine 34382 [select, 2 minutes]:
github.com/nats-io/nats.go/jetstream.(*pullConsumer).Messages.func2()
	/Users/jace/go/pkg/mod/github.com/nats-io/nats.go@v1.41.1/jetstream/pull.go:538 +0x68
created by github.com/nats-io/nats.go/jetstream.(*pullConsumer).Messages in goroutine 34180
	/Users/jace/go/pkg/mod/github.com/nats-io/nats.go@v1.41.1/jetstream/pull.go:536 +0x78a

goroutine 34413 [select, 2 minutes]:
github.com/nats-io/nats.go/jetstream.(*pullSubscription).pullMessages(0xc000f91830, {0xc000e06c00, 0x3f})
	/Users/jace/go/pkg/mod/github.com/nats-io/nats.go@v1.41.1/jetstream/pull.go:955 +0x91
created by github.com/nats-io/nats.go/jetstream.(*pullConsumer).Messages in goroutine 34180
	/Users/jace/go/pkg/mod/github.com/nats-io/nats.go@v1.41.1/jetstream/pull.go:534 +0x748

goroutine 34462 [select, 2 minutes]:
github.com/nats-io/nats.go/jetstream.(*pullConsumer).Messages.func2()
	/Users/jace/go/pkg/mod/github.com/nats-io/nats.go@v1.41.1/jetstream/pull.go:538 +0x68
created by github.com/nats-io/nats.go/jetstream.(*pullConsumer).Messages in goroutine 34180
	/Users/jace/go/pkg/mod/github.com/nats-io/nats.go@v1.41.1/jetstream/pull.go:536 +0x78a

goroutine 37850 [select, 1 minutes]:
github.com/nats-io/nats.go/jetstream.(*pullSubscription).Next(0xc0013b1710)
	/Users/jace/go/pkg/mod/github.com/nats-io/nats.go@v1.41.1/jetstream/pull.go:589 +0x285
github.com/Black-And-White-Club/frolf-bot-shared/eventbus.(*eventBus).Subscribe.func1()
	/Users/jace/Documents/GitHub/frolf-bot-shared/eventbus/eventbus.go:326 +0x169
created by github.com/Black-And-White-Club/frolf-bot-shared/eventbus.(*eventBus).Subscribe in goroutine 37797
	/Users/jace/Documents/GitHub/frolf-bot-shared/eventbus/eventbus.go:315 +0xbf1

goroutine 36790 [chan receive, 2 minutes]:
github.com/ThreeDotsLabs/watermill/message.(*messageTransformSubscriberDecorator).Subscribe.func1()
	/Users/jace/go/pkg/mod/github.com/!three!dots!labs/watermill@v1.4.6/message/decorator.go:52 +0x85
created by github.com/ThreeDotsLabs/watermill/message.(*messageTransformSubscriberDecorator).Subscribe in goroutine 36760
	/Users/jace/go/pkg/mod/github.com/!three!dots!labs/watermill@v1.4.6/message/decorator.go:51 +0xc7

goroutine 34396 [select, 2 minutes]:
github.com/nats-io/nats.go/jetstream.(*pullSubscription).Next(0xc000ba3b00)
	/Users/jace/go/pkg/mod/github.com/nats-io/nats.go@v1.41.1/jetstream/pull.go:589 +0x285
github.com/Black-And-White-Club/frolf-bot-shared/eventbus.(*eventBus).Subscribe.func1()
	/Users/jace/Documents/GitHub/frolf-bot-shared/eventbus/eventbus.go:326 +0x169
created by github.com/Black-And-White-Club/frolf-bot-shared/eventbus.(*eventBus).Subscribe in goroutine 34180
	/Users/jace/Documents/GitHub/frolf-bot-shared/eventbus/eventbus.go:315 +0xbf1

goroutine 34397 [chan receive, 2 minutes]:
github.com/ThreeDotsLabs/watermill/message.(*messageTransformSubscriberDecorator).Subscribe.func1()
	/Users/jace/go/pkg/mod/github.com/!three!dots!labs/watermill@v1.4.6/message/decorator.go:52 +0x85
created by github.com/ThreeDotsLabs/watermill/message.(*messageTransformSubscriberDecorator).Subscribe in goroutine 34180
	/Users/jace/go/pkg/mod/github.com/!three!dots!labs/watermill@v1.4.6/message/decorator.go:51 +0xc7

goroutine 34398 [chan receive, 2 minutes]:
github.com/ThreeDotsLabs/watermill/message.(*handler).run(0xc001a94c30, {0x10a337fa0, 0xc0010b91d0}, {0xc0001fc480, 0x6, 0x0?})
	/Users/jace/go/pkg/mod/github.com/!three!dots!labs/watermill@v1.4.6/message/router.go:645 +0x2b4
github.com/ThreeDotsLabs/watermill/message.(*Router).RunHandlers.func1()
	/Users/jace/go/pkg/mod/github.com/!three!dots!labs/watermill@v1.4.6/message/router.go:460 +0x145
created by github.com/ThreeDotsLabs/watermill/message.(*Router).RunHandlers in goroutine 34180
	/Users/jace/go/pkg/mod/github.com/!three!dots!labs/watermill@v1.4.6/message/router.go:453 +0x606

goroutine 35577 [chan receive, 2 minutes]:
github.com/ThreeDotsLabs/watermill/message.(*handler).run(0xc0006f6c30, {0x10a337fa0, 0xc001ab4a50}, {0xc0019cae40, 0x6, 0x0?})
	/Users/jace/go/pkg/mod/github.com/!three!dots!labs/watermill@v1.4.6/message/router.go:645 +0x2b4
github.com/ThreeDotsLabs/watermill/message.(*Router).RunHandlers.func1()
	/Users/jace/go/pkg/mod/github.com/!three!dots!labs/watermill@v1.4.6/message/router.go:460 +0x145
created by github.com/ThreeDotsLabs/watermill/message.(*Router).RunHandlers in goroutine 35445
	/Users/jace/go/pkg/mod/github.com/!three!dots!labs/watermill@v1.4.6/message/router.go:453 +0x606

goroutine 34563 [select, 2 minutes]:
github.com/nats-io/nats.go/jetstream.(*pullConsumer).Messages.func2()
	/Users/jace/go/pkg/mod/github.com/nats-io/nats.go@v1.41.1/jetstream/pull.go:538 +0x68
created by github.com/nats-io/nats.go/jetstream.(*pullConsumer).Messages in goroutine 34180
	/Users/jace/go/pkg/mod/github.com/nats-io/nats.go@v1.41.1/jetstream/pull.go:536 +0x78a

goroutine 34384 [chan receive, 2 minutes]:
github.com/ThreeDotsLabs/watermill/message.(*messageTransformSubscriberDecorator).Subscribe.func1()
	/Users/jace/go/pkg/mod/github.com/!three!dots!labs/watermill@v1.4.6/message/decorator.go:52 +0x85
created by github.com/ThreeDotsLabs/watermill/message.(*messageTransformSubscriberDecorator).Subscribe in goroutine 34180
	/Users/jace/go/pkg/mod/github.com/!three!dots!labs/watermill@v1.4.6/message/decorator.go:51 +0xc7

goroutine 34385 [chan receive, 2 minutes]:
github.com/ThreeDotsLabs/watermill/message.(*handler).run(0xc001a94ea0, {0x10a337fa0, 0xc0009b6230}, {0xc00076c180, 0x6, 0xc0017d8f78?})
	/Users/jace/go/pkg/mod/github.com/!three!dots!labs/watermill@v1.4.6/message/router.go:645 +0x2b4
github.com/ThreeDotsLabs/watermill/message.(*Router).RunHandlers.func1()
	/Users/jace/go/pkg/mod/github.com/!three!dots!labs/watermill@v1.4.6/message/router.go:460 +0x145
created by github.com/ThreeDotsLabs/watermill/message.(*Router).RunHandlers in goroutine 34180
	/Users/jace/go/pkg/mod/github.com/!three!dots!labs/watermill@v1.4.6/message/router.go:453 +0x606

goroutine 39040 [select, 1 minutes]:
github.com/nats-io/nats.go/jetstream.(*pullSubscription).pullMessages(0xc001c90a20, {0xc001eb8460, 0x4f})
	/Users/jace/go/pkg/mod/github.com/nats-io/nats.go@v1.41.1/jetstream/pull.go:955 +0x91
created by github.com/nats-io/nats.go/jetstream.(*pullConsumer).Messages in goroutine 38959
	/Users/jace/go/pkg/mod/github.com/nats-io/nats.go@v1.41.1/jetstream/pull.go:534 +0x748

goroutine 34463 [select, 2 minutes]:
github.com/nats-io/nats.go/jetstream.(*pullSubscription).Next(0xc001042000)
	/Users/jace/go/pkg/mod/github.com/nats-io/nats.go@v1.41.1/jetstream/pull.go:589 +0x285
github.com/Black-And-White-Club/frolf-bot-shared/eventbus.(*eventBus).Subscribe.func1()
	/Users/jace/Documents/GitHub/frolf-bot-shared/eventbus/eventbus.go:326 +0x169
created by github.com/Black-And-White-Club/frolf-bot-shared/eventbus.(*eventBus).Subscribe in goroutine 34180
	/Users/jace/Documents/GitHub/frolf-bot-shared/eventbus/eventbus.go:315 +0xbf1

goroutine 34509 [select, 2 minutes]:
github.com/nats-io/nats.go/jetstream.(*pullConsumer).Messages.func2()
	/Users/jace/go/pkg/mod/github.com/nats-io/nats.go@v1.41.1/jetstream/pull.go:538 +0x68
created by github.com/nats-io/nats.go/jetstream.(*pullConsumer).Messages in goroutine 34180
	/Users/jace/go/pkg/mod/github.com/nats-io/nats.go@v1.41.1/jetstream/pull.go:536 +0x78a

goroutine 39139 [chan receive, 1 minutes]:
github.com/ThreeDotsLabs/watermill/message.(*messageTransformSubscriberDecorator).Subscribe.func1()
	/Users/jace/go/pkg/mod/github.com/!three!dots!labs/watermill@v1.4.6/message/decorator.go:52 +0x85
created by github.com/ThreeDotsLabs/watermill/message.(*messageTransformSubscriberDecorator).Subscribe in goroutine 38959
	/Users/jace/go/pkg/mod/github.com/!three!dots!labs/watermill@v1.4.6/message/decorator.go:51 +0xc7

goroutine 39140 [chan receive, 1 minutes]:
github.com/ThreeDotsLabs/watermill/message.(*handler).run(0xc001a3a680, {0x10a337fa0, 0xc0000eb900}, {0xc001d04f00, 0x6, 0x0?})
	/Users/jace/go/pkg/mod/github.com/!three!dots!labs/watermill@v1.4.6/message/router.go:645 +0x2b4
github.com/ThreeDotsLabs/watermill/message.(*Router).RunHandlers.func1()
	/Users/jace/go/pkg/mod/github.com/!three!dots!labs/watermill@v1.4.6/message/router.go:460 +0x145
created by github.com/ThreeDotsLabs/watermill/message.(*Router).RunHandlers in goroutine 38959
	/Users/jace/go/pkg/mod/github.com/!three!dots!labs/watermill@v1.4.6/message/router.go:453 +0x606

goroutine 38024 [select, 1 minutes]:
github.com/nats-io/nats.go/jetstream.(*pullSubscription).Next(0xc0012d4f30)
	/Users/jace/go/pkg/mod/github.com/nats-io/nats.go@v1.41.1/jetstream/pull.go:589 +0x285
github.com/Black-And-White-Club/frolf-bot-shared/eventbus.(*eventBus).Subscribe.func1()
	/Users/jace/Documents/GitHub/frolf-bot-shared/eventbus/eventbus.go:326 +0x169
created by github.com/Black-And-White-Club/frolf-bot-shared/eventbus.(*eventBus).Subscribe in goroutine 37797
	/Users/jace/Documents/GitHub/frolf-bot-shared/eventbus/eventbus.go:315 +0xbf1

goroutine 34725 [sync.WaitGroup.Wait, 2 minutes]:
sync.runtime_SemacquireWaitGroup(0x1095ae7c0?)
	/usr/local/Cellar/go/1.24.2/libexec/src/runtime/sema.go:110 +0x25
sync.(*WaitGroup).Wait(0x10912d554?)
	/usr/local/Cellar/go/1.24.2/libexec/src/sync/waitgroup.go:118 +0x48
github.com/ThreeDotsLabs/watermill/message.(*Router).watchAllHandlersStopped.func1()
	/Users/jace/go/pkg/mod/github.com/!three!dots!labs/watermill@v1.4.6/message/router.go:498 +0x86
created by github.com/ThreeDotsLabs/watermill/message.(*Router).watchAllHandlersStopped in goroutine 35445
	/Users/jace/go/pkg/mod/github.com/!three!dots!labs/watermill@v1.4.6/message/router.go:484 +0xec

goroutine 34564 [select, 2 minutes]:
github.com/nats-io/nats.go/jetstream.(*pullSubscription).Next(0xc000b88090)
	/Users/jace/go/pkg/mod/github.com/nats-io/nats.go@v1.41.1/jetstream/pull.go:589 +0x285
github.com/Black-And-White-Club/frolf-bot-shared/eventbus.(*eventBus).Subscribe.func1()
	/Users/jace/Documents/GitHub/frolf-bot-shared/eventbus/eventbus.go:326 +0x169
created by github.com/Black-And-White-Club/frolf-bot-shared/eventbus.(*eventBus).Subscribe in goroutine 34180
	/Users/jace/Documents/GitHub/frolf-bot-shared/eventbus/eventbus.go:315 +0xbf1

goroutine 34557 [chan receive, 2 minutes]:
github.com/ThreeDotsLabs/watermill/message.(*handler).run(0xc001a944e0, {0x10a337fa0, 0xc0000ea410}, {0xc001ae6180, 0x6, 0x10a0bfea0?})
	/Users/jace/go/pkg/mod/github.com/!three!dots!labs/watermill@v1.4.6/message/router.go:645 +0x2b4
github.com/ThreeDotsLabs/watermill/message.(*Router).RunHandlers.func1()
	/Users/jace/go/pkg/mod/github.com/!three!dots!labs/watermill@v1.4.6/message/router.go:460 +0x145
created by github.com/ThreeDotsLabs/watermill/message.(*Router).RunHandlers in goroutine 34180
	/Users/jace/go/pkg/mod/github.com/!three!dots!labs/watermill@v1.4.6/message/router.go:453 +0x606

goroutine 34595 [chan receive, 2 minutes]:
github.com/ThreeDotsLabs/watermill/message.(*handler).run(0xc001a94820, {0x10a337fa0, 0xc0010e3a90}, {0xc000be03c0, 0x6, 0x100010000?})
	/Users/jace/go/pkg/mod/github.com/!three!dots!labs/watermill@v1.4.6/message/router.go:645 +0x2b4
github.com/ThreeDotsLabs/watermill/message.(*Router).RunHandlers.func1()
	/Users/jace/go/pkg/mod/github.com/!three!dots!labs/watermill@v1.4.6/message/router.go:460 +0x145
created by github.com/ThreeDotsLabs/watermill/message.(*Router).RunHandlers in goroutine 34180
	/Users/jace/go/pkg/mod/github.com/!three!dots!labs/watermill@v1.4.6/message/router.go:453 +0x606

goroutine 36698 [sync.Cond.Wait, 2 minutes]:
sync.runtime_notifyListWait(0xc00128cfd0, 0x0)
	/usr/local/Cellar/go/1.24.2/libexec/src/runtime/sema.go:597 +0x159
sync.(*Cond).Wait(0xc001f1d0a0?)
	/usr/local/Cellar/go/1.24.2/libexec/src/sync/cond.go:71 +0x85
github.com/nats-io/nats%2ego.(*asyncCallbacksHandler).asyncCBDispatcher(0xc000abed80)
	/Users/jace/go/pkg/mod/github.com/nats-io/nats.go@v1.41.1/nats.go:3059 +0xdd
created by github.com/nats-io/nats%2ego.Options.Connect in goroutine 35855
	/Users/jace/go/pkg/mod/github.com/nats-io/nats.go@v1.41.1/nats.go:1635 +0x387

goroutine 34553 [select, 2 minutes]:
github.com/nats-io/nats.go/jetstream.(*pullSubscription).pullMessages(0xc0015350e0, {0xc000754500, 0x45})
	/Users/jace/go/pkg/mod/github.com/nats-io/nats.go@v1.41.1/jetstream/pull.go:955 +0x91
created by github.com/nats-io/nats.go/jetstream.(*pullConsumer).Messages in goroutine 34180
	/Users/jace/go/pkg/mod/github.com/nats-io/nats.go@v1.41.1/jetstream/pull.go:534 +0x748

goroutine 37642 [sync.WaitGroup.Wait, 1 minutes]:
sync.runtime_SemacquireWaitGroup(0x1091256d2?)
	/usr/local/Cellar/go/1.24.2/libexec/src/runtime/sema.go:110 +0x25
sync.(*WaitGroup).Wait(0x10939027c?)
	/usr/local/Cellar/go/1.24.2/libexec/src/sync/waitgroup.go:118 +0x48
github.com/ThreeDotsLabs/watermill/message.(*Router).watchAllHandlersStopped.func1()
	/Users/jace/go/pkg/mod/github.com/!three!dots!labs/watermill@v1.4.6/message/router.go:498 +0x86
created by github.com/ThreeDotsLabs/watermill/message.(*Router).watchAllHandlersStopped in goroutine 37797
	/Users/jace/go/pkg/mod/github.com/!three!dots!labs/watermill@v1.4.6/message/router.go:484 +0xec

goroutine 34562 [select, 2 minutes]:
github.com/nats-io/nats.go/jetstream.(*pullSubscription).pullMessages(0xc000b88090, {0xc00004c7e0, 0x55})
	/Users/jace/go/pkg/mod/github.com/nats-io/nats.go@v1.41.1/jetstream/pull.go:955 +0x91
created by github.com/nats-io/nats.go/jetstream.(*pullConsumer).Messages in goroutine 34180
	/Users/jace/go/pkg/mod/github.com/nats-io/nats.go@v1.41.1/jetstream/pull.go:534 +0x748

goroutine 34417 [chan receive, 2 minutes]:
github.com/ThreeDotsLabs/watermill/message.(*handler).run(0xc001a95d40, {0x10a337fa0, 0xc000a2d810}, {0xc000a5a300, 0x6, 0x0?})
	/Users/jace/go/pkg/mod/github.com/!three!dots!labs/watermill@v1.4.6/message/router.go:645 +0x2b4
github.com/ThreeDotsLabs/watermill/message.(*Router).RunHandlers.func1()
	/Users/jace/go/pkg/mod/github.com/!three!dots!labs/watermill@v1.4.6/message/router.go:460 +0x145
created by github.com/ThreeDotsLabs/watermill/message.(*Router).RunHandlers in goroutine 34180
	/Users/jace/go/pkg/mod/github.com/!three!dots!labs/watermill@v1.4.6/message/router.go:453 +0x606

goroutine 34465 [chan receive, 2 minutes]:
github.com/ThreeDotsLabs/watermill/message.(*handler).run(0xc001a95ad0, {0x10a337fa0, 0xc0000c4050}, {0xc0007c6300, 0x6, 0xc00175f778?})
	/Users/jace/go/pkg/mod/github.com/!three!dots!labs/watermill@v1.4.6/message/router.go:645 +0x2b4
github.com/ThreeDotsLabs/watermill/message.(*Router).RunHandlers.func1()
	/Users/jace/go/pkg/mod/github.com/!three!dots!labs/watermill@v1.4.6/message/router.go:460 +0x145
created by github.com/ThreeDotsLabs/watermill/message.(*Router).RunHandlers in goroutine 34180
	/Users/jace/go/pkg/mod/github.com/!three!dots!labs/watermill@v1.4.6/message/router.go:453 +0x606

goroutine 34288 [select, 2 minutes]:
github.com/nats-io/nats.go/jetstream.(*pullSubscription).pullMessages(0xc0012d5ef0, {0xc0002547d0, 0x4d})
	/Users/jace/go/pkg/mod/github.com/nats-io/nats.go@v1.41.1/jetstream/pull.go:955 +0x91
created by github.com/nats-io/nats.go/jetstream.(*pullConsumer).Messages in goroutine 34180
	/Users/jace/go/pkg/mod/github.com/nats-io/nats.go@v1.41.1/jetstream/pull.go:534 +0x748

goroutine 34289 [select, 2 minutes]:
github.com/nats-io/nats.go/jetstream.(*pullConsumer).Messages.func2()
	/Users/jace/go/pkg/mod/github.com/nats-io/nats.go@v1.41.1/jetstream/pull.go:538 +0x68
created by github.com/nats-io/nats.go/jetstream.(*pullConsumer).Messages in goroutine 34180
	/Users/jace/go/pkg/mod/github.com/nats-io/nats.go@v1.41.1/jetstream/pull.go:536 +0x78a

goroutine 34514 [select, 2 minutes]:
github.com/nats-io/nats.go/jetstream.(*pullSubscription).Next(0xc0012d5ef0)
	/Users/jace/go/pkg/mod/github.com/nats-io/nats.go@v1.41.1/jetstream/pull.go:589 +0x285
github.com/Black-And-White-Club/frolf-bot-shared/eventbus.(*eventBus).Subscribe.func1()
	/Users/jace/Documents/GitHub/frolf-bot-shared/eventbus/eventbus.go:326 +0x169
created by github.com/Black-And-White-Club/frolf-bot-shared/eventbus.(*eventBus).Subscribe in goroutine 34180
	/Users/jace/Documents/GitHub/frolf-bot-shared/eventbus/eventbus.go:315 +0xbf1

goroutine 34515 [chan receive, 2 minutes]:
github.com/ThreeDotsLabs/watermill/message.(*messageTransformSubscriberDecorator).Subscribe.func1()
	/Users/jace/go/pkg/mod/github.com/!three!dots!labs/watermill@v1.4.6/message/decorator.go:52 +0x85
created by github.com/ThreeDotsLabs/watermill/message.(*messageTransformSubscriberDecorator).Subscribe in goroutine 34180
	/Users/jace/go/pkg/mod/github.com/!three!dots!labs/watermill@v1.4.6/message/decorator.go:51 +0xc7

goroutine 34516 [chan receive, 2 minutes]:
github.com/ThreeDotsLabs/watermill/message.(*handler).run(0xc001a95c70, {0x10a337fa0, 0xc0009b6e60}, {0xc0001fc600, 0x6, 0x0?})
	/Users/jace/go/pkg/mod/github.com/!three!dots!labs/watermill@v1.4.6/message/router.go:645 +0x2b4
github.com/ThreeDotsLabs/watermill/message.(*Router).RunHandlers.func1()
	/Users/jace/go/pkg/mod/github.com/!three!dots!labs/watermill@v1.4.6/message/router.go:460 +0x145
created by github.com/ThreeDotsLabs/watermill/message.(*Router).RunHandlers in goroutine 34180
	/Users/jace/go/pkg/mod/github.com/!three!dots!labs/watermill@v1.4.6/message/router.go:453 +0x606

goroutine 35552 [select, 2 minutes]:
github.com/nats-io/nats.go/jetstream.(*pullSubscription).pullMessages(0xc001c90d80, {0xc001a42f60, 0x58})
	/Users/jace/go/pkg/mod/github.com/nats-io/nats.go@v1.41.1/jetstream/pull.go:955 +0x91
created by github.com/nats-io/nats.go/jetstream.(*pullConsumer).Messages in goroutine 35445
	/Users/jace/go/pkg/mod/github.com/nats-io/nats.go@v1.41.1/jetstream/pull.go:534 +0x748

goroutine 34579 [select, 2 minutes]:
github.com/nats-io/nats.go/jetstream.(*pullSubscription).pullMessages(0xc001534f30, {0xc0007544b0, 0x42})
	/Users/jace/go/pkg/mod/github.com/nats-io/nats.go@v1.41.1/jetstream/pull.go:955 +0x91
created by github.com/nats-io/nats.go/jetstream.(*pullConsumer).Messages in goroutine 34180
	/Users/jace/go/pkg/mod/github.com/nats-io/nats.go@v1.41.1/jetstream/pull.go:534 +0x748

goroutine 34508 [select, 2 minutes]:
github.com/nats-io/nats.go/jetstream.(*pullSubscription).pullMessages(0xc00113f680, {0xc0018a6410, 0x4b})
	/Users/jace/go/pkg/mod/github.com/nats-io/nats.go@v1.41.1/jetstream/pull.go:955 +0x91
created by github.com/nats-io/nats.go/jetstream.(*pullConsumer).Messages in goroutine 34180
	/Users/jace/go/pkg/mod/github.com/nats-io/nats.go@v1.41.1/jetstream/pull.go:534 +0x748

goroutine 39030 [chan receive, 1 minutes]:
github.com/ThreeDotsLabs/watermill/message.(*messageTransformSubscriberDecorator).Subscribe.func1()
	/Users/jace/go/pkg/mod/github.com/!three!dots!labs/watermill@v1.4.6/message/decorator.go:52 +0x85
created by github.com/ThreeDotsLabs/watermill/message.(*messageTransformSubscriberDecorator).Subscribe in goroutine 38959
	/Users/jace/go/pkg/mod/github.com/!three!dots!labs/watermill@v1.4.6/message/decorator.go:51 +0xc7

goroutine 40361 [select, 1 minutes]:
github.com/nats-io/nats.go/jetstream.(*pullSubscription).Next(0xc00172d440)
	/Users/jace/go/pkg/mod/github.com/nats-io/nats.go@v1.41.1/jetstream/pull.go:589 +0x285
github.com/Black-And-White-Club/frolf-bot-shared/eventbus.(*eventBus).Subscribe.func1()
	/Users/jace/Documents/GitHub/frolf-bot-shared/eventbus/eventbus.go:326 +0x169
created by github.com/Black-And-White-Club/frolf-bot-shared/eventbus.(*eventBus).Subscribe in goroutine 40053
	/Users/jace/Documents/GitHub/frolf-bot-shared/eventbus/eventbus.go:315 +0xbf1

goroutine 34554 [select, 2 minutes]:
github.com/nats-io/nats.go/jetstream.(*pullConsumer).Messages.func2()
	/Users/jace/go/pkg/mod/github.com/nats-io/nats.go@v1.41.1/jetstream/pull.go:538 +0x68
created by github.com/nats-io/nats.go/jetstream.(*pullConsumer).Messages in goroutine 34180
	/Users/jace/go/pkg/mod/github.com/nats-io/nats.go@v1.41.1/jetstream/pull.go:536 +0x78a

goroutine 36881 [chan receive, 2 minutes]:
github.com/ThreeDotsLabs/watermill/message.(*handler).run(0xc0006a60d0, {0x10a337fa0, 0xc001980b90}, {0xc00139a900, 0x6, 0x706972637365445f?})
	/Users/jace/go/pkg/mod/github.com/!three!dots!labs/watermill@v1.4.6/message/router.go:645 +0x2b4
github.com/ThreeDotsLabs/watermill/message.(*Router).RunHandlers.func1()
	/Users/jace/go/pkg/mod/github.com/!three!dots!labs/watermill@v1.4.6/message/router.go:460 +0x145
created by github.com/ThreeDotsLabs/watermill/message.(*Router).RunHandlers in goroutine 36760
	/Users/jace/go/pkg/mod/github.com/!three!dots!labs/watermill@v1.4.6/message/router.go:453 +0x606

goroutine 37033 [select, 1 minutes]:
github.com/nats-io/nats.go/jetstream.(*pullSubscription).pullMessages(0xc0013b0bd0, {0xc0018a61e0, 0x4d})
	/Users/jace/go/pkg/mod/github.com/nats-io/nats.go@v1.41.1/jetstream/pull.go:955 +0x91
created by github.com/nats-io/nats.go/jetstream.(*pullConsumer).Messages in goroutine 37797
	/Users/jace/go/pkg/mod/github.com/nats-io/nats.go@v1.41.1/jetstream/pull.go:534 +0x748

goroutine 37068 [chan receive, 2 minutes]:
github.com/ThreeDotsLabs/watermill/message.(*messageTransformSubscriberDecorator).Subscribe.func1()
	/Users/jace/go/pkg/mod/github.com/!three!dots!labs/watermill@v1.4.6/message/decorator.go:52 +0x85
created by github.com/ThreeDotsLabs/watermill/message.(*messageTransformSubscriberDecorator).Subscribe in goroutine 36760
	/Users/jace/go/pkg/mod/github.com/!three!dots!labs/watermill@v1.4.6/message/decorator.go:51 +0xc7

goroutine 37947 [chan receive, 1 minutes]:
github.com/ThreeDotsLabs/watermill/message.(*handler).run(0xc000d5c270, {0x10a337fa0, 0xc001ab54a0}, {0xc0019909c0, 0x6, 0x151a49ed8?})
	/Users/jace/go/pkg/mod/github.com/!three!dots!labs/watermill@v1.4.6/message/router.go:645 +0x2b4
github.com/ThreeDotsLabs/watermill/message.(*Router).RunHandlers.func1()
	/Users/jace/go/pkg/mod/github.com/!three!dots!labs/watermill@v1.4.6/message/router.go:460 +0x145
created by github.com/ThreeDotsLabs/watermill/message.(*Router).RunHandlers in goroutine 37797
	/Users/jace/go/pkg/mod/github.com/!three!dots!labs/watermill@v1.4.6/message/router.go:453 +0x606

goroutine 38170 [chan receive, 1 minutes]:
github.com/ThreeDotsLabs/watermill/message.(*messageTransformSubscriberDecorator).Subscribe.func1()
	/Users/jace/go/pkg/mod/github.com/!three!dots!labs/watermill@v1.4.6/message/decorator.go:52 +0x85
created by github.com/ThreeDotsLabs/watermill/message.(*messageTransformSubscriberDecorator).Subscribe in goroutine 37797
	/Users/jace/go/pkg/mod/github.com/!three!dots!labs/watermill@v1.4.6/message/decorator.go:51 +0xc7

goroutine 43776 [select]:
github.com/nats-io/nats%2ego.(*Conn).doReconnect(0xc00163b808, {0x10a327f28, 0x10acedb30}, 0x0)
	/Users/jace/go/pkg/mod/github.com/nats-io/nats.go@v1.41.1/nats.go:2907 +0x41a
created by github.com/nats-io/nats%2ego.(*Conn).processOpErr in goroutine 43673
	/Users/jace/go/pkg/mod/github.com/nats-io/nats.go@v1.41.1/nats.go:3043 +0x2f3

goroutine 39455 [chan receive, 1 minutes]:
github.com/ThreeDotsLabs/watermill/message.(*messageTransformSubscriberDecorator).Subscribe.func1()
	/Users/jace/go/pkg/mod/github.com/!three!dots!labs/watermill@v1.4.6/message/decorator.go:52 +0x85
created by github.com/ThreeDotsLabs/watermill/message.(*messageTransformSubscriberDecorator).Subscribe in goroutine 40053
	/Users/jace/go/pkg/mod/github.com/!three!dots!labs/watermill@v1.4.6/message/decorator.go:51 +0xc7

goroutine 34582 [chan receive, 2 minutes]:
github.com/ThreeDotsLabs/watermill/message.(*messageTransformSubscriberDecorator).Subscribe.func1()
	/Users/jace/go/pkg/mod/github.com/!three!dots!labs/watermill@v1.4.6/message/decorator.go:52 +0x85
created by github.com/ThreeDotsLabs/watermill/message.(*messageTransformSubscriberDecorator).Subscribe in goroutine 34180
	/Users/jace/go/pkg/mod/github.com/!three!dots!labs/watermill@v1.4.6/message/decorator.go:51 +0xc7

goroutine 34583 [chan receive, 2 minutes]:
github.com/ThreeDotsLabs/watermill/message.(*handler).run(0xc001a94410, {0x10a337fa0, 0xc001c10280}, {0xc00076c300, 0x6, 0xc0012e8238?})
	/Users/jace/go/pkg/mod/github.com/!three!dots!labs/watermill@v1.4.6/message/router.go:645 +0x2b4
github.com/ThreeDotsLabs/watermill/message.(*Router).RunHandlers.func1()
	/Users/jace/go/pkg/mod/github.com/!three!dots!labs/watermill@v1.4.6/message/router.go:460 +0x145
created by github.com/ThreeDotsLabs/watermill/message.(*Router).RunHandlers in goroutine 34180
	/Users/jace/go/pkg/mod/github.com/!three!dots!labs/watermill@v1.4.6/message/router.go:453 +0x606

goroutine 35690 [select, 2 minutes]:
github.com/nats-io/nats.go/jetstream.(*pullSubscription).pullMessages(0xc001b35950, {0xc0007d7ea0, 0x45})
	/Users/jace/go/pkg/mod/github.com/nats-io/nats.go@v1.41.1/jetstream/pull.go:955 +0x91
created by github.com/nats-io/nats.go/jetstream.(*pullConsumer).Messages in goroutine 35445
	/Users/jace/go/pkg/mod/github.com/nats-io/nats.go@v1.41.1/jetstream/pull.go:534 +0x748

goroutine 38988 [chan receive, 1 minutes]:
github.com/ThreeDotsLabs/watermill/message.(*messageTransformSubscriberDecorator).Subscribe.func1()
	/Users/jace/go/pkg/mod/github.com/!three!dots!labs/watermill@v1.4.6/message/decorator.go:52 +0x85
created by github.com/ThreeDotsLabs/watermill/message.(*messageTransformSubscriberDecorator).Subscribe in goroutine 38959
	/Users/jace/go/pkg/mod/github.com/!three!dots!labs/watermill@v1.4.6/message/decorator.go:51 +0xc7

goroutine 37831 [chan receive, 1 minutes]:
github.com/ThreeDotsLabs/watermill/message.(*handler).run(0xc000d5c820, {0x10a337fa0, 0xc00192b4f0}, {0xc002041b00, 0x6, 0x10a0bfea0?})
	/Users/jace/go/pkg/mod/github.com/!three!dots!labs/watermill@v1.4.6/message/router.go:645 +0x2b4
github.com/ThreeDotsLabs/watermill/message.(*Router).RunHandlers.func1()
	/Users/jace/go/pkg/mod/github.com/!three!dots!labs/watermill@v1.4.6/message/router.go:460 +0x145
created by github.com/ThreeDotsLabs/watermill/message.(*Router).RunHandlers in goroutine 37797
	/Users/jace/go/pkg/mod/github.com/!three!dots!labs/watermill@v1.4.6/message/router.go:453 +0x606

goroutine 37848 [select, 1 minutes]:
github.com/nats-io/nats.go/jetstream.(*pullSubscription).pullMessages(0xc0013b1710, {0xc00004c240, 0x52})
	/Users/jace/go/pkg/mod/github.com/nats-io/nats.go@v1.41.1/jetstream/pull.go:955 +0x91
created by github.com/nats-io/nats.go/jetstream.(*pullConsumer).Messages in goroutine 37797
	/Users/jace/go/pkg/mod/github.com/nats-io/nats.go@v1.41.1/jetstream/pull.go:534 +0x748

goroutine 38010 [select, 1 minutes]:
github.com/nats-io/nats.go/jetstream.(*pullSubscription).Next(0xc0012d45a0)
	/Users/jace/go/pkg/mod/github.com/nats-io/nats.go@v1.41.1/jetstream/pull.go:589 +0x285
github.com/Black-And-White-Club/frolf-bot-shared/eventbus.(*eventBus).Subscribe.func1()
	/Users/jace/Documents/GitHub/frolf-bot-shared/eventbus/eventbus.go:326 +0x169
created by github.com/Black-And-White-Club/frolf-bot-shared/eventbus.(*eventBus).Subscribe in goroutine 37797
	/Users/jace/Documents/GitHub/frolf-bot-shared/eventbus/eventbus.go:315 +0xbf1

goroutine 40239 [chan receive, 1 minutes]:
github.com/ThreeDotsLabs/watermill/message.(*handler).run(0xc0013b7a00, {0x10a337fa0, 0xc002131090}, {0xc0018a0240, 0x6, 0x0?})
	/Users/jace/go/pkg/mod/github.com/!three!dots!labs/watermill@v1.4.6/message/router.go:645 +0x2b4
github.com/ThreeDotsLabs/watermill/message.(*Router).RunHandlers.func1()
	/Users/jace/go/pkg/mod/github.com/!three!dots!labs/watermill@v1.4.6/message/router.go:460 +0x145
created by github.com/ThreeDotsLabs/watermill/message.(*Router).RunHandlers in goroutine 40053
	/Users/jace/go/pkg/mod/github.com/!three!dots!labs/watermill@v1.4.6/message/router.go:453 +0x606

goroutine 35811 [sync.WaitGroup.Wait, 2 minutes]:
sync.runtime_SemacquireWaitGroup(0x0?)
	/usr/local/Cellar/go/1.24.2/libexec/src/runtime/sema.go:110 +0x25
sync.(*WaitGroup).Wait(0x109160452?)
	/usr/local/Cellar/go/1.24.2/libexec/src/sync/waitgroup.go:118 +0x48
github.com/ThreeDotsLabs/watermill/pubsub/sync.WaitGroupTimeout.func1()
	/Users/jace/go/pkg/mod/github.com/!three!dots!labs/watermill@v1.4.6/pubsub/sync/waitgroup.go:13 +0x25
created by github.com/ThreeDotsLabs/watermill/pubsub/sync.WaitGroupTimeout in goroutine 34802
	/Users/jace/go/pkg/mod/github.com/!three!dots!labs/watermill@v1.4.6/pubsub/sync/waitgroup.go:12 +0x85

goroutine 36850 [chan receive, 2 minutes]:
github.com/ThreeDotsLabs/watermill/message.(*handler).run(0xc001982270, {0x10a337fa0, 0xc001c11720}, {0xc001b160c0, 0x6, 0x0?})
	/Users/jace/go/pkg/mod/github.com/!three!dots!labs/watermill@v1.4.6/message/router.go:645 +0x2b4
github.com/ThreeDotsLabs/watermill/message.(*Router).RunHandlers.func1()
	/Users/jace/go/pkg/mod/github.com/!three!dots!labs/watermill@v1.4.6/message/router.go:460 +0x145
created by github.com/ThreeDotsLabs/watermill/message.(*Router).RunHandlers in goroutine 36760
	/Users/jace/go/pkg/mod/github.com/!three!dots!labs/watermill@v1.4.6/message/router.go:453 +0x606

goroutine 40109 [select, 1 minutes]:
github.com/nats-io/nats.go/jetstream.(*pullSubscription).pullMessages(0xc00172c000, {0xc0008b3c70, 0x48})
	/Users/jace/go/pkg/mod/github.com/nats-io/nats.go@v1.41.1/jetstream/pull.go:955 +0x91
created by github.com/nats-io/nats.go/jetstream.(*pullConsumer).Messages in goroutine 40053
	/Users/jace/go/pkg/mod/github.com/nats-io/nats.go@v1.41.1/jetstream/pull.go:534 +0x748

goroutine 34512 [chan receive, 2 minutes]:
github.com/ThreeDotsLabs/watermill/message.(*handler).run(0xc001a95930, {0x10a337fa0, 0xc001c10960}, {0xc0007c63c0, 0x6, 0xc0019e5778?})
	/Users/jace/go/pkg/mod/github.com/!three!dots!labs/watermill@v1.4.6/message/router.go:645 +0x2b4
github.com/ThreeDotsLabs/watermill/message.(*Router).RunHandlers.func1()
	/Users/jace/go/pkg/mod/github.com/!three!dots!labs/watermill@v1.4.6/message/router.go:460 +0x145
created by github.com/ThreeDotsLabs/watermill/message.(*Router).RunHandlers in goroutine 34180
	/Users/jace/go/pkg/mod/github.com/!three!dots!labs/watermill@v1.4.6/message/router.go:453 +0x606

goroutine 37136 [select]:
github.com/nats-io/nats%2ego.(*Conn).doReconnect(0xc001403508, {0x10a327f28, 0x10acedb30}, 0x0)
	/Users/jace/go/pkg/mod/github.com/nats-io/nats.go@v1.41.1/nats.go:2907 +0x41a
created by github.com/nats-io/nats%2ego.(*Conn).processOpErr in goroutine 36696
	/Users/jace/go/pkg/mod/github.com/nats-io/nats.go@v1.41.1/nats.go:3043 +0x2f3

goroutine 35693 [chan receive, 2 minutes]:
github.com/ThreeDotsLabs/watermill/message.(*messageTransformSubscriberDecorator).Subscribe.func1()
	/Users/jace/go/pkg/mod/github.com/!three!dots!labs/watermill@v1.4.6/message/decorator.go:52 +0x85
created by github.com/ThreeDotsLabs/watermill/message.(*messageTransformSubscriberDecorator).Subscribe in goroutine 35445
	/Users/jace/go/pkg/mod/github.com/!three!dots!labs/watermill@v1.4.6/message/decorator.go:51 +0xc7

goroutine 35461 [select, 2 minutes]:
github.com/nats-io/nats.go/jetstream.(*pullSubscription).Next(0xc0019b7710)
	/Users/jace/go/pkg/mod/github.com/nats-io/nats.go@v1.41.1/jetstream/pull.go:589 +0x285
github.com/Black-And-White-Club/frolf-bot-shared/eventbus.(*eventBus).Subscribe.func1()
	/Users/jace/Documents/GitHub/frolf-bot-shared/eventbus/eventbus.go:326 +0x169
created by github.com/Black-And-White-Club/frolf-bot-shared/eventbus.(*eventBus).Subscribe in goroutine 35445
	/Users/jace/Documents/GitHub/frolf-bot-shared/eventbus/eventbus.go:315 +0xbf1

goroutine 39029 [select, 1 minutes]:
github.com/nats-io/nats.go/jetstream.(*pullSubscription).Next(0xc001c902d0)
	/Users/jace/go/pkg/mod/github.com/nats-io/nats.go@v1.41.1/jetstream/pull.go:589 +0x285
github.com/Black-And-White-Club/frolf-bot-shared/eventbus.(*eventBus).Subscribe.func1()
	/Users/jace/Documents/GitHub/frolf-bot-shared/eventbus/eventbus.go:326 +0x169
created by github.com/Black-And-White-Club/frolf-bot-shared/eventbus.(*eventBus).Subscribe in goroutine 38959
	/Users/jace/Documents/GitHub/frolf-bot-shared/eventbus/eventbus.go:315 +0xbf1

goroutine 37814 [select, 1 minutes]:
github.com/nats-io/nats.go/jetstream.(*pullSubscription).pullMessages(0xc0020014d0, {0xc0007d6c30, 0x45})
	/Users/jace/go/pkg/mod/github.com/nats-io/nats.go@v1.41.1/jetstream/pull.go:955 +0x91
created by github.com/nats-io/nats.go/jetstream.(*pullConsumer).Messages in goroutine 37797
	/Users/jace/go/pkg/mod/github.com/nats-io/nats.go@v1.41.1/jetstream/pull.go:534 +0x748

goroutine 38174 [select, 1 minutes]:
github.com/nats-io/nats.go/jetstream.(*pullSubscription).Next(0xc0007f2bd0)
	/Users/jace/go/pkg/mod/github.com/nats-io/nats.go@v1.41.1/jetstream/pull.go:589 +0x285
github.com/Black-And-White-Club/frolf-bot-shared/eventbus.(*eventBus).Subscribe.func1()
	/Users/jace/Documents/GitHub/frolf-bot-shared/eventbus/eventbus.go:326 +0x169
created by github.com/Black-And-White-Club/frolf-bot-shared/eventbus.(*eventBus).Subscribe in goroutine 37797
	/Users/jace/Documents/GitHub/frolf-bot-shared/eventbus/eventbus.go:315 +0xbf1

goroutine 38175 [chan receive, 1 minutes]:
github.com/ThreeDotsLabs/watermill/message.(*messageTransformSubscriberDecorator).Subscribe.func1()
	/Users/jace/go/pkg/mod/github.com/!three!dots!labs/watermill@v1.4.6/message/decorator.go:52 +0x85
created by github.com/ThreeDotsLabs/watermill/message.(*messageTransformSubscriberDecorator).Subscribe in goroutine 37797
	/Users/jace/go/pkg/mod/github.com/!three!dots!labs/watermill@v1.4.6/message/decorator.go:51 +0xc7

goroutine 41577 [select, 1 minutes]:
github.com/nats-io/nats.go/jetstream.(*pullConsumer).Messages.func2()
	/Users/jace/go/pkg/mod/github.com/nats-io/nats.go@v1.41.1/jetstream/pull.go:538 +0x68
created by github.com/nats-io/nats.go/jetstream.(*pullConsumer).Messages in goroutine 41277
	/Users/jace/go/pkg/mod/github.com/nats-io/nats.go@v1.41.1/jetstream/pull.go:536 +0x78a

goroutine 34689 [sync.WaitGroup.Wait, 2 minutes]:
sync.runtime_SemacquireWaitGroup(0xc000368cb0?)
	/usr/local/Cellar/go/1.24.2/libexec/src/runtime/sema.go:110 +0x25
sync.(*WaitGroup).Wait(0xc001748f40?)
	/usr/local/Cellar/go/1.24.2/libexec/src/sync/waitgroup.go:118 +0x48
github.com/ThreeDotsLabs/watermill/message.(*Router).waitForHandlers.func1()
	/Users/jace/go/pkg/mod/github.com/!three!dots!labs/watermill@v1.4.6/message/router.go:579 +0x4b
created by github.com/ThreeDotsLabs/watermill/message.(*Router).waitForHandlers in goroutine 33482
	/Users/jace/go/pkg/mod/github.com/!three!dots!labs/watermill@v1.4.6/message/router.go:577 +0x87

goroutine 35459 [select, 2 minutes]:
github.com/nats-io/nats.go/jetstream.(*pullSubscription).pullMessages(0xc0019b7710, {0xc001783040, 0x3f})
	/Users/jace/go/pkg/mod/github.com/nats-io/nats.go@v1.41.1/jetstream/pull.go:955 +0x91
created by github.com/nats-io/nats.go/jetstream.(*pullConsumer).Messages in goroutine 35445
	/Users/jace/go/pkg/mod/github.com/nats-io/nats.go@v1.41.1/jetstream/pull.go:534 +0x748

goroutine 34631 [select, 2 minutes]:
github.com/nats-io/nats.go/jetstream.(*pullSubscription).pullMessages(0xc00113fdd0, {0xc00108cc00, 0x40})
	/Users/jace/go/pkg/mod/github.com/nats-io/nats.go@v1.41.1/jetstream/pull.go:955 +0x91
created by github.com/nats-io/nats.go/jetstream.(*pullConsumer).Messages in goroutine 34180
	/Users/jace/go/pkg/mod/github.com/nats-io/nats.go@v1.41.1/jetstream/pull.go:534 +0x748

goroutine 34632 [select, 2 minutes]:
github.com/nats-io/nats.go/jetstream.(*pullConsumer).Messages.func2()
	/Users/jace/go/pkg/mod/github.com/nats-io/nats.go@v1.41.1/jetstream/pull.go:538 +0x68
created by github.com/nats-io/nats.go/jetstream.(*pullConsumer).Messages in goroutine 34180
	/Users/jace/go/pkg/mod/github.com/nats-io/nats.go@v1.41.1/jetstream/pull.go:536 +0x78a

goroutine 34633 [select, 2 minutes]:
github.com/nats-io/nats.go/jetstream.(*pullSubscription).Next(0xc00113fdd0)
	/Users/jace/go/pkg/mod/github.com/nats-io/nats.go@v1.41.1/jetstream/pull.go:589 +0x285
github.com/Black-And-White-Club/frolf-bot-shared/eventbus.(*eventBus).Subscribe.func1()
	/Users/jace/Documents/GitHub/frolf-bot-shared/eventbus/eventbus.go:326 +0x169
created by github.com/Black-And-White-Club/frolf-bot-shared/eventbus.(*eventBus).Subscribe in goroutine 34180
	/Users/jace/Documents/GitHub/frolf-bot-shared/eventbus/eventbus.go:315 +0xbf1

goroutine 34634 [chan receive, 2 minutes]:
github.com/ThreeDotsLabs/watermill/message.(*messageTransformSubscriberDecorator).Subscribe.func1()
	/Users/jace/go/pkg/mod/github.com/!three!dots!labs/watermill@v1.4.6/message/decorator.go:52 +0x85
created by github.com/ThreeDotsLabs/watermill/message.(*messageTransformSubscriberDecorator).Subscribe in goroutine 34180
	/Users/jace/go/pkg/mod/github.com/!three!dots!labs/watermill@v1.4.6/message/decorator.go:51 +0xc7

goroutine 34635 [chan receive, 2 minutes]:
github.com/ThreeDotsLabs/watermill/message.(*handler).run(0xc001a95ba0, {0x10a337fa0, 0xc0000c4eb0}, {0xc0007c6480, 0x6, 0x0?})
	/Users/jace/go/pkg/mod/github.com/!three!dots!labs/watermill@v1.4.6/message/router.go:645 +0x2b4
github.com/ThreeDotsLabs/watermill/message.(*Router).RunHandlers.func1()
	/Users/jace/go/pkg/mod/github.com/!three!dots!labs/watermill@v1.4.6/message/router.go:460 +0x145
created by github.com/ThreeDotsLabs/watermill/message.(*Router).RunHandlers in goroutine 34180
	/Users/jace/go/pkg/mod/github.com/!three!dots!labs/watermill@v1.4.6/message/router.go:453 +0x606

goroutine 36985 [chan receive, 2 minutes]:
github.com/ThreeDotsLabs/watermill/message.(*handler).run(0xc001982750, {0x10a337fa0, 0xc000366140}, {0xc00139aa80, 0x6, 0xc0012e2778?})
	/Users/jace/go/pkg/mod/github.com/!three!dots!labs/watermill@v1.4.6/message/router.go:645 +0x2b4
github.com/ThreeDotsLabs/watermill/message.(*Router).RunHandlers.func1()
	/Users/jace/go/pkg/mod/github.com/!three!dots!labs/watermill@v1.4.6/message/router.go:460 +0x145
created by github.com/ThreeDotsLabs/watermill/message.(*Router).RunHandlers in goroutine 36760
	/Users/jace/go/pkg/mod/github.com/!three!dots!labs/watermill@v1.4.6/message/router.go:453 +0x606

goroutine 37042 [select, 2 minutes]:
github.com/nats-io/nats.go/jetstream.(*pullSubscription).pullMessages(0xc001ab3050, {0xc00093fa40, 0x52})
	/Users/jace/go/pkg/mod/github.com/nats-io/nats.go@v1.41.1/jetstream/pull.go:955 +0x91
created by github.com/nats-io/nats.go/jetstream.(*pullConsumer).Messages in goroutine 36760
	/Users/jace/go/pkg/mod/github.com/nats-io/nats.go@v1.41.1/jetstream/pull.go:534 +0x748

goroutine 40151 [select, 1 minutes]:
github.com/nats-io/nats.go/jetstream.(*pullSubscription).pullMessages(0xc0007c4360, {0xc000255180, 0x45})
	/Users/jace/go/pkg/mod/github.com/nats-io/nats.go@v1.41.1/jetstream/pull.go:955 +0x91
created by github.com/nats-io/nats.go/jetstream.(*pullConsumer).Messages in goroutine 40053
	/Users/jace/go/pkg/mod/github.com/nats-io/nats.go@v1.41.1/jetstream/pull.go:534 +0x748

goroutine 34739 [sync.WaitGroup.Wait, 2 minutes]:
sync.runtime_SemacquireWaitGroup(0xc0003b7dc0?)
	/usr/local/Cellar/go/1.24.2/libexec/src/runtime/sema.go:110 +0x25
sync.(*WaitGroup).Wait(0xc001826730?)
	/usr/local/Cellar/go/1.24.2/libexec/src/sync/waitgroup.go:118 +0x48
github.com/ThreeDotsLabs/watermill/pubsub/sync.WaitGroupTimeout.func1()
	/Users/jace/go/pkg/mod/github.com/!three!dots!labs/watermill@v1.4.6/pubsub/sync/waitgroup.go:13 +0x25
created by github.com/ThreeDotsLabs/watermill/pubsub/sync.WaitGroupTimeout in goroutine 33482
	/Users/jace/go/pkg/mod/github.com/!three!dots!labs/watermill@v1.4.6/pubsub/sync/waitgroup.go:12 +0x85

goroutine 46230 [select, 1 minutes]:
github.com/nats-io/nats.go/jetstream.(*pullConsumer).Messages.func2()
	/Users/jace/go/pkg/mod/github.com/nats-io/nats.go@v1.41.1/jetstream/pull.go:538 +0x68
created by github.com/nats-io/nats.go/jetstream.(*pullConsumer).Messages in goroutine 46222
	/Users/jace/go/pkg/mod/github.com/nats-io/nats.go@v1.41.1/jetstream/pull.go:536 +0x78a

goroutine 40359 [select, 1 minutes]:
github.com/nats-io/nats.go/jetstream.(*pullSubscription).pullMessages(0xc00172d440, {0xc00087b8c0, 0x52})
	/Users/jace/go/pkg/mod/github.com/nats-io/nats.go@v1.41.1/jetstream/pull.go:955 +0x91
created by github.com/nats-io/nats.go/jetstream.(*pullConsumer).Messages in goroutine 40053
	/Users/jace/go/pkg/mod/github.com/nats-io/nats.go@v1.41.1/jetstream/pull.go:534 +0x748

goroutine 38031 [select, 1 minutes]:
github.com/nats-io/nats.go/jetstream.(*pullSubscription).Next(0xc0012d5830)
	/Users/jace/go/pkg/mod/github.com/nats-io/nats.go@v1.41.1/jetstream/pull.go:589 +0x285
github.com/Black-And-White-Club/frolf-bot-shared/eventbus.(*eventBus).Subscribe.func1()
	/Users/jace/Documents/GitHub/frolf-bot-shared/eventbus/eventbus.go:326 +0x169
created by github.com/Black-And-White-Club/frolf-bot-shared/eventbus.(*eventBus).Subscribe in goroutine 37797
	/Users/jace/Documents/GitHub/frolf-bot-shared/eventbus/eventbus.go:315 +0xbf1

goroutine 36703 [sync.Cond.Wait, 2 minutes]:
sync.runtime_notifyListWait(0xc001277810, 0x33)
	/usr/local/Cellar/go/1.24.2/libexec/src/runtime/sema.go:597 +0x159
sync.(*Cond).Wait(0x0?)
	/usr/local/Cellar/go/1.24.2/libexec/src/sync/cond.go:71 +0x85
github.com/nats-io/nats%2ego.(*Conn).waitForMsgs(0xc000747808, 0xc001b204b0)
	/Users/jace/go/pkg/mod/github.com/nats-io/nats.go@v1.41.1/nats.go:3178 +0xc5
created by github.com/nats-io/nats%2ego.(*Conn).subscribeLocked in goroutine 35855
	/Users/jace/go/pkg/mod/github.com/nats-io/nats.go@v1.41.1/nats.go:4468 +0x419

goroutine 37956 [select, 1 minutes]:
github.com/nats-io/nats.go/jetstream.(*pullSubscription).pullMessages(0xc000a83c20, {0xc000a43260, 0x55})
	/Users/jace/go/pkg/mod/github.com/nats-io/nats.go@v1.41.1/jetstream/pull.go:955 +0x91
created by github.com/nats-io/nats.go/jetstream.(*pullConsumer).Messages in goroutine 37797
	/Users/jace/go/pkg/mod/github.com/nats-io/nats.go@v1.41.1/jetstream/pull.go:534 +0x748

goroutine 40113 [chan receive, 1 minutes]:
github.com/ThreeDotsLabs/watermill/message.(*handler).run(0xc0013b72b0, {0x10a337fa0, 0xc000994f00}, {0xc001541e00, 0x6, 0xc001bb0f78?})
	/Users/jace/go/pkg/mod/github.com/!three!dots!labs/watermill@v1.4.6/message/router.go:645 +0x2b4
github.com/ThreeDotsLabs/watermill/message.(*Router).RunHandlers.func1()
	/Users/jace/go/pkg/mod/github.com/!three!dots!labs/watermill@v1.4.6/message/router.go:460 +0x145
created by github.com/ThreeDotsLabs/watermill/message.(*Router).RunHandlers in goroutine 40053
	/Users/jace/go/pkg/mod/github.com/!three!dots!labs/watermill@v1.4.6/message/router.go:453 +0x606

goroutine 35826 [select]:
github.com/nats-io/nats%2ego.(*Conn).doReconnect(0xc0012cbc08, {0x10a327f28, 0x10acedb30}, 0x0)
	/Users/jace/go/pkg/mod/github.com/nats-io/nats.go@v1.41.1/nats.go:2907 +0x41a
created by github.com/nats-io/nats%2ego.(*Conn).processOpErr in goroutine 35345
	/Users/jace/go/pkg/mod/github.com/nats-io/nats.go@v1.41.1/nats.go:3043 +0x2f3

goroutine 38176 [chan receive, 1 minutes]:
github.com/ThreeDotsLabs/watermill/message.(*handler).run(0xc001bfbd40, {0x10a337fa0, 0xc001137b30}, {0xc000ad20c0, 0x6, 0xc001c38f78?})
	/Users/jace/go/pkg/mod/github.com/!three!dots!labs/watermill@v1.4.6/message/router.go:645 +0x2b4
github.com/ThreeDotsLabs/watermill/message.(*Router).RunHandlers.func1()
	/Users/jace/go/pkg/mod/github.com/!three!dots!labs/watermill@v1.4.6/message/router.go:460 +0x145
created by github.com/ThreeDotsLabs/watermill/message.(*Router).RunHandlers in goroutine 37797
	/Users/jace/go/pkg/mod/github.com/!three!dots!labs/watermill@v1.4.6/message/router.go:453 +0x606

goroutine 38022 [select, 1 minutes]:
github.com/nats-io/nats.go/jetstream.(*pullSubscription).pullMessages(0xc0012d4f30, {0xc000754960, 0x45})
	/Users/jace/go/pkg/mod/github.com/nats-io/nats.go@v1.41.1/jetstream/pull.go:955 +0x91
created by github.com/nats-io/nats.go/jetstream.(*pullConsumer).Messages in goroutine 37797
	/Users/jace/go/pkg/mod/github.com/nats-io/nats.go@v1.41.1/jetstream/pull.go:534 +0x748

goroutine 38201 [select, 1 minutes]:
github.com/nats-io/nats.go/jetstream.(*pullSubscription).pullMessages(0xc001042090, {0xc00113a900, 0x3f})
	/Users/jace/go/pkg/mod/github.com/nats-io/nats.go@v1.41.1/jetstream/pull.go:955 +0x91
created by github.com/nats-io/nats.go/jetstream.(*pullConsumer).Messages in goroutine 37797
	/Users/jace/go/pkg/mod/github.com/nats-io/nats.go@v1.41.1/jetstream/pull.go:534 +0x748

goroutine 37943 [select, 1 minutes]:
github.com/nats-io/nats.go/jetstream.(*pullSubscription).pullMessages(0xc000ba3c20, {0xc000754690, 0x45})
	/Users/jace/go/pkg/mod/github.com/nats-io/nats.go@v1.41.1/jetstream/pull.go:955 +0x91
created by github.com/nats-io/nats.go/jetstream.(*pullConsumer).Messages in goroutine 37797
	/Users/jace/go/pkg/mod/github.com/nats-io/nats.go@v1.41.1/jetstream/pull.go:534 +0x748

goroutine 47986 [chan receive, 1 minutes]:
github.com/ThreeDotsLabs/watermill/message.(*messageTransformSubscriberDecorator).Subscribe.func1()
	/Users/jace/go/pkg/mod/github.com/!three!dots!labs/watermill@v1.4.6/message/decorator.go:52 +0x85
created by github.com/ThreeDotsLabs/watermill/message.(*messageTransformSubscriberDecorator).Subscribe in goroutine 47950
	/Users/jace/go/pkg/mod/github.com/!three!dots!labs/watermill@v1.4.6/message/decorator.go:51 +0xc7

goroutine 40236 [select, 1 minutes]:
github.com/nats-io/nats.go/jetstream.(*pullConsumer).Messages.func2()
	/Users/jace/go/pkg/mod/github.com/nats-io/nats.go@v1.41.1/jetstream/pull.go:538 +0x68
created by github.com/nats-io/nats.go/jetstream.(*pullConsumer).Messages in goroutine 40053
	/Users/jace/go/pkg/mod/github.com/nats-io/nats.go@v1.41.1/jetstream/pull.go:536 +0x78a

goroutine 35682 [select, 2 minutes]:
github.com/nats-io/nats.go/jetstream.(*pullSubscription).Next(0xc001de23f0)
	/Users/jace/go/pkg/mod/github.com/nats-io/nats.go@v1.41.1/jetstream/pull.go:589 +0x285
github.com/Black-And-White-Club/frolf-bot-shared/eventbus.(*eventBus).Subscribe.func1()
	/Users/jace/Documents/GitHub/frolf-bot-shared/eventbus/eventbus.go:326 +0x169
created by github.com/Black-And-White-Club/frolf-bot-shared/eventbus.(*eventBus).Subscribe in goroutine 35445
	/Users/jace/Documents/GitHub/frolf-bot-shared/eventbus/eventbus.go:315 +0xbf1

goroutine 37968 [select]:
github.com/nats-io/nats%2ego.(*Conn).doReconnect(0xc001b22e08, {0x10a327f28, 0x10acedb30}, 0x0)
	/Users/jace/go/pkg/mod/github.com/nats-io/nats.go@v1.41.1/nats.go:2907 +0x41a
created by github.com/nats-io/nats%2ego.(*Conn).processOpErr in goroutine 37747
	/Users/jace/go/pkg/mod/github.com/nats-io/nats.go@v1.41.1/nats.go:3043 +0x2f3

goroutine 35713 [sync.WaitGroup.Wait, 2 minutes]:
sync.runtime_SemacquireWaitGroup(0xc001cab8f0?)
	/usr/local/Cellar/go/1.24.2/libexec/src/runtime/sema.go:110 +0x25
sync.(*WaitGroup).Wait(0xc0018b2740?)
	/usr/local/Cellar/go/1.24.2/libexec/src/sync/waitgroup.go:118 +0x48
github.com/ThreeDotsLabs/watermill/message.(*Router).waitForHandlers.func1()
	/Users/jace/go/pkg/mod/github.com/!three!dots!labs/watermill@v1.4.6/message/router.go:579 +0x4b
created by github.com/ThreeDotsLabs/watermill/message.(*Router).waitForHandlers in goroutine 34802
	/Users/jace/go/pkg/mod/github.com/!three!dots!labs/watermill@v1.4.6/message/router.go:577 +0x87

goroutine 35446 [sync.Cond.Wait, 2 minutes]:
sync.runtime_notifyListWait(0xc00033bb10, 0x2)
	/usr/local/Cellar/go/1.24.2/libexec/src/runtime/sema.go:597 +0x159
sync.(*Cond).Wait(0x21?)
	/usr/local/Cellar/go/1.24.2/libexec/src/sync/cond.go:71 +0x85
github.com/nats-io/nats%2ego.(*Conn).waitForMsgs(0xc00149aa08, 0xc0017281e0)
	/Users/jace/go/pkg/mod/github.com/nats-io/nats.go@v1.41.1/nats.go:3178 +0xc5
created by github.com/nats-io/nats%2ego.(*Conn).subscribeLocked in goroutine 34802
	/Users/jace/go/pkg/mod/github.com/nats-io/nats.go@v1.41.1/nats.go:4468 +0x419

goroutine 35736 [select, 2 minutes]:
github.com/nats-io/nats.go/jetstream.(*pullSubscription).pullMessages(0xc001f9c120, {0xc0002549b0, 0x45})
	/Users/jace/go/pkg/mod/github.com/nats-io/nats.go@v1.41.1/jetstream/pull.go:955 +0x91
created by github.com/nats-io/nats.go/jetstream.(*pullConsumer).Messages in goroutine 35445
	/Users/jace/go/pkg/mod/github.com/nats-io/nats.go@v1.41.1/jetstream/pull.go:534 +0x748

goroutine 50667 [select, 1 minutes]:
github.com/nats-io/nats.go/jetstream.(*pullSubscription).Next(0xc00172cb40)
	/Users/jace/go/pkg/mod/github.com/nats-io/nats.go@v1.41.1/jetstream/pull.go:589 +0x285
github.com/Black-And-White-Club/frolf-bot-shared/eventbus.(*eventBus).Subscribe.func1()
	/Users/jace/Documents/GitHub/frolf-bot-shared/eventbus/eventbus.go:326 +0x169
created by github.com/Black-And-White-Club/frolf-bot-shared/eventbus.(*eventBus).Subscribe in goroutine 50717
	/Users/jace/Documents/GitHub/frolf-bot-shared/eventbus/eventbus.go:315 +0xbf1

goroutine 35553 [select, 2 minutes]:
github.com/nats-io/nats.go/jetstream.(*pullConsumer).Messages.func2()
	/Users/jace/go/pkg/mod/github.com/nats-io/nats.go@v1.41.1/jetstream/pull.go:538 +0x68
created by github.com/nats-io/nats.go/jetstream.(*pullConsumer).Messages in goroutine 35445
	/Users/jace/go/pkg/mod/github.com/nats-io/nats.go@v1.41.1/jetstream/pull.go:536 +0x78a

goroutine 36821 [select, 2 minutes]:
github.com/nats-io/nats.go/jetstream.(*pullSubscription).pullMessages(0xc001122ea0, {0xc0016c3800, 0x40})
	/Users/jace/go/pkg/mod/github.com/nats-io/nats.go@v1.41.1/jetstream/pull.go:955 +0x91
created by github.com/nats-io/nats.go/jetstream.(*pullConsumer).Messages in goroutine 36760
	/Users/jace/go/pkg/mod/github.com/nats-io/nats.go@v1.41.1/jetstream/pull.go:534 +0x748

goroutine 35573 [select, 2 minutes]:
github.com/nats-io/nats.go/jetstream.(*pullSubscription).pullMessages(0xc001ba9680, {0xc00017f5e0, 0x45})
	/Users/jace/go/pkg/mod/github.com/nats-io/nats.go@v1.41.1/jetstream/pull.go:955 +0x91
created by github.com/nats-io/nats.go/jetstream.(*pullConsumer).Messages in goroutine 35445
	/Users/jace/go/pkg/mod/github.com/nats-io/nats.go@v1.41.1/jetstream/pull.go:534 +0x748

goroutine 38994 [chan receive, 1 minutes]:
github.com/ThreeDotsLabs/watermill/message.(*messageTransformSubscriberDecorator).Subscribe.func1()
	/Users/jace/go/pkg/mod/github.com/!three!dots!labs/watermill@v1.4.6/message/decorator.go:52 +0x85
created by github.com/ThreeDotsLabs/watermill/message.(*messageTransformSubscriberDecorator).Subscribe in goroutine 38959
	/Users/jace/go/pkg/mod/github.com/!three!dots!labs/watermill@v1.4.6/message/decorator.go:51 +0xc7

goroutine 36982 [select, 2 minutes]:
github.com/nats-io/nats.go/jetstream.(*pullConsumer).Messages.func2()
	/Users/jace/go/pkg/mod/github.com/nats-io/nats.go@v1.41.1/jetstream/pull.go:538 +0x68
created by github.com/nats-io/nats.go/jetstream.(*pullConsumer).Messages in goroutine 36760
	/Users/jace/go/pkg/mod/github.com/nats-io/nats.go@v1.41.1/jetstream/pull.go:536 +0x78a

goroutine 39996 [sync.Cond.Wait, 1 minutes]:
sync.runtime_notifyListWait(0xc00068b4d0, 0x0)
	/usr/local/Cellar/go/1.24.2/libexec/src/runtime/sema.go:597 +0x159
sync.(*Cond).Wait(0xc0019bf9d0?)
	/usr/local/Cellar/go/1.24.2/libexec/src/sync/cond.go:71 +0x85
github.com/nats-io/nats%2ego.(*asyncCallbacksHandler).asyncCBDispatcher(0xc001b1b720)
	/Users/jace/go/pkg/mod/github.com/nats-io/nats.go@v1.41.1/nats.go:3059 +0xdd
created by github.com/nats-io/nats%2ego.Options.Connect in goroutine 39398
	/Users/jace/go/pkg/mod/github.com/nats-io/nats.go@v1.41.1/nats.go:1635 +0x387

goroutine 47883 [sync.Cond.Wait, 1 minutes]:
sync.runtime_notifyListWait(0xc000115ad0, 0x0)
	/usr/local/Cellar/go/1.24.2/libexec/src/runtime/sema.go:597 +0x159
sync.(*Cond).Wait(0x1000000000001?)
	/usr/local/Cellar/go/1.24.2/libexec/src/sync/cond.go:71 +0x85
github.com/nats-io/nats%2ego.(*asyncCallbacksHandler).asyncCBDispatcher(0xc001adb2c0)
	/Users/jace/go/pkg/mod/github.com/nats-io/nats.go@v1.41.1/nats.go:3059 +0xdd
created by github.com/nats-io/nats%2ego.Options.Connect in goroutine 47229
	/Users/jace/go/pkg/mod/github.com/nats-io/nats.go@v1.41.1/nats.go:1635 +0x387

goroutine 35574 [select, 2 minutes]:
github.com/nats-io/nats.go/jetstream.(*pullConsumer).Messages.func2()
	/Users/jace/go/pkg/mod/github.com/nats-io/nats.go@v1.41.1/jetstream/pull.go:538 +0x68
created by github.com/nats-io/nats.go/jetstream.(*pullConsumer).Messages in goroutine 35445
	/Users/jace/go/pkg/mod/github.com/nats-io/nats.go@v1.41.1/jetstream/pull.go:536 +0x78a

goroutine 49666 [select, 1 minutes]:
github.com/nats-io/nats.go/jetstream.(*pullSubscription).pullMessages(0xc000efe1b0, {0xc00017e8c0, 0x4b})
	/Users/jace/go/pkg/mod/github.com/nats-io/nats.go@v1.41.1/jetstream/pull.go:955 +0x91
created by github.com/nats-io/nats.go/jetstream.(*pullConsumer).Messages in goroutine 49230
	/Users/jace/go/pkg/mod/github.com/nats-io/nats.go@v1.41.1/jetstream/pull.go:534 +0x748

goroutine 36787 [select, 2 minutes]:
github.com/nats-io/nats.go/jetstream.(*pullSubscription).pullMessages(0xc000879680, {0xc0006c4540, 0x3e})
	/Users/jace/go/pkg/mod/github.com/nats-io/nats.go@v1.41.1/jetstream/pull.go:955 +0x91
created by github.com/nats-io/nats.go/jetstream.(*pullConsumer).Messages in goroutine 36760
	/Users/jace/go/pkg/mod/github.com/nats-io/nats.go@v1.41.1/jetstream/pull.go:534 +0x748

goroutine 36801 [chan receive, 2 minutes]:
github.com/ThreeDotsLabs/watermill/message.(*messageTransformSubscriberDecorator).Subscribe.func1()
	/Users/jace/go/pkg/mod/github.com/!three!dots!labs/watermill@v1.4.6/message/decorator.go:52 +0x85
created by github.com/ThreeDotsLabs/watermill/message.(*messageTransformSubscriberDecorator).Subscribe in goroutine 36760
	/Users/jace/go/pkg/mod/github.com/!three!dots!labs/watermill@v1.4.6/message/decorator.go:51 +0xc7

goroutine 36997 [select, 2 minutes]:
github.com/nats-io/nats.go/jetstream.(*pullSubscription).Next(0xc001984360)
	/Users/jace/go/pkg/mod/github.com/nats-io/nats.go@v1.41.1/jetstream/pull.go:589 +0x285
github.com/Black-And-White-Club/frolf-bot-shared/eventbus.(*eventBus).Subscribe.func1()
	/Users/jace/Documents/GitHub/frolf-bot-shared/eventbus/eventbus.go:326 +0x169
created by github.com/Black-And-White-Club/frolf-bot-shared/eventbus.(*eventBus).Subscribe in goroutine 36760
	/Users/jace/Documents/GitHub/frolf-bot-shared/eventbus/eventbus.go:315 +0xbf1

goroutine 38203 [select, 1 minutes]:
github.com/nats-io/nats.go/jetstream.(*pullSubscription).Next(0xc001042090)
	/Users/jace/go/pkg/mod/github.com/nats-io/nats.go@v1.41.1/jetstream/pull.go:589 +0x285
github.com/Black-And-White-Club/frolf-bot-shared/eventbus.(*eventBus).Subscribe.func1()
	/Users/jace/Documents/GitHub/frolf-bot-shared/eventbus/eventbus.go:326 +0x169
created by github.com/Black-And-White-Club/frolf-bot-shared/eventbus.(*eventBus).Subscribe in goroutine 37797
	/Users/jace/Documents/GitHub/frolf-bot-shared/eventbus/eventbus.go:315 +0xbf1

goroutine 35456 [select, 2 minutes]:
github.com/nats-io/nats.go/jetstream.(*pullSubscription).pullMessages(0xc001ac07e0, {0xc00113ca40, 0x40})
	/Users/jace/go/pkg/mod/github.com/nats-io/nats.go@v1.41.1/jetstream/pull.go:955 +0x91
created by github.com/nats-io/nats.go/jetstream.(*pullConsumer).Messages in goroutine 35445
	/Users/jace/go/pkg/mod/github.com/nats-io/nats.go@v1.41.1/jetstream/pull.go:534 +0x748

goroutine 35457 [select, 2 minutes]:
github.com/nats-io/nats.go/jetstream.(*pullConsumer).Messages.func2()
	/Users/jace/go/pkg/mod/github.com/nats-io/nats.go@v1.41.1/jetstream/pull.go:538 +0x68
created by github.com/nats-io/nats.go/jetstream.(*pullConsumer).Messages in goroutine 35445
	/Users/jace/go/pkg/mod/github.com/nats-io/nats.go@v1.41.1/jetstream/pull.go:536 +0x78a

goroutine 35506 [select, 2 minutes]:
github.com/nats-io/nats.go/jetstream.(*pullSubscription).Next(0xc001ac07e0)
	/Users/jace/go/pkg/mod/github.com/nats-io/nats.go@v1.41.1/jetstream/pull.go:589 +0x285
github.com/Black-And-White-Club/frolf-bot-shared/eventbus.(*eventBus).Subscribe.func1()
	/Users/jace/Documents/GitHub/frolf-bot-shared/eventbus/eventbus.go:326 +0x169
created by github.com/Black-And-White-Club/frolf-bot-shared/eventbus.(*eventBus).Subscribe in goroutine 35445
	/Users/jace/Documents/GitHub/frolf-bot-shared/eventbus/eventbus.go:315 +0xbf1

goroutine 35507 [chan receive, 2 minutes]:
github.com/ThreeDotsLabs/watermill/message.(*messageTransformSubscriberDecorator).Subscribe.func1()
	/Users/jace/go/pkg/mod/github.com/!three!dots!labs/watermill@v1.4.6/message/decorator.go:52 +0x85
created by github.com/ThreeDotsLabs/watermill/message.(*messageTransformSubscriberDecorator).Subscribe in goroutine 35445
	/Users/jace/go/pkg/mod/github.com/!three!dots!labs/watermill@v1.4.6/message/decorator.go:51 +0xc7

goroutine 35508 [chan receive, 2 minutes]:
github.com/ThreeDotsLabs/watermill/message.(*handler).run(0xc0013df860, {0x10a337fa0, 0xc000367c70}, {0xc000a5a600, 0x6, 0x0?})
	/Users/jace/go/pkg/mod/github.com/!three!dots!labs/watermill@v1.4.6/message/router.go:645 +0x2b4
github.com/ThreeDotsLabs/watermill/message.(*Router).RunHandlers.func1()
	/Users/jace/go/pkg/mod/github.com/!three!dots!labs/watermill@v1.4.6/message/router.go:460 +0x145
created by github.com/ThreeDotsLabs/watermill/message.(*Router).RunHandlers in goroutine 35445
	/Users/jace/go/pkg/mod/github.com/!three!dots!labs/watermill@v1.4.6/message/router.go:453 +0x606

goroutine 40154 [chan receive, 1 minutes]:
github.com/ThreeDotsLabs/watermill/message.(*messageTransformSubscriberDecorator).Subscribe.func1()
	/Users/jace/go/pkg/mod/github.com/!three!dots!labs/watermill@v1.4.6/message/decorator.go:52 +0x85
created by github.com/ThreeDotsLabs/watermill/message.(*messageTransformSubscriberDecorator).Subscribe in goroutine 40053
	/Users/jace/go/pkg/mod/github.com/!three!dots!labs/watermill@v1.4.6/message/decorator.go:51 +0xc7

goroutine 39221 [chan receive, 1 minutes]:
github.com/ThreeDotsLabs/watermill/message.(*messageTransformSubscriberDecorator).Subscribe.func1()
	/Users/jace/go/pkg/mod/github.com/!three!dots!labs/watermill@v1.4.6/message/decorator.go:52 +0x85
created by github.com/ThreeDotsLabs/watermill/message.(*messageTransformSubscriberDecorator).Subscribe in goroutine 38959
	/Users/jace/go/pkg/mod/github.com/!three!dots!labs/watermill@v1.4.6/message/decorator.go:51 +0xc7

goroutine 40110 [select, 1 minutes]:
github.com/nats-io/nats.go/jetstream.(*pullConsumer).Messages.func2()
	/Users/jace/go/pkg/mod/github.com/nats-io/nats.go@v1.41.1/jetstream/pull.go:538 +0x68
created by github.com/nats-io/nats.go/jetstream.(*pullConsumer).Messages in goroutine 40053
	/Users/jace/go/pkg/mod/github.com/nats-io/nats.go@v1.41.1/jetstream/pull.go:536 +0x78a

goroutine 46251 [chan receive, 1 minutes]:
github.com/ThreeDotsLabs/watermill/message.(*handler).run(0xc0024d25b0, {0x10a337fa0, 0xc0000eb590}, {0xc002576fc0, 0x6, 0x0?})
	/Users/jace/go/pkg/mod/github.com/!three!dots!labs/watermill@v1.4.6/message/router.go:645 +0x2b4
github.com/ThreeDotsLabs/watermill/message.(*Router).RunHandlers.func1()
	/Users/jace/go/pkg/mod/github.com/!three!dots!labs/watermill@v1.4.6/message/router.go:460 +0x145
created by github.com/ThreeDotsLabs/watermill/message.(*Router).RunHandlers in goroutine 46222
	/Users/jace/go/pkg/mod/github.com/!three!dots!labs/watermill@v1.4.6/message/router.go:453 +0x606

goroutine 39062 [chan receive, 1 minutes]:
github.com/ThreeDotsLabs/watermill/message.(*messageTransformSubscriberDecorator).Subscribe.func1()
	/Users/jace/go/pkg/mod/github.com/!three!dots!labs/watermill@v1.4.6/message/decorator.go:52 +0x85
created by github.com/ThreeDotsLabs/watermill/message.(*messageTransformSubscriberDecorator).Subscribe in goroutine 38959
	/Users/jace/go/pkg/mod/github.com/!three!dots!labs/watermill@v1.4.6/message/decorator.go:51 +0xc7

goroutine 35520 [select, 2 minutes]:
github.com/nats-io/nats.go/jetstream.(*pullSubscription).pullMessages(0xc001ac1560, {0xc0018a7310, 0x47})
	/Users/jace/go/pkg/mod/github.com/nats-io/nats.go@v1.41.1/jetstream/pull.go:955 +0x91
created by github.com/nats-io/nats.go/jetstream.(*pullConsumer).Messages in goroutine 35445
	/Users/jace/go/pkg/mod/github.com/nats-io/nats.go@v1.41.1/jetstream/pull.go:534 +0x748

goroutine 38172 [select, 1 minutes]:
github.com/nats-io/nats.go/jetstream.(*pullSubscription).pullMessages(0xc0007f2bd0, {0xc00017e550, 0x42})
	/Users/jace/go/pkg/mod/github.com/nats-io/nats.go@v1.41.1/jetstream/pull.go:955 +0x91
created by github.com/nats-io/nats.go/jetstream.(*pullConsumer).Messages in goroutine 37797
	/Users/jace/go/pkg/mod/github.com/nats-io/nats.go@v1.41.1/jetstream/pull.go:534 +0x748

goroutine 38204 [chan receive, 1 minutes]:
github.com/ThreeDotsLabs/watermill/message.(*messageTransformSubscriberDecorator).Subscribe.func1()
	/Users/jace/go/pkg/mod/github.com/!three!dots!labs/watermill@v1.4.6/message/decorator.go:52 +0x85
created by github.com/ThreeDotsLabs/watermill/message.(*messageTransformSubscriberDecorator).Subscribe in goroutine 37797
	/Users/jace/go/pkg/mod/github.com/!three!dots!labs/watermill@v1.4.6/message/decorator.go:51 +0xc7

goroutine 35737 [select, 2 minutes]:
github.com/nats-io/nats.go/jetstream.(*pullConsumer).Messages.func2()
	/Users/jace/go/pkg/mod/github.com/nats-io/nats.go@v1.41.1/jetstream/pull.go:538 +0x68
created by github.com/nats-io/nats.go/jetstream.(*pullConsumer).Messages in goroutine 35445
	/Users/jace/go/pkg/mod/github.com/nats-io/nats.go@v1.41.1/jetstream/pull.go:536 +0x78a

goroutine 43689 [select, 1 minutes]:
github.com/nats-io/nats.go/jetstream.(*pullSubscription).Next(0xc000c334d0)
	/Users/jace/go/pkg/mod/github.com/nats-io/nats.go@v1.41.1/jetstream/pull.go:589 +0x285
github.com/Black-And-White-Club/frolf-bot-shared/eventbus.(*eventBus).Subscribe.func1()
	/Users/jace/Documents/GitHub/frolf-bot-shared/eventbus/eventbus.go:326 +0x169
created by github.com/Black-And-White-Club/frolf-bot-shared/eventbus.(*eventBus).Subscribe in goroutine 43736
	/Users/jace/Documents/GitHub/frolf-bot-shared/eventbus/eventbus.go:315 +0xbf1

goroutine 37830 [chan receive, 1 minutes]:
github.com/ThreeDotsLabs/watermill/message.(*messageTransformSubscriberDecorator).Subscribe.func1()
	/Users/jace/go/pkg/mod/github.com/!three!dots!labs/watermill@v1.4.6/message/decorator.go:52 +0x85
created by github.com/ThreeDotsLabs/watermill/message.(*messageTransformSubscriberDecorator).Subscribe in goroutine 37797
	/Users/jace/go/pkg/mod/github.com/!three!dots!labs/watermill@v1.4.6/message/decorator.go:51 +0xc7

goroutine 46368 [select, 1 minutes]:
github.com/nats-io/nats.go/jetstream.(*pullSubscription).pullMessages(0xc0022610e0, {0xc00017ea00, 0x45})
	/Users/jace/go/pkg/mod/github.com/nats-io/nats.go@v1.41.1/jetstream/pull.go:955 +0x91
created by github.com/nats-io/nats.go/jetstream.(*pullConsumer).Messages in goroutine 46222
	/Users/jace/go/pkg/mod/github.com/nats-io/nats.go@v1.41.1/jetstream/pull.go:534 +0x748

goroutine 39313 [select, 1 minutes]:
github.com/nats-io/nats.go/jetstream.(*pullConsumer).Messages.func2()
	/Users/jace/go/pkg/mod/github.com/nats-io/nats.go@v1.41.1/jetstream/pull.go:538 +0x68
created by github.com/nats-io/nats.go/jetstream.(*pullConsumer).Messages in goroutine 38959
	/Users/jace/go/pkg/mod/github.com/nats-io/nats.go@v1.41.1/jetstream/pull.go:536 +0x78a

goroutine 41410 [select, 1 minutes]:
github.com/nats-io/nats.go/jetstream.(*pullSubscription).pullMessages(0xc0021f2750, {0xc000bbbc80, 0x3f})
	/Users/jace/go/pkg/mod/github.com/nats-io/nats.go@v1.41.1/jetstream/pull.go:955 +0x91
created by github.com/nats-io/nats.go/jetstream.(*pullConsumer).Messages in goroutine 41277
	/Users/jace/go/pkg/mod/github.com/nats-io/nats.go@v1.41.1/jetstream/pull.go:534 +0x748

goroutine 35905 [chan receive, 2 minutes]:
github.com/ThreeDotsLabs/watermill/message.(*messageTransformSubscriberDecorator).Subscribe.func1()
	/Users/jace/go/pkg/mod/github.com/!three!dots!labs/watermill@v1.4.6/message/decorator.go:52 +0x85
created by github.com/ThreeDotsLabs/watermill/message.(*messageTransformSubscriberDecorator).Subscribe in goroutine 36760
	/Users/jace/go/pkg/mod/github.com/!three!dots!labs/watermill@v1.4.6/message/decorator.go:51 +0xc7

goroutine 40276 [select, 1 minutes]:
github.com/nats-io/nats.go/jetstream.(*pullSubscription).pullMessages(0xc00113e990, {0xc00179a960, 0x45})
	/Users/jace/go/pkg/mod/github.com/nats-io/nats.go@v1.41.1/jetstream/pull.go:955 +0x91
created by github.com/nats-io/nats.go/jetstream.(*pullConsumer).Messages in goroutine 40053
	/Users/jace/go/pkg/mod/github.com/nats-io/nats.go@v1.41.1/jetstream/pull.go:534 +0x748

goroutine 36789 [select, 2 minutes]:
github.com/nats-io/nats.go/jetstream.(*pullSubscription).Next(0xc000879680)
	/Users/jace/go/pkg/mod/github.com/nats-io/nats.go@v1.41.1/jetstream/pull.go:589 +0x285
github.com/Black-And-White-Club/frolf-bot-shared/eventbus.(*eventBus).Subscribe.func1()
	/Users/jace/Documents/GitHub/frolf-bot-shared/eventbus/eventbus.go:326 +0x169
created by github.com/Black-And-White-Club/frolf-bot-shared/eventbus.(*eventBus).Subscribe in goroutine 36760
	/Users/jace/Documents/GitHub/frolf-bot-shared/eventbus/eventbus.go:315 +0xbf1

goroutine 35903 [select, 2 minutes]:
github.com/nats-io/nats.go/jetstream.(*pullConsumer).Messages.func2()
	/Users/jace/go/pkg/mod/github.com/nats-io/nats.go@v1.41.1/jetstream/pull.go:538 +0x68
created by github.com/nats-io/nats.go/jetstream.(*pullConsumer).Messages in goroutine 36760
	/Users/jace/go/pkg/mod/github.com/nats-io/nats.go@v1.41.1/jetstream/pull.go:536 +0x78a

goroutine 38881 [sync.Cond.Wait, 1 minutes]:
sync.runtime_notifyListWait(0xc0011ce2d0, 0x0)
	/usr/local/Cellar/go/1.24.2/libexec/src/runtime/sema.go:597 +0x159
sync.(*Cond).Wait(0xc001c0fb90?)
	/usr/local/Cellar/go/1.24.2/libexec/src/sync/cond.go:71 +0x85
github.com/nats-io/nats%2ego.(*asyncCallbacksHandler).asyncCBDispatcher(0xc0012800c0)
	/Users/jace/go/pkg/mod/github.com/nats-io/nats.go@v1.41.1/nats.go:3059 +0xdd
created by github.com/nats-io/nats%2ego.Options.Connect in goroutine 38323
	/Users/jace/go/pkg/mod/github.com/nats-io/nats.go@v1.41.1/nats.go:1635 +0x387

goroutine 40098 [select, 1 minutes]:
github.com/nats-io/nats.go/jetstream.(*pullSubscription).Next(0xc0004b8bd0)
	/Users/jace/go/pkg/mod/github.com/nats-io/nats.go@v1.41.1/jetstream/pull.go:589 +0x285
github.com/Black-And-White-Club/frolf-bot-shared/eventbus.(*eventBus).Subscribe.func1()
	/Users/jace/Documents/GitHub/frolf-bot-shared/eventbus/eventbus.go:326 +0x169
created by github.com/Black-And-White-Club/frolf-bot-shared/eventbus.(*eventBus).Subscribe in goroutine 40053
	/Users/jace/Documents/GitHub/frolf-bot-shared/eventbus/eventbus.go:315 +0xbf1

goroutine 40099 [chan receive, 1 minutes]:
github.com/ThreeDotsLabs/watermill/message.(*messageTransformSubscriberDecorator).Subscribe.func1()
	/Users/jace/go/pkg/mod/github.com/!three!dots!labs/watermill@v1.4.6/message/decorator.go:52 +0x85
created by github.com/ThreeDotsLabs/watermill/message.(*messageTransformSubscriberDecorator).Subscribe in goroutine 40053
	/Users/jace/go/pkg/mod/github.com/!three!dots!labs/watermill@v1.4.6/message/decorator.go:51 +0xc7

goroutine 37721 [sync.Cond.Wait, 1 minutes]:
sync.runtime_notifyListWait(0xc00202f350, 0x0)
	/usr/local/Cellar/go/1.24.2/libexec/src/runtime/sema.go:597 +0x159
sync.(*Cond).Wait(0x10a338010?)
	/usr/local/Cellar/go/1.24.2/libexec/src/sync/cond.go:71 +0x85
github.com/nats-io/nats%2ego.(*asyncCallbacksHandler).asyncCBDispatcher(0xc0007b9500)
	/Users/jace/go/pkg/mod/github.com/nats-io/nats.go@v1.41.1/nats.go:3059 +0xdd
created by github.com/nats-io/nats%2ego.Options.Connect in goroutine 37088
	/Users/jace/go/pkg/mod/github.com/nats-io/nats.go@v1.41.1/nats.go:1635 +0x387

goroutine 39152 [select, 1 minutes]:
github.com/nats-io/nats.go/jetstream.(*pullSubscription).pullMessages(0xc00210a120, {0xc001eb8640, 0x4b})
	/Users/jace/go/pkg/mod/github.com/nats-io/nats.go@v1.41.1/jetstream/pull.go:955 +0x91
created by github.com/nats-io/nats.go/jetstream.(*pullConsumer).Messages in goroutine 38959
	/Users/jace/go/pkg/mod/github.com/nats-io/nats.go@v1.41.1/jetstream/pull.go:534 +0x748

goroutine 38079 [chan receive, 1 minutes]:
github.com/ThreeDotsLabs/watermill/message.(*handler).run(0xc001bfb520, {0x10a337fa0, 0xc0005af900}, {0xc0009ea0c0, 0x6, 0xc001827f78?})
	/Users/jace/go/pkg/mod/github.com/!three!dots!labs/watermill@v1.4.6/message/router.go:645 +0x2b4
github.com/ThreeDotsLabs/watermill/message.(*Router).RunHandlers.func1()
	/Users/jace/go/pkg/mod/github.com/!three!dots!labs/watermill@v1.4.6/message/router.go:460 +0x145
created by github.com/ThreeDotsLabs/watermill/message.(*Router).RunHandlers in goroutine 37797
	/Users/jace/go/pkg/mod/github.com/!three!dots!labs/watermill@v1.4.6/message/router.go:453 +0x606

goroutine 39061 [select, 1 minutes]:
github.com/nats-io/nats.go/jetstream.(*pullSubscription).Next(0xc001836a20)
	/Users/jace/go/pkg/mod/github.com/nats-io/nats.go@v1.41.1/jetstream/pull.go:589 +0x285
github.com/Black-And-White-Club/frolf-bot-shared/eventbus.(*eventBus).Subscribe.func1()
	/Users/jace/Documents/GitHub/frolf-bot-shared/eventbus/eventbus.go:326 +0x169
created by github.com/Black-And-White-Club/frolf-bot-shared/eventbus.(*eventBus).Subscribe in goroutine 38959
	/Users/jace/Documents/GitHub/frolf-bot-shared/eventbus/eventbus.go:315 +0xbf1

goroutine 36799 [select, 2 minutes]:
github.com/nats-io/nats.go/jetstream.(*pullConsumer).Messages.func2()
	/Users/jace/go/pkg/mod/github.com/nats-io/nats.go@v1.41.1/jetstream/pull.go:538 +0x68
created by github.com/nats-io/nats.go/jetstream.(*pullConsumer).Messages in goroutine 36760
	/Users/jace/go/pkg/mod/github.com/nats-io/nats.go@v1.41.1/jetstream/pull.go:536 +0x78a

goroutine 43777 [select]:
github.com/nats-io/nats%2ego.(*Conn).doReconnect(0xc00163b108, {0x10a327f28, 0x10acedb30}, 0x0)
	/Users/jace/go/pkg/mod/github.com/nats-io/nats.go@v1.41.1/nats.go:2907 +0x41a
created by github.com/nats-io/nats%2ego.(*Conn).processOpErr in goroutine 43669
	/Users/jace/go/pkg/mod/github.com/nats-io/nats.go@v1.41.1/nats.go:3043 +0x2f3

goroutine 36686 [select, 2 minutes]:
github.com/nats-io/nats.go/jetstream.(*pullSubscription).Next(0xc0011223f0)
	/Users/jace/go/pkg/mod/github.com/nats-io/nats.go@v1.41.1/jetstream/pull.go:589 +0x285
github.com/Black-And-White-Club/frolf-bot-shared/eventbus.(*eventBus).Subscribe.func1()
	/Users/jace/Documents/GitHub/frolf-bot-shared/eventbus/eventbus.go:326 +0x169
created by github.com/Black-And-White-Club/frolf-bot-shared/eventbus.(*eventBus).Subscribe in goroutine 36760
	/Users/jace/Documents/GitHub/frolf-bot-shared/eventbus/eventbus.go:315 +0xbf1

goroutine 39367 [select]:
github.com/nats-io/nats%2ego.(*Conn).doReconnect(0xc001b25808, {0x10a327f28, 0x10acedb30}, 0x0)
	/Users/jace/go/pkg/mod/github.com/nats-io/nats.go@v1.41.1/nats.go:2907 +0x41a
created by github.com/nats-io/nats%2ego.(*Conn).processOpErr in goroutine 38879
	/Users/jace/go/pkg/mod/github.com/nats-io/nats.go@v1.41.1/nats.go:3043 +0x2f3

goroutine 36685 [select, 2 minutes]:
github.com/nats-io/nats.go/jetstream.(*pullConsumer).Messages.func2()
	/Users/jace/go/pkg/mod/github.com/nats-io/nats.go@v1.41.1/jetstream/pull.go:538 +0x68
created by github.com/nats-io/nats.go/jetstream.(*pullConsumer).Messages in goroutine 36760
	/Users/jace/go/pkg/mod/github.com/nats-io/nats.go@v1.41.1/jetstream/pull.go:536 +0x78a

goroutine 39352 [select]:
github.com/nats-io/nats%2ego.(*Conn).doReconnect(0xc001bf0008, {0x10a327f28, 0x10acedb30}, 0x0)
	/Users/jace/go/pkg/mod/github.com/nats-io/nats.go@v1.41.1/nats.go:2907 +0x41a
created by github.com/nats-io/nats%2ego.(*Conn).processOpErr in goroutine 38892
	/Users/jace/go/pkg/mod/github.com/nats-io/nats.go@v1.41.1/nats.go:3043 +0x2f3

goroutine 36671 [select, 2 minutes]:
github.com/nats-io/nats.go/jetstream.(*pullConsumer).Messages.func2()
	/Users/jace/go/pkg/mod/github.com/nats-io/nats.go@v1.41.1/jetstream/pull.go:538 +0x68
created by github.com/nats-io/nats.go/jetstream.(*pullConsumer).Messages in goroutine 36760
	/Users/jace/go/pkg/mod/github.com/nats-io/nats.go@v1.41.1/jetstream/pull.go:536 +0x78a

goroutine 36684 [select, 2 minutes]:
github.com/nats-io/nats.go/jetstream.(*pullSubscription).pullMessages(0xc0011223f0, {0xc0008b3c20, 0x42})
	/Users/jace/go/pkg/mod/github.com/nats-io/nats.go@v1.41.1/jetstream/pull.go:955 +0x91
created by github.com/nats-io/nats.go/jetstream.(*pullConsumer).Messages in goroutine 36760
	/Users/jace/go/pkg/mod/github.com/nats-io/nats.go@v1.41.1/jetstream/pull.go:534 +0x748

goroutine 37099 [select]:
github.com/nats-io/nats%2ego.(*Conn).doReconnect(0xc000747808, {0x10a327f28, 0x10acedb30}, 0x0)
	/Users/jace/go/pkg/mod/github.com/nats-io/nats.go@v1.41.1/nats.go:2907 +0x41a
created by github.com/nats-io/nats%2ego.(*Conn).processOpErr in goroutine 36709
	/Users/jace/go/pkg/mod/github.com/nats-io/nats.go@v1.41.1/nats.go:3043 +0x2f3

goroutine 38078 [chan receive, 1 minutes]:
github.com/ThreeDotsLabs/watermill/message.(*messageTransformSubscriberDecorator).Subscribe.func1()
	/Users/jace/go/pkg/mod/github.com/!three!dots!labs/watermill@v1.4.6/message/decorator.go:52 +0x85
created by github.com/ThreeDotsLabs/watermill/message.(*messageTransformSubscriberDecorator).Subscribe in goroutine 37797
	/Users/jace/go/pkg/mod/github.com/!three!dots!labs/watermill@v1.4.6/message/decorator.go:51 +0xc7

goroutine 38244 [select]:
github.com/nats-io/nats%2ego.(*Conn).doReconnect(0xc00149b808, {0x10a327f28, 0x10acedb30}, 0x0)
	/Users/jace/go/pkg/mod/github.com/nats-io/nats.go@v1.41.1/nats.go:2907 +0x41a
created by github.com/nats-io/nats%2ego.(*Conn).processOpErr in goroutine 37751
	/Users/jace/go/pkg/mod/github.com/nats-io/nats.go@v1.41.1/nats.go:3043 +0x2f3

goroutine 48359 [select]:
github.com/nats-io/nats%2ego.(*Conn).doReconnect(0xc00155dc08, {0x10a327f28, 0x10acedb30}, 0x0)
	/Users/jace/go/pkg/mod/github.com/nats-io/nats.go@v1.41.1/nats.go:2907 +0x41a
created by github.com/nats-io/nats%2ego.(*Conn).processOpErr in goroutine 47881
	/Users/jace/go/pkg/mod/github.com/nats-io/nats.go@v1.41.1/nats.go:3043 +0x2f3

goroutine 38912 [select, 1 minutes]:
github.com/nats-io/nats.go/jetstream.(*pullSubscription).Next(0xc001ac1dd0)
	/Users/jace/go/pkg/mod/github.com/nats-io/nats.go@v1.41.1/jetstream/pull.go:589 +0x285
github.com/Black-And-White-Club/frolf-bot-shared/eventbus.(*eventBus).Subscribe.func1()
	/Users/jace/Documents/GitHub/frolf-bot-shared/eventbus/eventbus.go:326 +0x169
created by github.com/Black-And-White-Club/frolf-bot-shared/eventbus.(*eventBus).Subscribe in goroutine 38959
	/Users/jace/Documents/GitHub/frolf-bot-shared/eventbus/eventbus.go:315 +0xbf1

goroutine 40203 [select, 1 minutes]:
github.com/nats-io/nats.go/jetstream.(*pullSubscription).Next(0xc001279830)
	/Users/jace/go/pkg/mod/github.com/nats-io/nats.go@v1.41.1/jetstream/pull.go:589 +0x285
github.com/Black-And-White-Club/frolf-bot-shared/eventbus.(*eventBus).Subscribe.func1()
	/Users/jace/Documents/GitHub/frolf-bot-shared/eventbus/eventbus.go:326 +0x169
created by github.com/Black-And-White-Club/frolf-bot-shared/eventbus.(*eventBus).Subscribe in goroutine 40053
	/Users/jace/Documents/GitHub/frolf-bot-shared/eventbus/eventbus.go:315 +0xbf1

goroutine 36711 [sync.Cond.Wait, 2 minutes]:
sync.runtime_notifyListWait(0xc00128ce90, 0x0)
	/usr/local/Cellar/go/1.24.2/libexec/src/runtime/sema.go:597 +0x159
sync.(*Cond).Wait(0xc00145ee00?)
	/usr/local/Cellar/go/1.24.2/libexec/src/sync/cond.go:71 +0x85
github.com/nats-io/nats%2ego.(*asyncCallbacksHandler).asyncCBDispatcher(0xc000abed00)
	/Users/jace/go/pkg/mod/github.com/nats-io/nats.go@v1.41.1/nats.go:3059 +0xdd
created by github.com/nats-io/nats%2ego.Options.Connect in goroutine 35855
	/Users/jace/go/pkg/mod/github.com/nats-io/nats.go@v1.41.1/nats.go:1635 +0x387

goroutine 37960 [chan receive, 1 minutes]:
github.com/ThreeDotsLabs/watermill/message.(*handler).run(0xc001bfbba0, {0x10a337fa0, 0xc000812aa0}, {0xc000ec0000, 0x6, 0x4?})
	/Users/jace/go/pkg/mod/github.com/!three!dots!labs/watermill@v1.4.6/message/router.go:645 +0x2b4
github.com/ThreeDotsLabs/watermill/message.(*Router).RunHandlers.func1()
	/Users/jace/go/pkg/mod/github.com/!three!dots!labs/watermill@v1.4.6/message/router.go:460 +0x145
created by github.com/ThreeDotsLabs/watermill/message.(*Router).RunHandlers in goroutine 37797
	/Users/jace/go/pkg/mod/github.com/!three!dots!labs/watermill@v1.4.6/message/router.go:453 +0x606

goroutine 39453 [select, 1 minutes]:
github.com/nats-io/nats.go/jetstream.(*pullConsumer).Messages.func2()
	/Users/jace/go/pkg/mod/github.com/nats-io/nats.go@v1.41.1/jetstream/pull.go:538 +0x68
created by github.com/nats-io/nats.go/jetstream.(*pullConsumer).Messages in goroutine 40053
	/Users/jace/go/pkg/mod/github.com/nats-io/nats.go@v1.41.1/jetstream/pull.go:536 +0x78a

goroutine 40400 [sync.WaitGroup.Wait, 1 minutes]:
sync.runtime_SemacquireWaitGroup(0xc0016725b0?)
	/usr/local/Cellar/go/1.24.2/libexec/src/runtime/sema.go:110 +0x25
sync.(*WaitGroup).Wait(0xc001b0cf40?)
	/usr/local/Cellar/go/1.24.2/libexec/src/sync/waitgroup.go:118 +0x48
github.com/ThreeDotsLabs/watermill/message.(*Router).waitForHandlers.func1()
	/Users/jace/go/pkg/mod/github.com/!three!dots!labs/watermill@v1.4.6/message/router.go:579 +0x4b
created by github.com/ThreeDotsLabs/watermill/message.(*Router).waitForHandlers in goroutine 39398
	/Users/jace/go/pkg/mod/github.com/!three!dots!labs/watermill@v1.4.6/message/router.go:577 +0x87

goroutine 37945 [select, 1 minutes]:
github.com/nats-io/nats.go/jetstream.(*pullSubscription).Next(0xc000ba3c20)
	/Users/jace/go/pkg/mod/github.com/nats-io/nats.go@v1.41.1/jetstream/pull.go:589 +0x285
github.com/Black-And-White-Club/frolf-bot-shared/eventbus.(*eventBus).Subscribe.func1()
	/Users/jace/Documents/GitHub/frolf-bot-shared/eventbus/eventbus.go:326 +0x169
created by github.com/Black-And-White-Club/frolf-bot-shared/eventbus.(*eventBus).Subscribe in goroutine 37797
	/Users/jace/Documents/GitHub/frolf-bot-shared/eventbus/eventbus.go:315 +0xbf1

goroutine 38012 [chan receive, 1 minutes]:
github.com/ThreeDotsLabs/watermill/message.(*handler).run(0xc000d5c8f0, {0x10a337fa0, 0xc0009158b0}, {0xc001990b40, 0x6, 0x0?})
	/Users/jace/go/pkg/mod/github.com/!three!dots!labs/watermill@v1.4.6/message/router.go:645 +0x2b4
github.com/ThreeDotsLabs/watermill/message.(*Router).RunHandlers.func1()
	/Users/jace/go/pkg/mod/github.com/!three!dots!labs/watermill@v1.4.6/message/router.go:460 +0x145
created by github.com/ThreeDotsLabs/watermill/message.(*Router).RunHandlers in goroutine 37797
	/Users/jace/go/pkg/mod/github.com/!three!dots!labs/watermill@v1.4.6/message/router.go:453 +0x606

goroutine 37957 [select, 1 minutes]:
github.com/nats-io/nats.go/jetstream.(*pullConsumer).Messages.func2()
	/Users/jace/go/pkg/mod/github.com/nats-io/nats.go@v1.41.1/jetstream/pull.go:538 +0x68
created by github.com/nats-io/nats.go/jetstream.(*pullConsumer).Messages in goroutine 37797
	/Users/jace/go/pkg/mod/github.com/nats-io/nats.go@v1.41.1/jetstream/pull.go:536 +0x78a

goroutine 38987 [select, 1 minutes]:
github.com/nats-io/nats.go/jetstream.(*pullSubscription).Next(0xc001b347e0)
	/Users/jace/go/pkg/mod/github.com/nats-io/nats.go@v1.41.1/jetstream/pull.go:589 +0x285
github.com/Black-And-White-Club/frolf-bot-shared/eventbus.(*eventBus).Subscribe.func1()
	/Users/jace/Documents/GitHub/frolf-bot-shared/eventbus/eventbus.go:326 +0x169
created by github.com/Black-And-White-Club/frolf-bot-shared/eventbus.(*eventBus).Subscribe in goroutine 38959
	/Users/jace/Documents/GitHub/frolf-bot-shared/eventbus/eventbus.go:315 +0xbf1

goroutine 47978 [select, 1 minutes]:
github.com/nats-io/nats.go/jetstream.(*pullSubscription).Next(0xc0012d50e0)
	/Users/jace/go/pkg/mod/github.com/nats-io/nats.go@v1.41.1/jetstream/pull.go:589 +0x285
github.com/Black-And-White-Club/frolf-bot-shared/eventbus.(*eventBus).Subscribe.func1()
	/Users/jace/Documents/GitHub/frolf-bot-shared/eventbus/eventbus.go:326 +0x169
created by github.com/Black-And-White-Club/frolf-bot-shared/eventbus.(*eventBus).Subscribe in goroutine 47950
	/Users/jace/Documents/GitHub/frolf-bot-shared/eventbus/eventbus.go:315 +0xbf1

goroutine 37878 [select, 1 minutes]:
github.com/nats-io/nats.go/jetstream.(*pullConsumer).Messages.func2()
	/Users/jace/go/pkg/mod/github.com/nats-io/nats.go@v1.41.1/jetstream/pull.go:538 +0x68
created by github.com/nats-io/nats.go/jetstream.(*pullConsumer).Messages in goroutine 37797
	/Users/jace/go/pkg/mod/github.com/nats-io/nats.go@v1.41.1/jetstream/pull.go:536 +0x78a

goroutine 48048 [select, 1 minutes]:
github.com/nats-io/nats.go/jetstream.(*pullSubscription).pullMessages(0xc001208630, {0xc000254d70, 0x45})
	/Users/jace/go/pkg/mod/github.com/nats-io/nats.go@v1.41.1/jetstream/pull.go:955 +0x91
created by github.com/nats-io/nats.go/jetstream.(*pullConsumer).Messages in goroutine 47950
	/Users/jace/go/pkg/mod/github.com/nats-io/nats.go@v1.41.1/jetstream/pull.go:534 +0x748

goroutine 41579 [chan receive, 1 minutes]:
github.com/ThreeDotsLabs/watermill/message.(*messageTransformSubscriberDecorator).Subscribe.func1()
	/Users/jace/go/pkg/mod/github.com/!three!dots!labs/watermill@v1.4.6/message/decorator.go:52 +0x85
created by github.com/ThreeDotsLabs/watermill/message.(*messageTransformSubscriberDecorator).Subscribe in goroutine 41277
	/Users/jace/go/pkg/mod/github.com/!three!dots!labs/watermill@v1.4.6/message/decorator.go:51 +0xc7

goroutine 40375 [chan receive, 1 minutes]:
github.com/ThreeDotsLabs/watermill/message.(*handler).run(0xc0013b76c0, {0x10a337fa0, 0xc0010e3900}, {0xc00015b2c0, 0x6, 0x0?})
	/Users/jace/go/pkg/mod/github.com/!three!dots!labs/watermill@v1.4.6/message/router.go:645 +0x2b4
github.com/ThreeDotsLabs/watermill/message.(*Router).RunHandlers.func1()
	/Users/jace/go/pkg/mod/github.com/!three!dots!labs/watermill@v1.4.6/message/router.go:460 +0x145
created by github.com/ThreeDotsLabs/watermill/message.(*Router).RunHandlers in goroutine 40053
	/Users/jace/go/pkg/mod/github.com/!three!dots!labs/watermill@v1.4.6/message/router.go:453 +0x606

goroutine 44774 [sync.Cond.Wait, 1 minutes]:
sync.runtime_notifyListWait(0xc000d4d010, 0x0)
	/usr/local/Cellar/go/1.24.2/libexec/src/runtime/sema.go:597 +0x159
sync.(*Cond).Wait(0xc001aa1960?)
	/usr/local/Cellar/go/1.24.2/libexec/src/sync/cond.go:71 +0x85
github.com/nats-io/nats%2ego.(*asyncCallbacksHandler).asyncCBDispatcher(0xc0021a3ba0)
	/Users/jace/go/pkg/mod/github.com/nats-io/nats.go@v1.41.1/nats.go:3059 +0xdd
created by github.com/nats-io/nats%2ego.Options.Connect in goroutine 44116
	/Users/jace/go/pkg/mod/github.com/nats-io/nats.go@v1.41.1/nats.go:1635 +0x387

goroutine 38026 [chan receive, 1 minutes]:
github.com/ThreeDotsLabs/watermill/message.(*handler).run(0xc001bfb6c0, {0x10a337fa0, 0xc0010b8370}, {0xc000ec0300, 0x6, 0xc0007ae5f0?})
	/Users/jace/go/pkg/mod/github.com/!three!dots!labs/watermill@v1.4.6/message/router.go:645 +0x2b4
github.com/ThreeDotsLabs/watermill/message.(*Router).RunHandlers.func1()
	/Users/jace/go/pkg/mod/github.com/!three!dots!labs/watermill@v1.4.6/message/router.go:460 +0x145
created by github.com/ThreeDotsLabs/watermill/message.(*Router).RunHandlers in goroutine 37797
	/Users/jace/go/pkg/mod/github.com/!three!dots!labs/watermill@v1.4.6/message/router.go:453 +0x606

goroutine 37070 [sync.WaitGroup.Wait, 2 minutes]:
sync.runtime_SemacquireWaitGroup(0xc000453ea0?)
	/usr/local/Cellar/go/1.24.2/libexec/src/runtime/sema.go:110 +0x25
sync.(*WaitGroup).Wait(0xc001dbff40?)
	/usr/local/Cellar/go/1.24.2/libexec/src/sync/waitgroup.go:118 +0x48
github.com/ThreeDotsLabs/watermill/message.(*Router).waitForHandlers.func1()
	/Users/jace/go/pkg/mod/github.com/!three!dots!labs/watermill@v1.4.6/message/router.go:579 +0x4b
created by github.com/ThreeDotsLabs/watermill/message.(*Router).waitForHandlers in goroutine 35855
	/Users/jace/go/pkg/mod/github.com/!three!dots!labs/watermill@v1.4.6/message/router.go:577 +0x87

goroutine 36761 [sync.Cond.Wait, 2 minutes]:
sync.runtime_notifyListWait(0xc001277ad0, 0x2)
	/usr/local/Cellar/go/1.24.2/libexec/src/runtime/sema.go:597 +0x159
sync.(*Cond).Wait(0x0?)
	/usr/local/Cellar/go/1.24.2/libexec/src/sync/cond.go:71 +0x85
github.com/nats-io/nats%2ego.(*Conn).waitForMsgs(0xc001403508, 0xc001b205a0)
	/Users/jace/go/pkg/mod/github.com/nats-io/nats.go@v1.41.1/nats.go:3178 +0xc5
created by github.com/nats-io/nats%2ego.(*Conn).subscribeLocked in goroutine 35855
	/Users/jace/go/pkg/mod/github.com/nats-io/nats.go@v1.41.1/nats.go:4468 +0x419

goroutine 38033 [chan receive, 1 minutes]:
github.com/ThreeDotsLabs/watermill/message.(*handler).run(0xc001bfb860, {0x10a337fa0, 0xc0005afae0}, {0xc000ec03c0, 0x6, 0x3466366237306131?})
	/Users/jace/go/pkg/mod/github.com/!three!dots!labs/watermill@v1.4.6/message/router.go:645 +0x2b4
github.com/ThreeDotsLabs/watermill/message.(*Router).RunHandlers.func1()
	/Users/jace/go/pkg/mod/github.com/!three!dots!labs/watermill@v1.4.6/message/router.go:460 +0x145
created by github.com/ThreeDotsLabs/watermill/message.(*Router).RunHandlers in goroutine 37797
	/Users/jace/go/pkg/mod/github.com/!three!dots!labs/watermill@v1.4.6/message/router.go:453 +0x606

goroutine 36672 [select, 2 minutes]:
github.com/nats-io/nats.go/jetstream.(*pullSubscription).Next(0xc0007c5050)
	/Users/jace/go/pkg/mod/github.com/nats-io/nats.go@v1.41.1/jetstream/pull.go:589 +0x285
github.com/Black-And-White-Club/frolf-bot-shared/eventbus.(*eventBus).Subscribe.func1()
	/Users/jace/Documents/GitHub/frolf-bot-shared/eventbus/eventbus.go:326 +0x169
created by github.com/Black-And-White-Club/frolf-bot-shared/eventbus.(*eventBus).Subscribe in goroutine 36760
	/Users/jace/Documents/GitHub/frolf-bot-shared/eventbus/eventbus.go:315 +0xbf1

goroutine 36673 [chan receive, 2 minutes]:
github.com/ThreeDotsLabs/watermill/message.(*messageTransformSubscriberDecorator).Subscribe.func1()
	/Users/jace/go/pkg/mod/github.com/!three!dots!labs/watermill@v1.4.6/message/decorator.go:52 +0x85
created by github.com/ThreeDotsLabs/watermill/message.(*messageTransformSubscriberDecorator).Subscribe in goroutine 36760
	/Users/jace/go/pkg/mod/github.com/!three!dots!labs/watermill@v1.4.6/message/decorator.go:51 +0xc7

goroutine 36770 [chan receive, 2 minutes]:
github.com/ThreeDotsLabs/watermill/message.(*handler).run(0xc001982410, {0x10a337fa0, 0xc001734050}, {0xc001563a40, 0x6, 0x0?})
	/Users/jace/go/pkg/mod/github.com/!three!dots!labs/watermill@v1.4.6/message/router.go:645 +0x2b4
github.com/ThreeDotsLabs/watermill/message.(*Router).RunHandlers.func1()
	/Users/jace/go/pkg/mod/github.com/!three!dots!labs/watermill@v1.4.6/message/router.go:460 +0x145
created by github.com/ThreeDotsLabs/watermill/message.(*Router).RunHandlers in goroutine 36760
	/Users/jace/go/pkg/mod/github.com/!three!dots!labs/watermill@v1.4.6/message/router.go:453 +0x606

goroutine 37729 [chan receive, 1 minutes]:
github.com/ThreeDotsLabs/watermill/message.(*messageTransformSubscriberDecorator).Subscribe.func1()
	/Users/jace/go/pkg/mod/github.com/!three!dots!labs/watermill@v1.4.6/message/decorator.go:52 +0x85
created by github.com/ThreeDotsLabs/watermill/message.(*messageTransformSubscriberDecorator).Subscribe in goroutine 37797
	/Users/jace/go/pkg/mod/github.com/!three!dots!labs/watermill@v1.4.6/message/decorator.go:51 +0xc7

goroutine 37852 [chan receive, 1 minutes]:
github.com/ThreeDotsLabs/watermill/message.(*handler).run(0xc001bfaea0, {0x10a337fa0, 0xc0005ae320}, {0xc002041bc0, 0x6, 0x222c303a22736572?})
	/Users/jace/go/pkg/mod/github.com/!three!dots!labs/watermill@v1.4.6/message/router.go:645 +0x2b4
github.com/ThreeDotsLabs/watermill/message.(*Router).RunHandlers.func1()
	/Users/jace/go/pkg/mod/github.com/!three!dots!labs/watermill@v1.4.6/message/router.go:460 +0x145
created by github.com/ThreeDotsLabs/watermill/message.(*Router).RunHandlers in goroutine 37797
	/Users/jace/go/pkg/mod/github.com/!three!dots!labs/watermill@v1.4.6/message/router.go:453 +0x606

goroutine 39992 [sync.Cond.Wait, 1 minutes]:
sync.runtime_notifyListWait(0xc00033a710, 0x0)
	/usr/local/Cellar/go/1.24.2/libexec/src/runtime/sema.go:597 +0x159
sync.(*Cond).Wait(0xc0019bf9d0?)
	/usr/local/Cellar/go/1.24.2/libexec/src/sync/cond.go:71 +0x85
github.com/nats-io/nats%2ego.(*asyncCallbacksHandler).asyncCBDispatcher(0xc000a220c0)
	/Users/jace/go/pkg/mod/github.com/nats-io/nats.go@v1.41.1/nats.go:3059 +0xdd
created by github.com/nats-io/nats%2ego.Options.Connect in goroutine 39398
	/Users/jace/go/pkg/mod/github.com/nats-io/nats.go@v1.41.1/nats.go:1635 +0x387

goroutine 38911 [select, 1 minutes]:
github.com/nats-io/nats.go/jetstream.(*pullConsumer).Messages.func2()
	/Users/jace/go/pkg/mod/github.com/nats-io/nats.go@v1.41.1/jetstream/pull.go:538 +0x68
created by github.com/nats-io/nats.go/jetstream.(*pullConsumer).Messages in goroutine 38959
	/Users/jace/go/pkg/mod/github.com/nats-io/nats.go@v1.41.1/jetstream/pull.go:536 +0x78a

goroutine 36952 [select, 2 minutes]:
github.com/nats-io/nats.go/jetstream.(*pullSubscription).pullMessages(0xc000d5b9e0, {0xc0002f8d80, 0x58})
	/Users/jace/go/pkg/mod/github.com/nats-io/nats.go@v1.41.1/jetstream/pull.go:955 +0x91
created by github.com/nats-io/nats.go/jetstream.(*pullConsumer).Messages in goroutine 36760
	/Users/jace/go/pkg/mod/github.com/nats-io/nats.go@v1.41.1/jetstream/pull.go:534 +0x748

goroutine 37738 [select, 1 minutes]:
github.com/nats-io/nats.go/jetstream.(*pullConsumer).Messages.func2()
	/Users/jace/go/pkg/mod/github.com/nats-io/nats.go@v1.41.1/jetstream/pull.go:538 +0x68
created by github.com/nats-io/nats.go/jetstream.(*pullConsumer).Messages in goroutine 37797
	/Users/jace/go/pkg/mod/github.com/nats-io/nats.go@v1.41.1/jetstream/pull.go:536 +0x78a

goroutine 39069 [select, 1 minutes]:
github.com/nats-io/nats.go/jetstream.(*pullSubscription).pullMessages(0xc001837200, {0xc00113cac0, 0x3f})
	/Users/jace/go/pkg/mod/github.com/nats-io/nats.go@v1.41.1/jetstream/pull.go:955 +0x91
created by github.com/nats-io/nats.go/jetstream.(*pullConsumer).Messages in goroutine 38959
	/Users/jace/go/pkg/mod/github.com/nats-io/nats.go@v1.41.1/jetstream/pull.go:534 +0x748

goroutine 38017 [chan receive, 1 minutes]:
github.com/ThreeDotsLabs/watermill/message.(*messageTransformSubscriberDecorator).Subscribe.func1()
	/Users/jace/go/pkg/mod/github.com/!three!dots!labs/watermill@v1.4.6/message/decorator.go:52 +0x85
created by github.com/ThreeDotsLabs/watermill/message.(*messageTransformSubscriberDecorator).Subscribe in goroutine 37797
	/Users/jace/go/pkg/mod/github.com/!three!dots!labs/watermill@v1.4.6/message/decorator.go:51 +0xc7

goroutine 36791 [chan receive, 2 minutes]:
github.com/ThreeDotsLabs/watermill/message.(*handler).run(0xc0019820d0, {0x10a337fa0, 0xc000a139f0}, {0xc0010f0540, 0x6, 0x1000000000001?})
	/Users/jace/go/pkg/mod/github.com/!three!dots!labs/watermill@v1.4.6/message/router.go:645 +0x2b4
github.com/ThreeDotsLabs/watermill/message.(*Router).RunHandlers.func1()
	/Users/jace/go/pkg/mod/github.com/!three!dots!labs/watermill@v1.4.6/message/router.go:460 +0x145
created by github.com/ThreeDotsLabs/watermill/message.(*Router).RunHandlers in goroutine 36760
	/Users/jace/go/pkg/mod/github.com/!three!dots!labs/watermill@v1.4.6/message/router.go:453 +0x606

goroutine 46232 [chan receive, 1 minutes]:
github.com/ThreeDotsLabs/watermill/message.(*messageTransformSubscriberDecorator).Subscribe.func1()
	/Users/jace/go/pkg/mod/github.com/!three!dots!labs/watermill@v1.4.6/message/decorator.go:52 +0x85
created by github.com/ThreeDotsLabs/watermill/message.(*messageTransformSubscriberDecorator).Subscribe in goroutine 46222
	/Users/jace/go/pkg/mod/github.com/!three!dots!labs/watermill@v1.4.6/message/decorator.go:51 +0xc7

goroutine 38015 [select, 1 minutes]:
github.com/nats-io/nats.go/jetstream.(*pullConsumer).Messages.func2()
	/Users/jace/go/pkg/mod/github.com/nats-io/nats.go@v1.41.1/jetstream/pull.go:538 +0x68
created by github.com/nats-io/nats.go/jetstream.(*pullConsumer).Messages in goroutine 37797
	/Users/jace/go/pkg/mod/github.com/nats-io/nats.go@v1.41.1/jetstream/pull.go:536 +0x78a

goroutine 35902 [select, 2 minutes]:
github.com/nats-io/nats.go/jetstream.(*pullSubscription).pullMessages(0xc00055bb90, {0xc00017e4b0, 0x4f})
	/Users/jace/go/pkg/mod/github.com/nats-io/nats.go@v1.41.1/jetstream/pull.go:955 +0x91
created by github.com/nats-io/nats.go/jetstream.(*pullConsumer).Messages in goroutine 36760
	/Users/jace/go/pkg/mod/github.com/nats-io/nats.go@v1.41.1/jetstream/pull.go:534 +0x748

goroutine 40010 [select, 1 minutes]:
github.com/nats-io/nats.go/jetstream.(*pullSubscription).pullMessages(0xc0007b2090, {0xc000a424e0, 0x58})
	/Users/jace/go/pkg/mod/github.com/nats-io/nats.go@v1.41.1/jetstream/pull.go:955 +0x91
created by github.com/nats-io/nats.go/jetstream.(*pullConsumer).Messages in goroutine 40053
	/Users/jace/go/pkg/mod/github.com/nats-io/nats.go@v1.41.1/jetstream/pull.go:534 +0x748

goroutine 36720 [select, 2 minutes]:
github.com/nats-io/nats.go/jetstream.(*pullSubscription).pullMessages(0xc000677710, {0xc000e572c0, 0x5a})
	/Users/jace/go/pkg/mod/github.com/nats-io/nats.go@v1.41.1/jetstream/pull.go:955 +0x91
created by github.com/nats-io/nats.go/jetstream.(*pullConsumer).Messages in goroutine 36760
	/Users/jace/go/pkg/mod/github.com/nats-io/nats.go@v1.41.1/jetstream/pull.go:534 +0x748

goroutine 36721 [select, 2 minutes]:
github.com/nats-io/nats.go/jetstream.(*pullConsumer).Messages.func2()
	/Users/jace/go/pkg/mod/github.com/nats-io/nats.go@v1.41.1/jetstream/pull.go:538 +0x68
created by github.com/nats-io/nats.go/jetstream.(*pullConsumer).Messages in goroutine 36760
	/Users/jace/go/pkg/mod/github.com/nats-io/nats.go@v1.41.1/jetstream/pull.go:536 +0x78a

goroutine 36802 [select, 2 minutes]:
github.com/nats-io/nats.go/jetstream.(*pullSubscription).Next(0xc000677710)
	/Users/jace/go/pkg/mod/github.com/nats-io/nats.go@v1.41.1/jetstream/pull.go:589 +0x285
github.com/Black-And-White-Club/frolf-bot-shared/eventbus.(*eventBus).Subscribe.func1()
	/Users/jace/Documents/GitHub/frolf-bot-shared/eventbus/eventbus.go:326 +0x169
created by github.com/Black-And-White-Club/frolf-bot-shared/eventbus.(*eventBus).Subscribe in goroutine 36760
	/Users/jace/Documents/GitHub/frolf-bot-shared/eventbus/eventbus.go:315 +0xbf1

goroutine 36803 [chan receive, 2 minutes]:
github.com/ThreeDotsLabs/watermill/message.(*messageTransformSubscriberDecorator).Subscribe.func1()
	/Users/jace/go/pkg/mod/github.com/!three!dots!labs/watermill@v1.4.6/message/decorator.go:52 +0x85
created by github.com/ThreeDotsLabs/watermill/message.(*messageTransformSubscriberDecorator).Subscribe in goroutine 36760
	/Users/jace/go/pkg/mod/github.com/!three!dots!labs/watermill@v1.4.6/message/decorator.go:51 +0xc7

goroutine 36804 [chan receive, 2 minutes]:
github.com/ThreeDotsLabs/watermill/message.(*handler).run(0xc0006a6dd0, {0x10a337fa0, 0xc001c111d0}, {0xc00139a840, 0x6, 0x0?})
	/Users/jace/go/pkg/mod/github.com/!three!dots!labs/watermill@v1.4.6/message/router.go:645 +0x2b4
github.com/ThreeDotsLabs/watermill/message.(*Router).RunHandlers.func1()
	/Users/jace/go/pkg/mod/github.com/!three!dots!labs/watermill@v1.4.6/message/router.go:460 +0x145
created by github.com/ThreeDotsLabs/watermill/message.(*Router).RunHandlers in goroutine 36760
	/Users/jace/go/pkg/mod/github.com/!three!dots!labs/watermill@v1.4.6/message/router.go:453 +0x606

goroutine 37037 [chan receive, 1 minutes]:
github.com/ThreeDotsLabs/watermill/message.(*handler).run(0xc001bfb930, {0x10a337fa0, 0xc000994050}, {0xc000e3c0c0, 0x6, 0xc0018b3778?})
	/Users/jace/go/pkg/mod/github.com/!three!dots!labs/watermill@v1.4.6/message/router.go:645 +0x2b4
github.com/ThreeDotsLabs/watermill/message.(*Router).RunHandlers.func1()
	/Users/jace/go/pkg/mod/github.com/!three!dots!labs/watermill@v1.4.6/message/router.go:460 +0x145
created by github.com/ThreeDotsLabs/watermill/message.(*Router).RunHandlers in goroutine 37797
	/Users/jace/go/pkg/mod/github.com/!three!dots!labs/watermill@v1.4.6/message/router.go:453 +0x606

goroutine 36877 [select, 2 minutes]:
github.com/nats-io/nats.go/jetstream.(*pullSubscription).pullMessages(0xc000709050, {0xc00113df00, 0x3e})
	/Users/jace/go/pkg/mod/github.com/nats-io/nats.go@v1.41.1/jetstream/pull.go:955 +0x91
created by github.com/nats-io/nats.go/jetstream.(*pullConsumer).Messages in goroutine 36760
	/Users/jace/go/pkg/mod/github.com/nats-io/nats.go@v1.41.1/jetstream/pull.go:534 +0x748

goroutine 36880 [chan receive, 2 minutes]:
github.com/ThreeDotsLabs/watermill/message.(*messageTransformSubscriberDecorator).Subscribe.func1()
	/Users/jace/go/pkg/mod/github.com/!three!dots!labs/watermill@v1.4.6/message/decorator.go:52 +0x85
created by github.com/ThreeDotsLabs/watermill/message.(*messageTransformSubscriberDecorator).Subscribe in goroutine 36760
	/Users/jace/go/pkg/mod/github.com/!three!dots!labs/watermill@v1.4.6/message/decorator.go:51 +0xc7

goroutine 36953 [select, 2 minutes]:
github.com/nats-io/nats.go/jetstream.(*pullConsumer).Messages.func2()
	/Users/jace/go/pkg/mod/github.com/nats-io/nats.go@v1.41.1/jetstream/pull.go:538 +0x68
created by github.com/nats-io/nats.go/jetstream.(*pullConsumer).Messages in goroutine 36760
	/Users/jace/go/pkg/mod/github.com/nats-io/nats.go@v1.41.1/jetstream/pull.go:536 +0x78a

goroutine 37035 [select, 1 minutes]:
github.com/nats-io/nats.go/jetstream.(*pullSubscription).Next(0xc0013b0bd0)
	/Users/jace/go/pkg/mod/github.com/nats-io/nats.go@v1.41.1/jetstream/pull.go:589 +0x285
github.com/Black-And-White-Club/frolf-bot-shared/eventbus.(*eventBus).Subscribe.func1()
	/Users/jace/Documents/GitHub/frolf-bot-shared/eventbus/eventbus.go:326 +0x169
created by github.com/Black-And-White-Club/frolf-bot-shared/eventbus.(*eventBus).Subscribe in goroutine 37797
	/Users/jace/Documents/GitHub/frolf-bot-shared/eventbus/eventbus.go:315 +0xbf1

goroutine 36766 [select, 2 minutes]:
github.com/nats-io/nats.go/jetstream.(*pullConsumer).Messages.func2()
	/Users/jace/go/pkg/mod/github.com/nats-io/nats.go@v1.41.1/jetstream/pull.go:538 +0x68
created by github.com/nats-io/nats.go/jetstream.(*pullConsumer).Messages in goroutine 36760
	/Users/jace/go/pkg/mod/github.com/nats-io/nats.go@v1.41.1/jetstream/pull.go:536 +0x78a

goroutine 36769 [chan receive, 2 minutes]:
github.com/ThreeDotsLabs/watermill/message.(*handler).run(0xc001982820, {0x10a337fa0, 0xc000c82370}, {0xc0019900c0, 0x6, 0x4?})
	/Users/jace/go/pkg/mod/github.com/!three!dots!labs/watermill@v1.4.6/message/router.go:645 +0x2b4
github.com/ThreeDotsLabs/watermill/message.(*Router).RunHandlers.func1()
	/Users/jace/go/pkg/mod/github.com/!three!dots!labs/watermill@v1.4.6/message/router.go:460 +0x145
created by github.com/ThreeDotsLabs/watermill/message.(*Router).RunHandlers in goroutine 36760
	/Users/jace/go/pkg/mod/github.com/!three!dots!labs/watermill@v1.4.6/message/router.go:453 +0x606

goroutine 38075 [select, 1 minutes]:
github.com/nats-io/nats.go/jetstream.(*pullSubscription).pullMessages(0xc001534750, {0xc000f527e0, 0x56})
	/Users/jace/go/pkg/mod/github.com/nats-io/nats.go@v1.41.1/jetstream/pull.go:955 +0x91
created by github.com/nats-io/nats.go/jetstream.(*pullConsumer).Messages in goroutine 37797
	/Users/jace/go/pkg/mod/github.com/nats-io/nats.go@v1.41.1/jetstream/pull.go:534 +0x748

goroutine 36768 [chan receive, 2 minutes]:
github.com/ThreeDotsLabs/watermill/message.(*messageTransformSubscriberDecorator).Subscribe.func1()
	/Users/jace/go/pkg/mod/github.com/!three!dots!labs/watermill@v1.4.6/message/decorator.go:52 +0x85
created by github.com/ThreeDotsLabs/watermill/message.(*messageTransformSubscriberDecorator).Subscribe in goroutine 36760
	/Users/jace/go/pkg/mod/github.com/!three!dots!labs/watermill@v1.4.6/message/decorator.go:51 +0xc7

goroutine 37851 [chan receive, 1 minutes]:
github.com/ThreeDotsLabs/watermill/message.(*messageTransformSubscriberDecorator).Subscribe.func1()
	/Users/jace/go/pkg/mod/github.com/!three!dots!labs/watermill@v1.4.6/message/decorator.go:52 +0x85
created by github.com/ThreeDotsLabs/watermill/message.(*messageTransformSubscriberDecorator).Subscribe in goroutine 37797
	/Users/jace/go/pkg/mod/github.com/!three!dots!labs/watermill@v1.4.6/message/decorator.go:51 +0xc7

goroutine 36767 [select, 2 minutes]:
github.com/nats-io/nats.go/jetstream.(*pullSubscription).Next(0xc0019217a0)
	/Users/jace/go/pkg/mod/github.com/nats-io/nats.go@v1.41.1/jetstream/pull.go:589 +0x285
github.com/Black-And-White-Club/frolf-bot-shared/eventbus.(*eventBus).Subscribe.func1()
	/Users/jace/Documents/GitHub/frolf-bot-shared/eventbus/eventbus.go:326 +0x169
created by github.com/Black-And-White-Club/frolf-bot-shared/eventbus.(*eventBus).Subscribe in goroutine 36760
	/Users/jace/Documents/GitHub/frolf-bot-shared/eventbus/eventbus.go:315 +0xbf1

goroutine 36996 [select, 2 minutes]:
github.com/nats-io/nats.go/jetstream.(*pullConsumer).Messages.func2()
	/Users/jace/go/pkg/mod/github.com/nats-io/nats.go@v1.41.1/jetstream/pull.go:538 +0x68
created by github.com/nats-io/nats.go/jetstream.(*pullConsumer).Messages in goroutine 36760
	/Users/jace/go/pkg/mod/github.com/nats-io/nats.go@v1.41.1/jetstream/pull.go:536 +0x78a

goroutine 46134 [sync.Cond.Wait, 1 minutes]:
sync.runtime_notifyListWait(0xc00005f3d0, 0x0)
	/usr/local/Cellar/go/1.24.2/libexec/src/runtime/sema.go:597 +0x159
sync.(*Cond).Wait(0xc00260ae70?)
	/usr/local/Cellar/go/1.24.2/libexec/src/sync/cond.go:71 +0x85
github.com/nats-io/nats%2ego.(*asyncCallbacksHandler).asyncCBDispatcher(0xc000ba1aa0)
	/Users/jace/go/pkg/mod/github.com/nats-io/nats.go@v1.41.1/nats.go:3059 +0xdd
created by github.com/nats-io/nats%2ego.Options.Connect in goroutine 45508
	/Users/jace/go/pkg/mod/github.com/nats-io/nats.go@v1.41.1/nats.go:1635 +0x387

goroutine 36765 [select, 2 minutes]:
github.com/nats-io/nats.go/jetstream.(*pullSubscription).pullMessages(0xc0019217a0, {0xc00179b040, 0x45})
	/Users/jace/go/pkg/mod/github.com/nats-io/nats.go@v1.41.1/jetstream/pull.go:955 +0x91
created by github.com/nats-io/nats.go/jetstream.(*pullConsumer).Messages in goroutine 36760
	/Users/jace/go/pkg/mod/github.com/nats-io/nats.go@v1.41.1/jetstream/pull.go:534 +0x748

goroutine 36984 [chan receive, 2 minutes]:
github.com/ThreeDotsLabs/watermill/message.(*messageTransformSubscriberDecorator).Subscribe.func1()
	/Users/jace/go/pkg/mod/github.com/!three!dots!labs/watermill@v1.4.6/message/decorator.go:52 +0x85
created by github.com/ThreeDotsLabs/watermill/message.(*messageTransformSubscriberDecorator).Subscribe in goroutine 36760
	/Users/jace/go/pkg/mod/github.com/!three!dots!labs/watermill@v1.4.6/message/decorator.go:51 +0xc7

goroutine 38234 [select]:
github.com/nats-io/nats%2ego.(*Conn).doReconnect(0xc001b23508, {0x10a327f28, 0x10acedb30}, 0x0)
	/Users/jace/go/pkg/mod/github.com/nats-io/nats.go@v1.41.1/nats.go:2907 +0x41a
created by github.com/nats-io/nats%2ego.(*Conn).processOpErr in goroutine 37719
	/Users/jace/go/pkg/mod/github.com/nats-io/nats.go@v1.41.1/nats.go:3043 +0x2f3

goroutine 36868 [select, 2 minutes]:
github.com/nats-io/nats.go/jetstream.(*pullConsumer).Messages.func2()
	/Users/jace/go/pkg/mod/github.com/nats-io/nats.go@v1.41.1/jetstream/pull.go:538 +0x68
created by github.com/nats-io/nats.go/jetstream.(*pullConsumer).Messages in goroutine 36760
	/Users/jace/go/pkg/mod/github.com/nats-io/nats.go@v1.41.1/jetstream/pull.go:536 +0x78a

goroutine 36869 [select, 2 minutes]:
github.com/nats-io/nats.go/jetstream.(*pullSubscription).Next(0xc000b74d80)
	/Users/jace/go/pkg/mod/github.com/nats-io/nats.go@v1.41.1/jetstream/pull.go:589 +0x285
github.com/Black-And-White-Club/frolf-bot-shared/eventbus.(*eventBus).Subscribe.func1()
	/Users/jace/Documents/GitHub/frolf-bot-shared/eventbus/eventbus.go:326 +0x169
created by github.com/Black-And-White-Club/frolf-bot-shared/eventbus.(*eventBus).Subscribe in goroutine 36760
	/Users/jace/Documents/GitHub/frolf-bot-shared/eventbus/eventbus.go:315 +0xbf1

goroutine 36870 [chan receive, 2 minutes]:
github.com/ThreeDotsLabs/watermill/message.(*messageTransformSubscriberDecorator).Subscribe.func1()
	/Users/jace/go/pkg/mod/github.com/!three!dots!labs/watermill@v1.4.6/message/decorator.go:52 +0x85
created by github.com/ThreeDotsLabs/watermill/message.(*messageTransformSubscriberDecorator).Subscribe in goroutine 36760
	/Users/jace/go/pkg/mod/github.com/!three!dots!labs/watermill@v1.4.6/message/decorator.go:51 +0xc7

goroutine 36871 [chan receive, 2 minutes]:
github.com/ThreeDotsLabs/watermill/message.(*handler).run(0xc0019825b0, {0x10a337fa0, 0xc001734820}, {0xc001563c80, 0x6, 0xc000f7af78?})
	/Users/jace/go/pkg/mod/github.com/!three!dots!labs/watermill@v1.4.6/message/router.go:645 +0x2b4
github.com/ThreeDotsLabs/watermill/message.(*Router).RunHandlers.func1()
	/Users/jace/go/pkg/mod/github.com/!three!dots!labs/watermill@v1.4.6/message/router.go:460 +0x145
created by github.com/ThreeDotsLabs/watermill/message.(*Router).RunHandlers in goroutine 36760
	/Users/jace/go/pkg/mod/github.com/!three!dots!labs/watermill@v1.4.6/message/router.go:453 +0x606

goroutine 37749 [sync.Cond.Wait, 1 minutes]:
sync.runtime_notifyListWait(0xc00202f210, 0x0)
	/usr/local/Cellar/go/1.24.2/libexec/src/runtime/sema.go:597 +0x159
sync.(*Cond).Wait(0xc000d56f50?)
	/usr/local/Cellar/go/1.24.2/libexec/src/sync/cond.go:71 +0x85
github.com/nats-io/nats%2ego.(*asyncCallbacksHandler).asyncCBDispatcher(0xc0007b9480)
	/Users/jace/go/pkg/mod/github.com/nats-io/nats.go@v1.41.1/nats.go:3059 +0xdd
created by github.com/nats-io/nats%2ego.Options.Connect in goroutine 37088
	/Users/jace/go/pkg/mod/github.com/nats-io/nats.go@v1.41.1/nats.go:1635 +0x387

goroutine 37046 [chan receive, 2 minutes]:
github.com/ThreeDotsLabs/watermill/message.(*handler).run(0xc001982340, {0x10a337fa0, 0xc00192a9b0}, {0xc001b16240, 0x6, 0x100000001?})
	/Users/jace/go/pkg/mod/github.com/!three!dots!labs/watermill@v1.4.6/message/router.go:645 +0x2b4
github.com/ThreeDotsLabs/watermill/message.(*Router).RunHandlers.func1()
	/Users/jace/go/pkg/mod/github.com/!three!dots!labs/watermill@v1.4.6/message/router.go:460 +0x145
created by github.com/ThreeDotsLabs/watermill/message.(*Router).RunHandlers in goroutine 36760
	/Users/jace/go/pkg/mod/github.com/!three!dots!labs/watermill@v1.4.6/message/router.go:453 +0x606

goroutine 37881 [chan receive, 1 minutes]:
github.com/ThreeDotsLabs/watermill/message.(*handler).run(0xc001bfb040, {0x10a337fa0, 0xc000914960}, {0xc001990840, 0x6, 0x10?})
	/Users/jace/go/pkg/mod/github.com/!three!dots!labs/watermill@v1.4.6/message/router.go:645 +0x2b4
github.com/ThreeDotsLabs/watermill/message.(*Router).RunHandlers.func1()
	/Users/jace/go/pkg/mod/github.com/!three!dots!labs/watermill@v1.4.6/message/router.go:460 +0x145
created by github.com/ThreeDotsLabs/watermill/message.(*Router).RunHandlers in goroutine 37797
	/Users/jace/go/pkg/mod/github.com/!three!dots!labs/watermill@v1.4.6/message/router.go:453 +0x606

goroutine 37011 [select, 2 minutes]:
github.com/nats-io/nats.go/jetstream.(*pullSubscription).pullMessages(0xc001ab2360, {0xc0008b3d60, 0x47})
	/Users/jace/go/pkg/mod/github.com/nats-io/nats.go@v1.41.1/jetstream/pull.go:955 +0x91
created by github.com/nats-io/nats.go/jetstream.(*pullConsumer).Messages in goroutine 36760
	/Users/jace/go/pkg/mod/github.com/nats-io/nats.go@v1.41.1/jetstream/pull.go:534 +0x748

goroutine 37012 [select, 2 minutes]:
github.com/nats-io/nats.go/jetstream.(*pullConsumer).Messages.func2()
	/Users/jace/go/pkg/mod/github.com/nats-io/nats.go@v1.41.1/jetstream/pull.go:538 +0x68
created by github.com/nats-io/nats.go/jetstream.(*pullConsumer).Messages in goroutine 36760
	/Users/jace/go/pkg/mod/github.com/nats-io/nats.go@v1.41.1/jetstream/pull.go:536 +0x78a

goroutine 37013 [select, 2 minutes]:
github.com/nats-io/nats.go/jetstream.(*pullSubscription).Next(0xc001ab2360)
	/Users/jace/go/pkg/mod/github.com/nats-io/nats.go@v1.41.1/jetstream/pull.go:589 +0x285
github.com/Black-And-White-Club/frolf-bot-shared/eventbus.(*eventBus).Subscribe.func1()
	/Users/jace/Documents/GitHub/frolf-bot-shared/eventbus/eventbus.go:326 +0x169
created by github.com/Black-And-White-Club/frolf-bot-shared/eventbus.(*eventBus).Subscribe in goroutine 36760
	/Users/jace/Documents/GitHub/frolf-bot-shared/eventbus/eventbus.go:315 +0xbf1

goroutine 37014 [chan receive, 2 minutes]:
github.com/ThreeDotsLabs/watermill/message.(*messageTransformSubscriberDecorator).Subscribe.func1()
	/Users/jace/go/pkg/mod/github.com/!three!dots!labs/watermill@v1.4.6/message/decorator.go:52 +0x85
created by github.com/ThreeDotsLabs/watermill/message.(*messageTransformSubscriberDecorator).Subscribe in goroutine 36760
	/Users/jace/go/pkg/mod/github.com/!three!dots!labs/watermill@v1.4.6/message/decorator.go:51 +0xc7

goroutine 37015 [chan receive, 2 minutes]:
github.com/ThreeDotsLabs/watermill/message.(*handler).run(0xc001982b60, {0x10a337fa0, 0xc0017355e0}, {0xc001563d40, 0x6, 0x0?})
	/Users/jace/go/pkg/mod/github.com/!three!dots!labs/watermill@v1.4.6/message/router.go:645 +0x2b4
github.com/ThreeDotsLabs/watermill/message.(*Router).RunHandlers.func1()
	/Users/jace/go/pkg/mod/github.com/!three!dots!labs/watermill@v1.4.6/message/router.go:460 +0x145
created by github.com/ThreeDotsLabs/watermill/message.(*Router).RunHandlers in goroutine 36760
	/Users/jace/go/pkg/mod/github.com/!three!dots!labs/watermill@v1.4.6/message/router.go:453 +0x606

goroutine 37849 [select, 1 minutes]:
github.com/nats-io/nats.go/jetstream.(*pullConsumer).Messages.func2()
	/Users/jace/go/pkg/mod/github.com/nats-io/nats.go@v1.41.1/jetstream/pull.go:538 +0x68
created by github.com/nats-io/nats.go/jetstream.(*pullConsumer).Messages in goroutine 37797
	/Users/jace/go/pkg/mod/github.com/nats-io/nats.go@v1.41.1/jetstream/pull.go:536 +0x78a

goroutine 37016 [select, 2 minutes]:
github.com/nats-io/nats.go/jetstream.(*pullSubscription).pullMessages(0xc001ab27e0, {0xc0008b3ea0, 0x50})
	/Users/jace/go/pkg/mod/github.com/nats-io/nats.go@v1.41.1/jetstream/pull.go:955 +0x91
created by github.com/nats-io/nats.go/jetstream.(*pullConsumer).Messages in goroutine 36760
	/Users/jace/go/pkg/mod/github.com/nats-io/nats.go@v1.41.1/jetstream/pull.go:534 +0x748

goroutine 37017 [select, 2 minutes]:
github.com/nats-io/nats.go/jetstream.(*pullConsumer).Messages.func2()
	/Users/jace/go/pkg/mod/github.com/nats-io/nats.go@v1.41.1/jetstream/pull.go:538 +0x68
created by github.com/nats-io/nats.go/jetstream.(*pullConsumer).Messages in goroutine 36760
	/Users/jace/go/pkg/mod/github.com/nats-io/nats.go@v1.41.1/jetstream/pull.go:536 +0x78a

goroutine 37018 [select, 2 minutes]:
github.com/nats-io/nats.go/jetstream.(*pullSubscription).Next(0xc001ab27e0)
	/Users/jace/go/pkg/mod/github.com/nats-io/nats.go@v1.41.1/jetstream/pull.go:589 +0x285
github.com/Black-And-White-Club/frolf-bot-shared/eventbus.(*eventBus).Subscribe.func1()
	/Users/jace/Documents/GitHub/frolf-bot-shared/eventbus/eventbus.go:326 +0x169
created by github.com/Black-And-White-Club/frolf-bot-shared/eventbus.(*eventBus).Subscribe in goroutine 36760
	/Users/jace/Documents/GitHub/frolf-bot-shared/eventbus/eventbus.go:315 +0xbf1

goroutine 37019 [chan receive, 2 minutes]:
github.com/ThreeDotsLabs/watermill/message.(*messageTransformSubscriberDecorator).Subscribe.func1()
	/Users/jace/go/pkg/mod/github.com/!three!dots!labs/watermill@v1.4.6/message/decorator.go:52 +0x85
created by github.com/ThreeDotsLabs/watermill/message.(*messageTransformSubscriberDecorator).Subscribe in goroutine 36760
	/Users/jace/go/pkg/mod/github.com/!three!dots!labs/watermill@v1.4.6/message/decorator.go:51 +0xc7

goroutine 37020 [chan receive, 2 minutes]:
github.com/ThreeDotsLabs/watermill/message.(*handler).run(0xc001982c30, {0x10a337fa0, 0xc00192a7d0}, {0xc001a3e540, 0x6, 0x0?})
	/Users/jace/go/pkg/mod/github.com/!three!dots!labs/watermill@v1.4.6/message/router.go:645 +0x2b4
github.com/ThreeDotsLabs/watermill/message.(*Router).RunHandlers.func1()
	/Users/jace/go/pkg/mod/github.com/!three!dots!labs/watermill@v1.4.6/message/router.go:460 +0x145
created by github.com/ThreeDotsLabs/watermill/message.(*Router).RunHandlers in goroutine 36760
	/Users/jace/go/pkg/mod/github.com/!three!dots!labs/watermill@v1.4.6/message/router.go:453 +0x606

goroutine 40128 [chan receive, 1 minutes]:
github.com/ThreeDotsLabs/watermill/message.(*messageTransformSubscriberDecorator).Subscribe.func1()
	/Users/jace/go/pkg/mod/github.com/!three!dots!labs/watermill@v1.4.6/message/decorator.go:52 +0x85
created by github.com/ThreeDotsLabs/watermill/message.(*messageTransformSubscriberDecorator).Subscribe in goroutine 40053
	/Users/jace/go/pkg/mod/github.com/!three!dots!labs/watermill@v1.4.6/message/decorator.go:51 +0xc7

goroutine 37065 [select, 2 minutes]:
github.com/nats-io/nats.go/jetstream.(*pullSubscription).pullMessages(0xc0009d8fc0, {0xc000255c20, 0x4d})
	/Users/jace/go/pkg/mod/github.com/nats-io/nats.go@v1.41.1/jetstream/pull.go:955 +0x91
created by github.com/nats-io/nats.go/jetstream.(*pullConsumer).Messages in goroutine 36760
	/Users/jace/go/pkg/mod/github.com/nats-io/nats.go@v1.41.1/jetstream/pull.go:534 +0x748

goroutine 45315 [chan receive, 1 minutes]:
github.com/ThreeDotsLabs/watermill/message.(*handler).run(0xc0014a5040, {0x10a337fa0, 0xc001137720}, {0xc00191c600, 0x6, 0xc00183b6c0?})
	/Users/jace/go/pkg/mod/github.com/!three!dots!labs/watermill@v1.4.6/message/router.go:645 +0x2b4
github.com/ThreeDotsLabs/watermill/message.(*Router).RunHandlers.func1()
	/Users/jace/go/pkg/mod/github.com/!three!dots!labs/watermill@v1.4.6/message/router.go:460 +0x145
created by github.com/ThreeDotsLabs/watermill/message.(*Router).RunHandlers in goroutine 44822
	/Users/jace/go/pkg/mod/github.com/!three!dots!labs/watermill@v1.4.6/message/router.go:453 +0x606

goroutine 37946 [chan receive, 1 minutes]:
github.com/ThreeDotsLabs/watermill/message.(*messageTransformSubscriberDecorator).Subscribe.func1()
	/Users/jace/go/pkg/mod/github.com/!three!dots!labs/watermill@v1.4.6/message/decorator.go:52 +0x85
created by github.com/ThreeDotsLabs/watermill/message.(*messageTransformSubscriberDecorator).Subscribe in goroutine 37797
	/Users/jace/go/pkg/mod/github.com/!three!dots!labs/watermill@v1.4.6/message/decorator.go:51 +0xc7

goroutine 43676 [sync.Cond.Wait, 1 minutes]:
sync.runtime_notifyListWait(0xc0016c07d0, 0x2e)
	/usr/local/Cellar/go/1.24.2/libexec/src/runtime/sema.go:597 +0x159
sync.(*Cond).Wait(0x0?)
	/usr/local/Cellar/go/1.24.2/libexec/src/sync/cond.go:71 +0x85
github.com/nats-io/nats%2ego.(*Conn).waitForMsgs(0xc001e07508, 0xc00151ae10)
	/Users/jace/go/pkg/mod/github.com/nats-io/nats.go@v1.41.1/nats.go:3178 +0xc5
created by github.com/nats-io/nats%2ego.(*Conn).subscribeLocked in goroutine 43111
	/Users/jace/go/pkg/mod/github.com/nats-io/nats.go@v1.41.1/nats.go:4468 +0x419

goroutine 37739 [select, 1 minutes]:
github.com/nats-io/nats.go/jetstream.(*pullSubscription).Next(0xc00116efc0)
	/Users/jace/go/pkg/mod/github.com/nats-io/nats.go@v1.41.1/jetstream/pull.go:589 +0x285
github.com/Black-And-White-Club/frolf-bot-shared/eventbus.(*eventBus).Subscribe.func1()
	/Users/jace/Documents/GitHub/frolf-bot-shared/eventbus/eventbus.go:326 +0x169
created by github.com/Black-And-White-Club/frolf-bot-shared/eventbus.(*eventBus).Subscribe in goroutine 37797
	/Users/jace/Documents/GitHub/frolf-bot-shared/eventbus/eventbus.go:315 +0xbf1

goroutine 39031 [chan receive, 1 minutes]:
github.com/ThreeDotsLabs/watermill/message.(*handler).run(0xc001a3a8f0, {0x10a337fa0, 0xc000a2c370}, {0xc0009ea480, 0x6, 0xc000fb7070?})
	/Users/jace/go/pkg/mod/github.com/!three!dots!labs/watermill@v1.4.6/message/router.go:645 +0x2b4
github.com/ThreeDotsLabs/watermill/message.(*Router).RunHandlers.func1()
	/Users/jace/go/pkg/mod/github.com/!three!dots!labs/watermill@v1.4.6/message/router.go:460 +0x145
created by github.com/ThreeDotsLabs/watermill/message.(*Router).RunHandlers in goroutine 38959
	/Users/jace/go/pkg/mod/github.com/!three!dots!labs/watermill@v1.4.6/message/router.go:453 +0x606

goroutine 39250 [select, 1 minutes]:
github.com/nats-io/nats.go/jetstream.(*pullSubscription).Next(0xc001b35d40)
	/Users/jace/go/pkg/mod/github.com/nats-io/nats.go@v1.41.1/jetstream/pull.go:589 +0x285
github.com/Black-And-White-Club/frolf-bot-shared/eventbus.(*eventBus).Subscribe.func1()
	/Users/jace/Documents/GitHub/frolf-bot-shared/eventbus/eventbus.go:326 +0x169
created by github.com/Black-And-White-Club/frolf-bot-shared/eventbus.(*eventBus).Subscribe in goroutine 38959
	/Users/jace/Documents/GitHub/frolf-bot-shared/eventbus/eventbus.go:315 +0xbf1

goroutine 38145 [select, 1 minutes]:
github.com/nats-io/nats.go/jetstream.(*pullSubscription).Next(0xc0012b4630)
	/Users/jace/go/pkg/mod/github.com/nats-io/nats.go@v1.41.1/jetstream/pull.go:589 +0x285
github.com/Black-And-White-Club/frolf-bot-shared/eventbus.(*eventBus).Subscribe.func1()
	/Users/jace/Documents/GitHub/frolf-bot-shared/eventbus/eventbus.go:326 +0x169
created by github.com/Black-And-White-Club/frolf-bot-shared/eventbus.(*eventBus).Subscribe in goroutine 38959
	/Users/jace/Documents/GitHub/frolf-bot-shared/eventbus/eventbus.go:315 +0xbf1

goroutine 46628 [select, 1 minutes]:
github.com/nats-io/nats.go/jetstream.(*pullSubscription).Next(0xc002336630)
	/Users/jace/go/pkg/mod/github.com/nats-io/nats.go@v1.41.1/jetstream/pull.go:589 +0x285
github.com/Black-And-White-Club/frolf-bot-shared/eventbus.(*eventBus).Subscribe.func1()
	/Users/jace/Documents/GitHub/frolf-bot-shared/eventbus/eventbus.go:326 +0x169
created by github.com/Black-And-White-Club/frolf-bot-shared/eventbus.(*eventBus).Subscribe in goroutine 46222
	/Users/jace/Documents/GitHub/frolf-bot-shared/eventbus/eventbus.go:315 +0xbf1

goroutine 37737 [select, 1 minutes]:
github.com/nats-io/nats.go/jetstream.(*pullSubscription).pullMessages(0xc00116efc0, {0xc00179a1e0, 0x48})
	/Users/jace/go/pkg/mod/github.com/nats-io/nats.go@v1.41.1/jetstream/pull.go:955 +0x91
created by github.com/nats-io/nats.go/jetstream.(*pullConsumer).Messages in goroutine 37797
	/Users/jace/go/pkg/mod/github.com/nats-io/nats.go@v1.41.1/jetstream/pull.go:534 +0x748

goroutine 37754 [sync.Cond.Wait, 1 minutes]:
sync.runtime_notifyListWait(0xc00202f510, 0x3a)
	/usr/local/Cellar/go/1.24.2/libexec/src/runtime/sema.go:597 +0x159
sync.(*Cond).Wait(0xc001c8afb0?)
	/usr/local/Cellar/go/1.24.2/libexec/src/sync/cond.go:71 +0x85
github.com/nats-io/nats%2ego.(*Conn).waitForMsgs(0xc001b22e08, 0xc0007be4b0)
	/Users/jace/go/pkg/mod/github.com/nats-io/nats.go@v1.41.1/nats.go:3178 +0xc5
created by github.com/nats-io/nats%2ego.(*Conn).subscribeLocked in goroutine 37088
	/Users/jace/go/pkg/mod/github.com/nats-io/nats.go@v1.41.1/nats.go:4468 +0x419

goroutine 46630 [chan receive, 1 minutes]:
github.com/ThreeDotsLabs/watermill/message.(*handler).run(0xc0024d2270, {0x10a337fa0, 0xc001e68910}, {0xc00078a0c0, 0x6, 0x0?})
	/Users/jace/go/pkg/mod/github.com/!three!dots!labs/watermill@v1.4.6/message/router.go:645 +0x2b4
github.com/ThreeDotsLabs/watermill/message.(*Router).RunHandlers.func1()
	/Users/jace/go/pkg/mod/github.com/!three!dots!labs/watermill@v1.4.6/message/router.go:460 +0x145
created by github.com/ThreeDotsLabs/watermill/message.(*Router).RunHandlers in goroutine 46222
	/Users/jace/go/pkg/mod/github.com/!three!dots!labs/watermill@v1.4.6/message/router.go:453 +0x606

goroutine 39220 [select, 1 minutes]:
github.com/nats-io/nats.go/jetstream.(*pullSubscription).Next(0xc001fc2360)
	/Users/jace/go/pkg/mod/github.com/nats-io/nats.go@v1.41.1/jetstream/pull.go:589 +0x285
github.com/Black-And-White-Club/frolf-bot-shared/eventbus.(*eventBus).Subscribe.func1()
	/Users/jace/Documents/GitHub/frolf-bot-shared/eventbus/eventbus.go:326 +0x169
created by github.com/Black-And-White-Club/frolf-bot-shared/eventbus.(*eventBus).Subscribe in goroutine 38959
	/Users/jace/Documents/GitHub/frolf-bot-shared/eventbus/eventbus.go:315 +0xbf1

goroutine 38890 [sync.Cond.Wait, 1 minutes]:
sync.runtime_notifyListWait(0xc001992dd0, 0x0)
	/usr/local/Cellar/go/1.24.2/libexec/src/runtime/sema.go:597 +0x159
sync.(*Cond).Wait(0x3?)
	/usr/local/Cellar/go/1.24.2/libexec/src/sync/cond.go:71 +0x85
github.com/nats-io/nats%2ego.(*asyncCallbacksHandler).asyncCBDispatcher(0xc000abe540)
	/Users/jace/go/pkg/mod/github.com/nats-io/nats.go@v1.41.1/nats.go:3059 +0xdd
created by github.com/nats-io/nats%2ego.Options.Connect in goroutine 38323
	/Users/jace/go/pkg/mod/github.com/nats-io/nats.go@v1.41.1/nats.go:1635 +0x387

goroutine 39090 [select, 1 minutes]:
github.com/nats-io/nats.go/jetstream.(*pullSubscription).Next(0xc001c90a20)
	/Users/jace/go/pkg/mod/github.com/nats-io/nats.go@v1.41.1/jetstream/pull.go:589 +0x285
github.com/Black-And-White-Club/frolf-bot-shared/eventbus.(*eventBus).Subscribe.func1()
	/Users/jace/Documents/GitHub/frolf-bot-shared/eventbus/eventbus.go:326 +0x169
created by github.com/Black-And-White-Club/frolf-bot-shared/eventbus.(*eventBus).Subscribe in goroutine 38959
	/Users/jace/Documents/GitHub/frolf-bot-shared/eventbus/eventbus.go:315 +0xbf1

goroutine 46367 [chan receive, 1 minutes]:
github.com/ThreeDotsLabs/watermill/message.(*handler).run(0xc0024d2dd0, {0x10a337fa0, 0xc001530dc0}, {0xc0026029c0, 0x6, 0x0?})
	/Users/jace/go/pkg/mod/github.com/!three!dots!labs/watermill@v1.4.6/message/router.go:645 +0x2b4
github.com/ThreeDotsLabs/watermill/message.(*Router).RunHandlers.func1()
	/Users/jace/go/pkg/mod/github.com/!three!dots!labs/watermill@v1.4.6/message/router.go:460 +0x145
created by github.com/ThreeDotsLabs/watermill/message.(*Router).RunHandlers in goroutine 46222
	/Users/jace/go/pkg/mod/github.com/!three!dots!labs/watermill@v1.4.6/message/router.go:453 +0x606

goroutine 40248 [select, 1 minutes]:
github.com/nats-io/nats.go/jetstream.(*pullSubscription).Next(0xc0007c55f0)
	/Users/jace/go/pkg/mod/github.com/nats-io/nats.go@v1.41.1/jetstream/pull.go:589 +0x285
github.com/Black-And-White-Club/frolf-bot-shared/eventbus.(*eventBus).Subscribe.func1()
	/Users/jace/Documents/GitHub/frolf-bot-shared/eventbus/eventbus.go:326 +0x169
created by github.com/Black-And-White-Club/frolf-bot-shared/eventbus.(*eventBus).Subscribe in goroutine 40053
	/Users/jace/Documents/GitHub/frolf-bot-shared/eventbus/eventbus.go:315 +0xbf1

goroutine 38985 [select, 1 minutes]:
github.com/nats-io/nats.go/jetstream.(*pullSubscription).pullMessages(0xc001b347e0, {0xc0008b2eb0, 0x4f})
	/Users/jace/go/pkg/mod/github.com/nats-io/nats.go@v1.41.1/jetstream/pull.go:955 +0x91
created by github.com/nats-io/nats.go/jetstream.(*pullConsumer).Messages in goroutine 38959
	/Users/jace/go/pkg/mod/github.com/nats-io/nats.go@v1.41.1/jetstream/pull.go:534 +0x748

goroutine 39109 [chan receive, 1 minutes]:
github.com/ThreeDotsLabs/watermill/message.(*handler).run(0xc001411ad0, {0x10a337fa0, 0xc0000eb400}, {0xc001d04e40, 0x6, 0x0?})
	/Users/jace/go/pkg/mod/github.com/!three!dots!labs/watermill@v1.4.6/message/router.go:645 +0x2b4
github.com/ThreeDotsLabs/watermill/message.(*Router).RunHandlers.func1()
	/Users/jace/go/pkg/mod/github.com/!three!dots!labs/watermill@v1.4.6/message/router.go:460 +0x145
created by github.com/ThreeDotsLabs/watermill/message.(*Router).RunHandlers in goroutine 38959
	/Users/jace/go/pkg/mod/github.com/!three!dots!labs/watermill@v1.4.6/message/router.go:453 +0x606

goroutine 39154 [select, 1 minutes]:
github.com/nats-io/nats.go/jetstream.(*pullSubscription).Next(0xc001ba9a70)
	/Users/jace/go/pkg/mod/github.com/nats-io/nats.go@v1.41.1/jetstream/pull.go:589 +0x285
github.com/Black-And-White-Club/frolf-bot-shared/eventbus.(*eventBus).Subscribe.func1()
	/Users/jace/Documents/GitHub/frolf-bot-shared/eventbus/eventbus.go:326 +0x169
created by github.com/Black-And-White-Club/frolf-bot-shared/eventbus.(*eventBus).Subscribe in goroutine 38959
	/Users/jace/Documents/GitHub/frolf-bot-shared/eventbus/eventbus.go:315 +0xbf1

goroutine 41535 [select, 1 minutes]:
github.com/nats-io/nats.go/jetstream.(*pullSubscription).Next(0xc00271e990)
	/Users/jace/go/pkg/mod/github.com/nats-io/nats.go@v1.41.1/jetstream/pull.go:589 +0x285
github.com/Black-And-White-Club/frolf-bot-shared/eventbus.(*eventBus).Subscribe.func1()
	/Users/jace/Documents/GitHub/frolf-bot-shared/eventbus/eventbus.go:326 +0x169
created by github.com/Black-And-White-Club/frolf-bot-shared/eventbus.(*eventBus).Subscribe in goroutine 41277
	/Users/jace/Documents/GitHub/frolf-bot-shared/eventbus/eventbus.go:315 +0xbf1

goroutine 40500 [select, 1 minutes]:
github.com/nats-io/nats.go/jetstream.(*pullConsumer).Messages.func2()
	/Users/jace/go/pkg/mod/github.com/nats-io/nats.go@v1.41.1/jetstream/pull.go:538 +0x68
created by github.com/nats-io/nats.go/jetstream.(*pullConsumer).Messages in goroutine 40053
	/Users/jace/go/pkg/mod/github.com/nats-io/nats.go@v1.41.1/jetstream/pull.go:536 +0x78a

goroutine 39107 [select, 1 minutes]:
github.com/nats-io/nats.go/jetstream.(*pullSubscription).Next(0xc001ba8ea0)
	/Users/jace/go/pkg/mod/github.com/nats-io/nats.go@v1.41.1/jetstream/pull.go:589 +0x285
github.com/Black-And-White-Club/frolf-bot-shared/eventbus.(*eventBus).Subscribe.func1()
	/Users/jace/Documents/GitHub/frolf-bot-shared/eventbus/eventbus.go:326 +0x169
created by github.com/Black-And-White-Club/frolf-bot-shared/eventbus.(*eventBus).Subscribe in goroutine 38959
	/Users/jace/Documents/GitHub/frolf-bot-shared/eventbus/eventbus.go:315 +0xbf1

goroutine 40197 [chan receive, 1 minutes]:
github.com/ThreeDotsLabs/watermill/message.(*handler).run(0xc0013b7860, {0x10a337fa0, 0xc000915540}, {0xc001aa60c0, 0x6, 0x0?})
	/Users/jace/go/pkg/mod/github.com/!three!dots!labs/watermill@v1.4.6/message/router.go:645 +0x2b4
github.com/ThreeDotsLabs/watermill/message.(*Router).RunHandlers.func1()
	/Users/jace/go/pkg/mod/github.com/!three!dots!labs/watermill@v1.4.6/message/router.go:460 +0x145
created by github.com/ThreeDotsLabs/watermill/message.(*Router).RunHandlers in goroutine 40053
	/Users/jace/go/pkg/mod/github.com/!three!dots!labs/watermill@v1.4.6/message/router.go:453 +0x606

goroutine 40247 [select, 1 minutes]:
github.com/nats-io/nats.go/jetstream.(*pullConsumer).Messages.func2()
	/Users/jace/go/pkg/mod/github.com/nats-io/nats.go@v1.41.1/jetstream/pull.go:538 +0x68
created by github.com/nats-io/nats.go/jetstream.(*pullConsumer).Messages in goroutine 40053
	/Users/jace/go/pkg/mod/github.com/nats-io/nats.go@v1.41.1/jetstream/pull.go:536 +0x78a

goroutine 40250 [chan receive, 1 minutes]:
github.com/ThreeDotsLabs/watermill/message.(*handler).run(0xc0013b6b60, {0x10a337fa0, 0xc0010e2d70}, {0xc0019a40c0, 0x6, 0x100010000?})
	/Users/jace/go/pkg/mod/github.com/!three!dots!labs/watermill@v1.4.6/message/router.go:645 +0x2b4
github.com/ThreeDotsLabs/watermill/message.(*Router).RunHandlers.func1()
	/Users/jace/go/pkg/mod/github.com/!three!dots!labs/watermill@v1.4.6/message/router.go:460 +0x145
created by github.com/ThreeDotsLabs/watermill/message.(*Router).RunHandlers in goroutine 40053
	/Users/jace/go/pkg/mod/github.com/!three!dots!labs/watermill@v1.4.6/message/router.go:453 +0x606

goroutine 39108 [chan receive, 1 minutes]:
github.com/ThreeDotsLabs/watermill/message.(*messageTransformSubscriberDecorator).Subscribe.func1()
	/Users/jace/go/pkg/mod/github.com/!three!dots!labs/watermill@v1.4.6/message/decorator.go:52 +0x85
created by github.com/ThreeDotsLabs/watermill/message.(*messageTransformSubscriberDecorator).Subscribe in goroutine 38959
	/Users/jace/go/pkg/mod/github.com/!three!dots!labs/watermill@v1.4.6/message/decorator.go:51 +0xc7

goroutine 41458 [select, 1 minutes]:
github.com/nats-io/nats.go/jetstream.(*pullConsumer).Messages.func2()
	/Users/jace/go/pkg/mod/github.com/nats-io/nats.go@v1.41.1/jetstream/pull.go:538 +0x68
created by github.com/nats-io/nats.go/jetstream.(*pullConsumer).Messages in goroutine 41277
	/Users/jace/go/pkg/mod/github.com/nats-io/nats.go@v1.41.1/jetstream/pull.go:536 +0x78a

goroutine 38910 [select, 1 minutes]:
github.com/nats-io/nats.go/jetstream.(*pullSubscription).pullMessages(0xc001ac1dd0, {0xc00017eeb0, 0x4d})
	/Users/jace/go/pkg/mod/github.com/nats-io/nats.go@v1.41.1/jetstream/pull.go:955 +0x91
created by github.com/nats-io/nats.go/jetstream.(*pullConsumer).Messages in goroutine 38959
	/Users/jace/go/pkg/mod/github.com/nats-io/nats.go@v1.41.1/jetstream/pull.go:534 +0x748

goroutine 38917 [select, 1 minutes]:
github.com/nats-io/nats.go/jetstream.(*pullConsumer).Messages.func2()
	/Users/jace/go/pkg/mod/github.com/nats-io/nats.go@v1.41.1/jetstream/pull.go:538 +0x68
created by github.com/nats-io/nats.go/jetstream.(*pullConsumer).Messages in goroutine 38959
	/Users/jace/go/pkg/mod/github.com/nats-io/nats.go@v1.41.1/jetstream/pull.go:536 +0x78a

goroutine 41222 [sync.Cond.Wait, 1 minutes]:
sync.runtime_notifyListWait(0xc0020764d0, 0x46)
	/usr/local/Cellar/go/1.24.2/libexec/src/runtime/sema.go:597 +0x159
sync.(*Cond).Wait(0x10000c0020c31e0?)
	/usr/local/Cellar/go/1.24.2/libexec/src/sync/cond.go:71 +0x85
github.com/nats-io/nats%2ego.(*Conn).waitForMsgs(0xc0012cd108, 0xc00160b1d0)
	/Users/jace/go/pkg/mod/github.com/nats-io/nats.go@v1.41.1/nats.go:3178 +0xc5
created by github.com/nats-io/nats%2ego.(*Conn).subscribeLocked in goroutine 40610
	/Users/jace/go/pkg/mod/github.com/nats-io/nats.go@v1.41.1/nats.go:4468 +0x419

goroutine 38916 [select, 1 minutes]:
github.com/nats-io/nats.go/jetstream.(*pullSubscription).pullMessages(0xc001ba85a0, {0xc0016c2c40, 0x3e})
	/Users/jace/go/pkg/mod/github.com/nats-io/nats.go@v1.41.1/jetstream/pull.go:955 +0x91
created by github.com/nats-io/nats.go/jetstream.(*pullConsumer).Messages in goroutine 38959
	/Users/jace/go/pkg/mod/github.com/nats-io/nats.go@v1.41.1/jetstream/pull.go:534 +0x748

goroutine 38209 [sync.WaitGroup.Wait, 1 minutes]:
sync.runtime_SemacquireWaitGroup(0x0?)
	/usr/local/Cellar/go/1.24.2/libexec/src/runtime/sema.go:110 +0x25
sync.(*WaitGroup).Wait(0xc001403508?)
	/usr/local/Cellar/go/1.24.2/libexec/src/sync/waitgroup.go:118 +0x48
github.com/ThreeDotsLabs/watermill/pubsub/sync.WaitGroupTimeout.func1()
	/Users/jace/go/pkg/mod/github.com/!three!dots!labs/watermill@v1.4.6/pubsub/sync/waitgroup.go:13 +0x25
created by github.com/ThreeDotsLabs/watermill/pubsub/sync.WaitGroupTimeout in goroutine 37088
	/Users/jace/go/pkg/mod/github.com/!three!dots!labs/watermill@v1.4.6/pubsub/sync/waitgroup.go:12 +0x85

goroutine 43974 [select, 1 minutes]:
github.com/nats-io/nats.go/jetstream.(*pullSubscription).pullMessages(0xc0021be7e0, {0xc0021ca000, 0x5a})
	/Users/jace/go/pkg/mod/github.com/nats-io/nats.go@v1.41.1/jetstream/pull.go:955 +0x91
created by github.com/nats-io/nats.go/jetstream.(*pullConsumer).Messages in goroutine 43736
	/Users/jace/go/pkg/mod/github.com/nats-io/nats.go@v1.41.1/jetstream/pull.go:534 +0x748

goroutine 40342 [select, 1 minutes]:
github.com/nats-io/nats.go/jetstream.(*pullConsumer).Messages.func2()
	/Users/jace/go/pkg/mod/github.com/nats-io/nats.go@v1.41.1/jetstream/pull.go:538 +0x68
created by github.com/nats-io/nats.go/jetstream.(*pullConsumer).Messages in goroutine 40053
	/Users/jace/go/pkg/mod/github.com/nats-io/nats.go@v1.41.1/jetstream/pull.go:536 +0x78a

goroutine 43962 [select, 1 minutes]:
github.com/nats-io/nats.go/jetstream.(*pullSubscription).Next(0xc002336360)
	/Users/jace/go/pkg/mod/github.com/nats-io/nats.go@v1.41.1/jetstream/pull.go:589 +0x285
github.com/Black-And-White-Club/frolf-bot-shared/eventbus.(*eventBus).Subscribe.func1()
	/Users/jace/Documents/GitHub/frolf-bot-shared/eventbus/eventbus.go:326 +0x169
created by github.com/Black-And-White-Club/frolf-bot-shared/eventbus.(*eventBus).Subscribe in goroutine 43736
	/Users/jace/Documents/GitHub/frolf-bot-shared/eventbus/eventbus.go:315 +0xbf1

goroutine 40499 [select, 1 minutes]:
github.com/nats-io/nats.go/jetstream.(*pullSubscription).pullMessages(0xc00083c2d0, {0xc0017e9980, 0x55})
	/Users/jace/go/pkg/mod/github.com/nats-io/nats.go@v1.41.1/jetstream/pull.go:955 +0x91
created by github.com/nats-io/nats.go/jetstream.(*pullConsumer).Messages in goroutine 40053
	/Users/jace/go/pkg/mod/github.com/nats-io/nats.go@v1.41.1/jetstream/pull.go:534 +0x748

goroutine 41326 [select, 1 minutes]:
github.com/nats-io/nats.go/jetstream.(*pullSubscription).pullMessages(0xc00258c7e0, {0xc00259a0c0, 0x55})
	/Users/jace/go/pkg/mod/github.com/nats-io/nats.go@v1.41.1/jetstream/pull.go:955 +0x91
created by github.com/nats-io/nats.go/jetstream.(*pullConsumer).Messages in goroutine 41277
	/Users/jace/go/pkg/mod/github.com/nats-io/nats.go@v1.41.1/jetstream/pull.go:534 +0x748

goroutine 39008 [select, 1 minutes]:
github.com/nats-io/nats.go/jetstream.(*pullSubscription).pullMessages(0xc0012b55f0, {0xc0015278c0, 0x58})
	/Users/jace/go/pkg/mod/github.com/nats-io/nats.go@v1.41.1/jetstream/pull.go:955 +0x91
created by github.com/nats-io/nats.go/jetstream.(*pullConsumer).Messages in goroutine 38959
	/Users/jace/go/pkg/mod/github.com/nats-io/nats.go@v1.41.1/jetstream/pull.go:534 +0x748

goroutine 39126 [chan receive, 1 minutes]:
github.com/ThreeDotsLabs/watermill/message.(*messageTransformSubscriberDecorator).Subscribe.func1()
	/Users/jace/go/pkg/mod/github.com/!three!dots!labs/watermill@v1.4.6/message/decorator.go:52 +0x85
created by github.com/ThreeDotsLabs/watermill/message.(*messageTransformSubscriberDecorator).Subscribe in goroutine 38959
	/Users/jace/go/pkg/mod/github.com/!three!dots!labs/watermill@v1.4.6/message/decorator.go:51 +0xc7

goroutine 40194 [select, 1 minutes]:
github.com/nats-io/nats.go/jetstream.(*pullConsumer).Messages.func2()
	/Users/jace/go/pkg/mod/github.com/nats-io/nats.go@v1.41.1/jetstream/pull.go:538 +0x68
created by github.com/nats-io/nats.go/jetstream.(*pullConsumer).Messages in goroutine 40053
	/Users/jace/go/pkg/mod/github.com/nats-io/nats.go@v1.41.1/jetstream/pull.go:536 +0x78a

goroutine 41505 [chan receive, 1 minutes]:
github.com/ThreeDotsLabs/watermill/message.(*handler).run(0xc002218ea0, {0x10a337fa0, 0xc0026840a0}, {0xc002196900, 0x6, 0x0?})
	/Users/jace/go/pkg/mod/github.com/!three!dots!labs/watermill@v1.4.6/message/router.go:645 +0x2b4
github.com/ThreeDotsLabs/watermill/message.(*Router).RunHandlers.func1()
	/Users/jace/go/pkg/mod/github.com/!three!dots!labs/watermill@v1.4.6/message/router.go:460 +0x145
created by github.com/ThreeDotsLabs/watermill/message.(*Router).RunHandlers in goroutine 41277
	/Users/jace/go/pkg/mod/github.com/!three!dots!labs/watermill@v1.4.6/message/router.go:453 +0x606

goroutine 39201 [select, 1 minutes]:
github.com/nats-io/nats.go/jetstream.(*pullConsumer).Messages.func2()
	/Users/jace/go/pkg/mod/github.com/nats-io/nats.go@v1.41.1/jetstream/pull.go:538 +0x68
created by github.com/nats-io/nats.go/jetstream.(*pullConsumer).Messages in goroutine 38959
	/Users/jace/go/pkg/mod/github.com/nats-io/nats.go@v1.41.1/jetstream/pull.go:536 +0x78a

goroutine 39366 [select]:
github.com/nats-io/nats%2ego.(*Conn).doReconnect(0xc001e06708, {0x10a327f28, 0x10acedb30}, 0x0)
	/Users/jace/go/pkg/mod/github.com/nats-io/nats.go@v1.41.1/nats.go:2907 +0x41a
created by github.com/nats-io/nats%2ego.(*Conn).processOpErr in goroutine 38888
	/Users/jace/go/pkg/mod/github.com/nats-io/nats.go@v1.41.1/nats.go:3043 +0x2f3

goroutine 40292 [chan receive, 1 minutes]:
github.com/ThreeDotsLabs/watermill/message.(*handler).run(0xc0013b7930, {0x10a337fa0, 0xc001b62690}, {0xc00015b200, 0x6, 0x0?})
	/Users/jace/go/pkg/mod/github.com/!three!dots!labs/watermill@v1.4.6/message/router.go:645 +0x2b4
github.com/ThreeDotsLabs/watermill/message.(*Router).RunHandlers.func1()
	/Users/jace/go/pkg/mod/github.com/!three!dots!labs/watermill@v1.4.6/message/router.go:460 +0x145
created by github.com/ThreeDotsLabs/watermill/message.(*Router).RunHandlers in goroutine 40053
	/Users/jace/go/pkg/mod/github.com/!three!dots!labs/watermill@v1.4.6/message/router.go:453 +0x606

goroutine 43798 [select, 1 minutes]:
github.com/nats-io/nats.go/jetstream.(*pullSubscription).pullMessages(0xc002199320, {0xc00108c8c0, 0x3e})
	/Users/jace/go/pkg/mod/github.com/nats-io/nats.go@v1.41.1/jetstream/pull.go:955 +0x91
created by github.com/nats-io/nats.go/jetstream.(*pullConsumer).Messages in goroutine 43736
	/Users/jace/go/pkg/mod/github.com/nats-io/nats.go@v1.41.1/jetstream/pull.go:534 +0x748

goroutine 38929 [select, 1 minutes]:
github.com/nats-io/nats.go/jetstream.(*pullSubscription).pullMessages(0xc001ba8ea0, {0xc001e2a120, 0x56})
	/Users/jace/go/pkg/mod/github.com/nats-io/nats.go@v1.41.1/jetstream/pull.go:955 +0x91
created by github.com/nats-io/nats.go/jetstream.(*pullConsumer).Messages in goroutine 38959
	/Users/jace/go/pkg/mod/github.com/nats-io/nats.go@v1.41.1/jetstream/pull.go:534 +0x748

goroutine 38919 [chan receive, 1 minutes]:
github.com/ThreeDotsLabs/watermill/message.(*messageTransformSubscriberDecorator).Subscribe.func1()
	/Users/jace/go/pkg/mod/github.com/!three!dots!labs/watermill@v1.4.6/message/decorator.go:52 +0x85
created by github.com/ThreeDotsLabs/watermill/message.(*messageTransformSubscriberDecorator).Subscribe in goroutine 38959
	/Users/jace/go/pkg/mod/github.com/!three!dots!labs/watermill@v1.4.6/message/decorator.go:51 +0xc7

goroutine 41459 [select, 1 minutes]:
github.com/nats-io/nats.go/jetstream.(*pullSubscription).Next(0xc002518a20)
	/Users/jace/go/pkg/mod/github.com/nats-io/nats.go@v1.41.1/jetstream/pull.go:589 +0x285
github.com/Black-And-White-Club/frolf-bot-shared/eventbus.(*eventBus).Subscribe.func1()
	/Users/jace/Documents/GitHub/frolf-bot-shared/eventbus/eventbus.go:326 +0x169
created by github.com/Black-And-White-Club/frolf-bot-shared/eventbus.(*eventBus).Subscribe in goroutine 41277
	/Users/jace/Documents/GitHub/frolf-bot-shared/eventbus/eventbus.go:315 +0xbf1

goroutine 41455 [chan receive, 1 minutes]:
github.com/ThreeDotsLabs/watermill/message.(*handler).run(0xc0022192b0, {0x10a337fa0, 0xc001531bd0}, {0xc001b36300, 0x6, 0x486172747845222c?})
	/Users/jace/go/pkg/mod/github.com/!three!dots!labs/watermill@v1.4.6/message/router.go:645 +0x2b4
github.com/ThreeDotsLabs/watermill/message.(*Router).RunHandlers.func1()
	/Users/jace/go/pkg/mod/github.com/!three!dots!labs/watermill@v1.4.6/message/router.go:460 +0x145
created by github.com/ThreeDotsLabs/watermill/message.(*Router).RunHandlers in goroutine 41277
	/Users/jace/go/pkg/mod/github.com/!three!dots!labs/watermill@v1.4.6/message/router.go:453 +0x606

goroutine 40548 [select]:
github.com/nats-io/nats%2ego.(*Conn).doReconnect(0xc00155d508, {0x10a327f28, 0x10acedb30}, 0x0)
	/Users/jace/go/pkg/mod/github.com/nats-io/nats.go@v1.41.1/nats.go:2907 +0x41a
created by github.com/nats-io/nats%2ego.(*Conn).processOpErr in goroutine 40002
	/Users/jace/go/pkg/mod/github.com/nats-io/nats.go@v1.41.1/nats.go:3043 +0x2f3

goroutine 38207 [sync.WaitGroup.Wait, 1 minutes]:
sync.runtime_SemacquireWaitGroup(0xc00172f3b0?)
	/usr/local/Cellar/go/1.24.2/libexec/src/runtime/sema.go:110 +0x25
sync.(*WaitGroup).Wait(0xc001a34f40?)
	/usr/local/Cellar/go/1.24.2/libexec/src/sync/waitgroup.go:118 +0x48
github.com/ThreeDotsLabs/watermill/message.(*Router).waitForHandlers.func1()
	/Users/jace/go/pkg/mod/github.com/!three!dots!labs/watermill@v1.4.6/message/router.go:579 +0x4b
created by github.com/ThreeDotsLabs/watermill/message.(*Router).waitForHandlers in goroutine 37088
	/Users/jace/go/pkg/mod/github.com/!three!dots!labs/watermill@v1.4.6/message/router.go:577 +0x87

goroutine 37798 [sync.Cond.Wait, 1 minutes]:
sync.runtime_notifyListWait(0xc00202fd10, 0x2)
	/usr/local/Cellar/go/1.24.2/libexec/src/runtime/sema.go:597 +0x159
sync.(*Cond).Wait(0x0?)
	/usr/local/Cellar/go/1.24.2/libexec/src/sync/cond.go:71 +0x85
github.com/nats-io/nats%2ego.(*Conn).waitForMsgs(0xc001b23508, 0xc0007be5a0)
	/Users/jace/go/pkg/mod/github.com/nats-io/nats.go@v1.41.1/nats.go:3178 +0xc5
created by github.com/nats-io/nats%2ego.(*Conn).subscribeLocked in goroutine 37088
	/Users/jace/go/pkg/mod/github.com/nats-io/nats.go@v1.41.1/nats.go:4468 +0x419

goroutine 46560 [select, 1 minutes]:
github.com/nats-io/nats.go/jetstream.(*pullSubscription).pullMessages(0xc00288d200, {0xc0020f8300, 0x3e})
	/Users/jace/go/pkg/mod/github.com/nats-io/nats.go@v1.41.1/jetstream/pull.go:955 +0x91
created by github.com/nats-io/nats.go/jetstream.(*pullConsumer).Messages in goroutine 46222
	/Users/jace/go/pkg/mod/github.com/nats-io/nats.go@v1.41.1/jetstream/pull.go:534 +0x748

goroutine 37726 [select, 1 minutes]:
github.com/nats-io/nats.go/jetstream.(*pullSubscription).pullMessages(0xc00204f3b0, {0xc0020346c0, 0x3e})
	/Users/jace/go/pkg/mod/github.com/nats-io/nats.go@v1.41.1/jetstream/pull.go:955 +0x91
created by github.com/nats-io/nats.go/jetstream.(*pullConsumer).Messages in goroutine 37797
	/Users/jace/go/pkg/mod/github.com/nats-io/nats.go@v1.41.1/jetstream/pull.go:534 +0x748

goroutine 39218 [select, 1 minutes]:
github.com/nats-io/nats.go/jetstream.(*pullSubscription).pullMessages(0xc001fc2360, {0xc0018a7810, 0x45})
	/Users/jace/go/pkg/mod/github.com/nats-io/nats.go@v1.41.1/jetstream/pull.go:955 +0x91
created by github.com/nats-io/nats.go/jetstream.(*pullConsumer).Messages in goroutine 38959
	/Users/jace/go/pkg/mod/github.com/nats-io/nats.go@v1.41.1/jetstream/pull.go:534 +0x748

goroutine 37882 [select, 1 minutes]:
github.com/nats-io/nats.go/jetstream.(*pullSubscription).pullMessages(0xc00116fef0, {0xc00179a4b0, 0x4b})
	/Users/jace/go/pkg/mod/github.com/nats-io/nats.go@v1.41.1/jetstream/pull.go:955 +0x91
created by github.com/nats-io/nats.go/jetstream.(*pullConsumer).Messages in goroutine 37797
	/Users/jace/go/pkg/mod/github.com/nats-io/nats.go@v1.41.1/jetstream/pull.go:534 +0x748

goroutine 37815 [select, 1 minutes]:
github.com/nats-io/nats.go/jetstream.(*pullConsumer).Messages.func2()
	/Users/jace/go/pkg/mod/github.com/nats-io/nats.go@v1.41.1/jetstream/pull.go:538 +0x68
created by github.com/nats-io/nats.go/jetstream.(*pullConsumer).Messages in goroutine 37797
	/Users/jace/go/pkg/mod/github.com/nats-io/nats.go@v1.41.1/jetstream/pull.go:536 +0x78a

goroutine 37816 [select, 1 minutes]:
github.com/nats-io/nats.go/jetstream.(*pullSubscription).Next(0xc0020014d0)
	/Users/jace/go/pkg/mod/github.com/nats-io/nats.go@v1.41.1/jetstream/pull.go:589 +0x285
github.com/Black-And-White-Club/frolf-bot-shared/eventbus.(*eventBus).Subscribe.func1()
	/Users/jace/Documents/GitHub/frolf-bot-shared/eventbus/eventbus.go:326 +0x169
created by github.com/Black-And-White-Club/frolf-bot-shared/eventbus.(*eventBus).Subscribe in goroutine 37797
	/Users/jace/Documents/GitHub/frolf-bot-shared/eventbus/eventbus.go:315 +0xbf1

goroutine 37817 [chan receive, 1 minutes]:
github.com/ThreeDotsLabs/watermill/message.(*messageTransformSubscriberDecorator).Subscribe.func1()
	/Users/jace/go/pkg/mod/github.com/!three!dots!labs/watermill@v1.4.6/message/decorator.go:52 +0x85
created by github.com/ThreeDotsLabs/watermill/message.(*messageTransformSubscriberDecorator).Subscribe in goroutine 37797
	/Users/jace/go/pkg/mod/github.com/!three!dots!labs/watermill@v1.4.6/message/decorator.go:51 +0xc7

goroutine 37818 [chan receive, 1 minutes]:
github.com/ThreeDotsLabs/watermill/message.(*handler).run(0xc000d5c750, {0x10a337fa0, 0xc001ab4aa0}, {0xc002041a40, 0x6, 0xc001430778?})
	/Users/jace/go/pkg/mod/github.com/!three!dots!labs/watermill@v1.4.6/message/router.go:645 +0x2b4
github.com/ThreeDotsLabs/watermill/message.(*Router).RunHandlers.func1()
	/Users/jace/go/pkg/mod/github.com/!three!dots!labs/watermill@v1.4.6/message/router.go:460 +0x145
created by github.com/ThreeDotsLabs/watermill/message.(*Router).RunHandlers in goroutine 37797
	/Users/jace/go/pkg/mod/github.com/!three!dots!labs/watermill@v1.4.6/message/router.go:453 +0x606

goroutine 40277 [select, 1 minutes]:
github.com/nats-io/nats.go/jetstream.(*pullConsumer).Messages.func2()
	/Users/jace/go/pkg/mod/github.com/nats-io/nats.go@v1.41.1/jetstream/pull.go:538 +0x68
created by github.com/nats-io/nats.go/jetstream.(*pullConsumer).Messages in goroutine 40053
	/Users/jace/go/pkg/mod/github.com/nats-io/nats.go@v1.41.1/jetstream/pull.go:536 +0x78a

goroutine 45366 [select, 1 minutes]:
github.com/nats-io/nats.go/jetstream.(*pullSubscription).Next(0xc0012790e0)
	/Users/jace/go/pkg/mod/github.com/nats-io/nats.go@v1.41.1/jetstream/pull.go:589 +0x285
github.com/Black-And-White-Club/frolf-bot-shared/eventbus.(*eventBus).Subscribe.func1()
	/Users/jace/Documents/GitHub/frolf-bot-shared/eventbus/eventbus.go:326 +0x169
created by github.com/Black-And-White-Club/frolf-bot-shared/eventbus.(*eventBus).Subscribe in goroutine 44822
	/Users/jace/Documents/GitHub/frolf-bot-shared/eventbus/eventbus.go:315 +0xbf1

goroutine 37906 [chan receive, 1 minutes]:
github.com/ThreeDotsLabs/watermill/message.(*handler).run(0xc001bfba00, {0x10a337fa0, 0xc001ab5040}, {0xc001990900, 0x6, 0xc001bb1778?})
	/Users/jace/go/pkg/mod/github.com/!three!dots!labs/watermill@v1.4.6/message/router.go:645 +0x2b4
github.com/ThreeDotsLabs/watermill/message.(*Router).RunHandlers.func1()
	/Users/jace/go/pkg/mod/github.com/!three!dots!labs/watermill@v1.4.6/message/router.go:460 +0x145
created by github.com/ThreeDotsLabs/watermill/message.(*Router).RunHandlers in goroutine 37797
	/Users/jace/go/pkg/mod/github.com/!three!dots!labs/watermill@v1.4.6/message/router.go:453 +0x606

goroutine 40204 [chan receive, 1 minutes]:
github.com/ThreeDotsLabs/watermill/message.(*messageTransformSubscriberDecorator).Subscribe.func1()
	/Users/jace/go/pkg/mod/github.com/!three!dots!labs/watermill@v1.4.6/message/decorator.go:52 +0x85
created by github.com/ThreeDotsLabs/watermill/message.(*messageTransformSubscriberDecorator).Subscribe in goroutine 40053
	/Users/jace/go/pkg/mod/github.com/!three!dots!labs/watermill@v1.4.6/message/decorator.go:51 +0xc7

goroutine 39028 [select, 1 minutes]:
github.com/nats-io/nats.go/jetstream.(*pullConsumer).Messages.func2()
	/Users/jace/go/pkg/mod/github.com/nats-io/nats.go@v1.41.1/jetstream/pull.go:538 +0x68
created by github.com/nats-io/nats.go/jetstream.(*pullConsumer).Messages in goroutine 38959
	/Users/jace/go/pkg/mod/github.com/nats-io/nats.go@v1.41.1/jetstream/pull.go:536 +0x78a

goroutine 40152 [select, 1 minutes]:
github.com/nats-io/nats.go/jetstream.(*pullConsumer).Messages.func2()
	/Users/jace/go/pkg/mod/github.com/nats-io/nats.go@v1.41.1/jetstream/pull.go:538 +0x68
created by github.com/nats-io/nats.go/jetstream.(*pullConsumer).Messages in goroutine 40053
	/Users/jace/go/pkg/mod/github.com/nats-io/nats.go@v1.41.1/jetstream/pull.go:536 +0x78a

goroutine 40501 [select, 1 minutes]:
github.com/nats-io/nats.go/jetstream.(*pullSubscription).Next(0xc00083c2d0)
	/Users/jace/go/pkg/mod/github.com/nats-io/nats.go@v1.41.1/jetstream/pull.go:589 +0x285
github.com/Black-And-White-Club/frolf-bot-shared/eventbus.(*eventBus).Subscribe.func1()
	/Users/jace/Documents/GitHub/frolf-bot-shared/eventbus/eventbus.go:326 +0x169
created by github.com/Black-And-White-Club/frolf-bot-shared/eventbus.(*eventBus).Subscribe in goroutine 40053
	/Users/jace/Documents/GitHub/frolf-bot-shared/eventbus/eventbus.go:315 +0xbf1

goroutine 40426 [select, 1 minutes]:
github.com/nats-io/nats.go/jetstream.(*pullSubscription).Next(0xc00097f680)
	/Users/jace/go/pkg/mod/github.com/nats-io/nats.go@v1.41.1/jetstream/pull.go:589 +0x285
github.com/Black-And-White-Club/frolf-bot-shared/eventbus.(*eventBus).Subscribe.func1()
	/Users/jace/Documents/GitHub/frolf-bot-shared/eventbus/eventbus.go:326 +0x169
created by github.com/Black-And-White-Club/frolf-bot-shared/eventbus.(*eventBus).Subscribe in goroutine 40053
	/Users/jace/Documents/GitHub/frolf-bot-shared/eventbus/eventbus.go:315 +0xbf1

goroutine 39106 [select, 1 minutes]:
github.com/nats-io/nats.go/jetstream.(*pullConsumer).Messages.func2()
	/Users/jace/go/pkg/mod/github.com/nats-io/nats.go@v1.41.1/jetstream/pull.go:538 +0x68
created by github.com/nats-io/nats.go/jetstream.(*pullConsumer).Messages in goroutine 38959
	/Users/jace/go/pkg/mod/github.com/nats-io/nats.go@v1.41.1/jetstream/pull.go:536 +0x78a

goroutine 39120 [select, 1 minutes]:
github.com/nats-io/nats.go/jetstream.(*pullSubscription).pullMessages(0xc001ba9a70, {0xc000807d60, 0x4b})
	/Users/jace/go/pkg/mod/github.com/nats-io/nats.go@v1.41.1/jetstream/pull.go:955 +0x91
created by github.com/nats-io/nats.go/jetstream.(*pullConsumer).Messages in goroutine 38959
	/Users/jace/go/pkg/mod/github.com/nats-io/nats.go@v1.41.1/jetstream/pull.go:534 +0x748

goroutine 39059 [select, 1 minutes]:
github.com/nats-io/nats.go/jetstream.(*pullSubscription).pullMessages(0xc001836a20, {0xc0018a74f0, 0x50})
	/Users/jace/go/pkg/mod/github.com/nats-io/nats.go@v1.41.1/jetstream/pull.go:955 +0x91
created by github.com/nats-io/nats.go/jetstream.(*pullConsumer).Messages in goroutine 38959
	/Users/jace/go/pkg/mod/github.com/nats-io/nats.go@v1.41.1/jetstream/pull.go:534 +0x748

goroutine 43908 [select, 1 minutes]:
github.com/nats-io/nats.go/jetstream.(*pullSubscription).pullMessages(0xc002199d40, {0xc00004fd60, 0x48})
	/Users/jace/go/pkg/mod/github.com/nats-io/nats.go@v1.41.1/jetstream/pull.go:955 +0x91
created by github.com/nats-io/nats.go/jetstream.(*pullConsumer).Messages in goroutine 43736
	/Users/jace/go/pkg/mod/github.com/nats-io/nats.go@v1.41.1/jetstream/pull.go:534 +0x748

goroutine 39070 [select, 1 minutes]:
github.com/nats-io/nats.go/jetstream.(*pullConsumer).Messages.func2()
	/Users/jace/go/pkg/mod/github.com/nats-io/nats.go@v1.41.1/jetstream/pull.go:538 +0x68
created by github.com/nats-io/nats.go/jetstream.(*pullConsumer).Messages in goroutine 38959
	/Users/jace/go/pkg/mod/github.com/nats-io/nats.go@v1.41.1/jetstream/pull.go:536 +0x78a

goroutine 40011 [select, 1 minutes]:
github.com/nats-io/nats.go/jetstream.(*pullConsumer).Messages.func2()
	/Users/jace/go/pkg/mod/github.com/nats-io/nats.go@v1.41.1/jetstream/pull.go:538 +0x68
created by github.com/nats-io/nats.go/jetstream.(*pullConsumer).Messages in goroutine 40053
	/Users/jace/go/pkg/mod/github.com/nats-io/nats.go@v1.41.1/jetstream/pull.go:536 +0x78a

goroutine 39125 [select, 1 minutes]:
github.com/nats-io/nats.go/jetstream.(*pullSubscription).Next(0xc001837830)
	/Users/jace/go/pkg/mod/github.com/nats-io/nats.go@v1.41.1/jetstream/pull.go:589 +0x285
github.com/Black-And-White-Club/frolf-bot-shared/eventbus.(*eventBus).Subscribe.func1()
	/Users/jace/Documents/GitHub/frolf-bot-shared/eventbus/eventbus.go:326 +0x169
created by github.com/Black-And-White-Club/frolf-bot-shared/eventbus.(*eventBus).Subscribe in goroutine 38959
	/Users/jace/Documents/GitHub/frolf-bot-shared/eventbus/eventbus.go:315 +0xbf1

goroutine 38143 [select, 1 minutes]:
github.com/nats-io/nats.go/jetstream.(*pullSubscription).pullMessages(0xc0012b4630, {0xc001a6f240, 0x3e})
	/Users/jace/go/pkg/mod/github.com/nats-io/nats.go@v1.41.1/jetstream/pull.go:955 +0x91
created by github.com/nats-io/nats.go/jetstream.(*pullConsumer).Messages in goroutine 38959
	/Users/jace/go/pkg/mod/github.com/nats-io/nats.go@v1.41.1/jetstream/pull.go:534 +0x748

goroutine 40100 [chan receive, 1 minutes]:
github.com/ThreeDotsLabs/watermill/message.(*handler).run(0xc0013b6dd0, {0x10a337fa0, 0xc00192af00}, {0xc001113ec0, 0x6, 0x0?})
	/Users/jace/go/pkg/mod/github.com/!three!dots!labs/watermill@v1.4.6/message/router.go:645 +0x2b4
github.com/ThreeDotsLabs/watermill/message.(*Router).RunHandlers.func1()
	/Users/jace/go/pkg/mod/github.com/!three!dots!labs/watermill@v1.4.6/message/router.go:460 +0x145
created by github.com/ThreeDotsLabs/watermill/message.(*Router).RunHandlers in goroutine 40053
	/Users/jace/go/pkg/mod/github.com/!three!dots!labs/watermill@v1.4.6/message/router.go:453 +0x606

goroutine 40111 [select, 1 minutes]:
github.com/nats-io/nats.go/jetstream.(*pullSubscription).Next(0xc00172c000)
	/Users/jace/go/pkg/mod/github.com/nats-io/nats.go@v1.41.1/jetstream/pull.go:589 +0x285
github.com/Black-And-White-Club/frolf-bot-shared/eventbus.(*eventBus).Subscribe.func1()
	/Users/jace/Documents/GitHub/frolf-bot-shared/eventbus/eventbus.go:326 +0x169
created by github.com/Black-And-White-Club/frolf-bot-shared/eventbus.(*eventBus).Subscribe in goroutine 40053
	/Users/jace/Documents/GitHub/frolf-bot-shared/eventbus/eventbus.go:315 +0xbf1

goroutine 41725 [chan receive, 1 minutes]:
github.com/ThreeDotsLabs/watermill/message.(*messageTransformSubscriberDecorator).Subscribe.func1()
	/Users/jace/go/pkg/mod/github.com/!three!dots!labs/watermill@v1.4.6/message/decorator.go:52 +0x85
created by github.com/ThreeDotsLabs/watermill/message.(*messageTransformSubscriberDecorator).Subscribe in goroutine 41277
	/Users/jace/go/pkg/mod/github.com/!three!dots!labs/watermill@v1.4.6/message/decorator.go:51 +0xc7

goroutine 39071 [select, 1 minutes]:
github.com/nats-io/nats.go/jetstream.(*pullSubscription).Next(0xc001837200)
	/Users/jace/go/pkg/mod/github.com/nats-io/nats.go@v1.41.1/jetstream/pull.go:589 +0x285
github.com/Black-And-White-Club/frolf-bot-shared/eventbus.(*eventBus).Subscribe.func1()
	/Users/jace/Documents/GitHub/frolf-bot-shared/eventbus/eventbus.go:326 +0x169
created by github.com/Black-And-White-Club/frolf-bot-shared/eventbus.(*eventBus).Subscribe in goroutine 38959
	/Users/jace/Documents/GitHub/frolf-bot-shared/eventbus/eventbus.go:315 +0xbf1

goroutine 38108 [select, 1 minutes]:
github.com/nats-io/nats.go/jetstream.(*pullSubscription).pullMessages(0xc0016087e0, {0xc0018a64b0, 0x45})
	/Users/jace/go/pkg/mod/github.com/nats-io/nats.go@v1.41.1/jetstream/pull.go:955 +0x91
created by github.com/nats-io/nats.go/jetstream.(*pullConsumer).Messages in goroutine 37797
	/Users/jace/go/pkg/mod/github.com/nats-io/nats.go@v1.41.1/jetstream/pull.go:534 +0x748

goroutine 38109 [select, 1 minutes]:
github.com/nats-io/nats.go/jetstream.(*pullConsumer).Messages.func2()
	/Users/jace/go/pkg/mod/github.com/nats-io/nats.go@v1.41.1/jetstream/pull.go:538 +0x68
created by github.com/nats-io/nats.go/jetstream.(*pullConsumer).Messages in goroutine 37797
	/Users/jace/go/pkg/mod/github.com/nats-io/nats.go@v1.41.1/jetstream/pull.go:536 +0x78a

goroutine 38110 [select, 1 minutes]:
github.com/nats-io/nats.go/jetstream.(*pullSubscription).Next(0xc0016087e0)
	/Users/jace/go/pkg/mod/github.com/nats-io/nats.go@v1.41.1/jetstream/pull.go:589 +0x285
github.com/Black-And-White-Club/frolf-bot-shared/eventbus.(*eventBus).Subscribe.func1()
	/Users/jace/Documents/GitHub/frolf-bot-shared/eventbus/eventbus.go:326 +0x169
created by github.com/Black-And-White-Club/frolf-bot-shared/eventbus.(*eventBus).Subscribe in goroutine 37797
	/Users/jace/Documents/GitHub/frolf-bot-shared/eventbus/eventbus.go:315 +0xbf1

goroutine 38111 [chan receive, 1 minutes]:
github.com/ThreeDotsLabs/watermill/message.(*messageTransformSubscriberDecorator).Subscribe.func1()
	/Users/jace/go/pkg/mod/github.com/!three!dots!labs/watermill@v1.4.6/message/decorator.go:52 +0x85
created by github.com/ThreeDotsLabs/watermill/message.(*messageTransformSubscriberDecorator).Subscribe in goroutine 37797
	/Users/jace/go/pkg/mod/github.com/!three!dots!labs/watermill@v1.4.6/message/decorator.go:51 +0xc7

goroutine 38112 [chan receive, 1 minutes]:
github.com/ThreeDotsLabs/watermill/message.(*handler).run(0xc000d5c410, {0x10a337fa0, 0xc001137cc0}, {0xc002041e00, 0x6, 0xc001a33770?})
	/Users/jace/go/pkg/mod/github.com/!three!dots!labs/watermill@v1.4.6/message/router.go:645 +0x2b4
github.com/ThreeDotsLabs/watermill/message.(*Router).RunHandlers.func1()
	/Users/jace/go/pkg/mod/github.com/!three!dots!labs/watermill@v1.4.6/message/router.go:460 +0x145
created by github.com/ThreeDotsLabs/watermill/message.(*Router).RunHandlers in goroutine 37797
	/Users/jace/go/pkg/mod/github.com/!three!dots!labs/watermill@v1.4.6/message/router.go:453 +0x606

goroutine 38913 [chan receive, 1 minutes]:
github.com/ThreeDotsLabs/watermill/message.(*messageTransformSubscriberDecorator).Subscribe.func1()
	/Users/jace/go/pkg/mod/github.com/!three!dots!labs/watermill@v1.4.6/message/decorator.go:52 +0x85
created by github.com/ThreeDotsLabs/watermill/message.(*messageTransformSubscriberDecorator).Subscribe in goroutine 38959
	/Users/jace/go/pkg/mod/github.com/!three!dots!labs/watermill@v1.4.6/message/decorator.go:51 +0xc7

goroutine 40345 [chan receive, 1 minutes]:
github.com/ThreeDotsLabs/watermill/message.(*handler).run(0xc0013b7380, {0x10a337fa0, 0xc000f4e050}, {0xc0018a03c0, 0x6, 0x10955daec?})
	/Users/jace/go/pkg/mod/github.com/!three!dots!labs/watermill@v1.4.6/message/router.go:645 +0x2b4
github.com/ThreeDotsLabs/watermill/message.(*Router).RunHandlers.func1()
	/Users/jace/go/pkg/mod/github.com/!three!dots!labs/watermill@v1.4.6/message/router.go:460 +0x145
created by github.com/ThreeDotsLabs/watermill/message.(*Router).RunHandlers in goroutine 40053
	/Users/jace/go/pkg/mod/github.com/!three!dots!labs/watermill@v1.4.6/message/router.go:453 +0x606

goroutine 40004 [sync.Cond.Wait, 1 minutes]:
sync.runtime_notifyListWait(0xc00068b690, 0x0)
	/usr/local/Cellar/go/1.24.2/libexec/src/runtime/sema.go:597 +0x159
sync.(*Cond).Wait(0xc001c0f110?)
	/usr/local/Cellar/go/1.24.2/libexec/src/sync/cond.go:71 +0x85
github.com/nats-io/nats%2ego.(*asyncCallbacksHandler).asyncCBDispatcher(0xc001b1b7c0)
	/Users/jace/go/pkg/mod/github.com/nats-io/nats.go@v1.41.1/nats.go:3059 +0xdd
created by github.com/nats-io/nats%2ego.Options.Connect in goroutine 39398
	/Users/jace/go/pkg/mod/github.com/nats-io/nats.go@v1.41.1/nats.go:1635 +0x387

goroutine 45133 [select, 1 minutes]:
github.com/nats-io/nats.go/jetstream.(*pullConsumer).Messages.func2()
	/Users/jace/go/pkg/mod/github.com/nats-io/nats.go@v1.41.1/jetstream/pull.go:538 +0x68
created by github.com/nats-io/nats.go/jetstream.(*pullConsumer).Messages in goroutine 44822
	/Users/jace/go/pkg/mod/github.com/nats-io/nats.go@v1.41.1/jetstream/pull.go:536 +0x78a

goroutine 39155 [chan receive, 1 minutes]:
github.com/ThreeDotsLabs/watermill/message.(*messageTransformSubscriberDecorator).Subscribe.func1()
	/Users/jace/go/pkg/mod/github.com/!three!dots!labs/watermill@v1.4.6/message/decorator.go:52 +0x85
created by github.com/ThreeDotsLabs/watermill/message.(*messageTransformSubscriberDecorator).Subscribe in goroutine 38959
	/Users/jace/go/pkg/mod/github.com/!three!dots!labs/watermill@v1.4.6/message/decorator.go:51 +0xc7

goroutine 44716 [select, 1 minutes]:
github.com/nats-io/nats.go/jetstream.(*pullSubscription).pullMessages(0xc001b31680, {0xc00259a3c0, 0x52})
	/Users/jace/go/pkg/mod/github.com/nats-io/nats.go@v1.41.1/jetstream/pull.go:955 +0x91
created by github.com/nats-io/nats.go/jetstream.(*pullConsumer).Messages in goroutine 44822
	/Users/jace/go/pkg/mod/github.com/nats-io/nats.go@v1.41.1/jetstream/pull.go:534 +0x748

goroutine 41502 [select, 1 minutes]:
github.com/nats-io/nats.go/jetstream.(*pullConsumer).Messages.func2()
	/Users/jace/go/pkg/mod/github.com/nats-io/nats.go@v1.41.1/jetstream/pull.go:538 +0x68
created by github.com/nats-io/nats.go/jetstream.(*pullConsumer).Messages in goroutine 41277
	/Users/jace/go/pkg/mod/github.com/nats-io/nats.go@v1.41.1/jetstream/pull.go:536 +0x78a

goroutine 38920 [chan receive, 1 minutes]:
github.com/ThreeDotsLabs/watermill/message.(*handler).run(0xc001411ba0, {0x10a337fa0, 0xc0007ae0a0}, {0xc000fbf080, 0x6, 0x0?})
	/Users/jace/go/pkg/mod/github.com/!three!dots!labs/watermill@v1.4.6/message/router.go:645 +0x2b4
github.com/ThreeDotsLabs/watermill/message.(*Router).RunHandlers.func1()
	/Users/jace/go/pkg/mod/github.com/!three!dots!labs/watermill@v1.4.6/message/router.go:460 +0x145
created by github.com/ThreeDotsLabs/watermill/message.(*Router).RunHandlers in goroutine 38959
	/Users/jace/go/pkg/mod/github.com/!three!dots!labs/watermill@v1.4.6/message/router.go:453 +0x606

goroutine 49401 [select, 1 minutes]:
github.com/nats-io/nats.go/jetstream.(*pullConsumer).Messages.func2()
	/Users/jace/go/pkg/mod/github.com/nats-io/nats.go@v1.41.1/jetstream/pull.go:538 +0x68
created by github.com/nats-io/nats.go/jetstream.(*pullConsumer).Messages in goroutine 49230
	/Users/jace/go/pkg/mod/github.com/nats-io/nats.go@v1.41.1/jetstream/pull.go:536 +0x78a

goroutine 38894 [sync.Cond.Wait, 1 minutes]:
sync.runtime_notifyListWait(0xc0011ce490, 0x0)
	/usr/local/Cellar/go/1.24.2/libexec/src/runtime/sema.go:597 +0x159
sync.(*Cond).Wait(0xc00206ad10?)
	/usr/local/Cellar/go/1.24.2/libexec/src/sync/cond.go:71 +0x85
github.com/nats-io/nats%2ego.(*asyncCallbacksHandler).asyncCBDispatcher(0xc0012801e0)
	/Users/jace/go/pkg/mod/github.com/nats-io/nats.go@v1.41.1/nats.go:3059 +0xdd
created by github.com/nats-io/nats%2ego.Options.Connect in goroutine 38323
	/Users/jace/go/pkg/mod/github.com/nats-io/nats.go@v1.41.1/nats.go:1635 +0x387

goroutine 40286 [select, 1 minutes]:
github.com/nats-io/nats.go/jetstream.(*pullSubscription).pullMessages(0xc00113f710, {0xc00179ac30, 0x4b})
	/Users/jace/go/pkg/mod/github.com/nats-io/nats.go@v1.41.1/jetstream/pull.go:955 +0x91
created by github.com/nats-io/nats.go/jetstream.(*pullConsumer).Messages in goroutine 40053
	/Users/jace/go/pkg/mod/github.com/nats-io/nats.go@v1.41.1/jetstream/pull.go:534 +0x748

goroutine 46409 [chan receive, 1 minutes]:
github.com/ThreeDotsLabs/watermill/message.(*handler).run(0xc0024d2a90, {0x10a337fa0, 0xc001734780}, {0xc00235e900, 0x6, 0x0?})
	/Users/jace/go/pkg/mod/github.com/!three!dots!labs/watermill@v1.4.6/message/router.go:645 +0x2b4
github.com/ThreeDotsLabs/watermill/message.(*Router).RunHandlers.func1()
	/Users/jace/go/pkg/mod/github.com/!three!dots!labs/watermill@v1.4.6/message/router.go:460 +0x145
created by github.com/ThreeDotsLabs/watermill/message.(*Router).RunHandlers in goroutine 46222
	/Users/jace/go/pkg/mod/github.com/!three!dots!labs/watermill@v1.4.6/message/router.go:453 +0x606

goroutine 38895 [sync.Cond.Wait, 1 minutes]:
sync.runtime_notifyListWait(0xc0011ce610, 0x3d)
	/usr/local/Cellar/go/1.24.2/libexec/src/runtime/sema.go:597 +0x159
sync.(*Cond).Wait(0x0?)
	/usr/local/Cellar/go/1.24.2/libexec/src/sync/cond.go:71 +0x85
github.com/nats-io/nats%2ego.(*Conn).waitForMsgs(0xc001b25808, 0xc000946000)
	/Users/jace/go/pkg/mod/github.com/nats-io/nats.go@v1.41.1/nats.go:3178 +0xc5
created by github.com/nats-io/nats%2ego.(*Conn).subscribeLocked in goroutine 38323
	/Users/jace/go/pkg/mod/github.com/nats-io/nats.go@v1.41.1/nats.go:4468 +0x419

goroutine 39314 [select, 1 minutes]:
github.com/nats-io/nats.go/jetstream.(*pullSubscription).Next(0xc0012b55f0)
	/Users/jace/go/pkg/mod/github.com/nats-io/nats.go@v1.41.1/jetstream/pull.go:589 +0x285
github.com/Black-And-White-Club/frolf-bot-shared/eventbus.(*eventBus).Subscribe.func1()
	/Users/jace/Documents/GitHub/frolf-bot-shared/eventbus/eventbus.go:326 +0x169
created by github.com/Black-And-White-Club/frolf-bot-shared/eventbus.(*eventBus).Subscribe in goroutine 38959
	/Users/jace/Documents/GitHub/frolf-bot-shared/eventbus/eventbus.go:315 +0xbf1

goroutine 37808 [select, 1 minutes]:
github.com/nats-io/nats.go/jetstream.(*pullSubscription).pullMessages(0xc0016094d0, {0xc00066f400, 0x40})
	/Users/jace/go/pkg/mod/github.com/nats-io/nats.go@v1.41.1/jetstream/pull.go:955 +0x91
created by github.com/nats-io/nats.go/jetstream.(*pullConsumer).Messages in goroutine 37797
	/Users/jace/go/pkg/mod/github.com/nats-io/nats.go@v1.41.1/jetstream/pull.go:534 +0x748

goroutine 37809 [select, 1 minutes]:
github.com/nats-io/nats.go/jetstream.(*pullConsumer).Messages.func2()
	/Users/jace/go/pkg/mod/github.com/nats-io/nats.go@v1.41.1/jetstream/pull.go:538 +0x68
created by github.com/nats-io/nats.go/jetstream.(*pullConsumer).Messages in goroutine 37797
	/Users/jace/go/pkg/mod/github.com/nats-io/nats.go@v1.41.1/jetstream/pull.go:536 +0x78a

goroutine 38226 [select, 1 minutes]:
github.com/nats-io/nats.go/jetstream.(*pullSubscription).Next(0xc0016094d0)
	/Users/jace/go/pkg/mod/github.com/nats-io/nats.go@v1.41.1/jetstream/pull.go:589 +0x285
github.com/Black-And-White-Club/frolf-bot-shared/eventbus.(*eventBus).Subscribe.func1()
	/Users/jace/Documents/GitHub/frolf-bot-shared/eventbus/eventbus.go:326 +0x169
created by github.com/Black-And-White-Club/frolf-bot-shared/eventbus.(*eventBus).Subscribe in goroutine 37797
	/Users/jace/Documents/GitHub/frolf-bot-shared/eventbus/eventbus.go:315 +0xbf1

goroutine 38227 [chan receive, 1 minutes]:
github.com/ThreeDotsLabs/watermill/message.(*messageTransformSubscriberDecorator).Subscribe.func1()
	/Users/jace/go/pkg/mod/github.com/!three!dots!labs/watermill@v1.4.6/message/decorator.go:52 +0x85
created by github.com/ThreeDotsLabs/watermill/message.(*messageTransformSubscriberDecorator).Subscribe in goroutine 37797
	/Users/jace/go/pkg/mod/github.com/!three!dots!labs/watermill@v1.4.6/message/decorator.go:51 +0xc7

goroutine 38228 [chan receive, 1 minutes]:
github.com/ThreeDotsLabs/watermill/message.(*handler).run(0xc000d5c9c0, {0x10a337fa0, 0xc001b63180}, {0xc00015b980, 0x6, 0x4?})
	/Users/jace/go/pkg/mod/github.com/!three!dots!labs/watermill@v1.4.6/message/router.go:645 +0x2b4
github.com/ThreeDotsLabs/watermill/message.(*Router).RunHandlers.func1()
	/Users/jace/go/pkg/mod/github.com/!three!dots!labs/watermill@v1.4.6/message/router.go:460 +0x145
created by github.com/ThreeDotsLabs/watermill/message.(*Router).RunHandlers in goroutine 37797
	/Users/jace/go/pkg/mod/github.com/!three!dots!labs/watermill@v1.4.6/message/router.go:453 +0x606

goroutine 58673 [select]:
github.com/nats-io/nats.go/jetstream.(*pullSubscription).pullMessages(0xc0019b63f0, {0xc000254e60, 0x4f})
	/Users/jace/go/pkg/mod/github.com/nats-io/nats.go@v1.41.1/jetstream/pull.go:955 +0x91
created by github.com/nats-io/nats.go/jetstream.(*pullConsumer).Messages in goroutine 58544
	/Users/jace/go/pkg/mod/github.com/nats-io/nats.go@v1.41.1/jetstream/pull.go:534 +0x748

goroutine 47979 [chan receive, 1 minutes]:
github.com/ThreeDotsLabs/watermill/message.(*messageTransformSubscriberDecorator).Subscribe.func1()
	/Users/jace/go/pkg/mod/github.com/!three!dots!labs/watermill@v1.4.6/message/decorator.go:52 +0x85
created by github.com/ThreeDotsLabs/watermill/message.(*messageTransformSubscriberDecorator).Subscribe in goroutine 47950
	/Users/jace/go/pkg/mod/github.com/!three!dots!labs/watermill@v1.4.6/message/decorator.go:51 +0xc7

goroutine 40371 [select, 1 minutes]:
github.com/nats-io/nats.go/jetstream.(*pullSubscription).pullMessages(0xc001920750, {0xc000b3b800, 0x40})
	/Users/jace/go/pkg/mod/github.com/nats-io/nats.go@v1.41.1/jetstream/pull.go:955 +0x91
created by github.com/nats-io/nats.go/jetstream.(*pullConsumer).Messages in goroutine 40053
	/Users/jace/go/pkg/mod/github.com/nats-io/nats.go@v1.41.1/jetstream/pull.go:534 +0x748

goroutine 43911 [chan receive, 1 minutes]:
github.com/ThreeDotsLabs/watermill/message.(*messageTransformSubscriberDecorator).Subscribe.func1()
	/Users/jace/go/pkg/mod/github.com/!three!dots!labs/watermill@v1.4.6/message/decorator.go:52 +0x85
created by github.com/ThreeDotsLabs/watermill/message.(*messageTransformSubscriberDecorator).Subscribe in goroutine 43736
	/Users/jace/go/pkg/mod/github.com/!three!dots!labs/watermill@v1.4.6/message/decorator.go:51 +0xc7

goroutine 40201 [select, 1 minutes]:
github.com/nats-io/nats.go/jetstream.(*pullSubscription).pullMessages(0xc001279830, {0xc00017f220, 0x4b})
	/Users/jace/go/pkg/mod/github.com/nats-io/nats.go@v1.41.1/jetstream/pull.go:955 +0x91
created by github.com/nats-io/nats.go/jetstream.(*pullConsumer).Messages in goroutine 40053
	/Users/jace/go/pkg/mod/github.com/nats-io/nats.go@v1.41.1/jetstream/pull.go:534 +0x748

goroutine 48023 [select, 1 minutes]:
github.com/nats-io/nats.go/jetstream.(*pullSubscription).pullMessages(0xc001836750, {0xc002784a40, 0x40})
	/Users/jace/go/pkg/mod/github.com/nats-io/nats.go@v1.41.1/jetstream/pull.go:955 +0x91
created by github.com/nats-io/nats.go/jetstream.(*pullConsumer).Messages in goroutine 47950
	/Users/jace/go/pkg/mod/github.com/nats-io/nats.go@v1.41.1/jetstream/pull.go:534 +0x748

goroutine 45228 [select]:
github.com/nats-io/nats%2ego.(*Conn).doReconnect(0xc001b24a08, {0x10a327f28, 0x10acedb30}, 0x0)
	/Users/jace/go/pkg/mod/github.com/nats-io/nats.go@v1.41.1/nats.go:2907 +0x41a
created by github.com/nats-io/nats%2ego.(*Conn).processOpErr in goroutine 44776
	/Users/jace/go/pkg/mod/github.com/nats-io/nats.go@v1.41.1/nats.go:3043 +0x2f3

goroutine 46301 [select, 1 minutes]:
github.com/nats-io/nats.go/jetstream.(*pullSubscription).Next(0xc000c32870)
	/Users/jace/go/pkg/mod/github.com/nats-io/nats.go@v1.41.1/jetstream/pull.go:589 +0x285
github.com/Black-And-White-Club/frolf-bot-shared/eventbus.(*eventBus).Subscribe.func1()
	/Users/jace/Documents/GitHub/frolf-bot-shared/eventbus/eventbus.go:326 +0x169
created by github.com/Black-And-White-Club/frolf-bot-shared/eventbus.(*eventBus).Subscribe in goroutine 46222
	/Users/jace/Documents/GitHub/frolf-bot-shared/eventbus/eventbus.go:315 +0xbf1

goroutine 44855 [select, 1 minutes]:
github.com/nats-io/nats.go/jetstream.(*pullConsumer).Messages.func2()
	/Users/jace/go/pkg/mod/github.com/nats-io/nats.go@v1.41.1/jetstream/pull.go:538 +0x68
created by github.com/nats-io/nats.go/jetstream.(*pullConsumer).Messages in goroutine 44822
	/Users/jace/go/pkg/mod/github.com/nats-io/nats.go@v1.41.1/jetstream/pull.go:536 +0x78a

goroutine 40241 [select, 1 minutes]:
github.com/nats-io/nats.go/jetstream.(*pullConsumer).Messages.func2()
	/Users/jace/go/pkg/mod/github.com/nats-io/nats.go@v1.41.1/jetstream/pull.go:538 +0x68
created by github.com/nats-io/nats.go/jetstream.(*pullConsumer).Messages in goroutine 40053
	/Users/jace/go/pkg/mod/github.com/nats-io/nats.go@v1.41.1/jetstream/pull.go:536 +0x78a

goroutine 39346 [sync.WaitGroup.Wait, 1 minutes]:
sync.runtime_SemacquireWaitGroup(0xc00211d110?)
	/usr/local/Cellar/go/1.24.2/libexec/src/runtime/sema.go:110 +0x25
sync.(*WaitGroup).Wait(0xc00186c740?)
	/usr/local/Cellar/go/1.24.2/libexec/src/sync/waitgroup.go:118 +0x48
github.com/ThreeDotsLabs/watermill/message.(*Router).waitForHandlers.func1()
	/Users/jace/go/pkg/mod/github.com/!three!dots!labs/watermill@v1.4.6/message/router.go:579 +0x4b
created by github.com/ThreeDotsLabs/watermill/message.(*Router).waitForHandlers in goroutine 38323
	/Users/jace/go/pkg/mod/github.com/!three!dots!labs/watermill@v1.4.6/message/router.go:577 +0x87

goroutine 38960 [sync.Cond.Wait, 1 minutes]:
sync.runtime_notifyListWait(0xc001ac4610, 0x2)
	/usr/local/Cellar/go/1.24.2/libexec/src/runtime/sema.go:597 +0x159
sync.(*Cond).Wait(0x0?)
	/usr/local/Cellar/go/1.24.2/libexec/src/sync/cond.go:71 +0x85
github.com/nats-io/nats%2ego.(*Conn).waitForMsgs(0xc001e06708, 0xc001b661e0)
	/Users/jace/go/pkg/mod/github.com/nats-io/nats.go@v1.41.1/nats.go:3178 +0xc5
created by github.com/nats-io/nats%2ego.(*Conn).subscribeLocked in goroutine 38323
	/Users/jace/go/pkg/mod/github.com/nats-io/nats.go@v1.41.1/nats.go:4468 +0x419

goroutine 38961 [sync.WaitGroup.Wait, 1 minutes]:
sync.runtime_SemacquireWaitGroup(0x1095ae7c0?)
	/usr/local/Cellar/go/1.24.2/libexec/src/runtime/sema.go:110 +0x25
sync.(*WaitGroup).Wait(0xc001bb9290?)
	/usr/local/Cellar/go/1.24.2/libexec/src/sync/waitgroup.go:118 +0x48
github.com/ThreeDotsLabs/watermill/message.(*Router).watchAllHandlersStopped.func1()
	/Users/jace/go/pkg/mod/github.com/!three!dots!labs/watermill@v1.4.6/message/router.go:498 +0x86
created by github.com/ThreeDotsLabs/watermill/message.(*Router).watchAllHandlersStopped in goroutine 38959
	/Users/jace/go/pkg/mod/github.com/!three!dots!labs/watermill@v1.4.6/message/router.go:484 +0xec

goroutine 38144 [select, 1 minutes]:
github.com/nats-io/nats.go/jetstream.(*pullConsumer).Messages.func2()
	/Users/jace/go/pkg/mod/github.com/nats-io/nats.go@v1.41.1/jetstream/pull.go:538 +0x68
created by github.com/nats-io/nats.go/jetstream.(*pullConsumer).Messages in goroutine 38959
	/Users/jace/go/pkg/mod/github.com/nats-io/nats.go@v1.41.1/jetstream/pull.go:536 +0x78a

goroutine 39999 [select, 1 minutes]:
github.com/nats-io/nats.go/jetstream.(*pullConsumer).Messages.func2()
	/Users/jace/go/pkg/mod/github.com/nats-io/nats.go@v1.41.1/jetstream/pull.go:538 +0x68
created by github.com/nats-io/nats.go/jetstream.(*pullConsumer).Messages in goroutine 40053
	/Users/jace/go/pkg/mod/github.com/nats-io/nats.go@v1.41.1/jetstream/pull.go:536 +0x78a

goroutine 39268 [chan receive, 1 minutes]:
github.com/ThreeDotsLabs/watermill/message.(*messageTransformSubscriberDecorator).Subscribe.func1()
	/Users/jace/go/pkg/mod/github.com/!three!dots!labs/watermill@v1.4.6/message/decorator.go:52 +0x85
created by github.com/ThreeDotsLabs/watermill/message.(*messageTransformSubscriberDecorator).Subscribe in goroutine 38959
	/Users/jace/go/pkg/mod/github.com/!three!dots!labs/watermill@v1.4.6/message/decorator.go:51 +0xc7

goroutine 39300 [select, 1 minutes]:
github.com/nats-io/nats.go/jetstream.(*pullSubscription).Next(0xc001e6b440)
	/Users/jace/go/pkg/mod/github.com/nats-io/nats.go@v1.41.1/jetstream/pull.go:589 +0x285
github.com/Black-And-White-Club/frolf-bot-shared/eventbus.(*eventBus).Subscribe.func1()
	/Users/jace/Documents/GitHub/frolf-bot-shared/eventbus/eventbus.go:326 +0x169
created by github.com/Black-And-White-Club/frolf-bot-shared/eventbus.(*eventBus).Subscribe in goroutine 38959
	/Users/jace/Documents/GitHub/frolf-bot-shared/eventbus/eventbus.go:315 +0xbf1

goroutine 39348 [sync.WaitGroup.Wait, 1 minutes]:
sync.runtime_SemacquireWaitGroup(0x0?)
	/usr/local/Cellar/go/1.24.2/libexec/src/runtime/sema.go:110 +0x25
sync.(*WaitGroup).Wait(0x109160452?)
	/usr/local/Cellar/go/1.24.2/libexec/src/sync/waitgroup.go:118 +0x48
github.com/ThreeDotsLabs/watermill/pubsub/sync.WaitGroupTimeout.func1()
	/Users/jace/go/pkg/mod/github.com/!three!dots!labs/watermill@v1.4.6/pubsub/sync/waitgroup.go:13 +0x25
created by github.com/ThreeDotsLabs/watermill/pubsub/sync.WaitGroupTimeout in goroutine 38323
	/Users/jace/go/pkg/mod/github.com/!three!dots!labs/watermill@v1.4.6/pubsub/sync/waitgroup.go:12 +0x85

goroutine 41278 [sync.Cond.Wait, 1 minutes]:
sync.runtime_notifyListWait(0xc00222ea10, 0x1)
	/usr/local/Cellar/go/1.24.2/libexec/src/runtime/sema.go:597 +0x159
sync.(*Cond).Wait(0x0?)
	/usr/local/Cellar/go/1.24.2/libexec/src/sync/cond.go:71 +0x85
github.com/nats-io/nats%2ego.(*Conn).waitForMsgs(0xc001b22708, 0xc0018bbb30)
	/Users/jace/go/pkg/mod/github.com/nats-io/nats.go@v1.41.1/nats.go:3178 +0xc5
created by github.com/nats-io/nats%2ego.(*Conn).subscribeLocked in goroutine 40610
	/Users/jace/go/pkg/mod/github.com/nats-io/nats.go@v1.41.1/nats.go:4468 +0x419

goroutine 52612 [select]:
github.com/nats-io/nats.go/jetstream.(*pullSubscription).Next(0xc0026cc480)
	/Users/jace/go/pkg/mod/github.com/nats-io/nats.go@v1.41.1/jetstream/pull.go:589 +0x285
github.com/Black-And-White-Club/frolf-bot-shared/eventbus.(*eventBus).Subscribe.func1()
	/Users/jace/Documents/GitHub/frolf-bot-shared/eventbus/eventbus.go:326 +0x169
created by github.com/Black-And-White-Club/frolf-bot-shared/eventbus.(*eventBus).Subscribe in goroutine 52535
	/Users/jace/Documents/GitHub/frolf-bot-shared/eventbus/eventbus.go:315 +0xbf1

goroutine 38969 [select, 1 minutes]:
github.com/nats-io/nats.go/jetstream.(*pullSubscription).pullMessages(0xc001b30ab0, {0xc0004216c0, 0x40})
	/Users/jace/go/pkg/mod/github.com/nats-io/nats.go@v1.41.1/jetstream/pull.go:955 +0x91
created by github.com/nats-io/nats.go/jetstream.(*pullConsumer).Messages in goroutine 38959
	/Users/jace/go/pkg/mod/github.com/nats-io/nats.go@v1.41.1/jetstream/pull.go:534 +0x748

goroutine 38970 [select, 1 minutes]:
github.com/nats-io/nats.go/jetstream.(*pullConsumer).Messages.func2()
	/Users/jace/go/pkg/mod/github.com/nats-io/nats.go@v1.41.1/jetstream/pull.go:538 +0x68
created by github.com/nats-io/nats.go/jetstream.(*pullConsumer).Messages in goroutine 38959
	/Users/jace/go/pkg/mod/github.com/nats-io/nats.go@v1.41.1/jetstream/pull.go:536 +0x78a

goroutine 38971 [select, 1 minutes]:
github.com/nats-io/nats.go/jetstream.(*pullSubscription).Next(0xc001b30ab0)
	/Users/jace/go/pkg/mod/github.com/nats-io/nats.go@v1.41.1/jetstream/pull.go:589 +0x285
github.com/Black-And-White-Club/frolf-bot-shared/eventbus.(*eventBus).Subscribe.func1()
	/Users/jace/Documents/GitHub/frolf-bot-shared/eventbus/eventbus.go:326 +0x169
created by github.com/Black-And-White-Club/frolf-bot-shared/eventbus.(*eventBus).Subscribe in goroutine 38959
	/Users/jace/Documents/GitHub/frolf-bot-shared/eventbus/eventbus.go:315 +0xbf1

goroutine 38972 [chan receive, 1 minutes]:
github.com/ThreeDotsLabs/watermill/message.(*messageTransformSubscriberDecorator).Subscribe.func1()
	/Users/jace/go/pkg/mod/github.com/!three!dots!labs/watermill@v1.4.6/message/decorator.go:52 +0x85
created by github.com/ThreeDotsLabs/watermill/message.(*messageTransformSubscriberDecorator).Subscribe in goroutine 38959
	/Users/jace/go/pkg/mod/github.com/!three!dots!labs/watermill@v1.4.6/message/decorator.go:51 +0xc7

goroutine 38973 [chan receive, 1 minutes]:
github.com/ThreeDotsLabs/watermill/message.(*handler).run(0xc001411d40, {0x10a337fa0, 0xc000ffac30}, {0xc001d04a80, 0x6, 0xc0011a3a40?})
	/Users/jace/go/pkg/mod/github.com/!three!dots!labs/watermill@v1.4.6/message/router.go:645 +0x2b4
github.com/ThreeDotsLabs/watermill/message.(*Router).RunHandlers.func1()
	/Users/jace/go/pkg/mod/github.com/!three!dots!labs/watermill@v1.4.6/message/router.go:460 +0x145
created by github.com/ThreeDotsLabs/watermill/message.(*Router).RunHandlers in goroutine 38959
	/Users/jace/go/pkg/mod/github.com/!three!dots!labs/watermill@v1.4.6/message/router.go:453 +0x606

goroutine 52880 [select]:
github.com/nats-io/nats.go/jetstream.(*pullSubscription).Next(0xc002261290)
	/Users/jace/go/pkg/mod/github.com/nats-io/nats.go@v1.41.1/jetstream/pull.go:589 +0x285
github.com/Black-And-White-Club/frolf-bot-shared/eventbus.(*eventBus).Subscribe.func1()
	/Users/jace/Documents/GitHub/frolf-bot-shared/eventbus/eventbus.go:326 +0x169
created by github.com/Black-And-White-Club/frolf-bot-shared/eventbus.(*eventBus).Subscribe in goroutine 52535
	/Users/jace/Documents/GitHub/frolf-bot-shared/eventbus/eventbus.go:315 +0xbf1

goroutine 44004 [chan receive, 1 minutes]:
github.com/ThreeDotsLabs/watermill/message.(*handler).run(0xc001983520, {0x10a337fa0, 0xc0015afd10}, {0xc00050e780, 0x6, 0xc001d0cf78?})
	/Users/jace/go/pkg/mod/github.com/!three!dots!labs/watermill@v1.4.6/message/router.go:645 +0x2b4
github.com/ThreeDotsLabs/watermill/message.(*Router).RunHandlers.func1()
	/Users/jace/go/pkg/mod/github.com/!three!dots!labs/watermill@v1.4.6/message/router.go:460 +0x145
created by github.com/ThreeDotsLabs/watermill/message.(*Router).RunHandlers in goroutine 43736
	/Users/jace/go/pkg/mod/github.com/!three!dots!labs/watermill@v1.4.6/message/router.go:453 +0x606

goroutine 39009 [select, 1 minutes]:
github.com/nats-io/nats.go/jetstream.(*pullConsumer).Messages.func2()
	/Users/jace/go/pkg/mod/github.com/nats-io/nats.go@v1.41.1/jetstream/pull.go:538 +0x68
created by github.com/nats-io/nats.go/jetstream.(*pullConsumer).Messages in goroutine 38959
	/Users/jace/go/pkg/mod/github.com/nats-io/nats.go@v1.41.1/jetstream/pull.go:536 +0x78a

goroutine 45196 [chan receive, 1 minutes]:
github.com/ThreeDotsLabs/watermill/message.(*messageTransformSubscriberDecorator).Subscribe.func1()
	/Users/jace/go/pkg/mod/github.com/!three!dots!labs/watermill@v1.4.6/message/decorator.go:52 +0x85
created by github.com/ThreeDotsLabs/watermill/message.(*messageTransformSubscriberDecorator).Subscribe in goroutine 44822
	/Users/jace/go/pkg/mod/github.com/!three!dots!labs/watermill@v1.4.6/message/decorator.go:51 +0xc7

goroutine 43937 [select, 1 minutes]:
github.com/nats-io/nats.go/jetstream.(*pullConsumer).Messages.func2()
	/Users/jace/go/pkg/mod/github.com/nats-io/nats.go@v1.41.1/jetstream/pull.go:538 +0x68
created by github.com/nats-io/nats.go/jetstream.(*pullConsumer).Messages in goroutine 43736
	/Users/jace/go/pkg/mod/github.com/nats-io/nats.go@v1.41.1/jetstream/pull.go:536 +0x78a

goroutine 39091 [chan receive, 1 minutes]:
github.com/ThreeDotsLabs/watermill/message.(*messageTransformSubscriberDecorator).Subscribe.func1()
	/Users/jace/go/pkg/mod/github.com/!three!dots!labs/watermill@v1.4.6/message/decorator.go:52 +0x85
created by github.com/ThreeDotsLabs/watermill/message.(*messageTransformSubscriberDecorator).Subscribe in goroutine 38959
	/Users/jace/go/pkg/mod/github.com/!three!dots!labs/watermill@v1.4.6/message/decorator.go:51 +0xc7

goroutine 40005 [sync.Cond.Wait, 1 minutes]:
sync.runtime_notifyListWait(0xc00033aa90, 0x3f)
	/usr/local/Cellar/go/1.24.2/libexec/src/runtime/sema.go:597 +0x159
sync.(*Cond).Wait(0x10000010a337fa0?)
	/usr/local/Cellar/go/1.24.2/libexec/src/sync/cond.go:71 +0x85
github.com/nats-io/nats%2ego.(*Conn).waitForMsgs(0xc001e06008, 0xc00200a000)
	/Users/jace/go/pkg/mod/github.com/nats-io/nats.go@v1.41.1/nats.go:3178 +0xc5
created by github.com/nats-io/nats%2ego.(*Conn).subscribeLocked in goroutine 39398
	/Users/jace/go/pkg/mod/github.com/nats-io/nats.go@v1.41.1/nats.go:4468 +0x419

goroutine 39121 [select, 1 minutes]:
github.com/nats-io/nats.go/jetstream.(*pullConsumer).Messages.func2()
	/Users/jace/go/pkg/mod/github.com/nats-io/nats.go@v1.41.1/jetstream/pull.go:538 +0x68
created by github.com/nats-io/nats.go/jetstream.(*pullConsumer).Messages in goroutine 38959
	/Users/jace/go/pkg/mod/github.com/nats-io/nats.go@v1.41.1/jetstream/pull.go:536 +0x78a

goroutine 47136 [select]:
github.com/nats-io/nats%2ego.(*Conn).doReconnect(0xc00269e708, {0x10a327f28, 0x10acedb30}, 0x0)
	/Users/jace/go/pkg/mod/github.com/nats-io/nats.go@v1.41.1/nats.go:2907 +0x41a
created by github.com/nats-io/nats%2ego.(*Conn).processOpErr in goroutine 46011
	/Users/jace/go/pkg/mod/github.com/nats-io/nats.go@v1.41.1/nats.go:3043 +0x2f3

goroutine 39315 [chan receive, 1 minutes]:
github.com/ThreeDotsLabs/watermill/message.(*messageTransformSubscriberDecorator).Subscribe.func1()
	/Users/jace/go/pkg/mod/github.com/!three!dots!labs/watermill@v1.4.6/message/decorator.go:52 +0x85
created by github.com/ThreeDotsLabs/watermill/message.(*messageTransformSubscriberDecorator).Subscribe in goroutine 38959
	/Users/jace/go/pkg/mod/github.com/!three!dots!labs/watermill@v1.4.6/message/decorator.go:51 +0xc7

goroutine 45365 [select, 1 minutes]:
github.com/nats-io/nats.go/jetstream.(*pullConsumer).Messages.func2()
	/Users/jace/go/pkg/mod/github.com/nats-io/nats.go@v1.41.1/jetstream/pull.go:538 +0x68
created by github.com/nats-io/nats.go/jetstream.(*pullConsumer).Messages in goroutine 44822
	/Users/jace/go/pkg/mod/github.com/nats-io/nats.go@v1.41.1/jetstream/pull.go:536 +0x78a

goroutine 39123 [select, 1 minutes]:
github.com/nats-io/nats.go/jetstream.(*pullSubscription).pullMessages(0xc001837830, {0xc0018a7720, 0x4e})
	/Users/jace/go/pkg/mod/github.com/nats-io/nats.go@v1.41.1/jetstream/pull.go:955 +0x91
created by github.com/nats-io/nats.go/jetstream.(*pullConsumer).Messages in goroutine 38959
	/Users/jace/go/pkg/mod/github.com/nats-io/nats.go@v1.41.1/jetstream/pull.go:534 +0x748

goroutine 39073 [chan receive, 1 minutes]:
github.com/ThreeDotsLabs/watermill/message.(*handler).run(0xc001a3a1a0, {0x10a337fa0, 0xc000ffb360}, {0xc001a53140, 0x6, 0x100000001?})
	/Users/jace/go/pkg/mod/github.com/!three!dots!labs/watermill@v1.4.6/message/router.go:645 +0x2b4
github.com/ThreeDotsLabs/watermill/message.(*Router).RunHandlers.func1()
	/Users/jace/go/pkg/mod/github.com/!three!dots!labs/watermill@v1.4.6/message/router.go:460 +0x145
created by github.com/ThreeDotsLabs/watermill/message.(*Router).RunHandlers in goroutine 38959
	/Users/jace/go/pkg/mod/github.com/!three!dots!labs/watermill@v1.4.6/message/router.go:453 +0x606

goroutine 41451 [select, 1 minutes]:
github.com/nats-io/nats.go/jetstream.(*pullSubscription).pullMessages(0xc002518f30, {0xc00179af00, 0x4b})
	/Users/jace/go/pkg/mod/github.com/nats-io/nats.go@v1.41.1/jetstream/pull.go:955 +0x91
created by github.com/nats-io/nats.go/jetstream.(*pullConsumer).Messages in goroutine 41277
	/Users/jace/go/pkg/mod/github.com/nats-io/nats.go@v1.41.1/jetstream/pull.go:534 +0x748

goroutine 39219 [select, 1 minutes]:
github.com/nats-io/nats.go/jetstream.(*pullConsumer).Messages.func2()
	/Users/jace/go/pkg/mod/github.com/nats-io/nats.go@v1.41.1/jetstream/pull.go:538 +0x68
created by github.com/nats-io/nats.go/jetstream.(*pullConsumer).Messages in goroutine 38959
	/Users/jace/go/pkg/mod/github.com/nats-io/nats.go@v1.41.1/jetstream/pull.go:536 +0x78a

goroutine 39187 [select, 1 minutes]:
github.com/nats-io/nats.go/jetstream.(*pullConsumer).Messages.func2()
	/Users/jace/go/pkg/mod/github.com/nats-io/nats.go@v1.41.1/jetstream/pull.go:538 +0x68
created by github.com/nats-io/nats.go/jetstream.(*pullConsumer).Messages in goroutine 38959
	/Users/jace/go/pkg/mod/github.com/nats-io/nats.go@v1.41.1/jetstream/pull.go:536 +0x78a

goroutine 39186 [select, 1 minutes]:
github.com/nats-io/nats.go/jetstream.(*pullSubscription).pullMessages(0xc001b354d0, {0xc0008b2f50, 0x45})
	/Users/jace/go/pkg/mod/github.com/nats-io/nats.go@v1.41.1/jetstream/pull.go:955 +0x91
created by github.com/nats-io/nats.go/jetstream.(*pullConsumer).Messages in goroutine 38959
	/Users/jace/go/pkg/mod/github.com/nats-io/nats.go@v1.41.1/jetstream/pull.go:534 +0x748

goroutine 41234 [sync.Cond.Wait, 1 minutes]:
sync.runtime_notifyListWait(0xc0021b2590, 0x0)
	/usr/local/Cellar/go/1.24.2/libexec/src/runtime/sema.go:597 +0x159
sync.(*Cond).Wait(0xc0019f2168?)
	/usr/local/Cellar/go/1.24.2/libexec/src/sync/cond.go:71 +0x85
github.com/nats-io/nats%2ego.(*asyncCallbacksHandler).asyncCBDispatcher(0xc0021a2700)
	/Users/jace/go/pkg/mod/github.com/nats-io/nats.go@v1.41.1/nats.go:3059 +0xdd
created by github.com/nats-io/nats%2ego.Options.Connect in goroutine 40610
	/Users/jace/go/pkg/mod/github.com/nats-io/nats.go@v1.41.1/nats.go:1635 +0x387

goroutine 50665 [select, 1 minutes]:
github.com/nats-io/nats.go/jetstream.(*pullSubscription).pullMessages(0xc00172cb40, {0xc002784f00, 0x3f})
	/Users/jace/go/pkg/mod/github.com/nats-io/nats.go@v1.41.1/jetstream/pull.go:955 +0x91
created by github.com/nats-io/nats.go/jetstream.(*pullConsumer).Messages in goroutine 50717
	/Users/jace/go/pkg/mod/github.com/nats-io/nats.go@v1.41.1/jetstream/pull.go:534 +0x748

goroutine 39156 [chan receive, 1 minutes]:
github.com/ThreeDotsLabs/watermill/message.(*handler).run(0xc001a3a9c0, {0x10a337fa0, 0xc0000ebc70}, {0xc001cc15c0, 0x6, 0xc001a57f78?})
	/Users/jace/go/pkg/mod/github.com/!three!dots!labs/watermill@v1.4.6/message/router.go:645 +0x2b4
github.com/ThreeDotsLabs/watermill/message.(*Router).RunHandlers.func1()
	/Users/jace/go/pkg/mod/github.com/!three!dots!labs/watermill@v1.4.6/message/router.go:460 +0x145
created by github.com/ThreeDotsLabs/watermill/message.(*Router).RunHandlers in goroutine 38959
	/Users/jace/go/pkg/mod/github.com/!three!dots!labs/watermill@v1.4.6/message/router.go:453 +0x606

goroutine 41440 [chan receive, 1 minutes]:
github.com/ThreeDotsLabs/watermill/message.(*messageTransformSubscriberDecorator).Subscribe.func1()
	/Users/jace/go/pkg/mod/github.com/!three!dots!labs/watermill@v1.4.6/message/decorator.go:52 +0x85
created by github.com/ThreeDotsLabs/watermill/message.(*messageTransformSubscriberDecorator).Subscribe in goroutine 41277
	/Users/jace/go/pkg/mod/github.com/!three!dots!labs/watermill@v1.4.6/message/decorator.go:51 +0xc7

goroutine 39200 [select, 1 minutes]:
github.com/nats-io/nats.go/jetstream.(*pullSubscription).pullMessages(0xc001b35d40, {0xc001b5f5c0, 0x5a})
	/Users/jace/go/pkg/mod/github.com/nats-io/nats.go@v1.41.1/jetstream/pull.go:955 +0x91
created by github.com/nats-io/nats.go/jetstream.(*pullConsumer).Messages in goroutine 38959
	/Users/jace/go/pkg/mod/github.com/nats-io/nats.go@v1.41.1/jetstream/pull.go:534 +0x748

goroutine 40374 [chan receive, 1 minutes]:
github.com/ThreeDotsLabs/watermill/message.(*messageTransformSubscriberDecorator).Subscribe.func1()
	/Users/jace/go/pkg/mod/github.com/!three!dots!labs/watermill@v1.4.6/message/decorator.go:52 +0x85
created by github.com/ThreeDotsLabs/watermill/message.(*messageTransformSubscriberDecorator).Subscribe in goroutine 40053
	/Users/jace/go/pkg/mod/github.com/!three!dots!labs/watermill@v1.4.6/message/decorator.go:51 +0xc7

goroutine 40373 [select, 1 minutes]:
github.com/nats-io/nats.go/jetstream.(*pullSubscription).Next(0xc001920750)
	/Users/jace/go/pkg/mod/github.com/nats-io/nats.go@v1.41.1/jetstream/pull.go:589 +0x285
github.com/Black-And-White-Club/frolf-bot-shared/eventbus.(*eventBus).Subscribe.func1()
	/Users/jace/Documents/GitHub/frolf-bot-shared/eventbus/eventbus.go:326 +0x169
created by github.com/Black-And-White-Club/frolf-bot-shared/eventbus.(*eventBus).Subscribe in goroutine 40053
	/Users/jace/Documents/GitHub/frolf-bot-shared/eventbus/eventbus.go:315 +0xbf1

goroutine 40246 [select, 1 minutes]:
github.com/nats-io/nats.go/jetstream.(*pullSubscription).pullMessages(0xc0007c55f0, {0xc002034840, 0x3e})
	/Users/jace/go/pkg/mod/github.com/nats-io/nats.go@v1.41.1/jetstream/pull.go:955 +0x91
created by github.com/nats-io/nats.go/jetstream.(*pullConsumer).Messages in goroutine 40053
	/Users/jace/go/pkg/mod/github.com/nats-io/nats.go@v1.41.1/jetstream/pull.go:534 +0x748

goroutine 40177 [select, 1 minutes]:
github.com/nats-io/nats.go/jetstream.(*pullSubscription).pullMessages(0xc001278fc0, {0xc00017f0e0, 0x4d})
	/Users/jace/go/pkg/mod/github.com/nats-io/nats.go@v1.41.1/jetstream/pull.go:955 +0x91
created by github.com/nats-io/nats.go/jetstream.(*pullConsumer).Messages in goroutine 40053
	/Users/jace/go/pkg/mod/github.com/nats-io/nats.go@v1.41.1/jetstream/pull.go:534 +0x748

goroutine 43814 [chan receive, 1 minutes]:
github.com/ThreeDotsLabs/watermill/message.(*handler).run(0xc001983860, {0x10a337fa0, 0xc001f66aa0}, {0xc001ded5c0, 0x6, 0xc0016f4778?})
	/Users/jace/go/pkg/mod/github.com/!three!dots!labs/watermill@v1.4.6/message/router.go:645 +0x2b4
github.com/ThreeDotsLabs/watermill/message.(*Router).RunHandlers.func1()
	/Users/jace/go/pkg/mod/github.com/!three!dots!labs/watermill@v1.4.6/message/router.go:460 +0x145
created by github.com/ThreeDotsLabs/watermill/message.(*Router).RunHandlers in goroutine 43736
	/Users/jace/go/pkg/mod/github.com/!three!dots!labs/watermill@v1.4.6/message/router.go:453 +0x606

goroutine 39330 [select, 1 minutes]:
github.com/nats-io/nats.go/jetstream.(*pullSubscription).Next(0xc001e6bc20)
	/Users/jace/go/pkg/mod/github.com/nats-io/nats.go@v1.41.1/jetstream/pull.go:589 +0x285
github.com/Black-And-White-Club/frolf-bot-shared/eventbus.(*eventBus).Subscribe.func1()
	/Users/jace/Documents/GitHub/frolf-bot-shared/eventbus/eventbus.go:326 +0x169
created by github.com/Black-And-White-Club/frolf-bot-shared/eventbus.(*eventBus).Subscribe in goroutine 38959
	/Users/jace/Documents/GitHub/frolf-bot-shared/eventbus/eventbus.go:315 +0xbf1

goroutine 40127 [select, 1 minutes]:
github.com/nats-io/nats.go/jetstream.(*pullSubscription).Next(0xc00113e120)
	/Users/jace/go/pkg/mod/github.com/nats-io/nats.go@v1.41.1/jetstream/pull.go:589 +0x285
github.com/Black-And-White-Club/frolf-bot-shared/eventbus.(*eventBus).Subscribe.func1()
	/Users/jace/Documents/GitHub/frolf-bot-shared/eventbus/eventbus.go:326 +0x169
created by github.com/Black-And-White-Club/frolf-bot-shared/eventbus.(*eventBus).Subscribe in goroutine 40053
	/Users/jace/Documents/GitHub/frolf-bot-shared/eventbus/eventbus.go:315 +0xbf1

goroutine 40360 [select, 1 minutes]:
github.com/nats-io/nats.go/jetstream.(*pullConsumer).Messages.func2()
	/Users/jace/go/pkg/mod/github.com/nats-io/nats.go@v1.41.1/jetstream/pull.go:538 +0x68
created by github.com/nats-io/nats.go/jetstream.(*pullConsumer).Messages in goroutine 40053
	/Users/jace/go/pkg/mod/github.com/nats-io/nats.go@v1.41.1/jetstream/pull.go:536 +0x78a

goroutine 39269 [chan receive, 1 minutes]:
github.com/ThreeDotsLabs/watermill/message.(*handler).run(0xc001a3a820, {0x10a337fa0, 0xc000227a40}, {0xc0009ea600, 0x6, 0x0?})
	/Users/jace/go/pkg/mod/github.com/!three!dots!labs/watermill@v1.4.6/message/router.go:645 +0x2b4
github.com/ThreeDotsLabs/watermill/message.(*Router).RunHandlers.func1()
	/Users/jace/go/pkg/mod/github.com/!three!dots!labs/watermill@v1.4.6/message/router.go:460 +0x145
created by github.com/ThreeDotsLabs/watermill/message.(*Router).RunHandlers in goroutine 38959
	/Users/jace/go/pkg/mod/github.com/!three!dots!labs/watermill@v1.4.6/message/router.go:453 +0x606

goroutine 39153 [select, 1 minutes]:
github.com/nats-io/nats.go/jetstream.(*pullConsumer).Messages.func2()
	/Users/jace/go/pkg/mod/github.com/nats-io/nats.go@v1.41.1/jetstream/pull.go:538 +0x68
created by github.com/nats-io/nats.go/jetstream.(*pullConsumer).Messages in goroutine 38959
	/Users/jace/go/pkg/mod/github.com/nats-io/nats.go@v1.41.1/jetstream/pull.go:536 +0x78a

goroutine 39170 [select, 1 minutes]:
github.com/nats-io/nats.go/jetstream.(*pullSubscription).Next(0xc00210a120)
	/Users/jace/go/pkg/mod/github.com/nats-io/nats.go@v1.41.1/jetstream/pull.go:589 +0x285
github.com/Black-And-White-Club/frolf-bot-shared/eventbus.(*eventBus).Subscribe.func1()
	/Users/jace/Documents/GitHub/frolf-bot-shared/eventbus/eventbus.go:326 +0x169
created by github.com/Black-And-White-Club/frolf-bot-shared/eventbus.(*eventBus).Subscribe in goroutine 38959
	/Users/jace/Documents/GitHub/frolf-bot-shared/eventbus/eventbus.go:315 +0xbf1

goroutine 39171 [chan receive, 1 minutes]:
github.com/ThreeDotsLabs/watermill/message.(*messageTransformSubscriberDecorator).Subscribe.func1()
	/Users/jace/go/pkg/mod/github.com/!three!dots!labs/watermill@v1.4.6/message/decorator.go:52 +0x85
created by github.com/ThreeDotsLabs/watermill/message.(*messageTransformSubscriberDecorator).Subscribe in goroutine 38959
	/Users/jace/go/pkg/mod/github.com/!three!dots!labs/watermill@v1.4.6/message/decorator.go:51 +0xc7

goroutine 39172 [chan receive, 1 minutes]:
github.com/ThreeDotsLabs/watermill/message.(*handler).run(0xc001a3ab60, {0x10a337fa0, 0xc000ffbe00}, {0xc001a53200, 0x6, 0x0?})
	/Users/jace/go/pkg/mod/github.com/!three!dots!labs/watermill@v1.4.6/message/router.go:645 +0x2b4
github.com/ThreeDotsLabs/watermill/message.(*Router).RunHandlers.func1()
	/Users/jace/go/pkg/mod/github.com/!three!dots!labs/watermill@v1.4.6/message/router.go:460 +0x145
created by github.com/ThreeDotsLabs/watermill/message.(*Router).RunHandlers in goroutine 38959
	/Users/jace/go/pkg/mod/github.com/!three!dots!labs/watermill@v1.4.6/message/router.go:453 +0x606

goroutine 41453 [select, 1 minutes]:
github.com/nats-io/nats.go/jetstream.(*pullSubscription).Next(0xc002518f30)
	/Users/jace/go/pkg/mod/github.com/nats-io/nats.go@v1.41.1/jetstream/pull.go:589 +0x285
github.com/Black-And-White-Club/frolf-bot-shared/eventbus.(*eventBus).Subscribe.func1()
	/Users/jace/Documents/GitHub/frolf-bot-shared/eventbus/eventbus.go:326 +0x169
created by github.com/Black-And-White-Club/frolf-bot-shared/eventbus.(*eventBus).Subscribe in goroutine 41277
	/Users/jace/Documents/GitHub/frolf-bot-shared/eventbus/eventbus.go:315 +0xbf1

goroutine 39159 [select, 1 minutes]:
github.com/nats-io/nats.go/jetstream.(*pullSubscription).pullMessages(0xc001e6a1b0, {0xc000807e50, 0x45})
	/Users/jace/go/pkg/mod/github.com/nats-io/nats.go@v1.41.1/jetstream/pull.go:955 +0x91
created by github.com/nats-io/nats.go/jetstream.(*pullConsumer).Messages in goroutine 38959
	/Users/jace/go/pkg/mod/github.com/nats-io/nats.go@v1.41.1/jetstream/pull.go:534 +0x748

goroutine 39160 [select, 1 minutes]:
github.com/nats-io/nats.go/jetstream.(*pullConsumer).Messages.func2()
	/Users/jace/go/pkg/mod/github.com/nats-io/nats.go@v1.41.1/jetstream/pull.go:538 +0x68
created by github.com/nats-io/nats.go/jetstream.(*pullConsumer).Messages in goroutine 38959
	/Users/jace/go/pkg/mod/github.com/nats-io/nats.go@v1.41.1/jetstream/pull.go:536 +0x78a

goroutine 39161 [select, 1 minutes]:
github.com/nats-io/nats.go/jetstream.(*pullSubscription).Next(0xc001e6a1b0)
	/Users/jace/go/pkg/mod/github.com/nats-io/nats.go@v1.41.1/jetstream/pull.go:589 +0x285
github.com/Black-And-White-Club/frolf-bot-shared/eventbus.(*eventBus).Subscribe.func1()
	/Users/jace/Documents/GitHub/frolf-bot-shared/eventbus/eventbus.go:326 +0x169
created by github.com/Black-And-White-Club/frolf-bot-shared/eventbus.(*eventBus).Subscribe in goroutine 38959
	/Users/jace/Documents/GitHub/frolf-bot-shared/eventbus/eventbus.go:315 +0xbf1

goroutine 39162 [chan receive, 1 minutes]:
github.com/ThreeDotsLabs/watermill/message.(*messageTransformSubscriberDecorator).Subscribe.func1()
	/Users/jace/go/pkg/mod/github.com/!three!dots!labs/watermill@v1.4.6/message/decorator.go:52 +0x85
created by github.com/ThreeDotsLabs/watermill/message.(*messageTransformSubscriberDecorator).Subscribe in goroutine 38959
	/Users/jace/go/pkg/mod/github.com/!three!dots!labs/watermill@v1.4.6/message/decorator.go:51 +0xc7

goroutine 39163 [chan receive, 1 minutes]:
github.com/ThreeDotsLabs/watermill/message.(*handler).run(0xc0014115f0, {0x10a337fa0, 0xc00098af00}, {0xc001a532c0, 0x6, 0xc001a37f78?})
	/Users/jace/go/pkg/mod/github.com/!three!dots!labs/watermill@v1.4.6/message/router.go:645 +0x2b4
github.com/ThreeDotsLabs/watermill/message.(*Router).RunHandlers.func1()
	/Users/jace/go/pkg/mod/github.com/!three!dots!labs/watermill@v1.4.6/message/router.go:460 +0x145
created by github.com/ThreeDotsLabs/watermill/message.(*Router).RunHandlers in goroutine 38959
	/Users/jace/go/pkg/mod/github.com/!three!dots!labs/watermill@v1.4.6/message/router.go:453 +0x606

goroutine 39968 [select, 1 minutes]:
github.com/nats-io/nats.go/jetstream.(*pullSubscription).pullMessages(0xc0004b8bd0, {0xc0008b3b30, 0x47})
	/Users/jace/go/pkg/mod/github.com/nats-io/nats.go@v1.41.1/jetstream/pull.go:955 +0x91
created by github.com/nats-io/nats.go/jetstream.(*pullConsumer).Messages in goroutine 40053
	/Users/jace/go/pkg/mod/github.com/nats-io/nats.go@v1.41.1/jetstream/pull.go:534 +0x748

goroutine 39188 [select, 1 minutes]:
github.com/nats-io/nats.go/jetstream.(*pullSubscription).Next(0xc001b354d0)
	/Users/jace/go/pkg/mod/github.com/nats-io/nats.go@v1.41.1/jetstream/pull.go:589 +0x285
github.com/Black-And-White-Club/frolf-bot-shared/eventbus.(*eventBus).Subscribe.func1()
	/Users/jace/Documents/GitHub/frolf-bot-shared/eventbus/eventbus.go:326 +0x169
created by github.com/Black-And-White-Club/frolf-bot-shared/eventbus.(*eventBus).Subscribe in goroutine 38959
	/Users/jace/Documents/GitHub/frolf-bot-shared/eventbus/eventbus.go:315 +0xbf1

goroutine 39189 [chan receive, 1 minutes]:
github.com/ThreeDotsLabs/watermill/message.(*messageTransformSubscriberDecorator).Subscribe.func1()
	/Users/jace/go/pkg/mod/github.com/!three!dots!labs/watermill@v1.4.6/message/decorator.go:52 +0x85
created by github.com/ThreeDotsLabs/watermill/message.(*messageTransformSubscriberDecorator).Subscribe in goroutine 38959
	/Users/jace/go/pkg/mod/github.com/!three!dots!labs/watermill@v1.4.6/message/decorator.go:51 +0xc7

goroutine 39190 [chan receive, 1 minutes]:
github.com/ThreeDotsLabs/watermill/message.(*handler).run(0xc001411c70, {0x10a337fa0, 0xc001e68280}, {0xc001b71740, 0x6, 0x0?})
	/Users/jace/go/pkg/mod/github.com/!three!dots!labs/watermill@v1.4.6/message/router.go:645 +0x2b4
github.com/ThreeDotsLabs/watermill/message.(*Router).RunHandlers.func1()
	/Users/jace/go/pkg/mod/github.com/!three!dots!labs/watermill@v1.4.6/message/router.go:460 +0x145
created by github.com/ThreeDotsLabs/watermill/message.(*Router).RunHandlers in goroutine 38959
	/Users/jace/go/pkg/mod/github.com/!three!dots!labs/watermill@v1.4.6/message/router.go:453 +0x606

goroutine 45388 [select, 1 minutes]:
github.com/nats-io/nats.go/jetstream.(*pullConsumer).Messages.func2()
	/Users/jace/go/pkg/mod/github.com/nats-io/nats.go@v1.41.1/jetstream/pull.go:538 +0x68
created by github.com/nats-io/nats.go/jetstream.(*pullConsumer).Messages in goroutine 46222
	/Users/jace/go/pkg/mod/github.com/nats-io/nats.go@v1.41.1/jetstream/pull.go:536 +0x78a

goroutine 44779 [sync.Cond.Wait, 1 minutes]:
sync.runtime_notifyListWait(0xc000ba6790, 0x45)
	/usr/local/Cellar/go/1.24.2/libexec/src/runtime/sema.go:597 +0x159
sync.(*Cond).Wait(0x0?)
	/usr/local/Cellar/go/1.24.2/libexec/src/sync/cond.go:71 +0x85
github.com/nats-io/nats%2ego.(*Conn).waitForMsgs(0xc001bf1c08, 0xc0023262d0)
	/Users/jace/go/pkg/mod/github.com/nats-io/nats.go@v1.41.1/nats.go:3178 +0xc5
created by github.com/nats-io/nats%2ego.(*Conn).subscribeLocked in goroutine 44116
	/Users/jace/go/pkg/mod/github.com/nats-io/nats.go@v1.41.1/nats.go:4468 +0x419

goroutine 39222 [chan receive, 1 minutes]:
github.com/ThreeDotsLabs/watermill/message.(*handler).run(0xc001411e10, {0x10a337fa0, 0xc0002272c0}, {0xc001b71800, 0x6, 0x0?})
	/Users/jace/go/pkg/mod/github.com/!three!dots!labs/watermill@v1.4.6/message/router.go:645 +0x2b4
github.com/ThreeDotsLabs/watermill/message.(*Router).RunHandlers.func1()
	/Users/jace/go/pkg/mod/github.com/!three!dots!labs/watermill@v1.4.6/message/router.go:460 +0x145
created by github.com/ThreeDotsLabs/watermill/message.(*Router).RunHandlers in goroutine 38959
	/Users/jace/go/pkg/mod/github.com/!three!dots!labs/watermill@v1.4.6/message/router.go:453 +0x606

goroutine 46539 [select, 1 minutes]:
github.com/nats-io/nats.go/jetstream.(*pullSubscription).pullMessages(0xc000c335f0, {0xc001eb8140, 0x48})
	/Users/jace/go/pkg/mod/github.com/nats-io/nats.go@v1.41.1/jetstream/pull.go:955 +0x91
created by github.com/nats-io/nats.go/jetstream.(*pullConsumer).Messages in goroutine 46222
	/Users/jace/go/pkg/mod/github.com/nats-io/nats.go@v1.41.1/jetstream/pull.go:534 +0x748

goroutine 39267 [select, 1 minutes]:
github.com/nats-io/nats.go/jetstream.(*pullSubscription).Next(0xc001e6aab0)
	/Users/jace/go/pkg/mod/github.com/nats-io/nats.go@v1.41.1/jetstream/pull.go:589 +0x285
github.com/Black-And-White-Club/frolf-bot-shared/eventbus.(*eventBus).Subscribe.func1()
	/Users/jace/Documents/GitHub/frolf-bot-shared/eventbus/eventbus.go:326 +0x169
created by github.com/Black-And-White-Club/frolf-bot-shared/eventbus.(*eventBus).Subscribe in goroutine 38959
	/Users/jace/Documents/GitHub/frolf-bot-shared/eventbus/eventbus.go:315 +0xbf1

goroutine 49625 [select, 1 minutes]:
github.com/nats-io/nats.go/jetstream.(*pullConsumer).Messages.func2()
	/Users/jace/go/pkg/mod/github.com/nats-io/nats.go@v1.41.1/jetstream/pull.go:538 +0x68
created by github.com/nats-io/nats.go/jetstream.(*pullConsumer).Messages in goroutine 49230
	/Users/jace/go/pkg/mod/github.com/nats-io/nats.go@v1.41.1/jetstream/pull.go:536 +0x78a

goroutine 39266 [select, 1 minutes]:
github.com/nats-io/nats.go/jetstream.(*pullConsumer).Messages.func2()
	/Users/jace/go/pkg/mod/github.com/nats-io/nats.go@v1.41.1/jetstream/pull.go:538 +0x68
created by github.com/nats-io/nats.go/jetstream.(*pullConsumer).Messages in goroutine 38959
	/Users/jace/go/pkg/mod/github.com/nats-io/nats.go@v1.41.1/jetstream/pull.go:536 +0x78a

goroutine 46231 [select, 1 minutes]:
github.com/nats-io/nats.go/jetstream.(*pullSubscription).Next(0xc00213c480)
	/Users/jace/go/pkg/mod/github.com/nats-io/nats.go@v1.41.1/jetstream/pull.go:589 +0x285
github.com/Black-And-White-Club/frolf-bot-shared/eventbus.(*eventBus).Subscribe.func1()
	/Users/jace/Documents/GitHub/frolf-bot-shared/eventbus/eventbus.go:326 +0x169
created by github.com/Black-And-White-Club/frolf-bot-shared/eventbus.(*eventBus).Subscribe in goroutine 46222
	/Users/jace/Documents/GitHub/frolf-bot-shared/eventbus/eventbus.go:315 +0xbf1

goroutine 43963 [chan receive, 1 minutes]:
github.com/ThreeDotsLabs/watermill/message.(*messageTransformSubscriberDecorator).Subscribe.func1()
	/Users/jace/go/pkg/mod/github.com/!three!dots!labs/watermill@v1.4.6/message/decorator.go:52 +0x85
created by github.com/ThreeDotsLabs/watermill/message.(*messageTransformSubscriberDecorator).Subscribe in goroutine 43736
	/Users/jace/go/pkg/mod/github.com/!three!dots!labs/watermill@v1.4.6/message/decorator.go:51 +0xc7

goroutine 40001 [chan receive, 1 minutes]:
github.com/ThreeDotsLabs/watermill/message.(*messageTransformSubscriberDecorator).Subscribe.func1()
	/Users/jace/go/pkg/mod/github.com/!three!dots!labs/watermill@v1.4.6/message/decorator.go:52 +0x85
created by github.com/ThreeDotsLabs/watermill/message.(*messageTransformSubscriberDecorator).Subscribe in goroutine 40053
	/Users/jace/go/pkg/mod/github.com/!three!dots!labs/watermill@v1.4.6/message/decorator.go:51 +0xc7

goroutine 40000 [select, 1 minutes]:
github.com/nats-io/nats.go/jetstream.(*pullSubscription).Next(0xc0016095f0)
	/Users/jace/go/pkg/mod/github.com/nats-io/nats.go@v1.41.1/jetstream/pull.go:589 +0x285
github.com/Black-And-White-Club/frolf-bot-shared/eventbus.(*eventBus).Subscribe.func1()
	/Users/jace/Documents/GitHub/frolf-bot-shared/eventbus/eventbus.go:326 +0x169
created by github.com/Black-And-White-Club/frolf-bot-shared/eventbus.(*eventBus).Subscribe in goroutine 40053
	/Users/jace/Documents/GitHub/frolf-bot-shared/eventbus/eventbus.go:315 +0xbf1

goroutine 39331 [chan receive, 1 minutes]:
github.com/ThreeDotsLabs/watermill/message.(*messageTransformSubscriberDecorator).Subscribe.func1()
	/Users/jace/go/pkg/mod/github.com/!three!dots!labs/watermill@v1.4.6/message/decorator.go:52 +0x85
created by github.com/ThreeDotsLabs/watermill/message.(*messageTransformSubscriberDecorator).Subscribe in goroutine 38959
	/Users/jace/go/pkg/mod/github.com/!three!dots!labs/watermill@v1.4.6/message/decorator.go:51 +0xc7

goroutine 40338 [select, 1 minutes]:
github.com/nats-io/nats.go/jetstream.(*pullSubscription).Next(0xc000d5aab0)
	/Users/jace/go/pkg/mod/github.com/nats-io/nats.go@v1.41.1/jetstream/pull.go:589 +0x285
github.com/Black-And-White-Club/frolf-bot-shared/eventbus.(*eventBus).Subscribe.func1()
	/Users/jace/Documents/GitHub/frolf-bot-shared/eventbus/eventbus.go:326 +0x169
created by github.com/Black-And-White-Club/frolf-bot-shared/eventbus.(*eventBus).Subscribe in goroutine 40053
	/Users/jace/Documents/GitHub/frolf-bot-shared/eventbus/eventbus.go:315 +0xbf1

goroutine 39169 [select, 1 minutes]:
github.com/nats-io/nats.go/jetstream.(*pullSubscription).pullMessages(0xc001e6aab0, {0xc000807f40, 0x42})
	/Users/jace/go/pkg/mod/github.com/nats-io/nats.go@v1.41.1/jetstream/pull.go:955 +0x91
created by github.com/nats-io/nats.go/jetstream.(*pullConsumer).Messages in goroutine 38959
	/Users/jace/go/pkg/mod/github.com/nats-io/nats.go@v1.41.1/jetstream/pull.go:534 +0x748

goroutine 39298 [select, 1 minutes]:
github.com/nats-io/nats.go/jetstream.(*pullSubscription).pullMessages(0xc001e6b440, {0xc000254690, 0x45})
	/Users/jace/go/pkg/mod/github.com/nats-io/nats.go@v1.41.1/jetstream/pull.go:955 +0x91
created by github.com/nats-io/nats.go/jetstream.(*pullConsumer).Messages in goroutine 38959
	/Users/jace/go/pkg/mod/github.com/nats-io/nats.go@v1.41.1/jetstream/pull.go:534 +0x748

goroutine 39312 [select, 1 minutes]:
github.com/nats-io/nats.go/jetstream.(*pullSubscription).pullMessages(0xc001e6bc20, {0xc000254910, 0x48})
	/Users/jace/go/pkg/mod/github.com/nats-io/nats.go@v1.41.1/jetstream/pull.go:955 +0x91
created by github.com/nats-io/nats.go/jetstream.(*pullConsumer).Messages in goroutine 38959
	/Users/jace/go/pkg/mod/github.com/nats-io/nats.go@v1.41.1/jetstream/pull.go:534 +0x748

goroutine 40196 [chan receive, 1 minutes]:
github.com/ThreeDotsLabs/watermill/message.(*messageTransformSubscriberDecorator).Subscribe.func1()
	/Users/jace/go/pkg/mod/github.com/!three!dots!labs/watermill@v1.4.6/message/decorator.go:52 +0x85
created by github.com/ThreeDotsLabs/watermill/message.(*messageTransformSubscriberDecorator).Subscribe in goroutine 40053
	/Users/jace/go/pkg/mod/github.com/!three!dots!labs/watermill@v1.4.6/message/decorator.go:51 +0xc7

goroutine 39179 [select, 1 minutes]:
github.com/nats-io/nats.go/jetstream.(*pullSubscription).pullMessages(0xc00210a870, {0xc001eb8730, 0x4b})
	/Users/jace/go/pkg/mod/github.com/nats-io/nats.go@v1.41.1/jetstream/pull.go:955 +0x91
created by github.com/nats-io/nats.go/jetstream.(*pullConsumer).Messages in goroutine 38959
	/Users/jace/go/pkg/mod/github.com/nats-io/nats.go@v1.41.1/jetstream/pull.go:534 +0x748

goroutine 39180 [select, 1 minutes]:
github.com/nats-io/nats.go/jetstream.(*pullConsumer).Messages.func2()
	/Users/jace/go/pkg/mod/github.com/nats-io/nats.go@v1.41.1/jetstream/pull.go:538 +0x68
created by github.com/nats-io/nats.go/jetstream.(*pullConsumer).Messages in goroutine 38959
	/Users/jace/go/pkg/mod/github.com/nats-io/nats.go@v1.41.1/jetstream/pull.go:536 +0x78a

goroutine 39181 [select, 1 minutes]:
github.com/nats-io/nats.go/jetstream.(*pullSubscription).Next(0xc00210a870)
	/Users/jace/go/pkg/mod/github.com/nats-io/nats.go@v1.41.1/jetstream/pull.go:589 +0x285
github.com/Black-And-White-Club/frolf-bot-shared/eventbus.(*eventBus).Subscribe.func1()
	/Users/jace/Documents/GitHub/frolf-bot-shared/eventbus/eventbus.go:326 +0x169
created by github.com/Black-And-White-Club/frolf-bot-shared/eventbus.(*eventBus).Subscribe in goroutine 38959
	/Users/jace/Documents/GitHub/frolf-bot-shared/eventbus/eventbus.go:315 +0xbf1

goroutine 39182 [chan receive, 1 minutes]:
github.com/ThreeDotsLabs/watermill/message.(*messageTransformSubscriberDecorator).Subscribe.func1()
	/Users/jace/go/pkg/mod/github.com/!three!dots!labs/watermill@v1.4.6/message/decorator.go:52 +0x85
created by github.com/ThreeDotsLabs/watermill/message.(*messageTransformSubscriberDecorator).Subscribe in goroutine 38959
	/Users/jace/go/pkg/mod/github.com/!three!dots!labs/watermill@v1.4.6/message/decorator.go:51 +0xc7

goroutine 39183 [chan receive, 1 minutes]:
github.com/ThreeDotsLabs/watermill/message.(*handler).run(0xc001a3a0d0, {0x10a337fa0, 0xc001fac5f0}, {0xc001a53380, 0x6, 0x0?})
	/Users/jace/go/pkg/mod/github.com/!three!dots!labs/watermill@v1.4.6/message/router.go:645 +0x2b4
github.com/ThreeDotsLabs/watermill/message.(*Router).RunHandlers.func1()
	/Users/jace/go/pkg/mod/github.com/!three!dots!labs/watermill@v1.4.6/message/router.go:460 +0x145
created by github.com/ThreeDotsLabs/watermill/message.(*Router).RunHandlers in goroutine 38959
	/Users/jace/go/pkg/mod/github.com/!three!dots!labs/watermill@v1.4.6/message/router.go:453 +0x606

goroutine 40529 [select]:
github.com/nats-io/nats%2ego.(*Conn).doReconnect(0xc001e06008, {0x10a327f28, 0x10acedb30}, 0x0)
	/Users/jace/go/pkg/mod/github.com/nats-io/nats.go@v1.41.1/nats.go:2907 +0x41a
created by github.com/nats-io/nats%2ego.(*Conn).processOpErr in goroutine 39990
	/Users/jace/go/pkg/mod/github.com/nats-io/nats.go@v1.41.1/nats.go:3043 +0x2f3

goroutine 39251 [chan receive, 1 minutes]:
github.com/ThreeDotsLabs/watermill/message.(*messageTransformSubscriberDecorator).Subscribe.func1()
	/Users/jace/go/pkg/mod/github.com/!three!dots!labs/watermill@v1.4.6/message/decorator.go:52 +0x85
created by github.com/ThreeDotsLabs/watermill/message.(*messageTransformSubscriberDecorator).Subscribe in goroutine 38959
	/Users/jace/go/pkg/mod/github.com/!three!dots!labs/watermill@v1.4.6/message/decorator.go:51 +0xc7

goroutine 39252 [chan receive, 1 minutes]:
github.com/ThreeDotsLabs/watermill/message.(*handler).run(0xc001a3a4e0, {0x10a337fa0, 0xc00098b590}, {0xc001a53440, 0x6, 0x0?})
	/Users/jace/go/pkg/mod/github.com/!three!dots!labs/watermill@v1.4.6/message/router.go:645 +0x2b4
github.com/ThreeDotsLabs/watermill/message.(*Router).RunHandlers.func1()
	/Users/jace/go/pkg/mod/github.com/!three!dots!labs/watermill@v1.4.6/message/router.go:460 +0x145
created by github.com/ThreeDotsLabs/watermill/message.(*Router).RunHandlers in goroutine 38959
	/Users/jace/go/pkg/mod/github.com/!three!dots!labs/watermill@v1.4.6/message/router.go:453 +0x606

goroutine 40066 [chan receive, 1 minutes]:
github.com/ThreeDotsLabs/watermill/message.(*handler).run(0xc0013b65b0, {0x10a337fa0, 0xc000813450}, {0xc0019a4000, 0x6, 0xc001b06f78?})
	/Users/jace/go/pkg/mod/github.com/!three!dots!labs/watermill@v1.4.6/message/router.go:645 +0x2b4
github.com/ThreeDotsLabs/watermill/message.(*Router).RunHandlers.func1()
	/Users/jace/go/pkg/mod/github.com/!three!dots!labs/watermill@v1.4.6/message/router.go:460 +0x145
created by github.com/ThreeDotsLabs/watermill/message.(*Router).RunHandlers in goroutine 40053
	/Users/jace/go/pkg/mod/github.com/!three!dots!labs/watermill@v1.4.6/message/router.go:453 +0x606

goroutine 40129 [chan receive, 1 minutes]:
github.com/ThreeDotsLabs/watermill/message.(*handler).run(0xc0013b7110, {0x10a337fa0, 0xc001136f00}, {0xc00197c000, 0x6, 0x4?})
	/Users/jace/go/pkg/mod/github.com/!three!dots!labs/watermill@v1.4.6/message/router.go:645 +0x2b4
github.com/ThreeDotsLabs/watermill/message.(*Router).RunHandlers.func1()
	/Users/jace/go/pkg/mod/github.com/!three!dots!labs/watermill@v1.4.6/message/router.go:460 +0x145
created by github.com/ThreeDotsLabs/watermill/message.(*Router).RunHandlers in goroutine 40053
	/Users/jace/go/pkg/mod/github.com/!three!dots!labs/watermill@v1.4.6/message/router.go:453 +0x606

goroutine 39332 [chan receive, 1 minutes]:
github.com/ThreeDotsLabs/watermill/message.(*handler).run(0xc001a3a410, {0x10a337fa0, 0xc000a2d310}, {0xc001a535c0, 0x6, 0x0?})
	/Users/jace/go/pkg/mod/github.com/!three!dots!labs/watermill@v1.4.6/message/router.go:645 +0x2b4
github.com/ThreeDotsLabs/watermill/message.(*Router).RunHandlers.func1()
	/Users/jace/go/pkg/mod/github.com/!three!dots!labs/watermill@v1.4.6/message/router.go:460 +0x145
created by github.com/ThreeDotsLabs/watermill/message.(*Router).RunHandlers in goroutine 38959
	/Users/jace/go/pkg/mod/github.com/!three!dots!labs/watermill@v1.4.6/message/router.go:453 +0x606

goroutine 40425 [select, 1 minutes]:
github.com/nats-io/nats.go/jetstream.(*pullConsumer).Messages.func2()
	/Users/jace/go/pkg/mod/github.com/nats-io/nats.go@v1.41.1/jetstream/pull.go:538 +0x68
created by github.com/nats-io/nats.go/jetstream.(*pullConsumer).Messages in goroutine 40053
	/Users/jace/go/pkg/mod/github.com/nats-io/nats.go@v1.41.1/jetstream/pull.go:536 +0x78a

goroutine 40125 [select, 1 minutes]:
github.com/nats-io/nats.go/jetstream.(*pullSubscription).pullMessages(0xc00113e120, {0xc00179a8c0, 0x47})
	/Users/jace/go/pkg/mod/github.com/nats-io/nats.go@v1.41.1/jetstream/pull.go:955 +0x91
created by github.com/nats-io/nats.go/jetstream.(*pullConsumer).Messages in goroutine 40053
	/Users/jace/go/pkg/mod/github.com/nats-io/nats.go@v1.41.1/jetstream/pull.go:534 +0x748

goroutine 41711 [select, 1 minutes]:
github.com/nats-io/nats.go/jetstream.(*pullConsumer).Messages.func2()
	/Users/jace/go/pkg/mod/github.com/nats-io/nats.go@v1.41.1/jetstream/pull.go:538 +0x68
created by github.com/nats-io/nats.go/jetstream.(*pullConsumer).Messages in goroutine 41277
	/Users/jace/go/pkg/mod/github.com/nats-io/nats.go@v1.41.1/jetstream/pull.go:536 +0x78a

goroutine 45134 [select, 1 minutes]:
github.com/nats-io/nats.go/jetstream.(*pullSubscription).Next(0xc001c0de60)
	/Users/jace/go/pkg/mod/github.com/nats-io/nats.go@v1.41.1/jetstream/pull.go:589 +0x285
github.com/Black-And-White-Club/frolf-bot-shared/eventbus.(*eventBus).Subscribe.func1()
	/Users/jace/Documents/GitHub/frolf-bot-shared/eventbus/eventbus.go:326 +0x169
created by github.com/Black-And-White-Club/frolf-bot-shared/eventbus.(*eventBus).Subscribe in goroutine 44822
	/Users/jace/Documents/GitHub/frolf-bot-shared/eventbus/eventbus.go:315 +0xbf1

goroutine 48325 [sync.WaitGroup.Wait, 1 minutes]:
sync.runtime_SemacquireWaitGroup(0xc000254f50?)
	/usr/local/Cellar/go/1.24.2/libexec/src/runtime/sema.go:110 +0x25
sync.(*WaitGroup).Wait(0xc0025407f8?)
	/usr/local/Cellar/go/1.24.2/libexec/src/sync/waitgroup.go:118 +0x48
github.com/ThreeDotsLabs/watermill/message.(*Router).watchAllHandlersStopped.func1()
	/Users/jace/go/pkg/mod/github.com/!three!dots!labs/watermill@v1.4.6/message/router.go:498 +0x86
created by github.com/ThreeDotsLabs/watermill/message.(*Router).watchAllHandlersStopped in goroutine 49230
	/Users/jace/go/pkg/mod/github.com/!three!dots!labs/watermill@v1.4.6/message/router.go:484 +0xec

goroutine 40096 [select, 1 minutes]:
github.com/nats-io/nats.go/jetstream.(*pullSubscription).pullMessages(0xc00055a090, {0xc001782980, 0x3e})
	/Users/jace/go/pkg/mod/github.com/nats-io/nats.go@v1.41.1/jetstream/pull.go:955 +0x91
created by github.com/nats-io/nats.go/jetstream.(*pullConsumer).Messages in goroutine 40053
	/Users/jace/go/pkg/mod/github.com/nats-io/nats.go@v1.41.1/jetstream/pull.go:534 +0x748

goroutine 46363 [select, 1 minutes]:
github.com/nats-io/nats.go/jetstream.(*pullSubscription).pullMessages(0xc002260bd0, {0xc00017e910, 0x42})
	/Users/jace/go/pkg/mod/github.com/nats-io/nats.go@v1.41.1/jetstream/pull.go:955 +0x91
created by github.com/nats-io/nats.go/jetstream.(*pullConsumer).Messages in goroutine 46222
	/Users/jace/go/pkg/mod/github.com/nats-io/nats.go@v1.41.1/jetstream/pull.go:534 +0x748

goroutine 40155 [chan receive, 1 minutes]:
github.com/ThreeDotsLabs/watermill/message.(*handler).run(0xc0013b6410, {0x10a337fa0, 0xc001b62050}, {0xc001541ec0, 0x6, 0x0?})
	/Users/jace/go/pkg/mod/github.com/!three!dots!labs/watermill@v1.4.6/message/router.go:645 +0x2b4
github.com/ThreeDotsLabs/watermill/message.(*Router).RunHandlers.func1()
	/Users/jace/go/pkg/mod/github.com/!three!dots!labs/watermill@v1.4.6/message/router.go:460 +0x145
created by github.com/ThreeDotsLabs/watermill/message.(*Router).RunHandlers in goroutine 40053
	/Users/jace/go/pkg/mod/github.com/!three!dots!labs/watermill@v1.4.6/message/router.go:453 +0x606

goroutine 41586 [chan receive, 1 minutes]:
github.com/ThreeDotsLabs/watermill/message.(*handler).run(0xc002219040, {0x10a337fa0, 0xc0021ff3b0}, {0xc0021969c0, 0x6, 0xc001ce4778?})
	/Users/jace/go/pkg/mod/github.com/!three!dots!labs/watermill@v1.4.6/message/router.go:645 +0x2b4
github.com/ThreeDotsLabs/watermill/message.(*Router).RunHandlers.func1()
	/Users/jace/go/pkg/mod/github.com/!three!dots!labs/watermill@v1.4.6/message/router.go:460 +0x145
created by github.com/ThreeDotsLabs/watermill/message.(*Router).RunHandlers in goroutine 41277
	/Users/jace/go/pkg/mod/github.com/!three!dots!labs/watermill@v1.4.6/message/router.go:453 +0x606

goroutine 40153 [select, 1 minutes]:
github.com/nats-io/nats.go/jetstream.(*pullSubscription).Next(0xc0007c4360)
	/Users/jace/go/pkg/mod/github.com/nats-io/nats.go@v1.41.1/jetstream/pull.go:589 +0x285
github.com/Black-And-White-Club/frolf-bot-shared/eventbus.(*eventBus).Subscribe.func1()
	/Users/jace/Documents/GitHub/frolf-bot-shared/eventbus/eventbus.go:326 +0x169
created by github.com/Black-And-White-Club/frolf-bot-shared/eventbus.(*eventBus).Subscribe in goroutine 40053
	/Users/jace/Documents/GitHub/frolf-bot-shared/eventbus/eventbus.go:315 +0xbf1

goroutine 40097 [select, 1 minutes]:
github.com/nats-io/nats.go/jetstream.(*pullConsumer).Messages.func2()
	/Users/jace/go/pkg/mod/github.com/nats-io/nats.go@v1.41.1/jetstream/pull.go:538 +0x68
created by github.com/nats-io/nats.go/jetstream.(*pullConsumer).Messages in goroutine 40053
	/Users/jace/go/pkg/mod/github.com/nats-io/nats.go@v1.41.1/jetstream/pull.go:536 +0x78a

goroutine 41802 [select, 1 minutes]:
github.com/nats-io/nats.go/jetstream.(*pullSubscription).Next(0xc0012825a0)
	/Users/jace/go/pkg/mod/github.com/nats-io/nats.go@v1.41.1/jetstream/pull.go:589 +0x285
github.com/Black-And-White-Club/frolf-bot-shared/eventbus.(*eventBus).Subscribe.func1()
	/Users/jace/Documents/GitHub/frolf-bot-shared/eventbus/eventbus.go:326 +0x169
created by github.com/Black-And-White-Club/frolf-bot-shared/eventbus.(*eventBus).Subscribe in goroutine 41277
	/Users/jace/Documents/GitHub/frolf-bot-shared/eventbus/eventbus.go:315 +0xbf1

goroutine 40013 [chan receive, 1 minutes]:
github.com/ThreeDotsLabs/watermill/message.(*messageTransformSubscriberDecorator).Subscribe.func1()
	/Users/jace/go/pkg/mod/github.com/!three!dots!labs/watermill@v1.4.6/message/decorator.go:52 +0x85
created by github.com/ThreeDotsLabs/watermill/message.(*messageTransformSubscriberDecorator).Subscribe in goroutine 40053
	/Users/jace/go/pkg/mod/github.com/!three!dots!labs/watermill@v1.4.6/message/decorator.go:51 +0xc7

goroutine 40195 [select, 1 minutes]:
github.com/nats-io/nats.go/jetstream.(*pullSubscription).Next(0xc001278fc0)
	/Users/jace/go/pkg/mod/github.com/nats-io/nats.go@v1.41.1/jetstream/pull.go:589 +0x285
github.com/Black-And-White-Club/frolf-bot-shared/eventbus.(*eventBus).Subscribe.func1()
	/Users/jace/Documents/GitHub/frolf-bot-shared/eventbus/eventbus.go:326 +0x169
created by github.com/Black-And-White-Club/frolf-bot-shared/eventbus.(*eventBus).Subscribe in goroutine 40053
	/Users/jace/Documents/GitHub/frolf-bot-shared/eventbus/eventbus.go:315 +0xbf1

goroutine 46233 [chan receive, 1 minutes]:
github.com/ThreeDotsLabs/watermill/message.(*handler).run(0xc0024d2750, {0x10a337fa0, 0xc0010b8190}, {0xc0024c6300, 0x6, 0xc001cdb778?})
	/Users/jace/go/pkg/mod/github.com/!three!dots!labs/watermill@v1.4.6/message/router.go:645 +0x2b4
github.com/ThreeDotsLabs/watermill/message.(*Router).RunHandlers.func1()
	/Users/jace/go/pkg/mod/github.com/!three!dots!labs/watermill@v1.4.6/message/router.go:460 +0x145
created by github.com/ThreeDotsLabs/watermill/message.(*Router).RunHandlers in goroutine 46222
	/Users/jace/go/pkg/mod/github.com/!three!dots!labs/watermill@v1.4.6/message/router.go:453 +0x606

goroutine 41722 [select, 1 minutes]:
github.com/nats-io/nats.go/jetstream.(*pullSubscription).pullMessages(0xc0012b5d40, {0xc00004edc0, 0x4b})
	/Users/jace/go/pkg/mod/github.com/nats-io/nats.go@v1.41.1/jetstream/pull.go:955 +0x91
created by github.com/nats-io/nats.go/jetstream.(*pullConsumer).Messages in goroutine 41277
	/Users/jace/go/pkg/mod/github.com/nats-io/nats.go@v1.41.1/jetstream/pull.go:534 +0x748

goroutine 41297 [select, 1 minutes]:
github.com/nats-io/nats.go/jetstream.(*pullSubscription).pullMessages(0xc00258c360, {0xc0018a7040, 0x42})
	/Users/jace/go/pkg/mod/github.com/nats-io/nats.go@v1.41.1/jetstream/pull.go:955 +0x91
created by github.com/nats-io/nats.go/jetstream.(*pullConsumer).Messages in goroutine 41277
	/Users/jace/go/pkg/mod/github.com/nats-io/nats.go@v1.41.1/jetstream/pull.go:534 +0x748

goroutine 39969 [select, 1 minutes]:
github.com/nats-io/nats.go/jetstream.(*pullConsumer).Messages.func2()
	/Users/jace/go/pkg/mod/github.com/nats-io/nats.go@v1.41.1/jetstream/pull.go:538 +0x68
created by github.com/nats-io/nats.go/jetstream.(*pullConsumer).Messages in goroutine 40053
	/Users/jace/go/pkg/mod/github.com/nats-io/nats.go@v1.41.1/jetstream/pull.go:536 +0x78a

goroutine 41607 [select, 1 minutes]:
github.com/nats-io/nats.go/jetstream.(*pullConsumer).Messages.func2()
	/Users/jace/go/pkg/mod/github.com/nats-io/nats.go@v1.41.1/jetstream/pull.go:538 +0x68
created by github.com/nats-io/nats.go/jetstream.(*pullConsumer).Messages in goroutine 41277
	/Users/jace/go/pkg/mod/github.com/nats-io/nats.go@v1.41.1/jetstream/pull.go:536 +0x78a

goroutine 48046 [chan receive, 1 minutes]:
github.com/ThreeDotsLabs/watermill/message.(*handler).run(0xc001312820, {0x10a337fa0, 0xc0026d1090}, {0xc001a8a840, 0x6, 0x0?})
	/Users/jace/go/pkg/mod/github.com/!three!dots!labs/watermill@v1.4.6/message/router.go:645 +0x2b4
github.com/ThreeDotsLabs/watermill/message.(*Router).RunHandlers.func1()
	/Users/jace/go/pkg/mod/github.com/!three!dots!labs/watermill@v1.4.6/message/router.go:460 +0x145
created by github.com/ThreeDotsLabs/watermill/message.(*Router).RunHandlers in goroutine 47950
	/Users/jace/go/pkg/mod/github.com/!three!dots!labs/watermill@v1.4.6/message/router.go:453 +0x606

goroutine 44891 [select, 1 minutes]:
github.com/nats-io/nats.go/jetstream.(*pullConsumer).Messages.func2()
	/Users/jace/go/pkg/mod/github.com/nats-io/nats.go@v1.41.1/jetstream/pull.go:538 +0x68
created by github.com/nats-io/nats.go/jetstream.(*pullConsumer).Messages in goroutine 44822
	/Users/jace/go/pkg/mod/github.com/nats-io/nats.go@v1.41.1/jetstream/pull.go:536 +0x78a

goroutine 46300 [select, 1 minutes]:
github.com/nats-io/nats.go/jetstream.(*pullConsumer).Messages.func2()
	/Users/jace/go/pkg/mod/github.com/nats-io/nats.go@v1.41.1/jetstream/pull.go:538 +0x68
created by github.com/nats-io/nats.go/jetstream.(*pullConsumer).Messages in goroutine 46222
	/Users/jace/go/pkg/mod/github.com/nats-io/nats.go@v1.41.1/jetstream/pull.go:536 +0x78a

goroutine 43074 [select]:
github.com/nats-io/nats%2ego.(*Conn).doReconnect(0xc001b22708, {0x10a327f28, 0x10acedb30}, 0x0)
	/Users/jace/go/pkg/mod/github.com/nats-io/nats.go@v1.41.1/nats.go:2907 +0x41a
created by github.com/nats-io/nats%2ego.(*Conn).processOpErr in goroutine 41184
	/Users/jace/go/pkg/mod/github.com/nats-io/nats.go@v1.41.1/nats.go:3043 +0x2f3

goroutine 43830 [select, 1 minutes]:
github.com/nats-io/nats.go/jetstream.(*pullSubscription).Next(0xc001a50510)
	/Users/jace/go/pkg/mod/github.com/nats-io/nats.go@v1.41.1/jetstream/pull.go:589 +0x285
github.com/Black-And-White-Club/frolf-bot-shared/eventbus.(*eventBus).Subscribe.func1()
	/Users/jace/Documents/GitHub/frolf-bot-shared/eventbus/eventbus.go:326 +0x169
created by github.com/Black-And-White-Club/frolf-bot-shared/eventbus.(*eventBus).Subscribe in goroutine 43736
	/Users/jace/Documents/GitHub/frolf-bot-shared/eventbus/eventbus.go:315 +0xbf1

goroutine 43810 [select, 1 minutes]:
github.com/nats-io/nats.go/jetstream.(*pullSubscription).pullMessages(0xc0020e8a20, {0xc0008074a0, 0x45})
	/Users/jace/go/pkg/mod/github.com/nats-io/nats.go@v1.41.1/jetstream/pull.go:955 +0x91
created by github.com/nats-io/nats.go/jetstream.(*pullConsumer).Messages in goroutine 43736
	/Users/jace/go/pkg/mod/github.com/nats-io/nats.go@v1.41.1/jetstream/pull.go:534 +0x748

goroutine 48026 [chan receive, 1 minutes]:
github.com/ThreeDotsLabs/watermill/message.(*messageTransformSubscriberDecorator).Subscribe.func1()
	/Users/jace/go/pkg/mod/github.com/!three!dots!labs/watermill@v1.4.6/message/decorator.go:52 +0x85
created by github.com/ThreeDotsLabs/watermill/message.(*messageTransformSubscriberDecorator).Subscribe in goroutine 47950
	/Users/jace/go/pkg/mod/github.com/!three!dots!labs/watermill@v1.4.6/message/decorator.go:51 +0xc7

goroutine 45041 [chan receive, 1 minutes]:
github.com/ThreeDotsLabs/watermill/message.(*handler).run(0xc00200c1a0, {0x10a337fa0, 0xc001fad4a0}, {0xc0013686c0, 0x6, 0x0?})
	/Users/jace/go/pkg/mod/github.com/!three!dots!labs/watermill@v1.4.6/message/router.go:645 +0x2b4
github.com/ThreeDotsLabs/watermill/message.(*Router).RunHandlers.func1()
	/Users/jace/go/pkg/mod/github.com/!three!dots!labs/watermill@v1.4.6/message/router.go:460 +0x145
created by github.com/ThreeDotsLabs/watermill/message.(*Router).RunHandlers in goroutine 44822
	/Users/jace/go/pkg/mod/github.com/!three!dots!labs/watermill@v1.4.6/message/router.go:453 +0x606

goroutine 45038 [select, 1 minutes]:
github.com/nats-io/nats.go/jetstream.(*pullConsumer).Messages.func2()
	/Users/jace/go/pkg/mod/github.com/nats-io/nats.go@v1.41.1/jetstream/pull.go:538 +0x68
created by github.com/nats-io/nats.go/jetstream.(*pullConsumer).Messages in goroutine 44822
	/Users/jace/go/pkg/mod/github.com/nats-io/nats.go@v1.41.1/jetstream/pull.go:536 +0x78a

goroutine 46250 [chan receive, 1 minutes]:
github.com/ThreeDotsLabs/watermill/message.(*messageTransformSubscriberDecorator).Subscribe.func1()
	/Users/jace/go/pkg/mod/github.com/!three!dots!labs/watermill@v1.4.6/message/decorator.go:52 +0x85
created by github.com/ThreeDotsLabs/watermill/message.(*messageTransformSubscriberDecorator).Subscribe in goroutine 46222
	/Users/jace/go/pkg/mod/github.com/!three!dots!labs/watermill@v1.4.6/message/decorator.go:51 +0xc7

goroutine 46256 [chan receive, 1 minutes]:
github.com/ThreeDotsLabs/watermill/message.(*messageTransformSubscriberDecorator).Subscribe.func1()
	/Users/jace/go/pkg/mod/github.com/!three!dots!labs/watermill@v1.4.6/message/decorator.go:52 +0x85
created by github.com/ThreeDotsLabs/watermill/message.(*messageTransformSubscriberDecorator).Subscribe in goroutine 46222
	/Users/jace/go/pkg/mod/github.com/!three!dots!labs/watermill@v1.4.6/message/decorator.go:51 +0xc7

goroutine 45460 [select]:
github.com/nats-io/nats%2ego.(*Conn).doReconnect(0xc001bf2308, {0x10a327f28, 0x10acedb30}, 0x0)
	/Users/jace/go/pkg/mod/github.com/nats-io/nats.go@v1.41.1/nats.go:2907 +0x41a
created by github.com/nats-io/nats%2ego.(*Conn).processOpErr in goroutine 44772
	/Users/jace/go/pkg/mod/github.com/nats-io/nats.go@v1.41.1/nats.go:3043 +0x2f3

goroutine 44893 [chan receive, 1 minutes]:
github.com/ThreeDotsLabs/watermill/message.(*messageTransformSubscriberDecorator).Subscribe.func1()
	/Users/jace/go/pkg/mod/github.com/!three!dots!labs/watermill@v1.4.6/message/decorator.go:52 +0x85
created by github.com/ThreeDotsLabs/watermill/message.(*messageTransformSubscriberDecorator).Subscribe in goroutine 44822
	/Users/jace/go/pkg/mod/github.com/!three!dots!labs/watermill@v1.4.6/message/decorator.go:51 +0xc7

goroutine 43691 [chan receive, 1 minutes]:
github.com/ThreeDotsLabs/watermill/message.(*handler).run(0xc001983790, {0x10a337fa0, 0xc000995590}, {0xc000abd140, 0x6, 0xc001cedf78?})
	/Users/jace/go/pkg/mod/github.com/!three!dots!labs/watermill@v1.4.6/message/router.go:645 +0x2b4
github.com/ThreeDotsLabs/watermill/message.(*Router).RunHandlers.func1()
	/Users/jace/go/pkg/mod/github.com/!three!dots!labs/watermill@v1.4.6/message/router.go:460 +0x145
created by github.com/ThreeDotsLabs/watermill/message.(*Router).RunHandlers in goroutine 43736
	/Users/jace/go/pkg/mod/github.com/!three!dots!labs/watermill@v1.4.6/message/router.go:453 +0x606

goroutine 43964 [chan receive, 1 minutes]:
github.com/ThreeDotsLabs/watermill/message.(*handler).run(0xc001983930, {0x10a337fa0, 0xc0020d93b0}, {0xc00232e180, 0x6, 0xc002727f78?})
	/Users/jace/go/pkg/mod/github.com/!three!dots!labs/watermill@v1.4.6/message/router.go:645 +0x2b4
github.com/ThreeDotsLabs/watermill/message.(*Router).RunHandlers.func1()
	/Users/jace/go/pkg/mod/github.com/!three!dots!labs/watermill@v1.4.6/message/router.go:460 +0x145
created by github.com/ThreeDotsLabs/watermill/message.(*Router).RunHandlers in goroutine 43736
	/Users/jace/go/pkg/mod/github.com/!three!dots!labs/watermill@v1.4.6/message/router.go:453 +0x606

goroutine 48144 [select, 1 minutes]:
github.com/nats-io/nats.go/jetstream.(*pullSubscription).pullMessages(0xc0009d9e60, {0xc00004fb80, 0x4b})
	/Users/jace/go/pkg/mod/github.com/nats-io/nats.go@v1.41.1/jetstream/pull.go:955 +0x91
created by github.com/nats-io/nats.go/jetstream.(*pullConsumer).Messages in goroutine 47950
	/Users/jace/go/pkg/mod/github.com/nats-io/nats.go@v1.41.1/jetstream/pull.go:534 +0x748

goroutine 55395 [select]:
github.com/nats-io/nats.go/jetstream.(*pullConsumer).Messages.func2()
	/Users/jace/go/pkg/mod/github.com/nats-io/nats.go@v1.41.1/jetstream/pull.go:538 +0x68
created by github.com/nats-io/nats.go/jetstream.(*pullConsumer).Messages in goroutine 55362
	/Users/jace/go/pkg/mod/github.com/nats-io/nats.go@v1.41.1/jetstream/pull.go:536 +0x78a

goroutine 47867 [select, 1 minutes]:
github.com/nats-io/nats.go/jetstream.(*pullConsumer).Messages.func2()
	/Users/jace/go/pkg/mod/github.com/nats-io/nats.go@v1.41.1/jetstream/pull.go:538 +0x68
created by github.com/nats-io/nats.go/jetstream.(*pullConsumer).Messages in goroutine 47950
	/Users/jace/go/pkg/mod/github.com/nats-io/nats.go@v1.41.1/jetstream/pull.go:536 +0x78a

goroutine 43000 [select]:
github.com/nats-io/nats%2ego.(*Conn).doReconnect(0xc00041ca08, {0x10a327f28, 0x10acedb30}, 0x0)
	/Users/jace/go/pkg/mod/github.com/nats-io/nats.go@v1.41.1/nats.go:2907 +0x41a
created by github.com/nats-io/nats%2ego.(*Conn).processOpErr in goroutine 41219
	/Users/jace/go/pkg/mod/github.com/nats-io/nats.go@v1.41.1/nats.go:3043 +0x2f3

goroutine 41753 [select, 1 minutes]:
github.com/nats-io/nats.go/jetstream.(*pullSubscription).pullMessages(0xc001ab2240, {0xc0007d6e60, 0x4d})
	/Users/jace/go/pkg/mod/github.com/nats-io/nats.go@v1.41.1/jetstream/pull.go:955 +0x91
created by github.com/nats-io/nats.go/jetstream.(*pullConsumer).Messages in goroutine 41277
	/Users/jace/go/pkg/mod/github.com/nats-io/nats.go@v1.41.1/jetstream/pull.go:534 +0x748

goroutine 41578 [select, 1 minutes]:
github.com/nats-io/nats.go/jetstream.(*pullSubscription).Next(0xc0012b47e0)
	/Users/jace/go/pkg/mod/github.com/nats-io/nats.go@v1.41.1/jetstream/pull.go:589 +0x285
github.com/Black-And-White-Club/frolf-bot-shared/eventbus.(*eventBus).Subscribe.func1()
	/Users/jace/Documents/GitHub/frolf-bot-shared/eventbus/eventbus.go:326 +0x169
created by github.com/Black-And-White-Club/frolf-bot-shared/eventbus.(*eventBus).Subscribe in goroutine 41277
	/Users/jace/Documents/GitHub/frolf-bot-shared/eventbus/eventbus.go:315 +0xbf1

goroutine 46255 [select, 1 minutes]:
github.com/nats-io/nats.go/jetstream.(*pullSubscription).Next(0xc0020e9050)
	/Users/jace/go/pkg/mod/github.com/nats-io/nats.go@v1.41.1/jetstream/pull.go:589 +0x285
github.com/Black-And-White-Club/frolf-bot-shared/eventbus.(*eventBus).Subscribe.func1()
	/Users/jace/Documents/GitHub/frolf-bot-shared/eventbus/eventbus.go:326 +0x169
created by github.com/Black-And-White-Club/frolf-bot-shared/eventbus.(*eventBus).Subscribe in goroutine 46222
	/Users/jace/Documents/GitHub/frolf-bot-shared/eventbus/eventbus.go:315 +0xbf1

goroutine 46247 [select, 1 minutes]:
github.com/nats-io/nats.go/jetstream.(*pullSubscription).pullMessages(0xc0020e8bd0, {0xc000145080, 0x5a})
	/Users/jace/go/pkg/mod/github.com/nats-io/nats.go@v1.41.1/jetstream/pull.go:955 +0x91
created by github.com/nats-io/nats.go/jetstream.(*pullConsumer).Messages in goroutine 46222
	/Users/jace/go/pkg/mod/github.com/nats-io/nats.go@v1.41.1/jetstream/pull.go:534 +0x748

goroutine 43687 [select, 1 minutes]:
github.com/nats-io/nats.go/jetstream.(*pullSubscription).pullMessages(0xc000c334d0, {0xc0007d7090, 0x4e})
	/Users/jace/go/pkg/mod/github.com/nats-io/nats.go@v1.41.1/jetstream/pull.go:955 +0x91
created by github.com/nats-io/nats.go/jetstream.(*pullConsumer).Messages in goroutine 43736
	/Users/jace/go/pkg/mod/github.com/nats-io/nats.go@v1.41.1/jetstream/pull.go:534 +0x748

goroutine 43688 [select, 1 minutes]:
github.com/nats-io/nats.go/jetstream.(*pullConsumer).Messages.func2()
	/Users/jace/go/pkg/mod/github.com/nats-io/nats.go@v1.41.1/jetstream/pull.go:538 +0x68
created by github.com/nats-io/nats.go/jetstream.(*pullConsumer).Messages in goroutine 43736
	/Users/jace/go/pkg/mod/github.com/nats-io/nats.go@v1.41.1/jetstream/pull.go:536 +0x78a

goroutine 48137 [select, 1 minutes]:
github.com/nats-io/nats.go/jetstream.(*pullSubscription).Next(0xc0009d97a0)
	/Users/jace/go/pkg/mod/github.com/nats-io/nats.go@v1.41.1/jetstream/pull.go:589 +0x285
github.com/Black-And-White-Club/frolf-bot-shared/eventbus.(*eventBus).Subscribe.func1()
	/Users/jace/Documents/GitHub/frolf-bot-shared/eventbus/eventbus.go:326 +0x169
created by github.com/Black-And-White-Club/frolf-bot-shared/eventbus.(*eventBus).Subscribe in goroutine 47950
	/Users/jace/Documents/GitHub/frolf-bot-shared/eventbus/eventbus.go:315 +0xbf1

goroutine 44933 [select, 1 minutes]:
github.com/nats-io/nats.go/jetstream.(*pullConsumer).Messages.func2()
	/Users/jace/go/pkg/mod/github.com/nats-io/nats.go@v1.41.1/jetstream/pull.go:538 +0x68
created by github.com/nats-io/nats.go/jetstream.(*pullConsumer).Messages in goroutine 44822
	/Users/jace/go/pkg/mod/github.com/nats-io/nats.go@v1.41.1/jetstream/pull.go:536 +0x78a

goroutine 52597 [select]:
github.com/nats-io/nats.go/jetstream.(*pullConsumer).Messages.func2()
	/Users/jace/go/pkg/mod/github.com/nats-io/nats.go@v1.41.1/jetstream/pull.go:538 +0x68
created by github.com/nats-io/nats.go/jetstream.(*pullConsumer).Messages in goroutine 52535
	/Users/jace/go/pkg/mod/github.com/nats-io/nats.go@v1.41.1/jetstream/pull.go:536 +0x78a

goroutine 46257 [chan receive, 1 minutes]:
github.com/ThreeDotsLabs/watermill/message.(*handler).run(0xc0024d3040, {0x10a337fa0, 0xc001734320}, {0xc0025c4600, 0x6, 0x53222c22223a2265?})
	/Users/jace/go/pkg/mod/github.com/!three!dots!labs/watermill@v1.4.6/message/router.go:645 +0x2b4
github.com/ThreeDotsLabs/watermill/message.(*Router).RunHandlers.func1()
	/Users/jace/go/pkg/mod/github.com/!three!dots!labs/watermill@v1.4.6/message/router.go:460 +0x145
created by github.com/ThreeDotsLabs/watermill/message.(*Router).RunHandlers in goroutine 46222
	/Users/jace/go/pkg/mod/github.com/!three!dots!labs/watermill@v1.4.6/message/router.go:453 +0x606

goroutine 44936 [chan receive, 1 minutes]:
github.com/ThreeDotsLabs/watermill/message.(*handler).run(0xc002201e10, {0x10a337fa0, 0xc0021ff090}, {0xc00111b800, 0x6, 0x4?})
	/Users/jace/go/pkg/mod/github.com/!three!dots!labs/watermill@v1.4.6/message/router.go:645 +0x2b4
github.com/ThreeDotsLabs/watermill/message.(*Router).RunHandlers.func1()
	/Users/jace/go/pkg/mod/github.com/!three!dots!labs/watermill@v1.4.6/message/router.go:460 +0x145
created by github.com/ThreeDotsLabs/watermill/message.(*Router).RunHandlers in goroutine 44822
	/Users/jace/go/pkg/mod/github.com/!three!dots!labs/watermill@v1.4.6/message/router.go:453 +0x606

goroutine 53098 [select]:
github.com/nats-io/nats%2ego.(*Conn).doReconnect(0xc002874708, {0x10a327f28, 0x10acedb30}, 0x0)
	/Users/jace/go/pkg/mod/github.com/nats-io/nats.go@v1.41.1/nats.go:2907 +0x41a
created by github.com/nats-io/nats%2ego.(*Conn).processOpErr in goroutine 52481
	/Users/jace/go/pkg/mod/github.com/nats-io/nats.go@v1.41.1/nats.go:3043 +0x2f3

goroutine 41671 [chan receive, 1 minutes]:
github.com/ThreeDotsLabs/watermill/message.(*messageTransformSubscriberDecorator).Subscribe.func1()
	/Users/jace/go/pkg/mod/github.com/!three!dots!labs/watermill@v1.4.6/message/decorator.go:52 +0x85
created by github.com/ThreeDotsLabs/watermill/message.(*messageTransformSubscriberDecorator).Subscribe in goroutine 41277
	/Users/jace/go/pkg/mod/github.com/!three!dots!labs/watermill@v1.4.6/message/decorator.go:51 +0xc7

goroutine 46640 [chan receive, 1 minutes]:
github.com/ThreeDotsLabs/watermill/message.(*messageTransformSubscriberDecorator).Subscribe.func1()
	/Users/jace/go/pkg/mod/github.com/!three!dots!labs/watermill@v1.4.6/message/decorator.go:52 +0x85
created by github.com/ThreeDotsLabs/watermill/message.(*messageTransformSubscriberDecorator).Subscribe in goroutine 46222
	/Users/jace/go/pkg/mod/github.com/!three!dots!labs/watermill@v1.4.6/message/decorator.go:51 +0xc7

goroutine 43813 [chan receive, 1 minutes]:
github.com/ThreeDotsLabs/watermill/message.(*messageTransformSubscriberDecorator).Subscribe.func1()
	/Users/jace/go/pkg/mod/github.com/!three!dots!labs/watermill@v1.4.6/message/decorator.go:52 +0x85
created by github.com/ThreeDotsLabs/watermill/message.(*messageTransformSubscriberDecorator).Subscribe in goroutine 43736
	/Users/jace/go/pkg/mod/github.com/!three!dots!labs/watermill@v1.4.6/message/decorator.go:51 +0xc7

goroutine 47999 [select, 1 minutes]:
github.com/nats-io/nats.go/jetstream.(*pullConsumer).Messages.func2()
	/Users/jace/go/pkg/mod/github.com/nats-io/nats.go@v1.41.1/jetstream/pull.go:538 +0x68
created by github.com/nats-io/nats.go/jetstream.(*pullConsumer).Messages in goroutine 47950
	/Users/jace/go/pkg/mod/github.com/nats-io/nats.go@v1.41.1/jetstream/pull.go:536 +0x78a

goroutine 41554 [select, 1 minutes]:
github.com/nats-io/nats.go/jetstream.(*pullConsumer).Messages.func2()
	/Users/jace/go/pkg/mod/github.com/nats-io/nats.go@v1.41.1/jetstream/pull.go:538 +0x68
created by github.com/nats-io/nats.go/jetstream.(*pullConsumer).Messages in goroutine 41277
	/Users/jace/go/pkg/mod/github.com/nats-io/nats.go@v1.41.1/jetstream/pull.go:536 +0x78a

goroutine 45085 [select, 1 minutes]:
github.com/nats-io/nats.go/jetstream.(*pullSubscription).pullMessages(0xc001c0cd80, {0xc000421940, 0x3e})
	/Users/jace/go/pkg/mod/github.com/nats-io/nats.go@v1.41.1/jetstream/pull.go:955 +0x91
created by github.com/nats-io/nats.go/jetstream.(*pullConsumer).Messages in goroutine 44822
	/Users/jace/go/pkg/mod/github.com/nats-io/nats.go@v1.41.1/jetstream/pull.go:534 +0x748

goroutine 49529 [select, 1 minutes]:
github.com/nats-io/nats.go/jetstream.(*pullConsumer).Messages.func2()
	/Users/jace/go/pkg/mod/github.com/nats-io/nats.go@v1.41.1/jetstream/pull.go:538 +0x68
created by github.com/nats-io/nats.go/jetstream.(*pullConsumer).Messages in goroutine 49230
	/Users/jace/go/pkg/mod/github.com/nats-io/nats.go@v1.41.1/jetstream/pull.go:536 +0x78a

goroutine 47103 [chan receive, 1 minutes]:
github.com/ThreeDotsLabs/watermill/message.(*messageTransformSubscriberDecorator).Subscribe.func1()
	/Users/jace/go/pkg/mod/github.com/!three!dots!labs/watermill@v1.4.6/message/decorator.go:52 +0x85
created by github.com/ThreeDotsLabs/watermill/message.(*messageTransformSubscriberDecorator).Subscribe in goroutine 47950
	/Users/jace/go/pkg/mod/github.com/!three!dots!labs/watermill@v1.4.6/message/decorator.go:51 +0xc7

goroutine 45135 [chan receive, 1 minutes]:
github.com/ThreeDotsLabs/watermill/message.(*messageTransformSubscriberDecorator).Subscribe.func1()
	/Users/jace/go/pkg/mod/github.com/!three!dots!labs/watermill@v1.4.6/message/decorator.go:52 +0x85
created by github.com/ThreeDotsLabs/watermill/message.(*messageTransformSubscriberDecorator).Subscribe in goroutine 44822
	/Users/jace/go/pkg/mod/github.com/!three!dots!labs/watermill@v1.4.6/message/decorator.go:51 +0xc7

goroutine 40054 [sync.Cond.Wait, 1 minutes]:
sync.runtime_notifyListWait(0xc00083a490, 0x2)
	/usr/local/Cellar/go/1.24.2/libexec/src/runtime/sema.go:597 +0x159
sync.(*Cond).Wait(0x0?)
	/usr/local/Cellar/go/1.24.2/libexec/src/sync/cond.go:71 +0x85
github.com/nats-io/nats%2ego.(*Conn).waitForMsgs(0xc00155ce08, 0xc0021800f0)
	/Users/jace/go/pkg/mod/github.com/nats-io/nats.go@v1.41.1/nats.go:3178 +0xc5
created by github.com/nats-io/nats%2ego.(*Conn).subscribeLocked in goroutine 39398
	/Users/jace/go/pkg/mod/github.com/nats-io/nats.go@v1.41.1/nats.go:4468 +0x419

goroutine 40055 [sync.WaitGroup.Wait, 1 minutes]:
sync.runtime_SemacquireWaitGroup(0x3133333265333363?)
	/usr/local/Cellar/go/1.24.2/libexec/src/runtime/sema.go:110 +0x25
sync.(*WaitGroup).Wait(0x3830356662363261?)
	/usr/local/Cellar/go/1.24.2/libexec/src/sync/waitgroup.go:118 +0x48
github.com/ThreeDotsLabs/watermill/message.(*Router).watchAllHandlersStopped.func1()
	/Users/jace/go/pkg/mod/github.com/!three!dots!labs/watermill@v1.4.6/message/router.go:498 +0x86
created by github.com/ThreeDotsLabs/watermill/message.(*Router).watchAllHandlersStopped in goroutine 40053
	/Users/jace/go/pkg/mod/github.com/!three!dots!labs/watermill@v1.4.6/message/router.go:484 +0xec

goroutine 40237 [select, 1 minutes]:
github.com/nats-io/nats.go/jetstream.(*pullSubscription).Next(0xc000d5a1b0)
	/Users/jace/go/pkg/mod/github.com/nats-io/nats.go@v1.41.1/jetstream/pull.go:589 +0x285
github.com/Black-And-White-Club/frolf-bot-shared/eventbus.(*eventBus).Subscribe.func1()
	/Users/jace/Documents/GitHub/frolf-bot-shared/eventbus/eventbus.go:326 +0x169
created by github.com/Black-And-White-Club/frolf-bot-shared/eventbus.(*eventBus).Subscribe in goroutine 40053
	/Users/jace/Documents/GitHub/frolf-bot-shared/eventbus/eventbus.go:315 +0xbf1

goroutine 40205 [chan receive, 1 minutes]:
github.com/ThreeDotsLabs/watermill/message.(*handler).run(0xc0013b7520, {0x10a337fa0, 0xc00192bc20}, {0xc00015b140, 0x6, 0x109d2077c?})
	/Users/jace/go/pkg/mod/github.com/!three!dots!labs/watermill@v1.4.6/message/router.go:645 +0x2b4
github.com/ThreeDotsLabs/watermill/message.(*Router).RunHandlers.func1()
	/Users/jace/go/pkg/mod/github.com/!three!dots!labs/watermill@v1.4.6/message/router.go:460 +0x145
created by github.com/ThreeDotsLabs/watermill/message.(*Router).RunHandlers in goroutine 40053
	/Users/jace/go/pkg/mod/github.com/!three!dots!labs/watermill@v1.4.6/message/router.go:453 +0x606

goroutine 42133 [select, 1 minutes]:
github.com/nats-io/nats.go/jetstream.(*pullConsumer).Messages.func2()
	/Users/jace/go/pkg/mod/github.com/nats-io/nats.go@v1.41.1/jetstream/pull.go:538 +0x68
created by github.com/nats-io/nats.go/jetstream.(*pullConsumer).Messages in goroutine 43736
	/Users/jace/go/pkg/mod/github.com/nats-io/nats.go@v1.41.1/jetstream/pull.go:536 +0x78a

goroutine 40240 [select, 1 minutes]:
github.com/nats-io/nats.go/jetstream.(*pullSubscription).pullMessages(0xc000d5aab0, {0xc0007546e0, 0x4e})
	/Users/jace/go/pkg/mod/github.com/nats-io/nats.go@v1.41.1/jetstream/pull.go:955 +0x91
created by github.com/nats-io/nats.go/jetstream.(*pullConsumer).Messages in goroutine 40053
	/Users/jace/go/pkg/mod/github.com/nats-io/nats.go@v1.41.1/jetstream/pull.go:534 +0x748

goroutine 40368 [chan receive, 1 minutes]:
github.com/ThreeDotsLabs/watermill/message.(*handler).run(0xc0013b6a90, {0x10a337fa0, 0xc001c7c320}, {0xc00139b140, 0x6, 0x0?})
	/Users/jace/go/pkg/mod/github.com/!three!dots!labs/watermill@v1.4.6/message/router.go:645 +0x2b4
github.com/ThreeDotsLabs/watermill/message.(*Router).RunHandlers.func1()
	/Users/jace/go/pkg/mod/github.com/!three!dots!labs/watermill@v1.4.6/message/router.go:460 +0x145
created by github.com/ThreeDotsLabs/watermill/message.(*Router).RunHandlers in goroutine 40053
	/Users/jace/go/pkg/mod/github.com/!three!dots!labs/watermill@v1.4.6/message/router.go:453 +0x606

goroutine 40163 [select, 1 minutes]:
github.com/nats-io/nats.go/jetstream.(*pullSubscription).pullMessages(0xc0011a59e0, {0xc00017eff0, 0x4f})
	/Users/jace/go/pkg/mod/github.com/nats-io/nats.go@v1.41.1/jetstream/pull.go:955 +0x91
created by github.com/nats-io/nats.go/jetstream.(*pullConsumer).Messages in goroutine 40053
	/Users/jace/go/pkg/mod/github.com/nats-io/nats.go@v1.41.1/jetstream/pull.go:534 +0x748

goroutine 40164 [select, 1 minutes]:
github.com/nats-io/nats.go/jetstream.(*pullConsumer).Messages.func2()
	/Users/jace/go/pkg/mod/github.com/nats-io/nats.go@v1.41.1/jetstream/pull.go:538 +0x68
created by github.com/nats-io/nats.go/jetstream.(*pullConsumer).Messages in goroutine 40053
	/Users/jace/go/pkg/mod/github.com/nats-io/nats.go@v1.41.1/jetstream/pull.go:536 +0x78a

goroutine 40165 [select, 1 minutes]:
github.com/nats-io/nats.go/jetstream.(*pullSubscription).Next(0xc0011a59e0)
	/Users/jace/go/pkg/mod/github.com/nats-io/nats.go@v1.41.1/jetstream/pull.go:589 +0x285
github.com/Black-And-White-Club/frolf-bot-shared/eventbus.(*eventBus).Subscribe.func1()
	/Users/jace/Documents/GitHub/frolf-bot-shared/eventbus/eventbus.go:326 +0x169
created by github.com/Black-And-White-Club/frolf-bot-shared/eventbus.(*eventBus).Subscribe in goroutine 40053
	/Users/jace/Documents/GitHub/frolf-bot-shared/eventbus/eventbus.go:315 +0xbf1

goroutine 40166 [chan receive, 1 minutes]:
github.com/ThreeDotsLabs/watermill/message.(*messageTransformSubscriberDecorator).Subscribe.func1()
	/Users/jace/go/pkg/mod/github.com/!three!dots!labs/watermill@v1.4.6/message/decorator.go:52 +0x85
created by github.com/ThreeDotsLabs/watermill/message.(*messageTransformSubscriberDecorator).Subscribe in goroutine 40053
	/Users/jace/go/pkg/mod/github.com/!three!dots!labs/watermill@v1.4.6/message/decorator.go:51 +0xc7

goroutine 40167 [chan receive, 1 minutes]:
github.com/ThreeDotsLabs/watermill/message.(*handler).run(0xc0013b6f70, {0x10a337fa0, 0xc000914a50}, {0xc001aa6000, 0x6, 0x50?})
	/Users/jace/go/pkg/mod/github.com/!three!dots!labs/watermill@v1.4.6/message/router.go:645 +0x2b4
github.com/ThreeDotsLabs/watermill/message.(*Router).RunHandlers.func1()
	/Users/jace/go/pkg/mod/github.com/!three!dots!labs/watermill@v1.4.6/message/router.go:460 +0x145
created by github.com/ThreeDotsLabs/watermill/message.(*Router).RunHandlers in goroutine 40053
	/Users/jace/go/pkg/mod/github.com/!three!dots!labs/watermill@v1.4.6/message/router.go:453 +0x606

goroutine 40503 [chan receive, 1 minutes]:
github.com/ThreeDotsLabs/watermill/message.(*handler).run(0xc0013b75f0, {0x10a337fa0, 0xc0005af680}, {0xc0019a43c0, 0x6, 0x0?})
	/Users/jace/go/pkg/mod/github.com/!three!dots!labs/watermill@v1.4.6/message/router.go:645 +0x2b4
github.com/ThreeDotsLabs/watermill/message.(*Router).RunHandlers.func1()
	/Users/jace/go/pkg/mod/github.com/!three!dots!labs/watermill@v1.4.6/message/router.go:460 +0x145
created by github.com/ThreeDotsLabs/watermill/message.(*Router).RunHandlers in goroutine 40053
	/Users/jace/go/pkg/mod/github.com/!three!dots!labs/watermill@v1.4.6/message/router.go:453 +0x606

goroutine 41441 [chan receive, 1 minutes]:
github.com/ThreeDotsLabs/watermill/message.(*handler).run(0xc002219c70, {0x10a337fa0, 0xc0021fe870}, {0xc00204d800, 0x6, 0x0?})
	/Users/jace/go/pkg/mod/github.com/!three!dots!labs/watermill@v1.4.6/message/router.go:645 +0x2b4
github.com/ThreeDotsLabs/watermill/message.(*Router).RunHandlers.func1()
	/Users/jace/go/pkg/mod/github.com/!three!dots!labs/watermill@v1.4.6/message/router.go:460 +0x145
created by github.com/ThreeDotsLabs/watermill/message.(*Router).RunHandlers in goroutine 41277
	/Users/jace/go/pkg/mod/github.com/!three!dots!labs/watermill@v1.4.6/message/router.go:453 +0x606

goroutine 40235 [select, 1 minutes]:
github.com/nats-io/nats.go/jetstream.(*pullSubscription).pullMessages(0xc000d5a1b0, {0xc000754370, 0x45})
	/Users/jace/go/pkg/mod/github.com/nats-io/nats.go@v1.41.1/jetstream/pull.go:955 +0x91
created by github.com/nats-io/nats.go/jetstream.(*pullConsumer).Messages in goroutine 40053
	/Users/jace/go/pkg/mod/github.com/nats-io/nats.go@v1.41.1/jetstream/pull.go:534 +0x748

goroutine 40344 [chan receive, 1 minutes]:
github.com/ThreeDotsLabs/watermill/message.(*messageTransformSubscriberDecorator).Subscribe.func1()
	/Users/jace/go/pkg/mod/github.com/!three!dots!labs/watermill@v1.4.6/message/decorator.go:52 +0x85
created by github.com/ThreeDotsLabs/watermill/message.(*messageTransformSubscriberDecorator).Subscribe in goroutine 40053
	/Users/jace/go/pkg/mod/github.com/!three!dots!labs/watermill@v1.4.6/message/decorator.go:51 +0xc7

goroutine 40192 [chan receive, 1 minutes]:
github.com/ThreeDotsLabs/watermill/message.(*messageTransformSubscriberDecorator).Subscribe.func1()
	/Users/jace/go/pkg/mod/github.com/!three!dots!labs/watermill@v1.4.6/message/decorator.go:52 +0x85
created by github.com/ThreeDotsLabs/watermill/message.(*messageTransformSubscriberDecorator).Subscribe in goroutine 40053
	/Users/jace/go/pkg/mod/github.com/!three!dots!labs/watermill@v1.4.6/message/decorator.go:51 +0xc7

goroutine 40190 [select, 1 minutes]:
github.com/nats-io/nats.go/jetstream.(*pullConsumer).Messages.func2()
	/Users/jace/go/pkg/mod/github.com/nats-io/nats.go@v1.41.1/jetstream/pull.go:538 +0x68
created by github.com/nats-io/nats.go/jetstream.(*pullConsumer).Messages in goroutine 40053
	/Users/jace/go/pkg/mod/github.com/nats-io/nats.go@v1.41.1/jetstream/pull.go:536 +0x78a

goroutine 40191 [select, 1 minutes]:
github.com/nats-io/nats.go/jetstream.(*pullSubscription).Next(0xc00172c6c0)
	/Users/jace/go/pkg/mod/github.com/nats-io/nats.go@v1.41.1/jetstream/pull.go:589 +0x285
github.com/Black-And-White-Club/frolf-bot-shared/eventbus.(*eventBus).Subscribe.func1()
	/Users/jace/Documents/GitHub/frolf-bot-shared/eventbus/eventbus.go:326 +0x169
created by github.com/Black-And-White-Club/frolf-bot-shared/eventbus.(*eventBus).Subscribe in goroutine 40053
	/Users/jace/Documents/GitHub/frolf-bot-shared/eventbus/eventbus.go:315 +0xbf1

goroutine 40372 [select, 1 minutes]:
github.com/nats-io/nats.go/jetstream.(*pullConsumer).Messages.func2()
	/Users/jace/go/pkg/mod/github.com/nats-io/nats.go@v1.41.1/jetstream/pull.go:538 +0x68
created by github.com/nats-io/nats.go/jetstream.(*pullConsumer).Messages in goroutine 40053
	/Users/jace/go/pkg/mod/github.com/nats-io/nats.go@v1.41.1/jetstream/pull.go:536 +0x78a

goroutine 40193 [chan receive, 1 minutes]:
github.com/ThreeDotsLabs/watermill/message.(*handler).run(0xc0013b69c0, {0x10a337fa0, 0xc001136690}, {0xc001aa6180, 0x6, 0x1000000010000?})
	/Users/jace/go/pkg/mod/github.com/!three!dots!labs/watermill@v1.4.6/message/router.go:645 +0x2b4
github.com/ThreeDotsLabs/watermill/message.(*Router).RunHandlers.func1()
	/Users/jace/go/pkg/mod/github.com/!three!dots!labs/watermill@v1.4.6/message/router.go:460 +0x145
created by github.com/ThreeDotsLabs/watermill/message.(*Router).RunHandlers in goroutine 40053
	/Users/jace/go/pkg/mod/github.com/!three!dots!labs/watermill@v1.4.6/message/router.go:453 +0x606

goroutine 40366 [select, 1 minutes]:
github.com/nats-io/nats.go/jetstream.(*pullSubscription).Next(0xc00172d950)
	/Users/jace/go/pkg/mod/github.com/nats-io/nats.go@v1.41.1/jetstream/pull.go:589 +0x285
github.com/Black-And-White-Club/frolf-bot-shared/eventbus.(*eventBus).Subscribe.func1()
	/Users/jace/Documents/GitHub/frolf-bot-shared/eventbus/eventbus.go:326 +0x169
created by github.com/Black-And-White-Club/frolf-bot-shared/eventbus.(*eventBus).Subscribe in goroutine 40053
	/Users/jace/Documents/GitHub/frolf-bot-shared/eventbus/eventbus.go:315 +0xbf1

goroutine 40189 [select, 1 minutes]:
github.com/nats-io/nats.go/jetstream.(*pullSubscription).pullMessages(0xc00172c6c0, {0xc0008b3e50, 0x50})
	/Users/jace/go/pkg/mod/github.com/nats-io/nats.go@v1.41.1/jetstream/pull.go:955 +0x91
created by github.com/nats-io/nats.go/jetstream.(*pullConsumer).Messages in goroutine 40053
	/Users/jace/go/pkg/mod/github.com/nats-io/nats.go@v1.41.1/jetstream/pull.go:534 +0x748

goroutine 41412 [select, 1 minutes]:
github.com/nats-io/nats.go/jetstream.(*pullSubscription).Next(0xc0021f2750)
	/Users/jace/go/pkg/mod/github.com/nats-io/nats.go@v1.41.1/jetstream/pull.go:589 +0x285
github.com/Black-And-White-Club/frolf-bot-shared/eventbus.(*eventBus).Subscribe.func1()
	/Users/jace/Documents/GitHub/frolf-bot-shared/eventbus/eventbus.go:326 +0x169
created by github.com/Black-And-White-Club/frolf-bot-shared/eventbus.(*eventBus).Subscribe in goroutine 41277
	/Users/jace/Documents/GitHub/frolf-bot-shared/eventbus/eventbus.go:315 +0xbf1

goroutine 41556 [chan receive, 1 minutes]:
github.com/ThreeDotsLabs/watermill/message.(*messageTransformSubscriberDecorator).Subscribe.func1()
	/Users/jace/go/pkg/mod/github.com/!three!dots!labs/watermill@v1.4.6/message/decorator.go:52 +0x85
created by github.com/ThreeDotsLabs/watermill/message.(*messageTransformSubscriberDecorator).Subscribe in goroutine 41277
	/Users/jace/go/pkg/mod/github.com/!three!dots!labs/watermill@v1.4.6/message/decorator.go:51 +0xc7

goroutine 40291 [chan receive, 1 minutes]:
github.com/ThreeDotsLabs/watermill/message.(*messageTransformSubscriberDecorator).Subscribe.func1()
	/Users/jace/go/pkg/mod/github.com/!three!dots!labs/watermill@v1.4.6/message/decorator.go:52 +0x85
created by github.com/ThreeDotsLabs/watermill/message.(*messageTransformSubscriberDecorator).Subscribe in goroutine 40053
	/Users/jace/go/pkg/mod/github.com/!three!dots!labs/watermill@v1.4.6/message/decorator.go:51 +0xc7

goroutine 40202 [select, 1 minutes]:
github.com/nats-io/nats.go/jetstream.(*pullConsumer).Messages.func2()
	/Users/jace/go/pkg/mod/github.com/nats-io/nats.go@v1.41.1/jetstream/pull.go:538 +0x68
created by github.com/nats-io/nats.go/jetstream.(*pullConsumer).Messages in goroutine 40053
	/Users/jace/go/pkg/mod/github.com/nats-io/nats.go@v1.41.1/jetstream/pull.go:536 +0x78a

goroutine 49316 [select, 1 minutes]:
github.com/nats-io/nats.go/jetstream.(*pullConsumer).Messages.func2()
	/Users/jace/go/pkg/mod/github.com/nats-io/nats.go@v1.41.1/jetstream/pull.go:538 +0x68
created by github.com/nats-io/nats.go/jetstream.(*pullConsumer).Messages in goroutine 49230
	/Users/jace/go/pkg/mod/github.com/nats-io/nats.go@v1.41.1/jetstream/pull.go:536 +0x78a

goroutine 45062 [select, 1 minutes]:
github.com/nats-io/nats.go/jetstream.(*pullSubscription).pullMessages(0xc0004b85a0, {0xc001eb8d20, 0x48})
	/Users/jace/go/pkg/mod/github.com/nats-io/nats.go@v1.41.1/jetstream/pull.go:955 +0x91
created by github.com/nats-io/nats.go/jetstream.(*pullConsumer).Messages in goroutine 44822
	/Users/jace/go/pkg/mod/github.com/nats-io/nats.go@v1.41.1/jetstream/pull.go:534 +0x748

goroutine 41713 [chan receive, 1 minutes]:
github.com/ThreeDotsLabs/watermill/message.(*messageTransformSubscriberDecorator).Subscribe.func1()
	/Users/jace/go/pkg/mod/github.com/!three!dots!labs/watermill@v1.4.6/message/decorator.go:52 +0x85
created by github.com/ThreeDotsLabs/watermill/message.(*messageTransformSubscriberDecorator).Subscribe in goroutine 41277
	/Users/jace/go/pkg/mod/github.com/!three!dots!labs/watermill@v1.4.6/message/decorator.go:51 +0xc7

goroutine 40502 [chan receive, 1 minutes]:
github.com/ThreeDotsLabs/watermill/message.(*messageTransformSubscriberDecorator).Subscribe.func1()
	/Users/jace/go/pkg/mod/github.com/!three!dots!labs/watermill@v1.4.6/message/decorator.go:52 +0x85
created by github.com/ThreeDotsLabs/watermill/message.(*messageTransformSubscriberDecorator).Subscribe in goroutine 40053
	/Users/jace/go/pkg/mod/github.com/!three!dots!labs/watermill@v1.4.6/message/decorator.go:51 +0xc7

goroutine 41331 [select, 1 minutes]:
github.com/nats-io/nats.go/jetstream.(*pullSubscription).pullMessages(0xc001921e60, {0xc00017f400, 0x45})
	/Users/jace/go/pkg/mod/github.com/nats-io/nats.go@v1.41.1/jetstream/pull.go:955 +0x91
created by github.com/nats-io/nats.go/jetstream.(*pullConsumer).Messages in goroutine 41277
	/Users/jace/go/pkg/mod/github.com/nats-io/nats.go@v1.41.1/jetstream/pull.go:534 +0x748

goroutine 40362 [chan receive, 1 minutes]:
github.com/ThreeDotsLabs/watermill/message.(*messageTransformSubscriberDecorator).Subscribe.func1()
	/Users/jace/go/pkg/mod/github.com/!three!dots!labs/watermill@v1.4.6/message/decorator.go:52 +0x85
created by github.com/ThreeDotsLabs/watermill/message.(*messageTransformSubscriberDecorator).Subscribe in goroutine 40053
	/Users/jace/go/pkg/mod/github.com/!three!dots!labs/watermill@v1.4.6/message/decorator.go:51 +0xc7

goroutine 41712 [select, 1 minutes]:
github.com/nats-io/nats.go/jetstream.(*pullSubscription).Next(0xc00271fd40)
	/Users/jace/go/pkg/mod/github.com/nats-io/nats.go@v1.41.1/jetstream/pull.go:589 +0x285
github.com/Black-And-White-Club/frolf-bot-shared/eventbus.(*eventBus).Subscribe.func1()
	/Users/jace/Documents/GitHub/frolf-bot-shared/eventbus/eventbus.go:326 +0x169
created by github.com/Black-And-White-Club/frolf-bot-shared/eventbus.(*eventBus).Subscribe in goroutine 41277
	/Users/jace/Documents/GitHub/frolf-bot-shared/eventbus/eventbus.go:315 +0xbf1

goroutine 47100 [select, 1 minutes]:
github.com/nats-io/nats.go/jetstream.(*pullSubscription).pullMessages(0xc002315e60, {0xc002784880, 0x3f})
	/Users/jace/go/pkg/mod/github.com/nats-io/nats.go@v1.41.1/jetstream/pull.go:955 +0x91
created by github.com/nats-io/nats.go/jetstream.(*pullConsumer).Messages in goroutine 47950
	/Users/jace/go/pkg/mod/github.com/nats-io/nats.go@v1.41.1/jetstream/pull.go:534 +0x748

goroutine 40428 [chan receive, 1 minutes]:
github.com/ThreeDotsLabs/watermill/message.(*handler).run(0xc0013b7040, {0x10a337fa0, 0xc001ab4af0}, {0xc00139b200, 0x6, 0x0?})
	/Users/jace/go/pkg/mod/github.com/!three!dots!labs/watermill@v1.4.6/message/router.go:645 +0x2b4
github.com/ThreeDotsLabs/watermill/message.(*Router).RunHandlers.func1()
	/Users/jace/go/pkg/mod/github.com/!three!dots!labs/watermill@v1.4.6/message/router.go:460 +0x145
created by github.com/ThreeDotsLabs/watermill/message.(*Router).RunHandlers in goroutine 40053
	/Users/jace/go/pkg/mod/github.com/!three!dots!labs/watermill@v1.4.6/message/router.go:453 +0x606

goroutine 41439 [select, 1 minutes]:
github.com/nats-io/nats.go/jetstream.(*pullSubscription).Next(0xc0021f39e0)
	/Users/jace/go/pkg/mod/github.com/nats-io/nats.go@v1.41.1/jetstream/pull.go:589 +0x285
github.com/Black-And-White-Club/frolf-bot-shared/eventbus.(*eventBus).Subscribe.func1()
	/Users/jace/Documents/GitHub/frolf-bot-shared/eventbus/eventbus.go:326 +0x169
created by github.com/Black-And-White-Club/frolf-bot-shared/eventbus.(*eventBus).Subscribe in goroutine 41277
	/Users/jace/Documents/GitHub/frolf-bot-shared/eventbus/eventbus.go:315 +0xbf1

goroutine 46520 [select, 1 minutes]:
github.com/nats-io/nats.go/jetstream.(*pullConsumer).Messages.func2()
	/Users/jace/go/pkg/mod/github.com/nats-io/nats.go@v1.41.1/jetstream/pull.go:538 +0x68
created by github.com/nats-io/nats.go/jetstream.(*pullConsumer).Messages in goroutine 46222
	/Users/jace/go/pkg/mod/github.com/nats-io/nats.go@v1.41.1/jetstream/pull.go:536 +0x78a

goroutine 40339 [chan receive, 1 minutes]:
github.com/ThreeDotsLabs/watermill/message.(*messageTransformSubscriberDecorator).Subscribe.func1()
	/Users/jace/go/pkg/mod/github.com/!three!dots!labs/watermill@v1.4.6/message/decorator.go:52 +0x85
created by github.com/ThreeDotsLabs/watermill/message.(*messageTransformSubscriberDecorator).Subscribe in goroutine 40053
	/Users/jace/go/pkg/mod/github.com/!three!dots!labs/watermill@v1.4.6/message/decorator.go:51 +0xc7

goroutine 40340 [chan receive, 1 minutes]:
github.com/ThreeDotsLabs/watermill/message.(*handler).run(0xc0013b6ea0, {0x10a337fa0, 0xc0010e3360}, {0xc0018a0300, 0x6, 0xc000fb7080?})
	/Users/jace/go/pkg/mod/github.com/!three!dots!labs/watermill@v1.4.6/message/router.go:645 +0x2b4
github.com/ThreeDotsLabs/watermill/message.(*Router).RunHandlers.func1()
	/Users/jace/go/pkg/mod/github.com/!three!dots!labs/watermill@v1.4.6/message/router.go:460 +0x145
created by github.com/ThreeDotsLabs/watermill/message.(*Router).RunHandlers in goroutine 40053
	/Users/jace/go/pkg/mod/github.com/!three!dots!labs/watermill@v1.4.6/message/router.go:453 +0x606

goroutine 40278 [select, 1 minutes]:
github.com/nats-io/nats.go/jetstream.(*pullSubscription).Next(0xc00113e990)
	/Users/jace/go/pkg/mod/github.com/nats-io/nats.go@v1.41.1/jetstream/pull.go:589 +0x285
github.com/Black-And-White-Club/frolf-bot-shared/eventbus.(*eventBus).Subscribe.func1()
	/Users/jace/Documents/GitHub/frolf-bot-shared/eventbus/eventbus.go:326 +0x169
created by github.com/Black-And-White-Club/frolf-bot-shared/eventbus.(*eventBus).Subscribe in goroutine 40053
	/Users/jace/Documents/GitHub/frolf-bot-shared/eventbus/eventbus.go:315 +0xbf1

goroutine 40279 [chan receive, 1 minutes]:
github.com/ThreeDotsLabs/watermill/message.(*messageTransformSubscriberDecorator).Subscribe.func1()
	/Users/jace/go/pkg/mod/github.com/!three!dots!labs/watermill@v1.4.6/message/decorator.go:52 +0x85
created by github.com/ThreeDotsLabs/watermill/message.(*messageTransformSubscriberDecorator).Subscribe in goroutine 40053
	/Users/jace/go/pkg/mod/github.com/!three!dots!labs/watermill@v1.4.6/message/decorator.go:51 +0xc7

goroutine 40280 [chan receive, 1 minutes]:
github.com/ThreeDotsLabs/watermill/message.(*handler).run(0xc0013b71e0, {0x10a337fa0, 0xc0010e3590}, {0xc00197c0c0, 0x6, 0x0?})
	/Users/jace/go/pkg/mod/github.com/!three!dots!labs/watermill@v1.4.6/message/router.go:645 +0x2b4
github.com/ThreeDotsLabs/watermill/message.(*Router).RunHandlers.func1()
	/Users/jace/go/pkg/mod/github.com/!three!dots!labs/watermill@v1.4.6/message/router.go:460 +0x145
created by github.com/ThreeDotsLabs/watermill/message.(*Router).RunHandlers in goroutine 40053
	/Users/jace/go/pkg/mod/github.com/!three!dots!labs/watermill@v1.4.6/message/router.go:453 +0x606

goroutine 41335 [chan receive, 1 minutes]:
github.com/ThreeDotsLabs/watermill/message.(*handler).run(0xc002218f70, {0x10a337fa0, 0xc000227770}, {0xc001b36240, 0x6, 0xc002102f78?})
	/Users/jace/go/pkg/mod/github.com/!three!dots!labs/watermill@v1.4.6/message/router.go:645 +0x2b4
github.com/ThreeDotsLabs/watermill/message.(*Router).RunHandlers.func1()
	/Users/jace/go/pkg/mod/github.com/!three!dots!labs/watermill@v1.4.6/message/router.go:460 +0x145
created by github.com/ThreeDotsLabs/watermill/message.(*Router).RunHandlers in goroutine 41277
	/Users/jace/go/pkg/mod/github.com/!three!dots!labs/watermill@v1.4.6/message/router.go:453 +0x606

goroutine 41221 [sync.Cond.Wait, 1 minutes]:
sync.runtime_notifyListWait(0xc00222e710, 0x0)
	/usr/local/Cellar/go/1.24.2/libexec/src/runtime/sema.go:597 +0x159
sync.(*Cond).Wait(0x100010000?)
	/usr/local/Cellar/go/1.24.2/libexec/src/sync/cond.go:71 +0x85
github.com/nats-io/nats%2ego.(*asyncCallbacksHandler).asyncCBDispatcher(0xc0020e1920)
	/Users/jace/go/pkg/mod/github.com/nats-io/nats.go@v1.41.1/nats.go:3059 +0xdd
created by github.com/nats-io/nats%2ego.Options.Connect in goroutine 40610
	/Users/jace/go/pkg/mod/github.com/nats-io/nats.go@v1.41.1/nats.go:1635 +0x387

goroutine 41482 [select, 1 minutes]:
github.com/nats-io/nats.go/jetstream.(*pullSubscription).pullMessages(0xc002518240, {0xc001eb8000, 0x47})
	/Users/jace/go/pkg/mod/github.com/nats-io/nats.go@v1.41.1/jetstream/pull.go:955 +0x91
created by github.com/nats-io/nats.go/jetstream.(*pullConsumer).Messages in goroutine 41277
	/Users/jace/go/pkg/mod/github.com/nats-io/nats.go@v1.41.1/jetstream/pull.go:534 +0x748

goroutine 40367 [chan receive, 1 minutes]:
github.com/ThreeDotsLabs/watermill/message.(*messageTransformSubscriberDecorator).Subscribe.func1()
	/Users/jace/go/pkg/mod/github.com/!three!dots!labs/watermill@v1.4.6/message/decorator.go:52 +0x85
created by github.com/ThreeDotsLabs/watermill/message.(*messageTransformSubscriberDecorator).Subscribe in goroutine 40053
	/Users/jace/go/pkg/mod/github.com/!three!dots!labs/watermill@v1.4.6/message/decorator.go:51 +0xc7

goroutine 45194 [select, 1 minutes]:
github.com/nats-io/nats.go/jetstream.(*pullConsumer).Messages.func2()
	/Users/jace/go/pkg/mod/github.com/nats-io/nats.go@v1.41.1/jetstream/pull.go:538 +0x68
created by github.com/nats-io/nats.go/jetstream.(*pullConsumer).Messages in goroutine 44822
	/Users/jace/go/pkg/mod/github.com/nats-io/nats.go@v1.41.1/jetstream/pull.go:536 +0x78a

goroutine 46467 [chan receive, 1 minutes]:
github.com/ThreeDotsLabs/watermill/message.(*messageTransformSubscriberDecorator).Subscribe.func1()
	/Users/jace/go/pkg/mod/github.com/!three!dots!labs/watermill@v1.4.6/message/decorator.go:52 +0x85
created by github.com/ThreeDotsLabs/watermill/message.(*messageTransformSubscriberDecorator).Subscribe in goroutine 46222
	/Users/jace/go/pkg/mod/github.com/!three!dots!labs/watermill@v1.4.6/message/decorator.go:51 +0xc7

goroutine 41329 [chan receive, 1 minutes]:
github.com/ThreeDotsLabs/watermill/message.(*messageTransformSubscriberDecorator).Subscribe.func1()
	/Users/jace/go/pkg/mod/github.com/!three!dots!labs/watermill@v1.4.6/message/decorator.go:52 +0x85
created by github.com/ThreeDotsLabs/watermill/message.(*messageTransformSubscriberDecorator).Subscribe in goroutine 41277
	/Users/jace/go/pkg/mod/github.com/!three!dots!labs/watermill@v1.4.6/message/decorator.go:51 +0xc7

goroutine 40530 [sync.WaitGroup.Wait, 1 minutes]:
sync.runtime_SemacquireWaitGroup(0xc001f46b60?)
	/usr/local/Cellar/go/1.24.2/libexec/src/runtime/sema.go:110 +0x25
sync.(*WaitGroup).Wait(0xc001c67f30?)
	/usr/local/Cellar/go/1.24.2/libexec/src/sync/waitgroup.go:118 +0x48
github.com/ThreeDotsLabs/watermill/pubsub/sync.WaitGroupTimeout.func1()
	/Users/jace/go/pkg/mod/github.com/!three!dots!labs/watermill@v1.4.6/pubsub/sync/waitgroup.go:13 +0x25
created by github.com/ThreeDotsLabs/watermill/pubsub/sync.WaitGroupTimeout in goroutine 39398
	/Users/jace/go/pkg/mod/github.com/!three!dots!labs/watermill@v1.4.6/pubsub/sync/waitgroup.go:12 +0x85

goroutine 41557 [chan receive, 1 minutes]:
github.com/ThreeDotsLabs/watermill/message.(*handler).run(0xc002218a90, {0x10a337fa0, 0xc002520320}, {0xc00197c480, 0x6, 0x0?})
	/Users/jace/go/pkg/mod/github.com/!three!dots!labs/watermill@v1.4.6/message/router.go:645 +0x2b4
github.com/ThreeDotsLabs/watermill/message.(*Router).RunHandlers.func1()
	/Users/jace/go/pkg/mod/github.com/!three!dots!labs/watermill@v1.4.6/message/router.go:460 +0x145
created by github.com/ThreeDotsLabs/watermill/message.(*Router).RunHandlers in goroutine 41277
	/Users/jace/go/pkg/mod/github.com/!three!dots!labs/watermill@v1.4.6/message/router.go:453 +0x606

goroutine 41672 [chan receive, 1 minutes]:
github.com/ThreeDotsLabs/watermill/message.(*handler).run(0xc002218d00, {0x10a337fa0, 0xc0021fe550}, {0xc0001fc480, 0x6, 0x0?})
	/Users/jace/go/pkg/mod/github.com/!three!dots!labs/watermill@v1.4.6/message/router.go:645 +0x2b4
github.com/ThreeDotsLabs/watermill/message.(*Router).RunHandlers.func1()
	/Users/jace/go/pkg/mod/github.com/!three!dots!labs/watermill@v1.4.6/message/router.go:460 +0x145
created by github.com/ThreeDotsLabs/watermill/message.(*Router).RunHandlers in goroutine 41277
	/Users/jace/go/pkg/mod/github.com/!three!dots!labs/watermill@v1.4.6/message/router.go:453 +0x606

goroutine 41555 [select, 1 minutes]:
github.com/nats-io/nats.go/jetstream.(*pullSubscription).Next(0xc00258c360)
	/Users/jace/go/pkg/mod/github.com/nats-io/nats.go@v1.41.1/jetstream/pull.go:589 +0x285
github.com/Black-And-White-Club/frolf-bot-shared/eventbus.(*eventBus).Subscribe.func1()
	/Users/jace/Documents/GitHub/frolf-bot-shared/eventbus/eventbus.go:326 +0x169
created by github.com/Black-And-White-Club/frolf-bot-shared/eventbus.(*eventBus).Subscribe in goroutine 41277
	/Users/jace/Documents/GitHub/frolf-bot-shared/eventbus/eventbus.go:315 +0xbf1

goroutine 43895 [chan receive, 1 minutes]:
github.com/ThreeDotsLabs/watermill/message.(*handler).run(0xc001983d40, {0x10a337fa0, 0xc0020d8960}, {0xc000a532c0, 0x6, 0xc002107f78?})
	/Users/jace/go/pkg/mod/github.com/!three!dots!labs/watermill@v1.4.6/message/router.go:645 +0x2b4
github.com/ThreeDotsLabs/watermill/message.(*Router).RunHandlers.func1()
	/Users/jace/go/pkg/mod/github.com/!three!dots!labs/watermill@v1.4.6/message/router.go:460 +0x145
created by github.com/ThreeDotsLabs/watermill/message.(*Router).RunHandlers in goroutine 43736
	/Users/jace/go/pkg/mod/github.com/!three!dots!labs/watermill@v1.4.6/message/router.go:453 +0x606

goroutine 40465 [select, 1 minutes]:
github.com/nats-io/nats.go/jetstream.(*pullSubscription).Next(0xc002518510)
	/Users/jace/go/pkg/mod/github.com/nats-io/nats.go@v1.41.1/jetstream/pull.go:589 +0x285
github.com/Black-And-White-Club/frolf-bot-shared/eventbus.(*eventBus).Subscribe.func1()
	/Users/jace/Documents/GitHub/frolf-bot-shared/eventbus/eventbus.go:326 +0x169
created by github.com/Black-And-White-Club/frolf-bot-shared/eventbus.(*eventBus).Subscribe in goroutine 41277
	/Users/jace/Documents/GitHub/frolf-bot-shared/eventbus/eventbus.go:315 +0xbf1

goroutine 40364 [select, 1 minutes]:
github.com/nats-io/nats.go/jetstream.(*pullSubscription).pullMessages(0xc00172d950, {0xc00087bb60, 0x56})
	/Users/jace/go/pkg/mod/github.com/nats-io/nats.go@v1.41.1/jetstream/pull.go:955 +0x91
created by github.com/nats-io/nats.go/jetstream.(*pullConsumer).Messages in goroutine 40053
	/Users/jace/go/pkg/mod/github.com/nats-io/nats.go@v1.41.1/jetstream/pull.go:534 +0x748

goroutine 40427 [chan receive, 1 minutes]:
github.com/ThreeDotsLabs/watermill/message.(*messageTransformSubscriberDecorator).Subscribe.func1()
	/Users/jace/go/pkg/mod/github.com/!three!dots!labs/watermill@v1.4.6/message/decorator.go:52 +0x85
created by github.com/ThreeDotsLabs/watermill/message.(*messageTransformSubscriberDecorator).Subscribe in goroutine 40053
	/Users/jace/go/pkg/mod/github.com/!three!dots!labs/watermill@v1.4.6/message/decorator.go:51 +0xc7

goroutine 40363 [chan receive, 1 minutes]:
github.com/ThreeDotsLabs/watermill/message.(*handler).run(0xc0013b7790, {0x10a337fa0, 0xc001b62f00}, {0xc00015b380, 0x6, 0x1000000000001?})
	/Users/jace/go/pkg/mod/github.com/!three!dots!labs/watermill@v1.4.6/message/router.go:645 +0x2b4
github.com/ThreeDotsLabs/watermill/message.(*Router).RunHandlers.func1()
	/Users/jace/go/pkg/mod/github.com/!three!dots!labs/watermill@v1.4.6/message/router.go:460 +0x145
created by github.com/ThreeDotsLabs/watermill/message.(*Router).RunHandlers in goroutine 40053
	/Users/jace/go/pkg/mod/github.com/!three!dots!labs/watermill@v1.4.6/message/router.go:453 +0x606

goroutine 41437 [select, 1 minutes]:
github.com/nats-io/nats.go/jetstream.(*pullSubscription).pullMessages(0xc0021f39e0, {0xc000755f90, 0x4f})
	/Users/jace/go/pkg/mod/github.com/nats-io/nats.go@v1.41.1/jetstream/pull.go:955 +0x91
created by github.com/nats-io/nats.go/jetstream.(*pullConsumer).Messages in goroutine 41277
	/Users/jace/go/pkg/mod/github.com/nats-io/nats.go@v1.41.1/jetstream/pull.go:534 +0x748

goroutine 45197 [chan receive, 1 minutes]:
github.com/ThreeDotsLabs/watermill/message.(*handler).run(0xc000b85a00, {0x10a337fa0, 0xc001136a50}, {0xc00191c3c0, 0x6, 0x0?})
	/Users/jace/go/pkg/mod/github.com/!three!dots!labs/watermill@v1.4.6/message/router.go:645 +0x2b4
github.com/ThreeDotsLabs/watermill/message.(*Router).RunHandlers.func1()
	/Users/jace/go/pkg/mod/github.com/!three!dots!labs/watermill@v1.4.6/message/router.go:460 +0x145
created by github.com/ThreeDotsLabs/watermill/message.(*Router).RunHandlers in goroutine 44822
	/Users/jace/go/pkg/mod/github.com/!three!dots!labs/watermill@v1.4.6/message/router.go:453 +0x606

goroutine 48067 [chan receive, 1 minutes]:
github.com/ThreeDotsLabs/watermill/message.(*handler).run(0xc001312dd0, {0x10a337fa0, 0xc000c839a0}, {0xc00196ca80, 0x6, 0xc00205e778?})
	/Users/jace/go/pkg/mod/github.com/!three!dots!labs/watermill@v1.4.6/message/router.go:645 +0x2b4
github.com/ThreeDotsLabs/watermill/message.(*Router).RunHandlers.func1()
	/Users/jace/go/pkg/mod/github.com/!three!dots!labs/watermill@v1.4.6/message/router.go:460 +0x145
created by github.com/ThreeDotsLabs/watermill/message.(*Router).RunHandlers in goroutine 47950
	/Users/jace/go/pkg/mod/github.com/!three!dots!labs/watermill@v1.4.6/message/router.go:453 +0x606

goroutine 46542 [chan receive, 1 minutes]:
github.com/ThreeDotsLabs/watermill/message.(*messageTransformSubscriberDecorator).Subscribe.func1()
	/Users/jace/go/pkg/mod/github.com/!three!dots!labs/watermill@v1.4.6/message/decorator.go:52 +0x85
created by github.com/ThreeDotsLabs/watermill/message.(*messageTransformSubscriberDecorator).Subscribe in goroutine 46222
	/Users/jace/go/pkg/mod/github.com/!three!dots!labs/watermill@v1.4.6/message/decorator.go:51 +0xc7

goroutine 48139 [chan receive, 1 minutes]:
github.com/ThreeDotsLabs/watermill/message.(*handler).run(0xc001312a90, {0x10a337fa0, 0xc000a13d10}, {0xc0029e98c0, 0x6, 0x227368746150796c?})
	/Users/jace/go/pkg/mod/github.com/!three!dots!labs/watermill@v1.4.6/message/router.go:645 +0x2b4
github.com/ThreeDotsLabs/watermill/message.(*Router).RunHandlers.func1()
	/Users/jace/go/pkg/mod/github.com/!three!dots!labs/watermill@v1.4.6/message/router.go:460 +0x145
created by github.com/ThreeDotsLabs/watermill/message.(*Router).RunHandlers in goroutine 47950
	/Users/jace/go/pkg/mod/github.com/!three!dots!labs/watermill@v1.4.6/message/router.go:453 +0x606

goroutine 40424 [select, 1 minutes]:
github.com/nats-io/nats.go/jetstream.(*pullSubscription).pullMessages(0xc00097f680, {0xc0018a6230, 0x45})
	/Users/jace/go/pkg/mod/github.com/nats-io/nats.go@v1.41.1/jetstream/pull.go:955 +0x91
created by github.com/nats-io/nats.go/jetstream.(*pullConsumer).Messages in goroutine 40053
	/Users/jace/go/pkg/mod/github.com/nats-io/nats.go@v1.41.1/jetstream/pull.go:534 +0x748

goroutine 41606 [select, 1 minutes]:
github.com/nats-io/nats.go/jetstream.(*pullSubscription).pullMessages(0xc000f90240, {0xc00094a100, 0x3e})
	/Users/jace/go/pkg/mod/github.com/nats-io/nats.go@v1.41.1/jetstream/pull.go:955 +0x91
created by github.com/nats-io/nats.go/jetstream.(*pullConsumer).Messages in goroutine 41277
	/Users/jace/go/pkg/mod/github.com/nats-io/nats.go@v1.41.1/jetstream/pull.go:534 +0x748

goroutine 52447 [select]:
github.com/nats-io/nats.go/jetstream.(*pullConsumer).Messages.func2()
	/Users/jace/go/pkg/mod/github.com/nats-io/nats.go@v1.41.1/jetstream/pull.go:538 +0x68
created by github.com/nats-io/nats.go/jetstream.(*pullConsumer).Messages in goroutine 52535
	/Users/jace/go/pkg/mod/github.com/nats-io/nats.go@v1.41.1/jetstream/pull.go:536 +0x78a

goroutine 40287 [select, 1 minutes]:
github.com/nats-io/nats.go/jetstream.(*pullConsumer).Messages.func2()
	/Users/jace/go/pkg/mod/github.com/nats-io/nats.go@v1.41.1/jetstream/pull.go:538 +0x68
created by github.com/nats-io/nats.go/jetstream.(*pullConsumer).Messages in goroutine 40053
	/Users/jace/go/pkg/mod/github.com/nats-io/nats.go@v1.41.1/jetstream/pull.go:536 +0x78a

goroutine 40288 [select, 1 minutes]:
github.com/nats-io/nats.go/jetstream.(*pullSubscription).Next(0xc00113f710)
	/Users/jace/go/pkg/mod/github.com/nats-io/nats.go@v1.41.1/jetstream/pull.go:589 +0x285
github.com/Black-And-White-Club/frolf-bot-shared/eventbus.(*eventBus).Subscribe.func1()
	/Users/jace/Documents/GitHub/frolf-bot-shared/eventbus/eventbus.go:326 +0x169
created by github.com/Black-And-White-Club/frolf-bot-shared/eventbus.(*eventBus).Subscribe in goroutine 40053
	/Users/jace/Documents/GitHub/frolf-bot-shared/eventbus/eventbus.go:315 +0xbf1

goroutine 40289 [chan receive, 1 minutes]:
github.com/ThreeDotsLabs/watermill/message.(*messageTransformSubscriberDecorator).Subscribe.func1()
	/Users/jace/go/pkg/mod/github.com/!three!dots!labs/watermill@v1.4.6/message/decorator.go:52 +0x85
created by github.com/ThreeDotsLabs/watermill/message.(*messageTransformSubscriberDecorator).Subscribe in goroutine 40053
	/Users/jace/go/pkg/mod/github.com/!three!dots!labs/watermill@v1.4.6/message/decorator.go:51 +0xc7

goroutine 40450 [chan receive, 1 minutes]:
github.com/ThreeDotsLabs/watermill/message.(*handler).run(0xc0013b6c30, {0x10a337fa0, 0xc001c7c4b0}, {0xc00197c180, 0x6, 0x109d2077c?})
	/Users/jace/go/pkg/mod/github.com/!three!dots!labs/watermill@v1.4.6/message/router.go:645 +0x2b4
github.com/ThreeDotsLabs/watermill/message.(*Router).RunHandlers.func1()
	/Users/jace/go/pkg/mod/github.com/!three!dots!labs/watermill@v1.4.6/message/router.go:460 +0x145
created by github.com/ThreeDotsLabs/watermill/message.(*Router).RunHandlers in goroutine 40053
	/Users/jace/go/pkg/mod/github.com/!three!dots!labs/watermill@v1.4.6/message/router.go:453 +0x606

goroutine 42135 [chan receive, 1 minutes]:
github.com/ThreeDotsLabs/watermill/message.(*messageTransformSubscriberDecorator).Subscribe.func1()
	/Users/jace/go/pkg/mod/github.com/!three!dots!labs/watermill@v1.4.6/message/decorator.go:52 +0x85
created by github.com/ThreeDotsLabs/watermill/message.(*messageTransformSubscriberDecorator).Subscribe in goroutine 43736
	/Users/jace/go/pkg/mod/github.com/!three!dots!labs/watermill@v1.4.6/message/decorator.go:51 +0xc7

goroutine 46428 [select, 1 minutes]:
github.com/nats-io/nats.go/jetstream.(*pullSubscription).Next(0xc001f5c2d0)
	/Users/jace/go/pkg/mod/github.com/nats-io/nats.go@v1.41.1/jetstream/pull.go:589 +0x285
github.com/Black-And-White-Club/frolf-bot-shared/eventbus.(*eventBus).Subscribe.func1()
	/Users/jace/Documents/GitHub/frolf-bot-shared/eventbus/eventbus.go:326 +0x169
created by github.com/Black-And-White-Club/frolf-bot-shared/eventbus.(*eventBus).Subscribe in goroutine 46222
	/Users/jace/Documents/GitHub/frolf-bot-shared/eventbus/eventbus.go:315 +0xbf1

goroutine 41503 [select, 1 minutes]:
github.com/nats-io/nats.go/jetstream.(*pullSubscription).Next(0xc00271e120)
	/Users/jace/go/pkg/mod/github.com/nats-io/nats.go@v1.41.1/jetstream/pull.go:589 +0x285
github.com/Black-And-White-Club/frolf-bot-shared/eventbus.(*eventBus).Subscribe.func1()
	/Users/jace/Documents/GitHub/frolf-bot-shared/eventbus/eventbus.go:326 +0x169
created by github.com/Black-And-White-Club/frolf-bot-shared/eventbus.(*eventBus).Subscribe in goroutine 41277
	/Users/jace/Documents/GitHub/frolf-bot-shared/eventbus/eventbus.go:315 +0xbf1

goroutine 46543 [chan receive, 1 minutes]:
github.com/ThreeDotsLabs/watermill/message.(*handler).run(0xc0024d2d00, {0x10a337fa0, 0xc000ffa4b0}, {0xc0024c6180, 0x6, 0xc0016f0778?})
	/Users/jace/go/pkg/mod/github.com/!three!dots!labs/watermill@v1.4.6/message/router.go:645 +0x2b4
github.com/ThreeDotsLabs/watermill/message.(*Router).RunHandlers.func1()
	/Users/jace/go/pkg/mod/github.com/!three!dots!labs/watermill@v1.4.6/message/router.go:460 +0x145
created by github.com/ThreeDotsLabs/watermill/message.(*Router).RunHandlers in goroutine 46222
	/Users/jace/go/pkg/mod/github.com/!three!dots!labs/watermill@v1.4.6/message/router.go:453 +0x606

goroutine 41332 [select, 1 minutes]:
github.com/nats-io/nats.go/jetstream.(*pullConsumer).Messages.func2()
	/Users/jace/go/pkg/mod/github.com/nats-io/nats.go@v1.41.1/jetstream/pull.go:538 +0x68
created by github.com/nats-io/nats.go/jetstream.(*pullConsumer).Messages in goroutine 41277
	/Users/jace/go/pkg/mod/github.com/nats-io/nats.go@v1.41.1/jetstream/pull.go:536 +0x78a

goroutine 42897 [sync.WaitGroup.Wait, 1 minutes]:
sync.runtime_SemacquireWaitGroup(0x0?)
	/usr/local/Cellar/go/1.24.2/libexec/src/runtime/sema.go:110 +0x25
sync.(*WaitGroup).Wait(0xc001871f30?)
	/usr/local/Cellar/go/1.24.2/libexec/src/sync/waitgroup.go:118 +0x48
github.com/ThreeDotsLabs/watermill/pubsub/sync.WaitGroupTimeout.func1()
	/Users/jace/go/pkg/mod/github.com/!three!dots!labs/watermill@v1.4.6/pubsub/sync/waitgroup.go:13 +0x25
created by github.com/ThreeDotsLabs/watermill/pubsub/sync.WaitGroupTimeout in goroutine 40610
	/Users/jace/go/pkg/mod/github.com/!three!dots!labs/watermill@v1.4.6/pubsub/sync/waitgroup.go:12 +0x85

goroutine 48345 [chan receive, 1 minutes]:
github.com/ThreeDotsLabs/watermill/message.(*messageTransformSubscriberDecorator).Subscribe.func1()
	/Users/jace/go/pkg/mod/github.com/!three!dots!labs/watermill@v1.4.6/message/decorator.go:52 +0x85
created by github.com/ThreeDotsLabs/watermill/message.(*messageTransformSubscriberDecorator).Subscribe in goroutine 47950
	/Users/jace/go/pkg/mod/github.com/!three!dots!labs/watermill@v1.4.6/message/decorator.go:51 +0xc7

goroutine 45398 [sync.WaitGroup.Wait, 1 minutes]:
sync.runtime_SemacquireWaitGroup(0xc000461030?)
	/usr/local/Cellar/go/1.24.2/libexec/src/runtime/sema.go:110 +0x25
sync.(*WaitGroup).Wait(0xc001cf5740?)
	/usr/local/Cellar/go/1.24.2/libexec/src/sync/waitgroup.go:118 +0x48
github.com/ThreeDotsLabs/watermill/message.(*Router).waitForHandlers.func1()
	/Users/jace/go/pkg/mod/github.com/!three!dots!labs/watermill@v1.4.6/message/router.go:579 +0x4b
created by github.com/ThreeDotsLabs/watermill/message.(*Router).waitForHandlers in goroutine 44116
	/Users/jace/go/pkg/mod/github.com/!three!dots!labs/watermill@v1.4.6/message/router.go:577 +0x87

goroutine 50877 [chan receive, 1 minutes]:
github.com/ThreeDotsLabs/watermill/message.(*messageTransformSubscriberDecorator).Subscribe.func1()
	/Users/jace/go/pkg/mod/github.com/!three!dots!labs/watermill@v1.4.6/message/decorator.go:52 +0x85
created by github.com/ThreeDotsLabs/watermill/message.(*messageTransformSubscriberDecorator).Subscribe in goroutine 50717
	/Users/jace/go/pkg/mod/github.com/!three!dots!labs/watermill@v1.4.6/message/decorator.go:51 +0xc7

goroutine 40441 [select, 1 minutes]:
github.com/nats-io/nats.go/jetstream.(*pullSubscription).pullMessages(0xc001122990, {0xc000255360, 0x4b})
	/Users/jace/go/pkg/mod/github.com/nats-io/nats.go@v1.41.1/jetstream/pull.go:955 +0x91
created by github.com/nats-io/nats.go/jetstream.(*pullConsumer).Messages in goroutine 40053
	/Users/jace/go/pkg/mod/github.com/nats-io/nats.go@v1.41.1/jetstream/pull.go:534 +0x748

goroutine 40442 [select, 1 minutes]:
github.com/nats-io/nats.go/jetstream.(*pullConsumer).Messages.func2()
	/Users/jace/go/pkg/mod/github.com/nats-io/nats.go@v1.41.1/jetstream/pull.go:538 +0x68
created by github.com/nats-io/nats.go/jetstream.(*pullConsumer).Messages in goroutine 40053
	/Users/jace/go/pkg/mod/github.com/nats-io/nats.go@v1.41.1/jetstream/pull.go:536 +0x78a

goroutine 40443 [select, 1 minutes]:
github.com/nats-io/nats.go/jetstream.(*pullSubscription).Next(0xc001122990)
	/Users/jace/go/pkg/mod/github.com/nats-io/nats.go@v1.41.1/jetstream/pull.go:589 +0x285
github.com/Black-And-White-Club/frolf-bot-shared/eventbus.(*eventBus).Subscribe.func1()
	/Users/jace/Documents/GitHub/frolf-bot-shared/eventbus/eventbus.go:326 +0x169
created by github.com/Black-And-White-Club/frolf-bot-shared/eventbus.(*eventBus).Subscribe in goroutine 40053
	/Users/jace/Documents/GitHub/frolf-bot-shared/eventbus/eventbus.go:315 +0xbf1

goroutine 40444 [chan receive, 1 minutes]:
github.com/ThreeDotsLabs/watermill/message.(*messageTransformSubscriberDecorator).Subscribe.func1()
	/Users/jace/go/pkg/mod/github.com/!three!dots!labs/watermill@v1.4.6/message/decorator.go:52 +0x85
created by github.com/ThreeDotsLabs/watermill/message.(*messageTransformSubscriberDecorator).Subscribe in goroutine 40053
	/Users/jace/go/pkg/mod/github.com/!three!dots!labs/watermill@v1.4.6/message/decorator.go:51 +0xc7

goroutine 40445 [chan receive, 1 minutes]:
github.com/ThreeDotsLabs/watermill/message.(*handler).run(0xc0013b6d00, {0x10a337fa0, 0xc000f4e500}, {0xc0019a4300, 0x6, 0x0?})
	/Users/jace/go/pkg/mod/github.com/!three!dots!labs/watermill@v1.4.6/message/router.go:645 +0x2b4
github.com/ThreeDotsLabs/watermill/message.(*Router).RunHandlers.func1()
	/Users/jace/go/pkg/mod/github.com/!three!dots!labs/watermill@v1.4.6/message/router.go:460 +0x145
created by github.com/ThreeDotsLabs/watermill/message.(*Router).RunHandlers in goroutine 40053
	/Users/jace/go/pkg/mod/github.com/!three!dots!labs/watermill@v1.4.6/message/router.go:453 +0x606

goroutine 57473 [chan receive]:
github.com/ThreeDotsLabs/watermill/message.(*handler).run(0xc001e8eea0, {0x10a337fa0, 0xc002684eb0}, {0xc0013aed80, 0x6, 0xc001d21778?})
	/Users/jace/go/pkg/mod/github.com/!three!dots!labs/watermill@v1.4.6/message/router.go:645 +0x2b4
github.com/ThreeDotsLabs/watermill/message.(*Router).RunHandlers.func1()
	/Users/jace/go/pkg/mod/github.com/!three!dots!labs/watermill@v1.4.6/message/router.go:460 +0x145
created by github.com/ThreeDotsLabs/watermill/message.(*Router).RunHandlers in goroutine 57220
	/Users/jace/go/pkg/mod/github.com/!three!dots!labs/watermill@v1.4.6/message/router.go:453 +0x606

goroutine 43977 [chan receive, 1 minutes]:
github.com/ThreeDotsLabs/watermill/message.(*messageTransformSubscriberDecorator).Subscribe.func1()
	/Users/jace/go/pkg/mod/github.com/!three!dots!labs/watermill@v1.4.6/message/decorator.go:52 +0x85
created by github.com/ThreeDotsLabs/watermill/message.(*messageTransformSubscriberDecorator).Subscribe in goroutine 43736
	/Users/jace/go/pkg/mod/github.com/!three!dots!labs/watermill@v1.4.6/message/decorator.go:51 +0xc7

goroutine 60310 [select]:
github.com/nats-io/nats.go/jetstream.(*pullSubscription).pullMessages(0xc001ba94d0, {0xc001a3dec0, 0x56})
	/Users/jace/go/pkg/mod/github.com/nats-io/nats.go@v1.41.1/jetstream/pull.go:955 +0x91
created by github.com/nats-io/nats.go/jetstream.(*pullConsumer).Messages in goroutine 59782
	/Users/jace/go/pkg/mod/github.com/nats-io/nats.go@v1.41.1/jetstream/pull.go:534 +0x748

goroutine 40534 [select]:
github.com/nats-io/nats%2ego.(*Conn).doReconnect(0xc00155ce08, {0x10a327f28, 0x10acedb30}, 0x0)
	/Users/jace/go/pkg/mod/github.com/nats-io/nats.go@v1.41.1/nats.go:2907 +0x41a
created by github.com/nats-io/nats%2ego.(*Conn).processOpErr in goroutine 39994
	/Users/jace/go/pkg/mod/github.com/nats-io/nats.go@v1.41.1/nats.go:3043 +0x2f3

goroutine 45063 [select, 1 minutes]:
github.com/nats-io/nats.go/jetstream.(*pullConsumer).Messages.func2()
	/Users/jace/go/pkg/mod/github.com/nats-io/nats.go@v1.41.1/jetstream/pull.go:538 +0x68
created by github.com/nats-io/nats.go/jetstream.(*pullConsumer).Messages in goroutine 44822
	/Users/jace/go/pkg/mod/github.com/nats-io/nats.go@v1.41.1/jetstream/pull.go:536 +0x78a

goroutine 41454 [chan receive, 1 minutes]:
github.com/ThreeDotsLabs/watermill/message.(*messageTransformSubscriberDecorator).Subscribe.func1()
	/Users/jace/go/pkg/mod/github.com/!three!dots!labs/watermill@v1.4.6/message/decorator.go:52 +0x85
created by github.com/ThreeDotsLabs/watermill/message.(*messageTransformSubscriberDecorator).Subscribe in goroutine 41277
	/Users/jace/go/pkg/mod/github.com/!three!dots!labs/watermill@v1.4.6/message/decorator.go:51 +0xc7

goroutine 41327 [select, 1 minutes]:
github.com/nats-io/nats.go/jetstream.(*pullConsumer).Messages.func2()
	/Users/jace/go/pkg/mod/github.com/nats-io/nats.go@v1.41.1/jetstream/pull.go:538 +0x68
created by github.com/nats-io/nats.go/jetstream.(*pullConsumer).Messages in goroutine 41277
	/Users/jace/go/pkg/mod/github.com/nats-io/nats.go@v1.41.1/jetstream/pull.go:536 +0x78a

goroutine 43675 [sync.Cond.Wait, 1 minutes]:
sync.runtime_notifyListWait(0xc0016c0610, 0x0)
	/usr/local/Cellar/go/1.24.2/libexec/src/runtime/sema.go:597 +0x159
sync.(*Cond).Wait(0xc001d028c0?)
	/usr/local/Cellar/go/1.24.2/libexec/src/sync/cond.go:71 +0x85
github.com/nats-io/nats%2ego.(*asyncCallbacksHandler).asyncCBDispatcher(0xc001620200)
	/Users/jace/go/pkg/mod/github.com/nats-io/nats.go@v1.41.1/nats.go:3059 +0xdd
created by github.com/nats-io/nats%2ego.Options.Connect in goroutine 43111
	/Users/jace/go/pkg/mod/github.com/nats-io/nats.go@v1.41.1/nats.go:1635 +0x387

goroutine 41328 [select, 1 minutes]:
github.com/nats-io/nats.go/jetstream.(*pullSubscription).Next(0xc00258c7e0)
	/Users/jace/go/pkg/mod/github.com/nats-io/nats.go@v1.41.1/jetstream/pull.go:589 +0x285
github.com/Black-And-White-Club/frolf-bot-shared/eventbus.(*eventBus).Subscribe.func1()
	/Users/jace/Documents/GitHub/frolf-bot-shared/eventbus/eventbus.go:326 +0x169
created by github.com/Black-And-White-Club/frolf-bot-shared/eventbus.(*eventBus).Subscribe in goroutine 41277
	/Users/jace/Documents/GitHub/frolf-bot-shared/eventbus/eventbus.go:315 +0xbf1

goroutine 48331 [select, 1 minutes]:
github.com/nats-io/nats.go/jetstream.(*pullSubscription).Next(0xc001ac0630)
	/Users/jace/go/pkg/mod/github.com/nats-io/nats.go@v1.41.1/jetstream/pull.go:589 +0x285
github.com/Black-And-White-Club/frolf-bot-shared/eventbus.(*eventBus).Subscribe.func1()
	/Users/jace/Documents/GitHub/frolf-bot-shared/eventbus/eventbus.go:326 +0x169
created by github.com/Black-And-White-Club/frolf-bot-shared/eventbus.(*eventBus).Subscribe in goroutine 49230
	/Users/jace/Documents/GitHub/frolf-bot-shared/eventbus/eventbus.go:315 +0xbf1

goroutine 44003 [chan receive, 1 minutes]:
github.com/ThreeDotsLabs/watermill/message.(*messageTransformSubscriberDecorator).Subscribe.func1()
	/Users/jace/go/pkg/mod/github.com/!three!dots!labs/watermill@v1.4.6/message/decorator.go:52 +0x85
created by github.com/ThreeDotsLabs/watermill/message.(*messageTransformSubscriberDecorator).Subscribe in goroutine 43736
	/Users/jace/go/pkg/mod/github.com/!three!dots!labs/watermill@v1.4.6/message/decorator.go:51 +0xc7

goroutine 46408 [chan receive, 1 minutes]:
github.com/ThreeDotsLabs/watermill/message.(*messageTransformSubscriberDecorator).Subscribe.func1()
	/Users/jace/go/pkg/mod/github.com/!three!dots!labs/watermill@v1.4.6/message/decorator.go:52 +0x85
created by github.com/ThreeDotsLabs/watermill/message.(*messageTransformSubscriberDecorator).Subscribe in goroutine 46222
	/Users/jace/go/pkg/mod/github.com/!three!dots!labs/watermill@v1.4.6/message/decorator.go:51 +0xc7

goroutine 43744 [select, 1 minutes]:
github.com/nats-io/nats.go/jetstream.(*pullSubscription).pullMessages(0xc0011226c0, {0xc00179b950, 0x47})
	/Users/jace/go/pkg/mod/github.com/nats-io/nats.go@v1.41.1/jetstream/pull.go:955 +0x91
created by github.com/nats-io/nats.go/jetstream.(*pullConsumer).Messages in goroutine 43736
	/Users/jace/go/pkg/mod/github.com/nats-io/nats.go@v1.41.1/jetstream/pull.go:534 +0x748

goroutine 40414 [select, 1 minutes]:
github.com/nats-io/nats.go/jetstream.(*pullSubscription).pullMessages(0xc001042480, {0xc0007d6d70, 0x42})
	/Users/jace/go/pkg/mod/github.com/nats-io/nats.go@v1.41.1/jetstream/pull.go:955 +0x91
created by github.com/nats-io/nats.go/jetstream.(*pullConsumer).Messages in goroutine 40053
	/Users/jace/go/pkg/mod/github.com/nats-io/nats.go@v1.41.1/jetstream/pull.go:534 +0x748

goroutine 40415 [select, 1 minutes]:
github.com/nats-io/nats.go/jetstream.(*pullConsumer).Messages.func2()
	/Users/jace/go/pkg/mod/github.com/nats-io/nats.go@v1.41.1/jetstream/pull.go:538 +0x68
created by github.com/nats-io/nats.go/jetstream.(*pullConsumer).Messages in goroutine 40053
	/Users/jace/go/pkg/mod/github.com/nats-io/nats.go@v1.41.1/jetstream/pull.go:536 +0x78a

goroutine 40416 [select, 1 minutes]:
github.com/nats-io/nats.go/jetstream.(*pullSubscription).Next(0xc001042480)
	/Users/jace/go/pkg/mod/github.com/nats-io/nats.go@v1.41.1/jetstream/pull.go:589 +0x285
github.com/Black-And-White-Club/frolf-bot-shared/eventbus.(*eventBus).Subscribe.func1()
	/Users/jace/Documents/GitHub/frolf-bot-shared/eventbus/eventbus.go:326 +0x169
created by github.com/Black-And-White-Club/frolf-bot-shared/eventbus.(*eventBus).Subscribe in goroutine 40053
	/Users/jace/Documents/GitHub/frolf-bot-shared/eventbus/eventbus.go:315 +0xbf1

goroutine 40417 [chan receive, 1 minutes]:
github.com/ThreeDotsLabs/watermill/message.(*messageTransformSubscriberDecorator).Subscribe.func1()
	/Users/jace/go/pkg/mod/github.com/!three!dots!labs/watermill@v1.4.6/message/decorator.go:52 +0x85
created by github.com/ThreeDotsLabs/watermill/message.(*messageTransformSubscriberDecorator).Subscribe in goroutine 40053
	/Users/jace/go/pkg/mod/github.com/!three!dots!labs/watermill@v1.4.6/message/decorator.go:51 +0xc7

goroutine 40514 [chan receive, 1 minutes]:
github.com/ThreeDotsLabs/watermill/message.(*handler).run(0xc0013b7ad0, {0x10a337fa0, 0xc0000c41e0}, {0xc00015b5c0, 0x6, 0x0?})
	/Users/jace/go/pkg/mod/github.com/!three!dots!labs/watermill@v1.4.6/message/router.go:645 +0x2b4
github.com/ThreeDotsLabs/watermill/message.(*Router).RunHandlers.func1()
	/Users/jace/go/pkg/mod/github.com/!three!dots!labs/watermill@v1.4.6/message/router.go:460 +0x145
created by github.com/ThreeDotsLabs/watermill/message.(*Router).RunHandlers in goroutine 40053
	/Users/jace/go/pkg/mod/github.com/!three!dots!labs/watermill@v1.4.6/message/router.go:453 +0x606

goroutine 41678 [chan receive, 1 minutes]:
github.com/ThreeDotsLabs/watermill/message.(*handler).run(0xc002218dd0, {0x10a337fa0, 0xc0021fea50}, {0xc0001fc540, 0x6, 0x0?})
	/Users/jace/go/pkg/mod/github.com/!three!dots!labs/watermill@v1.4.6/message/router.go:645 +0x2b4
github.com/ThreeDotsLabs/watermill/message.(*Router).RunHandlers.func1()
	/Users/jace/go/pkg/mod/github.com/!three!dots!labs/watermill@v1.4.6/message/router.go:460 +0x145
created by github.com/ThreeDotsLabs/watermill/message.(*Router).RunHandlers in goroutine 41277
	/Users/jace/go/pkg/mod/github.com/!three!dots!labs/watermill@v1.4.6/message/router.go:453 +0x606

goroutine 41534 [select, 1 minutes]:
github.com/nats-io/nats.go/jetstream.(*pullConsumer).Messages.func2()
	/Users/jace/go/pkg/mod/github.com/nats-io/nats.go@v1.41.1/jetstream/pull.go:538 +0x68
created by github.com/nats-io/nats.go/jetstream.(*pullConsumer).Messages in goroutine 41277
	/Users/jace/go/pkg/mod/github.com/nats-io/nats.go@v1.41.1/jetstream/pull.go:536 +0x78a

goroutine 50874 [select, 1 minutes]:
github.com/nats-io/nats.go/jetstream.(*pullSubscription).pullMessages(0xc001837710, {0xc001eb9180, 0x45})
	/Users/jace/go/pkg/mod/github.com/nats-io/nats.go@v1.41.1/jetstream/pull.go:955 +0x91
created by github.com/nats-io/nats.go/jetstream.(*pullConsumer).Messages in goroutine 50717
	/Users/jace/go/pkg/mod/github.com/nats-io/nats.go@v1.41.1/jetstream/pull.go:534 +0x748

goroutine 41668 [select, 1 minutes]:
github.com/nats-io/nats.go/jetstream.(*pullSubscription).pullMessages(0xc0012b4fc0, {0xc00024efc0, 0x5a})
	/Users/jace/go/pkg/mod/github.com/nats-io/nats.go@v1.41.1/jetstream/pull.go:955 +0x91
created by github.com/nats-io/nats.go/jetstream.(*pullConsumer).Messages in goroutine 41277
	/Users/jace/go/pkg/mod/github.com/nats-io/nats.go@v1.41.1/jetstream/pull.go:534 +0x748

goroutine 41413 [chan receive, 1 minutes]:
github.com/ThreeDotsLabs/watermill/message.(*messageTransformSubscriberDecorator).Subscribe.func1()
	/Users/jace/go/pkg/mod/github.com/!three!dots!labs/watermill@v1.4.6/message/decorator.go:52 +0x85
created by github.com/ThreeDotsLabs/watermill/message.(*messageTransformSubscriberDecorator).Subscribe in goroutine 41277
	/Users/jace/go/pkg/mod/github.com/!three!dots!labs/watermill@v1.4.6/message/decorator.go:51 +0xc7

goroutine 41755 [select, 1 minutes]:
github.com/nats-io/nats.go/jetstream.(*pullSubscription).Next(0xc001ab2240)
	/Users/jace/go/pkg/mod/github.com/nats-io/nats.go@v1.41.1/jetstream/pull.go:589 +0x285
github.com/Black-And-White-Club/frolf-bot-shared/eventbus.(*eventBus).Subscribe.func1()
	/Users/jace/Documents/GitHub/frolf-bot-shared/eventbus/eventbus.go:326 +0x169
created by github.com/Black-And-White-Club/frolf-bot-shared/eventbus.(*eventBus).Subscribe in goroutine 41277
	/Users/jace/Documents/GitHub/frolf-bot-shared/eventbus/eventbus.go:315 +0xbf1

goroutine 41197 [sync.Cond.Wait, 1 minutes]:
sync.runtime_notifyListWait(0xc002284b50, 0x0)
	/usr/local/Cellar/go/1.24.2/libexec/src/runtime/sema.go:597 +0x159
sync.(*Cond).Wait(0xc0020c3960?)
	/usr/local/Cellar/go/1.24.2/libexec/src/sync/cond.go:71 +0x85
github.com/nats-io/nats%2ego.(*asyncCallbacksHandler).asyncCBDispatcher(0xc0022e82c0)
	/Users/jace/go/pkg/mod/github.com/nats-io/nats.go@v1.41.1/nats.go:3059 +0xdd
created by github.com/nats-io/nats%2ego.Options.Connect in goroutine 40610
	/Users/jace/go/pkg/mod/github.com/nats-io/nats.go@v1.41.1/nats.go:1635 +0x387

goroutine 44720 [chan receive, 1 minutes]:
github.com/ThreeDotsLabs/watermill/message.(*handler).run(0xc0014a4340, {0x10a337fa0, 0xc0026858b0}, {0xc0011f3e00, 0x6, 0x0?})
	/Users/jace/go/pkg/mod/github.com/!three!dots!labs/watermill@v1.4.6/message/router.go:645 +0x2b4
github.com/ThreeDotsLabs/watermill/message.(*Router).RunHandlers.func1()
	/Users/jace/go/pkg/mod/github.com/!three!dots!labs/watermill@v1.4.6/message/router.go:460 +0x145
created by github.com/ThreeDotsLabs/watermill/message.(*Router).RunHandlers in goroutine 44822
	/Users/jace/go/pkg/mod/github.com/!three!dots!labs/watermill@v1.4.6/message/router.go:453 +0x606

goroutine 41279 [sync.WaitGroup.Wait, 1 minutes]:
sync.runtime_SemacquireWaitGroup(0x0?)
	/usr/local/Cellar/go/1.24.2/libexec/src/runtime/sema.go:110 +0x25
sync.(*WaitGroup).Wait(0x0?)
	/usr/local/Cellar/go/1.24.2/libexec/src/sync/waitgroup.go:118 +0x48
github.com/ThreeDotsLabs/watermill/message.(*Router).watchAllHandlersStopped.func1()
	/Users/jace/go/pkg/mod/github.com/!three!dots!labs/watermill@v1.4.6/message/router.go:498 +0x86
created by github.com/ThreeDotsLabs/watermill/message.(*Router).watchAllHandlersStopped in goroutine 41277
	/Users/jace/go/pkg/mod/github.com/!three!dots!labs/watermill@v1.4.6/message/router.go:484 +0xec

goroutine 41333 [select, 1 minutes]:
github.com/nats-io/nats.go/jetstream.(*pullSubscription).Next(0xc001921e60)
	/Users/jace/go/pkg/mod/github.com/nats-io/nats.go@v1.41.1/jetstream/pull.go:589 +0x285
github.com/Black-And-White-Club/frolf-bot-shared/eventbus.(*eventBus).Subscribe.func1()
	/Users/jace/Documents/GitHub/frolf-bot-shared/eventbus/eventbus.go:326 +0x169
created by github.com/Black-And-White-Club/frolf-bot-shared/eventbus.(*eventBus).Subscribe in goroutine 41277
	/Users/jace/Documents/GitHub/frolf-bot-shared/eventbus/eventbus.go:315 +0xbf1

goroutine 41528 [select, 1 minutes]:
github.com/nats-io/nats.go/jetstream.(*pullSubscription).pullMessages(0xc00271e2d0, {0xc001186000, 0x58})
	/Users/jace/go/pkg/mod/github.com/nats-io/nats.go@v1.41.1/jetstream/pull.go:955 +0x91
created by github.com/nats-io/nats.go/jetstream.(*pullConsumer).Messages in goroutine 41277
	/Users/jace/go/pkg/mod/github.com/nats-io/nats.go@v1.41.1/jetstream/pull.go:534 +0x748

goroutine 41442 [chan receive, 1 minutes]:
github.com/ThreeDotsLabs/watermill/message.(*messageTransformSubscriberDecorator).Subscribe.func1()
	/Users/jace/go/pkg/mod/github.com/!three!dots!labs/watermill@v1.4.6/message/decorator.go:52 +0x85
created by github.com/ThreeDotsLabs/watermill/message.(*messageTransformSubscriberDecorator).Subscribe in goroutine 41277
	/Users/jace/go/pkg/mod/github.com/!three!dots!labs/watermill@v1.4.6/message/decorator.go:51 +0xc7

goroutine 41670 [select, 1 minutes]:
github.com/nats-io/nats.go/jetstream.(*pullSubscription).Next(0xc0012b4fc0)
	/Users/jace/go/pkg/mod/github.com/nats-io/nats.go@v1.41.1/jetstream/pull.go:589 +0x285
github.com/Black-And-White-Club/frolf-bot-shared/eventbus.(*eventBus).Subscribe.func1()
	/Users/jace/Documents/GitHub/frolf-bot-shared/eventbus/eventbus.go:326 +0x169
created by github.com/Black-And-White-Club/frolf-bot-shared/eventbus.(*eventBus).Subscribe in goroutine 41277
	/Users/jace/Documents/GitHub/frolf-bot-shared/eventbus/eventbus.go:315 +0xbf1

goroutine 41452 [select, 1 minutes]:
github.com/nats-io/nats.go/jetstream.(*pullConsumer).Messages.func2()
	/Users/jace/go/pkg/mod/github.com/nats-io/nats.go@v1.41.1/jetstream/pull.go:538 +0x68
created by github.com/nats-io/nats.go/jetstream.(*pullConsumer).Messages in goroutine 41277
	/Users/jace/go/pkg/mod/github.com/nats-io/nats.go@v1.41.1/jetstream/pull.go:536 +0x78a

goroutine 41530 [select, 1 minutes]:
github.com/nats-io/nats.go/jetstream.(*pullSubscription).Next(0xc00271e2d0)
	/Users/jace/go/pkg/mod/github.com/nats-io/nats.go@v1.41.1/jetstream/pull.go:589 +0x285
github.com/Black-And-White-Club/frolf-bot-shared/eventbus.(*eventBus).Subscribe.func1()
	/Users/jace/Documents/GitHub/frolf-bot-shared/eventbus/eventbus.go:326 +0x169
created by github.com/Black-And-White-Club/frolf-bot-shared/eventbus.(*eventBus).Subscribe in goroutine 41277
	/Users/jace/Documents/GitHub/frolf-bot-shared/eventbus/eventbus.go:315 +0xbf1

goroutine 45185 [select, 1 minutes]:
github.com/nats-io/nats.go/jetstream.(*pullConsumer).Messages.func2()
	/Users/jace/go/pkg/mod/github.com/nats-io/nats.go@v1.41.1/jetstream/pull.go:538 +0x68
created by github.com/nats-io/nats.go/jetstream.(*pullConsumer).Messages in goroutine 44822
	/Users/jace/go/pkg/mod/github.com/nats-io/nats.go@v1.41.1/jetstream/pull.go:536 +0x78a

goroutine 41443 [chan receive, 1 minutes]:
github.com/ThreeDotsLabs/watermill/message.(*handler).run(0xc002219ba0, {0x10a337fa0, 0xc001531630}, {0xc00222ac00, 0x6, 0x0?})
	/Users/jace/go/pkg/mod/github.com/!three!dots!labs/watermill@v1.4.6/message/router.go:645 +0x2b4
github.com/ThreeDotsLabs/watermill/message.(*Router).RunHandlers.func1()
	/Users/jace/go/pkg/mod/github.com/!three!dots!labs/watermill@v1.4.6/message/router.go:460 +0x145
created by github.com/ThreeDotsLabs/watermill/message.(*Router).RunHandlers in goroutine 41277
	/Users/jace/go/pkg/mod/github.com/!three!dots!labs/watermill@v1.4.6/message/router.go:453 +0x606

goroutine 41409 [select, 1 minutes]:
github.com/nats-io/nats.go/jetstream.(*pullSubscription).pullMessages(0xc002518a20, {0xc00179ae60, 0x4e})
	/Users/jace/go/pkg/mod/github.com/nats-io/nats.go@v1.41.1/jetstream/pull.go:955 +0x91
created by github.com/nats-io/nats.go/jetstream.(*pullConsumer).Messages in goroutine 41277
	/Users/jace/go/pkg/mod/github.com/nats-io/nats.go@v1.41.1/jetstream/pull.go:534 +0x748

goroutine 44778 [sync.Cond.Wait, 1 minutes]:
sync.runtime_notifyListWait(0xc000ba6610, 0x0)
	/usr/local/Cellar/go/1.24.2/libexec/src/runtime/sema.go:597 +0x159
sync.(*Cond).Wait(0xc001a7ae70?)
	/usr/local/Cellar/go/1.24.2/libexec/src/sync/cond.go:71 +0x85
github.com/nats-io/nats%2ego.(*asyncCallbacksHandler).asyncCBDispatcher(0xc000a23880)
	/Users/jace/go/pkg/mod/github.com/nats-io/nats.go@v1.41.1/nats.go:3059 +0xdd
created by github.com/nats-io/nats%2ego.Options.Connect in goroutine 44116
	/Users/jace/go/pkg/mod/github.com/nats-io/nats.go@v1.41.1/nats.go:1635 +0x387

goroutine 40463 [select, 1 minutes]:
github.com/nats-io/nats.go/jetstream.(*pullSubscription).pullMessages(0xc002518510, {0xc00179ad20, 0x48})
	/Users/jace/go/pkg/mod/github.com/nats-io/nats.go@v1.41.1/jetstream/pull.go:955 +0x91
created by github.com/nats-io/nats.go/jetstream.(*pullConsumer).Messages in goroutine 41277
	/Users/jace/go/pkg/mod/github.com/nats-io/nats.go@v1.41.1/jetstream/pull.go:534 +0x748

goroutine 41532 [chan receive, 1 minutes]:
github.com/ThreeDotsLabs/watermill/message.(*handler).run(0xc002219930, {0x10a337fa0, 0xc0025201e0}, {0xc00050e000, 0x6, 0x6535636263303333?})
	/Users/jace/go/pkg/mod/github.com/!three!dots!labs/watermill@v1.4.6/message/router.go:645 +0x2b4
github.com/ThreeDotsLabs/watermill/message.(*Router).RunHandlers.func1()
	/Users/jace/go/pkg/mod/github.com/!three!dots!labs/watermill@v1.4.6/message/router.go:460 +0x145
created by github.com/ThreeDotsLabs/watermill/message.(*Router).RunHandlers in goroutine 41277
	/Users/jace/go/pkg/mod/github.com/!three!dots!labs/watermill@v1.4.6/message/router.go:453 +0x606

goroutine 40464 [select, 1 minutes]:
github.com/nats-io/nats.go/jetstream.(*pullConsumer).Messages.func2()
	/Users/jace/go/pkg/mod/github.com/nats-io/nats.go@v1.41.1/jetstream/pull.go:538 +0x68
created by github.com/nats-io/nats.go/jetstream.(*pullConsumer).Messages in goroutine 41277
	/Users/jace/go/pkg/mod/github.com/nats-io/nats.go@v1.41.1/jetstream/pull.go:536 +0x78a

goroutine 41467 [select, 1 minutes]:
github.com/nats-io/nats.go/jetstream.(*pullSubscription).pullMessages(0xc0021f3200, {0xc000bbbf80, 0x40})
	/Users/jace/go/pkg/mod/github.com/nats-io/nats.go@v1.41.1/jetstream/pull.go:955 +0x91
created by github.com/nats-io/nats.go/jetstream.(*pullConsumer).Messages in goroutine 41277
	/Users/jace/go/pkg/mod/github.com/nats-io/nats.go@v1.41.1/jetstream/pull.go:534 +0x748

goroutine 41411 [select, 1 minutes]:
github.com/nats-io/nats.go/jetstream.(*pullConsumer).Messages.func2()
	/Users/jace/go/pkg/mod/github.com/nats-io/nats.go@v1.41.1/jetstream/pull.go:538 +0x68
created by github.com/nats-io/nats.go/jetstream.(*pullConsumer).Messages in goroutine 41277
	/Users/jace/go/pkg/mod/github.com/nats-io/nats.go@v1.41.1/jetstream/pull.go:536 +0x78a

goroutine 41468 [select, 1 minutes]:
github.com/nats-io/nats.go/jetstream.(*pullConsumer).Messages.func2()
	/Users/jace/go/pkg/mod/github.com/nats-io/nats.go@v1.41.1/jetstream/pull.go:538 +0x68
created by github.com/nats-io/nats.go/jetstream.(*pullConsumer).Messages in goroutine 41277
	/Users/jace/go/pkg/mod/github.com/nats-io/nats.go@v1.41.1/jetstream/pull.go:536 +0x78a

goroutine 44717 [select, 1 minutes]:
github.com/nats-io/nats.go/jetstream.(*pullConsumer).Messages.func2()
	/Users/jace/go/pkg/mod/github.com/nats-io/nats.go@v1.41.1/jetstream/pull.go:538 +0x68
created by github.com/nats-io/nats.go/jetstream.(*pullConsumer).Messages in goroutine 44822
	/Users/jace/go/pkg/mod/github.com/nats-io/nats.go@v1.41.1/jetstream/pull.go:536 +0x78a

goroutine 41334 [chan receive, 1 minutes]:
github.com/ThreeDotsLabs/watermill/message.(*messageTransformSubscriberDecorator).Subscribe.func1()
	/Users/jace/go/pkg/mod/github.com/!three!dots!labs/watermill@v1.4.6/message/decorator.go:52 +0x85
created by github.com/ThreeDotsLabs/watermill/message.(*messageTransformSubscriberDecorator).Subscribe in goroutine 41277
	/Users/jace/go/pkg/mod/github.com/!three!dots!labs/watermill@v1.4.6/message/decorator.go:51 +0xc7

goroutine 41351 [select, 1 minutes]:
github.com/nats-io/nats.go/jetstream.(*pullSubscription).pullMessages(0xc002199c20, {0xc000755d10, 0x45})
	/Users/jace/go/pkg/mod/github.com/nats-io/nats.go@v1.41.1/jetstream/pull.go:955 +0x91
created by github.com/nats-io/nats.go/jetstream.(*pullConsumer).Messages in goroutine 41277
	/Users/jace/go/pkg/mod/github.com/nats-io/nats.go@v1.41.1/jetstream/pull.go:534 +0x748

goroutine 41352 [select, 1 minutes]:
github.com/nats-io/nats.go/jetstream.(*pullConsumer).Messages.func2()
	/Users/jace/go/pkg/mod/github.com/nats-io/nats.go@v1.41.1/jetstream/pull.go:538 +0x68
created by github.com/nats-io/nats.go/jetstream.(*pullConsumer).Messages in goroutine 41277
	/Users/jace/go/pkg/mod/github.com/nats-io/nats.go@v1.41.1/jetstream/pull.go:536 +0x78a

goroutine 41353 [select, 1 minutes]:
github.com/nats-io/nats.go/jetstream.(*pullSubscription).Next(0xc002199c20)
	/Users/jace/go/pkg/mod/github.com/nats-io/nats.go@v1.41.1/jetstream/pull.go:589 +0x285
github.com/Black-And-White-Club/frolf-bot-shared/eventbus.(*eventBus).Subscribe.func1()
	/Users/jace/Documents/GitHub/frolf-bot-shared/eventbus/eventbus.go:326 +0x169
created by github.com/Black-And-White-Club/frolf-bot-shared/eventbus.(*eventBus).Subscribe in goroutine 41277
	/Users/jace/Documents/GitHub/frolf-bot-shared/eventbus/eventbus.go:315 +0xbf1

goroutine 41354 [chan receive, 1 minutes]:
github.com/ThreeDotsLabs/watermill/message.(*messageTransformSubscriberDecorator).Subscribe.func1()
	/Users/jace/go/pkg/mod/github.com/!three!dots!labs/watermill@v1.4.6/message/decorator.go:52 +0x85
created by github.com/ThreeDotsLabs/watermill/message.(*messageTransformSubscriberDecorator).Subscribe in goroutine 41277
	/Users/jace/go/pkg/mod/github.com/!three!dots!labs/watermill@v1.4.6/message/decorator.go:51 +0xc7

goroutine 41355 [chan receive, 1 minutes]:
github.com/ThreeDotsLabs/watermill/message.(*handler).run(0xc002218c30, {0x10a337fa0, 0xc001e696d0}, {0xc002196600, 0x6, 0xc001d17f78?})
	/Users/jace/go/pkg/mod/github.com/!three!dots!labs/watermill@v1.4.6/message/router.go:645 +0x2b4
github.com/ThreeDotsLabs/watermill/message.(*Router).RunHandlers.func1()
	/Users/jace/go/pkg/mod/github.com/!three!dots!labs/watermill@v1.4.6/message/router.go:460 +0x145
created by github.com/ThreeDotsLabs/watermill/message.(*Router).RunHandlers in goroutine 41277
	/Users/jace/go/pkg/mod/github.com/!three!dots!labs/watermill@v1.4.6/message/router.go:453 +0x606

goroutine 49330 [select, 1 minutes]:
github.com/nats-io/nats.go/jetstream.(*pullSubscription).pullMessages(0xc001ac0fc0, {0xc000131cc0, 0x40})
	/Users/jace/go/pkg/mod/github.com/nats-io/nats.go@v1.41.1/jetstream/pull.go:955 +0x91
created by github.com/nats-io/nats.go/jetstream.(*pullConsumer).Messages in goroutine 49230
	/Users/jace/go/pkg/mod/github.com/nats-io/nats.go@v1.41.1/jetstream/pull.go:534 +0x748

goroutine 41461 [chan receive, 1 minutes]:
github.com/ThreeDotsLabs/watermill/message.(*handler).run(0xc002219380, {0x10a337fa0, 0xc000f4fae0}, {0xc002196840, 0x6, 0xc002103f78?})
	/Users/jace/go/pkg/mod/github.com/!three!dots!labs/watermill@v1.4.6/message/router.go:645 +0x2b4
github.com/ThreeDotsLabs/watermill/message.(*Router).RunHandlers.func1()
	/Users/jace/go/pkg/mod/github.com/!three!dots!labs/watermill@v1.4.6/message/router.go:460 +0x145
created by github.com/ThreeDotsLabs/watermill/message.(*Router).RunHandlers in goroutine 41277
	/Users/jace/go/pkg/mod/github.com/!three!dots!labs/watermill@v1.4.6/message/router.go:453 +0x606

goroutine 41460 [chan receive, 1 minutes]:
github.com/ThreeDotsLabs/watermill/message.(*messageTransformSubscriberDecorator).Subscribe.func1()
	/Users/jace/go/pkg/mod/github.com/!three!dots!labs/watermill@v1.4.6/message/decorator.go:52 +0x85
created by github.com/ThreeDotsLabs/watermill/message.(*messageTransformSubscriberDecorator).Subscribe in goroutine 41277
	/Users/jace/go/pkg/mod/github.com/!three!dots!labs/watermill@v1.4.6/message/decorator.go:51 +0xc7

goroutine 41438 [select, 1 minutes]:
github.com/nats-io/nats.go/jetstream.(*pullConsumer).Messages.func2()
	/Users/jace/go/pkg/mod/github.com/nats-io/nats.go@v1.41.1/jetstream/pull.go:538 +0x68
created by github.com/nats-io/nats.go/jetstream.(*pullConsumer).Messages in goroutine 41277
	/Users/jace/go/pkg/mod/github.com/nats-io/nats.go@v1.41.1/jetstream/pull.go:536 +0x78a

goroutine 48292 [chan receive, 1 minutes]:
github.com/ThreeDotsLabs/watermill/message.(*messageTransformSubscriberDecorator).Subscribe.func1()
	/Users/jace/go/pkg/mod/github.com/!three!dots!labs/watermill@v1.4.6/message/decorator.go:52 +0x85
created by github.com/ThreeDotsLabs/watermill/message.(*messageTransformSubscriberDecorator).Subscribe in goroutine 47950
	/Users/jace/go/pkg/mod/github.com/!three!dots!labs/watermill@v1.4.6/message/decorator.go:51 +0xc7

goroutine 50970 [select, 1 minutes]:
github.com/nats-io/nats.go/jetstream.(*pullConsumer).Messages.func2()
	/Users/jace/go/pkg/mod/github.com/nats-io/nats.go@v1.41.1/jetstream/pull.go:538 +0x68
created by github.com/nats-io/nats.go/jetstream.(*pullConsumer).Messages in goroutine 50717
	/Users/jace/go/pkg/mod/github.com/nats-io/nats.go@v1.41.1/jetstream/pull.go:536 +0x78a

goroutine 41359 [select, 1 minutes]:
github.com/nats-io/nats.go/jetstream.(*pullSubscription).pullMessages(0xc0021f22d0, {0xc000755e00, 0x45})
	/Users/jace/go/pkg/mod/github.com/nats-io/nats.go@v1.41.1/jetstream/pull.go:955 +0x91
created by github.com/nats-io/nats.go/jetstream.(*pullConsumer).Messages in goroutine 41277
	/Users/jace/go/pkg/mod/github.com/nats-io/nats.go@v1.41.1/jetstream/pull.go:534 +0x748

goroutine 41360 [select, 1 minutes]:
github.com/nats-io/nats.go/jetstream.(*pullConsumer).Messages.func2()
	/Users/jace/go/pkg/mod/github.com/nats-io/nats.go@v1.41.1/jetstream/pull.go:538 +0x68
created by github.com/nats-io/nats.go/jetstream.(*pullConsumer).Messages in goroutine 41277
	/Users/jace/go/pkg/mod/github.com/nats-io/nats.go@v1.41.1/jetstream/pull.go:536 +0x78a

goroutine 41361 [select, 1 minutes]:
github.com/nats-io/nats.go/jetstream.(*pullSubscription).Next(0xc0021f22d0)
	/Users/jace/go/pkg/mod/github.com/nats-io/nats.go@v1.41.1/jetstream/pull.go:589 +0x285
github.com/Black-And-White-Club/frolf-bot-shared/eventbus.(*eventBus).Subscribe.func1()
	/Users/jace/Documents/GitHub/frolf-bot-shared/eventbus/eventbus.go:326 +0x169
created by github.com/Black-And-White-Club/frolf-bot-shared/eventbus.(*eventBus).Subscribe in goroutine 41277
	/Users/jace/Documents/GitHub/frolf-bot-shared/eventbus/eventbus.go:315 +0xbf1

goroutine 41394 [chan receive, 1 minutes]:
github.com/ThreeDotsLabs/watermill/message.(*messageTransformSubscriberDecorator).Subscribe.func1()
	/Users/jace/go/pkg/mod/github.com/!three!dots!labs/watermill@v1.4.6/message/decorator.go:52 +0x85
created by github.com/ThreeDotsLabs/watermill/message.(*messageTransformSubscriberDecorator).Subscribe in goroutine 41277
	/Users/jace/go/pkg/mod/github.com/!three!dots!labs/watermill@v1.4.6/message/decorator.go:51 +0xc7

goroutine 41395 [chan receive, 1 minutes]:
github.com/ThreeDotsLabs/watermill/message.(*handler).run(0xc002219110, {0x10a337fa0, 0xc001b637c0}, {0xc002151680, 0x6, 0x4?})
	/Users/jace/go/pkg/mod/github.com/!three!dots!labs/watermill@v1.4.6/message/router.go:645 +0x2b4
github.com/ThreeDotsLabs/watermill/message.(*Router).RunHandlers.func1()
	/Users/jace/go/pkg/mod/github.com/!three!dots!labs/watermill@v1.4.6/message/router.go:460 +0x145
created by github.com/ThreeDotsLabs/watermill/message.(*Router).RunHandlers in goroutine 41277
	/Users/jace/go/pkg/mod/github.com/!three!dots!labs/watermill@v1.4.6/message/router.go:453 +0x606

goroutine 41778 [chan receive, 1 minutes]:
github.com/ThreeDotsLabs/watermill/message.(*handler).run(0xc002219a00, {0x10a337fa0, 0xc0026851d0}, {0xc0001fc6c0, 0x6, 0x1000000000001?})
	/Users/jace/go/pkg/mod/github.com/!three!dots!labs/watermill@v1.4.6/message/router.go:645 +0x2b4
github.com/ThreeDotsLabs/watermill/message.(*Router).RunHandlers.func1()
	/Users/jace/go/pkg/mod/github.com/!three!dots!labs/watermill@v1.4.6/message/router.go:460 +0x145
created by github.com/ThreeDotsLabs/watermill/message.(*Router).RunHandlers in goroutine 41277
	/Users/jace/go/pkg/mod/github.com/!three!dots!labs/watermill@v1.4.6/message/router.go:453 +0x606

goroutine 41804 [chan receive, 1 minutes]:
github.com/ThreeDotsLabs/watermill/message.(*handler).run(0xc002218b60, {0x10a337fa0, 0xc000a2c460}, {0xc000a52000, 0x6, 0x0?})
	/Users/jace/go/pkg/mod/github.com/!three!dots!labs/watermill@v1.4.6/message/router.go:645 +0x2b4
github.com/ThreeDotsLabs/watermill/message.(*Router).RunHandlers.func1()
	/Users/jace/go/pkg/mod/github.com/!three!dots!labs/watermill@v1.4.6/message/router.go:460 +0x145
created by github.com/ThreeDotsLabs/watermill/message.(*Router).RunHandlers in goroutine 41277
	/Users/jace/go/pkg/mod/github.com/!three!dots!labs/watermill@v1.4.6/message/router.go:453 +0x606

goroutine 41675 [select, 1 minutes]:
github.com/nats-io/nats.go/jetstream.(*pullConsumer).Messages.func2()
	/Users/jace/go/pkg/mod/github.com/nats-io/nats.go@v1.41.1/jetstream/pull.go:538 +0x68
created by github.com/nats-io/nats.go/jetstream.(*pullConsumer).Messages in goroutine 41277
	/Users/jace/go/pkg/mod/github.com/nats-io/nats.go@v1.41.1/jetstream/pull.go:536 +0x78a

goroutine 46626 [select, 1 minutes]:
github.com/nats-io/nats.go/jetstream.(*pullSubscription).pullMessages(0xc002336630, {0xc0018a62d0, 0x4b})
	/Users/jace/go/pkg/mod/github.com/nats-io/nats.go@v1.41.1/jetstream/pull.go:955 +0x91
created by github.com/nats-io/nats.go/jetstream.(*pullConsumer).Messages in goroutine 46222
	/Users/jace/go/pkg/mod/github.com/nats-io/nats.go@v1.41.1/jetstream/pull.go:534 +0x748

goroutine 41470 [chan receive, 1 minutes]:
github.com/ThreeDotsLabs/watermill/message.(*messageTransformSubscriberDecorator).Subscribe.func1()
	/Users/jace/go/pkg/mod/github.com/!three!dots!labs/watermill@v1.4.6/message/decorator.go:52 +0x85
created by github.com/ThreeDotsLabs/watermill/message.(*messageTransformSubscriberDecorator).Subscribe in goroutine 41277
	/Users/jace/go/pkg/mod/github.com/!three!dots!labs/watermill@v1.4.6/message/decorator.go:51 +0xc7

goroutine 49283 [select, 1 minutes]:
github.com/nats-io/nats.go/jetstream.(*pullSubscription).Next(0xc002b4ec60)
	/Users/jace/go/pkg/mod/github.com/nats-io/nats.go@v1.41.1/jetstream/pull.go:589 +0x285
github.com/Black-And-White-Club/frolf-bot-shared/eventbus.(*eventBus).Subscribe.func1()
	/Users/jace/Documents/GitHub/frolf-bot-shared/eventbus/eventbus.go:326 +0x169
created by github.com/Black-And-White-Club/frolf-bot-shared/eventbus.(*eventBus).Subscribe in goroutine 49230
	/Users/jace/Documents/GitHub/frolf-bot-shared/eventbus/eventbus.go:315 +0xbf1

goroutine 41471 [chan receive, 1 minutes]:
github.com/ThreeDotsLabs/watermill/message.(*handler).run(0xc0022195f0, {0x10a337fa0, 0xc0021fe370}, {0xc00197c3c0, 0x6, 0xc001b03f78?})
	/Users/jace/go/pkg/mod/github.com/!three!dots!labs/watermill@v1.4.6/message/router.go:645 +0x2b4
github.com/ThreeDotsLabs/watermill/message.(*Router).RunHandlers.func1()
	/Users/jace/go/pkg/mod/github.com/!three!dots!labs/watermill@v1.4.6/message/router.go:460 +0x145
created by github.com/ThreeDotsLabs/watermill/message.(*Router).RunHandlers in goroutine 41277
	/Users/jace/go/pkg/mod/github.com/!three!dots!labs/watermill@v1.4.6/message/router.go:453 +0x606

goroutine 41770 [chan receive, 1 minutes]:
github.com/ThreeDotsLabs/watermill/message.(*messageTransformSubscriberDecorator).Subscribe.func1()
	/Users/jace/go/pkg/mod/github.com/!three!dots!labs/watermill@v1.4.6/message/decorator.go:52 +0x85
created by github.com/ThreeDotsLabs/watermill/message.(*messageTransformSubscriberDecorator).Subscribe in goroutine 41277
	/Users/jace/go/pkg/mod/github.com/!three!dots!labs/watermill@v1.4.6/message/decorator.go:51 +0xc7

goroutine 45290 [chan receive, 1 minutes]:
github.com/ThreeDotsLabs/watermill/message.(*messageTransformSubscriberDecorator).Subscribe.func1()
	/Users/jace/go/pkg/mod/github.com/!three!dots!labs/watermill@v1.4.6/message/decorator.go:52 +0x85
created by github.com/ThreeDotsLabs/watermill/message.(*messageTransformSubscriberDecorator).Subscribe in goroutine 44822
	/Users/jace/go/pkg/mod/github.com/!three!dots!labs/watermill@v1.4.6/message/decorator.go:51 +0xc7

goroutine 41803 [chan receive, 1 minutes]:
github.com/ThreeDotsLabs/watermill/message.(*messageTransformSubscriberDecorator).Subscribe.func1()
	/Users/jace/go/pkg/mod/github.com/!three!dots!labs/watermill@v1.4.6/message/decorator.go:52 +0x85
created by github.com/ThreeDotsLabs/watermill/message.(*messageTransformSubscriberDecorator).Subscribe in goroutine 41277
	/Users/jace/go/pkg/mod/github.com/!three!dots!labs/watermill@v1.4.6/message/decorator.go:51 +0xc7

goroutine 41608 [select, 1 minutes]:
github.com/nats-io/nats.go/jetstream.(*pullSubscription).Next(0xc000f90240)
	/Users/jace/go/pkg/mod/github.com/nats-io/nats.go@v1.41.1/jetstream/pull.go:589 +0x285
github.com/Black-And-White-Club/frolf-bot-shared/eventbus.(*eventBus).Subscribe.func1()
	/Users/jace/Documents/GitHub/frolf-bot-shared/eventbus/eventbus.go:326 +0x169
created by github.com/Black-And-White-Club/frolf-bot-shared/eventbus.(*eventBus).Subscribe in goroutine 41277
	/Users/jace/Documents/GitHub/frolf-bot-shared/eventbus/eventbus.go:315 +0xbf1

goroutine 41771 [chan receive, 1 minutes]:
github.com/ThreeDotsLabs/watermill/message.(*handler).run(0xc0022191e0, {0x10a337fa0, 0xc0021ff9a0}, {0xc000abc000, 0x6, 0x100010000?})
	/Users/jace/go/pkg/mod/github.com/!three!dots!labs/watermill@v1.4.6/message/router.go:645 +0x2b4
github.com/ThreeDotsLabs/watermill/message.(*Router).RunHandlers.func1()
	/Users/jace/go/pkg/mod/github.com/!three!dots!labs/watermill@v1.4.6/message/router.go:460 +0x145
created by github.com/ThreeDotsLabs/watermill/message.(*Router).RunHandlers in goroutine 41277
	/Users/jace/go/pkg/mod/github.com/!three!dots!labs/watermill@v1.4.6/message/router.go:453 +0x606

goroutine 46229 [select, 1 minutes]:
github.com/nats-io/nats.go/jetstream.(*pullSubscription).pullMessages(0xc00213c480, {0xc0007d7d10, 0x45})
	/Users/jace/go/pkg/mod/github.com/nats-io/nats.go@v1.41.1/jetstream/pull.go:955 +0x91
created by github.com/nats-io/nats.go/jetstream.(*pullConsumer).Messages in goroutine 46222
	/Users/jace/go/pkg/mod/github.com/nats-io/nats.go@v1.41.1/jetstream/pull.go:534 +0x748

goroutine 41529 [select, 1 minutes]:
github.com/nats-io/nats.go/jetstream.(*pullConsumer).Messages.func2()
	/Users/jace/go/pkg/mod/github.com/nats-io/nats.go@v1.41.1/jetstream/pull.go:538 +0x68
created by github.com/nats-io/nats.go/jetstream.(*pullConsumer).Messages in goroutine 41277
	/Users/jace/go/pkg/mod/github.com/nats-io/nats.go@v1.41.1/jetstream/pull.go:536 +0x78a

goroutine 41533 [select, 1 minutes]:
github.com/nats-io/nats.go/jetstream.(*pullSubscription).pullMessages(0xc00271e990, {0xc0007d6b40, 0x50})
	/Users/jace/go/pkg/mod/github.com/nats-io/nats.go@v1.41.1/jetstream/pull.go:955 +0x91
created by github.com/nats-io/nats.go/jetstream.(*pullConsumer).Messages in goroutine 41277
	/Users/jace/go/pkg/mod/github.com/nats-io/nats.go@v1.41.1/jetstream/pull.go:534 +0x748

goroutine 41531 [chan receive, 1 minutes]:
github.com/ThreeDotsLabs/watermill/message.(*messageTransformSubscriberDecorator).Subscribe.func1()
	/Users/jace/go/pkg/mod/github.com/!three!dots!labs/watermill@v1.4.6/message/decorator.go:52 +0x85
created by github.com/ThreeDotsLabs/watermill/message.(*messageTransformSubscriberDecorator).Subscribe in goroutine 41277
	/Users/jace/go/pkg/mod/github.com/!three!dots!labs/watermill@v1.4.6/message/decorator.go:51 +0xc7

goroutine 41726 [chan receive, 1 minutes]:
github.com/ThreeDotsLabs/watermill/message.(*handler).run(0xc002219860, {0x10a337fa0, 0xc00098b180}, {0xc0020d0180, 0x6, 0x0?})
	/Users/jace/go/pkg/mod/github.com/!three!dots!labs/watermill@v1.4.6/message/router.go:645 +0x2b4
github.com/ThreeDotsLabs/watermill/message.(*Router).RunHandlers.func1()
	/Users/jace/go/pkg/mod/github.com/!three!dots!labs/watermill@v1.4.6/message/router.go:460 +0x145
created by github.com/ThreeDotsLabs/watermill/message.(*Router).RunHandlers in goroutine 41277
	/Users/jace/go/pkg/mod/github.com/!three!dots!labs/watermill@v1.4.6/message/router.go:453 +0x606

goroutine 49284 [chan receive, 1 minutes]:
github.com/ThreeDotsLabs/watermill/message.(*messageTransformSubscriberDecorator).Subscribe.func1()
	/Users/jace/go/pkg/mod/github.com/!three!dots!labs/watermill@v1.4.6/message/decorator.go:52 +0x85
created by github.com/ThreeDotsLabs/watermill/message.(*messageTransformSubscriberDecorator).Subscribe in goroutine 49230
	/Users/jace/go/pkg/mod/github.com/!three!dots!labs/watermill@v1.4.6/message/decorator.go:51 +0xc7

goroutine 41769 [select, 1 minutes]:
github.com/nats-io/nats.go/jetstream.(*pullSubscription).Next(0xc00258d8c0)
	/Users/jace/go/pkg/mod/github.com/nats-io/nats.go@v1.41.1/jetstream/pull.go:589 +0x285
github.com/Black-And-White-Club/frolf-bot-shared/eventbus.(*eventBus).Subscribe.func1()
	/Users/jace/Documents/GitHub/frolf-bot-shared/eventbus/eventbus.go:326 +0x169
created by github.com/Black-And-White-Club/frolf-bot-shared/eventbus.(*eventBus).Subscribe in goroutine 41277
	/Users/jace/Documents/GitHub/frolf-bot-shared/eventbus/eventbus.go:315 +0xbf1

goroutine 41483 [select, 1 minutes]:
github.com/nats-io/nats.go/jetstream.(*pullConsumer).Messages.func2()
	/Users/jace/go/pkg/mod/github.com/nats-io/nats.go@v1.41.1/jetstream/pull.go:538 +0x68
created by github.com/nats-io/nats.go/jetstream.(*pullConsumer).Messages in goroutine 41277
	/Users/jace/go/pkg/mod/github.com/nats-io/nats.go@v1.41.1/jetstream/pull.go:536 +0x78a

goroutine 43960 [select, 1 minutes]:
github.com/nats-io/nats.go/jetstream.(*pullSubscription).pullMessages(0xc002336360, {0xc00179ba40, 0x4b})
	/Users/jace/go/pkg/mod/github.com/nats-io/nats.go@v1.41.1/jetstream/pull.go:955 +0x91
created by github.com/nats-io/nats.go/jetstream.(*pullConsumer).Messages in goroutine 43736
	/Users/jace/go/pkg/mod/github.com/nats-io/nats.go@v1.41.1/jetstream/pull.go:534 +0x748

goroutine 41724 [select, 1 minutes]:
github.com/nats-io/nats.go/jetstream.(*pullSubscription).Next(0xc0012b5d40)
	/Users/jace/go/pkg/mod/github.com/nats-io/nats.go@v1.41.1/jetstream/pull.go:589 +0x285
github.com/Black-And-White-Club/frolf-bot-shared/eventbus.(*eventBus).Subscribe.func1()
	/Users/jace/Documents/GitHub/frolf-bot-shared/eventbus/eventbus.go:326 +0x169
created by github.com/Black-And-White-Club/frolf-bot-shared/eventbus.(*eventBus).Subscribe in goroutine 41277
	/Users/jace/Documents/GitHub/frolf-bot-shared/eventbus/eventbus.go:315 +0xbf1

goroutine 44858 [chan receive, 1 minutes]:
github.com/ThreeDotsLabs/watermill/message.(*handler).run(0xc0014a48f0, {0x10a337fa0, 0xc0007ae7d0}, {0xc0016620c0, 0x6, 0x0?})
	/Users/jace/go/pkg/mod/github.com/!three!dots!labs/watermill@v1.4.6/message/router.go:645 +0x2b4
github.com/ThreeDotsLabs/watermill/message.(*Router).RunHandlers.func1()
	/Users/jace/go/pkg/mod/github.com/!three!dots!labs/watermill@v1.4.6/message/router.go:460 +0x145
created by github.com/ThreeDotsLabs/watermill/message.(*Router).RunHandlers in goroutine 44822
	/Users/jace/go/pkg/mod/github.com/!three!dots!labs/watermill@v1.4.6/message/router.go:453 +0x606

goroutine 41676 [select, 1 minutes]:
github.com/nats-io/nats.go/jetstream.(*pullSubscription).Next(0xc0012b54d0)
	/Users/jace/go/pkg/mod/github.com/nats-io/nats.go@v1.41.1/jetstream/pull.go:589 +0x285
github.com/Black-And-White-Club/frolf-bot-shared/eventbus.(*eventBus).Subscribe.func1()
	/Users/jace/Documents/GitHub/frolf-bot-shared/eventbus/eventbus.go:326 +0x169
created by github.com/Black-And-White-Club/frolf-bot-shared/eventbus.(*eventBus).Subscribe in goroutine 41277
	/Users/jace/Documents/GitHub/frolf-bot-shared/eventbus/eventbus.go:315 +0xbf1

goroutine 41576 [select, 1 minutes]:
github.com/nats-io/nats.go/jetstream.(*pullSubscription).pullMessages(0xc0012b47e0, {0xc00024ede0, 0x56})
	/Users/jace/go/pkg/mod/github.com/nats-io/nats.go@v1.41.1/jetstream/pull.go:955 +0x91
created by github.com/nats-io/nats.go/jetstream.(*pullConsumer).Messages in goroutine 41277
	/Users/jace/go/pkg/mod/github.com/nats-io/nats.go@v1.41.1/jetstream/pull.go:534 +0x748

goroutine 45039 [select, 1 minutes]:
github.com/nats-io/nats.go/jetstream.(*pullSubscription).Next(0xc001afc090)
	/Users/jace/go/pkg/mod/github.com/nats-io/nats.go@v1.41.1/jetstream/pull.go:589 +0x285
github.com/Black-And-White-Club/frolf-bot-shared/eventbus.(*eventBus).Subscribe.func1()
	/Users/jace/Documents/GitHub/frolf-bot-shared/eventbus/eventbus.go:326 +0x169
created by github.com/Black-And-White-Club/frolf-bot-shared/eventbus.(*eventBus).Subscribe in goroutine 44822
	/Users/jace/Documents/GitHub/frolf-bot-shared/eventbus/eventbus.go:315 +0xbf1

goroutine 48024 [select, 1 minutes]:
github.com/nats-io/nats.go/jetstream.(*pullConsumer).Messages.func2()
	/Users/jace/go/pkg/mod/github.com/nats-io/nats.go@v1.41.1/jetstream/pull.go:538 +0x68
created by github.com/nats-io/nats.go/jetstream.(*pullConsumer).Messages in goroutine 47950
	/Users/jace/go/pkg/mod/github.com/nats-io/nats.go@v1.41.1/jetstream/pull.go:536 +0x78a

goroutine 46366 [chan receive, 1 minutes]:
github.com/ThreeDotsLabs/watermill/message.(*messageTransformSubscriberDecorator).Subscribe.func1()
	/Users/jace/go/pkg/mod/github.com/!three!dots!labs/watermill@v1.4.6/message/decorator.go:52 +0x85
created by github.com/ThreeDotsLabs/watermill/message.(*messageTransformSubscriberDecorator).Subscribe in goroutine 46222
	/Users/jace/go/pkg/mod/github.com/!three!dots!labs/watermill@v1.4.6/message/decorator.go:51 +0xc7

goroutine 41484 [select, 1 minutes]:
github.com/nats-io/nats.go/jetstream.(*pullSubscription).Next(0xc002518240)
	/Users/jace/go/pkg/mod/github.com/nats-io/nats.go@v1.41.1/jetstream/pull.go:589 +0x285
github.com/Black-And-White-Club/frolf-bot-shared/eventbus.(*eventBus).Subscribe.func1()
	/Users/jace/Documents/GitHub/frolf-bot-shared/eventbus/eventbus.go:326 +0x169
created by github.com/Black-And-White-Club/frolf-bot-shared/eventbus.(*eventBus).Subscribe in goroutine 41277
	/Users/jace/Documents/GitHub/frolf-bot-shared/eventbus/eventbus.go:315 +0xbf1

goroutine 41485 [chan receive, 1 minutes]:
github.com/ThreeDotsLabs/watermill/message.(*messageTransformSubscriberDecorator).Subscribe.func1()
	/Users/jace/go/pkg/mod/github.com/!three!dots!labs/watermill@v1.4.6/message/decorator.go:52 +0x85
created by github.com/ThreeDotsLabs/watermill/message.(*messageTransformSubscriberDecorator).Subscribe in goroutine 41277
	/Users/jace/go/pkg/mod/github.com/!three!dots!labs/watermill@v1.4.6/message/decorator.go:51 +0xc7

goroutine 41486 [chan receive, 1 minutes]:
github.com/ThreeDotsLabs/watermill/message.(*handler).run(0xc002219520, {0x10a337fa0, 0xc0017352c0}, {0xc0001fc180, 0x6, 0x0?})
	/Users/jace/go/pkg/mod/github.com/!three!dots!labs/watermill@v1.4.6/message/router.go:645 +0x2b4
github.com/ThreeDotsLabs/watermill/message.(*Router).RunHandlers.func1()
	/Users/jace/go/pkg/mod/github.com/!three!dots!labs/watermill@v1.4.6/message/router.go:460 +0x145
created by github.com/ThreeDotsLabs/watermill/message.(*Router).RunHandlers in goroutine 41277
	/Users/jace/go/pkg/mod/github.com/!three!dots!labs/watermill@v1.4.6/message/router.go:453 +0x606

goroutine 46249 [select, 1 minutes]:
github.com/nats-io/nats.go/jetstream.(*pullSubscription).Next(0xc0020e8bd0)
	/Users/jace/go/pkg/mod/github.com/nats-io/nats.go@v1.41.1/jetstream/pull.go:589 +0x285
github.com/Black-And-White-Club/frolf-bot-shared/eventbus.(*eventBus).Subscribe.func1()
	/Users/jace/Documents/GitHub/frolf-bot-shared/eventbus/eventbus.go:326 +0x169
created by github.com/Black-And-White-Club/frolf-bot-shared/eventbus.(*eventBus).Subscribe in goroutine 46222
	/Users/jace/Documents/GitHub/frolf-bot-shared/eventbus/eventbus.go:315 +0xbf1

goroutine 47968 [select, 1 minutes]:
github.com/nats-io/nats.go/jetstream.(*pullConsumer).Messages.func2()
	/Users/jace/go/pkg/mod/github.com/nats-io/nats.go@v1.41.1/jetstream/pull.go:538 +0x68
created by github.com/nats-io/nats.go/jetstream.(*pullConsumer).Messages in goroutine 47950
	/Users/jace/go/pkg/mod/github.com/nats-io/nats.go@v1.41.1/jetstream/pull.go:536 +0x78a

goroutine 41768 [select, 1 minutes]:
github.com/nats-io/nats.go/jetstream.(*pullConsumer).Messages.func2()
	/Users/jace/go/pkg/mod/github.com/nats-io/nats.go@v1.41.1/jetstream/pull.go:538 +0x68
created by github.com/nats-io/nats.go/jetstream.(*pullConsumer).Messages in goroutine 41277
	/Users/jace/go/pkg/mod/github.com/nats-io/nats.go@v1.41.1/jetstream/pull.go:536 +0x78a

goroutine 41677 [chan receive, 1 minutes]:
github.com/ThreeDotsLabs/watermill/message.(*messageTransformSubscriberDecorator).Subscribe.func1()
	/Users/jace/go/pkg/mod/github.com/!three!dots!labs/watermill@v1.4.6/message/decorator.go:52 +0x85
created by github.com/ThreeDotsLabs/watermill/message.(*messageTransformSubscriberDecorator).Subscribe in goroutine 41277
	/Users/jace/go/pkg/mod/github.com/!three!dots!labs/watermill@v1.4.6/message/decorator.go:51 +0xc7

goroutine 43892 [select, 1 minutes]:
github.com/nats-io/nats.go/jetstream.(*pullConsumer).Messages.func2()
	/Users/jace/go/pkg/mod/github.com/nats-io/nats.go@v1.41.1/jetstream/pull.go:538 +0x68
created by github.com/nats-io/nats.go/jetstream.(*pullConsumer).Messages in goroutine 43736
	/Users/jace/go/pkg/mod/github.com/nats-io/nats.go@v1.41.1/jetstream/pull.go:536 +0x78a

goroutine 49332 [select, 1 minutes]:
github.com/nats-io/nats.go/jetstream.(*pullSubscription).Next(0xc001ac0fc0)
	/Users/jace/go/pkg/mod/github.com/nats-io/nats.go@v1.41.1/jetstream/pull.go:589 +0x285
github.com/Black-And-White-Club/frolf-bot-shared/eventbus.(*eventBus).Subscribe.func1()
	/Users/jace/Documents/GitHub/frolf-bot-shared/eventbus/eventbus.go:326 +0x169
created by github.com/Black-And-White-Club/frolf-bot-shared/eventbus.(*eventBus).Subscribe in goroutine 49230
	/Users/jace/Documents/GitHub/frolf-bot-shared/eventbus/eventbus.go:315 +0xbf1

goroutine 41536 [chan receive, 1 minutes]:
github.com/ThreeDotsLabs/watermill/message.(*messageTransformSubscriberDecorator).Subscribe.func1()
	/Users/jace/go/pkg/mod/github.com/!three!dots!labs/watermill@v1.4.6/message/decorator.go:52 +0x85
created by github.com/ThreeDotsLabs/watermill/message.(*messageTransformSubscriberDecorator).Subscribe in goroutine 41277
	/Users/jace/go/pkg/mod/github.com/!three!dots!labs/watermill@v1.4.6/message/decorator.go:51 +0xc7

goroutine 41537 [chan receive, 1 minutes]:
github.com/ThreeDotsLabs/watermill/message.(*handler).run(0xc002219ad0, {0x10a337fa0, 0xc00098a320}, {0xc0005b2000, 0x6, 0x0?})
	/Users/jace/go/pkg/mod/github.com/!three!dots!labs/watermill@v1.4.6/message/router.go:645 +0x2b4
github.com/ThreeDotsLabs/watermill/message.(*Router).RunHandlers.func1()
	/Users/jace/go/pkg/mod/github.com/!three!dots!labs/watermill@v1.4.6/message/router.go:460 +0x145
created by github.com/ThreeDotsLabs/watermill/message.(*Router).RunHandlers in goroutine 41277
	/Users/jace/go/pkg/mod/github.com/!three!dots!labs/watermill@v1.4.6/message/router.go:453 +0x606

goroutine 52583 [chan receive]:
github.com/ThreeDotsLabs/watermill/message.(*handler).run(0xc001d67040, {0x10a337fa0, 0xc002d20cd0}, {0xc0005f9740, 0x6, 0x3162393134643432?})
	/Users/jace/go/pkg/mod/github.com/!three!dots!labs/watermill@v1.4.6/message/router.go:645 +0x2b4
github.com/ThreeDotsLabs/watermill/message.(*Router).RunHandlers.func1()
	/Users/jace/go/pkg/mod/github.com/!three!dots!labs/watermill@v1.4.6/message/router.go:460 +0x145
created by github.com/ThreeDotsLabs/watermill/message.(*Router).RunHandlers in goroutine 52535
	/Users/jace/go/pkg/mod/github.com/!three!dots!labs/watermill@v1.4.6/message/router.go:453 +0x606

goroutine 48158 [select, 1 minutes]:
github.com/nats-io/nats.go/jetstream.(*pullSubscription).pullMessages(0xc001c907e0, {0xc002785180, 0x3e})
	/Users/jace/go/pkg/mod/github.com/nats-io/nats.go@v1.41.1/jetstream/pull.go:955 +0x91
created by github.com/nats-io/nats.go/jetstream.(*pullConsumer).Messages in goroutine 47950
	/Users/jace/go/pkg/mod/github.com/nats-io/nats.go@v1.41.1/jetstream/pull.go:534 +0x748

goroutine 41754 [select, 1 minutes]:
github.com/nats-io/nats.go/jetstream.(*pullConsumer).Messages.func2()
	/Users/jace/go/pkg/mod/github.com/nats-io/nats.go@v1.41.1/jetstream/pull.go:538 +0x68
created by github.com/nats-io/nats.go/jetstream.(*pullConsumer).Messages in goroutine 41277
	/Users/jace/go/pkg/mod/github.com/nats-io/nats.go@v1.41.1/jetstream/pull.go:536 +0x78a

goroutine 43891 [select, 1 minutes]:
github.com/nats-io/nats.go/jetstream.(*pullSubscription).pullMessages(0xc002314a20, {0xc00094b6c0, 0x3e})
	/Users/jace/go/pkg/mod/github.com/nats-io/nats.go@v1.41.1/jetstream/pull.go:955 +0x91
created by github.com/nats-io/nats.go/jetstream.(*pullConsumer).Messages in goroutine 43736
	/Users/jace/go/pkg/mod/github.com/nats-io/nats.go@v1.41.1/jetstream/pull.go:534 +0x748

goroutine 41767 [select, 1 minutes]:
github.com/nats-io/nats.go/jetstream.(*pullSubscription).pullMessages(0xc00258d8c0, {0xc000254960, 0x4b})
	/Users/jace/go/pkg/mod/github.com/nats-io/nats.go@v1.41.1/jetstream/pull.go:955 +0x91
created by github.com/nats-io/nats.go/jetstream.(*pullConsumer).Messages in goroutine 41277
	/Users/jace/go/pkg/mod/github.com/nats-io/nats.go@v1.41.1/jetstream/pull.go:534 +0x748

goroutine 49327 [select, 1 minutes]:
github.com/nats-io/nats.go/jetstream.(*pullConsumer).Messages.func2()
	/Users/jace/go/pkg/mod/github.com/nats-io/nats.go@v1.41.1/jetstream/pull.go:538 +0x68
created by github.com/nats-io/nats.go/jetstream.(*pullConsumer).Messages in goroutine 49230
	/Users/jace/go/pkg/mod/github.com/nats-io/nats.go@v1.41.1/jetstream/pull.go:536 +0x78a

goroutine 41674 [select, 1 minutes]:
github.com/nats-io/nats.go/jetstream.(*pullSubscription).pullMessages(0xc0012b54d0, {0xc000420cc0, 0x3e})
	/Users/jace/go/pkg/mod/github.com/nats-io/nats.go@v1.41.1/jetstream/pull.go:955 +0x91
created by github.com/nats-io/nats.go/jetstream.(*pullConsumer).Messages in goroutine 41277
	/Users/jace/go/pkg/mod/github.com/nats-io/nats.go@v1.41.1/jetstream/pull.go:534 +0x748

goroutine 44947 [select, 1 minutes]:
github.com/nats-io/nats.go/jetstream.(*pullSubscription).pullMessages(0xc000ba3050, {0xc000edd980, 0x56})
	/Users/jace/go/pkg/mod/github.com/nats-io/nats.go@v1.41.1/jetstream/pull.go:955 +0x91
created by github.com/nats-io/nats.go/jetstream.(*pullConsumer).Messages in goroutine 44822
	/Users/jace/go/pkg/mod/github.com/nats-io/nats.go@v1.41.1/jetstream/pull.go:534 +0x748

goroutine 41800 [select, 1 minutes]:
github.com/nats-io/nats.go/jetstream.(*pullSubscription).pullMessages(0xc0012825a0, {0xc000254c30, 0x45})
	/Users/jace/go/pkg/mod/github.com/nats-io/nats.go@v1.41.1/jetstream/pull.go:955 +0x91
created by github.com/nats-io/nats.go/jetstream.(*pullConsumer).Messages in goroutine 41277
	/Users/jace/go/pkg/mod/github.com/nats-io/nats.go@v1.41.1/jetstream/pull.go:534 +0x748

goroutine 52883 [select]:
github.com/nats-io/nats.go/jetstream.(*pullSubscription).Next(0xc002846750)
	/Users/jace/go/pkg/mod/github.com/nats-io/nats.go@v1.41.1/jetstream/pull.go:589 +0x285
github.com/Black-And-White-Club/frolf-bot-shared/eventbus.(*eventBus).Subscribe.func1()
	/Users/jace/Documents/GitHub/frolf-bot-shared/eventbus/eventbus.go:326 +0x169
created by github.com/Black-And-White-Club/frolf-bot-shared/eventbus.(*eventBus).Subscribe in goroutine 52535
	/Users/jace/Documents/GitHub/frolf-bot-shared/eventbus/eventbus.go:315 +0xbf1

goroutine 41723 [select, 1 minutes]:
github.com/nats-io/nats.go/jetstream.(*pullConsumer).Messages.func2()
	/Users/jace/go/pkg/mod/github.com/nats-io/nats.go@v1.41.1/jetstream/pull.go:538 +0x68
created by github.com/nats-io/nats.go/jetstream.(*pullConsumer).Messages in goroutine 41277
	/Users/jace/go/pkg/mod/github.com/nats-io/nats.go@v1.41.1/jetstream/pull.go:536 +0x78a

goroutine 45040 [chan receive, 1 minutes]:
github.com/ThreeDotsLabs/watermill/message.(*messageTransformSubscriberDecorator).Subscribe.func1()
	/Users/jace/go/pkg/mod/github.com/!three!dots!labs/watermill@v1.4.6/message/decorator.go:52 +0x85
created by github.com/ThreeDotsLabs/watermill/message.(*messageTransformSubscriberDecorator).Subscribe in goroutine 44822
	/Users/jace/go/pkg/mod/github.com/!three!dots!labs/watermill@v1.4.6/message/decorator.go:51 +0xc7

goroutine 41609 [chan receive, 1 minutes]:
github.com/ThreeDotsLabs/watermill/message.(*messageTransformSubscriberDecorator).Subscribe.func1()
	/Users/jace/go/pkg/mod/github.com/!three!dots!labs/watermill@v1.4.6/message/decorator.go:52 +0x85
created by github.com/ThreeDotsLabs/watermill/message.(*messageTransformSubscriberDecorator).Subscribe in goroutine 41277
	/Users/jace/go/pkg/mod/github.com/!three!dots!labs/watermill@v1.4.6/message/decorator.go:51 +0xc7

goroutine 41610 [chan receive, 1 minutes]:
github.com/ThreeDotsLabs/watermill/message.(*handler).run(0xc002219450, {0x10a337fa0, 0xc0021febe0}, {0xc0005b2180, 0x6, 0x0?})
	/Users/jace/go/pkg/mod/github.com/!three!dots!labs/watermill@v1.4.6/message/router.go:645 +0x2b4
github.com/ThreeDotsLabs/watermill/message.(*Router).RunHandlers.func1()
	/Users/jace/go/pkg/mod/github.com/!three!dots!labs/watermill@v1.4.6/message/router.go:460 +0x145
created by github.com/ThreeDotsLabs/watermill/message.(*Router).RunHandlers in goroutine 41277
	/Users/jace/go/pkg/mod/github.com/!three!dots!labs/watermill@v1.4.6/message/router.go:453 +0x606

goroutine 41710 [select, 1 minutes]:
github.com/nats-io/nats.go/jetstream.(*pullSubscription).pullMessages(0xc00271fd40, {0xc0007d6dc0, 0x4f})
	/Users/jace/go/pkg/mod/github.com/nats-io/nats.go@v1.41.1/jetstream/pull.go:955 +0x91
created by github.com/nats-io/nats.go/jetstream.(*pullConsumer).Messages in goroutine 41277
	/Users/jace/go/pkg/mod/github.com/nats-io/nats.go@v1.41.1/jetstream/pull.go:534 +0x748

goroutine 41731 [select, 1 minutes]:
github.com/nats-io/nats.go/jetstream.(*pullSubscription).pullMessages(0xc00271f320, {0xc001186660, 0x52})
	/Users/jace/go/pkg/mod/github.com/nats-io/nats.go@v1.41.1/jetstream/pull.go:955 +0x91
created by github.com/nats-io/nats.go/jetstream.(*pullConsumer).Messages in goroutine 41277
	/Users/jace/go/pkg/mod/github.com/nats-io/nats.go@v1.41.1/jetstream/pull.go:534 +0x748

goroutine 41732 [select, 1 minutes]:
github.com/nats-io/nats.go/jetstream.(*pullConsumer).Messages.func2()
	/Users/jace/go/pkg/mod/github.com/nats-io/nats.go@v1.41.1/jetstream/pull.go:538 +0x68
created by github.com/nats-io/nats.go/jetstream.(*pullConsumer).Messages in goroutine 41277
	/Users/jace/go/pkg/mod/github.com/nats-io/nats.go@v1.41.1/jetstream/pull.go:536 +0x78a

goroutine 41733 [select, 1 minutes]:
github.com/nats-io/nats.go/jetstream.(*pullSubscription).Next(0xc00271f320)
	/Users/jace/go/pkg/mod/github.com/nats-io/nats.go@v1.41.1/jetstream/pull.go:589 +0x285
github.com/Black-And-White-Club/frolf-bot-shared/eventbus.(*eventBus).Subscribe.func1()
	/Users/jace/Documents/GitHub/frolf-bot-shared/eventbus/eventbus.go:326 +0x169
created by github.com/Black-And-White-Club/frolf-bot-shared/eventbus.(*eventBus).Subscribe in goroutine 41277
	/Users/jace/Documents/GitHub/frolf-bot-shared/eventbus/eventbus.go:315 +0xbf1

goroutine 41734 [chan receive, 1 minutes]:
github.com/ThreeDotsLabs/watermill/message.(*messageTransformSubscriberDecorator).Subscribe.func1()
	/Users/jace/go/pkg/mod/github.com/!three!dots!labs/watermill@v1.4.6/message/decorator.go:52 +0x85
created by github.com/ThreeDotsLabs/watermill/message.(*messageTransformSubscriberDecorator).Subscribe in goroutine 41277
	/Users/jace/go/pkg/mod/github.com/!three!dots!labs/watermill@v1.4.6/message/decorator.go:51 +0xc7

goroutine 41735 [chan receive, 1 minutes]:
github.com/ThreeDotsLabs/watermill/message.(*handler).run(0xc0022196c0, {0x10a337fa0, 0xc0007ae410}, {0xc0001fc600, 0x6, 0x0?})
	/Users/jace/go/pkg/mod/github.com/!three!dots!labs/watermill@v1.4.6/message/router.go:645 +0x2b4
github.com/ThreeDotsLabs/watermill/message.(*Router).RunHandlers.func1()
	/Users/jace/go/pkg/mod/github.com/!three!dots!labs/watermill@v1.4.6/message/router.go:460 +0x145
created by github.com/ThreeDotsLabs/watermill/message.(*Router).RunHandlers in goroutine 41277
	/Users/jace/go/pkg/mod/github.com/!three!dots!labs/watermill@v1.4.6/message/router.go:453 +0x606

goroutine 49847 [select]:
github.com/nats-io/nats%2ego.(*Conn).doReconnect(0xc0025caa08, {0x10a327f28, 0x10acedb30}, 0x0)
	/Users/jace/go/pkg/mod/github.com/nats-io/nats.go@v1.41.1/nats.go:2907 +0x41a
created by github.com/nats-io/nats%2ego.(*Conn).processOpErr in goroutine 49169
	/Users/jace/go/pkg/mod/github.com/nats-io/nats.go@v1.41.1/nats.go:3043 +0x2f3

goroutine 47186 [select]:
github.com/nats-io/nats%2ego.(*Conn).doReconnect(0xc001e08308, {0x10a327f28, 0x10acedb30}, 0x0)
	/Users/jace/go/pkg/mod/github.com/nats-io/nats.go@v1.41.1/nats.go:2907 +0x41a
created by github.com/nats-io/nats%2ego.(*Conn).processOpErr in goroutine 46132
	/Users/jace/go/pkg/mod/github.com/nats-io/nats.go@v1.41.1/nats.go:3043 +0x2f3

goroutine 41756 [chan receive, 1 minutes]:
github.com/ThreeDotsLabs/watermill/message.(*messageTransformSubscriberDecorator).Subscribe.func1()
	/Users/jace/go/pkg/mod/github.com/!three!dots!labs/watermill@v1.4.6/message/decorator.go:52 +0x85
created by github.com/ThreeDotsLabs/watermill/message.(*messageTransformSubscriberDecorator).Subscribe in goroutine 41277
	/Users/jace/go/pkg/mod/github.com/!three!dots!labs/watermill@v1.4.6/message/decorator.go:51 +0xc7

goroutine 45367 [chan receive, 1 minutes]:
github.com/ThreeDotsLabs/watermill/message.(*messageTransformSubscriberDecorator).Subscribe.func1()
	/Users/jace/go/pkg/mod/github.com/!three!dots!labs/watermill@v1.4.6/message/decorator.go:52 +0x85
created by github.com/ThreeDotsLabs/watermill/message.(*messageTransformSubscriberDecorator).Subscribe in goroutine 44822
	/Users/jace/go/pkg/mod/github.com/!three!dots!labs/watermill@v1.4.6/message/decorator.go:51 +0xc7

goroutine 50651 [sync.Cond.Wait, 1 minutes]:
sync.runtime_notifyListWait(0xc000fc3390, 0x0)
	/usr/local/Cellar/go/1.24.2/libexec/src/runtime/sema.go:597 +0x159
sync.(*Cond).Wait(0xc0017b16c0?)
	/usr/local/Cellar/go/1.24.2/libexec/src/sync/cond.go:71 +0x85
github.com/nats-io/nats%2ego.(*asyncCallbacksHandler).asyncCBDispatcher(0xc000a234c0)
	/Users/jace/go/pkg/mod/github.com/nats-io/nats.go@v1.41.1/nats.go:3059 +0xdd
created by github.com/nats-io/nats%2ego.Options.Connect in goroutine 49885
	/Users/jace/go/pkg/mod/github.com/nats-io/nats.go@v1.41.1/nats.go:1635 +0x387

goroutine 48249 [chan receive, 1 minutes]:
github.com/ThreeDotsLabs/watermill/message.(*handler).run(0xc0013132b0, {0x10a337fa0, 0xc0009b7220}, {0xc0029e9b00, 0x6, 0x0?})
	/Users/jace/go/pkg/mod/github.com/!three!dots!labs/watermill@v1.4.6/message/router.go:645 +0x2b4
github.com/ThreeDotsLabs/watermill/message.(*Router).RunHandlers.func1()
	/Users/jace/go/pkg/mod/github.com/!three!dots!labs/watermill@v1.4.6/message/router.go:460 +0x145
created by github.com/ThreeDotsLabs/watermill/message.(*Router).RunHandlers in goroutine 47950
	/Users/jace/go/pkg/mod/github.com/!three!dots!labs/watermill@v1.4.6/message/router.go:453 +0x606

goroutine 43894 [chan receive, 1 minutes]:
github.com/ThreeDotsLabs/watermill/message.(*messageTransformSubscriberDecorator).Subscribe.func1()
	/Users/jace/go/pkg/mod/github.com/!three!dots!labs/watermill@v1.4.6/message/decorator.go:52 +0x85
created by github.com/ThreeDotsLabs/watermill/message.(*messageTransformSubscriberDecorator).Subscribe in goroutine 43736
	/Users/jace/go/pkg/mod/github.com/!three!dots!labs/watermill@v1.4.6/message/decorator.go:51 +0xc7

goroutine 43831 [chan receive, 1 minutes]:
github.com/ThreeDotsLabs/watermill/message.(*messageTransformSubscriberDecorator).Subscribe.func1()
	/Users/jace/go/pkg/mod/github.com/!three!dots!labs/watermill@v1.4.6/message/decorator.go:52 +0x85
created by github.com/ThreeDotsLabs/watermill/message.(*messageTransformSubscriberDecorator).Subscribe in goroutine 43736
	/Users/jace/go/pkg/mod/github.com/!three!dots!labs/watermill@v1.4.6/message/decorator.go:51 +0xc7

goroutine 54323 [select]:
github.com/nats-io/nats.go/jetstream.(*pullSubscription).pullMessages(0xc001535170, {0xc0002553b0, 0x4f})
	/Users/jace/go/pkg/mod/github.com/nats-io/nats.go@v1.41.1/jetstream/pull.go:955 +0x91
created by github.com/nats-io/nats.go/jetstream.(*pullConsumer).Messages in goroutine 54037
	/Users/jace/go/pkg/mod/github.com/nats-io/nats.go@v1.41.1/jetstream/pull.go:534 +0x748

goroutine 48083 [chan receive, 1 minutes]:
github.com/ThreeDotsLabs/watermill/message.(*messageTransformSubscriberDecorator).Subscribe.func1()
	/Users/jace/go/pkg/mod/github.com/!three!dots!labs/watermill@v1.4.6/message/decorator.go:52 +0x85
created by github.com/ThreeDotsLabs/watermill/message.(*messageTransformSubscriberDecorator).Subscribe in goroutine 47950
	/Users/jace/go/pkg/mod/github.com/!three!dots!labs/watermill@v1.4.6/message/decorator.go:51 +0xc7

goroutine 46533 [chan receive, 1 minutes]:
github.com/ThreeDotsLabs/watermill/message.(*messageTransformSubscriberDecorator).Subscribe.func1()
	/Users/jace/go/pkg/mod/github.com/!three!dots!labs/watermill@v1.4.6/message/decorator.go:52 +0x85
created by github.com/ThreeDotsLabs/watermill/message.(*messageTransformSubscriberDecorator).Subscribe in goroutine 46222
	/Users/jace/go/pkg/mod/github.com/!three!dots!labs/watermill@v1.4.6/message/decorator.go:51 +0xc7

goroutine 41757 [chan receive, 1 minutes]:
github.com/ThreeDotsLabs/watermill/message.(*handler).run(0xc002218820, {0x10a337fa0, 0xc002685720}, {0xc0005b2300, 0x6, 0x4?})
	/Users/jace/go/pkg/mod/github.com/!three!dots!labs/watermill@v1.4.6/message/router.go:645 +0x2b4
github.com/ThreeDotsLabs/watermill/message.(*Router).RunHandlers.func1()
	/Users/jace/go/pkg/mod/github.com/!three!dots!labs/watermill@v1.4.6/message/router.go:460 +0x145
created by github.com/ThreeDotsLabs/watermill/message.(*Router).RunHandlers in goroutine 41277
	/Users/jace/go/pkg/mod/github.com/!three!dots!labs/watermill@v1.4.6/message/router.go:453 +0x606

goroutine 45390 [chan receive, 1 minutes]:
github.com/ThreeDotsLabs/watermill/message.(*messageTransformSubscriberDecorator).Subscribe.func1()
	/Users/jace/go/pkg/mod/github.com/!three!dots!labs/watermill@v1.4.6/message/decorator.go:52 +0x85
created by github.com/ThreeDotsLabs/watermill/message.(*messageTransformSubscriberDecorator).Subscribe in goroutine 46222
	/Users/jace/go/pkg/mod/github.com/!three!dots!labs/watermill@v1.4.6/message/decorator.go:51 +0xc7

goroutine 46280 [select, 1 minutes]:
github.com/nats-io/nats.go/jetstream.(*pullConsumer).Messages.func2()
	/Users/jace/go/pkg/mod/github.com/nats-io/nats.go@v1.41.1/jetstream/pull.go:538 +0x68
created by github.com/nats-io/nats.go/jetstream.(*pullConsumer).Messages in goroutine 46222
	/Users/jace/go/pkg/mod/github.com/nats-io/nats.go@v1.41.1/jetstream/pull.go:536 +0x78a

goroutine 46407 [select, 1 minutes]:
github.com/nats-io/nats.go/jetstream.(*pullSubscription).Next(0xc00213d440)
	/Users/jace/go/pkg/mod/github.com/nats-io/nats.go@v1.41.1/jetstream/pull.go:589 +0x285
github.com/Black-And-White-Club/frolf-bot-shared/eventbus.(*eventBus).Subscribe.func1()
	/Users/jace/Documents/GitHub/frolf-bot-shared/eventbus/eventbus.go:326 +0x169
created by github.com/Black-And-White-Club/frolf-bot-shared/eventbus.(*eventBus).Subscribe in goroutine 46222
	/Users/jace/Documents/GitHub/frolf-bot-shared/eventbus/eventbus.go:315 +0xbf1

goroutine 54414 [select]:
github.com/nats-io/nats.go/jetstream.(*pullConsumer).Messages.func2()
	/Users/jace/go/pkg/mod/github.com/nats-io/nats.go@v1.41.1/jetstream/pull.go:538 +0x68
created by github.com/nats-io/nats.go/jetstream.(*pullConsumer).Messages in goroutine 54037
	/Users/jace/go/pkg/mod/github.com/nats-io/nats.go@v1.41.1/jetstream/pull.go:536 +0x78a

goroutine 45400 [sync.WaitGroup.Wait, 1 minutes]:
sync.runtime_SemacquireWaitGroup(0xc000e9a770?)
	/usr/local/Cellar/go/1.24.2/libexec/src/runtime/sema.go:110 +0x25
sync.(*WaitGroup).Wait(0xc001d16730?)
	/usr/local/Cellar/go/1.24.2/libexec/src/sync/waitgroup.go:118 +0x48
github.com/ThreeDotsLabs/watermill/pubsub/sync.WaitGroupTimeout.func1()
	/Users/jace/go/pkg/mod/github.com/!three!dots!labs/watermill@v1.4.6/pubsub/sync/waitgroup.go:13 +0x25
created by github.com/ThreeDotsLabs/watermill/pubsub/sync.WaitGroupTimeout in goroutine 44116
	/Users/jace/go/pkg/mod/github.com/!three!dots!labs/watermill@v1.4.6/pubsub/sync/waitgroup.go:12 +0x85

goroutine 46522 [chan receive, 1 minutes]:
github.com/ThreeDotsLabs/watermill/message.(*messageTransformSubscriberDecorator).Subscribe.func1()
	/Users/jace/go/pkg/mod/github.com/!three!dots!labs/watermill@v1.4.6/message/decorator.go:52 +0x85
created by github.com/ThreeDotsLabs/watermill/message.(*messageTransformSubscriberDecorator).Subscribe in goroutine 46222
	/Users/jace/go/pkg/mod/github.com/!three!dots!labs/watermill@v1.4.6/message/decorator.go:51 +0xc7

goroutine 46532 [select, 1 minutes]:
github.com/nats-io/nats.go/jetstream.(*pullSubscription).Next(0xc000c323f0)
	/Users/jace/go/pkg/mod/github.com/nats-io/nats.go@v1.41.1/jetstream/pull.go:589 +0x285
github.com/Black-And-White-Club/frolf-bot-shared/eventbus.(*eventBus).Subscribe.func1()
	/Users/jace/Documents/GitHub/frolf-bot-shared/eventbus/eventbus.go:326 +0x169
created by github.com/Black-And-White-Club/frolf-bot-shared/eventbus.(*eventBus).Subscribe in goroutine 46222
	/Users/jace/Documents/GitHub/frolf-bot-shared/eventbus/eventbus.go:315 +0xbf1

goroutine 48130 [chan receive, 1 minutes]:
github.com/ThreeDotsLabs/watermill/message.(*handler).run(0xc0013128f0, {0x10a337fa0, 0xc0026d1540}, {0xc001cae000, 0x6, 0x0?})
	/Users/jace/go/pkg/mod/github.com/!three!dots!labs/watermill@v1.4.6/message/router.go:645 +0x2b4
github.com/ThreeDotsLabs/watermill/message.(*Router).RunHandlers.func1()
	/Users/jace/go/pkg/mod/github.com/!three!dots!labs/watermill@v1.4.6/message/router.go:460 +0x145
created by github.com/ThreeDotsLabs/watermill/message.(*Router).RunHandlers in goroutine 47950
	/Users/jace/go/pkg/mod/github.com/!three!dots!labs/watermill@v1.4.6/message/router.go:453 +0x606

goroutine 43802 [chan receive, 1 minutes]:
github.com/ThreeDotsLabs/watermill/message.(*handler).run(0xc0006f7e10, {0x10a337fa0, 0xc001ab57c0}, {0xc001e51800, 0x6, 0x10955daec?})
	/Users/jace/go/pkg/mod/github.com/!three!dots!labs/watermill@v1.4.6/message/router.go:645 +0x2b4
github.com/ThreeDotsLabs/watermill/message.(*Router).RunHandlers.func1()
	/Users/jace/go/pkg/mod/github.com/!three!dots!labs/watermill@v1.4.6/message/router.go:460 +0x145
created by github.com/ThreeDotsLabs/watermill/message.(*Router).RunHandlers in goroutine 43736
	/Users/jace/go/pkg/mod/github.com/!three!dots!labs/watermill@v1.4.6/message/router.go:453 +0x606

goroutine 46385 [select, 1 minutes]:
github.com/nats-io/nats.go/jetstream.(*pullConsumer).Messages.func2()
	/Users/jace/go/pkg/mod/github.com/nats-io/nats.go@v1.41.1/jetstream/pull.go:538 +0x68
created by github.com/nats-io/nats.go/jetstream.(*pullConsumer).Messages in goroutine 46222
	/Users/jace/go/pkg/mod/github.com/nats-io/nats.go@v1.41.1/jetstream/pull.go:536 +0x78a

goroutine 43811 [select, 1 minutes]:
github.com/nats-io/nats.go/jetstream.(*pullConsumer).Messages.func2()
	/Users/jace/go/pkg/mod/github.com/nats-io/nats.go@v1.41.1/jetstream/pull.go:538 +0x68
created by github.com/nats-io/nats.go/jetstream.(*pullConsumer).Messages in goroutine 43736
	/Users/jace/go/pkg/mod/github.com/nats-io/nats.go@v1.41.1/jetstream/pull.go:536 +0x78a

goroutine 43936 [select, 1 minutes]:
github.com/nats-io/nats.go/jetstream.(*pullSubscription).pullMessages(0xc002260cf0, {0xc001ead500, 0x52})
	/Users/jace/go/pkg/mod/github.com/nats-io/nats.go@v1.41.1/jetstream/pull.go:955 +0x91
created by github.com/nats-io/nats.go/jetstream.(*pullConsumer).Messages in goroutine 43736
	/Users/jace/go/pkg/mod/github.com/nats-io/nats.go@v1.41.1/jetstream/pull.go:534 +0x748

goroutine 45248 [select, 1 minutes]:
github.com/nats-io/nats.go/jetstream.(*pullConsumer).Messages.func2()
	/Users/jace/go/pkg/mod/github.com/nats-io/nats.go@v1.41.1/jetstream/pull.go:538 +0x68
created by github.com/nats-io/nats.go/jetstream.(*pullConsumer).Messages in goroutine 44822
	/Users/jace/go/pkg/mod/github.com/nats-io/nats.go@v1.41.1/jetstream/pull.go:536 +0x78a

goroutine 46248 [select, 1 minutes]:
github.com/nats-io/nats.go/jetstream.(*pullConsumer).Messages.func2()
	/Users/jace/go/pkg/mod/github.com/nats-io/nats.go@v1.41.1/jetstream/pull.go:538 +0x68
created by github.com/nats-io/nats.go/jetstream.(*pullConsumer).Messages in goroutine 46222
	/Users/jace/go/pkg/mod/github.com/nats-io/nats.go@v1.41.1/jetstream/pull.go:536 +0x78a

goroutine 49349 [select, 1 minutes]:
github.com/nats-io/nats.go/jetstream.(*pullConsumer).Messages.func2()
	/Users/jace/go/pkg/mod/github.com/nats-io/nats.go@v1.41.1/jetstream/pull.go:538 +0x68
created by github.com/nats-io/nats.go/jetstream.(*pullConsumer).Messages in goroutine 49230
	/Users/jace/go/pkg/mod/github.com/nats-io/nats.go@v1.41.1/jetstream/pull.go:536 +0x78a

goroutine 48072 [select, 1 minutes]:
github.com/nats-io/nats.go/jetstream.(*pullSubscription).Next(0xc0018374d0)
	/Users/jace/go/pkg/mod/github.com/nats-io/nats.go@v1.41.1/jetstream/pull.go:589 +0x285
github.com/Black-And-White-Club/frolf-bot-shared/eventbus.(*eventBus).Subscribe.func1()
	/Users/jace/Documents/GitHub/frolf-bot-shared/eventbus/eventbus.go:326 +0x169
created by github.com/Black-And-White-Club/frolf-bot-shared/eventbus.(*eventBus).Subscribe in goroutine 47950
	/Users/jace/Documents/GitHub/frolf-bot-shared/eventbus/eventbus.go:315 +0xbf1

goroutine 44719 [chan receive, 1 minutes]:
github.com/ThreeDotsLabs/watermill/message.(*messageTransformSubscriberDecorator).Subscribe.func1()
	/Users/jace/go/pkg/mod/github.com/!three!dots!labs/watermill@v1.4.6/message/decorator.go:52 +0x85
created by github.com/ThreeDotsLabs/watermill/message.(*messageTransformSubscriberDecorator).Subscribe in goroutine 44822
	/Users/jace/go/pkg/mod/github.com/!three!dots!labs/watermill@v1.4.6/message/decorator.go:51 +0xc7

goroutine 44718 [select, 1 minutes]:
github.com/nats-io/nats.go/jetstream.(*pullSubscription).Next(0xc001b31680)
	/Users/jace/go/pkg/mod/github.com/nats-io/nats.go@v1.41.1/jetstream/pull.go:589 +0x285
github.com/Black-And-White-Club/frolf-bot-shared/eventbus.(*eventBus).Subscribe.func1()
	/Users/jace/Documents/GitHub/frolf-bot-shared/eventbus/eventbus.go:326 +0x169
created by github.com/Black-And-White-Club/frolf-bot-shared/eventbus.(*eventBus).Subscribe in goroutine 44822
	/Users/jace/Documents/GitHub/frolf-bot-shared/eventbus/eventbus.go:315 +0xbf1

goroutine 44050 [select]:
github.com/nats-io/nats%2ego.(*Conn).doReconnect(0xc001e07508, {0x10a327f28, 0x10acedb30}, 0x0)
	/Users/jace/go/pkg/mod/github.com/nats-io/nats.go@v1.41.1/nats.go:2907 +0x41a
created by github.com/nats-io/nats%2ego.(*Conn).processOpErr in goroutine 43633
	/Users/jace/go/pkg/mod/github.com/nats-io/nats.go@v1.41.1/nats.go:3043 +0x2f3

goroutine 48194 [select, 1 minutes]:
github.com/nats-io/nats.go/jetstream.(*pullSubscription).Next(0xc0009d9e60)
	/Users/jace/go/pkg/mod/github.com/nats-io/nats.go@v1.41.1/jetstream/pull.go:589 +0x285
github.com/Black-And-White-Club/frolf-bot-shared/eventbus.(*eventBus).Subscribe.func1()
	/Users/jace/Documents/GitHub/frolf-bot-shared/eventbus/eventbus.go:326 +0x169
created by github.com/Black-And-White-Club/frolf-bot-shared/eventbus.(*eventBus).Subscribe in goroutine 47950
	/Users/jace/Documents/GitHub/frolf-bot-shared/eventbus/eventbus.go:315 +0xbf1

goroutine 46434 [select, 1 minutes]:
github.com/nats-io/nats.go/jetstream.(*pullSubscription).Next(0xc0022610e0)
	/Users/jace/go/pkg/mod/github.com/nats-io/nats.go@v1.41.1/jetstream/pull.go:589 +0x285
github.com/Black-And-White-Club/frolf-bot-shared/eventbus.(*eventBus).Subscribe.func1()
	/Users/jace/Documents/GitHub/frolf-bot-shared/eventbus/eventbus.go:326 +0x169
created by github.com/Black-And-White-Club/frolf-bot-shared/eventbus.(*eventBus).Subscribe in goroutine 46222
	/Users/jace/Documents/GitHub/frolf-bot-shared/eventbus/eventbus.go:315 +0xbf1

goroutine 45203 [chan receive, 1 minutes]:
github.com/ThreeDotsLabs/watermill/message.(*messageTransformSubscriberDecorator).Subscribe.func1()
	/Users/jace/go/pkg/mod/github.com/!three!dots!labs/watermill@v1.4.6/message/decorator.go:52 +0x85
created by github.com/ThreeDotsLabs/watermill/message.(*messageTransformSubscriberDecorator).Subscribe in goroutine 44822
	/Users/jace/go/pkg/mod/github.com/!three!dots!labs/watermill@v1.4.6/message/decorator.go:51 +0xc7

goroutine 45150 [select, 1 minutes]:
github.com/nats-io/nats.go/jetstream.(*pullConsumer).Messages.func2()
	/Users/jace/go/pkg/mod/github.com/nats-io/nats.go@v1.41.1/jetstream/pull.go:538 +0x68
created by github.com/nats-io/nats.go/jetstream.(*pullConsumer).Messages in goroutine 44822
	/Users/jace/go/pkg/mod/github.com/nats-io/nats.go@v1.41.1/jetstream/pull.go:536 +0x78a

goroutine 45229 [select]:
github.com/nats-io/nats%2ego.(*Conn).doReconnect(0xc001bf1c08, {0x10a327f28, 0x10acedb30}, 0x0)
	/Users/jace/go/pkg/mod/github.com/nats-io/nats.go@v1.41.1/nats.go:2907 +0x41a
created by github.com/nats-io/nats%2ego.(*Conn).processOpErr in goroutine 44758
	/Users/jace/go/pkg/mod/github.com/nats-io/nats.go@v1.41.1/nats.go:3043 +0x2f3

goroutine 45149 [select, 1 minutes]:
github.com/nats-io/nats.go/jetstream.(*pullSubscription).pullMessages(0xc000677320, {0xc001a6e100, 0x40})
	/Users/jace/go/pkg/mod/github.com/nats-io/nats.go@v1.41.1/jetstream/pull.go:955 +0x91
created by github.com/nats-io/nats.go/jetstream.(*pullConsumer).Messages in goroutine 44822
	/Users/jace/go/pkg/mod/github.com/nats-io/nats.go@v1.41.1/jetstream/pull.go:534 +0x748

goroutine 44849 [chan receive, 1 minutes]:
github.com/ThreeDotsLabs/watermill/message.(*handler).run(0xc000b840d0, {0x10a337fa0, 0xc001fac0f0}, {0xc000ff7200, 0x6, 0xc0022ba778?})
	/Users/jace/go/pkg/mod/github.com/!three!dots!labs/watermill@v1.4.6/message/router.go:645 +0x2b4
github.com/ThreeDotsLabs/watermill/message.(*Router).RunHandlers.func1()
	/Users/jace/go/pkg/mod/github.com/!three!dots!labs/watermill@v1.4.6/message/router.go:460 +0x145
created by github.com/ThreeDotsLabs/watermill/message.(*Router).RunHandlers in goroutine 44822
	/Users/jace/go/pkg/mod/github.com/!three!dots!labs/watermill@v1.4.6/message/router.go:453 +0x606

goroutine 45283 [chan receive, 1 minutes]:
github.com/ThreeDotsLabs/watermill/message.(*handler).run(0xc00200c340, {0x10a337fa0, 0xc0007afb80}, {0xc001368780, 0x6, 0xc001d12778?})
	/Users/jace/go/pkg/mod/github.com/!three!dots!labs/watermill@v1.4.6/message/router.go:645 +0x2b4
github.com/ThreeDotsLabs/watermill/message.(*Router).RunHandlers.func1()
	/Users/jace/go/pkg/mod/github.com/!three!dots!labs/watermill@v1.4.6/message/router.go:460 +0x145
created by github.com/ThreeDotsLabs/watermill/message.(*Router).RunHandlers in goroutine 44822
	/Users/jace/go/pkg/mod/github.com/!three!dots!labs/watermill@v1.4.6/message/router.go:453 +0x606

goroutine 46519 [select, 1 minutes]:
github.com/nats-io/nats.go/jetstream.(*pullSubscription).pullMessages(0xc0022ea6c0, {0xc0029881c0, 0x3f})
	/Users/jace/go/pkg/mod/github.com/nats-io/nats.go@v1.41.1/jetstream/pull.go:955 +0x91
created by github.com/nats-io/nats.go/jetstream.(*pullConsumer).Messages in goroutine 46222
	/Users/jace/go/pkg/mod/github.com/nats-io/nats.go@v1.41.1/jetstream/pull.go:534 +0x748

goroutine 48400 [select]:
github.com/nats-io/nats%2ego.(*Conn).doReconnect(0xc0024cee08, {0x10a327f28, 0x10acedb30}, 0x0)
	/Users/jace/go/pkg/mod/github.com/nats-io/nats.go@v1.41.1/nats.go:2907 +0x41a
created by github.com/nats-io/nats%2ego.(*Conn).processOpErr in goroutine 47841
	/Users/jace/go/pkg/mod/github.com/nats-io/nats.go@v1.41.1/nats.go:3043 +0x2f3

goroutine 42895 [sync.WaitGroup.Wait, 1 minutes]:
sync.runtime_SemacquireWaitGroup(0xc0013697a0?)
	/usr/local/Cellar/go/1.24.2/libexec/src/runtime/sema.go:110 +0x25
sync.(*WaitGroup).Wait(0xc001cf2740?)
	/usr/local/Cellar/go/1.24.2/libexec/src/sync/waitgroup.go:118 +0x48
github.com/ThreeDotsLabs/watermill/message.(*Router).waitForHandlers.func1()
	/Users/jace/go/pkg/mod/github.com/!three!dots!labs/watermill@v1.4.6/message/router.go:579 +0x4b
created by github.com/ThreeDotsLabs/watermill/message.(*Router).waitForHandlers in goroutine 40610
	/Users/jace/go/pkg/mod/github.com/!three!dots!labs/watermill@v1.4.6/message/router.go:577 +0x87

goroutine 43671 [sync.Cond.Wait, 1 minutes]:
sync.runtime_notifyListWait(0xc0016c04d0, 0x0)
	/usr/local/Cellar/go/1.24.2/libexec/src/runtime/sema.go:597 +0x159
sync.(*Cond).Wait(0xc00192c0e8?)
	/usr/local/Cellar/go/1.24.2/libexec/src/sync/cond.go:71 +0x85
github.com/nats-io/nats%2ego.(*asyncCallbacksHandler).asyncCBDispatcher(0xc001620140)
	/Users/jace/go/pkg/mod/github.com/nats-io/nats.go@v1.41.1/nats.go:3059 +0xdd
created by github.com/nats-io/nats%2ego.Options.Connect in goroutine 43111
	/Users/jace/go/pkg/mod/github.com/nats-io/nats.go@v1.41.1/nats.go:1635 +0x387

goroutine 46294 [chan receive, 1 minutes]:
github.com/ThreeDotsLabs/watermill/message.(*handler).run(0xc0024d2c30, {0x10a337fa0, 0xc0009b7ef0}, {0xc0024c63c0, 0x6, 0x4?})
	/Users/jace/go/pkg/mod/github.com/!three!dots!labs/watermill@v1.4.6/message/router.go:645 +0x2b4
github.com/ThreeDotsLabs/watermill/message.(*Router).RunHandlers.func1()
	/Users/jace/go/pkg/mod/github.com/!three!dots!labs/watermill@v1.4.6/message/router.go:460 +0x145
created by github.com/ThreeDotsLabs/watermill/message.(*Router).RunHandlers in goroutine 46222
	/Users/jace/go/pkg/mod/github.com/!three!dots!labs/watermill@v1.4.6/message/router.go:453 +0x606

goroutine 44892 [select, 1 minutes]:
github.com/nats-io/nats.go/jetstream.(*pullSubscription).Next(0xc001fc34d0)
	/Users/jace/go/pkg/mod/github.com/nats-io/nats.go@v1.41.1/jetstream/pull.go:589 +0x285
github.com/Black-And-White-Club/frolf-bot-shared/eventbus.(*eventBus).Subscribe.func1()
	/Users/jace/Documents/GitHub/frolf-bot-shared/eventbus/eventbus.go:326 +0x169
created by github.com/Black-And-White-Club/frolf-bot-shared/eventbus.(*eventBus).Subscribe in goroutine 44822
	/Users/jace/Documents/GitHub/frolf-bot-shared/eventbus/eventbus.go:315 +0xbf1

goroutine 46254 [select, 1 minutes]:
github.com/nats-io/nats.go/jetstream.(*pullConsumer).Messages.func2()
	/Users/jace/go/pkg/mod/github.com/nats-io/nats.go@v1.41.1/jetstream/pull.go:538 +0x68
created by github.com/nats-io/nats.go/jetstream.(*pullConsumer).Messages in goroutine 46222
	/Users/jace/go/pkg/mod/github.com/nats-io/nats.go@v1.41.1/jetstream/pull.go:536 +0x78a

goroutine 46521 [select, 1 minutes]:
github.com/nats-io/nats.go/jetstream.(*pullSubscription).Next(0xc0022ea6c0)
	/Users/jace/go/pkg/mod/github.com/nats-io/nats.go@v1.41.1/jetstream/pull.go:589 +0x285
github.com/Black-And-White-Club/frolf-bot-shared/eventbus.(*eventBus).Subscribe.func1()
	/Users/jace/Documents/GitHub/frolf-bot-shared/eventbus/eventbus.go:326 +0x169
created by github.com/Black-And-White-Club/frolf-bot-shared/eventbus.(*eventBus).Subscribe in goroutine 46222
	/Users/jace/Documents/GitHub/frolf-bot-shared/eventbus/eventbus.go:315 +0xbf1

goroutine 45387 [select, 1 minutes]:
github.com/nats-io/nats.go/jetstream.(*pullSubscription).pullMessages(0xc001f5cfc0, {0xc001eb8f50, 0x4b})
	/Users/jace/go/pkg/mod/github.com/nats-io/nats.go@v1.41.1/jetstream/pull.go:955 +0x91
created by github.com/nats-io/nats.go/jetstream.(*pullConsumer).Messages in goroutine 46222
	/Users/jace/go/pkg/mod/github.com/nats-io/nats.go@v1.41.1/jetstream/pull.go:534 +0x748

goroutine 45195 [select, 1 minutes]:
github.com/nats-io/nats.go/jetstream.(*pullSubscription).Next(0xc001590510)
	/Users/jace/go/pkg/mod/github.com/nats-io/nats.go@v1.41.1/jetstream/pull.go:589 +0x285
github.com/Black-And-White-Club/frolf-bot-shared/eventbus.(*eventBus).Subscribe.func1()
	/Users/jace/Documents/GitHub/frolf-bot-shared/eventbus/eventbus.go:326 +0x169
created by github.com/Black-And-White-Club/frolf-bot-shared/eventbus.(*eventBus).Subscribe in goroutine 44822
	/Users/jace/Documents/GitHub/frolf-bot-shared/eventbus/eventbus.go:315 +0xbf1

goroutine 46534 [chan receive, 1 minutes]:
github.com/ThreeDotsLabs/watermill/message.(*handler).run(0xc0024d2820, {0x10a337fa0, 0xc0016aa500}, {0xc0001fc480, 0x6, 0xc0022b9778?})
	/Users/jace/go/pkg/mod/github.com/!three!dots!labs/watermill@v1.4.6/message/router.go:645 +0x2b4
github.com/ThreeDotsLabs/watermill/message.(*Router).RunHandlers.func1()
	/Users/jace/go/pkg/mod/github.com/!three!dots!labs/watermill@v1.4.6/message/router.go:460 +0x145
created by github.com/ThreeDotsLabs/watermill/message.(*Router).RunHandlers in goroutine 46222
	/Users/jace/go/pkg/mod/github.com/!three!dots!labs/watermill@v1.4.6/message/router.go:453 +0x606

goroutine 44963 [select, 1 minutes]:
github.com/nats-io/nats.go/jetstream.(*pullSubscription).pullMessages(0xc0014bea20, {0xc001eb8be0, 0x50})
	/Users/jace/go/pkg/mod/github.com/nats-io/nats.go@v1.41.1/jetstream/pull.go:955 +0x91
created by github.com/nats-io/nats.go/jetstream.(*pullConsumer).Messages in goroutine 44822
	/Users/jace/go/pkg/mod/github.com/nats-io/nats.go@v1.41.1/jetstream/pull.go:534 +0x748

goroutine 46384 [select, 1 minutes]:
github.com/nats-io/nats.go/jetstream.(*pullSubscription).pullMessages(0xc001f5db00, {0xc001eb9040, 0x45})
	/Users/jace/go/pkg/mod/github.com/nats-io/nats.go@v1.41.1/jetstream/pull.go:955 +0x91
created by github.com/nats-io/nats.go/jetstream.(*pullConsumer).Messages in goroutine 46222
	/Users/jace/go/pkg/mod/github.com/nats-io/nats.go@v1.41.1/jetstream/pull.go:534 +0x748

goroutine 44894 [chan receive, 1 minutes]:
github.com/ThreeDotsLabs/watermill/message.(*handler).run(0xc000b84ea0, {0x10a337fa0, 0xc001980370}, {0xc001662240, 0x6, 0x0?})
	/Users/jace/go/pkg/mod/github.com/!three!dots!labs/watermill@v1.4.6/message/router.go:645 +0x2b4
github.com/ThreeDotsLabs/watermill/message.(*Router).RunHandlers.func1()
	/Users/jace/go/pkg/mod/github.com/!three!dots!labs/watermill@v1.4.6/message/router.go:460 +0x145
created by github.com/ThreeDotsLabs/watermill/message.(*Router).RunHandlers in goroutine 44822
	/Users/jace/go/pkg/mod/github.com/!three!dots!labs/watermill@v1.4.6/message/router.go:453 +0x606

goroutine 44848 [chan receive, 1 minutes]:
github.com/ThreeDotsLabs/watermill/message.(*messageTransformSubscriberDecorator).Subscribe.func1()
	/Users/jace/go/pkg/mod/github.com/!three!dots!labs/watermill@v1.4.6/message/decorator.go:52 +0x85
created by github.com/ThreeDotsLabs/watermill/message.(*messageTransformSubscriberDecorator).Subscribe in goroutine 44822
	/Users/jace/go/pkg/mod/github.com/!three!dots!labs/watermill@v1.4.6/message/decorator.go:51 +0xc7

goroutine 44823 [sync.WaitGroup.Wait, 1 minutes]:
sync.runtime_SemacquireWaitGroup(0x0?)
	/usr/local/Cellar/go/1.24.2/libexec/src/runtime/sema.go:110 +0x25
sync.(*WaitGroup).Wait(0x0?)
	/usr/local/Cellar/go/1.24.2/libexec/src/sync/waitgroup.go:118 +0x48
github.com/ThreeDotsLabs/watermill/message.(*Router).watchAllHandlersStopped.func1()
	/Users/jace/go/pkg/mod/github.com/!three!dots!labs/watermill@v1.4.6/message/router.go:498 +0x86
created by github.com/ThreeDotsLabs/watermill/message.(*Router).watchAllHandlersStopped in goroutine 44822
	/Users/jace/go/pkg/mod/github.com/!three!dots!labs/watermill@v1.4.6/message/router.go:484 +0xec

goroutine 46429 [chan receive, 1 minutes]:
github.com/ThreeDotsLabs/watermill/message.(*messageTransformSubscriberDecorator).Subscribe.func1()
	/Users/jace/go/pkg/mod/github.com/!three!dots!labs/watermill@v1.4.6/message/decorator.go:52 +0x85
created by github.com/ThreeDotsLabs/watermill/message.(*messageTransformSubscriberDecorator).Subscribe in goroutine 46222
	/Users/jace/go/pkg/mod/github.com/!three!dots!labs/watermill@v1.4.6/message/decorator.go:51 +0xc7

goroutine 43909 [select, 1 minutes]:
github.com/nats-io/nats.go/jetstream.(*pullConsumer).Messages.func2()
	/Users/jace/go/pkg/mod/github.com/nats-io/nats.go@v1.41.1/jetstream/pull.go:538 +0x68
created by github.com/nats-io/nats.go/jetstream.(*pullConsumer).Messages in goroutine 43736
	/Users/jace/go/pkg/mod/github.com/nats-io/nats.go@v1.41.1/jetstream/pull.go:536 +0x78a

goroutine 45287 [select, 1 minutes]:
github.com/nats-io/nats.go/jetstream.(*pullSubscription).pullMessages(0xc0011a5c20, {0xc000807950, 0x45})
	/Users/jace/go/pkg/mod/github.com/nats-io/nats.go@v1.41.1/jetstream/pull.go:955 +0x91
created by github.com/nats-io/nats.go/jetstream.(*pullConsumer).Messages in goroutine 44822
	/Users/jace/go/pkg/mod/github.com/nats-io/nats.go@v1.41.1/jetstream/pull.go:534 +0x748

goroutine 46585 [select, 1 minutes]:
github.com/nats-io/nats.go/jetstream.(*pullSubscription).pullMessages(0xc001f5c990, {0xc00179a0f0, 0x50})
	/Users/jace/go/pkg/mod/github.com/nats-io/nats.go@v1.41.1/jetstream/pull.go:955 +0x91
created by github.com/nats-io/nats.go/jetstream.(*pullConsumer).Messages in goroutine 46222
	/Users/jace/go/pkg/mod/github.com/nats-io/nats.go@v1.41.1/jetstream/pull.go:534 +0x748

goroutine 45086 [select, 1 minutes]:
github.com/nats-io/nats.go/jetstream.(*pullConsumer).Messages.func2()
	/Users/jace/go/pkg/mod/github.com/nats-io/nats.go@v1.41.1/jetstream/pull.go:538 +0x68
created by github.com/nats-io/nats.go/jetstream.(*pullConsumer).Messages in goroutine 44822
	/Users/jace/go/pkg/mod/github.com/nats-io/nats.go@v1.41.1/jetstream/pull.go:536 +0x78a

goroutine 48293 [chan receive, 1 minutes]:
github.com/ThreeDotsLabs/watermill/message.(*handler).run(0xc001312d00, {0x10a337fa0, 0xc0009b7680}, {0xc0029e9bc0, 0x6, 0xc002a45778?})
	/Users/jace/go/pkg/mod/github.com/!three!dots!labs/watermill@v1.4.6/message/router.go:645 +0x2b4
github.com/ThreeDotsLabs/watermill/message.(*Router).RunHandlers.func1()
	/Users/jace/go/pkg/mod/github.com/!three!dots!labs/watermill@v1.4.6/message/router.go:460 +0x145
created by github.com/ThreeDotsLabs/watermill/message.(*Router).RunHandlers in goroutine 47950
	/Users/jace/go/pkg/mod/github.com/!three!dots!labs/watermill@v1.4.6/message/router.go:453 +0x606

goroutine 43961 [select, 1 minutes]:
github.com/nats-io/nats.go/jetstream.(*pullConsumer).Messages.func2()
	/Users/jace/go/pkg/mod/github.com/nats-io/nats.go@v1.41.1/jetstream/pull.go:538 +0x68
created by github.com/nats-io/nats.go/jetstream.(*pullConsumer).Messages in goroutine 43736
	/Users/jace/go/pkg/mod/github.com/nats-io/nats.go@v1.41.1/jetstream/pull.go:536 +0x78a

goroutine 44932 [select, 1 minutes]:
github.com/nats-io/nats.go/jetstream.(*pullSubscription).pullMessages(0xc0014be360, {0xc001eb8aa0, 0x47})
	/Users/jace/go/pkg/mod/github.com/nats-io/nats.go@v1.41.1/jetstream/pull.go:955 +0x91
created by github.com/nats-io/nats.go/jetstream.(*pullConsumer).Messages in goroutine 44822
	/Users/jace/go/pkg/mod/github.com/nats-io/nats.go@v1.41.1/jetstream/pull.go:534 +0x748

goroutine 43832 [chan receive, 1 minutes]:
github.com/ThreeDotsLabs/watermill/message.(*handler).run(0xc001983c70, {0x10a337fa0, 0xc001bdbb30}, {0xc000abd080, 0x6, 0x0?})
	/Users/jace/go/pkg/mod/github.com/!three!dots!labs/watermill@v1.4.6/message/router.go:645 +0x2b4
github.com/ThreeDotsLabs/watermill/message.(*Router).RunHandlers.func1()
	/Users/jace/go/pkg/mod/github.com/!three!dots!labs/watermill@v1.4.6/message/router.go:460 +0x145
created by github.com/ThreeDotsLabs/watermill/message.(*Router).RunHandlers in goroutine 43736
	/Users/jace/go/pkg/mod/github.com/!three!dots!labs/watermill@v1.4.6/message/router.go:453 +0x606

goroutine 43812 [select, 1 minutes]:
github.com/nats-io/nats.go/jetstream.(*pullSubscription).Next(0xc0020e8a20)
	/Users/jace/go/pkg/mod/github.com/nats-io/nats.go@v1.41.1/jetstream/pull.go:589 +0x285
github.com/Black-And-White-Club/frolf-bot-shared/eventbus.(*eventBus).Subscribe.func1()
	/Users/jace/Documents/GitHub/frolf-bot-shared/eventbus/eventbus.go:326 +0x169
created by github.com/Black-And-White-Club/frolf-bot-shared/eventbus.(*eventBus).Subscribe in goroutine 43736
	/Users/jace/Documents/GitHub/frolf-bot-shared/eventbus/eventbus.go:315 +0xbf1

goroutine 43829 [select, 1 minutes]:
github.com/nats-io/nats.go/jetstream.(*pullConsumer).Messages.func2()
	/Users/jace/go/pkg/mod/github.com/nats-io/nats.go@v1.41.1/jetstream/pull.go:538 +0x68
created by github.com/nats-io/nats.go/jetstream.(*pullConsumer).Messages in goroutine 43736
	/Users/jace/go/pkg/mod/github.com/nats-io/nats.go@v1.41.1/jetstream/pull.go:536 +0x78a

goroutine 45277 [select, 1 minutes]:
github.com/nats-io/nats.go/jetstream.(*pullConsumer).Messages.func2()
	/Users/jace/go/pkg/mod/github.com/nats-io/nats.go@v1.41.1/jetstream/pull.go:538 +0x68
created by github.com/nats-io/nats.go/jetstream.(*pullConsumer).Messages in goroutine 44822
	/Users/jace/go/pkg/mod/github.com/nats-io/nats.go@v1.41.1/jetstream/pull.go:536 +0x78a

goroutine 44847 [select, 1 minutes]:
github.com/nats-io/nats.go/jetstream.(*pullSubscription).Next(0xc001b79440)
	/Users/jace/go/pkg/mod/github.com/nats-io/nats.go@v1.41.1/jetstream/pull.go:589 +0x285
github.com/Black-And-White-Club/frolf-bot-shared/eventbus.(*eventBus).Subscribe.func1()
	/Users/jace/Documents/GitHub/frolf-bot-shared/eventbus/eventbus.go:326 +0x169
created by github.com/Black-And-White-Club/frolf-bot-shared/eventbus.(*eventBus).Subscribe in goroutine 44822
	/Users/jace/Documents/GitHub/frolf-bot-shared/eventbus/eventbus.go:315 +0xbf1

goroutine 57302 [select]:
github.com/nats-io/nats.go/jetstream.(*pullSubscription).pullMessages(0xc001fc37a0, {0xc001a6eac0, 0x3e})
	/Users/jace/go/pkg/mod/github.com/nats-io/nats.go@v1.41.1/jetstream/pull.go:955 +0x91
created by github.com/nats-io/nats.go/jetstream.(*pullConsumer).Messages in goroutine 57220
	/Users/jace/go/pkg/mod/github.com/nats-io/nats.go@v1.41.1/jetstream/pull.go:534 +0x748

goroutine 43667 [sync.Cond.Wait, 1 minutes]:
sync.runtime_notifyListWait(0xc00068a710, 0x0)
	/usr/local/Cellar/go/1.24.2/libexec/src/runtime/sema.go:597 +0x159
sync.(*Cond).Wait(0x10a338010?)
	/usr/local/Cellar/go/1.24.2/libexec/src/sync/cond.go:71 +0x85
github.com/nats-io/nats%2ego.(*asyncCallbacksHandler).asyncCBDispatcher(0xc0010ba680)
	/Users/jace/go/pkg/mod/github.com/nats-io/nats.go@v1.41.1/nats.go:3059 +0xdd
created by github.com/nats-io/nats%2ego.Options.Connect in goroutine 43111
	/Users/jace/go/pkg/mod/github.com/nats-io/nats.go@v1.41.1/nats.go:1635 +0x387

goroutine 45037 [select, 1 minutes]:
github.com/nats-io/nats.go/jetstream.(*pullSubscription).pullMessages(0xc001afc090, {0xc00179afa0, 0x4f})
	/Users/jace/go/pkg/mod/github.com/nats-io/nats.go@v1.41.1/jetstream/pull.go:955 +0x91
created by github.com/nats-io/nats.go/jetstream.(*pullConsumer).Messages in goroutine 44822
	/Users/jace/go/pkg/mod/github.com/nats-io/nats.go@v1.41.1/jetstream/pull.go:534 +0x748

goroutine 44989 [select, 1 minutes]:
github.com/nats-io/nats.go/jetstream.(*pullConsumer).Messages.func2()
	/Users/jace/go/pkg/mod/github.com/nats-io/nats.go@v1.41.1/jetstream/pull.go:538 +0x68
created by github.com/nats-io/nats.go/jetstream.(*pullConsumer).Messages in goroutine 44822
	/Users/jace/go/pkg/mod/github.com/nats-io/nats.go@v1.41.1/jetstream/pull.go:536 +0x78a

goroutine 46405 [select, 1 minutes]:
github.com/nats-io/nats.go/jetstream.(*pullSubscription).pullMessages(0xc00213d440, {0xc002110e40, 0x56})
	/Users/jace/go/pkg/mod/github.com/nats-io/nats.go@v1.41.1/jetstream/pull.go:955 +0x91
created by github.com/nats-io/nats.go/jetstream.(*pullConsumer).Messages in goroutine 46222
	/Users/jace/go/pkg/mod/github.com/nats-io/nats.go@v1.41.1/jetstream/pull.go:534 +0x748

goroutine 48246 [select, 1 minutes]:
github.com/nats-io/nats.go/jetstream.(*pullConsumer).Messages.func2()
	/Users/jace/go/pkg/mod/github.com/nats-io/nats.go@v1.41.1/jetstream/pull.go:538 +0x68
created by github.com/nats-io/nats.go/jetstream.(*pullConsumer).Messages in goroutine 47950
	/Users/jace/go/pkg/mod/github.com/nats-io/nats.go@v1.41.1/jetstream/pull.go:536 +0x78a

goroutine 45169 [select, 1 minutes]:
github.com/nats-io/nats.go/jetstream.(*pullSubscription).Next(0xc0011a4ea0)
	/Users/jace/go/pkg/mod/github.com/nats-io/nats.go@v1.41.1/jetstream/pull.go:589 +0x285
github.com/Black-And-White-Club/frolf-bot-shared/eventbus.(*eventBus).Subscribe.func1()
	/Users/jace/Documents/GitHub/frolf-bot-shared/eventbus/eventbus.go:326 +0x169
created by github.com/Black-And-White-Club/frolf-bot-shared/eventbus.(*eventBus).Subscribe in goroutine 44822
	/Users/jace/Documents/GitHub/frolf-bot-shared/eventbus/eventbus.go:315 +0xbf1

goroutine 42910 [select]:
github.com/nats-io/nats%2ego.(*Conn).doReconnect(0xc0012cd108, {0x10a327f28, 0x10acedb30}, 0x0)
	/Users/jace/go/pkg/mod/github.com/nats-io/nats.go@v1.41.1/nats.go:2907 +0x41a
created by github.com/nats-io/nats%2ego.(*Conn).processOpErr in goroutine 41195
	/Users/jace/go/pkg/mod/github.com/nats-io/nats.go@v1.41.1/nats.go:3043 +0x2f3

goroutine 45280 [chan receive, 1 minutes]:
github.com/ThreeDotsLabs/watermill/message.(*handler).run(0xc000b85d40, {0x10a337fa0, 0xc000812050}, {0xc0014dc540, 0x6, 0xc001ced778?})
	/Users/jace/go/pkg/mod/github.com/!three!dots!labs/watermill@v1.4.6/message/router.go:645 +0x2b4
github.com/ThreeDotsLabs/watermill/message.(*Router).RunHandlers.func1()
	/Users/jace/go/pkg/mod/github.com/!three!dots!labs/watermill@v1.4.6/message/router.go:460 +0x145
created by github.com/ThreeDotsLabs/watermill/message.(*Router).RunHandlers in goroutine 44822
	/Users/jace/go/pkg/mod/github.com/!three!dots!labs/watermill@v1.4.6/message/router.go:453 +0x606

goroutine 45247 [select, 1 minutes]:
github.com/nats-io/nats.go/jetstream.(*pullSubscription).pullMessages(0xc0007c53b0, {0xc0007d6cd0, 0x4f})
	/Users/jace/go/pkg/mod/github.com/nats-io/nats.go@v1.41.1/jetstream/pull.go:955 +0x91
created by github.com/nats-io/nats.go/jetstream.(*pullConsumer).Messages in goroutine 44822
	/Users/jace/go/pkg/mod/github.com/nats-io/nats.go@v1.41.1/jetstream/pull.go:534 +0x748

goroutine 43912 [chan receive, 1 minutes]:
github.com/ThreeDotsLabs/watermill/message.(*handler).run(0xc0013b61a0, {0x10a337fa0, 0xc00138d040}, {0xc000a53380, 0x6, 0x0?})
	/Users/jace/go/pkg/mod/github.com/!three!dots!labs/watermill@v1.4.6/message/router.go:645 +0x2b4
github.com/ThreeDotsLabs/watermill/message.(*Router).RunHandlers.func1()
	/Users/jace/go/pkg/mod/github.com/!three!dots!labs/watermill@v1.4.6/message/router.go:460 +0x145
created by github.com/ThreeDotsLabs/watermill/message.(*Router).RunHandlers in goroutine 43736
	/Users/jace/go/pkg/mod/github.com/!three!dots!labs/watermill@v1.4.6/message/router.go:453 +0x606

goroutine 43690 [chan receive, 1 minutes]:
github.com/ThreeDotsLabs/watermill/message.(*messageTransformSubscriberDecorator).Subscribe.func1()
	/Users/jace/go/pkg/mod/github.com/!three!dots!labs/watermill@v1.4.6/message/decorator.go:52 +0x85
created by github.com/ThreeDotsLabs/watermill/message.(*messageTransformSubscriberDecorator).Subscribe in goroutine 43736
	/Users/jace/go/pkg/mod/github.com/!three!dots!labs/watermill@v1.4.6/message/decorator.go:51 +0xc7

goroutine 48176 [select, 1 minutes]:
github.com/nats-io/nats.go/jetstream.(*pullConsumer).Messages.func2()
	/Users/jace/go/pkg/mod/github.com/nats-io/nats.go@v1.41.1/jetstream/pull.go:538 +0x68
created by github.com/nats-io/nats.go/jetstream.(*pullConsumer).Messages in goroutine 47950
	/Users/jace/go/pkg/mod/github.com/nats-io/nats.go@v1.41.1/jetstream/pull.go:536 +0x78a

goroutine 46435 [chan receive, 1 minutes]:
github.com/ThreeDotsLabs/watermill/message.(*messageTransformSubscriberDecorator).Subscribe.func1()
	/Users/jace/go/pkg/mod/github.com/!three!dots!labs/watermill@v1.4.6/message/decorator.go:52 +0x85
created by github.com/ThreeDotsLabs/watermill/message.(*messageTransformSubscriberDecorator).Subscribe in goroutine 46222
	/Users/jace/go/pkg/mod/github.com/!three!dots!labs/watermill@v1.4.6/message/decorator.go:51 +0xc7

goroutine 43910 [select, 1 minutes]:
github.com/nats-io/nats.go/jetstream.(*pullSubscription).Next(0xc002199d40)
	/Users/jace/go/pkg/mod/github.com/nats-io/nats.go@v1.41.1/jetstream/pull.go:589 +0x285
github.com/Black-And-White-Club/frolf-bot-shared/eventbus.(*eventBus).Subscribe.func1()
	/Users/jace/Documents/GitHub/frolf-bot-shared/eventbus/eventbus.go:326 +0x169
created by github.com/Black-And-White-Club/frolf-bot-shared/eventbus.(*eventBus).Subscribe in goroutine 43736
	/Users/jace/Documents/GitHub/frolf-bot-shared/eventbus/eventbus.go:315 +0xbf1

goroutine 43739 [select, 1 minutes]:
github.com/nats-io/nats.go/jetstream.(*pullSubscription).pullMessages(0xc001921b90, {0xc001a6ffc0, 0x40})
	/Users/jace/go/pkg/mod/github.com/nats-io/nats.go@v1.41.1/jetstream/pull.go:955 +0x91
created by github.com/nats-io/nats.go/jetstream.(*pullConsumer).Messages in goroutine 43736
	/Users/jace/go/pkg/mod/github.com/nats-io/nats.go@v1.41.1/jetstream/pull.go:534 +0x748

goroutine 46427 [select, 1 minutes]:
github.com/nats-io/nats.go/jetstream.(*pullConsumer).Messages.func2()
	/Users/jace/go/pkg/mod/github.com/nats-io/nats.go@v1.41.1/jetstream/pull.go:538 +0x68
created by github.com/nats-io/nats.go/jetstream.(*pullConsumer).Messages in goroutine 46222
	/Users/jace/go/pkg/mod/github.com/nats-io/nats.go@v1.41.1/jetstream/pull.go:536 +0x78a

goroutine 47869 [chan receive, 1 minutes]:
github.com/ThreeDotsLabs/watermill/message.(*messageTransformSubscriberDecorator).Subscribe.func1()
	/Users/jace/go/pkg/mod/github.com/!three!dots!labs/watermill@v1.4.6/message/decorator.go:52 +0x85
created by github.com/ThreeDotsLabs/watermill/message.(*messageTransformSubscriberDecorator).Subscribe in goroutine 47950
	/Users/jace/go/pkg/mod/github.com/!three!dots!labs/watermill@v1.4.6/message/decorator.go:51 +0xc7

goroutine 45364 [select, 1 minutes]:
github.com/nats-io/nats.go/jetstream.(*pullSubscription).pullMessages(0xc0012790e0, {0xc0018a7450, 0x4e})
	/Users/jace/go/pkg/mod/github.com/nats-io/nats.go@v1.41.1/jetstream/pull.go:955 +0x91
created by github.com/nats-io/nats.go/jetstream.(*pullConsumer).Messages in goroutine 44822
	/Users/jace/go/pkg/mod/github.com/nats-io/nats.go@v1.41.1/jetstream/pull.go:534 +0x748

goroutine 44964 [select, 1 minutes]:
github.com/nats-io/nats.go/jetstream.(*pullConsumer).Messages.func2()
	/Users/jace/go/pkg/mod/github.com/nats-io/nats.go@v1.41.1/jetstream/pull.go:538 +0x68
created by github.com/nats-io/nats.go/jetstream.(*pullConsumer).Messages in goroutine 44822
	/Users/jace/go/pkg/mod/github.com/nats-io/nats.go@v1.41.1/jetstream/pull.go:536 +0x78a

goroutine 47907 [sync.Cond.Wait, 1 minutes]:
sync.runtime_notifyListWait(0xc00202e750, 0x0)
	/usr/local/Cellar/go/1.24.2/libexec/src/runtime/sema.go:597 +0x159
sync.(*Cond).Wait(0x10955fc80?)
	/usr/local/Cellar/go/1.24.2/libexec/src/sync/cond.go:71 +0x85
github.com/nats-io/nats%2ego.(*asyncCallbacksHandler).asyncCBDispatcher(0xc000a23600)
	/Users/jace/go/pkg/mod/github.com/nats-io/nats.go@v1.41.1/nats.go:3059 +0xdd
created by github.com/nats-io/nats%2ego.Options.Connect in goroutine 47229
	/Users/jace/go/pkg/mod/github.com/nats-io/nats.go@v1.41.1/nats.go:1635 +0x387

goroutine 49333 [chan receive, 1 minutes]:
github.com/ThreeDotsLabs/watermill/message.(*messageTransformSubscriberDecorator).Subscribe.func1()
	/Users/jace/go/pkg/mod/github.com/!three!dots!labs/watermill@v1.4.6/message/decorator.go:52 +0x85
created by github.com/ThreeDotsLabs/watermill/message.(*messageTransformSubscriberDecorator).Subscribe in goroutine 49230
	/Users/jace/go/pkg/mod/github.com/!three!dots!labs/watermill@v1.4.6/message/decorator.go:51 +0xc7

goroutine 44988 [select, 1 minutes]:
github.com/nats-io/nats.go/jetstream.(*pullSubscription).pullMessages(0xc001c0c1b0, {0xc001e2b2c0, 0x5a})
	/Users/jace/go/pkg/mod/github.com/nats-io/nats.go@v1.41.1/jetstream/pull.go:955 +0x91
created by github.com/nats-io/nats.go/jetstream.(*pullConsumer).Messages in goroutine 44822
	/Users/jace/go/pkg/mod/github.com/nats-io/nats.go@v1.41.1/jetstream/pull.go:534 +0x748

goroutine 43828 [select, 1 minutes]:
github.com/nats-io/nats.go/jetstream.(*pullSubscription).pullMessages(0xc001a50510, {0xc001eb82d0, 0x4b})
	/Users/jace/go/pkg/mod/github.com/nats-io/nats.go@v1.41.1/jetstream/pull.go:955 +0x91
created by github.com/nats-io/nats.go/jetstream.(*pullConsumer).Messages in goroutine 43736
	/Users/jace/go/pkg/mod/github.com/nats-io/nats.go@v1.41.1/jetstream/pull.go:534 +0x748

goroutine 46531 [select, 1 minutes]:
github.com/nats-io/nats.go/jetstream.(*pullConsumer).Messages.func2()
	/Users/jace/go/pkg/mod/github.com/nats-io/nats.go@v1.41.1/jetstream/pull.go:538 +0x68
created by github.com/nats-io/nats.go/jetstream.(*pullConsumer).Messages in goroutine 46222
	/Users/jace/go/pkg/mod/github.com/nats-io/nats.go@v1.41.1/jetstream/pull.go:536 +0x78a

goroutine 46282 [chan receive, 1 minutes]:
github.com/ThreeDotsLabs/watermill/message.(*messageTransformSubscriberDecorator).Subscribe.func1()
	/Users/jace/go/pkg/mod/github.com/!three!dots!labs/watermill@v1.4.6/message/decorator.go:52 +0x85
created by github.com/ThreeDotsLabs/watermill/message.(*messageTransformSubscriberDecorator).Subscribe in goroutine 46222
	/Users/jace/go/pkg/mod/github.com/!three!dots!labs/watermill@v1.4.6/message/decorator.go:51 +0xc7

goroutine 47891 [sync.Cond.Wait, 1 minutes]:
sync.runtime_notifyListWait(0xc00128c490, 0x0)
	/usr/local/Cellar/go/1.24.2/libexec/src/runtime/sema.go:597 +0x159
sync.(*Cond).Wait(0xc001df3e30?)
	/usr/local/Cellar/go/1.24.2/libexec/src/sync/cond.go:71 +0x85
github.com/nats-io/nats%2ego.(*asyncCallbacksHandler).asyncCBDispatcher(0xc0010bb800)
	/Users/jace/go/pkg/mod/github.com/nats-io/nats.go@v1.41.1/nats.go:3059 +0xdd
created by github.com/nats-io/nats%2ego.Options.Connect in goroutine 47229
	/Users/jace/go/pkg/mod/github.com/nats-io/nats.go@v1.41.1/nats.go:1635 +0x387

goroutine 44845 [select, 1 minutes]:
github.com/nats-io/nats.go/jetstream.(*pullSubscription).pullMessages(0xc001b79440, {0xc0002552c0, 0x42})
	/Users/jace/go/pkg/mod/github.com/nats-io/nats.go@v1.41.1/jetstream/pull.go:955 +0x91
created by github.com/nats-io/nats.go/jetstream.(*pullConsumer).Messages in goroutine 44822
	/Users/jace/go/pkg/mod/github.com/nats-io/nats.go@v1.41.1/jetstream/pull.go:534 +0x748

goroutine 45368 [chan receive, 1 minutes]:
github.com/ThreeDotsLabs/watermill/message.(*handler).run(0xc002201c70, {0x10a337fa0, 0xc001b63cc0}, {0xc0017f23c0, 0x6, 0x0?})
	/Users/jace/go/pkg/mod/github.com/!three!dots!labs/watermill@v1.4.6/message/router.go:645 +0x2b4
github.com/ThreeDotsLabs/watermill/message.(*Router).RunHandlers.func1()
	/Users/jace/go/pkg/mod/github.com/!three!dots!labs/watermill@v1.4.6/message/router.go:460 +0x145
created by github.com/ThreeDotsLabs/watermill/message.(*Router).RunHandlers in goroutine 44822
	/Users/jace/go/pkg/mod/github.com/!three!dots!labs/watermill@v1.4.6/message/router.go:453 +0x606

goroutine 45276 [select, 1 minutes]:
github.com/nats-io/nats.go/jetstream.(*pullSubscription).pullMessages(0xc001278000, {0xc0018a7130, 0x45})
	/Users/jace/go/pkg/mod/github.com/nats-io/nats.go@v1.41.1/jetstream/pull.go:955 +0x91
created by github.com/nats-io/nats.go/jetstream.(*pullConsumer).Messages in goroutine 44822
	/Users/jace/go/pkg/mod/github.com/nats-io/nats.go@v1.41.1/jetstream/pull.go:534 +0x748

goroutine 46541 [select, 1 minutes]:
github.com/nats-io/nats.go/jetstream.(*pullSubscription).Next(0xc000c335f0)
	/Users/jace/go/pkg/mod/github.com/nats-io/nats.go@v1.41.1/jetstream/pull.go:589 +0x285
github.com/Black-And-White-Club/frolf-bot-shared/eventbus.(*eventBus).Subscribe.func1()
	/Users/jace/Documents/GitHub/frolf-bot-shared/eventbus/eventbus.go:326 +0x169
created by github.com/Black-And-White-Club/frolf-bot-shared/eventbus.(*eventBus).Subscribe in goroutine 46222
	/Users/jace/Documents/GitHub/frolf-bot-shared/eventbus/eventbus.go:315 +0xbf1

goroutine 47102 [select, 1 minutes]:
github.com/nats-io/nats.go/jetstream.(*pullSubscription).Next(0xc002315e60)
	/Users/jace/go/pkg/mod/github.com/nats-io/nats.go@v1.41.1/jetstream/pull.go:589 +0x285
github.com/Black-And-White-Club/frolf-bot-shared/eventbus.(*eventBus).Subscribe.func1()
	/Users/jace/Documents/GitHub/frolf-bot-shared/eventbus/eventbus.go:326 +0x169
created by github.com/Black-And-White-Club/frolf-bot-shared/eventbus.(*eventBus).Subscribe in goroutine 47950
	/Users/jace/Documents/GitHub/frolf-bot-shared/eventbus/eventbus.go:315 +0xbf1

goroutine 44965 [select, 1 minutes]:
github.com/nats-io/nats.go/jetstream.(*pullSubscription).Next(0xc0014bea20)
	/Users/jace/go/pkg/mod/github.com/nats-io/nats.go@v1.41.1/jetstream/pull.go:589 +0x285
github.com/Black-And-White-Club/frolf-bot-shared/eventbus.(*eventBus).Subscribe.func1()
	/Users/jace/Documents/GitHub/frolf-bot-shared/eventbus/eventbus.go:326 +0x169
created by github.com/Black-And-White-Club/frolf-bot-shared/eventbus.(*eventBus).Subscribe in goroutine 44822
	/Users/jace/Documents/GitHub/frolf-bot-shared/eventbus/eventbus.go:315 +0xbf1

goroutine 48285 [select, 1 minutes]:
github.com/nats-io/nats.go/jetstream.(*pullConsumer).Messages.func2()
	/Users/jace/go/pkg/mod/github.com/nats-io/nats.go@v1.41.1/jetstream/pull.go:538 +0x68
created by github.com/nats-io/nats.go/jetstream.(*pullConsumer).Messages in goroutine 47950
	/Users/jace/go/pkg/mod/github.com/nats-io/nats.go@v1.41.1/jetstream/pull.go:536 +0x78a

goroutine 46406 [select, 1 minutes]:
github.com/nats-io/nats.go/jetstream.(*pullConsumer).Messages.func2()
	/Users/jace/go/pkg/mod/github.com/nats-io/nats.go@v1.41.1/jetstream/pull.go:538 +0x68
created by github.com/nats-io/nats.go/jetstream.(*pullConsumer).Messages in goroutine 46222
	/Users/jace/go/pkg/mod/github.com/nats-io/nats.go@v1.41.1/jetstream/pull.go:536 +0x78a

goroutine 46436 [chan receive, 1 minutes]:
github.com/ThreeDotsLabs/watermill/message.(*handler).run(0xc0024d2ea0, {0x10a337fa0, 0xc000ffab40}, {0xc0025c4780, 0x6, 0x100010000?})
	/Users/jace/go/pkg/mod/github.com/!three!dots!labs/watermill@v1.4.6/message/router.go:645 +0x2b4
github.com/ThreeDotsLabs/watermill/message.(*Router).RunHandlers.func1()
	/Users/jace/go/pkg/mod/github.com/!three!dots!labs/watermill@v1.4.6/message/router.go:460 +0x145
created by github.com/ThreeDotsLabs/watermill/message.(*Router).RunHandlers in goroutine 46222
	/Users/jace/go/pkg/mod/github.com/!three!dots!labs/watermill@v1.4.6/message/router.go:453 +0x606

goroutine 44846 [select, 1 minutes]:
github.com/nats-io/nats.go/jetstream.(*pullConsumer).Messages.func2()
	/Users/jace/go/pkg/mod/github.com/nats-io/nats.go@v1.41.1/jetstream/pull.go:538 +0x68
created by github.com/nats-io/nats.go/jetstream.(*pullConsumer).Messages in goroutine 44822
	/Users/jace/go/pkg/mod/github.com/nats-io/nats.go@v1.41.1/jetstream/pull.go:536 +0x78a

goroutine 43994 [sync.WaitGroup.Wait, 1 minutes]:
sync.runtime_SemacquireWaitGroup(0xc001f72540?)
	/usr/local/Cellar/go/1.24.2/libexec/src/runtime/sema.go:110 +0x25
sync.(*WaitGroup).Wait(0xc001874f30?)
	/usr/local/Cellar/go/1.24.2/libexec/src/sync/waitgroup.go:118 +0x48
github.com/ThreeDotsLabs/watermill/pubsub/sync.WaitGroupTimeout.func1()
	/Users/jace/go/pkg/mod/github.com/!three!dots!labs/watermill@v1.4.6/pubsub/sync/waitgroup.go:13 +0x25
created by github.com/ThreeDotsLabs/watermill/pubsub/sync.WaitGroupTimeout in goroutine 43111
	/Users/jace/go/pkg/mod/github.com/!three!dots!labs/watermill@v1.4.6/pubsub/sync/waitgroup.go:12 +0x85

goroutine 48145 [select, 1 minutes]:
github.com/nats-io/nats.go/jetstream.(*pullConsumer).Messages.func2()
	/Users/jace/go/pkg/mod/github.com/nats-io/nats.go@v1.41.1/jetstream/pull.go:538 +0x68
created by github.com/nats-io/nats.go/jetstream.(*pullConsumer).Messages in goroutine 47950
	/Users/jace/go/pkg/mod/github.com/nats-io/nats.go@v1.41.1/jetstream/pull.go:536 +0x78a

goroutine 44992 [chan receive, 1 minutes]:
github.com/ThreeDotsLabs/watermill/message.(*handler).run(0xc000612750, {0x10a337fa0, 0xc001980eb0}, {0xc00191c000, 0x6, 0x0?})
	/Users/jace/go/pkg/mod/github.com/!three!dots!labs/watermill@v1.4.6/message/router.go:645 +0x2b4
github.com/ThreeDotsLabs/watermill/message.(*Router).RunHandlers.func1()
	/Users/jace/go/pkg/mod/github.com/!three!dots!labs/watermill@v1.4.6/message/router.go:460 +0x145
created by github.com/ThreeDotsLabs/watermill/message.(*Router).RunHandlers in goroutine 44822
	/Users/jace/go/pkg/mod/github.com/!three!dots!labs/watermill@v1.4.6/message/router.go:453 +0x606

goroutine 54069 [select]:
github.com/nats-io/nats.go/jetstream.(*pullSubscription).pullMessages(0xc001ba9290, {0xc0018a6c30, 0x45})
	/Users/jace/go/pkg/mod/github.com/nats-io/nats.go@v1.41.1/jetstream/pull.go:955 +0x91
created by github.com/nats-io/nats.go/jetstream.(*pullConsumer).Messages in goroutine 54037
	/Users/jace/go/pkg/mod/github.com/nats-io/nats.go@v1.41.1/jetstream/pull.go:534 +0x748

goroutine 48149 [chan receive, 1 minutes]:
github.com/ThreeDotsLabs/watermill/message.(*messageTransformSubscriberDecorator).Subscribe.func1()
	/Users/jace/go/pkg/mod/github.com/!three!dots!labs/watermill@v1.4.6/message/decorator.go:52 +0x85
created by github.com/ThreeDotsLabs/watermill/message.(*messageTransformSubscriberDecorator).Subscribe in goroutine 47950
	/Users/jace/go/pkg/mod/github.com/!three!dots!labs/watermill@v1.4.6/message/decorator.go:51 +0xc7

goroutine 49785 [sync.WaitGroup.Wait, 1 minutes]:
sync.runtime_SemacquireWaitGroup(0x1094fc6f5?)
	/usr/local/Cellar/go/1.24.2/libexec/src/runtime/sema.go:110 +0x25
sync.(*WaitGroup).Wait(0xc001754f30?)
	/usr/local/Cellar/go/1.24.2/libexec/src/sync/waitgroup.go:118 +0x48
github.com/ThreeDotsLabs/watermill/pubsub/sync.WaitGroupTimeout.func1()
	/Users/jace/go/pkg/mod/github.com/!three!dots!labs/watermill@v1.4.6/pubsub/sync/waitgroup.go:13 +0x25
created by github.com/ThreeDotsLabs/watermill/pubsub/sync.WaitGroupTimeout in goroutine 48461
	/Users/jace/go/pkg/mod/github.com/!three!dots!labs/watermill@v1.4.6/pubsub/sync/waitgroup.go:12 +0x85

goroutine 48378 [chan receive, 1 minutes]:
github.com/ThreeDotsLabs/watermill/message.(*messageTransformSubscriberDecorator).Subscribe.func1()
	/Users/jace/go/pkg/mod/github.com/!three!dots!labs/watermill@v1.4.6/message/decorator.go:52 +0x85
created by github.com/ThreeDotsLabs/watermill/message.(*messageTransformSubscriberDecorator).Subscribe in goroutine 47950
	/Users/jace/go/pkg/mod/github.com/!three!dots!labs/watermill@v1.4.6/message/decorator.go:51 +0xc7

goroutine 44966 [chan receive, 1 minutes]:
github.com/ThreeDotsLabs/watermill/message.(*messageTransformSubscriberDecorator).Subscribe.func1()
	/Users/jace/go/pkg/mod/github.com/!three!dots!labs/watermill@v1.4.6/message/decorator.go:52 +0x85
created by github.com/ThreeDotsLabs/watermill/message.(*messageTransformSubscriberDecorator).Subscribe in goroutine 44822
	/Users/jace/go/pkg/mod/github.com/!three!dots!labs/watermill@v1.4.6/message/decorator.go:51 +0xc7

goroutine 46641 [chan receive, 1 minutes]:
github.com/ThreeDotsLabs/watermill/message.(*handler).run(0xc0024d2f70, {0x10a337fa0, 0xc001734690}, {0xc00078a180, 0x6, 0xc001fd5f78?})
	/Users/jace/go/pkg/mod/github.com/!three!dots!labs/watermill@v1.4.6/message/router.go:645 +0x2b4
github.com/ThreeDotsLabs/watermill/message.(*Router).RunHandlers.func1()
	/Users/jace/go/pkg/mod/github.com/!three!dots!labs/watermill@v1.4.6/message/router.go:460 +0x145
created by github.com/ThreeDotsLabs/watermill/message.(*Router).RunHandlers in goroutine 46222
	/Users/jace/go/pkg/mod/github.com/!three!dots!labs/watermill@v1.4.6/message/router.go:453 +0x606

goroutine 56267 [select]:
github.com/nats-io/nats.go/jetstream.(*pullSubscription).Next(0xc0014becf0)
	/Users/jace/go/pkg/mod/github.com/nats-io/nats.go@v1.41.1/jetstream/pull.go:589 +0x285
github.com/Black-And-White-Club/frolf-bot-shared/eventbus.(*eventBus).Subscribe.func1()
	/Users/jace/Documents/GitHub/frolf-bot-shared/eventbus/eventbus.go:326 +0x169
created by github.com/Black-And-White-Club/frolf-bot-shared/eventbus.(*eventBus).Subscribe in goroutine 57220
	/Users/jace/Documents/GitHub/frolf-bot-shared/eventbus/eventbus.go:315 +0xbf1

goroutine 46627 [select, 1 minutes]:
github.com/nats-io/nats.go/jetstream.(*pullConsumer).Messages.func2()
	/Users/jace/go/pkg/mod/github.com/nats-io/nats.go@v1.41.1/jetstream/pull.go:538 +0x68
created by github.com/nats-io/nats.go/jetstream.(*pullConsumer).Messages in goroutine 46222
	/Users/jace/go/pkg/mod/github.com/nats-io/nats.go@v1.41.1/jetstream/pull.go:536 +0x78a

goroutine 44782 [sync.Cond.Wait, 1 minutes]:
sync.runtime_notifyListWait(0xc000ba70d0, 0x3)
	/usr/local/Cellar/go/1.24.2/libexec/src/runtime/sema.go:597 +0x159
sync.(*Cond).Wait(0xc001b7f090?)
	/usr/local/Cellar/go/1.24.2/libexec/src/sync/cond.go:71 +0x85
github.com/nats-io/nats%2ego.(*Conn).waitForMsgs(0xc001bf2308, 0xc0023263c0)
	/Users/jace/go/pkg/mod/github.com/nats-io/nats.go@v1.41.1/nats.go:3178 +0xc5
created by github.com/nats-io/nats%2ego.(*Conn).subscribeLocked in goroutine 44116
	/Users/jace/go/pkg/mod/github.com/nats-io/nats.go@v1.41.1/nats.go:4468 +0x419

goroutine 57507 [select]:
github.com/nats-io/nats.go/jetstream.(*pullConsumer).Messages.func2()
	/Users/jace/go/pkg/mod/github.com/nats-io/nats.go@v1.41.1/jetstream/pull.go:538 +0x68
created by github.com/nats-io/nats.go/jetstream.(*pullConsumer).Messages in goroutine 57220
	/Users/jace/go/pkg/mod/github.com/nats-io/nats.go@v1.41.1/jetstream/pull.go:536 +0x78a

goroutine 43992 [sync.WaitGroup.Wait, 1 minutes]:
sync.runtime_SemacquireWaitGroup(0xc002041260?)
	/usr/local/Cellar/go/1.24.2/libexec/src/runtime/sema.go:110 +0x25
sync.(*WaitGroup).Wait(0xc002503740?)
	/usr/local/Cellar/go/1.24.2/libexec/src/sync/waitgroup.go:118 +0x48
github.com/ThreeDotsLabs/watermill/message.(*Router).waitForHandlers.func1()
	/Users/jace/go/pkg/mod/github.com/!three!dots!labs/watermill@v1.4.6/message/router.go:579 +0x4b
created by github.com/ThreeDotsLabs/watermill/message.(*Router).waitForHandlers in goroutine 43111
	/Users/jace/go/pkg/mod/github.com/!three!dots!labs/watermill@v1.4.6/message/router.go:577 +0x87

goroutine 43737 [sync.Cond.Wait, 1 minutes]:
sync.runtime_notifyListWait(0xc0016c0d90, 0x2)
	/usr/local/Cellar/go/1.24.2/libexec/src/runtime/sema.go:597 +0x159
sync.(*Cond).Wait(0x0?)
	/usr/local/Cellar/go/1.24.2/libexec/src/sync/cond.go:71 +0x85
github.com/nats-io/nats%2ego.(*Conn).waitForMsgs(0xc00163b108, 0xc00151af00)
	/Users/jace/go/pkg/mod/github.com/nats-io/nats.go@v1.41.1/nats.go:3178 +0xc5
created by github.com/nats-io/nats%2ego.(*Conn).subscribeLocked in goroutine 43111
	/Users/jace/go/pkg/mod/github.com/nats-io/nats.go@v1.41.1/nats.go:4468 +0x419

goroutine 43738 [sync.WaitGroup.Wait, 1 minutes]:
sync.runtime_SemacquireWaitGroup(0x0?)
	/usr/local/Cellar/go/1.24.2/libexec/src/runtime/sema.go:110 +0x25
sync.(*WaitGroup).Wait(0x0?)
	/usr/local/Cellar/go/1.24.2/libexec/src/sync/waitgroup.go:118 +0x48
github.com/ThreeDotsLabs/watermill/message.(*Router).watchAllHandlersStopped.func1()
	/Users/jace/go/pkg/mod/github.com/!three!dots!labs/watermill@v1.4.6/message/router.go:498 +0x86
created by github.com/ThreeDotsLabs/watermill/message.(*Router).watchAllHandlersStopped in goroutine 43736
	/Users/jace/go/pkg/mod/github.com/!three!dots!labs/watermill@v1.4.6/message/router.go:484 +0xec

goroutine 43740 [select, 1 minutes]:
github.com/nats-io/nats.go/jetstream.(*pullConsumer).Messages.func2()
	/Users/jace/go/pkg/mod/github.com/nats-io/nats.go@v1.41.1/jetstream/pull.go:538 +0x68
created by github.com/nats-io/nats.go/jetstream.(*pullConsumer).Messages in goroutine 43736
	/Users/jace/go/pkg/mod/github.com/nats-io/nats.go@v1.41.1/jetstream/pull.go:536 +0x78a

goroutine 43741 [select, 1 minutes]:
github.com/nats-io/nats.go/jetstream.(*pullSubscription).Next(0xc001921b90)
	/Users/jace/go/pkg/mod/github.com/nats-io/nats.go@v1.41.1/jetstream/pull.go:589 +0x285
github.com/Black-And-White-Club/frolf-bot-shared/eventbus.(*eventBus).Subscribe.func1()
	/Users/jace/Documents/GitHub/frolf-bot-shared/eventbus/eventbus.go:326 +0x169
created by github.com/Black-And-White-Club/frolf-bot-shared/eventbus.(*eventBus).Subscribe in goroutine 43736
	/Users/jace/Documents/GitHub/frolf-bot-shared/eventbus/eventbus.go:315 +0xbf1

goroutine 43742 [chan receive, 1 minutes]:
github.com/ThreeDotsLabs/watermill/message.(*messageTransformSubscriberDecorator).Subscribe.func1()
	/Users/jace/go/pkg/mod/github.com/!three!dots!labs/watermill@v1.4.6/message/decorator.go:52 +0x85
created by github.com/ThreeDotsLabs/watermill/message.(*messageTransformSubscriberDecorator).Subscribe in goroutine 43736
	/Users/jace/go/pkg/mod/github.com/!three!dots!labs/watermill@v1.4.6/message/decorator.go:51 +0xc7

goroutine 43743 [chan receive, 1 minutes]:
github.com/ThreeDotsLabs/watermill/message.(*handler).run(0xc0019832b0, {0x10a337fa0, 0xc001f66730}, {0xc001ed0f00, 0x6, 0x0?})
	/Users/jace/go/pkg/mod/github.com/!three!dots!labs/watermill@v1.4.6/message/router.go:645 +0x2b4
github.com/ThreeDotsLabs/watermill/message.(*Router).RunHandlers.func1()
	/Users/jace/go/pkg/mod/github.com/!three!dots!labs/watermill@v1.4.6/message/router.go:460 +0x145
created by github.com/ThreeDotsLabs/watermill/message.(*Router).RunHandlers in goroutine 43736
	/Users/jace/go/pkg/mod/github.com/!three!dots!labs/watermill@v1.4.6/message/router.go:453 +0x606

goroutine 43778 [select, 1 minutes]:
github.com/nats-io/nats.go/jetstream.(*pullSubscription).Next(0xc0011226c0)
	/Users/jace/go/pkg/mod/github.com/nats-io/nats.go@v1.41.1/jetstream/pull.go:589 +0x285
github.com/Black-And-White-Club/frolf-bot-shared/eventbus.(*eventBus).Subscribe.func1()
	/Users/jace/Documents/GitHub/frolf-bot-shared/eventbus/eventbus.go:326 +0x169
created by github.com/Black-And-White-Club/frolf-bot-shared/eventbus.(*eventBus).Subscribe in goroutine 43736
	/Users/jace/Documents/GitHub/frolf-bot-shared/eventbus/eventbus.go:315 +0xbf1

goroutine 43779 [chan receive, 1 minutes]:
github.com/ThreeDotsLabs/watermill/message.(*messageTransformSubscriberDecorator).Subscribe.func1()
	/Users/jace/go/pkg/mod/github.com/!three!dots!labs/watermill@v1.4.6/message/decorator.go:52 +0x85
created by github.com/ThreeDotsLabs/watermill/message.(*messageTransformSubscriberDecorator).Subscribe in goroutine 43736
	/Users/jace/go/pkg/mod/github.com/!three!dots!labs/watermill@v1.4.6/message/decorator.go:51 +0xc7

goroutine 43780 [chan receive, 1 minutes]:
github.com/ThreeDotsLabs/watermill/message.(*handler).run(0xc0019836c0, {0x10a337fa0, 0xc001f66910}, {0xc001ed0fc0, 0x6, 0x0?})
	/Users/jace/go/pkg/mod/github.com/!three!dots!labs/watermill@v1.4.6/message/router.go:645 +0x2b4
github.com/ThreeDotsLabs/watermill/message.(*Router).RunHandlers.func1()
	/Users/jace/go/pkg/mod/github.com/!three!dots!labs/watermill@v1.4.6/message/router.go:460 +0x145
created by github.com/ThreeDotsLabs/watermill/message.(*Router).RunHandlers in goroutine 43736
	/Users/jace/go/pkg/mod/github.com/!three!dots!labs/watermill@v1.4.6/message/router.go:453 +0x606

goroutine 43801 [chan receive, 1 minutes]:
github.com/ThreeDotsLabs/watermill/message.(*messageTransformSubscriberDecorator).Subscribe.func1()
	/Users/jace/go/pkg/mod/github.com/!three!dots!labs/watermill@v1.4.6/message/decorator.go:52 +0x85
created by github.com/ThreeDotsLabs/watermill/message.(*messageTransformSubscriberDecorator).Subscribe in goroutine 43736
	/Users/jace/go/pkg/mod/github.com/!three!dots!labs/watermill@v1.4.6/message/decorator.go:51 +0xc7

goroutine 42134 [select, 1 minutes]:
github.com/nats-io/nats.go/jetstream.(*pullSubscription).Next(0xc000d5bd40)
	/Users/jace/go/pkg/mod/github.com/nats-io/nats.go@v1.41.1/jetstream/pull.go:589 +0x285
github.com/Black-And-White-Club/frolf-bot-shared/eventbus.(*eventBus).Subscribe.func1()
	/Users/jace/Documents/GitHub/frolf-bot-shared/eventbus/eventbus.go:326 +0x169
created by github.com/Black-And-White-Club/frolf-bot-shared/eventbus.(*eventBus).Subscribe in goroutine 43736
	/Users/jace/Documents/GitHub/frolf-bot-shared/eventbus/eventbus.go:315 +0xbf1

goroutine 43893 [select, 1 minutes]:
github.com/nats-io/nats.go/jetstream.(*pullSubscription).Next(0xc002314a20)
	/Users/jace/go/pkg/mod/github.com/nats-io/nats.go@v1.41.1/jetstream/pull.go:589 +0x285
github.com/Black-And-White-Club/frolf-bot-shared/eventbus.(*eventBus).Subscribe.func1()
	/Users/jace/Documents/GitHub/frolf-bot-shared/eventbus/eventbus.go:326 +0x169
created by github.com/Black-And-White-Club/frolf-bot-shared/eventbus.(*eventBus).Subscribe in goroutine 43736
	/Users/jace/Documents/GitHub/frolf-bot-shared/eventbus/eventbus.go:315 +0xbf1

goroutine 42132 [select, 1 minutes]:
github.com/nats-io/nats.go/jetstream.(*pullSubscription).pullMessages(0xc000d5bd40, {0xc002124840, 0x56})
	/Users/jace/go/pkg/mod/github.com/nats-io/nats.go@v1.41.1/jetstream/pull.go:955 +0x91
created by github.com/nats-io/nats.go/jetstream.(*pullConsumer).Messages in goroutine 43736
	/Users/jace/go/pkg/mod/github.com/nats-io/nats.go@v1.41.1/jetstream/pull.go:534 +0x748

goroutine 42136 [chan receive, 1 minutes]:
github.com/ThreeDotsLabs/watermill/message.(*handler).run(0xc0002f1520, {0x10a337fa0, 0xc00138c7d0}, {0xc000a53140, 0x6, 0x100000001?})
	/Users/jace/go/pkg/mod/github.com/!three!dots!labs/watermill@v1.4.6/message/router.go:645 +0x2b4
github.com/ThreeDotsLabs/watermill/message.(*Router).RunHandlers.func1()
	/Users/jace/go/pkg/mod/github.com/!three!dots!labs/watermill@v1.4.6/message/router.go:460 +0x145
created by github.com/ThreeDotsLabs/watermill/message.(*Router).RunHandlers in goroutine 43736
	/Users/jace/go/pkg/mod/github.com/!three!dots!labs/watermill@v1.4.6/message/router.go:453 +0x606

goroutine 44854 [select, 1 minutes]:
github.com/nats-io/nats.go/jetstream.(*pullSubscription).pullMessages(0xc001b31b00, {0xc00259a480, 0x55})
	/Users/jace/go/pkg/mod/github.com/nats-io/nats.go@v1.41.1/jetstream/pull.go:955 +0x91
created by github.com/nats-io/nats.go/jetstream.(*pullConsumer).Messages in goroutine 44822
	/Users/jace/go/pkg/mod/github.com/nats-io/nats.go@v1.41.1/jetstream/pull.go:534 +0x748

goroutine 46302 [chan receive, 1 minutes]:
github.com/ThreeDotsLabs/watermill/message.(*messageTransformSubscriberDecorator).Subscribe.func1()
	/Users/jace/go/pkg/mod/github.com/!three!dots!labs/watermill@v1.4.6/message/decorator.go:52 +0x85
created by github.com/ThreeDotsLabs/watermill/message.(*messageTransformSubscriberDecorator).Subscribe in goroutine 46222
	/Users/jace/go/pkg/mod/github.com/!three!dots!labs/watermill@v1.4.6/message/decorator.go:51 +0xc7

goroutine 43978 [chan receive, 1 minutes]:
github.com/ThreeDotsLabs/watermill/message.(*handler).run(0xc001983450, {0x10a337fa0, 0xc00138d450}, {0xc001ed1140, 0x6, 0xc001ce4f78?})
	/Users/jace/go/pkg/mod/github.com/!three!dots!labs/watermill@v1.4.6/message/router.go:645 +0x2b4
github.com/ThreeDotsLabs/watermill/message.(*Router).RunHandlers.func1()
	/Users/jace/go/pkg/mod/github.com/!three!dots!labs/watermill@v1.4.6/message/router.go:460 +0x145
created by github.com/ThreeDotsLabs/watermill/message.(*Router).RunHandlers in goroutine 43736
	/Users/jace/go/pkg/mod/github.com/!three!dots!labs/watermill@v1.4.6/message/router.go:453 +0x606

goroutine 46015 [sync.WaitGroup.Wait, 1 minutes]:
sync.runtime_SemacquireWaitGroup(0xc002172f08?)
	/usr/local/Cellar/go/1.24.2/libexec/src/runtime/sema.go:110 +0x25
sync.(*WaitGroup).Wait(0x10acedb30?)
	/usr/local/Cellar/go/1.24.2/libexec/src/sync/waitgroup.go:118 +0x48
github.com/ThreeDotsLabs/watermill/message.(*Router).watchAllHandlersStopped.func1()
	/Users/jace/go/pkg/mod/github.com/!three!dots!labs/watermill@v1.4.6/message/router.go:498 +0x86
created by github.com/ThreeDotsLabs/watermill/message.(*Router).watchAllHandlersStopped in goroutine 46222
	/Users/jace/go/pkg/mod/github.com/!three!dots!labs/watermill@v1.4.6/message/router.go:484 +0xec

goroutine 45064 [select, 1 minutes]:
github.com/nats-io/nats.go/jetstream.(*pullSubscription).Next(0xc0004b85a0)
	/Users/jace/go/pkg/mod/github.com/nats-io/nats.go@v1.41.1/jetstream/pull.go:589 +0x285
github.com/Black-And-White-Club/frolf-bot-shared/eventbus.(*eventBus).Subscribe.func1()
	/Users/jace/Documents/GitHub/frolf-bot-shared/eventbus/eventbus.go:326 +0x169
created by github.com/Black-And-White-Club/frolf-bot-shared/eventbus.(*eventBus).Subscribe in goroutine 44822
	/Users/jace/Documents/GitHub/frolf-bot-shared/eventbus/eventbus.go:315 +0xbf1

goroutine 44996 [select, 1 minutes]:
github.com/nats-io/nats.go/jetstream.(*pullConsumer).Messages.func2()
	/Users/jace/go/pkg/mod/github.com/nats-io/nats.go@v1.41.1/jetstream/pull.go:538 +0x68
created by github.com/nats-io/nats.go/jetstream.(*pullConsumer).Messages in goroutine 44822
	/Users/jace/go/pkg/mod/github.com/nats-io/nats.go@v1.41.1/jetstream/pull.go:536 +0x78a

goroutine 46303 [chan receive, 1 minutes]:
github.com/ThreeDotsLabs/watermill/message.(*handler).run(0xc0024d24e0, {0x10a337fa0, 0xc000f4e410}, {0xc00235e840, 0x6, 0xc001ec6770?})
	/Users/jace/go/pkg/mod/github.com/!three!dots!labs/watermill@v1.4.6/message/router.go:645 +0x2b4
github.com/ThreeDotsLabs/watermill/message.(*Router).RunHandlers.func1()
	/Users/jace/go/pkg/mod/github.com/!three!dots!labs/watermill@v1.4.6/message/router.go:460 +0x145
created by github.com/ThreeDotsLabs/watermill/message.(*Router).RunHandlers in goroutine 46222
	/Users/jace/go/pkg/mod/github.com/!three!dots!labs/watermill@v1.4.6/message/router.go:453 +0x606

goroutine 55511 [chan receive]:
github.com/ThreeDotsLabs/watermill/message.(*handler).run(0xc002c26b60, {0x10a337fa0, 0xc001ab56d0}, {0xc002920c00, 0x6, 0x4?})
	/Users/jace/go/pkg/mod/github.com/!three!dots!labs/watermill@v1.4.6/message/router.go:645 +0x2b4
github.com/ThreeDotsLabs/watermill/message.(*Router).RunHandlers.func1()
	/Users/jace/go/pkg/mod/github.com/!three!dots!labs/watermill@v1.4.6/message/router.go:460 +0x145
created by github.com/ThreeDotsLabs/watermill/message.(*Router).RunHandlers in goroutine 55362
	/Users/jace/go/pkg/mod/github.com/!three!dots!labs/watermill@v1.4.6/message/router.go:453 +0x606

goroutine 43799 [select, 1 minutes]:
github.com/nats-io/nats.go/jetstream.(*pullConsumer).Messages.func2()
	/Users/jace/go/pkg/mod/github.com/nats-io/nats.go@v1.41.1/jetstream/pull.go:538 +0x68
created by github.com/nats-io/nats.go/jetstream.(*pullConsumer).Messages in goroutine 43736
	/Users/jace/go/pkg/mod/github.com/nats-io/nats.go@v1.41.1/jetstream/pull.go:536 +0x78a

goroutine 49318 [chan receive, 1 minutes]:
github.com/ThreeDotsLabs/watermill/message.(*messageTransformSubscriberDecorator).Subscribe.func1()
	/Users/jace/go/pkg/mod/github.com/!three!dots!labs/watermill@v1.4.6/message/decorator.go:52 +0x85
created by github.com/ThreeDotsLabs/watermill/message.(*messageTransformSubscriberDecorator).Subscribe in goroutine 49230
	/Users/jace/go/pkg/mod/github.com/!three!dots!labs/watermill@v1.4.6/message/decorator.go:51 +0xc7

goroutine 44857 [chan receive, 1 minutes]:
github.com/ThreeDotsLabs/watermill/message.(*messageTransformSubscriberDecorator).Subscribe.func1()
	/Users/jace/go/pkg/mod/github.com/!three!dots!labs/watermill@v1.4.6/message/decorator.go:52 +0x85
created by github.com/ThreeDotsLabs/watermill/message.(*messageTransformSubscriberDecorator).Subscribe in goroutine 44822
	/Users/jace/go/pkg/mod/github.com/!three!dots!labs/watermill@v1.4.6/message/decorator.go:51 +0xc7

goroutine 45132 [select, 1 minutes]:
github.com/nats-io/nats.go/jetstream.(*pullSubscription).pullMessages(0xc001c0de60, {0xc0007d69b0, 0x45})
	/Users/jace/go/pkg/mod/github.com/nats-io/nats.go@v1.41.1/jetstream/pull.go:955 +0x91
created by github.com/nats-io/nats.go/jetstream.(*pullConsumer).Messages in goroutine 44822
	/Users/jace/go/pkg/mod/github.com/nats-io/nats.go@v1.41.1/jetstream/pull.go:534 +0x748

goroutine 44856 [select, 1 minutes]:
github.com/nats-io/nats.go/jetstream.(*pullSubscription).Next(0xc001b31b00)
	/Users/jace/go/pkg/mod/github.com/nats-io/nats.go@v1.41.1/jetstream/pull.go:589 +0x285
github.com/Black-And-White-Club/frolf-bot-shared/eventbus.(*eventBus).Subscribe.func1()
	/Users/jace/Documents/GitHub/frolf-bot-shared/eventbus/eventbus.go:326 +0x169
created by github.com/Black-And-White-Club/frolf-bot-shared/eventbus.(*eventBus).Subscribe in goroutine 44822
	/Users/jace/Documents/GitHub/frolf-bot-shared/eventbus/eventbus.go:315 +0xbf1

goroutine 45167 [select, 1 minutes]:
github.com/nats-io/nats.go/jetstream.(*pullSubscription).pullMessages(0xc0011a4ea0, {0xc000807860, 0x4b})
	/Users/jace/go/pkg/mod/github.com/nats-io/nats.go@v1.41.1/jetstream/pull.go:955 +0x91
created by github.com/nats-io/nats.go/jetstream.(*pullConsumer).Messages in goroutine 44822
	/Users/jace/go/pkg/mod/github.com/nats-io/nats.go@v1.41.1/jetstream/pull.go:534 +0x748

goroutine 45154 [select, 1 minutes]:
github.com/nats-io/nats.go/jetstream.(*pullSubscription).pullMessages(0xc001f9db90, {0xc000807720, 0x45})
	/Users/jace/go/pkg/mod/github.com/nats-io/nats.go@v1.41.1/jetstream/pull.go:955 +0x91
created by github.com/nats-io/nats.go/jetstream.(*pullConsumer).Messages in goroutine 44822
	/Users/jace/go/pkg/mod/github.com/nats-io/nats.go@v1.41.1/jetstream/pull.go:534 +0x748

goroutine 46540 [select, 1 minutes]:
github.com/nats-io/nats.go/jetstream.(*pullConsumer).Messages.func2()
	/Users/jace/go/pkg/mod/github.com/nats-io/nats.go@v1.41.1/jetstream/pull.go:538 +0x68
created by github.com/nats-io/nats.go/jetstream.(*pullConsumer).Messages in goroutine 46222
	/Users/jace/go/pkg/mod/github.com/nats-io/nats.go@v1.41.1/jetstream/pull.go:536 +0x78a

goroutine 43800 [select, 1 minutes]:
github.com/nats-io/nats.go/jetstream.(*pullSubscription).Next(0xc002199320)
	/Users/jace/go/pkg/mod/github.com/nats-io/nats.go@v1.41.1/jetstream/pull.go:589 +0x285
github.com/Black-And-White-Club/frolf-bot-shared/eventbus.(*eventBus).Subscribe.func1()
	/Users/jace/Documents/GitHub/frolf-bot-shared/eventbus/eventbus.go:326 +0x169
created by github.com/Black-And-White-Club/frolf-bot-shared/eventbus.(*eventBus).Subscribe in goroutine 43736
	/Users/jace/Documents/GitHub/frolf-bot-shared/eventbus/eventbus.go:315 +0xbf1

goroutine 43976 [select, 1 minutes]:
github.com/nats-io/nats.go/jetstream.(*pullSubscription).Next(0xc0021be7e0)
	/Users/jace/go/pkg/mod/github.com/nats-io/nats.go@v1.41.1/jetstream/pull.go:589 +0x285
github.com/Black-And-White-Club/frolf-bot-shared/eventbus.(*eventBus).Subscribe.func1()
	/Users/jace/Documents/GitHub/frolf-bot-shared/eventbus/eventbus.go:326 +0x169
created by github.com/Black-And-White-Club/frolf-bot-shared/eventbus.(*eventBus).Subscribe in goroutine 43736
	/Users/jace/Documents/GitHub/frolf-bot-shared/eventbus/eventbus.go:315 +0xbf1

goroutine 43866 [select, 1 minutes]:
github.com/nats-io/nats.go/jetstream.(*pullSubscription).pullMessages(0xc0020e9ef0, {0xc000807540, 0x42})
	/Users/jace/go/pkg/mod/github.com/nats-io/nats.go@v1.41.1/jetstream/pull.go:955 +0x91
created by github.com/nats-io/nats.go/jetstream.(*pullConsumer).Messages in goroutine 43736
	/Users/jace/go/pkg/mod/github.com/nats-io/nats.go@v1.41.1/jetstream/pull.go:534 +0x748

goroutine 43867 [select, 1 minutes]:
github.com/nats-io/nats.go/jetstream.(*pullConsumer).Messages.func2()
	/Users/jace/go/pkg/mod/github.com/nats-io/nats.go@v1.41.1/jetstream/pull.go:538 +0x68
created by github.com/nats-io/nats.go/jetstream.(*pullConsumer).Messages in goroutine 43736
	/Users/jace/go/pkg/mod/github.com/nats-io/nats.go@v1.41.1/jetstream/pull.go:536 +0x78a

goroutine 43868 [select, 1 minutes]:
github.com/nats-io/nats.go/jetstream.(*pullSubscription).Next(0xc0020e9ef0)
	/Users/jace/go/pkg/mod/github.com/nats-io/nats.go@v1.41.1/jetstream/pull.go:589 +0x285
github.com/Black-And-White-Club/frolf-bot-shared/eventbus.(*eventBus).Subscribe.func1()
	/Users/jace/Documents/GitHub/frolf-bot-shared/eventbus/eventbus.go:326 +0x169
created by github.com/Black-And-White-Club/frolf-bot-shared/eventbus.(*eventBus).Subscribe in goroutine 43736
	/Users/jace/Documents/GitHub/frolf-bot-shared/eventbus/eventbus.go:315 +0xbf1

goroutine 43869 [chan receive, 1 minutes]:
github.com/ThreeDotsLabs/watermill/message.(*messageTransformSubscriberDecorator).Subscribe.func1()
	/Users/jace/go/pkg/mod/github.com/!three!dots!labs/watermill@v1.4.6/message/decorator.go:52 +0x85
created by github.com/ThreeDotsLabs/watermill/message.(*messageTransformSubscriberDecorator).Subscribe in goroutine 43736
	/Users/jace/go/pkg/mod/github.com/!three!dots!labs/watermill@v1.4.6/message/decorator.go:51 +0xc7

goroutine 43870 [chan receive, 1 minutes]:
github.com/ThreeDotsLabs/watermill/message.(*handler).run(0xc001983ad0, {0x10a337fa0, 0xc0015aed20}, {0xc001e51740, 0x6, 0x0?})
	/Users/jace/go/pkg/mod/github.com/!three!dots!labs/watermill@v1.4.6/message/router.go:645 +0x2b4
github.com/ThreeDotsLabs/watermill/message.(*Router).RunHandlers.func1()
	/Users/jace/go/pkg/mod/github.com/!three!dots!labs/watermill@v1.4.6/message/router.go:460 +0x145
created by github.com/ThreeDotsLabs/watermill/message.(*Router).RunHandlers in goroutine 43736
	/Users/jace/go/pkg/mod/github.com/!three!dots!labs/watermill@v1.4.6/message/router.go:453 +0x606

goroutine 43975 [select, 1 minutes]:
github.com/nats-io/nats.go/jetstream.(*pullConsumer).Messages.func2()
	/Users/jace/go/pkg/mod/github.com/nats-io/nats.go@v1.41.1/jetstream/pull.go:538 +0x68
created by github.com/nats-io/nats.go/jetstream.(*pullConsumer).Messages in goroutine 43736
	/Users/jace/go/pkg/mod/github.com/nats-io/nats.go@v1.41.1/jetstream/pull.go:536 +0x78a

goroutine 46185 [sync.Cond.Wait, 1 minutes]:
sync.runtime_notifyListWait(0xc001b98850, 0x0)
	/usr/local/Cellar/go/1.24.2/libexec/src/runtime/sema.go:597 +0x159
sync.(*Cond).Wait(0xc0018ce2a0?)
	/usr/local/Cellar/go/1.24.2/libexec/src/sync/cond.go:71 +0x85
github.com/nats-io/nats%2ego.(*asyncCallbacksHandler).asyncCBDispatcher(0xc000abe580)
	/Users/jace/go/pkg/mod/github.com/nats-io/nats.go@v1.41.1/nats.go:3059 +0xdd
created by github.com/nats-io/nats%2ego.Options.Connect in goroutine 45508
	/Users/jace/go/pkg/mod/github.com/nats-io/nats.go@v1.41.1/nats.go:1635 +0x387

goroutine 63182 [select]:
github.com/nats-io/nats.go/jetstream.(*pullSubscription).pullMessages(0xc001ab2630, {0xc002bee8c0, 0x4f})
	/Users/jace/go/pkg/mod/github.com/nats-io/nats.go@v1.41.1/jetstream/pull.go:955 +0x91
created by github.com/nats-io/nats.go/jetstream.(*pullConsumer).Messages in goroutine 63116
	/Users/jace/go/pkg/mod/github.com/nats-io/nats.go@v1.41.1/jetstream/pull.go:534 +0x748

goroutine 45389 [select, 1 minutes]:
github.com/nats-io/nats.go/jetstream.(*pullSubscription).Next(0xc001f5cfc0)
	/Users/jace/go/pkg/mod/github.com/nats-io/nats.go@v1.41.1/jetstream/pull.go:589 +0x285
github.com/Black-And-White-Club/frolf-bot-shared/eventbus.(*eventBus).Subscribe.func1()
	/Users/jace/Documents/GitHub/frolf-bot-shared/eventbus/eventbus.go:326 +0x169
created by github.com/Black-And-White-Club/frolf-bot-shared/eventbus.(*eventBus).Subscribe in goroutine 46222
	/Users/jace/Documents/GitHub/frolf-bot-shared/eventbus/eventbus.go:315 +0xbf1

goroutine 51748 [select]:
github.com/nats-io/nats%2ego.(*Conn).doReconnect(0xc00269fc08, {0x10a327f28, 0x10acedb30}, 0x0)
	/Users/jace/go/pkg/mod/github.com/nats-io/nats.go@v1.41.1/nats.go:2907 +0x41a
created by github.com/nats-io/nats%2ego.(*Conn).processOpErr in goroutine 50661
	/Users/jace/go/pkg/mod/github.com/nats-io/nats.go@v1.41.1/nats.go:3043 +0x2f3

goroutine 47908 [sync.Cond.Wait, 1 minutes]:
sync.runtime_notifyListWait(0xc000115cd0, 0x42)
	/usr/local/Cellar/go/1.24.2/libexec/src/runtime/sema.go:597 +0x159
sync.(*Cond).Wait(0xc0026c28b0?)
	/usr/local/Cellar/go/1.24.2/libexec/src/sync/cond.go:71 +0x85
github.com/nats-io/nats%2ego.(*Conn).waitForMsgs(0xc00155dc08, 0xc001ca64b0)
	/Users/jace/go/pkg/mod/github.com/nats-io/nats.go@v1.41.1/nats.go:3178 +0xc5
created by github.com/nats-io/nats%2ego.(*Conn).subscribeLocked in goroutine 47229
	/Users/jace/go/pkg/mod/github.com/nats-io/nats.go@v1.41.1/nats.go:4468 +0x419

goroutine 43886 [select, 1 minutes]:
github.com/nats-io/nats.go/jetstream.(*pullSubscription).pullMessages(0xc001a51050, {0xc001eb84b0, 0x45})
	/Users/jace/go/pkg/mod/github.com/nats-io/nats.go@v1.41.1/jetstream/pull.go:955 +0x91
created by github.com/nats-io/nats.go/jetstream.(*pullConsumer).Messages in goroutine 43736
	/Users/jace/go/pkg/mod/github.com/nats-io/nats.go@v1.41.1/jetstream/pull.go:534 +0x748

goroutine 43887 [select, 1 minutes]:
github.com/nats-io/nats.go/jetstream.(*pullConsumer).Messages.func2()
	/Users/jace/go/pkg/mod/github.com/nats-io/nats.go@v1.41.1/jetstream/pull.go:538 +0x68
created by github.com/nats-io/nats.go/jetstream.(*pullConsumer).Messages in goroutine 43736
	/Users/jace/go/pkg/mod/github.com/nats-io/nats.go@v1.41.1/jetstream/pull.go:536 +0x78a

goroutine 43888 [select, 1 minutes]:
github.com/nats-io/nats.go/jetstream.(*pullSubscription).Next(0xc001a51050)
	/Users/jace/go/pkg/mod/github.com/nats-io/nats.go@v1.41.1/jetstream/pull.go:589 +0x285
github.com/Black-And-White-Club/frolf-bot-shared/eventbus.(*eventBus).Subscribe.func1()
	/Users/jace/Documents/GitHub/frolf-bot-shared/eventbus/eventbus.go:326 +0x169
created by github.com/Black-And-White-Club/frolf-bot-shared/eventbus.(*eventBus).Subscribe in goroutine 43736
	/Users/jace/Documents/GitHub/frolf-bot-shared/eventbus/eventbus.go:315 +0xbf1

goroutine 43889 [chan receive, 1 minutes]:
github.com/ThreeDotsLabs/watermill/message.(*messageTransformSubscriberDecorator).Subscribe.func1()
	/Users/jace/go/pkg/mod/github.com/!three!dots!labs/watermill@v1.4.6/message/decorator.go:52 +0x85
created by github.com/ThreeDotsLabs/watermill/message.(*messageTransformSubscriberDecorator).Subscribe in goroutine 43736
	/Users/jace/go/pkg/mod/github.com/!three!dots!labs/watermill@v1.4.6/message/decorator.go:51 +0xc7

goroutine 43938 [chan receive, 1 minutes]:
github.com/ThreeDotsLabs/watermill/message.(*handler).run(0xc0013b60d0, {0x10a337fa0, 0xc001e53450}, {0xc001ed1080, 0x6, 0x0?})
	/Users/jace/go/pkg/mod/github.com/!three!dots!labs/watermill@v1.4.6/message/router.go:645 +0x2b4
github.com/ThreeDotsLabs/watermill/message.(*Router).RunHandlers.func1()
	/Users/jace/go/pkg/mod/github.com/!three!dots!labs/watermill@v1.4.6/message/router.go:460 +0x145
created by github.com/ThreeDotsLabs/watermill/message.(*Router).RunHandlers in goroutine 43736
	/Users/jace/go/pkg/mod/github.com/!three!dots!labs/watermill@v1.4.6/message/router.go:453 +0x606

goroutine 47101 [select, 1 minutes]:
github.com/nats-io/nats.go/jetstream.(*pullConsumer).Messages.func2()
	/Users/jace/go/pkg/mod/github.com/nats-io/nats.go@v1.41.1/jetstream/pull.go:538 +0x68
created by github.com/nats-io/nats.go/jetstream.(*pullConsumer).Messages in goroutine 47950
	/Users/jace/go/pkg/mod/github.com/nats-io/nats.go@v1.41.1/jetstream/pull.go:536 +0x78a

goroutine 44934 [select, 1 minutes]:
github.com/nats-io/nats.go/jetstream.(*pullSubscription).Next(0xc0014be360)
	/Users/jace/go/pkg/mod/github.com/nats-io/nats.go@v1.41.1/jetstream/pull.go:589 +0x285
github.com/Black-And-White-Club/frolf-bot-shared/eventbus.(*eventBus).Subscribe.func1()
	/Users/jace/Documents/GitHub/frolf-bot-shared/eventbus/eventbus.go:326 +0x169
created by github.com/Black-And-White-Club/frolf-bot-shared/eventbus.(*eventBus).Subscribe in goroutine 44822
	/Users/jace/Documents/GitHub/frolf-bot-shared/eventbus/eventbus.go:315 +0xbf1

goroutine 44002 [select, 1 minutes]:
github.com/nats-io/nats.go/jetstream.(*pullSubscription).Next(0xc002260cf0)
	/Users/jace/go/pkg/mod/github.com/nats-io/nats.go@v1.41.1/jetstream/pull.go:589 +0x285
github.com/Black-And-White-Club/frolf-bot-shared/eventbus.(*eventBus).Subscribe.func1()
	/Users/jace/Documents/GitHub/frolf-bot-shared/eventbus/eventbus.go:326 +0x169
created by github.com/Black-And-White-Club/frolf-bot-shared/eventbus.(*eventBus).Subscribe in goroutine 43736
	/Users/jace/Documents/GitHub/frolf-bot-shared/eventbus/eventbus.go:315 +0xbf1

goroutine 45278 [select, 1 minutes]:
github.com/nats-io/nats.go/jetstream.(*pullSubscription).Next(0xc001278000)
	/Users/jace/go/pkg/mod/github.com/nats-io/nats.go@v1.41.1/jetstream/pull.go:589 +0x285
github.com/Black-And-White-Club/frolf-bot-shared/eventbus.(*eventBus).Subscribe.func1()
	/Users/jace/Documents/GitHub/frolf-bot-shared/eventbus/eventbus.go:326 +0x169
created by github.com/Black-And-White-Club/frolf-bot-shared/eventbus.(*eventBus).Subscribe in goroutine 44822
	/Users/jace/Documents/GitHub/frolf-bot-shared/eventbus/eventbus.go:315 +0xbf1

goroutine 44999 [chan receive, 1 minutes]:
github.com/ThreeDotsLabs/watermill/message.(*handler).run(0xc000b85040, {0x10a337fa0, 0xc000a2d5e0}, {0xc00152c180, 0x6, 0xc0016f3778?})
	/Users/jace/go/pkg/mod/github.com/!three!dots!labs/watermill@v1.4.6/message/router.go:645 +0x2b4
github.com/ThreeDotsLabs/watermill/message.(*Router).RunHandlers.func1()
	/Users/jace/go/pkg/mod/github.com/!three!dots!labs/watermill@v1.4.6/message/router.go:460 +0x145
created by github.com/ThreeDotsLabs/watermill/message.(*Router).RunHandlers in goroutine 44822
	/Users/jace/go/pkg/mod/github.com/!three!dots!labs/watermill@v1.4.6/message/router.go:453 +0x606

goroutine 44998 [chan receive, 1 minutes]:
github.com/ThreeDotsLabs/watermill/message.(*messageTransformSubscriberDecorator).Subscribe.func1()
	/Users/jace/go/pkg/mod/github.com/!three!dots!labs/watermill@v1.4.6/message/decorator.go:52 +0x85
created by github.com/ThreeDotsLabs/watermill/message.(*messageTransformSubscriberDecorator).Subscribe in goroutine 44822
	/Users/jace/go/pkg/mod/github.com/!three!dots!labs/watermill@v1.4.6/message/decorator.go:51 +0xc7

goroutine 44990 [select, 1 minutes]:
github.com/nats-io/nats.go/jetstream.(*pullSubscription).Next(0xc001c0c1b0)
	/Users/jace/go/pkg/mod/github.com/nats-io/nats.go@v1.41.1/jetstream/pull.go:589 +0x285
github.com/Black-And-White-Club/frolf-bot-shared/eventbus.(*eventBus).Subscribe.func1()
	/Users/jace/Documents/GitHub/frolf-bot-shared/eventbus/eventbus.go:326 +0x169
created by github.com/Black-And-White-Club/frolf-bot-shared/eventbus.(*eventBus).Subscribe in goroutine 44822
	/Users/jace/Documents/GitHub/frolf-bot-shared/eventbus/eventbus.go:315 +0xbf1

goroutine 44997 [select, 1 minutes]:
github.com/nats-io/nats.go/jetstream.(*pullSubscription).Next(0xc00204fb90)
	/Users/jace/go/pkg/mod/github.com/nats-io/nats.go@v1.41.1/jetstream/pull.go:589 +0x285
github.com/Black-And-White-Club/frolf-bot-shared/eventbus.(*eventBus).Subscribe.func1()
	/Users/jace/Documents/GitHub/frolf-bot-shared/eventbus/eventbus.go:326 +0x169
created by github.com/Black-And-White-Club/frolf-bot-shared/eventbus.(*eventBus).Subscribe in goroutine 44822
	/Users/jace/Documents/GitHub/frolf-bot-shared/eventbus/eventbus.go:315 +0xbf1

goroutine 48147 [select, 1 minutes]:
github.com/nats-io/nats.go/jetstream.(*pullConsumer).Messages.func2()
	/Users/jace/go/pkg/mod/github.com/nats-io/nats.go@v1.41.1/jetstream/pull.go:538 +0x68
created by github.com/nats-io/nats.go/jetstream.(*pullConsumer).Messages in goroutine 47950
	/Users/jace/go/pkg/mod/github.com/nats-io/nats.go@v1.41.1/jetstream/pull.go:536 +0x78a

goroutine 43946 [select, 1 minutes]:
github.com/nats-io/nats.go/jetstream.(*pullSubscription).pullMessages(0xc001a517a0, {0xc001eb85a0, 0x45})
	/Users/jace/go/pkg/mod/github.com/nats-io/nats.go@v1.41.1/jetstream/pull.go:955 +0x91
created by github.com/nats-io/nats.go/jetstream.(*pullConsumer).Messages in goroutine 43736
	/Users/jace/go/pkg/mod/github.com/nats-io/nats.go@v1.41.1/jetstream/pull.go:534 +0x748

goroutine 43947 [select, 1 minutes]:
github.com/nats-io/nats.go/jetstream.(*pullConsumer).Messages.func2()
	/Users/jace/go/pkg/mod/github.com/nats-io/nats.go@v1.41.1/jetstream/pull.go:538 +0x68
created by github.com/nats-io/nats.go/jetstream.(*pullConsumer).Messages in goroutine 43736
	/Users/jace/go/pkg/mod/github.com/nats-io/nats.go@v1.41.1/jetstream/pull.go:536 +0x78a

goroutine 43948 [select, 1 minutes]:
github.com/nats-io/nats.go/jetstream.(*pullSubscription).Next(0xc001a517a0)
	/Users/jace/go/pkg/mod/github.com/nats-io/nats.go@v1.41.1/jetstream/pull.go:589 +0x285
github.com/Black-And-White-Club/frolf-bot-shared/eventbus.(*eventBus).Subscribe.func1()
	/Users/jace/Documents/GitHub/frolf-bot-shared/eventbus/eventbus.go:326 +0x169
created by github.com/Black-And-White-Club/frolf-bot-shared/eventbus.(*eventBus).Subscribe in goroutine 43736
	/Users/jace/Documents/GitHub/frolf-bot-shared/eventbus/eventbus.go:315 +0xbf1

goroutine 43949 [chan receive, 1 minutes]:
github.com/ThreeDotsLabs/watermill/message.(*messageTransformSubscriberDecorator).Subscribe.func1()
	/Users/jace/go/pkg/mod/github.com/!three!dots!labs/watermill@v1.4.6/message/decorator.go:52 +0x85
created by github.com/ThreeDotsLabs/watermill/message.(*messageTransformSubscriberDecorator).Subscribe in goroutine 43736
	/Users/jace/go/pkg/mod/github.com/!three!dots!labs/watermill@v1.4.6/message/decorator.go:51 +0xc7

goroutine 43950 [chan receive, 1 minutes]:
github.com/ThreeDotsLabs/watermill/message.(*handler).run(0xc002200000, {0x10a337fa0, 0xc001e539a0}, {0xc00050e6c0, 0x6, 0x0?})
	/Users/jace/go/pkg/mod/github.com/!three!dots!labs/watermill@v1.4.6/message/router.go:645 +0x2b4
github.com/ThreeDotsLabs/watermill/message.(*Router).RunHandlers.func1()
	/Users/jace/go/pkg/mod/github.com/!three!dots!labs/watermill@v1.4.6/message/router.go:460 +0x145
created by github.com/ThreeDotsLabs/watermill/message.(*Router).RunHandlers in goroutine 43736
	/Users/jace/go/pkg/mod/github.com/!three!dots!labs/watermill@v1.4.6/message/router.go:453 +0x606

goroutine 46530 [select, 1 minutes]:
github.com/nats-io/nats.go/jetstream.(*pullSubscription).pullMessages(0xc000c323f0, {0xc0017e80c0, 0x55})
	/Users/jace/go/pkg/mod/github.com/nats-io/nats.go@v1.41.1/jetstream/pull.go:955 +0x91
created by github.com/nats-io/nats.go/jetstream.(*pullConsumer).Messages in goroutine 46222
	/Users/jace/go/pkg/mod/github.com/nats-io/nats.go@v1.41.1/jetstream/pull.go:534 +0x748

goroutine 45279 [chan receive, 1 minutes]:
github.com/ThreeDotsLabs/watermill/message.(*messageTransformSubscriberDecorator).Subscribe.func1()
	/Users/jace/go/pkg/mod/github.com/!three!dots!labs/watermill@v1.4.6/message/decorator.go:52 +0x85
created by github.com/ThreeDotsLabs/watermill/message.(*messageTransformSubscriberDecorator).Subscribe in goroutine 44822
	/Users/jace/go/pkg/mod/github.com/!three!dots!labs/watermill@v1.4.6/message/decorator.go:51 +0xc7

goroutine 44980 [chan receive, 1 minutes]:
github.com/ThreeDotsLabs/watermill/message.(*handler).run(0xc000b84f70, {0x10a337fa0, 0xc002521180}, {0xc00152c0c0, 0x6, 0x4?})
	/Users/jace/go/pkg/mod/github.com/!three!dots!labs/watermill@v1.4.6/message/router.go:645 +0x2b4
github.com/ThreeDotsLabs/watermill/message.(*Router).RunHandlers.func1()
	/Users/jace/go/pkg/mod/github.com/!three!dots!labs/watermill@v1.4.6/message/router.go:460 +0x145
created by github.com/ThreeDotsLabs/watermill/message.(*Router).RunHandlers in goroutine 44822
	/Users/jace/go/pkg/mod/github.com/!three!dots!labs/watermill@v1.4.6/message/router.go:453 +0x606

goroutine 46639 [select, 1 minutes]:
github.com/nats-io/nats.go/jetstream.(*pullSubscription).Next(0xc0023370e0)
	/Users/jace/go/pkg/mod/github.com/nats-io/nats.go@v1.41.1/jetstream/pull.go:589 +0x285
github.com/Black-And-White-Club/frolf-bot-shared/eventbus.(*eventBus).Subscribe.func1()
	/Users/jace/Documents/GitHub/frolf-bot-shared/eventbus/eventbus.go:326 +0x169
created by github.com/Black-And-White-Club/frolf-bot-shared/eventbus.(*eventBus).Subscribe in goroutine 46222
	/Users/jace/Documents/GitHub/frolf-bot-shared/eventbus/eventbus.go:315 +0xbf1

goroutine 48123 [select, 1 minutes]:
github.com/nats-io/nats.go/jetstream.(*pullConsumer).Messages.func2()
	/Users/jace/go/pkg/mod/github.com/nats-io/nats.go@v1.41.1/jetstream/pull.go:538 +0x68
created by github.com/nats-io/nats.go/jetstream.(*pullConsumer).Messages in goroutine 47950
	/Users/jace/go/pkg/mod/github.com/nats-io/nats.go@v1.41.1/jetstream/pull.go:536 +0x78a

goroutine 47976 [select, 1 minutes]:
github.com/nats-io/nats.go/jetstream.(*pullSubscription).pullMessages(0xc0012d50e0, {0xc000254cd0, 0x50})
	/Users/jace/go/pkg/mod/github.com/nats-io/nats.go@v1.41.1/jetstream/pull.go:955 +0x91
created by github.com/nats-io/nats.go/jetstream.(*pullConsumer).Messages in goroutine 47950
	/Users/jace/go/pkg/mod/github.com/nats-io/nats.go@v1.41.1/jetstream/pull.go:534 +0x748

goroutine 46279 [select, 1 minutes]:
github.com/nats-io/nats.go/jetstream.(*pullSubscription).pullMessages(0xc001279ef0, {0xc0018a75e0, 0x4b})
	/Users/jace/go/pkg/mod/github.com/nats-io/nats.go@v1.41.1/jetstream/pull.go:955 +0x91
created by github.com/nats-io/nats.go/jetstream.(*pullConsumer).Messages in goroutine 46222
	/Users/jace/go/pkg/mod/github.com/nats-io/nats.go@v1.41.1/jetstream/pull.go:534 +0x748

goroutine 48032 [select, 1 minutes]:
github.com/nats-io/nats.go/jetstream.(*pullConsumer).Messages.func2()
	/Users/jace/go/pkg/mod/github.com/nats-io/nats.go@v1.41.1/jetstream/pull.go:538 +0x68
created by github.com/nats-io/nats.go/jetstream.(*pullConsumer).Messages in goroutine 47950
	/Users/jace/go/pkg/mod/github.com/nats-io/nats.go@v1.41.1/jetstream/pull.go:536 +0x78a

goroutine 60062 [select]:
github.com/nats-io/nats.go/jetstream.(*pullSubscription).Next(0xc002518ab0)
	/Users/jace/go/pkg/mod/github.com/nats-io/nats.go@v1.41.1/jetstream/pull.go:589 +0x285
github.com/Black-And-White-Club/frolf-bot-shared/eventbus.(*eventBus).Subscribe.func1()
	/Users/jace/Documents/GitHub/frolf-bot-shared/eventbus/eventbus.go:326 +0x169
created by github.com/Black-And-White-Club/frolf-bot-shared/eventbus.(*eventBus).Subscribe in goroutine 59782
	/Users/jace/Documents/GitHub/frolf-bot-shared/eventbus/eventbus.go:315 +0xbf1

goroutine 46223 [sync.Cond.Wait, 1 minutes]:
sync.runtime_notifyListWait(0xc001993050, 0x1)
	/usr/local/Cellar/go/1.24.2/libexec/src/runtime/sema.go:597 +0x159
sync.(*Cond).Wait(0x0?)
	/usr/local/Cellar/go/1.24.2/libexec/src/sync/cond.go:71 +0x85
github.com/nats-io/nats%2ego.(*Conn).waitForMsgs(0xc0025c8708, 0xc0007a9e00)
	/Users/jace/go/pkg/mod/github.com/nats-io/nats.go@v1.41.1/nats.go:3178 +0xc5
created by github.com/nats-io/nats%2ego.(*Conn).subscribeLocked in goroutine 45508
	/Users/jace/go/pkg/mod/github.com/nats-io/nats.go@v1.41.1/nats.go:4468 +0x419

goroutine 44948 [select, 1 minutes]:
github.com/nats-io/nats.go/jetstream.(*pullConsumer).Messages.func2()
	/Users/jace/go/pkg/mod/github.com/nats-io/nats.go@v1.41.1/jetstream/pull.go:538 +0x68
created by github.com/nats-io/nats.go/jetstream.(*pullConsumer).Messages in goroutine 44822
	/Users/jace/go/pkg/mod/github.com/nats-io/nats.go@v1.41.1/jetstream/pull.go:536 +0x78a

goroutine 53063 [sync.WaitGroup.Wait]:
sync.runtime_SemacquireWaitGroup(0xc000316850?)
	/usr/local/Cellar/go/1.24.2/libexec/src/runtime/sema.go:110 +0x25
sync.(*WaitGroup).Wait(0xc002e59f30?)
	/usr/local/Cellar/go/1.24.2/libexec/src/sync/waitgroup.go:118 +0x48
github.com/ThreeDotsLabs/watermill/pubsub/sync.WaitGroupTimeout.func1()
	/Users/jace/go/pkg/mod/github.com/!three!dots!labs/watermill@v1.4.6/pubsub/sync/waitgroup.go:13 +0x25
created by github.com/ThreeDotsLabs/watermill/pubsub/sync.WaitGroupTimeout in goroutine 51793
	/Users/jace/go/pkg/mod/github.com/!three!dots!labs/watermill@v1.4.6/pubsub/sync/waitgroup.go:12 +0x85

goroutine 47951 [sync.Cond.Wait, 1 minutes]:
sync.runtime_notifyListWait(0xc00202ee90, 0x2)
	/usr/local/Cellar/go/1.24.2/libexec/src/runtime/sema.go:597 +0x159
sync.(*Cond).Wait(0x0?)
	/usr/local/Cellar/go/1.24.2/libexec/src/sync/cond.go:71 +0x85
github.com/nats-io/nats%2ego.(*Conn).waitForMsgs(0xc0012cd808, 0xc0020ffe00)
	/Users/jace/go/pkg/mod/github.com/nats-io/nats.go@v1.41.1/nats.go:3178 +0xc5
created by github.com/nats-io/nats%2ego.(*Conn).subscribeLocked in goroutine 47229
	/Users/jace/go/pkg/mod/github.com/nats-io/nats.go@v1.41.1/nats.go:4468 +0x419

goroutine 47969 [select, 1 minutes]:
github.com/nats-io/nats.go/jetstream.(*pullSubscription).Next(0xc0009d8090)
	/Users/jace/go/pkg/mod/github.com/nats-io/nats.go@v1.41.1/jetstream/pull.go:589 +0x285
github.com/Black-And-White-Club/frolf-bot-shared/eventbus.(*eventBus).Subscribe.func1()
	/Users/jace/Documents/GitHub/frolf-bot-shared/eventbus/eventbus.go:326 +0x169
created by github.com/Black-And-White-Club/frolf-bot-shared/eventbus.(*eventBus).Subscribe in goroutine 47950
	/Users/jace/Documents/GitHub/frolf-bot-shared/eventbus/eventbus.go:315 +0xbf1

goroutine 46290 [select, 1 minutes]:
github.com/nats-io/nats.go/jetstream.(*pullSubscription).pullMessages(0xc00210be60, {0xc0008b3f40, 0x45})
	/Users/jace/go/pkg/mod/github.com/nats-io/nats.go@v1.41.1/jetstream/pull.go:955 +0x91
created by github.com/nats-io/nats.go/jetstream.(*pullConsumer).Messages in goroutine 46222
	/Users/jace/go/pkg/mod/github.com/nats-io/nats.go@v1.41.1/jetstream/pull.go:534 +0x748

goroutine 44760 [sync.Cond.Wait, 1 minutes]:
sync.runtime_notifyListWait(0xc000d4ced0, 0x0)
	/usr/local/Cellar/go/1.24.2/libexec/src/runtime/sema.go:597 +0x159
sync.(*Cond).Wait(0xc00206b610?)
	/usr/local/Cellar/go/1.24.2/libexec/src/sync/cond.go:71 +0x85
github.com/nats-io/nats%2ego.(*asyncCallbacksHandler).asyncCBDispatcher(0xc0021a3b00)
	/Users/jace/go/pkg/mod/github.com/nats-io/nats.go@v1.41.1/nats.go:3059 +0xdd
created by github.com/nats-io/nats%2ego.Options.Connect in goroutine 44116
	/Users/jace/go/pkg/mod/github.com/nats-io/nats.go@v1.41.1/nats.go:1635 +0x387

goroutine 45291 [chan receive, 1 minutes]:
github.com/ThreeDotsLabs/watermill/message.(*handler).run(0xc000b84dd0, {0x10a337fa0, 0xc001fad950}, {0xc0017f2000, 0x6, 0x0?})
	/Users/jace/go/pkg/mod/github.com/!three!dots!labs/watermill@v1.4.6/message/router.go:645 +0x2b4
github.com/ThreeDotsLabs/watermill/message.(*Router).RunHandlers.func1()
	/Users/jace/go/pkg/mod/github.com/!three!dots!labs/watermill@v1.4.6/message/router.go:460 +0x145
created by github.com/ThreeDotsLabs/watermill/message.(*Router).RunHandlers in goroutine 44822
	/Users/jace/go/pkg/mod/github.com/!three!dots!labs/watermill@v1.4.6/message/router.go:453 +0x606

goroutine 44224 [select, 1 minutes]:
github.com/nats-io/nats.go/jetstream.(*pullSubscription).pullMessages(0xc00204f4d0, {0xc000421080, 0x3f})
	/Users/jace/go/pkg/mod/github.com/nats-io/nats.go@v1.41.1/jetstream/pull.go:955 +0x91
created by github.com/nats-io/nats.go/jetstream.(*pullConsumer).Messages in goroutine 44822
	/Users/jace/go/pkg/mod/github.com/nats-io/nats.go@v1.41.1/jetstream/pull.go:534 +0x748

goroutine 46502 [chan receive, 1 minutes]:
github.com/ThreeDotsLabs/watermill/message.(*messageTransformSubscriberDecorator).Subscribe.func1()
	/Users/jace/go/pkg/mod/github.com/!three!dots!labs/watermill@v1.4.6/message/decorator.go:52 +0x85
created by github.com/ThreeDotsLabs/watermill/message.(*messageTransformSubscriberDecorator).Subscribe in goroutine 46222
	/Users/jace/go/pkg/mod/github.com/!three!dots!labs/watermill@v1.4.6/message/decorator.go:51 +0xc7

goroutine 44935 [chan receive, 1 minutes]:
github.com/ThreeDotsLabs/watermill/message.(*messageTransformSubscriberDecorator).Subscribe.func1()
	/Users/jace/go/pkg/mod/github.com/!three!dots!labs/watermill@v1.4.6/message/decorator.go:52 +0x85
created by github.com/ThreeDotsLabs/watermill/message.(*messageTransformSubscriberDecorator).Subscribe in goroutine 44822
	/Users/jace/go/pkg/mod/github.com/!three!dots!labs/watermill@v1.4.6/message/decorator.go:51 +0xc7

goroutine 47870 [chan receive, 1 minutes]:
github.com/ThreeDotsLabs/watermill/message.(*handler).run(0xc001313380, {0x10a337fa0, 0xc000812230}, {0xc0017f3bc0, 0x6, 0x4?})
	/Users/jace/go/pkg/mod/github.com/!three!dots!labs/watermill@v1.4.6/message/router.go:645 +0x2b4
github.com/ThreeDotsLabs/watermill/message.(*Router).RunHandlers.func1()
	/Users/jace/go/pkg/mod/github.com/!three!dots!labs/watermill@v1.4.6/message/router.go:460 +0x145
created by github.com/ThreeDotsLabs/watermill/message.(*Router).RunHandlers in goroutine 47950
	/Users/jace/go/pkg/mod/github.com/!three!dots!labs/watermill@v1.4.6/message/router.go:453 +0x606

goroutine 45066 [chan receive, 1 minutes]:
github.com/ThreeDotsLabs/watermill/message.(*handler).run(0xc000966000, {0x10a337fa0, 0xc001980a00}, {0xc00111bb00, 0x6, 0x0?})
	/Users/jace/go/pkg/mod/github.com/!three!dots!labs/watermill@v1.4.6/message/router.go:645 +0x2b4
github.com/ThreeDotsLabs/watermill/message.(*Router).RunHandlers.func1()
	/Users/jace/go/pkg/mod/github.com/!three!dots!labs/watermill@v1.4.6/message/router.go:460 +0x145
created by github.com/ThreeDotsLabs/watermill/message.(*Router).RunHandlers in goroutine 44822
	/Users/jace/go/pkg/mod/github.com/!three!dots!labs/watermill@v1.4.6/message/router.go:453 +0x606

goroutine 57569 [select]:
github.com/nats-io/nats.go/jetstream.(*pullSubscription).pullMessages(0xc00210ba70, {0xc001b5e8a0, 0x58})
	/Users/jace/go/pkg/mod/github.com/nats-io/nats.go@v1.41.1/jetstream/pull.go:955 +0x91
created by github.com/nats-io/nats.go/jetstream.(*pullConsumer).Messages in goroutine 58544
	/Users/jace/go/pkg/mod/github.com/nats-io/nats.go@v1.41.1/jetstream/pull.go:534 +0x748

goroutine 44972 [select, 1 minutes]:
github.com/nats-io/nats.go/jetstream.(*pullSubscription).pullMessages(0xc0014bf8c0, {0xc001eb8c80, 0x47})
	/Users/jace/go/pkg/mod/github.com/nats-io/nats.go@v1.41.1/jetstream/pull.go:955 +0x91
created by github.com/nats-io/nats.go/jetstream.(*pullConsumer).Messages in goroutine 44822
	/Users/jace/go/pkg/mod/github.com/nats-io/nats.go@v1.41.1/jetstream/pull.go:534 +0x748

goroutine 44979 [chan receive, 1 minutes]:
github.com/ThreeDotsLabs/watermill/message.(*messageTransformSubscriberDecorator).Subscribe.func1()
	/Users/jace/go/pkg/mod/github.com/!three!dots!labs/watermill@v1.4.6/message/decorator.go:52 +0x85
created by github.com/ThreeDotsLabs/watermill/message.(*messageTransformSubscriberDecorator).Subscribe in goroutine 44822
	/Users/jace/go/pkg/mod/github.com/!three!dots!labs/watermill@v1.4.6/message/decorator.go:51 +0xc7

goroutine 44978 [select, 1 minutes]:
github.com/nats-io/nats.go/jetstream.(*pullSubscription).Next(0xc00204f4d0)
	/Users/jace/go/pkg/mod/github.com/nats-io/nats.go@v1.41.1/jetstream/pull.go:589 +0x285
github.com/Black-And-White-Club/frolf-bot-shared/eventbus.(*eventBus).Subscribe.func1()
	/Users/jace/Documents/GitHub/frolf-bot-shared/eventbus/eventbus.go:326 +0x169
created by github.com/Black-And-White-Club/frolf-bot-shared/eventbus.(*eventBus).Subscribe in goroutine 44822
	/Users/jace/Documents/GitHub/frolf-bot-shared/eventbus/eventbus.go:315 +0xbf1

goroutine 44225 [select, 1 minutes]:
github.com/nats-io/nats.go/jetstream.(*pullConsumer).Messages.func2()
	/Users/jace/go/pkg/mod/github.com/nats-io/nats.go@v1.41.1/jetstream/pull.go:538 +0x68
created by github.com/nats-io/nats.go/jetstream.(*pullConsumer).Messages in goroutine 44822
	/Users/jace/go/pkg/mod/github.com/nats-io/nats.go@v1.41.1/jetstream/pull.go:536 +0x78a

goroutine 49185 [select, 1 minutes]:
github.com/nats-io/nats.go/jetstream.(*pullSubscription).pullMessages(0xc002b4ec60, {0xc001eb8050, 0x42})
	/Users/jace/go/pkg/mod/github.com/nats-io/nats.go@v1.41.1/jetstream/pull.go:955 +0x91
created by github.com/nats-io/nats.go/jetstream.(*pullConsumer).Messages in goroutine 49230
	/Users/jace/go/pkg/mod/github.com/nats-io/nats.go@v1.41.1/jetstream/pull.go:534 +0x748

goroutine 45289 [select, 1 minutes]:
github.com/nats-io/nats.go/jetstream.(*pullSubscription).Next(0xc0011a5c20)
	/Users/jace/go/pkg/mod/github.com/nats-io/nats.go@v1.41.1/jetstream/pull.go:589 +0x285
github.com/Black-And-White-Club/frolf-bot-shared/eventbus.(*eventBus).Subscribe.func1()
	/Users/jace/Documents/GitHub/frolf-bot-shared/eventbus/eventbus.go:326 +0x169
created by github.com/Black-And-White-Club/frolf-bot-shared/eventbus.(*eventBus).Subscribe in goroutine 44822
	/Users/jace/Documents/GitHub/frolf-bot-shared/eventbus/eventbus.go:315 +0xbf1

goroutine 45391 [chan receive, 1 minutes]:
github.com/ThreeDotsLabs/watermill/message.(*handler).run(0xc0024d3110, {0x10a337fa0, 0xc0010b8410}, {0xc0019a0240, 0x6, 0x0?})
	/Users/jace/go/pkg/mod/github.com/!three!dots!labs/watermill@v1.4.6/message/router.go:645 +0x2b4
github.com/ThreeDotsLabs/watermill/message.(*Router).RunHandlers.func1()
	/Users/jace/go/pkg/mod/github.com/!three!dots!labs/watermill@v1.4.6/message/router.go:460 +0x145
created by github.com/ThreeDotsLabs/watermill/message.(*Router).RunHandlers in goroutine 46222
	/Users/jace/go/pkg/mod/github.com/!three!dots!labs/watermill@v1.4.6/message/router.go:453 +0x606

goroutine 44949 [select, 1 minutes]:
github.com/nats-io/nats.go/jetstream.(*pullSubscription).Next(0xc000ba3050)
	/Users/jace/go/pkg/mod/github.com/nats-io/nats.go@v1.41.1/jetstream/pull.go:589 +0x285
github.com/Black-And-White-Club/frolf-bot-shared/eventbus.(*eventBus).Subscribe.func1()
	/Users/jace/Documents/GitHub/frolf-bot-shared/eventbus/eventbus.go:326 +0x169
created by github.com/Black-And-White-Club/frolf-bot-shared/eventbus.(*eventBus).Subscribe in goroutine 44822
	/Users/jace/Documents/GitHub/frolf-bot-shared/eventbus/eventbus.go:315 +0xbf1

goroutine 44950 [chan receive, 1 minutes]:
github.com/ThreeDotsLabs/watermill/message.(*messageTransformSubscriberDecorator).Subscribe.func1()
	/Users/jace/go/pkg/mod/github.com/!three!dots!labs/watermill@v1.4.6/message/decorator.go:52 +0x85
created by github.com/ThreeDotsLabs/watermill/message.(*messageTransformSubscriberDecorator).Subscribe in goroutine 44822
	/Users/jace/go/pkg/mod/github.com/!three!dots!labs/watermill@v1.4.6/message/decorator.go:51 +0xc7

goroutine 44951 [chan receive, 1 minutes]:
github.com/ThreeDotsLabs/watermill/message.(*handler).run(0xc000b85c70, {0x10a337fa0, 0xc002520190}, {0xc0014dc240, 0x6, 0x0?})
	/Users/jace/go/pkg/mod/github.com/!three!dots!labs/watermill@v1.4.6/message/router.go:645 +0x2b4
github.com/ThreeDotsLabs/watermill/message.(*Router).RunHandlers.func1()
	/Users/jace/go/pkg/mod/github.com/!three!dots!labs/watermill@v1.4.6/message/router.go:460 +0x145
created by github.com/ThreeDotsLabs/watermill/message.(*Router).RunHandlers in goroutine 44822
	/Users/jace/go/pkg/mod/github.com/!three!dots!labs/watermill@v1.4.6/message/router.go:453 +0x606

goroutine 48342 [select, 1 minutes]:
github.com/nats-io/nats.go/jetstream.(*pullSubscription).pullMessages(0xc001ba9e60, {0xc00004fe50, 0x45})
	/Users/jace/go/pkg/mod/github.com/nats-io/nats.go@v1.41.1/jetstream/pull.go:955 +0x91
created by github.com/nats-io/nats.go/jetstream.(*pullConsumer).Messages in goroutine 47950
	/Users/jace/go/pkg/mod/github.com/nats-io/nats.go@v1.41.1/jetstream/pull.go:534 +0x748

goroutine 46014 [sync.Cond.Wait, 1 minutes]:
sync.runtime_notifyListWait(0xc00005f590, 0x3f)
	/usr/local/Cellar/go/1.24.2/libexec/src/runtime/sema.go:597 +0x159
sync.(*Cond).Wait(0xc001b20e10?)
	/usr/local/Cellar/go/1.24.2/libexec/src/sync/cond.go:71 +0x85
github.com/nats-io/nats%2ego.(*Conn).waitForMsgs(0xc001e08308, 0xc001b20e10)
	/Users/jace/go/pkg/mod/github.com/nats-io/nats.go@v1.41.1/nats.go:3178 +0xc5
created by github.com/nats-io/nats%2ego.(*Conn).subscribeLocked in goroutine 45508
	/Users/jace/go/pkg/mod/github.com/nats-io/nats.go@v1.41.1/nats.go:4468 +0x419

goroutine 45065 [chan receive, 1 minutes]:
github.com/ThreeDotsLabs/watermill/message.(*messageTransformSubscriberDecorator).Subscribe.func1()
	/Users/jace/go/pkg/mod/github.com/!three!dots!labs/watermill@v1.4.6/message/decorator.go:52 +0x85
created by github.com/ThreeDotsLabs/watermill/message.(*messageTransformSubscriberDecorator).Subscribe in goroutine 44822
	/Users/jace/go/pkg/mod/github.com/!three!dots!labs/watermill@v1.4.6/message/decorator.go:51 +0xc7

goroutine 46299 [select, 1 minutes]:
github.com/nats-io/nats.go/jetstream.(*pullSubscription).pullMessages(0xc000c32870, {0xc0007543c0, 0x47})
	/Users/jace/go/pkg/mod/github.com/nats-io/nats.go@v1.41.1/jetstream/pull.go:955 +0x91
created by github.com/nats-io/nats.go/jetstream.(*pullConsumer).Messages in goroutine 46222
	/Users/jace/go/pkg/mod/github.com/nats-io/nats.go@v1.41.1/jetstream/pull.go:534 +0x748

goroutine 47873 [select]:
github.com/nats-io/nats%2ego.(*Conn).doReconnect(0xc0012cd808, {0x10a327f28, 0x10acedb30}, 0x0)
	/Users/jace/go/pkg/mod/github.com/nats-io/nats.go@v1.41.1/nats.go:2907 +0x41a
created by github.com/nats-io/nats%2ego.(*Conn).processOpErr in goroutine 47793
	/Users/jace/go/pkg/mod/github.com/nats-io/nats.go@v1.41.1/nats.go:3043 +0x2f3

goroutine 44967 [chan receive, 1 minutes]:
github.com/ThreeDotsLabs/watermill/message.(*handler).run(0xc0014a5ba0, {0x10a337fa0, 0xc001980050}, {0xc001368540, 0x6, 0x100010000?})
	/Users/jace/go/pkg/mod/github.com/!three!dots!labs/watermill@v1.4.6/message/router.go:645 +0x2b4
github.com/ThreeDotsLabs/watermill/message.(*Router).RunHandlers.func1()
	/Users/jace/go/pkg/mod/github.com/!three!dots!labs/watermill@v1.4.6/message/router.go:460 +0x145
created by github.com/ThreeDotsLabs/watermill/message.(*Router).RunHandlers in goroutine 44822
	/Users/jace/go/pkg/mod/github.com/!three!dots!labs/watermill@v1.4.6/message/router.go:453 +0x606

goroutine 45184 [select, 1 minutes]:
github.com/nats-io/nats.go/jetstream.(*pullSubscription).pullMessages(0xc0016082d0, {0xc0018a6f50, 0x4d})
	/Users/jace/go/pkg/mod/github.com/nats-io/nats.go@v1.41.1/jetstream/pull.go:955 +0x91
created by github.com/nats-io/nats.go/jetstream.(*pullConsumer).Messages in goroutine 44822
	/Users/jace/go/pkg/mod/github.com/nats-io/nats.go@v1.41.1/jetstream/pull.go:534 +0x748

goroutine 44995 [select, 1 minutes]:
github.com/nats-io/nats.go/jetstream.(*pullSubscription).pullMessages(0xc00204fb90, {0xc000421440, 0x3e})
	/Users/jace/go/pkg/mod/github.com/nats-io/nats.go@v1.41.1/jetstream/pull.go:955 +0x91
created by github.com/nats-io/nats.go/jetstream.(*pullConsumer).Messages in goroutine 44822
	/Users/jace/go/pkg/mod/github.com/nats-io/nats.go@v1.41.1/jetstream/pull.go:534 +0x748

goroutine 45202 [select, 1 minutes]:
github.com/nats-io/nats.go/jetstream.(*pullSubscription).Next(0xc0016082d0)
	/Users/jace/go/pkg/mod/github.com/nats-io/nats.go@v1.41.1/jetstream/pull.go:589 +0x285
github.com/Black-And-White-Club/frolf-bot-shared/eventbus.(*eventBus).Subscribe.func1()
	/Users/jace/Documents/GitHub/frolf-bot-shared/eventbus/eventbus.go:326 +0x169
created by github.com/Black-And-White-Club/frolf-bot-shared/eventbus.(*eventBus).Subscribe in goroutine 44822
	/Users/jace/Documents/GitHub/frolf-bot-shared/eventbus/eventbus.go:315 +0xbf1

goroutine 48082 [select, 1 minutes]:
github.com/nats-io/nats.go/jetstream.(*pullSubscription).Next(0xc001208630)
	/Users/jace/go/pkg/mod/github.com/nats-io/nats.go@v1.41.1/jetstream/pull.go:589 +0x285
github.com/Black-And-White-Club/frolf-bot-shared/eventbus.(*eventBus).Subscribe.func1()
	/Users/jace/Documents/GitHub/frolf-bot-shared/eventbus/eventbus.go:326 +0x169
created by github.com/Black-And-White-Club/frolf-bot-shared/eventbus.(*eventBus).Subscribe in goroutine 47950
	/Users/jace/Documents/GitHub/frolf-bot-shared/eventbus/eventbus.go:315 +0xbf1

goroutine 44973 [select, 1 minutes]:
github.com/nats-io/nats.go/jetstream.(*pullConsumer).Messages.func2()
	/Users/jace/go/pkg/mod/github.com/nats-io/nats.go@v1.41.1/jetstream/pull.go:538 +0x68
created by github.com/nats-io/nats.go/jetstream.(*pullConsumer).Messages in goroutine 44822
	/Users/jace/go/pkg/mod/github.com/nats-io/nats.go@v1.41.1/jetstream/pull.go:536 +0x78a

goroutine 44974 [select, 1 minutes]:
github.com/nats-io/nats.go/jetstream.(*pullSubscription).Next(0xc0014bf8c0)
	/Users/jace/go/pkg/mod/github.com/nats-io/nats.go@v1.41.1/jetstream/pull.go:589 +0x285
github.com/Black-And-White-Club/frolf-bot-shared/eventbus.(*eventBus).Subscribe.func1()
	/Users/jace/Documents/GitHub/frolf-bot-shared/eventbus/eventbus.go:326 +0x169
created by github.com/Black-And-White-Club/frolf-bot-shared/eventbus.(*eventBus).Subscribe in goroutine 44822
	/Users/jace/Documents/GitHub/frolf-bot-shared/eventbus/eventbus.go:315 +0xbf1

goroutine 44975 [chan receive, 1 minutes]:
github.com/ThreeDotsLabs/watermill/message.(*messageTransformSubscriberDecorator).Subscribe.func1()
	/Users/jace/go/pkg/mod/github.com/!three!dots!labs/watermill@v1.4.6/message/decorator.go:52 +0x85
created by github.com/ThreeDotsLabs/watermill/message.(*messageTransformSubscriberDecorator).Subscribe in goroutine 44822
	/Users/jace/go/pkg/mod/github.com/!three!dots!labs/watermill@v1.4.6/message/decorator.go:51 +0xc7

goroutine 44976 [chan receive, 1 minutes]:
github.com/ThreeDotsLabs/watermill/message.(*handler).run(0xc000b85110, {0x10a337fa0, 0xc002049900}, {0xc00111ba40, 0x6, 0x1000000000001?})
	/Users/jace/go/pkg/mod/github.com/!three!dots!labs/watermill@v1.4.6/message/router.go:645 +0x2b4
github.com/ThreeDotsLabs/watermill/message.(*Router).RunHandlers.func1()
	/Users/jace/go/pkg/mod/github.com/!three!dots!labs/watermill@v1.4.6/message/router.go:460 +0x145
created by github.com/ThreeDotsLabs/watermill/message.(*Router).RunHandlers in goroutine 44822
	/Users/jace/go/pkg/mod/github.com/!three!dots!labs/watermill@v1.4.6/message/router.go:453 +0x606

goroutine 48070 [select, 1 minutes]:
github.com/nats-io/nats.go/jetstream.(*pullSubscription).pullMessages(0xc0018374d0, {0xc0017e96e0, 0x58})
	/Users/jace/go/pkg/mod/github.com/nats-io/nats.go@v1.41.1/jetstream/pull.go:955 +0x91
created by github.com/nats-io/nats.go/jetstream.(*pullConsumer).Messages in goroutine 47950
	/Users/jace/go/pkg/mod/github.com/nats-io/nats.go@v1.41.1/jetstream/pull.go:534 +0x748

goroutine 49373 [chan receive, 1 minutes]:
github.com/ThreeDotsLabs/watermill/message.(*messageTransformSubscriberDecorator).Subscribe.func1()
	/Users/jace/go/pkg/mod/github.com/!three!dots!labs/watermill@v1.4.6/message/decorator.go:52 +0x85
created by github.com/ThreeDotsLabs/watermill/message.(*messageTransformSubscriberDecorator).Subscribe in goroutine 49230
	/Users/jace/go/pkg/mod/github.com/!three!dots!labs/watermill@v1.4.6/message/decorator.go:51 +0xc7

goroutine 45155 [select, 1 minutes]:
github.com/nats-io/nats.go/jetstream.(*pullConsumer).Messages.func2()
	/Users/jace/go/pkg/mod/github.com/nats-io/nats.go@v1.41.1/jetstream/pull.go:538 +0x68
created by github.com/nats-io/nats.go/jetstream.(*pullConsumer).Messages in goroutine 44822
	/Users/jace/go/pkg/mod/github.com/nats-io/nats.go@v1.41.1/jetstream/pull.go:536 +0x78a

goroutine 45087 [select, 1 minutes]:
github.com/nats-io/nats.go/jetstream.(*pullSubscription).Next(0xc001c0cd80)
	/Users/jace/go/pkg/mod/github.com/nats-io/nats.go@v1.41.1/jetstream/pull.go:589 +0x285
github.com/Black-And-White-Club/frolf-bot-shared/eventbus.(*eventBus).Subscribe.func1()
	/Users/jace/Documents/GitHub/frolf-bot-shared/eventbus/eventbus.go:326 +0x169
created by github.com/Black-And-White-Club/frolf-bot-shared/eventbus.(*eventBus).Subscribe in goroutine 44822
	/Users/jace/Documents/GitHub/frolf-bot-shared/eventbus/eventbus.go:315 +0xbf1

goroutine 45088 [chan receive, 1 minutes]:
github.com/ThreeDotsLabs/watermill/message.(*messageTransformSubscriberDecorator).Subscribe.func1()
	/Users/jace/go/pkg/mod/github.com/!three!dots!labs/watermill@v1.4.6/message/decorator.go:52 +0x85
created by github.com/ThreeDotsLabs/watermill/message.(*messageTransformSubscriberDecorator).Subscribe in goroutine 44822
	/Users/jace/go/pkg/mod/github.com/!three!dots!labs/watermill@v1.4.6/message/decorator.go:51 +0xc7

goroutine 45089 [chan receive, 1 minutes]:
github.com/ThreeDotsLabs/watermill/message.(*handler).run(0xc000b84d00, {0x10a337fa0, 0xc0026d1a90}, {0xc00191c180, 0x6, 0x2c303a2273657261?})
	/Users/jace/go/pkg/mod/github.com/!three!dots!labs/watermill@v1.4.6/message/router.go:645 +0x2b4
github.com/ThreeDotsLabs/watermill/message.(*Router).RunHandlers.func1()
	/Users/jace/go/pkg/mod/github.com/!three!dots!labs/watermill@v1.4.6/message/router.go:460 +0x145
created by github.com/ThreeDotsLabs/watermill/message.(*Router).RunHandlers in goroutine 44822
	/Users/jace/go/pkg/mod/github.com/!three!dots!labs/watermill@v1.4.6/message/router.go:453 +0x606

goroutine 48138 [chan receive, 1 minutes]:
github.com/ThreeDotsLabs/watermill/message.(*messageTransformSubscriberDecorator).Subscribe.func1()
	/Users/jace/go/pkg/mod/github.com/!three!dots!labs/watermill@v1.4.6/message/decorator.go:52 +0x85
created by github.com/ThreeDotsLabs/watermill/message.(*messageTransformSubscriberDecorator).Subscribe in goroutine 47950
	/Users/jace/go/pkg/mod/github.com/!three!dots!labs/watermill@v1.4.6/message/decorator.go:51 +0xc7

goroutine 45193 [select, 1 minutes]:
github.com/nats-io/nats.go/jetstream.(*pullSubscription).pullMessages(0xc001590510, {0xc001a42780, 0x58})
	/Users/jace/go/pkg/mod/github.com/nats-io/nats.go@v1.41.1/jetstream/pull.go:955 +0x91
created by github.com/nats-io/nats.go/jetstream.(*pullConsumer).Messages in goroutine 44822
	/Users/jace/go/pkg/mod/github.com/nats-io/nats.go@v1.41.1/jetstream/pull.go:534 +0x748

goroutine 46430 [chan receive, 1 minutes]:
github.com/ThreeDotsLabs/watermill/message.(*handler).run(0xc0024d2410, {0x10a337fa0, 0xc0015315e0}, {0xc0024c6000, 0x6, 0xc001d22f78?})
	/Users/jace/go/pkg/mod/github.com/!three!dots!labs/watermill@v1.4.6/message/router.go:645 +0x2b4
github.com/ThreeDotsLabs/watermill/message.(*Router).RunHandlers.func1()
	/Users/jace/go/pkg/mod/github.com/!three!dots!labs/watermill@v1.4.6/message/router.go:460 +0x145
created by github.com/ThreeDotsLabs/watermill/message.(*Router).RunHandlers in goroutine 46222
	/Users/jace/go/pkg/mod/github.com/!three!dots!labs/watermill@v1.4.6/message/router.go:453 +0x606

goroutine 45156 [select, 1 minutes]:
github.com/nats-io/nats.go/jetstream.(*pullSubscription).Next(0xc001f9db90)
	/Users/jace/go/pkg/mod/github.com/nats-io/nats.go@v1.41.1/jetstream/pull.go:589 +0x285
github.com/Black-And-White-Club/frolf-bot-shared/eventbus.(*eventBus).Subscribe.func1()
	/Users/jace/Documents/GitHub/frolf-bot-shared/eventbus/eventbus.go:326 +0x169
created by github.com/Black-And-White-Club/frolf-bot-shared/eventbus.(*eventBus).Subscribe in goroutine 44822
	/Users/jace/Documents/GitHub/frolf-bot-shared/eventbus/eventbus.go:315 +0xbf1

goroutine 45157 [chan receive, 1 minutes]:
github.com/ThreeDotsLabs/watermill/message.(*messageTransformSubscriberDecorator).Subscribe.func1()
	/Users/jace/go/pkg/mod/github.com/!three!dots!labs/watermill@v1.4.6/message/decorator.go:52 +0x85
created by github.com/ThreeDotsLabs/watermill/message.(*messageTransformSubscriberDecorator).Subscribe in goroutine 44822
	/Users/jace/go/pkg/mod/github.com/!three!dots!labs/watermill@v1.4.6/message/decorator.go:51 +0xc7

goroutine 45158 [chan receive, 1 minutes]:
github.com/ThreeDotsLabs/watermill/message.(*handler).run(0xc000b85930, {0x10a337fa0, 0xc001fac7d0}, {0xc00152c300, 0x6, 0x0?})
	/Users/jace/go/pkg/mod/github.com/!three!dots!labs/watermill@v1.4.6/message/router.go:645 +0x2b4
github.com/ThreeDotsLabs/watermill/message.(*Router).RunHandlers.func1()
	/Users/jace/go/pkg/mod/github.com/!three!dots!labs/watermill@v1.4.6/message/router.go:460 +0x145
created by github.com/ThreeDotsLabs/watermill/message.(*Router).RunHandlers in goroutine 44822
	/Users/jace/go/pkg/mod/github.com/!three!dots!labs/watermill@v1.4.6/message/router.go:453 +0x606

goroutine 47135 [select]:
github.com/nats-io/nats%2ego.(*Conn).doReconnect(0xc0025c8708, {0x10a327f28, 0x10acedb30}, 0x0)
	/Users/jace/go/pkg/mod/github.com/nats-io/nats.go@v1.41.1/nats.go:2907 +0x41a
created by github.com/nats-io/nats%2ego.(*Conn).processOpErr in goroutine 46183
	/Users/jace/go/pkg/mod/github.com/nats-io/nats.go@v1.41.1/nats.go:3043 +0x2f3

goroutine 51069 [chan receive, 1 minutes]:
github.com/ThreeDotsLabs/watermill/message.(*messageTransformSubscriberDecorator).Subscribe.func1()
	/Users/jace/go/pkg/mod/github.com/!three!dots!labs/watermill@v1.4.6/message/decorator.go:52 +0x85
created by github.com/ThreeDotsLabs/watermill/message.(*messageTransformSubscriberDecorator).Subscribe in goroutine 50717
	/Users/jace/go/pkg/mod/github.com/!three!dots!labs/watermill@v1.4.6/message/decorator.go:51 +0xc7

goroutine 54307 [select]:
github.com/nats-io/nats.go/jetstream.(*pullSubscription).Next(0xc000b74360)
	/Users/jace/go/pkg/mod/github.com/nats-io/nats.go@v1.41.1/jetstream/pull.go:589 +0x285
github.com/Black-And-White-Club/frolf-bot-shared/eventbus.(*eventBus).Subscribe.func1()
	/Users/jace/Documents/GitHub/frolf-bot-shared/eventbus/eventbus.go:326 +0x169
created by github.com/Black-And-White-Club/frolf-bot-shared/eventbus.(*eventBus).Subscribe in goroutine 54037
	/Users/jace/Documents/GitHub/frolf-bot-shared/eventbus/eventbus.go:315 +0xbf1

goroutine 48196 [chan receive, 1 minutes]:
github.com/ThreeDotsLabs/watermill/message.(*handler).run(0xc001312c30, {0x10a337fa0, 0xc0026d1810}, {0xc00196ccc0, 0x6, 0xc0028a2778?})
	/Users/jace/go/pkg/mod/github.com/!three!dots!labs/watermill@v1.4.6/message/router.go:645 +0x2b4
github.com/ThreeDotsLabs/watermill/message.(*Router).RunHandlers.func1()
	/Users/jace/go/pkg/mod/github.com/!three!dots!labs/watermill@v1.4.6/message/router.go:460 +0x145
created by github.com/ThreeDotsLabs/watermill/message.(*Router).RunHandlers in goroutine 47950
	/Users/jace/go/pkg/mod/github.com/!three!dots!labs/watermill@v1.4.6/message/router.go:453 +0x606

goroutine 48135 [select, 1 minutes]:
github.com/nats-io/nats.go/jetstream.(*pullSubscription).pullMessages(0xc0009d97a0, {0xc00004fa40, 0x4f})
	/Users/jace/go/pkg/mod/github.com/nats-io/nats.go@v1.41.1/jetstream/pull.go:955 +0x91
created by github.com/nats-io/nats.go/jetstream.(*pullConsumer).Messages in goroutine 47950
	/Users/jace/go/pkg/mod/github.com/nats-io/nats.go@v1.41.1/jetstream/pull.go:534 +0x748

goroutine 45204 [chan receive, 1 minutes]:
github.com/ThreeDotsLabs/watermill/message.(*handler).run(0xc00200c000, {0x10a337fa0, 0xc0021945f0}, {0xc000ff7440, 0x6, 0x0?})
	/Users/jace/go/pkg/mod/github.com/!three!dots!labs/watermill@v1.4.6/message/router.go:645 +0x2b4
github.com/ThreeDotsLabs/watermill/message.(*Router).RunHandlers.func1()
	/Users/jace/go/pkg/mod/github.com/!three!dots!labs/watermill@v1.4.6/message/router.go:460 +0x145
created by github.com/ThreeDotsLabs/watermill/message.(*Router).RunHandlers in goroutine 44822
	/Users/jace/go/pkg/mod/github.com/!three!dots!labs/watermill@v1.4.6/message/router.go:453 +0x606

goroutine 46291 [select, 1 minutes]:
github.com/nats-io/nats.go/jetstream.(*pullConsumer).Messages.func2()
	/Users/jace/go/pkg/mod/github.com/nats-io/nats.go@v1.41.1/jetstream/pull.go:538 +0x68
created by github.com/nats-io/nats.go/jetstream.(*pullConsumer).Messages in goroutine 46222
	/Users/jace/go/pkg/mod/github.com/nats-io/nats.go@v1.41.1/jetstream/pull.go:536 +0x78a

goroutine 45168 [select, 1 minutes]:
github.com/nats-io/nats.go/jetstream.(*pullConsumer).Messages.func2()
	/Users/jace/go/pkg/mod/github.com/nats-io/nats.go@v1.41.1/jetstream/pull.go:538 +0x68
created by github.com/nats-io/nats.go/jetstream.(*pullConsumer).Messages in goroutine 44822
	/Users/jace/go/pkg/mod/github.com/nats-io/nats.go@v1.41.1/jetstream/pull.go:536 +0x78a

goroutine 45282 [chan receive, 1 minutes]:
github.com/ThreeDotsLabs/watermill/message.(*messageTransformSubscriberDecorator).Subscribe.func1()
	/Users/jace/go/pkg/mod/github.com/!three!dots!labs/watermill@v1.4.6/message/decorator.go:52 +0x85
created by github.com/ThreeDotsLabs/watermill/message.(*messageTransformSubscriberDecorator).Subscribe in goroutine 44822
	/Users/jace/go/pkg/mod/github.com/!three!dots!labs/watermill@v1.4.6/message/decorator.go:51 +0xc7

goroutine 48074 [chan receive, 1 minutes]:
github.com/ThreeDotsLabs/watermill/message.(*handler).run(0xc001313ad0, {0x10a337fa0, 0xc0019808c0}, {0xc000742600, 0x6, 0xc0022b5778?})
	/Users/jace/go/pkg/mod/github.com/!three!dots!labs/watermill@v1.4.6/message/router.go:645 +0x2b4
github.com/ThreeDotsLabs/watermill/message.(*Router).RunHandlers.func1()
	/Users/jace/go/pkg/mod/github.com/!three!dots!labs/watermill@v1.4.6/message/router.go:460 +0x145
created by github.com/ThreeDotsLabs/watermill/message.(*Router).RunHandlers in goroutine 47950
	/Users/jace/go/pkg/mod/github.com/!three!dots!labs/watermill@v1.4.6/message/router.go:453 +0x606

goroutine 48126 [chan receive, 1 minutes]:
github.com/ThreeDotsLabs/watermill/message.(*handler).run(0xc001313110, {0x10a337fa0, 0xc0026d1db0}, {0xc0029e9980, 0x6, 0x10955daec?})
	/Users/jace/go/pkg/mod/github.com/!three!dots!labs/watermill@v1.4.6/message/router.go:645 +0x2b4
github.com/ThreeDotsLabs/watermill/message.(*Router).RunHandlers.func1()
	/Users/jace/go/pkg/mod/github.com/!three!dots!labs/watermill@v1.4.6/message/router.go:460 +0x145
created by github.com/ThreeDotsLabs/watermill/message.(*Router).RunHandlers in goroutine 47950
	/Users/jace/go/pkg/mod/github.com/!three!dots!labs/watermill@v1.4.6/message/router.go:453 +0x606

goroutine 45288 [select, 1 minutes]:
github.com/nats-io/nats.go/jetstream.(*pullConsumer).Messages.func2()
	/Users/jace/go/pkg/mod/github.com/nats-io/nats.go@v1.41.1/jetstream/pull.go:538 +0x68
created by github.com/nats-io/nats.go/jetstream.(*pullConsumer).Messages in goroutine 44822
	/Users/jace/go/pkg/mod/github.com/nats-io/nats.go@v1.41.1/jetstream/pull.go:536 +0x78a

goroutine 46523 [chan receive, 1 minutes]:
github.com/ThreeDotsLabs/watermill/message.(*handler).run(0xc0024d2680, {0x10a337fa0, 0xc001e681e0}, {0xc0001fc180, 0x6, 0x0?})
	/Users/jace/go/pkg/mod/github.com/!three!dots!labs/watermill@v1.4.6/message/router.go:645 +0x2b4
github.com/ThreeDotsLabs/watermill/message.(*Router).RunHandlers.func1()
	/Users/jace/go/pkg/mod/github.com/!three!dots!labs/watermill@v1.4.6/message/router.go:460 +0x145
created by github.com/ThreeDotsLabs/watermill/message.(*Router).RunHandlers in goroutine 46222
	/Users/jace/go/pkg/mod/github.com/!three!dots!labs/watermill@v1.4.6/message/router.go:453 +0x606

goroutine 45349 [select, 1 minutes]:
github.com/nats-io/nats.go/jetstream.(*pullSubscription).pullMessages(0xc001278990, {0xc0018a7270, 0x4b})
	/Users/jace/go/pkg/mod/github.com/nats-io/nats.go@v1.41.1/jetstream/pull.go:955 +0x91
created by github.com/nats-io/nats.go/jetstream.(*pullConsumer).Messages in goroutine 44822
	/Users/jace/go/pkg/mod/github.com/nats-io/nats.go@v1.41.1/jetstream/pull.go:534 +0x748

goroutine 45350 [select, 1 minutes]:
github.com/nats-io/nats.go/jetstream.(*pullConsumer).Messages.func2()
	/Users/jace/go/pkg/mod/github.com/nats-io/nats.go@v1.41.1/jetstream/pull.go:538 +0x68
created by github.com/nats-io/nats.go/jetstream.(*pullConsumer).Messages in goroutine 44822
	/Users/jace/go/pkg/mod/github.com/nats-io/nats.go@v1.41.1/jetstream/pull.go:536 +0x78a

goroutine 45351 [select, 1 minutes]:
github.com/nats-io/nats.go/jetstream.(*pullSubscription).Next(0xc001278990)
	/Users/jace/go/pkg/mod/github.com/nats-io/nats.go@v1.41.1/jetstream/pull.go:589 +0x285
github.com/Black-And-White-Club/frolf-bot-shared/eventbus.(*eventBus).Subscribe.func1()
	/Users/jace/Documents/GitHub/frolf-bot-shared/eventbus/eventbus.go:326 +0x169
created by github.com/Black-And-White-Club/frolf-bot-shared/eventbus.(*eventBus).Subscribe in goroutine 44822
	/Users/jace/Documents/GitHub/frolf-bot-shared/eventbus/eventbus.go:315 +0xbf1

goroutine 45352 [chan receive, 1 minutes]:
github.com/ThreeDotsLabs/watermill/message.(*messageTransformSubscriberDecorator).Subscribe.func1()
	/Users/jace/go/pkg/mod/github.com/!three!dots!labs/watermill@v1.4.6/message/decorator.go:52 +0x85
created by github.com/ThreeDotsLabs/watermill/message.(*messageTransformSubscriberDecorator).Subscribe in goroutine 44822
	/Users/jace/go/pkg/mod/github.com/!three!dots!labs/watermill@v1.4.6/message/decorator.go:51 +0xc7

goroutine 45353 [chan receive, 1 minutes]:
github.com/ThreeDotsLabs/watermill/message.(*handler).run(0xc00200c270, {0x10a337fa0, 0xc001b63950}, {0xc001368840, 0x6, 0x0?})
	/Users/jace/go/pkg/mod/github.com/!three!dots!labs/watermill@v1.4.6/message/router.go:645 +0x2b4
github.com/ThreeDotsLabs/watermill/message.(*Router).RunHandlers.func1()
	/Users/jace/go/pkg/mod/github.com/!three!dots!labs/watermill@v1.4.6/message/router.go:460 +0x145
created by github.com/ThreeDotsLabs/watermill/message.(*Router).RunHandlers in goroutine 44822
	/Users/jace/go/pkg/mod/github.com/!three!dots!labs/watermill@v1.4.6/message/router.go:453 +0x606

goroutine 46281 [select, 1 minutes]:
github.com/nats-io/nats.go/jetstream.(*pullSubscription).Next(0xc001279ef0)
	/Users/jace/go/pkg/mod/github.com/nats-io/nats.go@v1.41.1/jetstream/pull.go:589 +0x285
github.com/Black-And-White-Club/frolf-bot-shared/eventbus.(*eventBus).Subscribe.func1()
	/Users/jace/Documents/GitHub/frolf-bot-shared/eventbus/eventbus.go:326 +0x169
created by github.com/Black-And-White-Club/frolf-bot-shared/eventbus.(*eventBus).Subscribe in goroutine 46222
	/Users/jace/Documents/GitHub/frolf-bot-shared/eventbus/eventbus.go:315 +0xbf1

goroutine 53042 [chan receive]:
github.com/ThreeDotsLabs/watermill/message.(*messageTransformSubscriberDecorator).Subscribe.func1()
	/Users/jace/go/pkg/mod/github.com/!three!dots!labs/watermill@v1.4.6/message/decorator.go:52 +0x85
created by github.com/ThreeDotsLabs/watermill/message.(*messageTransformSubscriberDecorator).Subscribe in goroutine 52535
	/Users/jace/go/pkg/mod/github.com/!three!dots!labs/watermill@v1.4.6/message/decorator.go:51 +0xc7

goroutine 51020 [chan receive, 1 minutes]:
github.com/ThreeDotsLabs/watermill/message.(*handler).run(0xc00260cc30, {0x10a337fa0, 0xc0003679f0}, {0xc002120300, 0x6, 0x100000001?})
	/Users/jace/go/pkg/mod/github.com/!three!dots!labs/watermill@v1.4.6/message/router.go:645 +0x2b4
github.com/ThreeDotsLabs/watermill/message.(*Router).RunHandlers.func1()
	/Users/jace/go/pkg/mod/github.com/!three!dots!labs/watermill@v1.4.6/message/router.go:460 +0x145
created by github.com/ThreeDotsLabs/watermill/message.(*Router).RunHandlers in goroutine 50717
	/Users/jace/go/pkg/mod/github.com/!three!dots!labs/watermill@v1.4.6/message/router.go:453 +0x606

goroutine 46365 [select, 1 minutes]:
github.com/nats-io/nats.go/jetstream.(*pullSubscription).Next(0xc002260bd0)
	/Users/jace/go/pkg/mod/github.com/nats-io/nats.go@v1.41.1/jetstream/pull.go:589 +0x285
github.com/Black-And-White-Club/frolf-bot-shared/eventbus.(*eventBus).Subscribe.func1()
	/Users/jace/Documents/GitHub/frolf-bot-shared/eventbus/eventbus.go:326 +0x169
created by github.com/Black-And-White-Club/frolf-bot-shared/eventbus.(*eventBus).Subscribe in goroutine 46222
	/Users/jace/Documents/GitHub/frolf-bot-shared/eventbus/eventbus.go:315 +0xbf1

goroutine 45151 [select, 1 minutes]:
github.com/nats-io/nats.go/jetstream.(*pullSubscription).Next(0xc000677320)
	/Users/jace/go/pkg/mod/github.com/nats-io/nats.go@v1.41.1/jetstream/pull.go:589 +0x285
github.com/Black-And-White-Club/frolf-bot-shared/eventbus.(*eventBus).Subscribe.func1()
	/Users/jace/Documents/GitHub/frolf-bot-shared/eventbus/eventbus.go:326 +0x169
created by github.com/Black-And-White-Club/frolf-bot-shared/eventbus.(*eventBus).Subscribe in goroutine 44822
	/Users/jace/Documents/GitHub/frolf-bot-shared/eventbus/eventbus.go:315 +0xbf1

goroutine 45152 [chan receive, 1 minutes]:
github.com/ThreeDotsLabs/watermill/message.(*messageTransformSubscriberDecorator).Subscribe.func1()
	/Users/jace/go/pkg/mod/github.com/!three!dots!labs/watermill@v1.4.6/message/decorator.go:52 +0x85
created by github.com/ThreeDotsLabs/watermill/message.(*messageTransformSubscriberDecorator).Subscribe in goroutine 44822
	/Users/jace/go/pkg/mod/github.com/!three!dots!labs/watermill@v1.4.6/message/decorator.go:51 +0xc7

goroutine 45153 [chan receive, 1 minutes]:
github.com/ThreeDotsLabs/watermill/message.(*handler).run(0xc0014a4270, {0x10a337fa0, 0xc001de0fa0}, {0xc00111be00, 0x6, 0x0?})
	/Users/jace/go/pkg/mod/github.com/!three!dots!labs/watermill@v1.4.6/message/router.go:645 +0x2b4
github.com/ThreeDotsLabs/watermill/message.(*Router).RunHandlers.func1()
	/Users/jace/go/pkg/mod/github.com/!three!dots!labs/watermill@v1.4.6/message/router.go:460 +0x145
created by github.com/ThreeDotsLabs/watermill/message.(*Router).RunHandlers in goroutine 44822
	/Users/jace/go/pkg/mod/github.com/!three!dots!labs/watermill@v1.4.6/message/router.go:453 +0x606

goroutine 47104 [chan receive, 1 minutes]:
github.com/ThreeDotsLabs/watermill/message.(*handler).run(0xc001313930, {0x10a337fa0, 0xc000a13270}, {0xc000742300, 0x6, 0x0?})
	/Users/jace/go/pkg/mod/github.com/!three!dots!labs/watermill@v1.4.6/message/router.go:645 +0x2b4
github.com/ThreeDotsLabs/watermill/message.(*Router).RunHandlers.func1()
	/Users/jace/go/pkg/mod/github.com/!three!dots!labs/watermill@v1.4.6/message/router.go:460 +0x145
created by github.com/ThreeDotsLabs/watermill/message.(*Router).RunHandlers in goroutine 47950
	/Users/jace/go/pkg/mod/github.com/!three!dots!labs/watermill@v1.4.6/message/router.go:453 +0x606

goroutine 46293 [chan receive, 1 minutes]:
github.com/ThreeDotsLabs/watermill/message.(*messageTransformSubscriberDecorator).Subscribe.func1()
	/Users/jace/go/pkg/mod/github.com/!three!dots!labs/watermill@v1.4.6/message/decorator.go:52 +0x85
created by github.com/ThreeDotsLabs/watermill/message.(*messageTransformSubscriberDecorator).Subscribe in goroutine 46222
	/Users/jace/go/pkg/mod/github.com/!three!dots!labs/watermill@v1.4.6/message/decorator.go:51 +0xc7

goroutine 46564 [select, 1 minutes]:
github.com/nats-io/nats.go/jetstream.(*pullConsumer).Messages.func2()
	/Users/jace/go/pkg/mod/github.com/nats-io/nats.go@v1.41.1/jetstream/pull.go:538 +0x68
created by github.com/nats-io/nats.go/jetstream.(*pullConsumer).Messages in goroutine 46222
	/Users/jace/go/pkg/mod/github.com/nats-io/nats.go@v1.41.1/jetstream/pull.go:536 +0x78a

goroutine 49260 [chan receive, 1 minutes]:
github.com/ThreeDotsLabs/watermill/message.(*handler).run(0xc002677c70, {0x10a337fa0, 0xc002b8a5a0}, {0xc00196c180, 0x6, 0xc0024e3f78?})
	/Users/jace/go/pkg/mod/github.com/!three!dots!labs/watermill@v1.4.6/message/router.go:645 +0x2b4
github.com/ThreeDotsLabs/watermill/message.(*Router).RunHandlers.func1()
	/Users/jace/go/pkg/mod/github.com/!three!dots!labs/watermill@v1.4.6/message/router.go:460 +0x145
created by github.com/ThreeDotsLabs/watermill/message.(*Router).RunHandlers in goroutine 49230
	/Users/jace/go/pkg/mod/github.com/!three!dots!labs/watermill@v1.4.6/message/router.go:453 +0x606

goroutine 48027 [chan receive, 1 minutes]:
github.com/ThreeDotsLabs/watermill/message.(*handler).run(0xc000eabd40, {0x10a337fa0, 0xc000c83130}, {0xc0007423c0, 0x6, 0xc001ec0f78?})
	/Users/jace/go/pkg/mod/github.com/!three!dots!labs/watermill@v1.4.6/message/router.go:645 +0x2b4
github.com/ThreeDotsLabs/watermill/message.(*Router).RunHandlers.func1()
	/Users/jace/go/pkg/mod/github.com/!three!dots!labs/watermill@v1.4.6/message/router.go:460 +0x145
created by github.com/ThreeDotsLabs/watermill/message.(*Router).RunHandlers in goroutine 47950
	/Users/jace/go/pkg/mod/github.com/!three!dots!labs/watermill@v1.4.6/message/router.go:453 +0x606

goroutine 47987 [chan receive, 1 minutes]:
github.com/ThreeDotsLabs/watermill/message.(*handler).run(0xc001313040, {0x10a337fa0, 0xc000a12690}, {0xc00196c9c0, 0x6, 0x0?})
	/Users/jace/go/pkg/mod/github.com/!three!dots!labs/watermill@v1.4.6/message/router.go:645 +0x2b4
github.com/ThreeDotsLabs/watermill/message.(*Router).RunHandlers.func1()
	/Users/jace/go/pkg/mod/github.com/!three!dots!labs/watermill@v1.4.6/message/router.go:460 +0x145
created by github.com/ThreeDotsLabs/watermill/message.(*Router).RunHandlers in goroutine 47950
	/Users/jace/go/pkg/mod/github.com/!three!dots!labs/watermill@v1.4.6/message/router.go:453 +0x606

goroutine 46292 [select, 1 minutes]:
github.com/nats-io/nats.go/jetstream.(*pullSubscription).Next(0xc00210be60)
	/Users/jace/go/pkg/mod/github.com/nats-io/nats.go@v1.41.1/jetstream/pull.go:589 +0x285
github.com/Black-And-White-Club/frolf-bot-shared/eventbus.(*eventBus).Subscribe.func1()
	/Users/jace/Documents/GitHub/frolf-bot-shared/eventbus/eventbus.go:326 +0x169
created by github.com/Black-And-White-Club/frolf-bot-shared/eventbus.(*eventBus).Subscribe in goroutine 46222
	/Users/jace/Documents/GitHub/frolf-bot-shared/eventbus/eventbus.go:315 +0xbf1

goroutine 48209 [select, 1 minutes]:
github.com/nats-io/nats.go/jetstream.(*pullSubscription).pullMessages(0xc001ba8cf0, {0xc001a3cd20, 0x56})
	/Users/jace/go/pkg/mod/github.com/nats-io/nats.go@v1.41.1/jetstream/pull.go:955 +0x91
created by github.com/nats-io/nats.go/jetstream.(*pullConsumer).Messages in goroutine 47950
	/Users/jace/go/pkg/mod/github.com/nats-io/nats.go@v1.41.1/jetstream/pull.go:534 +0x748

goroutine 46283 [chan receive, 1 minutes]:
github.com/ThreeDotsLabs/watermill/message.(*handler).run(0xc0024d2000, {0x10a337fa0, 0xc000ffa500}, {0xc00152c9c0, 0x6, 0x6769666e6f63222c?})
	/Users/jace/go/pkg/mod/github.com/!three!dots!labs/watermill@v1.4.6/message/router.go:645 +0x2b4
github.com/ThreeDotsLabs/watermill/message.(*Router).RunHandlers.func1()
	/Users/jace/go/pkg/mod/github.com/!three!dots!labs/watermill@v1.4.6/message/router.go:460 +0x145
created by github.com/ThreeDotsLabs/watermill/message.(*Router).RunHandlers in goroutine 46222
	/Users/jace/go/pkg/mod/github.com/!three!dots!labs/watermill@v1.4.6/message/router.go:453 +0x606

goroutine 48042 [select, 1 minutes]:
github.com/nats-io/nats.go/jetstream.(*pullSubscription).pullMessages(0xc00083c510, {0xc0005e8aa0, 0x4d})
	/Users/jace/go/pkg/mod/github.com/nats-io/nats.go@v1.41.1/jetstream/pull.go:955 +0x91
created by github.com/nats-io/nats.go/jetstream.(*pullConsumer).Messages in goroutine 47950
	/Users/jace/go/pkg/mod/github.com/nats-io/nats.go@v1.41.1/jetstream/pull.go:534 +0x748

goroutine 49783 [sync.WaitGroup.Wait, 1 minutes]:
sync.runtime_SemacquireWaitGroup(0xc00127a3f0?)
	/usr/local/Cellar/go/1.24.2/libexec/src/runtime/sema.go:110 +0x25
sync.(*WaitGroup).Wait(0xc00187df40?)
	/usr/local/Cellar/go/1.24.2/libexec/src/sync/waitgroup.go:118 +0x48
github.com/ThreeDotsLabs/watermill/message.(*Router).waitForHandlers.func1()
	/Users/jace/go/pkg/mod/github.com/!three!dots!labs/watermill@v1.4.6/message/router.go:579 +0x4b
created by github.com/ThreeDotsLabs/watermill/message.(*Router).waitForHandlers in goroutine 48461
	/Users/jace/go/pkg/mod/github.com/!three!dots!labs/watermill@v1.4.6/message/router.go:577 +0x87

goroutine 56334 [select]:
github.com/nats-io/nats%2ego.(*Conn).doReconnect(0xc0026a0308, {0x10a327f28, 0x10acedb30}, 0x0)
	/Users/jace/go/pkg/mod/github.com/nats-io/nats.go@v1.41.1/nats.go:2907 +0x41a
created by github.com/nats-io/nats%2ego.(*Conn).processOpErr in goroutine 55264
	/Users/jace/go/pkg/mod/github.com/nats-io/nats.go@v1.41.1/nats.go:3043 +0x2f3

goroutine 46500 [select, 1 minutes]:
github.com/nats-io/nats.go/jetstream.(*pullConsumer).Messages.func2()
	/Users/jace/go/pkg/mod/github.com/nats-io/nats.go@v1.41.1/jetstream/pull.go:538 +0x68
created by github.com/nats-io/nats.go/jetstream.(*pullConsumer).Messages in goroutine 46222
	/Users/jace/go/pkg/mod/github.com/nats-io/nats.go@v1.41.1/jetstream/pull.go:536 +0x78a

goroutine 46356 [select, 1 minutes]:
github.com/nats-io/nats.go/jetstream.(*pullSubscription).pullMessages(0xc0022603f0, {0xc001186720, 0x52})
	/Users/jace/go/pkg/mod/github.com/nats-io/nats.go@v1.41.1/jetstream/pull.go:955 +0x91
created by github.com/nats-io/nats.go/jetstream.(*pullConsumer).Messages in goroutine 46222
	/Users/jace/go/pkg/mod/github.com/nats-io/nats.go@v1.41.1/jetstream/pull.go:534 +0x748

goroutine 46357 [select, 1 minutes]:
github.com/nats-io/nats.go/jetstream.(*pullConsumer).Messages.func2()
	/Users/jace/go/pkg/mod/github.com/nats-io/nats.go@v1.41.1/jetstream/pull.go:538 +0x68
created by github.com/nats-io/nats.go/jetstream.(*pullConsumer).Messages in goroutine 46222
	/Users/jace/go/pkg/mod/github.com/nats-io/nats.go@v1.41.1/jetstream/pull.go:536 +0x78a

goroutine 46358 [select, 1 minutes]:
github.com/nats-io/nats.go/jetstream.(*pullSubscription).Next(0xc0022603f0)
	/Users/jace/go/pkg/mod/github.com/nats-io/nats.go@v1.41.1/jetstream/pull.go:589 +0x285
github.com/Black-And-White-Club/frolf-bot-shared/eventbus.(*eventBus).Subscribe.func1()
	/Users/jace/Documents/GitHub/frolf-bot-shared/eventbus/eventbus.go:326 +0x169
created by github.com/Black-And-White-Club/frolf-bot-shared/eventbus.(*eventBus).Subscribe in goroutine 46222
	/Users/jace/Documents/GitHub/frolf-bot-shared/eventbus/eventbus.go:315 +0xbf1

goroutine 46359 [chan receive, 1 minutes]:
github.com/ThreeDotsLabs/watermill/message.(*messageTransformSubscriberDecorator).Subscribe.func1()
	/Users/jace/go/pkg/mod/github.com/!three!dots!labs/watermill@v1.4.6/message/decorator.go:52 +0x85
created by github.com/ThreeDotsLabs/watermill/message.(*messageTransformSubscriberDecorator).Subscribe in goroutine 46222
	/Users/jace/go/pkg/mod/github.com/!three!dots!labs/watermill@v1.4.6/message/decorator.go:51 +0xc7

goroutine 46360 [chan receive, 1 minutes]:
github.com/ThreeDotsLabs/watermill/message.(*handler).run(0xc001e8fe10, {0x10a337fa0, 0xc001e684b0}, {0xc0025c46c0, 0x6, 0x0?})
	/Users/jace/go/pkg/mod/github.com/!three!dots!labs/watermill@v1.4.6/message/router.go:645 +0x2b4
github.com/ThreeDotsLabs/watermill/message.(*Router).RunHandlers.func1()
	/Users/jace/go/pkg/mod/github.com/!three!dots!labs/watermill@v1.4.6/message/router.go:460 +0x145
created by github.com/ThreeDotsLabs/watermill/message.(*Router).RunHandlers in goroutine 46222
	/Users/jace/go/pkg/mod/github.com/!three!dots!labs/watermill@v1.4.6/message/router.go:453 +0x606

goroutine 48177 [select, 1 minutes]:
github.com/nats-io/nats.go/jetstream.(*pullSubscription).Next(0xc001ac0360)
	/Users/jace/go/pkg/mod/github.com/nats-io/nats.go@v1.41.1/jetstream/pull.go:589 +0x285
github.com/Black-And-White-Club/frolf-bot-shared/eventbus.(*eventBus).Subscribe.func1()
	/Users/jace/Documents/GitHub/frolf-bot-shared/eventbus/eventbus.go:326 +0x169
created by github.com/Black-And-White-Club/frolf-bot-shared/eventbus.(*eventBus).Subscribe in goroutine 47950
	/Users/jace/Documents/GitHub/frolf-bot-shared/eventbus/eventbus.go:315 +0xbf1

goroutine 49501 [chan receive, 1 minutes]:
github.com/ThreeDotsLabs/watermill/message.(*messageTransformSubscriberDecorator).Subscribe.func1()
	/Users/jace/go/pkg/mod/github.com/!three!dots!labs/watermill@v1.4.6/message/decorator.go:52 +0x85
created by github.com/ThreeDotsLabs/watermill/message.(*messageTransformSubscriberDecorator).Subscribe in goroutine 49230
	/Users/jace/go/pkg/mod/github.com/!three!dots!labs/watermill@v1.4.6/message/decorator.go:51 +0xc7

goroutine 54358 [select]:
github.com/nats-io/nats.go/jetstream.(*pullConsumer).Messages.func2()
	/Users/jace/go/pkg/mod/github.com/nats-io/nats.go@v1.41.1/jetstream/pull.go:538 +0x68
created by github.com/nats-io/nats.go/jetstream.(*pullConsumer).Messages in goroutine 54037
	/Users/jace/go/pkg/mod/github.com/nats-io/nats.go@v1.41.1/jetstream/pull.go:536 +0x78a

goroutine 47980 [chan receive, 1 minutes]:
github.com/ThreeDotsLabs/watermill/message.(*handler).run(0xc0001731e0, {0x10a337fa0, 0xc0026d0be0}, {0xc001a8a780, 0x6, 0xc00161c778?})
	/Users/jace/go/pkg/mod/github.com/!three!dots!labs/watermill@v1.4.6/message/router.go:645 +0x2b4
github.com/ThreeDotsLabs/watermill/message.(*Router).RunHandlers.func1()
	/Users/jace/go/pkg/mod/github.com/!three!dots!labs/watermill@v1.4.6/message/router.go:460 +0x145
created by github.com/ThreeDotsLabs/watermill/message.(*Router).RunHandlers in goroutine 47950
	/Users/jace/go/pkg/mod/github.com/!three!dots!labs/watermill@v1.4.6/message/router.go:453 +0x606

goroutine 46466 [select, 1 minutes]:
github.com/nats-io/nats.go/jetstream.(*pullSubscription).Next(0xc001f5db00)
	/Users/jace/go/pkg/mod/github.com/nats-io/nats.go@v1.41.1/jetstream/pull.go:589 +0x285
github.com/Black-And-White-Club/frolf-bot-shared/eventbus.(*eventBus).Subscribe.func1()
	/Users/jace/Documents/GitHub/frolf-bot-shared/eventbus/eventbus.go:326 +0x169
created by github.com/Black-And-White-Club/frolf-bot-shared/eventbus.(*eventBus).Subscribe in goroutine 46222
	/Users/jace/Documents/GitHub/frolf-bot-shared/eventbus/eventbus.go:315 +0xbf1

goroutine 46364 [select, 1 minutes]:
github.com/nats-io/nats.go/jetstream.(*pullConsumer).Messages.func2()
	/Users/jace/go/pkg/mod/github.com/nats-io/nats.go@v1.41.1/jetstream/pull.go:538 +0x68
created by github.com/nats-io/nats.go/jetstream.(*pullConsumer).Messages in goroutine 46222
	/Users/jace/go/pkg/mod/github.com/nats-io/nats.go@v1.41.1/jetstream/pull.go:536 +0x78a

goroutine 46369 [select, 1 minutes]:
github.com/nats-io/nats.go/jetstream.(*pullConsumer).Messages.func2()
	/Users/jace/go/pkg/mod/github.com/nats-io/nats.go@v1.41.1/jetstream/pull.go:538 +0x68
created by github.com/nats-io/nats.go/jetstream.(*pullConsumer).Messages in goroutine 46222
	/Users/jace/go/pkg/mod/github.com/nats-io/nats.go@v1.41.1/jetstream/pull.go:536 +0x78a

goroutine 48106 [chan receive, 1 minutes]:
github.com/ThreeDotsLabs/watermill/message.(*handler).run(0xc001313a00, {0x10a337fa0, 0xc000c83b80}, {0xc0029e9800, 0x6, 0xc001ce6f78?})
	/Users/jace/go/pkg/mod/github.com/!three!dots!labs/watermill@v1.4.6/message/router.go:645 +0x2b4
github.com/ThreeDotsLabs/watermill/message.(*Router).RunHandlers.func1()
	/Users/jace/go/pkg/mod/github.com/!three!dots!labs/watermill@v1.4.6/message/router.go:460 +0x145
created by github.com/ThreeDotsLabs/watermill/message.(*Router).RunHandlers in goroutine 47950
	/Users/jace/go/pkg/mod/github.com/!three!dots!labs/watermill@v1.4.6/message/router.go:453 +0x606

goroutine 51193 [chan receive, 1 minutes]:
github.com/ThreeDotsLabs/watermill/message.(*handler).run(0xc00260c270, {0x10a337fa0, 0xc000a13360}, {0xc001e49800, 0x6, 0xc0020a0778?})
	/Users/jace/go/pkg/mod/github.com/!three!dots!labs/watermill@v1.4.6/message/router.go:645 +0x2b4
github.com/ThreeDotsLabs/watermill/message.(*Router).RunHandlers.func1()
	/Users/jace/go/pkg/mod/github.com/!three!dots!labs/watermill@v1.4.6/message/router.go:460 +0x145
created by github.com/ThreeDotsLabs/watermill/message.(*Router).RunHandlers in goroutine 50717
	/Users/jace/go/pkg/mod/github.com/!three!dots!labs/watermill@v1.4.6/message/router.go:453 +0x606

goroutine 46503 [chan receive, 1 minutes]:
github.com/ThreeDotsLabs/watermill/message.(*handler).run(0xc0024d2340, {0x10a337fa0, 0xc000ffb4f0}, {0xc0024c6600, 0x6, 0x100000001?})
	/Users/jace/go/pkg/mod/github.com/!three!dots!labs/watermill@v1.4.6/message/router.go:645 +0x2b4
github.com/ThreeDotsLabs/watermill/message.(*Router).RunHandlers.func1()
	/Users/jace/go/pkg/mod/github.com/!three!dots!labs/watermill@v1.4.6/message/router.go:460 +0x145
created by github.com/ThreeDotsLabs/watermill/message.(*Router).RunHandlers in goroutine 46222
	/Users/jace/go/pkg/mod/github.com/!three!dots!labs/watermill@v1.4.6/message/router.go:453 +0x606

goroutine 46468 [chan receive, 1 minutes]:
github.com/ThreeDotsLabs/watermill/message.(*handler).run(0xc001e8fc70, {0x10a337fa0, 0xc000ffad70}, {0xc0019a0300, 0x6, 0xc002507778?})
	/Users/jace/go/pkg/mod/github.com/!three!dots!labs/watermill@v1.4.6/message/router.go:645 +0x2b4
github.com/ThreeDotsLabs/watermill/message.(*Router).RunHandlers.func1()
	/Users/jace/go/pkg/mod/github.com/!three!dots!labs/watermill@v1.4.6/message/router.go:460 +0x145
created by github.com/ThreeDotsLabs/watermill/message.(*Router).RunHandlers in goroutine 46222
	/Users/jace/go/pkg/mod/github.com/!three!dots!labs/watermill@v1.4.6/message/router.go:453 +0x606

goroutine 46499 [select, 1 minutes]:
github.com/nats-io/nats.go/jetstream.(*pullSubscription).pullMessages(0xc0029a2000, {0xc002111560, 0x58})
	/Users/jace/go/pkg/mod/github.com/nats-io/nats.go@v1.41.1/jetstream/pull.go:955 +0x91
created by github.com/nats-io/nats.go/jetstream.(*pullConsumer).Messages in goroutine 46222
	/Users/jace/go/pkg/mod/github.com/nats-io/nats.go@v1.41.1/jetstream/pull.go:534 +0x748

goroutine 48071 [select, 1 minutes]:
github.com/nats-io/nats.go/jetstream.(*pullConsumer).Messages.func2()
	/Users/jace/go/pkg/mod/github.com/nats-io/nats.go@v1.41.1/jetstream/pull.go:538 +0x68
created by github.com/nats-io/nats.go/jetstream.(*pullConsumer).Messages in goroutine 47950
	/Users/jace/go/pkg/mod/github.com/nats-io/nats.go@v1.41.1/jetstream/pull.go:536 +0x78a

goroutine 48031 [select, 1 minutes]:
github.com/nats-io/nats.go/jetstream.(*pullSubscription).pullMessages(0xc001836d80, {0xc001eb85f0, 0x42})
	/Users/jace/go/pkg/mod/github.com/nats-io/nats.go@v1.41.1/jetstream/pull.go:955 +0x91
created by github.com/nats-io/nats.go/jetstream.(*pullConsumer).Messages in goroutine 47950
	/Users/jace/go/pkg/mod/github.com/nats-io/nats.go@v1.41.1/jetstream/pull.go:534 +0x748

goroutine 49370 [select, 1 minutes]:
github.com/nats-io/nats.go/jetstream.(*pullSubscription).pullMessages(0xc002b4f830, {0xc001eb8230, 0x4f})
	/Users/jace/go/pkg/mod/github.com/nats-io/nats.go@v1.41.1/jetstream/pull.go:955 +0x91
created by github.com/nats-io/nats.go/jetstream.(*pullConsumer).Messages in goroutine 49230
	/Users/jace/go/pkg/mod/github.com/nats-io/nats.go@v1.41.1/jetstream/pull.go:534 +0x748

goroutine 60425 [select]:
github.com/nats-io/nats.go/jetstream.(*pullSubscription).Next(0xc001cfa3f0)
	/Users/jace/go/pkg/mod/github.com/nats-io/nats.go@v1.41.1/jetstream/pull.go:589 +0x285
github.com/Black-And-White-Club/frolf-bot-shared/eventbus.(*eventBus).Subscribe.func1()
	/Users/jace/Documents/GitHub/frolf-bot-shared/eventbus/eventbus.go:326 +0x169
created by github.com/Black-And-White-Club/frolf-bot-shared/eventbus.(*eventBus).Subscribe in goroutine 59782
	/Users/jace/Documents/GitHub/frolf-bot-shared/eventbus/eventbus.go:315 +0xbf1

goroutine 47998 [select, 1 minutes]:
github.com/nats-io/nats.go/jetstream.(*pullSubscription).pullMessages(0xc0009d9050, {0xc001a3c7e0, 0x55})
	/Users/jace/go/pkg/mod/github.com/nats-io/nats.go@v1.41.1/jetstream/pull.go:955 +0x91
created by github.com/nats-io/nats.go/jetstream.(*pullConsumer).Messages in goroutine 47950
	/Users/jace/go/pkg/mod/github.com/nats-io/nats.go@v1.41.1/jetstream/pull.go:534 +0x748

goroutine 53855 [sync.WaitGroup.Wait]:
sync.runtime_SemacquireWaitGroup(0x0?)
	/usr/local/Cellar/go/1.24.2/libexec/src/runtime/sema.go:110 +0x25
sync.(*WaitGroup).Wait(0x0?)
	/usr/local/Cellar/go/1.24.2/libexec/src/sync/waitgroup.go:118 +0x48
github.com/ThreeDotsLabs/watermill/message.(*Router).watchAllHandlersStopped.func1()
	/Users/jace/go/pkg/mod/github.com/!three!dots!labs/watermill@v1.4.6/message/router.go:498 +0x86
created by github.com/ThreeDotsLabs/watermill/message.(*Router).watchAllHandlersStopped in goroutine 54037
	/Users/jace/go/pkg/mod/github.com/!three!dots!labs/watermill@v1.4.6/message/router.go:484 +0xec

goroutine 46501 [select, 1 minutes]:
github.com/nats-io/nats.go/jetstream.(*pullSubscription).Next(0xc0029a2000)
	/Users/jace/go/pkg/mod/github.com/nats-io/nats.go@v1.41.1/jetstream/pull.go:589 +0x285
github.com/Black-And-White-Club/frolf-bot-shared/eventbus.(*eventBus).Subscribe.func1()
	/Users/jace/Documents/GitHub/frolf-bot-shared/eventbus/eventbus.go:326 +0x169
created by github.com/Black-And-White-Club/frolf-bot-shared/eventbus.(*eventBus).Subscribe in goroutine 46222
	/Users/jace/Documents/GitHub/frolf-bot-shared/eventbus/eventbus.go:315 +0xbf1

goroutine 50722 [chan receive, 1 minutes]:
github.com/ThreeDotsLabs/watermill/message.(*messageTransformSubscriberDecorator).Subscribe.func1()
	/Users/jace/go/pkg/mod/github.com/!three!dots!labs/watermill@v1.4.6/message/decorator.go:52 +0x85
created by github.com/ThreeDotsLabs/watermill/message.(*messageTransformSubscriberDecorator).Subscribe in goroutine 50717
	/Users/jace/go/pkg/mod/github.com/!three!dots!labs/watermill@v1.4.6/message/decorator.go:51 +0xc7

goroutine 50666 [select, 1 minutes]:
github.com/nats-io/nats.go/jetstream.(*pullConsumer).Messages.func2()
	/Users/jace/go/pkg/mod/github.com/nats-io/nats.go@v1.41.1/jetstream/pull.go:538 +0x68
created by github.com/nats-io/nats.go/jetstream.(*pullConsumer).Messages in goroutine 50717
	/Users/jace/go/pkg/mod/github.com/nats-io/nats.go@v1.41.1/jetstream/pull.go:536 +0x78a

goroutine 55508 [select]:
github.com/nats-io/nats.go/jetstream.(*pullConsumer).Messages.func2()
	/Users/jace/go/pkg/mod/github.com/nats-io/nats.go@v1.41.1/jetstream/pull.go:538 +0x68
created by github.com/nats-io/nats.go/jetstream.(*pullConsumer).Messages in goroutine 55362
	/Users/jace/go/pkg/mod/github.com/nats-io/nats.go@v1.41.1/jetstream/pull.go:536 +0x78a

goroutine 48073 [chan receive, 1 minutes]:
github.com/ThreeDotsLabs/watermill/message.(*messageTransformSubscriberDecorator).Subscribe.func1()
	/Users/jace/go/pkg/mod/github.com/!three!dots!labs/watermill@v1.4.6/message/decorator.go:52 +0x85
created by github.com/ThreeDotsLabs/watermill/message.(*messageTransformSubscriberDecorator).Subscribe in goroutine 47950
	/Users/jace/go/pkg/mod/github.com/!three!dots!labs/watermill@v1.4.6/message/decorator.go:51 +0xc7

goroutine 57495 [chan receive]:
github.com/ThreeDotsLabs/watermill/message.(*handler).run(0xc001e8f450, {0x10a337fa0, 0xc001de0410}, {0xc002408b40, 0x6, 0xc001d75f78?})
	/Users/jace/go/pkg/mod/github.com/!three!dots!labs/watermill@v1.4.6/message/router.go:645 +0x2b4
github.com/ThreeDotsLabs/watermill/message.(*Router).RunHandlers.func1()
	/Users/jace/go/pkg/mod/github.com/!three!dots!labs/watermill@v1.4.6/message/router.go:460 +0x145
created by github.com/ThreeDotsLabs/watermill/message.(*Router).RunHandlers in goroutine 57220
	/Users/jace/go/pkg/mod/github.com/!three!dots!labs/watermill@v1.4.6/message/router.go:453 +0x606

goroutine 52596 [select]:
github.com/nats-io/nats.go/jetstream.(*pullSubscription).pullMessages(0xc001ac1200, {0xc00179a3c0, 0x42})
	/Users/jace/go/pkg/mod/github.com/nats-io/nats.go@v1.41.1/jetstream/pull.go:955 +0x91
created by github.com/nats-io/nats.go/jetstream.(*pullConsumer).Messages in goroutine 52535
	/Users/jace/go/pkg/mod/github.com/nats-io/nats.go@v1.41.1/jetstream/pull.go:534 +0x748

goroutine 46446 [select, 1 minutes]:
github.com/nats-io/nats.go/jetstream.(*pullSubscription).pullMessages(0xc0022619e0, {0xc00017eaa0, 0x47})
	/Users/jace/go/pkg/mod/github.com/nats-io/nats.go@v1.41.1/jetstream/pull.go:955 +0x91
created by github.com/nats-io/nats.go/jetstream.(*pullConsumer).Messages in goroutine 46222
	/Users/jace/go/pkg/mod/github.com/nats-io/nats.go@v1.41.1/jetstream/pull.go:534 +0x748

goroutine 46447 [select, 1 minutes]:
github.com/nats-io/nats.go/jetstream.(*pullConsumer).Messages.func2()
	/Users/jace/go/pkg/mod/github.com/nats-io/nats.go@v1.41.1/jetstream/pull.go:538 +0x68
created by github.com/nats-io/nats.go/jetstream.(*pullConsumer).Messages in goroutine 46222
	/Users/jace/go/pkg/mod/github.com/nats-io/nats.go@v1.41.1/jetstream/pull.go:536 +0x78a

goroutine 46448 [select, 1 minutes]:
github.com/nats-io/nats.go/jetstream.(*pullSubscription).Next(0xc0022619e0)
	/Users/jace/go/pkg/mod/github.com/nats-io/nats.go@v1.41.1/jetstream/pull.go:589 +0x285
github.com/Black-And-White-Club/frolf-bot-shared/eventbus.(*eventBus).Subscribe.func1()
	/Users/jace/Documents/GitHub/frolf-bot-shared/eventbus/eventbus.go:326 +0x169
created by github.com/Black-And-White-Club/frolf-bot-shared/eventbus.(*eventBus).Subscribe in goroutine 46222
	/Users/jace/Documents/GitHub/frolf-bot-shared/eventbus/eventbus.go:315 +0xbf1

goroutine 46449 [chan receive, 1 minutes]:
github.com/ThreeDotsLabs/watermill/message.(*messageTransformSubscriberDecorator).Subscribe.func1()
	/Users/jace/go/pkg/mod/github.com/!three!dots!labs/watermill@v1.4.6/message/decorator.go:52 +0x85
created by github.com/ThreeDotsLabs/watermill/message.(*messageTransformSubscriberDecorator).Subscribe in goroutine 46222
	/Users/jace/go/pkg/mod/github.com/!three!dots!labs/watermill@v1.4.6/message/decorator.go:51 +0xc7

goroutine 46482 [chan receive, 1 minutes]:
github.com/ThreeDotsLabs/watermill/message.(*handler).run(0xc0024d21a0, {0x10a337fa0, 0xc001e68d70}, {0xc0024c6540, 0x6, 0x0?})
	/Users/jace/go/pkg/mod/github.com/!three!dots!labs/watermill@v1.4.6/message/router.go:645 +0x2b4
github.com/ThreeDotsLabs/watermill/message.(*Router).RunHandlers.func1()
	/Users/jace/go/pkg/mod/github.com/!three!dots!labs/watermill@v1.4.6/message/router.go:460 +0x145
created by github.com/ThreeDotsLabs/watermill/message.(*Router).RunHandlers in goroutine 46222
	/Users/jace/go/pkg/mod/github.com/!three!dots!labs/watermill@v1.4.6/message/router.go:453 +0x606

goroutine 46563 [select, 1 minutes]:
github.com/nats-io/nats.go/jetstream.(*pullSubscription).pullMessages(0xc002260630, {0xc0008066e0, 0x4f})
	/Users/jace/go/pkg/mod/github.com/nats-io/nats.go@v1.41.1/jetstream/pull.go:955 +0x91
created by github.com/nats-io/nats.go/jetstream.(*pullConsumer).Messages in goroutine 46222
	/Users/jace/go/pkg/mod/github.com/nats-io/nats.go@v1.41.1/jetstream/pull.go:534 +0x748

goroutine 48049 [select, 1 minutes]:
github.com/nats-io/nats.go/jetstream.(*pullConsumer).Messages.func2()
	/Users/jace/go/pkg/mod/github.com/nats-io/nats.go@v1.41.1/jetstream/pull.go:538 +0x68
created by github.com/nats-io/nats.go/jetstream.(*pullConsumer).Messages in goroutine 47950
	/Users/jace/go/pkg/mod/github.com/nats-io/nats.go@v1.41.1/jetstream/pull.go:536 +0x78a

goroutine 49541 [select, 1 minutes]:
github.com/nats-io/nats.go/jetstream.(*pullSubscription).Next(0xc002a039e0)
	/Users/jace/go/pkg/mod/github.com/nats-io/nats.go@v1.41.1/jetstream/pull.go:589 +0x285
github.com/Black-And-White-Club/frolf-bot-shared/eventbus.(*eventBus).Subscribe.func1()
	/Users/jace/Documents/GitHub/frolf-bot-shared/eventbus/eventbus.go:326 +0x169
created by github.com/Black-And-White-Club/frolf-bot-shared/eventbus.(*eventBus).Subscribe in goroutine 49230
	/Users/jace/Documents/GitHub/frolf-bot-shared/eventbus/eventbus.go:315 +0xbf1

goroutine 54446 [select]:
github.com/nats-io/nats.go/jetstream.(*pullConsumer).Messages.func2()
	/Users/jace/go/pkg/mod/github.com/nats-io/nats.go@v1.41.1/jetstream/pull.go:538 +0x68
created by github.com/nats-io/nats.go/jetstream.(*pullConsumer).Messages in goroutine 55362
	/Users/jace/go/pkg/mod/github.com/nats-io/nats.go@v1.41.1/jetstream/pull.go:536 +0x78a

goroutine 46638 [select, 1 minutes]:
github.com/nats-io/nats.go/jetstream.(*pullConsumer).Messages.func2()
	/Users/jace/go/pkg/mod/github.com/nats-io/nats.go@v1.41.1/jetstream/pull.go:538 +0x68
created by github.com/nats-io/nats.go/jetstream.(*pullConsumer).Messages in goroutine 46222
	/Users/jace/go/pkg/mod/github.com/nats-io/nats.go@v1.41.1/jetstream/pull.go:536 +0x78a

goroutine 52364 [select]:
github.com/nats-io/nats.go/jetstream.(*pullConsumer).Messages.func2()
	/Users/jace/go/pkg/mod/github.com/nats-io/nats.go@v1.41.1/jetstream/pull.go:538 +0x68
created by github.com/nats-io/nats.go/jetstream.(*pullConsumer).Messages in goroutine 52535
	/Users/jace/go/pkg/mod/github.com/nats-io/nats.go@v1.41.1/jetstream/pull.go:536 +0x78a

goroutine 47977 [select, 1 minutes]:
github.com/nats-io/nats.go/jetstream.(*pullConsumer).Messages.func2()
	/Users/jace/go/pkg/mod/github.com/nats-io/nats.go@v1.41.1/jetstream/pull.go:538 +0x68
created by github.com/nats-io/nats.go/jetstream.(*pullConsumer).Messages in goroutine 47950
	/Users/jace/go/pkg/mod/github.com/nats-io/nats.go@v1.41.1/jetstream/pull.go:536 +0x78a

goroutine 46637 [select, 1 minutes]:
github.com/nats-io/nats.go/jetstream.(*pullSubscription).pullMessages(0xc0023370e0, {0xc0018a6500, 0x4f})
	/Users/jace/go/pkg/mod/github.com/nats-io/nats.go@v1.41.1/jetstream/pull.go:955 +0x91
created by github.com/nats-io/nats.go/jetstream.(*pullConsumer).Messages in goroutine 46222
	/Users/jace/go/pkg/mod/github.com/nats-io/nats.go@v1.41.1/jetstream/pull.go:534 +0x748

goroutine 48212 [sync.Cond.Wait, 1 minutes]:
sync.runtime_notifyListWait(0xc000d080d0, 0x2)
	/usr/local/Cellar/go/1.24.2/libexec/src/runtime/sema.go:597 +0x159
sync.(*Cond).Wait(0xc000e4fdb0?)
	/usr/local/Cellar/go/1.24.2/libexec/src/sync/cond.go:71 +0x85
github.com/nats-io/nats%2ego.(*Conn).waitForMsgs(0xc00155f108, 0xc0018f0000)
	/Users/jace/go/pkg/mod/github.com/nats-io/nats.go@v1.41.1/nats.go:3178 +0xc5
created by github.com/nats-io/nats%2ego.(*Conn).subscribeLocked in goroutine 48461
	/Users/jace/go/pkg/mod/github.com/nats-io/nats.go@v1.41.1/nats.go:4468 +0x419

goroutine 48339 [select, 1 minutes]:
github.com/nats-io/nats.go/jetstream.(*pullSubscription).Next(0xc001ba98c0)
	/Users/jace/go/pkg/mod/github.com/nats-io/nats.go@v1.41.1/jetstream/pull.go:589 +0x285
github.com/Black-And-White-Club/frolf-bot-shared/eventbus.(*eventBus).Subscribe.func1()
	/Users/jace/Documents/GitHub/frolf-bot-shared/eventbus/eventbus.go:326 +0x169
created by github.com/Black-And-White-Club/frolf-bot-shared/eventbus.(*eventBus).Subscribe in goroutine 47950
	/Users/jace/Documents/GitHub/frolf-bot-shared/eventbus/eventbus.go:315 +0xbf1

goroutine 58686 [select]:
github.com/nats-io/nats.go/jetstream.(*pullSubscription).Next(0xc003229950)
	/Users/jace/go/pkg/mod/github.com/nats-io/nats.go@v1.41.1/jetstream/pull.go:589 +0x285
github.com/Black-And-White-Club/frolf-bot-shared/eventbus.(*eventBus).Subscribe.func1()
	/Users/jace/Documents/GitHub/frolf-bot-shared/eventbus/eventbus.go:326 +0x169
created by github.com/Black-And-White-Club/frolf-bot-shared/eventbus.(*eventBus).Subscribe in goroutine 58544
	/Users/jace/Documents/GitHub/frolf-bot-shared/eventbus/eventbus.go:315 +0xbf1

goroutine 48124 [select, 1 minutes]:
github.com/nats-io/nats.go/jetstream.(*pullSubscription).Next(0xc0019b6360)
	/Users/jace/go/pkg/mod/github.com/nats-io/nats.go@v1.41.1/jetstream/pull.go:589 +0x285
github.com/Black-And-White-Club/frolf-bot-shared/eventbus.(*eventBus).Subscribe.func1()
	/Users/jace/Documents/GitHub/frolf-bot-shared/eventbus/eventbus.go:326 +0x169
created by github.com/Black-And-White-Club/frolf-bot-shared/eventbus.(*eventBus).Subscribe in goroutine 47950
	/Users/jace/Documents/GitHub/frolf-bot-shared/eventbus/eventbus.go:315 +0xbf1

goroutine 46586 [select, 1 minutes]:
github.com/nats-io/nats.go/jetstream.(*pullConsumer).Messages.func2()
	/Users/jace/go/pkg/mod/github.com/nats-io/nats.go@v1.41.1/jetstream/pull.go:538 +0x68
created by github.com/nats-io/nats.go/jetstream.(*pullConsumer).Messages in goroutine 46222
	/Users/jace/go/pkg/mod/github.com/nats-io/nats.go@v1.41.1/jetstream/pull.go:536 +0x78a

goroutine 46587 [select, 1 minutes]:
github.com/nats-io/nats.go/jetstream.(*pullSubscription).Next(0xc001f5c990)
	/Users/jace/go/pkg/mod/github.com/nats-io/nats.go@v1.41.1/jetstream/pull.go:589 +0x285
github.com/Black-And-White-Club/frolf-bot-shared/eventbus.(*eventBus).Subscribe.func1()
	/Users/jace/Documents/GitHub/frolf-bot-shared/eventbus/eventbus.go:326 +0x169
created by github.com/Black-And-White-Club/frolf-bot-shared/eventbus.(*eventBus).Subscribe in goroutine 46222
	/Users/jace/Documents/GitHub/frolf-bot-shared/eventbus/eventbus.go:315 +0xbf1

goroutine 46588 [chan receive, 1 minutes]:
github.com/ThreeDotsLabs/watermill/message.(*messageTransformSubscriberDecorator).Subscribe.func1()
	/Users/jace/go/pkg/mod/github.com/!three!dots!labs/watermill@v1.4.6/message/decorator.go:52 +0x85
created by github.com/ThreeDotsLabs/watermill/message.(*messageTransformSubscriberDecorator).Subscribe in goroutine 46222
	/Users/jace/go/pkg/mod/github.com/!three!dots!labs/watermill@v1.4.6/message/decorator.go:51 +0xc7

goroutine 46589 [chan receive, 1 minutes]:
github.com/ThreeDotsLabs/watermill/message.(*handler).run(0xc0024d29c0, {0x10a337fa0, 0xc001734280}, {0xc00078a000, 0x6, 0x0?})
	/Users/jace/go/pkg/mod/github.com/!three!dots!labs/watermill@v1.4.6/message/router.go:645 +0x2b4
github.com/ThreeDotsLabs/watermill/message.(*Router).RunHandlers.func1()
	/Users/jace/go/pkg/mod/github.com/!three!dots!labs/watermill@v1.4.6/message/router.go:460 +0x145
created by github.com/ThreeDotsLabs/watermill/message.(*Router).RunHandlers in goroutine 46222
	/Users/jace/go/pkg/mod/github.com/!three!dots!labs/watermill@v1.4.6/message/router.go:453 +0x606

goroutine 49178 [sync.Cond.Wait, 1 minutes]:
sync.runtime_notifyListWait(0xc002b4c290, 0x0)
	/usr/local/Cellar/go/1.24.2/libexec/src/runtime/sema.go:597 +0x159
sync.(*Cond).Wait(0xc0028421b0?)
	/usr/local/Cellar/go/1.24.2/libexec/src/sync/cond.go:71 +0x85
github.com/nats-io/nats%2ego.(*asyncCallbacksHandler).asyncCBDispatcher(0xc002583620)
	/Users/jace/go/pkg/mod/github.com/nats-io/nats.go@v1.41.1/nats.go:3059 +0xdd
created by github.com/nats-io/nats%2ego.Options.Connect in goroutine 48461
	/Users/jace/go/pkg/mod/github.com/nats-io/nats.go@v1.41.1/nats.go:1635 +0x387

goroutine 46591 [select, 1 minutes]:
github.com/nats-io/nats.go/jetstream.(*pullSubscription).pullMessages(0xc001f5ce10, {0xc000bba700, 0x40})
	/Users/jace/go/pkg/mod/github.com/nats-io/nats.go@v1.41.1/jetstream/pull.go:955 +0x91
created by github.com/nats-io/nats.go/jetstream.(*pullConsumer).Messages in goroutine 46222
	/Users/jace/go/pkg/mod/github.com/nats-io/nats.go@v1.41.1/jetstream/pull.go:534 +0x748

goroutine 46592 [select, 1 minutes]:
github.com/nats-io/nats.go/jetstream.(*pullConsumer).Messages.func2()
	/Users/jace/go/pkg/mod/github.com/nats-io/nats.go@v1.41.1/jetstream/pull.go:538 +0x68
created by github.com/nats-io/nats.go/jetstream.(*pullConsumer).Messages in goroutine 46222
	/Users/jace/go/pkg/mod/github.com/nats-io/nats.go@v1.41.1/jetstream/pull.go:536 +0x78a

goroutine 46593 [select, 1 minutes]:
github.com/nats-io/nats.go/jetstream.(*pullSubscription).Next(0xc001f5ce10)
	/Users/jace/go/pkg/mod/github.com/nats-io/nats.go@v1.41.1/jetstream/pull.go:589 +0x285
github.com/Black-And-White-Club/frolf-bot-shared/eventbus.(*eventBus).Subscribe.func1()
	/Users/jace/Documents/GitHub/frolf-bot-shared/eventbus/eventbus.go:326 +0x169
created by github.com/Black-And-White-Club/frolf-bot-shared/eventbus.(*eventBus).Subscribe in goroutine 46222
	/Users/jace/Documents/GitHub/frolf-bot-shared/eventbus/eventbus.go:315 +0xbf1

goroutine 46610 [chan receive, 1 minutes]:
github.com/ThreeDotsLabs/watermill/message.(*messageTransformSubscriberDecorator).Subscribe.func1()
	/Users/jace/go/pkg/mod/github.com/!three!dots!labs/watermill@v1.4.6/message/decorator.go:52 +0x85
created by github.com/ThreeDotsLabs/watermill/message.(*messageTransformSubscriberDecorator).Subscribe in goroutine 46222
	/Users/jace/go/pkg/mod/github.com/!three!dots!labs/watermill@v1.4.6/message/decorator.go:51 +0xc7

goroutine 46611 [chan receive, 1 minutes]:
github.com/ThreeDotsLabs/watermill/message.(*handler).run(0xc0024d2b60, {0x10a337fa0, 0xc001e68690}, {0xc0029a6000, 0x6, 0x0?})
	/Users/jace/go/pkg/mod/github.com/!three!dots!labs/watermill@v1.4.6/message/router.go:645 +0x2b4
github.com/ThreeDotsLabs/watermill/message.(*Router).RunHandlers.func1()
	/Users/jace/go/pkg/mod/github.com/!three!dots!labs/watermill@v1.4.6/message/router.go:460 +0x145
created by github.com/ThreeDotsLabs/watermill/message.(*Router).RunHandlers in goroutine 46222
	/Users/jace/go/pkg/mod/github.com/!three!dots!labs/watermill@v1.4.6/message/router.go:453 +0x606

goroutine 46565 [select, 1 minutes]:
github.com/nats-io/nats.go/jetstream.(*pullSubscription).Next(0xc002260630)
	/Users/jace/go/pkg/mod/github.com/nats-io/nats.go@v1.41.1/jetstream/pull.go:589 +0x285
github.com/Black-And-White-Club/frolf-bot-shared/eventbus.(*eventBus).Subscribe.func1()
	/Users/jace/Documents/GitHub/frolf-bot-shared/eventbus/eventbus.go:326 +0x169
created by github.com/Black-And-White-Club/frolf-bot-shared/eventbus.(*eventBus).Subscribe in goroutine 46222
	/Users/jace/Documents/GitHub/frolf-bot-shared/eventbus/eventbus.go:315 +0xbf1

goroutine 46566 [chan receive, 1 minutes]:
github.com/ThreeDotsLabs/watermill/message.(*messageTransformSubscriberDecorator).Subscribe.func1()
	/Users/jace/go/pkg/mod/github.com/!three!dots!labs/watermill@v1.4.6/message/decorator.go:52 +0x85
created by github.com/ThreeDotsLabs/watermill/message.(*messageTransformSubscriberDecorator).Subscribe in goroutine 46222
	/Users/jace/go/pkg/mod/github.com/!three!dots!labs/watermill@v1.4.6/message/decorator.go:51 +0xc7

goroutine 46567 [chan receive, 1 minutes]:
github.com/ThreeDotsLabs/watermill/message.(*handler).run(0xc0024d28f0, {0x10a337fa0, 0xc000226c30}, {0xc0024c60c0, 0x6, 0xc002723f78?})
	/Users/jace/go/pkg/mod/github.com/!three!dots!labs/watermill@v1.4.6/message/router.go:645 +0x2b4
github.com/ThreeDotsLabs/watermill/message.(*Router).RunHandlers.func1()
	/Users/jace/go/pkg/mod/github.com/!three!dots!labs/watermill@v1.4.6/message/router.go:460 +0x145
created by github.com/ThreeDotsLabs/watermill/message.(*Router).RunHandlers in goroutine 46222
	/Users/jace/go/pkg/mod/github.com/!three!dots!labs/watermill@v1.4.6/message/router.go:453 +0x606

goroutine 54286 [chan receive]:
github.com/ThreeDotsLabs/watermill/message.(*messageTransformSubscriberDecorator).Subscribe.func1()
	/Users/jace/go/pkg/mod/github.com/!three!dots!labs/watermill@v1.4.6/message/decorator.go:52 +0x85
created by github.com/ThreeDotsLabs/watermill/message.(*messageTransformSubscriberDecorator).Subscribe in goroutine 54037
	/Users/jace/go/pkg/mod/github.com/!three!dots!labs/watermill@v1.4.6/message/decorator.go:51 +0xc7

goroutine 48066 [chan receive, 1 minutes]:
github.com/ThreeDotsLabs/watermill/message.(*messageTransformSubscriberDecorator).Subscribe.func1()
	/Users/jace/go/pkg/mod/github.com/!three!dots!labs/watermill@v1.4.6/message/decorator.go:52 +0x85
created by github.com/ThreeDotsLabs/watermill/message.(*messageTransformSubscriberDecorator).Subscribe in goroutine 47950
	/Users/jace/go/pkg/mod/github.com/!three!dots!labs/watermill@v1.4.6/message/decorator.go:51 +0xc7

goroutine 55389 [chan receive]:
github.com/ThreeDotsLabs/watermill/message.(*handler).run(0xc002c26410, {0x10a337fa0, 0xc001c7c050}, {0xc002d92840, 0x6, 0xc001e80f78?})
	/Users/jace/go/pkg/mod/github.com/!three!dots!labs/watermill@v1.4.6/message/router.go:645 +0x2b4
github.com/ThreeDotsLabs/watermill/message.(*Router).RunHandlers.func1()
	/Users/jace/go/pkg/mod/github.com/!three!dots!labs/watermill@v1.4.6/message/router.go:460 +0x145
created by github.com/ThreeDotsLabs/watermill/message.(*Router).RunHandlers in goroutine 55362
	/Users/jace/go/pkg/mod/github.com/!three!dots!labs/watermill@v1.4.6/message/router.go:453 +0x606

goroutine 49726 [select, 1 minutes]:
github.com/nats-io/nats.go/jetstream.(*pullConsumer).Messages.func2()
	/Users/jace/go/pkg/mod/github.com/nats-io/nats.go@v1.41.1/jetstream/pull.go:538 +0x68
created by github.com/nats-io/nats.go/jetstream.(*pullConsumer).Messages in goroutine 49230
	/Users/jace/go/pkg/mod/github.com/nats-io/nats.go@v1.41.1/jetstream/pull.go:536 +0x78a

goroutine 50637 [select, 1 minutes]:
github.com/nats-io/nats.go/jetstream.(*pullSubscription).Next(0xc001fc2870)
	/Users/jace/go/pkg/mod/github.com/nats-io/nats.go@v1.41.1/jetstream/pull.go:589 +0x285
github.com/Black-And-White-Club/frolf-bot-shared/eventbus.(*eventBus).Subscribe.func1()
	/Users/jace/Documents/GitHub/frolf-bot-shared/eventbus/eventbus.go:326 +0x169
created by github.com/Black-And-White-Club/frolf-bot-shared/eventbus.(*eventBus).Subscribe in goroutine 50717
	/Users/jace/Documents/GitHub/frolf-bot-shared/eventbus/eventbus.go:315 +0xbf1

goroutine 48284 [select, 1 minutes]:
github.com/nats-io/nats.go/jetstream.(*pullSubscription).pullMessages(0xc001b342d0, {0xc000254f50, 0x45})
	/Users/jace/go/pkg/mod/github.com/nats-io/nats.go@v1.41.1/jetstream/pull.go:955 +0x91
created by github.com/nats-io/nats.go/jetstream.(*pullConsumer).Messages in goroutine 47950
	/Users/jace/go/pkg/mod/github.com/nats-io/nats.go@v1.41.1/jetstream/pull.go:534 +0x748

goroutine 48001 [chan receive, 1 minutes]:
github.com/ThreeDotsLabs/watermill/message.(*messageTransformSubscriberDecorator).Subscribe.func1()
	/Users/jace/go/pkg/mod/github.com/!three!dots!labs/watermill@v1.4.6/message/decorator.go:52 +0x85
created by github.com/ThreeDotsLabs/watermill/message.(*messageTransformSubscriberDecorator).Subscribe in goroutine 47950
	/Users/jace/go/pkg/mod/github.com/!three!dots!labs/watermill@v1.4.6/message/decorator.go:51 +0xc7

goroutine 51221 [chan receive, 1 minutes]:
github.com/ThreeDotsLabs/watermill/message.(*handler).run(0xc00260c820, {0x10a337fa0, 0xc000c82910}, {0xc002921380, 0x6, 0x0?})
	/Users/jace/go/pkg/mod/github.com/!three!dots!labs/watermill@v1.4.6/message/router.go:645 +0x2b4
github.com/ThreeDotsLabs/watermill/message.(*Router).RunHandlers.func1()
	/Users/jace/go/pkg/mod/github.com/!three!dots!labs/watermill@v1.4.6/message/router.go:460 +0x145
created by github.com/ThreeDotsLabs/watermill/message.(*Router).RunHandlers in goroutine 50717
	/Users/jace/go/pkg/mod/github.com/!three!dots!labs/watermill@v1.4.6/message/router.go:453 +0x606

goroutine 49351 [chan receive, 1 minutes]:
github.com/ThreeDotsLabs/watermill/message.(*messageTransformSubscriberDecorator).Subscribe.func1()
	/Users/jace/go/pkg/mod/github.com/!three!dots!labs/watermill@v1.4.6/message/decorator.go:52 +0x85
created by github.com/ThreeDotsLabs/watermill/message.(*messageTransformSubscriberDecorator).Subscribe in goroutine 49230
	/Users/jace/go/pkg/mod/github.com/!three!dots!labs/watermill@v1.4.6/message/decorator.go:51 +0xc7

goroutine 46692 [chan receive, 1 minutes]:
github.com/ThreeDotsLabs/watermill/message.(*handler).run(0xc0024d20d0, {0x10a337fa0, 0xc0010b8d70}, {0xc0001fc540, 0x6, 0x0?})
	/Users/jace/go/pkg/mod/github.com/!three!dots!labs/watermill@v1.4.6/message/router.go:645 +0x2b4
github.com/ThreeDotsLabs/watermill/message.(*Router).RunHandlers.func1()
	/Users/jace/go/pkg/mod/github.com/!three!dots!labs/watermill@v1.4.6/message/router.go:460 +0x145
created by github.com/ThreeDotsLabs/watermill/message.(*Router).RunHandlers in goroutine 46222
	/Users/jace/go/pkg/mod/github.com/!three!dots!labs/watermill@v1.4.6/message/router.go:453 +0x606

goroutine 48033 [select, 1 minutes]:
github.com/nats-io/nats.go/jetstream.(*pullSubscription).Next(0xc001836d80)
	/Users/jace/go/pkg/mod/github.com/nats-io/nats.go@v1.41.1/jetstream/pull.go:589 +0x285
github.com/Black-And-White-Club/frolf-bot-shared/eventbus.(*eventBus).Subscribe.func1()
	/Users/jace/Documents/GitHub/frolf-bot-shared/eventbus/eventbus.go:326 +0x169
created by github.com/Black-And-White-Club/frolf-bot-shared/eventbus.(*eventBus).Subscribe in goroutine 47950
	/Users/jace/Documents/GitHub/frolf-bot-shared/eventbus/eventbus.go:315 +0xbf1

goroutine 48377 [select, 1 minutes]:
github.com/nats-io/nats.go/jetstream.(*pullSubscription).Next(0xc001aa47e0)
	/Users/jace/go/pkg/mod/github.com/nats-io/nats.go@v1.41.1/jetstream/pull.go:589 +0x285
github.com/Black-And-White-Club/frolf-bot-shared/eventbus.(*eventBus).Subscribe.func1()
	/Users/jace/Documents/GitHub/frolf-bot-shared/eventbus/eventbus.go:326 +0x169
created by github.com/Black-And-White-Club/frolf-bot-shared/eventbus.(*eventBus).Subscribe in goroutine 47950
	/Users/jace/Documents/GitHub/frolf-bot-shared/eventbus/eventbus.go:315 +0xbf1

goroutine 50822 [select, 1 minutes]:
github.com/nats-io/nats.go/jetstream.(*pullSubscription).pullMessages(0xc001836bd0, {0xc001eb9090, 0x45})
	/Users/jace/go/pkg/mod/github.com/nats-io/nats.go@v1.41.1/jetstream/pull.go:955 +0x91
created by github.com/nats-io/nats.go/jetstream.(*pullConsumer).Messages in goroutine 50717
	/Users/jace/go/pkg/mod/github.com/nats-io/nats.go@v1.41.1/jetstream/pull.go:534 +0x748

goroutine 48103 [select, 1 minutes]:
github.com/nats-io/nats.go/jetstream.(*pullConsumer).Messages.func2()
	/Users/jace/go/pkg/mod/github.com/nats-io/nats.go@v1.41.1/jetstream/pull.go:538 +0x68
created by github.com/nats-io/nats.go/jetstream.(*pullConsumer).Messages in goroutine 47950
	/Users/jace/go/pkg/mod/github.com/nats-io/nats.go@v1.41.1/jetstream/pull.go:536 +0x78a

goroutine 50723 [chan receive, 1 minutes]:
github.com/ThreeDotsLabs/watermill/message.(*handler).run(0xc00111f6c0, {0x10a337fa0, 0xc0000c5d60}, {0xc001e49440, 0x6, 0xc00184e778?})
	/Users/jace/go/pkg/mod/github.com/!three!dots!labs/watermill@v1.4.6/message/router.go:645 +0x2b4
github.com/ThreeDotsLabs/watermill/message.(*Router).RunHandlers.func1()
	/Users/jace/go/pkg/mod/github.com/!three!dots!labs/watermill@v1.4.6/message/router.go:460 +0x145
created by github.com/ThreeDotsLabs/watermill/message.(*Router).RunHandlers in goroutine 50717
	/Users/jace/go/pkg/mod/github.com/!three!dots!labs/watermill@v1.4.6/message/router.go:453 +0x606

goroutine 49256 [select, 1 minutes]:
github.com/nats-io/nats.go/jetstream.(*pullSubscription).pullMessages(0xc001aa4ab0, {0xc001a3c240, 0x58})
	/Users/jace/go/pkg/mod/github.com/nats-io/nats.go@v1.41.1/jetstream/pull.go:955 +0x91
created by github.com/nats-io/nats.go/jetstream.(*pullConsumer).Messages in goroutine 49230
	/Users/jace/go/pkg/mod/github.com/nats-io/nats.go@v1.41.1/jetstream/pull.go:534 +0x748

goroutine 46691 [chan receive, 1 minutes]:
github.com/ThreeDotsLabs/watermill/message.(*messageTransformSubscriberDecorator).Subscribe.func1()
	/Users/jace/go/pkg/mod/github.com/!three!dots!labs/watermill@v1.4.6/message/decorator.go:52 +0x85
created by github.com/ThreeDotsLabs/watermill/message.(*messageTransformSubscriberDecorator).Subscribe in goroutine 46222
	/Users/jace/go/pkg/mod/github.com/!three!dots!labs/watermill@v1.4.6/message/decorator.go:51 +0xc7

goroutine 49404 [chan receive, 1 minutes]:
github.com/ThreeDotsLabs/watermill/message.(*handler).run(0xc0026775f0, {0x10a337fa0, 0xc001e53040}, {0xc0026480c0, 0x6, 0xc001fd7f78?})
	/Users/jace/go/pkg/mod/github.com/!three!dots!labs/watermill@v1.4.6/message/router.go:645 +0x2b4
github.com/ThreeDotsLabs/watermill/message.(*Router).RunHandlers.func1()
	/Users/jace/go/pkg/mod/github.com/!three!dots!labs/watermill@v1.4.6/message/router.go:460 +0x145
created by github.com/ThreeDotsLabs/watermill/message.(*Router).RunHandlers in goroutine 49230
	/Users/jace/go/pkg/mod/github.com/!three!dots!labs/watermill@v1.4.6/message/router.go:453 +0x606

goroutine 46561 [select, 1 minutes]:
github.com/nats-io/nats.go/jetstream.(*pullConsumer).Messages.func2()
	/Users/jace/go/pkg/mod/github.com/nats-io/nats.go@v1.41.1/jetstream/pull.go:538 +0x68
created by github.com/nats-io/nats.go/jetstream.(*pullConsumer).Messages in goroutine 46222
	/Users/jace/go/pkg/mod/github.com/nats-io/nats.go@v1.41.1/jetstream/pull.go:536 +0x78a

goroutine 46690 [select, 1 minutes]:
github.com/nats-io/nats.go/jetstream.(*pullSubscription).Next(0xc00288d200)
	/Users/jace/go/pkg/mod/github.com/nats-io/nats.go@v1.41.1/jetstream/pull.go:589 +0x285
github.com/Black-And-White-Club/frolf-bot-shared/eventbus.(*eventBus).Subscribe.func1()
	/Users/jace/Documents/GitHub/frolf-bot-shared/eventbus/eventbus.go:326 +0x169
created by github.com/Black-And-White-Club/frolf-bot-shared/eventbus.(*eventBus).Subscribe in goroutine 46222
	/Users/jace/Documents/GitHub/frolf-bot-shared/eventbus/eventbus.go:315 +0xbf1

goroutine 52703 [chan receive]:
github.com/ThreeDotsLabs/watermill/message.(*handler).run(0xc001d67a00, {0x10a337fa0, 0xc000227d60}, {0xc0012d0180, 0x6, 0x0?})
	/Users/jace/go/pkg/mod/github.com/!three!dots!labs/watermill@v1.4.6/message/router.go:645 +0x2b4
github.com/ThreeDotsLabs/watermill/message.(*Router).RunHandlers.func1()
	/Users/jace/go/pkg/mod/github.com/!three!dots!labs/watermill@v1.4.6/message/router.go:460 +0x145
created by github.com/ThreeDotsLabs/watermill/message.(*Router).RunHandlers in goroutine 52535
	/Users/jace/go/pkg/mod/github.com/!three!dots!labs/watermill@v1.4.6/message/router.go:453 +0x606

goroutine 46555 [select, 1 minutes]:
github.com/nats-io/nats.go/jetstream.(*pullSubscription).pullMessages(0xc00288cd80, {0xc000754550, 0x4e})
	/Users/jace/go/pkg/mod/github.com/nats-io/nats.go@v1.41.1/jetstream/pull.go:955 +0x91
created by github.com/nats-io/nats.go/jetstream.(*pullConsumer).Messages in goroutine 46222
	/Users/jace/go/pkg/mod/github.com/nats-io/nats.go@v1.41.1/jetstream/pull.go:534 +0x748

goroutine 46556 [select, 1 minutes]:
github.com/nats-io/nats.go/jetstream.(*pullConsumer).Messages.func2()
	/Users/jace/go/pkg/mod/github.com/nats-io/nats.go@v1.41.1/jetstream/pull.go:538 +0x68
created by github.com/nats-io/nats.go/jetstream.(*pullConsumer).Messages in goroutine 46222
	/Users/jace/go/pkg/mod/github.com/nats-io/nats.go@v1.41.1/jetstream/pull.go:536 +0x78a

goroutine 46557 [select, 1 minutes]:
github.com/nats-io/nats.go/jetstream.(*pullSubscription).Next(0xc00288cd80)
	/Users/jace/go/pkg/mod/github.com/nats-io/nats.go@v1.41.1/jetstream/pull.go:589 +0x285
github.com/Black-And-White-Club/frolf-bot-shared/eventbus.(*eventBus).Subscribe.func1()
	/Users/jace/Documents/GitHub/frolf-bot-shared/eventbus/eventbus.go:326 +0x169
created by github.com/Black-And-White-Club/frolf-bot-shared/eventbus.(*eventBus).Subscribe in goroutine 46222
	/Users/jace/Documents/GitHub/frolf-bot-shared/eventbus/eventbus.go:315 +0xbf1

goroutine 46558 [chan receive, 1 minutes]:
github.com/ThreeDotsLabs/watermill/message.(*messageTransformSubscriberDecorator).Subscribe.func1()
	/Users/jace/go/pkg/mod/github.com/!three!dots!labs/watermill@v1.4.6/message/decorator.go:52 +0x85
created by github.com/ThreeDotsLabs/watermill/message.(*messageTransformSubscriberDecorator).Subscribe in goroutine 46222
	/Users/jace/go/pkg/mod/github.com/!three!dots!labs/watermill@v1.4.6/message/decorator.go:51 +0xc7

goroutine 46559 [chan receive, 1 minutes]:
github.com/ThreeDotsLabs/watermill/message.(*handler).run(0xc001e8fad0, {0x10a337fa0, 0xc000227ae0}, {0xc00082e0c0, 0x6, 0x0?})
	/Users/jace/go/pkg/mod/github.com/!three!dots!labs/watermill@v1.4.6/message/router.go:645 +0x2b4
github.com/ThreeDotsLabs/watermill/message.(*Router).RunHandlers.func1()
	/Users/jace/go/pkg/mod/github.com/!three!dots!labs/watermill@v1.4.6/message/router.go:460 +0x145
created by github.com/ThreeDotsLabs/watermill/message.(*Router).RunHandlers in goroutine 46222
	/Users/jace/go/pkg/mod/github.com/!three!dots!labs/watermill@v1.4.6/message/router.go:453 +0x606

goroutine 47952 [sync.WaitGroup.Wait, 1 minutes]:
sync.runtime_SemacquireWaitGroup(0xc0017caf00?)
	/usr/local/Cellar/go/1.24.2/libexec/src/runtime/sema.go:110 +0x25
sync.(*WaitGroup).Wait(0x1?)
	/usr/local/Cellar/go/1.24.2/libexec/src/sync/waitgroup.go:118 +0x48
github.com/ThreeDotsLabs/watermill/message.(*Router).watchAllHandlersStopped.func1()
	/Users/jace/go/pkg/mod/github.com/!three!dots!labs/watermill@v1.4.6/message/router.go:498 +0x86
created by github.com/ThreeDotsLabs/watermill/message.(*Router).watchAllHandlersStopped in goroutine 47950
	/Users/jace/go/pkg/mod/github.com/!three!dots!labs/watermill@v1.4.6/message/router.go:484 +0xec

goroutine 62182 [select]:
github.com/nats-io/nats%2ego.(*Conn).doReconnect(0xc002ff4008, {0x10a327f28, 0x10acedb30}, 0x0)
	/Users/jace/go/pkg/mod/github.com/nats-io/nats.go@v1.41.1/nats.go:2907 +0x41a
created by github.com/nats-io/nats%2ego.(*Conn).processOpErr in goroutine 61510
	/Users/jace/go/pkg/mod/github.com/nats-io/nats.go@v1.41.1/nats.go:3043 +0x2f3

goroutine 60006 [select]:
github.com/nats-io/nats.go/jetstream.(*pullSubscription).pullMessages(0xc000677d40, {0xc00179ae10, 0x45})
	/Users/jace/go/pkg/mod/github.com/nats-io/nats.go@v1.41.1/jetstream/pull.go:955 +0x91
created by github.com/nats-io/nats.go/jetstream.(*pullConsumer).Messages in goroutine 59782
	/Users/jace/go/pkg/mod/github.com/nats-io/nats.go@v1.41.1/jetstream/pull.go:534 +0x748

goroutine 49285 [chan receive, 1 minutes]:
github.com/ThreeDotsLabs/watermill/message.(*handler).run(0xc002677790, {0x10a337fa0, 0xc0009943c0}, {0xc0001fc180, 0x6, 0x4?})
	/Users/jace/go/pkg/mod/github.com/!three!dots!labs/watermill@v1.4.6/message/router.go:645 +0x2b4
github.com/ThreeDotsLabs/watermill/message.(*Router).RunHandlers.func1()
	/Users/jace/go/pkg/mod/github.com/!three!dots!labs/watermill@v1.4.6/message/router.go:460 +0x145
created by github.com/ThreeDotsLabs/watermill/message.(*Router).RunHandlers in goroutine 49230
	/Users/jace/go/pkg/mod/github.com/!three!dots!labs/watermill@v1.4.6/message/router.go:453 +0x606

goroutine 48248 [chan receive, 1 minutes]:
github.com/ThreeDotsLabs/watermill/message.(*messageTransformSubscriberDecorator).Subscribe.func1()
	/Users/jace/go/pkg/mod/github.com/!three!dots!labs/watermill@v1.4.6/message/decorator.go:52 +0x85
created by github.com/ThreeDotsLabs/watermill/message.(*messageTransformSubscriberDecorator).Subscribe in goroutine 47950
	/Users/jace/go/pkg/mod/github.com/!three!dots!labs/watermill@v1.4.6/message/decorator.go:51 +0xc7

goroutine 53064 [select]:
github.com/nats-io/nats%2ego.(*Conn).doReconnect(0xc0024cf508, {0x10a327f28, 0x10acedb30}, 0x0)
	/Users/jace/go/pkg/mod/github.com/nats-io/nats.go@v1.41.1/nats.go:2907 +0x41a
created by github.com/nats-io/nats%2ego.(*Conn).processOpErr in goroutine 52393
	/Users/jace/go/pkg/mod/github.com/nats-io/nats.go@v1.41.1/nats.go:3043 +0x2f3

goroutine 63162 [select]:
github.com/nats-io/nats.go/jetstream.(*pullSubscription).Next(0xc0011a5680)
	/Users/jace/go/pkg/mod/github.com/nats-io/nats.go@v1.41.1/jetstream/pull.go:589 +0x285
github.com/Black-And-White-Club/frolf-bot-shared/eventbus.(*eventBus).Subscribe.func1()
	/Users/jace/Documents/GitHub/frolf-bot-shared/eventbus/eventbus.go:326 +0x169
created by github.com/Black-And-White-Club/frolf-bot-shared/eventbus.(*eventBus).Subscribe in goroutine 63116
	/Users/jace/Documents/GitHub/frolf-bot-shared/eventbus/eventbus.go:315 +0xbf1

goroutine 48105 [chan receive, 1 minutes]:
github.com/ThreeDotsLabs/watermill/message.(*messageTransformSubscriberDecorator).Subscribe.func1()
	/Users/jace/go/pkg/mod/github.com/!three!dots!labs/watermill@v1.4.6/message/decorator.go:52 +0x85
created by github.com/ThreeDotsLabs/watermill/message.(*messageTransformSubscriberDecorator).Subscribe in goroutine 47950
	/Users/jace/go/pkg/mod/github.com/!three!dots!labs/watermill@v1.4.6/message/decorator.go:51 +0xc7

goroutine 56333 [select]:
github.com/nats-io/nats%2ego.(*Conn).doReconnect(0xc00269e008, {0x10a327f28, 0x10acedb30}, 0x0)
	/Users/jace/go/pkg/mod/github.com/nats-io/nats.go@v1.41.1/nats.go:2907 +0x41a
created by github.com/nats-io/nats%2ego.(*Conn).processOpErr in goroutine 55260
	/Users/jace/go/pkg/mod/github.com/nats-io/nats.go@v1.41.1/nats.go:3043 +0x2f3

goroutine 55278 [sync.Cond.Wait]:
sync.runtime_notifyListWait(0xc0016c11d0, 0x0)
	/usr/local/Cellar/go/1.24.2/libexec/src/runtime/sema.go:597 +0x159
sync.(*Cond).Wait(0x10a338010?)
	/usr/local/Cellar/go/1.24.2/libexec/src/sync/cond.go:71 +0x85
github.com/nats-io/nats%2ego.(*asyncCallbacksHandler).asyncCBDispatcher(0xc001281440)
	/Users/jace/go/pkg/mod/github.com/nats-io/nats.go@v1.41.1/nats.go:3059 +0xdd
created by github.com/nats-io/nats%2ego.Options.Connect in goroutine 54610
	/Users/jace/go/pkg/mod/github.com/nats-io/nats.go@v1.41.1/nats.go:1635 +0x387

goroutine 51500 [select]:
github.com/nats-io/nats.go/jetstream.(*pullSubscription).pullMessages(0xc000c32510, {0xc0005e8690, 0x45})
	/Users/jace/go/pkg/mod/github.com/nats-io/nats.go@v1.41.1/jetstream/pull.go:955 +0x91
created by github.com/nats-io/nats.go/jetstream.(*pullConsumer).Messages in goroutine 52535
	/Users/jace/go/pkg/mod/github.com/nats-io/nats.go@v1.41.1/jetstream/pull.go:534 +0x748

goroutine 58701 [select]:
github.com/nats-io/nats.go/jetstream.(*pullSubscription).pullMessages(0xc001c90c60, {0xc0007d72c0, 0x48})
	/Users/jace/go/pkg/mod/github.com/nats-io/nats.go@v1.41.1/jetstream/pull.go:955 +0x91
created by github.com/nats-io/nats.go/jetstream.(*pullConsumer).Messages in goroutine 58544
	/Users/jace/go/pkg/mod/github.com/nats-io/nats.go@v1.41.1/jetstream/pull.go:534 +0x748

goroutine 52773 [chan receive]:
github.com/ThreeDotsLabs/watermill/message.(*messageTransformSubscriberDecorator).Subscribe.func1()
	/Users/jace/go/pkg/mod/github.com/!three!dots!labs/watermill@v1.4.6/message/decorator.go:52 +0x85
created by github.com/ThreeDotsLabs/watermill/message.(*messageTransformSubscriberDecorator).Subscribe in goroutine 52535
	/Users/jace/go/pkg/mod/github.com/!three!dots!labs/watermill@v1.4.6/message/decorator.go:51 +0xc7

goroutine 48159 [select, 1 minutes]:
github.com/nats-io/nats.go/jetstream.(*pullConsumer).Messages.func2()
	/Users/jace/go/pkg/mod/github.com/nats-io/nats.go@v1.41.1/jetstream/pull.go:538 +0x68
created by github.com/nats-io/nats.go/jetstream.(*pullConsumer).Messages in goroutine 47950
	/Users/jace/go/pkg/mod/github.com/nats-io/nats.go@v1.41.1/jetstream/pull.go:536 +0x78a

goroutine 50635 [select, 1 minutes]:
github.com/nats-io/nats.go/jetstream.(*pullSubscription).pullMessages(0xc001fc2870, {0xc0007555e0, 0x4b})
	/Users/jace/go/pkg/mod/github.com/nats-io/nats.go@v1.41.1/jetstream/pull.go:955 +0x91
created by github.com/nats-io/nats.go/jetstream.(*pullConsumer).Messages in goroutine 50717
	/Users/jace/go/pkg/mod/github.com/nats-io/nats.go@v1.41.1/jetstream/pull.go:534 +0x748

goroutine 49658 [chan receive, 1 minutes]:
github.com/ThreeDotsLabs/watermill/message.(*messageTransformSubscriberDecorator).Subscribe.func1()
	/Users/jace/go/pkg/mod/github.com/!three!dots!labs/watermill@v1.4.6/message/decorator.go:52 +0x85
created by github.com/ThreeDotsLabs/watermill/message.(*messageTransformSubscriberDecorator).Subscribe in goroutine 49230
	/Users/jace/go/pkg/mod/github.com/!three!dots!labs/watermill@v1.4.6/message/decorator.go:51 +0xc7

goroutine 48333 [chan receive, 1 minutes]:
github.com/ThreeDotsLabs/watermill/message.(*handler).run(0xc0026776c0, {0x10a337fa0, 0xc001e52140}, {0xc002920000, 0x6, 0x1000000010000?})
	/Users/jace/go/pkg/mod/github.com/!three!dots!labs/watermill@v1.4.6/message/router.go:645 +0x2b4
github.com/ThreeDotsLabs/watermill/message.(*Router).RunHandlers.func1()
	/Users/jace/go/pkg/mod/github.com/!three!dots!labs/watermill@v1.4.6/message/router.go:460 +0x145
created by github.com/ThreeDotsLabs/watermill/message.(*Router).RunHandlers in goroutine 49230
	/Users/jace/go/pkg/mod/github.com/!three!dots!labs/watermill@v1.4.6/message/router.go:453 +0x606

goroutine 50636 [select, 1 minutes]:
github.com/nats-io/nats.go/jetstream.(*pullConsumer).Messages.func2()
	/Users/jace/go/pkg/mod/github.com/nats-io/nats.go@v1.41.1/jetstream/pull.go:538 +0x68
created by github.com/nats-io/nats.go/jetstream.(*pullConsumer).Messages in goroutine 50717
	/Users/jace/go/pkg/mod/github.com/nats-io/nats.go@v1.41.1/jetstream/pull.go:536 +0x78a

goroutine 48286 [select, 1 minutes]:
github.com/nats-io/nats.go/jetstream.(*pullSubscription).Next(0xc001b342d0)
	/Users/jace/go/pkg/mod/github.com/nats-io/nats.go@v1.41.1/jetstream/pull.go:589 +0x285
github.com/Black-And-White-Club/frolf-bot-shared/eventbus.(*eventBus).Subscribe.func1()
	/Users/jace/Documents/GitHub/frolf-bot-shared/eventbus/eventbus.go:326 +0x169
created by github.com/Black-And-White-Club/frolf-bot-shared/eventbus.(*eventBus).Subscribe in goroutine 47950
	/Users/jace/Documents/GitHub/frolf-bot-shared/eventbus/eventbus.go:315 +0xbf1

goroutine 54406 [chan receive]:
github.com/ThreeDotsLabs/watermill/message.(*messageTransformSubscriberDecorator).Subscribe.func1()
	/Users/jace/go/pkg/mod/github.com/!three!dots!labs/watermill@v1.4.6/message/decorator.go:52 +0x85
created by github.com/ThreeDotsLabs/watermill/message.(*messageTransformSubscriberDecorator).Subscribe in goroutine 54037
	/Users/jace/go/pkg/mod/github.com/!three!dots!labs/watermill@v1.4.6/message/decorator.go:51 +0xc7

goroutine 48150 [chan receive, 1 minutes]:
github.com/ThreeDotsLabs/watermill/message.(*handler).run(0xc001312b60, {0x10a337fa0, 0xc0000ea1e0}, {0xc000742780, 0x6, 0x10955daec?})
	/Users/jace/go/pkg/mod/github.com/!three!dots!labs/watermill@v1.4.6/message/router.go:645 +0x2b4
github.com/ThreeDotsLabs/watermill/message.(*Router).RunHandlers.func1()
	/Users/jace/go/pkg/mod/github.com/!three!dots!labs/watermill@v1.4.6/message/router.go:460 +0x145
created by github.com/ThreeDotsLabs/watermill/message.(*Router).RunHandlers in goroutine 47950
	/Users/jace/go/pkg/mod/github.com/!three!dots!labs/watermill@v1.4.6/message/router.go:453 +0x606

goroutine 54309 [chan receive]:
github.com/ThreeDotsLabs/watermill/message.(*handler).run(0xc002548b60, {0x10a337fa0, 0xc001fac370}, {0xc002252e40, 0x6, 0x0?})
	/Users/jace/go/pkg/mod/github.com/!three!dots!labs/watermill@v1.4.6/message/router.go:645 +0x2b4
github.com/ThreeDotsLabs/watermill/message.(*Router).RunHandlers.func1()
	/Users/jace/go/pkg/mod/github.com/!three!dots!labs/watermill@v1.4.6/message/router.go:460 +0x145
created by github.com/ThreeDotsLabs/watermill/message.(*Router).RunHandlers in goroutine 54037
	/Users/jace/go/pkg/mod/github.com/!three!dots!labs/watermill@v1.4.6/message/router.go:453 +0x606

goroutine 48102 [select, 1 minutes]:
github.com/nats-io/nats.go/jetstream.(*pullSubscription).pullMessages(0xc00083da70, {0xc0005e8b40, 0x4b})
	/Users/jace/go/pkg/mod/github.com/nats-io/nats.go@v1.41.1/jetstream/pull.go:955 +0x91
created by github.com/nats-io/nats.go/jetstream.(*pullConsumer).Messages in goroutine 47950
	/Users/jace/go/pkg/mod/github.com/nats-io/nats.go@v1.41.1/jetstream/pull.go:534 +0x748

goroutine 58445 [sync.Cond.Wait]:
sync.runtime_notifyListWait(0xc00083a310, 0x0)
	/usr/local/Cellar/go/1.24.2/libexec/src/runtime/sema.go:597 +0x159
sync.(*Cond).Wait(0x0?)
	/usr/local/Cellar/go/1.24.2/libexec/src/sync/cond.go:71 +0x85
github.com/nats-io/nats%2ego.(*asyncCallbacksHandler).asyncCBDispatcher(0xc002b94360)
	/Users/jace/go/pkg/mod/github.com/nats-io/nats.go@v1.41.1/nats.go:3059 +0xdd
created by github.com/nats-io/nats%2ego.Options.Connect in goroutine 57649
	/Users/jace/go/pkg/mod/github.com/nats-io/nats.go@v1.41.1/nats.go:1635 +0x387

goroutine 49528 [select, 1 minutes]:
github.com/nats-io/nats.go/jetstream.(*pullSubscription).pullMessages(0xc00288c7e0, {0xc001a3c900, 0x55})
	/Users/jace/go/pkg/mod/github.com/nats-io/nats.go@v1.41.1/jetstream/pull.go:955 +0x91
created by github.com/nats-io/nats.go/jetstream.(*pullConsumer).Messages in goroutine 49230
	/Users/jace/go/pkg/mod/github.com/nats-io/nats.go@v1.41.1/jetstream/pull.go:534 +0x748

goroutine 48338 [select, 1 minutes]:
github.com/nats-io/nats.go/jetstream.(*pullConsumer).Messages.func2()
	/Users/jace/go/pkg/mod/github.com/nats-io/nats.go@v1.41.1/jetstream/pull.go:538 +0x68
created by github.com/nats-io/nats.go/jetstream.(*pullConsumer).Messages in goroutine 47950
	/Users/jace/go/pkg/mod/github.com/nats-io/nats.go@v1.41.1/jetstream/pull.go:536 +0x78a

goroutine 48044 [select, 1 minutes]:
github.com/nats-io/nats.go/jetstream.(*pullSubscription).Next(0xc00083c510)
	/Users/jace/go/pkg/mod/github.com/nats-io/nats.go@v1.41.1/jetstream/pull.go:589 +0x285
github.com/Black-And-White-Club/frolf-bot-shared/eventbus.(*eventBus).Subscribe.func1()
	/Users/jace/Documents/GitHub/frolf-bot-shared/eventbus/eventbus.go:326 +0x169
created by github.com/Black-And-White-Club/frolf-bot-shared/eventbus.(*eventBus).Subscribe in goroutine 47950
	/Users/jace/Documents/GitHub/frolf-bot-shared/eventbus/eventbus.go:315 +0xbf1

goroutine 47095 [sync.WaitGroup.Wait, 1 minutes]:
sync.runtime_SemacquireWaitGroup(0xc000fb19d0?)
	/usr/local/Cellar/go/1.24.2/libexec/src/runtime/sema.go:110 +0x25
sync.(*WaitGroup).Wait(0xc002a48740?)
	/usr/local/Cellar/go/1.24.2/libexec/src/sync/waitgroup.go:118 +0x48
github.com/ThreeDotsLabs/watermill/message.(*Router).waitForHandlers.func1()
	/Users/jace/go/pkg/mod/github.com/!three!dots!labs/watermill@v1.4.6/message/router.go:579 +0x4b
created by github.com/ThreeDotsLabs/watermill/message.(*Router).waitForHandlers in goroutine 45508
	/Users/jace/go/pkg/mod/github.com/!three!dots!labs/watermill@v1.4.6/message/router.go:577 +0x87

goroutine 51052 [chan receive, 1 minutes]:
github.com/ThreeDotsLabs/watermill/message.(*handler).run(0xc00260cdd0, {0x10a337fa0, 0xc000367d60}, {0xc002921080, 0x6, 0x0?})
	/Users/jace/go/pkg/mod/github.com/!three!dots!labs/watermill@v1.4.6/message/router.go:645 +0x2b4
github.com/ThreeDotsLabs/watermill/message.(*Router).RunHandlers.func1()
	/Users/jace/go/pkg/mod/github.com/!three!dots!labs/watermill@v1.4.6/message/router.go:460 +0x145
created by github.com/ThreeDotsLabs/watermill/message.(*Router).RunHandlers in goroutine 50717
	/Users/jace/go/pkg/mod/github.com/!three!dots!labs/watermill@v1.4.6/message/router.go:453 +0x606

goroutine 57338 [select]:
github.com/nats-io/nats.go/jetstream.(*pullSubscription).pullMessages(0xc0010d47e0, {0xc00004ecd0, 0x48})
	/Users/jace/go/pkg/mod/github.com/nats-io/nats.go@v1.41.1/jetstream/pull.go:955 +0x91
created by github.com/nats-io/nats.go/jetstream.(*pullConsumer).Messages in goroutine 57220
	/Users/jace/go/pkg/mod/github.com/nats-io/nats.go@v1.41.1/jetstream/pull.go:534 +0x748

goroutine 49725 [select, 1 minutes]:
github.com/nats-io/nats.go/jetstream.(*pullSubscription).pullMessages(0xc002846c60, {0xc0007545f0, 0x45})
	/Users/jace/go/pkg/mod/github.com/nats-io/nats.go@v1.41.1/jetstream/pull.go:955 +0x91
created by github.com/nats-io/nats.go/jetstream.(*pullConsumer).Messages in goroutine 49230
	/Users/jace/go/pkg/mod/github.com/nats-io/nats.go@v1.41.1/jetstream/pull.go:534 +0x748

goroutine 48288 [chan receive, 1 minutes]:
github.com/ThreeDotsLabs/watermill/message.(*handler).run(0xc0013136c0, {0x10a337fa0, 0xc001b625a0}, {0xc0026026c0, 0x6, 0xc001751f78?})
	/Users/jace/go/pkg/mod/github.com/!three!dots!labs/watermill@v1.4.6/message/router.go:645 +0x2b4
github.com/ThreeDotsLabs/watermill/message.(*Router).RunHandlers.func1()
	/Users/jace/go/pkg/mod/github.com/!three!dots!labs/watermill@v1.4.6/message/router.go:460 +0x145
created by github.com/ThreeDotsLabs/watermill/message.(*Router).RunHandlers in goroutine 47950
	/Users/jace/go/pkg/mod/github.com/!three!dots!labs/watermill@v1.4.6/message/router.go:453 +0x606

goroutine 55433 [select]:
github.com/nats-io/nats.go/jetstream.(*pullSubscription).Next(0xc0019b7b90)
	/Users/jace/go/pkg/mod/github.com/nats-io/nats.go@v1.41.1/jetstream/pull.go:589 +0x285
github.com/Black-And-White-Club/frolf-bot-shared/eventbus.(*eventBus).Subscribe.func1()
	/Users/jace/Documents/GitHub/frolf-bot-shared/eventbus/eventbus.go:326 +0x169
created by github.com/Black-And-White-Club/frolf-bot-shared/eventbus.(*eventBus).Subscribe in goroutine 55362
	/Users/jace/Documents/GitHub/frolf-bot-shared/eventbus/eventbus.go:315 +0xbf1

goroutine 52808 [chan receive]:
github.com/ThreeDotsLabs/watermill/message.(*handler).run(0xc001d66c30, {0x10a337fa0, 0xc001d6a6e0}, {0xc0005f98c0, 0x6, 0x0?})
	/Users/jace/go/pkg/mod/github.com/!three!dots!labs/watermill@v1.4.6/message/router.go:645 +0x2b4
github.com/ThreeDotsLabs/watermill/message.(*Router).RunHandlers.func1()
	/Users/jace/go/pkg/mod/github.com/!three!dots!labs/watermill@v1.4.6/message/router.go:460 +0x145
created by github.com/ThreeDotsLabs/watermill/message.(*Router).RunHandlers in goroutine 52535
	/Users/jace/go/pkg/mod/github.com/!three!dots!labs/watermill@v1.4.6/message/router.go:453 +0x606

goroutine 49179 [sync.Cond.Wait, 1 minutes]:
sync.runtime_notifyListWait(0xc002856090, 0x3f)
	/usr/local/Cellar/go/1.24.2/libexec/src/runtime/sema.go:597 +0x159
sync.(*Cond).Wait(0xc0027d4a70?)
	/usr/local/Cellar/go/1.24.2/libexec/src/sync/cond.go:71 +0x85
github.com/nats-io/nats%2ego.(*Conn).waitForMsgs(0xc0025caa08, 0xc0018f02d0)
	/Users/jace/go/pkg/mod/github.com/nats-io/nats.go@v1.41.1/nats.go:3178 +0xc5
created by github.com/nats-io/nats%2ego.(*Conn).subscribeLocked in goroutine 48461
	/Users/jace/go/pkg/mod/github.com/nats-io/nats.go@v1.41.1/nats.go:4468 +0x419

goroutine 48195 [chan receive, 1 minutes]:
github.com/ThreeDotsLabs/watermill/message.(*messageTransformSubscriberDecorator).Subscribe.func1()
	/Users/jace/go/pkg/mod/github.com/!three!dots!labs/watermill@v1.4.6/message/decorator.go:52 +0x85
created by github.com/ThreeDotsLabs/watermill/message.(*messageTransformSubscriberDecorator).Subscribe in goroutine 47950
	/Users/jace/go/pkg/mod/github.com/!three!dots!labs/watermill@v1.4.6/message/decorator.go:51 +0xc7

goroutine 48287 [chan receive, 1 minutes]:
github.com/ThreeDotsLabs/watermill/message.(*messageTransformSubscriberDecorator).Subscribe.func1()
	/Users/jace/go/pkg/mod/github.com/!three!dots!labs/watermill@v1.4.6/message/decorator.go:52 +0x85
created by github.com/ThreeDotsLabs/watermill/message.(*messageTransformSubscriberDecorator).Subscribe in goroutine 47950
	/Users/jace/go/pkg/mod/github.com/!three!dots!labs/watermill@v1.4.6/message/decorator.go:51 +0xc7

goroutine 48290 [select, 1 minutes]:
github.com/nats-io/nats.go/jetstream.(*pullConsumer).Messages.func2()
	/Users/jace/go/pkg/mod/github.com/nats-io/nats.go@v1.41.1/jetstream/pull.go:538 +0x68
created by github.com/nats-io/nats.go/jetstream.(*pullConsumer).Messages in goroutine 47950
	/Users/jace/go/pkg/mod/github.com/nats-io/nats.go@v1.41.1/jetstream/pull.go:536 +0x78a

goroutine 50969 [select, 1 minutes]:
github.com/nats-io/nats.go/jetstream.(*pullSubscription).pullMessages(0xc001ba8870, {0xc00017ec80, 0x47})
	/Users/jace/go/pkg/mod/github.com/nats-io/nats.go@v1.41.1/jetstream/pull.go:955 +0x91
created by github.com/nats-io/nats.go/jetstream.(*pullConsumer).Messages in goroutine 50717
	/Users/jace/go/pkg/mod/github.com/nats-io/nats.go@v1.41.1/jetstream/pull.go:534 +0x748

goroutine 48136 [select, 1 minutes]:
github.com/nats-io/nats.go/jetstream.(*pullConsumer).Messages.func2()
	/Users/jace/go/pkg/mod/github.com/nats-io/nats.go@v1.41.1/jetstream/pull.go:538 +0x68
created by github.com/nats-io/nats.go/jetstream.(*pullConsumer).Messages in goroutine 47950
	/Users/jace/go/pkg/mod/github.com/nats-io/nats.go@v1.41.1/jetstream/pull.go:536 +0x78a

goroutine 52774 [chan receive]:
github.com/ThreeDotsLabs/watermill/message.(*handler).run(0xc001d66410, {0x10a337fa0, 0xc001bdb220}, {0xc00124e480, 0x6, 0xc002768f78?})
	/Users/jace/go/pkg/mod/github.com/!three!dots!labs/watermill@v1.4.6/message/router.go:645 +0x2b4
github.com/ThreeDotsLabs/watermill/message.(*Router).RunHandlers.func1()
	/Users/jace/go/pkg/mod/github.com/!three!dots!labs/watermill@v1.4.6/message/router.go:460 +0x145
created by github.com/ThreeDotsLabs/watermill/message.(*Router).RunHandlers in goroutine 52535
	/Users/jace/go/pkg/mod/github.com/!three!dots!labs/watermill@v1.4.6/message/router.go:453 +0x606

goroutine 51504 [chan receive]:
github.com/ThreeDotsLabs/watermill/message.(*handler).run(0xc001d665b0, {0x10a337fa0, 0xc002ce3540}, {0xc00124e0c0, 0x6, 0x4?})
	/Users/jace/go/pkg/mod/github.com/!three!dots!labs/watermill@v1.4.6/message/router.go:645 +0x2b4
github.com/ThreeDotsLabs/watermill/message.(*Router).RunHandlers.func1()
	/Users/jace/go/pkg/mod/github.com/!three!dots!labs/watermill@v1.4.6/message/router.go:460 +0x145
created by github.com/ThreeDotsLabs/watermill/message.(*Router).RunHandlers in goroutine 52535
	/Users/jace/go/pkg/mod/github.com/!three!dots!labs/watermill@v1.4.6/message/router.go:453 +0x606

goroutine 48084 [chan receive, 1 minutes]:
github.com/ThreeDotsLabs/watermill/message.(*handler).run(0xc001313450, {0x10a337fa0, 0xc0026d12c0}, {0xc00196cb40, 0x6, 0xc001cf7f78?})
	/Users/jace/go/pkg/mod/github.com/!three!dots!labs/watermill@v1.4.6/message/router.go:645 +0x2b4
github.com/ThreeDotsLabs/watermill/message.(*Router).RunHandlers.func1()
	/Users/jace/go/pkg/mod/github.com/!three!dots!labs/watermill@v1.4.6/message/router.go:460 +0x145
created by github.com/ThreeDotsLabs/watermill/message.(*Router).RunHandlers in goroutine 47950
	/Users/jace/go/pkg/mod/github.com/!three!dots!labs/watermill@v1.4.6/message/router.go:453 +0x606

goroutine 53965 [select]:
github.com/nats-io/nats.go/jetstream.(*pullConsumer).Messages.func2()
	/Users/jace/go/pkg/mod/github.com/nats-io/nats.go@v1.41.1/jetstream/pull.go:538 +0x68
created by github.com/nats-io/nats.go/jetstream.(*pullConsumer).Messages in goroutine 54037
	/Users/jace/go/pkg/mod/github.com/nats-io/nats.go@v1.41.1/jetstream/pull.go:536 +0x78a

goroutine 48000 [select, 1 minutes]:
github.com/nats-io/nats.go/jetstream.(*pullSubscription).Next(0xc0009d9050)
	/Users/jace/go/pkg/mod/github.com/nats-io/nats.go@v1.41.1/jetstream/pull.go:589 +0x285
github.com/Black-And-White-Club/frolf-bot-shared/eventbus.(*eventBus).Subscribe.func1()
	/Users/jace/Documents/GitHub/frolf-bot-shared/eventbus/eventbus.go:326 +0x169
created by github.com/Black-And-White-Club/frolf-bot-shared/eventbus.(*eventBus).Subscribe in goroutine 47950
	/Users/jace/Documents/GitHub/frolf-bot-shared/eventbus/eventbus.go:315 +0xbf1

goroutine 49542 [chan receive, 1 minutes]:
github.com/ThreeDotsLabs/watermill/message.(*messageTransformSubscriberDecorator).Subscribe.func1()
	/Users/jace/go/pkg/mod/github.com/!three!dots!labs/watermill@v1.4.6/message/decorator.go:52 +0x85
created by github.com/ThreeDotsLabs/watermill/message.(*messageTransformSubscriberDecorator).Subscribe in goroutine 49230
	/Users/jace/go/pkg/mod/github.com/!three!dots!labs/watermill@v1.4.6/message/decorator.go:51 +0xc7

goroutine 49352 [chan receive, 1 minutes]:
github.com/ThreeDotsLabs/watermill/message.(*handler).run(0xc0029580d0, {0x10a337fa0, 0xc001e526e0}, {0xc002920180, 0x6, 0xc0021e1770?})
	/Users/jace/go/pkg/mod/github.com/!three!dots!labs/watermill@v1.4.6/message/router.go:645 +0x2b4
github.com/ThreeDotsLabs/watermill/message.(*Router).RunHandlers.func1()
	/Users/jace/go/pkg/mod/github.com/!three!dots!labs/watermill@v1.4.6/message/router.go:460 +0x145
created by github.com/ThreeDotsLabs/watermill/message.(*Router).RunHandlers in goroutine 49230
	/Users/jace/go/pkg/mod/github.com/!three!dots!labs/watermill@v1.4.6/message/router.go:453 +0x606

goroutine 58707 [select]:
github.com/nats-io/nats.go/jetstream.(*pullSubscription).Next(0xc0019b63f0)
	/Users/jace/go/pkg/mod/github.com/nats-io/nats.go@v1.41.1/jetstream/pull.go:589 +0x285
github.com/Black-And-White-Club/frolf-bot-shared/eventbus.(*eventBus).Subscribe.func1()
	/Users/jace/Documents/GitHub/frolf-bot-shared/eventbus/eventbus.go:326 +0x169
created by github.com/Black-And-White-Club/frolf-bot-shared/eventbus.(*eventBus).Subscribe in goroutine 58544
	/Users/jace/Documents/GitHub/frolf-bot-shared/eventbus/eventbus.go:315 +0xbf1

goroutine 49432 [select, 1 minutes]:
github.com/nats-io/nats.go/jetstream.(*pullSubscription).Next(0xc0026cdc20)
	/Users/jace/go/pkg/mod/github.com/nats-io/nats.go@v1.41.1/jetstream/pull.go:589 +0x285
github.com/Black-And-White-Club/frolf-bot-shared/eventbus.(*eventBus).Subscribe.func1()
	/Users/jace/Documents/GitHub/frolf-bot-shared/eventbus/eventbus.go:326 +0x169
created by github.com/Black-And-White-Club/frolf-bot-shared/eventbus.(*eventBus).Subscribe in goroutine 49230
	/Users/jace/Documents/GitHub/frolf-bot-shared/eventbus/eventbus.go:315 +0xbf1

goroutine 48148 [select, 1 minutes]:
github.com/nats-io/nats.go/jetstream.(*pullSubscription).Next(0xc001837ef0)
	/Users/jace/go/pkg/mod/github.com/nats-io/nats.go@v1.41.1/jetstream/pull.go:589 +0x285
github.com/Black-And-White-Club/frolf-bot-shared/eventbus.(*eventBus).Subscribe.func1()
	/Users/jace/Documents/GitHub/frolf-bot-shared/eventbus/eventbus.go:326 +0x169
created by github.com/Black-And-White-Club/frolf-bot-shared/eventbus.(*eventBus).Subscribe in goroutine 47950
	/Users/jace/Documents/GitHub/frolf-bot-shared/eventbus/eventbus.go:315 +0xbf1

goroutine 49350 [select, 1 minutes]:
github.com/nats-io/nats.go/jetstream.(*pullSubscription).Next(0xc001aa53b0)
	/Users/jace/go/pkg/mod/github.com/nats-io/nats.go@v1.41.1/jetstream/pull.go:589 +0x285
github.com/Black-And-White-Club/frolf-bot-shared/eventbus.(*eventBus).Subscribe.func1()
	/Users/jace/Documents/GitHub/frolf-bot-shared/eventbus/eventbus.go:326 +0x169
created by github.com/Black-And-White-Club/frolf-bot-shared/eventbus.(*eventBus).Subscribe in goroutine 49230
	/Users/jace/Documents/GitHub/frolf-bot-shared/eventbus/eventbus.go:315 +0xbf1

goroutine 49481 [select, 1 minutes]:
github.com/nats-io/nats.go/jetstream.(*pullSubscription).Next(0xc001ac1c20)
	/Users/jace/go/pkg/mod/github.com/nats-io/nats.go@v1.41.1/jetstream/pull.go:589 +0x285
github.com/Black-And-White-Club/frolf-bot-shared/eventbus.(*eventBus).Subscribe.func1()
	/Users/jace/Documents/GitHub/frolf-bot-shared/eventbus/eventbus.go:326 +0x169
created by github.com/Black-And-White-Club/frolf-bot-shared/eventbus.(*eventBus).Subscribe in goroutine 49230
	/Users/jace/Documents/GitHub/frolf-bot-shared/eventbus/eventbus.go:315 +0xbf1

goroutine 48305 [select, 1 minutes]:
github.com/nats-io/nats.go/jetstream.(*pullSubscription).pullMessages(0xc001ba98c0, {0xc00004fdb0, 0x4e})
	/Users/jace/go/pkg/mod/github.com/nats-io/nats.go@v1.41.1/jetstream/pull.go:955 +0x91
created by github.com/nats-io/nats.go/jetstream.(*pullConsumer).Messages in goroutine 47950
	/Users/jace/go/pkg/mod/github.com/nats-io/nats.go@v1.41.1/jetstream/pull.go:534 +0x748

goroutine 49430 [select, 1 minutes]:
github.com/nats-io/nats.go/jetstream.(*pullSubscription).pullMessages(0xc0026cdc20, {0xc00017e780, 0x4e})
	/Users/jace/go/pkg/mod/github.com/nats-io/nats.go@v1.41.1/jetstream/pull.go:955 +0x91
created by github.com/nats-io/nats.go/jetstream.(*pullConsumer).Messages in goroutine 49230
	/Users/jace/go/pkg/mod/github.com/nats-io/nats.go@v1.41.1/jetstream/pull.go:534 +0x748

goroutine 48146 [select, 1 minutes]:
github.com/nats-io/nats.go/jetstream.(*pullSubscription).pullMessages(0xc001837ef0, {0xc001eb8820, 0x4f})
	/Users/jace/go/pkg/mod/github.com/nats-io/nats.go@v1.41.1/jetstream/pull.go:955 +0x91
created by github.com/nats-io/nats.go/jetstream.(*pullConsumer).Messages in goroutine 47950
	/Users/jace/go/pkg/mod/github.com/nats-io/nats.go@v1.41.1/jetstream/pull.go:534 +0x748

goroutine 48122 [select, 1 minutes]:
github.com/nats-io/nats.go/jetstream.(*pullSubscription).pullMessages(0xc0019b6360, {0xc00017ed70, 0x48})
	/Users/jace/go/pkg/mod/github.com/nats-io/nats.go@v1.41.1/jetstream/pull.go:955 +0x91
created by github.com/nats-io/nats.go/jetstream.(*pullConsumer).Messages in goroutine 47950
	/Users/jace/go/pkg/mod/github.com/nats-io/nats.go@v1.41.1/jetstream/pull.go:534 +0x748

goroutine 48125 [chan receive, 1 minutes]:
github.com/ThreeDotsLabs/watermill/message.(*messageTransformSubscriberDecorator).Subscribe.func1()
	/Users/jace/go/pkg/mod/github.com/!three!dots!labs/watermill@v1.4.6/message/decorator.go:52 +0x85
created by github.com/ThreeDotsLabs/watermill/message.(*messageTransformSubscriberDecorator).Subscribe in goroutine 47950
	/Users/jace/go/pkg/mod/github.com/!three!dots!labs/watermill@v1.4.6/message/decorator.go:51 +0xc7

goroutine 47868 [select, 1 minutes]:
github.com/nats-io/nats.go/jetstream.(*pullSubscription).Next(0xc001591cb0)
	/Users/jace/go/pkg/mod/github.com/nats-io/nats.go@v1.41.1/jetstream/pull.go:589 +0x285
github.com/Black-And-White-Club/frolf-bot-shared/eventbus.(*eventBus).Subscribe.func1()
	/Users/jace/Documents/GitHub/frolf-bot-shared/eventbus/eventbus.go:326 +0x169
created by github.com/Black-And-White-Club/frolf-bot-shared/eventbus.(*eventBus).Subscribe in goroutine 47950
	/Users/jace/Documents/GitHub/frolf-bot-shared/eventbus/eventbus.go:315 +0xbf1

goroutine 52781 [chan receive]:
github.com/ThreeDotsLabs/watermill/message.(*messageTransformSubscriberDecorator).Subscribe.func1()
	/Users/jace/go/pkg/mod/github.com/!three!dots!labs/watermill@v1.4.6/message/decorator.go:52 +0x85
created by github.com/ThreeDotsLabs/watermill/message.(*messageTransformSubscriberDecorator).Subscribe in goroutine 52535
	/Users/jace/go/pkg/mod/github.com/!three!dots!labs/watermill@v1.4.6/message/decorator.go:51 +0xc7

goroutine 49259 [chan receive, 1 minutes]:
github.com/ThreeDotsLabs/watermill/message.(*messageTransformSubscriberDecorator).Subscribe.func1()
	/Users/jace/go/pkg/mod/github.com/!three!dots!labs/watermill@v1.4.6/message/decorator.go:52 +0x85
created by github.com/ThreeDotsLabs/watermill/message.(*messageTransformSubscriberDecorator).Subscribe in goroutine 49230
	/Users/jace/go/pkg/mod/github.com/!three!dots!labs/watermill@v1.4.6/message/decorator.go:51 +0xc7

goroutine 52675 [select]:
github.com/nats-io/nats.go/jetstream.(*pullSubscription).pullMessages(0xc001f5d7a0, {0xc0007549b0, 0x4b})
	/Users/jace/go/pkg/mod/github.com/nats-io/nats.go@v1.41.1/jetstream/pull.go:955 +0x91
created by github.com/nats-io/nats.go/jetstream.(*pullConsumer).Messages in goroutine 52535
	/Users/jace/go/pkg/mod/github.com/nats-io/nats.go@v1.41.1/jetstream/pull.go:534 +0x748

goroutine 55773 [select]:
github.com/nats-io/nats.go/jetstream.(*pullSubscription).Next(0xc002261170)
	/Users/jace/go/pkg/mod/github.com/nats-io/nats.go@v1.41.1/jetstream/pull.go:589 +0x285
github.com/Black-And-White-Club/frolf-bot-shared/eventbus.(*eventBus).Subscribe.func1()
	/Users/jace/Documents/GitHub/frolf-bot-shared/eventbus/eventbus.go:326 +0x169
created by github.com/Black-And-White-Club/frolf-bot-shared/eventbus.(*eventBus).Subscribe in goroutine 57220
	/Users/jace/Documents/GitHub/frolf-bot-shared/eventbus/eventbus.go:315 +0xbf1

goroutine 49434 [chan receive, 1 minutes]:
github.com/ThreeDotsLabs/watermill/message.(*handler).run(0xc0029581a0, {0x10a337fa0, 0xc001e53e00}, {0xc0001fc900, 0x6, 0xc00209c778?})
	/Users/jace/go/pkg/mod/github.com/!three!dots!labs/watermill@v1.4.6/message/router.go:645 +0x2b4
github.com/ThreeDotsLabs/watermill/message.(*Router).RunHandlers.func1()
	/Users/jace/go/pkg/mod/github.com/!three!dots!labs/watermill@v1.4.6/message/router.go:460 +0x145
created by github.com/ThreeDotsLabs/watermill/message.(*Router).RunHandlers in goroutine 49230
	/Users/jace/go/pkg/mod/github.com/!three!dots!labs/watermill@v1.4.6/message/router.go:453 +0x606

goroutine 48160 [select, 1 minutes]:
github.com/nats-io/nats.go/jetstream.(*pullSubscription).Next(0xc001c907e0)
	/Users/jace/go/pkg/mod/github.com/nats-io/nats.go@v1.41.1/jetstream/pull.go:589 +0x285
github.com/Black-And-White-Club/frolf-bot-shared/eventbus.(*eventBus).Subscribe.func1()
	/Users/jace/Documents/GitHub/frolf-bot-shared/eventbus/eventbus.go:326 +0x169
created by github.com/Black-And-White-Club/frolf-bot-shared/eventbus.(*eventBus).Subscribe in goroutine 47950
	/Users/jace/Documents/GitHub/frolf-bot-shared/eventbus/eventbus.go:315 +0xbf1

goroutine 49729 [chan receive, 1 minutes]:
github.com/ThreeDotsLabs/watermill/message.(*handler).run(0xc002958410, {0x10a337fa0, 0xc0016aa910}, {0xc002648180, 0x6, 0x0?})
	/Users/jace/go/pkg/mod/github.com/!three!dots!labs/watermill@v1.4.6/message/router.go:645 +0x2b4
github.com/ThreeDotsLabs/watermill/message.(*Router).RunHandlers.func1()
	/Users/jace/go/pkg/mod/github.com/!three!dots!labs/watermill@v1.4.6/message/router.go:460 +0x145
created by github.com/ThreeDotsLabs/watermill/message.(*Router).RunHandlers in goroutine 49230
	/Users/jace/go/pkg/mod/github.com/!three!dots!labs/watermill@v1.4.6/message/router.go:453 +0x606

goroutine 47967 [select, 1 minutes]:
github.com/nats-io/nats.go/jetstream.(*pullSubscription).pullMessages(0xc0009d8090, {0xc00004f770, 0x47})
	/Users/jace/go/pkg/mod/github.com/nats-io/nats.go@v1.41.1/jetstream/pull.go:955 +0x91
created by github.com/nats-io/nats.go/jetstream.(*pullConsumer).Messages in goroutine 47950
	/Users/jace/go/pkg/mod/github.com/nats-io/nats.go@v1.41.1/jetstream/pull.go:534 +0x748

goroutine 48043 [select, 1 minutes]:
github.com/nats-io/nats.go/jetstream.(*pullConsumer).Messages.func2()
	/Users/jace/go/pkg/mod/github.com/nats-io/nats.go@v1.41.1/jetstream/pull.go:538 +0x68
created by github.com/nats-io/nats.go/jetstream.(*pullConsumer).Messages in goroutine 47950
	/Users/jace/go/pkg/mod/github.com/nats-io/nats.go@v1.41.1/jetstream/pull.go:536 +0x78a

goroutine 48104 [select, 1 minutes]:
github.com/nats-io/nats.go/jetstream.(*pullSubscription).Next(0xc00083da70)
	/Users/jace/go/pkg/mod/github.com/nats-io/nats.go@v1.41.1/jetstream/pull.go:589 +0x285
github.com/Black-And-White-Club/frolf-bot-shared/eventbus.(*eventBus).Subscribe.func1()
	/Users/jace/Documents/GitHub/frolf-bot-shared/eventbus/eventbus.go:326 +0x169
created by github.com/Black-And-White-Club/frolf-bot-shared/eventbus.(*eventBus).Subscribe in goroutine 47950
	/Users/jace/Documents/GitHub/frolf-bot-shared/eventbus/eventbus.go:315 +0xbf1

goroutine 54266 [select]:
github.com/nats-io/nats.go/jetstream.(*pullSubscription).Next(0xc00097e6c0)
	/Users/jace/go/pkg/mod/github.com/nats-io/nats.go@v1.41.1/jetstream/pull.go:589 +0x285
github.com/Black-And-White-Club/frolf-bot-shared/eventbus.(*eventBus).Subscribe.func1()
	/Users/jace/Documents/GitHub/frolf-bot-shared/eventbus/eventbus.go:326 +0x169
created by github.com/Black-And-White-Club/frolf-bot-shared/eventbus.(*eventBus).Subscribe in goroutine 54037
	/Users/jace/Documents/GitHub/frolf-bot-shared/eventbus/eventbus.go:315 +0xbf1

goroutine 54283 [select]:
github.com/nats-io/nats.go/jetstream.(*pullSubscription).pullMessages(0xc0010d4750, {0xc0005fc3c0, 0x40})
	/Users/jace/go/pkg/mod/github.com/nats-io/nats.go@v1.41.1/jetstream/pull.go:955 +0x91
created by github.com/nats-io/nats.go/jetstream.(*pullConsumer).Messages in goroutine 54037
	/Users/jace/go/pkg/mod/github.com/nats-io/nats.go@v1.41.1/jetstream/pull.go:534 +0x748

goroutine 48247 [select, 1 minutes]:
github.com/nats-io/nats.go/jetstream.(*pullSubscription).Next(0xc001ac0990)
	/Users/jace/go/pkg/mod/github.com/nats-io/nats.go@v1.41.1/jetstream/pull.go:589 +0x285
github.com/Black-And-White-Club/frolf-bot-shared/eventbus.(*eventBus).Subscribe.func1()
	/Users/jace/Documents/GitHub/frolf-bot-shared/eventbus/eventbus.go:326 +0x169
created by github.com/Black-And-White-Club/frolf-bot-shared/eventbus.(*eventBus).Subscribe in goroutine 47950
	/Users/jace/Documents/GitHub/frolf-bot-shared/eventbus/eventbus.go:315 +0xbf1

goroutine 48045 [chan receive, 1 minutes]:
github.com/ThreeDotsLabs/watermill/message.(*messageTransformSubscriberDecorator).Subscribe.func1()
	/Users/jace/go/pkg/mod/github.com/!three!dots!labs/watermill@v1.4.6/message/decorator.go:52 +0x85
created by github.com/ThreeDotsLabs/watermill/message.(*messageTransformSubscriberDecorator).Subscribe in goroutine 47950
	/Users/jace/go/pkg/mod/github.com/!three!dots!labs/watermill@v1.4.6/message/decorator.go:51 +0xc7

goroutine 47866 [select, 1 minutes]:
github.com/nats-io/nats.go/jetstream.(*pullSubscription).pullMessages(0xc001591cb0, {0xc00179b810, 0x47})
	/Users/jace/go/pkg/mod/github.com/nats-io/nats.go@v1.41.1/jetstream/pull.go:955 +0x91
created by github.com/nats-io/nats.go/jetstream.(*pullConsumer).Messages in goroutine 47950
	/Users/jace/go/pkg/mod/github.com/nats-io/nats.go@v1.41.1/jetstream/pull.go:534 +0x748

goroutine 49371 [select, 1 minutes]:
github.com/nats-io/nats.go/jetstream.(*pullConsumer).Messages.func2()
	/Users/jace/go/pkg/mod/github.com/nats-io/nats.go@v1.41.1/jetstream/pull.go:538 +0x68
created by github.com/nats-io/nats.go/jetstream.(*pullConsumer).Messages in goroutine 49230
	/Users/jace/go/pkg/mod/github.com/nats-io/nats.go@v1.41.1/jetstream/pull.go:536 +0x78a

goroutine 48329 [select, 1 minutes]:
github.com/nats-io/nats.go/jetstream.(*pullSubscription).pullMessages(0xc001ac0630, {0xc000a42000, 0x56})
	/Users/jace/go/pkg/mod/github.com/nats-io/nats.go@v1.41.1/jetstream/pull.go:955 +0x91
created by github.com/nats-io/nats.go/jetstream.(*pullConsumer).Messages in goroutine 49230
	/Users/jace/go/pkg/mod/github.com/nats-io/nats.go@v1.41.1/jetstream/pull.go:534 +0x748

goroutine 54325 [select]:
github.com/nats-io/nats.go/jetstream.(*pullSubscription).Next(0xc001535170)
	/Users/jace/go/pkg/mod/github.com/nats-io/nats.go@v1.41.1/jetstream/pull.go:589 +0x285
github.com/Black-And-White-Club/frolf-bot-shared/eventbus.(*eventBus).Subscribe.func1()
	/Users/jace/Documents/GitHub/frolf-bot-shared/eventbus/eventbus.go:326 +0x169
created by github.com/Black-And-White-Club/frolf-bot-shared/eventbus.(*eventBus).Subscribe in goroutine 54037
	/Users/jace/Documents/GitHub/frolf-bot-shared/eventbus/eventbus.go:315 +0xbf1

goroutine 58685 [select]:
github.com/nats-io/nats.go/jetstream.(*pullConsumer).Messages.func2()
	/Users/jace/go/pkg/mod/github.com/nats-io/nats.go@v1.41.1/jetstream/pull.go:538 +0x68
created by github.com/nats-io/nats.go/jetstream.(*pullConsumer).Messages in goroutine 58544
	/Users/jace/go/pkg/mod/github.com/nats-io/nats.go@v1.41.1/jetstream/pull.go:536 +0x78a

goroutine 55848 [chan receive]:
github.com/ThreeDotsLabs/watermill/message.(*handler).run(0xc002c26f70, {0x10a337fa0, 0xc000994af0}, {0xc002d93140, 0x6, 0x0?})
	/Users/jace/go/pkg/mod/github.com/!three!dots!labs/watermill@v1.4.6/message/router.go:645 +0x2b4
github.com/ThreeDotsLabs/watermill/message.(*Router).RunHandlers.func1()
	/Users/jace/go/pkg/mod/github.com/!three!dots!labs/watermill@v1.4.6/message/router.go:460 +0x145
created by github.com/ThreeDotsLabs/watermill/message.(*Router).RunHandlers in goroutine 55362
	/Users/jace/go/pkg/mod/github.com/!three!dots!labs/watermill@v1.4.6/message/router.go:453 +0x606

goroutine 49258 [select, 1 minutes]:
github.com/nats-io/nats.go/jetstream.(*pullSubscription).Next(0xc001aa4ab0)
	/Users/jace/go/pkg/mod/github.com/nats-io/nats.go@v1.41.1/jetstream/pull.go:589 +0x285
github.com/Black-And-White-Club/frolf-bot-shared/eventbus.(*eventBus).Subscribe.func1()
	/Users/jace/Documents/GitHub/frolf-bot-shared/eventbus/eventbus.go:326 +0x169
created by github.com/Black-And-White-Club/frolf-bot-shared/eventbus.(*eventBus).Subscribe in goroutine 49230
	/Users/jace/Documents/GitHub/frolf-bot-shared/eventbus/eventbus.go:315 +0xbf1

goroutine 48375 [select, 1 minutes]:
github.com/nats-io/nats.go/jetstream.(*pullSubscription).pullMessages(0xc001aa47e0, {0xc00004ff40, 0x4b})
	/Users/jace/go/pkg/mod/github.com/nats-io/nats.go@v1.41.1/jetstream/pull.go:955 +0x91
created by github.com/nats-io/nats.go/jetstream.(*pullConsumer).Messages in goroutine 47950
	/Users/jace/go/pkg/mod/github.com/nats-io/nats.go@v1.41.1/jetstream/pull.go:534 +0x748

goroutine 48025 [select, 1 minutes]:
github.com/nats-io/nats.go/jetstream.(*pullSubscription).Next(0xc001836750)
	/Users/jace/go/pkg/mod/github.com/nats-io/nats.go@v1.41.1/jetstream/pull.go:589 +0x285
github.com/Black-And-White-Club/frolf-bot-shared/eventbus.(*eventBus).Subscribe.func1()
	/Users/jace/Documents/GitHub/frolf-bot-shared/eventbus/eventbus.go:326 +0x169
created by github.com/Black-And-White-Club/frolf-bot-shared/eventbus.(*eventBus).Subscribe in goroutine 47950
	/Users/jace/Documents/GitHub/frolf-bot-shared/eventbus/eventbus.go:315 +0xbf1

goroutine 47097 [sync.WaitGroup.Wait, 1 minutes]:
sync.runtime_SemacquireWaitGroup(0xc0020f35e0?)
	/usr/local/Cellar/go/1.24.2/libexec/src/runtime/sema.go:110 +0x25
sync.(*WaitGroup).Wait(0xc001d14f30?)
	/usr/local/Cellar/go/1.24.2/libexec/src/sync/waitgroup.go:118 +0x48
github.com/ThreeDotsLabs/watermill/pubsub/sync.WaitGroupTimeout.func1()
	/Users/jace/go/pkg/mod/github.com/!three!dots!labs/watermill@v1.4.6/pubsub/sync/waitgroup.go:13 +0x25
created by github.com/ThreeDotsLabs/watermill/pubsub/sync.WaitGroupTimeout in goroutine 45508
	/Users/jace/go/pkg/mod/github.com/!three!dots!labs/watermill@v1.4.6/pubsub/sync/waitgroup.go:12 +0x85

goroutine 49530 [select, 1 minutes]:
github.com/nats-io/nats.go/jetstream.(*pullSubscription).Next(0xc00288c7e0)
	/Users/jace/go/pkg/mod/github.com/nats-io/nats.go@v1.41.1/jetstream/pull.go:589 +0x285
github.com/Black-And-White-Club/frolf-bot-shared/eventbus.(*eventBus).Subscribe.func1()
	/Users/jace/Documents/GitHub/frolf-bot-shared/eventbus/eventbus.go:326 +0x169
created by github.com/Black-And-White-Club/frolf-bot-shared/eventbus.(*eventBus).Subscribe in goroutine 49230
	/Users/jace/Documents/GitHub/frolf-bot-shared/eventbus/eventbus.go:315 +0xbf1

goroutine 51136 [chan receive, 1 minutes]:
github.com/ThreeDotsLabs/watermill/message.(*messageTransformSubscriberDecorator).Subscribe.func1()
	/Users/jace/go/pkg/mod/github.com/!three!dots!labs/watermill@v1.4.6/message/decorator.go:52 +0x85
created by github.com/ThreeDotsLabs/watermill/message.(*messageTransformSubscriberDecorator).Subscribe in goroutine 50717
	/Users/jace/go/pkg/mod/github.com/!three!dots!labs/watermill@v1.4.6/message/decorator.go:51 +0xc7

goroutine 49499 [select, 1 minutes]:
github.com/nats-io/nats.go/jetstream.(*pullConsumer).Messages.func2()
	/Users/jace/go/pkg/mod/github.com/nats-io/nats.go@v1.41.1/jetstream/pull.go:538 +0x68
created by github.com/nats-io/nats.go/jetstream.(*pullConsumer).Messages in goroutine 49230
	/Users/jace/go/pkg/mod/github.com/nats-io/nats.go@v1.41.1/jetstream/pull.go:536 +0x78a

goroutine 51134 [select, 1 minutes]:
github.com/nats-io/nats.go/jetstream.(*pullConsumer).Messages.func2()
	/Users/jace/go/pkg/mod/github.com/nats-io/nats.go@v1.41.1/jetstream/pull.go:538 +0x68
created by github.com/nats-io/nats.go/jetstream.(*pullConsumer).Messages in goroutine 50717
	/Users/jace/go/pkg/mod/github.com/nats-io/nats.go@v1.41.1/jetstream/pull.go:536 +0x78a

goroutine 48376 [select, 1 minutes]:
github.com/nats-io/nats.go/jetstream.(*pullConsumer).Messages.func2()
	/Users/jace/go/pkg/mod/github.com/nats-io/nats.go@v1.41.1/jetstream/pull.go:538 +0x68
created by github.com/nats-io/nats.go/jetstream.(*pullConsumer).Messages in goroutine 47950
	/Users/jace/go/pkg/mod/github.com/nats-io/nats.go@v1.41.1/jetstream/pull.go:536 +0x78a

goroutine 48243 [chan receive, 1 minutes]:
github.com/ThreeDotsLabs/watermill/message.(*handler).run(0xc0013131e0, {0x10a337fa0, 0xc00192aff0}, {0xc002602540, 0x6, 0x0?})
	/Users/jace/go/pkg/mod/github.com/!three!dots!labs/watermill@v1.4.6/message/router.go:645 +0x2b4
github.com/ThreeDotsLabs/watermill/message.(*Router).RunHandlers.func1()
	/Users/jace/go/pkg/mod/github.com/!three!dots!labs/watermill@v1.4.6/message/router.go:460 +0x145
created by github.com/ThreeDotsLabs/watermill/message.(*Router).RunHandlers in goroutine 47950
	/Users/jace/go/pkg/mod/github.com/!three!dots!labs/watermill@v1.4.6/message/router.go:453 +0x606

goroutine 48175 [select, 1 minutes]:
github.com/nats-io/nats.go/jetstream.(*pullSubscription).pullMessages(0xc001ac0360, {0xc000f530e0, 0x52})
	/Users/jace/go/pkg/mod/github.com/nats-io/nats.go@v1.41.1/jetstream/pull.go:955 +0x91
created by github.com/nats-io/nats.go/jetstream.(*pullConsumer).Messages in goroutine 47950
	/Users/jace/go/pkg/mod/github.com/nats-io/nats.go@v1.41.1/jetstream/pull.go:534 +0x748

goroutine 48341 [chan receive, 1 minutes]:
github.com/ThreeDotsLabs/watermill/message.(*handler).run(0xc001313520, {0x10a337fa0, 0xc00096f680}, {0xc002602600, 0x6, 0x0?})
	/Users/jace/go/pkg/mod/github.com/!three!dots!labs/watermill@v1.4.6/message/router.go:645 +0x2b4
github.com/ThreeDotsLabs/watermill/message.(*Router).RunHandlers.func1()
	/Users/jace/go/pkg/mod/github.com/!three!dots!labs/watermill@v1.4.6/message/router.go:460 +0x145
created by github.com/ThreeDotsLabs/watermill/message.(*Router).RunHandlers in goroutine 47950
	/Users/jace/go/pkg/mod/github.com/!three!dots!labs/watermill@v1.4.6/message/router.go:453 +0x606

goroutine 48161 [chan receive, 1 minutes]:
github.com/ThreeDotsLabs/watermill/message.(*messageTransformSubscriberDecorator).Subscribe.func1()
	/Users/jace/go/pkg/mod/github.com/!three!dots!labs/watermill@v1.4.6/message/decorator.go:52 +0x85
created by github.com/ThreeDotsLabs/watermill/message.(*messageTransformSubscriberDecorator).Subscribe in goroutine 47950
	/Users/jace/go/pkg/mod/github.com/!three!dots!labs/watermill@v1.4.6/message/decorator.go:51 +0xc7

goroutine 48242 [chan receive, 1 minutes]:
github.com/ThreeDotsLabs/watermill/message.(*messageTransformSubscriberDecorator).Subscribe.func1()
	/Users/jace/go/pkg/mod/github.com/!three!dots!labs/watermill@v1.4.6/message/decorator.go:52 +0x85
created by github.com/ThreeDotsLabs/watermill/message.(*messageTransformSubscriberDecorator).Subscribe in goroutine 47950
	/Users/jace/go/pkg/mod/github.com/!three!dots!labs/watermill@v1.4.6/message/decorator.go:51 +0xc7

goroutine 48210 [chan receive, 1 minutes]:
github.com/ThreeDotsLabs/watermill/message.(*handler).run(0xc001312ea0, {0x10a337fa0, 0xc0000ea780}, {0xc000742840, 0x6, 0xc001a387a8?})
	/Users/jace/go/pkg/mod/github.com/!three!dots!labs/watermill@v1.4.6/message/router.go:645 +0x2b4
github.com/ThreeDotsLabs/watermill/message.(*Router).RunHandlers.func1()
	/Users/jace/go/pkg/mod/github.com/!three!dots!labs/watermill@v1.4.6/message/router.go:460 +0x145
created by github.com/ThreeDotsLabs/watermill/message.(*Router).RunHandlers in goroutine 47950
	/Users/jace/go/pkg/mod/github.com/!three!dots!labs/watermill@v1.4.6/message/router.go:453 +0x606

goroutine 49657 [select, 1 minutes]:
github.com/nats-io/nats.go/jetstream.(*pullSubscription).Next(0xc0029a27e0)
	/Users/jace/go/pkg/mod/github.com/nats-io/nats.go@v1.41.1/jetstream/pull.go:589 +0x285
github.com/Black-And-White-Club/frolf-bot-shared/eventbus.(*eventBus).Subscribe.func1()
	/Users/jace/Documents/GitHub/frolf-bot-shared/eventbus/eventbus.go:326 +0x169
created by github.com/Black-And-White-Club/frolf-bot-shared/eventbus.(*eventBus).Subscribe in goroutine 49230
	/Users/jace/Documents/GitHub/frolf-bot-shared/eventbus/eventbus.go:315 +0xbf1

goroutine 48343 [select, 1 minutes]:
github.com/nats-io/nats.go/jetstream.(*pullConsumer).Messages.func2()
	/Users/jace/go/pkg/mod/github.com/nats-io/nats.go@v1.41.1/jetstream/pull.go:538 +0x68
created by github.com/nats-io/nats.go/jetstream.(*pullConsumer).Messages in goroutine 47950
	/Users/jace/go/pkg/mod/github.com/nats-io/nats.go@v1.41.1/jetstream/pull.go:536 +0x78a

goroutine 58658 [select]:
github.com/nats-io/nats.go/jetstream.(*pullConsumer).Messages.func2()
	/Users/jace/go/pkg/mod/github.com/nats-io/nats.go@v1.41.1/jetstream/pull.go:538 +0x68
created by github.com/nats-io/nats.go/jetstream.(*pullConsumer).Messages in goroutine 58544
	/Users/jace/go/pkg/mod/github.com/nats-io/nats.go@v1.41.1/jetstream/pull.go:536 +0x78a

goroutine 48234 [select, 1 minutes]:
github.com/nats-io/nats.go/jetstream.(*pullSubscription).pullMessages(0xc001e6a630, {0xc0018a65f0, 0x45})
	/Users/jace/go/pkg/mod/github.com/nats-io/nats.go@v1.41.1/jetstream/pull.go:955 +0x91
created by github.com/nats-io/nats.go/jetstream.(*pullConsumer).Messages in goroutine 47950
	/Users/jace/go/pkg/mod/github.com/nats-io/nats.go@v1.41.1/jetstream/pull.go:534 +0x748

goroutine 48332 [chan receive, 1 minutes]:
github.com/ThreeDotsLabs/watermill/message.(*messageTransformSubscriberDecorator).Subscribe.func1()
	/Users/jace/go/pkg/mod/github.com/!three!dots!labs/watermill@v1.4.6/message/decorator.go:52 +0x85
created by github.com/ThreeDotsLabs/watermill/message.(*messageTransformSubscriberDecorator).Subscribe in goroutine 49230
	/Users/jace/go/pkg/mod/github.com/!three!dots!labs/watermill@v1.4.6/message/decorator.go:51 +0xc7

goroutine 48245 [select, 1 minutes]:
github.com/nats-io/nats.go/jetstream.(*pullSubscription).pullMessages(0xc001ac0990, {0xc0020f9f00, 0x3e})
	/Users/jace/go/pkg/mod/github.com/nats-io/nats.go@v1.41.1/jetstream/pull.go:955 +0x91
created by github.com/nats-io/nats.go/jetstream.(*pullConsumer).Messages in goroutine 47950
	/Users/jace/go/pkg/mod/github.com/nats-io/nats.go@v1.41.1/jetstream/pull.go:534 +0x748

goroutine 48330 [select, 1 minutes]:
github.com/nats-io/nats.go/jetstream.(*pullConsumer).Messages.func2()
	/Users/jace/go/pkg/mod/github.com/nats-io/nats.go@v1.41.1/jetstream/pull.go:538 +0x68
created by github.com/nats-io/nats.go/jetstream.(*pullConsumer).Messages in goroutine 49230
	/Users/jace/go/pkg/mod/github.com/nats-io/nats.go@v1.41.1/jetstream/pull.go:536 +0x78a

goroutine 49374 [chan receive, 1 minutes]:
github.com/ThreeDotsLabs/watermill/message.(*handler).run(0xc002677380, {0x10a337fa0, 0xc0010b80a0}, {0xc002920240, 0x6, 0x0?})
	/Users/jace/go/pkg/mod/github.com/!three!dots!labs/watermill@v1.4.6/message/router.go:645 +0x2b4
github.com/ThreeDotsLabs/watermill/message.(*Router).RunHandlers.func1()
	/Users/jace/go/pkg/mod/github.com/!three!dots!labs/watermill@v1.4.6/message/router.go:460 +0x145
created by github.com/ThreeDotsLabs/watermill/message.(*Router).RunHandlers in goroutine 49230
	/Users/jace/go/pkg/mod/github.com/!three!dots!labs/watermill@v1.4.6/message/router.go:453 +0x606

goroutine 49348 [select, 1 minutes]:
github.com/nats-io/nats.go/jetstream.(*pullSubscription).pullMessages(0xc001aa53b0, {0xc0006c4c40, 0x3f})
	/Users/jace/go/pkg/mod/github.com/nats-io/nats.go@v1.41.1/jetstream/pull.go:955 +0x91
created by github.com/nats-io/nats.go/jetstream.(*pullConsumer).Messages in goroutine 49230
	/Users/jace/go/pkg/mod/github.com/nats-io/nats.go@v1.41.1/jetstream/pull.go:534 +0x748

goroutine 48291 [select, 1 minutes]:
github.com/nats-io/nats.go/jetstream.(*pullSubscription).Next(0xc001ba8cf0)
	/Users/jace/go/pkg/mod/github.com/nats-io/nats.go@v1.41.1/jetstream/pull.go:589 +0x285
github.com/Black-And-White-Club/frolf-bot-shared/eventbus.(*eventBus).Subscribe.func1()
	/Users/jace/Documents/GitHub/frolf-bot-shared/eventbus/eventbus.go:326 +0x169
created by github.com/Black-And-White-Club/frolf-bot-shared/eventbus.(*eventBus).Subscribe in goroutine 47950
	/Users/jace/Documents/GitHub/frolf-bot-shared/eventbus/eventbus.go:315 +0xbf1

goroutine 52479 [sync.Cond.Wait]:
sync.runtime_notifyListWait(0xc001b2c310, 0x0)
	/usr/local/Cellar/go/1.24.2/libexec/src/runtime/sema.go:597 +0x159
sync.(*Cond).Wait(0xc002156c40?)
	/usr/local/Cellar/go/1.24.2/libexec/src/sync/cond.go:71 +0x85
github.com/nats-io/nats%2ego.(*asyncCallbacksHandler).asyncCBDispatcher(0xc000d2e5e0)
	/Users/jace/go/pkg/mod/github.com/nats-io/nats.go@v1.41.1/nats.go:3059 +0xdd
created by github.com/nats-io/nats%2ego.Options.Connect in goroutine 51793
	/Users/jace/go/pkg/mod/github.com/nats-io/nats.go@v1.41.1/nats.go:1635 +0x387

goroutine 55434 [chan receive]:
github.com/ThreeDotsLabs/watermill/message.(*messageTransformSubscriberDecorator).Subscribe.func1()
	/Users/jace/go/pkg/mod/github.com/!three!dots!labs/watermill@v1.4.6/message/decorator.go:52 +0x85
created by github.com/ThreeDotsLabs/watermill/message.(*messageTransformSubscriberDecorator).Subscribe in goroutine 55362
	/Users/jace/go/pkg/mod/github.com/!three!dots!labs/watermill@v1.4.6/message/decorator.go:51 +0xc7

goroutine 48340 [chan receive, 1 minutes]:
github.com/ThreeDotsLabs/watermill/message.(*messageTransformSubscriberDecorator).Subscribe.func1()
	/Users/jace/go/pkg/mod/github.com/!three!dots!labs/watermill@v1.4.6/message/decorator.go:52 +0x85
created by github.com/ThreeDotsLabs/watermill/message.(*messageTransformSubscriberDecorator).Subscribe in goroutine 47950
	/Users/jace/go/pkg/mod/github.com/!three!dots!labs/watermill@v1.4.6/message/decorator.go:51 +0xc7

goroutine 49543 [chan receive, 1 minutes]:
github.com/ThreeDotsLabs/watermill/message.(*handler).run(0xc002677ba0, {0x10a337fa0, 0xc001e53c20}, {0xc0001fc600, 0x6, 0x0?})
	/Users/jace/go/pkg/mod/github.com/!three!dots!labs/watermill@v1.4.6/message/router.go:645 +0x2b4
github.com/ThreeDotsLabs/watermill/message.(*Router).RunHandlers.func1()
	/Users/jace/go/pkg/mod/github.com/!three!dots!labs/watermill@v1.4.6/message/router.go:460 +0x145
created by github.com/ThreeDotsLabs/watermill/message.(*Router).RunHandlers in goroutine 49230
	/Users/jace/go/pkg/mod/github.com/!three!dots!labs/watermill@v1.4.6/message/router.go:453 +0x606

goroutine 48235 [select, 1 minutes]:
github.com/nats-io/nats.go/jetstream.(*pullConsumer).Messages.func2()
	/Users/jace/go/pkg/mod/github.com/nats-io/nats.go@v1.41.1/jetstream/pull.go:538 +0x68
created by github.com/nats-io/nats.go/jetstream.(*pullConsumer).Messages in goroutine 47950
	/Users/jace/go/pkg/mod/github.com/nats-io/nats.go@v1.41.1/jetstream/pull.go:536 +0x78a

goroutine 48236 [select, 1 minutes]:
github.com/nats-io/nats.go/jetstream.(*pullSubscription).Next(0xc001e6a630)
	/Users/jace/go/pkg/mod/github.com/nats-io/nats.go@v1.41.1/jetstream/pull.go:589 +0x285
github.com/Black-And-White-Club/frolf-bot-shared/eventbus.(*eventBus).Subscribe.func1()
	/Users/jace/Documents/GitHub/frolf-bot-shared/eventbus/eventbus.go:326 +0x169
created by github.com/Black-And-White-Club/frolf-bot-shared/eventbus.(*eventBus).Subscribe in goroutine 47950
	/Users/jace/Documents/GitHub/frolf-bot-shared/eventbus/eventbus.go:315 +0xbf1

goroutine 48237 [chan receive, 1 minutes]:
github.com/ThreeDotsLabs/watermill/message.(*messageTransformSubscriberDecorator).Subscribe.func1()
	/Users/jace/go/pkg/mod/github.com/!three!dots!labs/watermill@v1.4.6/message/decorator.go:52 +0x85
created by github.com/ThreeDotsLabs/watermill/message.(*messageTransformSubscriberDecorator).Subscribe in goroutine 47950
	/Users/jace/go/pkg/mod/github.com/!three!dots!labs/watermill@v1.4.6/message/decorator.go:51 +0xc7

goroutine 48238 [chan receive, 1 minutes]:
github.com/ThreeDotsLabs/watermill/message.(*handler).run(0xc001312f70, {0x10a337fa0, 0xc0000eb6d0}, {0xc0017f3b00, 0x6, 0x0?})
	/Users/jace/go/pkg/mod/github.com/!three!dots!labs/watermill@v1.4.6/message/router.go:645 +0x2b4
github.com/ThreeDotsLabs/watermill/message.(*Router).RunHandlers.func1()
	/Users/jace/go/pkg/mod/github.com/!three!dots!labs/watermill@v1.4.6/message/router.go:460 +0x145
created by github.com/ThreeDotsLabs/watermill/message.(*Router).RunHandlers in goroutine 47950
	/Users/jace/go/pkg/mod/github.com/!three!dots!labs/watermill@v1.4.6/message/router.go:453 +0x606

goroutine 48346 [chan receive, 1 minutes]:
github.com/ThreeDotsLabs/watermill/message.(*handler).run(0xc0013135f0, {0x10a337fa0, 0xc001b623c0}, {0xc00078a3c0, 0x6, 0xc00184df78?})
	/Users/jace/go/pkg/mod/github.com/!three!dots!labs/watermill@v1.4.6/message/router.go:645 +0x2b4
github.com/ThreeDotsLabs/watermill/message.(*Router).RunHandlers.func1()
	/Users/jace/go/pkg/mod/github.com/!three!dots!labs/watermill@v1.4.6/message/router.go:460 +0x145
created by github.com/ThreeDotsLabs/watermill/message.(*Router).RunHandlers in goroutine 47950
	/Users/jace/go/pkg/mod/github.com/!three!dots!labs/watermill@v1.4.6/message/router.go:453 +0x606

goroutine 48344 [select, 1 minutes]:
github.com/nats-io/nats.go/jetstream.(*pullSubscription).Next(0xc001ba9e60)
	/Users/jace/go/pkg/mod/github.com/nats-io/nats.go@v1.41.1/jetstream/pull.go:589 +0x285
github.com/Black-And-White-Club/frolf-bot-shared/eventbus.(*eventBus).Subscribe.func1()
	/Users/jace/Documents/GitHub/frolf-bot-shared/eventbus/eventbus.go:326 +0x169
created by github.com/Black-And-White-Club/frolf-bot-shared/eventbus.(*eventBus).Subscribe in goroutine 47950
	/Users/jace/Documents/GitHub/frolf-bot-shared/eventbus/eventbus.go:315 +0xbf1

goroutine 49659 [chan receive, 1 minutes]:
github.com/ThreeDotsLabs/watermill/message.(*handler).run(0xc002958340, {0x10a337fa0, 0xc0010b8c30}, {0xc000f86000, 0x6, 0x0?})
	/Users/jace/go/pkg/mod/github.com/!three!dots!labs/watermill@v1.4.6/message/router.go:645 +0x2b4
github.com/ThreeDotsLabs/watermill/message.(*Router).RunHandlers.func1()
	/Users/jace/go/pkg/mod/github.com/!three!dots!labs/watermill@v1.4.6/message/router.go:460 +0x145
created by github.com/ThreeDotsLabs/watermill/message.(*Router).RunHandlers in goroutine 49230
	/Users/jace/go/pkg/mod/github.com/!three!dots!labs/watermill@v1.4.6/message/router.go:453 +0x606

goroutine 55695 [select]:
github.com/nats-io/nats.go/jetstream.(*pullSubscription).pullMessages(0xc000c32630, {0xc001eb8500, 0x4e})
	/Users/jace/go/pkg/mod/github.com/nats-io/nats.go@v1.41.1/jetstream/pull.go:955 +0x91
created by github.com/nats-io/nats.go/jetstream.(*pullConsumer).Messages in goroutine 55362
	/Users/jace/go/pkg/mod/github.com/nats-io/nats.go@v1.41.1/jetstream/pull.go:534 +0x748

goroutine 54097 [select]:
github.com/nats-io/nats.go/jetstream.(*pullSubscription).pullMessages(0xc000b74360, {0xc001eb8a50, 0x45})
	/Users/jace/go/pkg/mod/github.com/nats-io/nats.go@v1.41.1/jetstream/pull.go:955 +0x91
created by github.com/nats-io/nats.go/jetstream.(*pullConsumer).Messages in goroutine 54037
	/Users/jace/go/pkg/mod/github.com/nats-io/nats.go@v1.41.1/jetstream/pull.go:534 +0x748

goroutine 57478 [select]:
github.com/nats-io/nats.go/jetstream.(*pullConsumer).Messages.func2()
	/Users/jace/go/pkg/mod/github.com/nats-io/nats.go@v1.41.1/jetstream/pull.go:538 +0x68
created by github.com/nats-io/nats.go/jetstream.(*pullConsumer).Messages in goroutine 57220
	/Users/jace/go/pkg/mod/github.com/nats-io/nats.go@v1.41.1/jetstream/pull.go:536 +0x78a

goroutine 48379 [chan receive, 1 minutes]:
github.com/ThreeDotsLabs/watermill/message.(*handler).run(0xc001313860, {0x10a337fa0, 0xc001c10140}, {0xc00196ce40, 0x6, 0x1000000010000?})
	/Users/jace/go/pkg/mod/github.com/!three!dots!labs/watermill@v1.4.6/message/router.go:645 +0x2b4
github.com/ThreeDotsLabs/watermill/message.(*Router).RunHandlers.func1()
	/Users/jace/go/pkg/mod/github.com/!three!dots!labs/watermill@v1.4.6/message/router.go:460 +0x145
created by github.com/ThreeDotsLabs/watermill/message.(*Router).RunHandlers in goroutine 47950
	/Users/jace/go/pkg/mod/github.com/!three!dots!labs/watermill@v1.4.6/message/router.go:453 +0x606

goroutine 52844 [select]:
github.com/nats-io/nats.go/jetstream.(*pullSubscription).Next(0xc0021be240)
	/Users/jace/go/pkg/mod/github.com/nats-io/nats.go@v1.41.1/jetstream/pull.go:589 +0x285
github.com/Black-And-White-Club/frolf-bot-shared/eventbus.(*eventBus).Subscribe.func1()
	/Users/jace/Documents/GitHub/frolf-bot-shared/eventbus/eventbus.go:326 +0x169
created by github.com/Black-And-White-Club/frolf-bot-shared/eventbus.(*eventBus).Subscribe in goroutine 52535
	/Users/jace/Documents/GitHub/frolf-bot-shared/eventbus/eventbus.go:315 +0xbf1

goroutine 48269 [select, 1 minutes]:
github.com/nats-io/nats.go/jetstream.(*pullSubscription).pullMessages(0xc001985b90, {0xc00093ede0, 0x5a})
	/Users/jace/go/pkg/mod/github.com/nats-io/nats.go@v1.41.1/jetstream/pull.go:955 +0x91
created by github.com/nats-io/nats.go/jetstream.(*pullConsumer).Messages in goroutine 47950
	/Users/jace/go/pkg/mod/github.com/nats-io/nats.go@v1.41.1/jetstream/pull.go:534 +0x748

goroutine 48270 [select, 1 minutes]:
github.com/nats-io/nats.go/jetstream.(*pullConsumer).Messages.func2()
	/Users/jace/go/pkg/mod/github.com/nats-io/nats.go@v1.41.1/jetstream/pull.go:538 +0x68
created by github.com/nats-io/nats.go/jetstream.(*pullConsumer).Messages in goroutine 47950
	/Users/jace/go/pkg/mod/github.com/nats-io/nats.go@v1.41.1/jetstream/pull.go:536 +0x78a

goroutine 48271 [select, 1 minutes]:
github.com/nats-io/nats.go/jetstream.(*pullSubscription).Next(0xc001985b90)
	/Users/jace/go/pkg/mod/github.com/nats-io/nats.go@v1.41.1/jetstream/pull.go:589 +0x285
github.com/Black-And-White-Club/frolf-bot-shared/eventbus.(*eventBus).Subscribe.func1()
	/Users/jace/Documents/GitHub/frolf-bot-shared/eventbus/eventbus.go:326 +0x169
created by github.com/Black-And-White-Club/frolf-bot-shared/eventbus.(*eventBus).Subscribe in goroutine 47950
	/Users/jace/Documents/GitHub/frolf-bot-shared/eventbus/eventbus.go:315 +0xbf1

goroutine 48272 [chan receive, 1 minutes]:
github.com/ThreeDotsLabs/watermill/message.(*messageTransformSubscriberDecorator).Subscribe.func1()
	/Users/jace/go/pkg/mod/github.com/!three!dots!labs/watermill@v1.4.6/message/decorator.go:52 +0x85
created by github.com/ThreeDotsLabs/watermill/message.(*messageTransformSubscriberDecorator).Subscribe in goroutine 47950
	/Users/jace/go/pkg/mod/github.com/!three!dots!labs/watermill@v1.4.6/message/decorator.go:51 +0xc7

goroutine 48273 [chan receive, 1 minutes]:
github.com/ThreeDotsLabs/watermill/message.(*handler).run(0xc001313790, {0x10a337fa0, 0xc001c7ccd0}, {0xc0026029c0, 0x6, 0x0?})
	/Users/jace/go/pkg/mod/github.com/!three!dots!labs/watermill@v1.4.6/message/router.go:645 +0x2b4
github.com/ThreeDotsLabs/watermill/message.(*Router).RunHandlers.func1()
	/Users/jace/go/pkg/mod/github.com/!three!dots!labs/watermill@v1.4.6/message/router.go:460 +0x145
created by github.com/ThreeDotsLabs/watermill/message.(*Router).RunHandlers in goroutine 47950
	/Users/jace/go/pkg/mod/github.com/!three!dots!labs/watermill@v1.4.6/message/router.go:453 +0x606

goroutine 49483 [chan receive, 1 minutes]:
github.com/ThreeDotsLabs/watermill/message.(*handler).run(0xc002677860, {0x10a337fa0, 0xc002855270}, {0xc00196c3c0, 0x6, 0x0?})
	/Users/jace/go/pkg/mod/github.com/!three!dots!labs/watermill@v1.4.6/message/router.go:645 +0x2b4
github.com/ThreeDotsLabs/watermill/message.(*Router).RunHandlers.func1()
	/Users/jace/go/pkg/mod/github.com/!three!dots!labs/watermill@v1.4.6/message/router.go:460 +0x145
created by github.com/ThreeDotsLabs/watermill/message.(*Router).RunHandlers in goroutine 49230
	/Users/jace/go/pkg/mod/github.com/!three!dots!labs/watermill@v1.4.6/message/router.go:453 +0x606

goroutine 52778 [select]:
github.com/nats-io/nats.go/jetstream.(*pullSubscription).pullMessages(0xc000123050, {0xc0002f92c0, 0x52})
	/Users/jace/go/pkg/mod/github.com/nats-io/nats.go@v1.41.1/jetstream/pull.go:955 +0x91
created by github.com/nats-io/nats.go/jetstream.(*pullConsumer).Messages in goroutine 52535
	/Users/jace/go/pkg/mod/github.com/nats-io/nats.go@v1.41.1/jetstream/pull.go:534 +0x748

goroutine 60086 [select]:
github.com/nats-io/nats.go/jetstream.(*pullSubscription).Next(0xc000eff710)
	/Users/jace/go/pkg/mod/github.com/nats-io/nats.go@v1.41.1/jetstream/pull.go:589 +0x285
github.com/Black-And-White-Club/frolf-bot-shared/eventbus.(*eventBus).Subscribe.func1()
	/Users/jace/Documents/GitHub/frolf-bot-shared/eventbus/eventbus.go:326 +0x169
created by github.com/Black-And-White-Club/frolf-bot-shared/eventbus.(*eventBus).Subscribe in goroutine 59782
	/Users/jace/Documents/GitHub/frolf-bot-shared/eventbus/eventbus.go:315 +0xbf1

goroutine 49331 [select, 1 minutes]:
github.com/nats-io/nats.go/jetstream.(*pullConsumer).Messages.func2()
	/Users/jace/go/pkg/mod/github.com/nats-io/nats.go@v1.41.1/jetstream/pull.go:538 +0x68
created by github.com/nats-io/nats.go/jetstream.(*pullConsumer).Messages in goroutine 49230
	/Users/jace/go/pkg/mod/github.com/nats-io/nats.go@v1.41.1/jetstream/pull.go:536 +0x78a

goroutine 52701 [select]:
github.com/nats-io/nats.go/jetstream.(*pullSubscription).Next(0xc0023365a0)
	/Users/jace/go/pkg/mod/github.com/nats-io/nats.go@v1.41.1/jetstream/pull.go:589 +0x285
github.com/Black-And-White-Club/frolf-bot-shared/eventbus.(*eventBus).Subscribe.func1()
	/Users/jace/Documents/GitHub/frolf-bot-shared/eventbus/eventbus.go:326 +0x169
created by github.com/Black-And-White-Club/frolf-bot-shared/eventbus.(*eventBus).Subscribe in goroutine 52535
	/Users/jace/Documents/GitHub/frolf-bot-shared/eventbus/eventbus.go:315 +0xbf1

goroutine 48394 [sync.WaitGroup.Wait, 1 minutes]:
sync.runtime_SemacquireWaitGroup(0x10a338010?)
	/usr/local/Cellar/go/1.24.2/libexec/src/runtime/sema.go:110 +0x25
sync.(*WaitGroup).Wait(0xc000bc5fd0?)
	/usr/local/Cellar/go/1.24.2/libexec/src/sync/waitgroup.go:118 +0x48
github.com/ThreeDotsLabs/watermill/message.(*Router).waitForHandlers.func1()
	/Users/jace/go/pkg/mod/github.com/!three!dots!labs/watermill@v1.4.6/message/router.go:579 +0x4b
created by github.com/ThreeDotsLabs/watermill/message.(*Router).waitForHandlers in goroutine 47229
	/Users/jace/go/pkg/mod/github.com/!three!dots!labs/watermill@v1.4.6/message/router.go:577 +0x87

goroutine 49433 [chan receive, 1 minutes]:
github.com/ThreeDotsLabs/watermill/message.(*messageTransformSubscriberDecorator).Subscribe.func1()
	/Users/jace/go/pkg/mod/github.com/!three!dots!labs/watermill@v1.4.6/message/decorator.go:52 +0x85
created by github.com/ThreeDotsLabs/watermill/message.(*messageTransformSubscriberDecorator).Subscribe in goroutine 49230
	/Users/jace/go/pkg/mod/github.com/!three!dots!labs/watermill@v1.4.6/message/decorator.go:51 +0xc7

goroutine 48396 [sync.WaitGroup.Wait, 1 minutes]:
sync.runtime_SemacquireWaitGroup(0x0?)
	/usr/local/Cellar/go/1.24.2/libexec/src/runtime/sema.go:110 +0x25
sync.(*WaitGroup).Wait(0xc001e85f30?)
	/usr/local/Cellar/go/1.24.2/libexec/src/sync/waitgroup.go:118 +0x48
github.com/ThreeDotsLabs/watermill/pubsub/sync.WaitGroupTimeout.func1()
	/Users/jace/go/pkg/mod/github.com/!three!dots!labs/watermill@v1.4.6/pubsub/sync/waitgroup.go:13 +0x25
created by github.com/ThreeDotsLabs/watermill/pubsub/sync.WaitGroupTimeout in goroutine 47229
	/Users/jace/go/pkg/mod/github.com/!three!dots!labs/watermill@v1.4.6/pubsub/sync/waitgroup.go:12 +0x85

goroutine 53994 [select]:
github.com/nats-io/nats.go/jetstream.(*pullConsumer).Messages.func2()
	/Users/jace/go/pkg/mod/github.com/nats-io/nats.go@v1.41.1/jetstream/pull.go:538 +0x68
created by github.com/nats-io/nats.go/jetstream.(*pullConsumer).Messages in goroutine 54037
	/Users/jace/go/pkg/mod/github.com/nats-io/nats.go@v1.41.1/jetstream/pull.go:536 +0x78a

goroutine 49282 [select, 1 minutes]:
github.com/nats-io/nats.go/jetstream.(*pullConsumer).Messages.func2()
	/Users/jace/go/pkg/mod/github.com/nats-io/nats.go@v1.41.1/jetstream/pull.go:538 +0x68
created by github.com/nats-io/nats.go/jetstream.(*pullConsumer).Messages in goroutine 49230
	/Users/jace/go/pkg/mod/github.com/nats-io/nats.go@v1.41.1/jetstream/pull.go:536 +0x78a

goroutine 49131 [sync.Cond.Wait, 1 minutes]:
sync.runtime_notifyListWait(0xc00293a590, 0x0)
	/usr/local/Cellar/go/1.24.2/libexec/src/runtime/sema.go:597 +0x159
sync.(*Cond).Wait(0xc0026469a0?)
	/usr/local/Cellar/go/1.24.2/libexec/src/sync/cond.go:71 +0x85
github.com/nats-io/nats%2ego.(*asyncCallbacksHandler).asyncCBDispatcher(0xc001cb39e0)
	/Users/jace/go/pkg/mod/github.com/nats-io/nats.go@v1.41.1/nats.go:3059 +0xdd
created by github.com/nats-io/nats%2ego.Options.Connect in goroutine 48461
	/Users/jace/go/pkg/mod/github.com/nats-io/nats.go@v1.41.1/nats.go:1635 +0x387

goroutine 54391 [select]:
github.com/nats-io/nats.go/jetstream.(*pullConsumer).Messages.func2()
	/Users/jace/go/pkg/mod/github.com/nats-io/nats.go@v1.41.1/jetstream/pull.go:538 +0x68
created by github.com/nats-io/nats.go/jetstream.(*pullConsumer).Messages in goroutine 54037
	/Users/jace/go/pkg/mod/github.com/nats-io/nats.go@v1.41.1/jetstream/pull.go:536 +0x78a

goroutine 55394 [select]:
github.com/nats-io/nats.go/jetstream.(*pullSubscription).pullMessages(0xc002198ab0, {0xc001eb80a0, 0x45})
	/Users/jace/go/pkg/mod/github.com/nats-io/nats.go@v1.41.1/jetstream/pull.go:955 +0x91
created by github.com/nats-io/nats.go/jetstream.(*pullConsumer).Messages in goroutine 55362
	/Users/jace/go/pkg/mod/github.com/nats-io/nats.go@v1.41.1/jetstream/pull.go:534 +0x748

goroutine 57287 [chan receive]:
github.com/ThreeDotsLabs/watermill/message.(*messageTransformSubscriberDecorator).Subscribe.func1()
	/Users/jace/go/pkg/mod/github.com/!three!dots!labs/watermill@v1.4.6/message/decorator.go:52 +0x85
created by github.com/ThreeDotsLabs/watermill/message.(*messageTransformSubscriberDecorator).Subscribe in goroutine 57220
	/Users/jace/go/pkg/mod/github.com/!three!dots!labs/watermill@v1.4.6/message/decorator.go:51 +0xc7

goroutine 58571 [chan receive]:
github.com/ThreeDotsLabs/watermill/message.(*messageTransformSubscriberDecorator).Subscribe.func1()
	/Users/jace/go/pkg/mod/github.com/!three!dots!labs/watermill@v1.4.6/message/decorator.go:52 +0x85
created by github.com/ThreeDotsLabs/watermill/message.(*messageTransformSubscriberDecorator).Subscribe in goroutine 58544
	/Users/jace/go/pkg/mod/github.com/!three!dots!labs/watermill@v1.4.6/message/decorator.go:51 +0xc7

goroutine 51220 [chan receive, 1 minutes]:
github.com/ThreeDotsLabs/watermill/message.(*messageTransformSubscriberDecorator).Subscribe.func1()
	/Users/jace/go/pkg/mod/github.com/!three!dots!labs/watermill@v1.4.6/message/decorator.go:52 +0x85
created by github.com/ThreeDotsLabs/watermill/message.(*messageTransformSubscriberDecorator).Subscribe in goroutine 50717
	/Users/jace/go/pkg/mod/github.com/!three!dots!labs/watermill@v1.4.6/message/decorator.go:51 +0xc7

goroutine 59933 [select]:
github.com/nats-io/nats.go/jetstream.(*pullSubscription).Next(0xc001836fc0)
	/Users/jace/go/pkg/mod/github.com/nats-io/nats.go@v1.41.1/jetstream/pull.go:589 +0x285
github.com/Black-And-White-Club/frolf-bot-shared/eventbus.(*eventBus).Subscribe.func1()
	/Users/jace/Documents/GitHub/frolf-bot-shared/eventbus/eventbus.go:326 +0x169
created by github.com/Black-And-White-Club/frolf-bot-shared/eventbus.(*eventBus).Subscribe in goroutine 59782
	/Users/jace/Documents/GitHub/frolf-bot-shared/eventbus/eventbus.go:315 +0xbf1

goroutine 50778 [select, 1 minutes]:
github.com/nats-io/nats.go/jetstream.(*pullSubscription).pullMessages(0xc001836630, {0xc001eb8fa0, 0x4f})
	/Users/jace/go/pkg/mod/github.com/nats-io/nats.go@v1.41.1/jetstream/pull.go:955 +0x91
created by github.com/nats-io/nats.go/jetstream.(*pullConsumer).Messages in goroutine 50717
	/Users/jace/go/pkg/mod/github.com/nats-io/nats.go@v1.41.1/jetstream/pull.go:534 +0x748

goroutine 54326 [chan receive]:
github.com/ThreeDotsLabs/watermill/message.(*messageTransformSubscriberDecorator).Subscribe.func1()
	/Users/jace/go/pkg/mod/github.com/!three!dots!labs/watermill@v1.4.6/message/decorator.go:52 +0x85
created by github.com/ThreeDotsLabs/watermill/message.(*messageTransformSubscriberDecorator).Subscribe in goroutine 54037
	/Users/jace/go/pkg/mod/github.com/!three!dots!labs/watermill@v1.4.6/message/decorator.go:51 +0xc7

goroutine 49187 [sync.Cond.Wait, 1 minutes]:
sync.runtime_notifyListWait(0xc002a07090, 0x0)
	/usr/local/Cellar/go/1.24.2/libexec/src/runtime/sema.go:597 +0x159
sync.(*Cond).Wait(0xc000b20c78?)
	/usr/local/Cellar/go/1.24.2/libexec/src/sync/cond.go:71 +0x85
github.com/nats-io/nats%2ego.(*asyncCallbacksHandler).asyncCBDispatcher(0xc0027f7400)
	/Users/jace/go/pkg/mod/github.com/nats-io/nats.go@v1.41.1/nats.go:3059 +0xdd
created by github.com/nats-io/nats%2ego.Options.Connect in goroutine 48461
	/Users/jace/go/pkg/mod/github.com/nats-io/nats.go@v1.41.1/nats.go:1635 +0x387

goroutine 54394 [chan receive]:
github.com/ThreeDotsLabs/watermill/message.(*handler).run(0xc002549110, {0x10a337fa0, 0xc002130eb0}, {0xc0022e5500, 0x6, 0xc001b8ef78?})
	/Users/jace/go/pkg/mod/github.com/!three!dots!labs/watermill@v1.4.6/message/router.go:645 +0x2b4
github.com/ThreeDotsLabs/watermill/message.(*Router).RunHandlers.func1()
	/Users/jace/go/pkg/mod/github.com/!three!dots!labs/watermill@v1.4.6/message/router.go:460 +0x145
created by github.com/ThreeDotsLabs/watermill/message.(*Router).RunHandlers in goroutine 54037
	/Users/jace/go/pkg/mod/github.com/!three!dots!labs/watermill@v1.4.6/message/router.go:453 +0x606

goroutine 50641 [select, 1 minutes]:
github.com/nats-io/nats.go/jetstream.(*pullConsumer).Messages.func2()
	/Users/jace/go/pkg/mod/github.com/nats-io/nats.go@v1.41.1/jetstream/pull.go:538 +0x68
created by github.com/nats-io/nats.go/jetstream.(*pullConsumer).Messages in goroutine 50717
	/Users/jace/go/pkg/mod/github.com/nats-io/nats.go@v1.41.1/jetstream/pull.go:536 +0x78a

goroutine 53074 [select]:
github.com/nats-io/nats.go/jetstream.(*pullSubscription).pullMessages(0xc00271fc20, {0xc00004f2c0, 0x50})
	/Users/jace/go/pkg/mod/github.com/nats-io/nats.go@v1.41.1/jetstream/pull.go:955 +0x91
created by github.com/nats-io/nats.go/jetstream.(*pullConsumer).Messages in goroutine 52535
	/Users/jace/go/pkg/mod/github.com/nats-io/nats.go@v1.41.1/jetstream/pull.go:534 +0x748

goroutine 52582 [chan receive]:
github.com/ThreeDotsLabs/watermill/message.(*messageTransformSubscriberDecorator).Subscribe.func1()
	/Users/jace/go/pkg/mod/github.com/!three!dots!labs/watermill@v1.4.6/message/decorator.go:52 +0x85
created by github.com/ThreeDotsLabs/watermill/message.(*messageTransformSubscriberDecorator).Subscribe in goroutine 52535
	/Users/jace/go/pkg/mod/github.com/!three!dots!labs/watermill@v1.4.6/message/decorator.go:51 +0xc7

goroutine 50639 [chan receive, 1 minutes]:
github.com/ThreeDotsLabs/watermill/message.(*handler).run(0xc00260c0d0, {0x10a337fa0, 0xc0021940a0}, {0xc001e49500, 0x6, 0x3a38303a34315430?})
	/Users/jace/go/pkg/mod/github.com/!three!dots!labs/watermill@v1.4.6/message/router.go:645 +0x2b4
github.com/ThreeDotsLabs/watermill/message.(*Router).RunHandlers.func1()
	/Users/jace/go/pkg/mod/github.com/!three!dots!labs/watermill@v1.4.6/message/router.go:460 +0x145
created by github.com/ThreeDotsLabs/watermill/message.(*Router).RunHandlers in goroutine 50717
	/Users/jace/go/pkg/mod/github.com/!three!dots!labs/watermill@v1.4.6/message/router.go:453 +0x606

goroutine 55860 [select]:
github.com/nats-io/nats.go/jetstream.(*pullSubscription).pullMessages(0xc002336cf0, {0xc0007d7630, 0x42})
	/Users/jace/go/pkg/mod/github.com/nats-io/nats.go@v1.41.1/jetstream/pull.go:955 +0x91
created by github.com/nats-io/nats.go/jetstream.(*pullConsumer).Messages in goroutine 55362
	/Users/jace/go/pkg/mod/github.com/nats-io/nats.go@v1.41.1/jetstream/pull.go:534 +0x748

goroutine 51190 [select, 1 minutes]:
github.com/nats-io/nats.go/jetstream.(*pullConsumer).Messages.func2()
	/Users/jace/go/pkg/mod/github.com/nats-io/nats.go@v1.41.1/jetstream/pull.go:538 +0x68
created by github.com/nats-io/nats.go/jetstream.(*pullConsumer).Messages in goroutine 50717
	/Users/jace/go/pkg/mod/github.com/nats-io/nats.go@v1.41.1/jetstream/pull.go:536 +0x78a

goroutine 52679 [chan receive]:
github.com/ThreeDotsLabs/watermill/message.(*handler).run(0xc001d66820, {0x10a337fa0, 0xc0028545f0}, {0xc0010f0240, 0x6, 0x0?})
	/Users/jace/go/pkg/mod/github.com/!three!dots!labs/watermill@v1.4.6/message/router.go:645 +0x2b4
github.com/ThreeDotsLabs/watermill/message.(*Router).RunHandlers.func1()
	/Users/jace/go/pkg/mod/github.com/!three!dots!labs/watermill@v1.4.6/message/router.go:460 +0x145
created by github.com/ThreeDotsLabs/watermill/message.(*Router).RunHandlers in goroutine 52535
	/Users/jace/go/pkg/mod/github.com/!three!dots!labs/watermill@v1.4.6/message/router.go:453 +0x606

goroutine 50647 [sync.Cond.Wait, 1 minutes]:
sync.runtime_notifyListWait(0xc0016c1390, 0x0)
	/usr/local/Cellar/go/1.24.2/libexec/src/runtime/sema.go:597 +0x159
sync.(*Cond).Wait(0xc0012018e8?)
	/usr/local/Cellar/go/1.24.2/libexec/src/sync/cond.go:71 +0x85
github.com/nats-io/nats%2ego.(*asyncCallbacksHandler).asyncCBDispatcher(0xc0006a81a0)
	/Users/jace/go/pkg/mod/github.com/nats-io/nats.go@v1.41.1/nats.go:3059 +0xdd
created by github.com/nats-io/nats%2ego.Options.Connect in goroutine 49885
	/Users/jace/go/pkg/mod/github.com/nats-io/nats.go@v1.41.1/nats.go:1635 +0x387

goroutine 61618 [select]:
github.com/nats-io/nats.go/jetstream.(*pullConsumer).Messages.func2()
	/Users/jace/go/pkg/mod/github.com/nats-io/nats.go@v1.41.1/jetstream/pull.go:538 +0x68
created by github.com/nats-io/nats.go/jetstream.(*pullConsumer).Messages in goroutine 61572
	/Users/jace/go/pkg/mod/github.com/nats-io/nats.go@v1.41.1/jetstream/pull.go:536 +0x78a

goroutine 51037 [select, 1 minutes]:
github.com/nats-io/nats.go/jetstream.(*pullConsumer).Messages.func2()
	/Users/jace/go/pkg/mod/github.com/nats-io/nats.go@v1.41.1/jetstream/pull.go:538 +0x68
created by github.com/nats-io/nats.go/jetstream.(*pullConsumer).Messages in goroutine 50717
	/Users/jace/go/pkg/mod/github.com/nats-io/nats.go@v1.41.1/jetstream/pull.go:536 +0x78a

goroutine 52676 [select]:
github.com/nats-io/nats.go/jetstream.(*pullConsumer).Messages.func2()
	/Users/jace/go/pkg/mod/github.com/nats-io/nats.go@v1.41.1/jetstream/pull.go:538 +0x68
created by github.com/nats-io/nats.go/jetstream.(*pullConsumer).Messages in goroutine 52535
	/Users/jace/go/pkg/mod/github.com/nats-io/nats.go@v1.41.1/jetstream/pull.go:536 +0x78a

goroutine 51017 [select, 1 minutes]:
github.com/nats-io/nats.go/jetstream.(*pullConsumer).Messages.func2()
	/Users/jace/go/pkg/mod/github.com/nats-io/nats.go@v1.41.1/jetstream/pull.go:538 +0x68
created by github.com/nats-io/nats.go/jetstream.(*pullConsumer).Messages in goroutine 50717
	/Users/jace/go/pkg/mod/github.com/nats-io/nats.go@v1.41.1/jetstream/pull.go:536 +0x78a

goroutine 57467 [chan receive]:
github.com/ThreeDotsLabs/watermill/message.(*handler).run(0xc001e8e9c0, {0x10a337fa0, 0xc002194550}, {0xc002044f00, 0x6, 0xc00280b778?})
	/Users/jace/go/pkg/mod/github.com/!three!dots!labs/watermill@v1.4.6/message/router.go:645 +0x2b4
github.com/ThreeDotsLabs/watermill/message.(*Router).RunHandlers.func1()
	/Users/jace/go/pkg/mod/github.com/!three!dots!labs/watermill@v1.4.6/message/router.go:460 +0x145
created by github.com/ThreeDotsLabs/watermill/message.(*Router).RunHandlers in goroutine 57220
	/Users/jace/go/pkg/mod/github.com/!three!dots!labs/watermill@v1.4.6/message/router.go:453 +0x606

goroutine 54143 [select]:
github.com/nats-io/nats.go/jetstream.(*pullSubscription).pullMessages(0xc001afd8c0, {0xc001eb8a00, 0x42})
	/Users/jace/go/pkg/mod/github.com/nats-io/nats.go@v1.41.1/jetstream/pull.go:955 +0x91
created by github.com/nats-io/nats.go/jetstream.(*pullConsumer).Messages in goroutine 54037
	/Users/jace/go/pkg/mod/github.com/nats-io/nats.go@v1.41.1/jetstream/pull.go:534 +0x748

goroutine 54447 [select]:
github.com/nats-io/nats.go/jetstream.(*pullSubscription).Next(0xc001209710)
	/Users/jace/go/pkg/mod/github.com/nats-io/nats.go@v1.41.1/jetstream/pull.go:589 +0x285
github.com/Black-And-White-Club/frolf-bot-shared/eventbus.(*eventBus).Subscribe.func1()
	/Users/jace/Documents/GitHub/frolf-bot-shared/eventbus/eventbus.go:326 +0x169
created by github.com/Black-And-White-Club/frolf-bot-shared/eventbus.(*eventBus).Subscribe in goroutine 55362
	/Users/jace/Documents/GitHub/frolf-bot-shared/eventbus/eventbus.go:315 +0xbf1

goroutine 50754 [select, 1 minutes]:
github.com/nats-io/nats.go/jetstream.(*pullSubscription).Next(0xc001fc2c60)
	/Users/jace/go/pkg/mod/github.com/nats-io/nats.go@v1.41.1/jetstream/pull.go:589 +0x285
github.com/Black-And-White-Club/frolf-bot-shared/eventbus.(*eventBus).Subscribe.func1()
	/Users/jace/Documents/GitHub/frolf-bot-shared/eventbus/eventbus.go:326 +0x169
created by github.com/Black-And-White-Club/frolf-bot-shared/eventbus.(*eventBus).Subscribe in goroutine 50717
	/Users/jace/Documents/GitHub/frolf-bot-shared/eventbus/eventbus.go:315 +0xbf1

goroutine 52780 [select]:
github.com/nats-io/nats.go/jetstream.(*pullSubscription).Next(0xc000123050)
	/Users/jace/go/pkg/mod/github.com/nats-io/nats.go@v1.41.1/jetstream/pull.go:589 +0x285
github.com/Black-And-White-Club/frolf-bot-shared/eventbus.(*eventBus).Subscribe.func1()
	/Users/jace/Documents/GitHub/frolf-bot-shared/eventbus/eventbus.go:326 +0x169
created by github.com/Black-And-White-Club/frolf-bot-shared/eventbus.(*eventBus).Subscribe in goroutine 52535
	/Users/jace/Documents/GitHub/frolf-bot-shared/eventbus/eventbus.go:315 +0xbf1

goroutine 52842 [select]:
github.com/nats-io/nats.go/jetstream.(*pullSubscription).pullMessages(0xc0021be240, {0xc0008b26e0, 0x4b})
	/Users/jace/go/pkg/mod/github.com/nats-io/nats.go@v1.41.1/jetstream/pull.go:955 +0x91
created by github.com/nats-io/nats.go/jetstream.(*pullConsumer).Messages in goroutine 52535
	/Users/jace/go/pkg/mod/github.com/nats-io/nats.go@v1.41.1/jetstream/pull.go:534 +0x748

goroutine 51066 [select, 1 minutes]:
github.com/nats-io/nats.go/jetstream.(*pullSubscription).pullMessages(0xc0015359e0, {0xc00179a410, 0x4b})
	/Users/jace/go/pkg/mod/github.com/nats-io/nats.go@v1.41.1/jetstream/pull.go:955 +0x91
created by github.com/nats-io/nats.go/jetstream.(*pullConsumer).Messages in goroutine 50717
	/Users/jace/go/pkg/mod/github.com/nats-io/nats.go@v1.41.1/jetstream/pull.go:534 +0x748

goroutine 51739 [select]:
github.com/nats-io/nats%2ego.(*Conn).doReconnect(0xc001bf0708, {0x10a327f28, 0x10acedb30}, 0x0)
	/Users/jace/go/pkg/mod/github.com/nats-io/nats.go@v1.41.1/nats.go:2907 +0x41a
created by github.com/nats-io/nats%2ego.(*Conn).processOpErr in goroutine 50645
	/Users/jace/go/pkg/mod/github.com/nats-io/nats.go@v1.41.1/nats.go:3043 +0x2f3

goroutine 49846 [select]:
github.com/nats-io/nats%2ego.(*Conn).doReconnect(0xc00155f108, {0x10a327f28, 0x10acedb30}, 0x0)
	/Users/jace/go/pkg/mod/github.com/nats-io/nats.go@v1.41.1/nats.go:2907 +0x41a
created by github.com/nats-io/nats%2ego.(*Conn).processOpErr in goroutine 49129
	/Users/jace/go/pkg/mod/github.com/nats-io/nats.go@v1.41.1/nats.go:3043 +0x2f3

goroutine 51016 [select, 1 minutes]:
github.com/nats-io/nats.go/jetstream.(*pullSubscription).pullMessages(0xc001ba9320, {0xc00066f940, 0x3e})
	/Users/jace/go/pkg/mod/github.com/nats-io/nats.go@v1.41.1/jetstream/pull.go:955 +0x91
created by github.com/nats-io/nats.go/jetstream.(*pullConsumer).Messages in goroutine 50717
	/Users/jace/go/pkg/mod/github.com/nats-io/nats.go@v1.41.1/jetstream/pull.go:534 +0x748

goroutine 50972 [chan receive, 1 minutes]:
github.com/ThreeDotsLabs/watermill/message.(*messageTransformSubscriberDecorator).Subscribe.func1()
	/Users/jace/go/pkg/mod/github.com/!three!dots!labs/watermill@v1.4.6/message/decorator.go:52 +0x85
created by github.com/ThreeDotsLabs/watermill/message.(*messageTransformSubscriberDecorator).Subscribe in goroutine 50717
	/Users/jace/go/pkg/mod/github.com/!three!dots!labs/watermill@v1.4.6/message/decorator.go:51 +0xc7

goroutine 52395 [sync.Cond.Wait]:
sync.runtime_notifyListWait(0xc002077d10, 0x0)
	/usr/local/Cellar/go/1.24.2/libexec/src/runtime/sema.go:597 +0x159
sync.(*Cond).Wait(0xc002bec380?)
	/usr/local/Cellar/go/1.24.2/libexec/src/sync/cond.go:71 +0x85
github.com/nats-io/nats%2ego.(*asyncCallbacksHandler).asyncCBDispatcher(0xc0022e9bc0)
	/Users/jace/go/pkg/mod/github.com/nats-io/nats.go@v1.41.1/nats.go:3059 +0xdd
created by github.com/nats-io/nats%2ego.Options.Connect in goroutine 51793
	/Users/jace/go/pkg/mod/github.com/nats-io/nats.go@v1.41.1/nats.go:1635 +0x387

goroutine 51192 [chan receive, 1 minutes]:
github.com/ThreeDotsLabs/watermill/message.(*messageTransformSubscriberDecorator).Subscribe.func1()
	/Users/jace/go/pkg/mod/github.com/!three!dots!labs/watermill@v1.4.6/message/decorator.go:52 +0x85
created by github.com/ThreeDotsLabs/watermill/message.(*messageTransformSubscriberDecorator).Subscribe in goroutine 50717
	/Users/jace/go/pkg/mod/github.com/!three!dots!labs/watermill@v1.4.6/message/decorator.go:51 +0xc7

goroutine 52608 [select]:
github.com/nats-io/nats.go/jetstream.(*pullConsumer).Messages.func2()
	/Users/jace/go/pkg/mod/github.com/nats-io/nats.go@v1.41.1/jetstream/pull.go:538 +0x68
created by github.com/nats-io/nats.go/jetstream.(*pullConsumer).Messages in goroutine 52535
	/Users/jace/go/pkg/mod/github.com/nats-io/nats.go@v1.41.1/jetstream/pull.go:536 +0x78a

goroutine 49738 [select]:
github.com/nats-io/nats%2ego.(*Conn).doReconnect(0xc00269ee08, {0x10a327f28, 0x10acedb30}, 0x0)
	/Users/jace/go/pkg/mod/github.com/nats-io/nats.go@v1.41.1/nats.go:2907 +0x41a
created by github.com/nats-io/nats%2ego.(*Conn).processOpErr in goroutine 49176
	/Users/jace/go/pkg/mod/github.com/nats-io/nats.go@v1.41.1/nats.go:3043 +0x2f3

goroutine 50638 [chan receive, 1 minutes]:
github.com/ThreeDotsLabs/watermill/message.(*messageTransformSubscriberDecorator).Subscribe.func1()
	/Users/jace/go/pkg/mod/github.com/!three!dots!labs/watermill@v1.4.6/message/decorator.go:52 +0x85
created by github.com/ThreeDotsLabs/watermill/message.(*messageTransformSubscriberDecorator).Subscribe in goroutine 50717
	/Users/jace/go/pkg/mod/github.com/!three!dots!labs/watermill@v1.4.6/message/decorator.go:51 +0xc7

goroutine 50664 [sync.Cond.Wait, 1 minutes]:
sync.runtime_notifyListWait(0xc000d097d0, 0x3f)
	/usr/local/Cellar/go/1.24.2/libexec/src/runtime/sema.go:597 +0x159
sync.(*Cond).Wait(0xc001b879c0?)
	/usr/local/Cellar/go/1.24.2/libexec/src/sync/cond.go:71 +0x85
github.com/nats-io/nats%2ego.(*Conn).waitForMsgs(0xc001bf0708, 0xc0013d25a0)
	/Users/jace/go/pkg/mod/github.com/nats-io/nats.go@v1.41.1/nats.go:3178 +0xc5
created by github.com/nats-io/nats%2ego.(*Conn).subscribeLocked in goroutine 49885
	/Users/jace/go/pkg/mod/github.com/nats-io/nats.go@v1.41.1/nats.go:4468 +0x419

goroutine 51018 [select, 1 minutes]:
github.com/nats-io/nats.go/jetstream.(*pullSubscription).Next(0xc001ba9320)
	/Users/jace/go/pkg/mod/github.com/nats-io/nats.go@v1.41.1/jetstream/pull.go:589 +0x285
github.com/Black-And-White-Club/frolf-bot-shared/eventbus.(*eventBus).Subscribe.func1()
	/Users/jace/Documents/GitHub/frolf-bot-shared/eventbus/eventbus.go:326 +0x169
created by github.com/Black-And-White-Club/frolf-bot-shared/eventbus.(*eventBus).Subscribe in goroutine 50717
	/Users/jace/Documents/GitHub/frolf-bot-shared/eventbus/eventbus.go:315 +0xbf1

goroutine 53978 [sync.Cond.Wait]:
sync.runtime_notifyListWait(0xc000115e90, 0x0)
	/usr/local/Cellar/go/1.24.2/libexec/src/runtime/sema.go:597 +0x159
sync.(*Cond).Wait(0xc002be5570?)
	/usr/local/Cellar/go/1.24.2/libexec/src/sync/cond.go:71 +0x85
github.com/nats-io/nats%2ego.(*asyncCallbacksHandler).asyncCBDispatcher(0xc002952940)
	/Users/jace/go/pkg/mod/github.com/nats-io/nats.go@v1.41.1/nats.go:3059 +0xdd
created by github.com/nats-io/nats%2ego.Options.Connect in goroutine 53021
	/Users/jace/go/pkg/mod/github.com/nats-io/nats.go@v1.41.1/nats.go:1635 +0x387

goroutine 52483 [sync.Cond.Wait]:
sync.runtime_notifyListWait(0xc00005fa90, 0x0)
	/usr/local/Cellar/go/1.24.2/libexec/src/runtime/sema.go:597 +0x159
sync.(*Cond).Wait(0xc002156c40?)
	/usr/local/Cellar/go/1.24.2/libexec/src/sync/cond.go:71 +0x85
github.com/nats-io/nats%2ego.(*asyncCallbacksHandler).asyncCBDispatcher(0xc0026cb000)
	/Users/jace/go/pkg/mod/github.com/nats-io/nats.go@v1.41.1/nats.go:3059 +0xdd
created by github.com/nats-io/nats%2ego.Options.Connect in goroutine 51793
	/Users/jace/go/pkg/mod/github.com/nats-io/nats.go@v1.41.1/nats.go:1635 +0x387

goroutine 52691 [chan receive]:
github.com/ThreeDotsLabs/watermill/message.(*handler).run(0xc001d66a90, {0x10a337fa0, 0xc002d214f0}, {0xc0011b2300, 0x6, 0xc001c49f78?})
	/Users/jace/go/pkg/mod/github.com/!three!dots!labs/watermill@v1.4.6/message/router.go:645 +0x2b4
github.com/ThreeDotsLabs/watermill/message.(*Router).RunHandlers.func1()
	/Users/jace/go/pkg/mod/github.com/!three!dots!labs/watermill@v1.4.6/message/router.go:460 +0x145
created by github.com/ThreeDotsLabs/watermill/message.(*Router).RunHandlers in goroutine 52535
	/Users/jace/go/pkg/mod/github.com/!three!dots!labs/watermill@v1.4.6/message/router.go:453 +0x606

goroutine 50756 [chan receive, 1 minutes]:
github.com/ThreeDotsLabs/watermill/message.(*handler).run(0xc00260c8f0, {0x10a337fa0, 0xc001facf00}, {0xc001e495c0, 0x6, 0x0?})
	/Users/jace/go/pkg/mod/github.com/!three!dots!labs/watermill@v1.4.6/message/router.go:645 +0x2b4
github.com/ThreeDotsLabs/watermill/message.(*Router).RunHandlers.func1()
	/Users/jace/go/pkg/mod/github.com/!three!dots!labs/watermill@v1.4.6/message/router.go:460 +0x145
created by github.com/ThreeDotsLabs/watermill/message.(*Router).RunHandlers in goroutine 50717
	/Users/jace/go/pkg/mod/github.com/!three!dots!labs/watermill@v1.4.6/message/router.go:453 +0x606

goroutine 50933 [select, 1 minutes]:
github.com/nats-io/nats.go/jetstream.(*pullSubscription).Next(0xc001afc120)
	/Users/jace/go/pkg/mod/github.com/nats-io/nats.go@v1.41.1/jetstream/pull.go:589 +0x285
github.com/Black-And-White-Club/frolf-bot-shared/eventbus.(*eventBus).Subscribe.func1()
	/Users/jace/Documents/GitHub/frolf-bot-shared/eventbus/eventbus.go:326 +0x169
created by github.com/Black-And-White-Club/frolf-bot-shared/eventbus.(*eventBus).Subscribe in goroutine 50717
	/Users/jace/Documents/GitHub/frolf-bot-shared/eventbus/eventbus.go:315 +0xbf1

goroutine 54317 [select]:
github.com/nats-io/nats.go/jetstream.(*pullSubscription).Next(0xc000b753b0)
	/Users/jace/go/pkg/mod/github.com/nats-io/nats.go@v1.41.1/jetstream/pull.go:589 +0x285
github.com/Black-And-White-Club/frolf-bot-shared/eventbus.(*eventBus).Subscribe.func1()
	/Users/jace/Documents/GitHub/frolf-bot-shared/eventbus/eventbus.go:326 +0x169
created by github.com/Black-And-White-Club/frolf-bot-shared/eventbus.(*eventBus).Subscribe in goroutine 54037
	/Users/jace/Documents/GitHub/frolf-bot-shared/eventbus/eventbus.go:315 +0xbf1

goroutine 54308 [chan receive]:
github.com/ThreeDotsLabs/watermill/message.(*messageTransformSubscriberDecorator).Subscribe.func1()
	/Users/jace/go/pkg/mod/github.com/!three!dots!labs/watermill@v1.4.6/message/decorator.go:52 +0x85
created by github.com/ThreeDotsLabs/watermill/message.(*messageTransformSubscriberDecorator).Subscribe in goroutine 54037
	/Users/jace/go/pkg/mod/github.com/!three!dots!labs/watermill@v1.4.6/message/decorator.go:51 +0xc7

goroutine 50663 [sync.Cond.Wait, 1 minutes]:
sync.runtime_notifyListWait(0xc000fc34d0, 0x0)
	/usr/local/Cellar/go/1.24.2/libexec/src/runtime/sema.go:597 +0x159
sync.(*Cond).Wait(0xc002156770?)
	/usr/local/Cellar/go/1.24.2/libexec/src/sync/cond.go:71 +0x85
github.com/nats-io/nats%2ego.(*asyncCallbacksHandler).asyncCBDispatcher(0xc000a23540)
	/Users/jace/go/pkg/mod/github.com/nats-io/nats.go@v1.41.1/nats.go:3059 +0xdd
created by github.com/nats-io/nats%2ego.Options.Connect in goroutine 49885
	/Users/jace/go/pkg/mod/github.com/nats-io/nats.go@v1.41.1/nats.go:1635 +0x387

goroutine 50755 [chan receive, 1 minutes]:
github.com/ThreeDotsLabs/watermill/message.(*messageTransformSubscriberDecorator).Subscribe.func1()
	/Users/jace/go/pkg/mod/github.com/!three!dots!labs/watermill@v1.4.6/message/decorator.go:52 +0x85
created by github.com/ThreeDotsLabs/watermill/message.(*messageTransformSubscriberDecorator).Subscribe in goroutine 50717
	/Users/jace/go/pkg/mod/github.com/!three!dots!labs/watermill@v1.4.6/message/decorator.go:51 +0xc7

goroutine 61919 [chan receive]:
github.com/ThreeDotsLabs/watermill/message.(*messageTransformSubscriberDecorator).Subscribe.func1()
	/Users/jace/go/pkg/mod/github.com/!three!dots!labs/watermill@v1.4.6/message/decorator.go:52 +0x85
created by github.com/ThreeDotsLabs/watermill/message.(*messageTransformSubscriberDecorator).Subscribe in goroutine 61572
	/Users/jace/go/pkg/mod/github.com/!three!dots!labs/watermill@v1.4.6/message/decorator.go:51 +0xc7

goroutine 49257 [select, 1 minutes]:
github.com/nats-io/nats.go/jetstream.(*pullConsumer).Messages.func2()
	/Users/jace/go/pkg/mod/github.com/nats-io/nats.go@v1.41.1/jetstream/pull.go:538 +0x68
created by github.com/nats-io/nats.go/jetstream.(*pullConsumer).Messages in goroutine 49230
	/Users/jace/go/pkg/mod/github.com/nats-io/nats.go@v1.41.1/jetstream/pull.go:536 +0x78a

goroutine 49326 [select, 1 minutes]:
github.com/nats-io/nats.go/jetstream.(*pullSubscription).pullMessages(0xc00294f3b0, {0xc0008b28c0, 0x45})
	/Users/jace/go/pkg/mod/github.com/nats-io/nats.go@v1.41.1/jetstream/pull.go:955 +0x91
created by github.com/nats-io/nats.go/jetstream.(*pullConsumer).Messages in goroutine 49230
	/Users/jace/go/pkg/mod/github.com/nats-io/nats.go@v1.41.1/jetstream/pull.go:534 +0x748

goroutine 57401 [chan receive]:
github.com/ThreeDotsLabs/watermill/message.(*handler).run(0xc001e8f930, {0x10a337fa0, 0xc001bdaf00}, {0xc0013aeb40, 0x6, 0xc0023bdf78?})
	/Users/jace/go/pkg/mod/github.com/!three!dots!labs/watermill@v1.4.6/message/router.go:645 +0x2b4
github.com/ThreeDotsLabs/watermill/message.(*Router).RunHandlers.func1()
	/Users/jace/go/pkg/mod/github.com/!three!dots!labs/watermill@v1.4.6/message/router.go:460 +0x145
created by github.com/ThreeDotsLabs/watermill/message.(*Router).RunHandlers in goroutine 57220
	/Users/jace/go/pkg/mod/github.com/!three!dots!labs/watermill@v1.4.6/message/router.go:453 +0x606

goroutine 49234 [select, 1 minutes]:
github.com/nats-io/nats.go/jetstream.(*pullSubscription).pullMessages(0xc00294e2d0, {0xc0008b2690, 0x4b})
	/Users/jace/go/pkg/mod/github.com/nats-io/nats.go@v1.41.1/jetstream/pull.go:955 +0x91
created by github.com/nats-io/nats.go/jetstream.(*pullConsumer).Messages in goroutine 49230
	/Users/jace/go/pkg/mod/github.com/nats-io/nats.go@v1.41.1/jetstream/pull.go:534 +0x748

goroutine 49235 [select, 1 minutes]:
github.com/nats-io/nats.go/jetstream.(*pullConsumer).Messages.func2()
	/Users/jace/go/pkg/mod/github.com/nats-io/nats.go@v1.41.1/jetstream/pull.go:538 +0x68
created by github.com/nats-io/nats.go/jetstream.(*pullConsumer).Messages in goroutine 49230
	/Users/jace/go/pkg/mod/github.com/nats-io/nats.go@v1.41.1/jetstream/pull.go:536 +0x78a

goroutine 49236 [select, 1 minutes]:
github.com/nats-io/nats.go/jetstream.(*pullSubscription).Next(0xc00294e2d0)
	/Users/jace/go/pkg/mod/github.com/nats-io/nats.go@v1.41.1/jetstream/pull.go:589 +0x285
github.com/Black-And-White-Club/frolf-bot-shared/eventbus.(*eventBus).Subscribe.func1()
	/Users/jace/Documents/GitHub/frolf-bot-shared/eventbus/eventbus.go:326 +0x169
created by github.com/Black-And-White-Club/frolf-bot-shared/eventbus.(*eventBus).Subscribe in goroutine 49230
	/Users/jace/Documents/GitHub/frolf-bot-shared/eventbus/eventbus.go:315 +0xbf1

goroutine 49237 [chan receive, 1 minutes]:
github.com/ThreeDotsLabs/watermill/message.(*messageTransformSubscriberDecorator).Subscribe.func1()
	/Users/jace/go/pkg/mod/github.com/!three!dots!labs/watermill@v1.4.6/message/decorator.go:52 +0x85
created by github.com/ThreeDotsLabs/watermill/message.(*messageTransformSubscriberDecorator).Subscribe in goroutine 49230
	/Users/jace/go/pkg/mod/github.com/!three!dots!labs/watermill@v1.4.6/message/decorator.go:51 +0xc7

goroutine 49238 [chan receive, 1 minutes]:
github.com/ThreeDotsLabs/watermill/message.(*handler).run(0xc002677110, {0x10a337fa0, 0xc001d6a1e0}, {0xc00196c0c0, 0x6, 0xc001fb4778?})
	/Users/jace/go/pkg/mod/github.com/!three!dots!labs/watermill@v1.4.6/message/router.go:645 +0x2b4
github.com/ThreeDotsLabs/watermill/message.(*Router).RunHandlers.func1()
	/Users/jace/go/pkg/mod/github.com/!three!dots!labs/watermill@v1.4.6/message/router.go:460 +0x145
created by github.com/ThreeDotsLabs/watermill/message.(*Router).RunHandlers in goroutine 49230
	/Users/jace/go/pkg/mod/github.com/!three!dots!labs/watermill@v1.4.6/message/router.go:453 +0x606

goroutine 58468 [sync.WaitGroup.Wait]:
sync.runtime_SemacquireWaitGroup(0x0?)
	/usr/local/Cellar/go/1.24.2/libexec/src/runtime/sema.go:110 +0x25
sync.(*WaitGroup).Wait(0xc001bb9830?)
	/usr/local/Cellar/go/1.24.2/libexec/src/sync/waitgroup.go:118 +0x48
github.com/ThreeDotsLabs/watermill/message.(*Router).watchAllHandlersStopped.func1()
	/Users/jace/go/pkg/mod/github.com/!three!dots!labs/watermill@v1.4.6/message/router.go:498 +0x86
created by github.com/ThreeDotsLabs/watermill/message.(*Router).watchAllHandlersStopped in goroutine 58544
	/Users/jace/go/pkg/mod/github.com/!three!dots!labs/watermill@v1.4.6/message/router.go:484 +0xec

goroutine 49498 [select, 1 minutes]:
github.com/nats-io/nats.go/jetstream.(*pullSubscription).pullMessages(0xc001f5cbd0, {0xc002034f40, 0x3e})
	/Users/jace/go/pkg/mod/github.com/nats-io/nats.go@v1.41.1/jetstream/pull.go:955 +0x91
created by github.com/nats-io/nats.go/jetstream.(*pullConsumer).Messages in goroutine 49230
	/Users/jace/go/pkg/mod/github.com/nats-io/nats.go@v1.41.1/jetstream/pull.go:534 +0x748

goroutine 58706 [select]:
github.com/nats-io/nats.go/jetstream.(*pullConsumer).Messages.func2()
	/Users/jace/go/pkg/mod/github.com/nats-io/nats.go@v1.41.1/jetstream/pull.go:538 +0x68
created by github.com/nats-io/nats.go/jetstream.(*pullConsumer).Messages in goroutine 58544
	/Users/jace/go/pkg/mod/github.com/nats-io/nats.go@v1.41.1/jetstream/pull.go:536 +0x78a

goroutine 49624 [select, 1 minutes]:
github.com/nats-io/nats.go/jetstream.(*pullSubscription).pullMessages(0xc00288d4d0, {0xc001a3ca80, 0x5a})
	/Users/jace/go/pkg/mod/github.com/nats-io/nats.go@v1.41.1/jetstream/pull.go:955 +0x91
created by github.com/nats-io/nats.go/jetstream.(*pullConsumer).Messages in goroutine 49230
	/Users/jace/go/pkg/mod/github.com/nats-io/nats.go@v1.41.1/jetstream/pull.go:534 +0x748

goroutine 50669 [chan receive, 1 minutes]:
github.com/ThreeDotsLabs/watermill/message.(*handler).run(0xc00260cb60, {0x10a337fa0, 0xc000366870}, {0xc002920f00, 0x6, 0x0?})
	/Users/jace/go/pkg/mod/github.com/!three!dots!labs/watermill@v1.4.6/message/router.go:645 +0x2b4
github.com/ThreeDotsLabs/watermill/message.(*Router).RunHandlers.func1()
	/Users/jace/go/pkg/mod/github.com/!three!dots!labs/watermill@v1.4.6/message/router.go:460 +0x145
created by github.com/ThreeDotsLabs/watermill/message.(*Router).RunHandlers in goroutine 50717
	/Users/jace/go/pkg/mod/github.com/!three!dots!labs/watermill@v1.4.6/message/router.go:453 +0x606

goroutine 49372 [select, 1 minutes]:
github.com/nats-io/nats.go/jetstream.(*pullSubscription).Next(0xc002b4f830)
	/Users/jace/go/pkg/mod/github.com/nats-io/nats.go@v1.41.1/jetstream/pull.go:589 +0x285
github.com/Black-And-White-Club/frolf-bot-shared/eventbus.(*eventBus).Subscribe.func1()
	/Users/jace/Documents/GitHub/frolf-bot-shared/eventbus/eventbus.go:326 +0x169
created by github.com/Black-And-White-Club/frolf-bot-shared/eventbus.(*eventBus).Subscribe in goroutine 49230
	/Users/jace/Documents/GitHub/frolf-bot-shared/eventbus/eventbus.go:315 +0xbf1

goroutine 49334 [chan receive, 1 minutes]:
github.com/ThreeDotsLabs/watermill/message.(*handler).run(0xc002677e10, {0x10a337fa0, 0xc001b62640}, {0xc0029200c0, 0x6, 0x0?})
	/Users/jace/go/pkg/mod/github.com/!three!dots!labs/watermill@v1.4.6/message/router.go:645 +0x2b4
github.com/ThreeDotsLabs/watermill/message.(*Router).RunHandlers.func1()
	/Users/jace/go/pkg/mod/github.com/!three!dots!labs/watermill@v1.4.6/message/router.go:460 +0x145
created by github.com/ThreeDotsLabs/watermill/message.(*Router).RunHandlers in goroutine 49230
	/Users/jace/go/pkg/mod/github.com/!three!dots!labs/watermill@v1.4.6/message/router.go:453 +0x606

goroutine 62006 [select]:
github.com/nats-io/nats.go/jetstream.(*pullSubscription).Next(0xc003530b40)
	/Users/jace/go/pkg/mod/github.com/nats-io/nats.go@v1.41.1/jetstream/pull.go:589 +0x285
github.com/Black-And-White-Club/frolf-bot-shared/eventbus.(*eventBus).Subscribe.func1()
	/Users/jace/Documents/GitHub/frolf-bot-shared/eventbus/eventbus.go:326 +0x169
created by github.com/Black-And-White-Club/frolf-bot-shared/eventbus.(*eventBus).Subscribe in goroutine 61572
	/Users/jace/Documents/GitHub/frolf-bot-shared/eventbus/eventbus.go:315 +0xbf1

goroutine 55665 [select]:
github.com/nats-io/nats.go/jetstream.(*pullConsumer).Messages.func2()
	/Users/jace/go/pkg/mod/github.com/nats-io/nats.go@v1.41.1/jetstream/pull.go:538 +0x68
created by github.com/nats-io/nats.go/jetstream.(*pullConsumer).Messages in goroutine 55362
	/Users/jace/go/pkg/mod/github.com/nats-io/nats.go@v1.41.1/jetstream/pull.go:536 +0x78a

goroutine 49402 [select, 1 minutes]:
github.com/nats-io/nats.go/jetstream.(*pullSubscription).Next(0xc001c91c20)
	/Users/jace/go/pkg/mod/github.com/nats-io/nats.go@v1.41.1/jetstream/pull.go:589 +0x285
github.com/Black-And-White-Club/frolf-bot-shared/eventbus.(*eventBus).Subscribe.func1()
	/Users/jace/Documents/GitHub/frolf-bot-shared/eventbus/eventbus.go:326 +0x169
created by github.com/Black-And-White-Club/frolf-bot-shared/eventbus.(*eventBus).Subscribe in goroutine 49230
	/Users/jace/Documents/GitHub/frolf-bot-shared/eventbus/eventbus.go:315 +0xbf1

goroutine 49317 [select, 1 minutes]:
github.com/nats-io/nats.go/jetstream.(*pullSubscription).Next(0xc00294ec60)
	/Users/jace/go/pkg/mod/github.com/nats-io/nats.go@v1.41.1/jetstream/pull.go:589 +0x285
github.com/Black-And-White-Club/frolf-bot-shared/eventbus.(*eventBus).Subscribe.func1()
	/Users/jace/Documents/GitHub/frolf-bot-shared/eventbus/eventbus.go:326 +0x169
created by github.com/Black-And-White-Club/frolf-bot-shared/eventbus.(*eventBus).Subscribe in goroutine 49230
	/Users/jace/Documents/GitHub/frolf-bot-shared/eventbus/eventbus.go:315 +0xbf1

goroutine 49315 [select, 1 minutes]:
github.com/nats-io/nats.go/jetstream.(*pullSubscription).pullMessages(0xc00294ec60, {0xc0017e8060, 0x52})
	/Users/jace/go/pkg/mod/github.com/nats-io/nats.go@v1.41.1/jetstream/pull.go:955 +0x91
created by github.com/nats-io/nats.go/jetstream.(*pullConsumer).Messages in goroutine 49230
	/Users/jace/go/pkg/mod/github.com/nats-io/nats.go@v1.41.1/jetstream/pull.go:534 +0x748

goroutine 49319 [chan receive, 1 minutes]:
github.com/ThreeDotsLabs/watermill/message.(*handler).run(0xc002958000, {0x10a337fa0, 0xc000994d20}, {0xc00196c240, 0x6, 0xc001ce6778?})
	/Users/jace/go/pkg/mod/github.com/!three!dots!labs/watermill@v1.4.6/message/router.go:645 +0x2b4
github.com/ThreeDotsLabs/watermill/message.(*Router).RunHandlers.func1()
	/Users/jace/go/pkg/mod/github.com/!three!dots!labs/watermill@v1.4.6/message/router.go:460 +0x145
created by github.com/ThreeDotsLabs/watermill/message.(*Router).RunHandlers in goroutine 49230
	/Users/jace/go/pkg/mod/github.com/!three!dots!labs/watermill@v1.4.6/message/router.go:453 +0x606

goroutine 50932 [select, 1 minutes]:
github.com/nats-io/nats.go/jetstream.(*pullConsumer).Messages.func2()
	/Users/jace/go/pkg/mod/github.com/nats-io/nats.go@v1.41.1/jetstream/pull.go:538 +0x68
created by github.com/nats-io/nats.go/jetstream.(*pullConsumer).Messages in goroutine 50717
	/Users/jace/go/pkg/mod/github.com/nats-io/nats.go@v1.41.1/jetstream/pull.go:536 +0x78a

goroutine 55397 [chan receive]:
github.com/ThreeDotsLabs/watermill/message.(*messageTransformSubscriberDecorator).Subscribe.func1()
	/Users/jace/go/pkg/mod/github.com/!three!dots!labs/watermill@v1.4.6/message/decorator.go:52 +0x85
created by github.com/ThreeDotsLabs/watermill/message.(*messageTransformSubscriberDecorator).Subscribe in goroutine 55362
	/Users/jace/go/pkg/mod/github.com/!three!dots!labs/watermill@v1.4.6/message/decorator.go:51 +0xc7

goroutine 52487 [sync.Cond.Wait]:
sync.runtime_notifyListWait(0xc00222e290, 0x2)
	/usr/local/Cellar/go/1.24.2/libexec/src/runtime/sema.go:597 +0x159
sync.(*Cond).Wait(0xc0019ca290?)
	/usr/local/Cellar/go/1.24.2/libexec/src/sync/cond.go:71 +0x85
github.com/nats-io/nats%2ego.(*Conn).waitForMsgs(0xc0025c8008, 0xc001c621e0)
	/Users/jace/go/pkg/mod/github.com/nats-io/nats.go@v1.41.1/nats.go:3178 +0xc5
created by github.com/nats-io/nats%2ego.(*Conn).subscribeLocked in goroutine 51793
	/Users/jace/go/pkg/mod/github.com/nats-io/nats.go@v1.41.1/nats.go:4468 +0x419

goroutine 54306 [select]:
github.com/nats-io/nats.go/jetstream.(*pullConsumer).Messages.func2()
	/Users/jace/go/pkg/mod/github.com/nats-io/nats.go@v1.41.1/jetstream/pull.go:538 +0x68
created by github.com/nats-io/nats.go/jetstream.(*pullConsumer).Messages in goroutine 54037
	/Users/jace/go/pkg/mod/github.com/nats-io/nats.go@v1.41.1/jetstream/pull.go:536 +0x78a

goroutine 56297 [sync.WaitGroup.Wait]:
sync.runtime_SemacquireWaitGroup(0xc00231c000?)
	/usr/local/Cellar/go/1.24.2/libexec/src/runtime/sema.go:110 +0x25
sync.(*WaitGroup).Wait(0xc002fc9730?)
	/usr/local/Cellar/go/1.24.2/libexec/src/sync/waitgroup.go:118 +0x48
github.com/ThreeDotsLabs/watermill/pubsub/sync.WaitGroupTimeout.func1()
	/Users/jace/go/pkg/mod/github.com/!three!dots!labs/watermill@v1.4.6/pubsub/sync/waitgroup.go:13 +0x25
created by github.com/ThreeDotsLabs/watermill/pubsub/sync.WaitGroupTimeout in goroutine 54610
	/Users/jace/go/pkg/mod/github.com/!three!dots!labs/watermill@v1.4.6/pubsub/sync/waitgroup.go:12 +0x85

goroutine 49431 [select, 1 minutes]:
github.com/nats-io/nats.go/jetstream.(*pullConsumer).Messages.func2()
	/Users/jace/go/pkg/mod/github.com/nats-io/nats.go@v1.41.1/jetstream/pull.go:538 +0x68
created by github.com/nats-io/nats.go/jetstream.(*pullConsumer).Messages in goroutine 49230
	/Users/jace/go/pkg/mod/github.com/nats-io/nats.go@v1.41.1/jetstream/pull.go:536 +0x78a

goroutine 49328 [select, 1 minutes]:
github.com/nats-io/nats.go/jetstream.(*pullSubscription).Next(0xc00294f3b0)
	/Users/jace/go/pkg/mod/github.com/nats-io/nats.go@v1.41.1/jetstream/pull.go:589 +0x285
github.com/Black-And-White-Club/frolf-bot-shared/eventbus.(*eventBus).Subscribe.func1()
	/Users/jace/Documents/GitHub/frolf-bot-shared/eventbus/eventbus.go:326 +0x169
created by github.com/Black-And-White-Club/frolf-bot-shared/eventbus.(*eventBus).Subscribe in goroutine 49230
	/Users/jace/Documents/GitHub/frolf-bot-shared/eventbus/eventbus.go:315 +0xbf1

goroutine 49329 [chan receive, 1 minutes]:
github.com/ThreeDotsLabs/watermill/message.(*messageTransformSubscriberDecorator).Subscribe.func1()
	/Users/jace/go/pkg/mod/github.com/!three!dots!labs/watermill@v1.4.6/message/decorator.go:52 +0x85
created by github.com/ThreeDotsLabs/watermill/message.(*messageTransformSubscriberDecorator).Subscribe in goroutine 49230
	/Users/jace/go/pkg/mod/github.com/!three!dots!labs/watermill@v1.4.6/message/decorator.go:51 +0xc7

goroutine 49378 [chan receive, 1 minutes]:
github.com/ThreeDotsLabs/watermill/message.(*handler).run(0xc002958270, {0x10a337fa0, 0xc001b62eb0}, {0xc000a52000, 0x6, 0x100010000?})
	/Users/jace/go/pkg/mod/github.com/!three!dots!labs/watermill@v1.4.6/message/router.go:645 +0x2b4
github.com/ThreeDotsLabs/watermill/message.(*Router).RunHandlers.func1()
	/Users/jace/go/pkg/mod/github.com/!three!dots!labs/watermill@v1.4.6/message/router.go:460 +0x145
created by github.com/ThreeDotsLabs/watermill/message.(*Router).RunHandlers in goroutine 49230
	/Users/jace/go/pkg/mod/github.com/!three!dots!labs/watermill@v1.4.6/message/router.go:453 +0x606

goroutine 49400 [select, 1 minutes]:
github.com/nats-io/nats.go/jetstream.(*pullSubscription).pullMessages(0xc001c91c20, {0xc00004eb90, 0x4f})
	/Users/jace/go/pkg/mod/github.com/nats-io/nats.go@v1.41.1/jetstream/pull.go:955 +0x91
created by github.com/nats-io/nats.go/jetstream.(*pullConsumer).Messages in goroutine 49230
	/Users/jace/go/pkg/mod/github.com/nats-io/nats.go@v1.41.1/jetstream/pull.go:534 +0x748

goroutine 49403 [chan receive, 1 minutes]:
github.com/ThreeDotsLabs/watermill/message.(*messageTransformSubscriberDecorator).Subscribe.func1()
	/Users/jace/go/pkg/mod/github.com/!three!dots!labs/watermill@v1.4.6/message/decorator.go:52 +0x85
created by github.com/ThreeDotsLabs/watermill/message.(*messageTransformSubscriberDecorator).Subscribe in goroutine 49230
	/Users/jace/go/pkg/mod/github.com/!three!dots!labs/watermill@v1.4.6/message/decorator.go:51 +0xc7

goroutine 57231 [chan receive]:
github.com/ThreeDotsLabs/watermill/message.(*handler).run(0xc001e8f380, {0x10a337fa0, 0xc0021ffb30}, {0xc001e7d380, 0x6, 0x0?})
	/Users/jace/go/pkg/mod/github.com/!three!dots!labs/watermill@v1.4.6/message/router.go:645 +0x2b4
github.com/ThreeDotsLabs/watermill/message.(*Router).RunHandlers.func1()
	/Users/jace/go/pkg/mod/github.com/!three!dots!labs/watermill@v1.4.6/message/router.go:460 +0x145
created by github.com/ThreeDotsLabs/watermill/message.(*Router).RunHandlers in goroutine 57220
	/Users/jace/go/pkg/mod/github.com/!three!dots!labs/watermill@v1.4.6/message/router.go:453 +0x606

goroutine 49308 [select, 1 minutes]:
github.com/nats-io/nats.go/jetstream.(*pullSubscription).pullMessages(0xc0026ccfc0, {0xc00017e3c0, 0x4b})
	/Users/jace/go/pkg/mod/github.com/nats-io/nats.go@v1.41.1/jetstream/pull.go:955 +0x91
created by github.com/nats-io/nats.go/jetstream.(*pullConsumer).Messages in goroutine 49230
	/Users/jace/go/pkg/mod/github.com/nats-io/nats.go@v1.41.1/jetstream/pull.go:534 +0x748

goroutine 49309 [select, 1 minutes]:
github.com/nats-io/nats.go/jetstream.(*pullConsumer).Messages.func2()
	/Users/jace/go/pkg/mod/github.com/nats-io/nats.go@v1.41.1/jetstream/pull.go:538 +0x68
created by github.com/nats-io/nats.go/jetstream.(*pullConsumer).Messages in goroutine 49230
	/Users/jace/go/pkg/mod/github.com/nats-io/nats.go@v1.41.1/jetstream/pull.go:536 +0x78a

goroutine 49310 [select, 1 minutes]:
github.com/nats-io/nats.go/jetstream.(*pullSubscription).Next(0xc0026ccfc0)
	/Users/jace/go/pkg/mod/github.com/nats-io/nats.go@v1.41.1/jetstream/pull.go:589 +0x285
github.com/Black-And-White-Club/frolf-bot-shared/eventbus.(*eventBus).Subscribe.func1()
	/Users/jace/Documents/GitHub/frolf-bot-shared/eventbus/eventbus.go:326 +0x169
created by github.com/Black-And-White-Club/frolf-bot-shared/eventbus.(*eventBus).Subscribe in goroutine 49230
	/Users/jace/Documents/GitHub/frolf-bot-shared/eventbus/eventbus.go:315 +0xbf1

goroutine 49311 [chan receive, 1 minutes]:
github.com/ThreeDotsLabs/watermill/message.(*messageTransformSubscriberDecorator).Subscribe.func1()
	/Users/jace/go/pkg/mod/github.com/!three!dots!labs/watermill@v1.4.6/message/decorator.go:52 +0x85
created by github.com/ThreeDotsLabs/watermill/message.(*messageTransformSubscriberDecorator).Subscribe in goroutine 49230
	/Users/jace/go/pkg/mod/github.com/!three!dots!labs/watermill@v1.4.6/message/decorator.go:51 +0xc7

goroutine 49312 [chan receive, 1 minutes]:
github.com/ThreeDotsLabs/watermill/message.(*handler).run(0xc0026771e0, {0x10a337fa0, 0xc001e52a50}, {0xc0008e80c0, 0x6, 0x0?})
	/Users/jace/go/pkg/mod/github.com/!three!dots!labs/watermill@v1.4.6/message/router.go:645 +0x2b4
github.com/ThreeDotsLabs/watermill/message.(*Router).RunHandlers.func1()
	/Users/jace/go/pkg/mod/github.com/!three!dots!labs/watermill@v1.4.6/message/router.go:460 +0x145
created by github.com/ThreeDotsLabs/watermill/message.(*Router).RunHandlers in goroutine 49230
	/Users/jace/go/pkg/mod/github.com/!three!dots!labs/watermill@v1.4.6/message/router.go:453 +0x606

goroutine 54453 [chan receive]:
github.com/ThreeDotsLabs/watermill/message.(*handler).run(0xc002549d40, {0x10a337fa0, 0xc000367450}, {0xc0011b2d80, 0x6, 0x1000000010000?})
	/Users/jace/go/pkg/mod/github.com/!three!dots!labs/watermill@v1.4.6/message/router.go:645 +0x2b4
github.com/ThreeDotsLabs/watermill/message.(*Router).RunHandlers.func1()
	/Users/jace/go/pkg/mod/github.com/!three!dots!labs/watermill@v1.4.6/message/router.go:460 +0x145
created by github.com/ThreeDotsLabs/watermill/message.(*Router).RunHandlers in goroutine 54037
	/Users/jace/go/pkg/mod/github.com/!three!dots!labs/watermill@v1.4.6/message/router.go:453 +0x606

goroutine 49667 [select, 1 minutes]:
github.com/nats-io/nats.go/jetstream.(*pullConsumer).Messages.func2()
	/Users/jace/go/pkg/mod/github.com/nats-io/nats.go@v1.41.1/jetstream/pull.go:538 +0x68
created by github.com/nats-io/nats.go/jetstream.(*pullConsumer).Messages in goroutine 49230
	/Users/jace/go/pkg/mod/github.com/nats-io/nats.go@v1.41.1/jetstream/pull.go:536 +0x78a

goroutine 50668 [chan receive, 1 minutes]:
github.com/ThreeDotsLabs/watermill/message.(*messageTransformSubscriberDecorator).Subscribe.func1()
	/Users/jace/go/pkg/mod/github.com/!three!dots!labs/watermill@v1.4.6/message/decorator.go:52 +0x85
created by github.com/ThreeDotsLabs/watermill/message.(*messageTransformSubscriberDecorator).Subscribe in goroutine 50717
	/Users/jace/go/pkg/mod/github.com/!three!dots!labs/watermill@v1.4.6/message/decorator.go:51 +0xc7

goroutine 49480 [select, 1 minutes]:
github.com/nats-io/nats.go/jetstream.(*pullConsumer).Messages.func2()
	/Users/jace/go/pkg/mod/github.com/nats-io/nats.go@v1.41.1/jetstream/pull.go:538 +0x68
created by github.com/nats-io/nats.go/jetstream.(*pullConsumer).Messages in goroutine 49230
	/Users/jace/go/pkg/mod/github.com/nats-io/nats.go@v1.41.1/jetstream/pull.go:536 +0x78a

goroutine 49479 [select, 1 minutes]:
github.com/nats-io/nats.go/jetstream.(*pullSubscription).pullMessages(0xc001ac1c20, {0xc000131fc0, 0x3e})
	/Users/jace/go/pkg/mod/github.com/nats-io/nats.go@v1.41.1/jetstream/pull.go:955 +0x91
created by github.com/nats-io/nats.go/jetstream.(*pullConsumer).Messages in goroutine 49230
	/Users/jace/go/pkg/mod/github.com/nats-io/nats.go@v1.41.1/jetstream/pull.go:534 +0x748

goroutine 49482 [chan receive, 1 minutes]:
github.com/ThreeDotsLabs/watermill/message.(*messageTransformSubscriberDecorator).Subscribe.func1()
	/Users/jace/go/pkg/mod/github.com/!three!dots!labs/watermill@v1.4.6/message/decorator.go:52 +0x85
created by github.com/ThreeDotsLabs/watermill/message.(*messageTransformSubscriberDecorator).Subscribe in goroutine 49230
	/Users/jace/go/pkg/mod/github.com/!three!dots!labs/watermill@v1.4.6/message/decorator.go:51 +0xc7

goroutine 49502 [chan receive, 1 minutes]:
github.com/ThreeDotsLabs/watermill/message.(*handler).run(0xc002677ad0, {0x10a337fa0, 0xc001e538b0}, {0xc00196c480, 0x6, 0x10912dfe5?})
	/Users/jace/go/pkg/mod/github.com/!three!dots!labs/watermill@v1.4.6/message/router.go:645 +0x2b4
github.com/ThreeDotsLabs/watermill/message.(*Router).RunHandlers.func1()
	/Users/jace/go/pkg/mod/github.com/!three!dots!labs/watermill@v1.4.6/message/router.go:460 +0x145
created by github.com/ThreeDotsLabs/watermill/message.(*Router).RunHandlers in goroutine 49230
	/Users/jace/go/pkg/mod/github.com/!three!dots!labs/watermill@v1.4.6/message/router.go:453 +0x606

goroutine 49500 [select, 1 minutes]:
github.com/nats-io/nats.go/jetstream.(*pullSubscription).Next(0xc001f5cbd0)
	/Users/jace/go/pkg/mod/github.com/nats-io/nats.go@v1.41.1/jetstream/pull.go:589 +0x285
github.com/Black-And-White-Club/frolf-bot-shared/eventbus.(*eventBus).Subscribe.func1()
	/Users/jace/Documents/GitHub/frolf-bot-shared/eventbus/eventbus.go:326 +0x169
created by github.com/Black-And-White-Club/frolf-bot-shared/eventbus.(*eventBus).Subscribe in goroutine 49230
	/Users/jace/Documents/GitHub/frolf-bot-shared/eventbus/eventbus.go:315 +0xbf1

goroutine 51501 [select]:
github.com/nats-io/nats.go/jetstream.(*pullConsumer).Messages.func2()
	/Users/jace/go/pkg/mod/github.com/nats-io/nats.go@v1.41.1/jetstream/pull.go:538 +0x68
created by github.com/nats-io/nats.go/jetstream.(*pullConsumer).Messages in goroutine 52535
	/Users/jace/go/pkg/mod/github.com/nats-io/nats.go@v1.41.1/jetstream/pull.go:536 +0x78a

goroutine 49442 [select, 1 minutes]:
github.com/nats-io/nats.go/jetstream.(*pullSubscription).pullMessages(0xc00294fb90, {0xc0008b2a00, 0x4d})
	/Users/jace/go/pkg/mod/github.com/nats-io/nats.go@v1.41.1/jetstream/pull.go:955 +0x91
created by github.com/nats-io/nats.go/jetstream.(*pullConsumer).Messages in goroutine 49230
	/Users/jace/go/pkg/mod/github.com/nats-io/nats.go@v1.41.1/jetstream/pull.go:534 +0x748

goroutine 49443 [select, 1 minutes]:
github.com/nats-io/nats.go/jetstream.(*pullConsumer).Messages.func2()
	/Users/jace/go/pkg/mod/github.com/nats-io/nats.go@v1.41.1/jetstream/pull.go:538 +0x68
created by github.com/nats-io/nats.go/jetstream.(*pullConsumer).Messages in goroutine 49230
	/Users/jace/go/pkg/mod/github.com/nats-io/nats.go@v1.41.1/jetstream/pull.go:536 +0x78a

goroutine 49444 [select, 1 minutes]:
github.com/nats-io/nats.go/jetstream.(*pullSubscription).Next(0xc00294fb90)
	/Users/jace/go/pkg/mod/github.com/nats-io/nats.go@v1.41.1/jetstream/pull.go:589 +0x285
github.com/Black-And-White-Club/frolf-bot-shared/eventbus.(*eventBus).Subscribe.func1()
	/Users/jace/Documents/GitHub/frolf-bot-shared/eventbus/eventbus.go:326 +0x169
created by github.com/Black-And-White-Club/frolf-bot-shared/eventbus.(*eventBus).Subscribe in goroutine 49230
	/Users/jace/Documents/GitHub/frolf-bot-shared/eventbus/eventbus.go:315 +0xbf1

goroutine 49445 [chan receive, 1 minutes]:
github.com/ThreeDotsLabs/watermill/message.(*messageTransformSubscriberDecorator).Subscribe.func1()
	/Users/jace/go/pkg/mod/github.com/!three!dots!labs/watermill@v1.4.6/message/decorator.go:52 +0x85
created by github.com/ThreeDotsLabs/watermill/message.(*messageTransformSubscriberDecorator).Subscribe in goroutine 49230
	/Users/jace/go/pkg/mod/github.com/!three!dots!labs/watermill@v1.4.6/message/decorator.go:51 +0xc7

goroutine 49446 [chan receive, 1 minutes]:
github.com/ThreeDotsLabs/watermill/message.(*handler).run(0xc002677450, {0x10a337fa0, 0xc002b8ad20}, {0xc00196c300, 0x6, 0x0?})
	/Users/jace/go/pkg/mod/github.com/!three!dots!labs/watermill@v1.4.6/message/router.go:645 +0x2b4
github.com/ThreeDotsLabs/watermill/message.(*Router).RunHandlers.func1()
	/Users/jace/go/pkg/mod/github.com/!three!dots!labs/watermill@v1.4.6/message/router.go:460 +0x145
created by github.com/ThreeDotsLabs/watermill/message.(*Router).RunHandlers in goroutine 49230
	/Users/jace/go/pkg/mod/github.com/!three!dots!labs/watermill@v1.4.6/message/router.go:453 +0x606

goroutine 61888 [select]:
github.com/nats-io/nats.go/jetstream.(*pullConsumer).Messages.func2()
	/Users/jace/go/pkg/mod/github.com/nats-io/nats.go@v1.41.1/jetstream/pull.go:538 +0x68
created by github.com/nats-io/nats.go/jetstream.(*pullConsumer).Messages in goroutine 61572
	/Users/jace/go/pkg/mod/github.com/nats-io/nats.go@v1.41.1/jetstream/pull.go:536 +0x78a

goroutine 50780 [select, 1 minutes]:
github.com/nats-io/nats.go/jetstream.(*pullSubscription).Next(0xc001836630)
	/Users/jace/go/pkg/mod/github.com/nats-io/nats.go@v1.41.1/jetstream/pull.go:589 +0x285
github.com/Black-And-White-Club/frolf-bot-shared/eventbus.(*eventBus).Subscribe.func1()
	/Users/jace/Documents/GitHub/frolf-bot-shared/eventbus/eventbus.go:326 +0x169
created by github.com/Black-And-White-Club/frolf-bot-shared/eventbus.(*eventBus).Subscribe in goroutine 50717
	/Users/jace/Documents/GitHub/frolf-bot-shared/eventbus/eventbus.go:315 +0xbf1

goroutine 49656 [select, 1 minutes]:
github.com/nats-io/nats.go/jetstream.(*pullConsumer).Messages.func2()
	/Users/jace/go/pkg/mod/github.com/nats-io/nats.go@v1.41.1/jetstream/pull.go:538 +0x68
created by github.com/nats-io/nats.go/jetstream.(*pullConsumer).Messages in goroutine 49230
	/Users/jace/go/pkg/mod/github.com/nats-io/nats.go@v1.41.1/jetstream/pull.go:536 +0x78a

goroutine 58385 [select]:
github.com/nats-io/nats.go/jetstream.(*pullSubscription).Next(0xc002bfc7e0)
	/Users/jace/go/pkg/mod/github.com/nats-io/nats.go@v1.41.1/jetstream/pull.go:589 +0x285
github.com/Black-And-White-Club/frolf-bot-shared/eventbus.(*eventBus).Subscribe.func1()
	/Users/jace/Documents/GitHub/frolf-bot-shared/eventbus/eventbus.go:326 +0x169
created by github.com/Black-And-White-Club/frolf-bot-shared/eventbus.(*eventBus).Subscribe in goroutine 58544
	/Users/jace/Documents/GitHub/frolf-bot-shared/eventbus/eventbus.go:315 +0xbf1

goroutine 54517 [select]:
github.com/nats-io/nats%2ego.(*Conn).doReconnect(0xc00155c008, {0x10a327f28, 0x10acedb30}, 0x0)
	/Users/jace/go/pkg/mod/github.com/nats-io/nats.go@v1.41.1/nats.go:2907 +0x41a
created by github.com/nats-io/nats%2ego.(*Conn).processOpErr in goroutine 53936
	/Users/jace/go/pkg/mod/github.com/nats-io/nats.go@v1.41.1/nats.go:3043 +0x2f3

goroutine 58480 [chan receive]:
github.com/ThreeDotsLabs/watermill/message.(*messageTransformSubscriberDecorator).Subscribe.func1()
	/Users/jace/go/pkg/mod/github.com/!three!dots!labs/watermill@v1.4.6/message/decorator.go:52 +0x85
created by github.com/ThreeDotsLabs/watermill/message.(*messageTransformSubscriberDecorator).Subscribe in goroutine 58544
	/Users/jace/go/pkg/mod/github.com/!three!dots!labs/watermill@v1.4.6/message/decorator.go:51 +0xc7

goroutine 49456 [select, 1 minutes]:
github.com/nats-io/nats.go/jetstream.(*pullSubscription).pullMessages(0xc00288c240, {0xc0007d6d20, 0x47})
	/Users/jace/go/pkg/mod/github.com/nats-io/nats.go@v1.41.1/jetstream/pull.go:955 +0x91
created by github.com/nats-io/nats.go/jetstream.(*pullConsumer).Messages in goroutine 49230
	/Users/jace/go/pkg/mod/github.com/nats-io/nats.go@v1.41.1/jetstream/pull.go:534 +0x748

goroutine 49457 [select, 1 minutes]:
github.com/nats-io/nats.go/jetstream.(*pullConsumer).Messages.func2()
	/Users/jace/go/pkg/mod/github.com/nats-io/nats.go@v1.41.1/jetstream/pull.go:538 +0x68
created by github.com/nats-io/nats.go/jetstream.(*pullConsumer).Messages in goroutine 49230
	/Users/jace/go/pkg/mod/github.com/nats-io/nats.go@v1.41.1/jetstream/pull.go:536 +0x78a

goroutine 49490 [select, 1 minutes]:
github.com/nats-io/nats.go/jetstream.(*pullSubscription).Next(0xc00288c240)
	/Users/jace/go/pkg/mod/github.com/nats-io/nats.go@v1.41.1/jetstream/pull.go:589 +0x285
github.com/Black-And-White-Club/frolf-bot-shared/eventbus.(*eventBus).Subscribe.func1()
	/Users/jace/Documents/GitHub/frolf-bot-shared/eventbus/eventbus.go:326 +0x169
created by github.com/Black-And-White-Club/frolf-bot-shared/eventbus.(*eventBus).Subscribe in goroutine 49230
	/Users/jace/Documents/GitHub/frolf-bot-shared/eventbus/eventbus.go:315 +0xbf1

goroutine 49491 [chan receive, 1 minutes]:
github.com/ThreeDotsLabs/watermill/message.(*messageTransformSubscriberDecorator).Subscribe.func1()
	/Users/jace/go/pkg/mod/github.com/!three!dots!labs/watermill@v1.4.6/message/decorator.go:52 +0x85
created by github.com/ThreeDotsLabs/watermill/message.(*messageTransformSubscriberDecorator).Subscribe in goroutine 49230
	/Users/jace/go/pkg/mod/github.com/!three!dots!labs/watermill@v1.4.6/message/decorator.go:51 +0xc7

goroutine 49492 [chan receive, 1 minutes]:
github.com/ThreeDotsLabs/watermill/message.(*handler).run(0xc002677930, {0x10a337fa0, 0xc000995860}, {0xc001fa6000, 0x6, 0x0?})
	/Users/jace/go/pkg/mod/github.com/!three!dots!labs/watermill@v1.4.6/message/router.go:645 +0x2b4
github.com/ThreeDotsLabs/watermill/message.(*Router).RunHandlers.func1()
	/Users/jace/go/pkg/mod/github.com/!three!dots!labs/watermill@v1.4.6/message/router.go:460 +0x145
created by github.com/ThreeDotsLabs/watermill/message.(*Router).RunHandlers in goroutine 49230
	/Users/jace/go/pkg/mod/github.com/!three!dots!labs/watermill@v1.4.6/message/router.go:453 +0x606

goroutine 49539 [select, 1 minutes]:
github.com/nats-io/nats.go/jetstream.(*pullSubscription).pullMessages(0xc002a039e0, {0xc0018a60a0, 0x45})
	/Users/jace/go/pkg/mod/github.com/nats-io/nats.go@v1.41.1/jetstream/pull.go:955 +0x91
created by github.com/nats-io/nats.go/jetstream.(*pullConsumer).Messages in goroutine 49230
	/Users/jace/go/pkg/mod/github.com/nats-io/nats.go@v1.41.1/jetstream/pull.go:534 +0x748

goroutine 52731 [chan receive]:
github.com/ThreeDotsLabs/watermill/message.(*messageTransformSubscriberDecorator).Subscribe.func1()
	/Users/jace/go/pkg/mod/github.com/!three!dots!labs/watermill@v1.4.6/message/decorator.go:52 +0x85
created by github.com/ThreeDotsLabs/watermill/message.(*messageTransformSubscriberDecorator).Subscribe in goroutine 52535
	/Users/jace/go/pkg/mod/github.com/!three!dots!labs/watermill@v1.4.6/message/decorator.go:51 +0xc7

goroutine 49540 [select, 1 minutes]:
github.com/nats-io/nats.go/jetstream.(*pullConsumer).Messages.func2()
	/Users/jace/go/pkg/mod/github.com/nats-io/nats.go@v1.41.1/jetstream/pull.go:538 +0x68
created by github.com/nats-io/nats.go/jetstream.(*pullConsumer).Messages in goroutine 49230
	/Users/jace/go/pkg/mod/github.com/nats-io/nats.go@v1.41.1/jetstream/pull.go:536 +0x78a

goroutine 50656 [select, 1 minutes]:
github.com/nats-io/nats.go/jetstream.(*pullConsumer).Messages.func2()
	/Users/jace/go/pkg/mod/github.com/nats-io/nats.go@v1.41.1/jetstream/pull.go:538 +0x68
created by github.com/nats-io/nats.go/jetstream.(*pullConsumer).Messages in goroutine 50717
	/Users/jace/go/pkg/mod/github.com/nats-io/nats.go@v1.41.1/jetstream/pull.go:536 +0x78a

goroutine 53970 [sync.Cond.Wait]:
sync.runtime_notifyListWait(0xc000115b90, 0x0)
	/usr/local/Cellar/go/1.24.2/libexec/src/runtime/sema.go:597 +0x159
sync.(*Cond).Wait(0xc002be5570?)
	/usr/local/Cellar/go/1.24.2/libexec/src/sync/cond.go:71 +0x85
github.com/nats-io/nats%2ego.(*asyncCallbacksHandler).asyncCBDispatcher(0xc002952800)
	/Users/jace/go/pkg/mod/github.com/nats-io/nats.go@v1.41.1/nats.go:3059 +0xdd
created by github.com/nats-io/nats%2ego.Options.Connect in goroutine 53021
	/Users/jace/go/pkg/mod/github.com/nats-io/nats.go@v1.41.1/nats.go:1635 +0x387

goroutine 50655 [select, 1 minutes]:
github.com/nats-io/nats.go/jetstream.(*pullSubscription).pullMessages(0xc00258c480, {0xc000edd3e0, 0x5a})
	/Users/jace/go/pkg/mod/github.com/nats-io/nats.go@v1.41.1/jetstream/pull.go:955 +0x91
created by github.com/nats-io/nats.go/jetstream.(*pullConsumer).Messages in goroutine 50717
	/Users/jace/go/pkg/mod/github.com/nats-io/nats.go@v1.41.1/jetstream/pull.go:534 +0x748

goroutine 54390 [select]:
github.com/nats-io/nats.go/jetstream.(*pullSubscription).pullMessages(0xc001535dd0, {0xc0002554a0, 0x4e})
	/Users/jace/go/pkg/mod/github.com/nats-io/nats.go@v1.41.1/jetstream/pull.go:955 +0x91
created by github.com/nats-io/nats.go/jetstream.(*pullConsumer).Messages in goroutine 54037
	/Users/jace/go/pkg/mod/github.com/nats-io/nats.go@v1.41.1/jetstream/pull.go:534 +0x748

goroutine 49559 [select, 1 minutes]:
github.com/nats-io/nats.go/jetstream.(*pullSubscription).pullMessages(0xc001f5d170, {0xc0008b2c30, 0x50})
	/Users/jace/go/pkg/mod/github.com/nats-io/nats.go@v1.41.1/jetstream/pull.go:955 +0x91
created by github.com/nats-io/nats.go/jetstream.(*pullConsumer).Messages in goroutine 49230
	/Users/jace/go/pkg/mod/github.com/nats-io/nats.go@v1.41.1/jetstream/pull.go:534 +0x748

goroutine 49531 [chan receive, 1 minutes]:
github.com/ThreeDotsLabs/watermill/message.(*messageTransformSubscriberDecorator).Subscribe.func1()
	/Users/jace/go/pkg/mod/github.com/!three!dots!labs/watermill@v1.4.6/message/decorator.go:52 +0x85
created by github.com/ThreeDotsLabs/watermill/message.(*messageTransformSubscriberDecorator).Subscribe in goroutine 49230
	/Users/jace/go/pkg/mod/github.com/!three!dots!labs/watermill@v1.4.6/message/decorator.go:51 +0xc7

goroutine 49532 [chan receive, 1 minutes]:
github.com/ThreeDotsLabs/watermill/message.(*handler).run(0xc0026772b0, {0x10a337fa0, 0xc001d6b090}, {0xc000a52180, 0x6, 0xc00216ef78?})
	/Users/jace/go/pkg/mod/github.com/!three!dots!labs/watermill@v1.4.6/message/router.go:645 +0x2b4
github.com/ThreeDotsLabs/watermill/message.(*Router).RunHandlers.func1()
	/Users/jace/go/pkg/mod/github.com/!three!dots!labs/watermill@v1.4.6/message/router.go:460 +0x145
created by github.com/ThreeDotsLabs/watermill/message.(*Router).RunHandlers in goroutine 49230
	/Users/jace/go/pkg/mod/github.com/!three!dots!labs/watermill@v1.4.6/message/router.go:453 +0x606

goroutine 52806 [select]:
github.com/nats-io/nats.go/jetstream.(*pullSubscription).Next(0xc002846360)
	/Users/jace/go/pkg/mod/github.com/nats-io/nats.go@v1.41.1/jetstream/pull.go:589 +0x285
github.com/Black-And-White-Club/frolf-bot-shared/eventbus.(*eventBus).Subscribe.func1()
	/Users/jace/Documents/GitHub/frolf-bot-shared/eventbus/eventbus.go:326 +0x169
created by github.com/Black-And-White-Club/frolf-bot-shared/eventbus.(*eventBus).Subscribe in goroutine 52535
	/Users/jace/Documents/GitHub/frolf-bot-shared/eventbus/eventbus.go:315 +0xbf1

goroutine 55388 [chan receive]:
github.com/ThreeDotsLabs/watermill/message.(*messageTransformSubscriberDecorator).Subscribe.func1()
	/Users/jace/go/pkg/mod/github.com/!three!dots!labs/watermill@v1.4.6/message/decorator.go:52 +0x85
created by github.com/ThreeDotsLabs/watermill/message.(*messageTransformSubscriberDecorator).Subscribe in goroutine 55362
	/Users/jace/go/pkg/mod/github.com/!three!dots!labs/watermill@v1.4.6/message/decorator.go:51 +0xc7

goroutine 49560 [select, 1 minutes]:
github.com/nats-io/nats.go/jetstream.(*pullConsumer).Messages.func2()
	/Users/jace/go/pkg/mod/github.com/nats-io/nats.go@v1.41.1/jetstream/pull.go:538 +0x68
created by github.com/nats-io/nats.go/jetstream.(*pullConsumer).Messages in goroutine 49230
	/Users/jace/go/pkg/mod/github.com/nats-io/nats.go@v1.41.1/jetstream/pull.go:536 +0x78a

goroutine 49618 [select, 1 minutes]:
github.com/nats-io/nats.go/jetstream.(*pullSubscription).pullMessages(0xc00288cfc0, {0xc0007d6fa0, 0x47})
	/Users/jace/go/pkg/mod/github.com/nats-io/nats.go@v1.41.1/jetstream/pull.go:955 +0x91
created by github.com/nats-io/nats.go/jetstream.(*pullConsumer).Messages in goroutine 49230
	/Users/jace/go/pkg/mod/github.com/nats-io/nats.go@v1.41.1/jetstream/pull.go:534 +0x748

goroutine 49619 [select, 1 minutes]:
github.com/nats-io/nats.go/jetstream.(*pullConsumer).Messages.func2()
	/Users/jace/go/pkg/mod/github.com/nats-io/nats.go@v1.41.1/jetstream/pull.go:538 +0x68
created by github.com/nats-io/nats.go/jetstream.(*pullConsumer).Messages in goroutine 49230
	/Users/jace/go/pkg/mod/github.com/nats-io/nats.go@v1.41.1/jetstream/pull.go:536 +0x78a

goroutine 49620 [select, 1 minutes]:
github.com/nats-io/nats.go/jetstream.(*pullSubscription).Next(0xc00288cfc0)
	/Users/jace/go/pkg/mod/github.com/nats-io/nats.go@v1.41.1/jetstream/pull.go:589 +0x285
github.com/Black-And-White-Club/frolf-bot-shared/eventbus.(*eventBus).Subscribe.func1()
	/Users/jace/Documents/GitHub/frolf-bot-shared/eventbus/eventbus.go:326 +0x169
created by github.com/Black-And-White-Club/frolf-bot-shared/eventbus.(*eventBus).Subscribe in goroutine 49230
	/Users/jace/Documents/GitHub/frolf-bot-shared/eventbus/eventbus.go:315 +0xbf1

goroutine 49621 [chan receive, 1 minutes]:
github.com/ThreeDotsLabs/watermill/message.(*messageTransformSubscriberDecorator).Subscribe.func1()
	/Users/jace/go/pkg/mod/github.com/!three!dots!labs/watermill@v1.4.6/message/decorator.go:52 +0x85
created by github.com/ThreeDotsLabs/watermill/message.(*messageTransformSubscriberDecorator).Subscribe in goroutine 49230
	/Users/jace/go/pkg/mod/github.com/!three!dots!labs/watermill@v1.4.6/message/decorator.go:51 +0xc7

goroutine 49622 [chan receive, 1 minutes]:
github.com/ThreeDotsLabs/watermill/message.(*handler).run(0xc002677520, {0x10a337fa0, 0xc001b63d10}, {0xc0008e83c0, 0x6, 0xc001a57778?})
	/Users/jace/go/pkg/mod/github.com/!three!dots!labs/watermill@v1.4.6/message/router.go:645 +0x2b4
github.com/ThreeDotsLabs/watermill/message.(*Router).RunHandlers.func1()
	/Users/jace/go/pkg/mod/github.com/!three!dots!labs/watermill@v1.4.6/message/router.go:460 +0x145
created by github.com/ThreeDotsLabs/watermill/message.(*Router).RunHandlers in goroutine 49230
	/Users/jace/go/pkg/mod/github.com/!three!dots!labs/watermill@v1.4.6/message/router.go:453 +0x606

goroutine 52728 [select]:
github.com/nats-io/nats.go/jetstream.(*pullSubscription).pullMessages(0xc000b89290, {0xc000f52660, 0x58})
	/Users/jace/go/pkg/mod/github.com/nats-io/nats.go@v1.41.1/jetstream/pull.go:955 +0x91
created by github.com/nats-io/nats.go/jetstream.(*pullConsumer).Messages in goroutine 52535
	/Users/jace/go/pkg/mod/github.com/nats-io/nats.go@v1.41.1/jetstream/pull.go:534 +0x748

goroutine 49626 [select, 1 minutes]:
github.com/nats-io/nats.go/jetstream.(*pullSubscription).Next(0xc00288d4d0)
	/Users/jace/go/pkg/mod/github.com/nats-io/nats.go@v1.41.1/jetstream/pull.go:589 +0x285
github.com/Black-And-White-Club/frolf-bot-shared/eventbus.(*eventBus).Subscribe.func1()
	/Users/jace/Documents/GitHub/frolf-bot-shared/eventbus/eventbus.go:326 +0x169
created by github.com/Black-And-White-Club/frolf-bot-shared/eventbus.(*eventBus).Subscribe in goroutine 49230
	/Users/jace/Documents/GitHub/frolf-bot-shared/eventbus/eventbus.go:315 +0xbf1

goroutine 49627 [chan receive, 1 minutes]:
github.com/ThreeDotsLabs/watermill/message.(*messageTransformSubscriberDecorator).Subscribe.func1()
	/Users/jace/go/pkg/mod/github.com/!three!dots!labs/watermill@v1.4.6/message/decorator.go:52 +0x85
created by github.com/ThreeDotsLabs/watermill/message.(*messageTransformSubscriberDecorator).Subscribe in goroutine 49230
	/Users/jace/go/pkg/mod/github.com/!three!dots!labs/watermill@v1.4.6/message/decorator.go:51 +0xc7

goroutine 49628 [chan receive, 1 minutes]:
github.com/ThreeDotsLabs/watermill/message.(*handler).run(0xc002677a00, {0x10a337fa0, 0xc000ffa3c0}, {0xc001fa60c0, 0x6, 0x0?})
	/Users/jace/go/pkg/mod/github.com/!three!dots!labs/watermill@v1.4.6/message/router.go:645 +0x2b4
github.com/ThreeDotsLabs/watermill/message.(*Router).RunHandlers.func1()
	/Users/jace/go/pkg/mod/github.com/!three!dots!labs/watermill@v1.4.6/message/router.go:460 +0x145
created by github.com/ThreeDotsLabs/watermill/message.(*Router).RunHandlers in goroutine 49230
	/Users/jace/go/pkg/mod/github.com/!three!dots!labs/watermill@v1.4.6/message/router.go:453 +0x606

goroutine 53073 [chan receive]:
github.com/ThreeDotsLabs/watermill/message.(*handler).run(0xc0025489c0, {0x10a337fa0, 0xc0010b8e10}, {0xc0010f06c0, 0x6, 0xc002e4e778?})
	/Users/jace/go/pkg/mod/github.com/!three!dots!labs/watermill@v1.4.6/message/router.go:645 +0x2b4
github.com/ThreeDotsLabs/watermill/message.(*Router).RunHandlers.func1()
	/Users/jace/go/pkg/mod/github.com/!three!dots!labs/watermill@v1.4.6/message/router.go:460 +0x145
created by github.com/ThreeDotsLabs/watermill/message.(*Router).RunHandlers in goroutine 54037
	/Users/jace/go/pkg/mod/github.com/!three!dots!labs/watermill@v1.4.6/message/router.go:453 +0x606

goroutine 54054 [chan receive]:
github.com/ThreeDotsLabs/watermill/message.(*handler).run(0xc002549450, {0x10a337fa0, 0xc0000c5ae0}, {0xc002426300, 0x6, 0xc00262d778?})
	/Users/jace/go/pkg/mod/github.com/!three!dots!labs/watermill@v1.4.6/message/router.go:645 +0x2b4
github.com/ThreeDotsLabs/watermill/message.(*Router).RunHandlers.func1()
	/Users/jace/go/pkg/mod/github.com/!three!dots!labs/watermill@v1.4.6/message/router.go:460 +0x145
created by github.com/ThreeDotsLabs/watermill/message.(*Router).RunHandlers in goroutine 54037
	/Users/jace/go/pkg/mod/github.com/!three!dots!labs/watermill@v1.4.6/message/router.go:453 +0x606

goroutine 49763 [chan receive, 1 minutes]:
github.com/ThreeDotsLabs/watermill/message.(*messageTransformSubscriberDecorator).Subscribe.func1()
	/Users/jace/go/pkg/mod/github.com/!three!dots!labs/watermill@v1.4.6/message/decorator.go:52 +0x85
created by github.com/ThreeDotsLabs/watermill/message.(*messageTransformSubscriberDecorator).Subscribe in goroutine 49230
	/Users/jace/go/pkg/mod/github.com/!three!dots!labs/watermill@v1.4.6/message/decorator.go:51 +0xc7

goroutine 51137 [chan receive, 1 minutes]:
github.com/ThreeDotsLabs/watermill/message.(*handler).run(0xc00260c000, {0x10a337fa0, 0xc001de03c0}, {0xc0029212c0, 0x6, 0xc00209b778?})
	/Users/jace/go/pkg/mod/github.com/!three!dots!labs/watermill@v1.4.6/message/router.go:645 +0x2b4
github.com/ThreeDotsLabs/watermill/message.(*Router).RunHandlers.func1()
	/Users/jace/go/pkg/mod/github.com/!three!dots!labs/watermill@v1.4.6/message/router.go:460 +0x145
created by github.com/ThreeDotsLabs/watermill/message.(*Router).RunHandlers in goroutine 50717
	/Users/jace/go/pkg/mod/github.com/!three!dots!labs/watermill@v1.4.6/message/router.go:453 +0x606

goroutine 51135 [select, 1 minutes]:
github.com/nats-io/nats.go/jetstream.(*pullSubscription).Next(0xc001591560)
	/Users/jace/go/pkg/mod/github.com/nats-io/nats.go@v1.41.1/jetstream/pull.go:589 +0x285
github.com/Black-And-White-Club/frolf-bot-shared/eventbus.(*eventBus).Subscribe.func1()
	/Users/jace/Documents/GitHub/frolf-bot-shared/eventbus/eventbus.go:326 +0x169
created by github.com/Black-And-White-Club/frolf-bot-shared/eventbus.(*eventBus).Subscribe in goroutine 50717
	/Users/jace/Documents/GitHub/frolf-bot-shared/eventbus/eventbus.go:315 +0xbf1

goroutine 51133 [select, 1 minutes]:
github.com/nats-io/nats.go/jetstream.(*pullSubscription).pullMessages(0xc001591560, {0xc00017f270, 0x47})
	/Users/jace/go/pkg/mod/github.com/nats-io/nats.go@v1.41.1/jetstream/pull.go:955 +0x91
created by github.com/nats-io/nats.go/jetstream.(*pullConsumer).Messages in goroutine 50717
	/Users/jace/go/pkg/mod/github.com/nats-io/nats.go@v1.41.1/jetstream/pull.go:534 +0x748

goroutine 49669 [chan receive, 1 minutes]:
github.com/ThreeDotsLabs/watermill/message.(*messageTransformSubscriberDecorator).Subscribe.func1()
	/Users/jace/go/pkg/mod/github.com/!three!dots!labs/watermill@v1.4.6/message/decorator.go:52 +0x85
created by github.com/ThreeDotsLabs/watermill/message.(*messageTransformSubscriberDecorator).Subscribe in goroutine 49230
	/Users/jace/go/pkg/mod/github.com/!three!dots!labs/watermill@v1.4.6/message/decorator.go:51 +0xc7

goroutine 49670 [chan receive, 1 minutes]:
github.com/ThreeDotsLabs/watermill/message.(*handler).run(0xc002676f70, {0x10a337fa0, 0xc0010b89b0}, {0xc00196c540, 0x6, 0x0?})
	/Users/jace/go/pkg/mod/github.com/!three!dots!labs/watermill@v1.4.6/message/router.go:645 +0x2b4
github.com/ThreeDotsLabs/watermill/message.(*Router).RunHandlers.func1()
	/Users/jace/go/pkg/mod/github.com/!three!dots!labs/watermill@v1.4.6/message/router.go:460 +0x145
created by github.com/ThreeDotsLabs/watermill/message.(*Router).RunHandlers in goroutine 49230
	/Users/jace/go/pkg/mod/github.com/!three!dots!labs/watermill@v1.4.6/message/router.go:453 +0x606

goroutine 49668 [select, 1 minutes]:
github.com/nats-io/nats.go/jetstream.(*pullSubscription).Next(0xc000efe1b0)
	/Users/jace/go/pkg/mod/github.com/nats-io/nats.go@v1.41.1/jetstream/pull.go:589 +0x285
github.com/Black-And-White-Club/frolf-bot-shared/eventbus.(*eventBus).Subscribe.func1()
	/Users/jace/Documents/GitHub/frolf-bot-shared/eventbus/eventbus.go:326 +0x169
created by github.com/Black-And-White-Club/frolf-bot-shared/eventbus.(*eventBus).Subscribe in goroutine 49230
	/Users/jace/Documents/GitHub/frolf-bot-shared/eventbus/eventbus.go:315 +0xbf1

goroutine 49561 [select, 1 minutes]:
github.com/nats-io/nats.go/jetstream.(*pullSubscription).Next(0xc001f5d170)
	/Users/jace/go/pkg/mod/github.com/nats-io/nats.go@v1.41.1/jetstream/pull.go:589 +0x285
github.com/Black-And-White-Club/frolf-bot-shared/eventbus.(*eventBus).Subscribe.func1()
	/Users/jace/Documents/GitHub/frolf-bot-shared/eventbus/eventbus.go:326 +0x169
created by github.com/Black-And-White-Club/frolf-bot-shared/eventbus.(*eventBus).Subscribe in goroutine 49230
	/Users/jace/Documents/GitHub/frolf-bot-shared/eventbus/eventbus.go:315 +0xbf1

goroutine 49562 [chan receive, 1 minutes]:
github.com/ThreeDotsLabs/watermill/message.(*messageTransformSubscriberDecorator).Subscribe.func1()
	/Users/jace/go/pkg/mod/github.com/!three!dots!labs/watermill@v1.4.6/message/decorator.go:52 +0x85
created by github.com/ThreeDotsLabs/watermill/message.(*messageTransformSubscriberDecorator).Subscribe in goroutine 49230
	/Users/jace/go/pkg/mod/github.com/!three!dots!labs/watermill@v1.4.6/message/decorator.go:51 +0xc7

goroutine 49563 [chan receive, 1 minutes]:
github.com/ThreeDotsLabs/watermill/message.(*handler).run(0xc002677d40, {0x10a337fa0, 0xc000ffa640}, {0xc001fa6180, 0x6, 0x10a0bfea0?})
	/Users/jace/go/pkg/mod/github.com/!three!dots!labs/watermill@v1.4.6/message/router.go:645 +0x2b4
github.com/ThreeDotsLabs/watermill/message.(*Router).RunHandlers.func1()
	/Users/jace/go/pkg/mod/github.com/!three!dots!labs/watermill@v1.4.6/message/router.go:460 +0x145
created by github.com/ThreeDotsLabs/watermill/message.(*Router).RunHandlers in goroutine 49230
	/Users/jace/go/pkg/mod/github.com/!three!dots!labs/watermill@v1.4.6/message/router.go:453 +0x606

goroutine 50876 [select, 1 minutes]:
github.com/nats-io/nats.go/jetstream.(*pullSubscription).Next(0xc001837710)
	/Users/jace/go/pkg/mod/github.com/nats-io/nats.go@v1.41.1/jetstream/pull.go:589 +0x285
github.com/Black-And-White-Club/frolf-bot-shared/eventbus.(*eventBus).Subscribe.func1()
	/Users/jace/Documents/GitHub/frolf-bot-shared/eventbus/eventbus.go:326 +0x169
created by github.com/Black-And-White-Club/frolf-bot-shared/eventbus.(*eventBus).Subscribe in goroutine 50717
	/Users/jace/Documents/GitHub/frolf-bot-shared/eventbus/eventbus.go:315 +0xbf1

goroutine 50796 [select, 1 minutes]:
github.com/nats-io/nats.go/jetstream.(*pullSubscription).pullMessages(0xc0009d8630, {0xc0008b2d20, 0x45})
	/Users/jace/go/pkg/mod/github.com/nats-io/nats.go@v1.41.1/jetstream/pull.go:955 +0x91
created by github.com/nats-io/nats.go/jetstream.(*pullConsumer).Messages in goroutine 50717
	/Users/jace/go/pkg/mod/github.com/nats-io/nats.go@v1.41.1/jetstream/pull.go:534 +0x748

goroutine 52845 [chan receive]:
github.com/ThreeDotsLabs/watermill/message.(*messageTransformSubscriberDecorator).Subscribe.func1()
	/Users/jace/go/pkg/mod/github.com/!three!dots!labs/watermill@v1.4.6/message/decorator.go:52 +0x85
created by github.com/ThreeDotsLabs/watermill/message.(*messageTransformSubscriberDecorator).Subscribe in goroutine 52535
	/Users/jace/go/pkg/mod/github.com/!three!dots!labs/watermill@v1.4.6/message/decorator.go:51 +0xc7

goroutine 55596 [select]:
github.com/nats-io/nats.go/jetstream.(*pullConsumer).Messages.func2()
	/Users/jace/go/pkg/mod/github.com/nats-io/nats.go@v1.41.1/jetstream/pull.go:538 +0x68
created by github.com/nats-io/nats.go/jetstream.(*pullConsumer).Messages in goroutine 55362
	/Users/jace/go/pkg/mod/github.com/nats-io/nats.go@v1.41.1/jetstream/pull.go:536 +0x78a

goroutine 49649 [select, 1 minutes]:
github.com/nats-io/nats.go/jetstream.(*pullConsumer).Messages.func2()
	/Users/jace/go/pkg/mod/github.com/nats-io/nats.go@v1.41.1/jetstream/pull.go:538 +0x68
created by github.com/nats-io/nats.go/jetstream.(*pullConsumer).Messages in goroutine 49230
	/Users/jace/go/pkg/mod/github.com/nats-io/nats.go@v1.41.1/jetstream/pull.go:536 +0x78a

goroutine 50781 [chan receive, 1 minutes]:
github.com/ThreeDotsLabs/watermill/message.(*messageTransformSubscriberDecorator).Subscribe.func1()
	/Users/jace/go/pkg/mod/github.com/!three!dots!labs/watermill@v1.4.6/message/decorator.go:52 +0x85
created by github.com/ThreeDotsLabs/watermill/message.(*messageTransformSubscriberDecorator).Subscribe in goroutine 50717
	/Users/jace/go/pkg/mod/github.com/!three!dots!labs/watermill@v1.4.6/message/decorator.go:51 +0xc7

goroutine 49728 [chan receive, 1 minutes]:
github.com/ThreeDotsLabs/watermill/message.(*messageTransformSubscriberDecorator).Subscribe.func1()
	/Users/jace/go/pkg/mod/github.com/!three!dots!labs/watermill@v1.4.6/message/decorator.go:52 +0x85
created by github.com/ThreeDotsLabs/watermill/message.(*messageTransformSubscriberDecorator).Subscribe in goroutine 49230
	/Users/jace/go/pkg/mod/github.com/!three!dots!labs/watermill@v1.4.6/message/decorator.go:51 +0xc7

goroutine 54417 [chan receive]:
github.com/ThreeDotsLabs/watermill/message.(*handler).run(0xc002548ea0, {0x10a337fa0, 0xc001fad5e0}, {0xc002426a80, 0x6, 0x0?})
	/Users/jace/go/pkg/mod/github.com/!three!dots!labs/watermill@v1.4.6/message/router.go:645 +0x2b4
github.com/ThreeDotsLabs/watermill/message.(*Router).RunHandlers.func1()
	/Users/jace/go/pkg/mod/github.com/!three!dots!labs/watermill@v1.4.6/message/router.go:460 +0x145
created by github.com/ThreeDotsLabs/watermill/message.(*Router).RunHandlers in goroutine 54037
	/Users/jace/go/pkg/mod/github.com/!three!dots!labs/watermill@v1.4.6/message/router.go:453 +0x606

goroutine 50973 [chan receive, 1 minutes]:
github.com/ThreeDotsLabs/watermill/message.(*handler).run(0xc000d04340, {0x10a337fa0, 0xc0021312c0}, {0xc001e49740, 0x6, 0x0?})
	/Users/jace/go/pkg/mod/github.com/!three!dots!labs/watermill@v1.4.6/message/router.go:645 +0x2b4
github.com/ThreeDotsLabs/watermill/message.(*Router).RunHandlers.func1()
	/Users/jace/go/pkg/mod/github.com/!three!dots!labs/watermill@v1.4.6/message/router.go:460 +0x145
created by github.com/ThreeDotsLabs/watermill/message.(*Router).RunHandlers in goroutine 50717
	/Users/jace/go/pkg/mod/github.com/!three!dots!labs/watermill@v1.4.6/message/router.go:453 +0x606

goroutine 52805 [select]:
github.com/nats-io/nats.go/jetstream.(*pullConsumer).Messages.func2()
	/Users/jace/go/pkg/mod/github.com/nats-io/nats.go@v1.41.1/jetstream/pull.go:538 +0x68
created by github.com/nats-io/nats.go/jetstream.(*pullConsumer).Messages in goroutine 52535
	/Users/jace/go/pkg/mod/github.com/nats-io/nats.go@v1.41.1/jetstream/pull.go:536 +0x78a

goroutine 50971 [select, 1 minutes]:
github.com/nats-io/nats.go/jetstream.(*pullSubscription).Next(0xc001ba8870)
	/Users/jace/go/pkg/mod/github.com/nats-io/nats.go@v1.41.1/jetstream/pull.go:589 +0x285
github.com/Black-And-White-Club/frolf-bot-shared/eventbus.(*eventBus).Subscribe.func1()
	/Users/jace/Documents/GitHub/frolf-bot-shared/eventbus/eventbus.go:326 +0x169
created by github.com/Black-And-White-Club/frolf-bot-shared/eventbus.(*eventBus).Subscribe in goroutine 50717
	/Users/jace/Documents/GitHub/frolf-bot-shared/eventbus/eventbus.go:315 +0xbf1

goroutine 50875 [select, 1 minutes]:
github.com/nats-io/nats.go/jetstream.(*pullConsumer).Messages.func2()
	/Users/jace/go/pkg/mod/github.com/nats-io/nats.go@v1.41.1/jetstream/pull.go:538 +0x68
created by github.com/nats-io/nats.go/jetstream.(*pullConsumer).Messages in goroutine 50717
	/Users/jace/go/pkg/mod/github.com/nats-io/nats.go@v1.41.1/jetstream/pull.go:536 +0x78a

goroutine 50868 [select, 1 minutes]:
github.com/nats-io/nats.go/jetstream.(*pullSubscription).pullMessages(0xc00083c870, {0xc00179a000, 0x4b})
	/Users/jace/go/pkg/mod/github.com/nats-io/nats.go@v1.41.1/jetstream/pull.go:955 +0x91
created by github.com/nats-io/nats.go/jetstream.(*pullConsumer).Messages in goroutine 50717
	/Users/jace/go/pkg/mod/github.com/nats-io/nats.go@v1.41.1/jetstream/pull.go:534 +0x748

goroutine 52897 [select]:
github.com/nats-io/nats.go/jetstream.(*pullSubscription).Next(0xc0007f2510)
	/Users/jace/go/pkg/mod/github.com/nats-io/nats.go@v1.41.1/jetstream/pull.go:589 +0x285
github.com/Black-And-White-Club/frolf-bot-shared/eventbus.(*eventBus).Subscribe.func1()
	/Users/jace/Documents/GitHub/frolf-bot-shared/eventbus/eventbus.go:326 +0x169
created by github.com/Black-And-White-Club/frolf-bot-shared/eventbus.(*eventBus).Subscribe in goroutine 52535
	/Users/jace/Documents/GitHub/frolf-bot-shared/eventbus/eventbus.go:315 +0xbf1

goroutine 49655 [select, 1 minutes]:
github.com/nats-io/nats.go/jetstream.(*pullSubscription).pullMessages(0xc0029a27e0, {0xc001eb83c0, 0x45})
	/Users/jace/go/pkg/mod/github.com/nats-io/nats.go@v1.41.1/jetstream/pull.go:955 +0x91
created by github.com/nats-io/nats.go/jetstream.(*pullConsumer).Messages in goroutine 49230
	/Users/jace/go/pkg/mod/github.com/nats-io/nats.go@v1.41.1/jetstream/pull.go:534 +0x748

goroutine 58692 [select]:
github.com/nats-io/nats.go/jetstream.(*pullConsumer).Messages.func2()
	/Users/jace/go/pkg/mod/github.com/nats-io/nats.go@v1.41.1/jetstream/pull.go:538 +0x68
created by github.com/nats-io/nats.go/jetstream.(*pullConsumer).Messages in goroutine 58544
	/Users/jace/go/pkg/mod/github.com/nats-io/nats.go@v1.41.1/jetstream/pull.go:536 +0x78a

goroutine 50657 [select, 1 minutes]:
github.com/nats-io/nats.go/jetstream.(*pullSubscription).Next(0xc00258c480)
	/Users/jace/go/pkg/mod/github.com/nats-io/nats.go@v1.41.1/jetstream/pull.go:589 +0x285
github.com/Black-And-White-Club/frolf-bot-shared/eventbus.(*eventBus).Subscribe.func1()
	/Users/jace/Documents/GitHub/frolf-bot-shared/eventbus/eventbus.go:326 +0x169
created by github.com/Black-And-White-Club/frolf-bot-shared/eventbus.(*eventBus).Subscribe in goroutine 50717
	/Users/jace/Documents/GitHub/frolf-bot-shared/eventbus/eventbus.go:315 +0xbf1

goroutine 49727 [select, 1 minutes]:
github.com/nats-io/nats.go/jetstream.(*pullSubscription).Next(0xc002846c60)
	/Users/jace/go/pkg/mod/github.com/nats-io/nats.go@v1.41.1/jetstream/pull.go:589 +0x285
github.com/Black-And-White-Club/frolf-bot-shared/eventbus.(*eventBus).Subscribe.func1()
	/Users/jace/Documents/GitHub/frolf-bot-shared/eventbus/eventbus.go:326 +0x169
created by github.com/Black-And-White-Club/frolf-bot-shared/eventbus.(*eventBus).Subscribe in goroutine 49230
	/Users/jace/Documents/GitHub/frolf-bot-shared/eventbus/eventbus.go:315 +0xbf1

goroutine 54287 [chan receive]:
github.com/ThreeDotsLabs/watermill/message.(*handler).run(0xc002549790, {0x10a337fa0, 0xc000915810}, {0xc0022e55c0, 0x6, 0xc001d7af78?})
	/Users/jace/go/pkg/mod/github.com/!three!dots!labs/watermill@v1.4.6/message/router.go:645 +0x2b4
github.com/ThreeDotsLabs/watermill/message.(*Router).RunHandlers.func1()
	/Users/jace/go/pkg/mod/github.com/!three!dots!labs/watermill@v1.4.6/message/router.go:460 +0x145
created by github.com/ThreeDotsLabs/watermill/message.(*Router).RunHandlers in goroutine 54037
	/Users/jace/go/pkg/mod/github.com/!three!dots!labs/watermill@v1.4.6/message/router.go:453 +0x606

goroutine 49764 [chan receive, 1 minutes]:
github.com/ThreeDotsLabs/watermill/message.(*handler).run(0xc0029584e0, {0x10a337fa0, 0xc00295c8c0}, {0xc0008e8540, 0x6, 0x0?})
	/Users/jace/go/pkg/mod/github.com/!three!dots!labs/watermill@v1.4.6/message/router.go:645 +0x2b4
github.com/ThreeDotsLabs/watermill/message.(*Router).RunHandlers.func1()
	/Users/jace/go/pkg/mod/github.com/!three!dots!labs/watermill@v1.4.6/message/router.go:460 +0x145
created by github.com/ThreeDotsLabs/watermill/message.(*Router).RunHandlers in goroutine 49230
	/Users/jace/go/pkg/mod/github.com/!three!dots!labs/watermill@v1.4.6/message/router.go:453 +0x606

goroutine 54318 [chan receive]:
github.com/ThreeDotsLabs/watermill/message.(*messageTransformSubscriberDecorator).Subscribe.func1()
	/Users/jace/go/pkg/mod/github.com/!three!dots!labs/watermill@v1.4.6/message/decorator.go:52 +0x85
created by github.com/ThreeDotsLabs/watermill/message.(*messageTransformSubscriberDecorator).Subscribe in goroutine 54037
	/Users/jace/go/pkg/mod/github.com/!three!dots!labs/watermill@v1.4.6/message/decorator.go:51 +0xc7

goroutine 49648 [select, 1 minutes]:
github.com/nats-io/nats.go/jetstream.(*pullSubscription).pullMessages(0xc000a82bd0, {0xc0007d7220, 0x48})
	/Users/jace/go/pkg/mod/github.com/nats-io/nats.go@v1.41.1/jetstream/pull.go:955 +0x91
created by github.com/nats-io/nats.go/jetstream.(*pullConsumer).Messages in goroutine 49230
	/Users/jace/go/pkg/mod/github.com/nats-io/nats.go@v1.41.1/jetstream/pull.go:534 +0x748

goroutine 49762 [select, 1 minutes]:
github.com/nats-io/nats.go/jetstream.(*pullSubscription).Next(0xc000a82bd0)
	/Users/jace/go/pkg/mod/github.com/nats-io/nats.go@v1.41.1/jetstream/pull.go:589 +0x285
github.com/Black-And-White-Club/frolf-bot-shared/eventbus.(*eventBus).Subscribe.func1()
	/Users/jace/Documents/GitHub/frolf-bot-shared/eventbus/eventbus.go:326 +0x169
created by github.com/Black-And-White-Club/frolf-bot-shared/eventbus.(*eventBus).Subscribe in goroutine 49230
	/Users/jace/Documents/GitHub/frolf-bot-shared/eventbus/eventbus.go:315 +0xbf1

goroutine 50782 [chan receive, 1 minutes]:
github.com/ThreeDotsLabs/watermill/message.(*handler).run(0xc00260c9c0, {0x10a337fa0, 0xc001fad0e0}, {0xc002120240, 0x6, 0x0?})
	/Users/jace/go/pkg/mod/github.com/!three!dots!labs/watermill@v1.4.6/message/router.go:645 +0x2b4
github.com/ThreeDotsLabs/watermill/message.(*Router).RunHandlers.func1()
	/Users/jace/go/pkg/mod/github.com/!three!dots!labs/watermill@v1.4.6/message/router.go:460 +0x145
created by github.com/ThreeDotsLabs/watermill/message.(*Router).RunHandlers in goroutine 50717
	/Users/jace/go/pkg/mod/github.com/!three!dots!labs/watermill@v1.4.6/message/router.go:453 +0x606

goroutine 61918 [select]:
github.com/nats-io/nats.go/jetstream.(*pullSubscription).Next(0xc003530000)
	/Users/jace/go/pkg/mod/github.com/nats-io/nats.go@v1.41.1/jetstream/pull.go:589 +0x285
github.com/Black-And-White-Club/frolf-bot-shared/eventbus.(*eventBus).Subscribe.func1()
	/Users/jace/Documents/GitHub/frolf-bot-shared/eventbus/eventbus.go:326 +0x169
created by github.com/Black-And-White-Club/frolf-bot-shared/eventbus.(*eventBus).Subscribe in goroutine 61572
	/Users/jace/Documents/GitHub/frolf-bot-shared/eventbus/eventbus.go:315 +0xbf1

goroutine 52367 [chan receive]:
github.com/ThreeDotsLabs/watermill/message.(*handler).run(0xc001d67110, {0x10a337fa0, 0xc000226870}, {0xc0010f00c0, 0x6, 0xc001cdf770?})
	/Users/jace/go/pkg/mod/github.com/!three!dots!labs/watermill@v1.4.6/message/router.go:645 +0x2b4
github.com/ThreeDotsLabs/watermill/message.(*Router).RunHandlers.func1()
	/Users/jace/go/pkg/mod/github.com/!three!dots!labs/watermill@v1.4.6/message/router.go:460 +0x145
created by github.com/ThreeDotsLabs/watermill/message.(*Router).RunHandlers in goroutine 52535
	/Users/jace/go/pkg/mod/github.com/!three!dots!labs/watermill@v1.4.6/message/router.go:453 +0x606

goroutine 52689 [select]:
github.com/nats-io/nats.go/jetstream.(*pullSubscription).pullMessages(0xc002846750, {0xc001783680, 0x3e})
	/Users/jace/go/pkg/mod/github.com/nats-io/nats.go@v1.41.1/jetstream/pull.go:955 +0x91
created by github.com/nats-io/nats.go/jetstream.(*pullConsumer).Messages in goroutine 52535
	/Users/jace/go/pkg/mod/github.com/nats-io/nats.go@v1.41.1/jetstream/pull.go:534 +0x748

goroutine 51019 [chan receive, 1 minutes]:
github.com/ThreeDotsLabs/watermill/message.(*messageTransformSubscriberDecorator).Subscribe.func1()
	/Users/jace/go/pkg/mod/github.com/!three!dots!labs/watermill@v1.4.6/message/decorator.go:52 +0x85
created by github.com/ThreeDotsLabs/watermill/message.(*messageTransformSubscriberDecorator).Subscribe in goroutine 50717
	/Users/jace/go/pkg/mod/github.com/!three!dots!labs/watermill@v1.4.6/message/decorator.go:51 +0xc7

goroutine 55775 [chan receive]:
github.com/ThreeDotsLabs/watermill/message.(*handler).run(0xc001e8f040, {0x10a337fa0, 0xc001137e00}, {0xc00281e000, 0x6, 0xc0020a1f78?})
	/Users/jace/go/pkg/mod/github.com/!three!dots!labs/watermill@v1.4.6/message/router.go:645 +0x2b4
github.com/ThreeDotsLabs/watermill/message.(*Router).RunHandlers.func1()
	/Users/jace/go/pkg/mod/github.com/!three!dots!labs/watermill@v1.4.6/message/router.go:460 +0x145
created by github.com/ThreeDotsLabs/watermill/message.(*Router).RunHandlers in goroutine 57220
	/Users/jace/go/pkg/mod/github.com/!three!dots!labs/watermill@v1.4.6/message/router.go:453 +0x606

goroutine 55664 [select]:
github.com/nats-io/nats.go/jetstream.(*pullSubscription).pullMessages(0xc0021993b0, {0xc001eb8190, 0x45})
	/Users/jace/go/pkg/mod/github.com/nats-io/nats.go@v1.41.1/jetstream/pull.go:955 +0x91
created by github.com/nats-io/nats.go/jetstream.(*pullConsumer).Messages in goroutine 55362
	/Users/jace/go/pkg/mod/github.com/nats-io/nats.go@v1.41.1/jetstream/pull.go:534 +0x748

goroutine 50963 [select, 1 minutes]:
github.com/nats-io/nats.go/jetstream.(*pullConsumer).Messages.func2()
	/Users/jace/go/pkg/mod/github.com/nats-io/nats.go@v1.41.1/jetstream/pull.go:538 +0x68
created by github.com/nats-io/nats.go/jetstream.(*pullConsumer).Messages in goroutine 50717
	/Users/jace/go/pkg/mod/github.com/nats-io/nats.go@v1.41.1/jetstream/pull.go:536 +0x78a

goroutine 54268 [chan receive]:
github.com/ThreeDotsLabs/watermill/message.(*handler).run(0xc002549380, {0x10a337fa0, 0xc000914e10}, {0xc0022e52c0, 0x6, 0x100000001?})
	/Users/jace/go/pkg/mod/github.com/!three!dots!labs/watermill@v1.4.6/message/router.go:645 +0x2b4
github.com/ThreeDotsLabs/watermill/message.(*Router).RunHandlers.func1()
	/Users/jace/go/pkg/mod/github.com/!three!dots!labs/watermill@v1.4.6/message/router.go:460 +0x145
created by github.com/ThreeDotsLabs/watermill/message.(*Router).RunHandlers in goroutine 54037
	/Users/jace/go/pkg/mod/github.com/!three!dots!labs/watermill@v1.4.6/message/router.go:453 +0x606

goroutine 50718 [sync.Cond.Wait, 1 minutes]:
sync.runtime_notifyListWait(0xc001202790, 0x1)
	/usr/local/Cellar/go/1.24.2/libexec/src/runtime/sema.go:597 +0x159
sync.(*Cond).Wait(0x10912d554?)
	/usr/local/Cellar/go/1.24.2/libexec/src/sync/cond.go:71 +0x85
github.com/nats-io/nats%2ego.(*Conn).waitForMsgs(0xc00269f508, 0xc0015eca50)
	/Users/jace/go/pkg/mod/github.com/nats-io/nats.go@v1.41.1/nats.go:3178 +0xc5
created by github.com/nats-io/nats%2ego.(*Conn).subscribeLocked in goroutine 49885
	/Users/jace/go/pkg/mod/github.com/nats-io/nats.go@v1.41.1/nats.go:4468 +0x419

goroutine 50719 [sync.WaitGroup.Wait, 1 minutes]:
sync.runtime_SemacquireWaitGroup(0x6c756e3a2274704f?)
	/usr/local/Cellar/go/1.24.2/libexec/src/runtime/sema.go:110 +0x25
sync.(*WaitGroup).Wait(0x22657a69536d6853?)
	/usr/local/Cellar/go/1.24.2/libexec/src/sync/waitgroup.go:118 +0x48
github.com/ThreeDotsLabs/watermill/message.(*Router).watchAllHandlersStopped.func1()
	/Users/jace/go/pkg/mod/github.com/!three!dots!labs/watermill@v1.4.6/message/router.go:498 +0x86
created by github.com/ThreeDotsLabs/watermill/message.(*Router).watchAllHandlersStopped in goroutine 50717
	/Users/jace/go/pkg/mod/github.com/!three!dots!labs/watermill@v1.4.6/message/router.go:484 +0xec

goroutine 52804 [select]:
github.com/nats-io/nats.go/jetstream.(*pullSubscription).pullMessages(0xc002846360, {0xc000754a50, 0x45})
	/Users/jace/go/pkg/mod/github.com/nats-io/nats.go@v1.41.1/jetstream/pull.go:955 +0x91
created by github.com/nats-io/nats.go/jetstream.(*pullConsumer).Messages in goroutine 52535
	/Users/jace/go/pkg/mod/github.com/nats-io/nats.go@v1.41.1/jetstream/pull.go:534 +0x748

goroutine 51048 [select, 1 minutes]:
github.com/nats-io/nats.go/jetstream.(*pullSubscription).pullMessages(0xc001590240, {0xc00017f180, 0x4f})
	/Users/jace/go/pkg/mod/github.com/nats-io/nats.go@v1.41.1/jetstream/pull.go:955 +0x91
created by github.com/nats-io/nats.go/jetstream.(*pullConsumer).Messages in goroutine 50717
	/Users/jace/go/pkg/mod/github.com/nats-io/nats.go@v1.41.1/jetstream/pull.go:534 +0x748

goroutine 50779 [select, 1 minutes]:
github.com/nats-io/nats.go/jetstream.(*pullConsumer).Messages.func2()
	/Users/jace/go/pkg/mod/github.com/nats-io/nats.go@v1.41.1/jetstream/pull.go:538 +0x68
created by github.com/nats-io/nats.go/jetstream.(*pullConsumer).Messages in goroutine 50717
	/Users/jace/go/pkg/mod/github.com/nats-io/nats.go@v1.41.1/jetstream/pull.go:536 +0x78a

goroutine 50937 [select, 1 minutes]:
github.com/nats-io/nats.go/jetstream.(*pullSubscription).pullMessages(0xc001afd200, {0xc001eb9450, 0x50})
	/Users/jace/go/pkg/mod/github.com/nats-io/nats.go@v1.41.1/jetstream/pull.go:955 +0x91
created by github.com/nats-io/nats.go/jetstream.(*pullConsumer).Messages in goroutine 50717
	/Users/jace/go/pkg/mod/github.com/nats-io/nats.go@v1.41.1/jetstream/pull.go:534 +0x748

goroutine 60159 [select]:
github.com/nats-io/nats.go/jetstream.(*pullConsumer).Messages.func2()
	/Users/jace/go/pkg/mod/github.com/nats-io/nats.go@v1.41.1/jetstream/pull.go:538 +0x68
created by github.com/nats-io/nats.go/jetstream.(*pullConsumer).Messages in goroutine 59782
	/Users/jace/go/pkg/mod/github.com/nats-io/nats.go@v1.41.1/jetstream/pull.go:536 +0x78a

goroutine 50741 [select, 1 minutes]:
github.com/nats-io/nats.go/jetstream.(*pullSubscription).pullMessages(0xc002314ab0, {0xc00087a1e0, 0x52})
	/Users/jace/go/pkg/mod/github.com/nats-io/nats.go@v1.41.1/jetstream/pull.go:955 +0x91
created by github.com/nats-io/nats.go/jetstream.(*pullConsumer).Messages in goroutine 50717
	/Users/jace/go/pkg/mod/github.com/nats-io/nats.go@v1.41.1/jetstream/pull.go:534 +0x748

goroutine 50742 [select, 1 minutes]:
github.com/nats-io/nats.go/jetstream.(*pullConsumer).Messages.func2()
	/Users/jace/go/pkg/mod/github.com/nats-io/nats.go@v1.41.1/jetstream/pull.go:538 +0x68
created by github.com/nats-io/nats.go/jetstream.(*pullConsumer).Messages in goroutine 50717
	/Users/jace/go/pkg/mod/github.com/nats-io/nats.go@v1.41.1/jetstream/pull.go:536 +0x78a

goroutine 50743 [select, 1 minutes]:
github.com/nats-io/nats.go/jetstream.(*pullSubscription).Next(0xc002314ab0)
	/Users/jace/go/pkg/mod/github.com/nats-io/nats.go@v1.41.1/jetstream/pull.go:589 +0x285
github.com/Black-And-White-Club/frolf-bot-shared/eventbus.(*eventBus).Subscribe.func1()
	/Users/jace/Documents/GitHub/frolf-bot-shared/eventbus/eventbus.go:326 +0x169
created by github.com/Black-And-White-Club/frolf-bot-shared/eventbus.(*eventBus).Subscribe in goroutine 50717
	/Users/jace/Documents/GitHub/frolf-bot-shared/eventbus/eventbus.go:315 +0xbf1

goroutine 50744 [chan receive, 1 minutes]:
github.com/ThreeDotsLabs/watermill/message.(*messageTransformSubscriberDecorator).Subscribe.func1()
	/Users/jace/go/pkg/mod/github.com/!three!dots!labs/watermill@v1.4.6/message/decorator.go:52 +0x85
created by github.com/ThreeDotsLabs/watermill/message.(*messageTransformSubscriberDecorator).Subscribe in goroutine 50717
	/Users/jace/go/pkg/mod/github.com/!three!dots!labs/watermill@v1.4.6/message/decorator.go:51 +0xc7

goroutine 50745 [chan receive, 1 minutes]:
github.com/ThreeDotsLabs/watermill/message.(*handler).run(0xc001983040, {0x10a337fa0, 0xc0010e3bd0}, {0xc002920e40, 0x6, 0xc0021e5f78?})
	/Users/jace/go/pkg/mod/github.com/!three!dots!labs/watermill@v1.4.6/message/router.go:645 +0x2b4
github.com/ThreeDotsLabs/watermill/message.(*Router).RunHandlers.func1()
	/Users/jace/go/pkg/mod/github.com/!three!dots!labs/watermill@v1.4.6/message/router.go:460 +0x145
created by github.com/ThreeDotsLabs/watermill/message.(*Router).RunHandlers in goroutine 50717
	/Users/jace/go/pkg/mod/github.com/!three!dots!labs/watermill@v1.4.6/message/router.go:453 +0x606

goroutine 50640 [select, 1 minutes]:
github.com/nats-io/nats.go/jetstream.(*pullSubscription).pullMessages(0xc001fc2c60, {0xc001782200, 0x40})
	/Users/jace/go/pkg/mod/github.com/nats-io/nats.go@v1.41.1/jetstream/pull.go:955 +0x91
created by github.com/nats-io/nats.go/jetstream.(*pullConsumer).Messages in goroutine 50717
	/Users/jace/go/pkg/mod/github.com/nats-io/nats.go@v1.41.1/jetstream/pull.go:534 +0x748

goroutine 52702 [chan receive]:
github.com/ThreeDotsLabs/watermill/message.(*messageTransformSubscriberDecorator).Subscribe.func1()
	/Users/jace/go/pkg/mod/github.com/!three!dots!labs/watermill@v1.4.6/message/decorator.go:52 +0x85
created by github.com/ThreeDotsLabs/watermill/message.(*messageTransformSubscriberDecorator).Subscribe in goroutine 52535
	/Users/jace/go/pkg/mod/github.com/!three!dots!labs/watermill@v1.4.6/message/decorator.go:51 +0xc7

goroutine 50934 [chan receive, 1 minutes]:
github.com/ThreeDotsLabs/watermill/message.(*messageTransformSubscriberDecorator).Subscribe.func1()
	/Users/jace/go/pkg/mod/github.com/!three!dots!labs/watermill@v1.4.6/message/decorator.go:52 +0x85
created by github.com/ThreeDotsLabs/watermill/message.(*messageTransformSubscriberDecorator).Subscribe in goroutine 50717
	/Users/jace/go/pkg/mod/github.com/!three!dots!labs/watermill@v1.4.6/message/decorator.go:51 +0xc7

goroutine 51036 [select, 1 minutes]:
github.com/nats-io/nats.go/jetstream.(*pullSubscription).pullMessages(0xc0012b57a0, {0xc0008b3180, 0x4e})
	/Users/jace/go/pkg/mod/github.com/nats-io/nats.go@v1.41.1/jetstream/pull.go:955 +0x91
created by github.com/nats-io/nats.go/jetstream.(*pullConsumer).Messages in goroutine 50717
	/Users/jace/go/pkg/mod/github.com/nats-io/nats.go@v1.41.1/jetstream/pull.go:534 +0x748

goroutine 51031 [select, 1 minutes]:
github.com/nats-io/nats.go/jetstream.(*pullSubscription).Next(0xc0012b5170)
	/Users/jace/go/pkg/mod/github.com/nats-io/nats.go@v1.41.1/jetstream/pull.go:589 +0x285
github.com/Black-And-White-Club/frolf-bot-shared/eventbus.(*eventBus).Subscribe.func1()
	/Users/jace/Documents/GitHub/frolf-bot-shared/eventbus/eventbus.go:326 +0x169
created by github.com/Black-And-White-Club/frolf-bot-shared/eventbus.(*eventBus).Subscribe in goroutine 50717
	/Users/jace/Documents/GitHub/frolf-bot-shared/eventbus/eventbus.go:315 +0xbf1

goroutine 57480 [chan receive]:
github.com/ThreeDotsLabs/watermill/message.(*messageTransformSubscriberDecorator).Subscribe.func1()
	/Users/jace/go/pkg/mod/github.com/!three!dots!labs/watermill@v1.4.6/message/decorator.go:52 +0x85
created by github.com/ThreeDotsLabs/watermill/message.(*messageTransformSubscriberDecorator).Subscribe in goroutine 57220
	/Users/jace/go/pkg/mod/github.com/!three!dots!labs/watermill@v1.4.6/message/decorator.go:51 +0xc7

goroutine 51191 [select, 1 minutes]:
github.com/nats-io/nats.go/jetstream.(*pullSubscription).Next(0xc001208fc0)
	/Users/jace/go/pkg/mod/github.com/nats-io/nats.go@v1.41.1/jetstream/pull.go:589 +0x285
github.com/Black-And-White-Club/frolf-bot-shared/eventbus.(*eventBus).Subscribe.func1()
	/Users/jace/Documents/GitHub/frolf-bot-shared/eventbus/eventbus.go:326 +0x169
created by github.com/Black-And-White-Club/frolf-bot-shared/eventbus.(*eventBus).Subscribe in goroutine 50717
	/Users/jace/Documents/GitHub/frolf-bot-shared/eventbus/eventbus.go:315 +0xbf1

goroutine 50823 [select, 1 minutes]:
github.com/nats-io/nats.go/jetstream.(*pullConsumer).Messages.func2()
	/Users/jace/go/pkg/mod/github.com/nats-io/nats.go@v1.41.1/jetstream/pull.go:538 +0x68
created by github.com/nats-io/nats.go/jetstream.(*pullConsumer).Messages in goroutine 50717
	/Users/jace/go/pkg/mod/github.com/nats-io/nats.go@v1.41.1/jetstream/pull.go:536 +0x78a

goroutine 50824 [select, 1 minutes]:
github.com/nats-io/nats.go/jetstream.(*pullSubscription).Next(0xc001836bd0)
	/Users/jace/go/pkg/mod/github.com/nats-io/nats.go@v1.41.1/jetstream/pull.go:589 +0x285
github.com/Black-And-White-Club/frolf-bot-shared/eventbus.(*eventBus).Subscribe.func1()
	/Users/jace/Documents/GitHub/frolf-bot-shared/eventbus/eventbus.go:326 +0x169
created by github.com/Black-And-White-Club/frolf-bot-shared/eventbus.(*eventBus).Subscribe in goroutine 50717
	/Users/jace/Documents/GitHub/frolf-bot-shared/eventbus/eventbus.go:315 +0xbf1

goroutine 50825 [chan receive, 1 minutes]:
github.com/ThreeDotsLabs/watermill/message.(*messageTransformSubscriberDecorator).Subscribe.func1()
	/Users/jace/go/pkg/mod/github.com/!three!dots!labs/watermill@v1.4.6/message/decorator.go:52 +0x85
created by github.com/ThreeDotsLabs/watermill/message.(*messageTransformSubscriberDecorator).Subscribe in goroutine 50717
	/Users/jace/go/pkg/mod/github.com/!three!dots!labs/watermill@v1.4.6/message/decorator.go:51 +0xc7

goroutine 50826 [chan receive, 1 minutes]:
github.com/ThreeDotsLabs/watermill/message.(*handler).run(0xc00260cf70, {0x10a337fa0, 0xc000915270}, {0xc0020432c0, 0x6, 0x0?})
	/Users/jace/go/pkg/mod/github.com/!three!dots!labs/watermill@v1.4.6/message/router.go:645 +0x2b4
github.com/ThreeDotsLabs/watermill/message.(*Router).RunHandlers.func1()
	/Users/jace/go/pkg/mod/github.com/!three!dots!labs/watermill@v1.4.6/message/router.go:460 +0x145
created by github.com/ThreeDotsLabs/watermill/message.(*Router).RunHandlers in goroutine 50717
	/Users/jace/go/pkg/mod/github.com/!three!dots!labs/watermill@v1.4.6/message/router.go:453 +0x606

goroutine 52580 [select]:
github.com/nats-io/nats.go/jetstream.(*pullConsumer).Messages.func2()
	/Users/jace/go/pkg/mod/github.com/nats-io/nats.go@v1.41.1/jetstream/pull.go:538 +0x68
created by github.com/nats-io/nats.go/jetstream.(*pullConsumer).Messages in goroutine 52535
	/Users/jace/go/pkg/mod/github.com/nats-io/nats.go@v1.41.1/jetstream/pull.go:536 +0x78a

goroutine 50895 [select, 1 minutes]:
github.com/nats-io/nats.go/jetstream.(*pullConsumer).Messages.func2()
	/Users/jace/go/pkg/mod/github.com/nats-io/nats.go@v1.41.1/jetstream/pull.go:538 +0x68
created by github.com/nats-io/nats.go/jetstream.(*pullConsumer).Messages in goroutine 50717
	/Users/jace/go/pkg/mod/github.com/nats-io/nats.go@v1.41.1/jetstream/pull.go:536 +0x78a

goroutine 52700 [select]:
github.com/nats-io/nats.go/jetstream.(*pullConsumer).Messages.func2()
	/Users/jace/go/pkg/mod/github.com/nats-io/nats.go@v1.41.1/jetstream/pull.go:538 +0x68
created by github.com/nats-io/nats.go/jetstream.(*pullConsumer).Messages in goroutine 52535
	/Users/jace/go/pkg/mod/github.com/nats-io/nats.go@v1.41.1/jetstream/pull.go:536 +0x78a

goroutine 57422 [select]:
github.com/nats-io/nats.go/jetstream.(*pullConsumer).Messages.func2()
	/Users/jace/go/pkg/mod/github.com/nats-io/nats.go@v1.41.1/jetstream/pull.go:538 +0x68
created by github.com/nats-io/nats.go/jetstream.(*pullConsumer).Messages in goroutine 57220
	/Users/jace/go/pkg/mod/github.com/nats-io/nats.go@v1.41.1/jetstream/pull.go:536 +0x78a

goroutine 50964 [select, 1 minutes]:
github.com/nats-io/nats.go/jetstream.(*pullSubscription).Next(0xc001ba8000)
	/Users/jace/go/pkg/mod/github.com/nats-io/nats.go@v1.41.1/jetstream/pull.go:589 +0x285
github.com/Black-And-White-Club/frolf-bot-shared/eventbus.(*eventBus).Subscribe.func1()
	/Users/jace/Documents/GitHub/frolf-bot-shared/eventbus/eventbus.go:326 +0x169
created by github.com/Black-And-White-Club/frolf-bot-shared/eventbus.(*eventBus).Subscribe in goroutine 50717
	/Users/jace/Documents/GitHub/frolf-bot-shared/eventbus/eventbus.go:315 +0xbf1

goroutine 50797 [select, 1 minutes]:
github.com/nats-io/nats.go/jetstream.(*pullConsumer).Messages.func2()
	/Users/jace/go/pkg/mod/github.com/nats-io/nats.go@v1.41.1/jetstream/pull.go:538 +0x68
created by github.com/nats-io/nats.go/jetstream.(*pullConsumer).Messages in goroutine 50717
	/Users/jace/go/pkg/mod/github.com/nats-io/nats.go@v1.41.1/jetstream/pull.go:536 +0x78a

goroutine 50869 [select, 1 minutes]:
github.com/nats-io/nats.go/jetstream.(*pullConsumer).Messages.func2()
	/Users/jace/go/pkg/mod/github.com/nats-io/nats.go@v1.41.1/jetstream/pull.go:538 +0x68
created by github.com/nats-io/nats.go/jetstream.(*pullConsumer).Messages in goroutine 50717
	/Users/jace/go/pkg/mod/github.com/nats-io/nats.go@v1.41.1/jetstream/pull.go:536 +0x78a

goroutine 50870 [select, 1 minutes]:
github.com/nats-io/nats.go/jetstream.(*pullSubscription).Next(0xc00083c870)
	/Users/jace/go/pkg/mod/github.com/nats-io/nats.go@v1.41.1/jetstream/pull.go:589 +0x285
github.com/Black-And-White-Club/frolf-bot-shared/eventbus.(*eventBus).Subscribe.func1()
	/Users/jace/Documents/GitHub/frolf-bot-shared/eventbus/eventbus.go:326 +0x169
created by github.com/Black-And-White-Club/frolf-bot-shared/eventbus.(*eventBus).Subscribe in goroutine 50717
	/Users/jace/Documents/GitHub/frolf-bot-shared/eventbus/eventbus.go:315 +0xbf1

goroutine 50871 [chan receive, 1 minutes]:
github.com/ThreeDotsLabs/watermill/message.(*messageTransformSubscriberDecorator).Subscribe.func1()
	/Users/jace/go/pkg/mod/github.com/!three!dots!labs/watermill@v1.4.6/message/decorator.go:52 +0x85
created by github.com/ThreeDotsLabs/watermill/message.(*messageTransformSubscriberDecorator).Subscribe in goroutine 50717
	/Users/jace/go/pkg/mod/github.com/!three!dots!labs/watermill@v1.4.6/message/decorator.go:51 +0xc7

goroutine 50872 [chan receive, 1 minutes]:
github.com/ThreeDotsLabs/watermill/message.(*handler).run(0xc001983380, {0x10a337fa0, 0xc0009154a0}, {0xc001ea89c0, 0x6, 0x4?})
	/Users/jace/go/pkg/mod/github.com/!three!dots!labs/watermill@v1.4.6/message/router.go:645 +0x2b4
github.com/ThreeDotsLabs/watermill/message.(*Router).RunHandlers.func1()
	/Users/jace/go/pkg/mod/github.com/!three!dots!labs/watermill@v1.4.6/message/router.go:460 +0x145
created by github.com/ThreeDotsLabs/watermill/message.(*Router).RunHandlers in goroutine 50717
	/Users/jace/go/pkg/mod/github.com/!three!dots!labs/watermill@v1.4.6/message/router.go:453 +0x606

goroutine 54319 [chan receive]:
github.com/ThreeDotsLabs/watermill/message.(*handler).run(0xc002549520, {0x10a337fa0, 0xc002684b40}, {0xc002252f00, 0x6, 0xc001c4a778?})
	/Users/jace/go/pkg/mod/github.com/!three!dots!labs/watermill@v1.4.6/message/router.go:645 +0x2b4
github.com/ThreeDotsLabs/watermill/message.(*Router).RunHandlers.func1()
	/Users/jace/go/pkg/mod/github.com/!three!dots!labs/watermill@v1.4.6/message/router.go:460 +0x145
created by github.com/ThreeDotsLabs/watermill/message.(*Router).RunHandlers in goroutine 54037
	/Users/jace/go/pkg/mod/github.com/!three!dots!labs/watermill@v1.4.6/message/router.go:453 +0x606

goroutine 50931 [select, 1 minutes]:
github.com/nats-io/nats.go/jetstream.(*pullSubscription).pullMessages(0xc001afc120, {0xc001eb9220, 0x48})
	/Users/jace/go/pkg/mod/github.com/nats-io/nats.go@v1.41.1/jetstream/pull.go:955 +0x91
created by github.com/nats-io/nats.go/jetstream.(*pullConsumer).Messages in goroutine 50717
	/Users/jace/go/pkg/mod/github.com/nats-io/nats.go@v1.41.1/jetstream/pull.go:534 +0x748

goroutine 50878 [chan receive, 1 minutes]:
github.com/ThreeDotsLabs/watermill/message.(*handler).run(0xc00260c1a0, {0x10a337fa0, 0xc002684fa0}, {0xc001ea8a80, 0x6, 0x0?})
	/Users/jace/go/pkg/mod/github.com/!three!dots!labs/watermill@v1.4.6/message/router.go:645 +0x2b4
github.com/ThreeDotsLabs/watermill/message.(*Router).RunHandlers.func1()
	/Users/jace/go/pkg/mod/github.com/!three!dots!labs/watermill@v1.4.6/message/router.go:460 +0x145
created by github.com/ThreeDotsLabs/watermill/message.(*Router).RunHandlers in goroutine 50717
	/Users/jace/go/pkg/mod/github.com/!three!dots!labs/watermill@v1.4.6/message/router.go:453 +0x606

goroutine 54267 [chan receive]:
github.com/ThreeDotsLabs/watermill/message.(*messageTransformSubscriberDecorator).Subscribe.func1()
	/Users/jace/go/pkg/mod/github.com/!three!dots!labs/watermill@v1.4.6/message/decorator.go:52 +0x85
created by github.com/ThreeDotsLabs/watermill/message.(*messageTransformSubscriberDecorator).Subscribe in goroutine 54037
	/Users/jace/go/pkg/mod/github.com/!three!dots!labs/watermill@v1.4.6/message/decorator.go:51 +0xc7

goroutine 50894 [select, 1 minutes]:
github.com/nats-io/nats.go/jetstream.(*pullSubscription).pullMessages(0xc0009d9dd0, {0xc0017e93e0, 0x58})
	/Users/jace/go/pkg/mod/github.com/nats-io/nats.go@v1.41.1/jetstream/pull.go:955 +0x91
created by github.com/nats-io/nats.go/jetstream.(*pullConsumer).Messages in goroutine 50717
	/Users/jace/go/pkg/mod/github.com/nats-io/nats.go@v1.41.1/jetstream/pull.go:534 +0x748

goroutine 55809 [select]:
github.com/nats-io/nats.go/jetstream.(*pullSubscription).Next(0xc002336870)
	/Users/jace/go/pkg/mod/github.com/nats-io/nats.go@v1.41.1/jetstream/pull.go:589 +0x285
github.com/Black-And-White-Club/frolf-bot-shared/eventbus.(*eventBus).Subscribe.func1()
	/Users/jace/Documents/GitHub/frolf-bot-shared/eventbus/eventbus.go:326 +0x169
created by github.com/Black-And-White-Club/frolf-bot-shared/eventbus.(*eventBus).Subscribe in goroutine 55362
	/Users/jace/Documents/GitHub/frolf-bot-shared/eventbus/eventbus.go:315 +0xbf1

goroutine 53075 [select]:
github.com/nats-io/nats.go/jetstream.(*pullConsumer).Messages.func2()
	/Users/jace/go/pkg/mod/github.com/nats-io/nats.go@v1.41.1/jetstream/pull.go:538 +0x68
created by github.com/nats-io/nats.go/jetstream.(*pullConsumer).Messages in goroutine 52535
	/Users/jace/go/pkg/mod/github.com/nats-io/nats.go@v1.41.1/jetstream/pull.go:536 +0x78a

goroutine 54230 [select]:
github.com/nats-io/nats.go/jetstream.(*pullConsumer).Messages.func2()
	/Users/jace/go/pkg/mod/github.com/nats-io/nats.go@v1.41.1/jetstream/pull.go:538 +0x68
created by github.com/nats-io/nats.go/jetstream.(*pullConsumer).Messages in goroutine 54037
	/Users/jace/go/pkg/mod/github.com/nats-io/nats.go@v1.41.1/jetstream/pull.go:536 +0x78a

goroutine 50798 [select, 1 minutes]:
github.com/nats-io/nats.go/jetstream.(*pullSubscription).Next(0xc0009d8630)
	/Users/jace/go/pkg/mod/github.com/nats-io/nats.go@v1.41.1/jetstream/pull.go:589 +0x285
github.com/Black-And-White-Club/frolf-bot-shared/eventbus.(*eventBus).Subscribe.func1()
	/Users/jace/Documents/GitHub/frolf-bot-shared/eventbus/eventbus.go:326 +0x169
created by github.com/Black-And-White-Club/frolf-bot-shared/eventbus.(*eventBus).Subscribe in goroutine 50717
	/Users/jace/Documents/GitHub/frolf-bot-shared/eventbus/eventbus.go:315 +0xbf1

goroutine 50799 [chan receive, 1 minutes]:
github.com/ThreeDotsLabs/watermill/message.(*messageTransformSubscriberDecorator).Subscribe.func1()
	/Users/jace/go/pkg/mod/github.com/!three!dots!labs/watermill@v1.4.6/message/decorator.go:52 +0x85
created by github.com/ThreeDotsLabs/watermill/message.(*messageTransformSubscriberDecorator).Subscribe in goroutine 50717
	/Users/jace/go/pkg/mod/github.com/!three!dots!labs/watermill@v1.4.6/message/decorator.go:51 +0xc7

goroutine 50800 [chan receive, 1 minutes]:
github.com/ThreeDotsLabs/watermill/message.(*handler).run(0xc00260c340, {0x10a337fa0, 0xc0026850e0}, {0xc00196c900, 0x6, 0xc002500778?})
	/Users/jace/go/pkg/mod/github.com/!three!dots!labs/watermill@v1.4.6/message/router.go:645 +0x2b4
github.com/ThreeDotsLabs/watermill/message.(*Router).RunHandlers.func1()
	/Users/jace/go/pkg/mod/github.com/!three!dots!labs/watermill@v1.4.6/message/router.go:460 +0x145
created by github.com/ThreeDotsLabs/watermill/message.(*Router).RunHandlers in goroutine 50717
	/Users/jace/go/pkg/mod/github.com/!three!dots!labs/watermill@v1.4.6/message/router.go:453 +0x606

goroutine 55798 [select]:
github.com/nats-io/nats.go/jetstream.(*pullSubscription).Next(0xc001aa5e60)
	/Users/jace/go/pkg/mod/github.com/nats-io/nats.go@v1.41.1/jetstream/pull.go:589 +0x285
github.com/Black-And-White-Club/frolf-bot-shared/eventbus.(*eventBus).Subscribe.func1()
	/Users/jace/Documents/GitHub/frolf-bot-shared/eventbus/eventbus.go:326 +0x169
created by github.com/Black-And-White-Club/frolf-bot-shared/eventbus.(*eventBus).Subscribe in goroutine 55362
	/Users/jace/Documents/GitHub/frolf-bot-shared/eventbus/eventbus.go:315 +0xbf1

goroutine 52484 [sync.Cond.Wait]:
sync.runtime_notifyListWait(0xc00005fc90, 0x40)
	/usr/local/Cellar/go/1.24.2/libexec/src/runtime/sema.go:597 +0x159
sync.(*Cond).Wait(0xc0021b5030?)
	/usr/local/Cellar/go/1.24.2/libexec/src/sync/cond.go:71 +0x85
github.com/nats-io/nats%2ego.(*Conn).waitForMsgs(0xc0024cf508, 0xc001c620f0)
	/Users/jace/go/pkg/mod/github.com/nats-io/nats.go@v1.41.1/nats.go:3178 +0xc5
created by github.com/nats-io/nats%2ego.(*Conn).subscribeLocked in goroutine 51793
	/Users/jace/go/pkg/mod/github.com/nats-io/nats.go@v1.41.1/nats.go:4468 +0x419

goroutine 57171 [select]:
github.com/nats-io/nats.go/jetstream.(*pullSubscription).pullMessages(0xc001b34240, {0xc0007d7860, 0x4b})
	/Users/jace/go/pkg/mod/github.com/nats-io/nats.go@v1.41.1/jetstream/pull.go:955 +0x91
created by github.com/nats-io/nats.go/jetstream.(*pullConsumer).Messages in goroutine 57220
	/Users/jace/go/pkg/mod/github.com/nats-io/nats.go@v1.41.1/jetstream/pull.go:534 +0x748

goroutine 57174 [chan receive]:
github.com/ThreeDotsLabs/watermill/message.(*messageTransformSubscriberDecorator).Subscribe.func1()
	/Users/jace/go/pkg/mod/github.com/!three!dots!labs/watermill@v1.4.6/message/decorator.go:52 +0x85
created by github.com/ThreeDotsLabs/watermill/message.(*messageTransformSubscriberDecorator).Subscribe in goroutine 57220
	/Users/jace/go/pkg/mod/github.com/!three!dots!labs/watermill@v1.4.6/message/decorator.go:51 +0xc7

goroutine 51218 [select, 1 minutes]:
github.com/nats-io/nats.go/jetstream.(*pullConsumer).Messages.func2()
	/Users/jace/go/pkg/mod/github.com/nats-io/nats.go@v1.41.1/jetstream/pull.go:538 +0x68
created by github.com/nats-io/nats.go/jetstream.(*pullConsumer).Messages in goroutine 50717
	/Users/jace/go/pkg/mod/github.com/nats-io/nats.go@v1.41.1/jetstream/pull.go:536 +0x78a

goroutine 50965 [chan receive, 1 minutes]:
github.com/ThreeDotsLabs/watermill/message.(*messageTransformSubscriberDecorator).Subscribe.func1()
	/Users/jace/go/pkg/mod/github.com/!three!dots!labs/watermill@v1.4.6/message/decorator.go:52 +0x85
created by github.com/ThreeDotsLabs/watermill/message.(*messageTransformSubscriberDecorator).Subscribe in goroutine 50717
	/Users/jace/go/pkg/mod/github.com/!three!dots!labs/watermill@v1.4.6/message/decorator.go:51 +0xc7

goroutine 50938 [select, 1 minutes]:
github.com/nats-io/nats.go/jetstream.(*pullConsumer).Messages.func2()
	/Users/jace/go/pkg/mod/github.com/nats-io/nats.go@v1.41.1/jetstream/pull.go:538 +0x68
created by github.com/nats-io/nats.go/jetstream.(*pullConsumer).Messages in goroutine 50717
	/Users/jace/go/pkg/mod/github.com/nats-io/nats.go@v1.41.1/jetstream/pull.go:536 +0x78a

goroutine 50966 [chan receive, 1 minutes]:
github.com/ThreeDotsLabs/watermill/message.(*handler).run(0xc00260d040, {0x10a337fa0, 0xc001e695e0}, {0xc001ea8cc0, 0x6, 0x10a0bfea0?})
	/Users/jace/go/pkg/mod/github.com/!three!dots!labs/watermill@v1.4.6/message/router.go:645 +0x2b4
github.com/ThreeDotsLabs/watermill/message.(*Router).RunHandlers.func1()
	/Users/jace/go/pkg/mod/github.com/!three!dots!labs/watermill@v1.4.6/message/router.go:460 +0x145
created by github.com/ThreeDotsLabs/watermill/message.(*Router).RunHandlers in goroutine 50717
	/Users/jace/go/pkg/mod/github.com/!three!dots!labs/watermill@v1.4.6/message/router.go:453 +0x606

goroutine 55509 [select]:
github.com/nats-io/nats.go/jetstream.(*pullSubscription).Next(0xc001aa46c0)
	/Users/jace/go/pkg/mod/github.com/nats-io/nats.go@v1.41.1/jetstream/pull.go:589 +0x285
github.com/Black-And-White-Club/frolf-bot-shared/eventbus.(*eventBus).Subscribe.func1()
	/Users/jace/Documents/GitHub/frolf-bot-shared/eventbus/eventbus.go:326 +0x169
created by github.com/Black-And-White-Club/frolf-bot-shared/eventbus.(*eventBus).Subscribe in goroutine 55362
	/Users/jace/Documents/GitHub/frolf-bot-shared/eventbus/eventbus.go:315 +0xbf1

goroutine 50935 [chan receive, 1 minutes]:
github.com/ThreeDotsLabs/watermill/message.(*handler).run(0xc00260c4e0, {0x10a337fa0, 0xc001531860}, {0xc0020435c0, 0x6, 0x0?})
	/Users/jace/go/pkg/mod/github.com/!three!dots!labs/watermill@v1.4.6/message/router.go:645 +0x2b4
github.com/ThreeDotsLabs/watermill/message.(*Router).RunHandlers.func1()
	/Users/jace/go/pkg/mod/github.com/!three!dots!labs/watermill@v1.4.6/message/router.go:460 +0x145
created by github.com/ThreeDotsLabs/watermill/message.(*Router).RunHandlers in goroutine 50717
	/Users/jace/go/pkg/mod/github.com/!three!dots!labs/watermill@v1.4.6/message/router.go:453 +0x606

goroutine 50940 [chan receive, 1 minutes]:
github.com/ThreeDotsLabs/watermill/message.(*messageTransformSubscriberDecorator).Subscribe.func1()
	/Users/jace/go/pkg/mod/github.com/!three!dots!labs/watermill@v1.4.6/message/decorator.go:52 +0x85
created by github.com/ThreeDotsLabs/watermill/message.(*messageTransformSubscriberDecorator).Subscribe in goroutine 50717
	/Users/jace/go/pkg/mod/github.com/!three!dots!labs/watermill@v1.4.6/message/decorator.go:51 +0xc7

goroutine 53072 [chan receive]:
github.com/ThreeDotsLabs/watermill/message.(*messageTransformSubscriberDecorator).Subscribe.func1()
	/Users/jace/go/pkg/mod/github.com/!three!dots!labs/watermill@v1.4.6/message/decorator.go:52 +0x85
created by github.com/ThreeDotsLabs/watermill/message.(*messageTransformSubscriberDecorator).Subscribe in goroutine 54037
	/Users/jace/go/pkg/mod/github.com/!three!dots!labs/watermill@v1.4.6/message/decorator.go:51 +0xc7

goroutine 50896 [select, 1 minutes]:
github.com/nats-io/nats.go/jetstream.(*pullSubscription).Next(0xc0009d9dd0)
	/Users/jace/go/pkg/mod/github.com/nats-io/nats.go@v1.41.1/jetstream/pull.go:589 +0x285
github.com/Black-And-White-Club/frolf-bot-shared/eventbus.(*eventBus).Subscribe.func1()
	/Users/jace/Documents/GitHub/frolf-bot-shared/eventbus/eventbus.go:326 +0x169
created by github.com/Black-And-White-Club/frolf-bot-shared/eventbus.(*eventBus).Subscribe in goroutine 50717
	/Users/jace/Documents/GitHub/frolf-bot-shared/eventbus/eventbus.go:315 +0xbf1

goroutine 50897 [chan receive, 1 minutes]:
github.com/ThreeDotsLabs/watermill/message.(*messageTransformSubscriberDecorator).Subscribe.func1()
	/Users/jace/go/pkg/mod/github.com/!three!dots!labs/watermill@v1.4.6/message/decorator.go:52 +0x85
created by github.com/ThreeDotsLabs/watermill/message.(*messageTransformSubscriberDecorator).Subscribe in goroutine 50717
	/Users/jace/go/pkg/mod/github.com/!three!dots!labs/watermill@v1.4.6/message/decorator.go:51 +0xc7

goroutine 50946 [chan receive, 1 minutes]:
github.com/ThreeDotsLabs/watermill/message.(*handler).run(0xc00260c5b0, {0x10a337fa0, 0xc000915c70}, {0xc00196ce40, 0x6, 0x50?})
	/Users/jace/go/pkg/mod/github.com/!three!dots!labs/watermill@v1.4.6/message/router.go:645 +0x2b4
github.com/ThreeDotsLabs/watermill/message.(*Router).RunHandlers.func1()
	/Users/jace/go/pkg/mod/github.com/!three!dots!labs/watermill@v1.4.6/message/router.go:460 +0x145
created by github.com/ThreeDotsLabs/watermill/message.(*Router).RunHandlers in goroutine 50717
	/Users/jace/go/pkg/mod/github.com/!three!dots!labs/watermill@v1.4.6/message/router.go:453 +0x606

goroutine 52609 [select]:
github.com/nats-io/nats.go/jetstream.(*pullSubscription).Next(0xc001ac19e0)
	/Users/jace/go/pkg/mod/github.com/nats-io/nats.go@v1.41.1/jetstream/pull.go:589 +0x285
github.com/Black-And-White-Club/frolf-bot-shared/eventbus.(*eventBus).Subscribe.func1()
	/Users/jace/Documents/GitHub/frolf-bot-shared/eventbus/eventbus.go:326 +0x169
created by github.com/Black-And-White-Club/frolf-bot-shared/eventbus.(*eventBus).Subscribe in goroutine 52535
	/Users/jace/Documents/GitHub/frolf-bot-shared/eventbus/eventbus.go:315 +0xbf1

goroutine 52954 [select]:
github.com/nats-io/nats.go/jetstream.(*pullSubscription).pullMessages(0xc00271ea20, {0xc001623740, 0x3f})
	/Users/jace/go/pkg/mod/github.com/nats-io/nats.go@v1.41.1/jetstream/pull.go:955 +0x91
created by github.com/nats-io/nats.go/jetstream.(*pullConsumer).Messages in goroutine 52535
	/Users/jace/go/pkg/mod/github.com/nats-io/nats.go@v1.41.1/jetstream/pull.go:534 +0x748

goroutine 54371 [chan receive]:
github.com/ThreeDotsLabs/watermill/message.(*handler).run(0xc002549860, {0x10a337fa0, 0xc002130690}, {0xc002426600, 0x6, 0x0?})
	/Users/jace/go/pkg/mod/github.com/!three!dots!labs/watermill@v1.4.6/message/router.go:645 +0x2b4
github.com/ThreeDotsLabs/watermill/message.(*Router).RunHandlers.func1()
	/Users/jace/go/pkg/mod/github.com/!three!dots!labs/watermill@v1.4.6/message/router.go:460 +0x145
created by github.com/ThreeDotsLabs/watermill/message.(*Router).RunHandlers in goroutine 54037
	/Users/jace/go/pkg/mod/github.com/!three!dots!labs/watermill@v1.4.6/message/router.go:453 +0x606

goroutine 51219 [select, 1 minutes]:
github.com/nats-io/nats.go/jetstream.(*pullSubscription).Next(0xc00097e3f0)
	/Users/jace/go/pkg/mod/github.com/nats-io/nats.go@v1.41.1/jetstream/pull.go:589 +0x285
github.com/Black-And-White-Club/frolf-bot-shared/eventbus.(*eventBus).Subscribe.func1()
	/Users/jace/Documents/GitHub/frolf-bot-shared/eventbus/eventbus.go:326 +0x169
created by github.com/Black-And-White-Club/frolf-bot-shared/eventbus.(*eventBus).Subscribe in goroutine 50717
	/Users/jace/Documents/GitHub/frolf-bot-shared/eventbus/eventbus.go:315 +0xbf1

goroutine 50939 [select, 1 minutes]:
github.com/nats-io/nats.go/jetstream.(*pullSubscription).Next(0xc001afd200)
	/Users/jace/go/pkg/mod/github.com/nats-io/nats.go@v1.41.1/jetstream/pull.go:589 +0x285
github.com/Black-And-White-Club/frolf-bot-shared/eventbus.(*eventBus).Subscribe.func1()
	/Users/jace/Documents/GitHub/frolf-bot-shared/eventbus/eventbus.go:326 +0x169
created by github.com/Black-And-White-Club/frolf-bot-shared/eventbus.(*eventBus).Subscribe in goroutine 50717
	/Users/jace/Documents/GitHub/frolf-bot-shared/eventbus/eventbus.go:315 +0xbf1

goroutine 50941 [chan receive, 1 minutes]:
github.com/ThreeDotsLabs/watermill/message.(*handler).run(0xc00260c680, {0x10a337fa0, 0xc0021316d0}, {0xc002043740, 0x6, 0x100000001?})
	/Users/jace/go/pkg/mod/github.com/!three!dots!labs/watermill@v1.4.6/message/router.go:645 +0x2b4
github.com/ThreeDotsLabs/watermill/message.(*Router).RunHandlers.func1()
	/Users/jace/go/pkg/mod/github.com/!three!dots!labs/watermill@v1.4.6/message/router.go:460 +0x145
created by github.com/ThreeDotsLabs/watermill/message.(*Router).RunHandlers in goroutine 50717
	/Users/jace/go/pkg/mod/github.com/!three!dots!labs/watermill@v1.4.6/message/router.go:453 +0x606

goroutine 51185 [select, 1 minutes]:
github.com/nats-io/nats.go/jetstream.(*pullSubscription).pullMessages(0xc00097e3f0, {0xc002988b80, 0x3e})
	/Users/jace/go/pkg/mod/github.com/nats-io/nats.go@v1.41.1/jetstream/pull.go:955 +0x91
created by github.com/nats-io/nats.go/jetstream.(*pullConsumer).Messages in goroutine 50717
	/Users/jace/go/pkg/mod/github.com/nats-io/nats.go@v1.41.1/jetstream/pull.go:534 +0x748

goroutine 52677 [select]:
github.com/nats-io/nats.go/jetstream.(*pullSubscription).Next(0xc001f5d7a0)
	/Users/jace/go/pkg/mod/github.com/nats-io/nats.go@v1.41.1/jetstream/pull.go:589 +0x285
github.com/Black-And-White-Club/frolf-bot-shared/eventbus.(*eventBus).Subscribe.func1()
	/Users/jace/Documents/GitHub/frolf-bot-shared/eventbus/eventbus.go:326 +0x169
created by github.com/Black-And-White-Club/frolf-bot-shared/eventbus.(*eventBus).Subscribe in goroutine 52535
	/Users/jace/Documents/GitHub/frolf-bot-shared/eventbus/eventbus.go:315 +0xbf1

goroutine 52956 [select]:
github.com/nats-io/nats.go/jetstream.(*pullSubscription).Next(0xc00271ea20)
	/Users/jace/go/pkg/mod/github.com/nats-io/nats.go@v1.41.1/jetstream/pull.go:589 +0x285
github.com/Black-And-White-Club/frolf-bot-shared/eventbus.(*eventBus).Subscribe.func1()
	/Users/jace/Documents/GitHub/frolf-bot-shared/eventbus/eventbus.go:326 +0x169
created by github.com/Black-And-White-Club/frolf-bot-shared/eventbus.(*eventBus).Subscribe in goroutine 52535
	/Users/jace/Documents/GitHub/frolf-bot-shared/eventbus/eventbus.go:315 +0xbf1

goroutine 64834 [select]:
github.com/nats-io/nats.go/jetstream.(*pullSubscription).Next(0xc003063cb0)
	/Users/jace/go/pkg/mod/github.com/nats-io/nats.go@v1.41.1/jetstream/pull.go:589 +0x285
github.com/Black-And-White-Club/frolf-bot-shared/eventbus.(*eventBus).Subscribe.func1()
	/Users/jace/Documents/GitHub/frolf-bot-shared/eventbus/eventbus.go:326 +0x169
created by github.com/Black-And-White-Club/frolf-bot-shared/eventbus.(*eventBus).Subscribe in goroutine 64412
	/Users/jace/Documents/GitHub/frolf-bot-shared/eventbus/eventbus.go:315 +0xbf1

goroutine 50962 [select, 1 minutes]:
github.com/nats-io/nats.go/jetstream.(*pullSubscription).pullMessages(0xc001ba8000, {0xc002125500, 0x55})
	/Users/jace/go/pkg/mod/github.com/nats-io/nats.go@v1.41.1/jetstream/pull.go:955 +0x91
created by github.com/nats-io/nats.go/jetstream.(*pullConsumer).Messages in goroutine 50717
	/Users/jace/go/pkg/mod/github.com/nats-io/nats.go@v1.41.1/jetstream/pull.go:534 +0x748

goroutine 51029 [select, 1 minutes]:
github.com/nats-io/nats.go/jetstream.(*pullSubscription).pullMessages(0xc0012b5170, {0xc0008b3040, 0x42})
	/Users/jace/go/pkg/mod/github.com/nats-io/nats.go@v1.41.1/jetstream/pull.go:955 +0x91
created by github.com/nats-io/nats.go/jetstream.(*pullConsumer).Messages in goroutine 50717
	/Users/jace/go/pkg/mod/github.com/nats-io/nats.go@v1.41.1/jetstream/pull.go:534 +0x748

goroutine 51032 [chan receive, 1 minutes]:
github.com/ThreeDotsLabs/watermill/message.(*messageTransformSubscriberDecorator).Subscribe.func1()
	/Users/jace/go/pkg/mod/github.com/!three!dots!labs/watermill@v1.4.6/message/decorator.go:52 +0x85
created by github.com/ThreeDotsLabs/watermill/message.(*messageTransformSubscriberDecorator).Subscribe in goroutine 50717
	/Users/jace/go/pkg/mod/github.com/!three!dots!labs/watermill@v1.4.6/message/decorator.go:51 +0xc7

goroutine 51068 [select, 1 minutes]:
github.com/nats-io/nats.go/jetstream.(*pullSubscription).Next(0xc0015359e0)
	/Users/jace/go/pkg/mod/github.com/nats-io/nats.go@v1.41.1/jetstream/pull.go:589 +0x285
github.com/Black-And-White-Club/frolf-bot-shared/eventbus.(*eventBus).Subscribe.func1()
	/Users/jace/Documents/GitHub/frolf-bot-shared/eventbus/eventbus.go:326 +0x169
created by github.com/Black-And-White-Club/frolf-bot-shared/eventbus.(*eventBus).Subscribe in goroutine 50717
	/Users/jace/Documents/GitHub/frolf-bot-shared/eventbus/eventbus.go:315 +0xbf1

goroutine 51030 [select, 1 minutes]:
github.com/nats-io/nats.go/jetstream.(*pullConsumer).Messages.func2()
	/Users/jace/go/pkg/mod/github.com/nats-io/nats.go@v1.41.1/jetstream/pull.go:538 +0x68
created by github.com/nats-io/nats.go/jetstream.(*pullConsumer).Messages in goroutine 50717
	/Users/jace/go/pkg/mod/github.com/nats-io/nats.go@v1.41.1/jetstream/pull.go:536 +0x78a

goroutine 54231 [select]:
github.com/nats-io/nats.go/jetstream.(*pullSubscription).Next(0xc001b34630)
	/Users/jace/go/pkg/mod/github.com/nats-io/nats.go@v1.41.1/jetstream/pull.go:589 +0x285
github.com/Black-And-White-Club/frolf-bot-shared/eventbus.(*eventBus).Subscribe.func1()
	/Users/jace/Documents/GitHub/frolf-bot-shared/eventbus/eventbus.go:326 +0x169
created by github.com/Black-And-White-Club/frolf-bot-shared/eventbus.(*eventBus).Subscribe in goroutine 54037
	/Users/jace/Documents/GitHub/frolf-bot-shared/eventbus/eventbus.go:315 +0xbf1

goroutine 52770 [select]:
github.com/nats-io/nats.go/jetstream.(*pullSubscription).pullMessages(0xc000b89dd0, {0xc000f526c0, 0x56})
	/Users/jace/go/pkg/mod/github.com/nats-io/nats.go@v1.41.1/jetstream/pull.go:955 +0x91
created by github.com/nats-io/nats.go/jetstream.(*pullConsumer).Messages in goroutine 52535
	/Users/jace/go/pkg/mod/github.com/nats-io/nats.go@v1.41.1/jetstream/pull.go:534 +0x748

goroutine 51038 [select, 1 minutes]:
github.com/nats-io/nats.go/jetstream.(*pullSubscription).Next(0xc0012b57a0)
	/Users/jace/go/pkg/mod/github.com/nats-io/nats.go@v1.41.1/jetstream/pull.go:589 +0x285
github.com/Black-And-White-Club/frolf-bot-shared/eventbus.(*eventBus).Subscribe.func1()
	/Users/jace/Documents/GitHub/frolf-bot-shared/eventbus/eventbus.go:326 +0x169
created by github.com/Black-And-White-Club/frolf-bot-shared/eventbus.(*eventBus).Subscribe in goroutine 50717
	/Users/jace/Documents/GitHub/frolf-bot-shared/eventbus/eventbus.go:315 +0xbf1

goroutine 51106 [select, 1 minutes]:
github.com/nats-io/nats.go/jetstream.(*pullSubscription).pullMessages(0xc001208a20, {0xc000eddf80, 0x56})
	/Users/jace/go/pkg/mod/github.com/nats-io/nats.go@v1.41.1/jetstream/pull.go:955 +0x91
created by github.com/nats-io/nats.go/jetstream.(*pullConsumer).Messages in goroutine 50717
	/Users/jace/go/pkg/mod/github.com/nats-io/nats.go@v1.41.1/jetstream/pull.go:534 +0x748

goroutine 51051 [chan receive, 1 minutes]:
github.com/ThreeDotsLabs/watermill/message.(*messageTransformSubscriberDecorator).Subscribe.func1()
	/Users/jace/go/pkg/mod/github.com/!three!dots!labs/watermill@v1.4.6/message/decorator.go:52 +0x85
created by github.com/ThreeDotsLabs/watermill/message.(*messageTransformSubscriberDecorator).Subscribe in goroutine 50717
	/Users/jace/go/pkg/mod/github.com/!three!dots!labs/watermill@v1.4.6/message/decorator.go:51 +0xc7

goroutine 58645 [select]:
github.com/nats-io/nats.go/jetstream.(*pullConsumer).Messages.func2()
	/Users/jace/go/pkg/mod/github.com/nats-io/nats.go@v1.41.1/jetstream/pull.go:538 +0x68
created by github.com/nats-io/nats.go/jetstream.(*pullConsumer).Messages in goroutine 58544
	/Users/jace/go/pkg/mod/github.com/nats-io/nats.go@v1.41.1/jetstream/pull.go:536 +0x78a

goroutine 52732 [chan receive]:
github.com/ThreeDotsLabs/watermill/message.(*handler).run(0xc001d66f70, {0x10a337fa0, 0xc001bdac30}, {0xc00124e3c0, 0x6, 0x4?})
	/Users/jace/go/pkg/mod/github.com/!three!dots!labs/watermill@v1.4.6/message/router.go:645 +0x2b4
github.com/ThreeDotsLabs/watermill/message.(*Router).RunHandlers.func1()
	/Users/jace/go/pkg/mod/github.com/!three!dots!labs/watermill@v1.4.6/message/router.go:460 +0x145
created by github.com/ThreeDotsLabs/watermill/message.(*Router).RunHandlers in goroutine 52535
	/Users/jace/go/pkg/mod/github.com/!three!dots!labs/watermill@v1.4.6/message/router.go:453 +0x606

goroutine 51070 [chan receive, 1 minutes]:
github.com/ThreeDotsLabs/watermill/message.(*handler).run(0xc0019831e0, {0x10a337fa0, 0xc002520000}, {0xc002120480, 0x6, 0x0?})
	/Users/jace/go/pkg/mod/github.com/!three!dots!labs/watermill@v1.4.6/message/router.go:645 +0x2b4
github.com/ThreeDotsLabs/watermill/message.(*Router).RunHandlers.func1()
	/Users/jace/go/pkg/mod/github.com/!three!dots!labs/watermill@v1.4.6/message/router.go:460 +0x145
created by github.com/ThreeDotsLabs/watermill/message.(*Router).RunHandlers in goroutine 50717
	/Users/jace/go/pkg/mod/github.com/!three!dots!labs/watermill@v1.4.6/message/router.go:453 +0x606

goroutine 60391 [chan receive]:
github.com/ThreeDotsLabs/watermill/message.(*messageTransformSubscriberDecorator).Subscribe.func1()
	/Users/jace/go/pkg/mod/github.com/!three!dots!labs/watermill@v1.4.6/message/decorator.go:52 +0x85
created by github.com/ThreeDotsLabs/watermill/message.(*messageTransformSubscriberDecorator).Subscribe in goroutine 59782
	/Users/jace/go/pkg/mod/github.com/!three!dots!labs/watermill@v1.4.6/message/decorator.go:51 +0xc7

goroutine 51039 [chan receive, 1 minutes]:
github.com/ThreeDotsLabs/watermill/message.(*messageTransformSubscriberDecorator).Subscribe.func1()
	/Users/jace/go/pkg/mod/github.com/!three!dots!labs/watermill@v1.4.6/message/decorator.go:52 +0x85
created by github.com/ThreeDotsLabs/watermill/message.(*messageTransformSubscriberDecorator).Subscribe in goroutine 50717
	/Users/jace/go/pkg/mod/github.com/!three!dots!labs/watermill@v1.4.6/message/decorator.go:51 +0xc7

goroutine 51049 [select, 1 minutes]:
github.com/nats-io/nats.go/jetstream.(*pullConsumer).Messages.func2()
	/Users/jace/go/pkg/mod/github.com/nats-io/nats.go@v1.41.1/jetstream/pull.go:538 +0x68
created by github.com/nats-io/nats.go/jetstream.(*pullConsumer).Messages in goroutine 50717
	/Users/jace/go/pkg/mod/github.com/nats-io/nats.go@v1.41.1/jetstream/pull.go:536 +0x78a

goroutine 51050 [select, 1 minutes]:
github.com/nats-io/nats.go/jetstream.(*pullSubscription).Next(0xc001590240)
	/Users/jace/go/pkg/mod/github.com/nats-io/nats.go@v1.41.1/jetstream/pull.go:589 +0x285
github.com/Black-And-White-Club/frolf-bot-shared/eventbus.(*eventBus).Subscribe.func1()
	/Users/jace/Documents/GitHub/frolf-bot-shared/eventbus/eventbus.go:326 +0x169
created by github.com/Black-And-White-Club/frolf-bot-shared/eventbus.(*eventBus).Subscribe in goroutine 50717
	/Users/jace/Documents/GitHub/frolf-bot-shared/eventbus/eventbus.go:315 +0xbf1

goroutine 51033 [chan receive, 1 minutes]:
github.com/ThreeDotsLabs/watermill/message.(*handler).run(0xc00260c750, {0x10a337fa0, 0xc000a2ca00}, {0xc00196d080, 0x6, 0x222c22223a226564?})
	/Users/jace/go/pkg/mod/github.com/!three!dots!labs/watermill@v1.4.6/message/router.go:645 +0x2b4
github.com/ThreeDotsLabs/watermill/message.(*Router).RunHandlers.func1()
	/Users/jace/go/pkg/mod/github.com/!three!dots!labs/watermill@v1.4.6/message/router.go:460 +0x145
created by github.com/ThreeDotsLabs/watermill/message.(*Router).RunHandlers in goroutine 50717
	/Users/jace/go/pkg/mod/github.com/!three!dots!labs/watermill@v1.4.6/message/router.go:453 +0x606

goroutine 52807 [chan receive]:
github.com/ThreeDotsLabs/watermill/message.(*messageTransformSubscriberDecorator).Subscribe.func1()
	/Users/jace/go/pkg/mod/github.com/!three!dots!labs/watermill@v1.4.6/message/decorator.go:52 +0x85
created by github.com/ThreeDotsLabs/watermill/message.(*messageTransformSubscriberDecorator).Subscribe in goroutine 52535
	/Users/jace/go/pkg/mod/github.com/!three!dots!labs/watermill@v1.4.6/message/decorator.go:51 +0xc7

goroutine 58569 [select]:
github.com/nats-io/nats.go/jetstream.(*pullConsumer).Messages.func2()
	/Users/jace/go/pkg/mod/github.com/nats-io/nats.go@v1.41.1/jetstream/pull.go:538 +0x68
created by github.com/nats-io/nats.go/jetstream.(*pullConsumer).Messages in goroutine 58544
	/Users/jace/go/pkg/mod/github.com/nats-io/nats.go@v1.41.1/jetstream/pull.go:536 +0x78a

goroutine 52613 [chan receive]:
github.com/ThreeDotsLabs/watermill/message.(*messageTransformSubscriberDecorator).Subscribe.func1()
	/Users/jace/go/pkg/mod/github.com/!three!dots!labs/watermill@v1.4.6/message/decorator.go:52 +0x85
created by github.com/ThreeDotsLabs/watermill/message.(*messageTransformSubscriberDecorator).Subscribe in goroutine 52535
	/Users/jace/go/pkg/mod/github.com/!three!dots!labs/watermill@v1.4.6/message/decorator.go:51 +0xc7

goroutine 51040 [chan receive, 1 minutes]:
github.com/ThreeDotsLabs/watermill/message.(*handler).run(0xc00260cd00, {0x10a337fa0, 0xc002131ae0}, {0xc00196d140, 0x6, 0x0?})
	/Users/jace/go/pkg/mod/github.com/!three!dots!labs/watermill@v1.4.6/message/router.go:645 +0x2b4
github.com/ThreeDotsLabs/watermill/message.(*Router).RunHandlers.func1()
	/Users/jace/go/pkg/mod/github.com/!three!dots!labs/watermill@v1.4.6/message/router.go:460 +0x145
created by github.com/ThreeDotsLabs/watermill/message.(*Router).RunHandlers in goroutine 50717
	/Users/jace/go/pkg/mod/github.com/!three!dots!labs/watermill@v1.4.6/message/router.go:453 +0x606

goroutine 60668 [select]:
github.com/nats-io/nats%2ego.(*Conn).doReconnect(0xc0024d1108, {0x10a327f28, 0x10acedb30}, 0x0)
	/Users/jace/go/pkg/mod/github.com/nats-io/nats.go@v1.41.1/nats.go:2907 +0x41a
created by github.com/nats-io/nats%2ego.(*Conn).processOpErr in goroutine 59733
	/Users/jace/go/pkg/mod/github.com/nats-io/nats.go@v1.41.1/nats.go:3043 +0x2f3

goroutine 52873 [select]:
github.com/nats-io/nats.go/jetstream.(*pullSubscription).pullMessages(0xc002260c60, {0xc00004ebe0, 0x48})
	/Users/jace/go/pkg/mod/github.com/nats-io/nats.go@v1.41.1/jetstream/pull.go:955 +0x91
created by github.com/nats-io/nats.go/jetstream.(*pullConsumer).Messages in goroutine 52535
	/Users/jace/go/pkg/mod/github.com/nats-io/nats.go@v1.41.1/jetstream/pull.go:534 +0x748

goroutine 53078 [chan receive]:
github.com/ThreeDotsLabs/watermill/message.(*handler).run(0xc001d67ad0, {0x10a337fa0, 0xc00295cff0}, {0xc0001fd080, 0x6, 0x1092abf44?})
	/Users/jace/go/pkg/mod/github.com/!three!dots!labs/watermill@v1.4.6/message/router.go:645 +0x2b4
github.com/ThreeDotsLabs/watermill/message.(*Router).RunHandlers.func1()
	/Users/jace/go/pkg/mod/github.com/!three!dots!labs/watermill@v1.4.6/message/router.go:460 +0x145
created by github.com/ThreeDotsLabs/watermill/message.(*Router).RunHandlers in goroutine 52535
	/Users/jace/go/pkg/mod/github.com/!three!dots!labs/watermill@v1.4.6/message/router.go:453 +0x606

goroutine 59947 [select]:
github.com/nats-io/nats.go/jetstream.(*pullConsumer).Messages.func2()
	/Users/jace/go/pkg/mod/github.com/nats-io/nats.go@v1.41.1/jetstream/pull.go:538 +0x68
created by github.com/nats-io/nats.go/jetstream.(*pullConsumer).Messages in goroutine 59782
	/Users/jace/go/pkg/mod/github.com/nats-io/nats.go@v1.41.1/jetstream/pull.go:536 +0x78a

goroutine 51067 [select, 1 minutes]:
github.com/nats-io/nats.go/jetstream.(*pullConsumer).Messages.func2()
	/Users/jace/go/pkg/mod/github.com/nats-io/nats.go@v1.41.1/jetstream/pull.go:538 +0x68
created by github.com/nats-io/nats.go/jetstream.(*pullConsumer).Messages in goroutine 50717
	/Users/jace/go/pkg/mod/github.com/nats-io/nats.go@v1.41.1/jetstream/pull.go:536 +0x78a

goroutine 51107 [select, 1 minutes]:
github.com/nats-io/nats.go/jetstream.(*pullConsumer).Messages.func2()
	/Users/jace/go/pkg/mod/github.com/nats-io/nats.go@v1.41.1/jetstream/pull.go:538 +0x68
created by github.com/nats-io/nats.go/jetstream.(*pullConsumer).Messages in goroutine 50717
	/Users/jace/go/pkg/mod/github.com/nats-io/nats.go@v1.41.1/jetstream/pull.go:536 +0x78a

goroutine 51108 [select, 1 minutes]:
github.com/nats-io/nats.go/jetstream.(*pullSubscription).Next(0xc001208a20)
	/Users/jace/go/pkg/mod/github.com/nats-io/nats.go@v1.41.1/jetstream/pull.go:589 +0x285
github.com/Black-And-White-Club/frolf-bot-shared/eventbus.(*eventBus).Subscribe.func1()
	/Users/jace/Documents/GitHub/frolf-bot-shared/eventbus/eventbus.go:326 +0x169
created by github.com/Black-And-White-Club/frolf-bot-shared/eventbus.(*eventBus).Subscribe in goroutine 50717
	/Users/jace/Documents/GitHub/frolf-bot-shared/eventbus/eventbus.go:315 +0xbf1

goroutine 51109 [chan receive, 1 minutes]:
github.com/ThreeDotsLabs/watermill/message.(*messageTransformSubscriberDecorator).Subscribe.func1()
	/Users/jace/go/pkg/mod/github.com/!three!dots!labs/watermill@v1.4.6/message/decorator.go:52 +0x85
created by github.com/ThreeDotsLabs/watermill/message.(*messageTransformSubscriberDecorator).Subscribe in goroutine 50717
	/Users/jace/go/pkg/mod/github.com/!three!dots!labs/watermill@v1.4.6/message/decorator.go:51 +0xc7

goroutine 51110 [chan receive, 1 minutes]:
github.com/ThreeDotsLabs/watermill/message.(*handler).run(0xc00260cea0, {0x10a337fa0, 0xc000a12820}, {0xc0021203c0, 0x6, 0x100010000?})
	/Users/jace/go/pkg/mod/github.com/!three!dots!labs/watermill@v1.4.6/message/router.go:645 +0x2b4
github.com/ThreeDotsLabs/watermill/message.(*Router).RunHandlers.func1()
	/Users/jace/go/pkg/mod/github.com/!three!dots!labs/watermill@v1.4.6/message/router.go:460 +0x145
created by github.com/ThreeDotsLabs/watermill/message.(*Router).RunHandlers in goroutine 50717
	/Users/jace/go/pkg/mod/github.com/!three!dots!labs/watermill@v1.4.6/message/router.go:453 +0x606

goroutine 57510 [chan receive]:
github.com/ThreeDotsLabs/watermill/message.(*handler).run(0xc001e8f1e0, {0x10a337fa0, 0xc001980230}, {0xc00232ee40, 0x6, 0xc00280af78?})
	/Users/jace/go/pkg/mod/github.com/!three!dots!labs/watermill@v1.4.6/message/router.go:645 +0x2b4
github.com/ThreeDotsLabs/watermill/message.(*Router).RunHandlers.func1()
	/Users/jace/go/pkg/mod/github.com/!three!dots!labs/watermill@v1.4.6/message/router.go:460 +0x145
created by github.com/ThreeDotsLabs/watermill/message.(*Router).RunHandlers in goroutine 57220
	/Users/jace/go/pkg/mod/github.com/!three!dots!labs/watermill@v1.4.6/message/router.go:453 +0x606

goroutine 57227 [select]:
github.com/nats-io/nats.go/jetstream.(*pullSubscription).pullMessages(0xc001afcd80, {0xc0028c7270, 0x4e})
	/Users/jace/go/pkg/mod/github.com/nats-io/nats.go@v1.41.1/jetstream/pull.go:955 +0x91
created by github.com/nats-io/nats.go/jetstream.(*pullConsumer).Messages in goroutine 57220
	/Users/jace/go/pkg/mod/github.com/nats-io/nats.go@v1.41.1/jetstream/pull.go:534 +0x748

goroutine 60076 [chan receive]:
github.com/ThreeDotsLabs/watermill/message.(*messageTransformSubscriberDecorator).Subscribe.func1()
	/Users/jace/go/pkg/mod/github.com/!three!dots!labs/watermill@v1.4.6/message/decorator.go:52 +0x85
created by github.com/ThreeDotsLabs/watermill/message.(*messageTransformSubscriberDecorator).Subscribe in goroutine 59782
	/Users/jace/go/pkg/mod/github.com/!three!dots!labs/watermill@v1.4.6/message/decorator.go:51 +0xc7

goroutine 51669 [sync.WaitGroup.Wait, 1 minutes]:
sync.runtime_SemacquireWaitGroup(0xc0024ee620?)
	/usr/local/Cellar/go/1.24.2/libexec/src/runtime/sema.go:110 +0x25
sync.(*WaitGroup).Wait(0xc0022bbf40?)
	/usr/local/Cellar/go/1.24.2/libexec/src/sync/waitgroup.go:118 +0x48
github.com/ThreeDotsLabs/watermill/message.(*Router).waitForHandlers.func1()
	/Users/jace/go/pkg/mod/github.com/!three!dots!labs/watermill@v1.4.6/message/router.go:579 +0x4b
created by github.com/ThreeDotsLabs/watermill/message.(*Router).waitForHandlers in goroutine 49885
	/Users/jace/go/pkg/mod/github.com/!three!dots!labs/watermill@v1.4.6/message/router.go:577 +0x87

goroutine 55683 [chan receive]:
github.com/ThreeDotsLabs/watermill/message.(*messageTransformSubscriberDecorator).Subscribe.func1()
	/Users/jace/go/pkg/mod/github.com/!three!dots!labs/watermill@v1.4.6/message/decorator.go:52 +0x85
created by github.com/ThreeDotsLabs/watermill/message.(*messageTransformSubscriberDecorator).Subscribe in goroutine 55362
	/Users/jace/go/pkg/mod/github.com/!three!dots!labs/watermill@v1.4.6/message/decorator.go:51 +0xc7

goroutine 51671 [sync.WaitGroup.Wait, 1 minutes]:
sync.runtime_SemacquireWaitGroup(0xc00247e9a0?)
	/usr/local/Cellar/go/1.24.2/libexec/src/runtime/sema.go:110 +0x25
sync.(*WaitGroup).Wait(0xc0024dc730?)
	/usr/local/Cellar/go/1.24.2/libexec/src/sync/waitgroup.go:118 +0x48
github.com/ThreeDotsLabs/watermill/pubsub/sync.WaitGroupTimeout.func1()
	/Users/jace/go/pkg/mod/github.com/!three!dots!labs/watermill@v1.4.6/pubsub/sync/waitgroup.go:13 +0x25
created by github.com/ThreeDotsLabs/watermill/pubsub/sync.WaitGroupTimeout in goroutine 49885
	/Users/jace/go/pkg/mod/github.com/!three!dots!labs/watermill@v1.4.6/pubsub/sync/waitgroup.go:12 +0x85

goroutine 63285 [select]:
github.com/nats-io/nats.go/jetstream.(*pullSubscription).Next(0xc001c0d200)
	/Users/jace/go/pkg/mod/github.com/nats-io/nats.go@v1.41.1/jetstream/pull.go:589 +0x285
github.com/Black-And-White-Club/frolf-bot-shared/eventbus.(*eventBus).Subscribe.func1()
	/Users/jace/Documents/GitHub/frolf-bot-shared/eventbus/eventbus.go:326 +0x169
created by github.com/Black-And-White-Club/frolf-bot-shared/eventbus.(*eventBus).Subscribe in goroutine 63116
	/Users/jace/Documents/GitHub/frolf-bot-shared/eventbus/eventbus.go:315 +0xbf1

goroutine 51189 [select, 1 minutes]:
github.com/nats-io/nats.go/jetstream.(*pullSubscription).pullMessages(0xc001208fc0, {0xc000806d20, 0x45})
	/Users/jace/go/pkg/mod/github.com/nats-io/nats.go@v1.41.1/jetstream/pull.go:955 +0x91
created by github.com/nats-io/nats.go/jetstream.(*pullConsumer).Messages in goroutine 50717
	/Users/jace/go/pkg/mod/github.com/nats-io/nats.go@v1.41.1/jetstream/pull.go:534 +0x748

goroutine 54107 [chan receive]:
github.com/ThreeDotsLabs/watermill/message.(*handler).run(0xc0026160d0, {0x10a337fa0, 0xc000ffbae0}, {0xc0010f0780, 0x6, 0x100000001?})
	/Users/jace/go/pkg/mod/github.com/!three!dots!labs/watermill@v1.4.6/message/router.go:645 +0x2b4
github.com/ThreeDotsLabs/watermill/message.(*Router).RunHandlers.func1()
	/Users/jace/go/pkg/mod/github.com/!three!dots!labs/watermill@v1.4.6/message/router.go:460 +0x145
created by github.com/ThreeDotsLabs/watermill/message.(*Router).RunHandlers in goroutine 54037
	/Users/jace/go/pkg/mod/github.com/!three!dots!labs/watermill@v1.4.6/message/router.go:453 +0x606

goroutine 55396 [select]:
github.com/nats-io/nats.go/jetstream.(*pullSubscription).Next(0xc002198ab0)
	/Users/jace/go/pkg/mod/github.com/nats-io/nats.go@v1.41.1/jetstream/pull.go:589 +0x285
github.com/Black-And-White-Club/frolf-bot-shared/eventbus.(*eventBus).Subscribe.func1()
	/Users/jace/Documents/GitHub/frolf-bot-shared/eventbus/eventbus.go:326 +0x169
created by github.com/Black-And-White-Club/frolf-bot-shared/eventbus.(*eventBus).Subscribe in goroutine 55362
	/Users/jace/Documents/GitHub/frolf-bot-shared/eventbus/eventbus.go:315 +0xbf1

goroutine 54265 [select]:
github.com/nats-io/nats.go/jetstream.(*pullConsumer).Messages.func2()
	/Users/jace/go/pkg/mod/github.com/nats-io/nats.go@v1.41.1/jetstream/pull.go:538 +0x68
created by github.com/nats-io/nats.go/jetstream.(*pullConsumer).Messages in goroutine 54037
	/Users/jace/go/pkg/mod/github.com/nats-io/nats.go@v1.41.1/jetstream/pull.go:536 +0x78a

goroutine 55435 [chan receive]:
github.com/ThreeDotsLabs/watermill/message.(*handler).run(0xc002c265b0, {0x10a337fa0, 0xc001e68640}, {0xc0001fd5c0, 0x6, 0x50?})
	/Users/jace/go/pkg/mod/github.com/!three!dots!labs/watermill@v1.4.6/message/router.go:645 +0x2b4
github.com/ThreeDotsLabs/watermill/message.(*Router).RunHandlers.func1()
	/Users/jace/go/pkg/mod/github.com/!three!dots!labs/watermill@v1.4.6/message/router.go:460 +0x145
created by github.com/ThreeDotsLabs/watermill/message.(*Router).RunHandlers in goroutine 55362
	/Users/jace/go/pkg/mod/github.com/!three!dots!labs/watermill@v1.4.6/message/router.go:453 +0x606

goroutine 60084 [select]:
github.com/nats-io/nats.go/jetstream.(*pullSubscription).pullMessages(0xc000eff710, {0xc000754af0, 0x50})
	/Users/jace/go/pkg/mod/github.com/nats-io/nats.go@v1.41.1/jetstream/pull.go:955 +0x91
created by github.com/nats-io/nats.go/jetstream.(*pullConsumer).Messages in goroutine 59782
	/Users/jace/go/pkg/mod/github.com/nats-io/nats.go@v1.41.1/jetstream/pull.go:534 +0x748

goroutine 53061 [sync.WaitGroup.Wait]:
sync.runtime_SemacquireWaitGroup(0xc0011f12d0?)
	/usr/local/Cellar/go/1.24.2/libexec/src/runtime/sema.go:110 +0x25
sync.(*WaitGroup).Wait(0xc0023b7740?)
	/usr/local/Cellar/go/1.24.2/libexec/src/sync/waitgroup.go:118 +0x48
github.com/ThreeDotsLabs/watermill/message.(*Router).waitForHandlers.func1()
	/Users/jace/go/pkg/mod/github.com/!three!dots!labs/watermill@v1.4.6/message/router.go:579 +0x4b
created by github.com/ThreeDotsLabs/watermill/message.(*Router).waitForHandlers in goroutine 51793
	/Users/jace/go/pkg/mod/github.com/!three!dots!labs/watermill@v1.4.6/message/router.go:577 +0x87

goroutine 53968 [chan receive]:
github.com/ThreeDotsLabs/watermill/message.(*handler).run(0xc0025492b0, {0x10a337fa0, 0xc001530410}, {0xc002426240, 0x6, 0xc002764f78?})
	/Users/jace/go/pkg/mod/github.com/!three!dots!labs/watermill@v1.4.6/message/router.go:645 +0x2b4
github.com/ThreeDotsLabs/watermill/message.(*Router).RunHandlers.func1()
	/Users/jace/go/pkg/mod/github.com/!three!dots!labs/watermill@v1.4.6/message/router.go:460 +0x145
created by github.com/ThreeDotsLabs/watermill/message.(*Router).RunHandlers in goroutine 54037
	/Users/jace/go/pkg/mod/github.com/!three!dots!labs/watermill@v1.4.6/message/router.go:453 +0x606

goroutine 52846 [chan receive]:
github.com/ThreeDotsLabs/watermill/message.(*handler).run(0xc001d668f0, {0x10a337fa0, 0xc001e52230}, {0xc0012d0300, 0x6, 0xc001d7c778?})
	/Users/jace/go/pkg/mod/github.com/!three!dots!labs/watermill@v1.4.6/message/router.go:645 +0x2b4
github.com/ThreeDotsLabs/watermill/message.(*Router).RunHandlers.func1()
	/Users/jace/go/pkg/mod/github.com/!three!dots!labs/watermill@v1.4.6/message/router.go:460 +0x145
created by github.com/ThreeDotsLabs/watermill/message.(*Router).RunHandlers in goroutine 52535
	/Users/jace/go/pkg/mod/github.com/!three!dots!labs/watermill@v1.4.6/message/router.go:453 +0x606

goroutine 52895 [select]:
github.com/nats-io/nats.go/jetstream.(*pullSubscription).pullMessages(0xc0007f2510, {0xc0018a69b0, 0x47})
	/Users/jace/go/pkg/mod/github.com/nats-io/nats.go@v1.41.1/jetstream/pull.go:955 +0x91
created by github.com/nats-io/nats.go/jetstream.(*pullConsumer).Messages in goroutine 52535
	/Users/jace/go/pkg/mod/github.com/nats-io/nats.go@v1.41.1/jetstream/pull.go:534 +0x748

goroutine 51212 [select, 1 minutes]:
github.com/nats-io/nats.go/jetstream.(*pullSubscription).pullMessages(0xc000879710, {0xc00179a5f0, 0x4d})
	/Users/jace/go/pkg/mod/github.com/nats-io/nats.go@v1.41.1/jetstream/pull.go:955 +0x91
created by github.com/nats-io/nats.go/jetstream.(*pullConsumer).Messages in goroutine 50717
	/Users/jace/go/pkg/mod/github.com/nats-io/nats.go@v1.41.1/jetstream/pull.go:534 +0x748

goroutine 51213 [select, 1 minutes]:
github.com/nats-io/nats.go/jetstream.(*pullConsumer).Messages.func2()
	/Users/jace/go/pkg/mod/github.com/nats-io/nats.go@v1.41.1/jetstream/pull.go:538 +0x68
created by github.com/nats-io/nats.go/jetstream.(*pullConsumer).Messages in goroutine 50717
	/Users/jace/go/pkg/mod/github.com/nats-io/nats.go@v1.41.1/jetstream/pull.go:536 +0x78a

goroutine 51214 [select, 1 minutes]:
github.com/nats-io/nats.go/jetstream.(*pullSubscription).Next(0xc000879710)
	/Users/jace/go/pkg/mod/github.com/nats-io/nats.go@v1.41.1/jetstream/pull.go:589 +0x285
github.com/Black-And-White-Club/frolf-bot-shared/eventbus.(*eventBus).Subscribe.func1()
	/Users/jace/Documents/GitHub/frolf-bot-shared/eventbus/eventbus.go:326 +0x169
created by github.com/Black-And-White-Club/frolf-bot-shared/eventbus.(*eventBus).Subscribe in goroutine 50717
	/Users/jace/Documents/GitHub/frolf-bot-shared/eventbus/eventbus.go:315 +0xbf1

goroutine 51215 [chan receive, 1 minutes]:
github.com/ThreeDotsLabs/watermill/message.(*messageTransformSubscriberDecorator).Subscribe.func1()
	/Users/jace/go/pkg/mod/github.com/!three!dots!labs/watermill@v1.4.6/message/decorator.go:52 +0x85
created by github.com/ThreeDotsLabs/watermill/message.(*messageTransformSubscriberDecorator).Subscribe in goroutine 50717
	/Users/jace/go/pkg/mod/github.com/!three!dots!labs/watermill@v1.4.6/message/decorator.go:51 +0xc7

goroutine 51216 [chan receive, 1 minutes]:
github.com/ThreeDotsLabs/watermill/message.(*handler).run(0xc00260ca90, {0x10a337fa0, 0xc000a2dc70}, {0xc001ea9080, 0x6, 0x0?})
	/Users/jace/go/pkg/mod/github.com/!three!dots!labs/watermill@v1.4.6/message/router.go:645 +0x2b4
github.com/ThreeDotsLabs/watermill/message.(*Router).RunHandlers.func1()
	/Users/jace/go/pkg/mod/github.com/!three!dots!labs/watermill@v1.4.6/message/router.go:460 +0x145
created by github.com/ThreeDotsLabs/watermill/message.(*Router).RunHandlers in goroutine 50717
	/Users/jace/go/pkg/mod/github.com/!three!dots!labs/watermill@v1.4.6/message/router.go:453 +0x606

goroutine 52579 [select]:
github.com/nats-io/nats.go/jetstream.(*pullSubscription).pullMessages(0xc001f5cb40, {0xc000a43320, 0x55})
	/Users/jace/go/pkg/mod/github.com/nats-io/nats.go@v1.41.1/jetstream/pull.go:955 +0x91
created by github.com/nats-io/nats.go/jetstream.(*pullConsumer).Messages in goroutine 52535
	/Users/jace/go/pkg/mod/github.com/nats-io/nats.go@v1.41.1/jetstream/pull.go:534 +0x748

goroutine 52882 [select]:
github.com/nats-io/nats.go/jetstream.(*pullConsumer).Messages.func2()
	/Users/jace/go/pkg/mod/github.com/nats-io/nats.go@v1.41.1/jetstream/pull.go:538 +0x68
created by github.com/nats-io/nats.go/jetstream.(*pullConsumer).Messages in goroutine 52535
	/Users/jace/go/pkg/mod/github.com/nats-io/nats.go@v1.41.1/jetstream/pull.go:536 +0x78a

goroutine 64503 [chan receive]:
github.com/ThreeDotsLabs/watermill/message.(*handler).run(0xc003042680, {0x10a337fa0, 0xc000ffaaf0}, {0xc002e30e40, 0x6, 0xc0022ac778?})
	/Users/jace/go/pkg/mod/github.com/!three!dots!labs/watermill@v1.4.6/message/router.go:645 +0x2b4
github.com/ThreeDotsLabs/watermill/message.(*Router).RunHandlers.func1()
	/Users/jace/go/pkg/mod/github.com/!three!dots!labs/watermill@v1.4.6/message/router.go:460 +0x145
created by github.com/ThreeDotsLabs/watermill/message.(*Router).RunHandlers in goroutine 64412
	/Users/jace/go/pkg/mod/github.com/!three!dots!labs/watermill@v1.4.6/message/router.go:453 +0x606

goroutine 51502 [select]:
github.com/nats-io/nats.go/jetstream.(*pullSubscription).Next(0xc000c32510)
	/Users/jace/go/pkg/mod/github.com/nats-io/nats.go@v1.41.1/jetstream/pull.go:589 +0x285
github.com/Black-And-White-Club/frolf-bot-shared/eventbus.(*eventBus).Subscribe.func1()
	/Users/jace/Documents/GitHub/frolf-bot-shared/eventbus/eventbus.go:326 +0x169
created by github.com/Black-And-White-Club/frolf-bot-shared/eventbus.(*eventBus).Subscribe in goroutine 52535
	/Users/jace/Documents/GitHub/frolf-bot-shared/eventbus/eventbus.go:315 +0xbf1

goroutine 55796 [select]:
github.com/nats-io/nats.go/jetstream.(*pullSubscription).pullMessages(0xc001aa5e60, {0xc0007d74f0, 0x4b})
	/Users/jace/go/pkg/mod/github.com/nats-io/nats.go@v1.41.1/jetstream/pull.go:955 +0x91
created by github.com/nats-io/nats.go/jetstream.(*pullConsumer).Messages in goroutine 55362
	/Users/jace/go/pkg/mod/github.com/nats-io/nats.go@v1.41.1/jetstream/pull.go:534 +0x748

goroutine 52581 [select]:
github.com/nats-io/nats.go/jetstream.(*pullSubscription).Next(0xc001f5cb40)
	/Users/jace/go/pkg/mod/github.com/nats-io/nats.go@v1.41.1/jetstream/pull.go:589 +0x285
github.com/Black-And-White-Club/frolf-bot-shared/eventbus.(*eventBus).Subscribe.func1()
	/Users/jace/Documents/GitHub/frolf-bot-shared/eventbus/eventbus.go:326 +0x169
created by github.com/Black-And-White-Club/frolf-bot-shared/eventbus.(*eventBus).Subscribe in goroutine 52535
	/Users/jace/Documents/GitHub/frolf-bot-shared/eventbus/eventbus.go:315 +0xbf1

goroutine 63331 [select]:
github.com/nats-io/nats.go/jetstream.(*pullSubscription).Next(0xc002000d80)
	/Users/jace/go/pkg/mod/github.com/nats-io/nats.go@v1.41.1/jetstream/pull.go:589 +0x285
github.com/Black-And-White-Club/frolf-bot-shared/eventbus.(*eventBus).Subscribe.func1()
	/Users/jace/Documents/GitHub/frolf-bot-shared/eventbus/eventbus.go:326 +0x169
created by github.com/Black-And-White-Club/frolf-bot-shared/eventbus.(*eventBus).Subscribe in goroutine 63116
	/Users/jace/Documents/GitHub/frolf-bot-shared/eventbus/eventbus.go:315 +0xbf1

goroutine 58384 [select]:
github.com/nats-io/nats.go/jetstream.(*pullConsumer).Messages.func2()
	/Users/jace/go/pkg/mod/github.com/nats-io/nats.go@v1.41.1/jetstream/pull.go:538 +0x68
created by github.com/nats-io/nats.go/jetstream.(*pullConsumer).Messages in goroutine 58544
	/Users/jace/go/pkg/mod/github.com/nats-io/nats.go@v1.41.1/jetstream/pull.go:536 +0x78a

goroutine 55696 [select]:
github.com/nats-io/nats.go/jetstream.(*pullConsumer).Messages.func2()
	/Users/jace/go/pkg/mod/github.com/nats-io/nats.go@v1.41.1/jetstream/pull.go:538 +0x68
created by github.com/nats-io/nats.go/jetstream.(*pullConsumer).Messages in goroutine 55362
	/Users/jace/go/pkg/mod/github.com/nats-io/nats.go@v1.41.1/jetstream/pull.go:536 +0x78a

goroutine 54052 [select]:
github.com/nats-io/nats.go/jetstream.(*pullSubscription).Next(0xc0023150e0)
	/Users/jace/go/pkg/mod/github.com/nats-io/nats.go@v1.41.1/jetstream/pull.go:589 +0x285
github.com/Black-And-White-Club/frolf-bot-shared/eventbus.(*eventBus).Subscribe.func1()
	/Users/jace/Documents/GitHub/frolf-bot-shared/eventbus/eventbus.go:326 +0x169
created by github.com/Black-And-White-Club/frolf-bot-shared/eventbus.(*eventBus).Subscribe in goroutine 54037
	/Users/jace/Documents/GitHub/frolf-bot-shared/eventbus/eventbus.go:315 +0xbf1

goroutine 59736 [sync.Cond.Wait]:
sync.runtime_notifyListWait(0xc000e49ed0, 0x43)
	/usr/local/Cellar/go/1.24.2/libexec/src/runtime/sema.go:597 +0x159
sync.(*Cond).Wait(0xc002f32c00?)
	/usr/local/Cellar/go/1.24.2/libexec/src/sync/cond.go:71 +0x85
github.com/nats-io/nats%2ego.(*Conn).waitForMsgs(0xc001e09808, 0xc0028532c0)
	/Users/jace/go/pkg/mod/github.com/nats-io/nats.go@v1.41.1/nats.go:3178 +0xc5
created by github.com/nats-io/nats%2ego.(*Conn).subscribeLocked in goroutine 58881
	/Users/jace/go/pkg/mod/github.com/nats-io/nats.go@v1.41.1/nats.go:4468 +0x419

goroutine 52884 [chan receive]:
github.com/ThreeDotsLabs/watermill/message.(*messageTransformSubscriberDecorator).Subscribe.func1()
	/Users/jace/go/pkg/mod/github.com/!three!dots!labs/watermill@v1.4.6/message/decorator.go:52 +0x85
created by github.com/ThreeDotsLabs/watermill/message.(*messageTransformSubscriberDecorator).Subscribe in goroutine 52535
	/Users/jace/go/pkg/mod/github.com/!three!dots!labs/watermill@v1.4.6/message/decorator.go:51 +0xc7

goroutine 52614 [chan receive]:
github.com/ThreeDotsLabs/watermill/message.(*handler).run(0xc001d67520, {0x10a337fa0, 0xc001bda410}, {0xc0011b20c0, 0x6, 0x0?})
	/Users/jace/go/pkg/mod/github.com/!three!dots!labs/watermill@v1.4.6/message/router.go:645 +0x2b4
github.com/ThreeDotsLabs/watermill/message.(*Router).RunHandlers.func1()
	/Users/jace/go/pkg/mod/github.com/!three!dots!labs/watermill@v1.4.6/message/router.go:460 +0x145
created by github.com/ThreeDotsLabs/watermill/message.(*Router).RunHandlers in goroutine 52535
	/Users/jace/go/pkg/mod/github.com/!three!dots!labs/watermill@v1.4.6/message/router.go:453 +0x606

goroutine 61677 [select]:
github.com/nats-io/nats.go/jetstream.(*pullSubscription).Next(0xc0032fe2d0)
	/Users/jace/go/pkg/mod/github.com/nats-io/nats.go@v1.41.1/jetstream/pull.go:589 +0x285
github.com/Black-And-White-Club/frolf-bot-shared/eventbus.(*eventBus).Subscribe.func1()
	/Users/jace/Documents/GitHub/frolf-bot-shared/eventbus/eventbus.go:326 +0x169
created by github.com/Black-And-White-Club/frolf-bot-shared/eventbus.(*eventBus).Subscribe in goroutine 61572
	/Users/jace/Documents/GitHub/frolf-bot-shared/eventbus/eventbus.go:315 +0xbf1

goroutine 52363 [select]:
github.com/nats-io/nats.go/jetstream.(*pullSubscription).pullMessages(0xc001ac0a20, {0xc00179a190, 0x4e})
	/Users/jace/go/pkg/mod/github.com/nats-io/nats.go@v1.41.1/jetstream/pull.go:955 +0x91
created by github.com/nats-io/nats.go/jetstream.(*pullConsumer).Messages in goroutine 52535
	/Users/jace/go/pkg/mod/github.com/nats-io/nats.go@v1.41.1/jetstream/pull.go:534 +0x748

goroutine 55684 [chan receive]:
github.com/ThreeDotsLabs/watermill/message.(*handler).run(0xc002c26820, {0x10a337fa0, 0xc0009b6e10}, {0xc001184180, 0x6, 0x0?})
	/Users/jace/go/pkg/mod/github.com/!three!dots!labs/watermill@v1.4.6/message/router.go:645 +0x2b4
github.com/ThreeDotsLabs/watermill/message.(*Router).RunHandlers.func1()
	/Users/jace/go/pkg/mod/github.com/!three!dots!labs/watermill@v1.4.6/message/router.go:460 +0x145
created by github.com/ThreeDotsLabs/watermill/message.(*Router).RunHandlers in goroutine 55362
	/Users/jace/go/pkg/mod/github.com/!three!dots!labs/watermill@v1.4.6/message/router.go:453 +0x606

goroutine 55747 [chan receive]:
github.com/ThreeDotsLabs/watermill/message.(*handler).run(0xc002c26d00, {0x10a337fa0, 0xc0015af630}, {0xc002920e40, 0x6, 0x0?})
	/Users/jace/go/pkg/mod/github.com/!three!dots!labs/watermill@v1.4.6/message/router.go:645 +0x2b4
github.com/ThreeDotsLabs/watermill/message.(*Router).RunHandlers.func1()
	/Users/jace/go/pkg/mod/github.com/!three!dots!labs/watermill@v1.4.6/message/router.go:460 +0x145
created by github.com/ThreeDotsLabs/watermill/message.(*Router).RunHandlers in goroutine 55362
	/Users/jace/go/pkg/mod/github.com/!three!dots!labs/watermill@v1.4.6/message/router.go:453 +0x606

goroutine 54144 [select]:
github.com/nats-io/nats.go/jetstream.(*pullConsumer).Messages.func2()
	/Users/jace/go/pkg/mod/github.com/nats-io/nats.go@v1.41.1/jetstream/pull.go:538 +0x68
created by github.com/nats-io/nats.go/jetstream.(*pullConsumer).Messages in goroutine 54037
	/Users/jace/go/pkg/mod/github.com/nats-io/nats.go@v1.41.1/jetstream/pull.go:536 +0x78a

goroutine 53979 [sync.Cond.Wait]:
sync.runtime_notifyListWait(0xc001ac40d0, 0x3e)
	/usr/local/Cellar/go/1.24.2/libexec/src/runtime/sema.go:597 +0x159
sync.(*Cond).Wait(0xc002be5570?)
	/usr/local/Cellar/go/1.24.2/libexec/src/sync/cond.go:71 +0x85
github.com/nats-io/nats%2ego.(*Conn).waitForMsgs(0xc00155c008, 0xc0023274a0)
	/Users/jace/go/pkg/mod/github.com/nats-io/nats.go@v1.41.1/nats.go:3178 +0xc5
created by github.com/nats-io/nats%2ego.(*Conn).subscribeLocked in goroutine 53021
	/Users/jace/go/pkg/mod/github.com/nats-io/nats.go@v1.41.1/nats.go:4468 +0x419

goroutine 63283 [select]:
github.com/nats-io/nats.go/jetstream.(*pullSubscription).pullMessages(0xc001c0d200, {0xc000754e60, 0x45})
	/Users/jace/go/pkg/mod/github.com/nats-io/nats.go@v1.41.1/jetstream/pull.go:955 +0x91
created by github.com/nats-io/nats.go/jetstream.(*pullConsumer).Messages in goroutine 63116
	/Users/jace/go/pkg/mod/github.com/nats-io/nats.go@v1.41.1/jetstream/pull.go:534 +0x748

goroutine 52729 [select]:
github.com/nats-io/nats.go/jetstream.(*pullConsumer).Messages.func2()
	/Users/jace/go/pkg/mod/github.com/nats-io/nats.go@v1.41.1/jetstream/pull.go:538 +0x68
created by github.com/nats-io/nats.go/jetstream.(*pullConsumer).Messages in goroutine 52535
	/Users/jace/go/pkg/mod/github.com/nats-io/nats.go@v1.41.1/jetstream/pull.go:536 +0x78a

goroutine 55862 [select]:
github.com/nats-io/nats.go/jetstream.(*pullSubscription).Next(0xc002336cf0)
	/Users/jace/go/pkg/mod/github.com/nats-io/nats.go@v1.41.1/jetstream/pull.go:589 +0x285
github.com/Black-And-White-Club/frolf-bot-shared/eventbus.(*eventBus).Subscribe.func1()
	/Users/jace/Documents/GitHub/frolf-bot-shared/eventbus/eventbus.go:326 +0x169
created by github.com/Black-And-White-Club/frolf-bot-shared/eventbus.(*eventBus).Subscribe in goroutine 55362
	/Users/jace/Documents/GitHub/frolf-bot-shared/eventbus/eventbus.go:315 +0xbf1

goroutine 52610 [select]:
github.com/nats-io/nats.go/jetstream.(*pullSubscription).pullMessages(0xc0026cc480, {0xc0018a6960, 0x4b})
	/Users/jace/go/pkg/mod/github.com/nats-io/nats.go@v1.41.1/jetstream/pull.go:955 +0x91
created by github.com/nats-io/nats.go/jetstream.(*pullConsumer).Messages in goroutine 52535
	/Users/jace/go/pkg/mod/github.com/nats-io/nats.go@v1.41.1/jetstream/pull.go:534 +0x748

goroutine 55510 [chan receive]:
github.com/ThreeDotsLabs/watermill/message.(*messageTransformSubscriberDecorator).Subscribe.func1()
	/Users/jace/go/pkg/mod/github.com/!three!dots!labs/watermill@v1.4.6/message/decorator.go:52 +0x85
created by github.com/ThreeDotsLabs/watermill/message.(*messageTransformSubscriberDecorator).Subscribe in goroutine 55362
	/Users/jace/go/pkg/mod/github.com/!three!dots!labs/watermill@v1.4.6/message/decorator.go:51 +0xc7

goroutine 62970 [select]:
github.com/nats-io/nats.go/jetstream.(*pullSubscription).Next(0xc00271f8c0)
	/Users/jace/go/pkg/mod/github.com/nats-io/nats.go@v1.41.1/jetstream/pull.go:589 +0x285
github.com/Black-And-White-Club/frolf-bot-shared/eventbus.(*eventBus).Subscribe.func1()
	/Users/jace/Documents/GitHub/frolf-bot-shared/eventbus/eventbus.go:326 +0x169
created by github.com/Black-And-White-Club/frolf-bot-shared/eventbus.(*eventBus).Subscribe in goroutine 63116
	/Users/jace/Documents/GitHub/frolf-bot-shared/eventbus/eventbus.go:315 +0xbf1

goroutine 52598 [select]:
github.com/nats-io/nats.go/jetstream.(*pullSubscription).Next(0xc001ac1200)
	/Users/jace/go/pkg/mod/github.com/nats-io/nats.go@v1.41.1/jetstream/pull.go:589 +0x285
github.com/Black-And-White-Club/frolf-bot-shared/eventbus.(*eventBus).Subscribe.func1()
	/Users/jace/Documents/GitHub/frolf-bot-shared/eventbus/eventbus.go:326 +0x169
created by github.com/Black-And-White-Club/frolf-bot-shared/eventbus.(*eventBus).Subscribe in goroutine 52535
	/Users/jace/Documents/GitHub/frolf-bot-shared/eventbus/eventbus.go:315 +0xbf1

goroutine 51503 [chan receive]:
github.com/ThreeDotsLabs/watermill/message.(*messageTransformSubscriberDecorator).Subscribe.func1()
	/Users/jace/go/pkg/mod/github.com/!three!dots!labs/watermill@v1.4.6/message/decorator.go:52 +0x85
created by github.com/ThreeDotsLabs/watermill/message.(*messageTransformSubscriberDecorator).Subscribe in goroutine 52535
	/Users/jace/go/pkg/mod/github.com/!three!dots!labs/watermill@v1.4.6/message/decorator.go:51 +0xc7

goroutine 61663 [chan receive]:
github.com/ThreeDotsLabs/watermill/message.(*handler).run(0xc0032c52b0, {0x10a337fa0, 0xc0019819f0}, {0xc0030dd440, 0x6, 0xc002372778?})
	/Users/jace/go/pkg/mod/github.com/!three!dots!labs/watermill@v1.4.6/message/router.go:645 +0x2b4
github.com/ThreeDotsLabs/watermill/message.(*Router).RunHandlers.func1()
	/Users/jace/go/pkg/mod/github.com/!three!dots!labs/watermill@v1.4.6/message/router.go:460 +0x145
created by github.com/ThreeDotsLabs/watermill/message.(*Router).RunHandlers in goroutine 61572
	/Users/jace/go/pkg/mod/github.com/!three!dots!labs/watermill@v1.4.6/message/router.go:453 +0x606

goroutine 52678 [chan receive]:
github.com/ThreeDotsLabs/watermill/message.(*messageTransformSubscriberDecorator).Subscribe.func1()
	/Users/jace/go/pkg/mod/github.com/!three!dots!labs/watermill@v1.4.6/message/decorator.go:52 +0x85
created by github.com/ThreeDotsLabs/watermill/message.(*messageTransformSubscriberDecorator).Subscribe in goroutine 52535
	/Users/jace/go/pkg/mod/github.com/!three!dots!labs/watermill@v1.4.6/message/decorator.go:51 +0xc7

goroutine 55571 [select]:
github.com/nats-io/nats.go/jetstream.(*pullSubscription).pullMessages(0xc001f5c120, {0xc00179a730, 0x4f})
	/Users/jace/go/pkg/mod/github.com/nats-io/nats.go@v1.41.1/jetstream/pull.go:955 +0x91
created by github.com/nats-io/nats.go/jetstream.(*pullConsumer).Messages in goroutine 55362
	/Users/jace/go/pkg/mod/github.com/nats-io/nats.go@v1.41.1/jetstream/pull.go:534 +0x748

goroutine 59794 [sync.WaitGroup.Wait]:
sync.runtime_SemacquireWaitGroup(0xc002b65800?)
	/usr/local/Cellar/go/1.24.2/libexec/src/runtime/sema.go:110 +0x25
sync.(*WaitGroup).Wait(0xc0004cdd50?)
	/usr/local/Cellar/go/1.24.2/libexec/src/sync/waitgroup.go:118 +0x48
github.com/ThreeDotsLabs/watermill/message.(*Router).watchAllHandlersStopped.func1()
	/Users/jace/go/pkg/mod/github.com/!three!dots!labs/watermill@v1.4.6/message/router.go:498 +0x86
created by github.com/ThreeDotsLabs/watermill/message.(*Router).watchAllHandlersStopped in goroutine 59782
	/Users/jace/go/pkg/mod/github.com/!three!dots!labs/watermill@v1.4.6/message/router.go:484 +0xec

goroutine 52449 [chan receive]:
github.com/ThreeDotsLabs/watermill/message.(*messageTransformSubscriberDecorator).Subscribe.func1()
	/Users/jace/go/pkg/mod/github.com/!three!dots!labs/watermill@v1.4.6/message/decorator.go:52 +0x85
created by github.com/ThreeDotsLabs/watermill/message.(*messageTransformSubscriberDecorator).Subscribe in goroutine 52535
	/Users/jace/go/pkg/mod/github.com/!three!dots!labs/watermill@v1.4.6/message/decorator.go:51 +0xc7

goroutine 57464 [select]:
github.com/nats-io/nats.go/jetstream.(*pullConsumer).Messages.func2()
	/Users/jace/go/pkg/mod/github.com/nats-io/nats.go@v1.41.1/jetstream/pull.go:538 +0x68
created by github.com/nats-io/nats.go/jetstream.(*pullConsumer).Messages in goroutine 57220
	/Users/jace/go/pkg/mod/github.com/nats-io/nats.go@v1.41.1/jetstream/pull.go:536 +0x78a

goroutine 53076 [select]:
github.com/nats-io/nats.go/jetstream.(*pullSubscription).Next(0xc00271fc20)
	/Users/jace/go/pkg/mod/github.com/nats-io/nats.go@v1.41.1/jetstream/pull.go:589 +0x285
github.com/Black-And-White-Club/frolf-bot-shared/eventbus.(*eventBus).Subscribe.func1()
	/Users/jace/Documents/GitHub/frolf-bot-shared/eventbus/eventbus.go:326 +0x169
created by github.com/Black-And-White-Club/frolf-bot-shared/eventbus.(*eventBus).Subscribe in goroutine 52535
	/Users/jace/Documents/GitHub/frolf-bot-shared/eventbus/eventbus.go:315 +0xbf1

goroutine 57572 [sync.WaitGroup.Wait]:
sync.runtime_SemacquireWaitGroup(0x0?)
	/usr/local/Cellar/go/1.24.2/libexec/src/runtime/sema.go:110 +0x25
sync.(*WaitGroup).Wait(0x109160452?)
	/usr/local/Cellar/go/1.24.2/libexec/src/sync/waitgroup.go:118 +0x48
github.com/ThreeDotsLabs/watermill/pubsub/sync.WaitGroupTimeout.func1()
	/Users/jace/go/pkg/mod/github.com/!three!dots!labs/watermill@v1.4.6/pubsub/sync/waitgroup.go:13 +0x25
created by github.com/ThreeDotsLabs/watermill/pubsub/sync.WaitGroupTimeout in goroutine 56368
	/Users/jace/go/pkg/mod/github.com/!three!dots!labs/watermill@v1.4.6/pubsub/sync/waitgroup.go:12 +0x85

goroutine 55746 [chan receive]:
github.com/ThreeDotsLabs/watermill/message.(*messageTransformSubscriberDecorator).Subscribe.func1()
	/Users/jace/go/pkg/mod/github.com/!three!dots!labs/watermill@v1.4.6/message/decorator.go:52 +0x85
created by github.com/ThreeDotsLabs/watermill/message.(*messageTransformSubscriberDecorator).Subscribe in goroutine 55362
	/Users/jace/go/pkg/mod/github.com/!three!dots!labs/watermill@v1.4.6/message/decorator.go:51 +0xc7

goroutine 52699 [select]:
github.com/nats-io/nats.go/jetstream.(*pullSubscription).pullMessages(0xc0023365a0, {0xc00179a780, 0x4d})
	/Users/jace/go/pkg/mod/github.com/nats-io/nats.go@v1.41.1/jetstream/pull.go:955 +0x91
created by github.com/nats-io/nats.go/jetstream.(*pullConsumer).Messages in goroutine 52535
	/Users/jace/go/pkg/mod/github.com/nats-io/nats.go@v1.41.1/jetstream/pull.go:534 +0x748

goroutine 52879 [select]:
github.com/nats-io/nats.go/jetstream.(*pullConsumer).Messages.func2()
	/Users/jace/go/pkg/mod/github.com/nats-io/nats.go@v1.41.1/jetstream/pull.go:538 +0x68
created by github.com/nats-io/nats.go/jetstream.(*pullConsumer).Messages in goroutine 52535
	/Users/jace/go/pkg/mod/github.com/nats-io/nats.go@v1.41.1/jetstream/pull.go:536 +0x78a

goroutine 53964 [select]:
github.com/nats-io/nats.go/jetstream.(*pullSubscription).pullMessages(0xc002314bd0, {0xc0007557c0, 0x50})
	/Users/jace/go/pkg/mod/github.com/nats-io/nats.go@v1.41.1/jetstream/pull.go:955 +0x91
created by github.com/nats-io/nats.go/jetstream.(*pullConsumer).Messages in goroutine 54037
	/Users/jace/go/pkg/mod/github.com/nats-io/nats.go@v1.41.1/jetstream/pull.go:534 +0x748

goroutine 52690 [chan receive]:
github.com/ThreeDotsLabs/watermill/message.(*messageTransformSubscriberDecorator).Subscribe.func1()
	/Users/jace/go/pkg/mod/github.com/!three!dots!labs/watermill@v1.4.6/message/decorator.go:52 +0x85
created by github.com/ThreeDotsLabs/watermill/message.(*messageTransformSubscriberDecorator).Subscribe in goroutine 52535
	/Users/jace/go/pkg/mod/github.com/!three!dots!labs/watermill@v1.4.6/message/decorator.go:51 +0xc7

goroutine 56266 [select]:
github.com/nats-io/nats.go/jetstream.(*pullConsumer).Messages.func2()
	/Users/jace/go/pkg/mod/github.com/nats-io/nats.go@v1.41.1/jetstream/pull.go:538 +0x68
created by github.com/nats-io/nats.go/jetstream.(*pullConsumer).Messages in goroutine 57220
	/Users/jace/go/pkg/mod/github.com/nats-io/nats.go@v1.41.1/jetstream/pull.go:536 +0x78a

goroutine 55432 [select]:
github.com/nats-io/nats.go/jetstream.(*pullConsumer).Messages.func2()
	/Users/jace/go/pkg/mod/github.com/nats-io/nats.go@v1.41.1/jetstream/pull.go:538 +0x68
created by github.com/nats-io/nats.go/jetstream.(*pullConsumer).Messages in goroutine 55362
	/Users/jace/go/pkg/mod/github.com/nats-io/nats.go@v1.41.1/jetstream/pull.go:536 +0x78a

goroutine 61837 [select]:
github.com/nats-io/nats.go/jetstream.(*pullSubscription).Next(0xc0031e4e10)
	/Users/jace/go/pkg/mod/github.com/nats-io/nats.go@v1.41.1/jetstream/pull.go:589 +0x285
github.com/Black-And-White-Club/frolf-bot-shared/eventbus.(*eventBus).Subscribe.func1()
	/Users/jace/Documents/GitHub/frolf-bot-shared/eventbus/eventbus.go:326 +0x169
created by github.com/Black-And-White-Club/frolf-bot-shared/eventbus.(*eventBus).Subscribe in goroutine 61572
	/Users/jace/Documents/GitHub/frolf-bot-shared/eventbus/eventbus.go:315 +0xbf1

goroutine 52874 [select]:
github.com/nats-io/nats.go/jetstream.(*pullConsumer).Messages.func2()
	/Users/jace/go/pkg/mod/github.com/nats-io/nats.go@v1.41.1/jetstream/pull.go:538 +0x68
created by github.com/nats-io/nats.go/jetstream.(*pullConsumer).Messages in goroutine 52535
	/Users/jace/go/pkg/mod/github.com/nats-io/nats.go@v1.41.1/jetstream/pull.go:536 +0x78a

goroutine 55697 [select]:
github.com/nats-io/nats.go/jetstream.(*pullSubscription).Next(0xc000c32630)
	/Users/jace/go/pkg/mod/github.com/nats-io/nats.go@v1.41.1/jetstream/pull.go:589 +0x285
github.com/Black-And-White-Club/frolf-bot-shared/eventbus.(*eventBus).Subscribe.func1()
	/Users/jace/Documents/GitHub/frolf-bot-shared/eventbus/eventbus.go:326 +0x169
created by github.com/Black-And-White-Club/frolf-bot-shared/eventbus.(*eventBus).Subscribe in goroutine 55362
	/Users/jace/Documents/GitHub/frolf-bot-shared/eventbus/eventbus.go:315 +0xbf1

goroutine 57304 [select]:
github.com/nats-io/nats.go/jetstream.(*pullSubscription).Next(0xc001fc37a0)
	/Users/jace/go/pkg/mod/github.com/nats-io/nats.go@v1.41.1/jetstream/pull.go:589 +0x285
github.com/Black-And-White-Club/frolf-bot-shared/eventbus.(*eventBus).Subscribe.func1()
	/Users/jace/Documents/GitHub/frolf-bot-shared/eventbus/eventbus.go:326 +0x169
created by github.com/Black-And-White-Club/frolf-bot-shared/eventbus.(*eventBus).Subscribe in goroutine 57220
	/Users/jace/Documents/GitHub/frolf-bot-shared/eventbus/eventbus.go:315 +0xbf1

goroutine 55682 [select]:
github.com/nats-io/nats.go/jetstream.(*pullSubscription).Next(0xc0021993b0)
	/Users/jace/go/pkg/mod/github.com/nats-io/nats.go@v1.41.1/jetstream/pull.go:589 +0x285
github.com/Black-And-White-Club/frolf-bot-shared/eventbus.(*eventBus).Subscribe.func1()
	/Users/jace/Documents/GitHub/frolf-bot-shared/eventbus/eventbus.go:326 +0x169
created by github.com/Black-And-White-Club/frolf-bot-shared/eventbus.(*eventBus).Subscribe in goroutine 55362
	/Users/jace/Documents/GitHub/frolf-bot-shared/eventbus/eventbus.go:315 +0xbf1

goroutine 60392 [chan receive]:
github.com/ThreeDotsLabs/watermill/message.(*handler).run(0xc002616ea0, {0x10a337fa0, 0xc0010e3630}, {0xc00112d200, 0x6, 0xc000580390?})
	/Users/jace/go/pkg/mod/github.com/!three!dots!labs/watermill@v1.4.6/message/router.go:645 +0x2b4
github.com/ThreeDotsLabs/watermill/message.(*Router).RunHandlers.func1()
	/Users/jace/go/pkg/mod/github.com/!three!dots!labs/watermill@v1.4.6/message/router.go:460 +0x145
created by github.com/ThreeDotsLabs/watermill/message.(*Router).RunHandlers in goroutine 59782
	/Users/jace/go/pkg/mod/github.com/!three!dots!labs/watermill@v1.4.6/message/router.go:453 +0x606

goroutine 54070 [select]:
github.com/nats-io/nats.go/jetstream.(*pullConsumer).Messages.func2()
	/Users/jace/go/pkg/mod/github.com/nats-io/nats.go@v1.41.1/jetstream/pull.go:538 +0x68
created by github.com/nats-io/nats.go/jetstream.(*pullConsumer).Messages in goroutine 54037
	/Users/jace/go/pkg/mod/github.com/nats-io/nats.go@v1.41.1/jetstream/pull.go:536 +0x78a

goroutine 53069 [select]:
github.com/nats-io/nats.go/jetstream.(*pullSubscription).pullMessages(0xc0012083f0, {0xc00017e7d0, 0x47})
	/Users/jace/go/pkg/mod/github.com/nats-io/nats.go@v1.41.1/jetstream/pull.go:955 +0x91
created by github.com/nats-io/nats.go/jetstream.(*pullConsumer).Messages in goroutine 54037
	/Users/jace/go/pkg/mod/github.com/nats-io/nats.go@v1.41.1/jetstream/pull.go:534 +0x748

goroutine 53070 [select]:
github.com/nats-io/nats.go/jetstream.(*pullConsumer).Messages.func2()
	/Users/jace/go/pkg/mod/github.com/nats-io/nats.go@v1.41.1/jetstream/pull.go:538 +0x68
created by github.com/nats-io/nats.go/jetstream.(*pullConsumer).Messages in goroutine 54037
	/Users/jace/go/pkg/mod/github.com/nats-io/nats.go@v1.41.1/jetstream/pull.go:536 +0x78a

goroutine 52779 [select]:
github.com/nats-io/nats.go/jetstream.(*pullConsumer).Messages.func2()
	/Users/jace/go/pkg/mod/github.com/nats-io/nats.go@v1.41.1/jetstream/pull.go:538 +0x68
created by github.com/nats-io/nats.go/jetstream.(*pullConsumer).Messages in goroutine 52535
	/Users/jace/go/pkg/mod/github.com/nats-io/nats.go@v1.41.1/jetstream/pull.go:536 +0x78a

goroutine 52843 [select]:
github.com/nats-io/nats.go/jetstream.(*pullConsumer).Messages.func2()
	/Users/jace/go/pkg/mod/github.com/nats-io/nats.go@v1.41.1/jetstream/pull.go:538 +0x68
created by github.com/nats-io/nats.go/jetstream.(*pullConsumer).Messages in goroutine 52535
	/Users/jace/go/pkg/mod/github.com/nats-io/nats.go@v1.41.1/jetstream/pull.go:536 +0x78a

goroutine 55262 [sync.Cond.Wait]:
sync.runtime_notifyListWait(0xc0016c0f10, 0x0)
	/usr/local/Cellar/go/1.24.2/libexec/src/runtime/sema.go:597 +0x159
sync.(*Cond).Wait(0x10955fc80?)
	/usr/local/Cellar/go/1.24.2/libexec/src/sync/cond.go:71 +0x85
github.com/nats-io/nats%2ego.(*asyncCallbacksHandler).asyncCBDispatcher(0xc001281300)
	/Users/jace/go/pkg/mod/github.com/nats-io/nats.go@v1.41.1/nats.go:3059 +0xdd
created by github.com/nats-io/nats%2ego.Options.Connect in goroutine 54610
	/Users/jace/go/pkg/mod/github.com/nats-io/nats.go@v1.41.1/nats.go:1635 +0x387

goroutine 52878 [select]:
github.com/nats-io/nats.go/jetstream.(*pullSubscription).pullMessages(0xc002261290, {0xc00004ee60, 0x45})
	/Users/jace/go/pkg/mod/github.com/nats-io/nats.go@v1.41.1/jetstream/pull.go:955 +0x91
created by github.com/nats-io/nats.go/jetstream.(*pullConsumer).Messages in goroutine 52535
	/Users/jace/go/pkg/mod/github.com/nats-io/nats.go@v1.41.1/jetstream/pull.go:534 +0x748

goroutine 53996 [chan receive]:
github.com/ThreeDotsLabs/watermill/message.(*messageTransformSubscriberDecorator).Subscribe.func1()
	/Users/jace/go/pkg/mod/github.com/!three!dots!labs/watermill@v1.4.6/message/decorator.go:52 +0x85
created by github.com/ThreeDotsLabs/watermill/message.(*messageTransformSubscriberDecorator).Subscribe in goroutine 54037
	/Users/jace/go/pkg/mod/github.com/!three!dots!labs/watermill@v1.4.6/message/decorator.go:51 +0xc7

goroutine 52448 [select]:
github.com/nats-io/nats.go/jetstream.(*pullSubscription).Next(0xc001f5c630)
	/Users/jace/go/pkg/mod/github.com/nats-io/nats.go@v1.41.1/jetstream/pull.go:589 +0x285
github.com/Black-And-White-Club/frolf-bot-shared/eventbus.(*eventBus).Subscribe.func1()
	/Users/jace/Documents/GitHub/frolf-bot-shared/eventbus/eventbus.go:326 +0x169
created by github.com/Black-And-White-Club/frolf-bot-shared/eventbus.(*eventBus).Subscribe in goroutine 52535
	/Users/jace/Documents/GitHub/frolf-bot-shared/eventbus/eventbus.go:315 +0xbf1

goroutine 54233 [chan receive]:
github.com/ThreeDotsLabs/watermill/message.(*handler).run(0xc002548820, {0x10a337fa0, 0xc001531a40}, {0xc002426540, 0x6, 0xc00195ef78?})
	/Users/jace/go/pkg/mod/github.com/!three!dots!labs/watermill@v1.4.6/message/router.go:645 +0x2b4
github.com/ThreeDotsLabs/watermill/message.(*Router).RunHandlers.func1()
	/Users/jace/go/pkg/mod/github.com/!three!dots!labs/watermill@v1.4.6/message/router.go:460 +0x145
created by github.com/ThreeDotsLabs/watermill/message.(*Router).RunHandlers in goroutine 54037
	/Users/jace/go/pkg/mod/github.com/!three!dots!labs/watermill@v1.4.6/message/router.go:453 +0x606

goroutine 53995 [select]:
github.com/nats-io/nats.go/jetstream.(*pullSubscription).Next(0xc001afc5a0)
	/Users/jace/go/pkg/mod/github.com/nats-io/nats.go@v1.41.1/jetstream/pull.go:589 +0x285
github.com/Black-And-White-Club/frolf-bot-shared/eventbus.(*eventBus).Subscribe.func1()
	/Users/jace/Documents/GitHub/frolf-bot-shared/eventbus/eventbus.go:326 +0x169
created by github.com/Black-And-White-Club/frolf-bot-shared/eventbus.(*eventBus).Subscribe in goroutine 54037
	/Users/jace/Documents/GitHub/frolf-bot-shared/eventbus/eventbus.go:315 +0xbf1

goroutine 52446 [select]:
github.com/nats-io/nats.go/jetstream.(*pullSubscription).pullMessages(0xc001f5c630, {0xc0007547d0, 0x45})
	/Users/jace/go/pkg/mod/github.com/nats-io/nats.go@v1.41.1/jetstream/pull.go:955 +0x91
created by github.com/nats-io/nats.go/jetstream.(*pullConsumer).Messages in goroutine 52535
	/Users/jace/go/pkg/mod/github.com/nats-io/nats.go@v1.41.1/jetstream/pull.go:534 +0x748

goroutine 57339 [select]:
github.com/nats-io/nats.go/jetstream.(*pullConsumer).Messages.func2()
	/Users/jace/go/pkg/mod/github.com/nats-io/nats.go@v1.41.1/jetstream/pull.go:538 +0x68
created by github.com/nats-io/nats.go/jetstream.(*pullConsumer).Messages in goroutine 57220
	/Users/jace/go/pkg/mod/github.com/nats-io/nats.go@v1.41.1/jetstream/pull.go:536 +0x78a

goroutine 55847 [chan receive]:
github.com/ThreeDotsLabs/watermill/message.(*messageTransformSubscriberDecorator).Subscribe.func1()
	/Users/jace/go/pkg/mod/github.com/!three!dots!labs/watermill@v1.4.6/message/decorator.go:52 +0x85
created by github.com/ThreeDotsLabs/watermill/message.(*messageTransformSubscriberDecorator).Subscribe in goroutine 55362
	/Users/jace/go/pkg/mod/github.com/!three!dots!labs/watermill@v1.4.6/message/decorator.go:51 +0xc7

goroutine 54050 [select]:
github.com/nats-io/nats.go/jetstream.(*pullSubscription).pullMessages(0xc0023150e0, {0xc0007558b0, 0x4b})
	/Users/jace/go/pkg/mod/github.com/nats-io/nats.go@v1.41.1/jetstream/pull.go:955 +0x91
created by github.com/nats-io/nats.go/jetstream.(*pullConsumer).Messages in goroutine 54037
	/Users/jace/go/pkg/mod/github.com/nats-io/nats.go@v1.41.1/jetstream/pull.go:534 +0x748

goroutine 52562 [chan receive]:
github.com/ThreeDotsLabs/watermill/message.(*handler).run(0xc001d66ea0, {0x10a337fa0, 0xc000226690}, {0xc00124e180, 0x6, 0x222c22223a226564?})
	/Users/jace/go/pkg/mod/github.com/!three!dots!labs/watermill@v1.4.6/message/router.go:645 +0x2b4
github.com/ThreeDotsLabs/watermill/message.(*Router).RunHandlers.func1()
	/Users/jace/go/pkg/mod/github.com/!three!dots!labs/watermill@v1.4.6/message/router.go:460 +0x145
created by github.com/ThreeDotsLabs/watermill/message.(*Router).RunHandlers in goroutine 52535
	/Users/jace/go/pkg/mod/github.com/!three!dots!labs/watermill@v1.4.6/message/router.go:453 +0x606

goroutine 53993 [select]:
github.com/nats-io/nats.go/jetstream.(*pullSubscription).pullMessages(0xc001afc5a0, {0xc001eb8960, 0x47})
	/Users/jace/go/pkg/mod/github.com/nats-io/nats.go@v1.41.1/jetstream/pull.go:955 +0x91
created by github.com/nats-io/nats.go/jetstream.(*pullConsumer).Messages in goroutine 54037
	/Users/jace/go/pkg/mod/github.com/nats-io/nats.go@v1.41.1/jetstream/pull.go:534 +0x748

goroutine 53997 [chan receive]:
github.com/ThreeDotsLabs/watermill/message.(*handler).run(0xc002549c70, {0x10a337fa0, 0xc001530780}, {0xc002121200, 0x6, 0xc002504f78?})
	/Users/jace/go/pkg/mod/github.com/!three!dots!labs/watermill@v1.4.6/message/router.go:645 +0x2b4
github.com/ThreeDotsLabs/watermill/message.(*Router).RunHandlers.func1()
	/Users/jace/go/pkg/mod/github.com/!three!dots!labs/watermill@v1.4.6/message/router.go:460 +0x145
created by github.com/ThreeDotsLabs/watermill/message.(*Router).RunHandlers in goroutine 54037
	/Users/jace/go/pkg/mod/github.com/!three!dots!labs/watermill@v1.4.6/message/router.go:453 +0x606

goroutine 52611 [select]:
github.com/nats-io/nats.go/jetstream.(*pullConsumer).Messages.func2()
	/Users/jace/go/pkg/mod/github.com/nats-io/nats.go@v1.41.1/jetstream/pull.go:538 +0x68
created by github.com/nats-io/nats.go/jetstream.(*pullConsumer).Messages in goroutine 52535
	/Users/jace/go/pkg/mod/github.com/nats-io/nats.go@v1.41.1/jetstream/pull.go:536 +0x78a

goroutine 51693 [select]:
github.com/nats-io/nats%2ego.(*Conn).doReconnect(0xc00269f508, {0x10a327f28, 0x10acedb30}, 0x0)
	/Users/jace/go/pkg/mod/github.com/nats-io/nats.go@v1.41.1/nats.go:2907 +0x41a
created by github.com/nats-io/nats%2ego.(*Conn).processOpErr in goroutine 50649
	/Users/jace/go/pkg/mod/github.com/nats-io/nats.go@v1.41.1/nats.go:3043 +0x2f3

goroutine 52365 [select]:
github.com/nats-io/nats.go/jetstream.(*pullSubscription).Next(0xc001ac0a20)
	/Users/jace/go/pkg/mod/github.com/nats-io/nats.go@v1.41.1/jetstream/pull.go:589 +0x285
github.com/Black-And-White-Club/frolf-bot-shared/eventbus.(*eventBus).Subscribe.func1()
	/Users/jace/Documents/GitHub/frolf-bot-shared/eventbus/eventbus.go:326 +0x169
created by github.com/Black-And-White-Club/frolf-bot-shared/eventbus.(*eventBus).Subscribe in goroutine 52535
	/Users/jace/Documents/GitHub/frolf-bot-shared/eventbus/eventbus.go:315 +0xbf1

goroutine 52366 [chan receive]:
github.com/ThreeDotsLabs/watermill/message.(*messageTransformSubscriberDecorator).Subscribe.func1()
	/Users/jace/go/pkg/mod/github.com/!three!dots!labs/watermill@v1.4.6/message/decorator.go:52 +0x85
created by github.com/ThreeDotsLabs/watermill/message.(*messageTransformSubscriberDecorator).Subscribe in goroutine 52535
	/Users/jace/go/pkg/mod/github.com/!three!dots!labs/watermill@v1.4.6/message/decorator.go:51 +0xc7

goroutine 55386 [select]:
github.com/nats-io/nats.go/jetstream.(*pullConsumer).Messages.func2()
	/Users/jace/go/pkg/mod/github.com/nats-io/nats.go@v1.41.1/jetstream/pull.go:538 +0x68
created by github.com/nats-io/nats.go/jetstream.(*pullConsumer).Messages in goroutine 55362
	/Users/jace/go/pkg/mod/github.com/nats-io/nats.go@v1.41.1/jetstream/pull.go:536 +0x78a

goroutine 55554 [select]:
github.com/nats-io/nats.go/jetstream.(*pullSubscription).pullMessages(0xc001ac0240, {0xc002c72b00, 0x3e})
	/Users/jace/go/pkg/mod/github.com/nats-io/nats.go@v1.41.1/jetstream/pull.go:955 +0x91
created by github.com/nats-io/nats.go/jetstream.(*pullConsumer).Messages in goroutine 55362
	/Users/jace/go/pkg/mod/github.com/nats-io/nats.go@v1.41.1/jetstream/pull.go:534 +0x748

goroutine 57546 [select]:
github.com/nats-io/nats.go/jetstream.(*pullConsumer).Messages.func2()
	/Users/jace/go/pkg/mod/github.com/nats-io/nats.go@v1.41.1/jetstream/pull.go:538 +0x68
created by github.com/nats-io/nats.go/jetstream.(*pullConsumer).Messages in goroutine 57220
	/Users/jace/go/pkg/mod/github.com/nats-io/nats.go@v1.41.1/jetstream/pull.go:536 +0x78a

goroutine 59735 [sync.Cond.Wait]:
sync.runtime_notifyListWait(0xc000ba7f50, 0x0)
	/usr/local/Cellar/go/1.24.2/libexec/src/runtime/sema.go:597 +0x159
sync.(*Cond).Wait(0xc002126d90?)
	/usr/local/Cellar/go/1.24.2/libexec/src/sync/cond.go:71 +0x85
github.com/nats-io/nats%2ego.(*asyncCallbacksHandler).asyncCBDispatcher(0xc000c1fba0)
	/Users/jace/go/pkg/mod/github.com/nats-io/nats.go@v1.41.1/nats.go:3059 +0xdd
created by github.com/nats-io/nats%2ego.Options.Connect in goroutine 58881
	/Users/jace/go/pkg/mod/github.com/nats-io/nats.go@v1.41.1/nats.go:1635 +0x387

goroutine 57355 [select]:
github.com/nats-io/nats.go/jetstream.(*pullSubscription).pullMessages(0xc001535b00, {0xc0008b25f0, 0x45})
	/Users/jace/go/pkg/mod/github.com/nats-io/nats.go@v1.41.1/jetstream/pull.go:955 +0x91
created by github.com/nats-io/nats.go/jetstream.(*pullConsumer).Messages in goroutine 57220
	/Users/jace/go/pkg/mod/github.com/nats-io/nats.go@v1.41.1/jetstream/pull.go:534 +0x748

goroutine 54393 [chan receive]:
github.com/ThreeDotsLabs/watermill/message.(*messageTransformSubscriberDecorator).Subscribe.func1()
	/Users/jace/go/pkg/mod/github.com/!three!dots!labs/watermill@v1.4.6/message/decorator.go:52 +0x85
created by github.com/ThreeDotsLabs/watermill/message.(*messageTransformSubscriberDecorator).Subscribe in goroutine 54037
	/Users/jace/go/pkg/mod/github.com/!three!dots!labs/watermill@v1.4.6/message/decorator.go:51 +0xc7

goroutine 55797 [select]:
github.com/nats-io/nats.go/jetstream.(*pullConsumer).Messages.func2()
	/Users/jace/go/pkg/mod/github.com/nats-io/nats.go@v1.41.1/jetstream/pull.go:538 +0x68
created by github.com/nats-io/nats.go/jetstream.(*pullConsumer).Messages in goroutine 55362
	/Users/jace/go/pkg/mod/github.com/nats-io/nats.go@v1.41.1/jetstream/pull.go:536 +0x78a

goroutine 57229 [select]:
github.com/nats-io/nats.go/jetstream.(*pullSubscription).Next(0xc001afcd80)
	/Users/jace/go/pkg/mod/github.com/nats-io/nats.go@v1.41.1/jetstream/pull.go:589 +0x285
github.com/Black-And-White-Club/frolf-bot-shared/eventbus.(*eventBus).Subscribe.func1()
	/Users/jace/Documents/GitHub/frolf-bot-shared/eventbus/eventbus.go:326 +0x169
created by github.com/Black-And-White-Club/frolf-bot-shared/eventbus.(*eventBus).Subscribe in goroutine 57220
	/Users/jace/Documents/GitHub/frolf-bot-shared/eventbus/eventbus.go:315 +0xbf1

goroutine 54071 [select]:
github.com/nats-io/nats.go/jetstream.(*pullSubscription).Next(0xc001ba9290)
	/Users/jace/go/pkg/mod/github.com/nats-io/nats.go@v1.41.1/jetstream/pull.go:589 +0x285
github.com/Black-And-White-Club/frolf-bot-shared/eventbus.(*eventBus).Subscribe.func1()
	/Users/jace/Documents/GitHub/frolf-bot-shared/eventbus/eventbus.go:326 +0x169
created by github.com/Black-And-White-Club/frolf-bot-shared/eventbus.(*eventBus).Subscribe in goroutine 54037
	/Users/jace/Documents/GitHub/frolf-bot-shared/eventbus/eventbus.go:315 +0xbf1

goroutine 54404 [select]:
github.com/nats-io/nats.go/jetstream.(*pullConsumer).Messages.func2()
	/Users/jace/go/pkg/mod/github.com/nats-io/nats.go@v1.41.1/jetstream/pull.go:538 +0x68
created by github.com/nats-io/nats.go/jetstream.(*pullConsumer).Messages in goroutine 54037
	/Users/jace/go/pkg/mod/github.com/nats-io/nats.go@v1.41.1/jetstream/pull.go:536 +0x78a

goroutine 54073 [chan receive]:
github.com/ThreeDotsLabs/watermill/message.(*handler).run(0xc0025496c0, {0x10a337fa0, 0xc0000c5cc0}, {0xc001158240, 0x6, 0x0?})
	/Users/jace/go/pkg/mod/github.com/!three!dots!labs/watermill@v1.4.6/message/router.go:645 +0x2b4
github.com/ThreeDotsLabs/watermill/message.(*Router).RunHandlers.func1()
	/Users/jace/go/pkg/mod/github.com/!three!dots!labs/watermill@v1.4.6/message/router.go:460 +0x145
created by github.com/ThreeDotsLabs/watermill/message.(*Router).RunHandlers in goroutine 54037
	/Users/jace/go/pkg/mod/github.com/!three!dots!labs/watermill@v1.4.6/message/router.go:453 +0x606

goroutine 54315 [select]:
github.com/nats-io/nats.go/jetstream.(*pullSubscription).pullMessages(0xc000b753b0, {0xc0011be180, 0x56})
	/Users/jace/go/pkg/mod/github.com/nats-io/nats.go@v1.41.1/jetstream/pull.go:955 +0x91
created by github.com/nats-io/nats.go/jetstream.(*pullConsumer).Messages in goroutine 54037
	/Users/jace/go/pkg/mod/github.com/nats-io/nats.go@v1.41.1/jetstream/pull.go:534 +0x748

goroutine 63454 [select]:
github.com/nats-io/nats%2ego.(*Conn).doReconnect(0xc0025cb808, {0x10a327f28, 0x10acedb30}, 0x0)
	/Users/jace/go/pkg/mod/github.com/nats-io/nats.go@v1.41.1/nats.go:2907 +0x41a
created by github.com/nats-io/nats%2ego.(*Conn).processOpErr in goroutine 63045
	/Users/jace/go/pkg/mod/github.com/nats-io/nats.go@v1.41.1/nats.go:3043 +0x2f3

goroutine 64080 [chan receive]:
github.com/ThreeDotsLabs/watermill/message.(*handler).run(0xc0030815f0, {0x10a337fa0, 0xc0010e2550}, {0xc002cb5680, 0x6, 0x0?})
	/Users/jace/go/pkg/mod/github.com/!three!dots!labs/watermill@v1.4.6/message/router.go:645 +0x2b4
github.com/ThreeDotsLabs/watermill/message.(*Router).RunHandlers.func1()
	/Users/jace/go/pkg/mod/github.com/!three!dots!labs/watermill@v1.4.6/message/router.go:460 +0x145
created by github.com/ThreeDotsLabs/watermill/message.(*Router).RunHandlers in goroutine 64412
	/Users/jace/go/pkg/mod/github.com/!three!dots!labs/watermill@v1.4.6/message/router.go:453 +0x606

goroutine 58449 [sync.Cond.Wait]:
sync.runtime_notifyListWait(0xc003206210, 0x0)
	/usr/local/Cellar/go/1.24.2/libexec/src/runtime/sema.go:597 +0x159
sync.(*Cond).Wait(0xc000b21228?)
	/usr/local/Cellar/go/1.24.2/libexec/src/sync/cond.go:71 +0x85
github.com/nats-io/nats%2ego.(*asyncCallbacksHandler).asyncCBDispatcher(0xc0016202a0)
	/Users/jace/go/pkg/mod/github.com/nats-io/nats.go@v1.41.1/nats.go:3059 +0xdd
created by github.com/nats-io/nats%2ego.Options.Connect in goroutine 57649
	/Users/jace/go/pkg/mod/github.com/nats-io/nats.go@v1.41.1/nats.go:1635 +0x387

goroutine 58688 [chan receive]:
github.com/ThreeDotsLabs/watermill/message.(*handler).run(0xc002b3d2b0, {0x10a337fa0, 0xc002194f50}, {0xc00015a240, 0x6, 0x0?})
	/Users/jace/go/pkg/mod/github.com/!three!dots!labs/watermill@v1.4.6/message/router.go:645 +0x2b4
github.com/ThreeDotsLabs/watermill/message.(*Router).RunHandlers.func1()
	/Users/jace/go/pkg/mod/github.com/!three!dots!labs/watermill@v1.4.6/message/router.go:460 +0x145
created by github.com/ThreeDotsLabs/watermill/message.(*Router).RunHandlers in goroutine 58544
	/Users/jace/go/pkg/mod/github.com/!three!dots!labs/watermill@v1.4.6/message/router.go:453 +0x606

goroutine 54103 [select]:
github.com/nats-io/nats.go/jetstream.(*pullSubscription).pullMessages(0xc001921200, {0xc00179ad70, 0x4d})
	/Users/jace/go/pkg/mod/github.com/nats-io/nats.go@v1.41.1/jetstream/pull.go:955 +0x91
created by github.com/nats-io/nats.go/jetstream.(*pullConsumer).Messages in goroutine 54037
	/Users/jace/go/pkg/mod/github.com/nats-io/nats.go@v1.41.1/jetstream/pull.go:534 +0x748

goroutine 54264 [select]:
github.com/nats-io/nats.go/jetstream.(*pullSubscription).pullMessages(0xc00097e6c0, {0xc00108d580, 0x3e})
	/Users/jace/go/pkg/mod/github.com/nats-io/nats.go@v1.41.1/jetstream/pull.go:955 +0x91
created by github.com/nats-io/nats.go/jetstream.(*pullConsumer).Messages in goroutine 54037
	/Users/jace/go/pkg/mod/github.com/nats-io/nats.go@v1.41.1/jetstream/pull.go:534 +0x748

goroutine 54106 [chan receive]:
github.com/ThreeDotsLabs/watermill/message.(*messageTransformSubscriberDecorator).Subscribe.func1()
	/Users/jace/go/pkg/mod/github.com/!three!dots!labs/watermill@v1.4.6/message/decorator.go:52 +0x85
created by github.com/ThreeDotsLabs/watermill/message.(*messageTransformSubscriberDecorator).Subscribe in goroutine 54037
	/Users/jace/go/pkg/mod/github.com/!three!dots!labs/watermill@v1.4.6/message/decorator.go:51 +0xc7

goroutine 57425 [chan receive]:
github.com/ThreeDotsLabs/watermill/message.(*handler).run(0xc001e8f520, {0x10a337fa0, 0xc001980820}, {0xc0013aecc0, 0x6, 0xc0023bc770?})
	/Users/jace/go/pkg/mod/github.com/!three!dots!labs/watermill@v1.4.6/message/router.go:645 +0x2b4
github.com/ThreeDotsLabs/watermill/message.(*Router).RunHandlers.func1()
	/Users/jace/go/pkg/mod/github.com/!three!dots!labs/watermill@v1.4.6/message/router.go:460 +0x145
created by github.com/ThreeDotsLabs/watermill/message.(*Router).RunHandlers in goroutine 57220
	/Users/jace/go/pkg/mod/github.com/!three!dots!labs/watermill@v1.4.6/message/router.go:453 +0x606

goroutine 55609 [chan receive]:
github.com/ThreeDotsLabs/watermill/message.(*messageTransformSubscriberDecorator).Subscribe.func1()
	/Users/jace/go/pkg/mod/github.com/!three!dots!labs/watermill@v1.4.6/message/decorator.go:52 +0x85
created by github.com/ThreeDotsLabs/watermill/message.(*messageTransformSubscriberDecorator).Subscribe in goroutine 55362
	/Users/jace/go/pkg/mod/github.com/!three!dots!labs/watermill@v1.4.6/message/decorator.go:51 +0xc7

goroutine 57303 [select]:
github.com/nats-io/nats.go/jetstream.(*pullConsumer).Messages.func2()
	/Users/jace/go/pkg/mod/github.com/nats-io/nats.go@v1.41.1/jetstream/pull.go:538 +0x68
created by github.com/nats-io/nats.go/jetstream.(*pullConsumer).Messages in goroutine 57220
	/Users/jace/go/pkg/mod/github.com/nats-io/nats.go@v1.41.1/jetstream/pull.go:536 +0x78a

goroutine 57547 [select]:
github.com/nats-io/nats.go/jetstream.(*pullSubscription).Next(0xc00210b0e0)
	/Users/jace/go/pkg/mod/github.com/nats-io/nats.go@v1.41.1/jetstream/pull.go:589 +0x285
github.com/Black-And-White-Club/frolf-bot-shared/eventbus.(*eventBus).Subscribe.func1()
	/Users/jace/Documents/GitHub/frolf-bot-shared/eventbus/eventbus.go:326 +0x169
created by github.com/Black-And-White-Club/frolf-bot-shared/eventbus.(*eventBus).Subscribe in goroutine 57220
	/Users/jace/Documents/GitHub/frolf-bot-shared/eventbus/eventbus.go:315 +0xbf1

goroutine 54072 [chan receive]:
github.com/ThreeDotsLabs/watermill/message.(*messageTransformSubscriberDecorator).Subscribe.func1()
	/Users/jace/go/pkg/mod/github.com/!three!dots!labs/watermill@v1.4.6/message/decorator.go:52 +0x85
created by github.com/ThreeDotsLabs/watermill/message.(*messageTransformSubscriberDecorator).Subscribe in goroutine 54037
	/Users/jace/go/pkg/mod/github.com/!three!dots!labs/watermill@v1.4.6/message/decorator.go:51 +0xc7

goroutine 55845 [select]:
github.com/nats-io/nats.go/jetstream.(*pullConsumer).Messages.func2()
	/Users/jace/go/pkg/mod/github.com/nats-io/nats.go@v1.41.1/jetstream/pull.go:538 +0x68
created by github.com/nats-io/nats.go/jetstream.(*pullConsumer).Messages in goroutine 55362
	/Users/jace/go/pkg/mod/github.com/nats-io/nats.go@v1.41.1/jetstream/pull.go:536 +0x78a

goroutine 55279 [sync.Cond.Wait]:
sync.runtime_notifyListWait(0xc002bc2fd0, 0x41)
	/usr/local/Cellar/go/1.24.2/libexec/src/runtime/sema.go:597 +0x159
sync.(*Cond).Wait(0x10a337fa0?)
	/usr/local/Cellar/go/1.24.2/libexec/src/sync/cond.go:71 +0x85
github.com/nats-io/nats%2ego.(*Conn).waitForMsgs(0xc00269e008, 0xc0020300f0)
	/Users/jace/go/pkg/mod/github.com/nats-io/nats.go@v1.41.1/nats.go:3178 +0xc5
created by github.com/nats-io/nats%2ego.(*Conn).subscribeLocked in goroutine 54610
	/Users/jace/go/pkg/mod/github.com/nats-io/nats.go@v1.41.1/nats.go:4468 +0x419

goroutine 55654 [select]:
github.com/nats-io/nats.go/jetstream.(*pullSubscription).Next(0xc001aa57a0)
	/Users/jace/go/pkg/mod/github.com/nats-io/nats.go@v1.41.1/jetstream/pull.go:589 +0x285
github.com/Black-And-White-Club/frolf-bot-shared/eventbus.(*eventBus).Subscribe.func1()
	/Users/jace/Documents/GitHub/frolf-bot-shared/eventbus/eventbus.go:326 +0x169
created by github.com/Black-And-White-Club/frolf-bot-shared/eventbus.(*eventBus).Subscribe in goroutine 55362
	/Users/jace/Documents/GitHub/frolf-bot-shared/eventbus/eventbus.go:315 +0xbf1

goroutine 55784 [select]:
github.com/nats-io/nats.go/jetstream.(*pullSubscription).pullMessages(0xc002b4f9e0, {0xc000a437a0, 0x58})
	/Users/jace/go/pkg/mod/github.com/nats-io/nats.go@v1.41.1/jetstream/pull.go:955 +0x91
created by github.com/nats-io/nats.go/jetstream.(*pullConsumer).Messages in goroutine 55362
	/Users/jace/go/pkg/mod/github.com/nats-io/nats.go@v1.41.1/jetstream/pull.go:534 +0x748

goroutine 63286 [chan receive]:
github.com/ThreeDotsLabs/watermill/message.(*messageTransformSubscriberDecorator).Subscribe.func1()
	/Users/jace/go/pkg/mod/github.com/!three!dots!labs/watermill@v1.4.6/message/decorator.go:52 +0x85
created by github.com/ThreeDotsLabs/watermill/message.(*messageTransformSubscriberDecorator).Subscribe in goroutine 63116
	/Users/jace/go/pkg/mod/github.com/!three!dots!labs/watermill@v1.4.6/message/decorator.go:51 +0xc7

goroutine 57423 [select]:
github.com/nats-io/nats.go/jetstream.(*pullSubscription).Next(0xc001de3950)
	/Users/jace/go/pkg/mod/github.com/nats-io/nats.go@v1.41.1/jetstream/pull.go:589 +0x285
github.com/Black-And-White-Club/frolf-bot-shared/eventbus.(*eventBus).Subscribe.func1()
	/Users/jace/Documents/GitHub/frolf-bot-shared/eventbus/eventbus.go:326 +0x169
created by github.com/Black-And-White-Club/frolf-bot-shared/eventbus.(*eventBus).Subscribe in goroutine 57220
	/Users/jace/Documents/GitHub/frolf-bot-shared/eventbus/eventbus.go:315 +0xbf1

goroutine 55387 [select]:
github.com/nats-io/nats.go/jetstream.(*pullSubscription).Next(0xc0019b6c60)
	/Users/jace/go/pkg/mod/github.com/nats-io/nats.go@v1.41.1/jetstream/pull.go:589 +0x285
github.com/Black-And-White-Club/frolf-bot-shared/eventbus.(*eventBus).Subscribe.func1()
	/Users/jace/Documents/GitHub/frolf-bot-shared/eventbus/eventbus.go:326 +0x169
created by github.com/Black-And-White-Club/frolf-bot-shared/eventbus.(*eventBus).Subscribe in goroutine 55362
	/Users/jace/Documents/GitHub/frolf-bot-shared/eventbus/eventbus.go:315 +0xbf1

goroutine 61974 [select]:
github.com/nats-io/nats.go/jetstream.(*pullSubscription).pullMessages(0xc0035306c0, {0xc0035101e0, 0x4b})
	/Users/jace/go/pkg/mod/github.com/nats-io/nats.go@v1.41.1/jetstream/pull.go:955 +0x91
created by github.com/nats-io/nats.go/jetstream.(*pullConsumer).Messages in goroutine 61572
	/Users/jace/go/pkg/mod/github.com/nats-io/nats.go@v1.41.1/jetstream/pull.go:534 +0x748

goroutine 53071 [select]:
github.com/nats-io/nats.go/jetstream.(*pullSubscription).Next(0xc0012083f0)
	/Users/jace/go/pkg/mod/github.com/nats-io/nats.go@v1.41.1/jetstream/pull.go:589 +0x285
github.com/Black-And-White-Club/frolf-bot-shared/eventbus.(*eventBus).Subscribe.func1()
	/Users/jace/Documents/GitHub/frolf-bot-shared/eventbus/eventbus.go:326 +0x169
created by github.com/Black-And-White-Club/frolf-bot-shared/eventbus.(*eventBus).Subscribe in goroutine 54037
	/Users/jace/Documents/GitHub/frolf-bot-shared/eventbus/eventbus.go:315 +0xbf1

goroutine 61630 [chan receive]:
github.com/ThreeDotsLabs/watermill/message.(*handler).run(0xc0032c4f70, {0x10a337fa0, 0xc001de1ea0}, {0xc000cfee40, 0x6, 0xc0023b6f78?})
	/Users/jace/go/pkg/mod/github.com/!three!dots!labs/watermill@v1.4.6/message/router.go:645 +0x2b4
github.com/ThreeDotsLabs/watermill/message.(*Router).RunHandlers.func1()
	/Users/jace/go/pkg/mod/github.com/!three!dots!labs/watermill@v1.4.6/message/router.go:460 +0x145
created by github.com/ThreeDotsLabs/watermill/message.(*Router).RunHandlers in goroutine 61572
	/Users/jace/go/pkg/mod/github.com/!three!dots!labs/watermill@v1.4.6/message/router.go:453 +0x606

goroutine 57539 [chan receive]:
github.com/ThreeDotsLabs/watermill/message.(*messageTransformSubscriberDecorator).Subscribe.func1()
	/Users/jace/go/pkg/mod/github.com/!three!dots!labs/watermill@v1.4.6/message/decorator.go:52 +0x85
created by github.com/ThreeDotsLabs/watermill/message.(*messageTransformSubscriberDecorator).Subscribe in goroutine 57220
	/Users/jace/go/pkg/mod/github.com/!three!dots!labs/watermill@v1.4.6/message/decorator.go:51 +0xc7

goroutine 52536 [sync.WaitGroup.Wait]:
sync.runtime_SemacquireWaitGroup(0x1095ae7c0?)
	/usr/local/Cellar/go/1.24.2/libexec/src/runtime/sema.go:110 +0x25
sync.(*WaitGroup).Wait(0xc0027eb510?)
	/usr/local/Cellar/go/1.24.2/libexec/src/sync/waitgroup.go:118 +0x48
github.com/ThreeDotsLabs/watermill/message.(*Router).watchAllHandlersStopped.func1()
	/Users/jace/go/pkg/mod/github.com/!three!dots!labs/watermill@v1.4.6/message/router.go:498 +0x86
created by github.com/ThreeDotsLabs/watermill/message.(*Router).watchAllHandlersStopped in goroutine 52535
	/Users/jace/go/pkg/mod/github.com/!three!dots!labs/watermill@v1.4.6/message/router.go:484 +0xec

goroutine 54105 [select]:
github.com/nats-io/nats.go/jetstream.(*pullSubscription).Next(0xc001921200)
	/Users/jace/go/pkg/mod/github.com/nats-io/nats.go@v1.41.1/jetstream/pull.go:589 +0x285
github.com/Black-And-White-Club/frolf-bot-shared/eventbus.(*eventBus).Subscribe.func1()
	/Users/jace/Documents/GitHub/frolf-bot-shared/eventbus/eventbus.go:326 +0x169
created by github.com/Black-And-White-Club/frolf-bot-shared/eventbus.(*eventBus).Subscribe in goroutine 54037
	/Users/jace/Documents/GitHub/frolf-bot-shared/eventbus/eventbus.go:315 +0xbf1

goroutine 52599 [chan receive]:
github.com/ThreeDotsLabs/watermill/message.(*messageTransformSubscriberDecorator).Subscribe.func1()
	/Users/jace/go/pkg/mod/github.com/!three!dots!labs/watermill@v1.4.6/message/decorator.go:52 +0x85
created by github.com/ThreeDotsLabs/watermill/message.(*messageTransformSubscriberDecorator).Subscribe in goroutine 52535
	/Users/jace/go/pkg/mod/github.com/!three!dots!labs/watermill@v1.4.6/message/decorator.go:51 +0xc7

goroutine 52730 [select]:
github.com/nats-io/nats.go/jetstream.(*pullSubscription).Next(0xc000b89290)
	/Users/jace/go/pkg/mod/github.com/nats-io/nats.go@v1.41.1/jetstream/pull.go:589 +0x285
github.com/Black-And-White-Club/frolf-bot-shared/eventbus.(*eventBus).Subscribe.func1()
	/Users/jace/Documents/GitHub/frolf-bot-shared/eventbus/eventbus.go:326 +0x169
created by github.com/Black-And-White-Club/frolf-bot-shared/eventbus.(*eventBus).Subscribe in goroutine 52535
	/Users/jace/Documents/GitHub/frolf-bot-shared/eventbus/eventbus.go:315 +0xbf1

goroutine 53974 [sync.Cond.Wait]:
sync.runtime_notifyListWait(0xc000115d50, 0x0)
	/usr/local/Cellar/go/1.24.2/libexec/src/runtime/sema.go:597 +0x159
sync.(*Cond).Wait(0xc002be5570?)
	/usr/local/Cellar/go/1.24.2/libexec/src/sync/cond.go:71 +0x85
github.com/nats-io/nats%2ego.(*asyncCallbacksHandler).asyncCBDispatcher(0xc0029528c0)
	/Users/jace/go/pkg/mod/github.com/nats-io/nats.go@v1.41.1/nats.go:3059 +0xdd
created by github.com/nats-io/nats%2ego.Options.Connect in goroutine 53021
	/Users/jace/go/pkg/mod/github.com/nats-io/nats.go@v1.41.1/nats.go:1635 +0x387

goroutine 52600 [chan receive]:
github.com/ThreeDotsLabs/watermill/message.(*handler).run(0xc001d675f0, {0x10a337fa0, 0xc0020d9180}, {0xc00124e300, 0x6, 0xc001e87778?})
	/Users/jace/go/pkg/mod/github.com/!three!dots!labs/watermill@v1.4.6/message/router.go:645 +0x2b4
github.com/ThreeDotsLabs/watermill/message.(*Router).RunHandlers.func1()
	/Users/jace/go/pkg/mod/github.com/!three!dots!labs/watermill@v1.4.6/message/router.go:460 +0x145
created by github.com/ThreeDotsLabs/watermill/message.(*Router).RunHandlers in goroutine 52535
	/Users/jace/go/pkg/mod/github.com/!three!dots!labs/watermill@v1.4.6/message/router.go:453 +0x606

goroutine 53002 [select]:
github.com/nats-io/nats.go/jetstream.(*pullSubscription).pullMessages(0xc002a033b0, {0xc00066ea80, 0x40})
	/Users/jace/go/pkg/mod/github.com/nats-io/nats.go@v1.41.1/jetstream/pull.go:955 +0x91
created by github.com/nats-io/nats.go/jetstream.(*pullConsumer).Messages in goroutine 52535
	/Users/jace/go/pkg/mod/github.com/nats-io/nats.go@v1.41.1/jetstream/pull.go:534 +0x748

goroutine 55799 [chan receive]:
github.com/ThreeDotsLabs/watermill/message.(*messageTransformSubscriberDecorator).Subscribe.func1()
	/Users/jace/go/pkg/mod/github.com/!three!dots!labs/watermill@v1.4.6/message/decorator.go:52 +0x85
created by github.com/ThreeDotsLabs/watermill/message.(*messageTransformSubscriberDecorator).Subscribe in goroutine 55362
	/Users/jace/go/pkg/mod/github.com/!three!dots!labs/watermill@v1.4.6/message/decorator.go:51 +0xc7

goroutine 52771 [select]:
github.com/nats-io/nats.go/jetstream.(*pullConsumer).Messages.func2()
	/Users/jace/go/pkg/mod/github.com/nats-io/nats.go@v1.41.1/jetstream/pull.go:538 +0x68
created by github.com/nats-io/nats.go/jetstream.(*pullConsumer).Messages in goroutine 52535
	/Users/jace/go/pkg/mod/github.com/nats-io/nats.go@v1.41.1/jetstream/pull.go:536 +0x78a

goroutine 52634 [select]:
github.com/nats-io/nats.go/jetstream.(*pullSubscription).pullMessages(0xc001aa5830, {0xc00093ee40, 0x5a})
	/Users/jace/go/pkg/mod/github.com/nats-io/nats.go@v1.41.1/jetstream/pull.go:955 +0x91
created by github.com/nats-io/nats.go/jetstream.(*pullConsumer).Messages in goroutine 52535
	/Users/jace/go/pkg/mod/github.com/nats-io/nats.go@v1.41.1/jetstream/pull.go:534 +0x748

goroutine 52635 [select]:
github.com/nats-io/nats.go/jetstream.(*pullConsumer).Messages.func2()
	/Users/jace/go/pkg/mod/github.com/nats-io/nats.go@v1.41.1/jetstream/pull.go:538 +0x68
created by github.com/nats-io/nats.go/jetstream.(*pullConsumer).Messages in goroutine 52535
	/Users/jace/go/pkg/mod/github.com/nats-io/nats.go@v1.41.1/jetstream/pull.go:536 +0x78a

goroutine 52636 [select]:
github.com/nats-io/nats.go/jetstream.(*pullSubscription).Next(0xc001aa5830)
	/Users/jace/go/pkg/mod/github.com/nats-io/nats.go@v1.41.1/jetstream/pull.go:589 +0x285
github.com/Black-And-White-Club/frolf-bot-shared/eventbus.(*eventBus).Subscribe.func1()
	/Users/jace/Documents/GitHub/frolf-bot-shared/eventbus/eventbus.go:326 +0x169
created by github.com/Black-And-White-Club/frolf-bot-shared/eventbus.(*eventBus).Subscribe in goroutine 52535
	/Users/jace/Documents/GitHub/frolf-bot-shared/eventbus/eventbus.go:315 +0xbf1

goroutine 52637 [chan receive]:
github.com/ThreeDotsLabs/watermill/message.(*messageTransformSubscriberDecorator).Subscribe.func1()
	/Users/jace/go/pkg/mod/github.com/!three!dots!labs/watermill@v1.4.6/message/decorator.go:52 +0x85
created by github.com/ThreeDotsLabs/watermill/message.(*messageTransformSubscriberDecorator).Subscribe in goroutine 52535
	/Users/jace/go/pkg/mod/github.com/!three!dots!labs/watermill@v1.4.6/message/decorator.go:51 +0xc7

goroutine 52638 [chan receive]:
github.com/ThreeDotsLabs/watermill/message.(*handler).run(0xc001d67930, {0x10a337fa0, 0xc001bda780}, {0xc0011b2180, 0x6, 0x0?})
	/Users/jace/go/pkg/mod/github.com/!three!dots!labs/watermill@v1.4.6/message/router.go:645 +0x2b4
github.com/ThreeDotsLabs/watermill/message.(*Router).RunHandlers.func1()
	/Users/jace/go/pkg/mod/github.com/!three!dots!labs/watermill@v1.4.6/message/router.go:460 +0x145
created by github.com/ThreeDotsLabs/watermill/message.(*Router).RunHandlers in goroutine 52535
	/Users/jace/go/pkg/mod/github.com/!three!dots!labs/watermill@v1.4.6/message/router.go:453 +0x606

goroutine 52607 [select]:
github.com/nats-io/nats.go/jetstream.(*pullSubscription).pullMessages(0xc001ac19e0, {0xc00179a640, 0x47})
	/Users/jace/go/pkg/mod/github.com/nats-io/nats.go@v1.41.1/jetstream/pull.go:955 +0x91
created by github.com/nats-io/nats.go/jetstream.(*pullConsumer).Messages in goroutine 52535
	/Users/jace/go/pkg/mod/github.com/nats-io/nats.go@v1.41.1/jetstream/pull.go:534 +0x748

goroutine 55431 [select]:
github.com/nats-io/nats.go/jetstream.(*pullSubscription).pullMessages(0xc0019b7b90, {0xc0007d7270, 0x47})
	/Users/jace/go/pkg/mod/github.com/nats-io/nats.go@v1.41.1/jetstream/pull.go:955 +0x91
created by github.com/nats-io/nats.go/jetstream.(*pullConsumer).Messages in goroutine 55362
	/Users/jace/go/pkg/mod/github.com/nats-io/nats.go@v1.41.1/jetstream/pull.go:534 +0x748

goroutine 52772 [select]:
github.com/nats-io/nats.go/jetstream.(*pullSubscription).Next(0xc000b89dd0)
	/Users/jace/go/pkg/mod/github.com/nats-io/nats.go@v1.41.1/jetstream/pull.go:589 +0x285
github.com/Black-And-White-Club/frolf-bot-shared/eventbus.(*eventBus).Subscribe.func1()
	/Users/jace/Documents/GitHub/frolf-bot-shared/eventbus/eventbus.go:326 +0x169
created by github.com/Black-And-White-Club/frolf-bot-shared/eventbus.(*eventBus).Subscribe in goroutine 52535
	/Users/jace/Documents/GitHub/frolf-bot-shared/eventbus/eventbus.go:315 +0xbf1

goroutine 55595 [select]:
github.com/nats-io/nats.go/jetstream.(*pullSubscription).pullMessages(0xc002935c20, {0xc000254820, 0x4d})
	/Users/jace/go/pkg/mod/github.com/nats-io/nats.go@v1.41.1/jetstream/pull.go:955 +0x91
created by github.com/nats-io/nats.go/jetstream.(*pullConsumer).Messages in goroutine 55362
	/Users/jace/go/pkg/mod/github.com/nats-io/nats.go@v1.41.1/jetstream/pull.go:534 +0x748

goroutine 54239 [select]:
github.com/nats-io/nats.go/jetstream.(*pullSubscription).pullMessages(0xc0010d41b0, {0xc0008070e0, 0x4f})
	/Users/jace/go/pkg/mod/github.com/nats-io/nats.go@v1.41.1/jetstream/pull.go:955 +0x91
created by github.com/nats-io/nats.go/jetstream.(*pullConsumer).Messages in goroutine 54037
	/Users/jace/go/pkg/mod/github.com/nats-io/nats.go@v1.41.1/jetstream/pull.go:534 +0x748

goroutine 54370 [chan receive]:
github.com/ThreeDotsLabs/watermill/message.(*messageTransformSubscriberDecorator).Subscribe.func1()
	/Users/jace/go/pkg/mod/github.com/!three!dots!labs/watermill@v1.4.6/message/decorator.go:52 +0x85
created by github.com/ThreeDotsLabs/watermill/message.(*messageTransformSubscriberDecorator).Subscribe in goroutine 54037
	/Users/jace/go/pkg/mod/github.com/!three!dots!labs/watermill@v1.4.6/message/decorator.go:51 +0xc7

goroutine 63365 [select]:
github.com/nats-io/nats.go/jetstream.(*pullSubscription).Next(0xc001b30a20)
	/Users/jace/go/pkg/mod/github.com/nats-io/nats.go@v1.41.1/jetstream/pull.go:589 +0x285
github.com/Black-And-White-Club/frolf-bot-shared/eventbus.(*eventBus).Subscribe.func1()
	/Users/jace/Documents/GitHub/frolf-bot-shared/eventbus/eventbus.go:326 +0x169
created by github.com/Black-And-White-Club/frolf-bot-shared/eventbus.(*eventBus).Subscribe in goroutine 63116
	/Users/jace/Documents/GitHub/frolf-bot-shared/eventbus/eventbus.go:315 +0xbf1

goroutine 53077 [chan receive]:
github.com/ThreeDotsLabs/watermill/message.(*messageTransformSubscriberDecorator).Subscribe.func1()
	/Users/jace/go/pkg/mod/github.com/!three!dots!labs/watermill@v1.4.6/message/decorator.go:52 +0x85
created by github.com/ThreeDotsLabs/watermill/message.(*messageTransformSubscriberDecorator).Subscribe in goroutine 52535
	/Users/jace/go/pkg/mod/github.com/!three!dots!labs/watermill@v1.4.6/message/decorator.go:51 +0xc7

goroutine 52782 [chan receive]:
github.com/ThreeDotsLabs/watermill/message.(*handler).run(0xc001d66750, {0x10a337fa0, 0xc001e520a0}, {0xc0011b2480, 0x6, 0x0?})
	/Users/jace/go/pkg/mod/github.com/!three!dots!labs/watermill@v1.4.6/message/router.go:645 +0x2b4
github.com/ThreeDotsLabs/watermill/message.(*Router).RunHandlers.func1()
	/Users/jace/go/pkg/mod/github.com/!three!dots!labs/watermill@v1.4.6/message/router.go:460 +0x145
created by github.com/ThreeDotsLabs/watermill/message.(*Router).RunHandlers in goroutine 52535
	/Users/jace/go/pkg/mod/github.com/!three!dots!labs/watermill@v1.4.6/message/router.go:453 +0x606

goroutine 60371 [chan receive]:
github.com/ThreeDotsLabs/watermill/message.(*handler).run(0xc002616d00, {0x10a337fa0, 0xc0000c4320}, {0xc00232e240, 0x6, 0x0?})
	/Users/jace/go/pkg/mod/github.com/!three!dots!labs/watermill@v1.4.6/message/router.go:645 +0x2b4
github.com/ThreeDotsLabs/watermill/message.(*Router).RunHandlers.func1()
	/Users/jace/go/pkg/mod/github.com/!three!dots!labs/watermill@v1.4.6/message/router.go:460 +0x145
created by github.com/ThreeDotsLabs/watermill/message.(*Router).RunHandlers in goroutine 59782
	/Users/jace/go/pkg/mod/github.com/!three!dots!labs/watermill@v1.4.6/message/router.go:453 +0x606

goroutine 52885 [chan receive]:
github.com/ThreeDotsLabs/watermill/message.(*handler).run(0xc001d671e0, {0x10a337fa0, 0xc002b8ab40}, {0xc0005f9a40, 0x6, 0x0?})
	/Users/jace/go/pkg/mod/github.com/!three!dots!labs/watermill@v1.4.6/message/router.go:645 +0x2b4
github.com/ThreeDotsLabs/watermill/message.(*Router).RunHandlers.func1()
	/Users/jace/go/pkg/mod/github.com/!three!dots!labs/watermill@v1.4.6/message/router.go:460 +0x145
created by github.com/ThreeDotsLabs/watermill/message.(*Router).RunHandlers in goroutine 52535
	/Users/jace/go/pkg/mod/github.com/!three!dots!labs/watermill@v1.4.6/message/router.go:453 +0x606

goroutine 57548 [chan receive]:
github.com/ThreeDotsLabs/watermill/message.(*messageTransformSubscriberDecorator).Subscribe.func1()
	/Users/jace/go/pkg/mod/github.com/!three!dots!labs/watermill@v1.4.6/message/decorator.go:52 +0x85
created by github.com/ThreeDotsLabs/watermill/message.(*messageTransformSubscriberDecorator).Subscribe in goroutine 57220
	/Users/jace/go/pkg/mod/github.com/!three!dots!labs/watermill@v1.4.6/message/decorator.go:51 +0xc7

goroutine 52875 [select]:
github.com/nats-io/nats.go/jetstream.(*pullSubscription).Next(0xc002260c60)
	/Users/jace/go/pkg/mod/github.com/nats-io/nats.go@v1.41.1/jetstream/pull.go:589 +0x285
github.com/Black-And-White-Club/frolf-bot-shared/eventbus.(*eventBus).Subscribe.func1()
	/Users/jace/Documents/GitHub/frolf-bot-shared/eventbus/eventbus.go:326 +0x169
created by github.com/Black-And-White-Club/frolf-bot-shared/eventbus.(*eventBus).Subscribe in goroutine 52535
	/Users/jace/Documents/GitHub/frolf-bot-shared/eventbus/eventbus.go:315 +0xbf1

goroutine 52876 [chan receive]:
github.com/ThreeDotsLabs/watermill/message.(*messageTransformSubscriberDecorator).Subscribe.func1()
	/Users/jace/go/pkg/mod/github.com/!three!dots!labs/watermill@v1.4.6/message/decorator.go:52 +0x85
created by github.com/ThreeDotsLabs/watermill/message.(*messageTransformSubscriberDecorator).Subscribe in goroutine 52535
	/Users/jace/go/pkg/mod/github.com/!three!dots!labs/watermill@v1.4.6/message/decorator.go:51 +0xc7

goroutine 52877 [chan receive]:
github.com/ThreeDotsLabs/watermill/message.(*handler).run(0xc001d67380, {0x10a337fa0, 0xc002d21ea0}, {0xc001158000, 0x6, 0x0?})
	/Users/jace/go/pkg/mod/github.com/!three!dots!labs/watermill@v1.4.6/message/router.go:645 +0x2b4
github.com/ThreeDotsLabs/watermill/message.(*Router).RunHandlers.func1()
	/Users/jace/go/pkg/mod/github.com/!three!dots!labs/watermill@v1.4.6/message/router.go:460 +0x145
created by github.com/ThreeDotsLabs/watermill/message.(*Router).RunHandlers in goroutine 52535
	/Users/jace/go/pkg/mod/github.com/!three!dots!labs/watermill@v1.4.6/message/router.go:453 +0x606

goroutine 52881 [chan receive]:
github.com/ThreeDotsLabs/watermill/message.(*messageTransformSubscriberDecorator).Subscribe.func1()
	/Users/jace/go/pkg/mod/github.com/!three!dots!labs/watermill@v1.4.6/message/decorator.go:52 +0x85
created by github.com/ThreeDotsLabs/watermill/message.(*messageTransformSubscriberDecorator).Subscribe in goroutine 52535
	/Users/jace/go/pkg/mod/github.com/!three!dots!labs/watermill@v1.4.6/message/decorator.go:51 +0xc7

goroutine 52914 [chan receive]:
github.com/ThreeDotsLabs/watermill/message.(*handler).run(0xc001d676c0, {0x10a337fa0, 0xc002855400}, {0xc0001fce40, 0x6, 0x0?})
	/Users/jace/go/pkg/mod/github.com/!three!dots!labs/watermill@v1.4.6/message/router.go:645 +0x2b4
github.com/ThreeDotsLabs/watermill/message.(*Router).RunHandlers.func1()
	/Users/jace/go/pkg/mod/github.com/!three!dots!labs/watermill@v1.4.6/message/router.go:460 +0x145
created by github.com/ThreeDotsLabs/watermill/message.(*Router).RunHandlers in goroutine 52535
	/Users/jace/go/pkg/mod/github.com/!three!dots!labs/watermill@v1.4.6/message/router.go:453 +0x606

goroutine 57358 [chan receive]:
github.com/ThreeDotsLabs/watermill/message.(*messageTransformSubscriberDecorator).Subscribe.func1()
	/Users/jace/go/pkg/mod/github.com/!three!dots!labs/watermill@v1.4.6/message/decorator.go:52 +0x85
created by github.com/ThreeDotsLabs/watermill/message.(*messageTransformSubscriberDecorator).Subscribe in goroutine 57220
	/Users/jace/go/pkg/mod/github.com/!three!dots!labs/watermill@v1.4.6/message/decorator.go:51 +0xc7

goroutine 63129 [select]:
github.com/nats-io/nats.go/jetstream.(*pullSubscription).pullMessages(0xc002198990, {0xc0005e9d60, 0x4b})
	/Users/jace/go/pkg/mod/github.com/nats-io/nats.go@v1.41.1/jetstream/pull.go:955 +0x91
created by github.com/nats-io/nats.go/jetstream.(*pullConsumer).Messages in goroutine 63116
	/Users/jace/go/pkg/mod/github.com/nats-io/nats.go@v1.41.1/jetstream/pull.go:534 +0x748

goroutine 57134 [sync.Cond.Wait]:
sync.runtime_notifyListWait(0xc002a06810, 0x2)
	/usr/local/Cellar/go/1.24.2/libexec/src/runtime/sema.go:597 +0x159
sync.(*Cond).Wait(0xc0018ca530?)
	/usr/local/Cellar/go/1.24.2/libexec/src/sync/cond.go:71 +0x85
github.com/nats-io/nats%2ego.(*Conn).waitForMsgs(0xc001e08a08, 0xc00151b590)
	/Users/jace/go/pkg/mod/github.com/nats-io/nats.go@v1.41.1/nats.go:3178 +0xc5
created by github.com/nats-io/nats%2ego.(*Conn).subscribeLocked in goroutine 56368
	/Users/jace/go/pkg/mod/github.com/nats-io/nats.go@v1.41.1/nats.go:4468 +0x419

goroutine 54466 [select]:
github.com/nats-io/nats.go/jetstream.(*pullConsumer).Messages.func2()
	/Users/jace/go/pkg/mod/github.com/nats-io/nats.go@v1.41.1/jetstream/pull.go:538 +0x68
created by github.com/nats-io/nats.go/jetstream.(*pullConsumer).Messages in goroutine 54037
	/Users/jace/go/pkg/mod/github.com/nats-io/nats.go@v1.41.1/jetstream/pull.go:536 +0x78a

goroutine 55858 [chan receive]:
github.com/ThreeDotsLabs/watermill/message.(*messageTransformSubscriberDecorator).Subscribe.func1()
	/Users/jace/go/pkg/mod/github.com/!three!dots!labs/watermill@v1.4.6/message/decorator.go:52 +0x85
created by github.com/ThreeDotsLabs/watermill/message.(*messageTransformSubscriberDecorator).Subscribe in goroutine 55362
	/Users/jace/go/pkg/mod/github.com/!three!dots!labs/watermill@v1.4.6/message/decorator.go:51 +0xc7

goroutine 54051 [select]:
github.com/nats-io/nats.go/jetstream.(*pullConsumer).Messages.func2()
	/Users/jace/go/pkg/mod/github.com/nats-io/nats.go@v1.41.1/jetstream/pull.go:538 +0x68
created by github.com/nats-io/nats.go/jetstream.(*pullConsumer).Messages in goroutine 54037
	/Users/jace/go/pkg/mod/github.com/nats-io/nats.go@v1.41.1/jetstream/pull.go:536 +0x78a

goroutine 57427 [select]:
github.com/nats-io/nats.go/jetstream.(*pullSubscription).Next(0xc0012782d0)
	/Users/jace/go/pkg/mod/github.com/nats-io/nats.go@v1.41.1/jetstream/pull.go:589 +0x285
github.com/Black-And-White-Club/frolf-bot-shared/eventbus.(*eventBus).Subscribe.func1()
	/Users/jace/Documents/GitHub/frolf-bot-shared/eventbus/eventbus.go:326 +0x169
created by github.com/Black-And-White-Club/frolf-bot-shared/eventbus.(*eventBus).Subscribe in goroutine 57220
	/Users/jace/Documents/GitHub/frolf-bot-shared/eventbus/eventbus.go:315 +0xbf1

goroutine 54385 [select]:
github.com/nats-io/nats.go/jetstream.(*pullSubscription).pullMessages(0xc001984510, {0xc000755bd0, 0x4b})
	/Users/jace/go/pkg/mod/github.com/nats-io/nats.go@v1.41.1/jetstream/pull.go:955 +0x91
created by github.com/nats-io/nats.go/jetstream.(*pullConsumer).Messages in goroutine 54037
	/Users/jace/go/pkg/mod/github.com/nats-io/nats.go@v1.41.1/jetstream/pull.go:534 +0x748

goroutine 61660 [select]:
github.com/nats-io/nats.go/jetstream.(*pullConsumer).Messages.func2()
	/Users/jace/go/pkg/mod/github.com/nats-io/nats.go@v1.41.1/jetstream/pull.go:538 +0x68
created by github.com/nats-io/nats.go/jetstream.(*pullConsumer).Messages in goroutine 61572
	/Users/jace/go/pkg/mod/github.com/nats-io/nats.go@v1.41.1/jetstream/pull.go:536 +0x78a

goroutine 57409 [select]:
github.com/nats-io/nats.go/jetstream.(*pullConsumer).Messages.func2()
	/Users/jace/go/pkg/mod/github.com/nats-io/nats.go@v1.41.1/jetstream/pull.go:538 +0x68
created by github.com/nats-io/nats.go/jetstream.(*pullConsumer).Messages in goroutine 57220
	/Users/jace/go/pkg/mod/github.com/nats-io/nats.go@v1.41.1/jetstream/pull.go:536 +0x78a

goroutine 64744 [chan receive]:
github.com/ThreeDotsLabs/watermill/message.(*handler).run(0xc0030425b0, {0x10a337fa0, 0xc0016aa870}, {0xc003122300, 0x6, 0xc003607778?})
	/Users/jace/go/pkg/mod/github.com/!three!dots!labs/watermill@v1.4.6/message/router.go:645 +0x2b4
github.com/ThreeDotsLabs/watermill/message.(*Router).RunHandlers.func1()
	/Users/jace/go/pkg/mod/github.com/!three!dots!labs/watermill@v1.4.6/message/router.go:460 +0x145
created by github.com/ThreeDotsLabs/watermill/message.(*Router).RunHandlers in goroutine 64412
	/Users/jace/go/pkg/mod/github.com/!three!dots!labs/watermill@v1.4.6/message/router.go:453 +0x606

goroutine 53006 [chan receive]:
github.com/ThreeDotsLabs/watermill/message.(*handler).run(0xc001d672b0, {0x10a337fa0, 0xc00295c3c0}, {0xc00124e6c0, 0x6, 0xc0021e0778?})
	/Users/jace/go/pkg/mod/github.com/!three!dots!labs/watermill@v1.4.6/message/router.go:645 +0x2b4
github.com/ThreeDotsLabs/watermill/message.(*Router).RunHandlers.func1()
	/Users/jace/go/pkg/mod/github.com/!three!dots!labs/watermill@v1.4.6/message/router.go:460 +0x145
created by github.com/ThreeDotsLabs/watermill/message.(*Router).RunHandlers in goroutine 52535
	/Users/jace/go/pkg/mod/github.com/!three!dots!labs/watermill@v1.4.6/message/router.go:453 +0x606

goroutine 52896 [select]:
github.com/nats-io/nats.go/jetstream.(*pullConsumer).Messages.func2()
	/Users/jace/go/pkg/mod/github.com/nats-io/nats.go@v1.41.1/jetstream/pull.go:538 +0x68
created by github.com/nats-io/nats.go/jetstream.(*pullConsumer).Messages in goroutine 52535
	/Users/jace/go/pkg/mod/github.com/nats-io/nats.go@v1.41.1/jetstream/pull.go:536 +0x78a

goroutine 54532 [select]:
github.com/nats-io/nats%2ego.(*Conn).doReconnect(0xc00155e308, {0x10a327f28, 0x10acedb30}, 0x0)
	/Users/jace/go/pkg/mod/github.com/nats-io/nats.go@v1.41.1/nats.go:2907 +0x41a
created by github.com/nats-io/nats%2ego.(*Conn).processOpErr in goroutine 53972
	/Users/jace/go/pkg/mod/github.com/nats-io/nats.go@v1.41.1/nats.go:3043 +0x2f3

goroutine 53005 [chan receive]:
github.com/ThreeDotsLabs/watermill/message.(*messageTransformSubscriberDecorator).Subscribe.func1()
	/Users/jace/go/pkg/mod/github.com/!three!dots!labs/watermill@v1.4.6/message/decorator.go:52 +0x85
created by github.com/ThreeDotsLabs/watermill/message.(*messageTransformSubscriberDecorator).Subscribe in goroutine 52535
	/Users/jace/go/pkg/mod/github.com/!three!dots!labs/watermill@v1.4.6/message/decorator.go:51 +0xc7

goroutine 54475 [select]:
github.com/nats-io/nats%2ego.(*Conn).doReconnect(0xc00155ea08, {0x10a327f28, 0x10acedb30}, 0x0)
	/Users/jace/go/pkg/mod/github.com/nats-io/nats.go@v1.41.1/nats.go:2907 +0x41a
created by github.com/nats-io/nats%2ego.(*Conn).processOpErr in goroutine 53976
	/Users/jace/go/pkg/mod/github.com/nats-io/nats.go@v1.41.1/nats.go:3043 +0x2f3

goroutine 55774 [chan receive]:
github.com/ThreeDotsLabs/watermill/message.(*messageTransformSubscriberDecorator).Subscribe.func1()
	/Users/jace/go/pkg/mod/github.com/!three!dots!labs/watermill@v1.4.6/message/decorator.go:52 +0x85
created by github.com/ThreeDotsLabs/watermill/message.(*messageTransformSubscriberDecorator).Subscribe in goroutine 57220
	/Users/jace/go/pkg/mod/github.com/!three!dots!labs/watermill@v1.4.6/message/decorator.go:51 +0xc7

goroutine 53003 [select]:
github.com/nats-io/nats.go/jetstream.(*pullConsumer).Messages.func2()
	/Users/jace/go/pkg/mod/github.com/nats-io/nats.go@v1.41.1/jetstream/pull.go:538 +0x68
created by github.com/nats-io/nats.go/jetstream.(*pullConsumer).Messages in goroutine 52535
	/Users/jace/go/pkg/mod/github.com/nats-io/nats.go@v1.41.1/jetstream/pull.go:536 +0x78a

goroutine 53004 [select]:
github.com/nats-io/nats.go/jetstream.(*pullSubscription).Next(0xc002a033b0)
	/Users/jace/go/pkg/mod/github.com/nats-io/nats.go@v1.41.1/jetstream/pull.go:589 +0x285
github.com/Black-And-White-Club/frolf-bot-shared/eventbus.(*eventBus).Subscribe.func1()
	/Users/jace/Documents/GitHub/frolf-bot-shared/eventbus/eventbus.go:326 +0x169
created by github.com/Black-And-White-Club/frolf-bot-shared/eventbus.(*eventBus).Subscribe in goroutine 52535
	/Users/jace/Documents/GitHub/frolf-bot-shared/eventbus/eventbus.go:315 +0xbf1

goroutine 52955 [select]:
github.com/nats-io/nats.go/jetstream.(*pullConsumer).Messages.func2()
	/Users/jace/go/pkg/mod/github.com/nats-io/nats.go@v1.41.1/jetstream/pull.go:538 +0x68
created by github.com/nats-io/nats.go/jetstream.(*pullConsumer).Messages in goroutine 52535
	/Users/jace/go/pkg/mod/github.com/nats-io/nats.go@v1.41.1/jetstream/pull.go:536 +0x78a

goroutine 52947 [select]:
github.com/nats-io/nats.go/jetstream.(*pullSubscription).pullMessages(0xc00271e360, {0xc001623500, 0x3e})
	/Users/jace/go/pkg/mod/github.com/nats-io/nats.go@v1.41.1/jetstream/pull.go:955 +0x91
created by github.com/nats-io/nats.go/jetstream.(*pullConsumer).Messages in goroutine 52535
	/Users/jace/go/pkg/mod/github.com/nats-io/nats.go@v1.41.1/jetstream/pull.go:534 +0x748

goroutine 52948 [select]:
github.com/nats-io/nats.go/jetstream.(*pullConsumer).Messages.func2()
	/Users/jace/go/pkg/mod/github.com/nats-io/nats.go@v1.41.1/jetstream/pull.go:538 +0x68
created by github.com/nats-io/nats.go/jetstream.(*pullConsumer).Messages in goroutine 52535
	/Users/jace/go/pkg/mod/github.com/nats-io/nats.go@v1.41.1/jetstream/pull.go:536 +0x78a

goroutine 52949 [select]:
github.com/nats-io/nats.go/jetstream.(*pullSubscription).Next(0xc00271e360)
	/Users/jace/go/pkg/mod/github.com/nats-io/nats.go@v1.41.1/jetstream/pull.go:589 +0x285
github.com/Black-And-White-Club/frolf-bot-shared/eventbus.(*eventBus).Subscribe.func1()
	/Users/jace/Documents/GitHub/frolf-bot-shared/eventbus/eventbus.go:326 +0x169
created by github.com/Black-And-White-Club/frolf-bot-shared/eventbus.(*eventBus).Subscribe in goroutine 52535
	/Users/jace/Documents/GitHub/frolf-bot-shared/eventbus/eventbus.go:315 +0xbf1

goroutine 52950 [chan receive]:
github.com/ThreeDotsLabs/watermill/message.(*messageTransformSubscriberDecorator).Subscribe.func1()
	/Users/jace/go/pkg/mod/github.com/!three!dots!labs/watermill@v1.4.6/message/decorator.go:52 +0x85
created by github.com/ThreeDotsLabs/watermill/message.(*messageTransformSubscriberDecorator).Subscribe in goroutine 52535
	/Users/jace/go/pkg/mod/github.com/!three!dots!labs/watermill@v1.4.6/message/decorator.go:51 +0xc7

goroutine 52951 [chan receive]:
github.com/ThreeDotsLabs/watermill/message.(*handler).run(0xc001d669c0, {0x10a337fa0, 0xc002855590}, {0xc002cff680, 0x6, 0x0?})
	/Users/jace/go/pkg/mod/github.com/!three!dots!labs/watermill@v1.4.6/message/router.go:645 +0x2b4
github.com/ThreeDotsLabs/watermill/message.(*Router).RunHandlers.func1()
	/Users/jace/go/pkg/mod/github.com/!three!dots!labs/watermill@v1.4.6/message/router.go:460 +0x145
created by github.com/ThreeDotsLabs/watermill/message.(*Router).RunHandlers in goroutine 52535
	/Users/jace/go/pkg/mod/github.com/!three!dots!labs/watermill@v1.4.6/message/router.go:453 +0x606

goroutine 52962 [select]:
github.com/nats-io/nats.go/jetstream.(*pullSubscription).pullMessages(0xc0029a3320, {0xc0005e8d20, 0x4f})
	/Users/jace/go/pkg/mod/github.com/nats-io/nats.go@v1.41.1/jetstream/pull.go:955 +0x91
created by github.com/nats-io/nats.go/jetstream.(*pullConsumer).Messages in goroutine 52535
	/Users/jace/go/pkg/mod/github.com/nats-io/nats.go@v1.41.1/jetstream/pull.go:534 +0x748

goroutine 52963 [select]:
github.com/nats-io/nats.go/jetstream.(*pullConsumer).Messages.func2()
	/Users/jace/go/pkg/mod/github.com/nats-io/nats.go@v1.41.1/jetstream/pull.go:538 +0x68
created by github.com/nats-io/nats.go/jetstream.(*pullConsumer).Messages in goroutine 52535
	/Users/jace/go/pkg/mod/github.com/nats-io/nats.go@v1.41.1/jetstream/pull.go:536 +0x78a

goroutine 52964 [select]:
github.com/nats-io/nats.go/jetstream.(*pullSubscription).Next(0xc0029a3320)
	/Users/jace/go/pkg/mod/github.com/nats-io/nats.go@v1.41.1/jetstream/pull.go:589 +0x285
github.com/Black-And-White-Club/frolf-bot-shared/eventbus.(*eventBus).Subscribe.func1()
	/Users/jace/Documents/GitHub/frolf-bot-shared/eventbus/eventbus.go:326 +0x169
created by github.com/Black-And-White-Club/frolf-bot-shared/eventbus.(*eventBus).Subscribe in goroutine 52535
	/Users/jace/Documents/GitHub/frolf-bot-shared/eventbus/eventbus.go:315 +0xbf1

goroutine 52965 [chan receive]:
github.com/ThreeDotsLabs/watermill/message.(*messageTransformSubscriberDecorator).Subscribe.func1()
	/Users/jace/go/pkg/mod/github.com/!three!dots!labs/watermill@v1.4.6/message/decorator.go:52 +0x85
created by github.com/ThreeDotsLabs/watermill/message.(*messageTransformSubscriberDecorator).Subscribe in goroutine 52535
	/Users/jace/go/pkg/mod/github.com/!three!dots!labs/watermill@v1.4.6/message/decorator.go:51 +0xc7

goroutine 52966 [chan receive]:
github.com/ThreeDotsLabs/watermill/message.(*handler).run(0xc001d66b60, {0x10a337fa0, 0xc00295c140}, {0xc0011580c0, 0x6, 0x0?})
	/Users/jace/go/pkg/mod/github.com/!three!dots!labs/watermill@v1.4.6/message/router.go:645 +0x2b4
github.com/ThreeDotsLabs/watermill/message.(*Router).RunHandlers.func1()
	/Users/jace/go/pkg/mod/github.com/!three!dots!labs/watermill@v1.4.6/message/router.go:460 +0x145
created by github.com/ThreeDotsLabs/watermill/message.(*Router).RunHandlers in goroutine 52535
	/Users/jace/go/pkg/mod/github.com/!three!dots!labs/watermill@v1.4.6/message/router.go:453 +0x606

goroutine 54053 [chan receive]:
github.com/ThreeDotsLabs/watermill/message.(*messageTransformSubscriberDecorator).Subscribe.func1()
	/Users/jace/go/pkg/mod/github.com/!three!dots!labs/watermill@v1.4.6/message/decorator.go:52 +0x85
created by github.com/ThreeDotsLabs/watermill/message.(*messageTransformSubscriberDecorator).Subscribe in goroutine 54037
	/Users/jace/go/pkg/mod/github.com/!three!dots!labs/watermill@v1.4.6/message/decorator.go:51 +0xc7

goroutine 52957 [chan receive]:
github.com/ThreeDotsLabs/watermill/message.(*messageTransformSubscriberDecorator).Subscribe.func1()
	/Users/jace/go/pkg/mod/github.com/!three!dots!labs/watermill@v1.4.6/message/decorator.go:52 +0x85
created by github.com/ThreeDotsLabs/watermill/message.(*messageTransformSubscriberDecorator).Subscribe in goroutine 52535
	/Users/jace/go/pkg/mod/github.com/!three!dots!labs/watermill@v1.4.6/message/decorator.go:51 +0xc7

goroutine 52958 [chan receive]:
github.com/ThreeDotsLabs/watermill/message.(*handler).run(0xc001d66dd0, {0x10a337fa0, 0xc001e53130}, {0xc002cff740, 0x6, 0x0?})
	/Users/jace/go/pkg/mod/github.com/!three!dots!labs/watermill@v1.4.6/message/router.go:645 +0x2b4
github.com/ThreeDotsLabs/watermill/message.(*Router).RunHandlers.func1()
	/Users/jace/go/pkg/mod/github.com/!three!dots!labs/watermill@v1.4.6/message/router.go:460 +0x145
created by github.com/ThreeDotsLabs/watermill/message.(*Router).RunHandlers in goroutine 52535
	/Users/jace/go/pkg/mod/github.com/!three!dots!labs/watermill@v1.4.6/message/router.go:453 +0x606

goroutine 53967 [chan receive]:
github.com/ThreeDotsLabs/watermill/message.(*messageTransformSubscriberDecorator).Subscribe.func1()
	/Users/jace/go/pkg/mod/github.com/!three!dots!labs/watermill@v1.4.6/message/decorator.go:52 +0x85
created by github.com/ThreeDotsLabs/watermill/message.(*messageTransformSubscriberDecorator).Subscribe in goroutine 54037
	/Users/jace/go/pkg/mod/github.com/!three!dots!labs/watermill@v1.4.6/message/decorator.go:51 +0xc7

goroutine 57549 [chan receive]:
github.com/ThreeDotsLabs/watermill/message.(*handler).run(0xc001e8ed00, {0x10a337fa0, 0xc001de0190}, {0xc002660780, 0x6, 0xc0023ccf70?})
	/Users/jace/go/pkg/mod/github.com/!three!dots!labs/watermill@v1.4.6/message/router.go:645 +0x2b4
github.com/ThreeDotsLabs/watermill/message.(*Router).RunHandlers.func1()
	/Users/jace/go/pkg/mod/github.com/!three!dots!labs/watermill@v1.4.6/message/router.go:460 +0x145
created by github.com/ThreeDotsLabs/watermill/message.(*Router).RunHandlers in goroutine 57220
	/Users/jace/go/pkg/mod/github.com/!three!dots!labs/watermill@v1.4.6/message/router.go:453 +0x606

goroutine 53043 [chan receive]:
github.com/ThreeDotsLabs/watermill/message.(*handler).run(0xc001d67790, {0x10a337fa0, 0xc00192ad20}, {0xc0005f9bc0, 0x6, 0x0?})
	/Users/jace/go/pkg/mod/github.com/!three!dots!labs/watermill@v1.4.6/message/router.go:645 +0x2b4
github.com/ThreeDotsLabs/watermill/message.(*Router).RunHandlers.func1()
	/Users/jace/go/pkg/mod/github.com/!three!dots!labs/watermill@v1.4.6/message/router.go:460 +0x145
created by github.com/ThreeDotsLabs/watermill/message.(*Router).RunHandlers in goroutine 52535
	/Users/jace/go/pkg/mod/github.com/!three!dots!labs/watermill@v1.4.6/message/router.go:453 +0x606

goroutine 54407 [chan receive]:
github.com/ThreeDotsLabs/watermill/message.(*handler).run(0xc002549930, {0x10a337fa0, 0xc0000ea4b0}, {0xc0022e5680, 0x6, 0x7b5b3a227063742f?})
	/Users/jace/go/pkg/mod/github.com/!three!dots!labs/watermill@v1.4.6/message/router.go:645 +0x2b4
github.com/ThreeDotsLabs/watermill/message.(*Router).RunHandlers.func1()
	/Users/jace/go/pkg/mod/github.com/!three!dots!labs/watermill@v1.4.6/message/router.go:460 +0x145
created by github.com/ThreeDotsLabs/watermill/message.(*Router).RunHandlers in goroutine 54037
	/Users/jace/go/pkg/mod/github.com/!three!dots!labs/watermill@v1.4.6/message/router.go:453 +0x606

goroutine 54413 [select]:
github.com/nats-io/nats.go/jetstream.(*pullSubscription).pullMessages(0xc001de3b90, {0xc00268c240, 0x3f})
	/Users/jace/go/pkg/mod/github.com/nats-io/nats.go@v1.41.1/jetstream/pull.go:955 +0x91
created by github.com/nats-io/nats.go/jetstream.(*pullConsumer).Messages in goroutine 54037
	/Users/jace/go/pkg/mod/github.com/nats-io/nats.go@v1.41.1/jetstream/pull.go:534 +0x748

goroutine 61907 [chan receive]:
github.com/ThreeDotsLabs/watermill/message.(*handler).run(0xc0032c4820, {0x10a337fa0, 0xc0031e6910}, {0xc000cff200, 0x6, 0x0?})
	/Users/jace/go/pkg/mod/github.com/!three!dots!labs/watermill@v1.4.6/message/router.go:645 +0x2b4
github.com/ThreeDotsLabs/watermill/message.(*Router).RunHandlers.func1()
	/Users/jace/go/pkg/mod/github.com/!three!dots!labs/watermill@v1.4.6/message/router.go:460 +0x145
created by github.com/ThreeDotsLabs/watermill/message.(*Router).RunHandlers in goroutine 61572
	/Users/jace/go/pkg/mod/github.com/!three!dots!labs/watermill@v1.4.6/message/router.go:453 +0x606

goroutine 57540 [chan receive]:
github.com/ThreeDotsLabs/watermill/message.(*handler).run(0xc001e8f5f0, {0x10a337fa0, 0xc000c821e0}, {0xc00232ef00, 0x6, 0x1092abf44?})
	/Users/jace/go/pkg/mod/github.com/!three!dots!labs/watermill@v1.4.6/message/router.go:645 +0x2b4
github.com/ThreeDotsLabs/watermill/message.(*Router).RunHandlers.func1()
	/Users/jace/go/pkg/mod/github.com/!three!dots!labs/watermill@v1.4.6/message/router.go:460 +0x145
created by github.com/ThreeDotsLabs/watermill/message.(*Router).RunHandlers in goroutine 57220
	/Users/jace/go/pkg/mod/github.com/!three!dots!labs/watermill@v1.4.6/message/router.go:453 +0x606

goroutine 53122 [select]:
github.com/nats-io/nats%2ego.(*Conn).doReconnect(0xc0025c8008, {0x10a327f28, 0x10acedb30}, 0x0)
	/Users/jace/go/pkg/mod/github.com/nats-io/nats.go@v1.41.1/nats.go:2907 +0x41a
created by github.com/nats-io/nats%2ego.(*Conn).processOpErr in goroutine 52477
	/Users/jace/go/pkg/mod/github.com/nats-io/nats.go@v1.41.1/nats.go:3043 +0x2f3

goroutine 53034 [select]:
github.com/nats-io/nats.go/jetstream.(*pullSubscription).pullMessages(0xc0007f2870, {0xc0018a6a50, 0x4f})
	/Users/jace/go/pkg/mod/github.com/nats-io/nats.go@v1.41.1/jetstream/pull.go:955 +0x91
created by github.com/nats-io/nats.go/jetstream.(*pullConsumer).Messages in goroutine 52535
	/Users/jace/go/pkg/mod/github.com/nats-io/nats.go@v1.41.1/jetstream/pull.go:534 +0x748

goroutine 53035 [select]:
github.com/nats-io/nats.go/jetstream.(*pullConsumer).Messages.func2()
	/Users/jace/go/pkg/mod/github.com/nats-io/nats.go@v1.41.1/jetstream/pull.go:538 +0x68
created by github.com/nats-io/nats.go/jetstream.(*pullConsumer).Messages in goroutine 52535
	/Users/jace/go/pkg/mod/github.com/nats-io/nats.go@v1.41.1/jetstream/pull.go:536 +0x78a

goroutine 53036 [select]:
github.com/nats-io/nats.go/jetstream.(*pullSubscription).Next(0xc0007f2870)
	/Users/jace/go/pkg/mod/github.com/nats-io/nats.go@v1.41.1/jetstream/pull.go:589 +0x285
github.com/Black-And-White-Club/frolf-bot-shared/eventbus.(*eventBus).Subscribe.func1()
	/Users/jace/Documents/GitHub/frolf-bot-shared/eventbus/eventbus.go:326 +0x169
created by github.com/Black-And-White-Club/frolf-bot-shared/eventbus.(*eventBus).Subscribe in goroutine 52535
	/Users/jace/Documents/GitHub/frolf-bot-shared/eventbus/eventbus.go:315 +0xbf1

goroutine 53037 [chan receive]:
github.com/ThreeDotsLabs/watermill/message.(*messageTransformSubscriberDecorator).Subscribe.func1()
	/Users/jace/go/pkg/mod/github.com/!three!dots!labs/watermill@v1.4.6/message/decorator.go:52 +0x85
created by github.com/ThreeDotsLabs/watermill/message.(*messageTransformSubscriberDecorator).Subscribe in goroutine 52535
	/Users/jace/go/pkg/mod/github.com/!three!dots!labs/watermill@v1.4.6/message/decorator.go:51 +0xc7

goroutine 53038 [chan receive]:
github.com/ThreeDotsLabs/watermill/message.(*handler).run(0xc001d67860, {0x10a337fa0, 0xc000f4e460}, {0xc0001fcfc0, 0x6, 0x0?})
	/Users/jace/go/pkg/mod/github.com/!three!dots!labs/watermill@v1.4.6/message/router.go:645 +0x2b4
github.com/ThreeDotsLabs/watermill/message.(*Router).RunHandlers.func1()
	/Users/jace/go/pkg/mod/github.com/!three!dots!labs/watermill@v1.4.6/message/router.go:460 +0x145
created by github.com/ThreeDotsLabs/watermill/message.(*Router).RunHandlers in goroutine 52535
	/Users/jace/go/pkg/mod/github.com/!three!dots!labs/watermill@v1.4.6/message/router.go:453 +0x606

goroutine 55556 [select]:
github.com/nats-io/nats.go/jetstream.(*pullSubscription).Next(0xc001ac0240)
	/Users/jace/go/pkg/mod/github.com/nats-io/nats.go@v1.41.1/jetstream/pull.go:589 +0x285
github.com/Black-And-White-Club/frolf-bot-shared/eventbus.(*eventBus).Subscribe.func1()
	/Users/jace/Documents/GitHub/frolf-bot-shared/eventbus/eventbus.go:326 +0x169
created by github.com/Black-And-White-Club/frolf-bot-shared/eventbus.(*eventBus).Subscribe in goroutine 55362
	/Users/jace/Documents/GitHub/frolf-bot-shared/eventbus/eventbus.go:315 +0xbf1

goroutine 55861 [select]:
github.com/nats-io/nats.go/jetstream.(*pullConsumer).Messages.func2()
	/Users/jace/go/pkg/mod/github.com/nats-io/nats.go@v1.41.1/jetstream/pull.go:538 +0x68
created by github.com/nats-io/nats.go/jetstream.(*pullConsumer).Messages in goroutine 55362
	/Users/jace/go/pkg/mod/github.com/nats-io/nats.go@v1.41.1/jetstream/pull.go:536 +0x78a

goroutine 54229 [select]:
github.com/nats-io/nats.go/jetstream.(*pullSubscription).pullMessages(0xc001b34630, {0xc001b4f480, 0x3e})
	/Users/jace/go/pkg/mod/github.com/nats-io/nats.go@v1.41.1/jetstream/pull.go:955 +0x91
created by github.com/nats-io/nats.go/jetstream.(*pullConsumer).Messages in goroutine 54037
	/Users/jace/go/pkg/mod/github.com/nats-io/nats.go@v1.41.1/jetstream/pull.go:534 +0x748

goroutine 53966 [select]:
github.com/nats-io/nats.go/jetstream.(*pullSubscription).Next(0xc002314bd0)
	/Users/jace/go/pkg/mod/github.com/nats-io/nats.go@v1.41.1/jetstream/pull.go:589 +0x285
github.com/Black-And-White-Club/frolf-bot-shared/eventbus.(*eventBus).Subscribe.func1()
	/Users/jace/Documents/GitHub/frolf-bot-shared/eventbus/eventbus.go:326 +0x169
created by github.com/Black-And-White-Club/frolf-bot-shared/eventbus.(*eventBus).Subscribe in goroutine 54037
	/Users/jace/Documents/GitHub/frolf-bot-shared/eventbus/eventbus.go:315 +0xbf1

goroutine 57466 [chan receive]:
github.com/ThreeDotsLabs/watermill/message.(*messageTransformSubscriberDecorator).Subscribe.func1()
	/Users/jace/go/pkg/mod/github.com/!three!dots!labs/watermill@v1.4.6/message/decorator.go:52 +0x85
created by github.com/ThreeDotsLabs/watermill/message.(*messageTransformSubscriberDecorator).Subscribe in goroutine 57220
	/Users/jace/go/pkg/mod/github.com/!three!dots!labs/watermill@v1.4.6/message/decorator.go:51 +0xc7

goroutine 58725 [select]:
github.com/nats-io/nats.go/jetstream.(*pullSubscription).Next(0xc001c91560)
	/Users/jace/go/pkg/mod/github.com/nats-io/nats.go@v1.41.1/jetstream/pull.go:589 +0x285
github.com/Black-And-White-Club/frolf-bot-shared/eventbus.(*eventBus).Subscribe.func1()
	/Users/jace/Documents/GitHub/frolf-bot-shared/eventbus/eventbus.go:326 +0x169
created by github.com/Black-And-White-Club/frolf-bot-shared/eventbus.(*eventBus).Subscribe in goroutine 58544
	/Users/jace/Documents/GitHub/frolf-bot-shared/eventbus/eventbus.go:315 +0xbf1

goroutine 55608 [select]:
github.com/nats-io/nats.go/jetstream.(*pullSubscription).Next(0xc001ac1830)
	/Users/jace/go/pkg/mod/github.com/nats-io/nats.go@v1.41.1/jetstream/pull.go:589 +0x285
github.com/Black-And-White-Club/frolf-bot-shared/eventbus.(*eventBus).Subscribe.func1()
	/Users/jace/Documents/GitHub/frolf-bot-shared/eventbus/eventbus.go:326 +0x169
created by github.com/Black-And-White-Club/frolf-bot-shared/eventbus.(*eventBus).Subscribe in goroutine 55362
	/Users/jace/Documents/GitHub/frolf-bot-shared/eventbus/eventbus.go:315 +0xbf1

goroutine 57426 [select]:
github.com/nats-io/nats.go/jetstream.(*pullConsumer).Messages.func2()
	/Users/jace/go/pkg/mod/github.com/nats-io/nats.go@v1.41.1/jetstream/pull.go:538 +0x68
created by github.com/nats-io/nats.go/jetstream.(*pullConsumer).Messages in goroutine 57220
	/Users/jace/go/pkg/mod/github.com/nats-io/nats.go@v1.41.1/jetstream/pull.go:536 +0x78a

goroutine 57175 [chan receive]:
github.com/ThreeDotsLabs/watermill/message.(*handler).run(0xc001e8eb60, {0x10a337fa0, 0xc00192a0a0}, {0xc0015666c0, 0x6, 0xc0026aff78?})
	/Users/jace/go/pkg/mod/github.com/!three!dots!labs/watermill@v1.4.6/message/router.go:645 +0x2b4
github.com/ThreeDotsLabs/watermill/message.(*Router).RunHandlers.func1()
	/Users/jace/go/pkg/mod/github.com/!three!dots!labs/watermill@v1.4.6/message/router.go:460 +0x145
created by github.com/ThreeDotsLabs/watermill/message.(*Router).RunHandlers in goroutine 57220
	/Users/jace/go/pkg/mod/github.com/!three!dots!labs/watermill@v1.4.6/message/router.go:453 +0x606

goroutine 55385 [select]:
github.com/nats-io/nats.go/jetstream.(*pullSubscription).pullMessages(0xc0019b6c60, {0xc0011be720, 0x55})
	/Users/jace/go/pkg/mod/github.com/nats-io/nats.go@v1.41.1/jetstream/pull.go:955 +0x91
created by github.com/nats-io/nats.go/jetstream.(*pullConsumer).Messages in goroutine 55362
	/Users/jace/go/pkg/mod/github.com/nats-io/nats.go@v1.41.1/jetstream/pull.go:534 +0x748

goroutine 60336 [select]:
github.com/nats-io/nats.go/jetstream.(*pullConsumer).Messages.func2()
	/Users/jace/go/pkg/mod/github.com/nats-io/nats.go@v1.41.1/jetstream/pull.go:538 +0x68
created by github.com/nats-io/nats.go/jetstream.(*pullConsumer).Messages in goroutine 59782
	/Users/jace/go/pkg/mod/github.com/nats-io/nats.go@v1.41.1/jetstream/pull.go:536 +0x78a

goroutine 64502 [chan receive]:
github.com/ThreeDotsLabs/watermill/message.(*messageTransformSubscriberDecorator).Subscribe.func1()
	/Users/jace/go/pkg/mod/github.com/!three!dots!labs/watermill@v1.4.6/message/decorator.go:52 +0x85
created by github.com/ThreeDotsLabs/watermill/message.(*messageTransformSubscriberDecorator).Subscribe in goroutine 64412
	/Users/jace/go/pkg/mod/github.com/!three!dots!labs/watermill@v1.4.6/message/decorator.go:51 +0xc7

goroutine 57173 [select]:
github.com/nats-io/nats.go/jetstream.(*pullSubscription).Next(0xc001b34240)
	/Users/jace/go/pkg/mod/github.com/nats-io/nats.go@v1.41.1/jetstream/pull.go:589 +0x285
github.com/Black-And-White-Club/frolf-bot-shared/eventbus.(*eventBus).Subscribe.func1()
	/Users/jace/Documents/GitHub/frolf-bot-shared/eventbus/eventbus.go:326 +0x169
created by github.com/Black-And-White-Club/frolf-bot-shared/eventbus.(*eventBus).Subscribe in goroutine 57220
	/Users/jace/Documents/GitHub/frolf-bot-shared/eventbus/eventbus.go:315 +0xbf1

goroutine 61978 [chan receive]:
github.com/ThreeDotsLabs/watermill/message.(*handler).run(0xc0032c5450, {0x10a337fa0, 0xc003522af0}, {0xc0032aaa80, 0x6, 0x0?})
	/Users/jace/go/pkg/mod/github.com/!three!dots!labs/watermill@v1.4.6/message/router.go:645 +0x2b4
github.com/ThreeDotsLabs/watermill/message.(*Router).RunHandlers.func1()
	/Users/jace/go/pkg/mod/github.com/!three!dots!labs/watermill@v1.4.6/message/router.go:460 +0x145
created by github.com/ThreeDotsLabs/watermill/message.(*Router).RunHandlers in goroutine 61572
	/Users/jace/go/pkg/mod/github.com/!three!dots!labs/watermill@v1.4.6/message/router.go:453 +0x606

goroutine 59702 [sync.Cond.Wait]:
sync.runtime_notifyListWait(0xc000e49c10, 0x0)
	/usr/local/Cellar/go/1.24.2/libexec/src/runtime/sema.go:597 +0x159
sync.(*Cond).Wait(0xc0004d4fc0?)
	/usr/local/Cellar/go/1.24.2/libexec/src/sync/cond.go:71 +0x85
github.com/nats-io/nats%2ego.(*asyncCallbacksHandler).asyncCBDispatcher(0xc001204460)
	/Users/jace/go/pkg/mod/github.com/nats-io/nats.go@v1.41.1/nats.go:3059 +0xdd
created by github.com/nats-io/nats%2ego.Options.Connect in goroutine 58881
	/Users/jace/go/pkg/mod/github.com/nats-io/nats.go@v1.41.1/nats.go:1635 +0x387

goroutine 58726 [chan receive]:
github.com/ThreeDotsLabs/watermill/message.(*messageTransformSubscriberDecorator).Subscribe.func1()
	/Users/jace/go/pkg/mod/github.com/!three!dots!labs/watermill@v1.4.6/message/decorator.go:52 +0x85
created by github.com/ThreeDotsLabs/watermill/message.(*messageTransformSubscriberDecorator).Subscribe in goroutine 58544
	/Users/jace/go/pkg/mod/github.com/!three!dots!labs/watermill@v1.4.6/message/decorator.go:51 +0xc7

goroutine 58808 [select]:
github.com/nats-io/nats%2ego.(*Conn).doReconnect(0xc0026a1108, {0x10a327f28, 0x10acedb30}, 0x0)
	/Users/jace/go/pkg/mod/github.com/nats-io/nats.go@v1.41.1/nats.go:2907 +0x41a
created by github.com/nats-io/nats%2ego.(*Conn).processOpErr in goroutine 58443
	/Users/jace/go/pkg/mod/github.com/nats-io/nats.go@v1.41.1/nats.go:3043 +0x2f3

goroutine 61917 [select]:
github.com/nats-io/nats.go/jetstream.(*pullConsumer).Messages.func2()
	/Users/jace/go/pkg/mod/github.com/nats-io/nats.go@v1.41.1/jetstream/pull.go:538 +0x68
created by github.com/nats-io/nats.go/jetstream.(*pullConsumer).Messages in goroutine 61572
	/Users/jace/go/pkg/mod/github.com/nats-io/nats.go@v1.41.1/jetstream/pull.go:536 +0x78a

goroutine 55314 [sync.Cond.Wait]:
sync.runtime_notifyListWait(0xc0016c1050, 0x0)
	/usr/local/Cellar/go/1.24.2/libexec/src/runtime/sema.go:597 +0x159
sync.(*Cond).Wait(0x0?)
	/usr/local/Cellar/go/1.24.2/libexec/src/sync/cond.go:71 +0x85
github.com/nats-io/nats%2ego.(*asyncCallbacksHandler).asyncCBDispatcher(0xc0012813a0)
	/Users/jace/go/pkg/mod/github.com/nats-io/nats.go@v1.41.1/nats.go:3059 +0xdd
created by github.com/nats-io/nats%2ego.Options.Connect in goroutine 54610
	/Users/jace/go/pkg/mod/github.com/nats-io/nats.go@v1.41.1/nats.go:1635 +0x387

goroutine 57493 [select]:
github.com/nats-io/nats.go/jetstream.(*pullSubscription).Next(0xc0012795f0)
	/Users/jace/go/pkg/mod/github.com/nats-io/nats.go@v1.41.1/jetstream/pull.go:589 +0x285
github.com/Black-And-White-Club/frolf-bot-shared/eventbus.(*eventBus).Subscribe.func1()
	/Users/jace/Documents/GitHub/frolf-bot-shared/eventbus/eventbus.go:326 +0x169
created by github.com/Black-And-White-Club/frolf-bot-shared/eventbus.(*eventBus).Subscribe in goroutine 57220
	/Users/jace/Documents/GitHub/frolf-bot-shared/eventbus/eventbus.go:315 +0xbf1

goroutine 63123 [select]:
github.com/nats-io/nats.go/jetstream.(*pullSubscription).pullMessages(0xc002198240, {0xc0005e9c70, 0x45})
	/Users/jace/go/pkg/mod/github.com/nats-io/nats.go@v1.41.1/jetstream/pull.go:955 +0x91
created by github.com/nats-io/nats.go/jetstream.(*pullConsumer).Messages in goroutine 63116
	/Users/jace/go/pkg/mod/github.com/nats-io/nats.go@v1.41.1/jetstream/pull.go:534 +0x748

goroutine 55689 [chan receive]:
github.com/ThreeDotsLabs/watermill/message.(*handler).run(0xc002c268f0, {0x10a337fa0, 0xc0009b7130}, {0xc001184240, 0x6, 0xc002e58778?})
	/Users/jace/go/pkg/mod/github.com/!three!dots!labs/watermill@v1.4.6/message/router.go:645 +0x2b4
github.com/ThreeDotsLabs/watermill/message.(*Router).RunHandlers.func1()
	/Users/jace/go/pkg/mod/github.com/!three!dots!labs/watermill@v1.4.6/message/router.go:460 +0x145
created by github.com/ThreeDotsLabs/watermill/message.(*Router).RunHandlers in goroutine 55362
	/Users/jace/go/pkg/mod/github.com/!three!dots!labs/watermill@v1.4.6/message/router.go:453 +0x606

goroutine 55558 [chan receive]:
github.com/ThreeDotsLabs/watermill/message.(*handler).run(0xc002c27380, {0x10a337fa0, 0xc000813e00}, {0xc002d92c00, 0x6, 0x1000000000001?})
	/Users/jace/go/pkg/mod/github.com/!three!dots!labs/watermill@v1.4.6/message/router.go:645 +0x2b4
github.com/ThreeDotsLabs/watermill/message.(*Router).RunHandlers.func1()
	/Users/jace/go/pkg/mod/github.com/!three!dots!labs/watermill@v1.4.6/message/router.go:460 +0x145
created by github.com/ThreeDotsLabs/watermill/message.(*Router).RunHandlers in goroutine 55362
	/Users/jace/go/pkg/mod/github.com/!three!dots!labs/watermill@v1.4.6/message/router.go:453 +0x606

goroutine 54438 [sync.WaitGroup.Wait]:
sync.runtime_SemacquireWaitGroup(0x1095ae7c0?)
	/usr/local/Cellar/go/1.24.2/libexec/src/runtime/sema.go:110 +0x25
sync.(*WaitGroup).Wait(0xc001d6c690?)
	/usr/local/Cellar/go/1.24.2/libexec/src/sync/waitgroup.go:118 +0x48
github.com/ThreeDotsLabs/watermill/message.(*Router).watchAllHandlersStopped.func1()
	/Users/jace/go/pkg/mod/github.com/!three!dots!labs/watermill@v1.4.6/message/router.go:498 +0x86
created by github.com/ThreeDotsLabs/watermill/message.(*Router).watchAllHandlersStopped in goroutine 55362
	/Users/jace/go/pkg/mod/github.com/!three!dots!labs/watermill@v1.4.6/message/router.go:484 +0xec

goroutine 58579 [chan receive]:
github.com/ThreeDotsLabs/watermill/message.(*handler).run(0xc002b3cc30, {0x10a337fa0, 0xc0029f4370}, {0xc0001fc900, 0x6, 0xc002725f78?})
	/Users/jace/go/pkg/mod/github.com/!three!dots!labs/watermill@v1.4.6/message/router.go:645 +0x2b4
github.com/ThreeDotsLabs/watermill/message.(*Router).RunHandlers.func1()
	/Users/jace/go/pkg/mod/github.com/!three!dots!labs/watermill@v1.4.6/message/router.go:460 +0x145
created by github.com/ThreeDotsLabs/watermill/message.(*Router).RunHandlers in goroutine 58544
	/Users/jace/go/pkg/mod/github.com/!three!dots!labs/watermill@v1.4.6/message/router.go:453 +0x606

goroutine 57508 [select]:
github.com/nats-io/nats.go/jetstream.(*pullSubscription).Next(0xc00210a1b0)
	/Users/jace/go/pkg/mod/github.com/nats-io/nats.go@v1.41.1/jetstream/pull.go:589 +0x285
github.com/Black-And-White-Club/frolf-bot-shared/eventbus.(*eventBus).Subscribe.func1()
	/Users/jace/Documents/GitHub/frolf-bot-shared/eventbus/eventbus.go:326 +0x169
created by github.com/Black-And-White-Club/frolf-bot-shared/eventbus.(*eventBus).Subscribe in goroutine 57220
	/Users/jace/Documents/GitHub/frolf-bot-shared/eventbus/eventbus.go:315 +0xbf1

goroutine 54164 [sync.WaitGroup.Wait]:
sync.runtime_SemacquireWaitGroup(0xc002456230?)
	/usr/local/Cellar/go/1.24.2/libexec/src/runtime/sema.go:110 +0x25
sync.(*WaitGroup).Wait(0xc001df9f40?)
	/usr/local/Cellar/go/1.24.2/libexec/src/sync/waitgroup.go:118 +0x48
github.com/ThreeDotsLabs/watermill/message.(*Router).waitForHandlers.func1()
	/Users/jace/go/pkg/mod/github.com/!three!dots!labs/watermill@v1.4.6/message/router.go:579 +0x4b
created by github.com/ThreeDotsLabs/watermill/message.(*Router).waitForHandlers in goroutine 53021
	/Users/jace/go/pkg/mod/github.com/!three!dots!labs/watermill@v1.4.6/message/router.go:577 +0x87

goroutine 54038 [sync.Cond.Wait]:
sync.runtime_notifyListWait(0xc001ac4290, 0x2)
	/usr/local/Cellar/go/1.24.2/libexec/src/runtime/sema.go:597 +0x159
sync.(*Cond).Wait(0x0?)
	/usr/local/Cellar/go/1.24.2/libexec/src/sync/cond.go:71 +0x85
github.com/nats-io/nats%2ego.(*Conn).waitForMsgs(0xc00155e308, 0xc002327590)
	/Users/jace/go/pkg/mod/github.com/nats-io/nats.go@v1.41.1/nats.go:3178 +0xc5
created by github.com/nats-io/nats%2ego.(*Conn).subscribeLocked in goroutine 53021
	/Users/jace/go/pkg/mod/github.com/nats-io/nats.go@v1.41.1/nats.go:4468 +0x419

goroutine 60008 [select]:
github.com/nats-io/nats.go/jetstream.(*pullSubscription).Next(0xc000677d40)
	/Users/jace/go/pkg/mod/github.com/nats-io/nats.go@v1.41.1/jetstream/pull.go:589 +0x285
github.com/Black-And-White-Club/frolf-bot-shared/eventbus.(*eventBus).Subscribe.func1()
	/Users/jace/Documents/GitHub/frolf-bot-shared/eventbus/eventbus.go:326 +0x169
created by github.com/Black-And-White-Club/frolf-bot-shared/eventbus.(*eventBus).Subscribe in goroutine 59782
	/Users/jace/Documents/GitHub/frolf-bot-shared/eventbus/eventbus.go:315 +0xbf1

goroutine 54285 [select]:
github.com/nats-io/nats.go/jetstream.(*pullSubscription).Next(0xc0010d4750)
	/Users/jace/go/pkg/mod/github.com/nats-io/nats.go@v1.41.1/jetstream/pull.go:589 +0x285
github.com/Black-And-White-Club/frolf-bot-shared/eventbus.(*eventBus).Subscribe.func1()
	/Users/jace/Documents/GitHub/frolf-bot-shared/eventbus/eventbus.go:326 +0x169
created by github.com/Black-And-White-Club/frolf-bot-shared/eventbus.(*eventBus).Subscribe in goroutine 54037
	/Users/jace/Documents/GitHub/frolf-bot-shared/eventbus/eventbus.go:315 +0xbf1

goroutine 54467 [select]:
github.com/nats-io/nats.go/jetstream.(*pullSubscription).Next(0xc001984510)
	/Users/jace/go/pkg/mod/github.com/nats-io/nats.go@v1.41.1/jetstream/pull.go:589 +0x285
github.com/Black-And-White-Club/frolf-bot-shared/eventbus.(*eventBus).Subscribe.func1()
	/Users/jace/Documents/GitHub/frolf-bot-shared/eventbus/eventbus.go:326 +0x169
created by github.com/Black-And-White-Club/frolf-bot-shared/eventbus.(*eventBus).Subscribe in goroutine 54037
	/Users/jace/Documents/GitHub/frolf-bot-shared/eventbus/eventbus.go:315 +0xbf1

goroutine 54359 [select]:
github.com/nats-io/nats.go/jetstream.(*pullSubscription).Next(0xc001de2750)
	/Users/jace/go/pkg/mod/github.com/nats-io/nats.go@v1.41.1/jetstream/pull.go:589 +0x285
github.com/Black-And-White-Club/frolf-bot-shared/eventbus.(*eventBus).Subscribe.func1()
	/Users/jace/Documents/GitHub/frolf-bot-shared/eventbus/eventbus.go:326 +0x169
created by github.com/Black-And-White-Club/frolf-bot-shared/eventbus.(*eventBus).Subscribe in goroutine 54037
	/Users/jace/Documents/GitHub/frolf-bot-shared/eventbus/eventbus.go:315 +0xbf1

goroutine 54357 [select]:
github.com/nats-io/nats.go/jetstream.(*pullSubscription).pullMessages(0xc001de2750, {0xc0011be3c0, 0x52})
	/Users/jace/go/pkg/mod/github.com/nats-io/nats.go@v1.41.1/jetstream/pull.go:955 +0x91
created by github.com/nats-io/nats.go/jetstream.(*pullConsumer).Messages in goroutine 54037
	/Users/jace/go/pkg/mod/github.com/nats-io/nats.go@v1.41.1/jetstream/pull.go:534 +0x748

goroutine 57340 [select]:
github.com/nats-io/nats.go/jetstream.(*pullSubscription).Next(0xc0010d47e0)
	/Users/jace/go/pkg/mod/github.com/nats-io/nats.go@v1.41.1/jetstream/pull.go:589 +0x285
github.com/Black-And-White-Club/frolf-bot-shared/eventbus.(*eventBus).Subscribe.func1()
	/Users/jace/Documents/GitHub/frolf-bot-shared/eventbus/eventbus.go:326 +0x169
created by github.com/Black-And-White-Club/frolf-bot-shared/eventbus.(*eventBus).Subscribe in goroutine 57220
	/Users/jace/Documents/GitHub/frolf-bot-shared/eventbus/eventbus.go:315 +0xbf1

goroutine 57342 [chan receive]:
github.com/ThreeDotsLabs/watermill/message.(*handler).run(0xc001e8f860, {0x10a337fa0, 0xc002684550}, {0xc0026603c0, 0x6, 0xc0023b4f78?})
	/Users/jace/go/pkg/mod/github.com/!three!dots!labs/watermill@v1.4.6/message/router.go:645 +0x2b4
github.com/ThreeDotsLabs/watermill/message.(*Router).RunHandlers.func1()
	/Users/jace/go/pkg/mod/github.com/!three!dots!labs/watermill@v1.4.6/message/router.go:460 +0x145
created by github.com/ThreeDotsLabs/watermill/message.(*Router).RunHandlers in goroutine 57220
	/Users/jace/go/pkg/mod/github.com/!three!dots!labs/watermill@v1.4.6/message/router.go:453 +0x606

goroutine 55555 [select]:
github.com/nats-io/nats.go/jetstream.(*pullConsumer).Messages.func2()
	/Users/jace/go/pkg/mod/github.com/nats-io/nats.go@v1.41.1/jetstream/pull.go:538 +0x68
created by github.com/nats-io/nats.go/jetstream.(*pullConsumer).Messages in goroutine 55362
	/Users/jace/go/pkg/mod/github.com/nats-io/nats.go@v1.41.1/jetstream/pull.go:536 +0x78a

goroutine 54284 [select]:
github.com/nats-io/nats.go/jetstream.(*pullConsumer).Messages.func2()
	/Users/jace/go/pkg/mod/github.com/nats-io/nats.go@v1.41.1/jetstream/pull.go:538 +0x68
created by github.com/nats-io/nats.go/jetstream.(*pullConsumer).Messages in goroutine 54037
	/Users/jace/go/pkg/mod/github.com/nats-io/nats.go@v1.41.1/jetstream/pull.go:536 +0x78a

goroutine 57306 [chan receive]:
github.com/ThreeDotsLabs/watermill/message.(*handler).run(0xc001e8fba0, {0x10a337fa0, 0xc001bdb2c0}, {0xc001e7d440, 0x6, 0x0?})
	/Users/jace/go/pkg/mod/github.com/!three!dots!labs/watermill@v1.4.6/message/router.go:645 +0x2b4
github.com/ThreeDotsLabs/watermill/message.(*Router).RunHandlers.func1()
	/Users/jace/go/pkg/mod/github.com/!three!dots!labs/watermill@v1.4.6/message/router.go:460 +0x145
created by github.com/ThreeDotsLabs/watermill/message.(*Router).RunHandlers in goroutine 57220
	/Users/jace/go/pkg/mod/github.com/!three!dots!labs/watermill@v1.4.6/message/router.go:453 +0x606

goroutine 54324 [select]:
github.com/nats-io/nats.go/jetstream.(*pullConsumer).Messages.func2()
	/Users/jace/go/pkg/mod/github.com/nats-io/nats.go@v1.41.1/jetstream/pull.go:538 +0x68
created by github.com/nats-io/nats.go/jetstream.(*pullConsumer).Messages in goroutine 54037
	/Users/jace/go/pkg/mod/github.com/nats-io/nats.go@v1.41.1/jetstream/pull.go:536 +0x78a

goroutine 55599 [chan receive]:
github.com/ThreeDotsLabs/watermill/message.(*handler).run(0xc002c26a90, {0x10a337fa0, 0xc0009b72c0}, {0xc002e0fd40, 0x6, 0x100000001?})
	/Users/jace/go/pkg/mod/github.com/!three!dots!labs/watermill@v1.4.6/message/router.go:645 +0x2b4
github.com/ThreeDotsLabs/watermill/message.(*Router).RunHandlers.func1()
	/Users/jace/go/pkg/mod/github.com/!three!dots!labs/watermill@v1.4.6/message/router.go:460 +0x145
created by github.com/ThreeDotsLabs/watermill/message.(*Router).RunHandlers in goroutine 55362
	/Users/jace/go/pkg/mod/github.com/!three!dots!labs/watermill@v1.4.6/message/router.go:453 +0x606

goroutine 54132 [select]:
github.com/nats-io/nats.go/jetstream.(*pullSubscription).pullMessages(0xc0012837a0, {0xc00179a910, 0x4b})
	/Users/jace/go/pkg/mod/github.com/nats-io/nats.go@v1.41.1/jetstream/pull.go:955 +0x91
created by github.com/nats-io/nats.go/jetstream.(*pullConsumer).Messages in goroutine 54037
	/Users/jace/go/pkg/mod/github.com/nats-io/nats.go@v1.41.1/jetstream/pull.go:534 +0x748

goroutine 54133 [select]:
github.com/nats-io/nats.go/jetstream.(*pullConsumer).Messages.func2()
	/Users/jace/go/pkg/mod/github.com/nats-io/nats.go@v1.41.1/jetstream/pull.go:538 +0x68
created by github.com/nats-io/nats.go/jetstream.(*pullConsumer).Messages in goroutine 54037
	/Users/jace/go/pkg/mod/github.com/nats-io/nats.go@v1.41.1/jetstream/pull.go:536 +0x78a

goroutine 54134 [select]:
github.com/nats-io/nats.go/jetstream.(*pullSubscription).Next(0xc0012837a0)
	/Users/jace/go/pkg/mod/github.com/nats-io/nats.go@v1.41.1/jetstream/pull.go:589 +0x285
github.com/Black-And-White-Club/frolf-bot-shared/eventbus.(*eventBus).Subscribe.func1()
	/Users/jace/Documents/GitHub/frolf-bot-shared/eventbus/eventbus.go:326 +0x169
created by github.com/Black-And-White-Club/frolf-bot-shared/eventbus.(*eventBus).Subscribe in goroutine 54037
	/Users/jace/Documents/GitHub/frolf-bot-shared/eventbus/eventbus.go:315 +0xbf1

goroutine 54135 [chan receive]:
github.com/ThreeDotsLabs/watermill/message.(*messageTransformSubscriberDecorator).Subscribe.func1()
	/Users/jace/go/pkg/mod/github.com/!three!dots!labs/watermill@v1.4.6/message/decorator.go:52 +0x85
created by github.com/ThreeDotsLabs/watermill/message.(*messageTransformSubscriberDecorator).Subscribe in goroutine 54037
	/Users/jace/go/pkg/mod/github.com/!three!dots!labs/watermill@v1.4.6/message/decorator.go:51 +0xc7

goroutine 54136 [chan receive]:
github.com/ThreeDotsLabs/watermill/message.(*handler).run(0xc002548a90, {0x10a337fa0, 0xc00192b720}, {0xc001158300, 0x6, 0x4?})
	/Users/jace/go/pkg/mod/github.com/!three!dots!labs/watermill@v1.4.6/message/router.go:645 +0x2b4
github.com/ThreeDotsLabs/watermill/message.(*Router).RunHandlers.func1()
	/Users/jace/go/pkg/mod/github.com/!three!dots!labs/watermill@v1.4.6/message/router.go:460 +0x145
created by github.com/ThreeDotsLabs/watermill/message.(*Router).RunHandlers in goroutine 54037
	/Users/jace/go/pkg/mod/github.com/!three!dots!labs/watermill@v1.4.6/message/router.go:453 +0x606

goroutine 54104 [select]:
github.com/nats-io/nats.go/jetstream.(*pullConsumer).Messages.func2()
	/Users/jace/go/pkg/mod/github.com/nats-io/nats.go@v1.41.1/jetstream/pull.go:538 +0x68
created by github.com/nats-io/nats.go/jetstream.(*pullConsumer).Messages in goroutine 54037
	/Users/jace/go/pkg/mod/github.com/nats-io/nats.go@v1.41.1/jetstream/pull.go:536 +0x78a

goroutine 57305 [chan receive]:
github.com/ThreeDotsLabs/watermill/message.(*messageTransformSubscriberDecorator).Subscribe.func1()
	/Users/jace/go/pkg/mod/github.com/!three!dots!labs/watermill@v1.4.6/message/decorator.go:52 +0x85
created by github.com/ThreeDotsLabs/watermill/message.(*messageTransformSubscriberDecorator).Subscribe in goroutine 57220
	/Users/jace/go/pkg/mod/github.com/!three!dots!labs/watermill@v1.4.6/message/decorator.go:51 +0xc7

goroutine 57463 [select]:
github.com/nats-io/nats.go/jetstream.(*pullSubscription).pullMessages(0xc001591a70, {0xc000c9cc00, 0x56})
	/Users/jace/go/pkg/mod/github.com/nats-io/nats.go@v1.41.1/jetstream/pull.go:955 +0x91
created by github.com/nats-io/nats.go/jetstream.(*pullConsumer).Messages in goroutine 57220
	/Users/jace/go/pkg/mod/github.com/nats-io/nats.go@v1.41.1/jetstream/pull.go:534 +0x748

goroutine 54232 [chan receive]:
github.com/ThreeDotsLabs/watermill/message.(*messageTransformSubscriberDecorator).Subscribe.func1()
	/Users/jace/go/pkg/mod/github.com/!three!dots!labs/watermill@v1.4.6/message/decorator.go:52 +0x85
created by github.com/ThreeDotsLabs/watermill/message.(*messageTransformSubscriberDecorator).Subscribe in goroutine 54037
	/Users/jace/go/pkg/mod/github.com/!three!dots!labs/watermill@v1.4.6/message/decorator.go:51 +0xc7

goroutine 54145 [select]:
github.com/nats-io/nats.go/jetstream.(*pullSubscription).Next(0xc001afd8c0)
	/Users/jace/go/pkg/mod/github.com/nats-io/nats.go@v1.41.1/jetstream/pull.go:589 +0x285
github.com/Black-And-White-Club/frolf-bot-shared/eventbus.(*eventBus).Subscribe.func1()
	/Users/jace/Documents/GitHub/frolf-bot-shared/eventbus/eventbus.go:326 +0x169
created by github.com/Black-And-White-Club/frolf-bot-shared/eventbus.(*eventBus).Subscribe in goroutine 54037
	/Users/jace/Documents/GitHub/frolf-bot-shared/eventbus/eventbus.go:315 +0xbf1

goroutine 54194 [chan receive]:
github.com/ThreeDotsLabs/watermill/message.(*messageTransformSubscriberDecorator).Subscribe.func1()
	/Users/jace/go/pkg/mod/github.com/!three!dots!labs/watermill@v1.4.6/message/decorator.go:52 +0x85
created by github.com/ThreeDotsLabs/watermill/message.(*messageTransformSubscriberDecorator).Subscribe in goroutine 54037
	/Users/jace/go/pkg/mod/github.com/!three!dots!labs/watermill@v1.4.6/message/decorator.go:51 +0xc7

goroutine 54195 [chan receive]:
github.com/ThreeDotsLabs/watermill/message.(*handler).run(0xc0025495f0, {0x10a337fa0, 0xc000ffb1d0}, {0xc0024263c0, 0x6, 0x0?})
	/Users/jace/go/pkg/mod/github.com/!three!dots!labs/watermill@v1.4.6/message/router.go:645 +0x2b4
github.com/ThreeDotsLabs/watermill/message.(*Router).RunHandlers.func1()
	/Users/jace/go/pkg/mod/github.com/!three!dots!labs/watermill@v1.4.6/message/router.go:460 +0x145
created by github.com/ThreeDotsLabs/watermill/message.(*Router).RunHandlers in goroutine 54037
	/Users/jace/go/pkg/mod/github.com/!three!dots!labs/watermill@v1.4.6/message/router.go:453 +0x606

goroutine 54196 [select]:
github.com/nats-io/nats.go/jetstream.(*pullSubscription).pullMessages(0xc001920ab0, {0xc00179aaa0, 0x45})
	/Users/jace/go/pkg/mod/github.com/nats-io/nats.go@v1.41.1/jetstream/pull.go:955 +0x91
created by github.com/nats-io/nats.go/jetstream.(*pullConsumer).Messages in goroutine 54037
	/Users/jace/go/pkg/mod/github.com/nats-io/nats.go@v1.41.1/jetstream/pull.go:534 +0x748

goroutine 54197 [select]:
github.com/nats-io/nats.go/jetstream.(*pullConsumer).Messages.func2()
	/Users/jace/go/pkg/mod/github.com/nats-io/nats.go@v1.41.1/jetstream/pull.go:538 +0x68
created by github.com/nats-io/nats.go/jetstream.(*pullConsumer).Messages in goroutine 54037
	/Users/jace/go/pkg/mod/github.com/nats-io/nats.go@v1.41.1/jetstream/pull.go:536 +0x78a

goroutine 54198 [select]:
github.com/nats-io/nats.go/jetstream.(*pullSubscription).Next(0xc001920ab0)
	/Users/jace/go/pkg/mod/github.com/nats-io/nats.go@v1.41.1/jetstream/pull.go:589 +0x285
github.com/Black-And-White-Club/frolf-bot-shared/eventbus.(*eventBus).Subscribe.func1()
	/Users/jace/Documents/GitHub/frolf-bot-shared/eventbus/eventbus.go:326 +0x169
created by github.com/Black-And-White-Club/frolf-bot-shared/eventbus.(*eventBus).Subscribe in goroutine 54037
	/Users/jace/Documents/GitHub/frolf-bot-shared/eventbus/eventbus.go:315 +0xbf1

goroutine 54199 [chan receive]:
github.com/ThreeDotsLabs/watermill/message.(*messageTransformSubscriberDecorator).Subscribe.func1()
	/Users/jace/go/pkg/mod/github.com/!three!dots!labs/watermill@v1.4.6/message/decorator.go:52 +0x85
created by github.com/ThreeDotsLabs/watermill/message.(*messageTransformSubscriberDecorator).Subscribe in goroutine 54037
	/Users/jace/go/pkg/mod/github.com/!three!dots!labs/watermill@v1.4.6/message/decorator.go:51 +0xc7

goroutine 54200 [chan receive]:
github.com/ThreeDotsLabs/watermill/message.(*handler).run(0xc002549ba0, {0x10a337fa0, 0xc000ffb950}, {0xc002426480, 0x6, 0x0?})
	/Users/jace/go/pkg/mod/github.com/!three!dots!labs/watermill@v1.4.6/message/router.go:645 +0x2b4
github.com/ThreeDotsLabs/watermill/message.(*Router).RunHandlers.func1()
	/Users/jace/go/pkg/mod/github.com/!three!dots!labs/watermill@v1.4.6/message/router.go:460 +0x145
created by github.com/ThreeDotsLabs/watermill/message.(*Router).RunHandlers in goroutine 54037
	/Users/jace/go/pkg/mod/github.com/!three!dots!labs/watermill@v1.4.6/message/router.go:453 +0x606

goroutine 58578 [chan receive]:
github.com/ThreeDotsLabs/watermill/message.(*messageTransformSubscriberDecorator).Subscribe.func1()
	/Users/jace/go/pkg/mod/github.com/!three!dots!labs/watermill@v1.4.6/message/decorator.go:52 +0x85
created by github.com/ThreeDotsLabs/watermill/message.(*messageTransformSubscriberDecorator).Subscribe in goroutine 58544
	/Users/jace/go/pkg/mod/github.com/!three!dots!labs/watermill@v1.4.6/message/decorator.go:51 +0xc7

goroutine 54316 [select]:
github.com/nats-io/nats.go/jetstream.(*pullConsumer).Messages.func2()
	/Users/jace/go/pkg/mod/github.com/nats-io/nats.go@v1.41.1/jetstream/pull.go:538 +0x68
created by github.com/nats-io/nats.go/jetstream.(*pullConsumer).Messages in goroutine 54037
	/Users/jace/go/pkg/mod/github.com/nats-io/nats.go@v1.41.1/jetstream/pull.go:536 +0x78a

goroutine 58777 [select]:
github.com/nats-io/nats%2ego.(*Conn).doReconnect(0xc0024ce008, {0x10a327f28, 0x10acedb30}, 0x0)
	/Users/jace/go/pkg/mod/github.com/nats-io/nats.go@v1.41.1/nats.go:2907 +0x41a
created by github.com/nats-io/nats%2ego.(*Conn).processOpErr in goroutine 58447
	/Users/jace/go/pkg/mod/github.com/nats-io/nats.go@v1.41.1/nats.go:3043 +0x2f3

goroutine 54415 [select]:
github.com/nats-io/nats.go/jetstream.(*pullSubscription).Next(0xc001de3b90)
	/Users/jace/go/pkg/mod/github.com/nats-io/nats.go@v1.41.1/jetstream/pull.go:589 +0x285
github.com/Black-And-White-Club/frolf-bot-shared/eventbus.(*eventBus).Subscribe.func1()
	/Users/jace/Documents/GitHub/frolf-bot-shared/eventbus/eventbus.go:326 +0x169
created by github.com/Black-And-White-Club/frolf-bot-shared/eventbus.(*eventBus).Subscribe in goroutine 54037
	/Users/jace/Documents/GitHub/frolf-bot-shared/eventbus/eventbus.go:315 +0xbf1

goroutine 54403 [select]:
github.com/nats-io/nats.go/jetstream.(*pullSubscription).pullMessages(0xc001de3200, {0xc0011be480, 0x5a})
	/Users/jace/go/pkg/mod/github.com/nats-io/nats.go@v1.41.1/jetstream/pull.go:955 +0x91
created by github.com/nats-io/nats.go/jetstream.(*pullConsumer).Messages in goroutine 54037
	/Users/jace/go/pkg/mod/github.com/nats-io/nats.go@v1.41.1/jetstream/pull.go:534 +0x748

goroutine 54416 [chan receive]:
github.com/ThreeDotsLabs/watermill/message.(*messageTransformSubscriberDecorator).Subscribe.func1()
	/Users/jace/go/pkg/mod/github.com/!three!dots!labs/watermill@v1.4.6/message/decorator.go:52 +0x85
created by github.com/ThreeDotsLabs/watermill/message.(*messageTransformSubscriberDecorator).Subscribe in goroutine 54037
	/Users/jace/go/pkg/mod/github.com/!three!dots!labs/watermill@v1.4.6/message/decorator.go:51 +0xc7

goroutine 54327 [chan receive]:
github.com/ThreeDotsLabs/watermill/message.(*handler).run(0xc0025491e0, {0x10a337fa0, 0xc0021303c0}, {0xc002121380, 0x6, 0xc002628778?})
	/Users/jace/go/pkg/mod/github.com/!three!dots!labs/watermill@v1.4.6/message/router.go:645 +0x2b4
github.com/ThreeDotsLabs/watermill/message.(*Router).RunHandlers.func1()
	/Users/jace/go/pkg/mod/github.com/!three!dots!labs/watermill@v1.4.6/message/router.go:460 +0x145
created by github.com/ThreeDotsLabs/watermill/message.(*Router).RunHandlers in goroutine 54037
	/Users/jace/go/pkg/mod/github.com/!three!dots!labs/watermill@v1.4.6/message/router.go:453 +0x606

goroutine 54240 [select]:
github.com/nats-io/nats.go/jetstream.(*pullConsumer).Messages.func2()
	/Users/jace/go/pkg/mod/github.com/nats-io/nats.go@v1.41.1/jetstream/pull.go:538 +0x68
created by github.com/nats-io/nats.go/jetstream.(*pullConsumer).Messages in goroutine 54037
	/Users/jace/go/pkg/mod/github.com/nats-io/nats.go@v1.41.1/jetstream/pull.go:536 +0x78a

goroutine 54468 [chan receive]:
github.com/ThreeDotsLabs/watermill/message.(*messageTransformSubscriberDecorator).Subscribe.func1()
	/Users/jace/go/pkg/mod/github.com/!three!dots!labs/watermill@v1.4.6/message/decorator.go:52 +0x85
created by github.com/ThreeDotsLabs/watermill/message.(*messageTransformSubscriberDecorator).Subscribe in goroutine 54037
	/Users/jace/go/pkg/mod/github.com/!three!dots!labs/watermill@v1.4.6/message/decorator.go:51 +0xc7

goroutine 54241 [select]:
github.com/nats-io/nats.go/jetstream.(*pullSubscription).Next(0xc0010d41b0)
	/Users/jace/go/pkg/mod/github.com/nats-io/nats.go@v1.41.1/jetstream/pull.go:589 +0x285
github.com/Black-And-White-Club/frolf-bot-shared/eventbus.(*eventBus).Subscribe.func1()
	/Users/jace/Documents/GitHub/frolf-bot-shared/eventbus/eventbus.go:326 +0x169
created by github.com/Black-And-White-Club/frolf-bot-shared/eventbus.(*eventBus).Subscribe in goroutine 54037
	/Users/jace/Documents/GitHub/frolf-bot-shared/eventbus/eventbus.go:315 +0xbf1

goroutine 64908 [select]:
github.com/nats-io/nats.go/jetstream.(*pullSubscription).Next(0xc00258d5f0)
	/Users/jace/go/pkg/mod/github.com/nats-io/nats.go@v1.41.1/jetstream/pull.go:589 +0x285
github.com/Black-And-White-Club/frolf-bot-shared/eventbus.(*eventBus).Subscribe.func1()
	/Users/jace/Documents/GitHub/frolf-bot-shared/eventbus/eventbus.go:326 +0x169
created by github.com/Black-And-White-Club/frolf-bot-shared/eventbus.(*eventBus).Subscribe in goroutine 64412
	/Users/jace/Documents/GitHub/frolf-bot-shared/eventbus/eventbus.go:315 +0xbf1

goroutine 54392 [select]:
github.com/nats-io/nats.go/jetstream.(*pullSubscription).Next(0xc001535dd0)
	/Users/jace/go/pkg/mod/github.com/nats-io/nats.go@v1.41.1/jetstream/pull.go:589 +0x285
github.com/Black-And-White-Club/frolf-bot-shared/eventbus.(*eventBus).Subscribe.func1()
	/Users/jace/Documents/GitHub/frolf-bot-shared/eventbus/eventbus.go:326 +0x169
created by github.com/Black-And-White-Club/frolf-bot-shared/eventbus.(*eventBus).Subscribe in goroutine 54037
	/Users/jace/Documents/GitHub/frolf-bot-shared/eventbus/eventbus.go:315 +0xbf1

goroutine 54445 [select]:
github.com/nats-io/nats.go/jetstream.(*pullSubscription).pullMessages(0xc001209710, {0xc0001318c0, 0x3e})
	/Users/jace/go/pkg/mod/github.com/nats-io/nats.go@v1.41.1/jetstream/pull.go:955 +0x91
created by github.com/nats-io/nats.go/jetstream.(*pullConsumer).Messages in goroutine 55362
	/Users/jace/go/pkg/mod/github.com/nats-io/nats.go@v1.41.1/jetstream/pull.go:534 +0x748

goroutine 63003 [sync.WaitGroup.Wait]:
sync.runtime_SemacquireWaitGroup(0x10a0c4da0?)
	/usr/local/Cellar/go/1.24.2/libexec/src/runtime/sema.go:110 +0x25
sync.(*WaitGroup).Wait(0x0?)
	/usr/local/Cellar/go/1.24.2/libexec/src/sync/waitgroup.go:118 +0x48
github.com/ThreeDotsLabs/watermill/message.(*Router).watchAllHandlersStopped.func1()
	/Users/jace/go/pkg/mod/github.com/!three!dots!labs/watermill@v1.4.6/message/router.go:498 +0x86
created by github.com/ThreeDotsLabs/watermill/message.(*Router).watchAllHandlersStopped in goroutine 63116
	/Users/jace/go/pkg/mod/github.com/!three!dots!labs/watermill@v1.4.6/message/router.go:484 +0xec

goroutine 54405 [select]:
github.com/nats-io/nats.go/jetstream.(*pullSubscription).Next(0xc001de3200)
	/Users/jace/go/pkg/mod/github.com/nats-io/nats.go@v1.41.1/jetstream/pull.go:589 +0x285
github.com/Black-And-White-Club/frolf-bot-shared/eventbus.(*eventBus).Subscribe.func1()
	/Users/jace/Documents/GitHub/frolf-bot-shared/eventbus/eventbus.go:326 +0x169
created by github.com/Black-And-White-Club/frolf-bot-shared/eventbus.(*eventBus).Subscribe in goroutine 54037
	/Users/jace/Documents/GitHub/frolf-bot-shared/eventbus/eventbus.go:315 +0xbf1

goroutine 54360 [chan receive]:
github.com/ThreeDotsLabs/watermill/message.(*messageTransformSubscriberDecorator).Subscribe.func1()
	/Users/jace/go/pkg/mod/github.com/!three!dots!labs/watermill@v1.4.6/message/decorator.go:52 +0x85
created by github.com/ThreeDotsLabs/watermill/message.(*messageTransformSubscriberDecorator).Subscribe in goroutine 54037
	/Users/jace/go/pkg/mod/github.com/!three!dots!labs/watermill@v1.4.6/message/decorator.go:51 +0xc7

goroutine 54361 [chan receive]:
github.com/ThreeDotsLabs/watermill/message.(*handler).run(0xc002549a00, {0x10a337fa0, 0xc001facd20}, {0xc001e3f080, 0x6, 0x0?})
	/Users/jace/go/pkg/mod/github.com/!three!dots!labs/watermill@v1.4.6/message/router.go:645 +0x2b4
github.com/ThreeDotsLabs/watermill/message.(*Router).RunHandlers.func1()
	/Users/jace/go/pkg/mod/github.com/!three!dots!labs/watermill@v1.4.6/message/router.go:460 +0x145
created by github.com/ThreeDotsLabs/watermill/message.(*Router).RunHandlers in goroutine 54037
	/Users/jace/go/pkg/mod/github.com/!three!dots!labs/watermill@v1.4.6/message/router.go:453 +0x606

goroutine 58301 [select]:
github.com/nats-io/nats.go/jetstream.(*pullConsumer).Messages.func2()
	/Users/jace/go/pkg/mod/github.com/nats-io/nats.go@v1.41.1/jetstream/pull.go:538 +0x68
created by github.com/nats-io/nats.go/jetstream.(*pullConsumer).Messages in goroutine 58544
	/Users/jace/go/pkg/mod/github.com/nats-io/nats.go@v1.41.1/jetstream/pull.go:536 +0x78a

goroutine 62012 [select]:
github.com/nats-io/nats.go/jetstream.(*pullSubscription).pullMessages(0xc0034b9e60, {0xc0008b39f0, 0x48})
	/Users/jace/go/pkg/mod/github.com/nats-io/nats.go@v1.41.1/jetstream/pull.go:955 +0x91
created by github.com/nats-io/nats.go/jetstream.(*pullConsumer).Messages in goroutine 61572
	/Users/jace/go/pkg/mod/github.com/nats-io/nats.go@v1.41.1/jetstream/pull.go:534 +0x748

goroutine 58478 [select]:
github.com/nats-io/nats.go/jetstream.(*pullConsumer).Messages.func2()
	/Users/jace/go/pkg/mod/github.com/nats-io/nats.go@v1.41.1/jetstream/pull.go:538 +0x68
created by github.com/nats-io/nats.go/jetstream.(*pullConsumer).Messages in goroutine 58544
	/Users/jace/go/pkg/mod/github.com/nats-io/nats.go@v1.41.1/jetstream/pull.go:536 +0x78a

goroutine 57341 [chan receive]:
github.com/ThreeDotsLabs/watermill/message.(*messageTransformSubscriberDecorator).Subscribe.func1()
	/Users/jace/go/pkg/mod/github.com/!three!dots!labs/watermill@v1.4.6/message/decorator.go:52 +0x85
created by github.com/ThreeDotsLabs/watermill/message.(*messageTransformSubscriberDecorator).Subscribe in goroutine 57220
	/Users/jace/go/pkg/mod/github.com/!three!dots!labs/watermill@v1.4.6/message/decorator.go:51 +0xc7

goroutine 58702 [select]:
github.com/nats-io/nats.go/jetstream.(*pullConsumer).Messages.func2()
	/Users/jace/go/pkg/mod/github.com/nats-io/nats.go@v1.41.1/jetstream/pull.go:538 +0x68
created by github.com/nats-io/nats.go/jetstream.(*pullConsumer).Messages in goroutine 58544
	/Users/jace/go/pkg/mod/github.com/nats-io/nats.go@v1.41.1/jetstream/pull.go:536 +0x78a

goroutine 54289 [select]:
github.com/nats-io/nats.go/jetstream.(*pullSubscription).pullMessages(0xc0019b7560, {0xc0002554f0, 0x48})
	/Users/jace/go/pkg/mod/github.com/nats-io/nats.go@v1.41.1/jetstream/pull.go:955 +0x91
created by github.com/nats-io/nats.go/jetstream.(*pullConsumer).Messages in goroutine 54037
	/Users/jace/go/pkg/mod/github.com/nats-io/nats.go@v1.41.1/jetstream/pull.go:534 +0x748

goroutine 54452 [chan receive]:
github.com/ThreeDotsLabs/watermill/message.(*messageTransformSubscriberDecorator).Subscribe.func1()
	/Users/jace/go/pkg/mod/github.com/!three!dots!labs/watermill@v1.4.6/message/decorator.go:52 +0x85
created by github.com/ThreeDotsLabs/watermill/message.(*messageTransformSubscriberDecorator).Subscribe in goroutine 54037
	/Users/jace/go/pkg/mod/github.com/!three!dots!labs/watermill@v1.4.6/message/decorator.go:51 +0xc7

goroutine 54450 [select]:
github.com/nats-io/nats.go/jetstream.(*pullConsumer).Messages.func2()
	/Users/jace/go/pkg/mod/github.com/nats-io/nats.go@v1.41.1/jetstream/pull.go:538 +0x68
created by github.com/nats-io/nats.go/jetstream.(*pullConsumer).Messages in goroutine 54037
	/Users/jace/go/pkg/mod/github.com/nats-io/nats.go@v1.41.1/jetstream/pull.go:536 +0x78a

goroutine 54451 [select]:
github.com/nats-io/nats.go/jetstream.(*pullSubscription).Next(0xc0019b7560)
	/Users/jace/go/pkg/mod/github.com/nats-io/nats.go@v1.41.1/jetstream/pull.go:589 +0x285
github.com/Black-And-White-Club/frolf-bot-shared/eventbus.(*eventBus).Subscribe.func1()
	/Users/jace/Documents/GitHub/frolf-bot-shared/eventbus/eventbus.go:326 +0x169
created by github.com/Black-And-White-Club/frolf-bot-shared/eventbus.(*eventBus).Subscribe in goroutine 54037
	/Users/jace/Documents/GitHub/frolf-bot-shared/eventbus/eventbus.go:315 +0xbf1

goroutine 57329 [select]:
github.com/nats-io/nats.go/jetstream.(*pullSubscription).pullMessages(0xc0012782d0, {0xc002784b80, 0x3e})
	/Users/jace/go/pkg/mod/github.com/nats-io/nats.go@v1.41.1/jetstream/pull.go:955 +0x91
created by github.com/nats-io/nats.go/jetstream.(*pullConsumer).Messages in goroutine 57220
	/Users/jace/go/pkg/mod/github.com/nats-io/nats.go@v1.41.1/jetstream/pull.go:534 +0x748

goroutine 54469 [chan receive]:
github.com/ThreeDotsLabs/watermill/message.(*handler).run(0xc002549e10, {0x10a337fa0, 0xc0000ea690}, {0xc0024269c0, 0x6, 0xc00024d66f?})
	/Users/jace/go/pkg/mod/github.com/!three!dots!labs/watermill@v1.4.6/message/router.go:645 +0x2b4
github.com/ThreeDotsLabs/watermill/message.(*Router).RunHandlers.func1()
	/Users/jace/go/pkg/mod/github.com/!three!dots!labs/watermill@v1.4.6/message/router.go:460 +0x145
created by github.com/ThreeDotsLabs/watermill/message.(*Router).RunHandlers in goroutine 54037
	/Users/jace/go/pkg/mod/github.com/!three!dots!labs/watermill@v1.4.6/message/router.go:453 +0x606

goroutine 55846 [select]:
github.com/nats-io/nats.go/jetstream.(*pullSubscription).Next(0xc0029a21b0)
	/Users/jace/go/pkg/mod/github.com/nats-io/nats.go@v1.41.1/jetstream/pull.go:589 +0x285
github.com/Black-And-White-Club/frolf-bot-shared/eventbus.(*eventBus).Subscribe.func1()
	/Users/jace/Documents/GitHub/frolf-bot-shared/eventbus/eventbus.go:326 +0x169
created by github.com/Black-And-White-Club/frolf-bot-shared/eventbus.(*eventBus).Subscribe in goroutine 55362
	/Users/jace/Documents/GitHub/frolf-bot-shared/eventbus/eventbus.go:315 +0xbf1

goroutine 60063 [chan receive]:
github.com/ThreeDotsLabs/watermill/message.(*messageTransformSubscriberDecorator).Subscribe.func1()
	/Users/jace/go/pkg/mod/github.com/!three!dots!labs/watermill@v1.4.6/message/decorator.go:52 +0x85
created by github.com/ThreeDotsLabs/watermill/message.(*messageTransformSubscriberDecorator).Subscribe in goroutine 59782
	/Users/jace/go/pkg/mod/github.com/!three!dots!labs/watermill@v1.4.6/message/decorator.go:51 +0xc7

goroutine 57400 [chan receive]:
github.com/ThreeDotsLabs/watermill/message.(*messageTransformSubscriberDecorator).Subscribe.func1()
	/Users/jace/go/pkg/mod/github.com/!three!dots!labs/watermill@v1.4.6/message/decorator.go:52 +0x85
created by github.com/ThreeDotsLabs/watermill/message.(*messageTransformSubscriberDecorator).Subscribe in goroutine 57220
	/Users/jace/go/pkg/mod/github.com/!three!dots!labs/watermill@v1.4.6/message/decorator.go:51 +0xc7

goroutine 54166 [sync.WaitGroup.Wait]:
sync.runtime_SemacquireWaitGroup(0x0?)
	/usr/local/Cellar/go/1.24.2/libexec/src/runtime/sema.go:110 +0x25
sync.(*WaitGroup).Wait(0x109160452?)
	/usr/local/Cellar/go/1.24.2/libexec/src/sync/waitgroup.go:118 +0x48
github.com/ThreeDotsLabs/watermill/pubsub/sync.WaitGroupTimeout.func1()
	/Users/jace/go/pkg/mod/github.com/!three!dots!labs/watermill@v1.4.6/pubsub/sync/waitgroup.go:13 +0x25
created by github.com/ThreeDotsLabs/watermill/pubsub/sync.WaitGroupTimeout in goroutine 53021
	/Users/jace/go/pkg/mod/github.com/!three!dots!labs/watermill@v1.4.6/pubsub/sync/waitgroup.go:12 +0x85

goroutine 54420 [select]:
github.com/nats-io/nats.go/jetstream.(*pullSubscription).pullMessages(0xc00172cbd0, {0xc0007d6b90, 0x45})
	/Users/jace/go/pkg/mod/github.com/nats-io/nats.go@v1.41.1/jetstream/pull.go:955 +0x91
created by github.com/nats-io/nats.go/jetstream.(*pullConsumer).Messages in goroutine 54037
	/Users/jace/go/pkg/mod/github.com/nats-io/nats.go@v1.41.1/jetstream/pull.go:534 +0x748

goroutine 54421 [select]:
github.com/nats-io/nats.go/jetstream.(*pullConsumer).Messages.func2()
	/Users/jace/go/pkg/mod/github.com/nats-io/nats.go@v1.41.1/jetstream/pull.go:538 +0x68
created by github.com/nats-io/nats.go/jetstream.(*pullConsumer).Messages in goroutine 54037
	/Users/jace/go/pkg/mod/github.com/nats-io/nats.go@v1.41.1/jetstream/pull.go:536 +0x78a

goroutine 54422 [select]:
github.com/nats-io/nats.go/jetstream.(*pullSubscription).Next(0xc00172cbd0)
	/Users/jace/go/pkg/mod/github.com/nats-io/nats.go@v1.41.1/jetstream/pull.go:589 +0x285
github.com/Black-And-White-Club/frolf-bot-shared/eventbus.(*eventBus).Subscribe.func1()
	/Users/jace/Documents/GitHub/frolf-bot-shared/eventbus/eventbus.go:326 +0x169
created by github.com/Black-And-White-Club/frolf-bot-shared/eventbus.(*eventBus).Subscribe in goroutine 54037
	/Users/jace/Documents/GitHub/frolf-bot-shared/eventbus/eventbus.go:315 +0xbf1

goroutine 54423 [chan receive]:
github.com/ThreeDotsLabs/watermill/message.(*messageTransformSubscriberDecorator).Subscribe.func1()
	/Users/jace/go/pkg/mod/github.com/!three!dots!labs/watermill@v1.4.6/message/decorator.go:52 +0x85
created by github.com/ThreeDotsLabs/watermill/message.(*messageTransformSubscriberDecorator).Subscribe in goroutine 54037
	/Users/jace/go/pkg/mod/github.com/!three!dots!labs/watermill@v1.4.6/message/decorator.go:51 +0xc7

goroutine 54424 [chan receive]:
github.com/ThreeDotsLabs/watermill/message.(*handler).run(0xc002549ad0, {0x10a337fa0, 0xc002131680}, {0xc0024266c0, 0x6, 0x0?})
	/Users/jace/go/pkg/mod/github.com/!three!dots!labs/watermill@v1.4.6/message/router.go:645 +0x2b4
github.com/ThreeDotsLabs/watermill/message.(*Router).RunHandlers.func1()
	/Users/jace/go/pkg/mod/github.com/!three!dots!labs/watermill@v1.4.6/message/router.go:460 +0x145
created by github.com/ThreeDotsLabs/watermill/message.(*Router).RunHandlers in goroutine 54037
	/Users/jace/go/pkg/mod/github.com/!three!dots!labs/watermill@v1.4.6/message/router.go:453 +0x606

goroutine 57506 [select]:
github.com/nats-io/nats.go/jetstream.(*pullSubscription).pullMessages(0xc00210a1b0, {0xc001b5e060, 0x52})
	/Users/jace/go/pkg/mod/github.com/nats-io/nats.go@v1.41.1/jetstream/pull.go:955 +0x91
created by github.com/nats-io/nats.go/jetstream.(*pullConsumer).Messages in goroutine 57220
	/Users/jace/go/pkg/mod/github.com/nats-io/nats.go@v1.41.1/jetstream/pull.go:534 +0x748

goroutine 57428 [chan receive]:
github.com/ThreeDotsLabs/watermill/message.(*messageTransformSubscriberDecorator).Subscribe.func1()
	/Users/jace/go/pkg/mod/github.com/!three!dots!labs/watermill@v1.4.6/message/decorator.go:52 +0x85
created by github.com/ThreeDotsLabs/watermill/message.(*messageTransformSubscriberDecorator).Subscribe in goroutine 57220
	/Users/jace/go/pkg/mod/github.com/!three!dots!labs/watermill@v1.4.6/message/decorator.go:51 +0xc7

goroutine 57398 [select]:
github.com/nats-io/nats.go/jetstream.(*pullConsumer).Messages.func2()
	/Users/jace/go/pkg/mod/github.com/nats-io/nats.go@v1.41.1/jetstream/pull.go:538 +0x68
created by github.com/nats-io/nats.go/jetstream.(*pullConsumer).Messages in goroutine 57220
	/Users/jace/go/pkg/mod/github.com/nats-io/nats.go@v1.41.1/jetstream/pull.go:536 +0x78a

goroutine 58724 [select]:
github.com/nats-io/nats.go/jetstream.(*pullConsumer).Messages.func2()
	/Users/jace/go/pkg/mod/github.com/nats-io/nats.go@v1.41.1/jetstream/pull.go:538 +0x68
created by github.com/nats-io/nats.go/jetstream.(*pullConsumer).Messages in goroutine 58544
	/Users/jace/go/pkg/mod/github.com/nats-io/nats.go@v1.41.1/jetstream/pull.go:536 +0x78a

goroutine 57397 [select]:
github.com/nats-io/nats.go/jetstream.(*pullSubscription).pullMessages(0xc0010d50e0, {0xc001526540, 0x5a})
	/Users/jace/go/pkg/mod/github.com/nats-io/nats.go@v1.41.1/jetstream/pull.go:955 +0x91
created by github.com/nats-io/nats.go/jetstream.(*pullConsumer).Messages in goroutine 57220
	/Users/jace/go/pkg/mod/github.com/nats-io/nats.go@v1.41.1/jetstream/pull.go:534 +0x748

goroutine 57509 [chan receive]:
github.com/ThreeDotsLabs/watermill/message.(*messageTransformSubscriberDecorator).Subscribe.func1()
	/Users/jace/go/pkg/mod/github.com/!three!dots!labs/watermill@v1.4.6/message/decorator.go:52 +0x85
created by github.com/ThreeDotsLabs/watermill/message.(*messageTransformSubscriberDecorator).Subscribe in goroutine 57220
	/Users/jace/go/pkg/mod/github.com/!three!dots!labs/watermill@v1.4.6/message/decorator.go:51 +0xc7

goroutine 57623 [select]:
github.com/nats-io/nats%2ego.(*Conn).doReconnect(0xc001e08a08, {0x10a327f28, 0x10acedb30}, 0x0)
	/Users/jace/go/pkg/mod/github.com/nats-io/nats.go@v1.41.1/nats.go:2907 +0x41a
created by github.com/nats-io/nats%2ego.(*Conn).processOpErr in goroutine 56250
	/Users/jace/go/pkg/mod/github.com/nats-io/nats.go@v1.41.1/nats.go:3043 +0x2f3

goroutine 64640 [select]:
github.com/nats-io/nats.go/jetstream.(*pullSubscription).Next(0xc0020e9170)
	/Users/jace/go/pkg/mod/github.com/nats-io/nats.go@v1.41.1/jetstream/pull.go:589 +0x285
github.com/Black-And-White-Club/frolf-bot-shared/eventbus.(*eventBus).Subscribe.func1()
	/Users/jace/Documents/GitHub/frolf-bot-shared/eventbus/eventbus.go:326 +0x169
created by github.com/Black-And-White-Club/frolf-bot-shared/eventbus.(*eventBus).Subscribe in goroutine 64412
	/Users/jace/Documents/GitHub/frolf-bot-shared/eventbus/eventbus.go:315 +0xbf1

goroutine 60362 [chan receive]:
github.com/ThreeDotsLabs/watermill/message.(*messageTransformSubscriberDecorator).Subscribe.func1()
	/Users/jace/go/pkg/mod/github.com/!three!dots!labs/watermill@v1.4.6/message/decorator.go:52 +0x85
created by github.com/ThreeDotsLabs/watermill/message.(*messageTransformSubscriberDecorator).Subscribe in goroutine 59782
	/Users/jace/go/pkg/mod/github.com/!three!dots!labs/watermill@v1.4.6/message/decorator.go:51 +0xc7

goroutine 55363 [sync.Cond.Wait]:
sync.runtime_notifyListWait(0xc002c76990, 0x1)
	/usr/local/Cellar/go/1.24.2/libexec/src/runtime/sema.go:597 +0x159
sync.(*Cond).Wait(0x10000c002cc6300?)
	/usr/local/Cellar/go/1.24.2/libexec/src/sync/cond.go:71 +0x85
github.com/nats-io/nats%2ego.(*Conn).waitForMsgs(0xc0026a0308, 0xc0018ba4b0)
	/Users/jace/go/pkg/mod/github.com/nats-io/nats.go@v1.41.1/nats.go:3178 +0xc5
created by github.com/nats-io/nats%2ego.(*Conn).subscribeLocked in goroutine 54610
	/Users/jace/go/pkg/mod/github.com/nats-io/nats.go@v1.41.1/nats.go:4468 +0x419

goroutine 55398 [chan receive]:
github.com/ThreeDotsLabs/watermill/message.(*handler).run(0xc002c269c0, {0x10a337fa0, 0xc001c7c640}, {0xc002e0fa40, 0x6, 0xc0019f36fe?})
	/Users/jace/go/pkg/mod/github.com/!three!dots!labs/watermill@v1.4.6/message/router.go:645 +0x2b4
github.com/ThreeDotsLabs/watermill/message.(*Router).RunHandlers.func1()
	/Users/jace/go/pkg/mod/github.com/!three!dots!labs/watermill@v1.4.6/message/router.go:460 +0x145
created by github.com/ThreeDotsLabs/watermill/message.(*Router).RunHandlers in goroutine 55362
	/Users/jace/go/pkg/mod/github.com/!three!dots!labs/watermill@v1.4.6/message/router.go:453 +0x606

goroutine 54448 [chan receive]:
github.com/ThreeDotsLabs/watermill/message.(*messageTransformSubscriberDecorator).Subscribe.func1()
	/Users/jace/go/pkg/mod/github.com/!three!dots!labs/watermill@v1.4.6/message/decorator.go:52 +0x85
created by github.com/ThreeDotsLabs/watermill/message.(*messageTransformSubscriberDecorator).Subscribe in goroutine 55362
	/Users/jace/go/pkg/mod/github.com/!three!dots!labs/watermill@v1.4.6/message/decorator.go:51 +0xc7

goroutine 54449 [chan receive]:
github.com/ThreeDotsLabs/watermill/message.(*handler).run(0xc002c26680, {0x10a337fa0, 0xc001ab4f50}, {0xc0010b20c0, 0x6, 0xc00282414c?})
	/Users/jace/go/pkg/mod/github.com/!three!dots!labs/watermill@v1.4.6/message/router.go:645 +0x2b4
github.com/ThreeDotsLabs/watermill/message.(*Router).RunHandlers.func1()
	/Users/jace/go/pkg/mod/github.com/!three!dots!labs/watermill@v1.4.6/message/router.go:460 +0x145
created by github.com/ThreeDotsLabs/watermill/message.(*Router).RunHandlers in goroutine 55362
	/Users/jace/go/pkg/mod/github.com/!three!dots!labs/watermill@v1.4.6/message/router.go:453 +0x606

goroutine 55771 [select]:
github.com/nats-io/nats.go/jetstream.(*pullSubscription).pullMessages(0xc002261170, {0xc00004e550, 0x45})
	/Users/jace/go/pkg/mod/github.com/nats-io/nats.go@v1.41.1/jetstream/pull.go:955 +0x91
created by github.com/nats-io/nats.go/jetstream.(*pullConsumer).Messages in goroutine 57220
	/Users/jace/go/pkg/mod/github.com/nats-io/nats.go@v1.41.1/jetstream/pull.go:534 +0x748

goroutine 55574 [chan receive]:
github.com/ThreeDotsLabs/watermill/message.(*messageTransformSubscriberDecorator).Subscribe.func1()
	/Users/jace/go/pkg/mod/github.com/!three!dots!labs/watermill@v1.4.6/message/decorator.go:52 +0x85
created by github.com/ThreeDotsLabs/watermill/message.(*messageTransformSubscriberDecorator).Subscribe in goroutine 55362
	/Users/jace/go/pkg/mod/github.com/!three!dots!labs/watermill@v1.4.6/message/decorator.go:51 +0xc7

goroutine 58383 [select]:
github.com/nats-io/nats.go/jetstream.(*pullSubscription).pullMessages(0xc002bfc7e0, {0xc001eac000, 0x56})
	/Users/jace/go/pkg/mod/github.com/nats-io/nats.go@v1.41.1/jetstream/pull.go:955 +0x91
created by github.com/nats-io/nats.go/jetstream.(*pullConsumer).Messages in goroutine 58544
	/Users/jace/go/pkg/mod/github.com/nats-io/nats.go@v1.41.1/jetstream/pull.go:534 +0x748

goroutine 55807 [select]:
github.com/nats-io/nats.go/jetstream.(*pullSubscription).pullMessages(0xc002336870, {0xc0007d75e0, 0x4b})
	/Users/jace/go/pkg/mod/github.com/nats-io/nats.go@v1.41.1/jetstream/pull.go:955 +0x91
created by github.com/nats-io/nats.go/jetstream.(*pullConsumer).Messages in goroutine 55362
	/Users/jace/go/pkg/mod/github.com/nats-io/nats.go@v1.41.1/jetstream/pull.go:534 +0x748

goroutine 55800 [chan receive]:
github.com/ThreeDotsLabs/watermill/message.(*handler).run(0xc002c261a0, {0x10a337fa0, 0xc000227b80}, {0xc0001fd980, 0x6, 0xc00280ef78?})
	/Users/jace/go/pkg/mod/github.com/!three!dots!labs/watermill@v1.4.6/message/router.go:645 +0x2b4
github.com/ThreeDotsLabs/watermill/message.(*Router).RunHandlers.func1()
	/Users/jace/go/pkg/mod/github.com/!three!dots!labs/watermill@v1.4.6/message/router.go:460 +0x145
created by github.com/ThreeDotsLabs/watermill/message.(*Router).RunHandlers in goroutine 55362
	/Users/jace/go/pkg/mod/github.com/!three!dots!labs/watermill@v1.4.6/message/router.go:453 +0x606

goroutine 55863 [chan receive]:
github.com/ThreeDotsLabs/watermill/message.(*messageTransformSubscriberDecorator).Subscribe.func1()
	/Users/jace/go/pkg/mod/github.com/!three!dots!labs/watermill@v1.4.6/message/decorator.go:52 +0x85
created by github.com/ThreeDotsLabs/watermill/message.(*messageTransformSubscriberDecorator).Subscribe in goroutine 55362
	/Users/jace/go/pkg/mod/github.com/!three!dots!labs/watermill@v1.4.6/message/decorator.go:51 +0xc7

goroutine 55575 [chan receive]:
github.com/ThreeDotsLabs/watermill/message.(*handler).run(0xc002c276c0, {0x10a337fa0, 0xc0015aea00}, {0xc002e0fc80, 0x6, 0x4?})
	/Users/jace/go/pkg/mod/github.com/!three!dots!labs/watermill@v1.4.6/message/router.go:645 +0x2b4
github.com/ThreeDotsLabs/watermill/message.(*Router).RunHandlers.func1()
	/Users/jace/go/pkg/mod/github.com/!three!dots!labs/watermill@v1.4.6/message/router.go:460 +0x145
created by github.com/ThreeDotsLabs/watermill/message.(*Router).RunHandlers in goroutine 55362
	/Users/jace/go/pkg/mod/github.com/!three!dots!labs/watermill@v1.4.6/message/router.go:453 +0x606

goroutine 55368 [select]:
github.com/nats-io/nats.go/jetstream.(*pullSubscription).pullMessages(0xc001a506c0, {0xc001eac1e0, 0x5a})
	/Users/jace/go/pkg/mod/github.com/nats-io/nats.go@v1.41.1/jetstream/pull.go:955 +0x91
created by github.com/nats-io/nats.go/jetstream.(*pullConsumer).Messages in goroutine 55362
	/Users/jace/go/pkg/mod/github.com/nats-io/nats.go@v1.41.1/jetstream/pull.go:534 +0x748

goroutine 55369 [select]:
github.com/nats-io/nats.go/jetstream.(*pullConsumer).Messages.func2()
	/Users/jace/go/pkg/mod/github.com/nats-io/nats.go@v1.41.1/jetstream/pull.go:538 +0x68
created by github.com/nats-io/nats.go/jetstream.(*pullConsumer).Messages in goroutine 55362
	/Users/jace/go/pkg/mod/github.com/nats-io/nats.go@v1.41.1/jetstream/pull.go:536 +0x78a

goroutine 55370 [select]:
github.com/nats-io/nats.go/jetstream.(*pullSubscription).Next(0xc001a506c0)
	/Users/jace/go/pkg/mod/github.com/nats-io/nats.go@v1.41.1/jetstream/pull.go:589 +0x285
github.com/Black-And-White-Club/frolf-bot-shared/eventbus.(*eventBus).Subscribe.func1()
	/Users/jace/Documents/GitHub/frolf-bot-shared/eventbus/eventbus.go:326 +0x169
created by github.com/Black-And-White-Club/frolf-bot-shared/eventbus.(*eventBus).Subscribe in goroutine 55362
	/Users/jace/Documents/GitHub/frolf-bot-shared/eventbus/eventbus.go:315 +0xbf1

goroutine 55371 [chan receive]:
github.com/ThreeDotsLabs/watermill/message.(*messageTransformSubscriberDecorator).Subscribe.func1()
	/Users/jace/go/pkg/mod/github.com/!three!dots!labs/watermill@v1.4.6/message/decorator.go:52 +0x85
created by github.com/ThreeDotsLabs/watermill/message.(*messageTransformSubscriberDecorator).Subscribe in goroutine 55362
	/Users/jace/go/pkg/mod/github.com/!three!dots!labs/watermill@v1.4.6/message/decorator.go:51 +0xc7

goroutine 55372 [chan receive]:
github.com/ThreeDotsLabs/watermill/message.(*handler).run(0xc002c26ea0, {0x10a337fa0, 0xc001c7c8c0}, {0xc002920b40, 0x6, 0xc00237c778?})
	/Users/jace/go/pkg/mod/github.com/!three!dots!labs/watermill@v1.4.6/message/router.go:645 +0x2b4
github.com/ThreeDotsLabs/watermill/message.(*Router).RunHandlers.func1()
	/Users/jace/go/pkg/mod/github.com/!three!dots!labs/watermill@v1.4.6/message/router.go:460 +0x145
created by github.com/ThreeDotsLabs/watermill/message.(*Router).RunHandlers in goroutine 55362
	/Users/jace/go/pkg/mod/github.com/!three!dots!labs/watermill@v1.4.6/message/router.go:453 +0x606

goroutine 59916 [select]:
github.com/nats-io/nats.go/jetstream.(*pullSubscription).pullMessages(0xc00292bdd0, {0xc000754820, 0x4b})
	/Users/jace/go/pkg/mod/github.com/nats-io/nats.go@v1.41.1/jetstream/pull.go:955 +0x91
created by github.com/nats-io/nats.go/jetstream.(*pullConsumer).Messages in goroutine 59782
	/Users/jace/go/pkg/mod/github.com/nats-io/nats.go@v1.41.1/jetstream/pull.go:534 +0x748

goroutine 55507 [select]:
github.com/nats-io/nats.go/jetstream.(*pullSubscription).pullMessages(0xc001aa46c0, {0xc0007d7360, 0x4b})
	/Users/jace/go/pkg/mod/github.com/nats-io/nats.go@v1.41.1/jetstream/pull.go:955 +0x91
created by github.com/nats-io/nats.go/jetstream.(*pullConsumer).Messages in goroutine 55362
	/Users/jace/go/pkg/mod/github.com/nats-io/nats.go@v1.41.1/jetstream/pull.go:534 +0x748

goroutine 60337 [select]:
github.com/nats-io/nats.go/jetstream.(*pullSubscription).Next(0xc0013b17a0)
	/Users/jace/go/pkg/mod/github.com/nats-io/nats.go@v1.41.1/jetstream/pull.go:589 +0x285
github.com/Black-And-White-Club/frolf-bot-shared/eventbus.(*eventBus).Subscribe.func1()
	/Users/jace/Documents/GitHub/frolf-bot-shared/eventbus/eventbus.go:326 +0x169
created by github.com/Black-And-White-Club/frolf-bot-shared/eventbus.(*eventBus).Subscribe in goroutine 59782
	/Users/jace/Documents/GitHub/frolf-bot-shared/eventbus/eventbus.go:315 +0xbf1

goroutine 55598 [chan receive]:
github.com/ThreeDotsLabs/watermill/message.(*messageTransformSubscriberDecorator).Subscribe.func1()
	/Users/jace/go/pkg/mod/github.com/!three!dots!labs/watermill@v1.4.6/message/decorator.go:52 +0x85
created by github.com/ThreeDotsLabs/watermill/message.(*messageTransformSubscriberDecorator).Subscribe in goroutine 55362
	/Users/jace/go/pkg/mod/github.com/!three!dots!labs/watermill@v1.4.6/message/decorator.go:51 +0xc7

goroutine 55606 [select]:
github.com/nats-io/nats.go/jetstream.(*pullSubscription).pullMessages(0xc001ac1830, {0xc0018a6a00, 0x50})
	/Users/jace/go/pkg/mod/github.com/nats-io/nats.go@v1.41.1/jetstream/pull.go:955 +0x91
created by github.com/nats-io/nats.go/jetstream.(*pullConsumer).Messages in goroutine 55362
	/Users/jace/go/pkg/mod/github.com/nats-io/nats.go@v1.41.1/jetstream/pull.go:534 +0x748

goroutine 55557 [chan receive]:
github.com/ThreeDotsLabs/watermill/message.(*messageTransformSubscriberDecorator).Subscribe.func1()
	/Users/jace/go/pkg/mod/github.com/!three!dots!labs/watermill@v1.4.6/message/decorator.go:52 +0x85
created by github.com/ThreeDotsLabs/watermill/message.(*messageTransformSubscriberDecorator).Subscribe in goroutine 55362
	/Users/jace/go/pkg/mod/github.com/!three!dots!labs/watermill@v1.4.6/message/decorator.go:51 +0xc7

goroutine 57421 [select]:
github.com/nats-io/nats.go/jetstream.(*pullSubscription).pullMessages(0xc001de3950, {0xc0002550e0, 0x47})
	/Users/jace/go/pkg/mod/github.com/nats-io/nats.go@v1.41.1/jetstream/pull.go:955 +0x91
created by github.com/nats-io/nats.go/jetstream.(*pullConsumer).Messages in goroutine 57220
	/Users/jace/go/pkg/mod/github.com/nats-io/nats.go@v1.41.1/jetstream/pull.go:534 +0x748

goroutine 55573 [select]:
github.com/nats-io/nats.go/jetstream.(*pullSubscription).Next(0xc001f5c120)
	/Users/jace/go/pkg/mod/github.com/nats-io/nats.go@v1.41.1/jetstream/pull.go:589 +0x285
github.com/Black-And-White-Club/frolf-bot-shared/eventbus.(*eventBus).Subscribe.func1()
	/Users/jace/Documents/GitHub/frolf-bot-shared/eventbus/eventbus.go:326 +0x169
created by github.com/Black-And-White-Club/frolf-bot-shared/eventbus.(*eventBus).Subscribe in goroutine 55362
	/Users/jace/Documents/GitHub/frolf-bot-shared/eventbus/eventbus.go:315 +0xbf1

goroutine 63234 [select]:
github.com/nats-io/nats.go/jetstream.(*pullSubscription).pullMessages(0xc0007c4ea0, {0xc002cca780, 0x56})
	/Users/jace/go/pkg/mod/github.com/nats-io/nats.go@v1.41.1/jetstream/pull.go:955 +0x91
created by github.com/nats-io/nats.go/jetstream.(*pullConsumer).Messages in goroutine 63116
	/Users/jace/go/pkg/mod/github.com/nats-io/nats.go@v1.41.1/jetstream/pull.go:534 +0x748

goroutine 55610 [chan receive]:
github.com/ThreeDotsLabs/watermill/message.(*handler).run(0xc002c264e0, {0x10a337fa0, 0xc002521ea0}, {0xc002d92cc0, 0x6, 0x100010000?})
	/Users/jace/go/pkg/mod/github.com/!three!dots!labs/watermill@v1.4.6/message/router.go:645 +0x2b4
github.com/ThreeDotsLabs/watermill/message.(*Router).RunHandlers.func1()
	/Users/jace/go/pkg/mod/github.com/!three!dots!labs/watermill@v1.4.6/message/router.go:460 +0x145
created by github.com/ThreeDotsLabs/watermill/message.(*Router).RunHandlers in goroutine 55362
	/Users/jace/go/pkg/mod/github.com/!three!dots!labs/watermill@v1.4.6/message/router.go:453 +0x606

goroutine 60073 [select]:
github.com/nats-io/nats.go/jetstream.(*pullSubscription).pullMessages(0xc0009d9200, {0xc000754be0, 0x4b})
	/Users/jace/go/pkg/mod/github.com/nats-io/nats.go@v1.41.1/jetstream/pull.go:955 +0x91
created by github.com/nats-io/nats.go/jetstream.(*pullConsumer).Messages in goroutine 59782
	/Users/jace/go/pkg/mod/github.com/nats-io/nats.go@v1.41.1/jetstream/pull.go:534 +0x748

goroutine 55607 [select]:
github.com/nats-io/nats.go/jetstream.(*pullConsumer).Messages.func2()
	/Users/jace/go/pkg/mod/github.com/nats-io/nats.go@v1.41.1/jetstream/pull.go:538 +0x68
created by github.com/nats-io/nats.go/jetstream.(*pullConsumer).Messages in goroutine 55362
	/Users/jace/go/pkg/mod/github.com/nats-io/nats.go@v1.41.1/jetstream/pull.go:536 +0x78a

goroutine 55597 [select]:
github.com/nats-io/nats.go/jetstream.(*pullSubscription).Next(0xc002935c20)
	/Users/jace/go/pkg/mod/github.com/nats-io/nats.go@v1.41.1/jetstream/pull.go:589 +0x285
github.com/Black-And-White-Club/frolf-bot-shared/eventbus.(*eventBus).Subscribe.func1()
	/Users/jace/Documents/GitHub/frolf-bot-shared/eventbus/eventbus.go:326 +0x169
created by github.com/Black-And-White-Club/frolf-bot-shared/eventbus.(*eventBus).Subscribe in goroutine 55362
	/Users/jace/Documents/GitHub/frolf-bot-shared/eventbus/eventbus.go:315 +0xbf1

goroutine 57424 [chan receive]:
github.com/ThreeDotsLabs/watermill/message.(*messageTransformSubscriberDecorator).Subscribe.func1()
	/Users/jace/go/pkg/mod/github.com/!three!dots!labs/watermill@v1.4.6/message/decorator.go:52 +0x85
created by github.com/ThreeDotsLabs/watermill/message.(*messageTransformSubscriberDecorator).Subscribe in goroutine 57220
	/Users/jace/go/pkg/mod/github.com/!three!dots!labs/watermill@v1.4.6/message/decorator.go:51 +0xc7

goroutine 55425 [select]:
github.com/nats-io/nats.go/jetstream.(*pullSubscription).pullMessages(0xc001c914d0, {0xc002c72900, 0x3f})
	/Users/jace/go/pkg/mod/github.com/nats-io/nats.go@v1.41.1/jetstream/pull.go:955 +0x91
created by github.com/nats-io/nats.go/jetstream.(*pullConsumer).Messages in goroutine 55362
	/Users/jace/go/pkg/mod/github.com/nats-io/nats.go@v1.41.1/jetstream/pull.go:534 +0x748

goroutine 55522 [select]:
github.com/nats-io/nats.go/jetstream.(*pullConsumer).Messages.func2()
	/Users/jace/go/pkg/mod/github.com/nats-io/nats.go@v1.41.1/jetstream/pull.go:538 +0x68
created by github.com/nats-io/nats.go/jetstream.(*pullConsumer).Messages in goroutine 55362
	/Users/jace/go/pkg/mod/github.com/nats-io/nats.go@v1.41.1/jetstream/pull.go:536 +0x78a

goroutine 55523 [select]:
github.com/nats-io/nats.go/jetstream.(*pullSubscription).Next(0xc001c914d0)
	/Users/jace/go/pkg/mod/github.com/nats-io/nats.go@v1.41.1/jetstream/pull.go:589 +0x285
github.com/Black-And-White-Club/frolf-bot-shared/eventbus.(*eventBus).Subscribe.func1()
	/Users/jace/Documents/GitHub/frolf-bot-shared/eventbus/eventbus.go:326 +0x169
created by github.com/Black-And-White-Club/frolf-bot-shared/eventbus.(*eventBus).Subscribe in goroutine 55362
	/Users/jace/Documents/GitHub/frolf-bot-shared/eventbus/eventbus.go:315 +0xbf1

goroutine 55524 [chan receive]:
github.com/ThreeDotsLabs/watermill/message.(*messageTransformSubscriberDecorator).Subscribe.func1()
	/Users/jace/go/pkg/mod/github.com/!three!dots!labs/watermill@v1.4.6/message/decorator.go:52 +0x85
created by github.com/ThreeDotsLabs/watermill/message.(*messageTransformSubscriberDecorator).Subscribe in goroutine 55362
	/Users/jace/go/pkg/mod/github.com/!three!dots!labs/watermill@v1.4.6/message/decorator.go:51 +0xc7

goroutine 55525 [chan receive]:
github.com/ThreeDotsLabs/watermill/message.(*handler).run(0xc002c27110, {0x10a337fa0, 0xc002ce2050}, {0xc0011840c0, 0x6, 0x0?})
	/Users/jace/go/pkg/mod/github.com/!three!dots!labs/watermill@v1.4.6/message/router.go:645 +0x2b4
github.com/ThreeDotsLabs/watermill/message.(*Router).RunHandlers.func1()
	/Users/jace/go/pkg/mod/github.com/!three!dots!labs/watermill@v1.4.6/message/router.go:460 +0x145
created by github.com/ThreeDotsLabs/watermill/message.(*Router).RunHandlers in goroutine 55362
	/Users/jace/go/pkg/mod/github.com/!three!dots!labs/watermill@v1.4.6/message/router.go:453 +0x606

goroutine 56355 [select]:
github.com/nats-io/nats%2ego.(*Conn).doReconnect(0xc0026a0a08, {0x10a327f28, 0x10acedb30}, 0x0)
	/Users/jace/go/pkg/mod/github.com/nats-io/nats.go@v1.41.1/nats.go:2907 +0x41a
created by github.com/nats-io/nats%2ego.(*Conn).processOpErr in goroutine 55276
	/Users/jace/go/pkg/mod/github.com/nats-io/nats.go@v1.41.1/nats.go:3043 +0x2f3

goroutine 55686 [select]:
github.com/nats-io/nats.go/jetstream.(*pullConsumer).Messages.func2()
	/Users/jace/go/pkg/mod/github.com/nats-io/nats.go@v1.41.1/jetstream/pull.go:538 +0x68
created by github.com/nats-io/nats.go/jetstream.(*pullConsumer).Messages in goroutine 55362
	/Users/jace/go/pkg/mod/github.com/nats-io/nats.go@v1.41.1/jetstream/pull.go:536 +0x78a

goroutine 57481 [chan receive]:
github.com/ThreeDotsLabs/watermill/message.(*handler).run(0xc001e8ec30, {0x10a337fa0, 0xc001bdb810}, {0xc001e7d5c0, 0x6, 0xc0022d7778?})
	/Users/jace/go/pkg/mod/github.com/!three!dots!labs/watermill@v1.4.6/message/router.go:645 +0x2b4
github.com/ThreeDotsLabs/watermill/message.(*Router).RunHandlers.func1()
	/Users/jace/go/pkg/mod/github.com/!three!dots!labs/watermill@v1.4.6/message/router.go:460 +0x145
created by github.com/ThreeDotsLabs/watermill/message.(*Router).RunHandlers in goroutine 57220
	/Users/jace/go/pkg/mod/github.com/!three!dots!labs/watermill@v1.4.6/message/router.go:453 +0x606

goroutine 55572 [select]:
github.com/nats-io/nats.go/jetstream.(*pullConsumer).Messages.func2()
	/Users/jace/go/pkg/mod/github.com/nats-io/nats.go@v1.41.1/jetstream/pull.go:538 +0x68
created by github.com/nats-io/nats.go/jetstream.(*pullConsumer).Messages in goroutine 55362
	/Users/jace/go/pkg/mod/github.com/nats-io/nats.go@v1.41.1/jetstream/pull.go:536 +0x78a

goroutine 55652 [select]:
github.com/nats-io/nats.go/jetstream.(*pullSubscription).pullMessages(0xc001aa57a0, {0xc0007d7450, 0x47})
	/Users/jace/go/pkg/mod/github.com/nats-io/nats.go@v1.41.1/jetstream/pull.go:955 +0x91
created by github.com/nats-io/nats.go/jetstream.(*pullConsumer).Messages in goroutine 55362
	/Users/jace/go/pkg/mod/github.com/nats-io/nats.go@v1.41.1/jetstream/pull.go:534 +0x748

goroutine 55560 [select]:
github.com/nats-io/nats.go/jetstream.(*pullSubscription).pullMessages(0xc001ac0870, {0xc0018a6820, 0x45})
	/Users/jace/go/pkg/mod/github.com/nats-io/nats.go@v1.41.1/jetstream/pull.go:955 +0x91
created by github.com/nats-io/nats.go/jetstream.(*pullConsumer).Messages in goroutine 55362
	/Users/jace/go/pkg/mod/github.com/nats-io/nats.go@v1.41.1/jetstream/pull.go:534 +0x748

goroutine 55561 [select]:
github.com/nats-io/nats.go/jetstream.(*pullConsumer).Messages.func2()
	/Users/jace/go/pkg/mod/github.com/nats-io/nats.go@v1.41.1/jetstream/pull.go:538 +0x68
created by github.com/nats-io/nats.go/jetstream.(*pullConsumer).Messages in goroutine 55362
	/Users/jace/go/pkg/mod/github.com/nats-io/nats.go@v1.41.1/jetstream/pull.go:536 +0x78a

goroutine 55562 [select]:
github.com/nats-io/nats.go/jetstream.(*pullSubscription).Next(0xc001ac0870)
	/Users/jace/go/pkg/mod/github.com/nats-io/nats.go@v1.41.1/jetstream/pull.go:589 +0x285
github.com/Black-And-White-Club/frolf-bot-shared/eventbus.(*eventBus).Subscribe.func1()
	/Users/jace/Documents/GitHub/frolf-bot-shared/eventbus/eventbus.go:326 +0x169
created by github.com/Black-And-White-Club/frolf-bot-shared/eventbus.(*eventBus).Subscribe in goroutine 55362
	/Users/jace/Documents/GitHub/frolf-bot-shared/eventbus/eventbus.go:315 +0xbf1

goroutine 55563 [chan receive]:
github.com/ThreeDotsLabs/watermill/message.(*messageTransformSubscriberDecorator).Subscribe.func1()
	/Users/jace/go/pkg/mod/github.com/!three!dots!labs/watermill@v1.4.6/message/decorator.go:52 +0x85
created by github.com/ThreeDotsLabs/watermill/message.(*messageTransformSubscriberDecorator).Subscribe in goroutine 55362
	/Users/jace/go/pkg/mod/github.com/!three!dots!labs/watermill@v1.4.6/message/decorator.go:51 +0xc7

goroutine 55564 [chan receive]:
github.com/ThreeDotsLabs/watermill/message.(*handler).run(0xc002c27520, {0x10a337fa0, 0xc0015ae870}, {0xc002920cc0, 0x6, 0x4?})
	/Users/jace/go/pkg/mod/github.com/!three!dots!labs/watermill@v1.4.6/message/router.go:645 +0x2b4
github.com/ThreeDotsLabs/watermill/message.(*Router).RunHandlers.func1()
	/Users/jace/go/pkg/mod/github.com/!three!dots!labs/watermill@v1.4.6/message/router.go:460 +0x145
created by github.com/ThreeDotsLabs/watermill/message.(*Router).RunHandlers in goroutine 55362
	/Users/jace/go/pkg/mod/github.com/!three!dots!labs/watermill@v1.4.6/message/router.go:453 +0x606

goroutine 57538 [select]:
github.com/nats-io/nats.go/jetstream.(*pullSubscription).Next(0xc00210a7e0)
	/Users/jace/go/pkg/mod/github.com/nats-io/nats.go@v1.41.1/jetstream/pull.go:589 +0x285
github.com/Black-And-White-Club/frolf-bot-shared/eventbus.(*eventBus).Subscribe.func1()
	/Users/jace/Documents/GitHub/frolf-bot-shared/eventbus/eventbus.go:326 +0x169
created by github.com/Black-And-White-Club/frolf-bot-shared/eventbus.(*eventBus).Subscribe in goroutine 57220
	/Users/jace/Documents/GitHub/frolf-bot-shared/eventbus/eventbus.go:315 +0xbf1

goroutine 55655 [chan receive]:
github.com/ThreeDotsLabs/watermill/message.(*messageTransformSubscriberDecorator).Subscribe.func1()
	/Users/jace/go/pkg/mod/github.com/!three!dots!labs/watermill@v1.4.6/message/decorator.go:52 +0x85
created by github.com/ThreeDotsLabs/watermill/message.(*messageTransformSubscriberDecorator).Subscribe in goroutine 55362
	/Users/jace/go/pkg/mod/github.com/!three!dots!labs/watermill@v1.4.6/message/decorator.go:51 +0xc7

goroutine 60009 [chan receive]:
github.com/ThreeDotsLabs/watermill/message.(*messageTransformSubscriberDecorator).Subscribe.func1()
	/Users/jace/go/pkg/mod/github.com/!three!dots!labs/watermill@v1.4.6/message/decorator.go:52 +0x85
created by github.com/ThreeDotsLabs/watermill/message.(*messageTransformSubscriberDecorator).Subscribe in goroutine 59782
	/Users/jace/go/pkg/mod/github.com/!three!dots!labs/watermill@v1.4.6/message/decorator.go:51 +0xc7

goroutine 55685 [select]:
github.com/nats-io/nats.go/jetstream.(*pullSubscription).pullMessages(0xc001f5d950, {0xc00113d200, 0x40})
	/Users/jace/go/pkg/mod/github.com/nats-io/nats.go@v1.41.1/jetstream/pull.go:955 +0x91
created by github.com/nats-io/nats.go/jetstream.(*pullConsumer).Messages in goroutine 55362
	/Users/jace/go/pkg/mod/github.com/nats-io/nats.go@v1.41.1/jetstream/pull.go:534 +0x748

goroutine 55656 [chan receive]:
github.com/ThreeDotsLabs/watermill/message.(*handler).run(0xc002c26750, {0x10a337fa0, 0xc0015af400}, {0xc0010b2180, 0x6, 0x0?})
	/Users/jace/go/pkg/mod/github.com/!three!dots!labs/watermill@v1.4.6/message/router.go:645 +0x2b4
github.com/ThreeDotsLabs/watermill/message.(*Router).RunHandlers.func1()
	/Users/jace/go/pkg/mod/github.com/!three!dots!labs/watermill@v1.4.6/message/router.go:460 +0x145
created by github.com/ThreeDotsLabs/watermill/message.(*Router).RunHandlers in goroutine 55362
	/Users/jace/go/pkg/mod/github.com/!three!dots!labs/watermill@v1.4.6/message/router.go:453 +0x606

goroutine 58647 [chan receive]:
github.com/ThreeDotsLabs/watermill/message.(*messageTransformSubscriberDecorator).Subscribe.func1()
	/Users/jace/go/pkg/mod/github.com/!three!dots!labs/watermill@v1.4.6/message/decorator.go:52 +0x85
created by github.com/ThreeDotsLabs/watermill/message.(*messageTransformSubscriberDecorator).Subscribe in goroutine 58544
	/Users/jace/go/pkg/mod/github.com/!three!dots!labs/watermill@v1.4.6/message/decorator.go:51 +0xc7

goroutine 55653 [select]:
github.com/nats-io/nats.go/jetstream.(*pullConsumer).Messages.func2()
	/Users/jace/go/pkg/mod/github.com/nats-io/nats.go@v1.41.1/jetstream/pull.go:538 +0x68
created by github.com/nats-io/nats.go/jetstream.(*pullConsumer).Messages in goroutine 55362
	/Users/jace/go/pkg/mod/github.com/nats-io/nats.go@v1.41.1/jetstream/pull.go:536 +0x78a

goroutine 57477 [select]:
github.com/nats-io/nats.go/jetstream.(*pullSubscription).pullMessages(0xc001984990, {0xc001eb8c30, 0x4b})
	/Users/jace/go/pkg/mod/github.com/nats-io/nats.go@v1.41.1/jetstream/pull.go:955 +0x91
created by github.com/nats-io/nats.go/jetstream.(*pullConsumer).Messages in goroutine 57220
	/Users/jace/go/pkg/mod/github.com/nats-io/nats.go@v1.41.1/jetstream/pull.go:534 +0x748

goroutine 59935 [chan receive]:
github.com/ThreeDotsLabs/watermill/message.(*handler).run(0xc002617040, {0x10a337fa0, 0xc001e52d70}, {0xc0000f2b40, 0x6, 0x4?})
	/Users/jace/go/pkg/mod/github.com/!three!dots!labs/watermill@v1.4.6/message/router.go:645 +0x2b4
github.com/ThreeDotsLabs/watermill/message.(*Router).RunHandlers.func1()
	/Users/jace/go/pkg/mod/github.com/!three!dots!labs/watermill@v1.4.6/message/router.go:460 +0x145
created by github.com/ThreeDotsLabs/watermill/message.(*Router).RunHandlers in goroutine 59782
	/Users/jace/go/pkg/mod/github.com/!three!dots!labs/watermill@v1.4.6/message/router.go:453 +0x606

goroutine 56252 [sync.Cond.Wait]:
sync.runtime_notifyListWait(0xc00222f290, 0x0)
	/usr/local/Cellar/go/1.24.2/libexec/src/runtime/sema.go:597 +0x159
sync.(*Cond).Wait(0xc001b83f10?)
	/usr/local/Cellar/go/1.24.2/libexec/src/sync/cond.go:71 +0x85
github.com/nats-io/nats%2ego.(*asyncCallbacksHandler).asyncCBDispatcher(0xc0019f8c40)
	/Users/jace/go/pkg/mod/github.com/nats-io/nats.go@v1.41.1/nats.go:3059 +0xdd
created by github.com/nats-io/nats%2ego.Options.Connect in goroutine 56368
	/Users/jace/go/pkg/mod/github.com/nats-io/nats.go@v1.41.1/nats.go:1635 +0x387

goroutine 55688 [chan receive]:
github.com/ThreeDotsLabs/watermill/message.(*messageTransformSubscriberDecorator).Subscribe.func1()
	/Users/jace/go/pkg/mod/github.com/!three!dots!labs/watermill@v1.4.6/message/decorator.go:52 +0x85
created by github.com/ThreeDotsLabs/watermill/message.(*messageTransformSubscriberDecorator).Subscribe in goroutine 55362
	/Users/jace/go/pkg/mod/github.com/!three!dots!labs/watermill@v1.4.6/message/decorator.go:51 +0xc7

goroutine 58693 [select]:
github.com/nats-io/nats.go/jetstream.(*pullSubscription).Next(0xc001c90090)
	/Users/jace/go/pkg/mod/github.com/nats-io/nats.go@v1.41.1/jetstream/pull.go:589 +0x285
github.com/Black-And-White-Club/frolf-bot-shared/eventbus.(*eventBus).Subscribe.func1()
	/Users/jace/Documents/GitHub/frolf-bot-shared/eventbus/eventbus.go:326 +0x169
created by github.com/Black-And-White-Club/frolf-bot-shared/eventbus.(*eventBus).Subscribe in goroutine 58544
	/Users/jace/Documents/GitHub/frolf-bot-shared/eventbus/eventbus.go:315 +0xbf1

goroutine 55687 [select]:
github.com/nats-io/nats.go/jetstream.(*pullSubscription).Next(0xc001f5d950)
	/Users/jace/go/pkg/mod/github.com/nats-io/nats.go@v1.41.1/jetstream/pull.go:589 +0x285
github.com/Black-And-White-Club/frolf-bot-shared/eventbus.(*eventBus).Subscribe.func1()
	/Users/jace/Documents/GitHub/frolf-bot-shared/eventbus/eventbus.go:326 +0x169
created by github.com/Black-And-White-Club/frolf-bot-shared/eventbus.(*eventBus).Subscribe in goroutine 55362
	/Users/jace/Documents/GitHub/frolf-bot-shared/eventbus/eventbus.go:315 +0xbf1

goroutine 57545 [select]:
github.com/nats-io/nats.go/jetstream.(*pullSubscription).pullMessages(0xc00210b0e0, {0xc0005e8cd0, 0x45})
	/Users/jace/go/pkg/mod/github.com/nats-io/nats.go@v1.41.1/jetstream/pull.go:955 +0x91
created by github.com/nats-io/nats.go/jetstream.(*pullConsumer).Messages in goroutine 57220
	/Users/jace/go/pkg/mod/github.com/nats-io/nats.go@v1.41.1/jetstream/pull.go:534 +0x748

goroutine 63131 [select]:
github.com/nats-io/nats.go/jetstream.(*pullSubscription).Next(0xc002198990)
	/Users/jace/go/pkg/mod/github.com/nats-io/nats.go@v1.41.1/jetstream/pull.go:589 +0x285
github.com/Black-And-White-Club/frolf-bot-shared/eventbus.(*eventBus).Subscribe.func1()
	/Users/jace/Documents/GitHub/frolf-bot-shared/eventbus/eventbus.go:326 +0x169
created by github.com/Black-And-White-Club/frolf-bot-shared/eventbus.(*eventBus).Subscribe in goroutine 63116
	/Users/jace/Documents/GitHub/frolf-bot-shared/eventbus/eventbus.go:315 +0xbf1

goroutine 60010 [chan receive]:
github.com/ThreeDotsLabs/watermill/message.(*handler).run(0xc0026760d0, {0x10a337fa0, 0xc000994320}, {0xc001dff5c0, 0x6, 0x0?})
	/Users/jace/go/pkg/mod/github.com/!three!dots!labs/watermill@v1.4.6/message/router.go:645 +0x2b4
github.com/ThreeDotsLabs/watermill/message.(*Router).RunHandlers.func1()
	/Users/jace/go/pkg/mod/github.com/!three!dots!labs/watermill@v1.4.6/message/router.go:460 +0x145
created by github.com/ThreeDotsLabs/watermill/message.(*Router).RunHandlers in goroutine 59782
	/Users/jace/go/pkg/mod/github.com/!three!dots!labs/watermill@v1.4.6/message/router.go:453 +0x606

goroutine 57228 [select]:
github.com/nats-io/nats.go/jetstream.(*pullConsumer).Messages.func2()
	/Users/jace/go/pkg/mod/github.com/nats-io/nats.go@v1.41.1/jetstream/pull.go:538 +0x68
created by github.com/nats-io/nats.go/jetstream.(*pullConsumer).Messages in goroutine 57220
	/Users/jace/go/pkg/mod/github.com/nats-io/nats.go@v1.41.1/jetstream/pull.go:536 +0x78a

goroutine 55772 [select]:
github.com/nats-io/nats.go/jetstream.(*pullConsumer).Messages.func2()
	/Users/jace/go/pkg/mod/github.com/nats-io/nats.go@v1.41.1/jetstream/pull.go:538 +0x68
created by github.com/nats-io/nats.go/jetstream.(*pullConsumer).Messages in goroutine 57220
	/Users/jace/go/pkg/mod/github.com/nats-io/nats.go@v1.41.1/jetstream/pull.go:536 +0x78a

goroutine 57172 [select]:
github.com/nats-io/nats.go/jetstream.(*pullConsumer).Messages.func2()
	/Users/jace/go/pkg/mod/github.com/nats-io/nats.go@v1.41.1/jetstream/pull.go:538 +0x68
created by github.com/nats-io/nats.go/jetstream.(*pullConsumer).Messages in goroutine 57220
	/Users/jace/go/pkg/mod/github.com/nats-io/nats.go@v1.41.1/jetstream/pull.go:536 +0x78a

goroutine 55859 [chan receive]:
github.com/ThreeDotsLabs/watermill/message.(*handler).run(0xc002c27040, {0x10a337fa0, 0xc0020d9270}, {0xc002e0fe00, 0x6, 0x10a0bfea0?})
	/Users/jace/go/pkg/mod/github.com/!three!dots!labs/watermill@v1.4.6/message/router.go:645 +0x2b4
github.com/ThreeDotsLabs/watermill/message.(*Router).RunHandlers.func1()
	/Users/jace/go/pkg/mod/github.com/!three!dots!labs/watermill@v1.4.6/message/router.go:460 +0x145
created by github.com/ThreeDotsLabs/watermill/message.(*Router).RunHandlers in goroutine 55362
	/Users/jace/go/pkg/mod/github.com/!three!dots!labs/watermill@v1.4.6/message/router.go:453 +0x606

goroutine 56295 [sync.WaitGroup.Wait]:
sync.runtime_SemacquireWaitGroup(0xc001989b90?)
	/usr/local/Cellar/go/1.24.2/libexec/src/runtime/sema.go:110 +0x25
sync.(*WaitGroup).Wait(0xc0023c9740?)
	/usr/local/Cellar/go/1.24.2/libexec/src/sync/waitgroup.go:118 +0x48
github.com/ThreeDotsLabs/watermill/message.(*Router).waitForHandlers.func1()
	/Users/jace/go/pkg/mod/github.com/!three!dots!labs/watermill@v1.4.6/message/router.go:579 +0x4b
created by github.com/ThreeDotsLabs/watermill/message.(*Router).waitForHandlers in goroutine 54610
	/Users/jace/go/pkg/mod/github.com/!three!dots!labs/watermill@v1.4.6/message/router.go:577 +0x87

goroutine 61743 [select]:
github.com/nats-io/nats.go/jetstream.(*pullConsumer).Messages.func2()
	/Users/jace/go/pkg/mod/github.com/nats-io/nats.go@v1.41.1/jetstream/pull.go:538 +0x68
created by github.com/nats-io/nats.go/jetstream.(*pullConsumer).Messages in goroutine 61572
	/Users/jace/go/pkg/mod/github.com/nats-io/nats.go@v1.41.1/jetstream/pull.go:536 +0x78a

goroutine 55808 [select]:
github.com/nats-io/nats.go/jetstream.(*pullConsumer).Messages.func2()
	/Users/jace/go/pkg/mod/github.com/nats-io/nats.go@v1.41.1/jetstream/pull.go:538 +0x68
created by github.com/nats-io/nats.go/jetstream.(*pullConsumer).Messages in goroutine 55362
	/Users/jace/go/pkg/mod/github.com/nats-io/nats.go@v1.41.1/jetstream/pull.go:536 +0x78a

goroutine 55730 [select]:
github.com/nats-io/nats.go/jetstream.(*pullSubscription).pullMessages(0xc001ac1ef0, {0xc0018a6af0, 0x45})
	/Users/jace/go/pkg/mod/github.com/nats-io/nats.go@v1.41.1/jetstream/pull.go:955 +0x91
created by github.com/nats-io/nats.go/jetstream.(*pullConsumer).Messages in goroutine 55362
	/Users/jace/go/pkg/mod/github.com/nats-io/nats.go@v1.41.1/jetstream/pull.go:534 +0x748

goroutine 55731 [select]:
github.com/nats-io/nats.go/jetstream.(*pullConsumer).Messages.func2()
	/Users/jace/go/pkg/mod/github.com/nats-io/nats.go@v1.41.1/jetstream/pull.go:538 +0x68
created by github.com/nats-io/nats.go/jetstream.(*pullConsumer).Messages in goroutine 55362
	/Users/jace/go/pkg/mod/github.com/nats-io/nats.go@v1.41.1/jetstream/pull.go:536 +0x78a

goroutine 55732 [select]:
github.com/nats-io/nats.go/jetstream.(*pullSubscription).Next(0xc001ac1ef0)
	/Users/jace/go/pkg/mod/github.com/nats-io/nats.go@v1.41.1/jetstream/pull.go:589 +0x285
github.com/Black-And-White-Club/frolf-bot-shared/eventbus.(*eventBus).Subscribe.func1()
	/Users/jace/Documents/GitHub/frolf-bot-shared/eventbus/eventbus.go:326 +0x169
created by github.com/Black-And-White-Club/frolf-bot-shared/eventbus.(*eventBus).Subscribe in goroutine 55362
	/Users/jace/Documents/GitHub/frolf-bot-shared/eventbus/eventbus.go:315 +0xbf1

goroutine 55733 [chan receive]:
github.com/ThreeDotsLabs/watermill/message.(*messageTransformSubscriberDecorator).Subscribe.func1()
	/Users/jace/go/pkg/mod/github.com/!three!dots!labs/watermill@v1.4.6/message/decorator.go:52 +0x85
created by github.com/ThreeDotsLabs/watermill/message.(*messageTransformSubscriberDecorator).Subscribe in goroutine 55362
	/Users/jace/go/pkg/mod/github.com/!three!dots!labs/watermill@v1.4.6/message/decorator.go:51 +0xc7

goroutine 55734 [chan receive]:
github.com/ThreeDotsLabs/watermill/message.(*handler).run(0xc002c26c30, {0x10a337fa0, 0xc000226e10}, {0xc002d92d80, 0x6, 0x0?})
	/Users/jace/go/pkg/mod/github.com/!three!dots!labs/watermill@v1.4.6/message/router.go:645 +0x2b4
github.com/ThreeDotsLabs/watermill/message.(*Router).RunHandlers.func1()
	/Users/jace/go/pkg/mod/github.com/!three!dots!labs/watermill@v1.4.6/message/router.go:460 +0x145
created by github.com/ThreeDotsLabs/watermill/message.(*Router).RunHandlers in goroutine 55362
	/Users/jace/go/pkg/mod/github.com/!three!dots!labs/watermill@v1.4.6/message/router.go:453 +0x606

goroutine 58694 [chan receive]:
github.com/ThreeDotsLabs/watermill/message.(*messageTransformSubscriberDecorator).Subscribe.func1()
	/Users/jace/go/pkg/mod/github.com/!three!dots!labs/watermill@v1.4.6/message/decorator.go:52 +0x85
created by github.com/ThreeDotsLabs/watermill/message.(*messageTransformSubscriberDecorator).Subscribe in goroutine 58544
	/Users/jace/go/pkg/mod/github.com/!three!dots!labs/watermill@v1.4.6/message/decorator.go:51 +0xc7

goroutine 60426 [chan receive]:
github.com/ThreeDotsLabs/watermill/message.(*messageTransformSubscriberDecorator).Subscribe.func1()
	/Users/jace/go/pkg/mod/github.com/!three!dots!labs/watermill@v1.4.6/message/decorator.go:52 +0x85
created by github.com/ThreeDotsLabs/watermill/message.(*messageTransformSubscriberDecorator).Subscribe in goroutine 59782
	/Users/jace/go/pkg/mod/github.com/!three!dots!labs/watermill@v1.4.6/message/decorator.go:51 +0xc7

goroutine 62196 [select]:
github.com/nats-io/nats%2ego.(*Conn).doReconnect(0xc0032ae008, {0x10a327f28, 0x10acedb30}, 0x0)
	/Users/jace/go/pkg/mod/github.com/nats-io/nats.go@v1.41.1/nats.go:2907 +0x41a
created by github.com/nats-io/nats%2ego.(*Conn).processOpErr in goroutine 61522
	/Users/jace/go/pkg/mod/github.com/nats-io/nats.go@v1.41.1/nats.go:3043 +0x2f3

goroutine 55723 [select]:
github.com/nats-io/nats.go/jetstream.(*pullSubscription).pullMessages(0xc002b4ea20, {0xc000254be0, 0x4f})
	/Users/jace/go/pkg/mod/github.com/nats-io/nats.go@v1.41.1/jetstream/pull.go:955 +0x91
created by github.com/nats-io/nats.go/jetstream.(*pullConsumer).Messages in goroutine 55362
	/Users/jace/go/pkg/mod/github.com/nats-io/nats.go@v1.41.1/jetstream/pull.go:534 +0x748

goroutine 55724 [select]:
github.com/nats-io/nats.go/jetstream.(*pullConsumer).Messages.func2()
	/Users/jace/go/pkg/mod/github.com/nats-io/nats.go@v1.41.1/jetstream/pull.go:538 +0x68
created by github.com/nats-io/nats.go/jetstream.(*pullConsumer).Messages in goroutine 55362
	/Users/jace/go/pkg/mod/github.com/nats-io/nats.go@v1.41.1/jetstream/pull.go:536 +0x78a

goroutine 55725 [select]:
github.com/nats-io/nats.go/jetstream.(*pullSubscription).Next(0xc002b4ea20)
	/Users/jace/go/pkg/mod/github.com/nats-io/nats.go@v1.41.1/jetstream/pull.go:589 +0x285
github.com/Black-And-White-Club/frolf-bot-shared/eventbus.(*eventBus).Subscribe.func1()
	/Users/jace/Documents/GitHub/frolf-bot-shared/eventbus/eventbus.go:326 +0x169
created by github.com/Black-And-White-Club/frolf-bot-shared/eventbus.(*eventBus).Subscribe in goroutine 55362
	/Users/jace/Documents/GitHub/frolf-bot-shared/eventbus/eventbus.go:315 +0xbf1

goroutine 55726 [chan receive]:
github.com/ThreeDotsLabs/watermill/message.(*messageTransformSubscriberDecorator).Subscribe.func1()
	/Users/jace/go/pkg/mod/github.com/!three!dots!labs/watermill@v1.4.6/message/decorator.go:52 +0x85
created by github.com/ThreeDotsLabs/watermill/message.(*messageTransformSubscriberDecorator).Subscribe in goroutine 55362
	/Users/jace/go/pkg/mod/github.com/!three!dots!labs/watermill@v1.4.6/message/decorator.go:51 +0xc7

goroutine 55727 [chan receive]:
github.com/ThreeDotsLabs/watermill/message.(*handler).run(0xc002c271e0, {0x10a337fa0, 0xc0009b7ae0}, {0xc002d92f00, 0x6, 0x50?})
	/Users/jace/go/pkg/mod/github.com/!three!dots!labs/watermill@v1.4.6/message/router.go:645 +0x2b4
github.com/ThreeDotsLabs/watermill/message.(*Router).RunHandlers.func1()
	/Users/jace/go/pkg/mod/github.com/!three!dots!labs/watermill@v1.4.6/message/router.go:460 +0x145
created by github.com/ThreeDotsLabs/watermill/message.(*Router).RunHandlers in goroutine 55362
	/Users/jace/go/pkg/mod/github.com/!three!dots!labs/watermill@v1.4.6/message/router.go:453 +0x606

goroutine 55844 [select]:
github.com/nats-io/nats.go/jetstream.(*pullSubscription).pullMessages(0xc0029a21b0, {0xc000e56840, 0x52})
	/Users/jace/go/pkg/mod/github.com/nats-io/nats.go@v1.41.1/jetstream/pull.go:955 +0x91
created by github.com/nats-io/nats.go/jetstream.(*pullConsumer).Messages in goroutine 55362
	/Users/jace/go/pkg/mod/github.com/nats-io/nats.go@v1.41.1/jetstream/pull.go:534 +0x748

goroutine 57457 [select]:
github.com/nats-io/nats%2ego.(*Conn).doReconnect(0xc0025c9c08, {0x10a327f28, 0x10acedb30}, 0x0)
	/Users/jace/go/pkg/mod/github.com/nats-io/nats.go@v1.41.1/nats.go:2907 +0x41a
created by github.com/nats-io/nats%2ego.(*Conn).processOpErr in goroutine 56254
	/Users/jace/go/pkg/mod/github.com/nats-io/nats.go@v1.41.1/nats.go:3043 +0x2f3

goroutine 60691 [select]:
github.com/nats-io/nats%2ego.(*Conn).doReconnect(0xc001e09808, {0x10a327f28, 0x10acedb30}, 0x0)
	/Users/jace/go/pkg/mod/github.com/nats-io/nats.go@v1.41.1/nats.go:2907 +0x41a
created by github.com/nats-io/nats%2ego.(*Conn).processOpErr in goroutine 59471
	/Users/jace/go/pkg/mod/github.com/nats-io/nats.go@v1.41.1/nats.go:3043 +0x2f3

goroutine 64426 [select]:
github.com/nats-io/nats.go/jetstream.(*pullConsumer).Messages.func2()
	/Users/jace/go/pkg/mod/github.com/nats-io/nats.go@v1.41.1/jetstream/pull.go:538 +0x68
created by github.com/nats-io/nats.go/jetstream.(*pullConsumer).Messages in goroutine 64412
	/Users/jace/go/pkg/mod/github.com/nats-io/nats.go@v1.41.1/jetstream/pull.go:536 +0x78a

goroutine 57288 [chan receive]:
github.com/ThreeDotsLabs/watermill/message.(*handler).run(0xc001e8ef70, {0x10a337fa0, 0xc001531ae0}, {0xc002044d80, 0x6, 0x0?})
	/Users/jace/go/pkg/mod/github.com/!three!dots!labs/watermill@v1.4.6/message/router.go:645 +0x2b4
github.com/ThreeDotsLabs/watermill/message.(*Router).RunHandlers.func1()
	/Users/jace/go/pkg/mod/github.com/!three!dots!labs/watermill@v1.4.6/message/router.go:460 +0x145
created by github.com/ThreeDotsLabs/watermill/message.(*Router).RunHandlers in goroutine 57220
	/Users/jace/go/pkg/mod/github.com/!three!dots!labs/watermill@v1.4.6/message/router.go:453 +0x606

goroutine 57408 [select]:
github.com/nats-io/nats.go/jetstream.(*pullSubscription).pullMessages(0xc0020e8000, {0xc00004f0e0, 0x45})
	/Users/jace/go/pkg/mod/github.com/nats-io/nats.go@v1.41.1/jetstream/pull.go:955 +0x91
created by github.com/nats-io/nats.go/jetstream.(*pullConsumer).Messages in goroutine 57220
	/Users/jace/go/pkg/mod/github.com/nats-io/nats.go@v1.41.1/jetstream/pull.go:534 +0x748

goroutine 55864 [chan receive]:
github.com/ThreeDotsLabs/watermill/message.(*handler).run(0xc002c272b0, {0x10a337fa0, 0xc002ce3590}, {0xc0001fda40, 0x6, 0x0?})
	/Users/jace/go/pkg/mod/github.com/!three!dots!labs/watermill@v1.4.6/message/router.go:645 +0x2b4
github.com/ThreeDotsLabs/watermill/message.(*Router).RunHandlers.func1()
	/Users/jace/go/pkg/mod/github.com/!three!dots!labs/watermill@v1.4.6/message/router.go:460 +0x145
created by github.com/ThreeDotsLabs/watermill/message.(*Router).RunHandlers in goroutine 55362
	/Users/jace/go/pkg/mod/github.com/!three!dots!labs/watermill@v1.4.6/message/router.go:453 +0x606

goroutine 55681 [select]:
github.com/nats-io/nats.go/jetstream.(*pullSubscription).pullMessages(0xc00288c3f0, {0xc000144cc0, 0x56})
	/Users/jace/go/pkg/mod/github.com/nats-io/nats.go@v1.41.1/jetstream/pull.go:955 +0x91
created by github.com/nats-io/nats.go/jetstream.(*pullConsumer).Messages in goroutine 55362
	/Users/jace/go/pkg/mod/github.com/nats-io/nats.go@v1.41.1/jetstream/pull.go:534 +0x748

goroutine 55826 [select]:
github.com/nats-io/nats.go/jetstream.(*pullConsumer).Messages.func2()
	/Users/jace/go/pkg/mod/github.com/nats-io/nats.go@v1.41.1/jetstream/pull.go:538 +0x68
created by github.com/nats-io/nats.go/jetstream.(*pullConsumer).Messages in goroutine 55362
	/Users/jace/go/pkg/mod/github.com/nats-io/nats.go@v1.41.1/jetstream/pull.go:536 +0x78a

goroutine 55827 [select]:
github.com/nats-io/nats.go/jetstream.(*pullSubscription).Next(0xc00288c3f0)
	/Users/jace/go/pkg/mod/github.com/nats-io/nats.go@v1.41.1/jetstream/pull.go:589 +0x285
github.com/Black-And-White-Club/frolf-bot-shared/eventbus.(*eventBus).Subscribe.func1()
	/Users/jace/Documents/GitHub/frolf-bot-shared/eventbus/eventbus.go:326 +0x169
created by github.com/Black-And-White-Club/frolf-bot-shared/eventbus.(*eventBus).Subscribe in goroutine 55362
	/Users/jace/Documents/GitHub/frolf-bot-shared/eventbus/eventbus.go:315 +0xbf1

goroutine 55828 [chan receive]:
github.com/ThreeDotsLabs/watermill/message.(*messageTransformSubscriberDecorator).Subscribe.func1()
	/Users/jace/go/pkg/mod/github.com/!three!dots!labs/watermill@v1.4.6/message/decorator.go:52 +0x85
created by github.com/ThreeDotsLabs/watermill/message.(*messageTransformSubscriberDecorator).Subscribe in goroutine 55362
	/Users/jace/go/pkg/mod/github.com/!three!dots!labs/watermill@v1.4.6/message/decorator.go:51 +0xc7

goroutine 55829 [chan receive]:
github.com/ThreeDotsLabs/watermill/message.(*handler).run(0xc002c26dd0, {0x10a337fa0, 0xc002ce30e0}, {0xc002d92fc0, 0x6, 0x0?})
	/Users/jace/go/pkg/mod/github.com/!three!dots!labs/watermill@v1.4.6/message/router.go:645 +0x2b4
github.com/ThreeDotsLabs/watermill/message.(*Router).RunHandlers.func1()
	/Users/jace/go/pkg/mod/github.com/!three!dots!labs/watermill@v1.4.6/message/router.go:460 +0x145
created by github.com/ThreeDotsLabs/watermill/message.(*Router).RunHandlers in goroutine 55362
	/Users/jace/go/pkg/mod/github.com/!three!dots!labs/watermill@v1.4.6/message/router.go:453 +0x606

goroutine 61621 [chan receive]:
github.com/ThreeDotsLabs/watermill/message.(*handler).run(0xc0032c44e0, {0x10a337fa0, 0xc0021318b0}, {0xc0030dd2c0, 0x6, 0xc0022de778?})
	/Users/jace/go/pkg/mod/github.com/!three!dots!labs/watermill@v1.4.6/message/router.go:645 +0x2b4
github.com/ThreeDotsLabs/watermill/message.(*Router).RunHandlers.func1()
	/Users/jace/go/pkg/mod/github.com/!three!dots!labs/watermill@v1.4.6/message/router.go:460 +0x145
created by github.com/ThreeDotsLabs/watermill/message.(*Router).RunHandlers in goroutine 61572
	/Users/jace/go/pkg/mod/github.com/!three!dots!labs/watermill@v1.4.6/message/router.go:453 +0x606

goroutine 58481 [chan receive]:
github.com/ThreeDotsLabs/watermill/message.(*handler).run(0xc002b3d860, {0x10a337fa0, 0xc0030aa870}, {0xc000cfe480, 0x6, 0xc0023d4f70?})
	/Users/jace/go/pkg/mod/github.com/!three!dots!labs/watermill@v1.4.6/message/router.go:645 +0x2b4
github.com/ThreeDotsLabs/watermill/message.(*Router).RunHandlers.func1()
	/Users/jace/go/pkg/mod/github.com/!three!dots!labs/watermill@v1.4.6/message/router.go:460 +0x145
created by github.com/ThreeDotsLabs/watermill/message.(*Router).RunHandlers in goroutine 58544
	/Users/jace/go/pkg/mod/github.com/!three!dots!labs/watermill@v1.4.6/message/router.go:453 +0x606

goroutine 56265 [select]:
github.com/nats-io/nats.go/jetstream.(*pullSubscription).pullMessages(0xc0014becf0, {0xc000254e10, 0x4f})
	/Users/jace/go/pkg/mod/github.com/nats-io/nats.go@v1.41.1/jetstream/pull.go:955 +0x91
created by github.com/nats-io/nats.go/jetstream.(*pullConsumer).Messages in goroutine 57220
	/Users/jace/go/pkg/mod/github.com/nats-io/nats.go@v1.41.1/jetstream/pull.go:534 +0x748

goroutine 64664 [select]:
github.com/nats-io/nats.go/jetstream.(*pullConsumer).Messages.func2()
	/Users/jace/go/pkg/mod/github.com/nats-io/nats.go@v1.41.1/jetstream/pull.go:538 +0x68
created by github.com/nats-io/nats.go/jetstream.(*pullConsumer).Messages in goroutine 64412
	/Users/jace/go/pkg/mod/github.com/nats-io/nats.go@v1.41.1/jetstream/pull.go:536 +0x78a

goroutine 55871 [select]:
github.com/nats-io/nats.go/jetstream.(*pullSubscription).pullMessages(0xc002337560, {0xc0007d76d0, 0x48})
	/Users/jace/go/pkg/mod/github.com/nats-io/nats.go@v1.41.1/jetstream/pull.go:955 +0x91
created by github.com/nats-io/nats.go/jetstream.(*pullConsumer).Messages in goroutine 55362
	/Users/jace/go/pkg/mod/github.com/nats-io/nats.go@v1.41.1/jetstream/pull.go:534 +0x748

goroutine 55872 [select]:
github.com/nats-io/nats.go/jetstream.(*pullConsumer).Messages.func2()
	/Users/jace/go/pkg/mod/github.com/nats-io/nats.go@v1.41.1/jetstream/pull.go:538 +0x68
created by github.com/nats-io/nats.go/jetstream.(*pullConsumer).Messages in goroutine 55362
	/Users/jace/go/pkg/mod/github.com/nats-io/nats.go@v1.41.1/jetstream/pull.go:536 +0x78a

goroutine 55873 [select]:
github.com/nats-io/nats.go/jetstream.(*pullSubscription).Next(0xc002337560)
	/Users/jace/go/pkg/mod/github.com/nats-io/nats.go@v1.41.1/jetstream/pull.go:589 +0x285
github.com/Black-And-White-Club/frolf-bot-shared/eventbus.(*eventBus).Subscribe.func1()
	/Users/jace/Documents/GitHub/frolf-bot-shared/eventbus/eventbus.go:326 +0x169
created by github.com/Black-And-White-Club/frolf-bot-shared/eventbus.(*eventBus).Subscribe in goroutine 55362
	/Users/jace/Documents/GitHub/frolf-bot-shared/eventbus/eventbus.go:315 +0xbf1

goroutine 55906 [chan receive]:
github.com/ThreeDotsLabs/watermill/message.(*messageTransformSubscriberDecorator).Subscribe.func1()
	/Users/jace/go/pkg/mod/github.com/!three!dots!labs/watermill@v1.4.6/message/decorator.go:52 +0x85
created by github.com/ThreeDotsLabs/watermill/message.(*messageTransformSubscriberDecorator).Subscribe in goroutine 55362
	/Users/jace/go/pkg/mod/github.com/!three!dots!labs/watermill@v1.4.6/message/decorator.go:51 +0xc7

goroutine 55907 [chan receive]:
github.com/ThreeDotsLabs/watermill/message.(*handler).run(0xc002c275f0, {0x10a337fa0, 0xc002ce3720}, {0xc0001fdb00, 0x6, 0x0?})
	/Users/jace/go/pkg/mod/github.com/!three!dots!labs/watermill@v1.4.6/message/router.go:645 +0x2b4
github.com/ThreeDotsLabs/watermill/message.(*Router).RunHandlers.func1()
	/Users/jace/go/pkg/mod/github.com/!three!dots!labs/watermill@v1.4.6/message/router.go:460 +0x145
created by github.com/ThreeDotsLabs/watermill/message.(*Router).RunHandlers in goroutine 55362
	/Users/jace/go/pkg/mod/github.com/!three!dots!labs/watermill@v1.4.6/message/router.go:453 +0x606

goroutine 57359 [chan receive]:
github.com/ThreeDotsLabs/watermill/message.(*handler).run(0xc001e8f790, {0x10a337fa0, 0xc00192a230}, {0xc002660300, 0x6, 0x4?})
	/Users/jace/go/pkg/mod/github.com/!three!dots!labs/watermill@v1.4.6/message/router.go:645 +0x2b4
github.com/ThreeDotsLabs/watermill/message.(*Router).RunHandlers.func1()
	/Users/jace/go/pkg/mod/github.com/!three!dots!labs/watermill@v1.4.6/message/router.go:460 +0x145
created by github.com/ThreeDotsLabs/watermill/message.(*Router).RunHandlers in goroutine 57220
	/Users/jace/go/pkg/mod/github.com/!three!dots!labs/watermill@v1.4.6/message/router.go:453 +0x606

goroutine 57285 [select]:
github.com/nats-io/nats.go/jetstream.(*pullConsumer).Messages.func2()
	/Users/jace/go/pkg/mod/github.com/nats-io/nats.go@v1.41.1/jetstream/pull.go:538 +0x68
created by github.com/nats-io/nats.go/jetstream.(*pullConsumer).Messages in goroutine 57220
	/Users/jace/go/pkg/mod/github.com/nats-io/nats.go@v1.41.1/jetstream/pull.go:536 +0x78a

goroutine 55785 [select]:
github.com/nats-io/nats.go/jetstream.(*pullConsumer).Messages.func2()
	/Users/jace/go/pkg/mod/github.com/nats-io/nats.go@v1.41.1/jetstream/pull.go:538 +0x68
created by github.com/nats-io/nats.go/jetstream.(*pullConsumer).Messages in goroutine 55362
	/Users/jace/go/pkg/mod/github.com/nats-io/nats.go@v1.41.1/jetstream/pull.go:536 +0x78a

goroutine 55786 [select]:
github.com/nats-io/nats.go/jetstream.(*pullSubscription).Next(0xc002b4f9e0)
	/Users/jace/go/pkg/mod/github.com/nats-io/nats.go@v1.41.1/jetstream/pull.go:589 +0x285
github.com/Black-And-White-Club/frolf-bot-shared/eventbus.(*eventBus).Subscribe.func1()
	/Users/jace/Documents/GitHub/frolf-bot-shared/eventbus/eventbus.go:326 +0x169
created by github.com/Black-And-White-Club/frolf-bot-shared/eventbus.(*eventBus).Subscribe in goroutine 55362
	/Users/jace/Documents/GitHub/frolf-bot-shared/eventbus/eventbus.go:315 +0xbf1

goroutine 55787 [chan receive]:
github.com/ThreeDotsLabs/watermill/message.(*messageTransformSubscriberDecorator).Subscribe.func1()
	/Users/jace/go/pkg/mod/github.com/!three!dots!labs/watermill@v1.4.6/message/decorator.go:52 +0x85
created by github.com/ThreeDotsLabs/watermill/message.(*messageTransformSubscriberDecorator).Subscribe in goroutine 55362
	/Users/jace/go/pkg/mod/github.com/!three!dots!labs/watermill@v1.4.6/message/decorator.go:51 +0xc7

goroutine 55788 [chan receive]:
github.com/ThreeDotsLabs/watermill/message.(*handler).run(0xc002c26340, {0x10a337fa0, 0xc002ce3b30}, {0xc0013ae300, 0x6, 0x0?})
	/Users/jace/go/pkg/mod/github.com/!three!dots!labs/watermill@v1.4.6/message/router.go:645 +0x2b4
github.com/ThreeDotsLabs/watermill/message.(*Router).RunHandlers.func1()
	/Users/jace/go/pkg/mod/github.com/!three!dots!labs/watermill@v1.4.6/message/router.go:460 +0x145
created by github.com/ThreeDotsLabs/watermill/message.(*Router).RunHandlers in goroutine 55362
	/Users/jace/go/pkg/mod/github.com/!three!dots!labs/watermill@v1.4.6/message/router.go:453 +0x606

goroutine 63411 [sync.WaitGroup.Wait]:
sync.runtime_SemacquireWaitGroup(0x0?)
	/usr/local/Cellar/go/1.24.2/libexec/src/runtime/sema.go:110 +0x25
sync.(*WaitGroup).Wait(0x1000?)
	/usr/local/Cellar/go/1.24.2/libexec/src/sync/waitgroup.go:118 +0x48
github.com/ThreeDotsLabs/watermill/pubsub/sync.WaitGroupTimeout.func1()
	/Users/jace/go/pkg/mod/github.com/!three!dots!labs/watermill@v1.4.6/pubsub/sync/waitgroup.go:13 +0x25
created by github.com/ThreeDotsLabs/watermill/pubsub/sync.WaitGroupTimeout in goroutine 62267
	/Users/jace/go/pkg/mod/github.com/!three!dots!labs/watermill@v1.4.6/pubsub/sync/waitgroup.go:12 +0x85

goroutine 60313 [chan receive]:
github.com/ThreeDotsLabs/watermill/message.(*messageTransformSubscriberDecorator).Subscribe.func1()
	/Users/jace/go/pkg/mod/github.com/!three!dots!labs/watermill@v1.4.6/message/decorator.go:52 +0x85
created by github.com/ThreeDotsLabs/watermill/message.(*messageTransformSubscriberDecorator).Subscribe in goroutine 59782
	/Users/jace/go/pkg/mod/github.com/!three!dots!labs/watermill@v1.4.6/message/decorator.go:51 +0xc7

goroutine 58570 [select]:
github.com/nats-io/nats.go/jetstream.(*pullSubscription).Next(0xc00172d050)
	/Users/jace/go/pkg/mod/github.com/nats-io/nats.go@v1.41.1/jetstream/pull.go:589 +0x285
github.com/Black-And-White-Club/frolf-bot-shared/eventbus.(*eventBus).Subscribe.func1()
	/Users/jace/Documents/GitHub/frolf-bot-shared/eventbus/eventbus.go:326 +0x169
created by github.com/Black-And-White-Club/frolf-bot-shared/eventbus.(*eventBus).Subscribe in goroutine 58544
	/Users/jace/Documents/GitHub/frolf-bot-shared/eventbus/eventbus.go:315 +0xbf1

goroutine 57429 [chan receive]:
github.com/ThreeDotsLabs/watermill/message.(*handler).run(0xc001e8f2b0, {0x10a337fa0, 0xc001531e50}, {0xc001e7d500, 0x6, 0x0?})
	/Users/jace/go/pkg/mod/github.com/!three!dots!labs/watermill@v1.4.6/message/router.go:645 +0x2b4
github.com/ThreeDotsLabs/watermill/message.(*Router).RunHandlers.func1()
	/Users/jace/go/pkg/mod/github.com/!three!dots!labs/watermill@v1.4.6/message/router.go:460 +0x145
created by github.com/ThreeDotsLabs/watermill/message.(*Router).RunHandlers in goroutine 57220
	/Users/jace/go/pkg/mod/github.com/!three!dots!labs/watermill@v1.4.6/message/router.go:453 +0x606

goroutine 61889 [select]:
github.com/nats-io/nats.go/jetstream.(*pullSubscription).Next(0xc0032ff5f0)
	/Users/jace/go/pkg/mod/github.com/nats-io/nats.go@v1.41.1/jetstream/pull.go:589 +0x285
github.com/Black-And-White-Club/frolf-bot-shared/eventbus.(*eventBus).Subscribe.func1()
	/Users/jace/Documents/GitHub/frolf-bot-shared/eventbus/eventbus.go:326 +0x169
created by github.com/Black-And-White-Club/frolf-bot-shared/eventbus.(*eventBus).Subscribe in goroutine 61572
	/Users/jace/Documents/GitHub/frolf-bot-shared/eventbus/eventbus.go:315 +0xbf1

goroutine 60370 [chan receive]:
github.com/ThreeDotsLabs/watermill/message.(*messageTransformSubscriberDecorator).Subscribe.func1()
	/Users/jace/go/pkg/mod/github.com/!three!dots!labs/watermill@v1.4.6/message/decorator.go:52 +0x85
created by github.com/ThreeDotsLabs/watermill/message.(*messageTransformSubscriberDecorator).Subscribe in goroutine 59782
	/Users/jace/go/pkg/mod/github.com/!three!dots!labs/watermill@v1.4.6/message/decorator.go:51 +0xc7

goroutine 61976 [select]:
github.com/nats-io/nats.go/jetstream.(*pullSubscription).Next(0xc0035306c0)
	/Users/jace/go/pkg/mod/github.com/nats-io/nats.go@v1.41.1/jetstream/pull.go:589 +0x285
github.com/Black-And-White-Club/frolf-bot-shared/eventbus.(*eventBus).Subscribe.func1()
	/Users/jace/Documents/GitHub/frolf-bot-shared/eventbus/eventbus.go:326 +0x169
created by github.com/Black-And-White-Club/frolf-bot-shared/eventbus.(*eventBus).Subscribe in goroutine 61572
	/Users/jace/Documents/GitHub/frolf-bot-shared/eventbus/eventbus.go:315 +0xbf1

goroutine 63287 [chan receive]:
github.com/ThreeDotsLabs/watermill/message.(*handler).run(0xc001388750, {0x10a337fa0, 0xc002ce2c30}, {0xc001caf200, 0x6, 0xc0023d4778?})
	/Users/jace/go/pkg/mod/github.com/!three!dots!labs/watermill@v1.4.6/message/router.go:645 +0x2b4
github.com/ThreeDotsLabs/watermill/message.(*Router).RunHandlers.func1()
	/Users/jace/go/pkg/mod/github.com/!three!dots!labs/watermill@v1.4.6/message/router.go:460 +0x145
created by github.com/ThreeDotsLabs/watermill/message.(*Router).RunHandlers in goroutine 63116
	/Users/jace/go/pkg/mod/github.com/!three!dots!labs/watermill@v1.4.6/message/router.go:453 +0x606

goroutine 57300 [chan receive]:
github.com/ThreeDotsLabs/watermill/message.(*handler).run(0xc0014729c0, {0x10a337fa0, 0xc00098ba40}, {0xc002044cc0, 0x6, 0x4?})
	/Users/jace/go/pkg/mod/github.com/!three!dots!labs/watermill@v1.4.6/message/router.go:645 +0x2b4
github.com/ThreeDotsLabs/watermill/message.(*Router).RunHandlers.func1()
	/Users/jace/go/pkg/mod/github.com/!three!dots!labs/watermill@v1.4.6/message/router.go:460 +0x145
created by github.com/ThreeDotsLabs/watermill/message.(*Router).RunHandlers in goroutine 57220
	/Users/jace/go/pkg/mod/github.com/!three!dots!labs/watermill@v1.4.6/message/router.go:453 +0x606

goroutine 57357 [select]:
github.com/nats-io/nats.go/jetstream.(*pullSubscription).Next(0xc001535b00)
	/Users/jace/go/pkg/mod/github.com/nats-io/nats.go@v1.41.1/jetstream/pull.go:589 +0x285
github.com/Black-And-White-Club/frolf-bot-shared/eventbus.(*eventBus).Subscribe.func1()
	/Users/jace/Documents/GitHub/frolf-bot-shared/eventbus/eventbus.go:326 +0x169
created by github.com/Black-And-White-Club/frolf-bot-shared/eventbus.(*eventBus).Subscribe in goroutine 57220
	/Users/jace/Documents/GitHub/frolf-bot-shared/eventbus/eventbus.go:315 +0xbf1

goroutine 61626 [select]:
github.com/nats-io/nats.go/jetstream.(*pullSubscription).pullMessages(0xc003314ea0, {0xc0033003c0, 0x56})
	/Users/jace/go/pkg/mod/github.com/nats-io/nats.go@v1.41.1/jetstream/pull.go:955 +0x91
created by github.com/nats-io/nats.go/jetstream.(*pullConsumer).Messages in goroutine 61572
	/Users/jace/go/pkg/mod/github.com/nats-io/nats.go@v1.41.1/jetstream/pull.go:534 +0x748

goroutine 61717 [chan receive]:
github.com/ThreeDotsLabs/watermill/message.(*messageTransformSubscriberDecorator).Subscribe.func1()
	/Users/jace/go/pkg/mod/github.com/!three!dots!labs/watermill@v1.4.6/message/decorator.go:52 +0x85
created by github.com/ThreeDotsLabs/watermill/message.(*messageTransformSubscriberDecorator).Subscribe in goroutine 61572
	/Users/jace/go/pkg/mod/github.com/!three!dots!labs/watermill@v1.4.6/message/decorator.go:51 +0xc7

goroutine 61920 [chan receive]:
github.com/ThreeDotsLabs/watermill/message.(*handler).run(0xc0032c5380, {0x10a337fa0, 0xc0031e7590}, {0xc00204be00, 0x6, 0xc0029aaf78?})
	/Users/jace/go/pkg/mod/github.com/!three!dots!labs/watermill@v1.4.6/message/router.go:645 +0x2b4
github.com/ThreeDotsLabs/watermill/message.(*Router).RunHandlers.func1()
	/Users/jace/go/pkg/mod/github.com/!three!dots!labs/watermill@v1.4.6/message/router.go:460 +0x145
created by github.com/ThreeDotsLabs/watermill/message.(*Router).RunHandlers in goroutine 61572
	/Users/jace/go/pkg/mod/github.com/!three!dots!labs/watermill@v1.4.6/message/router.go:453 +0x606

goroutine 60222 [select]:
github.com/nats-io/nats.go/jetstream.(*pullSubscription).pullMessages(0xc001282120, {0xc001eb9590, 0x4f})
	/Users/jace/go/pkg/mod/github.com/nats-io/nats.go@v1.41.1/jetstream/pull.go:955 +0x91
created by github.com/nats-io/nats.go/jetstream.(*pullConsumer).Messages in goroutine 59782
	/Users/jace/go/pkg/mod/github.com/nats-io/nats.go@v1.41.1/jetstream/pull.go:534 +0x748

goroutine 57499 [select]:
github.com/nats-io/nats%2ego.(*Conn).doReconnect(0xc00155f808, {0x10a327f28, 0x10acedb30}, 0x0)
	/Users/jace/go/pkg/mod/github.com/nats-io/nats.go@v1.41.1/nats.go:2907 +0x41a
created by github.com/nats-io/nats%2ego.(*Conn).processOpErr in goroutine 57030
	/Users/jace/go/pkg/mod/github.com/nats-io/nats.go@v1.41.1/nats.go:3043 +0x2f3

goroutine 61633 [select]:
github.com/nats-io/nats.go/jetstream.(*pullSubscription).Next(0xc003315290)
	/Users/jace/go/pkg/mod/github.com/nats-io/nats.go@v1.41.1/jetstream/pull.go:589 +0x285
github.com/Black-And-White-Club/frolf-bot-shared/eventbus.(*eventBus).Subscribe.func1()
	/Users/jace/Documents/GitHub/frolf-bot-shared/eventbus/eventbus.go:326 +0x169
created by github.com/Black-And-White-Club/frolf-bot-shared/eventbus.(*eventBus).Subscribe in goroutine 61572
	/Users/jace/Documents/GitHub/frolf-bot-shared/eventbus/eventbus.go:315 +0xbf1

goroutine 60183 [select]:
github.com/nats-io/nats.go/jetstream.(*pullConsumer).Messages.func2()
	/Users/jace/go/pkg/mod/github.com/nats-io/nats.go@v1.41.1/jetstream/pull.go:538 +0x68
created by github.com/nats-io/nats.go/jetstream.(*pullConsumer).Messages in goroutine 59782
	/Users/jace/go/pkg/mod/github.com/nats-io/nats.go@v1.41.1/jetstream/pull.go:536 +0x78a

goroutine 57286 [select]:
github.com/nats-io/nats.go/jetstream.(*pullSubscription).Next(0xc001534900)
	/Users/jace/go/pkg/mod/github.com/nats-io/nats.go@v1.41.1/jetstream/pull.go:589 +0x285
github.com/Black-And-White-Club/frolf-bot-shared/eventbus.(*eventBus).Subscribe.func1()
	/Users/jace/Documents/GitHub/frolf-bot-shared/eventbus/eventbus.go:326 +0x169
created by github.com/Black-And-White-Club/frolf-bot-shared/eventbus.(*eventBus).Subscribe in goroutine 57220
	/Users/jace/Documents/GitHub/frolf-bot-shared/eventbus/eventbus.go:315 +0xbf1

goroutine 64570 [chan receive]:
github.com/ThreeDotsLabs/watermill/message.(*messageTransformSubscriberDecorator).Subscribe.func1()
	/Users/jace/go/pkg/mod/github.com/!three!dots!labs/watermill@v1.4.6/message/decorator.go:52 +0x85
created by github.com/ThreeDotsLabs/watermill/message.(*messageTransformSubscriberDecorator).Subscribe in goroutine 64412
	/Users/jace/go/pkg/mod/github.com/!three!dots!labs/watermill@v1.4.6/message/decorator.go:51 +0xc7

goroutine 61532 [select]:
github.com/nats-io/nats.go/jetstream.(*pullSubscription).Next(0xc0031e42d0)
	/Users/jace/go/pkg/mod/github.com/nats-io/nats.go@v1.41.1/jetstream/pull.go:589 +0x285
github.com/Black-And-White-Club/frolf-bot-shared/eventbus.(*eventBus).Subscribe.func1()
	/Users/jace/Documents/GitHub/frolf-bot-shared/eventbus/eventbus.go:326 +0x169
created by github.com/Black-And-White-Club/frolf-bot-shared/eventbus.(*eventBus).Subscribe in goroutine 61572
	/Users/jace/Documents/GitHub/frolf-bot-shared/eventbus/eventbus.go:315 +0xbf1

goroutine 57284 [select]:
github.com/nats-io/nats.go/jetstream.(*pullSubscription).pullMessages(0xc001534900, {0xc00017fea0, 0x4f})
	/Users/jace/go/pkg/mod/github.com/nats-io/nats.go@v1.41.1/jetstream/pull.go:955 +0x91
created by github.com/nats-io/nats.go/jetstream.(*pullConsumer).Messages in goroutine 57220
	/Users/jace/go/pkg/mod/github.com/nats-io/nats.go@v1.41.1/jetstream/pull.go:534 +0x748

goroutine 57298 [select]:
github.com/nats-io/nats.go/jetstream.(*pullSubscription).Next(0xc001fc3200)
	/Users/jace/go/pkg/mod/github.com/nats-io/nats.go@v1.41.1/jetstream/pull.go:589 +0x285
github.com/Black-And-White-Club/frolf-bot-shared/eventbus.(*eventBus).Subscribe.func1()
	/Users/jace/Documents/GitHub/frolf-bot-shared/eventbus/eventbus.go:326 +0x169
created by github.com/Black-And-White-Club/frolf-bot-shared/eventbus.(*eventBus).Subscribe in goroutine 57220
	/Users/jace/Documents/GitHub/frolf-bot-shared/eventbus/eventbus.go:315 +0xbf1

goroutine 62083 [select]:
github.com/nats-io/nats.go/jetstream.(*pullSubscription).Next(0xc0010d4510)
	/Users/jace/go/pkg/mod/github.com/nats-io/nats.go@v1.41.1/jetstream/pull.go:589 +0x285
github.com/Black-And-White-Club/frolf-bot-shared/eventbus.(*eventBus).Subscribe.func1()
	/Users/jace/Documents/GitHub/frolf-bot-shared/eventbus/eventbus.go:326 +0x169
created by github.com/Black-And-White-Club/frolf-bot-shared/eventbus.(*eventBus).Subscribe in goroutine 61572
	/Users/jace/Documents/GitHub/frolf-bot-shared/eventbus/eventbus.go:315 +0xbf1

goroutine 57299 [chan receive]:
github.com/ThreeDotsLabs/watermill/message.(*messageTransformSubscriberDecorator).Subscribe.func1()
	/Users/jace/go/pkg/mod/github.com/!three!dots!labs/watermill@v1.4.6/message/decorator.go:52 +0x85
created by github.com/ThreeDotsLabs/watermill/message.(*messageTransformSubscriberDecorator).Subscribe in goroutine 57220
	/Users/jace/go/pkg/mod/github.com/!three!dots!labs/watermill@v1.4.6/message/decorator.go:51 +0xc7

goroutine 58723 [select]:
github.com/nats-io/nats.go/jetstream.(*pullSubscription).pullMessages(0xc001c91560, {0xc000f52d80, 0x52})
	/Users/jace/go/pkg/mod/github.com/nats-io/nats.go@v1.41.1/jetstream/pull.go:955 +0x91
created by github.com/nats-io/nats.go/jetstream.(*pullConsumer).Messages in goroutine 58544
	/Users/jace/go/pkg/mod/github.com/nats-io/nats.go@v1.41.1/jetstream/pull.go:534 +0x748

goroutine 64421 [select]:
github.com/nats-io/nats.go/jetstream.(*pullConsumer).Messages.func2()
	/Users/jace/go/pkg/mod/github.com/nats-io/nats.go@v1.41.1/jetstream/pull.go:538 +0x68
created by github.com/nats-io/nats.go/jetstream.(*pullConsumer).Messages in goroutine 64412
	/Users/jace/go/pkg/mod/github.com/nats-io/nats.go@v1.41.1/jetstream/pull.go:536 +0x78a

goroutine 59860 [chan receive]:
github.com/ThreeDotsLabs/watermill/message.(*messageTransformSubscriberDecorator).Subscribe.func1()
	/Users/jace/go/pkg/mod/github.com/!three!dots!labs/watermill@v1.4.6/message/decorator.go:52 +0x85
created by github.com/ThreeDotsLabs/watermill/message.(*messageTransformSubscriberDecorator).Subscribe in goroutine 59782
	/Users/jace/go/pkg/mod/github.com/!three!dots!labs/watermill@v1.4.6/message/decorator.go:51 +0xc7

goroutine 57570 [sync.WaitGroup.Wait]:
sync.runtime_SemacquireWaitGroup(0xc0025fcfc0?)
	/usr/local/Cellar/go/1.24.2/libexec/src/runtime/sema.go:110 +0x25
sync.(*WaitGroup).Wait(0xc0022da740?)
	/usr/local/Cellar/go/1.24.2/libexec/src/sync/waitgroup.go:118 +0x48
github.com/ThreeDotsLabs/watermill/message.(*Router).waitForHandlers.func1()
	/Users/jace/go/pkg/mod/github.com/!three!dots!labs/watermill@v1.4.6/message/router.go:579 +0x4b
created by github.com/ThreeDotsLabs/watermill/message.(*Router).waitForHandlers in goroutine 56368
	/Users/jace/go/pkg/mod/github.com/!three!dots!labs/watermill@v1.4.6/message/router.go:577 +0x87

goroutine 60335 [select]:
github.com/nats-io/nats.go/jetstream.(*pullSubscription).pullMessages(0xc0013b17a0, {0xc000b3ad80, 0x3e})
	/Users/jace/go/pkg/mod/github.com/nats-io/nats.go@v1.41.1/jetstream/pull.go:955 +0x91
created by github.com/nats-io/nats.go/jetstream.(*pullConsumer).Messages in goroutine 59782
	/Users/jace/go/pkg/mod/github.com/nats-io/nats.go@v1.41.1/jetstream/pull.go:534 +0x748

goroutine 58771 [sync.WaitGroup.Wait]:
sync.runtime_SemacquireWaitGroup(0xc0030c6380?)
	/usr/local/Cellar/go/1.24.2/libexec/src/runtime/sema.go:110 +0x25
sync.(*WaitGroup).Wait(0xc00187d730?)
	/usr/local/Cellar/go/1.24.2/libexec/src/sync/waitgroup.go:118 +0x48
github.com/ThreeDotsLabs/watermill/pubsub/sync.WaitGroupTimeout.func1()
	/Users/jace/go/pkg/mod/github.com/!three!dots!labs/watermill@v1.4.6/pubsub/sync/waitgroup.go:13 +0x25
created by github.com/ThreeDotsLabs/watermill/pubsub/sync.WaitGroupTimeout in goroutine 57649
	/Users/jace/go/pkg/mod/github.com/!three!dots!labs/watermill@v1.4.6/pubsub/sync/waitgroup.go:12 +0x85

goroutine 60361 [select]:
github.com/nats-io/nats.go/jetstream.(*pullSubscription).Next(0xc000b755f0)
	/Users/jace/go/pkg/mod/github.com/nats-io/nats.go@v1.41.1/jetstream/pull.go:589 +0x285
github.com/Black-And-White-Club/frolf-bot-shared/eventbus.(*eventBus).Subscribe.func1()
	/Users/jace/Documents/GitHub/frolf-bot-shared/eventbus/eventbus.go:326 +0x169
created by github.com/Black-And-White-Club/frolf-bot-shared/eventbus.(*eventBus).Subscribe in goroutine 59782
	/Users/jace/Documents/GitHub/frolf-bot-shared/eventbus/eventbus.go:315 +0xbf1

goroutine 57168 [select]:
github.com/nats-io/nats.go/jetstream.(*pullSubscription).pullMessages(0xc001fc3200, {0xc0005e87d0, 0x47})
	/Users/jace/go/pkg/mod/github.com/nats-io/nats.go@v1.41.1/jetstream/pull.go:955 +0x91
created by github.com/nats-io/nats.go/jetstream.(*pullConsumer).Messages in goroutine 57220
	/Users/jace/go/pkg/mod/github.com/nats-io/nats.go@v1.41.1/jetstream/pull.go:534 +0x748

goroutine 58684 [select]:
github.com/nats-io/nats.go/jetstream.(*pullSubscription).pullMessages(0xc003229950, {0xc0008b2820, 0x45})
	/Users/jace/go/pkg/mod/github.com/nats-io/nats.go@v1.41.1/jetstream/pull.go:955 +0x91
created by github.com/nats-io/nats.go/jetstream.(*pullConsumer).Messages in goroutine 58544
	/Users/jace/go/pkg/mod/github.com/nats-io/nats.go@v1.41.1/jetstream/pull.go:534 +0x748

goroutine 57494 [chan receive]:
github.com/ThreeDotsLabs/watermill/message.(*messageTransformSubscriberDecorator).Subscribe.func1()
	/Users/jace/go/pkg/mod/github.com/!three!dots!labs/watermill@v1.4.6/message/decorator.go:52 +0x85
created by github.com/ThreeDotsLabs/watermill/message.(*messageTransformSubscriberDecorator).Subscribe in goroutine 57220
	/Users/jace/go/pkg/mod/github.com/!three!dots!labs/watermill@v1.4.6/message/decorator.go:51 +0xc7

goroutine 57169 [select]:
github.com/nats-io/nats.go/jetstream.(*pullConsumer).Messages.func2()
	/Users/jace/go/pkg/mod/github.com/nats-io/nats.go@v1.41.1/jetstream/pull.go:538 +0x68
created by github.com/nats-io/nats.go/jetstream.(*pullConsumer).Messages in goroutine 57220
	/Users/jace/go/pkg/mod/github.com/nats-io/nats.go@v1.41.1/jetstream/pull.go:536 +0x78a

goroutine 60208 [chan receive]:
github.com/ThreeDotsLabs/watermill/message.(*messageTransformSubscriberDecorator).Subscribe.func1()
	/Users/jace/go/pkg/mod/github.com/!three!dots!labs/watermill@v1.4.6/message/decorator.go:52 +0x85
created by github.com/ThreeDotsLabs/watermill/message.(*messageTransformSubscriberDecorator).Subscribe in goroutine 59782
	/Users/jace/go/pkg/mod/github.com/!three!dots!labs/watermill@v1.4.6/message/decorator.go:51 +0xc7

goroutine 60363 [chan receive]:
github.com/ThreeDotsLabs/watermill/message.(*handler).run(0xc002676a90, {0x10a337fa0, 0xc001b62410}, {0xc000cfecc0, 0x6, 0x1095bcbaa?})
	/Users/jace/go/pkg/mod/github.com/!three!dots!labs/watermill@v1.4.6/message/router.go:645 +0x2b4
github.com/ThreeDotsLabs/watermill/message.(*Router).RunHandlers.func1()
	/Users/jace/go/pkg/mod/github.com/!three!dots!labs/watermill@v1.4.6/message/router.go:460 +0x145
created by github.com/ThreeDotsLabs/watermill/message.(*Router).RunHandlers in goroutine 59782
	/Users/jace/go/pkg/mod/github.com/!three!dots!labs/watermill@v1.4.6/message/router.go:453 +0x606

goroutine 59473 [sync.Cond.Wait]:
sync.runtime_notifyListWait(0xc001277550, 0x0)
	/usr/local/Cellar/go/1.24.2/libexec/src/runtime/sema.go:597 +0x159
sync.(*Cond).Wait(0xc00111d730?)
	/usr/local/Cellar/go/1.24.2/libexec/src/sync/cond.go:71 +0x85
github.com/nats-io/nats%2ego.(*asyncCallbacksHandler).asyncCBDispatcher(0xc0019f6b80)
	/Users/jace/go/pkg/mod/github.com/nats-io/nats.go@v1.41.1/nats.go:3059 +0xdd
created by github.com/nats-io/nats%2ego.Options.Connect in goroutine 58881
	/Users/jace/go/pkg/mod/github.com/nats-io/nats.go@v1.41.1/nats.go:1635 +0x387

goroutine 61629 [chan receive]:
github.com/ThreeDotsLabs/watermill/message.(*messageTransformSubscriberDecorator).Subscribe.func1()
	/Users/jace/go/pkg/mod/github.com/!three!dots!labs/watermill@v1.4.6/message/decorator.go:52 +0x85
created by github.com/ThreeDotsLabs/watermill/message.(*messageTransformSubscriberDecorator).Subscribe in goroutine 61572
	/Users/jace/go/pkg/mod/github.com/!three!dots!labs/watermill@v1.4.6/message/decorator.go:51 +0xc7

goroutine 61928 [chan receive]:
github.com/ThreeDotsLabs/watermill/message.(*messageTransformSubscriberDecorator).Subscribe.func1()
	/Users/jace/go/pkg/mod/github.com/!three!dots!labs/watermill@v1.4.6/message/decorator.go:52 +0x85
created by github.com/ThreeDotsLabs/watermill/message.(*messageTransformSubscriberDecorator).Subscribe in goroutine 61572
	/Users/jace/go/pkg/mod/github.com/!three!dots!labs/watermill@v1.4.6/message/decorator.go:51 +0xc7

goroutine 60314 [chan receive]:
github.com/ThreeDotsLabs/watermill/message.(*handler).run(0xc0026765b0, {0x10a337fa0, 0xc000f4f220}, {0xc001dff800, 0x6, 0x79726f6d654d222c?})
	/Users/jace/go/pkg/mod/github.com/!three!dots!labs/watermill@v1.4.6/message/router.go:645 +0x2b4
github.com/ThreeDotsLabs/watermill/message.(*Router).RunHandlers.func1()
	/Users/jace/go/pkg/mod/github.com/!three!dots!labs/watermill@v1.4.6/message/router.go:460 +0x145
created by github.com/ThreeDotsLabs/watermill/message.(*Router).RunHandlers in goroutine 59782
	/Users/jace/go/pkg/mod/github.com/!three!dots!labs/watermill@v1.4.6/message/router.go:453 +0x606

goroutine 60088 [chan receive]:
github.com/ThreeDotsLabs/watermill/message.(*handler).run(0xc0026764e0, {0x10a337fa0, 0xc001734dc0}, {0xc000cfea80, 0x6, 0x0?})
	/Users/jace/go/pkg/mod/github.com/!three!dots!labs/watermill@v1.4.6/message/router.go:645 +0x2b4
github.com/ThreeDotsLabs/watermill/message.(*Router).RunHandlers.func1()
	/Users/jace/go/pkg/mod/github.com/!three!dots!labs/watermill@v1.4.6/message/router.go:460 +0x145
created by github.com/ThreeDotsLabs/watermill/message.(*Router).RunHandlers in goroutine 59782
	/Users/jace/go/pkg/mod/github.com/!three!dots!labs/watermill@v1.4.6/message/router.go:453 +0x606

goroutine 63235 [select]:
github.com/nats-io/nats.go/jetstream.(*pullConsumer).Messages.func2()
	/Users/jace/go/pkg/mod/github.com/nats-io/nats.go@v1.41.1/jetstream/pull.go:538 +0x68
created by github.com/nats-io/nats.go/jetstream.(*pullConsumer).Messages in goroutine 63116
	/Users/jace/go/pkg/mod/github.com/nats-io/nats.go@v1.41.1/jetstream/pull.go:536 +0x78a

goroutine 64848 [chan receive]:
github.com/ThreeDotsLabs/watermill/message.(*handler).run(0xc003042410, {0x10a337fa0, 0xc0010e3450}, {0xc0000f3380, 0x6, 0xc00237e778?})
	/Users/jace/go/pkg/mod/github.com/!three!dots!labs/watermill@v1.4.6/message/router.go:645 +0x2b4
github.com/ThreeDotsLabs/watermill/message.(*Router).RunHandlers.func1()
	/Users/jace/go/pkg/mod/github.com/!three!dots!labs/watermill@v1.4.6/message/router.go:460 +0x145
created by github.com/ThreeDotsLabs/watermill/message.(*Router).RunHandlers in goroutine 64412
	/Users/jace/go/pkg/mod/github.com/!three!dots!labs/watermill@v1.4.6/message/router.go:453 +0x606

goroutine 59729 [select]:
github.com/nats-io/nats.go/jetstream.(*pullSubscription).pullMessages(0xc00204e510, {0xc000a43620, 0x5a})
	/Users/jace/go/pkg/mod/github.com/nats-io/nats.go@v1.41.1/jetstream/pull.go:955 +0x91
created by github.com/nats-io/nats.go/jetstream.(*pullConsumer).Messages in goroutine 59782
	/Users/jace/go/pkg/mod/github.com/nats-io/nats.go@v1.41.1/jetstream/pull.go:534 +0x748

goroutine 57032 [sync.Cond.Wait]:
sync.runtime_notifyListWait(0xc000d09290, 0x0)
	/usr/local/Cellar/go/1.24.2/libexec/src/runtime/sema.go:597 +0x159
sync.(*Cond).Wait(0xc001f950a0?)
	/usr/local/Cellar/go/1.24.2/libexec/src/sync/cond.go:71 +0x85
github.com/nats-io/nats%2ego.(*asyncCallbacksHandler).asyncCBDispatcher(0xc0021a25e0)
	/Users/jace/go/pkg/mod/github.com/nats-io/nats.go@v1.41.1/nats.go:3059 +0xdd
created by github.com/nats-io/nats%2ego.Options.Connect in goroutine 56368
	/Users/jace/go/pkg/mod/github.com/nats-io/nats.go@v1.41.1/nats.go:1635 +0x387

goroutine 58302 [select]:
github.com/nats-io/nats.go/jetstream.(*pullSubscription).Next(0xc00172c750)
	/Users/jace/go/pkg/mod/github.com/nats-io/nats.go@v1.41.1/jetstream/pull.go:589 +0x285
github.com/Black-And-White-Club/frolf-bot-shared/eventbus.(*eventBus).Subscribe.func1()
	/Users/jace/Documents/GitHub/frolf-bot-shared/eventbus/eventbus.go:326 +0x169
created by github.com/Black-And-White-Club/frolf-bot-shared/eventbus.(*eventBus).Subscribe in goroutine 58544
	/Users/jace/Documents/GitHub/frolf-bot-shared/eventbus/eventbus.go:315 +0xbf1

goroutine 64910 [chan receive]:
github.com/ThreeDotsLabs/watermill/message.(*handler).run(0xc0030428f0, {0x10a337fa0, 0xc00138cf50}, {0xc002e31440, 0x6, 0xc0021de778?})
	/Users/jace/go/pkg/mod/github.com/!three!dots!labs/watermill@v1.4.6/message/router.go:645 +0x2b4
github.com/ThreeDotsLabs/watermill/message.(*Router).RunHandlers.func1()
	/Users/jace/go/pkg/mod/github.com/!three!dots!labs/watermill@v1.4.6/message/router.go:460 +0x145
created by github.com/ThreeDotsLabs/watermill/message.(*Router).RunHandlers in goroutine 64412
	/Users/jace/go/pkg/mod/github.com/!three!dots!labs/watermill@v1.4.6/message/router.go:453 +0x606

goroutine 58568 [select]:
github.com/nats-io/nats.go/jetstream.(*pullSubscription).pullMessages(0xc00172d050, {0xc00004eff0, 0x45})
	/Users/jace/go/pkg/mod/github.com/nats-io/nats.go@v1.41.1/jetstream/pull.go:955 +0x91
created by github.com/nats-io/nats.go/jetstream.(*pullConsumer).Messages in goroutine 58544
	/Users/jace/go/pkg/mod/github.com/nats-io/nats.go@v1.41.1/jetstream/pull.go:534 +0x748

goroutine 58303 [chan receive]:
github.com/ThreeDotsLabs/watermill/message.(*messageTransformSubscriberDecorator).Subscribe.func1()
	/Users/jace/go/pkg/mod/github.com/!three!dots!labs/watermill@v1.4.6/message/decorator.go:52 +0x85
created by github.com/ThreeDotsLabs/watermill/message.(*messageTransformSubscriberDecorator).Subscribe in goroutine 58544
	/Users/jace/go/pkg/mod/github.com/!three!dots!labs/watermill@v1.4.6/message/decorator.go:51 +0xc7

goroutine 64429 [chan receive]:
github.com/ThreeDotsLabs/watermill/message.(*handler).run(0xc003081e10, {0x10a337fa0, 0xc000f4f7c0}, {0xc002cb5800, 0x6, 0x0?})
	/Users/jace/go/pkg/mod/github.com/!three!dots!labs/watermill@v1.4.6/message/router.go:645 +0x2b4
github.com/ThreeDotsLabs/watermill/message.(*Router).RunHandlers.func1()
	/Users/jace/go/pkg/mod/github.com/!three!dots!labs/watermill@v1.4.6/message/router.go:460 +0x145
created by github.com/ThreeDotsLabs/watermill/message.(*Router).RunHandlers in goroutine 64412
	/Users/jace/go/pkg/mod/github.com/!three!dots!labs/watermill@v1.4.6/message/router.go:453 +0x606

goroutine 63076 [sync.Cond.Wait]:
sync.runtime_notifyListWait(0xc000e48790, 0x0)
	/usr/local/Cellar/go/1.24.2/libexec/src/runtime/sema.go:597 +0x159
sync.(*Cond).Wait(0x10955dba0?)
	/usr/local/Cellar/go/1.24.2/libexec/src/sync/cond.go:71 +0x85
github.com/nats-io/nats%2ego.(*asyncCallbacksHandler).asyncCBDispatcher(0xc000325d40)
	/Users/jace/go/pkg/mod/github.com/nats-io/nats.go@v1.41.1/nats.go:3059 +0xdd
created by github.com/nats-io/nats%2ego.Options.Connect in goroutine 62267
	/Users/jace/go/pkg/mod/github.com/nats-io/nats.go@v1.41.1/nats.go:1635 +0x387

goroutine 56256 [sync.Cond.Wait]:
sync.runtime_notifyListWait(0xc00040b850, 0x0)
	/usr/local/Cellar/go/1.24.2/libexec/src/runtime/sema.go:597 +0x159
sync.(*Cond).Wait(0xc0026e36a0?)
	/usr/local/Cellar/go/1.24.2/libexec/src/sync/cond.go:71 +0x85
github.com/nats-io/nats%2ego.(*asyncCallbacksHandler).asyncCBDispatcher(0xc0022e9580)
	/Users/jace/go/pkg/mod/github.com/nats-io/nats.go@v1.41.1/nats.go:3059 +0xdd
created by github.com/nats-io/nats%2ego.Options.Connect in goroutine 56368
	/Users/jace/go/pkg/mod/github.com/nats-io/nats.go@v1.41.1/nats.go:1635 +0x387

goroutine 60388 [select]:
github.com/nats-io/nats.go/jetstream.(*pullSubscription).pullMessages(0xc002a02630, {0xc0005e8f00, 0x42})
	/Users/jace/go/pkg/mod/github.com/nats-io/nats.go@v1.41.1/jetstream/pull.go:955 +0x91
created by github.com/nats-io/nats.go/jetstream.(*pullConsumer).Messages in goroutine 59782
	/Users/jace/go/pkg/mod/github.com/nats-io/nats.go@v1.41.1/jetstream/pull.go:534 +0x748

goroutine 56257 [sync.Cond.Wait]:
sync.runtime_notifyListWait(0xc00040b9d0, 0x3b)
	/usr/local/Cellar/go/1.24.2/libexec/src/runtime/sema.go:597 +0x159
sync.(*Cond).Wait(0xc001a7bf00?)
	/usr/local/Cellar/go/1.24.2/libexec/src/sync/cond.go:71 +0x85
github.com/nats-io/nats%2ego.(*Conn).waitForMsgs(0xc00155f808, 0xc001ca6000)
	/Users/jace/go/pkg/mod/github.com/nats-io/nats.go@v1.41.1/nats.go:3178 +0xc5
created by github.com/nats-io/nats%2ego.(*Conn).subscribeLocked in goroutine 56368
	/Users/jace/go/pkg/mod/github.com/nats-io/nats.go@v1.41.1/nats.go:4468 +0x419

goroutine 57221 [sync.WaitGroup.Wait]:
sync.runtime_SemacquireWaitGroup(0x1095ae7c0?)
	/usr/local/Cellar/go/1.24.2/libexec/src/runtime/sema.go:110 +0x25
sync.(*WaitGroup).Wait(0xc0009a0330?)
	/usr/local/Cellar/go/1.24.2/libexec/src/sync/waitgroup.go:118 +0x48
github.com/ThreeDotsLabs/watermill/message.(*Router).watchAllHandlersStopped.func1()
	/Users/jace/go/pkg/mod/github.com/!three!dots!labs/watermill@v1.4.6/message/router.go:498 +0x86
created by github.com/ThreeDotsLabs/watermill/message.(*Router).watchAllHandlersStopped in goroutine 57220
	/Users/jace/go/pkg/mod/github.com/!three!dots!labs/watermill@v1.4.6/message/router.go:484 +0xec

goroutine 60226 [chan receive]:
github.com/ThreeDotsLabs/watermill/message.(*handler).run(0xc002616750, {0x10a337fa0, 0xc000994fa0}, {0xc00112cfc0, 0x6, 0xc001d4ff78?})
	/Users/jace/go/pkg/mod/github.com/!three!dots!labs/watermill@v1.4.6/message/router.go:645 +0x2b4
github.com/ThreeDotsLabs/watermill/message.(*Router).RunHandlers.func1()
	/Users/jace/go/pkg/mod/github.com/!three!dots!labs/watermill@v1.4.6/message/router.go:460 +0x145
created by github.com/ThreeDotsLabs/watermill/message.(*Router).RunHandlers in goroutine 59782
	/Users/jace/go/pkg/mod/github.com/!three!dots!labs/watermill@v1.4.6/message/router.go:453 +0x606

goroutine 61533 [chan receive]:
github.com/ThreeDotsLabs/watermill/message.(*messageTransformSubscriberDecorator).Subscribe.func1()
	/Users/jace/go/pkg/mod/github.com/!three!dots!labs/watermill@v1.4.6/message/decorator.go:52 +0x85
created by github.com/ThreeDotsLabs/watermill/message.(*messageTransformSubscriberDecorator).Subscribe in goroutine 61572
	/Users/jace/go/pkg/mod/github.com/!three!dots!labs/watermill@v1.4.6/message/decorator.go:51 +0xc7

goroutine 60302 [select]:
github.com/nats-io/nats.go/jetstream.(*pullSubscription).Next(0xc0019215f0)
	/Users/jace/go/pkg/mod/github.com/nats-io/nats.go@v1.41.1/jetstream/pull.go:589 +0x285
github.com/Black-And-White-Club/frolf-bot-shared/eventbus.(*eventBus).Subscribe.func1()
	/Users/jace/Documents/GitHub/frolf-bot-shared/eventbus/eventbus.go:326 +0x169
created by github.com/Black-And-White-Club/frolf-bot-shared/eventbus.(*eventBus).Subscribe in goroutine 59782
	/Users/jace/Documents/GitHub/frolf-bot-shared/eventbus/eventbus.go:315 +0xbf1

goroutine 57230 [chan receive]:
github.com/ThreeDotsLabs/watermill/message.(*messageTransformSubscriberDecorator).Subscribe.func1()
	/Users/jace/go/pkg/mod/github.com/!three!dots!labs/watermill@v1.4.6/message/decorator.go:52 +0x85
created by github.com/ThreeDotsLabs/watermill/message.(*messageTransformSubscriberDecorator).Subscribe in goroutine 57220
	/Users/jace/go/pkg/mod/github.com/!three!dots!labs/watermill@v1.4.6/message/decorator.go:51 +0xc7

goroutine 58691 [select]:
github.com/nats-io/nats.go/jetstream.(*pullSubscription).pullMessages(0xc001c90090, {0xc0007d7130, 0x4d})
	/Users/jace/go/pkg/mod/github.com/nats-io/nats.go@v1.41.1/jetstream/pull.go:955 +0x91
created by github.com/nats-io/nats.go/jetstream.(*pullConsumer).Messages in goroutine 58544
	/Users/jace/go/pkg/mod/github.com/nats-io/nats.go@v1.41.1/jetstream/pull.go:534 +0x748

goroutine 56268 [chan receive]:
github.com/ThreeDotsLabs/watermill/message.(*messageTransformSubscriberDecorator).Subscribe.func1()
	/Users/jace/go/pkg/mod/github.com/!three!dots!labs/watermill@v1.4.6/message/decorator.go:52 +0x85
created by github.com/ThreeDotsLabs/watermill/message.(*messageTransformSubscriberDecorator).Subscribe in goroutine 57220
	/Users/jace/go/pkg/mod/github.com/!three!dots!labs/watermill@v1.4.6/message/decorator.go:51 +0xc7

goroutine 56269 [chan receive]:
github.com/ThreeDotsLabs/watermill/message.(*handler).run(0xc001e8f110, {0x10a337fa0, 0xc001bda4b0}, {0xc00281e0c0, 0x6, 0xc00233b778?})
	/Users/jace/go/pkg/mod/github.com/!three!dots!labs/watermill@v1.4.6/message/router.go:645 +0x2b4
github.com/ThreeDotsLabs/watermill/message.(*Router).RunHandlers.func1()
	/Users/jace/go/pkg/mod/github.com/!three!dots!labs/watermill@v1.4.6/message/router.go:460 +0x145
created by github.com/ThreeDotsLabs/watermill/message.(*Router).RunHandlers in goroutine 57220
	/Users/jace/go/pkg/mod/github.com/!three!dots!labs/watermill@v1.4.6/message/router.go:453 +0x606

goroutine 56271 [select]:
github.com/nats-io/nats.go/jetstream.(*pullSubscription).pullMessages(0xc0014bf440, {0xc000254fa0, 0x4d})
	/Users/jace/go/pkg/mod/github.com/nats-io/nats.go@v1.41.1/jetstream/pull.go:955 +0x91
created by github.com/nats-io/nats.go/jetstream.(*pullConsumer).Messages in goroutine 57220
	/Users/jace/go/pkg/mod/github.com/nats-io/nats.go@v1.41.1/jetstream/pull.go:534 +0x748

goroutine 56272 [select]:
github.com/nats-io/nats.go/jetstream.(*pullConsumer).Messages.func2()
	/Users/jace/go/pkg/mod/github.com/nats-io/nats.go@v1.41.1/jetstream/pull.go:538 +0x68
created by github.com/nats-io/nats.go/jetstream.(*pullConsumer).Messages in goroutine 57220
	/Users/jace/go/pkg/mod/github.com/nats-io/nats.go@v1.41.1/jetstream/pull.go:536 +0x78a

goroutine 56273 [select]:
github.com/nats-io/nats.go/jetstream.(*pullSubscription).Next(0xc0014bf440)
	/Users/jace/go/pkg/mod/github.com/nats-io/nats.go@v1.41.1/jetstream/pull.go:589 +0x285
github.com/Black-And-White-Club/frolf-bot-shared/eventbus.(*eventBus).Subscribe.func1()
	/Users/jace/Documents/GitHub/frolf-bot-shared/eventbus/eventbus.go:326 +0x169
created by github.com/Black-And-White-Club/frolf-bot-shared/eventbus.(*eventBus).Subscribe in goroutine 57220
	/Users/jace/Documents/GitHub/frolf-bot-shared/eventbus/eventbus.go:315 +0xbf1

goroutine 57250 [chan receive]:
github.com/ThreeDotsLabs/watermill/message.(*messageTransformSubscriberDecorator).Subscribe.func1()
	/Users/jace/go/pkg/mod/github.com/!three!dots!labs/watermill@v1.4.6/message/decorator.go:52 +0x85
created by github.com/ThreeDotsLabs/watermill/message.(*messageTransformSubscriberDecorator).Subscribe in goroutine 57220
	/Users/jace/go/pkg/mod/github.com/!three!dots!labs/watermill@v1.4.6/message/decorator.go:51 +0xc7

goroutine 57251 [chan receive]:
github.com/ThreeDotsLabs/watermill/message.(*handler).run(0xc0014728f0, {0x10a337fa0, 0xc00098b7c0}, {0xc00281e180, 0x6, 0x0?})
	/Users/jace/go/pkg/mod/github.com/!three!dots!labs/watermill@v1.4.6/message/router.go:645 +0x2b4
github.com/ThreeDotsLabs/watermill/message.(*Router).RunHandlers.func1()
	/Users/jace/go/pkg/mod/github.com/!three!dots!labs/watermill@v1.4.6/message/router.go:460 +0x145
created by github.com/ThreeDotsLabs/watermill/message.(*Router).RunHandlers in goroutine 57220
	/Users/jace/go/pkg/mod/github.com/!three!dots!labs/watermill@v1.4.6/message/router.go:453 +0x606

goroutine 57479 [select]:
github.com/nats-io/nats.go/jetstream.(*pullSubscription).Next(0xc001984990)
	/Users/jace/go/pkg/mod/github.com/nats-io/nats.go@v1.41.1/jetstream/pull.go:589 +0x285
github.com/Black-And-White-Club/frolf-bot-shared/eventbus.(*eventBus).Subscribe.func1()
	/Users/jace/Documents/GitHub/frolf-bot-shared/eventbus/eventbus.go:326 +0x169
created by github.com/Black-And-White-Club/frolf-bot-shared/eventbus.(*eventBus).Subscribe in goroutine 57220
	/Users/jace/Documents/GitHub/frolf-bot-shared/eventbus/eventbus.go:315 +0xbf1

goroutine 57356 [select]:
github.com/nats-io/nats.go/jetstream.(*pullConsumer).Messages.func2()
	/Users/jace/go/pkg/mod/github.com/nats-io/nats.go@v1.41.1/jetstream/pull.go:538 +0x68
created by github.com/nats-io/nats.go/jetstream.(*pullConsumer).Messages in goroutine 57220
	/Users/jace/go/pkg/mod/github.com/nats-io/nats.go@v1.41.1/jetstream/pull.go:536 +0x78a

goroutine 57399 [select]:
github.com/nats-io/nats.go/jetstream.(*pullSubscription).Next(0xc0010d50e0)
	/Users/jace/go/pkg/mod/github.com/nats-io/nats.go@v1.41.1/jetstream/pull.go:589 +0x285
github.com/Black-And-White-Club/frolf-bot-shared/eventbus.(*eventBus).Subscribe.func1()
	/Users/jace/Documents/GitHub/frolf-bot-shared/eventbus/eventbus.go:326 +0x169
created by github.com/Black-And-White-Club/frolf-bot-shared/eventbus.(*eventBus).Subscribe in goroutine 57220
	/Users/jace/Documents/GitHub/frolf-bot-shared/eventbus/eventbus.go:315 +0xbf1

goroutine 58300 [select]:
github.com/nats-io/nats.go/jetstream.(*pullSubscription).pullMessages(0xc00172c750, {0xc00004eb40, 0x4b})
	/Users/jace/go/pkg/mod/github.com/nats-io/nats.go@v1.41.1/jetstream/pull.go:955 +0x91
created by github.com/nats-io/nats.go/jetstream.(*pullConsumer).Messages in goroutine 58544
	/Users/jace/go/pkg/mod/github.com/nats-io/nats.go@v1.41.1/jetstream/pull.go:534 +0x748

goroutine 57491 [select]:
github.com/nats-io/nats.go/jetstream.(*pullSubscription).pullMessages(0xc0012795f0, {0xc0028c73b0, 0x42})
	/Users/jace/go/pkg/mod/github.com/nats-io/nats.go@v1.41.1/jetstream/pull.go:955 +0x91
created by github.com/nats-io/nats.go/jetstream.(*pullConsumer).Messages in goroutine 57220
	/Users/jace/go/pkg/mod/github.com/nats-io/nats.go@v1.41.1/jetstream/pull.go:534 +0x748

goroutine 58809 [select]:
github.com/nats-io/nats%2ego.(*Conn).doReconnect(0xc0024ce708, {0x10a327f28, 0x10acedb30}, 0x0)
	/Users/jace/go/pkg/mod/github.com/nats-io/nats.go@v1.41.1/nats.go:2907 +0x41a
created by github.com/nats-io/nats%2ego.(*Conn).processOpErr in goroutine 57185
	/Users/jace/go/pkg/mod/github.com/nats-io/nats.go@v1.41.1/nats.go:3043 +0x2f3

goroutine 58687 [chan receive]:
github.com/ThreeDotsLabs/watermill/message.(*messageTransformSubscriberDecorator).Subscribe.func1()
	/Users/jace/go/pkg/mod/github.com/!three!dots!labs/watermill@v1.4.6/message/decorator.go:52 +0x85
created by github.com/ThreeDotsLabs/watermill/message.(*messageTransformSubscriberDecorator).Subscribe in goroutine 58544
	/Users/jace/go/pkg/mod/github.com/!three!dots!labs/watermill@v1.4.6/message/decorator.go:51 +0xc7

goroutine 57312 [select]:
github.com/nats-io/nats.go/jetstream.(*pullSubscription).pullMessages(0xc00210a7e0, {0xc001a6f080, 0x40})
	/Users/jace/go/pkg/mod/github.com/nats-io/nats.go@v1.41.1/jetstream/pull.go:955 +0x91
created by github.com/nats-io/nats.go/jetstream.(*pullConsumer).Messages in goroutine 57220
	/Users/jace/go/pkg/mod/github.com/nats-io/nats.go@v1.41.1/jetstream/pull.go:534 +0x748

goroutine 57471 [select]:
github.com/nats-io/nats.go/jetstream.(*pullSubscription).Next(0xc00213c120)
	/Users/jace/go/pkg/mod/github.com/nats-io/nats.go@v1.41.1/jetstream/pull.go:589 +0x285
github.com/Black-And-White-Club/frolf-bot-shared/eventbus.(*eventBus).Subscribe.func1()
	/Users/jace/Documents/GitHub/frolf-bot-shared/eventbus/eventbus.go:326 +0x169
created by github.com/Black-And-White-Club/frolf-bot-shared/eventbus.(*eventBus).Subscribe in goroutine 57220
	/Users/jace/Documents/GitHub/frolf-bot-shared/eventbus/eventbus.go:315 +0xbf1

goroutine 57442 [select]:
github.com/nats-io/nats.go/jetstream.(*pullSubscription).Next(0xc0020e8000)
	/Users/jace/go/pkg/mod/github.com/nats-io/nats.go@v1.41.1/jetstream/pull.go:589 +0x285
github.com/Black-And-White-Club/frolf-bot-shared/eventbus.(*eventBus).Subscribe.func1()
	/Users/jace/Documents/GitHub/frolf-bot-shared/eventbus/eventbus.go:326 +0x169
created by github.com/Black-And-White-Club/frolf-bot-shared/eventbus.(*eventBus).Subscribe in goroutine 57220
	/Users/jace/Documents/GitHub/frolf-bot-shared/eventbus/eventbus.go:315 +0xbf1

goroutine 57443 [chan receive]:
github.com/ThreeDotsLabs/watermill/message.(*messageTransformSubscriberDecorator).Subscribe.func1()
	/Users/jace/go/pkg/mod/github.com/!three!dots!labs/watermill@v1.4.6/message/decorator.go:52 +0x85
created by github.com/ThreeDotsLabs/watermill/message.(*messageTransformSubscriberDecorator).Subscribe in goroutine 57220
	/Users/jace/go/pkg/mod/github.com/!three!dots!labs/watermill@v1.4.6/message/decorator.go:51 +0xc7

goroutine 57444 [chan receive]:
github.com/ThreeDotsLabs/watermill/message.(*handler).run(0xc001e8ea90, {0x10a337fa0, 0xc00192b5e0}, {0xc00281e3c0, 0x6, 0xc001d9ef78?})
	/Users/jace/go/pkg/mod/github.com/!three!dots!labs/watermill@v1.4.6/message/router.go:645 +0x2b4
github.com/ThreeDotsLabs/watermill/message.(*Router).RunHandlers.func1()
	/Users/jace/go/pkg/mod/github.com/!three!dots!labs/watermill@v1.4.6/message/router.go:460 +0x145
created by github.com/ThreeDotsLabs/watermill/message.(*Router).RunHandlers in goroutine 57220
	/Users/jace/go/pkg/mod/github.com/!three!dots!labs/watermill@v1.4.6/message/router.go:453 +0x606

goroutine 58304 [chan receive]:
github.com/ThreeDotsLabs/watermill/message.(*handler).run(0xc002b3c680, {0x10a337fa0, 0xc002194460}, {0xc000d2a000, 0x6, 0x4?})
	/Users/jace/go/pkg/mod/github.com/!three!dots!labs/watermill@v1.4.6/message/router.go:645 +0x2b4
github.com/ThreeDotsLabs/watermill/message.(*Router).RunHandlers.func1()
	/Users/jace/go/pkg/mod/github.com/!three!dots!labs/watermill@v1.4.6/message/router.go:460 +0x145
created by github.com/ThreeDotsLabs/watermill/message.(*Router).RunHandlers in goroutine 58544
	/Users/jace/go/pkg/mod/github.com/!three!dots!labs/watermill@v1.4.6/message/router.go:453 +0x606

goroutine 62007 [chan receive]:
github.com/ThreeDotsLabs/watermill/message.(*messageTransformSubscriberDecorator).Subscribe.func1()
	/Users/jace/go/pkg/mod/github.com/!three!dots!labs/watermill@v1.4.6/message/decorator.go:52 +0x85
created by github.com/ThreeDotsLabs/watermill/message.(*messageTransformSubscriberDecorator).Subscribe in goroutine 61572
	/Users/jace/go/pkg/mod/github.com/!three!dots!labs/watermill@v1.4.6/message/decorator.go:51 +0xc7

goroutine 57465 [select]:
github.com/nats-io/nats.go/jetstream.(*pullSubscription).Next(0xc001591a70)
	/Users/jace/go/pkg/mod/github.com/nats-io/nats.go@v1.41.1/jetstream/pull.go:589 +0x285
github.com/Black-And-White-Club/frolf-bot-shared/eventbus.(*eventBus).Subscribe.func1()
	/Users/jace/Documents/GitHub/frolf-bot-shared/eventbus/eventbus.go:326 +0x169
created by github.com/Black-And-White-Club/frolf-bot-shared/eventbus.(*eventBus).Subscribe in goroutine 57220
	/Users/jace/Documents/GitHub/frolf-bot-shared/eventbus/eventbus.go:315 +0xbf1

goroutine 57313 [select]:
github.com/nats-io/nats.go/jetstream.(*pullConsumer).Messages.func2()
	/Users/jace/go/pkg/mod/github.com/nats-io/nats.go@v1.41.1/jetstream/pull.go:538 +0x68
created by github.com/nats-io/nats.go/jetstream.(*pullConsumer).Messages in goroutine 57220
	/Users/jace/go/pkg/mod/github.com/nats-io/nats.go@v1.41.1/jetstream/pull.go:536 +0x78a

goroutine 57492 [select]:
github.com/nats-io/nats.go/jetstream.(*pullConsumer).Messages.func2()
	/Users/jace/go/pkg/mod/github.com/nats-io/nats.go@v1.41.1/jetstream/pull.go:538 +0x68
created by github.com/nats-io/nats.go/jetstream.(*pullConsumer).Messages in goroutine 57220
	/Users/jace/go/pkg/mod/github.com/nats-io/nats.go@v1.41.1/jetstream/pull.go:536 +0x78a

goroutine 58500 [sync.Cond.Wait]:
sync.runtime_notifyListWait(0xc0026b8310, 0x2b)
	/usr/local/Cellar/go/1.24.2/libexec/src/runtime/sema.go:597 +0x159
sync.(*Cond).Wait(0x10000c003213a30?)
	/usr/local/Cellar/go/1.24.2/libexec/src/sync/cond.go:71 +0x85
github.com/nats-io/nats%2ego.(*Conn).waitForMsgs(0xc0026a1108, 0xc001ca62d0)
	/Users/jace/go/pkg/mod/github.com/nats-io/nats.go@v1.41.1/nats.go:3178 +0xc5
created by github.com/nats-io/nats%2ego.(*Conn).subscribeLocked in goroutine 57649
	/Users/jace/go/pkg/mod/github.com/nats-io/nats.go@v1.41.1/nats.go:4468 +0x419

goroutine 58499 [sync.Cond.Wait]:
sync.runtime_notifyListWait(0xc003206350, 0x0)
	/usr/local/Cellar/go/1.24.2/libexec/src/runtime/sema.go:597 +0x159
sync.(*Cond).Wait(0x10a338010?)
	/usr/local/Cellar/go/1.24.2/libexec/src/sync/cond.go:71 +0x85
github.com/nats-io/nats%2ego.(*asyncCallbacksHandler).asyncCBDispatcher(0xc001620320)
	/Users/jace/go/pkg/mod/github.com/nats-io/nats.go@v1.41.1/nats.go:3059 +0xdd
created by github.com/nats-io/nats%2ego.Options.Connect in goroutine 57649
	/Users/jace/go/pkg/mod/github.com/nats-io/nats.go@v1.41.1/nats.go:1635 +0x387

goroutine 57469 [select]:
github.com/nats-io/nats.go/jetstream.(*pullSubscription).pullMessages(0xc00213c120, {0xc000c9ccc0, 0x55})
	/Users/jace/go/pkg/mod/github.com/nats-io/nats.go@v1.41.1/jetstream/pull.go:955 +0x91
created by github.com/nats-io/nats.go/jetstream.(*pullConsumer).Messages in goroutine 57220
	/Users/jace/go/pkg/mod/github.com/nats-io/nats.go@v1.41.1/jetstream/pull.go:534 +0x748

goroutine 57470 [select]:
github.com/nats-io/nats.go/jetstream.(*pullConsumer).Messages.func2()
	/Users/jace/go/pkg/mod/github.com/nats-io/nats.go@v1.41.1/jetstream/pull.go:538 +0x68
created by github.com/nats-io/nats.go/jetstream.(*pullConsumer).Messages in goroutine 57220
	/Users/jace/go/pkg/mod/github.com/nats-io/nats.go@v1.41.1/jetstream/pull.go:536 +0x78a

goroutine 58648 [chan receive]:
github.com/ThreeDotsLabs/watermill/message.(*handler).run(0xc002b3d6c0, {0x10a337fa0, 0xc00307aa50}, {0xc000cfe3c0, 0x6, 0x100000001?})
	/Users/jace/go/pkg/mod/github.com/!three!dots!labs/watermill@v1.4.6/message/router.go:645 +0x2b4
github.com/ThreeDotsLabs/watermill/message.(*Router).RunHandlers.func1()
	/Users/jace/go/pkg/mod/github.com/!three!dots!labs/watermill@v1.4.6/message/router.go:460 +0x145
created by github.com/ThreeDotsLabs/watermill/message.(*Router).RunHandlers in goroutine 58544
	/Users/jace/go/pkg/mod/github.com/!three!dots!labs/watermill@v1.4.6/message/router.go:453 +0x606

goroutine 57472 [chan receive]:
github.com/ThreeDotsLabs/watermill/message.(*messageTransformSubscriberDecorator).Subscribe.func1()
	/Users/jace/go/pkg/mod/github.com/!three!dots!labs/watermill@v1.4.6/message/decorator.go:52 +0x85
created by github.com/ThreeDotsLabs/watermill/message.(*messageTransformSubscriberDecorator).Subscribe in goroutine 57220
	/Users/jace/go/pkg/mod/github.com/!three!dots!labs/watermill@v1.4.6/message/decorator.go:51 +0xc7

goroutine 58646 [select]:
github.com/nats-io/nats.go/jetstream.(*pullSubscription).Next(0xc001208870)
	/Users/jace/go/pkg/mod/github.com/nats-io/nats.go@v1.41.1/jetstream/pull.go:589 +0x285
github.com/Black-And-White-Club/frolf-bot-shared/eventbus.(*eventBus).Subscribe.func1()
	/Users/jace/Documents/GitHub/frolf-bot-shared/eventbus/eventbus.go:326 +0x169
created by github.com/Black-And-White-Club/frolf-bot-shared/eventbus.(*eventBus).Subscribe in goroutine 58544
	/Users/jace/Documents/GitHub/frolf-bot-shared/eventbus/eventbus.go:315 +0xbf1

goroutine 58572 [chan receive]:
github.com/ThreeDotsLabs/watermill/message.(*handler).run(0xc002b3c8f0, {0x10a337fa0, 0xc0029f40a0}, {0xc000d2a0c0, 0x6, 0x0?})
	/Users/jace/go/pkg/mod/github.com/!three!dots!labs/watermill@v1.4.6/message/router.go:645 +0x2b4
github.com/ThreeDotsLabs/watermill/message.(*Router).RunHandlers.func1()
	/Users/jace/go/pkg/mod/github.com/!three!dots!labs/watermill@v1.4.6/message/router.go:460 +0x145
created by github.com/ThreeDotsLabs/watermill/message.(*Router).RunHandlers in goroutine 58544
	/Users/jace/go/pkg/mod/github.com/!three!dots!labs/watermill@v1.4.6/message/router.go:453 +0x606

goroutine 57387 [select]:
github.com/nats-io/nats.go/jetstream.(*pullSubscription).pullMessages(0xc00097ecf0, {0xc002806120, 0x58})
	/Users/jace/go/pkg/mod/github.com/nats-io/nats.go@v1.41.1/jetstream/pull.go:955 +0x91
created by github.com/nats-io/nats.go/jetstream.(*pullConsumer).Messages in goroutine 57220
	/Users/jace/go/pkg/mod/github.com/nats-io/nats.go@v1.41.1/jetstream/pull.go:534 +0x748

goroutine 57388 [select]:
github.com/nats-io/nats.go/jetstream.(*pullConsumer).Messages.func2()
	/Users/jace/go/pkg/mod/github.com/nats-io/nats.go@v1.41.1/jetstream/pull.go:538 +0x68
created by github.com/nats-io/nats.go/jetstream.(*pullConsumer).Messages in goroutine 57220
	/Users/jace/go/pkg/mod/github.com/nats-io/nats.go@v1.41.1/jetstream/pull.go:536 +0x78a

goroutine 57389 [select]:
github.com/nats-io/nats.go/jetstream.(*pullSubscription).Next(0xc00097ecf0)
	/Users/jace/go/pkg/mod/github.com/nats-io/nats.go@v1.41.1/jetstream/pull.go:589 +0x285
github.com/Black-And-White-Club/frolf-bot-shared/eventbus.(*eventBus).Subscribe.func1()
	/Users/jace/Documents/GitHub/frolf-bot-shared/eventbus/eventbus.go:326 +0x169
created by github.com/Black-And-White-Club/frolf-bot-shared/eventbus.(*eventBus).Subscribe in goroutine 57220
	/Users/jace/Documents/GitHub/frolf-bot-shared/eventbus/eventbus.go:315 +0xbf1

goroutine 57390 [chan receive]:
github.com/ThreeDotsLabs/watermill/message.(*messageTransformSubscriberDecorator).Subscribe.func1()
	/Users/jace/go/pkg/mod/github.com/!three!dots!labs/watermill@v1.4.6/message/decorator.go:52 +0x85
created by github.com/ThreeDotsLabs/watermill/message.(*messageTransformSubscriberDecorator).Subscribe in goroutine 57220
	/Users/jace/go/pkg/mod/github.com/!three!dots!labs/watermill@v1.4.6/message/decorator.go:51 +0xc7

goroutine 57391 [chan receive]:
github.com/ThreeDotsLabs/watermill/message.(*handler).run(0xc001e8edd0, {0x10a337fa0, 0xc002194a50}, {0xc00281e6c0, 0x6, 0x100000001?})
	/Users/jace/go/pkg/mod/github.com/!three!dots!labs/watermill@v1.4.6/message/router.go:645 +0x2b4
github.com/ThreeDotsLabs/watermill/message.(*Router).RunHandlers.func1()
	/Users/jace/go/pkg/mod/github.com/!three!dots!labs/watermill@v1.4.6/message/router.go:460 +0x145
created by github.com/ThreeDotsLabs/watermill/message.(*Router).RunHandlers in goroutine 57220
	/Users/jace/go/pkg/mod/github.com/!three!dots!labs/watermill@v1.4.6/message/router.go:453 +0x606

goroutine 58695 [chan receive]:
github.com/ThreeDotsLabs/watermill/message.(*handler).run(0xc002b3c410, {0x10a337fa0, 0xc0021948c0}, {0xc0029f8840, 0x6, 0xc00205f778?})
	/Users/jace/go/pkg/mod/github.com/!three!dots!labs/watermill@v1.4.6/message/router.go:645 +0x2b4
github.com/ThreeDotsLabs/watermill/message.(*Router).RunHandlers.func1()
	/Users/jace/go/pkg/mod/github.com/!three!dots!labs/watermill@v1.4.6/message/router.go:460 +0x145
created by github.com/ThreeDotsLabs/watermill/message.(*Router).RunHandlers in goroutine 58544
	/Users/jace/go/pkg/mod/github.com/!three!dots!labs/watermill@v1.4.6/message/router.go:453 +0x606

goroutine 64835 [chan receive]:
github.com/ThreeDotsLabs/watermill/message.(*messageTransformSubscriberDecorator).Subscribe.func1()
	/Users/jace/go/pkg/mod/github.com/!three!dots!labs/watermill@v1.4.6/message/decorator.go:52 +0x85
created by github.com/ThreeDotsLabs/watermill/message.(*messageTransformSubscriberDecorator).Subscribe in goroutine 64412
	/Users/jace/go/pkg/mod/github.com/!three!dots!labs/watermill@v1.4.6/message/decorator.go:51 +0xc7

goroutine 61718 [chan receive]:
github.com/ThreeDotsLabs/watermill/message.(*handler).run(0xc0032c49c0, {0x10a337fa0, 0xc001c11540}, {0xc000cfef00, 0x6, 0x4?})
	/Users/jace/go/pkg/mod/github.com/!three!dots!labs/watermill@v1.4.6/message/router.go:645 +0x2b4
github.com/ThreeDotsLabs/watermill/message.(*Router).RunHandlers.func1()
	/Users/jace/go/pkg/mod/github.com/!three!dots!labs/watermill@v1.4.6/message/router.go:460 +0x145
created by github.com/ThreeDotsLabs/watermill/message.(*Router).RunHandlers in goroutine 61572
	/Users/jace/go/pkg/mod/github.com/!three!dots!labs/watermill@v1.4.6/message/router.go:453 +0x606

goroutine 64079 [chan receive]:
github.com/ThreeDotsLabs/watermill/message.(*messageTransformSubscriberDecorator).Subscribe.func1()
	/Users/jace/go/pkg/mod/github.com/!three!dots!labs/watermill@v1.4.6/message/decorator.go:52 +0x85
created by github.com/ThreeDotsLabs/watermill/message.(*messageTransformSubscriberDecorator).Subscribe in goroutine 64412
	/Users/jace/go/pkg/mod/github.com/!three!dots!labs/watermill@v1.4.6/message/decorator.go:51 +0xc7

goroutine 60184 [select]:
github.com/nats-io/nats.go/jetstream.(*pullSubscription).Next(0xc0025190e0)
	/Users/jace/go/pkg/mod/github.com/nats-io/nats.go@v1.41.1/jetstream/pull.go:589 +0x285
github.com/Black-And-White-Club/frolf-bot-shared/eventbus.(*eventBus).Subscribe.func1()
	/Users/jace/Documents/GitHub/frolf-bot-shared/eventbus/eventbus.go:326 +0x169
created by github.com/Black-And-White-Club/frolf-bot-shared/eventbus.(*eventBus).Subscribe in goroutine 59782
	/Users/jace/Documents/GitHub/frolf-bot-shared/eventbus/eventbus.go:315 +0xbf1

goroutine 63081 [select]:
github.com/nats-io/nats.go/jetstream.(*pullSubscription).pullMessages(0xc001c0c630, {0xc000754d70, 0x45})
	/Users/jace/go/pkg/mod/github.com/nats-io/nats.go@v1.41.1/jetstream/pull.go:955 +0x91
created by github.com/nats-io/nats.go/jetstream.(*pullConsumer).Messages in goroutine 63116
	/Users/jace/go/pkg/mod/github.com/nats-io/nats.go@v1.41.1/jetstream/pull.go:534 +0x748

goroutine 60223 [select]:
github.com/nats-io/nats.go/jetstream.(*pullConsumer).Messages.func2()
	/Users/jace/go/pkg/mod/github.com/nats-io/nats.go@v1.41.1/jetstream/pull.go:538 +0x68
created by github.com/nats-io/nats.go/jetstream.(*pullConsumer).Messages in goroutine 59782
	/Users/jace/go/pkg/mod/github.com/nats-io/nats.go@v1.41.1/jetstream/pull.go:536 +0x78a

goroutine 64866 [chan receive]:
github.com/ThreeDotsLabs/watermill/message.(*handler).run(0xc003042270, {0x10a337fa0, 0xc0005af130}, {0xc00204d800, 0x6, 0x100010000?})
	/Users/jace/go/pkg/mod/github.com/!three!dots!labs/watermill@v1.4.6/message/router.go:645 +0x2b4
github.com/ThreeDotsLabs/watermill/message.(*Router).RunHandlers.func1()
	/Users/jace/go/pkg/mod/github.com/!three!dots!labs/watermill@v1.4.6/message/router.go:460 +0x145
created by github.com/ThreeDotsLabs/watermill/message.(*Router).RunHandlers in goroutine 64412
	/Users/jace/go/pkg/mod/github.com/!three!dots!labs/watermill@v1.4.6/message/router.go:453 +0x606

goroutine 60224 [select]:
github.com/nats-io/nats.go/jetstream.(*pullSubscription).Next(0xc001282120)
	/Users/jace/go/pkg/mod/github.com/nats-io/nats.go@v1.41.1/jetstream/pull.go:589 +0x285
github.com/Black-And-White-Club/frolf-bot-shared/eventbus.(*eventBus).Subscribe.func1()
	/Users/jace/Documents/GitHub/frolf-bot-shared/eventbus/eventbus.go:326 +0x169
created by github.com/Black-And-White-Club/frolf-bot-shared/eventbus.(*eventBus).Subscribe in goroutine 59782
	/Users/jace/Documents/GitHub/frolf-bot-shared/eventbus/eventbus.go:315 +0xbf1

goroutine 64316 [sync.WaitGroup.Wait]:
sync.runtime_SemacquireWaitGroup(0x1091256d2?)
	/usr/local/Cellar/go/1.24.2/libexec/src/runtime/sema.go:110 +0x25
sync.(*WaitGroup).Wait(0xc00210cde0?)
	/usr/local/Cellar/go/1.24.2/libexec/src/sync/waitgroup.go:118 +0x48
github.com/ThreeDotsLabs/watermill/message.(*Router).watchAllHandlersStopped.func1()
	/Users/jace/go/pkg/mod/github.com/!three!dots!labs/watermill@v1.4.6/message/router.go:498 +0x86
created by github.com/ThreeDotsLabs/watermill/message.(*Router).watchAllHandlersStopped in goroutine 64412
	/Users/jace/go/pkg/mod/github.com/!three!dots!labs/watermill@v1.4.6/message/router.go:484 +0xec

goroutine 60311 [select]:
github.com/nats-io/nats.go/jetstream.(*pullConsumer).Messages.func2()
	/Users/jace/go/pkg/mod/github.com/nats-io/nats.go@v1.41.1/jetstream/pull.go:538 +0x68
created by github.com/nats-io/nats.go/jetstream.(*pullConsumer).Messages in goroutine 59782
	/Users/jace/go/pkg/mod/github.com/nats-io/nats.go@v1.41.1/jetstream/pull.go:536 +0x78a

goroutine 58657 [sync.WaitGroup.Wait]:
sync.runtime_SemacquireWaitGroup(0xc00223e700?)
	/usr/local/Cellar/go/1.24.2/libexec/src/runtime/sema.go:110 +0x25
sync.(*WaitGroup).Wait(0xc00280a740?)
	/usr/local/Cellar/go/1.24.2/libexec/src/sync/waitgroup.go:118 +0x48
github.com/ThreeDotsLabs/watermill/message.(*Router).waitForHandlers.func1()
	/Users/jace/go/pkg/mod/github.com/!three!dots!labs/watermill@v1.4.6/message/router.go:579 +0x4b
created by github.com/ThreeDotsLabs/watermill/message.(*Router).waitForHandlers in goroutine 57649
	/Users/jace/go/pkg/mod/github.com/!three!dots!labs/watermill@v1.4.6/message/router.go:577 +0x87

goroutine 58545 [sync.Cond.Wait]:
sync.runtime_notifyListWait(0xc0026b8a50, 0x2)
	/usr/local/Cellar/go/1.24.2/libexec/src/runtime/sema.go:597 +0x159
sync.(*Cond).Wait(0xfe8502100100007f?)
	/usr/local/Cellar/go/1.24.2/libexec/src/sync/cond.go:71 +0x85
github.com/nats-io/nats%2ego.(*Conn).waitForMsgs(0xc0024ce008, 0xc001ca63c0)
	/Users/jace/go/pkg/mod/github.com/nats-io/nats.go@v1.41.1/nats.go:3178 +0xc5
created by github.com/nats-io/nats%2ego.(*Conn).subscribeLocked in goroutine 57649
	/Users/jace/go/pkg/mod/github.com/nats-io/nats.go@v1.41.1/nats.go:4468 +0x419

goroutine 61632 [select]:
github.com/nats-io/nats.go/jetstream.(*pullConsumer).Messages.func2()
	/Users/jace/go/pkg/mod/github.com/nats-io/nats.go@v1.41.1/jetstream/pull.go:538 +0x68
created by github.com/nats-io/nats.go/jetstream.(*pullConsumer).Messages in goroutine 61572
	/Users/jace/go/pkg/mod/github.com/nats-io/nats.go@v1.41.1/jetstream/pull.go:536 +0x78a

goroutine 58644 [select]:
github.com/nats-io/nats.go/jetstream.(*pullSubscription).pullMessages(0xc001208870, {0xc00004f1d0, 0x45})
	/Users/jace/go/pkg/mod/github.com/nats-io/nats.go@v1.41.1/jetstream/pull.go:955 +0x91
created by github.com/nats-io/nats.go/jetstream.(*pullConsumer).Messages in goroutine 58544
	/Users/jace/go/pkg/mod/github.com/nats-io/nats.go@v1.41.1/jetstream/pull.go:534 +0x748

goroutine 60423 [select]:
github.com/nats-io/nats.go/jetstream.(*pullSubscription).pullMessages(0xc001cfa3f0, {0xc000eddd40, 0x58})
	/Users/jace/go/pkg/mod/github.com/nats-io/nats.go@v1.41.1/jetstream/pull.go:955 +0x91
created by github.com/nats-io/nats.go/jetstream.(*pullConsumer).Messages in goroutine 59782
	/Users/jace/go/pkg/mod/github.com/nats-io/nats.go@v1.41.1/jetstream/pull.go:534 +0x748

goroutine 61699 [chan receive]:
github.com/ThreeDotsLabs/watermill/message.(*handler).run(0xc0032c5110, {0x10a337fa0, 0xc0019817c0}, {0xc0030dd380, 0x6, 0x0?})
	/Users/jace/go/pkg/mod/github.com/!three!dots!labs/watermill@v1.4.6/message/router.go:645 +0x2b4
github.com/ThreeDotsLabs/watermill/message.(*Router).RunHandlers.func1()
	/Users/jace/go/pkg/mod/github.com/!three!dots!labs/watermill@v1.4.6/message/router.go:460 +0x145
created by github.com/ThreeDotsLabs/watermill/message.(*Router).RunHandlers in goroutine 61572
	/Users/jace/go/pkg/mod/github.com/!three!dots!labs/watermill@v1.4.6/message/router.go:453 +0x606

goroutine 58659 [select]:
github.com/nats-io/nats.go/jetstream.(*pullSubscription).Next(0xc00210ba70)
	/Users/jace/go/pkg/mod/github.com/nats-io/nats.go@v1.41.1/jetstream/pull.go:589 +0x285
github.com/Black-And-White-Club/frolf-bot-shared/eventbus.(*eventBus).Subscribe.func1()
	/Users/jace/Documents/GitHub/frolf-bot-shared/eventbus/eventbus.go:326 +0x169
created by github.com/Black-And-White-Club/frolf-bot-shared/eventbus.(*eventBus).Subscribe in goroutine 58544
	/Users/jace/Documents/GitHub/frolf-bot-shared/eventbus/eventbus.go:315 +0xbf1

goroutine 60077 [chan receive]:
github.com/ThreeDotsLabs/watermill/message.(*handler).run(0xc002616000, {0x10a337fa0, 0xc0020483c0}, {0xc0000f2cc0, 0x6, 0xc0022d8778?})
	/Users/jace/go/pkg/mod/github.com/!three!dots!labs/watermill@v1.4.6/message/router.go:645 +0x2b4
github.com/ThreeDotsLabs/watermill/message.(*Router).RunHandlers.func1()
	/Users/jace/go/pkg/mod/github.com/!three!dots!labs/watermill@v1.4.6/message/router.go:460 +0x145
created by github.com/ThreeDotsLabs/watermill/message.(*Router).RunHandlers in goroutine 59782
	/Users/jace/go/pkg/mod/github.com/!three!dots!labs/watermill@v1.4.6/message/router.go:453 +0x606

goroutine 58661 [chan receive]:
github.com/ThreeDotsLabs/watermill/message.(*handler).run(0xc002b3d790, {0x10a337fa0, 0xc0029f4a00}, {0xc000ad03c0, 0x6, 0x2f62696c2f726176?})
	/Users/jace/go/pkg/mod/github.com/!three!dots!labs/watermill@v1.4.6/message/router.go:645 +0x2b4
github.com/ThreeDotsLabs/watermill/message.(*Router).RunHandlers.func1()
	/Users/jace/go/pkg/mod/github.com/!three!dots!labs/watermill@v1.4.6/message/router.go:460 +0x145
created by github.com/ThreeDotsLabs/watermill/message.(*Router).RunHandlers in goroutine 58544
	/Users/jace/go/pkg/mod/github.com/!three!dots!labs/watermill@v1.4.6/message/router.go:453 +0x606

goroutine 62085 [chan receive]:
github.com/ThreeDotsLabs/watermill/message.(*handler).run(0xc0032c4680, {0x10a337fa0, 0xc0034cec80}, {0xc003214000, 0x6, 0x0?})
	/Users/jace/go/pkg/mod/github.com/!three!dots!labs/watermill@v1.4.6/message/router.go:645 +0x2b4
github.com/ThreeDotsLabs/watermill/message.(*Router).RunHandlers.func1()
	/Users/jace/go/pkg/mod/github.com/!three!dots!labs/watermill@v1.4.6/message/router.go:460 +0x145
created by github.com/ThreeDotsLabs/watermill/message.(*Router).RunHandlers in goroutine 61572
	/Users/jace/go/pkg/mod/github.com/!three!dots!labs/watermill@v1.4.6/message/router.go:453 +0x606

goroutine 58660 [chan receive]:
github.com/ThreeDotsLabs/watermill/message.(*messageTransformSubscriberDecorator).Subscribe.func1()
	/Users/jace/go/pkg/mod/github.com/!three!dots!labs/watermill@v1.4.6/message/decorator.go:52 +0x85
created by github.com/ThreeDotsLabs/watermill/message.(*messageTransformSubscriberDecorator).Subscribe in goroutine 58544
	/Users/jace/go/pkg/mod/github.com/!three!dots!labs/watermill@v1.4.6/message/decorator.go:51 +0xc7

goroutine 64846 [select]:
github.com/nats-io/nats.go/jetstream.(*pullSubscription).Next(0xc00321e630)
	/Users/jace/go/pkg/mod/github.com/nats-io/nats.go@v1.41.1/jetstream/pull.go:589 +0x285
github.com/Black-And-White-Club/frolf-bot-shared/eventbus.(*eventBus).Subscribe.func1()
	/Users/jace/Documents/GitHub/frolf-bot-shared/eventbus/eventbus.go:326 +0x169
created by github.com/Black-And-White-Club/frolf-bot-shared/eventbus.(*eventBus).Subscribe in goroutine 64412
	/Users/jace/Documents/GitHub/frolf-bot-shared/eventbus/eventbus.go:315 +0xbf1

goroutine 58601 [select]:
github.com/nats-io/nats.go/jetstream.(*pullSubscription).pullMessages(0xc002d90ab0, {0xc001eb8280, 0x4b})
	/Users/jace/go/pkg/mod/github.com/nats-io/nats.go@v1.41.1/jetstream/pull.go:955 +0x91
created by github.com/nats-io/nats.go/jetstream.(*pullConsumer).Messages in goroutine 58544
	/Users/jace/go/pkg/mod/github.com/nats-io/nats.go@v1.41.1/jetstream/pull.go:534 +0x748

goroutine 58602 [select]:
github.com/nats-io/nats.go/jetstream.(*pullConsumer).Messages.func2()
	/Users/jace/go/pkg/mod/github.com/nats-io/nats.go@v1.41.1/jetstream/pull.go:538 +0x68
created by github.com/nats-io/nats.go/jetstream.(*pullConsumer).Messages in goroutine 58544
	/Users/jace/go/pkg/mod/github.com/nats-io/nats.go@v1.41.1/jetstream/pull.go:536 +0x78a

goroutine 58603 [select]:
github.com/nats-io/nats.go/jetstream.(*pullSubscription).Next(0xc002d90ab0)
	/Users/jace/go/pkg/mod/github.com/nats-io/nats.go@v1.41.1/jetstream/pull.go:589 +0x285
github.com/Black-And-White-Club/frolf-bot-shared/eventbus.(*eventBus).Subscribe.func1()
	/Users/jace/Documents/GitHub/frolf-bot-shared/eventbus/eventbus.go:326 +0x169
created by github.com/Black-And-White-Club/frolf-bot-shared/eventbus.(*eventBus).Subscribe in goroutine 58544
	/Users/jace/Documents/GitHub/frolf-bot-shared/eventbus/eventbus.go:315 +0xbf1

goroutine 58604 [chan receive]:
github.com/ThreeDotsLabs/watermill/message.(*messageTransformSubscriberDecorator).Subscribe.func1()
	/Users/jace/go/pkg/mod/github.com/!three!dots!labs/watermill@v1.4.6/message/decorator.go:52 +0x85
created by github.com/ThreeDotsLabs/watermill/message.(*messageTransformSubscriberDecorator).Subscribe in goroutine 58544
	/Users/jace/go/pkg/mod/github.com/!three!dots!labs/watermill@v1.4.6/message/decorator.go:51 +0xc7

goroutine 58605 [chan receive]:
github.com/ThreeDotsLabs/watermill/message.(*handler).run(0xc002b3d450, {0x10a337fa0, 0xc002e740f0}, {0xc0000f2840, 0x6, 0xc001d72f78?})
	/Users/jace/go/pkg/mod/github.com/!three!dots!labs/watermill@v1.4.6/message/router.go:645 +0x2b4
github.com/ThreeDotsLabs/watermill/message.(*Router).RunHandlers.func1()
	/Users/jace/go/pkg/mod/github.com/!three!dots!labs/watermill@v1.4.6/message/router.go:460 +0x145
created by github.com/ThreeDotsLabs/watermill/message.(*Router).RunHandlers in goroutine 58544
	/Users/jace/go/pkg/mod/github.com/!three!dots!labs/watermill@v1.4.6/message/router.go:453 +0x606

goroutine 58703 [select]:
github.com/nats-io/nats.go/jetstream.(*pullSubscription).Next(0xc001c90c60)
	/Users/jace/go/pkg/mod/github.com/nats-io/nats.go@v1.41.1/jetstream/pull.go:589 +0x285
github.com/Black-And-White-Club/frolf-bot-shared/eventbus.(*eventBus).Subscribe.func1()
	/Users/jace/Documents/GitHub/frolf-bot-shared/eventbus/eventbus.go:326 +0x169
created by github.com/Black-And-White-Club/frolf-bot-shared/eventbus.(*eventBus).Subscribe in goroutine 58544
	/Users/jace/Documents/GitHub/frolf-bot-shared/eventbus/eventbus.go:315 +0xbf1

goroutine 58477 [select]:
github.com/nats-io/nats.go/jetstream.(*pullSubscription).pullMessages(0xc0030bdb00, {0xc0007d6e10, 0x47})
	/Users/jace/go/pkg/mod/github.com/nats-io/nats.go@v1.41.1/jetstream/pull.go:955 +0x91
created by github.com/nats-io/nats.go/jetstream.(*pullConsumer).Messages in goroutine 58544
	/Users/jace/go/pkg/mod/github.com/nats-io/nats.go@v1.41.1/jetstream/pull.go:534 +0x748

goroutine 58479 [select]:
github.com/nats-io/nats.go/jetstream.(*pullSubscription).Next(0xc0030bdb00)
	/Users/jace/go/pkg/mod/github.com/nats-io/nats.go@v1.41.1/jetstream/pull.go:589 +0x285
github.com/Black-And-White-Club/frolf-bot-shared/eventbus.(*eventBus).Subscribe.func1()
	/Users/jace/Documents/GitHub/frolf-bot-shared/eventbus/eventbus.go:326 +0x169
created by github.com/Black-And-White-Club/frolf-bot-shared/eventbus.(*eventBus).Subscribe in goroutine 58544
	/Users/jace/Documents/GitHub/frolf-bot-shared/eventbus/eventbus.go:315 +0xbf1

goroutine 61839 [chan receive]:
github.com/ThreeDotsLabs/watermill/message.(*handler).run(0xc0032c45b0, {0x10a337fa0, 0xc0026d1ae0}, {0xc00204bb00, 0x6, 0xc0027bff78?})
	/Users/jace/go/pkg/mod/github.com/!three!dots!labs/watermill@v1.4.6/message/router.go:645 +0x2b4
github.com/ThreeDotsLabs/watermill/message.(*Router).RunHandlers.func1()
	/Users/jace/go/pkg/mod/github.com/!three!dots!labs/watermill@v1.4.6/message/router.go:460 +0x145
created by github.com/ThreeDotsLabs/watermill/message.(*Router).RunHandlers in goroutine 61572
	/Users/jace/go/pkg/mod/github.com/!three!dots!labs/watermill@v1.4.6/message/router.go:453 +0x606

goroutine 58627 [select]:
github.com/nats-io/nats.go/jetstream.(*pullSubscription).pullMessages(0xc002d910e0, {0xc002988600, 0x3f})
	/Users/jace/go/pkg/mod/github.com/nats-io/nats.go@v1.41.1/jetstream/pull.go:955 +0x91
created by github.com/nats-io/nats.go/jetstream.(*pullConsumer).Messages in goroutine 58544
	/Users/jace/go/pkg/mod/github.com/nats-io/nats.go@v1.41.1/jetstream/pull.go:534 +0x748

goroutine 58628 [select]:
github.com/nats-io/nats.go/jetstream.(*pullConsumer).Messages.func2()
	/Users/jace/go/pkg/mod/github.com/nats-io/nats.go@v1.41.1/jetstream/pull.go:538 +0x68
created by github.com/nats-io/nats.go/jetstream.(*pullConsumer).Messages in goroutine 58544
	/Users/jace/go/pkg/mod/github.com/nats-io/nats.go@v1.41.1/jetstream/pull.go:536 +0x78a

goroutine 58629 [select]:
github.com/nats-io/nats.go/jetstream.(*pullSubscription).Next(0xc002d910e0)
	/Users/jace/go/pkg/mod/github.com/nats-io/nats.go@v1.41.1/jetstream/pull.go:589 +0x285
github.com/Black-And-White-Club/frolf-bot-shared/eventbus.(*eventBus).Subscribe.func1()
	/Users/jace/Documents/GitHub/frolf-bot-shared/eventbus/eventbus.go:326 +0x169
created by github.com/Black-And-White-Club/frolf-bot-shared/eventbus.(*eventBus).Subscribe in goroutine 58544
	/Users/jace/Documents/GitHub/frolf-bot-shared/eventbus/eventbus.go:315 +0xbf1

goroutine 58630 [chan receive]:
github.com/ThreeDotsLabs/watermill/message.(*messageTransformSubscriberDecorator).Subscribe.func1()
	/Users/jace/go/pkg/mod/github.com/!three!dots!labs/watermill@v1.4.6/message/decorator.go:52 +0x85
created by github.com/ThreeDotsLabs/watermill/message.(*messageTransformSubscriberDecorator).Subscribe in goroutine 58544
	/Users/jace/go/pkg/mod/github.com/!three!dots!labs/watermill@v1.4.6/message/decorator.go:51 +0xc7

goroutine 58631 [chan receive]:
github.com/ThreeDotsLabs/watermill/message.(*handler).run(0xc002b3d520, {0x10a337fa0, 0xc00307a5f0}, {0xc00015a180, 0x6, 0x0?})
	/Users/jace/go/pkg/mod/github.com/!three!dots!labs/watermill@v1.4.6/message/router.go:645 +0x2b4
github.com/ThreeDotsLabs/watermill/message.(*Router).RunHandlers.func1()
	/Users/jace/go/pkg/mod/github.com/!three!dots!labs/watermill@v1.4.6/message/router.go:460 +0x145
created by github.com/ThreeDotsLabs/watermill/message.(*Router).RunHandlers in goroutine 58544
	/Users/jace/go/pkg/mod/github.com/!three!dots!labs/watermill@v1.4.6/message/router.go:453 +0x606

goroutine 58727 [chan receive]:
github.com/ThreeDotsLabs/watermill/message.(*handler).run(0xc002b3d930, {0x10a337fa0, 0xc001fad270}, {0xc00015a300, 0x6, 0x0?})
	/Users/jace/go/pkg/mod/github.com/!three!dots!labs/watermill@v1.4.6/message/router.go:645 +0x2b4
github.com/ThreeDotsLabs/watermill/message.(*Router).RunHandlers.func1()
	/Users/jace/go/pkg/mod/github.com/!three!dots!labs/watermill@v1.4.6/message/router.go:460 +0x145
created by github.com/ThreeDotsLabs/watermill/message.(*Router).RunHandlers in goroutine 58544
	/Users/jace/go/pkg/mod/github.com/!three!dots!labs/watermill@v1.4.6/message/router.go:453 +0x606

goroutine 58708 [chan receive]:
github.com/ThreeDotsLabs/watermill/message.(*messageTransformSubscriberDecorator).Subscribe.func1()
	/Users/jace/go/pkg/mod/github.com/!three!dots!labs/watermill@v1.4.6/message/decorator.go:52 +0x85
created by github.com/ThreeDotsLabs/watermill/message.(*messageTransformSubscriberDecorator).Subscribe in goroutine 58544
	/Users/jace/go/pkg/mod/github.com/!three!dots!labs/watermill@v1.4.6/message/decorator.go:51 +0xc7

goroutine 58709 [chan receive]:
github.com/ThreeDotsLabs/watermill/message.(*handler).run(0xc002b3c820, {0x10a337fa0, 0xc002194b40}, {0xc0001fca80, 0x6, 0x0?})
	/Users/jace/go/pkg/mod/github.com/!three!dots!labs/watermill@v1.4.6/message/router.go:645 +0x2b4
github.com/ThreeDotsLabs/watermill/message.(*Router).RunHandlers.func1()
	/Users/jace/go/pkg/mod/github.com/!three!dots!labs/watermill@v1.4.6/message/router.go:460 +0x145
created by github.com/ThreeDotsLabs/watermill/message.(*Router).RunHandlers in goroutine 58544
	/Users/jace/go/pkg/mod/github.com/!three!dots!labs/watermill@v1.4.6/message/router.go:453 +0x606

goroutine 60317 [select]:
github.com/nats-io/nats.go/jetstream.(*pullSubscription).pullMessages(0xc001920ea0, {0xc001e2bbc0, 0x52})
	/Users/jace/go/pkg/mod/github.com/nats-io/nats.go@v1.41.1/jetstream/pull.go:955 +0x91
created by github.com/nats-io/nats.go/jetstream.(*pullConsumer).Messages in goroutine 59782
	/Users/jace/go/pkg/mod/github.com/nats-io/nats.go@v1.41.1/jetstream/pull.go:534 +0x748

goroutine 58704 [chan receive]:
github.com/ThreeDotsLabs/watermill/message.(*messageTransformSubscriberDecorator).Subscribe.func1()
	/Users/jace/go/pkg/mod/github.com/!three!dots!labs/watermill@v1.4.6/message/decorator.go:52 +0x85
created by github.com/ThreeDotsLabs/watermill/message.(*messageTransformSubscriberDecorator).Subscribe in goroutine 58544
	/Users/jace/go/pkg/mod/github.com/!three!dots!labs/watermill@v1.4.6/message/decorator.go:51 +0xc7

goroutine 58705 [chan receive]:
github.com/ThreeDotsLabs/watermill/message.(*handler).run(0xc002b3cd00, {0x10a337fa0, 0xc0030aae10}, {0xc000ad0480, 0x6, 0x0?})
	/Users/jace/go/pkg/mod/github.com/!three!dots!labs/watermill@v1.4.6/message/router.go:645 +0x2b4
github.com/ThreeDotsLabs/watermill/message.(*Router).RunHandlers.func1()
	/Users/jace/go/pkg/mod/github.com/!three!dots!labs/watermill@v1.4.6/message/router.go:460 +0x145
created by github.com/ThreeDotsLabs/watermill/message.(*Router).RunHandlers in goroutine 58544
	/Users/jace/go/pkg/mod/github.com/!three!dots!labs/watermill@v1.4.6/message/router.go:453 +0x606

goroutine 58746 [select]:
github.com/nats-io/nats.go/jetstream.(*pullSubscription).pullMessages(0xc002198510, {0xc000a42960, 0x5a})
	/Users/jace/go/pkg/mod/github.com/nats-io/nats.go@v1.41.1/jetstream/pull.go:955 +0x91
created by github.com/nats-io/nats.go/jetstream.(*pullConsumer).Messages in goroutine 58544
	/Users/jace/go/pkg/mod/github.com/nats-io/nats.go@v1.41.1/jetstream/pull.go:534 +0x748

goroutine 58747 [select]:
github.com/nats-io/nats.go/jetstream.(*pullConsumer).Messages.func2()
	/Users/jace/go/pkg/mod/github.com/nats-io/nats.go@v1.41.1/jetstream/pull.go:538 +0x68
created by github.com/nats-io/nats.go/jetstream.(*pullConsumer).Messages in goroutine 58544
	/Users/jace/go/pkg/mod/github.com/nats-io/nats.go@v1.41.1/jetstream/pull.go:536 +0x78a

goroutine 58748 [select]:
github.com/nats-io/nats.go/jetstream.(*pullSubscription).Next(0xc002198510)
	/Users/jace/go/pkg/mod/github.com/nats-io/nats.go@v1.41.1/jetstream/pull.go:589 +0x285
github.com/Black-And-White-Club/frolf-bot-shared/eventbus.(*eventBus).Subscribe.func1()
	/Users/jace/Documents/GitHub/frolf-bot-shared/eventbus/eventbus.go:326 +0x169
created by github.com/Black-And-White-Club/frolf-bot-shared/eventbus.(*eventBus).Subscribe in goroutine 58544
	/Users/jace/Documents/GitHub/frolf-bot-shared/eventbus/eventbus.go:315 +0xbf1

goroutine 58749 [chan receive]:
github.com/ThreeDotsLabs/watermill/message.(*messageTransformSubscriberDecorator).Subscribe.func1()
	/Users/jace/go/pkg/mod/github.com/!three!dots!labs/watermill@v1.4.6/message/decorator.go:52 +0x85
created by github.com/ThreeDotsLabs/watermill/message.(*messageTransformSubscriberDecorator).Subscribe in goroutine 58544
	/Users/jace/go/pkg/mod/github.com/!three!dots!labs/watermill@v1.4.6/message/decorator.go:51 +0xc7

goroutine 58750 [chan receive]:
github.com/ThreeDotsLabs/watermill/message.(*handler).run(0xc002b3cdd0, {0x10a337fa0, 0xc0021950e0}, {0xc000d2a300, 0x6, 0x0?})
	/Users/jace/go/pkg/mod/github.com/!three!dots!labs/watermill@v1.4.6/message/router.go:645 +0x2b4
github.com/ThreeDotsLabs/watermill/message.(*Router).RunHandlers.func1()
	/Users/jace/go/pkg/mod/github.com/!three!dots!labs/watermill@v1.4.6/message/router.go:460 +0x145
created by github.com/ThreeDotsLabs/watermill/message.(*Router).RunHandlers in goroutine 58544
	/Users/jace/go/pkg/mod/github.com/!three!dots!labs/watermill@v1.4.6/message/router.go:453 +0x606

goroutine 63207 [chan receive]:
github.com/ThreeDotsLabs/watermill/message.(*handler).run(0xc002bc5ad0, {0x10a337fa0, 0xc002bd90e0}, {0xc001caf140, 0x6, 0xc002b60778?})
	/Users/jace/go/pkg/mod/github.com/!three!dots!labs/watermill@v1.4.6/message/router.go:645 +0x2b4
github.com/ThreeDotsLabs/watermill/message.(*Router).RunHandlers.func1()
	/Users/jace/go/pkg/mod/github.com/!three!dots!labs/watermill@v1.4.6/message/router.go:460 +0x145
created by github.com/ThreeDotsLabs/watermill/message.(*Router).RunHandlers in goroutine 63116
	/Users/jace/go/pkg/mod/github.com/!three!dots!labs/watermill@v1.4.6/message/router.go:453 +0x606

goroutine 61530 [select]:
github.com/nats-io/nats.go/jetstream.(*pullSubscription).pullMessages(0xc0031e42d0, {0xc000042440, 0x40})
	/Users/jace/go/pkg/mod/github.com/nats-io/nats.go@v1.41.1/jetstream/pull.go:955 +0x91
created by github.com/nats-io/nats.go/jetstream.(*pullConsumer).Messages in goroutine 61572
	/Users/jace/go/pkg/mod/github.com/nats-io/nats.go@v1.41.1/jetstream/pull.go:534 +0x748

goroutine 60205 [select]:
github.com/nats-io/nats.go/jetstream.(*pullSubscription).pullMessages(0xc0012d5560, {0xc00179b090, 0x4b})
	/Users/jace/go/pkg/mod/github.com/nats-io/nats.go@v1.41.1/jetstream/pull.go:955 +0x91
created by github.com/nats-io/nats.go/jetstream.(*pullConsumer).Messages in goroutine 59782
	/Users/jace/go/pkg/mod/github.com/nats-io/nats.go@v1.41.1/jetstream/pull.go:534 +0x748

goroutine 60186 [chan receive]:
github.com/ThreeDotsLabs/watermill/message.(*handler).run(0xc002677040, {0x10a337fa0, 0xc0020480f0}, {0xc00112cf00, 0x6, 0x0?})
	/Users/jace/go/pkg/mod/github.com/!three!dots!labs/watermill@v1.4.6/message/router.go:645 +0x2b4
github.com/ThreeDotsLabs/watermill/message.(*Router).RunHandlers.func1()
	/Users/jace/go/pkg/mod/github.com/!three!dots!labs/watermill@v1.4.6/message/router.go:460 +0x145
created by github.com/ThreeDotsLabs/watermill/message.(*Router).RunHandlers in goroutine 59782
	/Users/jace/go/pkg/mod/github.com/!three!dots!labs/watermill@v1.4.6/message/router.go:453 +0x606

goroutine 60185 [chan receive]:
github.com/ThreeDotsLabs/watermill/message.(*messageTransformSubscriberDecorator).Subscribe.func1()
	/Users/jace/go/pkg/mod/github.com/!three!dots!labs/watermill@v1.4.6/message/decorator.go:52 +0x85
created by github.com/ThreeDotsLabs/watermill/message.(*messageTransformSubscriberDecorator).Subscribe in goroutine 59782
	/Users/jace/go/pkg/mod/github.com/!three!dots!labs/watermill@v1.4.6/message/decorator.go:51 +0xc7

goroutine 61627 [select]:
github.com/nats-io/nats.go/jetstream.(*pullConsumer).Messages.func2()
	/Users/jace/go/pkg/mod/github.com/nats-io/nats.go@v1.41.1/jetstream/pull.go:538 +0x68
created by github.com/nats-io/nats.go/jetstream.(*pullConsumer).Messages in goroutine 61572
	/Users/jace/go/pkg/mod/github.com/nats-io/nats.go@v1.41.1/jetstream/pull.go:536 +0x78a

goroutine 60206 [select]:
github.com/nats-io/nats.go/jetstream.(*pullConsumer).Messages.func2()
	/Users/jace/go/pkg/mod/github.com/nats-io/nats.go@v1.41.1/jetstream/pull.go:538 +0x68
created by github.com/nats-io/nats.go/jetstream.(*pullConsumer).Messages in goroutine 59782
	/Users/jace/go/pkg/mod/github.com/nats-io/nats.go@v1.41.1/jetstream/pull.go:536 +0x78a

goroutine 61662 [chan receive]:
github.com/ThreeDotsLabs/watermill/message.(*messageTransformSubscriberDecorator).Subscribe.func1()
	/Users/jace/go/pkg/mod/github.com/!three!dots!labs/watermill@v1.4.6/message/decorator.go:52 +0x85
created by github.com/ThreeDotsLabs/watermill/message.(*messageTransformSubscriberDecorator).Subscribe in goroutine 61572
	/Users/jace/go/pkg/mod/github.com/!three!dots!labs/watermill@v1.4.6/message/decorator.go:51 +0xc7

goroutine 61631 [select]:
github.com/nats-io/nats.go/jetstream.(*pullSubscription).pullMessages(0xc003315290, {0xc002bee500, 0x45})
	/Users/jace/go/pkg/mod/github.com/nats-io/nats.go@v1.41.1/jetstream/pull.go:955 +0x91
created by github.com/nats-io/nats.go/jetstream.(*pullConsumer).Messages in goroutine 61572
	/Users/jace/go/pkg/mod/github.com/nats-io/nats.go@v1.41.1/jetstream/pull.go:534 +0x748

goroutine 58754 [select]:
github.com/nats-io/nats.go/jetstream.(*pullSubscription).pullMessages(0xc002198c60, {0xc0008b29b0, 0x42})
	/Users/jace/go/pkg/mod/github.com/nats-io/nats.go@v1.41.1/jetstream/pull.go:955 +0x91
created by github.com/nats-io/nats.go/jetstream.(*pullConsumer).Messages in goroutine 58544
	/Users/jace/go/pkg/mod/github.com/nats-io/nats.go@v1.41.1/jetstream/pull.go:534 +0x748

goroutine 58755 [select]:
github.com/nats-io/nats.go/jetstream.(*pullConsumer).Messages.func2()
	/Users/jace/go/pkg/mod/github.com/nats-io/nats.go@v1.41.1/jetstream/pull.go:538 +0x68
created by github.com/nats-io/nats.go/jetstream.(*pullConsumer).Messages in goroutine 58544
	/Users/jace/go/pkg/mod/github.com/nats-io/nats.go@v1.41.1/jetstream/pull.go:536 +0x78a

goroutine 58756 [select]:
github.com/nats-io/nats.go/jetstream.(*pullSubscription).Next(0xc002198c60)
	/Users/jace/go/pkg/mod/github.com/nats-io/nats.go@v1.41.1/jetstream/pull.go:589 +0x285
github.com/Black-And-White-Club/frolf-bot-shared/eventbus.(*eventBus).Subscribe.func1()
	/Users/jace/Documents/GitHub/frolf-bot-shared/eventbus/eventbus.go:326 +0x169
created by github.com/Black-And-White-Club/frolf-bot-shared/eventbus.(*eventBus).Subscribe in goroutine 58544
	/Users/jace/Documents/GitHub/frolf-bot-shared/eventbus/eventbus.go:315 +0xbf1

goroutine 58757 [chan receive]:
github.com/ThreeDotsLabs/watermill/message.(*messageTransformSubscriberDecorator).Subscribe.func1()
	/Users/jace/go/pkg/mod/github.com/!three!dots!labs/watermill@v1.4.6/message/decorator.go:52 +0x85
created by github.com/ThreeDotsLabs/watermill/message.(*messageTransformSubscriberDecorator).Subscribe in goroutine 58544
	/Users/jace/go/pkg/mod/github.com/!three!dots!labs/watermill@v1.4.6/message/decorator.go:51 +0xc7

goroutine 58758 [chan receive]:
github.com/ThreeDotsLabs/watermill/message.(*handler).run(0xc002b3cf70, {0x10a337fa0, 0xc001fadc70}, {0xc00015a3c0, 0x6, 0x50?})
	/Users/jace/go/pkg/mod/github.com/!three!dots!labs/watermill@v1.4.6/message/router.go:645 +0x2b4
github.com/ThreeDotsLabs/watermill/message.(*Router).RunHandlers.func1()
	/Users/jace/go/pkg/mod/github.com/!three!dots!labs/watermill@v1.4.6/message/router.go:460 +0x145
created by github.com/ThreeDotsLabs/watermill/message.(*Router).RunHandlers in goroutine 58544
	/Users/jace/go/pkg/mod/github.com/!three!dots!labs/watermill@v1.4.6/message/router.go:453 +0x606

goroutine 60677 [select]:
github.com/nats-io/nats%2ego.(*Conn).doReconnect(0xc001bf0e08, {0x10a327f28, 0x10acedb30}, 0x0)
	/Users/jace/go/pkg/mod/github.com/nats-io/nats.go@v1.41.1/nats.go:2907 +0x41a
created by github.com/nats-io/nats%2ego.(*Conn).processOpErr in goroutine 59700
	/Users/jace/go/pkg/mod/github.com/nats-io/nats.go@v1.41.1/nats.go:3043 +0x2f3

goroutine 64898 [select]:
github.com/nats-io/nats.go/jetstream.(*pullConsumer).Messages.func2()
	/Users/jace/go/pkg/mod/github.com/nats-io/nats.go@v1.41.1/jetstream/pull.go:538 +0x68
created by github.com/nats-io/nats.go/jetstream.(*pullConsumer).Messages in goroutine 64412
	/Users/jace/go/pkg/mod/github.com/nats-io/nats.go@v1.41.1/jetstream/pull.go:536 +0x78a

goroutine 61661 [select]:
github.com/nats-io/nats.go/jetstream.(*pullSubscription).Next(0xc00321f710)
	/Users/jace/go/pkg/mod/github.com/nats-io/nats.go@v1.41.1/jetstream/pull.go:589 +0x285
github.com/Black-And-White-Club/frolf-bot-shared/eventbus.(*eventBus).Subscribe.func1()
	/Users/jace/Documents/GitHub/frolf-bot-shared/eventbus/eventbus.go:326 +0x169
created by github.com/Black-And-White-Club/frolf-bot-shared/eventbus.(*eventBus).Subscribe in goroutine 61572
	/Users/jace/Documents/GitHub/frolf-bot-shared/eventbus/eventbus.go:315 +0xbf1

goroutine 61454 [sync.Cond.Wait]:
sync.runtime_notifyListWait(0xc001b99610, 0x0)
	/usr/local/Cellar/go/1.24.2/libexec/src/runtime/sema.go:597 +0x159
sync.(*Cond).Wait(0xc00312f260?)
	/usr/local/Cellar/go/1.24.2/libexec/src/sync/cond.go:71 +0x85
github.com/nats-io/nats%2ego.(*asyncCallbacksHandler).asyncCBDispatcher(0xc0012ce1c0)
	/Users/jace/go/pkg/mod/github.com/nats-io/nats.go@v1.41.1/nats.go:3059 +0xdd
created by github.com/nats-io/nats%2ego.Options.Connect in goroutine 60772
	/Users/jace/go/pkg/mod/github.com/nats-io/nats.go@v1.41.1/nats.go:1635 +0x387

goroutine 64427 [select]:
github.com/nats-io/nats.go/jetstream.(*pullSubscription).Next(0xc00213cea0)
	/Users/jace/go/pkg/mod/github.com/nats-io/nats.go@v1.41.1/jetstream/pull.go:589 +0x285
github.com/Black-And-White-Club/frolf-bot-shared/eventbus.(*eventBus).Subscribe.func1()
	/Users/jace/Documents/GitHub/frolf-bot-shared/eventbus/eventbus.go:326 +0x169
created by github.com/Black-And-White-Club/frolf-bot-shared/eventbus.(*eventBus).Subscribe in goroutine 64412
	/Users/jace/Documents/GitHub/frolf-bot-shared/eventbus/eventbus.go:315 +0xbf1

goroutine 64571 [chan receive]:
github.com/ThreeDotsLabs/watermill/message.(*handler).run(0xc003081930, {0x10a337fa0, 0xc001bdb900}, {0xc0000f3140, 0x6, 0xc0032d5f78?})
	/Users/jace/go/pkg/mod/github.com/!three!dots!labs/watermill@v1.4.6/message/router.go:645 +0x2b4
github.com/ThreeDotsLabs/watermill/message.(*Router).RunHandlers.func1()
	/Users/jace/go/pkg/mod/github.com/!three!dots!labs/watermill@v1.4.6/message/router.go:460 +0x145
created by github.com/ThreeDotsLabs/watermill/message.(*Router).RunHandlers in goroutine 64412
	/Users/jace/go/pkg/mod/github.com/!three!dots!labs/watermill@v1.4.6/message/router.go:453 +0x606

goroutine 63284 [select]:
github.com/nats-io/nats.go/jetstream.(*pullConsumer).Messages.func2()
	/Users/jace/go/pkg/mod/github.com/nats-io/nats.go@v1.41.1/jetstream/pull.go:538 +0x68
created by github.com/nats-io/nats.go/jetstream.(*pullConsumer).Messages in goroutine 63116
	/Users/jace/go/pkg/mod/github.com/nats-io/nats.go@v1.41.1/jetstream/pull.go:536 +0x78a

goroutine 61916 [select]:
github.com/nats-io/nats.go/jetstream.(*pullSubscription).pullMessages(0xc003530000, {0xc003047e00, 0x52})
	/Users/jace/go/pkg/mod/github.com/nats-io/nats.go@v1.41.1/jetstream/pull.go:955 +0x91
created by github.com/nats-io/nats.go/jetstream.(*pullConsumer).Messages in goroutine 61572
	/Users/jace/go/pkg/mod/github.com/nats-io/nats.go@v1.41.1/jetstream/pull.go:534 +0x748

goroutine 61742 [select]:
github.com/nats-io/nats.go/jetstream.(*pullSubscription).pullMessages(0xc002661680, {0xc0008b3310, 0x42})
	/Users/jace/go/pkg/mod/github.com/nats-io/nats.go@v1.41.1/jetstream/pull.go:955 +0x91
created by github.com/nats-io/nats.go/jetstream.(*pullConsumer).Messages in goroutine 61572
	/Users/jace/go/pkg/mod/github.com/nats-io/nats.go@v1.41.1/jetstream/pull.go:534 +0x748

goroutine 63160 [select]:
github.com/nats-io/nats.go/jetstream.(*pullSubscription).pullMessages(0xc0011a5680, {0xc00024eba0, 0x58})
	/Users/jace/go/pkg/mod/github.com/nats-io/nats.go@v1.41.1/jetstream/pull.go:955 +0x91
created by github.com/nats-io/nats.go/jetstream.(*pullConsumer).Messages in goroutine 63116
	/Users/jace/go/pkg/mod/github.com/nats-io/nats.go@v1.41.1/jetstream/pull.go:534 +0x748

goroutine 63185 [chan receive]:
github.com/ThreeDotsLabs/watermill/message.(*messageTransformSubscriberDecorator).Subscribe.func1()
	/Users/jace/go/pkg/mod/github.com/!three!dots!labs/watermill@v1.4.6/message/decorator.go:52 +0x85
created by github.com/ThreeDotsLabs/watermill/message.(*messageTransformSubscriberDecorator).Subscribe in goroutine 63116
	/Users/jace/go/pkg/mod/github.com/!three!dots!labs/watermill@v1.4.6/message/decorator.go:51 +0xc7

goroutine 59783 [sync.Cond.Wait]:
sync.runtime_notifyListWait(0xc001afe750, 0x1)
	/usr/local/Cellar/go/1.24.2/libexec/src/runtime/sema.go:597 +0x159
sync.(*Cond).Wait(0x0?)
	/usr/local/Cellar/go/1.24.2/libexec/src/sync/cond.go:71 +0x85
github.com/nats-io/nats%2ego.(*Conn).waitForMsgs(0xc001bf0e08, 0xc0007fce10)
	/Users/jace/go/pkg/mod/github.com/nats-io/nats.go@v1.41.1/nats.go:3178 +0xc5
created by github.com/nats-io/nats%2ego.(*Conn).subscribeLocked in goroutine 58881
	/Users/jace/go/pkg/mod/github.com/nats-io/nats.go@v1.41.1/nats.go:4468 +0x419

goroutine 63206 [chan receive]:
github.com/ThreeDotsLabs/watermill/message.(*messageTransformSubscriberDecorator).Subscribe.func1()
	/Users/jace/go/pkg/mod/github.com/!three!dots!labs/watermill@v1.4.6/message/decorator.go:52 +0x85
created by github.com/ThreeDotsLabs/watermill/message.(*messageTransformSubscriberDecorator).Subscribe in goroutine 63116
	/Users/jace/go/pkg/mod/github.com/!three!dots!labs/watermill@v1.4.6/message/decorator.go:51 +0xc7

goroutine 59861 [chan receive]:
github.com/ThreeDotsLabs/watermill/message.(*handler).run(0xc002676c30, {0x10a337fa0, 0xc000a2c5a0}, {0xc001ef55c0, 0x6, 0xc002fb8f78?})
	/Users/jace/go/pkg/mod/github.com/!three!dots!labs/watermill@v1.4.6/message/router.go:645 +0x2b4
github.com/ThreeDotsLabs/watermill/message.(*Router).RunHandlers.func1()
	/Users/jace/go/pkg/mod/github.com/!three!dots!labs/watermill@v1.4.6/message/router.go:460 +0x145
created by github.com/ThreeDotsLabs/watermill/message.(*Router).RunHandlers in goroutine 59782
	/Users/jace/go/pkg/mod/github.com/!three!dots!labs/watermill@v1.4.6/message/router.go:453 +0x606

goroutine 60060 [select]:
github.com/nats-io/nats.go/jetstream.(*pullSubscription).pullMessages(0xc002518ab0, {0xc001eb9270, 0x47})
	/Users/jace/go/pkg/mod/github.com/nats-io/nats.go@v1.41.1/jetstream/pull.go:955 +0x91
created by github.com/nats-io/nats.go/jetstream.(*pullConsumer).Messages in goroutine 59782
	/Users/jace/go/pkg/mod/github.com/nats-io/nats.go@v1.41.1/jetstream/pull.go:534 +0x748

goroutine 61927 [select]:
github.com/nats-io/nats.go/jetstream.(*pullSubscription).Next(0xc0031e5cb0)
	/Users/jace/go/pkg/mod/github.com/nats-io/nats.go@v1.41.1/jetstream/pull.go:589 +0x285
github.com/Black-And-White-Club/frolf-bot-shared/eventbus.(*eventBus).Subscribe.func1()
	/Users/jace/Documents/GitHub/frolf-bot-shared/eventbus/eventbus.go:326 +0x169
created by github.com/Black-And-White-Club/frolf-bot-shared/eventbus.(*eventBus).Subscribe in goroutine 61572
	/Users/jace/Documents/GitHub/frolf-bot-shared/eventbus/eventbus.go:315 +0xbf1

goroutine 59870 [select]:
github.com/nats-io/nats.go/jetstream.(*pullSubscription).Next(0xc00311ba70)
	/Users/jace/go/pkg/mod/github.com/nats-io/nats.go@v1.41.1/jetstream/pull.go:589 +0x285
github.com/Black-And-White-Club/frolf-bot-shared/eventbus.(*eventBus).Subscribe.func1()
	/Users/jace/Documents/GitHub/frolf-bot-shared/eventbus/eventbus.go:326 +0x169
created by github.com/Black-And-White-Club/frolf-bot-shared/eventbus.(*eventBus).Subscribe in goroutine 59782
	/Users/jace/Documents/GitHub/frolf-bot-shared/eventbus/eventbus.go:315 +0xbf1

goroutine 61715 [select]:
github.com/nats-io/nats.go/jetstream.(*pullConsumer).Messages.func2()
	/Users/jace/go/pkg/mod/github.com/nats-io/nats.go@v1.41.1/jetstream/pull.go:538 +0x68
created by github.com/nats-io/nats.go/jetstream.(*pullConsumer).Messages in goroutine 61572
	/Users/jace/go/pkg/mod/github.com/nats-io/nats.go@v1.41.1/jetstream/pull.go:536 +0x78a

goroutine 59858 [select]:
github.com/nats-io/nats.go/jetstream.(*pullConsumer).Messages.func2()
	/Users/jace/go/pkg/mod/github.com/nats-io/nats.go@v1.41.1/jetstream/pull.go:538 +0x68
created by github.com/nats-io/nats.go/jetstream.(*pullConsumer).Messages in goroutine 59782
	/Users/jace/go/pkg/mod/github.com/nats-io/nats.go@v1.41.1/jetstream/pull.go:536 +0x78a

goroutine 59868 [select]:
github.com/nats-io/nats.go/jetstream.(*pullSubscription).pullMessages(0xc00311ba70, {0xc0005e8a50, 0x4f})
	/Users/jace/go/pkg/mod/github.com/nats-io/nats.go@v1.41.1/jetstream/pull.go:955 +0x91
created by github.com/nats-io/nats.go/jetstream.(*pullConsumer).Messages in goroutine 59782
	/Users/jace/go/pkg/mod/github.com/nats-io/nats.go@v1.41.1/jetstream/pull.go:534 +0x748

goroutine 59859 [select]:
github.com/nats-io/nats.go/jetstream.(*pullSubscription).Next(0xc00204e510)
	/Users/jace/go/pkg/mod/github.com/nats-io/nats.go@v1.41.1/jetstream/pull.go:589 +0x285
github.com/Black-And-White-Club/frolf-bot-shared/eventbus.(*eventBus).Subscribe.func1()
	/Users/jace/Documents/GitHub/frolf-bot-shared/eventbus/eventbus.go:326 +0x169
created by github.com/Black-And-White-Club/frolf-bot-shared/eventbus.(*eventBus).Subscribe in goroutine 59782
	/Users/jace/Documents/GitHub/frolf-bot-shared/eventbus/eventbus.go:315 +0xbf1

goroutine 63238 [chan receive]:
github.com/ThreeDotsLabs/watermill/message.(*handler).run(0xc000647a00, {0x10a337fa0, 0xc00096ec80}, {0xc0020c0300, 0x6, 0x10a0bfea0?})
	/Users/jace/go/pkg/mod/github.com/!three!dots!labs/watermill@v1.4.6/message/router.go:645 +0x2b4
github.com/ThreeDotsLabs/watermill/message.(*Router).RunHandlers.func1()
	/Users/jace/go/pkg/mod/github.com/!three!dots!labs/watermill@v1.4.6/message/router.go:460 +0x145
created by github.com/ThreeDotsLabs/watermill/message.(*Router).RunHandlers in goroutine 63116
	/Users/jace/go/pkg/mod/github.com/!three!dots!labs/watermill@v1.4.6/message/router.go:453 +0x606

goroutine 59869 [select]:
github.com/nats-io/nats.go/jetstream.(*pullConsumer).Messages.func2()
	/Users/jace/go/pkg/mod/github.com/nats-io/nats.go@v1.41.1/jetstream/pull.go:538 +0x68
created by github.com/nats-io/nats.go/jetstream.(*pullConsumer).Messages in goroutine 59782
	/Users/jace/go/pkg/mod/github.com/nats-io/nats.go@v1.41.1/jetstream/pull.go:536 +0x78a

goroutine 58552 [select]:
github.com/nats-io/nats.go/jetstream.(*pullSubscription).pullMessages(0xc00311b200, {0xc0005e8870, 0x48})
	/Users/jace/go/pkg/mod/github.com/nats-io/nats.go@v1.41.1/jetstream/pull.go:955 +0x91
created by github.com/nats-io/nats.go/jetstream.(*pullConsumer).Messages in goroutine 59782
	/Users/jace/go/pkg/mod/github.com/nats-io/nats.go@v1.41.1/jetstream/pull.go:534 +0x748

goroutine 58553 [select]:
github.com/nats-io/nats.go/jetstream.(*pullConsumer).Messages.func2()
	/Users/jace/go/pkg/mod/github.com/nats-io/nats.go@v1.41.1/jetstream/pull.go:538 +0x68
created by github.com/nats-io/nats.go/jetstream.(*pullConsumer).Messages in goroutine 59782
	/Users/jace/go/pkg/mod/github.com/nats-io/nats.go@v1.41.1/jetstream/pull.go:536 +0x78a

goroutine 58554 [select]:
github.com/nats-io/nats.go/jetstream.(*pullSubscription).Next(0xc00311b200)
	/Users/jace/go/pkg/mod/github.com/nats-io/nats.go@v1.41.1/jetstream/pull.go:589 +0x285
github.com/Black-And-White-Club/frolf-bot-shared/eventbus.(*eventBus).Subscribe.func1()
	/Users/jace/Documents/GitHub/frolf-bot-shared/eventbus/eventbus.go:326 +0x169
created by github.com/Black-And-White-Club/frolf-bot-shared/eventbus.(*eventBus).Subscribe in goroutine 59782
	/Users/jace/Documents/GitHub/frolf-bot-shared/eventbus/eventbus.go:315 +0xbf1

goroutine 58555 [chan receive]:
github.com/ThreeDotsLabs/watermill/message.(*messageTransformSubscriberDecorator).Subscribe.func1()
	/Users/jace/go/pkg/mod/github.com/!three!dots!labs/watermill@v1.4.6/message/decorator.go:52 +0x85
created by github.com/ThreeDotsLabs/watermill/message.(*messageTransformSubscriberDecorator).Subscribe in goroutine 59782
	/Users/jace/go/pkg/mod/github.com/!three!dots!labs/watermill@v1.4.6/message/decorator.go:51 +0xc7

goroutine 58556 [chan receive]:
github.com/ThreeDotsLabs/watermill/message.(*handler).run(0xc002676b60, {0x10a337fa0, 0xc002d20d70}, {0xc000cfe6c0, 0x6, 0x0?})
	/Users/jace/go/pkg/mod/github.com/!three!dots!labs/watermill@v1.4.6/message/router.go:645 +0x2b4
github.com/ThreeDotsLabs/watermill/message.(*Router).RunHandlers.func1()
	/Users/jace/go/pkg/mod/github.com/!three!dots!labs/watermill@v1.4.6/message/router.go:460 +0x145
created by github.com/ThreeDotsLabs/watermill/message.(*Router).RunHandlers in goroutine 59782
	/Users/jace/go/pkg/mod/github.com/!three!dots!labs/watermill@v1.4.6/message/router.go:453 +0x606

goroutine 59888 [select]:
github.com/nats-io/nats.go/jetstream.(*pullSubscription).pullMessages(0xc000f91680, {0xc000255e50, 0x45})
	/Users/jace/go/pkg/mod/github.com/nats-io/nats.go@v1.41.1/jetstream/pull.go:955 +0x91
created by github.com/nats-io/nats.go/jetstream.(*pullConsumer).Messages in goroutine 59782
	/Users/jace/go/pkg/mod/github.com/nats-io/nats.go@v1.41.1/jetstream/pull.go:534 +0x748

goroutine 60064 [chan receive]:
github.com/ThreeDotsLabs/watermill/message.(*handler).run(0xc0026769c0, {0x10a337fa0, 0xc00295d950}, {0xc00112ce40, 0x6, 0xc0028f9778?})
	/Users/jace/go/pkg/mod/github.com/!three!dots!labs/watermill@v1.4.6/message/router.go:645 +0x2b4
github.com/ThreeDotsLabs/watermill/message.(*Router).RunHandlers.func1()
	/Users/jace/go/pkg/mod/github.com/!three!dots!labs/watermill@v1.4.6/message/router.go:460 +0x145
created by github.com/ThreeDotsLabs/watermill/message.(*Router).RunHandlers in goroutine 59782
	/Users/jace/go/pkg/mod/github.com/!three!dots!labs/watermill@v1.4.6/message/router.go:453 +0x606

goroutine 59932 [select]:
github.com/nats-io/nats.go/jetstream.(*pullConsumer).Messages.func2()
	/Users/jace/go/pkg/mod/github.com/nats-io/nats.go@v1.41.1/jetstream/pull.go:538 +0x68
created by github.com/nats-io/nats.go/jetstream.(*pullConsumer).Messages in goroutine 59782
	/Users/jace/go/pkg/mod/github.com/nats-io/nats.go@v1.41.1/jetstream/pull.go:536 +0x78a

goroutine 59946 [select]:
github.com/nats-io/nats.go/jetstream.(*pullSubscription).pullMessages(0xc00083c750, {0xc000b3aa40, 0x3f})
	/Users/jace/go/pkg/mod/github.com/nats-io/nats.go@v1.41.1/jetstream/pull.go:955 +0x91
created by github.com/nats-io/nats.go/jetstream.(*pullConsumer).Messages in goroutine 59782
	/Users/jace/go/pkg/mod/github.com/nats-io/nats.go@v1.41.1/jetstream/pull.go:534 +0x748

goroutine 64078 [select]:
github.com/nats-io/nats.go/jetstream.(*pullSubscription).Next(0xc001cfac60)
	/Users/jace/go/pkg/mod/github.com/nats-io/nats.go@v1.41.1/jetstream/pull.go:589 +0x285
github.com/Black-And-White-Club/frolf-bot-shared/eventbus.(*eventBus).Subscribe.func1()
	/Users/jace/Documents/GitHub/frolf-bot-shared/eventbus/eventbus.go:326 +0x169
created by github.com/Black-And-White-Club/frolf-bot-shared/eventbus.(*eventBus).Subscribe in goroutine 64412
	/Users/jace/Documents/GitHub/frolf-bot-shared/eventbus/eventbus.go:315 +0xbf1

goroutine 59934 [chan receive]:
github.com/ThreeDotsLabs/watermill/message.(*messageTransformSubscriberDecorator).Subscribe.func1()
	/Users/jace/go/pkg/mod/github.com/!three!dots!labs/watermill@v1.4.6/message/decorator.go:52 +0x85
created by github.com/ThreeDotsLabs/watermill/message.(*messageTransformSubscriberDecorator).Subscribe in goroutine 59782
	/Users/jace/go/pkg/mod/github.com/!three!dots!labs/watermill@v1.4.6/message/decorator.go:51 +0xc7

goroutine 59875 [select]:
github.com/nats-io/nats.go/jetstream.(*pullSubscription).pullMessages(0xc000f90900, {0xc000255db0, 0x47})
	/Users/jace/go/pkg/mod/github.com/nats-io/nats.go@v1.41.1/jetstream/pull.go:955 +0x91
created by github.com/nats-io/nats.go/jetstream.(*pullConsumer).Messages in goroutine 59782
	/Users/jace/go/pkg/mod/github.com/nats-io/nats.go@v1.41.1/jetstream/pull.go:534 +0x748

goroutine 59876 [select]:
github.com/nats-io/nats.go/jetstream.(*pullConsumer).Messages.func2()
	/Users/jace/go/pkg/mod/github.com/nats-io/nats.go@v1.41.1/jetstream/pull.go:538 +0x68
created by github.com/nats-io/nats.go/jetstream.(*pullConsumer).Messages in goroutine 59782
	/Users/jace/go/pkg/mod/github.com/nats-io/nats.go@v1.41.1/jetstream/pull.go:536 +0x78a

goroutine 59877 [select]:
github.com/nats-io/nats.go/jetstream.(*pullSubscription).Next(0xc000f90900)
	/Users/jace/go/pkg/mod/github.com/nats-io/nats.go@v1.41.1/jetstream/pull.go:589 +0x285
github.com/Black-And-White-Club/frolf-bot-shared/eventbus.(*eventBus).Subscribe.func1()
	/Users/jace/Documents/GitHub/frolf-bot-shared/eventbus/eventbus.go:326 +0x169
created by github.com/Black-And-White-Club/frolf-bot-shared/eventbus.(*eventBus).Subscribe in goroutine 59782
	/Users/jace/Documents/GitHub/frolf-bot-shared/eventbus/eventbus.go:315 +0xbf1

goroutine 59878 [chan receive]:
github.com/ThreeDotsLabs/watermill/message.(*messageTransformSubscriberDecorator).Subscribe.func1()
	/Users/jace/go/pkg/mod/github.com/!three!dots!labs/watermill@v1.4.6/message/decorator.go:52 +0x85
created by github.com/ThreeDotsLabs/watermill/message.(*messageTransformSubscriberDecorator).Subscribe in goroutine 59782
	/Users/jace/go/pkg/mod/github.com/!three!dots!labs/watermill@v1.4.6/message/decorator.go:51 +0xc7

goroutine 59879 [chan receive]:
github.com/ThreeDotsLabs/watermill/message.(*handler).run(0xc002616dd0, {0x10a337fa0, 0xc001ab5b80}, {0xc00204aa80, 0x6, 0x0?})
	/Users/jace/go/pkg/mod/github.com/!three!dots!labs/watermill@v1.4.6/message/router.go:645 +0x2b4
github.com/ThreeDotsLabs/watermill/message.(*Router).RunHandlers.func1()
	/Users/jace/go/pkg/mod/github.com/!three!dots!labs/watermill@v1.4.6/message/router.go:460 +0x145
created by github.com/ThreeDotsLabs/watermill/message.(*Router).RunHandlers in goroutine 59782
	/Users/jace/go/pkg/mod/github.com/!three!dots!labs/watermill@v1.4.6/message/router.go:453 +0x606

goroutine 61876 [chan receive]:
github.com/ThreeDotsLabs/watermill/message.(*messageTransformSubscriberDecorator).Subscribe.func1()
	/Users/jace/go/pkg/mod/github.com/!three!dots!labs/watermill@v1.4.6/message/decorator.go:52 +0x85
created by github.com/ThreeDotsLabs/watermill/message.(*messageTransformSubscriberDecorator).Subscribe in goroutine 61572
	/Users/jace/go/pkg/mod/github.com/!three!dots!labs/watermill@v1.4.6/message/decorator.go:51 +0xc7

goroutine 61698 [chan receive]:
github.com/ThreeDotsLabs/watermill/message.(*messageTransformSubscriberDecorator).Subscribe.func1()
	/Users/jace/go/pkg/mod/github.com/!three!dots!labs/watermill@v1.4.6/message/decorator.go:52 +0x85
created by github.com/ThreeDotsLabs/watermill/message.(*messageTransformSubscriberDecorator).Subscribe in goroutine 61572
	/Users/jace/go/pkg/mod/github.com/!three!dots!labs/watermill@v1.4.6/message/decorator.go:51 +0xc7

goroutine 63161 [select]:
github.com/nats-io/nats.go/jetstream.(*pullConsumer).Messages.func2()
	/Users/jace/go/pkg/mod/github.com/nats-io/nats.go@v1.41.1/jetstream/pull.go:538 +0x68
created by github.com/nats-io/nats.go/jetstream.(*pullConsumer).Messages in goroutine 63116
	/Users/jace/go/pkg/mod/github.com/nats-io/nats.go@v1.41.1/jetstream/pull.go:536 +0x78a

goroutine 59889 [select]:
github.com/nats-io/nats.go/jetstream.(*pullConsumer).Messages.func2()
	/Users/jace/go/pkg/mod/github.com/nats-io/nats.go@v1.41.1/jetstream/pull.go:538 +0x68
created by github.com/nats-io/nats.go/jetstream.(*pullConsumer).Messages in goroutine 59782
	/Users/jace/go/pkg/mod/github.com/nats-io/nats.go@v1.41.1/jetstream/pull.go:536 +0x78a

goroutine 59890 [select]:
github.com/nats-io/nats.go/jetstream.(*pullSubscription).Next(0xc000f91680)
	/Users/jace/go/pkg/mod/github.com/nats-io/nats.go@v1.41.1/jetstream/pull.go:589 +0x285
github.com/Black-And-White-Club/frolf-bot-shared/eventbus.(*eventBus).Subscribe.func1()
	/Users/jace/Documents/GitHub/frolf-bot-shared/eventbus/eventbus.go:326 +0x169
created by github.com/Black-And-White-Club/frolf-bot-shared/eventbus.(*eventBus).Subscribe in goroutine 59782
	/Users/jace/Documents/GitHub/frolf-bot-shared/eventbus/eventbus.go:315 +0xbf1

goroutine 59891 [chan receive]:
github.com/ThreeDotsLabs/watermill/message.(*messageTransformSubscriberDecorator).Subscribe.func1()
	/Users/jace/go/pkg/mod/github.com/!three!dots!labs/watermill@v1.4.6/message/decorator.go:52 +0x85
created by github.com/ThreeDotsLabs/watermill/message.(*messageTransformSubscriberDecorator).Subscribe in goroutine 59782
	/Users/jace/go/pkg/mod/github.com/!three!dots!labs/watermill@v1.4.6/message/decorator.go:51 +0xc7

goroutine 59892 [chan receive]:
github.com/ThreeDotsLabs/watermill/message.(*handler).run(0xc002617110, {0x10a337fa0, 0xc001d6af50}, {0xc001e7d200, 0x6, 0x100010000?})
	/Users/jace/go/pkg/mod/github.com/!three!dots!labs/watermill@v1.4.6/message/router.go:645 +0x2b4
github.com/ThreeDotsLabs/watermill/message.(*Router).RunHandlers.func1()
	/Users/jace/go/pkg/mod/github.com/!three!dots!labs/watermill@v1.4.6/message/router.go:460 +0x145
created by github.com/ThreeDotsLabs/watermill/message.(*Router).RunHandlers in goroutine 59782
	/Users/jace/go/pkg/mod/github.com/!three!dots!labs/watermill@v1.4.6/message/router.go:453 +0x606

goroutine 62008 [chan receive]:
github.com/ThreeDotsLabs/watermill/message.(*handler).run(0xc0032c41a0, {0x10a337fa0, 0xc003522f00}, {0xc00204bec0, 0x6, 0xc002b75778?})
	/Users/jace/go/pkg/mod/github.com/!three!dots!labs/watermill@v1.4.6/message/router.go:645 +0x2b4
github.com/ThreeDotsLabs/watermill/message.(*Router).RunHandlers.func1()
	/Users/jace/go/pkg/mod/github.com/!three!dots!labs/watermill@v1.4.6/message/router.go:460 +0x145
created by github.com/ThreeDotsLabs/watermill/message.(*Router).RunHandlers in goroutine 61572
	/Users/jace/go/pkg/mod/github.com/!three!dots!labs/watermill@v1.4.6/message/router.go:453 +0x606

goroutine 60390 [select]:
github.com/nats-io/nats.go/jetstream.(*pullSubscription).Next(0xc002a02630)
	/Users/jace/go/pkg/mod/github.com/nats-io/nats.go@v1.41.1/jetstream/pull.go:589 +0x285
github.com/Black-And-White-Club/frolf-bot-shared/eventbus.(*eventBus).Subscribe.func1()
	/Users/jace/Documents/GitHub/frolf-bot-shared/eventbus/eventbus.go:326 +0x169
created by github.com/Black-And-White-Club/frolf-bot-shared/eventbus.(*eventBus).Subscribe in goroutine 59782
	/Users/jace/Documents/GitHub/frolf-bot-shared/eventbus/eventbus.go:315 +0xbf1

goroutine 60389 [select]:
github.com/nats-io/nats.go/jetstream.(*pullConsumer).Messages.func2()
	/Users/jace/go/pkg/mod/github.com/nats-io/nats.go@v1.41.1/jetstream/pull.go:538 +0x68
created by github.com/nats-io/nats.go/jetstream.(*pullConsumer).Messages in goroutine 59782
	/Users/jace/go/pkg/mod/github.com/nats-io/nats.go@v1.41.1/jetstream/pull.go:536 +0x78a

goroutine 59871 [chan receive]:
github.com/ThreeDotsLabs/watermill/message.(*messageTransformSubscriberDecorator).Subscribe.func1()
	/Users/jace/go/pkg/mod/github.com/!three!dots!labs/watermill@v1.4.6/message/decorator.go:52 +0x85
created by github.com/ThreeDotsLabs/watermill/message.(*messageTransformSubscriberDecorator).Subscribe in goroutine 59782
	/Users/jace/go/pkg/mod/github.com/!three!dots!labs/watermill@v1.4.6/message/decorator.go:51 +0xc7

goroutine 59872 [chan receive]:
github.com/ThreeDotsLabs/watermill/message.(*handler).run(0xc002616680, {0x10a337fa0, 0xc001d6b4f0}, {0xc00204ac00, 0x6, 0x1?})
	/Users/jace/go/pkg/mod/github.com/!three!dots!labs/watermill@v1.4.6/message/router.go:645 +0x2b4
github.com/ThreeDotsLabs/watermill/message.(*Router).RunHandlers.func1()
	/Users/jace/go/pkg/mod/github.com/!three!dots!labs/watermill@v1.4.6/message/router.go:460 +0x145
created by github.com/ThreeDotsLabs/watermill/message.(*Router).RunHandlers in goroutine 59782
	/Users/jace/go/pkg/mod/github.com/!three!dots!labs/watermill@v1.4.6/message/router.go:453 +0x606

goroutine 63455 [select]:
github.com/nats-io/nats%2ego.(*Conn).doReconnect(0xc002ff5508, {0x10a327f28, 0x10acedb30}, 0x0)
	/Users/jace/go/pkg/mod/github.com/nats-io/nats.go@v1.41.1/nats.go:2907 +0x41a
created by github.com/nats-io/nats%2ego.(*Conn).processOpErr in goroutine 63074
	/Users/jace/go/pkg/mod/github.com/nats-io/nats.go@v1.41.1/nats.go:3043 +0x2f3

goroutine 59917 [select]:
github.com/nats-io/nats.go/jetstream.(*pullConsumer).Messages.func2()
	/Users/jace/go/pkg/mod/github.com/nats-io/nats.go@v1.41.1/jetstream/pull.go:538 +0x68
created by github.com/nats-io/nats.go/jetstream.(*pullConsumer).Messages in goroutine 59782
	/Users/jace/go/pkg/mod/github.com/nats-io/nats.go@v1.41.1/jetstream/pull.go:536 +0x78a

goroutine 59918 [select]:
github.com/nats-io/nats.go/jetstream.(*pullSubscription).Next(0xc00292bdd0)
	/Users/jace/go/pkg/mod/github.com/nats-io/nats.go@v1.41.1/jetstream/pull.go:589 +0x285
github.com/Black-And-White-Club/frolf-bot-shared/eventbus.(*eventBus).Subscribe.func1()
	/Users/jace/Documents/GitHub/frolf-bot-shared/eventbus/eventbus.go:326 +0x169
created by github.com/Black-And-White-Club/frolf-bot-shared/eventbus.(*eventBus).Subscribe in goroutine 59782
	/Users/jace/Documents/GitHub/frolf-bot-shared/eventbus/eventbus.go:315 +0xbf1

goroutine 59919 [chan receive]:
github.com/ThreeDotsLabs/watermill/message.(*messageTransformSubscriberDecorator).Subscribe.func1()
	/Users/jace/go/pkg/mod/github.com/!three!dots!labs/watermill@v1.4.6/message/decorator.go:52 +0x85
created by github.com/ThreeDotsLabs/watermill/message.(*messageTransformSubscriberDecorator).Subscribe in goroutine 59782
	/Users/jace/go/pkg/mod/github.com/!three!dots!labs/watermill@v1.4.6/message/decorator.go:51 +0xc7

goroutine 59920 [chan receive]:
github.com/ThreeDotsLabs/watermill/message.(*handler).run(0xc002616a90, {0x10a337fa0, 0xc001e52190}, {0xc00204acc0, 0x6, 0x222c303a22736572?})
	/Users/jace/go/pkg/mod/github.com/!three!dots!labs/watermill@v1.4.6/message/router.go:645 +0x2b4
github.com/ThreeDotsLabs/watermill/message.(*Router).RunHandlers.func1()
	/Users/jace/go/pkg/mod/github.com/!three!dots!labs/watermill@v1.4.6/message/router.go:460 +0x145
created by github.com/ThreeDotsLabs/watermill/message.(*Router).RunHandlers in goroutine 59782
	/Users/jace/go/pkg/mod/github.com/!three!dots!labs/watermill@v1.4.6/message/router.go:453 +0x606

goroutine 60689 [select]:
github.com/nats-io/nats.go/jetstream.(*pullSubscription).pullMessages(0xc0010d4510, {0xc002cca720, 0x55})
	/Users/jace/go/pkg/mod/github.com/nats-io/nats.go@v1.41.1/jetstream/pull.go:955 +0x91
created by github.com/nats-io/nats.go/jetstream.(*pullConsumer).Messages in goroutine 61572
	/Users/jace/go/pkg/mod/github.com/nats-io/nats.go@v1.41.1/jetstream/pull.go:534 +0x748

goroutine 60007 [select]:
github.com/nats-io/nats.go/jetstream.(*pullConsumer).Messages.func2()
	/Users/jace/go/pkg/mod/github.com/nats-io/nats.go@v1.41.1/jetstream/pull.go:538 +0x68
created by github.com/nats-io/nats.go/jetstream.(*pullConsumer).Messages in goroutine 59782
	/Users/jace/go/pkg/mod/github.com/nats-io/nats.go@v1.41.1/jetstream/pull.go:536 +0x78a

goroutine 60087 [chan receive]:
github.com/ThreeDotsLabs/watermill/message.(*messageTransformSubscriberDecorator).Subscribe.func1()
	/Users/jace/go/pkg/mod/github.com/!three!dots!labs/watermill@v1.4.6/message/decorator.go:52 +0x85
created by github.com/ThreeDotsLabs/watermill/message.(*messageTransformSubscriberDecorator).Subscribe in goroutine 59782
	/Users/jace/go/pkg/mod/github.com/!three!dots!labs/watermill@v1.4.6/message/decorator.go:51 +0xc7

goroutine 63164 [chan receive]:
github.com/ThreeDotsLabs/watermill/message.(*handler).run(0xc001d67c70, {0x10a337fa0, 0xc002ce20f0}, {0xc001ea86c0, 0x6, 0x4?})
	/Users/jace/go/pkg/mod/github.com/!three!dots!labs/watermill@v1.4.6/message/router.go:645 +0x2b4
github.com/ThreeDotsLabs/watermill/message.(*Router).RunHandlers.func1()
	/Users/jace/go/pkg/mod/github.com/!three!dots!labs/watermill@v1.4.6/message/router.go:460 +0x145
created by github.com/ThreeDotsLabs/watermill/message.(*Router).RunHandlers in goroutine 63116
	/Users/jace/go/pkg/mod/github.com/!three!dots!labs/watermill@v1.4.6/message/router.go:453 +0x606

goroutine 61628 [select]:
github.com/nats-io/nats.go/jetstream.(*pullSubscription).Next(0xc003314ea0)
	/Users/jace/go/pkg/mod/github.com/nats-io/nats.go@v1.41.1/jetstream/pull.go:589 +0x285
github.com/Black-And-White-Club/frolf-bot-shared/eventbus.(*eventBus).Subscribe.func1()
	/Users/jace/Documents/GitHub/frolf-bot-shared/eventbus/eventbus.go:326 +0x169
created by github.com/Black-And-White-Club/frolf-bot-shared/eventbus.(*eventBus).Subscribe in goroutine 61572
	/Users/jace/Documents/GitHub/frolf-bot-shared/eventbus/eventbus.go:315 +0xbf1

goroutine 60642 [sync.WaitGroup.Wait]:
sync.runtime_SemacquireWaitGroup(0x10a338010?)
	/usr/local/Cellar/go/1.24.2/libexec/src/runtime/sema.go:110 +0x25
sync.(*WaitGroup).Wait(0xc0023cbfd0?)
	/usr/local/Cellar/go/1.24.2/libexec/src/sync/waitgroup.go:118 +0x48
github.com/ThreeDotsLabs/watermill/message.(*Router).waitForHandlers.func1()
	/Users/jace/go/pkg/mod/github.com/!three!dots!labs/watermill@v1.4.6/message/router.go:579 +0x4b
created by github.com/ThreeDotsLabs/watermill/message.(*Router).waitForHandlers in goroutine 58881
	/Users/jace/go/pkg/mod/github.com/!three!dots!labs/watermill@v1.4.6/message/router.go:577 +0x87

goroutine 64639 [select]:
github.com/nats-io/nats.go/jetstream.(*pullConsumer).Messages.func2()
	/Users/jace/go/pkg/mod/github.com/nats-io/nats.go@v1.41.1/jetstream/pull.go:538 +0x68
created by github.com/nats-io/nats.go/jetstream.(*pullConsumer).Messages in goroutine 64412
	/Users/jace/go/pkg/mod/github.com/nats-io/nats.go@v1.41.1/jetstream/pull.go:536 +0x78a

goroutine 63082 [select]:
github.com/nats-io/nats.go/jetstream.(*pullConsumer).Messages.func2()
	/Users/jace/go/pkg/mod/github.com/nats-io/nats.go@v1.41.1/jetstream/pull.go:538 +0x68
created by github.com/nats-io/nats.go/jetstream.(*pullConsumer).Messages in goroutine 63116
	/Users/jace/go/pkg/mod/github.com/nats-io/nats.go@v1.41.1/jetstream/pull.go:536 +0x78a

goroutine 59948 [select]:
github.com/nats-io/nats.go/jetstream.(*pullSubscription).Next(0xc00083c750)
	/Users/jace/go/pkg/mod/github.com/nats-io/nats.go@v1.41.1/jetstream/pull.go:589 +0x285
github.com/Black-And-White-Club/frolf-bot-shared/eventbus.(*eventBus).Subscribe.func1()
	/Users/jace/Documents/GitHub/frolf-bot-shared/eventbus/eventbus.go:326 +0x169
created by github.com/Black-And-White-Club/frolf-bot-shared/eventbus.(*eventBus).Subscribe in goroutine 59782
	/Users/jace/Documents/GitHub/frolf-bot-shared/eventbus/eventbus.go:315 +0xbf1

goroutine 59949 [chan receive]:
github.com/ThreeDotsLabs/watermill/message.(*messageTransformSubscriberDecorator).Subscribe.func1()
	/Users/jace/go/pkg/mod/github.com/!three!dots!labs/watermill@v1.4.6/message/decorator.go:52 +0x85
created by github.com/ThreeDotsLabs/watermill/message.(*messageTransformSubscriberDecorator).Subscribe in goroutine 59782
	/Users/jace/go/pkg/mod/github.com/!three!dots!labs/watermill@v1.4.6/message/decorator.go:51 +0xc7

goroutine 59950 [chan receive]:
github.com/ThreeDotsLabs/watermill/message.(*handler).run(0xc002616b60, {0x10a337fa0, 0xc00295caf0}, {0xc00204afc0, 0x6, 0x0?})
	/Users/jace/go/pkg/mod/github.com/!three!dots!labs/watermill@v1.4.6/message/router.go:645 +0x2b4
github.com/ThreeDotsLabs/watermill/message.(*Router).RunHandlers.func1()
	/Users/jace/go/pkg/mod/github.com/!three!dots!labs/watermill@v1.4.6/message/router.go:460 +0x145
created by github.com/ThreeDotsLabs/watermill/message.(*Router).RunHandlers in goroutine 59782
	/Users/jace/go/pkg/mod/github.com/!three!dots!labs/watermill@v1.4.6/message/router.go:453 +0x606

goroutine 62969 [select]:
github.com/nats-io/nats.go/jetstream.(*pullConsumer).Messages.func2()
	/Users/jace/go/pkg/mod/github.com/nats-io/nats.go@v1.41.1/jetstream/pull.go:538 +0x68
created by github.com/nats-io/nats.go/jetstream.(*pullConsumer).Messages in goroutine 63116
	/Users/jace/go/pkg/mod/github.com/nats-io/nats.go@v1.41.1/jetstream/pull.go:536 +0x78a

goroutine 60182 [select]:
github.com/nats-io/nats.go/jetstream.(*pullSubscription).pullMessages(0xc0025190e0, {0xc001eb93b0, 0x4d})
	/Users/jace/go/pkg/mod/github.com/nats-io/nats.go@v1.41.1/jetstream/pull.go:955 +0x91
created by github.com/nats-io/nats.go/jetstream.(*pullConsumer).Messages in goroutine 59782
	/Users/jace/go/pkg/mod/github.com/nats-io/nats.go@v1.41.1/jetstream/pull.go:534 +0x748

goroutine 61977 [chan receive]:
github.com/ThreeDotsLabs/watermill/message.(*messageTransformSubscriberDecorator).Subscribe.func1()
	/Users/jace/go/pkg/mod/github.com/!three!dots!labs/watermill@v1.4.6/message/decorator.go:52 +0x85
created by github.com/ThreeDotsLabs/watermill/message.(*messageTransformSubscriberDecorator).Subscribe in goroutine 61572
	/Users/jace/go/pkg/mod/github.com/!three!dots!labs/watermill@v1.4.6/message/decorator.go:51 +0xc7

goroutine 59990 [select]:
github.com/nats-io/nats.go/jetstream.(*pullSubscription).pullMessages(0xc00204fef0, {0xc001782380, 0x3e})
	/Users/jace/go/pkg/mod/github.com/nats-io/nats.go@v1.41.1/jetstream/pull.go:955 +0x91
created by github.com/nats-io/nats.go/jetstream.(*pullConsumer).Messages in goroutine 59782
	/Users/jace/go/pkg/mod/github.com/nats-io/nats.go@v1.41.1/jetstream/pull.go:534 +0x748

goroutine 64501 [select]:
github.com/nats-io/nats.go/jetstream.(*pullSubscription).Next(0xc001985050)
	/Users/jace/go/pkg/mod/github.com/nats-io/nats.go@v1.41.1/jetstream/pull.go:589 +0x285
github.com/Black-And-White-Club/frolf-bot-shared/eventbus.(*eventBus).Subscribe.func1()
	/Users/jace/Documents/GitHub/frolf-bot-shared/eventbus/eventbus.go:326 +0x169
created by github.com/Black-And-White-Club/frolf-bot-shared/eventbus.(*eventBus).Subscribe in goroutine 64412
	/Users/jace/Documents/GitHub/frolf-bot-shared/eventbus/eventbus.go:315 +0xbf1

goroutine 60085 [select]:
github.com/nats-io/nats.go/jetstream.(*pullConsumer).Messages.func2()
	/Users/jace/go/pkg/mod/github.com/nats-io/nats.go@v1.41.1/jetstream/pull.go:538 +0x68
created by github.com/nats-io/nats.go/jetstream.(*pullConsumer).Messages in goroutine 59782
	/Users/jace/go/pkg/mod/github.com/nats-io/nats.go@v1.41.1/jetstream/pull.go:536 +0x78a

goroutine 60160 [select]:
github.com/nats-io/nats.go/jetstream.(*pullSubscription).Next(0xc001ba8510)
	/Users/jace/go/pkg/mod/github.com/nats-io/nats.go@v1.41.1/jetstream/pull.go:589 +0x285
github.com/Black-And-White-Club/frolf-bot-shared/eventbus.(*eventBus).Subscribe.func1()
	/Users/jace/Documents/GitHub/frolf-bot-shared/eventbus/eventbus.go:326 +0x169
created by github.com/Black-And-White-Club/frolf-bot-shared/eventbus.(*eventBus).Subscribe in goroutine 59782
	/Users/jace/Documents/GitHub/frolf-bot-shared/eventbus/eventbus.go:315 +0xbf1

goroutine 59931 [select]:
github.com/nats-io/nats.go/jetstream.(*pullSubscription).pullMessages(0xc001836fc0, {0xc0005e8d70, 0x45})
	/Users/jace/go/pkg/mod/github.com/nats-io/nats.go@v1.41.1/jetstream/pull.go:955 +0x91
created by github.com/nats-io/nats.go/jetstream.(*pullConsumer).Messages in goroutine 59782
	/Users/jace/go/pkg/mod/github.com/nats-io/nats.go@v1.41.1/jetstream/pull.go:534 +0x748

goroutine 61512 [sync.Cond.Wait]:
sync.runtime_notifyListWait(0xc002fe0510, 0x0)
	/usr/local/Cellar/go/1.24.2/libexec/src/runtime/sema.go:597 +0x159
sync.(*Cond).Wait(0xc000cb6608?)
	/usr/local/Cellar/go/1.24.2/libexec/src/sync/cond.go:71 +0x85
github.com/nats-io/nats%2ego.(*asyncCallbacksHandler).asyncCBDispatcher(0xc0027f7ba0)
	/Users/jace/go/pkg/mod/github.com/nats-io/nats.go@v1.41.1/nats.go:3059 +0xdd
created by github.com/nats-io/nats%2ego.Options.Connect in goroutine 60772
	/Users/jace/go/pkg/mod/github.com/nats-io/nats.go@v1.41.1/nats.go:1635 +0x387

goroutine 59991 [select]:
github.com/nats-io/nats.go/jetstream.(*pullConsumer).Messages.func2()
	/Users/jace/go/pkg/mod/github.com/nats-io/nats.go@v1.41.1/jetstream/pull.go:538 +0x68
created by github.com/nats-io/nats.go/jetstream.(*pullConsumer).Messages in goroutine 59782
	/Users/jace/go/pkg/mod/github.com/nats-io/nats.go@v1.41.1/jetstream/pull.go:536 +0x78a

goroutine 59992 [select]:
github.com/nats-io/nats.go/jetstream.(*pullSubscription).Next(0xc00204fef0)
	/Users/jace/go/pkg/mod/github.com/nats-io/nats.go@v1.41.1/jetstream/pull.go:589 +0x285
github.com/Black-And-White-Club/frolf-bot-shared/eventbus.(*eventBus).Subscribe.func1()
	/Users/jace/Documents/GitHub/frolf-bot-shared/eventbus/eventbus.go:326 +0x169
created by github.com/Black-And-White-Club/frolf-bot-shared/eventbus.(*eventBus).Subscribe in goroutine 59782
	/Users/jace/Documents/GitHub/frolf-bot-shared/eventbus/eventbus.go:315 +0xbf1

goroutine 59993 [chan receive]:
github.com/ThreeDotsLabs/watermill/message.(*messageTransformSubscriberDecorator).Subscribe.func1()
	/Users/jace/go/pkg/mod/github.com/!three!dots!labs/watermill@v1.4.6/message/decorator.go:52 +0x85
created by github.com/ThreeDotsLabs/watermill/message.(*messageTransformSubscriberDecorator).Subscribe in goroutine 59782
	/Users/jace/go/pkg/mod/github.com/!three!dots!labs/watermill@v1.4.6/message/decorator.go:51 +0xc7

goroutine 59994 [chan receive]:
github.com/ThreeDotsLabs/watermill/message.(*handler).run(0xc002616f70, {0x10a337fa0, 0xc001e52870}, {0xc00112cd80, 0x6, 0x10918567c?})
	/Users/jace/go/pkg/mod/github.com/!three!dots!labs/watermill@v1.4.6/message/router.go:645 +0x2b4
github.com/ThreeDotsLabs/watermill/message.(*Router).RunHandlers.func1()
	/Users/jace/go/pkg/mod/github.com/!three!dots!labs/watermill@v1.4.6/message/router.go:460 +0x145
created by github.com/ThreeDotsLabs/watermill/message.(*Router).RunHandlers in goroutine 59782
	/Users/jace/go/pkg/mod/github.com/!three!dots!labs/watermill@v1.4.6/message/router.go:453 +0x606

goroutine 64569 [select]:
github.com/nats-io/nats.go/jetstream.(*pullSubscription).Next(0xc003062a20)
	/Users/jace/go/pkg/mod/github.com/nats-io/nats.go@v1.41.1/jetstream/pull.go:589 +0x285
github.com/Black-And-White-Club/frolf-bot-shared/eventbus.(*eventBus).Subscribe.func1()
	/Users/jace/Documents/GitHub/frolf-bot-shared/eventbus/eventbus.go:326 +0x169
created by github.com/Black-And-White-Club/frolf-bot-shared/eventbus.(*eventBus).Subscribe in goroutine 64412
	/Users/jace/Documents/GitHub/frolf-bot-shared/eventbus/eventbus.go:315 +0xbf1

goroutine 61679 [chan receive]:
github.com/ThreeDotsLabs/watermill/message.(*handler).run(0xc0032c4b60, {0x10a337fa0, 0xc001f664b0}, {0xc00204b8c0, 0x6, 0x1000000000001?})
	/Users/jace/go/pkg/mod/github.com/!three!dots!labs/watermill@v1.4.6/message/router.go:645 +0x2b4
github.com/ThreeDotsLabs/watermill/message.(*Router).RunHandlers.func1()
	/Users/jace/go/pkg/mod/github.com/!three!dots!labs/watermill@v1.4.6/message/router.go:460 +0x145
created by github.com/ThreeDotsLabs/watermill/message.(*Router).RunHandlers in goroutine 61572
	/Users/jace/go/pkg/mod/github.com/!three!dots!labs/watermill@v1.4.6/message/router.go:453 +0x606

goroutine 60318 [select]:
github.com/nats-io/nats.go/jetstream.(*pullConsumer).Messages.func2()
	/Users/jace/go/pkg/mod/github.com/nats-io/nats.go@v1.41.1/jetstream/pull.go:538 +0x68
created by github.com/nats-io/nats.go/jetstream.(*pullConsumer).Messages in goroutine 59782
	/Users/jace/go/pkg/mod/github.com/nats-io/nats.go@v1.41.1/jetstream/pull.go:536 +0x78a

goroutine 60207 [select]:
github.com/nats-io/nats.go/jetstream.(*pullSubscription).Next(0xc0012d5560)
	/Users/jace/go/pkg/mod/github.com/nats-io/nats.go@v1.41.1/jetstream/pull.go:589 +0x285
github.com/Black-And-White-Club/frolf-bot-shared/eventbus.(*eventBus).Subscribe.func1()
	/Users/jace/Documents/GitHub/frolf-bot-shared/eventbus/eventbus.go:326 +0x169
created by github.com/Black-And-White-Club/frolf-bot-shared/eventbus.(*eventBus).Subscribe in goroutine 59782
	/Users/jace/Documents/GitHub/frolf-bot-shared/eventbus/eventbus.go:315 +0xbf1

goroutine 62163 [sync.WaitGroup.Wait]:
sync.runtime_SemacquireWaitGroup(0xc00331d260?)
	/usr/local/Cellar/go/1.24.2/libexec/src/runtime/sema.go:110 +0x25
sync.(*WaitGroup).Wait(0xc0028fb730?)
	/usr/local/Cellar/go/1.24.2/libexec/src/sync/waitgroup.go:118 +0x48
github.com/ThreeDotsLabs/watermill/pubsub/sync.WaitGroupTimeout.func1()
	/Users/jace/go/pkg/mod/github.com/!three!dots!labs/watermill@v1.4.6/pubsub/sync/waitgroup.go:13 +0x25
created by github.com/ThreeDotsLabs/watermill/pubsub/sync.WaitGroupTimeout in goroutine 60772
	/Users/jace/go/pkg/mod/github.com/!three!dots!labs/watermill@v1.4.6/pubsub/sync/waitgroup.go:12 +0x85

goroutine 60312 [select]:
github.com/nats-io/nats.go/jetstream.(*pullSubscription).Next(0xc001ba94d0)
	/Users/jace/go/pkg/mod/github.com/nats-io/nats.go@v1.41.1/jetstream/pull.go:589 +0x285
github.com/Black-And-White-Club/frolf-bot-shared/eventbus.(*eventBus).Subscribe.func1()
	/Users/jace/Documents/GitHub/frolf-bot-shared/eventbus/eventbus.go:326 +0x169
created by github.com/Black-And-White-Club/frolf-bot-shared/eventbus.(*eventBus).Subscribe in goroutine 59782
	/Users/jace/Documents/GitHub/frolf-bot-shared/eventbus/eventbus.go:315 +0xbf1

goroutine 61836 [select]:
github.com/nats-io/nats.go/jetstream.(*pullConsumer).Messages.func2()
	/Users/jace/go/pkg/mod/github.com/nats-io/nats.go@v1.41.1/jetstream/pull.go:538 +0x68
created by github.com/nats-io/nats.go/jetstream.(*pullConsumer).Messages in goroutine 61572
	/Users/jace/go/pkg/mod/github.com/nats-io/nats.go@v1.41.1/jetstream/pull.go:536 +0x78a

goroutine 60074 [select]:
github.com/nats-io/nats.go/jetstream.(*pullConsumer).Messages.func2()
	/Users/jace/go/pkg/mod/github.com/nats-io/nats.go@v1.41.1/jetstream/pull.go:538 +0x68
created by github.com/nats-io/nats.go/jetstream.(*pullConsumer).Messages in goroutine 59782
	/Users/jace/go/pkg/mod/github.com/nats-io/nats.go@v1.41.1/jetstream/pull.go:536 +0x78a

goroutine 60161 [chan receive]:
github.com/ThreeDotsLabs/watermill/message.(*messageTransformSubscriberDecorator).Subscribe.func1()
	/Users/jace/go/pkg/mod/github.com/!three!dots!labs/watermill@v1.4.6/message/decorator.go:52 +0x85
created by github.com/ThreeDotsLabs/watermill/message.(*messageTransformSubscriberDecorator).Subscribe in goroutine 59782
	/Users/jace/go/pkg/mod/github.com/!three!dots!labs/watermill@v1.4.6/message/decorator.go:51 +0xc7

goroutine 61975 [select]:
github.com/nats-io/nats.go/jetstream.(*pullConsumer).Messages.func2()
	/Users/jace/go/pkg/mod/github.com/nats-io/nats.go@v1.41.1/jetstream/pull.go:538 +0x68
created by github.com/nats-io/nats.go/jetstream.(*pullConsumer).Messages in goroutine 61572
	/Users/jace/go/pkg/mod/github.com/nats-io/nats.go@v1.41.1/jetstream/pull.go:536 +0x78a

goroutine 60158 [select]:
github.com/nats-io/nats.go/jetstream.(*pullSubscription).pullMessages(0xc001ba8510, {0xc0016c20c0, 0x40})
	/Users/jace/go/pkg/mod/github.com/nats-io/nats.go@v1.41.1/jetstream/pull.go:955 +0x91
created by github.com/nats-io/nats.go/jetstream.(*pullConsumer).Messages in goroutine 59782
	/Users/jace/go/pkg/mod/github.com/nats-io/nats.go@v1.41.1/jetstream/pull.go:534 +0x748

goroutine 60075 [select]:
github.com/nats-io/nats.go/jetstream.(*pullSubscription).Next(0xc0009d9200)
	/Users/jace/go/pkg/mod/github.com/nats-io/nats.go@v1.41.1/jetstream/pull.go:589 +0x285
github.com/Black-And-White-Club/frolf-bot-shared/eventbus.(*eventBus).Subscribe.func1()
	/Users/jace/Documents/GitHub/frolf-bot-shared/eventbus/eventbus.go:326 +0x169
created by github.com/Black-And-White-Club/frolf-bot-shared/eventbus.(*eventBus).Subscribe in goroutine 59782
	/Users/jace/Documents/GitHub/frolf-bot-shared/eventbus/eventbus.go:315 +0xbf1

goroutine 59981 [select]:
github.com/nats-io/nats.go/jetstream.(*pullSubscription).pullMessages(0xc0022eb8c0, {0xc0018a6320, 0x4e})
	/Users/jace/go/pkg/mod/github.com/nats-io/nats.go@v1.41.1/jetstream/pull.go:955 +0x91
created by github.com/nats-io/nats.go/jetstream.(*pullConsumer).Messages in goroutine 59782
	/Users/jace/go/pkg/mod/github.com/nats-io/nats.go@v1.41.1/jetstream/pull.go:534 +0x748

goroutine 59982 [select]:
github.com/nats-io/nats.go/jetstream.(*pullConsumer).Messages.func2()
	/Users/jace/go/pkg/mod/github.com/nats-io/nats.go@v1.41.1/jetstream/pull.go:538 +0x68
created by github.com/nats-io/nats.go/jetstream.(*pullConsumer).Messages in goroutine 59782
	/Users/jace/go/pkg/mod/github.com/nats-io/nats.go@v1.41.1/jetstream/pull.go:536 +0x78a

goroutine 59983 [select]:
github.com/nats-io/nats.go/jetstream.(*pullSubscription).Next(0xc0022eb8c0)
	/Users/jace/go/pkg/mod/github.com/nats-io/nats.go@v1.41.1/jetstream/pull.go:589 +0x285
github.com/Black-And-White-Club/frolf-bot-shared/eventbus.(*eventBus).Subscribe.func1()
	/Users/jace/Documents/GitHub/frolf-bot-shared/eventbus/eventbus.go:326 +0x169
created by github.com/Black-And-White-Club/frolf-bot-shared/eventbus.(*eventBus).Subscribe in goroutine 59782
	/Users/jace/Documents/GitHub/frolf-bot-shared/eventbus/eventbus.go:315 +0xbf1

goroutine 59984 [chan receive]:
github.com/ThreeDotsLabs/watermill/message.(*messageTransformSubscriberDecorator).Subscribe.func1()
	/Users/jace/go/pkg/mod/github.com/!three!dots!labs/watermill@v1.4.6/message/decorator.go:52 +0x85
created by github.com/ThreeDotsLabs/watermill/message.(*messageTransformSubscriberDecorator).Subscribe in goroutine 59782
	/Users/jace/go/pkg/mod/github.com/!three!dots!labs/watermill@v1.4.6/message/decorator.go:51 +0xc7

goroutine 59985 [chan receive]:
github.com/ThreeDotsLabs/watermill/message.(*handler).run(0xc002676340, {0x10a337fa0, 0xc001e69ea0}, {0xc0000f2c00, 0x6, 0xc002e4c778?})
	/Users/jace/go/pkg/mod/github.com/!three!dots!labs/watermill@v1.4.6/message/router.go:645 +0x2b4
github.com/ThreeDotsLabs/watermill/message.(*Router).RunHandlers.func1()
	/Users/jace/go/pkg/mod/github.com/!three!dots!labs/watermill@v1.4.6/message/router.go:460 +0x145
created by github.com/ThreeDotsLabs/watermill/message.(*Router).RunHandlers in goroutine 59782
	/Users/jace/go/pkg/mod/github.com/!three!dots!labs/watermill@v1.4.6/message/router.go:453 +0x606

goroutine 60061 [select]:
github.com/nats-io/nats.go/jetstream.(*pullConsumer).Messages.func2()
	/Users/jace/go/pkg/mod/github.com/nats-io/nats.go@v1.41.1/jetstream/pull.go:538 +0x68
created by github.com/nats-io/nats.go/jetstream.(*pullConsumer).Messages in goroutine 59782
	/Users/jace/go/pkg/mod/github.com/nats-io/nats.go@v1.41.1/jetstream/pull.go:536 +0x78a

goroutine 61534 [chan receive]:
github.com/ThreeDotsLabs/watermill/message.(*handler).run(0xc0032c4c30, {0x10a337fa0, 0xc001bda280}, {0xc0032140c0, 0x6, 0x0?})
	/Users/jace/go/pkg/mod/github.com/!three!dots!labs/watermill@v1.4.6/message/router.go:645 +0x2b4
github.com/ThreeDotsLabs/watermill/message.(*Router).RunHandlers.func1()
	/Users/jace/go/pkg/mod/github.com/!three!dots!labs/watermill@v1.4.6/message/router.go:460 +0x145
created by github.com/ThreeDotsLabs/watermill/message.(*Router).RunHandlers in goroutine 61572
	/Users/jace/go/pkg/mod/github.com/!three!dots!labs/watermill@v1.4.6/message/router.go:453 +0x606

goroutine 60319 [select]:
github.com/nats-io/nats.go/jetstream.(*pullSubscription).Next(0xc001920ea0)
	/Users/jace/go/pkg/mod/github.com/nats-io/nats.go@v1.41.1/jetstream/pull.go:589 +0x285
github.com/Black-And-White-Club/frolf-bot-shared/eventbus.(*eventBus).Subscribe.func1()
	/Users/jace/Documents/GitHub/frolf-bot-shared/eventbus/eventbus.go:326 +0x169
created by github.com/Black-And-White-Club/frolf-bot-shared/eventbus.(*eventBus).Subscribe in goroutine 59782
	/Users/jace/Documents/GitHub/frolf-bot-shared/eventbus/eventbus.go:315 +0xbf1

goroutine 60424 [select]:
github.com/nats-io/nats.go/jetstream.(*pullConsumer).Messages.func2()
	/Users/jace/go/pkg/mod/github.com/nats-io/nats.go@v1.41.1/jetstream/pull.go:538 +0x68
created by github.com/nats-io/nats.go/jetstream.(*pullConsumer).Messages in goroutine 59782
	/Users/jace/go/pkg/mod/github.com/nats-io/nats.go@v1.41.1/jetstream/pull.go:536 +0x78a

goroutine 62139 [select]:
github.com/nats-io/nats%2ego.(*Conn).doReconnect(0xc003190008, {0x10a327f28, 0x10acedb30}, 0x0)
	/Users/jace/go/pkg/mod/github.com/nats-io/nats.go@v1.41.1/nats.go:2907 +0x41a
created by github.com/nats-io/nats%2ego.(*Conn).processOpErr in goroutine 61452
	/Users/jace/go/pkg/mod/github.com/nats-io/nats.go@v1.41.1/nats.go:3043 +0x2f3

goroutine 60209 [chan receive]:
github.com/ThreeDotsLabs/watermill/message.(*handler).run(0xc002676270, {0x10a337fa0, 0xc002049220}, {0xc001dff740, 0x6, 0xc0029af770?})
	/Users/jace/go/pkg/mod/github.com/!three!dots!labs/watermill@v1.4.6/message/router.go:645 +0x2b4
github.com/ThreeDotsLabs/watermill/message.(*Router).RunHandlers.func1()
	/Users/jace/go/pkg/mod/github.com/!three!dots!labs/watermill@v1.4.6/message/router.go:460 +0x145
created by github.com/ThreeDotsLabs/watermill/message.(*Router).RunHandlers in goroutine 59782
	/Users/jace/go/pkg/mod/github.com/!three!dots!labs/watermill@v1.4.6/message/router.go:453 +0x606

goroutine 63333 [chan receive]:
github.com/ThreeDotsLabs/watermill/message.(*handler).run(0xc0013889c0, {0x10a337fa0, 0xc0030ab540}, {0xc001f25380, 0x6, 0xc002dd5f78?})
	/Users/jace/go/pkg/mod/github.com/!three!dots!labs/watermill@v1.4.6/message/router.go:645 +0x2b4
github.com/ThreeDotsLabs/watermill/message.(*Router).RunHandlers.func1()
	/Users/jace/go/pkg/mod/github.com/!three!dots!labs/watermill@v1.4.6/message/router.go:460 +0x145
created by github.com/ThreeDotsLabs/watermill/message.(*Router).RunHandlers in goroutine 63116
	/Users/jace/go/pkg/mod/github.com/!three!dots!labs/watermill@v1.4.6/message/router.go:453 +0x606

goroutine 60225 [chan receive]:
github.com/ThreeDotsLabs/watermill/message.(*messageTransformSubscriberDecorator).Subscribe.func1()
	/Users/jace/go/pkg/mod/github.com/!three!dots!labs/watermill@v1.4.6/message/decorator.go:52 +0x85
created by github.com/ThreeDotsLabs/watermill/message.(*messageTransformSubscriberDecorator).Subscribe in goroutine 59782
	/Users/jace/go/pkg/mod/github.com/!three!dots!labs/watermill@v1.4.6/message/decorator.go:51 +0xc7

goroutine 60242 [chan receive]:
github.com/ThreeDotsLabs/watermill/message.(*handler).run(0xc0026168f0, {0x10a337fa0, 0xc001735540}, {0xc00112d080, 0x6, 0xc001d4c778?})
	/Users/jace/go/pkg/mod/github.com/!three!dots!labs/watermill@v1.4.6/message/router.go:645 +0x2b4
github.com/ThreeDotsLabs/watermill/message.(*Router).RunHandlers.func1()
	/Users/jace/go/pkg/mod/github.com/!three!dots!labs/watermill@v1.4.6/message/router.go:460 +0x145
created by github.com/ThreeDotsLabs/watermill/message.(*Router).RunHandlers in goroutine 59782
	/Users/jace/go/pkg/mod/github.com/!three!dots!labs/watermill@v1.4.6/message/router.go:453 +0x606

goroutine 61835 [select]:
github.com/nats-io/nats.go/jetstream.(*pullSubscription).pullMessages(0xc0031e4e10, {0xc0030ae6e0, 0x45})
	/Users/jace/go/pkg/mod/github.com/nats-io/nats.go@v1.41.1/jetstream/pull.go:955 +0x91
created by github.com/nats-io/nats.go/jetstream.(*pullConsumer).Messages in goroutine 61572
	/Users/jace/go/pkg/mod/github.com/nats-io/nats.go@v1.41.1/jetstream/pull.go:534 +0x748

goroutine 60427 [chan receive]:
github.com/ThreeDotsLabs/watermill/message.(*handler).run(0xc0026171e0, {0x10a337fa0, 0xc000995770}, {0xc001dff8c0, 0x6, 0x0?})
	/Users/jace/go/pkg/mod/github.com/!three!dots!labs/watermill@v1.4.6/message/router.go:645 +0x2b4
github.com/ThreeDotsLabs/watermill/message.(*Router).RunHandlers.func1()
	/Users/jace/go/pkg/mod/github.com/!three!dots!labs/watermill@v1.4.6/message/router.go:460 +0x145
created by github.com/ThreeDotsLabs/watermill/message.(*Router).RunHandlers in goroutine 59782
	/Users/jace/go/pkg/mod/github.com/!three!dots!labs/watermill@v1.4.6/message/router.go:453 +0x606

goroutine 63084 [chan receive]:
github.com/ThreeDotsLabs/watermill/message.(*messageTransformSubscriberDecorator).Subscribe.func1()
	/Users/jace/go/pkg/mod/github.com/!three!dots!labs/watermill@v1.4.6/message/decorator.go:52 +0x85
created by github.com/ThreeDotsLabs/watermill/message.(*messageTransformSubscriberDecorator).Subscribe in goroutine 63116
	/Users/jace/go/pkg/mod/github.com/!three!dots!labs/watermill@v1.4.6/message/decorator.go:51 +0xc7

goroutine 61838 [chan receive]:
github.com/ThreeDotsLabs/watermill/message.(*messageTransformSubscriberDecorator).Subscribe.func1()
	/Users/jace/go/pkg/mod/github.com/!three!dots!labs/watermill@v1.4.6/message/decorator.go:52 +0x85
created by github.com/ThreeDotsLabs/watermill/message.(*messageTransformSubscriberDecorator).Subscribe in goroutine 61572
	/Users/jace/go/pkg/mod/github.com/!three!dots!labs/watermill@v1.4.6/message/decorator.go:51 +0xc7

goroutine 61620 [chan receive]:
github.com/ThreeDotsLabs/watermill/message.(*messageTransformSubscriberDecorator).Subscribe.func1()
	/Users/jace/go/pkg/mod/github.com/!three!dots!labs/watermill@v1.4.6/message/decorator.go:52 +0x85
created by github.com/ThreeDotsLabs/watermill/message.(*messageTransformSubscriberDecorator).Subscribe in goroutine 61572
	/Users/jace/go/pkg/mod/github.com/!three!dots!labs/watermill@v1.4.6/message/decorator.go:51 +0xc7

goroutine 63083 [select]:
github.com/nats-io/nats.go/jetstream.(*pullSubscription).Next(0xc001c0c630)
	/Users/jace/go/pkg/mod/github.com/nats-io/nats.go@v1.41.1/jetstream/pull.go:589 +0x285
github.com/Black-And-White-Club/frolf-bot-shared/eventbus.(*eventBus).Subscribe.func1()
	/Users/jace/Documents/GitHub/frolf-bot-shared/eventbus/eventbus.go:326 +0x169
created by github.com/Black-And-White-Club/frolf-bot-shared/eventbus.(*eventBus).Subscribe in goroutine 63116
	/Users/jace/Documents/GitHub/frolf-bot-shared/eventbus/eventbus.go:315 +0xbf1

goroutine 64509 [select]:
github.com/nats-io/nats.go/jetstream.(*pullSubscription).pullMessages(0xc001985ef0, {0xc0030ae190, 0x4f})
	/Users/jace/go/pkg/mod/github.com/nats-io/nats.go@v1.41.1/jetstream/pull.go:955 +0x91
created by github.com/nats-io/nats.go/jetstream.(*pullConsumer).Messages in goroutine 64412
	/Users/jace/go/pkg/mod/github.com/nats-io/nats.go@v1.41.1/jetstream/pull.go:534 +0x748

goroutine 64425 [select]:
github.com/nats-io/nats.go/jetstream.(*pullSubscription).pullMessages(0xc00213cea0, {0xc002bd1180, 0x3e})
	/Users/jace/go/pkg/mod/github.com/nats-io/nats.go@v1.41.1/jetstream/pull.go:955 +0x91
created by github.com/nats-io/nats.go/jetstream.(*pullConsumer).Messages in goroutine 64412
	/Users/jace/go/pkg/mod/github.com/nats-io/nats.go@v1.41.1/jetstream/pull.go:534 +0x748

goroutine 60320 [chan receive]:
github.com/ThreeDotsLabs/watermill/message.(*messageTransformSubscriberDecorator).Subscribe.func1()
	/Users/jace/go/pkg/mod/github.com/!three!dots!labs/watermill@v1.4.6/message/decorator.go:52 +0x85
created by github.com/ThreeDotsLabs/watermill/message.(*messageTransformSubscriberDecorator).Subscribe in goroutine 59782
	/Users/jace/go/pkg/mod/github.com/!three!dots!labs/watermill@v1.4.6/message/decorator.go:51 +0xc7

goroutine 60321 [chan receive]:
github.com/ThreeDotsLabs/watermill/message.(*handler).run(0xc002676ea0, {0x10a337fa0, 0xc001735d10}, {0xc00232e180, 0x6, 0x0?})
	/Users/jace/go/pkg/mod/github.com/!three!dots!labs/watermill@v1.4.6/message/router.go:645 +0x2b4
github.com/ThreeDotsLabs/watermill/message.(*Router).RunHandlers.func1()
	/Users/jace/go/pkg/mod/github.com/!three!dots!labs/watermill@v1.4.6/message/router.go:460 +0x145
created by github.com/ThreeDotsLabs/watermill/message.(*Router).RunHandlers in goroutine 59782
	/Users/jace/go/pkg/mod/github.com/!three!dots!labs/watermill@v1.4.6/message/router.go:453 +0x606

goroutine 63077 [sync.Cond.Wait]:
sync.runtime_notifyListWait(0xc001b2df50, 0x2c)
	/usr/local/Cellar/go/1.24.2/libexec/src/runtime/sema.go:597 +0x159
sync.(*Cond).Wait(0x10a337fa0?)
	/usr/local/Cellar/go/1.24.2/libexec/src/sync/cond.go:71 +0x85
github.com/nats-io/nats%2ego.(*Conn).waitForMsgs(0xc0025cb808, 0xc003344b40)
	/Users/jace/go/pkg/mod/github.com/nats-io/nats.go@v1.41.1/nats.go:3178 +0xc5
created by github.com/nats-io/nats%2ego.(*Conn).subscribeLocked in goroutine 62267
	/Users/jace/go/pkg/mod/github.com/nats-io/nats.go@v1.41.1/nats.go:4468 +0x419

goroutine 63184 [select]:
github.com/nats-io/nats.go/jetstream.(*pullSubscription).Next(0xc001ab2630)
	/Users/jace/go/pkg/mod/github.com/nats-io/nats.go@v1.41.1/jetstream/pull.go:589 +0x285
github.com/Black-And-White-Club/frolf-bot-shared/eventbus.(*eventBus).Subscribe.func1()
	/Users/jace/Documents/GitHub/frolf-bot-shared/eventbus/eventbus.go:326 +0x169
created by github.com/Black-And-White-Club/frolf-bot-shared/eventbus.(*eventBus).Subscribe in goroutine 63116
	/Users/jace/Documents/GitHub/frolf-bot-shared/eventbus/eventbus.go:315 +0xbf1

goroutine 60301 [select]:
github.com/nats-io/nats.go/jetstream.(*pullConsumer).Messages.func2()
	/Users/jace/go/pkg/mod/github.com/nats-io/nats.go@v1.41.1/jetstream/pull.go:538 +0x68
created by github.com/nats-io/nats.go/jetstream.(*pullConsumer).Messages in goroutine 59782
	/Users/jace/go/pkg/mod/github.com/nats-io/nats.go@v1.41.1/jetstream/pull.go:536 +0x78a

goroutine 63366 [chan receive]:
github.com/ThreeDotsLabs/watermill/message.(*messageTransformSubscriberDecorator).Subscribe.func1()
	/Users/jace/go/pkg/mod/github.com/!three!dots!labs/watermill@v1.4.6/message/decorator.go:52 +0x85
created by github.com/ThreeDotsLabs/watermill/message.(*messageTransformSubscriberDecorator).Subscribe in goroutine 63116
	/Users/jace/go/pkg/mod/github.com/!three!dots!labs/watermill@v1.4.6/message/decorator.go:51 +0xc7

goroutine 63364 [select]:
github.com/nats-io/nats.go/jetstream.(*pullConsumer).Messages.func2()
	/Users/jace/go/pkg/mod/github.com/nats-io/nats.go@v1.41.1/jetstream/pull.go:538 +0x68
created by github.com/nats-io/nats.go/jetstream.(*pullConsumer).Messages in goroutine 63116
	/Users/jace/go/pkg/mod/github.com/nats-io/nats.go@v1.41.1/jetstream/pull.go:536 +0x78a

goroutine 60300 [select]:
github.com/nats-io/nats.go/jetstream.(*pullSubscription).pullMessages(0xc0019215f0, {0xc001e2bc20, 0x55})
	/Users/jace/go/pkg/mod/github.com/nats-io/nats.go@v1.41.1/jetstream/pull.go:955 +0x91
created by github.com/nats-io/nats.go/jetstream.(*pullConsumer).Messages in goroutine 59782
	/Users/jace/go/pkg/mod/github.com/nats-io/nats.go@v1.41.1/jetstream/pull.go:534 +0x748

goroutine 63058 [sync.Cond.Wait]:
sync.runtime_notifyListWait(0xc000ba7650, 0x0)
	/usr/local/Cellar/go/1.24.2/libexec/src/runtime/sema.go:597 +0x159
sync.(*Cond).Wait(0x1000000000001?)
	/usr/local/Cellar/go/1.24.2/libexec/src/sync/cond.go:71 +0x85
github.com/nats-io/nats%2ego.(*asyncCallbacksHandler).asyncCBDispatcher(0xc000467220)
	/Users/jace/go/pkg/mod/github.com/nats-io/nats.go@v1.41.1/nats.go:3059 +0xdd
created by github.com/nats-io/nats%2ego.Options.Connect in goroutine 62267
	/Users/jace/go/pkg/mod/github.com/nats-io/nats.go@v1.41.1/nats.go:1635 +0x387

goroutine 63127 [chan receive]:
github.com/ThreeDotsLabs/watermill/message.(*handler).run(0xc001388680, {0x10a337fa0, 0xc000227270}, {0xc001d05e00, 0x6, 0x0?})
	/Users/jace/go/pkg/mod/github.com/!three!dots!labs/watermill@v1.4.6/message/router.go:645 +0x2b4
github.com/ThreeDotsLabs/watermill/message.(*Router).RunHandlers.func1()
	/Users/jace/go/pkg/mod/github.com/!three!dots!labs/watermill@v1.4.6/message/router.go:460 +0x145
created by github.com/ThreeDotsLabs/watermill/message.(*Router).RunHandlers in goroutine 63116
	/Users/jace/go/pkg/mod/github.com/!three!dots!labs/watermill@v1.4.6/message/router.go:453 +0x606

goroutine 60303 [chan receive]:
github.com/ThreeDotsLabs/watermill/message.(*messageTransformSubscriberDecorator).Subscribe.func1()
	/Users/jace/go/pkg/mod/github.com/!three!dots!labs/watermill@v1.4.6/message/decorator.go:52 +0x85
created by github.com/ThreeDotsLabs/watermill/message.(*messageTransformSubscriberDecorator).Subscribe in goroutine 59782
	/Users/jace/go/pkg/mod/github.com/!three!dots!labs/watermill@v1.4.6/message/decorator.go:51 +0xc7

goroutine 60304 [chan receive]:
github.com/ThreeDotsLabs/watermill/message.(*handler).run(0xc0026172b0, {0x10a337fa0, 0xc0000c4e10}, {0xc001e7d5c0, 0x6, 0x74696d696c55222c?})
	/Users/jace/go/pkg/mod/github.com/!three!dots!labs/watermill@v1.4.6/message/router.go:645 +0x2b4
github.com/ThreeDotsLabs/watermill/message.(*Router).RunHandlers.func1()
	/Users/jace/go/pkg/mod/github.com/!three!dots!labs/watermill@v1.4.6/message/router.go:460 +0x145
created by github.com/ThreeDotsLabs/watermill/message.(*Router).RunHandlers in goroutine 59782
	/Users/jace/go/pkg/mod/github.com/!three!dots!labs/watermill@v1.4.6/message/router.go:453 +0x606

goroutine 61524 [sync.Cond.Wait]:
sync.runtime_notifyListWait(0xc003056bd0, 0x0)
	/usr/local/Cellar/go/1.24.2/libexec/src/runtime/sema.go:597 +0x159
sync.(*Cond).Wait(0xc0017b11f8?)
	/usr/local/Cellar/go/1.24.2/libexec/src/sync/cond.go:71 +0x85
github.com/nats-io/nats%2ego.(*asyncCallbacksHandler).asyncCBDispatcher(0xc0007b8e40)
	/Users/jace/go/pkg/mod/github.com/nats-io/nats.go@v1.41.1/nats.go:3059 +0xdd
created by github.com/nats-io/nats%2ego.Options.Connect in goroutine 60772
	/Users/jace/go/pkg/mod/github.com/nats-io/nats.go@v1.41.1/nats.go:1635 +0x387

goroutine 60359 [select]:
github.com/nats-io/nats.go/jetstream.(*pullSubscription).pullMessages(0xc000b755f0, {0xc000807d10, 0x45})
	/Users/jace/go/pkg/mod/github.com/nats-io/nats.go@v1.41.1/jetstream/pull.go:955 +0x91
created by github.com/nats-io/nats.go/jetstream.(*pullConsumer).Messages in goroutine 59782
	/Users/jace/go/pkg/mod/github.com/nats-io/nats.go@v1.41.1/jetstream/pull.go:534 +0x748

goroutine 61694 [select]:
github.com/nats-io/nats.go/jetstream.(*pullSubscription).pullMessages(0xc002660fc0, {0xc0008b3130, 0x50})
	/Users/jace/go/pkg/mod/github.com/nats-io/nats.go@v1.41.1/jetstream/pull.go:955 +0x91
created by github.com/nats-io/nats.go/jetstream.(*pullConsumer).Messages in goroutine 61572
	/Users/jace/go/pkg/mod/github.com/nats-io/nats.go@v1.41.1/jetstream/pull.go:534 +0x748

goroutine 65279 [select]:
github.com/nats-io/nats%2ego.(*Conn).doReconnect(0xc003281508, {0x10a327f28, 0x10acedb30}, 0x0)
	/Users/jace/go/pkg/mod/github.com/nats-io/nats.go@v1.41.1/nats.go:2907 +0x41a
created by github.com/nats-io/nats%2ego.(*Conn).processOpErr in goroutine 64360
	/Users/jace/go/pkg/mod/github.com/nats-io/nats.go@v1.41.1/nats.go:3043 +0x2f3

goroutine 60360 [select]:
github.com/nats-io/nats.go/jetstream.(*pullConsumer).Messages.func2()
	/Users/jace/go/pkg/mod/github.com/nats-io/nats.go@v1.41.1/jetstream/pull.go:538 +0x68
created by github.com/nats-io/nats.go/jetstream.(*pullConsumer).Messages in goroutine 59782
	/Users/jace/go/pkg/mod/github.com/nats-io/nats.go@v1.41.1/jetstream/pull.go:536 +0x78a

goroutine 64561 [select]:
github.com/nats-io/nats.go/jetstream.(*pullSubscription).pullMessages(0xc00258d050, {0xc000255310, 0x45})
	/Users/jace/go/pkg/mod/github.com/nats-io/nats.go@v1.41.1/jetstream/pull.go:955 +0x91
created by github.com/nats-io/nats.go/jetstream.(*pullConsumer).Messages in goroutine 64412
	/Users/jace/go/pkg/mod/github.com/nats-io/nats.go@v1.41.1/jetstream/pull.go:534 +0x748

goroutine 63363 [select]:
github.com/nats-io/nats.go/jetstream.(*pullSubscription).pullMessages(0xc001b30a20, {0xc0005e9f90, 0x4e})
	/Users/jace/go/pkg/mod/github.com/nats-io/nats.go@v1.41.1/jetstream/pull.go:955 +0x91
created by github.com/nats-io/nats.go/jetstream.(*pullConsumer).Messages in goroutine 63116
	/Users/jace/go/pkg/mod/github.com/nats-io/nats.go@v1.41.1/jetstream/pull.go:534 +0x748

goroutine 63205 [select]:
github.com/nats-io/nats.go/jetstream.(*pullSubscription).Next(0xc0034e4ea0)
	/Users/jace/go/pkg/mod/github.com/nats-io/nats.go@v1.41.1/jetstream/pull.go:589 +0x285
github.com/Black-And-White-Club/frolf-bot-shared/eventbus.(*eventBus).Subscribe.func1()
	/Users/jace/Documents/GitHub/frolf-bot-shared/eventbus/eventbus.go:326 +0x169
created by github.com/Black-And-White-Club/frolf-bot-shared/eventbus.(*eventBus).Subscribe in goroutine 63116
	/Users/jace/Documents/GitHub/frolf-bot-shared/eventbus/eventbus.go:315 +0xbf1

goroutine 63394 [chan receive]:
github.com/ThreeDotsLabs/watermill/message.(*handler).run(0xc002bc5d40, {0x10a337fa0, 0xc0030abdb0}, {0xc001f25440, 0x6, 0x10955db77?})
	/Users/jace/go/pkg/mod/github.com/!three!dots!labs/watermill@v1.4.6/message/router.go:645 +0x2b4
github.com/ThreeDotsLabs/watermill/message.(*Router).RunHandlers.func1()
	/Users/jace/go/pkg/mod/github.com/!three!dots!labs/watermill@v1.4.6/message/router.go:460 +0x145
created by github.com/ThreeDotsLabs/watermill/message.(*Router).RunHandlers in goroutine 63116
	/Users/jace/go/pkg/mod/github.com/!three!dots!labs/watermill@v1.4.6/message/router.go:453 +0x606

goroutine 63085 [chan receive]:
github.com/ThreeDotsLabs/watermill/message.(*handler).run(0xc001388a90, {0x10a337fa0, 0xc000227c20}, {0xc001d05ec0, 0x6, 0xc0027d3f78?})
	/Users/jace/go/pkg/mod/github.com/!three!dots!labs/watermill@v1.4.6/message/router.go:645 +0x2b4
github.com/ThreeDotsLabs/watermill/message.(*Router).RunHandlers.func1()
	/Users/jace/go/pkg/mod/github.com/!three!dots!labs/watermill@v1.4.6/message/router.go:460 +0x145
created by github.com/ThreeDotsLabs/watermill/message.(*Router).RunHandlers in goroutine 63116
	/Users/jace/go/pkg/mod/github.com/!three!dots!labs/watermill@v1.4.6/message/router.go:453 +0x606

goroutine 63163 [chan receive]:
github.com/ThreeDotsLabs/watermill/message.(*messageTransformSubscriberDecorator).Subscribe.func1()
	/Users/jace/go/pkg/mod/github.com/!three!dots!labs/watermill@v1.4.6/message/decorator.go:52 +0x85
created by github.com/ThreeDotsLabs/watermill/message.(*messageTransformSubscriberDecorator).Subscribe in goroutine 63116
	/Users/jace/go/pkg/mod/github.com/!three!dots!labs/watermill@v1.4.6/message/decorator.go:51 +0xc7

goroutine 61659 [select]:
github.com/nats-io/nats.go/jetstream.(*pullSubscription).pullMessages(0xc00321f710, {0xc002ccb440, 0x5a})
	/Users/jace/go/pkg/mod/github.com/nats-io/nats.go@v1.41.1/jetstream/pull.go:955 +0x91
created by github.com/nats-io/nats.go/jetstream.(*pullConsumer).Messages in goroutine 61572
	/Users/jace/go/pkg/mod/github.com/nats-io/nats.go@v1.41.1/jetstream/pull.go:534 +0x748

goroutine 63236 [select]:
github.com/nats-io/nats.go/jetstream.(*pullSubscription).Next(0xc0007c4ea0)
	/Users/jace/go/pkg/mod/github.com/nats-io/nats.go@v1.41.1/jetstream/pull.go:589 +0x285
github.com/Black-And-White-Club/frolf-bot-shared/eventbus.(*eventBus).Subscribe.func1()
	/Users/jace/Documents/GitHub/frolf-bot-shared/eventbus/eventbus.go:326 +0x169
created by github.com/Black-And-White-Club/frolf-bot-shared/eventbus.(*eventBus).Subscribe in goroutine 63116
	/Users/jace/Documents/GitHub/frolf-bot-shared/eventbus/eventbus.go:315 +0xbf1

goroutine 63237 [chan receive]:
github.com/ThreeDotsLabs/watermill/message.(*messageTransformSubscriberDecorator).Subscribe.func1()
	/Users/jace/go/pkg/mod/github.com/!three!dots!labs/watermill@v1.4.6/message/decorator.go:52 +0x85
created by github.com/ThreeDotsLabs/watermill/message.(*messageTransformSubscriberDecorator).Subscribe in goroutine 63116
	/Users/jace/go/pkg/mod/github.com/!three!dots!labs/watermill@v1.4.6/message/decorator.go:51 +0xc7

goroutine 63124 [select]:
github.com/nats-io/nats.go/jetstream.(*pullConsumer).Messages.func2()
	/Users/jace/go/pkg/mod/github.com/nats-io/nats.go@v1.41.1/jetstream/pull.go:538 +0x68
created by github.com/nats-io/nats.go/jetstream.(*pullConsumer).Messages in goroutine 63116
	/Users/jace/go/pkg/mod/github.com/nats-io/nats.go@v1.41.1/jetstream/pull.go:536 +0x78a

goroutine 61525 [sync.Cond.Wait]:
sync.runtime_notifyListWait(0xc002fe0750, 0x42)
	/usr/local/Cellar/go/1.24.2/libexec/src/runtime/sema.go:597 +0x159
sync.(*Cond).Wait(0x0?)
	/usr/local/Cellar/go/1.24.2/libexec/src/sync/cond.go:71 +0x85
github.com/nats-io/nats%2ego.(*Conn).waitForMsgs(0xc003190008, 0xc002327860)
	/Users/jace/go/pkg/mod/github.com/nats-io/nats.go@v1.41.1/nats.go:3178 +0xc5
created by github.com/nats-io/nats%2ego.(*Conn).subscribeLocked in goroutine 60772
	/Users/jace/go/pkg/mod/github.com/nats-io/nats.go@v1.41.1/nats.go:4468 +0x419

goroutine 61619 [select]:
github.com/nats-io/nats.go/jetstream.(*pullSubscription).Next(0xc0033145a0)
	/Users/jace/go/pkg/mod/github.com/nats-io/nats.go@v1.41.1/jetstream/pull.go:589 +0x285
github.com/Black-And-White-Club/frolf-bot-shared/eventbus.(*eventBus).Subscribe.func1()
	/Users/jace/Documents/GitHub/frolf-bot-shared/eventbus/eventbus.go:326 +0x169
created by github.com/Black-And-White-Club/frolf-bot-shared/eventbus.(*eventBus).Subscribe in goroutine 61572
	/Users/jace/Documents/GitHub/frolf-bot-shared/eventbus/eventbus.go:315 +0xbf1

goroutine 61531 [select]:
github.com/nats-io/nats.go/jetstream.(*pullConsumer).Messages.func2()
	/Users/jace/go/pkg/mod/github.com/nats-io/nats.go@v1.41.1/jetstream/pull.go:538 +0x68
created by github.com/nats-io/nats.go/jetstream.(*pullConsumer).Messages in goroutine 61572
	/Users/jace/go/pkg/mod/github.com/nats-io/nats.go@v1.41.1/jetstream/pull.go:536 +0x78a

goroutine 65453 [chan receive]:
github.com/testcontainers/testcontainers-go.(*Reaper).connect.func1()
	/Users/jace/go/pkg/mod/github.com/testcontainers/testcontainers-go@v0.37.0/reaper.go:539 +0xee
created by github.com/testcontainers/testcontainers-go.(*Reaper).connect in goroutine 65479
	/Users/jace/go/pkg/mod/github.com/testcontainers/testcontainers-go@v0.37.0/reaper.go:534 +0x1af

goroutine 60644 [sync.WaitGroup.Wait]:
sync.runtime_SemacquireWaitGroup(0xc000464c40?)
	/usr/local/Cellar/go/1.24.2/libexec/src/runtime/sema.go:110 +0x25
sync.(*WaitGroup).Wait(0xc0022d9f30?)
	/usr/local/Cellar/go/1.24.2/libexec/src/sync/waitgroup.go:118 +0x48
github.com/ThreeDotsLabs/watermill/pubsub/sync.WaitGroupTimeout.func1()
	/Users/jace/go/pkg/mod/github.com/!three!dots!labs/watermill@v1.4.6/pubsub/sync/waitgroup.go:13 +0x25
created by github.com/ThreeDotsLabs/watermill/pubsub/sync.WaitGroupTimeout in goroutine 58881
	/Users/jace/go/pkg/mod/github.com/!three!dots!labs/watermill@v1.4.6/pubsub/sync/waitgroup.go:12 +0x85

goroutine 63330 [select]:
github.com/nats-io/nats.go/jetstream.(*pullConsumer).Messages.func2()
	/Users/jace/go/pkg/mod/github.com/nats-io/nats.go@v1.41.1/jetstream/pull.go:538 +0x68
created by github.com/nats-io/nats.go/jetstream.(*pullConsumer).Messages in goroutine 63116
	/Users/jace/go/pkg/mod/github.com/nats-io/nats.go@v1.41.1/jetstream/pull.go:536 +0x78a

goroutine 64422 [select]:
github.com/nats-io/nats.go/jetstream.(*pullSubscription).Next(0xc00213c900)
	/Users/jace/go/pkg/mod/github.com/nats-io/nats.go@v1.41.1/jetstream/pull.go:589 +0x285
github.com/Black-And-White-Club/frolf-bot-shared/eventbus.(*eventBus).Subscribe.func1()
	/Users/jace/Documents/GitHub/frolf-bot-shared/eventbus/eventbus.go:326 +0x169
created by github.com/Black-And-White-Club/frolf-bot-shared/eventbus.(*eventBus).Subscribe in goroutine 64412
	/Users/jace/Documents/GitHub/frolf-bot-shared/eventbus/eventbus.go:315 +0xbf1

goroutine 64907 [select]:
github.com/nats-io/nats.go/jetstream.(*pullConsumer).Messages.func2()
	/Users/jace/go/pkg/mod/github.com/nats-io/nats.go@v1.41.1/jetstream/pull.go:538 +0x68
created by github.com/nats-io/nats.go/jetstream.(*pullConsumer).Messages in goroutine 64412
	/Users/jace/go/pkg/mod/github.com/nats-io/nats.go@v1.41.1/jetstream/pull.go:536 +0x78a

goroutine 64667 [chan receive]:
github.com/ThreeDotsLabs/watermill/message.(*handler).run(0xc003081d40, {0x10a337fa0, 0xc000367ef0}, {0xc0000f32c0, 0x6, 0x0?})
	/Users/jace/go/pkg/mod/github.com/!three!dots!labs/watermill@v1.4.6/message/router.go:645 +0x2b4
github.com/ThreeDotsLabs/watermill/message.(*Router).RunHandlers.func1()
	/Users/jace/go/pkg/mod/github.com/!three!dots!labs/watermill@v1.4.6/message/router.go:460 +0x145
created by github.com/ThreeDotsLabs/watermill/message.(*Router).RunHandlers in goroutine 64412
	/Users/jace/go/pkg/mod/github.com/!three!dots!labs/watermill@v1.4.6/message/router.go:453 +0x606

goroutine 64769 [chan receive]:
github.com/ThreeDotsLabs/watermill/message.(*handler).run(0xc0030420d0, {0x10a337fa0, 0xc001b62ff0}, {0xc0020c0a80, 0x6, 0x0?})
	/Users/jace/go/pkg/mod/github.com/!three!dots!labs/watermill@v1.4.6/message/router.go:645 +0x2b4
github.com/ThreeDotsLabs/watermill/message.(*Router).RunHandlers.func1()
	/Users/jace/go/pkg/mod/github.com/!three!dots!labs/watermill@v1.4.6/message/router.go:460 +0x145
created by github.com/ThreeDotsLabs/watermill/message.(*Router).RunHandlers in goroutine 64412
	/Users/jace/go/pkg/mod/github.com/!three!dots!labs/watermill@v1.4.6/message/router.go:453 +0x606

goroutine 65278 [select]:
github.com/nats-io/nats%2ego.(*Conn).doReconnect(0xc002876308, {0x10a327f28, 0x10acedb30}, 0x0)
	/Users/jace/go/pkg/mod/github.com/nats-io/nats.go@v1.41.1/nats.go:2907 +0x41a
created by github.com/nats-io/nats%2ego.(*Conn).processOpErr in goroutine 64356
	/Users/jace/go/pkg/mod/github.com/nats-io/nats.go@v1.41.1/nats.go:3043 +0x2f3

goroutine 64686 [select]:
github.com/nats-io/nats.go/jetstream.(*pullSubscription).pullMessages(0xc00318e3f0, {0xc0018a7ef0, 0x4f})
	/Users/jace/go/pkg/mod/github.com/nats-io/nats.go@v1.41.1/jetstream/pull.go:955 +0x91
created by github.com/nats-io/nats.go/jetstream.(*pullConsumer).Messages in goroutine 64412
	/Users/jace/go/pkg/mod/github.com/nats-io/nats.go@v1.41.1/jetstream/pull.go:534 +0x748

goroutine 64420 [select]:
github.com/nats-io/nats.go/jetstream.(*pullSubscription).pullMessages(0xc00213c900, {0xc000254eb0, 0x45})
	/Users/jace/go/pkg/mod/github.com/nats-io/nats.go@v1.41.1/jetstream/pull.go:955 +0x91
created by github.com/nats-io/nats.go/jetstream.(*pullConsumer).Messages in goroutine 64412
	/Users/jace/go/pkg/mod/github.com/nats-io/nats.go@v1.41.1/jetstream/pull.go:534 +0x748

goroutine 62971 [chan receive]:
github.com/ThreeDotsLabs/watermill/message.(*messageTransformSubscriberDecorator).Subscribe.func1()
	/Users/jace/go/pkg/mod/github.com/!three!dots!labs/watermill@v1.4.6/message/decorator.go:52 +0x85
created by github.com/ThreeDotsLabs/watermill/message.(*messageTransformSubscriberDecorator).Subscribe in goroutine 63116
	/Users/jace/go/pkg/mod/github.com/!three!dots!labs/watermill@v1.4.6/message/decorator.go:51 +0xc7

goroutine 63047 [sync.Cond.Wait]:
sync.runtime_notifyListWait(0xc001b2dd90, 0x0)
	/usr/local/Cellar/go/1.24.2/libexec/src/runtime/sema.go:597 +0x159
sync.(*Cond).Wait(0xc002604e70?)
	/usr/local/Cellar/go/1.24.2/libexec/src/sync/cond.go:71 +0x85
github.com/nats-io/nats%2ego.(*asyncCallbacksHandler).asyncCBDispatcher(0xc000d2f440)
	/Users/jace/go/pkg/mod/github.com/nats-io/nats.go@v1.41.1/nats.go:3059 +0xdd
created by github.com/nats-io/nats%2ego.Options.Connect in goroutine 62267
	/Users/jace/go/pkg/mod/github.com/nats-io/nats.go@v1.41.1/nats.go:1635 +0x387

goroutine 61573 [sync.WaitGroup.Wait]:
sync.runtime_SemacquireWaitGroup(0x0?)
	/usr/local/Cellar/go/1.24.2/libexec/src/runtime/sema.go:110 +0x25
sync.(*WaitGroup).Wait(0x0?)
	/usr/local/Cellar/go/1.24.2/libexec/src/sync/waitgroup.go:118 +0x48
github.com/ThreeDotsLabs/watermill/message.(*Router).watchAllHandlersStopped.func1()
	/Users/jace/go/pkg/mod/github.com/!three!dots!labs/watermill@v1.4.6/message/router.go:498 +0x86
created by github.com/ThreeDotsLabs/watermill/message.(*Router).watchAllHandlersStopped in goroutine 61572
	/Users/jace/go/pkg/mod/github.com/!three!dots!labs/watermill@v1.4.6/message/router.go:484 +0xec

goroutine 61574 [sync.Cond.Wait]:
sync.runtime_notifyListWait(0xc003057650, 0x2)
	/usr/local/Cellar/go/1.24.2/libexec/src/runtime/sema.go:597 +0x159
sync.(*Cond).Wait(0x0?)
	/usr/local/Cellar/go/1.24.2/libexec/src/sync/cond.go:71 +0x85
github.com/nats-io/nats%2ego.(*Conn).waitForMsgs(0xc002ff4008, 0xc001b66690)
	/Users/jace/go/pkg/mod/github.com/nats-io/nats.go@v1.41.1/nats.go:3178 +0xc5
created by github.com/nats-io/nats%2ego.(*Conn).subscribeLocked in goroutine 60772
	/Users/jace/go/pkg/mod/github.com/nats-io/nats.go@v1.41.1/nats.go:4468 +0x419

goroutine 62113 [sync.WaitGroup.Wait]:
sync.runtime_SemacquireWaitGroup(0xc00342fdc0?)
	/usr/local/Cellar/go/1.24.2/libexec/src/runtime/sema.go:110 +0x25
sync.(*WaitGroup).Wait(0xc003605740?)
	/usr/local/Cellar/go/1.24.2/libexec/src/sync/waitgroup.go:118 +0x48
github.com/ThreeDotsLabs/watermill/message.(*Router).waitForHandlers.func1()
	/Users/jace/go/pkg/mod/github.com/!three!dots!labs/watermill@v1.4.6/message/router.go:579 +0x4b
created by github.com/ThreeDotsLabs/watermill/message.(*Router).waitForHandlers in goroutine 60772
	/Users/jace/go/pkg/mod/github.com/!three!dots!labs/watermill@v1.4.6/message/router.go:577 +0x87

goroutine 61678 [chan receive]:
github.com/ThreeDotsLabs/watermill/message.(*messageTransformSubscriberDecorator).Subscribe.func1()
	/Users/jace/go/pkg/mod/github.com/!three!dots!labs/watermill@v1.4.6/message/decorator.go:52 +0x85
created by github.com/ThreeDotsLabs/watermill/message.(*messageTransformSubscriberDecorator).Subscribe in goroutine 61572
	/Users/jace/go/pkg/mod/github.com/!three!dots!labs/watermill@v1.4.6/message/decorator.go:51 +0xc7

goroutine 63265 [select]:
github.com/nats-io/nats.go/jetstream.(*pullSubscription).pullMessages(0xc002000d80, {0xc00024ecc0, 0x5a})
	/Users/jace/go/pkg/mod/github.com/nats-io/nats.go@v1.41.1/jetstream/pull.go:955 +0x91
created by github.com/nats-io/nats.go/jetstream.(*pullConsumer).Messages in goroutine 63116
	/Users/jace/go/pkg/mod/github.com/nats-io/nats.go@v1.41.1/jetstream/pull.go:534 +0x748

goroutine 64534 [select]:
github.com/nats-io/nats.go/jetstream.(*pullSubscription).pullMessages(0xc002fd8900, {0xc002bef590, 0x42})
	/Users/jace/go/pkg/mod/github.com/nats-io/nats.go@v1.41.1/jetstream/pull.go:955 +0x91
created by github.com/nats-io/nats.go/jetstream.(*pullConsumer).Messages in goroutine 64412
	/Users/jace/go/pkg/mod/github.com/nats-io/nats.go@v1.41.1/jetstream/pull.go:534 +0x748

goroutine 61828 [select]:
github.com/nats-io/nats.go/jetstream.(*pullSubscription).Next(0xc0031e4480)
	/Users/jace/go/pkg/mod/github.com/nats-io/nats.go@v1.41.1/jetstream/pull.go:589 +0x285
github.com/Black-And-White-Club/frolf-bot-shared/eventbus.(*eventBus).Subscribe.func1()
	/Users/jace/Documents/GitHub/frolf-bot-shared/eventbus/eventbus.go:326 +0x169
created by github.com/Black-And-White-Club/frolf-bot-shared/eventbus.(*eventBus).Subscribe in goroutine 61572
	/Users/jace/Documents/GitHub/frolf-bot-shared/eventbus/eventbus.go:315 +0xbf1

goroutine 64365 [sync.Cond.Wait]:
sync.runtime_notifyListWait(0xc001063250, 0x0)
	/usr/local/Cellar/go/1.24.2/libexec/src/runtime/sema.go:597 +0x159
sync.(*Cond).Wait(0xc002bd4c40?)
	/usr/local/Cellar/go/1.24.2/libexec/src/sync/cond.go:71 +0x85
github.com/nats-io/nats%2ego.(*asyncCallbacksHandler).asyncCBDispatcher(0xc000abfca0)
	/Users/jace/go/pkg/mod/github.com/nats-io/nats.go@v1.41.1/nats.go:3059 +0xdd
created by github.com/nats-io/nats%2ego.Options.Connect in goroutine 63524
	/Users/jace/go/pkg/mod/github.com/nats-io/nats.go@v1.41.1/nats.go:1635 +0x387

goroutine 63133 [chan receive]:
github.com/ThreeDotsLabs/watermill/message.(*handler).run(0xc001d66d00, {0x10a337fa0, 0xc0009b7cc0}, {0xc0020c0000, 0x6, 0x4?})
	/Users/jace/go/pkg/mod/github.com/!three!dots!labs/watermill@v1.4.6/message/router.go:645 +0x2b4
github.com/ThreeDotsLabs/watermill/message.(*Router).RunHandlers.func1()
	/Users/jace/go/pkg/mod/github.com/!three!dots!labs/watermill@v1.4.6/message/router.go:460 +0x145
created by github.com/ThreeDotsLabs/watermill/message.(*Router).RunHandlers in goroutine 63116
	/Users/jace/go/pkg/mod/github.com/!three!dots!labs/watermill@v1.4.6/message/router.go:453 +0x606

goroutine 64537 [chan receive]:
github.com/ThreeDotsLabs/watermill/message.(*messageTransformSubscriberDecorator).Subscribe.func1()
	/Users/jace/go/pkg/mod/github.com/!three!dots!labs/watermill@v1.4.6/message/decorator.go:52 +0x85
created by github.com/ThreeDotsLabs/watermill/message.(*messageTransformSubscriberDecorator).Subscribe in goroutine 64412
	/Users/jace/go/pkg/mod/github.com/!three!dots!labs/watermill@v1.4.6/message/decorator.go:51 +0xc7

goroutine 63438 [select]:
github.com/nats-io/nats%2ego.(*Conn).doReconnect(0xc002875c08, {0x10a327f28, 0x10acedb30}, 0x0)
	/Users/jace/go/pkg/mod/github.com/nats-io/nats.go@v1.41.1/nats.go:2907 +0x41a
created by github.com/nats-io/nats%2ego.(*Conn).processOpErr in goroutine 63024
	/Users/jace/go/pkg/mod/github.com/nats-io/nats.go@v1.41.1/nats.go:3043 +0x2f3

goroutine 64538 [chan receive]:
github.com/ThreeDotsLabs/watermill/message.(*handler).run(0xc0030816c0, {0x10a337fa0, 0xc001bdb180}, {0xc002e30f00, 0x6, 0xc00195c778?})
	/Users/jace/go/pkg/mod/github.com/!three!dots!labs/watermill@v1.4.6/message/router.go:645 +0x2b4
github.com/ThreeDotsLabs/watermill/message.(*Router).RunHandlers.func1()
	/Users/jace/go/pkg/mod/github.com/!three!dots!labs/watermill@v1.4.6/message/router.go:460 +0x145
created by github.com/ThreeDotsLabs/watermill/message.(*Router).RunHandlers in goroutine 64412
	/Users/jace/go/pkg/mod/github.com/!three!dots!labs/watermill@v1.4.6/message/router.go:453 +0x606

goroutine 64077 [select]:
github.com/nats-io/nats.go/jetstream.(*pullConsumer).Messages.func2()
	/Users/jace/go/pkg/mod/github.com/nats-io/nats.go@v1.41.1/jetstream/pull.go:538 +0x68
created by github.com/nats-io/nats.go/jetstream.(*pullConsumer).Messages in goroutine 64412
	/Users/jace/go/pkg/mod/github.com/nats-io/nats.go@v1.41.1/jetstream/pull.go:536 +0x78a

goroutine 63130 [select]:
github.com/nats-io/nats.go/jetstream.(*pullConsumer).Messages.func2()
	/Users/jace/go/pkg/mod/github.com/nats-io/nats.go@v1.41.1/jetstream/pull.go:538 +0x68
created by github.com/nats-io/nats.go/jetstream.(*pullConsumer).Messages in goroutine 63116
	/Users/jace/go/pkg/mod/github.com/nats-io/nats.go@v1.41.1/jetstream/pull.go:536 +0x78a

goroutine 61676 [select]:
github.com/nats-io/nats.go/jetstream.(*pullConsumer).Messages.func2()
	/Users/jace/go/pkg/mod/github.com/nats-io/nats.go@v1.41.1/jetstream/pull.go:538 +0x68
created by github.com/nats-io/nats.go/jetstream.(*pullConsumer).Messages in goroutine 61572
	/Users/jace/go/pkg/mod/github.com/nats-io/nats.go@v1.41.1/jetstream/pull.go:536 +0x78a

goroutine 63367 [chan receive]:
github.com/ThreeDotsLabs/watermill/message.(*handler).run(0xc001388ea0, {0x10a337fa0, 0xc0020d81e0}, {0xc001ae6b40, 0x6, 0xc002b74778?})
	/Users/jace/go/pkg/mod/github.com/!three!dots!labs/watermill@v1.4.6/message/router.go:645 +0x2b4
github.com/ThreeDotsLabs/watermill/message.(*Router).RunHandlers.func1()
	/Users/jace/go/pkg/mod/github.com/!three!dots!labs/watermill@v1.4.6/message/router.go:460 +0x145
created by github.com/ThreeDotsLabs/watermill/message.(*Router).RunHandlers in goroutine 63116
	/Users/jace/go/pkg/mod/github.com/!three!dots!labs/watermill@v1.4.6/message/router.go:453 +0x606

goroutine 61473 [select]:
github.com/nats-io/nats.go/jetstream.(*pullSubscription).pullMessages(0xc0033145a0, {0xc002bee3c0, 0x47})
	/Users/jace/go/pkg/mod/github.com/nats-io/nats.go@v1.41.1/jetstream/pull.go:955 +0x91
created by github.com/nats-io/nats.go/jetstream.(*pullConsumer).Messages in goroutine 61572
	/Users/jace/go/pkg/mod/github.com/nats-io/nats.go@v1.41.1/jetstream/pull.go:534 +0x748

goroutine 63203 [select]:
github.com/nats-io/nats.go/jetstream.(*pullSubscription).pullMessages(0xc0034e4ea0, {0xc0005fc980, 0x40})
	/Users/jace/go/pkg/mod/github.com/nats-io/nats.go@v1.41.1/jetstream/pull.go:955 +0x91
created by github.com/nats-io/nats.go/jetstream.(*pullConsumer).Messages in goroutine 63116
	/Users/jace/go/pkg/mod/github.com/nats-io/nats.go@v1.41.1/jetstream/pull.go:534 +0x748

goroutine 61504 [select]:
github.com/nats-io/nats.go/jetstream.(*pullSubscription).pullMessages(0xc00321f320, {0xc0005e99a0, 0x4b})
	/Users/jace/go/pkg/mod/github.com/nats-io/nats.go@v1.41.1/jetstream/pull.go:955 +0x91
created by github.com/nats-io/nats.go/jetstream.(*pullConsumer).Messages in goroutine 61572
	/Users/jace/go/pkg/mod/github.com/nats-io/nats.go@v1.41.1/jetstream/pull.go:534 +0x748

goroutine 61505 [select]:
github.com/nats-io/nats.go/jetstream.(*pullConsumer).Messages.func2()
	/Users/jace/go/pkg/mod/github.com/nats-io/nats.go@v1.41.1/jetstream/pull.go:538 +0x68
created by github.com/nats-io/nats.go/jetstream.(*pullConsumer).Messages in goroutine 61572
	/Users/jace/go/pkg/mod/github.com/nats-io/nats.go@v1.41.1/jetstream/pull.go:536 +0x78a

goroutine 61634 [select]:
github.com/nats-io/nats.go/jetstream.(*pullSubscription).Next(0xc00321f320)
	/Users/jace/go/pkg/mod/github.com/nats-io/nats.go@v1.41.1/jetstream/pull.go:589 +0x285
github.com/Black-And-White-Club/frolf-bot-shared/eventbus.(*eventBus).Subscribe.func1()
	/Users/jace/Documents/GitHub/frolf-bot-shared/eventbus/eventbus.go:326 +0x169
created by github.com/Black-And-White-Club/frolf-bot-shared/eventbus.(*eventBus).Subscribe in goroutine 61572
	/Users/jace/Documents/GitHub/frolf-bot-shared/eventbus/eventbus.go:315 +0xbf1

goroutine 61635 [chan receive]:
github.com/ThreeDotsLabs/watermill/message.(*messageTransformSubscriberDecorator).Subscribe.func1()
	/Users/jace/go/pkg/mod/github.com/!three!dots!labs/watermill@v1.4.6/message/decorator.go:52 +0x85
created by github.com/ThreeDotsLabs/watermill/message.(*messageTransformSubscriberDecorator).Subscribe in goroutine 61572
	/Users/jace/go/pkg/mod/github.com/!three!dots!labs/watermill@v1.4.6/message/decorator.go:51 +0xc7

goroutine 61636 [chan receive]:
github.com/ThreeDotsLabs/watermill/message.(*handler).run(0xc0032c4d00, {0x10a337fa0, 0xc001981040}, {0xc003215800, 0x6, 0x4?})
	/Users/jace/go/pkg/mod/github.com/!three!dots!labs/watermill@v1.4.6/message/router.go:645 +0x2b4
github.com/ThreeDotsLabs/watermill/message.(*Router).RunHandlers.func1()
	/Users/jace/go/pkg/mod/github.com/!three!dots!labs/watermill@v1.4.6/message/router.go:460 +0x145
created by github.com/ThreeDotsLabs/watermill/message.(*Router).RunHandlers in goroutine 61572
	/Users/jace/go/pkg/mod/github.com/!three!dots!labs/watermill@v1.4.6/message/router.go:453 +0x606

goroutine 61696 [select]:
github.com/nats-io/nats.go/jetstream.(*pullSubscription).Next(0xc002660fc0)
	/Users/jace/go/pkg/mod/github.com/nats-io/nats.go@v1.41.1/jetstream/pull.go:589 +0x285
github.com/Black-And-White-Club/frolf-bot-shared/eventbus.(*eventBus).Subscribe.func1()
	/Users/jace/Documents/GitHub/frolf-bot-shared/eventbus/eventbus.go:326 +0x169
created by github.com/Black-And-White-Club/frolf-bot-shared/eventbus.(*eventBus).Subscribe in goroutine 61572
	/Users/jace/Documents/GitHub/frolf-bot-shared/eventbus/eventbus.go:315 +0xbf1

goroutine 61695 [select]:
github.com/nats-io/nats.go/jetstream.(*pullConsumer).Messages.func2()
	/Users/jace/go/pkg/mod/github.com/nats-io/nats.go@v1.41.1/jetstream/pull.go:538 +0x68
created by github.com/nats-io/nats.go/jetstream.(*pullConsumer).Messages in goroutine 61572
	/Users/jace/go/pkg/mod/github.com/nats-io/nats.go@v1.41.1/jetstream/pull.go:536 +0x78a

goroutine 62004 [select]:
github.com/nats-io/nats.go/jetstream.(*pullSubscription).pullMessages(0xc003530b40, {0xc00108d9c0, 0x3e})
	/Users/jace/go/pkg/mod/github.com/nats-io/nats.go@v1.41.1/jetstream/pull.go:955 +0x91
created by github.com/nats-io/nats.go/jetstream.(*pullConsumer).Messages in goroutine 61572
	/Users/jace/go/pkg/mod/github.com/nats-io/nats.go@v1.41.1/jetstream/pull.go:534 +0x748

goroutine 61874 [select]:
github.com/nats-io/nats.go/jetstream.(*pullConsumer).Messages.func2()
	/Users/jace/go/pkg/mod/github.com/nats-io/nats.go@v1.41.1/jetstream/pull.go:538 +0x68
created by github.com/nats-io/nats.go/jetstream.(*pullConsumer).Messages in goroutine 61572
	/Users/jace/go/pkg/mod/github.com/nats-io/nats.go@v1.41.1/jetstream/pull.go:536 +0x78a

goroutine 61877 [chan receive]:
github.com/ThreeDotsLabs/watermill/message.(*handler).run(0xc0032c4ea0, {0x10a337fa0, 0xc0031e6230}, {0xc000cff140, 0x6, 0x0?})
	/Users/jace/go/pkg/mod/github.com/!three!dots!labs/watermill@v1.4.6/message/router.go:645 +0x2b4
github.com/ThreeDotsLabs/watermill/message.(*Router).RunHandlers.func1()
	/Users/jace/go/pkg/mod/github.com/!three!dots!labs/watermill@v1.4.6/message/router.go:460 +0x145
created by github.com/ThreeDotsLabs/watermill/message.(*Router).RunHandlers in goroutine 61572
	/Users/jace/go/pkg/mod/github.com/!three!dots!labs/watermill@v1.4.6/message/router.go:453 +0x606

goroutine 63125 [select]:
github.com/nats-io/nats.go/jetstream.(*pullSubscription).Next(0xc002198240)
	/Users/jace/go/pkg/mod/github.com/nats-io/nats.go@v1.41.1/jetstream/pull.go:589 +0x285
github.com/Black-And-White-Club/frolf-bot-shared/eventbus.(*eventBus).Subscribe.func1()
	/Users/jace/Documents/GitHub/frolf-bot-shared/eventbus/eventbus.go:326 +0x169
created by github.com/Black-And-White-Club/frolf-bot-shared/eventbus.(*eventBus).Subscribe in goroutine 63116
	/Users/jace/Documents/GitHub/frolf-bot-shared/eventbus/eventbus.go:315 +0xbf1

goroutine 63271 [select]:
github.com/nats-io/nats.go/jetstream.(*pullConsumer).Messages.func2()
	/Users/jace/go/pkg/mod/github.com/nats-io/nats.go@v1.41.1/jetstream/pull.go:538 +0x68
created by github.com/nats-io/nats.go/jetstream.(*pullConsumer).Messages in goroutine 63116
	/Users/jace/go/pkg/mod/github.com/nats-io/nats.go@v1.41.1/jetstream/pull.go:536 +0x78a

goroutine 61714 [select]:
github.com/nats-io/nats.go/jetstream.(*pullSubscription).pullMessages(0xc00318f950, {0xc0030ae4b0, 0x4f})
	/Users/jace/go/pkg/mod/github.com/nats-io/nats.go@v1.41.1/jetstream/pull.go:955 +0x91
created by github.com/nats-io/nats.go/jetstream.(*pullConsumer).Messages in goroutine 61572
	/Users/jace/go/pkg/mod/github.com/nats-io/nats.go@v1.41.1/jetstream/pull.go:534 +0x748

goroutine 61675 [select]:
github.com/nats-io/nats.go/jetstream.(*pullSubscription).pullMessages(0xc0032fe2d0, {0xc00179bf40, 0x45})
	/Users/jace/go/pkg/mod/github.com/nats-io/nats.go@v1.41.1/jetstream/pull.go:955 +0x91
created by github.com/nats-io/nats.go/jetstream.(*pullConsumer).Messages in goroutine 61572
	/Users/jace/go/pkg/mod/github.com/nats-io/nats.go@v1.41.1/jetstream/pull.go:534 +0x748

goroutine 61697 [chan receive]:
github.com/ThreeDotsLabs/watermill/message.(*messageTransformSubscriberDecorator).Subscribe.func1()
	/Users/jace/go/pkg/mod/github.com/!three!dots!labs/watermill@v1.4.6/message/decorator.go:52 +0x85
created by github.com/ThreeDotsLabs/watermill/message.(*messageTransformSubscriberDecorator).Subscribe in goroutine 61572
	/Users/jace/go/pkg/mod/github.com/!three!dots!labs/watermill@v1.4.6/message/decorator.go:51 +0xc7

goroutine 61716 [select]:
github.com/nats-io/nats.go/jetstream.(*pullSubscription).Next(0xc00318f950)
	/Users/jace/go/pkg/mod/github.com/nats-io/nats.go@v1.41.1/jetstream/pull.go:589 +0x285
github.com/Black-And-White-Club/frolf-bot-shared/eventbus.(*eventBus).Subscribe.func1()
	/Users/jace/Documents/GitHub/frolf-bot-shared/eventbus/eventbus.go:326 +0x169
created by github.com/Black-And-White-Club/frolf-bot-shared/eventbus.(*eventBus).Subscribe in goroutine 61572
	/Users/jace/Documents/GitHub/frolf-bot-shared/eventbus/eventbus.go:315 +0xbf1

goroutine 61749 [select]:
github.com/nats-io/nats.go/jetstream.(*pullSubscription).pullMessages(0xc003315b00, {0xc00268d500, 0x3f})
	/Users/jace/go/pkg/mod/github.com/nats-io/nats.go@v1.41.1/jetstream/pull.go:955 +0x91
created by github.com/nats-io/nats.go/jetstream.(*pullConsumer).Messages in goroutine 61572
	/Users/jace/go/pkg/mod/github.com/nats-io/nats.go@v1.41.1/jetstream/pull.go:534 +0x748

goroutine 61906 [chan receive]:
github.com/ThreeDotsLabs/watermill/message.(*messageTransformSubscriberDecorator).Subscribe.func1()
	/Users/jace/go/pkg/mod/github.com/!three!dots!labs/watermill@v1.4.6/message/decorator.go:52 +0x85
created by github.com/ThreeDotsLabs/watermill/message.(*messageTransformSubscriberDecorator).Subscribe in goroutine 61572
	/Users/jace/go/pkg/mod/github.com/!three!dots!labs/watermill@v1.4.6/message/decorator.go:51 +0xc7

goroutine 63204 [select]:
github.com/nats-io/nats.go/jetstream.(*pullConsumer).Messages.func2()
	/Users/jace/go/pkg/mod/github.com/nats-io/nats.go@v1.41.1/jetstream/pull.go:538 +0x68
created by github.com/nats-io/nats.go/jetstream.(*pullConsumer).Messages in goroutine 63116
	/Users/jace/go/pkg/mod/github.com/nats-io/nats.go@v1.41.1/jetstream/pull.go:536 +0x78a

goroutine 64608 [select]:
github.com/nats-io/nats.go/jetstream.(*pullSubscription).pullMessages(0xc002fd9ef0, {0xc002bef6d0, 0x4b})
	/Users/jace/go/pkg/mod/github.com/nats-io/nats.go@v1.41.1/jetstream/pull.go:955 +0x91
created by github.com/nats-io/nats.go/jetstream.(*pullConsumer).Messages in goroutine 64412
	/Users/jace/go/pkg/mod/github.com/nats-io/nats.go@v1.41.1/jetstream/pull.go:534 +0x748

goroutine 61730 [chan receive]:
github.com/ThreeDotsLabs/watermill/message.(*handler).run(0xc0032c4a90, {0x10a337fa0, 0xc001c11900}, {0xc00204b800, 0x6, 0x0?})
	/Users/jace/go/pkg/mod/github.com/!three!dots!labs/watermill@v1.4.6/message/router.go:645 +0x2b4
github.com/ThreeDotsLabs/watermill/message.(*Router).RunHandlers.func1()
	/Users/jace/go/pkg/mod/github.com/!three!dots!labs/watermill@v1.4.6/message/router.go:460 +0x145
created by github.com/ThreeDotsLabs/watermill/message.(*Router).RunHandlers in goroutine 61572
	/Users/jace/go/pkg/mod/github.com/!three!dots!labs/watermill@v1.4.6/message/router.go:453 +0x606

goroutine 61750 [select]:
github.com/nats-io/nats.go/jetstream.(*pullConsumer).Messages.func2()
	/Users/jace/go/pkg/mod/github.com/nats-io/nats.go@v1.41.1/jetstream/pull.go:538 +0x68
created by github.com/nats-io/nats.go/jetstream.(*pullConsumer).Messages in goroutine 61572
	/Users/jace/go/pkg/mod/github.com/nats-io/nats.go@v1.41.1/jetstream/pull.go:536 +0x78a

goroutine 61887 [select]:
github.com/nats-io/nats.go/jetstream.(*pullSubscription).pullMessages(0xc0032ff5f0, {0xc003510050, 0x45})
	/Users/jace/go/pkg/mod/github.com/nats-io/nats.go@v1.41.1/jetstream/pull.go:955 +0x91
created by github.com/nats-io/nats.go/jetstream.(*pullConsumer).Messages in goroutine 61572
	/Users/jace/go/pkg/mod/github.com/nats-io/nats.go@v1.41.1/jetstream/pull.go:534 +0x748

goroutine 61926 [select]:
github.com/nats-io/nats.go/jetstream.(*pullConsumer).Messages.func2()
	/Users/jace/go/pkg/mod/github.com/nats-io/nats.go@v1.41.1/jetstream/pull.go:538 +0x68
created by github.com/nats-io/nats.go/jetstream.(*pullConsumer).Messages in goroutine 61572
	/Users/jace/go/pkg/mod/github.com/nats-io/nats.go@v1.41.1/jetstream/pull.go:536 +0x78a

goroutine 61760 [select]:
github.com/nats-io/nats.go/jetstream.(*pullSubscription).pullMessages(0xc0034b8000, {0xc0008b3540, 0x4d})
	/Users/jace/go/pkg/mod/github.com/nats-io/nats.go@v1.41.1/jetstream/pull.go:955 +0x91
created by github.com/nats-io/nats.go/jetstream.(*pullConsumer).Messages in goroutine 61572
	/Users/jace/go/pkg/mod/github.com/nats-io/nats.go@v1.41.1/jetstream/pull.go:534 +0x748

goroutine 61875 [select]:
github.com/nats-io/nats.go/jetstream.(*pullSubscription).Next(0xc0032febd0)
	/Users/jace/go/pkg/mod/github.com/nats-io/nats.go@v1.41.1/jetstream/pull.go:589 +0x285
github.com/Black-And-White-Club/frolf-bot-shared/eventbus.(*eventBus).Subscribe.func1()
	/Users/jace/Documents/GitHub/frolf-bot-shared/eventbus/eventbus.go:326 +0x169
created by github.com/Black-And-White-Club/frolf-bot-shared/eventbus.(*eventBus).Subscribe in goroutine 61572
	/Users/jace/Documents/GitHub/frolf-bot-shared/eventbus/eventbus.go:315 +0xbf1

goroutine 63270 [select]:
github.com/nats-io/nats.go/jetstream.(*pullSubscription).pullMessages(0xc00288dcb0, {0xc0017e8120, 0x55})
	/Users/jace/go/pkg/mod/github.com/nats-io/nats.go@v1.41.1/jetstream/pull.go:955 +0x91
created by github.com/nats-io/nats.go/jetstream.(*pullConsumer).Messages in goroutine 63116
	/Users/jace/go/pkg/mod/github.com/nats-io/nats.go@v1.41.1/jetstream/pull.go:534 +0x748

goroutine 61925 [select]:
github.com/nats-io/nats.go/jetstream.(*pullSubscription).pullMessages(0xc0031e5cb0, {0xc0030ae780, 0x47})
	/Users/jace/go/pkg/mod/github.com/nats-io/nats.go@v1.41.1/jetstream/pull.go:955 +0x91
created by github.com/nats-io/nats.go/jetstream.(*pullConsumer).Messages in goroutine 61572
	/Users/jace/go/pkg/mod/github.com/nats-io/nats.go@v1.41.1/jetstream/pull.go:534 +0x748

goroutine 61744 [select]:
github.com/nats-io/nats.go/jetstream.(*pullSubscription).Next(0xc002661680)
	/Users/jace/go/pkg/mod/github.com/nats-io/nats.go@v1.41.1/jetstream/pull.go:589 +0x285
github.com/Black-And-White-Club/frolf-bot-shared/eventbus.(*eventBus).Subscribe.func1()
	/Users/jace/Documents/GitHub/frolf-bot-shared/eventbus/eventbus.go:326 +0x169
created by github.com/Black-And-White-Club/frolf-bot-shared/eventbus.(*eventBus).Subscribe in goroutine 61572
	/Users/jace/Documents/GitHub/frolf-bot-shared/eventbus/eventbus.go:315 +0xbf1

goroutine 61745 [chan receive]:
github.com/ThreeDotsLabs/watermill/message.(*messageTransformSubscriberDecorator).Subscribe.func1()
	/Users/jace/go/pkg/mod/github.com/!three!dots!labs/watermill@v1.4.6/message/decorator.go:52 +0x85
created by github.com/ThreeDotsLabs/watermill/message.(*messageTransformSubscriberDecorator).Subscribe in goroutine 61572
	/Users/jace/go/pkg/mod/github.com/!three!dots!labs/watermill@v1.4.6/message/decorator.go:51 +0xc7

goroutine 61746 [chan receive]:
github.com/ThreeDotsLabs/watermill/message.(*handler).run(0xc0032c4000, {0x10a337fa0, 0xc0026d1450}, {0xc00204b980, 0x6, 0x0?})
	/Users/jace/go/pkg/mod/github.com/!three!dots!labs/watermill@v1.4.6/message/router.go:645 +0x2b4
github.com/ThreeDotsLabs/watermill/message.(*Router).RunHandlers.func1()
	/Users/jace/go/pkg/mod/github.com/!three!dots!labs/watermill@v1.4.6/message/router.go:460 +0x145
created by github.com/ThreeDotsLabs/watermill/message.(*Router).RunHandlers in goroutine 61572
	/Users/jace/go/pkg/mod/github.com/!three!dots!labs/watermill@v1.4.6/message/router.go:453 +0x606

goroutine 64535 [select]:
github.com/nats-io/nats.go/jetstream.(*pullConsumer).Messages.func2()
	/Users/jace/go/pkg/mod/github.com/nats-io/nats.go@v1.41.1/jetstream/pull.go:538 +0x68
created by github.com/nats-io/nats.go/jetstream.(*pullConsumer).Messages in goroutine 64412
	/Users/jace/go/pkg/mod/github.com/nats-io/nats.go@v1.41.1/jetstream/pull.go:536 +0x78a

goroutine 61751 [select]:
github.com/nats-io/nats.go/jetstream.(*pullSubscription).Next(0xc003315b00)
	/Users/jace/go/pkg/mod/github.com/nats-io/nats.go@v1.41.1/jetstream/pull.go:589 +0x285
github.com/Black-And-White-Club/frolf-bot-shared/eventbus.(*eventBus).Subscribe.func1()
	/Users/jace/Documents/GitHub/frolf-bot-shared/eventbus/eventbus.go:326 +0x169
created by github.com/Black-And-White-Club/frolf-bot-shared/eventbus.(*eventBus).Subscribe in goroutine 61572
	/Users/jace/Documents/GitHub/frolf-bot-shared/eventbus/eventbus.go:315 +0xbf1

goroutine 61752 [chan receive]:
github.com/ThreeDotsLabs/watermill/message.(*messageTransformSubscriberDecorator).Subscribe.func1()
	/Users/jace/go/pkg/mod/github.com/!three!dots!labs/watermill@v1.4.6/message/decorator.go:52 +0x85
created by github.com/ThreeDotsLabs/watermill/message.(*messageTransformSubscriberDecorator).Subscribe in goroutine 61572
	/Users/jace/go/pkg/mod/github.com/!three!dots!labs/watermill@v1.4.6/message/decorator.go:51 +0xc7

goroutine 61753 [chan receive]:
github.com/ThreeDotsLabs/watermill/message.(*handler).run(0xc0032c4410, {0x10a337fa0, 0xc001f669b0}, {0xc0030dd500, 0x6, 0x0?})
	/Users/jace/go/pkg/mod/github.com/!three!dots!labs/watermill@v1.4.6/message/router.go:645 +0x2b4
github.com/ThreeDotsLabs/watermill/message.(*Router).RunHandlers.func1()
	/Users/jace/go/pkg/mod/github.com/!three!dots!labs/watermill@v1.4.6/message/router.go:460 +0x145
created by github.com/ThreeDotsLabs/watermill/message.(*Router).RunHandlers in goroutine 61572
	/Users/jace/go/pkg/mod/github.com/!three!dots!labs/watermill@v1.4.6/message/router.go:453 +0x606

goroutine 61827 [select]:
github.com/nats-io/nats.go/jetstream.(*pullConsumer).Messages.func2()
	/Users/jace/go/pkg/mod/github.com/nats-io/nats.go@v1.41.1/jetstream/pull.go:538 +0x68
created by github.com/nats-io/nats.go/jetstream.(*pullConsumer).Messages in goroutine 61572
	/Users/jace/go/pkg/mod/github.com/nats-io/nats.go@v1.41.1/jetstream/pull.go:536 +0x78a

goroutine 61826 [select]:
github.com/nats-io/nats.go/jetstream.(*pullSubscription).pullMessages(0xc0031e4480, {0xc00019bc80, 0x3e})
	/Users/jace/go/pkg/mod/github.com/nats-io/nats.go@v1.41.1/jetstream/pull.go:955 +0x91
created by github.com/nats-io/nats.go/jetstream.(*pullConsumer).Messages in goroutine 61572
	/Users/jace/go/pkg/mod/github.com/nats-io/nats.go@v1.41.1/jetstream/pull.go:534 +0x748

goroutine 61830 [chan receive]:
github.com/ThreeDotsLabs/watermill/message.(*handler).run(0xc0032c4dd0, {0x10a337fa0, 0xc001f66ff0}, {0xc00204ba40, 0x6, 0x0?})
	/Users/jace/go/pkg/mod/github.com/!three!dots!labs/watermill@v1.4.6/message/router.go:645 +0x2b4
github.com/ThreeDotsLabs/watermill/message.(*Router).RunHandlers.func1()
	/Users/jace/go/pkg/mod/github.com/!three!dots!labs/watermill@v1.4.6/message/router.go:460 +0x145
created by github.com/ThreeDotsLabs/watermill/message.(*Router).RunHandlers in goroutine 61572
	/Users/jace/go/pkg/mod/github.com/!three!dots!labs/watermill@v1.4.6/message/router.go:453 +0x606

goroutine 61829 [chan receive]:
github.com/ThreeDotsLabs/watermill/message.(*messageTransformSubscriberDecorator).Subscribe.func1()
	/Users/jace/go/pkg/mod/github.com/!three!dots!labs/watermill@v1.4.6/message/decorator.go:52 +0x85
created by github.com/ThreeDotsLabs/watermill/message.(*messageTransformSubscriberDecorator).Subscribe in goroutine 61572
	/Users/jace/go/pkg/mod/github.com/!three!dots!labs/watermill@v1.4.6/message/decorator.go:51 +0xc7

goroutine 62082 [select]:
github.com/nats-io/nats.go/jetstream.(*pullConsumer).Messages.func2()
	/Users/jace/go/pkg/mod/github.com/nats-io/nats.go@v1.41.1/jetstream/pull.go:538 +0x68
created by github.com/nats-io/nats.go/jetstream.(*pullConsumer).Messages in goroutine 61572
	/Users/jace/go/pkg/mod/github.com/nats-io/nats.go@v1.41.1/jetstream/pull.go:536 +0x78a

goroutine 61761 [select]:
github.com/nats-io/nats.go/jetstream.(*pullConsumer).Messages.func2()
	/Users/jace/go/pkg/mod/github.com/nats-io/nats.go@v1.41.1/jetstream/pull.go:538 +0x68
created by github.com/nats-io/nats.go/jetstream.(*pullConsumer).Messages in goroutine 61572
	/Users/jace/go/pkg/mod/github.com/nats-io/nats.go@v1.41.1/jetstream/pull.go:536 +0x78a

goroutine 61794 [select]:
github.com/nats-io/nats.go/jetstream.(*pullSubscription).Next(0xc0034b8000)
	/Users/jace/go/pkg/mod/github.com/nats-io/nats.go@v1.41.1/jetstream/pull.go:589 +0x285
github.com/Black-And-White-Club/frolf-bot-shared/eventbus.(*eventBus).Subscribe.func1()
	/Users/jace/Documents/GitHub/frolf-bot-shared/eventbus/eventbus.go:326 +0x169
created by github.com/Black-And-White-Club/frolf-bot-shared/eventbus.(*eventBus).Subscribe in goroutine 61572
	/Users/jace/Documents/GitHub/frolf-bot-shared/eventbus/eventbus.go:315 +0xbf1

goroutine 61795 [chan receive]:
github.com/ThreeDotsLabs/watermill/message.(*messageTransformSubscriberDecorator).Subscribe.func1()
	/Users/jace/go/pkg/mod/github.com/!three!dots!labs/watermill@v1.4.6/message/decorator.go:52 +0x85
created by github.com/ThreeDotsLabs/watermill/message.(*messageTransformSubscriberDecorator).Subscribe in goroutine 61572
	/Users/jace/go/pkg/mod/github.com/!three!dots!labs/watermill@v1.4.6/message/decorator.go:51 +0xc7

goroutine 61796 [chan receive]:
github.com/ThreeDotsLabs/watermill/message.(*handler).run(0xc0032c48f0, {0x10a337fa0, 0xc001f66c80}, {0xc00317e840, 0x6, 0xc002779778?})
	/Users/jace/go/pkg/mod/github.com/!three!dots!labs/watermill@v1.4.6/message/router.go:645 +0x2b4
github.com/ThreeDotsLabs/watermill/message.(*Router).RunHandlers.func1()
	/Users/jace/go/pkg/mod/github.com/!three!dots!labs/watermill@v1.4.6/message/router.go:460 +0x145
created by github.com/ThreeDotsLabs/watermill/message.(*Router).RunHandlers in goroutine 61572
	/Users/jace/go/pkg/mod/github.com/!three!dots!labs/watermill@v1.4.6/message/router.go:453 +0x606

goroutine 61793 [select]:
github.com/nats-io/nats.go/jetstream.(*pullSubscription).pullMessages(0xc0032febd0, {0xc003047560, 0x58})
	/Users/jace/go/pkg/mod/github.com/nats-io/nats.go@v1.41.1/jetstream/pull.go:955 +0x91
created by github.com/nats-io/nats.go/jetstream.(*pullConsumer).Messages in goroutine 61572
	/Users/jace/go/pkg/mod/github.com/nats-io/nats.go@v1.41.1/jetstream/pull.go:534 +0x748

goroutine 64906 [select]:
github.com/nats-io/nats.go/jetstream.(*pullSubscription).pullMessages(0xc00258d5f0, {0xc000255590, 0x4d})
	/Users/jace/go/pkg/mod/github.com/nats-io/nats.go@v1.41.1/jetstream/pull.go:955 +0x91
created by github.com/nats-io/nats.go/jetstream.(*pullConsumer).Messages in goroutine 64412
	/Users/jace/go/pkg/mod/github.com/nats-io/nats.go@v1.41.1/jetstream/pull.go:534 +0x748

goroutine 63274 [chan receive]:
github.com/ThreeDotsLabs/watermill/message.(*handler).run(0xc001389e10, {0x10a337fa0, 0xc002ce3450}, {0xc001e4e000, 0x6, 0xc001d50778?})
	/Users/jace/go/pkg/mod/github.com/!three!dots!labs/watermill@v1.4.6/message/router.go:645 +0x2b4
github.com/ThreeDotsLabs/watermill/message.(*Router).RunHandlers.func1()
	/Users/jace/go/pkg/mod/github.com/!three!dots!labs/watermill@v1.4.6/message/router.go:460 +0x145
created by github.com/ThreeDotsLabs/watermill/message.(*Router).RunHandlers in goroutine 63116
	/Users/jace/go/pkg/mod/github.com/!three!dots!labs/watermill@v1.4.6/message/router.go:453 +0x606

goroutine 62084 [chan receive]:
github.com/ThreeDotsLabs/watermill/message.(*messageTransformSubscriberDecorator).Subscribe.func1()
	/Users/jace/go/pkg/mod/github.com/!three!dots!labs/watermill@v1.4.6/message/decorator.go:52 +0x85
created by github.com/ThreeDotsLabs/watermill/message.(*messageTransformSubscriberDecorator).Subscribe in goroutine 61572
	/Users/jace/go/pkg/mod/github.com/!three!dots!labs/watermill@v1.4.6/message/decorator.go:51 +0xc7

goroutine 61929 [chan receive]:
github.com/ThreeDotsLabs/watermill/message.(*handler).run(0xc0032c5040, {0x10a337fa0, 0xc0035223c0}, {0xc003215a40, 0x6, 0x0?})
	/Users/jace/go/pkg/mod/github.com/!three!dots!labs/watermill@v1.4.6/message/router.go:645 +0x2b4
github.com/ThreeDotsLabs/watermill/message.(*Router).RunHandlers.func1()
	/Users/jace/go/pkg/mod/github.com/!three!dots!labs/watermill@v1.4.6/message/router.go:460 +0x145
created by github.com/ThreeDotsLabs/watermill/message.(*Router).RunHandlers in goroutine 61572
	/Users/jace/go/pkg/mod/github.com/!three!dots!labs/watermill@v1.4.6/message/router.go:453 +0x606

goroutine 62005 [select]:
github.com/nats-io/nats.go/jetstream.(*pullConsumer).Messages.func2()
	/Users/jace/go/pkg/mod/github.com/nats-io/nats.go@v1.41.1/jetstream/pull.go:538 +0x68
created by github.com/nats-io/nats.go/jetstream.(*pullConsumer).Messages in goroutine 61572
	/Users/jace/go/pkg/mod/github.com/nats-io/nats.go@v1.41.1/jetstream/pull.go:536 +0x78a

goroutine 63126 [chan receive]:
github.com/ThreeDotsLabs/watermill/message.(*messageTransformSubscriberDecorator).Subscribe.func1()
	/Users/jace/go/pkg/mod/github.com/!three!dots!labs/watermill@v1.4.6/message/decorator.go:52 +0x85
created by github.com/ThreeDotsLabs/watermill/message.(*messageTransformSubscriberDecorator).Subscribe in goroutine 63116
	/Users/jace/go/pkg/mod/github.com/!three!dots!labs/watermill@v1.4.6/message/decorator.go:51 +0xc7

goroutine 63132 [chan receive]:
github.com/ThreeDotsLabs/watermill/message.(*messageTransformSubscriberDecorator).Subscribe.func1()
	/Users/jace/go/pkg/mod/github.com/!three!dots!labs/watermill@v1.4.6/message/decorator.go:52 +0x85
created by github.com/ThreeDotsLabs/watermill/message.(*messageTransformSubscriberDecorator).Subscribe in goroutine 63116
	/Users/jace/go/pkg/mod/github.com/!three!dots!labs/watermill@v1.4.6/message/decorator.go:51 +0xc7

goroutine 62013 [select]:
github.com/nats-io/nats.go/jetstream.(*pullConsumer).Messages.func2()
	/Users/jace/go/pkg/mod/github.com/nats-io/nats.go@v1.41.1/jetstream/pull.go:538 +0x68
created by github.com/nats-io/nats.go/jetstream.(*pullConsumer).Messages in goroutine 61572
	/Users/jace/go/pkg/mod/github.com/nats-io/nats.go@v1.41.1/jetstream/pull.go:536 +0x78a

goroutine 62014 [select]:
github.com/nats-io/nats.go/jetstream.(*pullSubscription).Next(0xc0034b9e60)
	/Users/jace/go/pkg/mod/github.com/nats-io/nats.go@v1.41.1/jetstream/pull.go:589 +0x285
github.com/Black-And-White-Club/frolf-bot-shared/eventbus.(*eventBus).Subscribe.func1()
	/Users/jace/Documents/GitHub/frolf-bot-shared/eventbus/eventbus.go:326 +0x169
created by github.com/Black-And-White-Club/frolf-bot-shared/eventbus.(*eventBus).Subscribe in goroutine 61572
	/Users/jace/Documents/GitHub/frolf-bot-shared/eventbus/eventbus.go:315 +0xbf1

goroutine 62015 [chan receive]:
github.com/ThreeDotsLabs/watermill/message.(*messageTransformSubscriberDecorator).Subscribe.func1()
	/Users/jace/go/pkg/mod/github.com/!three!dots!labs/watermill@v1.4.6/message/decorator.go:52 +0x85
created by github.com/ThreeDotsLabs/watermill/message.(*messageTransformSubscriberDecorator).Subscribe in goroutine 61572
	/Users/jace/go/pkg/mod/github.com/!three!dots!labs/watermill@v1.4.6/message/decorator.go:51 +0xc7

goroutine 62016 [chan receive]:
github.com/ThreeDotsLabs/watermill/message.(*handler).run(0xc0032c4270, {0x10a337fa0, 0xc0034ce8c0}, {0xc003215b00, 0x6, 0x1000000010000?})
	/Users/jace/go/pkg/mod/github.com/!three!dots!labs/watermill@v1.4.6/message/router.go:645 +0x2b4
github.com/ThreeDotsLabs/watermill/message.(*Router).RunHandlers.func1()
	/Users/jace/go/pkg/mod/github.com/!three!dots!labs/watermill@v1.4.6/message/router.go:460 +0x145
created by github.com/ThreeDotsLabs/watermill/message.(*Router).RunHandlers in goroutine 61572
	/Users/jace/go/pkg/mod/github.com/!three!dots!labs/watermill@v1.4.6/message/router.go:453 +0x606

goroutine 62017 [select]:
github.com/nats-io/nats.go/jetstream.(*pullSubscription).pullMessages(0xc0034e42d0, {0xc0008b3ae0, 0x4b})
	/Users/jace/go/pkg/mod/github.com/nats-io/nats.go@v1.41.1/jetstream/pull.go:955 +0x91
created by github.com/nats-io/nats.go/jetstream.(*pullConsumer).Messages in goroutine 61572
	/Users/jace/go/pkg/mod/github.com/nats-io/nats.go@v1.41.1/jetstream/pull.go:534 +0x748

goroutine 62050 [select]:
github.com/nats-io/nats.go/jetstream.(*pullConsumer).Messages.func2()
	/Users/jace/go/pkg/mod/github.com/nats-io/nats.go@v1.41.1/jetstream/pull.go:538 +0x68
created by github.com/nats-io/nats.go/jetstream.(*pullConsumer).Messages in goroutine 61572
	/Users/jace/go/pkg/mod/github.com/nats-io/nats.go@v1.41.1/jetstream/pull.go:536 +0x78a

goroutine 62051 [select]:
github.com/nats-io/nats.go/jetstream.(*pullSubscription).Next(0xc0034e42d0)
	/Users/jace/go/pkg/mod/github.com/nats-io/nats.go@v1.41.1/jetstream/pull.go:589 +0x285
github.com/Black-And-White-Club/frolf-bot-shared/eventbus.(*eventBus).Subscribe.func1()
	/Users/jace/Documents/GitHub/frolf-bot-shared/eventbus/eventbus.go:326 +0x169
created by github.com/Black-And-White-Club/frolf-bot-shared/eventbus.(*eventBus).Subscribe in goroutine 61572
	/Users/jace/Documents/GitHub/frolf-bot-shared/eventbus/eventbus.go:315 +0xbf1

goroutine 62052 [chan receive]:
github.com/ThreeDotsLabs/watermill/message.(*messageTransformSubscriberDecorator).Subscribe.func1()
	/Users/jace/go/pkg/mod/github.com/!three!dots!labs/watermill@v1.4.6/message/decorator.go:52 +0x85
created by github.com/ThreeDotsLabs/watermill/message.(*messageTransformSubscriberDecorator).Subscribe in goroutine 61572
	/Users/jace/go/pkg/mod/github.com/!three!dots!labs/watermill@v1.4.6/message/decorator.go:51 +0xc7

goroutine 62053 [chan receive]:
github.com/ThreeDotsLabs/watermill/message.(*handler).run(0xc0032c4340, {0x10a337fa0, 0xc0034ceaf0}, {0xc002926240, 0x6, 0xc0028faf78?})
	/Users/jace/go/pkg/mod/github.com/!three!dots!labs/watermill@v1.4.6/message/router.go:645 +0x2b4
github.com/ThreeDotsLabs/watermill/message.(*Router).RunHandlers.func1()
	/Users/jace/go/pkg/mod/github.com/!three!dots!labs/watermill@v1.4.6/message/router.go:460 +0x145
created by github.com/ThreeDotsLabs/watermill/message.(*Router).RunHandlers in goroutine 61572
	/Users/jace/go/pkg/mod/github.com/!three!dots!labs/watermill@v1.4.6/message/router.go:453 +0x606

goroutine 62968 [select]:
github.com/nats-io/nats.go/jetstream.(*pullSubscription).pullMessages(0xc00271f8c0, {0xc0005e9bd0, 0x50})
	/Users/jace/go/pkg/mod/github.com/nats-io/nats.go@v1.41.1/jetstream/pull.go:955 +0x91
created by github.com/nats-io/nats.go/jetstream.(*pullConsumer).Messages in goroutine 63116
	/Users/jace/go/pkg/mod/github.com/nats-io/nats.go@v1.41.1/jetstream/pull.go:534 +0x748

goroutine 63183 [select]:
github.com/nats-io/nats.go/jetstream.(*pullConsumer).Messages.func2()
	/Users/jace/go/pkg/mod/github.com/nats-io/nats.go@v1.41.1/jetstream/pull.go:538 +0x68
created by github.com/nats-io/nats.go/jetstream.(*pullConsumer).Messages in goroutine 63116
	/Users/jace/go/pkg/mod/github.com/nats-io/nats.go@v1.41.1/jetstream/pull.go:536 +0x78a

goroutine 62059 [select]:
github.com/nats-io/nats.go/jetstream.(*pullSubscription).pullMessages(0xc0035a2480, {0xc0028c6050, 0x4e})
	/Users/jace/go/pkg/mod/github.com/nats-io/nats.go@v1.41.1/jetstream/pull.go:955 +0x91
created by github.com/nats-io/nats.go/jetstream.(*pullConsumer).Messages in goroutine 61572
	/Users/jace/go/pkg/mod/github.com/nats-io/nats.go@v1.41.1/jetstream/pull.go:534 +0x748

goroutine 62060 [select]:
github.com/nats-io/nats.go/jetstream.(*pullConsumer).Messages.func2()
	/Users/jace/go/pkg/mod/github.com/nats-io/nats.go@v1.41.1/jetstream/pull.go:538 +0x68
created by github.com/nats-io/nats.go/jetstream.(*pullConsumer).Messages in goroutine 61572
	/Users/jace/go/pkg/mod/github.com/nats-io/nats.go@v1.41.1/jetstream/pull.go:536 +0x78a

goroutine 62061 [select]:
github.com/nats-io/nats.go/jetstream.(*pullSubscription).Next(0xc0035a2480)
	/Users/jace/go/pkg/mod/github.com/nats-io/nats.go@v1.41.1/jetstream/pull.go:589 +0x285
github.com/Black-And-White-Club/frolf-bot-shared/eventbus.(*eventBus).Subscribe.func1()
	/Users/jace/Documents/GitHub/frolf-bot-shared/eventbus/eventbus.go:326 +0x169
created by github.com/Black-And-White-Club/frolf-bot-shared/eventbus.(*eventBus).Subscribe in goroutine 61572
	/Users/jace/Documents/GitHub/frolf-bot-shared/eventbus/eventbus.go:315 +0xbf1

goroutine 62062 [chan receive]:
github.com/ThreeDotsLabs/watermill/message.(*messageTransformSubscriberDecorator).Subscribe.func1()
	/Users/jace/go/pkg/mod/github.com/!three!dots!labs/watermill@v1.4.6/message/decorator.go:52 +0x85
created by github.com/ThreeDotsLabs/watermill/message.(*messageTransformSubscriberDecorator).Subscribe in goroutine 61572
	/Users/jace/go/pkg/mod/github.com/!three!dots!labs/watermill@v1.4.6/message/decorator.go:51 +0xc7

goroutine 62063 [chan receive]:
github.com/ThreeDotsLabs/watermill/message.(*handler).run(0xc0032c4750, {0x10a337fa0, 0xc002948460}, {0xc0008e8000, 0x6, 0x0?})
	/Users/jace/go/pkg/mod/github.com/!three!dots!labs/watermill@v1.4.6/message/router.go:645 +0x2b4
github.com/ThreeDotsLabs/watermill/message.(*Router).RunHandlers.func1()
	/Users/jace/go/pkg/mod/github.com/!three!dots!labs/watermill@v1.4.6/message/router.go:460 +0x145
created by github.com/ThreeDotsLabs/watermill/message.(*Router).RunHandlers in goroutine 61572
	/Users/jace/go/pkg/mod/github.com/!three!dots!labs/watermill@v1.4.6/message/router.go:453 +0x606

goroutine 64076 [select]:
github.com/nats-io/nats.go/jetstream.(*pullSubscription).pullMessages(0xc001cfac60, {0xc0028c7cc0, 0x45})
	/Users/jace/go/pkg/mod/github.com/nats-io/nats.go@v1.41.1/jetstream/pull.go:955 +0x91
created by github.com/nats-io/nats.go/jetstream.(*pullConsumer).Messages in goroutine 64412
	/Users/jace/go/pkg/mod/github.com/nats-io/nats.go@v1.41.1/jetstream/pull.go:534 +0x748

goroutine 61936 [select]:
github.com/nats-io/nats.go/jetstream.(*pullSubscription).pullMessages(0xc0035a2900, {0xc0028c60f0, 0x4f})
	/Users/jace/go/pkg/mod/github.com/nats-io/nats.go@v1.41.1/jetstream/pull.go:955 +0x91
created by github.com/nats-io/nats.go/jetstream.(*pullConsumer).Messages in goroutine 61572
	/Users/jace/go/pkg/mod/github.com/nats-io/nats.go@v1.41.1/jetstream/pull.go:534 +0x748

goroutine 61937 [select]:
github.com/nats-io/nats.go/jetstream.(*pullConsumer).Messages.func2()
	/Users/jace/go/pkg/mod/github.com/nats-io/nats.go@v1.41.1/jetstream/pull.go:538 +0x68
created by github.com/nats-io/nats.go/jetstream.(*pullConsumer).Messages in goroutine 61572
	/Users/jace/go/pkg/mod/github.com/nats-io/nats.go@v1.41.1/jetstream/pull.go:536 +0x78a

goroutine 62130 [select]:
github.com/nats-io/nats.go/jetstream.(*pullSubscription).Next(0xc0035a2900)
	/Users/jace/go/pkg/mod/github.com/nats-io/nats.go@v1.41.1/jetstream/pull.go:589 +0x285
github.com/Black-And-White-Club/frolf-bot-shared/eventbus.(*eventBus).Subscribe.func1()
	/Users/jace/Documents/GitHub/frolf-bot-shared/eventbus/eventbus.go:326 +0x169
created by github.com/Black-And-White-Club/frolf-bot-shared/eventbus.(*eventBus).Subscribe in goroutine 61572
	/Users/jace/Documents/GitHub/frolf-bot-shared/eventbus/eventbus.go:315 +0xbf1

goroutine 62131 [chan receive]:
github.com/ThreeDotsLabs/watermill/message.(*messageTransformSubscriberDecorator).Subscribe.func1()
	/Users/jace/go/pkg/mod/github.com/!three!dots!labs/watermill@v1.4.6/message/decorator.go:52 +0x85
created by github.com/ThreeDotsLabs/watermill/message.(*messageTransformSubscriberDecorator).Subscribe in goroutine 61572
	/Users/jace/go/pkg/mod/github.com/!three!dots!labs/watermill@v1.4.6/message/decorator.go:51 +0xc7

goroutine 62132 [chan receive]:
github.com/ThreeDotsLabs/watermill/message.(*handler).run(0xc0032c51e0, {0x10a337fa0, 0xc002664280}, {0xc0005fa000, 0x6, 0x10a31e5e0?})
	/Users/jace/go/pkg/mod/github.com/!three!dots!labs/watermill@v1.4.6/message/router.go:645 +0x2b4
github.com/ThreeDotsLabs/watermill/message.(*Router).RunHandlers.func1()
	/Users/jace/go/pkg/mod/github.com/!three!dots!labs/watermill@v1.4.6/message/router.go:460 +0x145
created by github.com/ThreeDotsLabs/watermill/message.(*Router).RunHandlers in goroutine 61572
	/Users/jace/go/pkg/mod/github.com/!three!dots!labs/watermill@v1.4.6/message/router.go:453 +0x606

goroutine 64909 [chan receive]:
github.com/ThreeDotsLabs/watermill/message.(*messageTransformSubscriberDecorator).Subscribe.func1()
	/Users/jace/go/pkg/mod/github.com/!three!dots!labs/watermill@v1.4.6/message/decorator.go:52 +0x85
created by github.com/ThreeDotsLabs/watermill/message.(*messageTransformSubscriberDecorator).Subscribe in goroutine 64412
	/Users/jace/go/pkg/mod/github.com/!three!dots!labs/watermill@v1.4.6/message/decorator.go:51 +0xc7

goroutine 62972 [chan receive]:
github.com/ThreeDotsLabs/watermill/message.(*handler).run(0xc002bc5e10, {0x10a337fa0, 0xc002bd8b40}, {0xc001ae6540, 0x6, 0xc0034aef78?})
	/Users/jace/go/pkg/mod/github.com/!three!dots!labs/watermill@v1.4.6/message/router.go:645 +0x2b4
github.com/ThreeDotsLabs/watermill/message.(*Router).RunHandlers.func1()
	/Users/jace/go/pkg/mod/github.com/!three!dots!labs/watermill@v1.4.6/message/router.go:460 +0x145
created by github.com/ThreeDotsLabs/watermill/message.(*Router).RunHandlers in goroutine 63116
	/Users/jace/go/pkg/mod/github.com/!three!dots!labs/watermill@v1.4.6/message/router.go:453 +0x606

goroutine 64366 [sync.Cond.Wait]:
sync.runtime_notifyListWait(0xc0010633d0, 0x41)
	/usr/local/Cellar/go/1.24.2/libexec/src/runtime/sema.go:597 +0x159
sync.(*Cond).Wait(0xc0029d39c0?)
	/usr/local/Cellar/go/1.24.2/libexec/src/sync/cond.go:71 +0x85
github.com/nats-io/nats%2ego.(*Conn).waitForMsgs(0xc002876308, 0xc0029a7c20)
	/Users/jace/go/pkg/mod/github.com/nats-io/nats.go@v1.41.1/nats.go:3178 +0xc5
created by github.com/nats-io/nats%2ego.(*Conn).subscribeLocked in goroutine 63524
	/Users/jace/go/pkg/mod/github.com/nats-io/nats.go@v1.41.1/nats.go:4468 +0x419

goroutine 64423 [chan receive]:
github.com/ThreeDotsLabs/watermill/message.(*messageTransformSubscriberDecorator).Subscribe.func1()
	/Users/jace/go/pkg/mod/github.com/!three!dots!labs/watermill@v1.4.6/message/decorator.go:52 +0x85
created by github.com/ThreeDotsLabs/watermill/message.(*messageTransformSubscriberDecorator).Subscribe in goroutine 64412
	/Users/jace/go/pkg/mod/github.com/!three!dots!labs/watermill@v1.4.6/message/decorator.go:51 +0xc7

goroutine 64673 [select]:
github.com/nats-io/nats.go/jetstream.(*pullConsumer).Messages.func2()
	/Users/jace/go/pkg/mod/github.com/nats-io/nats.go@v1.41.1/jetstream/pull.go:538 +0x68
created by github.com/nats-io/nats.go/jetstream.(*pullConsumer).Messages in goroutine 64412
	/Users/jace/go/pkg/mod/github.com/nats-io/nats.go@v1.41.1/jetstream/pull.go:536 +0x78a

goroutine 64899 [select]:
github.com/nats-io/nats.go/jetstream.(*pullSubscription).Next(0xc00258d050)
	/Users/jace/go/pkg/mod/github.com/nats-io/nats.go@v1.41.1/jetstream/pull.go:589 +0x285
github.com/Black-And-White-Club/frolf-bot-shared/eventbus.(*eventBus).Subscribe.func1()
	/Users/jace/Documents/GitHub/frolf-bot-shared/eventbus/eventbus.go:326 +0x169
created by github.com/Black-And-White-Club/frolf-bot-shared/eventbus.(*eventBus).Subscribe in goroutine 64412
	/Users/jace/Documents/GitHub/frolf-bot-shared/eventbus/eventbus.go:315 +0xbf1

goroutine 64900 [chan receive]:
github.com/ThreeDotsLabs/watermill/message.(*messageTransformSubscriberDecorator).Subscribe.func1()
	/Users/jace/go/pkg/mod/github.com/!three!dots!labs/watermill@v1.4.6/message/decorator.go:52 +0x85
created by github.com/ThreeDotsLabs/watermill/message.(*messageTransformSubscriberDecorator).Subscribe in goroutine 64412
	/Users/jace/go/pkg/mod/github.com/!three!dots!labs/watermill@v1.4.6/message/decorator.go:51 +0xc7

goroutine 64428 [chan receive]:
github.com/ThreeDotsLabs/watermill/message.(*messageTransformSubscriberDecorator).Subscribe.func1()
	/Users/jace/go/pkg/mod/github.com/!three!dots!labs/watermill@v1.4.6/message/decorator.go:52 +0x85
created by github.com/ThreeDotsLabs/watermill/message.(*messageTransformSubscriberDecorator).Subscribe in goroutine 64412
	/Users/jace/go/pkg/mod/github.com/!three!dots!labs/watermill@v1.4.6/message/decorator.go:51 +0xc7

goroutine 63345 [sync.WaitGroup.Wait]:
sync.runtime_SemacquireWaitGroup(0x10a338010?)
	/usr/local/Cellar/go/1.24.2/libexec/src/runtime/sema.go:110 +0x25
sync.(*WaitGroup).Wait(0xc0026d77d0?)
	/usr/local/Cellar/go/1.24.2/libexec/src/sync/waitgroup.go:118 +0x48
github.com/ThreeDotsLabs/watermill/message.(*Router).waitForHandlers.func1()
	/Users/jace/go/pkg/mod/github.com/!three!dots!labs/watermill@v1.4.6/message/router.go:579 +0x4b
created by github.com/ThreeDotsLabs/watermill/message.(*Router).waitForHandlers in goroutine 62267
	/Users/jace/go/pkg/mod/github.com/!three!dots!labs/watermill@v1.4.6/message/router.go:577 +0x87

goroutine 63117 [sync.Cond.Wait]:
sync.runtime_notifyListWait(0xc000e492d0, 0x2)
	/usr/local/Cellar/go/1.24.2/libexec/src/runtime/sema.go:597 +0x159
sync.(*Cond).Wait(0x0?)
	/usr/local/Cellar/go/1.24.2/libexec/src/sync/cond.go:71 +0x85
github.com/nats-io/nats%2ego.(*Conn).waitForMsgs(0xc002875c08, 0xc0031f2f00)
	/Users/jace/go/pkg/mod/github.com/nats-io/nats.go@v1.41.1/nats.go:3178 +0xc5
created by github.com/nats-io/nats%2ego.(*Conn).subscribeLocked in goroutine 62267
	/Users/jace/go/pkg/mod/github.com/nats-io/nats.go@v1.41.1/nats.go:4468 +0x419

goroutine 63273 [chan receive]:
github.com/ThreeDotsLabs/watermill/message.(*messageTransformSubscriberDecorator).Subscribe.func1()
	/Users/jace/go/pkg/mod/github.com/!three!dots!labs/watermill@v1.4.6/message/decorator.go:52 +0x85
created by github.com/ThreeDotsLabs/watermill/message.(*messageTransformSubscriberDecorator).Subscribe in goroutine 63116
	/Users/jace/go/pkg/mod/github.com/!three!dots!labs/watermill@v1.4.6/message/decorator.go:51 +0xc7

goroutine 63141 [select]:
github.com/nats-io/nats.go/jetstream.(*pullSubscription).pullMessages(0xc00288d050, {0xc0028c71d0, 0x4f})
	/Users/jace/go/pkg/mod/github.com/nats-io/nats.go@v1.41.1/jetstream/pull.go:955 +0x91
created by github.com/nats-io/nats.go/jetstream.(*pullConsumer).Messages in goroutine 63116
	/Users/jace/go/pkg/mod/github.com/nats-io/nats.go@v1.41.1/jetstream/pull.go:534 +0x748

goroutine 63142 [select]:
github.com/nats-io/nats.go/jetstream.(*pullConsumer).Messages.func2()
	/Users/jace/go/pkg/mod/github.com/nats-io/nats.go@v1.41.1/jetstream/pull.go:538 +0x68
created by github.com/nats-io/nats.go/jetstream.(*pullConsumer).Messages in goroutine 63116
	/Users/jace/go/pkg/mod/github.com/nats-io/nats.go@v1.41.1/jetstream/pull.go:536 +0x78a

goroutine 63143 [select]:
github.com/nats-io/nats.go/jetstream.(*pullSubscription).Next(0xc00288d050)
	/Users/jace/go/pkg/mod/github.com/nats-io/nats.go@v1.41.1/jetstream/pull.go:589 +0x285
github.com/Black-And-White-Club/frolf-bot-shared/eventbus.(*eventBus).Subscribe.func1()
	/Users/jace/Documents/GitHub/frolf-bot-shared/eventbus/eventbus.go:326 +0x169
created by github.com/Black-And-White-Club/frolf-bot-shared/eventbus.(*eventBus).Subscribe in goroutine 63116
	/Users/jace/Documents/GitHub/frolf-bot-shared/eventbus/eventbus.go:315 +0xbf1

goroutine 63144 [chan receive]:
github.com/ThreeDotsLabs/watermill/message.(*messageTransformSubscriberDecorator).Subscribe.func1()
	/Users/jace/go/pkg/mod/github.com/!three!dots!labs/watermill@v1.4.6/message/decorator.go:52 +0x85
created by github.com/ThreeDotsLabs/watermill/message.(*messageTransformSubscriberDecorator).Subscribe in goroutine 63116
	/Users/jace/go/pkg/mod/github.com/!three!dots!labs/watermill@v1.4.6/message/decorator.go:51 +0xc7

goroutine 63145 [chan receive]:
github.com/ThreeDotsLabs/watermill/message.(*handler).run(0xc0013891e0, {0x10a337fa0, 0xc0030ab090}, {0xc001ea8600, 0x6, 0x0?})
	/Users/jace/go/pkg/mod/github.com/!three!dots!labs/watermill@v1.4.6/message/router.go:645 +0x2b4
github.com/ThreeDotsLabs/watermill/message.(*Router).RunHandlers.func1()
	/Users/jace/go/pkg/mod/github.com/!three!dots!labs/watermill@v1.4.6/message/router.go:460 +0x145
created by github.com/ThreeDotsLabs/watermill/message.(*Router).RunHandlers in goroutine 63116
	/Users/jace/go/pkg/mod/github.com/!three!dots!labs/watermill@v1.4.6/message/router.go:453 +0x606

goroutine 64536 [select]:
github.com/nats-io/nats.go/jetstream.(*pullSubscription).Next(0xc002fd8900)
	/Users/jace/go/pkg/mod/github.com/nats-io/nats.go@v1.41.1/jetstream/pull.go:589 +0x285
github.com/Black-And-White-Club/frolf-bot-shared/eventbus.(*eventBus).Subscribe.func1()
	/Users/jace/Documents/GitHub/frolf-bot-shared/eventbus/eventbus.go:326 +0x169
created by github.com/Black-And-White-Club/frolf-bot-shared/eventbus.(*eventBus).Subscribe in goroutine 64412
	/Users/jace/Documents/GitHub/frolf-bot-shared/eventbus/eventbus.go:315 +0xbf1

goroutine 64694 [chan receive]:
github.com/ThreeDotsLabs/watermill/message.(*messageTransformSubscriberDecorator).Subscribe.func1()
	/Users/jace/go/pkg/mod/github.com/!three!dots!labs/watermill@v1.4.6/message/decorator.go:52 +0x85
created by github.com/ThreeDotsLabs/watermill/message.(*messageTransformSubscriberDecorator).Subscribe in goroutine 64412
	/Users/jace/go/pkg/mod/github.com/!three!dots!labs/watermill@v1.4.6/message/decorator.go:51 +0xc7

goroutine 64511 [select]:
github.com/nats-io/nats.go/jetstream.(*pullSubscription).Next(0xc001985ef0)
	/Users/jace/go/pkg/mod/github.com/nats-io/nats.go@v1.41.1/jetstream/pull.go:589 +0x285
github.com/Black-And-White-Club/frolf-bot-shared/eventbus.(*eventBus).Subscribe.func1()
	/Users/jace/Documents/GitHub/frolf-bot-shared/eventbus/eventbus.go:326 +0x169
created by github.com/Black-And-White-Club/frolf-bot-shared/eventbus.(*eventBus).Subscribe in goroutine 64412
	/Users/jace/Documents/GitHub/frolf-bot-shared/eventbus/eventbus.go:315 +0xbf1

goroutine 63272 [select]:
github.com/nats-io/nats.go/jetstream.(*pullSubscription).Next(0xc00288dcb0)
	/Users/jace/go/pkg/mod/github.com/nats-io/nats.go@v1.41.1/jetstream/pull.go:589 +0x285
github.com/Black-And-White-Club/frolf-bot-shared/eventbus.(*eventBus).Subscribe.func1()
	/Users/jace/Documents/GitHub/frolf-bot-shared/eventbus/eventbus.go:326 +0x169
created by github.com/Black-And-White-Club/frolf-bot-shared/eventbus.(*eventBus).Subscribe in goroutine 63116
	/Users/jace/Documents/GitHub/frolf-bot-shared/eventbus/eventbus.go:315 +0xbf1

goroutine 63332 [chan receive]:
github.com/ThreeDotsLabs/watermill/message.(*messageTransformSubscriberDecorator).Subscribe.func1()
	/Users/jace/go/pkg/mod/github.com/!three!dots!labs/watermill@v1.4.6/message/decorator.go:52 +0x85
created by github.com/ThreeDotsLabs/watermill/message.(*messageTransformSubscriberDecorator).Subscribe in goroutine 63116
	/Users/jace/go/pkg/mod/github.com/!three!dots!labs/watermill@v1.4.6/message/decorator.go:51 +0xc7

goroutine 63196 [select]:
github.com/nats-io/nats.go/jetstream.(*pullSubscription).pullMessages(0xc002199dd0, {0xc00113cfc0, 0x3e})
	/Users/jace/go/pkg/mod/github.com/nats-io/nats.go@v1.41.1/jetstream/pull.go:955 +0x91
created by github.com/nats-io/nats.go/jetstream.(*pullConsumer).Messages in goroutine 63116
	/Users/jace/go/pkg/mod/github.com/nats-io/nats.go@v1.41.1/jetstream/pull.go:534 +0x748

goroutine 63197 [select]:
github.com/nats-io/nats.go/jetstream.(*pullConsumer).Messages.func2()
	/Users/jace/go/pkg/mod/github.com/nats-io/nats.go@v1.41.1/jetstream/pull.go:538 +0x68
created by github.com/nats-io/nats.go/jetstream.(*pullConsumer).Messages in goroutine 63116
	/Users/jace/go/pkg/mod/github.com/nats-io/nats.go@v1.41.1/jetstream/pull.go:536 +0x78a

goroutine 63198 [select]:
github.com/nats-io/nats.go/jetstream.(*pullSubscription).Next(0xc002199dd0)
	/Users/jace/go/pkg/mod/github.com/nats-io/nats.go@v1.41.1/jetstream/pull.go:589 +0x285
github.com/Black-And-White-Club/frolf-bot-shared/eventbus.(*eventBus).Subscribe.func1()
	/Users/jace/Documents/GitHub/frolf-bot-shared/eventbus/eventbus.go:326 +0x169
created by github.com/Black-And-White-Club/frolf-bot-shared/eventbus.(*eventBus).Subscribe in goroutine 63116
	/Users/jace/Documents/GitHub/frolf-bot-shared/eventbus/eventbus.go:315 +0xbf1

goroutine 63199 [chan receive]:
github.com/ThreeDotsLabs/watermill/message.(*messageTransformSubscriberDecorator).Subscribe.func1()
	/Users/jace/go/pkg/mod/github.com/!three!dots!labs/watermill@v1.4.6/message/decorator.go:52 +0x85
created by github.com/ThreeDotsLabs/watermill/message.(*messageTransformSubscriberDecorator).Subscribe in goroutine 63116
	/Users/jace/go/pkg/mod/github.com/!three!dots!labs/watermill@v1.4.6/message/decorator.go:51 +0xc7

goroutine 63200 [chan receive]:
github.com/ThreeDotsLabs/watermill/message.(*handler).run(0xc0013885b0, {0x10a337fa0, 0xc002948f00}, {0xc001ea8780, 0x6, 0x0?})
	/Users/jace/go/pkg/mod/github.com/!three!dots!labs/watermill@v1.4.6/message/router.go:645 +0x2b4
github.com/ThreeDotsLabs/watermill/message.(*Router).RunHandlers.func1()
	/Users/jace/go/pkg/mod/github.com/!three!dots!labs/watermill@v1.4.6/message/router.go:460 +0x145
created by github.com/ThreeDotsLabs/watermill/message.(*Router).RunHandlers in goroutine 63116
	/Users/jace/go/pkg/mod/github.com/!three!dots!labs/watermill@v1.4.6/message/router.go:453 +0x606

goroutine 64424 [chan receive]:
github.com/ThreeDotsLabs/watermill/message.(*handler).run(0xc003081790, {0x10a337fa0, 0xc002048b40}, {0xc002cb5740, 0x6, 0xc0027bcf78?})
	/Users/jace/go/pkg/mod/github.com/!three!dots!labs/watermill@v1.4.6/message/router.go:645 +0x2b4
github.com/ThreeDotsLabs/watermill/message.(*Router).RunHandlers.func1()
	/Users/jace/go/pkg/mod/github.com/!three!dots!labs/watermill@v1.4.6/message/router.go:460 +0x145
created by github.com/ThreeDotsLabs/watermill/message.(*Router).RunHandlers in goroutine 64412
	/Users/jace/go/pkg/mod/github.com/!three!dots!labs/watermill@v1.4.6/message/router.go:453 +0x606

goroutine 64641 [chan receive]:
github.com/ThreeDotsLabs/watermill/message.(*messageTransformSubscriberDecorator).Subscribe.func1()
	/Users/jace/go/pkg/mod/github.com/!three!dots!labs/watermill@v1.4.6/message/decorator.go:52 +0x85
created by github.com/ThreeDotsLabs/watermill/message.(*messageTransformSubscriberDecorator).Subscribe in goroutine 64412
	/Users/jace/go/pkg/mod/github.com/!three!dots!labs/watermill@v1.4.6/message/decorator.go:51 +0xc7

goroutine 64693 [select]:
github.com/nats-io/nats.go/jetstream.(*pullSubscription).Next(0xc0012b4ea0)
	/Users/jace/go/pkg/mod/github.com/nats-io/nats.go@v1.41.1/jetstream/pull.go:589 +0x285
github.com/Black-And-White-Club/frolf-bot-shared/eventbus.(*eventBus).Subscribe.func1()
	/Users/jace/Documents/GitHub/frolf-bot-shared/eventbus/eventbus.go:326 +0x169
created by github.com/Black-And-White-Club/frolf-bot-shared/eventbus.(*eventBus).Subscribe in goroutine 64412
	/Users/jace/Documents/GitHub/frolf-bot-shared/eventbus/eventbus.go:315 +0xbf1

goroutine 64638 [select]:
github.com/nats-io/nats.go/jetstream.(*pullSubscription).pullMessages(0xc0020e9170, {0xc000755310, 0x47})
	/Users/jace/go/pkg/mod/github.com/nats-io/nats.go@v1.41.1/jetstream/pull.go:955 +0x91
created by github.com/nats-io/nats.go/jetstream.(*pullConsumer).Messages in goroutine 64412
	/Users/jace/go/pkg/mod/github.com/nats-io/nats.go@v1.41.1/jetstream/pull.go:534 +0x748

goroutine 64362 [sync.Cond.Wait]:
sync.runtime_notifyListWait(0xc001062ed0, 0x0)
	/usr/local/Cellar/go/1.24.2/libexec/src/runtime/sema.go:597 +0x159
sync.(*Cond).Wait(0xc002908850?)
	/usr/local/Cellar/go/1.24.2/libexec/src/sync/cond.go:71 +0x85
github.com/nats-io/nats%2ego.(*asyncCallbacksHandler).asyncCBDispatcher(0xc000abfba0)
	/Users/jace/go/pkg/mod/github.com/nats-io/nats.go@v1.41.1/nats.go:3059 +0xdd
created by github.com/nats-io/nats%2ego.Options.Connect in goroutine 63524
	/Users/jace/go/pkg/mod/github.com/nats-io/nats.go@v1.41.1/nats.go:1635 +0x387

goroutine 64358 [sync.Cond.Wait]:
sync.runtime_notifyListWait(0xc0016282d0, 0x0)
	/usr/local/Cellar/go/1.24.2/libexec/src/runtime/sema.go:597 +0x159
sync.(*Cond).Wait(0xc002e40000?)
	/usr/local/Cellar/go/1.24.2/libexec/src/sync/cond.go:71 +0x85
github.com/nats-io/nats%2ego.(*asyncCallbacksHandler).asyncCBDispatcher(0xc000b2dec0)
	/Users/jace/go/pkg/mod/github.com/nats-io/nats.go@v1.41.1/nats.go:3059 +0xdd
created by github.com/nats-io/nats%2ego.Options.Connect in goroutine 63524
	/Users/jace/go/pkg/mod/github.com/nats-io/nats.go@v1.41.1/nats.go:1635 +0x387

goroutine 64901 [chan receive]:
github.com/ThreeDotsLabs/watermill/message.(*handler).run(0xc003042750, {0x10a337fa0, 0xc0005afb30}, {0xc00204d8c0, 0x6, 0x1092abf44?})
	/Users/jace/go/pkg/mod/github.com/!three!dots!labs/watermill@v1.4.6/message/router.go:645 +0x2b4
github.com/ThreeDotsLabs/watermill/message.(*Router).RunHandlers.func1()
	/Users/jace/go/pkg/mod/github.com/!three!dots!labs/watermill@v1.4.6/message/router.go:460 +0x145
created by github.com/ThreeDotsLabs/watermill/message.(*Router).RunHandlers in goroutine 64412
	/Users/jace/go/pkg/mod/github.com/!three!dots!labs/watermill@v1.4.6/message/router.go:453 +0x606

goroutine 63319 [select]:
github.com/nats-io/nats.go/jetstream.(*pullSubscription).pullMessages(0xc001c0dcb0, {0xc000754f50, 0x45})
	/Users/jace/go/pkg/mod/github.com/nats-io/nats.go@v1.41.1/jetstream/pull.go:955 +0x91
created by github.com/nats-io/nats.go/jetstream.(*pullConsumer).Messages in goroutine 63116
	/Users/jace/go/pkg/mod/github.com/nats-io/nats.go@v1.41.1/jetstream/pull.go:534 +0x748

goroutine 63320 [select]:
github.com/nats-io/nats.go/jetstream.(*pullConsumer).Messages.func2()
	/Users/jace/go/pkg/mod/github.com/nats-io/nats.go@v1.41.1/jetstream/pull.go:538 +0x68
created by github.com/nats-io/nats.go/jetstream.(*pullConsumer).Messages in goroutine 63116
	/Users/jace/go/pkg/mod/github.com/nats-io/nats.go@v1.41.1/jetstream/pull.go:536 +0x78a

goroutine 63321 [select]:
github.com/nats-io/nats.go/jetstream.(*pullSubscription).Next(0xc001c0dcb0)
	/Users/jace/go/pkg/mod/github.com/nats-io/nats.go@v1.41.1/jetstream/pull.go:589 +0x285
github.com/Black-And-White-Club/frolf-bot-shared/eventbus.(*eventBus).Subscribe.func1()
	/Users/jace/Documents/GitHub/frolf-bot-shared/eventbus/eventbus.go:326 +0x169
created by github.com/Black-And-White-Club/frolf-bot-shared/eventbus.(*eventBus).Subscribe in goroutine 63116
	/Users/jace/Documents/GitHub/frolf-bot-shared/eventbus/eventbus.go:315 +0xbf1

goroutine 63322 [chan receive]:
github.com/ThreeDotsLabs/watermill/message.(*messageTransformSubscriberDecorator).Subscribe.func1()
	/Users/jace/go/pkg/mod/github.com/!three!dots!labs/watermill@v1.4.6/message/decorator.go:52 +0x85
created by github.com/ThreeDotsLabs/watermill/message.(*messageTransformSubscriberDecorator).Subscribe in goroutine 63116
	/Users/jace/go/pkg/mod/github.com/!three!dots!labs/watermill@v1.4.6/message/decorator.go:51 +0xc7

goroutine 63323 [chan receive]:
github.com/ThreeDotsLabs/watermill/message.(*handler).run(0xc001410d00, {0x10a337fa0, 0xc0015ae5a0}, {0xc001caf2c0, 0x6, 0x0?})
	/Users/jace/go/pkg/mod/github.com/!three!dots!labs/watermill@v1.4.6/message/router.go:645 +0x2b4
github.com/ThreeDotsLabs/watermill/message.(*Router).RunHandlers.func1()
	/Users/jace/go/pkg/mod/github.com/!three!dots!labs/watermill@v1.4.6/message/router.go:460 +0x145
created by github.com/ThreeDotsLabs/watermill/message.(*Router).RunHandlers in goroutine 63116
	/Users/jace/go/pkg/mod/github.com/!three!dots!labs/watermill@v1.4.6/message/router.go:453 +0x606

goroutine 64413 [sync.Cond.Wait]:
sync.runtime_notifyListWait(0xc00005f050, 0x1)
	/usr/local/Cellar/go/1.24.2/libexec/src/runtime/sema.go:597 +0x159
sync.(*Cond).Wait(0x0?)
	/usr/local/Cellar/go/1.24.2/libexec/src/sync/cond.go:71 +0x85
github.com/nats-io/nats%2ego.(*Conn).waitForMsgs(0xc003281508, 0xc00200a0f0)
	/Users/jace/go/pkg/mod/github.com/nats-io/nats.go@v1.41.1/nats.go:3178 +0xc5
created by github.com/nats-io/nats%2ego.(*Conn).subscribeLocked in goroutine 63524
	/Users/jace/go/pkg/mod/github.com/nats-io/nats.go@v1.41.1/nats.go:4468 +0x419

goroutine 64499 [select]:
github.com/nats-io/nats.go/jetstream.(*pullSubscription).pullMessages(0xc001985050, {0xc0030ae0f0, 0x47})
	/Users/jace/go/pkg/mod/github.com/nats-io/nats.go@v1.41.1/jetstream/pull.go:955 +0x91
created by github.com/nats-io/nats.go/jetstream.(*pullConsumer).Messages in goroutine 64412
	/Users/jace/go/pkg/mod/github.com/nats-io/nats.go@v1.41.1/jetstream/pull.go:534 +0x748

goroutine 64836 [chan receive]:
github.com/ThreeDotsLabs/watermill/message.(*handler).run(0xc003081a00, {0x10a337fa0, 0xc0010b8910}, {0xc003122540, 0x6, 0x0?})
	/Users/jace/go/pkg/mod/github.com/!three!dots!labs/watermill@v1.4.6/message/router.go:645 +0x2b4
github.com/ThreeDotsLabs/watermill/message.(*Router).RunHandlers.func1()
	/Users/jace/go/pkg/mod/github.com/!three!dots!labs/watermill@v1.4.6/message/router.go:460 +0x145
created by github.com/ThreeDotsLabs/watermill/message.(*Router).RunHandlers in goroutine 64412
	/Users/jace/go/pkg/mod/github.com/!three!dots!labs/watermill@v1.4.6/message/router.go:453 +0x606

goroutine 64665 [select]:
github.com/nats-io/nats.go/jetstream.(*pullSubscription).Next(0xc0030635f0)
	/Users/jace/go/pkg/mod/github.com/nats-io/nats.go@v1.41.1/jetstream/pull.go:589 +0x285
github.com/Black-And-White-Club/frolf-bot-shared/eventbus.(*eventBus).Subscribe.func1()
	/Users/jace/Documents/GitHub/frolf-bot-shared/eventbus/eventbus.go:326 +0x169
created by github.com/Black-And-White-Club/frolf-bot-shared/eventbus.(*eventBus).Subscribe in goroutine 64412
	/Users/jace/Documents/GitHub/frolf-bot-shared/eventbus/eventbus.go:315 +0xbf1

goroutine 64567 [select]:
github.com/nats-io/nats.go/jetstream.(*pullSubscription).pullMessages(0xc003062a20, {0xc0030ae280, 0x4b})
	/Users/jace/go/pkg/mod/github.com/nats-io/nats.go@v1.41.1/jetstream/pull.go:955 +0x91
created by github.com/nats-io/nats.go/jetstream.(*pullConsumer).Messages in goroutine 64412
	/Users/jace/go/pkg/mod/github.com/nats-io/nats.go@v1.41.1/jetstream/pull.go:534 +0x748

goroutine 64666 [chan receive]:
github.com/ThreeDotsLabs/watermill/message.(*messageTransformSubscriberDecorator).Subscribe.func1()
	/Users/jace/go/pkg/mod/github.com/!three!dots!labs/watermill@v1.4.6/message/decorator.go:52 +0x85
created by github.com/ThreeDotsLabs/watermill/message.(*messageTransformSubscriberDecorator).Subscribe in goroutine 64412
	/Users/jace/go/pkg/mod/github.com/!three!dots!labs/watermill@v1.4.6/message/decorator.go:51 +0xc7

goroutine 64568 [select]:
github.com/nats-io/nats.go/jetstream.(*pullConsumer).Messages.func2()
	/Users/jace/go/pkg/mod/github.com/nats-io/nats.go@v1.41.1/jetstream/pull.go:538 +0x68
created by github.com/nats-io/nats.go/jetstream.(*pullConsumer).Messages in goroutine 64412
	/Users/jace/go/pkg/mod/github.com/nats-io/nats.go@v1.41.1/jetstream/pull.go:536 +0x78a

goroutine 64500 [select]:
github.com/nats-io/nats.go/jetstream.(*pullConsumer).Messages.func2()
	/Users/jace/go/pkg/mod/github.com/nats-io/nats.go@v1.41.1/jetstream/pull.go:538 +0x68
created by github.com/nats-io/nats.go/jetstream.(*pullConsumer).Messages in goroutine 64412
	/Users/jace/go/pkg/mod/github.com/nats-io/nats.go@v1.41.1/jetstream/pull.go:536 +0x78a

goroutine 64458 [select]:
github.com/nats-io/nats.go/jetstream.(*pullSubscription).pullMessages(0xc001e6b4d0, {0xc002806f60, 0x52})
	/Users/jace/go/pkg/mod/github.com/nats-io/nats.go@v1.41.1/jetstream/pull.go:955 +0x91
created by github.com/nats-io/nats.go/jetstream.(*pullConsumer).Messages in goroutine 64412
	/Users/jace/go/pkg/mod/github.com/nats-io/nats.go@v1.41.1/jetstream/pull.go:534 +0x748

goroutine 64459 [select]:
github.com/nats-io/nats.go/jetstream.(*pullConsumer).Messages.func2()
	/Users/jace/go/pkg/mod/github.com/nats-io/nats.go@v1.41.1/jetstream/pull.go:538 +0x68
created by github.com/nats-io/nats.go/jetstream.(*pullConsumer).Messages in goroutine 64412
	/Users/jace/go/pkg/mod/github.com/nats-io/nats.go@v1.41.1/jetstream/pull.go:536 +0x78a

goroutine 64460 [select]:
github.com/nats-io/nats.go/jetstream.(*pullSubscription).Next(0xc001e6b4d0)
	/Users/jace/go/pkg/mod/github.com/nats-io/nats.go@v1.41.1/jetstream/pull.go:589 +0x285
github.com/Black-And-White-Club/frolf-bot-shared/eventbus.(*eventBus).Subscribe.func1()
	/Users/jace/Documents/GitHub/frolf-bot-shared/eventbus/eventbus.go:326 +0x169
created by github.com/Black-And-White-Club/frolf-bot-shared/eventbus.(*eventBus).Subscribe in goroutine 64412
	/Users/jace/Documents/GitHub/frolf-bot-shared/eventbus/eventbus.go:315 +0xbf1

goroutine 64461 [chan receive]:
github.com/ThreeDotsLabs/watermill/message.(*messageTransformSubscriberDecorator).Subscribe.func1()
	/Users/jace/go/pkg/mod/github.com/!three!dots!labs/watermill@v1.4.6/message/decorator.go:52 +0x85
created by github.com/ThreeDotsLabs/watermill/message.(*messageTransformSubscriberDecorator).Subscribe in goroutine 64412
	/Users/jace/go/pkg/mod/github.com/!three!dots!labs/watermill@v1.4.6/message/decorator.go:51 +0xc7

goroutine 64462 [chan receive]:
github.com/ThreeDotsLabs/watermill/message.(*handler).run(0xc0030421a0, {0x10a337fa0, 0xc000f4fa90}, {0xc002e30d80, 0x6, 0x0?})
	/Users/jace/go/pkg/mod/github.com/!three!dots!labs/watermill@v1.4.6/message/router.go:645 +0x2b4
github.com/ThreeDotsLabs/watermill/message.(*Router).RunHandlers.func1()
	/Users/jace/go/pkg/mod/github.com/!three!dots!labs/watermill@v1.4.6/message/router.go:460 +0x145
created by github.com/ThreeDotsLabs/watermill/message.(*Router).RunHandlers in goroutine 64412
	/Users/jace/go/pkg/mod/github.com/!three!dots!labs/watermill@v1.4.6/message/router.go:453 +0x606

goroutine 64513 [chan receive]:
github.com/ThreeDotsLabs/watermill/message.(*handler).run(0xc003081860, {0x10a337fa0, 0xc0007aecd0}, {0xc002df1bc0, 0x6, 0x0?})
	/Users/jace/go/pkg/mod/github.com/!three!dots!labs/watermill@v1.4.6/message/router.go:645 +0x2b4
github.com/ThreeDotsLabs/watermill/message.(*Router).RunHandlers.func1()
	/Users/jace/go/pkg/mod/github.com/!three!dots!labs/watermill@v1.4.6/message/router.go:460 +0x145
created by github.com/ThreeDotsLabs/watermill/message.(*Router).RunHandlers in goroutine 64412
	/Users/jace/go/pkg/mod/github.com/!three!dots!labs/watermill@v1.4.6/message/router.go:453 +0x606

goroutine 64672 [select]:
github.com/nats-io/nats.go/jetstream.(*pullSubscription).pullMessages(0xc003063cb0, {0xc0030ae460, 0x4e})
	/Users/jace/go/pkg/mod/github.com/nats-io/nats.go@v1.41.1/jetstream/pull.go:955 +0x91
created by github.com/nats-io/nats.go/jetstream.(*pullConsumer).Messages in goroutine 64412
	/Users/jace/go/pkg/mod/github.com/nats-io/nats.go@v1.41.1/jetstream/pull.go:534 +0x748

goroutine 64512 [chan receive]:
github.com/ThreeDotsLabs/watermill/message.(*messageTransformSubscriberDecorator).Subscribe.func1()
	/Users/jace/go/pkg/mod/github.com/!three!dots!labs/watermill@v1.4.6/message/decorator.go:52 +0x85
created by github.com/ThreeDotsLabs/watermill/message.(*messageTransformSubscriberDecorator).Subscribe in goroutine 64412
	/Users/jace/go/pkg/mod/github.com/!three!dots!labs/watermill@v1.4.6/message/decorator.go:51 +0xc7

goroutine 64510 [select]:
github.com/nats-io/nats.go/jetstream.(*pullConsumer).Messages.func2()
	/Users/jace/go/pkg/mod/github.com/nats-io/nats.go@v1.41.1/jetstream/pull.go:538 +0x68
created by github.com/nats-io/nats.go/jetstream.(*pullConsumer).Messages in goroutine 64412
	/Users/jace/go/pkg/mod/github.com/nats-io/nats.go@v1.41.1/jetstream/pull.go:536 +0x78a

goroutine 64743 [chan receive]:
github.com/ThreeDotsLabs/watermill/message.(*messageTransformSubscriberDecorator).Subscribe.func1()
	/Users/jace/go/pkg/mod/github.com/!three!dots!labs/watermill@v1.4.6/message/decorator.go:52 +0x85
created by github.com/ThreeDotsLabs/watermill/message.(*messageTransformSubscriberDecorator).Subscribe in goroutine 64412
	/Users/jace/go/pkg/mod/github.com/!three!dots!labs/watermill@v1.4.6/message/decorator.go:51 +0xc7

goroutine 64847 [chan receive]:
github.com/ThreeDotsLabs/watermill/message.(*messageTransformSubscriberDecorator).Subscribe.func1()
	/Users/jace/go/pkg/mod/github.com/!three!dots!labs/watermill@v1.4.6/message/decorator.go:52 +0x85
created by github.com/ThreeDotsLabs/watermill/message.(*messageTransformSubscriberDecorator).Subscribe in goroutine 64412
	/Users/jace/go/pkg/mod/github.com/!three!dots!labs/watermill@v1.4.6/message/decorator.go:51 +0xc7

goroutine 64616 [select]:
github.com/nats-io/nats.go/jetstream.(*pullSubscription).pullMessages(0xc002c98870, {0xc00004f090, 0x50})
	/Users/jace/go/pkg/mod/github.com/nats-io/nats.go@v1.41.1/jetstream/pull.go:955 +0x91
created by github.com/nats-io/nats.go/jetstream.(*pullConsumer).Messages in goroutine 64412
	/Users/jace/go/pkg/mod/github.com/nats-io/nats.go@v1.41.1/jetstream/pull.go:534 +0x748

goroutine 64617 [select]:
github.com/nats-io/nats.go/jetstream.(*pullConsumer).Messages.func2()
	/Users/jace/go/pkg/mod/github.com/nats-io/nats.go@v1.41.1/jetstream/pull.go:538 +0x68
created by github.com/nats-io/nats.go/jetstream.(*pullConsumer).Messages in goroutine 64412
	/Users/jace/go/pkg/mod/github.com/nats-io/nats.go@v1.41.1/jetstream/pull.go:536 +0x78a

goroutine 64618 [select]:
github.com/nats-io/nats.go/jetstream.(*pullSubscription).Next(0xc002c98870)
	/Users/jace/go/pkg/mod/github.com/nats-io/nats.go@v1.41.1/jetstream/pull.go:589 +0x285
github.com/Black-And-White-Club/frolf-bot-shared/eventbus.(*eventBus).Subscribe.func1()
	/Users/jace/Documents/GitHub/frolf-bot-shared/eventbus/eventbus.go:326 +0x169
created by github.com/Black-And-White-Club/frolf-bot-shared/eventbus.(*eventBus).Subscribe in goroutine 64412
	/Users/jace/Documents/GitHub/frolf-bot-shared/eventbus/eventbus.go:315 +0xbf1

goroutine 64619 [chan receive]:
github.com/ThreeDotsLabs/watermill/message.(*messageTransformSubscriberDecorator).Subscribe.func1()
	/Users/jace/go/pkg/mod/github.com/!three!dots!labs/watermill@v1.4.6/message/decorator.go:52 +0x85
created by github.com/ThreeDotsLabs/watermill/message.(*messageTransformSubscriberDecorator).Subscribe in goroutine 64412
	/Users/jace/go/pkg/mod/github.com/!three!dots!labs/watermill@v1.4.6/message/decorator.go:51 +0xc7

goroutine 64620 [chan receive]:
github.com/ThreeDotsLabs/watermill/message.(*handler).run(0xc003081ad0, {0x10a337fa0, 0xc001bdbdb0}, {0xc002cb58c0, 0x6, 0x0?})
	/Users/jace/go/pkg/mod/github.com/!three!dots!labs/watermill@v1.4.6/message/router.go:645 +0x2b4
github.com/ThreeDotsLabs/watermill/message.(*Router).RunHandlers.func1()
	/Users/jace/go/pkg/mod/github.com/!three!dots!labs/watermill@v1.4.6/message/router.go:460 +0x145
created by github.com/ThreeDotsLabs/watermill/message.(*Router).RunHandlers in goroutine 64412
	/Users/jace/go/pkg/mod/github.com/!three!dots!labs/watermill@v1.4.6/message/router.go:453 +0x606

goroutine 64580 [select]:
github.com/nats-io/nats.go/jetstream.(*pullSubscription).pullMessages(0xc001e6bd40, {0xc0018a7e00, 0x45})
	/Users/jace/go/pkg/mod/github.com/nats-io/nats.go@v1.41.1/jetstream/pull.go:955 +0x91
created by github.com/nats-io/nats.go/jetstream.(*pullConsumer).Messages in goroutine 64412
	/Users/jace/go/pkg/mod/github.com/nats-io/nats.go@v1.41.1/jetstream/pull.go:534 +0x748

goroutine 64581 [select]:
github.com/nats-io/nats.go/jetstream.(*pullConsumer).Messages.func2()
	/Users/jace/go/pkg/mod/github.com/nats-io/nats.go@v1.41.1/jetstream/pull.go:538 +0x68
created by github.com/nats-io/nats.go/jetstream.(*pullConsumer).Messages in goroutine 64412
	/Users/jace/go/pkg/mod/github.com/nats-io/nats.go@v1.41.1/jetstream/pull.go:536 +0x78a

goroutine 64582 [select]:
github.com/nats-io/nats.go/jetstream.(*pullSubscription).Next(0xc001e6bd40)
	/Users/jace/go/pkg/mod/github.com/nats-io/nats.go@v1.41.1/jetstream/pull.go:589 +0x285
github.com/Black-And-White-Club/frolf-bot-shared/eventbus.(*eventBus).Subscribe.func1()
	/Users/jace/Documents/GitHub/frolf-bot-shared/eventbus/eventbus.go:326 +0x169
created by github.com/Black-And-White-Club/frolf-bot-shared/eventbus.(*eventBus).Subscribe in goroutine 64412
	/Users/jace/Documents/GitHub/frolf-bot-shared/eventbus/eventbus.go:315 +0xbf1

goroutine 64583 [chan receive]:
github.com/ThreeDotsLabs/watermill/message.(*messageTransformSubscriberDecorator).Subscribe.func1()
	/Users/jace/go/pkg/mod/github.com/!three!dots!labs/watermill@v1.4.6/message/decorator.go:52 +0x85
created by github.com/ThreeDotsLabs/watermill/message.(*messageTransformSubscriberDecorator).Subscribe in goroutine 64412
	/Users/jace/go/pkg/mod/github.com/!three!dots!labs/watermill@v1.4.6/message/decorator.go:51 +0xc7

goroutine 64584 [chan receive]:
github.com/ThreeDotsLabs/watermill/message.(*handler).run(0xc003081ba0, {0x10a337fa0, 0xc000366e60}, {0xc002df1c80, 0x6, 0x0?})
	/Users/jace/go/pkg/mod/github.com/!three!dots!labs/watermill@v1.4.6/message/router.go:645 +0x2b4
github.com/ThreeDotsLabs/watermill/message.(*Router).RunHandlers.func1()
	/Users/jace/go/pkg/mod/github.com/!three!dots!labs/watermill@v1.4.6/message/router.go:460 +0x145
created by github.com/ThreeDotsLabs/watermill/message.(*Router).RunHandlers in goroutine 64412
	/Users/jace/go/pkg/mod/github.com/!three!dots!labs/watermill@v1.4.6/message/router.go:453 +0x606

goroutine 65373 [select]:
github.com/nats-io/nats%2ego.(*Conn).doReconnect(0xc003281c08, {0x10a327f28, 0x10acedb30}, 0x0)
	/Users/jace/go/pkg/mod/github.com/nats-io/nats.go@v1.41.1/nats.go:2907 +0x41a
created by github.com/nats-io/nats%2ego.(*Conn).processOpErr in goroutine 64363
	/Users/jace/go/pkg/mod/github.com/nats-io/nats.go@v1.41.1/nats.go:3043 +0x2f3

goroutine 64845 [select]:
github.com/nats-io/nats.go/jetstream.(*pullConsumer).Messages.func2()
	/Users/jace/go/pkg/mod/github.com/nats-io/nats.go@v1.41.1/jetstream/pull.go:538 +0x68
created by github.com/nats-io/nats.go/jetstream.(*pullConsumer).Messages in goroutine 64412
	/Users/jace/go/pkg/mod/github.com/nats-io/nats.go@v1.41.1/jetstream/pull.go:536 +0x78a

goroutine 64742 [select]:
github.com/nats-io/nats.go/jetstream.(*pullSubscription).Next(0xc003172e10)
	/Users/jace/go/pkg/mod/github.com/nats-io/nats.go@v1.41.1/jetstream/pull.go:589 +0x285
github.com/Black-And-White-Club/frolf-bot-shared/eventbus.(*eventBus).Subscribe.func1()
	/Users/jace/Documents/GitHub/frolf-bot-shared/eventbus/eventbus.go:326 +0x169
created by github.com/Black-And-White-Club/frolf-bot-shared/eventbus.(*eventBus).Subscribe in goroutine 64412
	/Users/jace/Documents/GitHub/frolf-bot-shared/eventbus/eventbus.go:315 +0xbf1

goroutine 64692 [select]:
github.com/nats-io/nats.go/jetstream.(*pullConsumer).Messages.func2()
	/Users/jace/go/pkg/mod/github.com/nats-io/nats.go@v1.41.1/jetstream/pull.go:538 +0x68
created by github.com/nats-io/nats.go/jetstream.(*pullConsumer).Messages in goroutine 64412
	/Users/jace/go/pkg/mod/github.com/nats-io/nats.go@v1.41.1/jetstream/pull.go:536 +0x78a

goroutine 64695 [chan receive]:
github.com/ThreeDotsLabs/watermill/message.(*handler).run(0xc003081450, {0x10a337fa0, 0xc0016aa320}, {0xc002df1ec0, 0x6, 0xc00354c778?})
	/Users/jace/go/pkg/mod/github.com/!three!dots!labs/watermill@v1.4.6/message/router.go:645 +0x2b4
github.com/ThreeDotsLabs/watermill/message.(*Router).RunHandlers.func1()
	/Users/jace/go/pkg/mod/github.com/!three!dots!labs/watermill@v1.4.6/message/router.go:460 +0x145
created by github.com/ThreeDotsLabs/watermill/message.(*Router).RunHandlers in goroutine 64412
	/Users/jace/go/pkg/mod/github.com/!three!dots!labs/watermill@v1.4.6/message/router.go:453 +0x606

goroutine 64741 [select]:
github.com/nats-io/nats.go/jetstream.(*pullConsumer).Messages.func2()
	/Users/jace/go/pkg/mod/github.com/nats-io/nats.go@v1.41.1/jetstream/pull.go:538 +0x68
created by github.com/nats-io/nats.go/jetstream.(*pullConsumer).Messages in goroutine 64412
	/Users/jace/go/pkg/mod/github.com/nats-io/nats.go@v1.41.1/jetstream/pull.go:536 +0x78a

goroutine 64768 [chan receive]:
github.com/ThreeDotsLabs/watermill/message.(*messageTransformSubscriberDecorator).Subscribe.func1()
	/Users/jace/go/pkg/mod/github.com/!three!dots!labs/watermill@v1.4.6/message/decorator.go:52 +0x85
created by github.com/ThreeDotsLabs/watermill/message.(*messageTransformSubscriberDecorator).Subscribe in goroutine 64412
	/Users/jace/go/pkg/mod/github.com/!three!dots!labs/watermill@v1.4.6/message/decorator.go:51 +0xc7

goroutine 64647 [select]:
github.com/nats-io/nats.go/jetstream.(*pullSubscription).pullMessages(0xc002c995f0, {0xc0005fd240, 0x3e})
	/Users/jace/go/pkg/mod/github.com/nats-io/nats.go@v1.41.1/jetstream/pull.go:955 +0x91
created by github.com/nats-io/nats.go/jetstream.(*pullConsumer).Messages in goroutine 64412
	/Users/jace/go/pkg/mod/github.com/nats-io/nats.go@v1.41.1/jetstream/pull.go:534 +0x748

goroutine 64648 [select]:
github.com/nats-io/nats.go/jetstream.(*pullConsumer).Messages.func2()
	/Users/jace/go/pkg/mod/github.com/nats-io/nats.go@v1.41.1/jetstream/pull.go:538 +0x68
created by github.com/nats-io/nats.go/jetstream.(*pullConsumer).Messages in goroutine 64412
	/Users/jace/go/pkg/mod/github.com/nats-io/nats.go@v1.41.1/jetstream/pull.go:536 +0x78a

goroutine 64649 [select]:
github.com/nats-io/nats.go/jetstream.(*pullSubscription).Next(0xc002c995f0)
	/Users/jace/go/pkg/mod/github.com/nats-io/nats.go@v1.41.1/jetstream/pull.go:589 +0x285
github.com/Black-And-White-Club/frolf-bot-shared/eventbus.(*eventBus).Subscribe.func1()
	/Users/jace/Documents/GitHub/frolf-bot-shared/eventbus/eventbus.go:326 +0x169
created by github.com/Black-And-White-Club/frolf-bot-shared/eventbus.(*eventBus).Subscribe in goroutine 64412
	/Users/jace/Documents/GitHub/frolf-bot-shared/eventbus/eventbus.go:315 +0xbf1

goroutine 64650 [chan receive]:
github.com/ThreeDotsLabs/watermill/message.(*messageTransformSubscriberDecorator).Subscribe.func1()
	/Users/jace/go/pkg/mod/github.com/!three!dots!labs/watermill@v1.4.6/message/decorator.go:52 +0x85
created by github.com/ThreeDotsLabs/watermill/message.(*messageTransformSubscriberDecorator).Subscribe in goroutine 64412
	/Users/jace/go/pkg/mod/github.com/!three!dots!labs/watermill@v1.4.6/message/decorator.go:51 +0xc7

goroutine 64651 [chan receive]:
github.com/ThreeDotsLabs/watermill/message.(*handler).run(0xc003081c70, {0x10a337fa0, 0xc000ffb3b0}, {0xc0000f3200, 0x6, 0x0?})
	/Users/jace/go/pkg/mod/github.com/!three!dots!labs/watermill@v1.4.6/message/router.go:645 +0x2b4
github.com/ThreeDotsLabs/watermill/message.(*Router).RunHandlers.func1()
	/Users/jace/go/pkg/mod/github.com/!three!dots!labs/watermill@v1.4.6/message/router.go:460 +0x145
created by github.com/ThreeDotsLabs/watermill/message.(*Router).RunHandlers in goroutine 64412
	/Users/jace/go/pkg/mod/github.com/!three!dots!labs/watermill@v1.4.6/message/router.go:453 +0x606

goroutine 64691 [select]:
github.com/nats-io/nats.go/jetstream.(*pullSubscription).pullMessages(0xc0012b4ea0, {0xc00066fbc0, 0x3f})
	/Users/jace/go/pkg/mod/github.com/nats-io/nats.go@v1.41.1/jetstream/pull.go:955 +0x91
created by github.com/nats-io/nats.go/jetstream.(*pullConsumer).Messages in goroutine 64412
	/Users/jace/go/pkg/mod/github.com/nats-io/nats.go@v1.41.1/jetstream/pull.go:534 +0x748

goroutine 64808 [select]:
github.com/nats-io/nats.go/jetstream.(*pullSubscription).pullMessages(0xc002660870, {0xc00004f400, 0x4b})
	/Users/jace/go/pkg/mod/github.com/nats-io/nats.go@v1.41.1/jetstream/pull.go:955 +0x91
created by github.com/nats-io/nats.go/jetstream.(*pullConsumer).Messages in goroutine 64412
	/Users/jace/go/pkg/mod/github.com/nats-io/nats.go@v1.41.1/jetstream/pull.go:534 +0x748

goroutine 64740 [select]:
github.com/nats-io/nats.go/jetstream.(*pullSubscription).pullMessages(0xc003172e10, {0xc00340e000, 0x56})
	/Users/jace/go/pkg/mod/github.com/nats-io/nats.go@v1.41.1/jetstream/pull.go:955 +0x91
created by github.com/nats-io/nats.go/jetstream.(*pullConsumer).Messages in goroutine 64412
	/Users/jace/go/pkg/mod/github.com/nats-io/nats.go@v1.41.1/jetstream/pull.go:534 +0x748

goroutine 64663 [select]:
github.com/nats-io/nats.go/jetstream.(*pullSubscription).pullMessages(0xc0030635f0, {0xc000f535c0, 0x58})
	/Users/jace/go/pkg/mod/github.com/nats-io/nats.go@v1.41.1/jetstream/pull.go:955 +0x91
created by github.com/nats-io/nats.go/jetstream.(*pullConsumer).Messages in goroutine 64412
	/Users/jace/go/pkg/mod/github.com/nats-io/nats.go@v1.41.1/jetstream/pull.go:534 +0x748

goroutine 64609 [select]:
github.com/nats-io/nats.go/jetstream.(*pullConsumer).Messages.func2()
	/Users/jace/go/pkg/mod/github.com/nats-io/nats.go@v1.41.1/jetstream/pull.go:538 +0x68
created by github.com/nats-io/nats.go/jetstream.(*pullConsumer).Messages in goroutine 64412
	/Users/jace/go/pkg/mod/github.com/nats-io/nats.go@v1.41.1/jetstream/pull.go:536 +0x78a

goroutine 64674 [select]:
github.com/nats-io/nats.go/jetstream.(*pullSubscription).Next(0xc002fd9ef0)
	/Users/jace/go/pkg/mod/github.com/nats-io/nats.go@v1.41.1/jetstream/pull.go:589 +0x285
github.com/Black-And-White-Club/frolf-bot-shared/eventbus.(*eventBus).Subscribe.func1()
	/Users/jace/Documents/GitHub/frolf-bot-shared/eventbus/eventbus.go:326 +0x169
created by github.com/Black-And-White-Club/frolf-bot-shared/eventbus.(*eventBus).Subscribe in goroutine 64412
	/Users/jace/Documents/GitHub/frolf-bot-shared/eventbus/eventbus.go:315 +0xbf1

goroutine 64675 [chan receive]:
github.com/ThreeDotsLabs/watermill/message.(*messageTransformSubscriberDecorator).Subscribe.func1()
	/Users/jace/go/pkg/mod/github.com/!three!dots!labs/watermill@v1.4.6/message/decorator.go:52 +0x85
created by github.com/ThreeDotsLabs/watermill/message.(*messageTransformSubscriberDecorator).Subscribe in goroutine 64412
	/Users/jace/go/pkg/mod/github.com/!three!dots!labs/watermill@v1.4.6/message/decorator.go:51 +0xc7

goroutine 64676 [chan receive]:
github.com/ThreeDotsLabs/watermill/message.(*handler).run(0xc003042340, {0x10a337fa0, 0xc0005ae870}, {0xc002df1e00, 0x6, 0x0?})
	/Users/jace/go/pkg/mod/github.com/!three!dots!labs/watermill@v1.4.6/message/router.go:645 +0x2b4
github.com/ThreeDotsLabs/watermill/message.(*Router).RunHandlers.func1()
	/Users/jace/go/pkg/mod/github.com/!three!dots!labs/watermill@v1.4.6/message/router.go:460 +0x145
created by github.com/ThreeDotsLabs/watermill/message.(*Router).RunHandlers in goroutine 64412
	/Users/jace/go/pkg/mod/github.com/!three!dots!labs/watermill@v1.4.6/message/router.go:453 +0x606

goroutine 64681 [select]:
github.com/nats-io/nats.go/jetstream.(*pullSubscription).pullMessages(0xc003172750, {0xc00094b240, 0x40})
	/Users/jace/go/pkg/mod/github.com/nats-io/nats.go@v1.41.1/jetstream/pull.go:955 +0x91
created by github.com/nats-io/nats.go/jetstream.(*pullConsumer).Messages in goroutine 64412
	/Users/jace/go/pkg/mod/github.com/nats-io/nats.go@v1.41.1/jetstream/pull.go:534 +0x748

goroutine 64682 [select]:
github.com/nats-io/nats.go/jetstream.(*pullConsumer).Messages.func2()
	/Users/jace/go/pkg/mod/github.com/nats-io/nats.go@v1.41.1/jetstream/pull.go:538 +0x68
created by github.com/nats-io/nats.go/jetstream.(*pullConsumer).Messages in goroutine 64412
	/Users/jace/go/pkg/mod/github.com/nats-io/nats.go@v1.41.1/jetstream/pull.go:536 +0x78a

goroutine 64683 [select]:
github.com/nats-io/nats.go/jetstream.(*pullSubscription).Next(0xc003172750)
	/Users/jace/go/pkg/mod/github.com/nats-io/nats.go@v1.41.1/jetstream/pull.go:589 +0x285
github.com/Black-And-White-Club/frolf-bot-shared/eventbus.(*eventBus).Subscribe.func1()
	/Users/jace/Documents/GitHub/frolf-bot-shared/eventbus/eventbus.go:326 +0x169
created by github.com/Black-And-White-Club/frolf-bot-shared/eventbus.(*eventBus).Subscribe in goroutine 64412
	/Users/jace/Documents/GitHub/frolf-bot-shared/eventbus/eventbus.go:315 +0xbf1

goroutine 64684 [chan receive]:
github.com/ThreeDotsLabs/watermill/message.(*messageTransformSubscriberDecorator).Subscribe.func1()
	/Users/jace/go/pkg/mod/github.com/!three!dots!labs/watermill@v1.4.6/message/decorator.go:52 +0x85
created by github.com/ThreeDotsLabs/watermill/message.(*messageTransformSubscriberDecorator).Subscribe in goroutine 64412
	/Users/jace/go/pkg/mod/github.com/!three!dots!labs/watermill@v1.4.6/message/decorator.go:51 +0xc7

goroutine 64685 [chan receive]:
github.com/ThreeDotsLabs/watermill/message.(*handler).run(0xc003042000, {0x10a337fa0, 0xc000ffb900}, {0xc003122000, 0x6, 0xc001f835e0?})
	/Users/jace/go/pkg/mod/github.com/!three!dots!labs/watermill@v1.4.6/message/router.go:645 +0x2b4
github.com/ThreeDotsLabs/watermill/message.(*Router).RunHandlers.func1()
	/Users/jace/go/pkg/mod/github.com/!three!dots!labs/watermill@v1.4.6/message/router.go:460 +0x145
created by github.com/ThreeDotsLabs/watermill/message.(*Router).RunHandlers in goroutine 64412
	/Users/jace/go/pkg/mod/github.com/!three!dots!labs/watermill@v1.4.6/message/router.go:453 +0x606

goroutine 64687 [select]:
github.com/nats-io/nats.go/jetstream.(*pullConsumer).Messages.func2()
	/Users/jace/go/pkg/mod/github.com/nats-io/nats.go@v1.41.1/jetstream/pull.go:538 +0x68
created by github.com/nats-io/nats.go/jetstream.(*pullConsumer).Messages in goroutine 64412
	/Users/jace/go/pkg/mod/github.com/nats-io/nats.go@v1.41.1/jetstream/pull.go:536 +0x78a

goroutine 64688 [select]:
github.com/nats-io/nats.go/jetstream.(*pullSubscription).Next(0xc00318e3f0)
	/Users/jace/go/pkg/mod/github.com/nats-io/nats.go@v1.41.1/jetstream/pull.go:589 +0x285
github.com/Black-And-White-Club/frolf-bot-shared/eventbus.(*eventBus).Subscribe.func1()
	/Users/jace/Documents/GitHub/frolf-bot-shared/eventbus/eventbus.go:326 +0x169
created by github.com/Black-And-White-Club/frolf-bot-shared/eventbus.(*eventBus).Subscribe in goroutine 64412
	/Users/jace/Documents/GitHub/frolf-bot-shared/eventbus/eventbus.go:315 +0xbf1

goroutine 64689 [chan receive]:
github.com/ThreeDotsLabs/watermill/message.(*messageTransformSubscriberDecorator).Subscribe.func1()
	/Users/jace/go/pkg/mod/github.com/!three!dots!labs/watermill@v1.4.6/message/decorator.go:52 +0x85
created by github.com/ThreeDotsLabs/watermill/message.(*messageTransformSubscriberDecorator).Subscribe in goroutine 64412
	/Users/jace/go/pkg/mod/github.com/!three!dots!labs/watermill@v1.4.6/message/decorator.go:51 +0xc7

goroutine 64738 [chan receive]:
github.com/ThreeDotsLabs/watermill/message.(*handler).run(0xc0030424e0, {0x10a337fa0, 0xc0016aa730}, {0xc0020c0840, 0x6, 0xc002381f78?})
	/Users/jace/go/pkg/mod/github.com/!three!dots!labs/watermill@v1.4.6/message/router.go:645 +0x2b4
github.com/ThreeDotsLabs/watermill/message.(*Router).RunHandlers.func1()
	/Users/jace/go/pkg/mod/github.com/!three!dots!labs/watermill@v1.4.6/message/router.go:460 +0x145
created by github.com/ThreeDotsLabs/watermill/message.(*Router).RunHandlers in goroutine 64412
	/Users/jace/go/pkg/mod/github.com/!three!dots!labs/watermill@v1.4.6/message/router.go:453 +0x606

goroutine 64766 [select]:
github.com/nats-io/nats.go/jetstream.(*pullConsumer).Messages.func2()
	/Users/jace/go/pkg/mod/github.com/nats-io/nats.go@v1.41.1/jetstream/pull.go:538 +0x68
created by github.com/nats-io/nats.go/jetstream.(*pullConsumer).Messages in goroutine 64412
	/Users/jace/go/pkg/mod/github.com/nats-io/nats.go@v1.41.1/jetstream/pull.go:536 +0x78a

goroutine 64767 [select]:
github.com/nats-io/nats.go/jetstream.(*pullSubscription).Next(0xc00318ea20)
	/Users/jace/go/pkg/mod/github.com/nats-io/nats.go@v1.41.1/jetstream/pull.go:589 +0x285
github.com/Black-And-White-Club/frolf-bot-shared/eventbus.(*eventBus).Subscribe.func1()
	/Users/jace/Documents/GitHub/frolf-bot-shared/eventbus/eventbus.go:326 +0x169
created by github.com/Black-And-White-Club/frolf-bot-shared/eventbus.(*eventBus).Subscribe in goroutine 64412
	/Users/jace/Documents/GitHub/frolf-bot-shared/eventbus/eventbus.go:315 +0xbf1

goroutine 64765 [select]:
github.com/nats-io/nats.go/jetstream.(*pullSubscription).pullMessages(0xc00318ea20, {0xc0018a7f40, 0x48})
	/Users/jace/go/pkg/mod/github.com/nats-io/nats.go@v1.41.1/jetstream/pull.go:955 +0x91
created by github.com/nats-io/nats.go/jetstream.(*pullConsumer).Messages in goroutine 64412
	/Users/jace/go/pkg/mod/github.com/nats-io/nats.go@v1.41.1/jetstream/pull.go:534 +0x748

goroutine 64803 [select]:
github.com/nats-io/nats.go/jetstream.(*pullSubscription).pullMessages(0xc0026603f0, {0xc003046120, 0x5a})
	/Users/jace/go/pkg/mod/github.com/nats-io/nats.go@v1.41.1/jetstream/pull.go:955 +0x91
created by github.com/nats-io/nats.go/jetstream.(*pullConsumer).Messages in goroutine 64412
	/Users/jace/go/pkg/mod/github.com/nats-io/nats.go@v1.41.1/jetstream/pull.go:534 +0x748

goroutine 64804 [select]:
github.com/nats-io/nats.go/jetstream.(*pullConsumer).Messages.func2()
	/Users/jace/go/pkg/mod/github.com/nats-io/nats.go@v1.41.1/jetstream/pull.go:538 +0x68
created by github.com/nats-io/nats.go/jetstream.(*pullConsumer).Messages in goroutine 64412
	/Users/jace/go/pkg/mod/github.com/nats-io/nats.go@v1.41.1/jetstream/pull.go:536 +0x78a

goroutine 64805 [select]:
github.com/nats-io/nats.go/jetstream.(*pullSubscription).Next(0xc0026603f0)
	/Users/jace/go/pkg/mod/github.com/nats-io/nats.go@v1.41.1/jetstream/pull.go:589 +0x285
github.com/Black-And-White-Club/frolf-bot-shared/eventbus.(*eventBus).Subscribe.func1()
	/Users/jace/Documents/GitHub/frolf-bot-shared/eventbus/eventbus.go:326 +0x169
created by github.com/Black-And-White-Club/frolf-bot-shared/eventbus.(*eventBus).Subscribe in goroutine 64412
	/Users/jace/Documents/GitHub/frolf-bot-shared/eventbus/eventbus.go:315 +0xbf1

goroutine 64806 [chan receive]:
github.com/ThreeDotsLabs/watermill/message.(*messageTransformSubscriberDecorator).Subscribe.func1()
	/Users/jace/go/pkg/mod/github.com/!three!dots!labs/watermill@v1.4.6/message/decorator.go:52 +0x85
created by github.com/ThreeDotsLabs/watermill/message.(*messageTransformSubscriberDecorator).Subscribe in goroutine 64412
	/Users/jace/go/pkg/mod/github.com/!three!dots!labs/watermill@v1.4.6/message/decorator.go:51 +0xc7

goroutine 64807 [chan receive]:
github.com/ThreeDotsLabs/watermill/message.(*handler).run(0xc003042820, {0x10a337fa0, 0xc0016aaaa0}, {0xc0032c2240, 0x6, 0xc002b5ff78?})
	/Users/jace/go/pkg/mod/github.com/!three!dots!labs/watermill@v1.4.6/message/router.go:645 +0x2b4
github.com/ThreeDotsLabs/watermill/message.(*Router).RunHandlers.func1()
	/Users/jace/go/pkg/mod/github.com/!three!dots!labs/watermill@v1.4.6/message/router.go:460 +0x145
created by github.com/ThreeDotsLabs/watermill/message.(*Router).RunHandlers in goroutine 64412
	/Users/jace/go/pkg/mod/github.com/!three!dots!labs/watermill@v1.4.6/message/router.go:453 +0x606

goroutine 64809 [select]:
github.com/nats-io/nats.go/jetstream.(*pullConsumer).Messages.func2()
	/Users/jace/go/pkg/mod/github.com/nats-io/nats.go@v1.41.1/jetstream/pull.go:538 +0x68
created by github.com/nats-io/nats.go/jetstream.(*pullConsumer).Messages in goroutine 64412
	/Users/jace/go/pkg/mod/github.com/nats-io/nats.go@v1.41.1/jetstream/pull.go:536 +0x78a

goroutine 64810 [select]:
github.com/nats-io/nats.go/jetstream.(*pullSubscription).Next(0xc002660870)
	/Users/jace/go/pkg/mod/github.com/nats-io/nats.go@v1.41.1/jetstream/pull.go:589 +0x285
github.com/Black-And-White-Club/frolf-bot-shared/eventbus.(*eventBus).Subscribe.func1()
	/Users/jace/Documents/GitHub/frolf-bot-shared/eventbus/eventbus.go:326 +0x169
created by github.com/Black-And-White-Club/frolf-bot-shared/eventbus.(*eventBus).Subscribe in goroutine 64412
	/Users/jace/Documents/GitHub/frolf-bot-shared/eventbus/eventbus.go:315 +0xbf1

goroutine 64811 [chan receive]:
github.com/ThreeDotsLabs/watermill/message.(*messageTransformSubscriberDecorator).Subscribe.func1()
	/Users/jace/go/pkg/mod/github.com/!three!dots!labs/watermill@v1.4.6/message/decorator.go:52 +0x85
created by github.com/ThreeDotsLabs/watermill/message.(*messageTransformSubscriberDecorator).Subscribe in goroutine 64412
	/Users/jace/go/pkg/mod/github.com/!three!dots!labs/watermill@v1.4.6/message/decorator.go:51 +0xc7

goroutine 64812 [chan receive]:
github.com/ThreeDotsLabs/watermill/message.(*handler).run(0xc0030429c0, {0x10a337fa0, 0xc001b62dc0}, {0xc0031223c0, 0x6, 0x0?})
	/Users/jace/go/pkg/mod/github.com/!three!dots!labs/watermill@v1.4.6/message/router.go:645 +0x2b4
github.com/ThreeDotsLabs/watermill/message.(*Router).RunHandlers.func1()
	/Users/jace/go/pkg/mod/github.com/!three!dots!labs/watermill@v1.4.6/message/router.go:460 +0x145
created by github.com/ThreeDotsLabs/watermill/message.(*Router).RunHandlers in goroutine 64412
	/Users/jace/go/pkg/mod/github.com/!three!dots!labs/watermill@v1.4.6/message/router.go:453 +0x606

goroutine 64844 [select]:
github.com/nats-io/nats.go/jetstream.(*pullSubscription).pullMessages(0xc00321e630, {0xc003334000, 0x55})
	/Users/jace/go/pkg/mod/github.com/nats-io/nats.go@v1.41.1/jetstream/pull.go:955 +0x91
created by github.com/nats-io/nats.go/jetstream.(*pullConsumer).Messages in goroutine 64412
	/Users/jace/go/pkg/mod/github.com/nats-io/nats.go@v1.41.1/jetstream/pull.go:534 +0x748

goroutine 65347 [sync.WaitGroup.Wait]:
sync.runtime_SemacquireWaitGroup(0xc00334e8c0?)
	/usr/local/Cellar/go/1.24.2/libexec/src/runtime/sema.go:110 +0x25
sync.(*WaitGroup).Wait(0xc0034ac740?)
	/usr/local/Cellar/go/1.24.2/libexec/src/sync/waitgroup.go:118 +0x48
github.com/ThreeDotsLabs/watermill/message.(*Router).waitForHandlers.func1()
	/Users/jace/go/pkg/mod/github.com/!three!dots!labs/watermill@v1.4.6/message/router.go:579 +0x4b
created by github.com/ThreeDotsLabs/watermill/message.(*Router).waitForHandlers in goroutine 63524
	/Users/jace/go/pkg/mod/github.com/!three!dots!labs/watermill@v1.4.6/message/router.go:577 +0x87

goroutine 65349 [sync.WaitGroup.Wait]:
sync.runtime_SemacquireWaitGroup(0x0?)
	/usr/local/Cellar/go/1.24.2/libexec/src/runtime/sema.go:110 +0x25
sync.(*WaitGroup).Wait(0xc003360730?)
	/usr/local/Cellar/go/1.24.2/libexec/src/sync/waitgroup.go:118 +0x48
github.com/ThreeDotsLabs/watermill/pubsub/sync.WaitGroupTimeout.func1()
	/Users/jace/go/pkg/mod/github.com/!three!dots!labs/watermill@v1.4.6/pubsub/sync/waitgroup.go:13 +0x25
created by github.com/ThreeDotsLabs/watermill/pubsub/sync.WaitGroupTimeout in goroutine 63524
	/Users/jace/go/pkg/mod/github.com/!three!dots!labs/watermill@v1.4.6/pubsub/sync/waitgroup.go:12 +0x85
FAIL	github.com/Black-And-White-Club/frolf-bot/integration_tests/modules/round/handler_tests	302.629s
2025/05/30 09:04:51 TestMain started in package scoreintegrationtests
=== RUN   TestCorrectScore
2025/05/30 09:04:51 Starting PostgreSQL container with resource limits...
2025/05/30 09:04:51 github.com/testcontainers/testcontainers-go - Connected to docker: 
  Server Version: 28.1.1
  API Version: 1.48
  Operating System: Ubuntu 24.04.1 LTS
  Total Memory: 5923 MB
  Testcontainers for Go Version: v0.37.0
  Resolved Docker Host: unix:///Users/jace/.colima/default/docker.sock
  Resolved Docker Socket Path: /var/run/docker.sock
  Test SessionID: c0f63d1f00c2fccb51afb8b814510550fc1c2073fca77f6d187de417aa37f283
  Test ProcessID: cd9d7146-61c1-4bd4-bc30-b90fb7698453
2025/05/30 09:04:51 🐳 Creating container for image postgres:16-alpine
2025/05/30 09:04:52 ⏳ Waiting for Reaper "0fe5cb7f" to be ready
2025/05/30 09:04:52 🔥 Reaper obtained from Docker for this test session 0fe5cb7f
2025/05/30 09:04:52 ✅ Container created: 1e6b7eac090c
2025/05/30 09:04:52 🐳 Starting container: 1e6b7eac090c
2025/05/30 09:04:52 ✅ Container started: 1e6b7eac090c
2025/05/30 09:04:52 ⏳ Waiting for container id 1e6b7eac090c image: postgres:16-alpine. Waiting for: &{timeout:<nil> deadline:0xc00049c5f0 Strategies:[0xc00049b680]}
2025/05/30 09:04:58 🔔 Container is ready: 1e6b7eac090c
2025/05/30 09:04:58 PostgreSQL container started with resource limits and init script. URL: postgres://testuser:testpass@localhost:33891/testdb?sslmode=disable
2025/05/30 09:04:58 Starting NATS container with resource limits...
2025/05/30 09:04:58 🐳 Creating container for image nats:2.10-alpine
2025/05/30 09:04:58 ✅ Container created: d88ec67add03
2025/05/30 09:04:58 🐳 Starting container: d88ec67add03
2025/05/30 09:04:59 ✅ Container started: d88ec67add03
2025/05/30 09:04:59 ⏳ Waiting for container id d88ec67add03 image: nats:2.10-alpine. Waiting for: &{timeout:<nil> deadline:0xc00058f358 Strategies:[0xc0000ea1e0 0xc000598a20]}
2025/05/30 09:05:00 🔔 Container is ready: d88ec67add03
2025/05/30 09:05:00 NATS container started with resource limits. URL: nats://localhost:33907
Creating user table...
User table created successfully!
2025/05/30 09:05:00 Ran user migrations group #1
Creating round table...
Round table created successfully!
2025/05/30 09:05:00 Ran round migrations group #2
Creating score table...
Score table created successfully!
2025/05/30 09:05:00 Ran score migrations group #3
Creating leaderboard table...
Leaderboard table created successfully!
2025/05/30 09:05:00 Ran leaderboard migrations group #4
2025/05/30 09:05:00 All migrations ran successfully
2025/05/30 09:05:00 newDBServiceWithDB - Registering models
2025/05/30 09:05:00 newDBServiceWithDB - Models registered successfully
2025/05/30 09:05:00 newDBServiceWithDB - DBService initialized: &{UserDB:0xc000606068 RoundDB:0xc000606070 ScoreDB:0xc000606078 LeaderboardDB:0xc000606080 db:0xc0002c5d00}
2025/05/30 09:05:00 Truncating tables: scores
2025/05/30 09:05:00 Truncating tables: scores
=== RUN   TestCorrectScore/Add_initial_score_with_tag_number
[DEBUG LogScores] Insert/Update Executed for RoundID 51492c57-4cbf-4b08-948e-f8d8f14117ff. Error: <nil>, Result: {Locker:0xc00060e080 resi:1}
=== RUN   TestCorrectScore/Add_initial_score_without_tag_number
[DEBUG LogScores] Insert/Update Executed for RoundID c1904317-8f6e-40e4-b357-4a0df8e2bf0d. Error: <nil>, Result: {Locker:0xc00060e080 resi:1}
=== RUN   TestCorrectScore/Update_existing_score_with_new_tag
[DEBUG LogScores] Insert/Update Executed for RoundID 58fbb67f-0d3b-4c13-85f1-5b9bed97696f. Error: <nil>, Result: {Locker:0xc00060e080 resi:1}
=== RUN   TestCorrectScore/Update_existing_score_without_tag
[DEBUG LogScores] Insert/Update Executed for RoundID 32cf2401-4a6f-490b-80ef-288b63c50b60. Error: <nil>, Result: {Locker:0xc00060e080 resi:1}
=== RUN   TestCorrectScore/Fails_with_invalid_round_ID
2025/05/30 09:05:00 Cleaning up test environment...
2025/05/30 09:05:00 Context cancelled.
2025/05/30 09:05:00 EventBus closed.
2025/05/30 09:05:00 NATS connection closed.
2025/05/30 09:05:00 DB connection closed.
2025/05/30 09:05:00 🐳 Stopping container: d88ec67add03
2025/05/30 09:05:01 ✅ Container stopped: d88ec67add03
2025/05/30 09:05:01 🐳 Terminating container: d88ec67add03
2025/05/30 09:05:01 🚫 Container terminated: d88ec67add03
2025/05/30 09:05:01 NATS container terminated.
2025/05/30 09:05:01 🐳 Stopping container: 1e6b7eac090c
2025/05/30 09:05:01 ✅ Container stopped: 1e6b7eac090c
2025/05/30 09:05:01 🐳 Terminating container: 1e6b7eac090c
2025/05/30 09:05:01 🚫 Container terminated: 1e6b7eac090c
2025/05/30 09:05:01 PostgreSQL container terminated.
2025/05/30 09:05:01 Cleanup complete.
--- PASS: TestCorrectScore (9.88s)
    --- PASS: TestCorrectScore/Add_initial_score_with_tag_number (0.02s)
    --- PASS: TestCorrectScore/Add_initial_score_without_tag_number (0.02s)
    --- PASS: TestCorrectScore/Update_existing_score_with_new_tag (0.01s)
    --- PASS: TestCorrectScore/Update_existing_score_without_tag (0.01s)
    --- PASS: TestCorrectScore/Fails_with_invalid_round_ID (0.01s)
=== RUN   TestProcessRoundScores
2025/05/30 09:05:01 Starting PostgreSQL container with resource limits...
2025/05/30 09:05:01 🐳 Creating container for image postgres:16-alpine
2025/05/30 09:05:01 ✅ Container created: d885deb2f727
2025/05/30 09:05:01 🐳 Starting container: d885deb2f727
2025/05/30 09:05:02 ✅ Container started: d885deb2f727
2025/05/30 09:05:02 ⏳ Waiting for container id d885deb2f727 image: postgres:16-alpine. Waiting for: &{timeout:<nil> deadline:0xc00011a640 Strategies:[0xc000599e00]}
2025/05/30 09:05:07 🔔 Container is ready: d885deb2f727
2025/05/30 09:05:07 PostgreSQL container started with resource limits and init script. URL: postgres://testuser:testpass@localhost:33920/testdb?sslmode=disable
2025/05/30 09:05:07 Starting NATS container with resource limits...
2025/05/30 09:05:07 🐳 Creating container for image nats:2.10-alpine
2025/05/30 09:05:07 ✅ Container created: de097fdb771c
2025/05/30 09:05:07 🐳 Starting container: de097fdb771c
2025/05/30 09:05:08 ✅ Container started: de097fdb771c
2025/05/30 09:05:08 ⏳ Waiting for container id de097fdb771c image: nats:2.10-alpine. Waiting for: &{timeout:<nil> deadline:0xc000381648 Strategies:[0xc0005e64e0 0xc000712bd0]}
2025/05/30 09:05:09 🔔 Container is ready: de097fdb771c
2025/05/30 09:05:09 NATS container started with resource limits. URL: nats://localhost:33928
Creating user table...
User table created successfully!
2025/05/30 09:05:09 Ran user migrations group #1
Creating round table...
Round table created successfully!
2025/05/30 09:05:09 Ran round migrations group #2
Creating score table...
Score table created successfully!
2025/05/30 09:05:09 Ran score migrations group #3
Creating leaderboard table...
Leaderboard table created successfully!
2025/05/30 09:05:09 Ran leaderboard migrations group #4
2025/05/30 09:05:09 All migrations ran successfully
2025/05/30 09:05:09 newDBServiceWithDB - Registering models
2025/05/30 09:05:09 newDBServiceWithDB - Models registered successfully
2025/05/30 09:05:09 newDBServiceWithDB - DBService initialized: &{UserDB:0xc00007c220 RoundDB:0xc00007c228 ScoreDB:0xc00007c230 LeaderboardDB:0xc00007c238 db:0xc0002c5040}
2025/05/30 09:05:09 Truncating tables: scores
2025/05/30 09:05:09 Truncating tables: scores
=== RUN   TestProcessRoundScores/Successfully_processes_round_scores_with_tags
[DEBUG LogScores] Insert/Update Executed for RoundID a2cdbaeb-4dd7-456b-89fa-9d3c1a983df8. Error: <nil>, Result: {Locker:0xc000556680 resi:1}
=== RUN   TestProcessRoundScores/Successfully_processes_round_scores_without_tags
[DEBUG LogScores] Insert/Update Executed for RoundID 2823097d-2c11-4aa3-b75a-9dbea7e45b4f. Error: <nil>, Result: {Locker:0xc000556680 resi:1}
=== RUN   TestProcessRoundScores/Handles_empty_score_list
=== RUN   TestProcessRoundScores/Correctly_sorts_scores
[DEBUG LogScores] Insert/Update Executed for RoundID 2dd6d142-7a78-4fdb-a7ed-63ddea7b74ce. Error: <nil>, Result: {Locker:0xc000556680 resi:1}
=== RUN   TestProcessRoundScores/Handles_concurrent_score_processing
[DEBUG LogScores] Insert/Update Executed for RoundID 594ef400-b7c4-442d-ac95-0e5134094d9e. Error: <nil>, Result: {Locker:0xc000556680 resi:1}
[DEBUG LogScores] Insert/Update Executed for RoundID b032f285-63c8-4c6b-a642-314f404d51c0. Error: <nil>, Result: {Locker:0xc0004c8800 resi:1}
[DEBUG LogScores] Insert/Update Executed for RoundID 9b1334b6-ba69-49eb-a7a4-b3cbc52332fb. Error: <nil>, Result: {Locker:0xc000378880 resi:1}
2025/05/30 09:05:09 Cleaning up test environment...
2025/05/30 09:05:09 Context cancelled.
2025/05/30 09:05:09 EventBus closed.
2025/05/30 09:05:09 NATS connection closed.
2025/05/30 09:05:09 DB connection closed.
2025/05/30 09:05:09 🐳 Stopping container: de097fdb771c
2025/05/30 09:05:10 ✅ Container stopped: de097fdb771c
2025/05/30 09:05:10 🐳 Terminating container: de097fdb771c
2025/05/30 09:05:10 🚫 Container terminated: de097fdb771c
2025/05/30 09:05:10 NATS container terminated.
2025/05/30 09:05:10 🐳 Stopping container: d885deb2f727
2025/05/30 09:05:10 ✅ Container stopped: d885deb2f727
2025/05/30 09:05:10 🐳 Terminating container: d885deb2f727
2025/05/30 09:05:10 🚫 Container terminated: d885deb2f727
2025/05/30 09:05:10 PostgreSQL container terminated.
2025/05/30 09:05:10 Cleanup complete.
--- PASS: TestProcessRoundScores (8.92s)
    --- PASS: TestProcessRoundScores/Successfully_processes_round_scores_with_tags (0.01s)
    --- PASS: TestProcessRoundScores/Successfully_processes_round_scores_without_tags (0.01s)
    --- PASS: TestProcessRoundScores/Handles_empty_score_list (0.00s)
    --- PASS: TestProcessRoundScores/Correctly_sorts_scores (0.01s)
    --- PASS: TestProcessRoundScores/Handles_concurrent_score_processing (0.05s)
=== RUN   TestProcessScoresForStorage
2025/05/30 09:05:10 Starting PostgreSQL container with resource limits...
2025/05/30 09:05:10 🐳 Creating container for image postgres:16-alpine
2025/05/30 09:05:10 ✅ Container created: 6821c5244948
2025/05/30 09:05:10 🐳 Starting container: 6821c5244948
2025/05/30 09:05:11 ✅ Container started: 6821c5244948
2025/05/30 09:05:11 ⏳ Waiting for container id 6821c5244948 image: postgres:16-alpine. Waiting for: &{timeout:<nil> deadline:0xc00052acb0 Strategies:[0xc000293230]}
2025/05/30 09:05:14 🔔 Container is ready: 6821c5244948
2025/05/30 09:05:14 PostgreSQL container started with resource limits and init script. URL: postgres://testuser:testpass@localhost:33945/testdb?sslmode=disable
2025/05/30 09:05:14 Starting NATS container with resource limits...
2025/05/30 09:05:14 🐳 Creating container for image nats:2.10-alpine
2025/05/30 09:05:14 ✅ Container created: 1a73c740a334
2025/05/30 09:05:14 🐳 Starting container: 1a73c740a334
2025/05/30 09:05:14 ✅ Container started: 1a73c740a334
2025/05/30 09:05:14 ⏳ Waiting for container id 1a73c740a334 image: nats:2.10-alpine. Waiting for: &{timeout:<nil> deadline:0xc000610528 Strategies:[0xc0005e6900 0xc0006b6e70]}
2025/05/30 09:05:19 🔔 Container is ready: 1a73c740a334
2025/05/30 09:05:19 NATS container started with resource limits. URL: nats://localhost:33953
Creating user table...
User table created successfully!
2025/05/30 09:05:19 Ran user migrations group #1
Creating round table...
Round table created successfully!
2025/05/30 09:05:19 Ran round migrations group #2
Creating score table...
Score table created successfully!
2025/05/30 09:05:19 Ran score migrations group #3
Creating leaderboard table...
Leaderboard table created successfully!
2025/05/30 09:05:20 Ran leaderboard migrations group #4
2025/05/30 09:05:20 All migrations ran successfully
2025/05/30 09:05:20 newDBServiceWithDB - Registering models
2025/05/30 09:05:20 newDBServiceWithDB - Models registered successfully
2025/05/30 09:05:20 newDBServiceWithDB - DBService initialized: &{UserDB:0xc00011e5d8 RoundDB:0xc00011e5e0 ScoreDB:0xc00011e5e8 LeaderboardDB:0xc00011e5f0 db:0xc0004af200}
2025/05/30 09:05:20 Truncating tables: scores
2025/05/30 09:05:20 Truncating tables: scores
=== RUN   TestProcessScoresForStorage/Correctly_processes_and_sorts_scores
=== RUN   TestProcessScoresForStorage/Handles_empty_score_list_correctly
=== RUN   TestProcessScoresForStorage/Handles_extreme_scores
2025/05/30 09:05:20 Cleaning up test environment...
2025/05/30 09:05:20 Context cancelled.
2025/05/30 09:05:20 EventBus closed.
2025/05/30 09:05:20 NATS connection closed.
2025/05/30 09:05:20 DB connection closed.
2025/05/30 09:05:20 🐳 Stopping container: 1a73c740a334
2025/05/30 09:05:21 ✅ Container stopped: 1a73c740a334
2025/05/30 09:05:21 🐳 Terminating container: 1a73c740a334
2025/05/30 09:05:21 🚫 Container terminated: 1a73c740a334
2025/05/30 09:05:21 NATS container terminated.
2025/05/30 09:05:21 🐳 Stopping container: 6821c5244948
2025/05/30 09:05:21 ✅ Container stopped: 6821c5244948
2025/05/30 09:05:21 🐳 Terminating container: 6821c5244948
2025/05/30 09:05:21 🚫 Container terminated: 6821c5244948
2025/05/30 09:05:21 PostgreSQL container terminated.
2025/05/30 09:05:21 Cleanup complete.
--- PASS: TestProcessScoresForStorage (11.16s)
    --- PASS: TestProcessScoresForStorage/Correctly_processes_and_sorts_scores (0.00s)
    --- PASS: TestProcessScoresForStorage/Handles_empty_score_list_correctly (0.00s)
    --- PASS: TestProcessScoresForStorage/Handles_extreme_scores (0.00s)
PASS
coverage: 3.0% of statements in ./app/...
2025/05/30 09:05:21 TestMain: finished with exit code: 0
ok  	github.com/Black-And-White-Club/frolf-bot/integration_tests/modules/score/application_tests	32.995s	coverage: 3.0% of statements in ./app/...
2025/05/30 09:04:52 TestMain started in package scorehandler_integration_tests
=== RUN   TestHandleCorrectScoreRequest
=== RUN   TestHandleCorrectScoreRequest/Success_-_Correct_score_with_valid_data
2025/05/30 09:04:52 Starting PostgreSQL container with resource limits...
2025/05/30 09:04:52 github.com/testcontainers/testcontainers-go - Connected to docker: 
  Server Version: 28.1.1
  API Version: 1.48
  Operating System: Ubuntu 24.04.1 LTS
  Total Memory: 5923 MB
  Testcontainers for Go Version: v0.37.0
  Resolved Docker Host: unix:///Users/jace/.colima/default/docker.sock
  Resolved Docker Socket Path: /var/run/docker.sock
  Test SessionID: c0f63d1f00c2fccb51afb8b814510550fc1c2073fca77f6d187de417aa37f283
  Test ProcessID: 34fe998f-af81-4b58-a462-d41065d8e474
2025/05/30 09:04:52 🐳 Creating container for image postgres:16-alpine
2025/05/30 09:04:52 ⏳ Waiting for Reaper "0fe5cb7f" to be ready
2025/05/30 09:04:52 🔥 Reaper obtained from Docker for this test session 0fe5cb7f
2025/05/30 09:04:52 ✅ Container created: fdc76280cab5
2025/05/30 09:04:52 🐳 Starting container: fdc76280cab5
2025/05/30 09:04:53 ✅ Container started: fdc76280cab5
2025/05/30 09:04:53 ⏳ Waiting for container id fdc76280cab5 image: postgres:16-alpine. Waiting for: &{timeout:<nil> deadline:0xc00034e9d0 Strategies:[0xc000414390]}
2025/05/30 09:04:58 🔔 Container is ready: fdc76280cab5
2025/05/30 09:04:58 PostgreSQL container started with resource limits and init script. URL: postgres://testuser:testpass@localhost:33892/testdb?sslmode=disable
2025/05/30 09:04:58 Starting NATS container with resource limits...
2025/05/30 09:04:58 🐳 Creating container for image nats:2.10-alpine
2025/05/30 09:04:58 ✅ Container created: bbe3369c0203
2025/05/30 09:04:58 🐳 Starting container: bbe3369c0203
2025/05/30 09:04:59 ✅ Container started: bbe3369c0203
2025/05/30 09:04:59 ⏳ Waiting for container id bbe3369c0203 image: nats:2.10-alpine. Waiting for: &{timeout:<nil> deadline:0xc000780e30 Strategies:[0xc0004275c0 0xc00072be30]}
2025/05/30 09:04:59 🔔 Container is ready: bbe3369c0203
2025/05/30 09:04:59 NATS container started with resource limits. URL: nats://localhost:33910
Creating round table...
Round table created successfully!
2025/05/30 09:04:59 Ran round migrations group #1
Creating score table...
Score table created successfully!
2025/05/30 09:04:59 Ran score migrations group #2
Creating leaderboard table...
Leaderboard table created successfully!
2025/05/30 09:04:59 Ran leaderboard migrations group #3
Creating user table...
User table created successfully!
2025/05/30 09:04:59 Ran user migrations group #4
2025/05/30 09:04:59 All migrations ran successfully
2025/05/30 09:04:59 newDBServiceWithDB - Registering models
2025/05/30 09:04:59 newDBServiceWithDB - Models registered successfully
2025/05/30 09:04:59 newDBServiceWithDB - DBService initialized: &{UserDB:0xc00002a500 RoundDB:0xc00002a508 ScoreDB:0xc00002a510 LeaderboardDB:0xc00002a518 db:0xc00043b7c0}
2025/05/30 09:04:59 Truncating tables: scores
2025/05/30 09:04:59 Truncating tables: scores, users, rounds, leaderboards
[DEBUG LogScores] Insert/Update Executed for RoundID 23320b78-4e82-47ed-aed8-8cd3e04704ad. Error: <nil>, Result: {Locker:0xc000334f80 resi:1}
    correct_scores_test.go:291: Waiting for 1 messages on topic "discord.score.update.success" with timeout 5s
2025/05/30 09:05:00 Test received message dbe8a2ad-3082-4c05-aa63-62cdc0ea58dc on topic "discord.score.update.success"
    correct_scores_test.go:291: Successfully received 1 messages on topic "discord.score.update.success"
2025/05/30 09:05:00 Test Case "TestHandleCorrectScoreRequest/Success_-_Correct_score_with_valid_data": Canceling subscription context.
2025/05/30 09:05:00 Test Case "TestHandleCorrectScoreRequest/Success_-_Correct_score_with_valid_data": Waiting for subscriber goroutines to finish.
2025/05/30 09:05:00 Test Case "TestHandleCorrectScoreRequest/Success_-_Correct_score_with_valid_data": Subscriber goroutines finished.
2025/05/30 09:05:00 Running score handler test cleanup...
2025/05/30 09:05:01 Error closing Score module: error closing ScoreRouter: router close timeout
2025/05/30 09:05:01 Score handler router goroutine finished.
2025/05/30 09:05:01 Score handler test cleanup finished.
2025/05/30 09:05:01 Cleaning up test environment...
2025/05/30 09:05:01 Context cancelled.
2025/05/30 09:05:01 EventBus closed.
2025/05/30 09:05:01 NATS connection closed.
2025/05/30 09:05:01 DB connection closed.
2025/05/30 09:05:01 🐳 Stopping container: bbe3369c0203
2025/05/30 09:05:02 ✅ Container stopped: bbe3369c0203
2025/05/30 09:05:02 🐳 Terminating container: bbe3369c0203
2025/05/30 09:05:02 🚫 Container terminated: bbe3369c0203
2025/05/30 09:05:02 NATS container terminated.
2025/05/30 09:05:02 🐳 Stopping container: fdc76280cab5
2025/05/30 09:05:02 ✅ Container stopped: fdc76280cab5
2025/05/30 09:05:02 🐳 Terminating container: fdc76280cab5
2025/05/30 09:05:03 🚫 Container terminated: fdc76280cab5
2025/05/30 09:05:03 PostgreSQL container terminated.
2025/05/30 09:05:03 Cleanup complete.
=== RUN   TestHandleCorrectScoreRequest/Failure_-_Score_record_not_found
2025/05/30 09:05:03 Starting PostgreSQL container with resource limits...
2025/05/30 09:05:03 🐳 Creating container for image postgres:16-alpine
2025/05/30 09:05:03 ✅ Container created: 71698be6183b
2025/05/30 09:05:03 🐳 Starting container: 71698be6183b
2025/05/30 09:05:04 ✅ Container started: 71698be6183b
2025/05/30 09:05:04 ⏳ Waiting for container id 71698be6183b image: postgres:16-alpine. Waiting for: &{timeout:<nil> deadline:0xc000781210 Strategies:[0xc000146e40]}
2025/05/30 09:05:08 🔔 Container is ready: 71698be6183b
2025/05/30 09:05:08 PostgreSQL container started with resource limits and init script. URL: postgres://testuser:testpass@localhost:33923/testdb?sslmode=disable
2025/05/30 09:05:08 Starting NATS container with resource limits...
2025/05/30 09:05:08 🐳 Creating container for image nats:2.10-alpine
2025/05/30 09:05:08 ✅ Container created: 15a4d831024b
2025/05/30 09:05:08 🐳 Starting container: 15a4d831024b
2025/05/30 09:05:09 ✅ Container started: 15a4d831024b
2025/05/30 09:05:09 ⏳ Waiting for container id 15a4d831024b image: nats:2.10-alpine. Waiting for: &{timeout:<nil> deadline:0xc0007818a0 Strategies:[0xc000614540 0xc000415cb0]}
2025/05/30 09:05:12 🔔 Container is ready: 15a4d831024b
2025/05/30 09:05:12 NATS container started with resource limits. URL: nats://localhost:33938
Creating user table...
User table created successfully!
2025/05/30 09:05:12 Ran user migrations group #1
Creating round table...
Round table created successfully!
2025/05/30 09:05:12 Ran round migrations group #2
Creating score table...
Score table created successfully!
2025/05/30 09:05:12 Ran score migrations group #3
Creating leaderboard table...
Leaderboard table created successfully!
2025/05/30 09:05:12 Ran leaderboard migrations group #4
2025/05/30 09:05:12 All migrations ran successfully
2025/05/30 09:05:12 newDBServiceWithDB - Registering models
2025/05/30 09:05:12 newDBServiceWithDB - Models registered successfully
2025/05/30 09:05:12 newDBServiceWithDB - DBService initialized: &{UserDB:0xc00002a000 RoundDB:0xc00002a008 ScoreDB:0xc00002a010 LeaderboardDB:0xc00002a020 db:0xc00057ddc0}
2025/05/30 09:05:12 Truncating tables: scores
2025/05/30 09:05:13 Truncating tables: scores, users, rounds, leaderboards
    correct_scores_test.go:291: Waiting for 1 messages on topic "discord.score.update.fail" with timeout 5s
2025/05/30 09:05:13 Test received message 59fe1926-d65c-4309-baaf-23d85c705523 on topic "discord.score.update.fail"
    correct_scores_test.go:291: Successfully received 1 messages on topic "discord.score.update.fail"
2025/05/30 09:05:13 Test Case "TestHandleCorrectScoreRequest/Failure_-_Score_record_not_found": Canceling subscription context.
2025/05/30 09:05:13 Test Case "TestHandleCorrectScoreRequest/Failure_-_Score_record_not_found": Waiting for subscriber goroutines to finish.
2025/05/30 09:05:13 Test Case "TestHandleCorrectScoreRequest/Failure_-_Score_record_not_found": Subscriber goroutines finished.
2025/05/30 09:05:13 Running score handler test cleanup...
2025/05/30 09:05:14 Error closing Score module: error closing ScoreRouter: router close timeout
2025/05/30 09:05:14 Score handler router goroutine finished.
2025/05/30 09:05:14 Score handler test cleanup finished.
2025/05/30 09:05:14 Cleaning up test environment...
2025/05/30 09:05:14 Context cancelled.
2025/05/30 09:05:14 EventBus closed.
2025/05/30 09:05:14 NATS connection closed.
2025/05/30 09:05:14 DB connection closed.
2025/05/30 09:05:14 🐳 Stopping container: 15a4d831024b
2025/05/30 09:05:15 ✅ Container stopped: 15a4d831024b
2025/05/30 09:05:15 🐳 Terminating container: 15a4d831024b
2025/05/30 09:05:15 🚫 Container terminated: 15a4d831024b
2025/05/30 09:05:15 NATS container terminated.
2025/05/30 09:05:15 🐳 Stopping container: 71698be6183b
2025/05/30 09:05:16 ✅ Container stopped: 71698be6183b
2025/05/30 09:05:16 🐳 Terminating container: 71698be6183b
2025/05/30 09:05:16 🚫 Container terminated: 71698be6183b
2025/05/30 09:05:16 PostgreSQL container terminated.
2025/05/30 09:05:16 Cleanup complete.
=== RUN   TestHandleCorrectScoreRequest/Failure_-_Invalid_Score_Value
2025/05/30 09:05:16 Starting PostgreSQL container with resource limits...
2025/05/30 09:05:16 🐳 Creating container for image postgres:16-alpine
2025/05/30 09:05:16 ✅ Container created: 7346cd103638
2025/05/30 09:05:16 🐳 Starting container: 7346cd103638
2025/05/30 09:05:17 ✅ Container started: 7346cd103638
2025/05/30 09:05:17 ⏳ Waiting for container id 7346cd103638 image: postgres:16-alpine. Waiting for: &{timeout:<nil> deadline:0xc0005623b8 Strategies:[0xc00061f410]}
2025/05/30 09:05:21 🔔 Container is ready: 7346cd103638
2025/05/30 09:05:21 PostgreSQL container started with resource limits and init script. URL: postgres://testuser:testpass@localhost:33962/testdb?sslmode=disable
2025/05/30 09:05:21 Starting NATS container with resource limits...
2025/05/30 09:05:21 🐳 Creating container for image nats:2.10-alpine
2025/05/30 09:05:21 ✅ Container created: fac31b428160
2025/05/30 09:05:21 🐳 Starting container: fac31b428160
2025/05/30 09:05:22 ✅ Container started: fac31b428160
2025/05/30 09:05:22 ⏳ Waiting for container id fac31b428160 image: nats:2.10-alpine. Waiting for: &{timeout:<nil> deadline:0xc000563cc0 Strategies:[0xc0007d2a20 0xc0007eaf90]}
2025/05/30 09:05:24 🔔 Container is ready: fac31b428160
2025/05/30 09:05:24 NATS container started with resource limits. URL: nats://localhost:33974
Creating user table...
User table created successfully!
2025/05/30 09:05:24 Ran user migrations group #1
Creating round table...
Round table created successfully!
2025/05/30 09:05:24 Ran round migrations group #2
Creating score table...
Score table created successfully!
2025/05/30 09:05:24 Ran score migrations group #3
Creating leaderboard table...
Leaderboard table created successfully!
2025/05/30 09:05:24 Ran leaderboard migrations group #4
2025/05/30 09:05:24 All migrations ran successfully
2025/05/30 09:05:24 newDBServiceWithDB - Registering models
2025/05/30 09:05:24 newDBServiceWithDB - Models registered successfully
2025/05/30 09:05:24 newDBServiceWithDB - DBService initialized: &{UserDB:0xc00007c6b8 RoundDB:0xc00007c6c0 ScoreDB:0xc00007c6c8 LeaderboardDB:0xc00007c6d0 db:0xc0007a7680}
2025/05/30 09:05:25 Truncating tables: scores
2025/05/30 09:05:25 Truncating tables: scores, users, rounds, leaderboards
[DEBUG LogScores] Insert/Update Executed for RoundID 59d90821-bb21-44dd-af13-206b7e6566bc. Error: <nil>, Result: {Locker:0xc0008ade80 resi:1}
    correct_scores_test.go:291: Waiting for 1 messages on topic "discord.score.update.fail" with timeout 5s
2025/05/30 09:05:25 Test received message 17fbd986-a010-4c37-85fd-ad8618b55d2f on topic "discord.score.update.fail"
    correct_scores_test.go:291: Successfully received 1 messages on topic "discord.score.update.fail"
2025/05/30 09:05:26 Test Case "TestHandleCorrectScoreRequest/Failure_-_Invalid_Score_Value": Canceling subscription context.
2025/05/30 09:05:26 Test Case "TestHandleCorrectScoreRequest/Failure_-_Invalid_Score_Value": Waiting for subscriber goroutines to finish.
2025/05/30 09:05:26 Test Case "TestHandleCorrectScoreRequest/Failure_-_Invalid_Score_Value": Subscriber goroutines finished.
2025/05/30 09:05:26 Running score handler test cleanup...
2025/05/30 09:05:27 Error closing Score module: error closing ScoreRouter: router close timeout
2025/05/30 09:05:27 Score handler router goroutine finished.
2025/05/30 09:05:27 Score handler test cleanup finished.
2025/05/30 09:05:27 Cleaning up test environment...
2025/05/30 09:05:27 Context cancelled.
2025/05/30 09:05:27 EventBus closed.
2025/05/30 09:05:27 NATS connection closed.
2025/05/30 09:05:27 DB connection closed.
2025/05/30 09:05:27 🐳 Stopping container: fac31b428160
2025/05/30 09:05:27 ✅ Container stopped: fac31b428160
2025/05/30 09:05:27 🐳 Terminating container: fac31b428160
2025/05/30 09:05:27 🚫 Container terminated: fac31b428160
2025/05/30 09:05:27 NATS container terminated.
2025/05/30 09:05:27 🐳 Stopping container: 7346cd103638
2025/05/30 09:05:28 ✅ Container stopped: 7346cd103638
2025/05/30 09:05:28 🐳 Terminating container: 7346cd103638
2025/05/30 09:05:28 🚫 Container terminated: 7346cd103638
2025/05/30 09:05:28 PostgreSQL container terminated.
2025/05/30 09:05:28 Cleanup complete.
=== RUN   TestHandleCorrectScoreRequest/Failure_-_Invalid_Payload_Format
2025/05/30 09:05:28 Starting PostgreSQL container with resource limits...
2025/05/30 09:05:28 🐳 Creating container for image postgres:16-alpine
2025/05/30 09:05:28 ✅ Container created: b6a314e42788
2025/05/30 09:05:28 🐳 Starting container: b6a314e42788
2025/05/30 09:05:28 ✅ Container started: b6a314e42788
2025/05/30 09:05:28 ⏳ Waiting for container id b6a314e42788 image: postgres:16-alpine. Waiting for: &{timeout:<nil> deadline:0xc00035c698 Strategies:[0xc0006a1ec0]}
2025/05/30 09:05:33 🔔 Container is ready: b6a314e42788
2025/05/30 09:05:33 PostgreSQL container started with resource limits and init script. URL: postgres://testuser:testpass@localhost:33993/testdb?sslmode=disable
2025/05/30 09:05:33 Starting NATS container with resource limits...
2025/05/30 09:05:33 🐳 Creating container for image nats:2.10-alpine
2025/05/30 09:05:33 ✅ Container created: 5c08b93e5d8c
2025/05/30 09:05:33 🐳 Starting container: 5c08b93e5d8c
2025/05/30 09:05:34 ✅ Container started: 5c08b93e5d8c
2025/05/30 09:05:34 ⏳ Waiting for container id 5c08b93e5d8c image: nats:2.10-alpine. Waiting for: &{timeout:<nil> deadline:0xc000800b10 Strategies:[0xc0004ee060 0xc0007e8300]}
2025/05/30 09:05:36 🔔 Container is ready: 5c08b93e5d8c
2025/05/30 09:05:36 NATS container started with resource limits. URL: nats://localhost:34004
Creating round table...
Round table created successfully!
2025/05/30 09:05:36 Ran round migrations group #1
Creating score table...
Score table created successfully!
2025/05/30 09:05:36 Ran score migrations group #2
Creating leaderboard table...
Leaderboard table created successfully!
2025/05/30 09:05:36 Ran leaderboard migrations group #3
Creating user table...
User table created successfully!
2025/05/30 09:05:36 Ran user migrations group #4
2025/05/30 09:05:36 All migrations ran successfully
2025/05/30 09:05:36 newDBServiceWithDB - Registering models
2025/05/30 09:05:36 newDBServiceWithDB - Models registered successfully
2025/05/30 09:05:36 newDBServiceWithDB - DBService initialized: &{UserDB:0xc00052c120 RoundDB:0xc00052c128 ScoreDB:0xc00052c130 LeaderboardDB:0xc00052c140 db:0xc00057c780}
2025/05/30 09:05:36 Truncating tables: scores
2025/05/30 09:05:36 Truncating tables: scores, users, rounds, leaderboards
2025/05/30 09:05:37 Test Case "TestHandleCorrectScoreRequest/Failure_-_Invalid_Payload_Format": Canceling subscription context.
2025/05/30 09:05:37 Test Case "TestHandleCorrectScoreRequest/Failure_-_Invalid_Payload_Format": Waiting for subscriber goroutines to finish.
2025/05/30 09:05:37 Test Case "TestHandleCorrectScoreRequest/Failure_-_Invalid_Payload_Format": Subscriber goroutines finished.
2025/05/30 09:05:37 Running score handler test cleanup...
2025/05/30 09:05:38 Error closing Score module: error closing ScoreRouter: router close timeout
2025/05/30 09:05:38 Score handler router goroutine finished.
2025/05/30 09:05:38 Score handler test cleanup finished.
2025/05/30 09:05:38 Cleaning up test environment...
2025/05/30 09:05:38 Context cancelled.
2025/05/30 09:05:38 EventBus closed.
2025/05/30 09:05:38 NATS connection closed.
2025/05/30 09:05:38 DB connection closed.
2025/05/30 09:05:38 🐳 Stopping container: 5c08b93e5d8c
2025/05/30 09:05:39 ✅ Container stopped: 5c08b93e5d8c
2025/05/30 09:05:39 🐳 Terminating container: 5c08b93e5d8c
2025/05/30 09:05:39 🚫 Container terminated: 5c08b93e5d8c
2025/05/30 09:05:39 NATS container terminated.
2025/05/30 09:05:39 🐳 Stopping container: b6a314e42788
2025/05/30 09:05:39 ✅ Container stopped: b6a314e42788
2025/05/30 09:05:39 🐳 Terminating container: b6a314e42788
2025/05/30 09:05:40 🚫 Container terminated: b6a314e42788
2025/05/30 09:05:40 PostgreSQL container terminated.
2025/05/30 09:05:40 Cleanup complete.
--- PASS: TestHandleCorrectScoreRequest (47.56s)
    --- PASS: TestHandleCorrectScoreRequest/Success_-_Correct_score_with_valid_data (10.67s)
    --- PASS: TestHandleCorrectScoreRequest/Failure_-_Score_record_not_found (13.23s)
    --- PASS: TestHandleCorrectScoreRequest/Failure_-_Invalid_Score_Value (11.76s)
    --- PASS: TestHandleCorrectScoreRequest/Failure_-_Invalid_Payload_Format (11.89s)
=== RUN   TestHandleProcessRoundScoresRequest
=== RUN   TestHandleProcessRoundScoresRequest/Success_-_Process_Valid_Round_Scores
2025/05/30 09:05:40 Starting PostgreSQL container with resource limits...
2025/05/30 09:05:40 🐳 Creating container for image postgres:16-alpine
2025/05/30 09:05:40 ✅ Container created: f2fc75a0b2b1
2025/05/30 09:05:40 🐳 Starting container: f2fc75a0b2b1
2025/05/30 09:05:41 ✅ Container started: f2fc75a0b2b1
2025/05/30 09:05:41 ⏳ Waiting for container id f2fc75a0b2b1 image: postgres:16-alpine. Waiting for: &{timeout:<nil> deadline:0xc000562a40 Strategies:[0xc000766480]}
2025/05/30 09:05:43 🔔 Container is ready: f2fc75a0b2b1
2025/05/30 09:05:43 PostgreSQL container started with resource limits and init script. URL: postgres://testuser:testpass@localhost:34026/testdb?sslmode=disable
2025/05/30 09:05:43 Starting NATS container with resource limits...
2025/05/30 09:05:43 🐳 Creating container for image nats:2.10-alpine
2025/05/30 09:05:44 ✅ Container created: aa7364518c98
2025/05/30 09:05:44 🐳 Starting container: aa7364518c98
2025/05/30 09:05:44 ✅ Container started: aa7364518c98
2025/05/30 09:05:44 ⏳ Waiting for container id aa7364518c98 image: nats:2.10-alpine. Waiting for: &{timeout:<nil> deadline:0xc000781c30 Strategies:[0xc0000b5da0 0xc00072be30]}
2025/05/30 09:05:49 🔔 Container is ready: aa7364518c98
2025/05/30 09:05:49 NATS container started with resource limits. URL: nats://localhost:34041
Creating user table...
User table created successfully!
2025/05/30 09:05:49 Ran user migrations group #1
Creating round table...
Round table created successfully!
2025/05/30 09:05:49 Ran round migrations group #2
Creating score table...
Score table created successfully!
2025/05/30 09:05:49 Ran score migrations group #3
Creating leaderboard table...
Leaderboard table created successfully!
2025/05/30 09:05:49 Ran leaderboard migrations group #4
2025/05/30 09:05:49 All migrations ran successfully
2025/05/30 09:05:49 newDBServiceWithDB - Registering models
2025/05/30 09:05:49 newDBServiceWithDB - Models registered successfully
2025/05/30 09:05:49 newDBServiceWithDB - DBService initialized: &{UserDB:0xc00007c528 RoundDB:0xc00007c530 ScoreDB:0xc00007c538 LeaderboardDB:0xc00007c540 db:0xc000770f40}
2025/05/30 09:05:49 Truncating tables: scores
2025/05/30 09:05:49 Truncating tables: scores, users, rounds, leaderboards
    process_scores_test.go:273: Waiting for 1 messages on topic "leaderboard.batch.tag.assignment.requested" with timeout 10s
[DEBUG LogScores] Insert/Update Executed for RoundID 1fb56957-857e-4bfd-862f-fe5285161d59. Error: <nil>, Result: {Locker:0xc0009a5780 resi:1}
2025/05/30 09:05:50 Test received message fb7bf96d-1e9c-4b37-80af-9fa5830955b3 on topic "leaderboard.batch.tag.assignment.requested"
    process_scores_test.go:273: Successfully received 1 messages on topic "leaderboard.batch.tag.assignment.requested"
2025/05/30 09:05:50 Test Case "TestHandleProcessRoundScoresRequest/Success_-_Process_Valid_Round_Scores": Canceling subscription context.
2025/05/30 09:05:50 Test Case "TestHandleProcessRoundScoresRequest/Success_-_Process_Valid_Round_Scores": Waiting for subscriber goroutines to finish.
2025/05/30 09:05:50 Test Case "TestHandleProcessRoundScoresRequest/Success_-_Process_Valid_Round_Scores": Subscriber goroutines finished.
2025/05/30 09:05:50 Running score handler test cleanup...
2025/05/30 09:05:51 Error closing Score module: error closing ScoreRouter: router close timeout
2025/05/30 09:05:51 Score handler router goroutine finished.
2025/05/30 09:05:51 Score handler test cleanup finished.
2025/05/30 09:05:51 Cleaning up test environment...
2025/05/30 09:05:51 Context cancelled.
2025/05/30 09:05:51 EventBus closed.
2025/05/30 09:05:51 NATS connection closed.
2025/05/30 09:05:51 DB connection closed.
2025/05/30 09:05:51 🐳 Stopping container: aa7364518c98
2025/05/30 09:05:52 ✅ Container stopped: aa7364518c98
2025/05/30 09:05:52 🐳 Terminating container: aa7364518c98
2025/05/30 09:05:52 🚫 Container terminated: aa7364518c98
2025/05/30 09:05:52 NATS container terminated.
2025/05/30 09:05:52 🐳 Stopping container: f2fc75a0b2b1
2025/05/30 09:05:52 ✅ Container stopped: f2fc75a0b2b1
2025/05/30 09:05:52 🐳 Terminating container: f2fc75a0b2b1
2025/05/30 09:05:52 🚫 Container terminated: f2fc75a0b2b1
2025/05/30 09:05:52 PostgreSQL container terminated.
2025/05/30 09:05:52 Cleanup complete.
=== RUN   TestHandleProcessRoundScoresRequest/Failure_-_Empty_Scores_List
2025/05/30 09:05:52 Starting PostgreSQL container with resource limits...
2025/05/30 09:05:52 🐳 Creating container for image postgres:16-alpine
2025/05/30 09:05:52 ✅ Container created: 90d8127093ec
2025/05/30 09:05:52 🐳 Starting container: 90d8127093ec
2025/05/30 09:05:52 ✅ Container started: 90d8127093ec
2025/05/30 09:05:52 ⏳ Waiting for container id 90d8127093ec image: postgres:16-alpine. Waiting for: &{timeout:<nil> deadline:0xc00074ba70 Strategies:[0xc0001463f0]}
2025/05/30 09:05:55 🔔 Container is ready: 90d8127093ec
2025/05/30 09:05:55 PostgreSQL container started with resource limits and init script. URL: postgres://testuser:testpass@localhost:34069/testdb?sslmode=disable
2025/05/30 09:05:55 Starting NATS container with resource limits...
2025/05/30 09:05:55 🐳 Creating container for image nats:2.10-alpine
2025/05/30 09:05:55 ✅ Container created: 4522e4eb0a8b
2025/05/30 09:05:55 🐳 Starting container: 4522e4eb0a8b
2025/05/30 09:05:56 ✅ Container started: 4522e4eb0a8b
2025/05/30 09:05:56 ⏳ Waiting for container id 4522e4eb0a8b image: nats:2.10-alpine. Waiting for: &{timeout:<nil> deadline:0xc000848670 Strategies:[0xc000615560 0xc000880300]}
2025/05/30 09:06:00 🔔 Container is ready: 4522e4eb0a8b
2025/05/30 09:06:00 NATS container started with resource limits. URL: nats://localhost:34071
Creating leaderboard table...
Leaderboard table created successfully!
2025/05/30 09:06:00 Ran leaderboard migrations group #1
Creating user table...
User table created successfully!
2025/05/30 09:06:00 Ran user migrations group #2
Creating round table...
Round table created successfully!
2025/05/30 09:06:00 Ran round migrations group #3
Creating score table...
Score table created successfully!
2025/05/30 09:06:00 Ran score migrations group #4
2025/05/30 09:06:00 All migrations ran successfully
2025/05/30 09:06:00 newDBServiceWithDB - Registering models
2025/05/30 09:06:00 newDBServiceWithDB - Models registered successfully
2025/05/30 09:06:00 newDBServiceWithDB - DBService initialized: &{UserDB:0xc00002a488 RoundDB:0xc00002a490 ScoreDB:0xc00002a498 LeaderboardDB:0xc00002a4a0 db:0xc0006b13c0}
2025/05/30 09:06:01 Truncating tables: scores
2025/05/30 09:06:01 Truncating tables: scores, users, rounds, leaderboards
    process_scores_test.go:273: Waiting for 1 messages on topic "score.process.round.scores.fail" with timeout 5s
2025/05/30 09:06:01 Test received message a230cb08-93af-4042-b7e1-6779db4ea64a on topic "score.process.round.scores.fail"
    process_scores_test.go:273: Successfully received 1 messages on topic "score.process.round.scores.fail"
2025/05/30 09:06:01 Test Case "TestHandleProcessRoundScoresRequest/Failure_-_Empty_Scores_List": Canceling subscription context.
2025/05/30 09:06:01 Test Case "TestHandleProcessRoundScoresRequest/Failure_-_Empty_Scores_List": Waiting for subscriber goroutines to finish.
2025/05/30 09:06:01 Test Case "TestHandleProcessRoundScoresRequest/Failure_-_Empty_Scores_List": Subscriber goroutines finished.
2025/05/30 09:06:01 Running score handler test cleanup...
2025/05/30 09:06:02 Error closing Score module: error closing ScoreRouter: router close timeout
2025/05/30 09:06:02 Score handler router goroutine finished.
2025/05/30 09:06:02 Score handler test cleanup finished.
2025/05/30 09:06:02 Cleaning up test environment...
2025/05/30 09:06:02 Context cancelled.
2025/05/30 09:06:02 EventBus closed.
2025/05/30 09:06:02 NATS connection closed.
2025/05/30 09:06:02 DB connection closed.
2025/05/30 09:06:02 🐳 Stopping container: 4522e4eb0a8b
2025/05/30 09:06:03 ✅ Container stopped: 4522e4eb0a8b
2025/05/30 09:06:03 🐳 Terminating container: 4522e4eb0a8b
2025/05/30 09:06:03 🚫 Container terminated: 4522e4eb0a8b
2025/05/30 09:06:03 NATS container terminated.
2025/05/30 09:06:03 🐳 Stopping container: 90d8127093ec
2025/05/30 09:06:04 ✅ Container stopped: 90d8127093ec
2025/05/30 09:06:04 🐳 Terminating container: 90d8127093ec
2025/05/30 09:06:04 🚫 Container terminated: 90d8127093ec
2025/05/30 09:06:04 PostgreSQL container terminated.
2025/05/30 09:06:04 Cleanup complete.
=== RUN   TestHandleProcessRoundScoresRequest/Failure_-_Invalid_Message_Payload
2025/05/30 09:06:04 Starting PostgreSQL container with resource limits...
2025/05/30 09:06:04 🐳 Creating container for image postgres:16-alpine
2025/05/30 09:06:04 ✅ Container created: 34e5ff4e5a65
2025/05/30 09:06:04 🐳 Starting container: 34e5ff4e5a65
2025/05/30 09:06:04 ✅ Container started: 34e5ff4e5a65
2025/05/30 09:06:04 ⏳ Waiting for container id 34e5ff4e5a65 image: postgres:16-alpine. Waiting for: &{timeout:<nil> deadline:0xc000990ce8 Strategies:[0xc00086e120]}
2025/05/30 09:06:08 🔔 Container is ready: 34e5ff4e5a65
2025/05/30 09:06:08 PostgreSQL container started with resource limits and init script. URL: postgres://testuser:testpass@localhost:34094/testdb?sslmode=disable
2025/05/30 09:06:08 Starting NATS container with resource limits...
2025/05/30 09:06:08 🐳 Creating container for image nats:2.10-alpine
2025/05/30 09:06:08 ✅ Container created: 18ee8fe98797
2025/05/30 09:06:08 🐳 Starting container: 18ee8fe98797
2025/05/30 09:06:09 ✅ Container started: 18ee8fe98797
2025/05/30 09:06:09 ⏳ Waiting for container id 18ee8fe98797 image: nats:2.10-alpine. Waiting for: &{timeout:<nil> deadline:0xc000780658 Strategies:[0xc0008b5500 0xc0007e80f0]}
2025/05/30 09:06:12 🔔 Container is ready: 18ee8fe98797
2025/05/30 09:06:12 NATS container started with resource limits. URL: nats://localhost:34106
Creating user table...
User table created successfully!
2025/05/30 09:06:12 Ran user migrations group #1
Creating round table...
Round table created successfully!
2025/05/30 09:06:12 Ran round migrations group #2
Creating score table...
Score table created successfully!
2025/05/30 09:06:12 Ran score migrations group #3
Creating leaderboard table...
Leaderboard table created successfully!
2025/05/30 09:06:12 Ran leaderboard migrations group #4
2025/05/30 09:06:12 All migrations ran successfully
2025/05/30 09:06:12 newDBServiceWithDB - Registering models
2025/05/30 09:06:12 newDBServiceWithDB - Models registered successfully
2025/05/30 09:06:12 newDBServiceWithDB - DBService initialized: &{UserDB:0xc000444248 RoundDB:0xc000444250 ScoreDB:0xc000444258 LeaderboardDB:0xc000444260 db:0xc000777180}
2025/05/30 09:06:12 Truncating tables: scores
2025/05/30 09:06:12 Truncating tables: scores, users, rounds, leaderboards
2025/05/30 09:06:13 Test Case "TestHandleProcessRoundScoresRequest/Failure_-_Invalid_Message_Payload": Canceling subscription context.
2025/05/30 09:06:13 Test Case "TestHandleProcessRoundScoresRequest/Failure_-_Invalid_Message_Payload": Waiting for subscriber goroutines to finish.
2025/05/30 09:06:13 Test Case "TestHandleProcessRoundScoresRequest/Failure_-_Invalid_Message_Payload": Subscriber goroutines finished.
2025/05/30 09:06:13 Running score handler test cleanup...
2025/05/30 09:06:14 Error closing Score module: error closing ScoreRouter: router close timeout
2025/05/30 09:06:14 Score handler router goroutine finished.
2025/05/30 09:06:14 Score handler test cleanup finished.
2025/05/30 09:06:14 Cleaning up test environment...
2025/05/30 09:06:14 Context cancelled.
2025/05/30 09:06:14 EventBus closed.
2025/05/30 09:06:14 NATS connection closed.
2025/05/30 09:06:14 DB connection closed.
2025/05/30 09:06:14 🐳 Stopping container: 18ee8fe98797
2025/05/30 09:06:15 ✅ Container stopped: 18ee8fe98797
2025/05/30 09:06:15 🐳 Terminating container: 18ee8fe98797
2025/05/30 09:06:15 🚫 Container terminated: 18ee8fe98797
2025/05/30 09:06:15 NATS container terminated.
2025/05/30 09:06:15 🐳 Stopping container: 34e5ff4e5a65
2025/05/30 09:06:15 ✅ Container stopped: 34e5ff4e5a65
2025/05/30 09:06:15 🐳 Terminating container: 34e5ff4e5a65
2025/05/30 09:06:15 🚫 Container terminated: 34e5ff4e5a65
2025/05/30 09:06:15 PostgreSQL container terminated.
2025/05/30 09:06:15 Cleanup complete.
--- PASS: TestHandleProcessRoundScoresRequest (35.69s)
    --- PASS: TestHandleProcessRoundScoresRequest/Success_-_Process_Valid_Round_Scores (12.34s)
    --- PASS: TestHandleProcessRoundScoresRequest/Failure_-_Empty_Scores_List (11.78s)
    --- PASS: TestHandleProcessRoundScoresRequest/Failure_-_Invalid_Message_Payload (11.57s)
PASS
coverage: 5.4% of statements in ./app/...
2025/05/30 09:06:15 TestMain: finished with exit code: 0
ok  	github.com/Black-And-White-Club/frolf-bot/integration_tests/modules/score/handler_tests	86.170s	coverage: 5.4% of statements in ./app/...
2025/05/30 09:04:53 TestMain started in package userintegrationtests
=== RUN   TestCreateUser
=== RUN   TestCreateUser/Success_-_Valid_user_creation
2025/05/30 09:04:53 Starting PostgreSQL container with resource limits...
2025/05/30 09:04:53 github.com/testcontainers/testcontainers-go - Connected to docker: 
  Server Version: 28.1.1
  API Version: 1.48
  Operating System: Ubuntu 24.04.1 LTS
  Total Memory: 5923 MB
  Testcontainers for Go Version: v0.37.0
  Resolved Docker Host: unix:///Users/jace/.colima/default/docker.sock
  Resolved Docker Socket Path: /var/run/docker.sock
  Test SessionID: c0f63d1f00c2fccb51afb8b814510550fc1c2073fca77f6d187de417aa37f283
  Test ProcessID: 619bdaf4-e222-4667-b93f-787b95070537
2025/05/30 09:04:53 🐳 Creating container for image postgres:16-alpine
2025/05/30 09:04:53 ⏳ Waiting for Reaper "0fe5cb7f" to be ready
2025/05/30 09:04:53 🔥 Reaper obtained from Docker for this test session 0fe5cb7f
2025/05/30 09:04:53 ✅ Container created: 8d9bb3881453
2025/05/30 09:04:53 🐳 Starting container: 8d9bb3881453
2025/05/30 09:04:54 ✅ Container started: 8d9bb3881453
2025/05/30 09:04:54 ⏳ Waiting for container id 8d9bb3881453 image: postgres:16-alpine. Waiting for: &{timeout:<nil> deadline:0xc0004d4a80 Strategies:[0xc000525260]}
2025/05/30 09:04:59 🔔 Container is ready: 8d9bb3881453
2025/05/30 09:04:59 PostgreSQL container started with resource limits and init script. URL: postgres://testuser:testpass@localhost:33893/testdb?sslmode=disable
2025/05/30 09:04:59 Starting NATS container with resource limits...
2025/05/30 09:04:59 🐳 Creating container for image nats:2.10-alpine
2025/05/30 09:04:59 ✅ Container created: 03e31e3a4878
2025/05/30 09:04:59 🐳 Starting container: 03e31e3a4878
2025/05/30 09:05:00 ✅ Container started: 03e31e3a4878
2025/05/30 09:05:00 ⏳ Waiting for container id 03e31e3a4878 image: nats:2.10-alpine. Waiting for: &{timeout:<nil> deadline:0xc000674cb0 Strategies:[0xc00062cc60 0xc000336030]}
2025/05/30 09:05:05 🔔 Container is ready: 03e31e3a4878
2025/05/30 09:05:05 NATS container started with resource limits. URL: nats://localhost:33913
Creating score table...
Score table created successfully!
2025/05/30 09:05:05 Ran score migrations group #1
Creating leaderboard table...
Leaderboard table created successfully!
2025/05/30 09:05:05 Ran leaderboard migrations group #2
Creating user table...
User table created successfully!
2025/05/30 09:05:05 Ran user migrations group #3
Creating round table...
Round table created successfully!
2025/05/30 09:05:05 Ran round migrations group #4
2025/05/30 09:05:05 All migrations ran successfully
2025/05/30 09:05:05 newDBServiceWithDB - Registering models
2025/05/30 09:05:05 newDBServiceWithDB - Models registered successfully
2025/05/30 09:05:05 newDBServiceWithDB - DBService initialized: &{UserDB:0xc0004b0078 RoundDB:0xc0004b0080 ScoreDB:0xc0004b0088 LeaderboardDB:0xc0004b0090 db:0xc0005c85c0}
2025/05/30 09:05:05 Truncating tables: users
2025/05/30 09:05:05 Truncating tables: users
2025/05/30 09:05:05 Truncating tables: users
2025/05/30 09:05:05 Cleaning up test environment...
2025/05/30 09:05:05 Context cancelled.
2025/05/30 09:05:05 EventBus closed.
2025/05/30 09:05:05 NATS connection closed.
2025/05/30 09:05:05 DB connection closed.
2025/05/30 09:05:05 🐳 Stopping container: 03e31e3a4878
2025/05/30 09:05:06 ✅ Container stopped: 03e31e3a4878
2025/05/30 09:05:06 🐳 Terminating container: 03e31e3a4878
2025/05/30 09:05:06 🚫 Container terminated: 03e31e3a4878
2025/05/30 09:05:06 NATS container terminated.
2025/05/30 09:05:06 🐳 Stopping container: 8d9bb3881453
2025/05/30 09:05:06 ✅ Container stopped: 8d9bb3881453
2025/05/30 09:05:06 🐳 Terminating container: 8d9bb3881453
2025/05/30 09:05:06 🚫 Container terminated: 8d9bb3881453
2025/05/30 09:05:06 PostgreSQL container terminated.
2025/05/30 09:05:06 Cleanup complete.
=== RUN   TestCreateUser/Failure_-_Empty_Discord_ID
2025/05/30 09:05:06 Starting PostgreSQL container with resource limits...
2025/05/30 09:05:06 🐳 Creating container for image postgres:16-alpine
2025/05/30 09:05:07 ✅ Container created: 82e730e7c49d
2025/05/30 09:05:07 🐳 Starting container: 82e730e7c49d
2025/05/30 09:05:08 ✅ Container started: 82e730e7c49d
2025/05/30 09:05:08 ⏳ Waiting for container id 82e730e7c49d image: postgres:16-alpine. Waiting for: &{timeout:<nil> deadline:0xc0003f8070 Strategies:[0xc0004d22d0]}
2025/05/30 09:05:12 🔔 Container is ready: 82e730e7c49d
2025/05/30 09:05:12 PostgreSQL container started with resource limits and init script. URL: postgres://testuser:testpass@localhost:33931/testdb?sslmode=disable
2025/05/30 09:05:12 Starting NATS container with resource limits...
2025/05/30 09:05:12 🐳 Creating container for image nats:2.10-alpine
2025/05/30 09:05:13 ✅ Container created: 1b9735cb052e
2025/05/30 09:05:13 🐳 Starting container: 1b9735cb052e
2025/05/30 09:05:13 ✅ Container started: 1b9735cb052e
2025/05/30 09:05:13 ⏳ Waiting for container id 1b9735cb052e image: nats:2.10-alpine. Waiting for: &{timeout:<nil> deadline:0xc000920a20 Strategies:[0xc0009104e0 0xc0005ef290]}
2025/05/30 09:05:15 🔔 Container is ready: 1b9735cb052e
2025/05/30 09:05:15 NATS container started with resource limits. URL: nats://localhost:33950
Creating user table...
User table created successfully!
2025/05/30 09:05:15 Ran user migrations group #1
Creating round table...
Round table created successfully!
2025/05/30 09:05:15 Ran round migrations group #2
Creating score table...
Score table created successfully!
2025/05/30 09:05:15 Ran score migrations group #3
Creating leaderboard table...
Leaderboard table created successfully!
2025/05/30 09:05:15 Ran leaderboard migrations group #4
2025/05/30 09:05:15 All migrations ran successfully
2025/05/30 09:05:15 newDBServiceWithDB - Registering models
2025/05/30 09:05:15 newDBServiceWithDB - Models registered successfully
2025/05/30 09:05:15 newDBServiceWithDB - DBService initialized: &{UserDB:0xc00054e0d0 RoundDB:0xc00054e0d8 ScoreDB:0xc00054e0e0 LeaderboardDB:0xc00054e0e8 db:0xc0005585c0}
2025/05/30 09:05:15 Truncating tables: users
2025/05/30 09:05:15 Truncating tables: users
2025/05/30 09:05:15 Truncating tables: users
2025/05/30 09:05:15 Cleaning up test environment...
2025/05/30 09:05:15 Context cancelled.
2025/05/30 09:05:15 EventBus closed.
2025/05/30 09:05:15 NATS connection closed.
2025/05/30 09:05:15 DB connection closed.
2025/05/30 09:05:15 🐳 Stopping container: 1b9735cb052e
2025/05/30 09:05:16 ✅ Container stopped: 1b9735cb052e
2025/05/30 09:05:16 🐳 Terminating container: 1b9735cb052e
2025/05/30 09:05:16 🚫 Container terminated: 1b9735cb052e
2025/05/30 09:05:16 NATS container terminated.
2025/05/30 09:05:16 🐳 Stopping container: 82e730e7c49d
2025/05/30 09:05:16 ✅ Container stopped: 82e730e7c49d
2025/05/30 09:05:16 🐳 Terminating container: 82e730e7c49d
2025/05/30 09:05:16 🚫 Container terminated: 82e730e7c49d
2025/05/30 09:05:16 PostgreSQL container terminated.
2025/05/30 09:05:16 Cleanup complete.
=== RUN   TestCreateUser/Failure_-_Negative_tag_number
2025/05/30 09:05:16 Starting PostgreSQL container with resource limits...
2025/05/30 09:05:16 🐳 Creating container for image postgres:16-alpine
2025/05/30 09:05:16 ✅ Container created: f990723d3fd4
2025/05/30 09:05:16 🐳 Starting container: f990723d3fd4
2025/05/30 09:05:17 ✅ Container started: f990723d3fd4
2025/05/30 09:05:17 ⏳ Waiting for container id f990723d3fd4 image: postgres:16-alpine. Waiting for: &{timeout:<nil> deadline:0xc000675c38 Strategies:[0xc0008129f0]}
2025/05/30 09:05:22 🔔 Container is ready: f990723d3fd4
2025/05/30 09:05:22 PostgreSQL container started with resource limits and init script. URL: postgres://testuser:testpass@localhost:33963/testdb?sslmode=disable
2025/05/30 09:05:22 Starting NATS container with resource limits...
2025/05/30 09:05:22 🐳 Creating container for image nats:2.10-alpine
2025/05/30 09:05:22 ✅ Container created: 9c16d3dfd577
2025/05/30 09:05:22 🐳 Starting container: 9c16d3dfd577
2025/05/30 09:05:22 ✅ Container started: 9c16d3dfd577
2025/05/30 09:05:22 ⏳ Waiting for container id 9c16d3dfd577 image: nats:2.10-alpine. Waiting for: &{timeout:<nil> deadline:0xc0004e8ed8 Strategies:[0xc00062cf00 0xc000717710]}
2025/05/30 09:05:24 🔔 Container is ready: 9c16d3dfd577
2025/05/30 09:05:24 NATS container started with resource limits. URL: nats://localhost:33978
Creating user table...
User table created successfully!
2025/05/30 09:05:24 Ran user migrations group #1
Creating round table...
Round table created successfully!
2025/05/30 09:05:24 Ran round migrations group #2
Creating score table...
Score table created successfully!
2025/05/30 09:05:24 Ran score migrations group #3
Creating leaderboard table...
Leaderboard table created successfully!
2025/05/30 09:05:24 Ran leaderboard migrations group #4
2025/05/30 09:05:24 All migrations ran successfully
2025/05/30 09:05:24 newDBServiceWithDB - Registering models
2025/05/30 09:05:24 newDBServiceWithDB - Models registered successfully
2025/05/30 09:05:24 newDBServiceWithDB - DBService initialized: &{UserDB:0xc0006140f0 RoundDB:0xc0006140f8 ScoreDB:0xc000614100 LeaderboardDB:0xc000614108 db:0xc00058f400}
2025/05/30 09:05:24 Truncating tables: users
2025/05/30 09:05:24 Truncating tables: users
2025/05/30 09:05:24 Truncating tables: users
2025/05/30 09:05:24 Cleaning up test environment...
2025/05/30 09:05:24 Context cancelled.
2025/05/30 09:05:24 EventBus closed.
2025/05/30 09:05:24 NATS connection closed.
2025/05/30 09:05:24 DB connection closed.
2025/05/30 09:05:24 🐳 Stopping container: 9c16d3dfd577
2025/05/30 09:05:25 ✅ Container stopped: 9c16d3dfd577
2025/05/30 09:05:25 🐳 Terminating container: 9c16d3dfd577
2025/05/30 09:05:25 🚫 Container terminated: 9c16d3dfd577
2025/05/30 09:05:25 NATS container terminated.
2025/05/30 09:05:25 🐳 Stopping container: f990723d3fd4
2025/05/30 09:05:25 ✅ Container stopped: f990723d3fd4
2025/05/30 09:05:25 🐳 Terminating container: f990723d3fd4
2025/05/30 09:05:25 🚫 Container terminated: f990723d3fd4
2025/05/30 09:05:25 PostgreSQL container terminated.
2025/05/30 09:05:25 Cleanup complete.
=== RUN   TestCreateUser/Success_-_Nil_tag_number
2025/05/30 09:05:25 Starting PostgreSQL container with resource limits...
2025/05/30 09:05:25 🐳 Creating container for image postgres:16-alpine
2025/05/30 09:05:26 ✅ Container created: 5691217f2be6
2025/05/30 09:05:26 🐳 Starting container: 5691217f2be6
2025/05/30 09:05:26 ✅ Container started: 5691217f2be6
2025/05/30 09:05:26 ⏳ Waiting for container id 5691217f2be6 image: postgres:16-alpine. Waiting for: &{timeout:<nil> deadline:0xc0004e94c8 Strategies:[0xc0007169f0]}
2025/05/30 09:05:31 🔔 Container is ready: 5691217f2be6
2025/05/30 09:05:31 PostgreSQL container started with resource limits and init script. URL: postgres://testuser:testpass@localhost:33991/testdb?sslmode=disable
2025/05/30 09:05:31 Starting NATS container with resource limits...
2025/05/30 09:05:31 🐳 Creating container for image nats:2.10-alpine
2025/05/30 09:05:31 ✅ Container created: 26207d49484a
2025/05/30 09:05:31 🐳 Starting container: 26207d49484a
2025/05/30 09:05:32 ✅ Container started: 26207d49484a
2025/05/30 09:05:32 ⏳ Waiting for container id 26207d49484a image: nats:2.10-alpine. Waiting for: &{timeout:<nil> deadline:0xc00058db38 Strategies:[0xc000723080 0xc0004d27e0]}
2025/05/30 09:05:36 🔔 Container is ready: 26207d49484a
2025/05/30 09:05:36 NATS container started with resource limits. URL: nats://localhost:33998
Creating user table...
User table created successfully!
2025/05/30 09:05:36 Ran user migrations group #1
Creating round table...
Round table created successfully!
2025/05/30 09:05:36 Ran round migrations group #2
Creating score table...
Score table created successfully!
2025/05/30 09:05:36 Ran score migrations group #3
Creating leaderboard table...
Leaderboard table created successfully!
2025/05/30 09:05:36 Ran leaderboard migrations group #4
2025/05/30 09:05:36 All migrations ran successfully
2025/05/30 09:05:36 newDBServiceWithDB - Registering models
2025/05/30 09:05:36 newDBServiceWithDB - Models registered successfully
2025/05/30 09:05:36 newDBServiceWithDB - DBService initialized: &{UserDB:0xc00007c8b0 RoundDB:0xc00007c8b8 ScoreDB:0xc00007c8c0 LeaderboardDB:0xc00007c8c8 db:0xc0005c9b00}
2025/05/30 09:05:36 Truncating tables: users
2025/05/30 09:05:36 Truncating tables: users
2025/05/30 09:05:36 Truncating tables: users
2025/05/30 09:05:36 Cleaning up test environment...
2025/05/30 09:05:36 Context cancelled.
2025/05/30 09:05:36 EventBus closed.
2025/05/30 09:05:36 NATS connection closed.
2025/05/30 09:05:36 DB connection closed.
2025/05/30 09:05:36 🐳 Stopping container: 26207d49484a
2025/05/30 09:05:37 ✅ Container stopped: 26207d49484a
2025/05/30 09:05:37 🐳 Terminating container: 26207d49484a
2025/05/30 09:05:37 🚫 Container terminated: 26207d49484a
2025/05/30 09:05:37 NATS container terminated.
2025/05/30 09:05:37 🐳 Stopping container: 5691217f2be6
2025/05/30 09:05:37 ✅ Container stopped: 5691217f2be6
2025/05/30 09:05:37 🐳 Terminating container: 5691217f2be6
2025/05/30 09:05:37 🚫 Container terminated: 5691217f2be6
2025/05/30 09:05:37 PostgreSQL container terminated.
2025/05/30 09:05:37 Cleanup complete.
=== RUN   TestCreateUser/Failure_-_Nil_context
=== RUN   TestCreateUser/Success_-_Large_tag_number
2025/05/30 09:05:37 Starting PostgreSQL container with resource limits...
2025/05/30 09:05:37 🐳 Creating container for image postgres:16-alpine
2025/05/30 09:05:37 ✅ Container created: d798e16ae804
2025/05/30 09:05:37 🐳 Starting container: d798e16ae804
2025/05/30 09:05:38 ✅ Container started: d798e16ae804
2025/05/30 09:05:38 ⏳ Waiting for container id d798e16ae804 image: postgres:16-alpine. Waiting for: &{timeout:<nil> deadline:0xc000348e18 Strategies:[0xc000150810]}
2025/05/30 09:05:42 🔔 Container is ready: d798e16ae804
2025/05/30 09:05:42 PostgreSQL container started with resource limits and init script. URL: postgres://testuser:testpass@localhost:34023/testdb?sslmode=disable
2025/05/30 09:05:42 Starting NATS container with resource limits...
2025/05/30 09:05:42 🐳 Creating container for image nats:2.10-alpine
2025/05/30 09:05:42 ✅ Container created: 04f199dc2321
2025/05/30 09:05:42 🐳 Starting container: 04f199dc2321
2025/05/30 09:05:43 ✅ Container started: 04f199dc2321
2025/05/30 09:05:43 ⏳ Waiting for container id 04f199dc2321 image: nats:2.10-alpine. Waiting for: &{timeout:<nil> deadline:0xc0003f9bc0 Strategies:[0xc00062d860 0xc0004d2ab0]}
2025/05/30 09:05:45 🔔 Container is ready: 04f199dc2321
2025/05/30 09:05:45 NATS container started with resource limits. URL: nats://localhost:34035
Creating user table...
User table created successfully!
2025/05/30 09:05:45 Ran user migrations group #1
Creating round table...
Round table created successfully!
2025/05/30 09:05:45 Ran round migrations group #2
Creating score table...
Score table created successfully!
2025/05/30 09:05:45 Ran score migrations group #3
Creating leaderboard table...
Leaderboard table created successfully!
2025/05/30 09:05:45 Ran leaderboard migrations group #4
2025/05/30 09:05:45 All migrations ran successfully
2025/05/30 09:05:45 newDBServiceWithDB - Registering models
2025/05/30 09:05:45 newDBServiceWithDB - Models registered successfully
2025/05/30 09:05:45 newDBServiceWithDB - DBService initialized: &{UserDB:0xc0005ac2c8 RoundDB:0xc0005ac2d0 ScoreDB:0xc0005ac2d8 LeaderboardDB:0xc0005ac2e0 db:0xc0003f5780}
2025/05/30 09:05:45 Truncating tables: users
2025/05/30 09:05:45 Truncating tables: users
2025/05/30 09:05:45 Truncating tables: users
2025/05/30 09:05:45 Cleaning up test environment...
2025/05/30 09:05:45 Context cancelled.
2025/05/30 09:05:45 EventBus closed.
2025/05/30 09:05:45 NATS connection closed.
2025/05/30 09:05:45 DB connection closed.
2025/05/30 09:05:45 🐳 Stopping container: 04f199dc2321
2025/05/30 09:05:46 ✅ Container stopped: 04f199dc2321
2025/05/30 09:05:46 🐳 Terminating container: 04f199dc2321
2025/05/30 09:05:46 🚫 Container terminated: 04f199dc2321
2025/05/30 09:05:46 NATS container terminated.
2025/05/30 09:05:46 🐳 Stopping container: d798e16ae804
2025/05/30 09:05:46 ✅ Container stopped: d798e16ae804
2025/05/30 09:05:46 🐳 Terminating container: d798e16ae804
2025/05/30 09:05:46 🚫 Container terminated: d798e16ae804
2025/05/30 09:05:46 PostgreSQL container terminated.
2025/05/30 09:05:46 Cleanup complete.
=== RUN   TestCreateUser/Failure_-_User_already_exists
2025/05/30 09:05:46 Starting PostgreSQL container with resource limits...
2025/05/30 09:05:46 🐳 Creating container for image postgres:16-alpine
2025/05/30 09:05:46 ✅ Container created: 41cda0438f79
2025/05/30 09:05:46 🐳 Starting container: 41cda0438f79
2025/05/30 09:05:47 ✅ Container started: 41cda0438f79
2025/05/30 09:05:47 ⏳ Waiting for container id 41cda0438f79 image: postgres:16-alpine. Waiting for: &{timeout:<nil> deadline:0xc0004e8ce8 Strategies:[0xc000150000]}
2025/05/30 09:05:50 🔔 Container is ready: 41cda0438f79
2025/05/30 09:05:50 PostgreSQL container started with resource limits and init script. URL: postgres://testuser:testpass@localhost:34051/testdb?sslmode=disable
2025/05/30 09:05:50 Starting NATS container with resource limits...
2025/05/30 09:05:50 🐳 Creating container for image nats:2.10-alpine
2025/05/30 09:05:51 ✅ Container created: da1af7ab574f
2025/05/30 09:05:51 🐳 Starting container: da1af7ab574f
2025/05/30 09:05:51 ✅ Container started: da1af7ab574f
2025/05/30 09:05:51 ⏳ Waiting for container id da1af7ab574f image: nats:2.10-alpine. Waiting for: &{timeout:<nil> deadline:0xc000674fb0 Strategies:[0xc0005e00c0 0xc000812300]}
2025/05/30 09:05:55 🔔 Container is ready: da1af7ab574f
2025/05/30 09:05:55 NATS container started with resource limits. URL: nats://localhost:34059
Creating user table...
User table created successfully!
2025/05/30 09:05:55 Ran user migrations group #1
Creating round table...
Round table created successfully!
2025/05/30 09:05:55 Ran round migrations group #2
Creating score table...
Score table created successfully!
2025/05/30 09:05:55 Ran score migrations group #3
Creating leaderboard table...
Leaderboard table created successfully!
2025/05/30 09:05:55 Ran leaderboard migrations group #4
2025/05/30 09:05:55 All migrations ran successfully
2025/05/30 09:05:55 newDBServiceWithDB - Registering models
2025/05/30 09:05:55 newDBServiceWithDB - Models registered successfully
2025/05/30 09:05:55 newDBServiceWithDB - DBService initialized: &{UserDB:0xc0005ac280 RoundDB:0xc0005ac288 ScoreDB:0xc0005ac298 LeaderboardDB:0xc0005ac2a0 db:0xc000559600}
2025/05/30 09:05:55 Truncating tables: users
2025/05/30 09:05:55 Truncating tables: users
2025/05/30 09:05:55 Truncating tables: users
2025/05/30 09:05:55 Cleaning up test environment...
2025/05/30 09:05:55 Context cancelled.
2025/05/30 09:05:55 EventBus closed.
2025/05/30 09:05:55 NATS connection closed.
2025/05/30 09:05:55 DB connection closed.
2025/05/30 09:05:55 🐳 Stopping container: da1af7ab574f
2025/05/30 09:05:56 ✅ Container stopped: da1af7ab574f
2025/05/30 09:05:56 🐳 Terminating container: da1af7ab574f
2025/05/30 09:05:56 🚫 Container terminated: da1af7ab574f
2025/05/30 09:05:56 NATS container terminated.
2025/05/30 09:05:56 🐳 Stopping container: 41cda0438f79
2025/05/30 09:05:57 ✅ Container stopped: 41cda0438f79
2025/05/30 09:05:57 🐳 Terminating container: 41cda0438f79
2025/05/30 09:05:57 🚫 Container terminated: 41cda0438f79
2025/05/30 09:05:57 PostgreSQL container terminated.
2025/05/30 09:05:57 Cleanup complete.
--- PASS: TestCreateUser (64.15s)
    --- PASS: TestCreateUser/Success_-_Valid_user_creation (13.68s)
    --- PASS: TestCreateUser/Failure_-_Empty_Discord_ID (9.79s)
    --- PASS: TestCreateUser/Failure_-_Negative_tag_number (9.23s)
    --- PASS: TestCreateUser/Success_-_Nil_tag_number (11.74s)
    --- PASS: TestCreateUser/Failure_-_Nil_context (0.00s)
    --- PASS: TestCreateUser/Success_-_Large_tag_number (9.02s)
    --- PASS: TestCreateUser/Failure_-_User_already_exists (10.69s)
=== RUN   TestGetUser
=== RUN   TestGetUser/Success_-_User_exists
2025/05/30 09:05:57 Starting PostgreSQL container with resource limits...
2025/05/30 09:05:57 🐳 Creating container for image postgres:16-alpine
2025/05/30 09:05:57 ✅ Container created: 294c9d760a4b
2025/05/30 09:05:57 🐳 Starting container: 294c9d760a4b
2025/05/30 09:05:57 ✅ Container started: 294c9d760a4b
2025/05/30 09:05:57 ⏳ Waiting for container id 294c9d760a4b image: postgres:16-alpine. Waiting for: &{timeout:<nil> deadline:0xc0003f8970 Strategies:[0xc0007179b0]}
2025/05/30 09:06:00 🔔 Container is ready: 294c9d760a4b
2025/05/30 09:06:00 PostgreSQL container started with resource limits and init script. URL: postgres://testuser:testpass@localhost:34078/testdb?sslmode=disable
2025/05/30 09:06:00 Starting NATS container with resource limits...
2025/05/30 09:06:00 🐳 Creating container for image nats:2.10-alpine
2025/05/30 09:06:01 ✅ Container created: f09239295462
2025/05/30 09:06:01 🐳 Starting container: f09239295462
2025/05/30 09:06:01 ✅ Container started: f09239295462
2025/05/30 09:06:01 ⏳ Waiting for container id f09239295462 image: nats:2.10-alpine. Waiting for: &{timeout:<nil> deadline:0xc000348668 Strategies:[0xc00078f200 0xc0005b0600]}
2025/05/30 09:06:02 🔔 Container is ready: f09239295462
2025/05/30 09:06:02 NATS container started with resource limits. URL: nats://localhost:34086
Creating user table...
User table created successfully!
2025/05/30 09:06:02 Ran user migrations group #1
Creating round table...
Round table created successfully!
2025/05/30 09:06:02 Ran round migrations group #2
Creating score table...
Score table created successfully!
2025/05/30 09:06:02 Ran score migrations group #3
Creating leaderboard table...
Leaderboard table created successfully!
2025/05/30 09:06:02 Ran leaderboard migrations group #4
2025/05/30 09:06:02 All migrations ran successfully
2025/05/30 09:06:02 newDBServiceWithDB - Registering models
2025/05/30 09:06:02 newDBServiceWithDB - Models registered successfully
2025/05/30 09:06:02 newDBServiceWithDB - DBService initialized: &{UserDB:0xc00054e350 RoundDB:0xc00054e358 ScoreDB:0xc00054e360 LeaderboardDB:0xc00054e388 db:0xc000558e40}
2025/05/30 09:06:02 Truncating tables: users
2025/05/30 09:06:02 Truncating tables: users
2025/05/30 09:06:02 Truncating tables: users
2025/05/30 09:06:02 Cleaning up test environment...
2025/05/30 09:06:02 Context cancelled.
2025/05/30 09:06:02 EventBus closed.
2025/05/30 09:06:02 NATS connection closed.
2025/05/30 09:06:02 DB connection closed.
2025/05/30 09:06:02 🐳 Stopping container: f09239295462
2025/05/30 09:06:03 ✅ Container stopped: f09239295462
2025/05/30 09:06:03 🐳 Terminating container: f09239295462
2025/05/30 09:06:03 🚫 Container terminated: f09239295462
2025/05/30 09:06:03 NATS container terminated.
2025/05/30 09:06:03 🐳 Stopping container: 294c9d760a4b
2025/05/30 09:06:04 ✅ Container stopped: 294c9d760a4b
2025/05/30 09:06:04 🐳 Terminating container: 294c9d760a4b
2025/05/30 09:06:04 🚫 Container terminated: 294c9d760a4b
2025/05/30 09:06:04 PostgreSQL container terminated.
2025/05/30 09:06:04 Cleanup complete.
=== RUN   TestGetUser/Failure_-_User_does_not_exist
2025/05/30 09:06:04 Starting PostgreSQL container with resource limits...
2025/05/30 09:06:04 🐳 Creating container for image postgres:16-alpine
2025/05/30 09:06:04 ✅ Container created: df09da270a57
2025/05/30 09:06:04 🐳 Starting container: df09da270a57
2025/05/30 09:06:04 ✅ Container started: df09da270a57
2025/05/30 09:06:04 ⏳ Waiting for container id df09da270a57 image: postgres:16-alpine. Waiting for: &{timeout:<nil> deadline:0xc00045c270 Strategies:[0xc0003f2b70]}
2025/05/30 09:06:08 🔔 Container is ready: df09da270a57
2025/05/30 09:06:08 PostgreSQL container started with resource limits and init script. URL: postgres://testuser:testpass@localhost:34095/testdb?sslmode=disable
2025/05/30 09:06:08 Starting NATS container with resource limits...
2025/05/30 09:06:08 🐳 Creating container for image nats:2.10-alpine
2025/05/30 09:06:08 ✅ Container created: 04e3fef048fe
2025/05/30 09:06:08 🐳 Starting container: 04e3fef048fe
2025/05/30 09:06:09 ✅ Container started: 04e3fef048fe
2025/05/30 09:06:09 ⏳ Waiting for container id 04e3fef048fe image: nats:2.10-alpine. Waiting for: &{timeout:<nil> deadline:0xc00045c478 Strategies:[0xc0005e0ea0 0xc0003f26f0]}
2025/05/30 09:06:12 🔔 Container is ready: 04e3fef048fe
2025/05/30 09:06:12 NATS container started with resource limits. URL: nats://localhost:34103
Creating round table...
Round table created successfully!
2025/05/30 09:06:12 Ran round migrations group #1
Creating score table...
Score table created successfully!
2025/05/30 09:06:12 Ran score migrations group #2
Creating leaderboard table...
Leaderboard table created successfully!
2025/05/30 09:06:12 Ran leaderboard migrations group #3
Creating user table...
User table created successfully!
2025/05/30 09:06:12 Ran user migrations group #4
2025/05/30 09:06:12 All migrations ran successfully
2025/05/30 09:06:12 newDBServiceWithDB - Registering models
2025/05/30 09:06:12 newDBServiceWithDB - Models registered successfully
2025/05/30 09:06:12 newDBServiceWithDB - DBService initialized: &{UserDB:0xc00054e268 RoundDB:0xc00054e270 ScoreDB:0xc00054e278 LeaderboardDB:0xc00054e280 db:0xc0004a0c80}
2025/05/30 09:06:13 Truncating tables: users
2025/05/30 09:06:13 Truncating tables: users
2025/05/30 09:06:13 Truncating tables: users
2025/05/30 09:06:13 Truncating tables: users
2025/05/30 09:06:13 Cleaning up test environment...
2025/05/30 09:06:13 Context cancelled.
2025/05/30 09:06:13 EventBus closed.
2025/05/30 09:06:13 NATS connection closed.
2025/05/30 09:06:13 DB connection closed.
2025/05/30 09:06:13 🐳 Stopping container: 04e3fef048fe
2025/05/30 09:06:13 ✅ Container stopped: 04e3fef048fe
2025/05/30 09:06:13 🐳 Terminating container: 04e3fef048fe
2025/05/30 09:06:13 🚫 Container terminated: 04e3fef048fe
2025/05/30 09:06:13 NATS container terminated.
2025/05/30 09:06:13 🐳 Stopping container: df09da270a57
2025/05/30 09:06:13 ✅ Container stopped: df09da270a57
2025/05/30 09:06:13 🐳 Terminating container: df09da270a57
2025/05/30 09:06:13 🚫 Container terminated: df09da270a57
2025/05/30 09:06:13 PostgreSQL container terminated.
2025/05/30 09:06:13 Cleanup complete.
=== RUN   TestGetUser/Failure_-_Empty_Discord_ID
2025/05/30 09:06:13 Starting PostgreSQL container with resource limits...
2025/05/30 09:06:13 🐳 Creating container for image postgres:16-alpine
2025/05/30 09:06:14 ✅ Container created: 3dc032b4b11f
2025/05/30 09:06:14 🐳 Starting container: 3dc032b4b11f
2025/05/30 09:06:14 ✅ Container started: 3dc032b4b11f
2025/05/30 09:06:14 ⏳ Waiting for container id 3dc032b4b11f image: postgres:16-alpine. Waiting for: &{timeout:<nil> deadline:0xc000348ee8 Strategies:[0xc000288b70]}
2025/05/30 09:06:17 🔔 Container is ready: 3dc032b4b11f
2025/05/30 09:06:17 PostgreSQL container started with resource limits and init script. URL: postgres://testuser:testpass@localhost:34118/testdb?sslmode=disable
2025/05/30 09:06:17 Starting NATS container with resource limits...
2025/05/30 09:06:17 🐳 Creating container for image nats:2.10-alpine
2025/05/30 09:06:17 ✅ Container created: a545ab82d7a7
2025/05/30 09:06:17 🐳 Starting container: a545ab82d7a7
2025/05/30 09:06:17 ✅ Container started: a545ab82d7a7
2025/05/30 09:06:17 ⏳ Waiting for container id a545ab82d7a7 image: nats:2.10-alpine. Waiting for: &{timeout:<nil> deadline:0xc0003f8dc0 Strategies:[0xc0001193e0 0xc0008138c0]}
2025/05/30 09:06:20 🔔 Container is ready: a545ab82d7a7
2025/05/30 09:06:20 NATS container started with resource limits. URL: nats://localhost:34123
Creating round table...
Round table created successfully!
2025/05/30 09:06:21 Ran round migrations group #1
Creating score table...
Score table created successfully!
2025/05/30 09:06:21 Ran score migrations group #2
Creating leaderboard table...
Leaderboard table created successfully!
2025/05/30 09:06:21 Ran leaderboard migrations group #3
Creating user table...
User table created successfully!
2025/05/30 09:06:21 Ran user migrations group #4
2025/05/30 09:06:21 All migrations ran successfully
2025/05/30 09:06:21 newDBServiceWithDB - Registering models
2025/05/30 09:06:21 newDBServiceWithDB - Models registered successfully
2025/05/30 09:06:21 newDBServiceWithDB - DBService initialized: &{UserDB:0xc00054e0e0 RoundDB:0xc00054e0e8 ScoreDB:0xc00054e0f0 LeaderboardDB:0xc00054e0f8 db:0xc0002bb000}
2025/05/30 09:06:21 Truncating tables: users
2025/05/30 09:06:21 Truncating tables: users
2025/05/30 09:06:21 Truncating tables: users
2025/05/30 09:06:21 Cleaning up test environment...
2025/05/30 09:06:21 Context cancelled.
2025/05/30 09:06:21 EventBus closed.
2025/05/30 09:06:21 NATS connection closed.
2025/05/30 09:06:21 DB connection closed.
2025/05/30 09:06:21 🐳 Stopping container: a545ab82d7a7
2025/05/30 09:06:21 ✅ Container stopped: a545ab82d7a7
2025/05/30 09:06:21 🐳 Terminating container: a545ab82d7a7
2025/05/30 09:06:21 🚫 Container terminated: a545ab82d7a7
2025/05/30 09:06:21 NATS container terminated.
2025/05/30 09:06:21 🐳 Stopping container: 3dc032b4b11f
2025/05/30 09:06:22 ✅ Container stopped: 3dc032b4b11f
2025/05/30 09:06:22 🐳 Terminating container: 3dc032b4b11f
2025/05/30 09:06:22 🚫 Container terminated: 3dc032b4b11f
2025/05/30 09:06:22 PostgreSQL container terminated.
2025/05/30 09:06:22 Cleanup complete.
--- PASS: TestGetUser (24.66s)
    --- PASS: TestGetUser/Success_-_User_exists (6.65s)
    --- PASS: TestGetUser/Failure_-_User_does_not_exist (9.85s)
    --- PASS: TestGetUser/Failure_-_Empty_Discord_ID (8.16s)
=== RUN   TestGetUserRole
=== RUN   TestGetUserRole/Success_-_Valid_user_role
2025/05/30 09:06:22 Starting PostgreSQL container with resource limits...
2025/05/30 09:06:22 🐳 Creating container for image postgres:16-alpine
2025/05/30 09:06:22 ✅ Container created: b5554a428bf1
2025/05/30 09:06:22 🐳 Starting container: b5554a428bf1
2025/05/30 09:06:22 ✅ Container started: b5554a428bf1
2025/05/30 09:06:22 ⏳ Waiting for container id b5554a428bf1 image: postgres:16-alpine. Waiting for: &{timeout:<nil> deadline:0xc000348de0 Strategies:[0xc0002881b0]}
2025/05/30 09:06:25 🔔 Container is ready: b5554a428bf1
2025/05/30 09:06:25 PostgreSQL container started with resource limits and init script. URL: postgres://testuser:testpass@localhost:34138/testdb?sslmode=disable
2025/05/30 09:06:25 Starting NATS container with resource limits...
2025/05/30 09:06:25 🐳 Creating container for image nats:2.10-alpine
2025/05/30 09:06:25 ✅ Container created: a586c77dd8fd
2025/05/30 09:06:25 🐳 Starting container: a586c77dd8fd
2025/05/30 09:06:25 ✅ Container started: a586c77dd8fd
2025/05/30 09:06:25 ⏳ Waiting for container id a586c77dd8fd image: nats:2.10-alpine. Waiting for: &{timeout:<nil> deadline:0xc0003f9d28 Strategies:[0xc00078fec0 0xc0002bdb00]}
2025/05/30 09:06:26 🔔 Container is ready: a586c77dd8fd
2025/05/30 09:06:26 NATS container started with resource limits. URL: nats://localhost:34140
Creating user table...
User table created successfully!
2025/05/30 09:06:26 Ran user migrations group #1
Creating round table...
Round table created successfully!
2025/05/30 09:06:26 Ran round migrations group #2
Creating score table...
Score table created successfully!
2025/05/30 09:06:26 Ran score migrations group #3
Creating leaderboard table...
Leaderboard table created successfully!
2025/05/30 09:06:26 Ran leaderboard migrations group #4
2025/05/30 09:06:26 All migrations ran successfully
2025/05/30 09:06:26 newDBServiceWithDB - Registering models
2025/05/30 09:06:26 newDBServiceWithDB - Models registered successfully
2025/05/30 09:06:26 newDBServiceWithDB - DBService initialized: &{UserDB:0xc0005ac200 RoundDB:0xc0005ac208 ScoreDB:0xc0005ac210 LeaderboardDB:0xc0005ac218 db:0xc000702a40}
2025/05/30 09:06:26 Truncating tables: users
2025/05/30 09:06:26 Truncating tables: users
2025/05/30 09:06:26 Truncating tables: users
2025/05/30 09:06:26 Cleaning up test environment...
2025/05/30 09:06:26 Context cancelled.
2025/05/30 09:06:26 EventBus closed.
2025/05/30 09:06:26 NATS connection closed.
2025/05/30 09:06:26 DB connection closed.
2025/05/30 09:06:26 🐳 Stopping container: a586c77dd8fd
2025/05/30 09:06:27 ✅ Container stopped: a586c77dd8fd
2025/05/30 09:06:27 🐳 Terminating container: a586c77dd8fd
2025/05/30 09:06:27 🚫 Container terminated: a586c77dd8fd
2025/05/30 09:06:27 NATS container terminated.
2025/05/30 09:06:27 🐳 Stopping container: b5554a428bf1
2025/05/30 09:06:27 ✅ Container stopped: b5554a428bf1
2025/05/30 09:06:27 🐳 Terminating container: b5554a428bf1
2025/05/30 09:06:27 🚫 Container terminated: b5554a428bf1
2025/05/30 09:06:27 PostgreSQL container terminated.
2025/05/30 09:06:27 Cleanup complete.
=== RUN   TestGetUserRole/Failure_-_User_does_not_exist
2025/05/30 09:06:27 Starting PostgreSQL container with resource limits...
2025/05/30 09:06:27 🐳 Creating container for image postgres:16-alpine
2025/05/30 09:06:27 ✅ Container created: dcfbf05a7e2a
2025/05/30 09:06:27 🐳 Starting container: dcfbf05a7e2a
2025/05/30 09:06:28 ✅ Container started: dcfbf05a7e2a
2025/05/30 09:06:28 ⏳ Waiting for container id dcfbf05a7e2a image: postgres:16-alpine. Waiting for: &{timeout:<nil> deadline:0xc0004e81b0 Strategies:[0xc0004d27e0]}
2025/05/30 09:06:31 🔔 Container is ready: dcfbf05a7e2a
2025/05/30 09:06:31 PostgreSQL container started with resource limits and init script. URL: postgres://testuser:testpass@localhost:34155/testdb?sslmode=disable
2025/05/30 09:06:31 Starting NATS container with resource limits...
2025/05/30 09:06:31 🐳 Creating container for image nats:2.10-alpine
2025/05/30 09:06:31 ✅ Container created: 273d6795f6fb
2025/05/30 09:06:31 🐳 Starting container: 273d6795f6fb
2025/05/30 09:06:31 ✅ Container started: 273d6795f6fb
2025/05/30 09:06:31 ⏳ Waiting for container id 273d6795f6fb image: nats:2.10-alpine. Waiting for: &{timeout:<nil> deadline:0xc000306db8 Strategies:[0xc0005e0e40 0xc0005251a0]}
2025/05/30 09:06:32 🔔 Container is ready: 273d6795f6fb
2025/05/30 09:06:32 NATS container started with resource limits. URL: nats://localhost:34161
Creating user table...
User table created successfully!
2025/05/30 09:06:32 Ran user migrations group #1
Creating round table...
Round table created successfully!
2025/05/30 09:06:32 Ran round migrations group #2
Creating score table...
Score table created successfully!
2025/05/30 09:06:33 Ran score migrations group #3
Creating leaderboard table...
Leaderboard table created successfully!
2025/05/30 09:06:33 Ran leaderboard migrations group #4
2025/05/30 09:06:33 All migrations ran successfully
2025/05/30 09:06:33 newDBServiceWithDB - Registering models
2025/05/30 09:06:33 newDBServiceWithDB - Models registered successfully
2025/05/30 09:06:33 newDBServiceWithDB - DBService initialized: &{UserDB:0xc00007c860 RoundDB:0xc00007c868 ScoreDB:0xc00007c870 LeaderboardDB:0xc00007c878 db:0xc00058f880}
2025/05/30 09:06:33 Truncating tables: users
2025/05/30 09:06:33 Truncating tables: users
2025/05/30 09:06:33 Truncating tables: users
2025/05/30 09:06:33 Truncating tables: users
2025/05/30 09:06:33 Cleaning up test environment...
2025/05/30 09:06:33 Context cancelled.
2025/05/30 09:06:33 EventBus closed.
2025/05/30 09:06:33 NATS connection closed.
2025/05/30 09:06:33 DB connection closed.
2025/05/30 09:06:33 🐳 Stopping container: 273d6795f6fb
2025/05/30 09:06:33 ✅ Container stopped: 273d6795f6fb
2025/05/30 09:06:33 🐳 Terminating container: 273d6795f6fb
2025/05/30 09:06:33 🚫 Container terminated: 273d6795f6fb
2025/05/30 09:06:33 NATS container terminated.
2025/05/30 09:06:33 🐳 Stopping container: dcfbf05a7e2a
2025/05/30 09:06:34 ✅ Container stopped: dcfbf05a7e2a
2025/05/30 09:06:34 🐳 Terminating container: dcfbf05a7e2a
2025/05/30 09:06:34 🚫 Container terminated: dcfbf05a7e2a
2025/05/30 09:06:34 PostgreSQL container terminated.
2025/05/30 09:06:34 Cleanup complete.
=== RUN   TestGetUserRole/Failure_-_Nil_context
--- PASS: TestGetUserRole (12.16s)
    --- PASS: TestGetUserRole/Success_-_Valid_user_role (5.74s)
    --- PASS: TestGetUserRole/Failure_-_User_does_not_exist (6.42s)
    --- PASS: TestGetUserRole/Failure_-_Nil_context (0.00s)
=== RUN   TestUpdateUserRoleInDatabase
=== RUN   TestUpdateUserRoleInDatabase/Success_-_Update_user_role
2025/05/30 09:06:34 Starting PostgreSQL container with resource limits...
2025/05/30 09:06:34 🐳 Creating container for image postgres:16-alpine
2025/05/30 09:06:34 ✅ Container created: 4a5247d62b2b
2025/05/30 09:06:34 🐳 Starting container: 4a5247d62b2b
2025/05/30 09:06:34 ✅ Container started: 4a5247d62b2b
2025/05/30 09:06:34 ⏳ Waiting for container id 4a5247d62b2b image: postgres:16-alpine. Waiting for: &{timeout:<nil> deadline:0xc0004d4ec0 Strategies:[0xc0005251d0]}
2025/05/30 09:06:37 🔔 Container is ready: 4a5247d62b2b
2025/05/30 09:06:37 PostgreSQL container started with resource limits and init script. URL: postgres://testuser:testpass@localhost:34173/testdb?sslmode=disable
2025/05/30 09:06:37 Starting NATS container with resource limits...
2025/05/30 09:06:37 🐳 Creating container for image nats:2.10-alpine
2025/05/30 09:06:37 ✅ Container created: ac674971e306
2025/05/30 09:06:37 🐳 Starting container: ac674971e306
2025/05/30 09:06:38 ✅ Container started: ac674971e306
2025/05/30 09:06:38 ⏳ Waiting for container id ac674971e306 image: nats:2.10-alpine. Waiting for: &{timeout:<nil> deadline:0xc0003072a0 Strategies:[0xc000518cc0 0xc000336f90]}
2025/05/30 09:06:38 🔔 Container is ready: ac674971e306
2025/05/30 09:06:38 NATS container started with resource limits. URL: nats://localhost:34179
Creating user table...
User table created successfully!
2025/05/30 09:06:38 Ran user migrations group #1
Creating round table...
Round table created successfully!
2025/05/30 09:06:38 Ran round migrations group #2
Creating score table...
Score table created successfully!
2025/05/30 09:06:38 Ran score migrations group #3
Creating leaderboard table...
Leaderboard table created successfully!
2025/05/30 09:06:38 Ran leaderboard migrations group #4
2025/05/30 09:06:38 All migrations ran successfully
2025/05/30 09:06:38 newDBServiceWithDB - Registering models
2025/05/30 09:06:38 newDBServiceWithDB - Models registered successfully
2025/05/30 09:06:38 newDBServiceWithDB - DBService initialized: &{UserDB:0xc00007c6d8 RoundDB:0xc00007c6e0 ScoreDB:0xc00007c6e8 LeaderboardDB:0xc00007c6f0 db:0xc00058f580}
2025/05/30 09:06:38 Truncating tables: users
2025/05/30 09:06:38 Truncating tables: users
2025/05/30 09:06:38 Truncating tables: users
2025/05/30 09:06:38 Truncating tables: users
2025/05/30 09:06:38 Truncating tables: users
2025/05/30 09:06:38 Cleaning up test environment...
2025/05/30 09:06:38 Context cancelled.
2025/05/30 09:06:38 EventBus closed.
2025/05/30 09:06:38 NATS connection closed.
2025/05/30 09:06:38 DB connection closed.
2025/05/30 09:06:38 🐳 Stopping container: ac674971e306
2025/05/30 09:06:39 ✅ Container stopped: ac674971e306
2025/05/30 09:06:39 🐳 Terminating container: ac674971e306
2025/05/30 09:06:39 🚫 Container terminated: ac674971e306
2025/05/30 09:06:39 NATS container terminated.
2025/05/30 09:06:39 🐳 Stopping container: 4a5247d62b2b
2025/05/30 09:06:39 ✅ Container stopped: 4a5247d62b2b
2025/05/30 09:06:39 🐳 Terminating container: 4a5247d62b2b
2025/05/30 09:06:39 🚫 Container terminated: 4a5247d62b2b
2025/05/30 09:06:39 PostgreSQL container terminated.
2025/05/30 09:06:39 Cleanup complete.
=== RUN   TestUpdateUserRoleInDatabase/Failure_-_Invalid_role
2025/05/30 09:06:39 Starting PostgreSQL container with resource limits...
2025/05/30 09:06:39 🐳 Creating container for image postgres:16-alpine
2025/05/30 09:06:39 ✅ Container created: 966d2a5e7cbd
2025/05/30 09:06:39 🐳 Starting container: 966d2a5e7cbd
2025/05/30 09:06:40 ✅ Container started: 966d2a5e7cbd
2025/05/30 09:06:40 ⏳ Waiting for container id 966d2a5e7cbd image: postgres:16-alpine. Waiting for: &{timeout:<nil> deadline:0xc00037f878 Strategies:[0xc0005c35c0]}
2025/05/30 09:06:42 🔔 Container is ready: 966d2a5e7cbd
2025/05/30 09:06:42 PostgreSQL container started with resource limits and init script. URL: postgres://testuser:testpass@localhost:34188/testdb?sslmode=disable
2025/05/30 09:06:42 Starting NATS container with resource limits...
2025/05/30 09:06:42 🐳 Creating container for image nats:2.10-alpine
2025/05/30 09:06:42 ✅ Container created: 786d1de5bb35
2025/05/30 09:06:42 🐳 Starting container: 786d1de5bb35
2025/05/30 09:06:43 ✅ Container started: 786d1de5bb35
2025/05/30 09:06:43 ⏳ Waiting for container id 786d1de5bb35 image: nats:2.10-alpine. Waiting for: &{timeout:<nil> deadline:0xc000675870 Strategies:[0xc00062d4a0 0xc0008131d0]}
2025/05/30 09:06:44 🔔 Container is ready: 786d1de5bb35
2025/05/30 09:06:44 NATS container started with resource limits. URL: nats://localhost:34191
Creating user table...
User table created successfully!
2025/05/30 09:06:45 Ran user migrations group #1
Creating round table...
Round table created successfully!
2025/05/30 09:06:45 Ran round migrations group #2
Creating score table...
Score table created successfully!
2025/05/30 09:06:45 Ran score migrations group #3
Creating leaderboard table...
Leaderboard table created successfully!
2025/05/30 09:06:45 Ran leaderboard migrations group #4
2025/05/30 09:06:45 All migrations ran successfully
2025/05/30 09:06:45 newDBServiceWithDB - Registering models
2025/05/30 09:06:45 newDBServiceWithDB - Models registered successfully
2025/05/30 09:06:45 newDBServiceWithDB - DBService initialized: &{UserDB:0xc0005ac168 RoundDB:0xc0005ac170 ScoreDB:0xc0005ac178 LeaderboardDB:0xc0005ac1a0 db:0xc0003f4cc0}
2025/05/30 09:06:45 Truncating tables: users
2025/05/30 09:06:45 Truncating tables: users
2025/05/30 09:06:45 Truncating tables: users
2025/05/30 09:06:45 Truncating tables: users
2025/05/30 09:06:45 Cleaning up test environment...
2025/05/30 09:06:45 Context cancelled.
2025/05/30 09:06:45 EventBus closed.
2025/05/30 09:06:45 NATS connection closed.
2025/05/30 09:06:45 DB connection closed.
2025/05/30 09:06:45 🐳 Stopping container: 786d1de5bb35
2025/05/30 09:06:45 ✅ Container stopped: 786d1de5bb35
2025/05/30 09:06:45 🐳 Terminating container: 786d1de5bb35
2025/05/30 09:06:45 🚫 Container terminated: 786d1de5bb35
2025/05/30 09:06:45 NATS container terminated.
2025/05/30 09:06:45 🐳 Stopping container: 966d2a5e7cbd
2025/05/30 09:06:46 ✅ Container stopped: 966d2a5e7cbd
2025/05/30 09:06:46 🐳 Terminating container: 966d2a5e7cbd
2025/05/30 09:06:46 🚫 Container terminated: 966d2a5e7cbd
2025/05/30 09:06:46 PostgreSQL container terminated.
2025/05/30 09:06:46 Cleanup complete.
=== RUN   TestUpdateUserRoleInDatabase/Failure_-_User_does_not_exist
2025/05/30 09:06:46 Starting PostgreSQL container with resource limits...
2025/05/30 09:06:46 🐳 Creating container for image postgres:16-alpine
2025/05/30 09:06:46 ✅ Container created: 87a9075603a9
2025/05/30 09:06:46 🐳 Starting container: 87a9075603a9
2025/05/30 09:06:46 ✅ Container started: 87a9075603a9
2025/05/30 09:06:46 ⏳ Waiting for container id 87a9075603a9 image: postgres:16-alpine. Waiting for: &{timeout:<nil> deadline:0xc00037e488 Strategies:[0xc0005efb00]}
2025/05/30 09:06:49 🔔 Container is ready: 87a9075603a9
2025/05/30 09:06:49 PostgreSQL container started with resource limits and init script. URL: postgres://testuser:testpass@localhost:34202/testdb?sslmode=disable
2025/05/30 09:06:49 Starting NATS container with resource limits...
2025/05/30 09:06:49 🐳 Creating container for image nats:2.10-alpine
2025/05/30 09:06:49 ✅ Container created: 282d2c9169b4
2025/05/30 09:06:49 🐳 Starting container: 282d2c9169b4
2025/05/30 09:06:50 ✅ Container started: 282d2c9169b4
2025/05/30 09:06:50 ⏳ Waiting for container id 282d2c9169b4 image: nats:2.10-alpine. Waiting for: &{timeout:<nil> deadline:0xc0003480f8 Strategies:[0xc000519e60 0xc0003f35c0]}
2025/05/30 09:06:54 🔔 Container is ready: 282d2c9169b4
2025/05/30 09:06:54 NATS container started with resource limits. URL: nats://localhost:34208
Creating user table...
User table created successfully!
2025/05/30 09:06:54 Ran user migrations group #1
Creating round table...
Round table created successfully!
2025/05/30 09:06:54 Ran round migrations group #2
Creating score table...
Score table created successfully!
2025/05/30 09:06:54 Ran score migrations group #3
Creating leaderboard table...
Leaderboard table created successfully!
2025/05/30 09:06:54 Ran leaderboard migrations group #4
2025/05/30 09:06:54 All migrations ran successfully
2025/05/30 09:06:54 newDBServiceWithDB - Registering models
2025/05/30 09:06:54 newDBServiceWithDB - Models registered successfully
2025/05/30 09:06:54 newDBServiceWithDB - DBService initialized: &{UserDB:0xc0005ac000 RoundDB:0xc0005ac008 ScoreDB:0xc0005ac010 LeaderboardDB:0xc0005ac018 db:0xc00047c380}
2025/05/30 09:06:54 Truncating tables: users
2025/05/30 09:06:54 Truncating tables: users
2025/05/30 09:06:54 Truncating tables: users
2025/05/30 09:06:54 Truncating tables: users
2025/05/30 09:06:54 Truncating tables: users
2025/05/30 09:06:54 Cleaning up test environment...
2025/05/30 09:06:54 Context cancelled.
2025/05/30 09:06:54 EventBus closed.
2025/05/30 09:06:54 NATS connection closed.
2025/05/30 09:06:54 DB connection closed.
2025/05/30 09:06:54 🐳 Stopping container: 282d2c9169b4
2025/05/30 09:06:54 ✅ Container stopped: 282d2c9169b4
2025/05/30 09:06:54 🐳 Terminating container: 282d2c9169b4
2025/05/30 09:06:54 🚫 Container terminated: 282d2c9169b4
2025/05/30 09:06:54 NATS container terminated.
2025/05/30 09:06:54 🐳 Stopping container: 87a9075603a9
2025/05/30 09:06:55 ✅ Container stopped: 87a9075603a9
2025/05/30 09:06:55 🐳 Terminating container: 87a9075603a9
2025/05/30 09:06:55 🚫 Container terminated: 87a9075603a9
2025/05/30 09:06:55 PostgreSQL container terminated.
2025/05/30 09:06:55 Cleanup complete.
=== RUN   TestUpdateUserRoleInDatabase/Failure_-_Nil_context
--- PASS: TestUpdateUserRoleInDatabase (20.93s)
    --- PASS: TestUpdateUserRoleInDatabase/Success_-_Update_user_role (5.29s)
    --- PASS: TestUpdateUserRoleInDatabase/Failure_-_Invalid_role (6.76s)
    --- PASS: TestUpdateUserRoleInDatabase/Failure_-_User_does_not_exist (8.87s)
    --- PASS: TestUpdateUserRoleInDatabase/Failure_-_Nil_context (0.00s)
PASS
coverage: 4.0% of statements in ./app/...
2025/05/30 09:06:55 TestMain: finished with exit code: 0
ok  	github.com/Black-And-White-Club/frolf-bot/integration_tests/modules/user/application_tests	125.545s	coverage: 4.0% of statements in ./app/...
2025/05/30 09:04:54 TestMain started in package userhandler_integration_tests
=== RUN   TestHandleTagAvailable
=== RUN   TestHandleTagAvailable/Success_-_user_created_from_tag_available
2025/05/30 09:04:54 Starting PostgreSQL container with resource limits...
2025/05/30 09:04:54 github.com/testcontainers/testcontainers-go - Connected to docker: 
  Server Version: 28.1.1
  API Version: 1.48
  Operating System: Ubuntu 24.04.1 LTS
  Total Memory: 5923 MB
  Testcontainers for Go Version: v0.37.0
  Resolved Docker Host: unix:///Users/jace/.colima/default/docker.sock
  Resolved Docker Socket Path: /var/run/docker.sock
  Test SessionID: c0f63d1f00c2fccb51afb8b814510550fc1c2073fca77f6d187de417aa37f283
  Test ProcessID: 1525c021-99eb-4adb-b249-39c70a0465b0
2025/05/30 09:04:54 🐳 Creating container for image postgres:16-alpine
2025/05/30 09:04:54 ⏳ Waiting for Reaper "0fe5cb7f" to be ready
2025/05/30 09:04:54 🔥 Reaper obtained from Docker for this test session 0fe5cb7f
2025/05/30 09:04:54 ✅ Container created: 7c0785a37c7f
2025/05/30 09:04:54 🐳 Starting container: 7c0785a37c7f
2025/05/30 09:04:55 ✅ Container started: 7c0785a37c7f
2025/05/30 09:04:55 ⏳ Waiting for container id 7c0785a37c7f image: postgres:16-alpine. Waiting for: &{timeout:<nil> deadline:0xc0003680c0 Strategies:[0xc00035d0e0]}
2025/05/30 09:04:59 🔔 Container is ready: 7c0785a37c7f
2025/05/30 09:04:59 PostgreSQL container started with resource limits and init script. URL: postgres://testuser:testpass@localhost:33894/testdb?sslmode=disable
2025/05/30 09:04:59 Starting NATS container with resource limits...
2025/05/30 09:04:59 🐳 Creating container for image nats:2.10-alpine
2025/05/30 09:05:00 ✅ Container created: 93d0c78b955f
2025/05/30 09:05:00 🐳 Starting container: 93d0c78b955f
2025/05/30 09:05:00 ✅ Container started: 93d0c78b955f
2025/05/30 09:05:00 ⏳ Waiting for container id 93d0c78b955f image: nats:2.10-alpine. Waiting for: &{timeout:<nil> deadline:0xc000690fe0 Strategies:[0xc0005f7560 0xc000702a20]}
2025/05/30 09:05:04 🔔 Container is ready: 93d0c78b955f
2025/05/30 09:05:04 NATS container started with resource limits. URL: nats://localhost:33916
Creating score table...
Score table created successfully!
2025/05/30 09:05:05 Ran score migrations group #1
Creating leaderboard table...
Leaderboard table created successfully!
2025/05/30 09:05:05 Ran leaderboard migrations group #2
Creating user table...
User table created successfully!
2025/05/30 09:05:05 Ran user migrations group #3
Creating round table...
Round table created successfully!
2025/05/30 09:05:05 Ran round migrations group #4
2025/05/30 09:05:05 All migrations ran successfully
2025/05/30 09:05:05 newDBServiceWithDB - Registering models
2025/05/30 09:05:05 newDBServiceWithDB - Models registered successfully
2025/05/30 09:05:05 newDBServiceWithDB - DBService initialized: &{UserDB:0xc00032a188 RoundDB:0xc00032a190 ScoreDB:0xc00032a198 LeaderboardDB:0xc00032a1a0 db:0xc000465000}
2025/05/30 09:05:05 Truncating tables: users
2025/05/30 09:05:05 Truncating tables: users
    tag_availability_test.go:157: Waiting for 1 messages on topic "user.created" with timeout 5s
2025/05/30 09:05:06 Test received message 99171879-ea5e-4ead-81c4-58a139f0d569 on topic "user.created"
    tag_availability_test.go:157: Successfully received 1 messages on topic "user.created"
2025/05/30 09:05:06 Test Case "TestHandleTagAvailable/Success_-_user_created_from_tag_available": Canceling subscription context.
2025/05/30 09:05:06 Test Case "TestHandleTagAvailable/Success_-_user_created_from_tag_available": Waiting for subscriber goroutines to finish.
2025/05/30 09:05:06 Test Case "TestHandleTagAvailable/Success_-_user_created_from_tag_available": Subscriber goroutines finished.
2025/05/30 09:05:06 Running user handler test cleanup...
2025/05/30 09:05:07 Error closing User module: error closing UserRouter: router close timeout
2025/05/30 09:05:07 User handler router goroutine finished.
2025/05/30 09:05:07 User handler test cleanup finished.
2025/05/30 09:05:07 Cleaning up test environment...
2025/05/30 09:05:07 Context cancelled.
2025/05/30 09:05:07 EventBus closed.
2025/05/30 09:05:07 NATS connection closed.
2025/05/30 09:05:07 DB connection closed.
2025/05/30 09:05:07 🐳 Stopping container: 93d0c78b955f
2025/05/30 09:05:08 ✅ Container stopped: 93d0c78b955f
2025/05/30 09:05:08 🐳 Terminating container: 93d0c78b955f
2025/05/30 09:05:08 🚫 Container terminated: 93d0c78b955f
2025/05/30 09:05:08 NATS container terminated.
2025/05/30 09:05:08 🐳 Stopping container: 7c0785a37c7f
2025/05/30 09:05:08 ✅ Container stopped: 7c0785a37c7f
2025/05/30 09:05:08 🐳 Terminating container: 7c0785a37c7f
2025/05/30 09:05:08 🚫 Container terminated: 7c0785a37c7f
2025/05/30 09:05:08 PostgreSQL container terminated.
2025/05/30 09:05:08 Cleanup complete.
=== RUN   TestHandleTagAvailable/Failure_-_user_already_exists
2025/05/30 09:05:08 Starting PostgreSQL container with resource limits...
2025/05/30 09:05:08 🐳 Creating container for image postgres:16-alpine
2025/05/30 09:05:09 ✅ Container created: d2c41c393dea
2025/05/30 09:05:09 🐳 Starting container: d2c41c393dea
2025/05/30 09:05:09 ✅ Container started: d2c41c393dea
2025/05/30 09:05:09 ⏳ Waiting for container id d2c41c393dea image: postgres:16-alpine. Waiting for: &{timeout:<nil> deadline:0xc000690cb0 Strategies:[0xc0002d46f0]}
2025/05/30 09:05:12 🔔 Container is ready: d2c41c393dea
2025/05/30 09:05:12 PostgreSQL container started with resource limits and init script. URL: postgres://testuser:testpass@localhost:33941/testdb?sslmode=disable
2025/05/30 09:05:12 Starting NATS container with resource limits...
2025/05/30 09:05:12 🐳 Creating container for image nats:2.10-alpine
2025/05/30 09:05:13 ✅ Container created: 90d64d384dc8
2025/05/30 09:05:13 🐳 Starting container: 90d64d384dc8
2025/05/30 09:05:13 ✅ Container started: 90d64d384dc8
2025/05/30 09:05:13 ⏳ Waiting for container id 90d64d384dc8 image: nats:2.10-alpine. Waiting for: &{timeout:<nil> deadline:0xc000389be8 Strategies:[0xc0005f7140 0xc0003cf950]}
2025/05/30 09:05:15 🔔 Container is ready: 90d64d384dc8
2025/05/30 09:05:15 NATS container started with resource limits. URL: nats://localhost:33947
Creating user table...
User table created successfully!
2025/05/30 09:05:15 Ran user migrations group #1
Creating round table...
Round table created successfully!
2025/05/30 09:05:15 Ran round migrations group #2
Creating score table...
Score table created successfully!
2025/05/30 09:05:15 Ran score migrations group #3
Creating leaderboard table...
Leaderboard table created successfully!
2025/05/30 09:05:15 Ran leaderboard migrations group #4
2025/05/30 09:05:15 All migrations ran successfully
2025/05/30 09:05:15 newDBServiceWithDB - Registering models
2025/05/30 09:05:15 newDBServiceWithDB - Models registered successfully
2025/05/30 09:05:15 newDBServiceWithDB - DBService initialized: &{UserDB:0xc00032a278 RoundDB:0xc00032a288 ScoreDB:0xc00032a290 LeaderboardDB:0xc00032a298 db:0xc000559240}
2025/05/30 09:05:15 Truncating tables: users
2025/05/30 09:05:15 Truncating tables: users
    tag_availability_test.go:157: Waiting for 1 messages on topic "user.creation.failed" with timeout 5s
2025/05/30 09:05:16 Test received message 203f47e0-f81e-4871-9983-b911879ecb88 on topic "user.creation.failed"
    tag_availability_test.go:157: Successfully received 1 messages on topic "user.creation.failed"
2025/05/30 09:05:16 Test Case "TestHandleTagAvailable/Failure_-_user_already_exists": Canceling subscription context.
2025/05/30 09:05:16 Test Case "TestHandleTagAvailable/Failure_-_user_already_exists": Waiting for subscriber goroutines to finish.
2025/05/30 09:05:16 Test Case "TestHandleTagAvailable/Failure_-_user_already_exists": Subscriber goroutines finished.
2025/05/30 09:05:16 Running user handler test cleanup...
2025/05/30 09:05:17 Error closing User module: error closing UserRouter: router close timeout
2025/05/30 09:05:17 User handler router goroutine finished.
2025/05/30 09:05:17 User handler test cleanup finished.
2025/05/30 09:05:17 Cleaning up test environment...
2025/05/30 09:05:17 Context cancelled.
2025/05/30 09:05:17 EventBus closed.
2025/05/30 09:05:17 NATS connection closed.
2025/05/30 09:05:17 DB connection closed.
2025/05/30 09:05:17 🐳 Stopping container: 90d64d384dc8
2025/05/30 09:05:18 ✅ Container stopped: 90d64d384dc8
2025/05/30 09:05:18 🐳 Terminating container: 90d64d384dc8
2025/05/30 09:05:18 🚫 Container terminated: 90d64d384dc8
2025/05/30 09:05:18 NATS container terminated.
2025/05/30 09:05:18 🐳 Stopping container: d2c41c393dea
2025/05/30 09:05:18 ✅ Container stopped: d2c41c393dea
2025/05/30 09:05:18 🐳 Terminating container: d2c41c393dea
2025/05/30 09:05:18 🚫 Container terminated: d2c41c393dea
2025/05/30 09:05:18 PostgreSQL container terminated.
2025/05/30 09:05:18 Cleanup complete.
--- PASS: TestHandleTagAvailable (24.61s)
    --- PASS: TestHandleTagAvailable/Success_-_user_created_from_tag_available (14.49s)
    --- PASS: TestHandleTagAvailable/Failure_-_user_already_exists (10.12s)
=== RUN   TestHandleTagUnavailable
=== RUN   TestHandleTagUnavailable/Always_fails_with_'tag_not_available'
2025/05/30 09:05:18 Starting PostgreSQL container with resource limits...
2025/05/30 09:05:18 🐳 Creating container for image postgres:16-alpine
2025/05/30 09:05:19 ✅ Container created: 7405aa7a1254
2025/05/30 09:05:19 🐳 Starting container: 7405aa7a1254
2025/05/30 09:05:19 ✅ Container started: 7405aa7a1254
2025/05/30 09:05:19 ⏳ Waiting for container id 7405aa7a1254 image: postgres:16-alpine. Waiting for: &{timeout:<nil> deadline:0xc0004d0358 Strategies:[0xc000702c60]}
2025/05/30 09:05:23 🔔 Container is ready: 7405aa7a1254
2025/05/30 09:05:23 PostgreSQL container started with resource limits and init script. URL: postgres://testuser:testpass@localhost:33964/testdb?sslmode=disable
2025/05/30 09:05:23 Starting NATS container with resource limits...
2025/05/30 09:05:23 🐳 Creating container for image nats:2.10-alpine
2025/05/30 09:05:23 ✅ Container created: dd3f65e9d0be
2025/05/30 09:05:23 🐳 Starting container: dd3f65e9d0be
2025/05/30 09:05:23 ✅ Container started: dd3f65e9d0be
2025/05/30 09:05:23 ⏳ Waiting for container id dd3f65e9d0be image: nats:2.10-alpine. Waiting for: &{timeout:<nil> deadline:0xc0004d1648 Strategies:[0xc00074c7e0 0xc0007786c0]}
2025/05/30 09:05:27 🔔 Container is ready: dd3f65e9d0be
2025/05/30 09:05:27 NATS container started with resource limits. URL: nats://localhost:33982
Creating user table...
User table created successfully!
2025/05/30 09:05:27 Ran user migrations group #1
Creating round table...
Round table created successfully!
2025/05/30 09:05:27 Ran round migrations group #2
Creating score table...
Score table created successfully!
2025/05/30 09:05:27 Ran score migrations group #3
Creating leaderboard table...
Leaderboard table created successfully!
2025/05/30 09:05:27 Ran leaderboard migrations group #4
2025/05/30 09:05:27 All migrations ran successfully
2025/05/30 09:05:27 newDBServiceWithDB - Registering models
2025/05/30 09:05:27 newDBServiceWithDB - Models registered successfully
2025/05/30 09:05:27 newDBServiceWithDB - DBService initialized: &{UserDB:0xc0003100f8 RoundDB:0xc000310100 ScoreDB:0xc000310108 LeaderboardDB:0xc000310110 db:0xc0006c2500}
2025/05/30 09:05:27 Truncating tables: users
2025/05/30 09:05:27 Truncating tables: users
    tag_availability_test.go:249: Waiting for 1 messages on topic "user.creation.failed" with timeout 5s
2025/05/30 09:05:28 Test received message 10feaf5e-dde8-438b-b108-6a2490538f8a on topic "user.creation.failed"
    tag_availability_test.go:249: Successfully received 1 messages on topic "user.creation.failed"
2025/05/30 09:05:28 Test Case "TestHandleTagUnavailable/Always_fails_with_'tag_not_available'": Canceling subscription context.
2025/05/30 09:05:28 Test Case "TestHandleTagUnavailable/Always_fails_with_'tag_not_available'": Waiting for subscriber goroutines to finish.
2025/05/30 09:05:28 Test Case "TestHandleTagUnavailable/Always_fails_with_'tag_not_available'": Subscriber goroutines finished.
2025/05/30 09:05:28 Running user handler test cleanup...
2025/05/30 09:05:29 Error closing User module: error closing UserRouter: router close timeout
2025/05/30 09:05:29 User handler router goroutine finished.
2025/05/30 09:05:29 User handler test cleanup finished.
2025/05/30 09:05:29 Cleaning up test environment...
2025/05/30 09:05:29 Context cancelled.
2025/05/30 09:05:29 EventBus closed.
2025/05/30 09:05:29 NATS connection closed.
2025/05/30 09:05:29 DB connection closed.
2025/05/30 09:05:29 🐳 Stopping container: dd3f65e9d0be
2025/05/30 09:05:30 ✅ Container stopped: dd3f65e9d0be
2025/05/30 09:05:30 🐳 Terminating container: dd3f65e9d0be
2025/05/30 09:05:30 🚫 Container terminated: dd3f65e9d0be
2025/05/30 09:05:30 NATS container terminated.
2025/05/30 09:05:30 🐳 Stopping container: 7405aa7a1254
2025/05/30 09:05:30 ✅ Container stopped: 7405aa7a1254
2025/05/30 09:05:30 🐳 Terminating container: 7405aa7a1254
2025/05/30 09:05:30 🚫 Container terminated: 7405aa7a1254
2025/05/30 09:05:30 PostgreSQL container terminated.
2025/05/30 09:05:30 Cleanup complete.
--- PASS: TestHandleTagUnavailable (11.90s)
    --- PASS: TestHandleTagUnavailable/Always_fails_with_'tag_not_available' (11.90s)
=== RUN   TestHandleUserSignupRequest
=== RUN   TestHandleUserSignupRequest/Success_-_User_Signup_without_Tag
2025/05/30 09:05:30 Starting PostgreSQL container with resource limits...
2025/05/30 09:05:30 🐳 Creating container for image postgres:16-alpine
2025/05/30 09:05:31 ✅ Container created: a9808b66a9be
2025/05/30 09:05:31 🐳 Starting container: a9808b66a9be
2025/05/30 09:05:31 ✅ Container started: a9808b66a9be
2025/05/30 09:05:31 ⏳ Waiting for container id a9808b66a9be image: postgres:16-alpine. Waiting for: &{timeout:<nil> deadline:0xc0004d0768 Strategies:[0xc0003cf410]}
2025/05/30 09:05:35 🔔 Container is ready: a9808b66a9be
2025/05/30 09:05:35 PostgreSQL container started with resource limits and init script. URL: postgres://testuser:testpass@localhost:33997/testdb?sslmode=disable
2025/05/30 09:05:35 Starting NATS container with resource limits...
2025/05/30 09:05:35 🐳 Creating container for image nats:2.10-alpine
2025/05/30 09:05:35 ✅ Container created: 6daae5f52e6a
2025/05/30 09:05:35 🐳 Starting container: 6daae5f52e6a
2025/05/30 09:05:36 ✅ Container started: 6daae5f52e6a
2025/05/30 09:05:36 ⏳ Waiting for container id 6daae5f52e6a image: nats:2.10-alpine. Waiting for: &{timeout:<nil> deadline:0xc000284678 Strategies:[0xc000522720 0xc0002d4cc0]}
2025/05/30 09:05:40 🔔 Container is ready: 6daae5f52e6a
2025/05/30 09:05:40 NATS container started with resource limits. URL: nats://localhost:34017
Creating score table...
Score table created successfully!
2025/05/30 09:05:40 Ran score migrations group #1
Creating leaderboard table...
Leaderboard table created successfully!
2025/05/30 09:05:40 Ran leaderboard migrations group #2
Creating user table...
User table created successfully!
2025/05/30 09:05:40 Ran user migrations group #3
Creating round table...
Round table created successfully!
2025/05/30 09:05:40 Ran round migrations group #4
2025/05/30 09:05:40 All migrations ran successfully
2025/05/30 09:05:40 newDBServiceWithDB - Registering models
2025/05/30 09:05:40 newDBServiceWithDB - Models registered successfully
2025/05/30 09:05:40 newDBServiceWithDB - DBService initialized: &{UserDB:0xc000a86280 RoundDB:0xc000a86288 ScoreDB:0xc000a86290 LeaderboardDB:0xc000a86298 db:0xc0006d8fc0}
2025/05/30 09:05:40 Truncating tables: users
2025/05/30 09:05:40 Truncating tables: users
    user_creation_test.go:321: Waiting for 1 messages on topic "user.created" with timeout 5s
2025/05/30 09:05:41 Test received message 39aabd26-51d1-47e7-a474-2108dbaeac6d on topic "user.created"
    user_creation_test.go:321: Successfully received 1 messages on topic "user.created"
2025/05/30 09:05:41 Test Case "TestHandleUserSignupRequest/Success_-_User_Signup_without_Tag": Canceling subscription context.
2025/05/30 09:05:41 Test Case "TestHandleUserSignupRequest/Success_-_User_Signup_without_Tag": Waiting for subscriber goroutines to finish.
2025/05/30 09:05:41 Test Case "TestHandleUserSignupRequest/Success_-_User_Signup_without_Tag": Subscriber goroutines finished.
2025/05/30 09:05:41 Running user handler test cleanup...
2025/05/30 09:05:42 Error closing User module: error closing UserRouter: router close timeout
2025/05/30 09:05:42 User handler router goroutine finished.
2025/05/30 09:05:42 User handler test cleanup finished.
2025/05/30 09:05:42 Cleaning up test environment...
2025/05/30 09:05:42 Context cancelled.
2025/05/30 09:05:42 EventBus closed.
2025/05/30 09:05:42 NATS connection closed.
2025/05/30 09:05:42 DB connection closed.
2025/05/30 09:05:42 🐳 Stopping container: 6daae5f52e6a
2025/05/30 09:05:43 ✅ Container stopped: 6daae5f52e6a
2025/05/30 09:05:43 🐳 Terminating container: 6daae5f52e6a
2025/05/30 09:05:43 🚫 Container terminated: 6daae5f52e6a
2025/05/30 09:05:43 NATS container terminated.
2025/05/30 09:05:43 🐳 Stopping container: a9808b66a9be
2025/05/30 09:05:43 ✅ Container stopped: a9808b66a9be
2025/05/30 09:05:43 🐳 Terminating container: a9808b66a9be
2025/05/30 09:05:44 🚫 Container terminated: a9808b66a9be
2025/05/30 09:05:44 PostgreSQL container terminated.
2025/05/30 09:05:44 Cleanup complete.
=== RUN   TestHandleUserSignupRequest/Success_-_User_Signup_with_Tag_(requests_availability_check)
2025/05/30 09:05:44 Starting PostgreSQL container with resource limits...
2025/05/30 09:05:44 🐳 Creating container for image postgres:16-alpine
2025/05/30 09:05:44 ✅ Container created: 810efadd647e
2025/05/30 09:05:44 🐳 Starting container: 810efadd647e
2025/05/30 09:05:44 ✅ Container started: 810efadd647e
2025/05/30 09:05:44 ⏳ Waiting for container id 810efadd647e image: postgres:16-alpine. Waiting for: &{timeout:<nil> deadline:0xc000801540 Strategies:[0xc000703e90]}
2025/05/30 09:05:49 🔔 Container is ready: 810efadd647e
2025/05/30 09:05:49 PostgreSQL container started with resource limits and init script. URL: postgres://testuser:testpass@localhost:34048/testdb?sslmode=disable
2025/05/30 09:05:49 Starting NATS container with resource limits...
2025/05/30 09:05:49 🐳 Creating container for image nats:2.10-alpine
2025/05/30 09:05:49 ✅ Container created: 22ec7a9551a4
2025/05/30 09:05:49 🐳 Starting container: 22ec7a9551a4
2025/05/30 09:05:50 ✅ Container started: 22ec7a9551a4
2025/05/30 09:05:50 ⏳ Waiting for container id 22ec7a9551a4 image: nats:2.10-alpine. Waiting for: &{timeout:<nil> deadline:0xc0004d1440 Strategies:[0xc0007b7860 0xc00090d650]}
2025/05/30 09:05:50 🔔 Container is ready: 22ec7a9551a4
2025/05/30 09:05:50 NATS container started with resource limits. URL: nats://localhost:34053
Creating user table...
User table created successfully!
2025/05/30 09:05:50 Ran user migrations group #1
Creating round table...
Round table created successfully!
2025/05/30 09:05:50 Ran round migrations group #2
Creating score table...
Score table created successfully!
2025/05/30 09:05:50 Ran score migrations group #3
Creating leaderboard table...
Leaderboard table created successfully!
2025/05/30 09:05:50 Ran leaderboard migrations group #4
2025/05/30 09:05:50 All migrations ran successfully
2025/05/30 09:05:50 newDBServiceWithDB - Registering models
2025/05/30 09:05:50 newDBServiceWithDB - Models registered successfully
2025/05/30 09:05:50 newDBServiceWithDB - DBService initialized: &{UserDB:0xc00041a2e0 RoundDB:0xc00041a2e8 ScoreDB:0xc00041a2f0 LeaderboardDB:0xc00041a2f8 db:0xc000465e00}
2025/05/30 09:05:51 Truncating tables: users
2025/05/30 09:05:51 Truncating tables: users
    user_creation_test.go:321: Waiting for 1 messages on topic "leaderboard.tag.availability.check.requested" with timeout 5s
2025/05/30 09:05:51 Test received message 1cc55b38-b33f-444e-91ae-7398c0a2b12c on topic "leaderboard.tag.availability.check.requested"
    user_creation_test.go:321: Successfully received 1 messages on topic "leaderboard.tag.availability.check.requested"
2025/05/30 09:05:51 Test Case "TestHandleUserSignupRequest/Success_-_User_Signup_with_Tag_(requests_availability_check)": Canceling subscription context.
2025/05/30 09:05:51 Test Case "TestHandleUserSignupRequest/Success_-_User_Signup_with_Tag_(requests_availability_check)": Waiting for subscriber goroutines to finish.
2025/05/30 09:05:51 Test Case "TestHandleUserSignupRequest/Success_-_User_Signup_with_Tag_(requests_availability_check)": Subscriber goroutines finished.
2025/05/30 09:05:51 Running user handler test cleanup...
2025/05/30 09:05:52 Error closing User module: error closing UserRouter: router close timeout
2025/05/30 09:05:52 User handler router goroutine finished.
2025/05/30 09:05:52 User handler test cleanup finished.
2025/05/30 09:05:52 Cleaning up test environment...
2025/05/30 09:05:52 Context cancelled.
2025/05/30 09:05:52 EventBus closed.
2025/05/30 09:05:52 NATS connection closed.
2025/05/30 09:05:52 DB connection closed.
2025/05/30 09:05:52 🐳 Stopping container: 22ec7a9551a4
2025/05/30 09:05:53 ✅ Container stopped: 22ec7a9551a4
2025/05/30 09:05:53 🐳 Terminating container: 22ec7a9551a4
2025/05/30 09:05:53 🚫 Container terminated: 22ec7a9551a4
2025/05/30 09:05:53 NATS container terminated.
2025/05/30 09:05:53 🐳 Stopping container: 810efadd647e
2025/05/30 09:05:53 ✅ Container stopped: 810efadd647e
2025/05/30 09:05:53 🐳 Terminating container: 810efadd647e
2025/05/30 09:05:53 🚫 Container terminated: 810efadd647e
2025/05/30 09:05:53 PostgreSQL container terminated.
2025/05/30 09:05:53 Cleanup complete.
=== RUN   TestHandleUserSignupRequest/Failure_-_User_Already_Exists_(no_tag)
2025/05/30 09:05:53 Starting PostgreSQL container with resource limits...
2025/05/30 09:05:53 🐳 Creating container for image postgres:16-alpine
2025/05/30 09:05:53 ✅ Container created: ecae66ea1acc
2025/05/30 09:05:53 🐳 Starting container: ecae66ea1acc
2025/05/30 09:05:54 ✅ Container started: ecae66ea1acc
2025/05/30 09:05:54 ⏳ Waiting for container id ecae66ea1acc image: postgres:16-alpine. Waiting for: &{timeout:<nil> deadline:0xc0003895d0 Strategies:[0xc0006f0b10]}
2025/05/30 09:05:58 🔔 Container is ready: ecae66ea1acc
2025/05/30 09:05:58 PostgreSQL container started with resource limits and init script. URL: postgres://testuser:testpass@localhost:34070/testdb?sslmode=disable
2025/05/30 09:05:58 Starting NATS container with resource limits...
2025/05/30 09:05:58 🐳 Creating container for image nats:2.10-alpine
2025/05/30 09:05:58 ✅ Container created: b7eed8e17e41
2025/05/30 09:05:58 🐳 Starting container: b7eed8e17e41
2025/05/30 09:05:58 ✅ Container started: b7eed8e17e41
2025/05/30 09:05:58 ⏳ Waiting for container id b7eed8e17e41 image: nats:2.10-alpine. Waiting for: &{timeout:<nil> deadline:0xc0003894c8 Strategies:[0xc0008877a0 0xc000920d50]}
2025/05/30 09:06:00 🔔 Container is ready: b7eed8e17e41
2025/05/30 09:06:00 NATS container started with resource limits. URL: nats://localhost:34079
Creating user table...
User table created successfully!
2025/05/30 09:06:00 Ran user migrations group #1
Creating round table...
Round table created successfully!
2025/05/30 09:06:00 Ran round migrations group #2
Creating score table...
Score table created successfully!
2025/05/30 09:06:00 Ran score migrations group #3
Creating leaderboard table...
Leaderboard table created successfully!
2025/05/30 09:06:00 Ran leaderboard migrations group #4
2025/05/30 09:06:00 All migrations ran successfully
2025/05/30 09:06:00 newDBServiceWithDB - Registering models
2025/05/30 09:06:00 newDBServiceWithDB - Models registered successfully
2025/05/30 09:06:00 newDBServiceWithDB - DBService initialized: &{UserDB:0xc000a86468 RoundDB:0xc000a86470 ScoreDB:0xc000a86478 LeaderboardDB:0xc000a86480 db:0xc000899940}
2025/05/30 09:06:00 Truncating tables: users
2025/05/30 09:06:00 Truncating tables: users
2025/05/30 09:06:01 Pre-created user "testuser-exists-789" for test
    user_creation_test.go:321: Waiting for 1 messages on topic "user.creation.failed" with timeout 5s
2025/05/30 09:06:01 Test received message ac78ba95-c60c-4e52-a5cb-0bad8090d62c on topic "user.creation.failed"
    user_creation_test.go:321: Successfully received 1 messages on topic "user.creation.failed"
2025/05/30 09:06:01 Test Case "TestHandleUserSignupRequest/Failure_-_User_Already_Exists_(no_tag)": Canceling subscription context.
2025/05/30 09:06:01 Test Case "TestHandleUserSignupRequest/Failure_-_User_Already_Exists_(no_tag)": Waiting for subscriber goroutines to finish.
2025/05/30 09:06:01 Test Case "TestHandleUserSignupRequest/Failure_-_User_Already_Exists_(no_tag)": Subscriber goroutines finished.
2025/05/30 09:06:01 Running user handler test cleanup...
2025/05/30 09:06:02 Error closing User module: error closing UserRouter: router close timeout
2025/05/30 09:06:02 User handler router goroutine finished.
2025/05/30 09:06:02 User handler test cleanup finished.
2025/05/30 09:06:02 Cleaning up test environment...
2025/05/30 09:06:02 Context cancelled.
2025/05/30 09:06:02 EventBus closed.
2025/05/30 09:06:02 NATS connection closed.
2025/05/30 09:06:02 DB connection closed.
2025/05/30 09:06:02 🐳 Stopping container: b7eed8e17e41
2025/05/30 09:06:03 ✅ Container stopped: b7eed8e17e41
2025/05/30 09:06:03 🐳 Terminating container: b7eed8e17e41
2025/05/30 09:06:03 🚫 Container terminated: b7eed8e17e41
2025/05/30 09:06:03 NATS container terminated.
2025/05/30 09:06:03 🐳 Stopping container: ecae66ea1acc
2025/05/30 09:06:03 ✅ Container stopped: ecae66ea1acc
2025/05/30 09:06:03 🐳 Terminating container: ecae66ea1acc
2025/05/30 09:06:03 🚫 Container terminated: ecae66ea1acc
2025/05/30 09:06:03 PostgreSQL container terminated.
2025/05/30 09:06:03 Cleanup complete.
--- PASS: TestHandleUserSignupRequest (33.03s)
    --- PASS: TestHandleUserSignupRequest/Success_-_User_Signup_without_Tag (13.29s)
    --- PASS: TestHandleUserSignupRequest/Success_-_User_Signup_with_Tag_(requests_availability_check) (9.70s)
    --- PASS: TestHandleUserSignupRequest/Failure_-_User_Already_Exists_(no_tag) (10.04s)
=== RUN   TestHandleGetUserRequest
=== RUN   TestHandleGetUserRequest/Success_-_user_found
2025/05/30 09:06:03 Starting PostgreSQL container with resource limits...
2025/05/30 09:06:03 🐳 Creating container for image postgres:16-alpine
2025/05/30 09:06:03 ✅ Container created: a9302b1c241e
2025/05/30 09:06:03 🐳 Starting container: a9302b1c241e
2025/05/30 09:06:04 ✅ Container started: a9302b1c241e
2025/05/30 09:06:04 ⏳ Waiting for container id a9302b1c241e image: postgres:16-alpine. Waiting for: &{timeout:<nil> deadline:0xc0009d04f0 Strategies:[0xc000785f50]}
2025/05/30 09:06:07 🔔 Container is ready: a9302b1c241e
2025/05/30 09:06:07 PostgreSQL container started with resource limits and init script. URL: postgres://testuser:testpass@localhost:34092/testdb?sslmode=disable
2025/05/30 09:06:07 Starting NATS container with resource limits...
2025/05/30 09:06:07 🐳 Creating container for image nats:2.10-alpine
2025/05/30 09:06:07 ✅ Container created: 827f62264852
2025/05/30 09:06:07 🐳 Starting container: 827f62264852
2025/05/30 09:06:08 ✅ Container started: 827f62264852
2025/05/30 09:06:08 ⏳ Waiting for container id 827f62264852 image: nats:2.10-alpine. Waiting for: &{timeout:<nil> deadline:0xc0006f58c0 Strategies:[0xc0007b73e0 0xc000a0dda0]}
2025/05/30 09:06:08 🔔 Container is ready: 827f62264852
2025/05/30 09:06:08 NATS container started with resource limits. URL: nats://localhost:34097
Creating user table...
User table created successfully!
2025/05/30 09:06:09 Ran user migrations group #1
Creating round table...
Round table created successfully!
2025/05/30 09:06:09 Ran round migrations group #2
Creating score table...
Score table created successfully!
2025/05/30 09:06:09 Ran score migrations group #3
Creating leaderboard table...
Leaderboard table created successfully!
2025/05/30 09:06:09 Ran leaderboard migrations group #4
2025/05/30 09:06:09 All migrations ran successfully
2025/05/30 09:06:09 newDBServiceWithDB - Registering models
2025/05/30 09:06:09 newDBServiceWithDB - Models registered successfully
2025/05/30 09:06:09 newDBServiceWithDB - DBService initialized: &{UserDB:0xc00041a200 RoundDB:0xc00041a220 ScoreDB:0xc00041a228 LeaderboardDB:0xc00041a250 db:0xc0006c30c0}
2025/05/30 09:06:09 Truncating tables: users
2025/05/30 09:06:09 Truncating tables: users
2025/05/30 09:06:09 Warning: Could not create user with tag number in setup, assuming user exists: CreateUser operation failed: user already exists
    user_retrieval_test.go:166: Waiting for 1 messages on topic "user.get.response" with timeout 5s
2025/05/30 09:06:10 Test received message 5f2be39b-5441-48bc-8499-148b6ebd6c02 on topic "user.get.response"
    user_retrieval_test.go:166: Successfully received 1 messages on topic "user.get.response"
2025/05/30 09:06:10 Test Case "TestHandleGetUserRequest/Success_-_user_found": Canceling subscription context.
2025/05/30 09:06:10 Test Case "TestHandleGetUserRequest/Success_-_user_found": Waiting for subscriber goroutines to finish.
2025/05/30 09:06:10 Test Case "TestHandleGetUserRequest/Success_-_user_found": Subscriber goroutines finished.
2025/05/30 09:06:10 Running user handler test cleanup...
2025/05/30 09:06:11 Error closing User module: error closing UserRouter: router close timeout
2025/05/30 09:06:11 User handler router goroutine finished.
2025/05/30 09:06:11 User handler test cleanup finished.
2025/05/30 09:06:11 Cleaning up test environment...
2025/05/30 09:06:11 Context cancelled.
2025/05/30 09:06:11 EventBus closed.
2025/05/30 09:06:11 NATS connection closed.
2025/05/30 09:06:11 DB connection closed.
2025/05/30 09:06:11 🐳 Stopping container: 827f62264852
2025/05/30 09:06:11 ✅ Container stopped: 827f62264852
2025/05/30 09:06:11 🐳 Terminating container: 827f62264852
2025/05/30 09:06:11 🚫 Container terminated: 827f62264852
2025/05/30 09:06:11 NATS container terminated.
2025/05/30 09:06:11 🐳 Stopping container: a9302b1c241e
2025/05/30 09:06:11 ✅ Container stopped: a9302b1c241e
2025/05/30 09:06:11 🐳 Terminating container: a9302b1c241e
2025/05/30 09:06:11 🚫 Container terminated: a9302b1c241e
2025/05/30 09:06:11 PostgreSQL container terminated.
2025/05/30 09:06:11 Cleanup complete.
=== RUN   TestHandleGetUserRequest/Failure_-_user_not_found
2025/05/30 09:06:11 Starting PostgreSQL container with resource limits...
2025/05/30 09:06:11 🐳 Creating container for image postgres:16-alpine
2025/05/30 09:06:12 ✅ Container created: 058a0b1d749a
2025/05/30 09:06:12 🐳 Starting container: 058a0b1d749a
2025/05/30 09:06:12 ✅ Container started: 058a0b1d749a
2025/05/30 09:06:12 ⏳ Waiting for container id 058a0b1d749a image: postgres:16-alpine. Waiting for: &{timeout:<nil> deadline:0xc0009d0b40 Strategies:[0xc00090b3e0]}
2025/05/30 09:06:15 🔔 Container is ready: 058a0b1d749a
2025/05/30 09:06:15 PostgreSQL container started with resource limits and init script. URL: postgres://testuser:testpass@localhost:34113/testdb?sslmode=disable
2025/05/30 09:06:15 Starting NATS container with resource limits...
2025/05/30 09:06:15 🐳 Creating container for image nats:2.10-alpine
2025/05/30 09:06:15 ✅ Container created: 1cb89aa7bc40
2025/05/30 09:06:15 🐳 Starting container: 1cb89aa7bc40
2025/05/30 09:06:16 ✅ Container started: 1cb89aa7bc40
2025/05/30 09:06:16 ⏳ Waiting for container id 1cb89aa7bc40 image: nats:2.10-alpine. Waiting for: &{timeout:<nil> deadline:0xc000690aa8 Strategies:[0xc000983ec0 0xc000419b90]}
2025/05/30 09:06:18 🔔 Container is ready: 1cb89aa7bc40
2025/05/30 09:06:18 NATS container started with resource limits. URL: nats://localhost:34119
Creating user table...
User table created successfully!
2025/05/30 09:06:18 Ran user migrations group #1
Creating round table...
Round table created successfully!
2025/05/30 09:06:18 Ran round migrations group #2
Creating score table...
Score table created successfully!
2025/05/30 09:06:18 Ran score migrations group #3
Creating leaderboard table...
Leaderboard table created successfully!
2025/05/30 09:06:18 Ran leaderboard migrations group #4
2025/05/30 09:06:18 All migrations ran successfully
2025/05/30 09:06:18 newDBServiceWithDB - Registering models
2025/05/30 09:06:18 newDBServiceWithDB - Models registered successfully
2025/05/30 09:06:18 newDBServiceWithDB - DBService initialized: &{UserDB:0xc0004169f0 RoundDB:0xc0004169f8 ScoreDB:0xc000416a00 LeaderboardDB:0xc000416a08 db:0xc000bec400}
2025/05/30 09:06:19 Truncating tables: users
2025/05/30 09:06:19 Truncating tables: users
    user_retrieval_test.go:166: Waiting for 1 messages on topic "user.get.failed" with timeout 5s
2025/05/30 09:06:19 Test received message 1a718205-b6c0-4c8a-b49e-1c0a209e4675 on topic "user.get.failed"
    user_retrieval_test.go:166: Successfully received 1 messages on topic "user.get.failed"
2025/05/30 09:06:19 Test Case "TestHandleGetUserRequest/Failure_-_user_not_found": Canceling subscription context.
2025/05/30 09:06:19 Test Case "TestHandleGetUserRequest/Failure_-_user_not_found": Waiting for subscriber goroutines to finish.
2025/05/30 09:06:19 Test Case "TestHandleGetUserRequest/Failure_-_user_not_found": Subscriber goroutines finished.
2025/05/30 09:06:19 Running user handler test cleanup...
2025/05/30 09:06:20 Error closing User module: error closing UserRouter: router close timeout
2025/05/30 09:06:20 User handler router goroutine finished.
2025/05/30 09:06:20 User handler test cleanup finished.
2025/05/30 09:06:20 Cleaning up test environment...
2025/05/30 09:06:20 Context cancelled.
2025/05/30 09:06:20 EventBus closed.
2025/05/30 09:06:20 NATS connection closed.
2025/05/30 09:06:20 DB connection closed.
2025/05/30 09:06:20 🐳 Stopping container: 1cb89aa7bc40
2025/05/30 09:06:21 ✅ Container stopped: 1cb89aa7bc40
2025/05/30 09:06:21 🐳 Terminating container: 1cb89aa7bc40
2025/05/30 09:06:21 🚫 Container terminated: 1cb89aa7bc40
2025/05/30 09:06:21 NATS container terminated.
2025/05/30 09:06:21 🐳 Stopping container: 058a0b1d749a
2025/05/30 09:06:21 ✅ Container stopped: 058a0b1d749a
2025/05/30 09:06:21 🐳 Terminating container: 058a0b1d749a
2025/05/30 09:06:21 🚫 Container terminated: 058a0b1d749a
2025/05/30 09:06:21 PostgreSQL container terminated.
2025/05/30 09:06:21 Cleanup complete.
--- PASS: TestHandleGetUserRequest (18.13s)
    --- PASS: TestHandleGetUserRequest/Success_-_user_found (8.07s)
    --- PASS: TestHandleGetUserRequest/Failure_-_user_not_found (10.06s)
=== RUN   TestHandleGetUserRoleRequest
=== RUN   TestHandleGetUserRoleRequest/Success_-_role_found
2025/05/30 09:06:21 Starting PostgreSQL container with resource limits...
2025/05/30 09:06:21 🐳 Creating container for image postgres:16-alpine
2025/05/30 09:06:22 ✅ Container created: 83f45e1e68f3
2025/05/30 09:06:22 🐳 Starting container: 83f45e1e68f3
2025/05/30 09:06:22 ✅ Container started: 83f45e1e68f3
2025/05/30 09:06:22 ⏳ Waiting for container id 83f45e1e68f3 image: postgres:16-alpine. Waiting for: &{timeout:<nil> deadline:0xc000d2c7b0 Strategies:[0xc000921530]}
2025/05/30 09:06:25 🔔 Container is ready: 83f45e1e68f3
2025/05/30 09:06:25 PostgreSQL container started with resource limits and init script. URL: postgres://testuser:testpass@localhost:34136/testdb?sslmode=disable
2025/05/30 09:06:25 Starting NATS container with resource limits...
2025/05/30 09:06:25 🐳 Creating container for image nats:2.10-alpine
2025/05/30 09:06:25 ✅ Container created: 6aab208b463a
2025/05/30 09:06:25 🐳 Starting container: 6aab208b463a
2025/05/30 09:06:26 ✅ Container started: 6aab208b463a
2025/05/30 09:06:26 ⏳ Waiting for container id 6aab208b463a image: nats:2.10-alpine. Waiting for: &{timeout:<nil> deadline:0xc000954c28 Strategies:[0xc000b825a0 0xc0005c2060]}
2025/05/30 09:06:26 🔔 Container is ready: 6aab208b463a
2025/05/30 09:06:26 NATS container started with resource limits. URL: nats://localhost:34143
Creating user table...
User table created successfully!
2025/05/30 09:06:26 Ran user migrations group #1
Creating round table...
Round table created successfully!
2025/05/30 09:06:26 Ran round migrations group #2
Creating score table...
Score table created successfully!
2025/05/30 09:06:26 Ran score migrations group #3
Creating leaderboard table...
Leaderboard table created successfully!
2025/05/30 09:06:26 Ran leaderboard migrations group #4
2025/05/30 09:06:26 All migrations ran successfully
2025/05/30 09:06:26 newDBServiceWithDB - Registering models
2025/05/30 09:06:26 newDBServiceWithDB - Models registered successfully
2025/05/30 09:06:26 newDBServiceWithDB - DBService initialized: &{UserDB:0xc000a861f0 RoundDB:0xc000a861f8 ScoreDB:0xc000a86200 LeaderboardDB:0xc000a86208 db:0xc000464d80}
2025/05/30 09:06:26 Truncating tables: users
2025/05/30 09:06:26 Truncating tables: users
    user_retrieval_test.go:321: Waiting for 1 messages on topic "discord.user.role.get.response" with timeout 5s
2025/05/30 09:06:27 Test received message 39d9001c-3045-4bab-b6c6-a6bde5ba972b on topic "discord.user.role.get.response"
    user_retrieval_test.go:321: Successfully received 1 messages on topic "discord.user.role.get.response"
2025/05/30 09:06:27 Test Case "TestHandleGetUserRoleRequest/Success_-_role_found": Canceling subscription context.
2025/05/30 09:06:27 Test Case "TestHandleGetUserRoleRequest/Success_-_role_found": Waiting for subscriber goroutines to finish.
2025/05/30 09:06:27 Test Case "TestHandleGetUserRoleRequest/Success_-_role_found": Subscriber goroutines finished.
2025/05/30 09:06:27 Running user handler test cleanup...
2025/05/30 09:06:28 Error closing User module: error closing UserRouter: router close timeout
2025/05/30 09:06:28 User handler router goroutine finished.
2025/05/30 09:06:28 User handler test cleanup finished.
2025/05/30 09:06:28 Cleaning up test environment...
2025/05/30 09:06:28 Context cancelled.
2025/05/30 09:06:28 EventBus closed.
2025/05/30 09:06:28 NATS connection closed.
2025/05/30 09:06:28 DB connection closed.
2025/05/30 09:06:28 🐳 Stopping container: 6aab208b463a
2025/05/30 09:06:29 ✅ Container stopped: 6aab208b463a
2025/05/30 09:06:29 🐳 Terminating container: 6aab208b463a
2025/05/30 09:06:29 🚫 Container terminated: 6aab208b463a
2025/05/30 09:06:29 NATS container terminated.
2025/05/30 09:06:29 🐳 Stopping container: 83f45e1e68f3
2025/05/30 09:06:29 ✅ Container stopped: 83f45e1e68f3
2025/05/30 09:06:29 🐳 Terminating container: 83f45e1e68f3
2025/05/30 09:06:29 🚫 Container terminated: 83f45e1e68f3
2025/05/30 09:06:29 PostgreSQL container terminated.
2025/05/30 09:06:29 Cleanup complete.
=== RUN   TestHandleGetUserRoleRequest/Failure_-_user_for_role_not_found
2025/05/30 09:06:29 Starting PostgreSQL container with resource limits...
2025/05/30 09:06:29 🐳 Creating container for image postgres:16-alpine
2025/05/30 09:06:30 ✅ Container created: 8d6086ae39e3
2025/05/30 09:06:30 🐳 Starting container: 8d6086ae39e3
2025/05/30 09:06:30 ✅ Container started: 8d6086ae39e3
2025/05/30 09:06:30 ⏳ Waiting for container id 8d6086ae39e3 image: postgres:16-alpine. Waiting for: &{timeout:<nil> deadline:0xc000b43720 Strategies:[0xc0009c4a80]}
2025/05/30 09:06:33 🔔 Container is ready: 8d6086ae39e3
2025/05/30 09:06:33 PostgreSQL container started with resource limits and init script. URL: postgres://testuser:testpass@localhost:34157/testdb?sslmode=disable
2025/05/30 09:06:33 Starting NATS container with resource limits...
2025/05/30 09:06:33 🐳 Creating container for image nats:2.10-alpine
2025/05/30 09:06:33 ✅ Container created: dee8c6540c32
2025/05/30 09:06:33 🐳 Starting container: dee8c6540c32
2025/05/30 09:06:34 ✅ Container started: dee8c6540c32
2025/05/30 09:06:34 ⏳ Waiting for container id dee8c6540c32 image: nats:2.10-alpine. Waiting for: &{timeout:<nil> deadline:0xc000cc8fd8 Strategies:[0xc000887d40 0xc000921590]}
2025/05/30 09:06:37 🔔 Container is ready: dee8c6540c32
2025/05/30 09:06:37 NATS container started with resource limits. URL: nats://localhost:34168
Creating leaderboard table...
Leaderboard table created successfully!
2025/05/30 09:06:37 Ran leaderboard migrations group #1
Creating user table...
User table created successfully!
2025/05/30 09:06:37 Ran user migrations group #2
Creating round table...
Round table created successfully!
2025/05/30 09:06:37 Ran round migrations group #3
Creating score table...
Score table created successfully!
2025/05/30 09:06:37 Ran score migrations group #4
2025/05/30 09:06:37 All migrations ran successfully
2025/05/30 09:06:37 newDBServiceWithDB - Registering models
2025/05/30 09:06:37 newDBServiceWithDB - Models registered successfully
2025/05/30 09:06:37 newDBServiceWithDB - DBService initialized: &{UserDB:0xc000a867b0 RoundDB:0xc000a867b8 ScoreDB:0xc000a867c0 LeaderboardDB:0xc000a867c8 db:0xc000654940}
2025/05/30 09:06:37 Truncating tables: users
2025/05/30 09:06:37 Truncating tables: users
    user_retrieval_test.go:321: Waiting for 1 messages on topic "discord.user.role.get.failed" with timeout 5s
2025/05/30 09:06:38 Test received message f39a8e19-f906-45cf-9820-a23c33838653 on topic "discord.user.role.get.failed"
    user_retrieval_test.go:321: Successfully received 1 messages on topic "discord.user.role.get.failed"
2025/05/30 09:06:38 Test Case "TestHandleGetUserRoleRequest/Failure_-_user_for_role_not_found": Canceling subscription context.
2025/05/30 09:06:38 Test Case "TestHandleGetUserRoleRequest/Failure_-_user_for_role_not_found": Waiting for subscriber goroutines to finish.
2025/05/30 09:06:38 Test Case "TestHandleGetUserRoleRequest/Failure_-_user_for_role_not_found": Subscriber goroutines finished.
2025/05/30 09:06:38 Running user handler test cleanup...
2025/05/30 09:06:39 Error closing User module: error closing UserRouter: router close timeout
2025/05/30 09:06:39 User handler router goroutine finished.
2025/05/30 09:06:39 User handler test cleanup finished.
2025/05/30 09:06:39 Cleaning up test environment...
2025/05/30 09:06:39 Context cancelled.
2025/05/30 09:06:39 EventBus closed.
2025/05/30 09:06:39 NATS connection closed.
2025/05/30 09:06:39 DB connection closed.
2025/05/30 09:06:39 🐳 Stopping container: dee8c6540c32
2025/05/30 09:06:39 ✅ Container stopped: dee8c6540c32
2025/05/30 09:06:39 🐳 Terminating container: dee8c6540c32
2025/05/30 09:06:40 🚫 Container terminated: dee8c6540c32
2025/05/30 09:06:40 NATS container terminated.
2025/05/30 09:06:40 🐳 Stopping container: 8d6086ae39e3
2025/05/30 09:06:40 ✅ Container stopped: 8d6086ae39e3
2025/05/30 09:06:40 🐳 Terminating container: 8d6086ae39e3
2025/05/30 09:06:40 🚫 Container terminated: 8d6086ae39e3
2025/05/30 09:06:40 PostgreSQL container terminated.
2025/05/30 09:06:40 Cleanup complete.
--- PASS: TestHandleGetUserRoleRequest (18.38s)
    --- PASS: TestHandleGetUserRoleRequest/Success_-_role_found (7.83s)
    --- PASS: TestHandleGetUserRoleRequest/Failure_-_user_for_role_not_found (10.55s)
=== RUN   TestHandleUserRoleUpdateRequest
=== RUN   TestHandleUserRoleUpdateRequest/Success_-_role_updated
2025/05/30 09:06:40 Starting PostgreSQL container with resource limits...
2025/05/30 09:06:40 🐳 Creating container for image postgres:16-alpine
2025/05/30 09:06:40 ✅ Container created: 3bb82e5d072d
2025/05/30 09:06:40 🐳 Starting container: 3bb82e5d072d
2025/05/30 09:06:40 ✅ Container started: 3bb82e5d072d
2025/05/30 09:06:40 ⏳ Waiting for container id 3bb82e5d072d image: postgres:16-alpine. Waiting for: &{timeout:<nil> deadline:0xc000cc8a28 Strategies:[0xc0009c5110]}
2025/05/30 09:06:43 🔔 Container is ready: 3bb82e5d072d
2025/05/30 09:06:43 PostgreSQL container started with resource limits and init script. URL: postgres://testuser:testpass@localhost:34190/testdb?sslmode=disable
2025/05/30 09:06:43 Starting NATS container with resource limits...
2025/05/30 09:06:43 🐳 Creating container for image nats:2.10-alpine
2025/05/30 09:06:43 ✅ Container created: 7bfb04d59d5a
2025/05/30 09:06:43 🐳 Starting container: 7bfb04d59d5a
2025/05/30 09:06:43 ✅ Container started: 7bfb04d59d5a
2025/05/30 09:06:43 ⏳ Waiting for container id 7bfb04d59d5a image: nats:2.10-alpine. Waiting for: &{timeout:<nil> deadline:0xc000bcf9a8 Strategies:[0xc000b82600 0xc0007eced0]}
2025/05/30 09:06:44 🔔 Container is ready: 7bfb04d59d5a
2025/05/30 09:06:44 NATS container started with resource limits. URL: nats://localhost:34197
Creating user table...
User table created successfully!
2025/05/30 09:06:44 Ran user migrations group #1
Creating round table...
Round table created successfully!
2025/05/30 09:06:44 Ran round migrations group #2
Creating score table...
Score table created successfully!
2025/05/30 09:06:44 Ran score migrations group #3
Creating leaderboard table...
Leaderboard table created successfully!
2025/05/30 09:06:44 Ran leaderboard migrations group #4
2025/05/30 09:06:44 All migrations ran successfully
2025/05/30 09:06:44 newDBServiceWithDB - Registering models
2025/05/30 09:06:44 newDBServiceWithDB - Models registered successfully
2025/05/30 09:06:44 newDBServiceWithDB - DBService initialized: &{UserDB:0xc0003101e0 RoundDB:0xc0003101e8 ScoreDB:0xc0003101f0 LeaderboardDB:0xc0003101f8 db:0xc000a0e380}
2025/05/30 09:06:44 Truncating tables: users
2025/05/30 09:06:45 Truncating tables: users
    user_role_test.go:249: Waiting for 1 messages on topic "discord.user.role.updated" with timeout 5s
2025/05/30 09:06:45 Test received message 30b616ba-00ca-4699-8b50-0743ddcb86d8 on topic "discord.user.role.updated"
    user_role_test.go:249: Successfully received 1 messages on topic "discord.user.role.updated"
2025/05/30 09:06:45 Test Case "TestHandleUserRoleUpdateRequest/Success_-_role_updated": Canceling subscription context.
2025/05/30 09:06:45 Test Case "TestHandleUserRoleUpdateRequest/Success_-_role_updated": Waiting for subscriber goroutines to finish.
2025/05/30 09:06:45 Test Case "TestHandleUserRoleUpdateRequest/Success_-_role_updated": Subscriber goroutines finished.
2025/05/30 09:06:45 Running user handler test cleanup...
2025/05/30 09:06:46 Error closing User module: error closing UserRouter: router close timeout
2025/05/30 09:06:46 User handler router goroutine finished.
2025/05/30 09:06:46 User handler test cleanup finished.
2025/05/30 09:06:46 Cleaning up test environment...
2025/05/30 09:06:46 Context cancelled.
2025/05/30 09:06:46 EventBus closed.
2025/05/30 09:06:46 NATS connection closed.
2025/05/30 09:06:46 DB connection closed.
2025/05/30 09:06:46 🐳 Stopping container: 7bfb04d59d5a
2025/05/30 09:06:47 ✅ Container stopped: 7bfb04d59d5a
2025/05/30 09:06:47 🐳 Terminating container: 7bfb04d59d5a
2025/05/30 09:06:47 🚫 Container terminated: 7bfb04d59d5a
2025/05/30 09:06:47 NATS container terminated.
2025/05/30 09:06:47 🐳 Stopping container: 3bb82e5d072d
2025/05/30 09:06:47 ✅ Container stopped: 3bb82e5d072d
2025/05/30 09:06:47 🐳 Terminating container: 3bb82e5d072d
2025/05/30 09:06:48 🚫 Container terminated: 3bb82e5d072d
2025/05/30 09:06:48 PostgreSQL container terminated.
2025/05/30 09:06:48 Cleanup complete.
=== RUN   TestHandleUserRoleUpdateRequest/Failure_-_invalid_role
2025/05/30 09:06:48 Starting PostgreSQL container with resource limits...
2025/05/30 09:06:48 🐳 Creating container for image postgres:16-alpine
2025/05/30 09:06:48 ✅ Container created: 13bf3359785b
2025/05/30 09:06:48 🐳 Starting container: 13bf3359785b
2025/05/30 09:06:48 ✅ Container started: 13bf3359785b
2025/05/30 09:06:48 ⏳ Waiting for container id 13bf3359785b image: postgres:16-alpine. Waiting for: &{timeout:<nil> deadline:0xc000389c10 Strategies:[0xc000a0c9f0]}
2025/05/30 09:06:51 🔔 Container is ready: 13bf3359785b
2025/05/30 09:06:51 PostgreSQL container started with resource limits and init script. URL: postgres://testuser:testpass@localhost:34204/testdb?sslmode=disable
2025/05/30 09:06:51 Starting NATS container with resource limits...
2025/05/30 09:06:51 🐳 Creating container for image nats:2.10-alpine
2025/05/30 09:06:51 ✅ Container created: ad81bedbed0d
2025/05/30 09:06:51 🐳 Starting container: ad81bedbed0d
2025/05/30 09:06:51 ✅ Container started: ad81bedbed0d
2025/05/30 09:06:51 ⏳ Waiting for container id ad81bedbed0d image: nats:2.10-alpine. Waiting for: &{timeout:<nil> deadline:0xc000e77508 Strategies:[0xc000859140 0xc0007030e0]}
2025/05/30 09:06:53 🔔 Container is ready: ad81bedbed0d
2025/05/30 09:06:53 NATS container started with resource limits. URL: nats://localhost:34217
Creating user table...
User table created successfully!
2025/05/30 09:06:53 Ran user migrations group #1
Creating round table...
Round table created successfully!
2025/05/30 09:06:53 Ran round migrations group #2
Creating score table...
Score table created successfully!
2025/05/30 09:06:53 Ran score migrations group #3
Creating leaderboard table...
Leaderboard table created successfully!
2025/05/30 09:06:53 Ran leaderboard migrations group #4
2025/05/30 09:06:53 All migrations ran successfully
2025/05/30 09:06:53 newDBServiceWithDB - Registering models
2025/05/30 09:06:53 newDBServiceWithDB - Models registered successfully
2025/05/30 09:06:53 newDBServiceWithDB - DBService initialized: &{UserDB:0xc0004168c0 RoundDB:0xc0004168c8 ScoreDB:0xc0004168d0 LeaderboardDB:0xc0004168e0 db:0xc000909640}
2025/05/30 09:06:53 Truncating tables: users
2025/05/30 09:06:54 Truncating tables: users
    user_role_test.go:249: Waiting for 1 messages on topic "discord.user.role.update.failed" with timeout 5s
2025/05/30 09:06:54 Test received message a4879ae1-67d1-4730-b04f-a373947fd221 on topic "discord.user.role.update.failed"
    user_role_test.go:249: Successfully received 1 messages on topic "discord.user.role.update.failed"
2025/05/30 09:06:54 Test Case "TestHandleUserRoleUpdateRequest/Failure_-_invalid_role": Canceling subscription context.
2025/05/30 09:06:54 Test Case "TestHandleUserRoleUpdateRequest/Failure_-_invalid_role": Waiting for subscriber goroutines to finish.
2025/05/30 09:06:54 Test Case "TestHandleUserRoleUpdateRequest/Failure_-_invalid_role": Subscriber goroutines finished.
2025/05/30 09:06:54 Running user handler test cleanup...
2025/05/30 09:06:55 Error closing User module: error closing UserRouter: router close timeout
2025/05/30 09:06:55 User handler router goroutine finished.
2025/05/30 09:06:55 User handler test cleanup finished.
2025/05/30 09:06:55 Cleaning up test environment...
2025/05/30 09:06:55 Context cancelled.
2025/05/30 09:06:55 EventBus closed.
2025/05/30 09:06:55 NATS connection closed.
2025/05/30 09:06:55 DB connection closed.
2025/05/30 09:06:55 🐳 Stopping container: ad81bedbed0d
2025/05/30 09:06:56 ✅ Container stopped: ad81bedbed0d
2025/05/30 09:06:56 🐳 Terminating container: ad81bedbed0d
2025/05/30 09:06:56 🚫 Container terminated: ad81bedbed0d
2025/05/30 09:06:56 NATS container terminated.
2025/05/30 09:06:56 🐳 Stopping container: 13bf3359785b
2025/05/30 09:06:56 ✅ Container stopped: 13bf3359785b
2025/05/30 09:06:56 🐳 Terminating container: 13bf3359785b
2025/05/30 09:06:56 🚫 Container terminated: 13bf3359785b
2025/05/30 09:06:56 PostgreSQL container terminated.
2025/05/30 09:06:56 Cleanup complete.
=== RUN   TestHandleUserRoleUpdateRequest/Failure_-_user_not_found
2025/05/30 09:06:56 Starting PostgreSQL container with resource limits...
2025/05/30 09:06:56 🐳 Creating container for image postgres:16-alpine
2025/05/30 09:06:56 ✅ Container created: 81da6a938ba6
2025/05/30 09:06:56 🐳 Starting container: 81da6a938ba6
2025/05/30 09:06:57 ✅ Container started: 81da6a938ba6
2025/05/30 09:06:57 ⏳ Waiting for container id 81da6a938ba6 image: postgres:16-alpine. Waiting for: &{timeout:<nil> deadline:0xc000e77b68 Strategies:[0xc000419dd0]}
2025/05/30 09:07:00 🔔 Container is ready: 81da6a938ba6
2025/05/30 09:07:00 PostgreSQL container started with resource limits and init script. URL: postgres://testuser:testpass@localhost:34222/testdb?sslmode=disable
2025/05/30 09:07:00 Starting NATS container with resource limits...
2025/05/30 09:07:00 🐳 Creating container for image nats:2.10-alpine
2025/05/30 09:07:00 ✅ Container created: d05de37c1a7e
2025/05/30 09:07:00 🐳 Starting container: d05de37c1a7e
2025/05/30 09:07:00 ✅ Container started: d05de37c1a7e
2025/05/30 09:07:00 ⏳ Waiting for container id d05de37c1a7e image: nats:2.10-alpine. Waiting for: &{timeout:<nil> deadline:0xc000f8a148 Strategies:[0xc000ca96e0 0xc000ded620]}
2025/05/30 09:07:03 🔔 Container is ready: d05de37c1a7e
2025/05/30 09:07:03 NATS container started with resource limits. URL: nats://localhost:34227
Creating score table...
Score table created successfully!
2025/05/30 09:07:03 Ran score migrations group #1
Creating leaderboard table...
Leaderboard table created successfully!
2025/05/30 09:07:03 Ran leaderboard migrations group #2
Creating user table...
User table created successfully!
2025/05/30 09:07:03 Ran user migrations group #3
Creating round table...
Round table created successfully!
2025/05/30 09:07:03 Ran round migrations group #4
2025/05/30 09:07:03 All migrations ran successfully
2025/05/30 09:07:03 newDBServiceWithDB - Registering models
2025/05/30 09:07:03 newDBServiceWithDB - Models registered successfully
2025/05/30 09:07:03 newDBServiceWithDB - DBService initialized: &{UserDB:0xc000310758 RoundDB:0xc000310760 ScoreDB:0xc000310768 LeaderboardDB:0xc000310770 db:0xc0005cb940}
2025/05/30 09:07:03 Truncating tables: users
2025/05/30 09:07:03 Truncating tables: users
    user_role_test.go:249: Waiting for 1 messages on topic "discord.user.role.update.failed" with timeout 5s
2025/05/30 09:07:04 Test received message 19549853-807e-4457-a0ff-a0b59f6ccce7 on topic "discord.user.role.update.failed"
    user_role_test.go:249: Successfully received 1 messages on topic "discord.user.role.update.failed"
2025/05/30 09:07:04 Test Case "TestHandleUserRoleUpdateRequest/Failure_-_user_not_found": Canceling subscription context.
2025/05/30 09:07:04 Test Case "TestHandleUserRoleUpdateRequest/Failure_-_user_not_found": Waiting for subscriber goroutines to finish.
2025/05/30 09:07:04 Test Case "TestHandleUserRoleUpdateRequest/Failure_-_user_not_found": Subscriber goroutines finished.
2025/05/30 09:07:04 Running user handler test cleanup...
2025/05/30 09:07:05 Error closing User module: error closing UserRouter: router close timeout
2025/05/30 09:07:05 User handler router goroutine finished.
2025/05/30 09:07:05 User handler test cleanup finished.
2025/05/30 09:07:05 Cleaning up test environment...
2025/05/30 09:07:05 Context cancelled.
2025/05/30 09:07:05 EventBus closed.
2025/05/30 09:07:05 NATS connection closed.
2025/05/30 09:07:05 DB connection closed.
2025/05/30 09:07:05 🐳 Stopping container: d05de37c1a7e
2025/05/30 09:07:05 ✅ Container stopped: d05de37c1a7e
2025/05/30 09:07:05 🐳 Terminating container: d05de37c1a7e
2025/05/30 09:07:05 🚫 Container terminated: d05de37c1a7e
2025/05/30 09:07:05 NATS container terminated.
2025/05/30 09:07:05 🐳 Stopping container: 81da6a938ba6
2025/05/30 09:07:06 ✅ Container stopped: 81da6a938ba6
2025/05/30 09:07:06 🐳 Terminating container: 81da6a938ba6
2025/05/30 09:07:06 🚫 Container terminated: 81da6a938ba6
2025/05/30 09:07:06 PostgreSQL container terminated.
2025/05/30 09:07:06 Cleanup complete.
--- PASS: TestHandleUserRoleUpdateRequest (25.90s)
    --- PASS: TestHandleUserRoleUpdateRequest/Success_-_role_updated (7.70s)
    --- PASS: TestHandleUserRoleUpdateRequest/Failure_-_invalid_role (8.58s)
    --- PASS: TestHandleUserRoleUpdateRequest/Failure_-_user_not_found (9.62s)
PASS
coverage: 8.6% of statements in ./app/...
2025/05/30 09:07:06 TestMain: finished with exit code: 0
ok  	github.com/Black-And-White-Club/frolf-bot/integration_tests/modules/user/handler_tests	135.409s	coverage: 8.6% of statements in ./app/...
?   	github.com/Black-And-White-Club/frolf-bot/integration_tests/testutils	[no test files]
FAIL
